c[?7l[2J[0mSeaBIOS (version 1.16.0-debian-1.16.0-4)
Booting from ROM...
early console in setup code
c[?7l[2J[    0.000000] Linux version 5.10.158+ (root@joelboxx.c.googlers.com) (gcc (Debian 12.2.0-3) 12.2.0, GNU ld (GNU Binutils for Debian) 2.39) #14 Tue Dec 13 22:54:19 UTC 2022
[    0.000000] Command line: selinux=0 initcall_debug debug console=ttyS0 rcutorture.torture_type=srcu rcutorture.n_barrier_cbs=4 rcutorture.stat_interval=15 rcutorture.shutdown_secs=3600 rcutorture.test_no_idle_hz=1 rcutorture.verbose=1
[    0.000000] x86/fpu: x87 FPU will use FXSAVE
[    0.000000] BIOS-provided physical RAM map:
[    0.000000] BIOS-e820: [mem 0x0000000000000000-0x000000000009fbff] usable
[    0.000000] BIOS-e820: [mem 0x000000000009fc00-0x000000000009ffff] reserved
[    0.000000] BIOS-e820: [mem 0x00000000000f0000-0x00000000000fffff] reserved
[    0.000000] BIOS-e820: [mem 0x0000000000100000-0x000000001ffdefff] usable
[    0.000000] BIOS-e820: [mem 0x000000001ffdf000-0x000000001fffffff] reserved
[    0.000000] BIOS-e820: [mem 0x00000000b0000000-0x00000000bfffffff] reserved
[    0.000000] BIOS-e820: [mem 0x00000000fed1c000-0x00000000fed1ffff] reserved
[    0.000000] BIOS-e820: [mem 0x00000000feffc000-0x00000000feffffff] reserved
[    0.000000] BIOS-e820: [mem 0x00000000fffc0000-0x00000000ffffffff] reserved
[    0.000000] NX (Execute Disable) protection: active
[    0.000000] SMBIOS 2.8 present.
[    0.000000] DMI: QEMU Standard PC (Q35 + ICH9, 2009), BIOS 1.16.0-debian-1.16.0-4 04/01/2014
[    0.000000] Hypervisor detected: KVM
[    0.000000] kvm-clock: Using msrs 4b564d01 and 4b564d00
[    0.000000] kvm-clock: cpu 0, msr 663d001, primary cpu clock
[    0.000001] kvm-clock: using sched offset of 2217530936 cycles
[    0.000574] clocksource: kvm-clock: mask: 0xffffffffffffffff max_cycles: 0x1cd42e4dffb, max_idle_ns: 881590591483 ns
[    0.000691] tsc: Detected 1999.999 MHz processor
[    0.013482] e820: update [mem 0x00000000-0x00000fff] usable ==> reserved
[    0.013487] e820: remove [mem 0x000a0000-0x000fffff] usable
[    0.013494] last_pfn = 0x1ffdf max_arch_pfn = 0x400000000
[    0.014506] MTRR default type: write-back
[    0.014686] MTRR fixed ranges enabled:
[    0.014688]   00000-9FFFF write-back
[    0.014690]   A0000-BFFFF uncachable
[    0.014691]   C0000-FFFFF write-protect
[    0.014691] MTRR variable ranges enabled:
[    0.014693]   0 base 00C0000000 mask FFC0000000 uncachable
[    0.014694]   1 disabled
[    0.014695]   2 disabled
[    0.014695]   3 disabled
[    0.014696]   4 disabled
[    0.014697]   5 disabled
[    0.014697]   6 disabled
[    0.014698]   7 disabled
[    0.015280] x86/PAT: Configuration [0-7]: WB  WC  UC- UC  WB  WC  UC- UC  
[    0.025708] found SMP MP-table at [mem 0x000f5ba0-0x000f5baf]
[    0.029281] check: Scanning 1 areas for low memory corruption
[    0.047043] ACPI: Early table checksum verification disabled
[    0.050542] ACPI: RSDP 0x00000000000F59E0 000014 (v00 BOCHS )
[    0.051070] ACPI: RSDT 0x000000001FFE229A 000038 (v01 BOCHS  BXPC     00000001 BXPC 00000001)
[    0.051583] ACPI: FACP 0x000000001FFE2092 0000F4 (v03 BOCHS  BXPC     00000001 BXPC 00000001)
[    0.051680] ACPI: DSDT 0x000000001FFE0040 002052 (v01 BOCHS  BXPC     00000001 BXPC 00000001)
[    0.051690] ACPI: FACS 0x000000001FFE0000 000040
[    0.051695] ACPI: APIC 0x000000001FFE2186 000078 (v01 BOCHS  BXPC     00000001 BXPC 00000001)
[    0.051699] ACPI: HPET 0x000000001FFE21FE 000038 (v01 BOCHS  BXPC     00000001 BXPC 00000001)
[    0.051704] ACPI: MCFG 0x000000001FFE2236 00003C (v01 BOCHS  BXPC     00000001 BXPC 00000001)
[    0.051707] ACPI: WAET 0x000000001FFE2272 000028 (v01 BOCHS  BXPC     00000001 BXPC 00000001)
[    0.051711] ACPI: Reserving FACP table memory at [mem 0x1ffe2092-0x1ffe2185]
[    0.051713] ACPI: Reserving DSDT table memory at [mem 0x1ffe0040-0x1ffe2091]
[    0.051714] ACPI: Reserving FACS table memory at [mem 0x1ffe0000-0x1ffe003f]
[    0.051715] ACPI: Reserving APIC table memory at [mem 0x1ffe2186-0x1ffe21fd]
[    0.051716] ACPI: Reserving HPET table memory at [mem 0x1ffe21fe-0x1ffe2235]
[    0.051717] ACPI: Reserving MCFG table memory at [mem 0x1ffe2236-0x1ffe2271]
[    0.051718] ACPI: Reserving WAET table memory at [mem 0x1ffe2272-0x1ffe2299]
[    0.053134] ACPI: Local APIC address 0xfee00000
[    0.055982] Zone ranges:
[    0.056232]   DMA      [mem 0x0000000000001000-0x0000000000ffffff]
[    0.056499]   DMA32    [mem 0x0000000001000000-0x000000001ffdefff]
[    0.056635]   Normal   empty
[    0.056636] Movable zone start for each node
[    0.056637] Early memory node ranges
[    0.056638]   node   0: [mem 0x0000000000001000-0x000000000009efff]
[    0.056732]   node   0: [mem 0x0000000000100000-0x000000001ffdefff]
[    0.056837] Initmem setup node 0 [mem 0x0000000000001000-0x000000001ffdefff]
[    0.056838] On node 0 totalpages: 130941
[    0.057051]   DMA zone: 64 pages used for memmap
[    0.057052]   DMA zone: 21 pages reserved
[    0.057184]   DMA zone: 3998 pages, LIFO batch:0
[    0.057185]   DMA32 zone: 1984 pages used for memmap
[    0.057186]   DMA32 zone: 126943 pages, LIFO batch:31
[    0.096040] On node 0, zone DMA: 1 pages in unavailable ranges
[    0.103583] On node 0, zone DMA: 97 pages in unavailable ranges
[    0.477807] On node 0, zone DMA32: 33 pages in unavailable ranges
[    0.481555] ACPI: PM-Timer IO Port: 0x608
[    0.481559] ACPI: Local APIC address 0xfee00000
[    0.481939] ACPI: LAPIC_NMI (acpi_id[0xff] dfl dfl lint[0x1])
[    0.483750] IOAPIC[0]: apic_id 0, version 17, address 0xfec00000, GSI 0-23
[    0.483848] ACPI: INT_SRC_OVR (bus 0 bus_irq 0 global_irq 2 dfl dfl)
[    0.484023] ACPI: INT_SRC_OVR (bus 0 bus_irq 5 global_irq 5 high level)
[    0.484024] ACPI: INT_SRC_OVR (bus 0 bus_irq 9 global_irq 9 high level)
[    0.484212] ACPI: INT_SRC_OVR (bus 0 bus_irq 10 global_irq 10 high level)
[    0.484213] ACPI: INT_SRC_OVR (bus 0 bus_irq 11 global_irq 11 high level)
[    0.484215] ACPI: IRQ0 used by override.
[    0.484216] ACPI: IRQ5 used by override.
[    0.484217] ACPI: IRQ9 used by override.
[    0.484218] ACPI: IRQ10 used by override.
[    0.484219] ACPI: IRQ11 used by override.
[    0.484221] Using ACPI (MADT) for SMP configuration information
[    0.484223] ACPI: HPET id: 0x8086a201 base: 0xfed00000
[    0.485604] kvm-guest: stealtime: cpu 0, msr 5e4d780
[    0.487035] PM: hibernation: Registered nosave memory: [mem 0x00000000-0x00000fff]
[    0.487037] PM: hibernation: Registered nosave memory: [mem 0x0009f000-0x0009ffff]
[    0.487038] PM: hibernation: Registered nosave memory: [mem 0x000a0000-0x000effff]
[    0.487039] PM: hibernation: Registered nosave memory: [mem 0x000f0000-0x000fffff]
[    0.487135] [mem 0x20000000-0xafffffff] available for PCI devices
[    0.487227] Booting paravirtualized kernel on KVM
[    0.488111] clocksource: refined-jiffies: mask: 0xffffffff max_cycles: 0xffffffff, max_idle_ns: 1910969940391419 ns
[    0.544416] pcpu-alloc: s0 r0 d32768 u32768 alloc=1*32768
[    0.544635] pcpu-alloc: [0] 0 
[    0.545085] Built 1 zonelists, mobility grouping on.  Total pages: 128872
[    0.545388] Kernel command line: selinux=0 initcall_debug debug console=ttyS0 rcutorture.torture_type=srcu rcutorture.n_barrier_cbs=4 rcutorture.stat_interval=15 rcutorture.shutdown_secs=3600 rcutorture.test_no_idle_hz=1 rcutorture.verbose=1
[    0.558286] Dentry cache hash table entries: 65536 (order: 7, 524288 bytes, linear)
[    0.558327] Inode-cache hash table entries: 32768 (order: 6, 262144 bytes, linear)
[    0.559979] mem auto-init: stack:all(zero), heap alloc:off, heap free:off
[    0.598811] Memory: 481560K/523764K available (14349K kernel code, 2612K rwdata, 4588K rodata, 1236K init, 1900K bss, 41944K reserved, 0K cma-reserved)
[    0.602013] SLUB: HWalign=64, Order=0-3, MinObjects=0, CPUs=1, Nodes=1
[    0.602864] Kernel/User page tables isolation: enabled
[    0.746310] NR_IRQS: 4352, nr_irqs: 256, preallocated irqs: 16
[    0.753778] calling  con_init+0x0/0x22a @ 0
[    0.999138] Console: colour VGA+ 80x25
[    0.999150] initcall con_init+0x0/0x22a returned 0 after 0 usecs
[    0.999154] calling  hvc_console_init+0x0/0x13 @ 0
[    0.999263] initcall hvc_console_init+0x0/0x13 returned 0 after 0 usecs
[    0.999265] calling  univ8250_console_init+0x0/0x26 @ 0
[    1.823629] printk: console [ttyS0] enabled
[    1.829179] initcall univ8250_console_init+0x0/0x26 returned 0 after 0 usecs
[    1.838245] ACPI: Core revision 20200925
[    1.846362] clocksource: hpet: mask: 0xffffffff max_cycles: 0xffffffff, max_idle_ns: 19112604467 ns
[    1.861781] APIC: Switch to symmetric I/O mode setup
[    1.906941] ..TIMER: vector=0x30 apic1=0 pin1=2 apic2=-1 pin2=-1
[    1.914995] clocksource: tsc-early: mask: 0xffffffffffffffff max_cycles: 0x39a85afc727, max_idle_ns: 881590685098 ns
[    1.928281] Calibrating delay loop (skipped) preset value.. 3999.99 BogoMIPS (lpj=1999999)
[    1.929218] pid_max: default: 32768 minimum: 301
[    1.930743] LSM: Security Framework initializing
[    1.933477] Mount-cache hash table entries: 1024 (order: 1, 8192 bytes, linear)
[    1.934498] Mountpoint-cache hash table entries: 1024 (order: 1, 8192 bytes, linear)
[    1.958940] Last level iTLB entries: 4KB 0, 2MB 0, 4MB 0
[    1.959216] Last level dTLB entries: 4KB 0, 2MB 0, 4MB 0, 1GB 0
[    1.960218] CPU: Intel Common KVM processor (family: 0xf, model: 0x6, stepping: 0x1)
[    1.961334] Spectre V1 : Mitigation: usercopy/swapgs barriers and __user pointer sanitization
[    1.962217] Spectre V2 : Mitigation: Retpolines
[    1.963253] Spectre V2 : Spectre v2 / SpectreRSB mitigation: Filling RSB on context switch
[    1.964214] Spectre V2 : Spectre v2 / SpectreRSB : Filling RSB on VMEXIT
[    1.966214] Speculative Store Bypass: Vulnerable
[    1.967342] MDS: Vulnerable: Clear CPU buffers attempted, no microcode
[    1.968214] MMIO Stale Data: Unknown: No mitigations
[    2.200765] calling  init_hw_perf_events+0x0/0x6ce @ 1
[    2.201216] Performance Events: unsupported Netburst CPU model 6 no PMU driver, software events only.
[    2.202223] initcall init_hw_perf_events+0x0/0x6ce returned 0 after 976 usecs
[    2.203223] calling  init_real_mode+0x0/0x1e9 @ 1
[    2.206637] initcall init_real_mode+0x0/0x1e9 returned 0 after 1953 usecs
[    2.207220] calling  trace_init_perf_perm_irq_work_exit+0x0/0x12 @ 1
[    2.208218] initcall trace_init_perf_perm_irq_work_exit+0x0/0x12 returned 0 after 0 usecs
[    2.209285] calling  validate_x2apic+0x0/0x4a @ 1
[    2.210250] initcall validate_x2apic+0x0/0x4a returned 0 after 0 usecs
[    2.211221] calling  register_nmi_cpu_backtrace_handler+0x0/0x15 @ 1
[    2.212219] initcall register_nmi_cpu_backtrace_handler+0x0/0x15 returned 0 after 0 usecs
[    2.213218] calling  kvm_setup_vsyscall_timeinfo+0x0/0x34 @ 1
[    2.215218] initcall kvm_setup_vsyscall_timeinfo+0x0/0x34 returned 0 after 0 usecs
[    2.216284] calling  spawn_ksoftirqd+0x0/0x34 @ 1
[    2.217540] initcall spawn_ksoftirqd+0x0/0x34 returned 0 after 0 usecs
[    2.218293] calling  trace_init_flags_sys_enter+0x0/0xe @ 1
[    2.220220] initcall trace_init_flags_sys_enter+0x0/0xe returned 0 after 0 usecs
[    2.221218] calling  trace_init_flags_sys_exit+0x0/0xe @ 1
[    2.222218] initcall trace_init_flags_sys_exit+0x0/0xe returned 0 after 0 usecs
[    2.224217] calling  init_kprobes+0x0/0x14d @ 1
[    2.228561] initcall init_kprobes+0x0/0x14d returned 0 after 2929 usecs
[    2.229218] calling  init_events+0x0/0x3d @ 1
[    2.230231] initcall init_events+0x0/0x3d returned 0 after 0 usecs
[    2.231218] calling  init_trace_printk+0x0/0xc @ 1
[    2.232219] initcall init_trace_printk+0x0/0xc returned 0 after 0 usecs
[    2.234218] calling  event_trace_enable_again+0x0/0x23 @ 1
[    2.235218] initcall event_trace_enable_again+0x0/0x23 returned 0 after 0 usecs
[    2.236217] calling  static_call_init+0x0/0x6d @ 1
[    2.237216] initcall static_call_init+0x0/0x6d returned 0 after 0 usecs
[    2.238216] calling  jump_label_init_module+0x0/0xc @ 1
[    2.239217] initcall jump_label_init_module+0x0/0xc returned 0 after 0 usecs
[    2.240216] calling  init_zero_pfn+0x0/0x37 @ 1
[    2.241217] initcall init_zero_pfn+0x0/0x37 returned 0 after 0 usecs
[    2.242219] calling  initialize_ptr_random+0x0/0x54 @ 1
[    2.243219] initcall initialize_ptr_random+0x0/0x54 returned 0 after 0 usecs
[    2.244219] calling  efi_memreserve_root_init+0x0/0x25 @ 1
[    2.245300] initcall efi_memreserve_root_init+0x0/0x25 returned 0 after 0 usecs
[    2.246229] calling  efi_earlycon_remap_fb+0x0/0x51 @ 1
[    2.247219] initcall efi_earlycon_remap_fb+0x0/0x51 returned 0 after 0 usecs
[    2.352551] devtmpfs: initialized
[    2.356830] calling  ipc_ns_init+0x0/0x3d @ 1
[    2.357334] initcall ipc_ns_init+0x0/0x3d returned 0 after 0 usecs
[    2.358219] calling  init_mmap_min_addr+0x0/0x21 @ 1
[    2.359220] initcall init_mmap_min_addr+0x0/0x21 returned 0 after 0 usecs
[    2.360220] calling  pci_realloc_setup_params+0x0/0x3f @ 1
[    2.361218] initcall pci_realloc_setup_params+0x0/0x3f returned 0 after 0 usecs
[    2.362299] calling  net_ns_init+0x0/0x128 @ 1
[    2.363692] initcall net_ns_init+0x0/0x128 returned 0 after 0 usecs
[    2.364235] calling  e820__register_nvs_regions+0x0/0x37 @ 1
[    2.365218] initcall e820__register_nvs_regions+0x0/0x37 returned 0 after 0 usecs
[    2.366216] calling  cpufreq_register_tsc_scaling+0x0/0x2e @ 1
[    2.368218] initcall cpufreq_register_tsc_scaling+0x0/0x2e returned 0 after 0 usecs
[    2.369220] calling  reboot_init+0x0/0x3c @ 1
[    2.370376] initcall reboot_init+0x0/0x3c returned 0 after 0 usecs
[    2.371219] calling  init_lapic_sysfs+0x0/0x20 @ 1
[    2.372220] initcall init_lapic_sysfs+0x0/0x20 returned 0 after 0 usecs
[    2.373221] calling  wq_sysfs_init+0x0/0x2a @ 1
[    2.374767] initcall wq_sysfs_init+0x0/0x2a returned 0 after 0 usecs
[    2.376218] calling  ksysfs_init+0x0/0x92 @ 1
[    2.377229] initcall ksysfs_init+0x0/0x92 returned 0 after 0 usecs
[    2.378218] calling  pm_init+0x0/0x76 @ 1
[    2.379396] initcall pm_init+0x0/0x76 returned 0 after 0 usecs
[    2.380293] calling  pm_disk_init+0x0/0x13 @ 1
[    2.381285] initcall pm_disk_init+0x0/0x13 returned 0 after 0 usecs
[    2.382218] calling  swsusp_header_init+0x0/0x2b @ 1
[    2.383221] initcall swsusp_header_init+0x0/0x2b returned 0 after 0 usecs
[    2.384218] calling  rcu_set_runtime_mode+0x0/0x11 @ 1
[    2.385220] initcall rcu_set_runtime_mode+0x0/0x11 returned 0 after 0 usecs
[    2.386217] calling  init_jiffies_clocksource+0x0/0x13 @ 1
[    2.387216] clocksource: jiffies: mask: 0xffffffff max_cycles: 0xffffffff, max_idle_ns: 1911260446275000 ns
[    2.388220] initcall init_jiffies_clocksource+0x0/0x13 returned 0 after 976 usecs
[    2.389219] calling  futex_init+0x0/0xf4 @ 1
[    2.390218] futex hash table entries: 256 (order: 0, 6144 bytes, linear)
[    2.391445] initcall futex_init+0x0/0xf4 returned 0 after 976 usecs
[    2.392217] calling  cgroup_wq_init+0x0/0x28 @ 1
[    2.393221] initcall cgroup_wq_init+0x0/0x28 returned 0 after 0 usecs
[    2.394217] calling  cgroup1_wq_init+0x0/0x28 @ 1
[    2.395220] initcall cgroup1_wq_init+0x0/0x28 returned 0 after 0 usecs
[    2.396241] calling  init_kprobe_trace_early+0x0/0x2a @ 1
[    2.397218] initcall init_kprobe_trace_early+0x0/0x2a returned 0 after 0 usecs
[    2.398217] calling  fsnotify_init+0x0/0x48 @ 1
[    2.399226] initcall fsnotify_init+0x0/0x48 returned 0 after 0 usecs
[    2.400215] calling  filelock_init+0x0/0x60 @ 1
[    2.401225] initcall filelock_init+0x0/0x60 returned 0 after 0 usecs
[    2.402218] calling  init_misc_binfmt+0x0/0x2c @ 1
[    2.403220] initcall init_misc_binfmt+0x0/0x2c returned 0 after 0 usecs
[    2.404219] calling  init_script_binfmt+0x0/0x15 @ 1
[    2.406210] initcall init_script_binfmt+0x0/0x15 returned 0 after 0 usecs
[    2.407222] calling  init_elf_binfmt+0x0/0x15 @ 1
[    2.408219] initcall init_elf_binfmt+0x0/0x15 returned 0 after 0 usecs
[    2.409217] calling  init_compat_elf_binfmt+0x0/0x15 @ 1
[    2.410217] initcall init_compat_elf_binfmt+0x0/0x15 returned 0 after 0 usecs
[    2.411439] calling  debugfs_init+0x0/0x5c @ 1
[    2.412250] initcall debugfs_init+0x0/0x5c returned 0 after 0 usecs
[    2.413217] calling  tracefs_init+0x0/0x3a @ 1
[    2.414222] initcall tracefs_init+0x0/0x3a returned 0 after 0 usecs
[    2.415218] calling  prandom_init_early+0x0/0x111 @ 1
[    2.416217] initcall prandom_init_early+0x0/0x111 returned 0 after 0 usecs
[    2.417327] calling  virtio_init+0x0/0x20 @ 1
[    2.418259] initcall virtio_init+0x0/0x20 returned 0 after 0 usecs
[    2.419218] calling  iommu_init+0x0/0x2a @ 1
[    2.420224] initcall iommu_init+0x0/0x2a returned 0 after 0 usecs
[    2.421218] calling  component_debug_init+0x0/0x1c @ 1
[    2.422266] initcall component_debug_init+0x0/0x1c returned 0 after 0 usecs
[    2.424222] calling  early_resume_init+0x0/0xb9 @ 1
[    2.426215] PM: RTC time: 23:01:22, date: 2022-12-13
[    2.427223] initcall early_resume_init+0x0/0xb9 returned 0 after 1953 usecs
[    2.428222] calling  cpufreq_core_init+0x0/0x62 @ 1
[    2.429298] initcall cpufreq_core_init+0x0/0x62 returned 0 after 0 usecs
[    2.431221] calling  cpufreq_gov_performance_init+0x0/0xc @ 1
[    2.432221] initcall cpufreq_gov_performance_init+0x0/0xc returned 0 after 0 usecs
[    2.433220] calling  cpufreq_gov_userspace_init+0x0/0xc @ 1
[    2.434224] initcall cpufreq_gov_userspace_init+0x0/0xc returned 0 after 0 usecs
[    2.435219] calling  CPU_FREQ_GOV_ONDEMAND_init+0x0/0xc @ 1
[    2.436222] initcall CPU_FREQ_GOV_ONDEMAND_init+0x0/0xc returned 0 after 0 usecs
[    2.437219] calling  cpuidle_init+0x0/0x1f @ 1
[    2.438344] initcall cpuidle_init+0x0/0x1f returned 0 after 0 usecs
[    2.439219] calling  capsule_reboot_register+0x0/0xc @ 1
[    2.440234] initcall capsule_reboot_register+0x0/0xc returned 0 after 0 usecs
[    2.441218] calling  sock_init+0x0/0x93 @ 1
[    2.442434] initcall sock_init+0x0/0x93 returned 0 after 0 usecs
[    2.443219] calling  net_inuse_init+0x0/0x23 @ 1
[    2.444226] initcall net_inuse_init+0x0/0x23 returned 0 after 0 usecs
[    2.445218] calling  net_defaults_init+0x0/0x23 @ 1
[    2.446218] initcall net_defaults_init+0x0/0x23 returned 0 after 0 usecs
[    2.447216] calling  init_default_flow_dissectors+0x0/0x4f @ 1
[    2.448217] initcall init_default_flow_dissectors+0x0/0x4f returned 0 after 0 usecs
[    2.449216] calling  netpoll_init+0x0/0x25 @ 1
[    2.450216] initcall netpoll_init+0x0/0x25 returned 0 after 0 usecs
[    2.451217] calling  netlink_proto_init+0x0/0x14f @ 1
[    2.452562] NET: Registered protocol family 16
[    2.453251] initcall netlink_proto_init+0x0/0x14f returned 0 after 976 usecs
[    2.454216] calling  genl_init+0x0/0x35 @ 1
[    2.455225] initcall genl_init+0x0/0x35 returned 0 after 0 usecs
[    2.456216] calling  bsp_pm_check_init+0x0/0x13 @ 1
[    2.457216] initcall bsp_pm_check_init+0x0/0x13 returned 0 after 0 usecs
[    2.458230] calling  irq_sysfs_init+0x0/0xb7 @ 1
[    2.459309] initcall irq_sysfs_init+0x0/0xb7 returned 0 after 0 usecs
[    2.460217] calling  audit_init+0x0/0x15d @ 1
[    2.461222] audit: initializing netlink subsys (disabled)
[    2.462323] initcall audit_init+0x0/0x15d returned 0 after 976 usecs
[    2.463216] calling  release_early_probes+0x0/0x32 @ 1
[    2.465216] initcall release_early_probes+0x0/0x32 returned 0 after 0 usecs
[    2.466218] calling  bdi_class_init+0x0/0x48 @ 1
[    2.467243] initcall bdi_class_init+0x0/0x48 returned 0 after 0 usecs
[    2.468219] calling  mm_sysfs_init+0x0/0x28 @ 1
[    2.469228] initcall mm_sysfs_init+0x0/0x28 returned 0 after 0 usecs
[    2.470219] calling  init_per_zone_wmark_min+0x0/0x5e @ 1
[    2.471220] initcall init_per_zone_wmark_min+0x0/0x5e returned 0 after 0 usecs
[    2.472218] calling  mpi_init+0x0/0x3e @ 1
[    2.473255] initcall mpi_init+0x0/0x3e returned 0 after 0 usecs
[    2.474216] calling  kobject_uevent_init+0x0/0xc @ 1
[    2.475292] initcall kobject_uevent_init+0x0/0xc returned 0 after 0 usecs
[    2.476219] calling  pcibus_class_init+0x0/0x13 @ 1
[    2.477234] initcall pcibus_class_init+0x0/0x13 returned 0 after 0 usecs
[    2.478244] calling  pci_driver_init+0x0/0x21 @ 1
[    2.479255] initcall pci_driver_init+0x0/0x21 returned 0 after 0 usecs
[    2.480218] calling  backlight_class_init+0x0/0xa8 @ 1
[    2.481268] initcall backlight_class_init+0x0/0xa8 returned 0 after 0 usecs
[    2.482220] calling  tty_class_init+0x0/0x33 @ 1
[    2.483231] initcall tty_class_init+0x0/0x33 returned 0 after 0 usecs
[    2.484217] calling  vtconsole_class_init+0x0/0xb5 @ 1
[    2.485281] initcall vtconsole_class_init+0x0/0xb5 returned 0 after 0 usecs
[    2.486216] calling  iommu_dev_init+0x0/0x13 @ 1
[    2.487238] initcall iommu_dev_init+0x0/0x13 returned 0 after 0 usecs
[    2.488217] calling  mipi_dsi_bus_init+0x0/0xc @ 1
[    2.489244] initcall mipi_dsi_bus_init+0x0/0xc returned 0 after 0 usecs
[    2.490216] calling  devlink_class_init+0x0/0x40 @ 1
[    2.491225] initcall devlink_class_init+0x0/0x40 returned 0 after 0 usecs
[    2.492219] calling  software_node_init+0x0/0x2a @ 1
[    2.493224] initcall software_node_init+0x0/0x2a returned 0 after 0 usecs
[    2.494217] calling  wakeup_sources_debugfs_init+0x0/0x23 @ 1
[    2.495231] initcall wakeup_sources_debugfs_init+0x0/0x23 returned 0 after 0 usecs
[    2.496221] calling  wakeup_sources_sysfs_init+0x0/0x2c @ 1
[    2.497235] initcall wakeup_sources_sysfs_init+0x0/0x2c returned 0 after 0 usecs
[    2.498218] calling  regmap_initcall+0x0/0xc @ 1
[    2.499225] initcall regmap_initcall+0x0/0xc returned 0 after 0 usecs
[    2.500216] calling  i2c_init+0x0/0xb3 @ 1
[    2.501288] initcall i2c_init+0x0/0xb3 returned 0 after 0 usecs
[    2.502217] calling  thermal_init+0x0/0xf2 @ 1
[    2.503229] thermal_sys: Registered thermal governor 'step_wise'
[    2.503230] thermal_sys: Registered thermal governor 'user_space'
[    2.504228] initcall thermal_init+0x0/0xf2 returned 0 after 976 usecs
[    2.506218] calling  init_menu+0x0/0xc @ 1
[    2.507215] cpuidle: using governor menu
[    2.508216] initcall init_menu+0x0/0xc returned 0 after 976 usecs
[    2.509216] calling  pcc_init+0x0/0x4d @ 1
[    2.510217] initcall pcc_init+0x0/0x4d returned -19 after 0 usecs
[    2.511218] calling  amd_postcore_init+0x0/0x11e @ 1
[    2.512218] initcall amd_postcore_init+0x0/0x11e returned 0 after 0 usecs
[    2.513236] calling  bts_init+0x0/0xba @ 1
[    2.514217] initcall bts_init+0x0/0xba returned -19 after 0 usecs
[    2.515217] calling  pt_init+0x0/0x2ef @ 1
[    2.516217] initcall pt_init+0x0/0x2ef returned -19 after 0 usecs
[    2.517217] calling  boot_params_ksysfs_init+0x0/0x2ee @ 1
[    2.518239] initcall boot_params_ksysfs_init+0x0/0x2ee returned 0 after 0 usecs
[    2.519216] calling  sbf_init+0x0/0xd1 @ 1
[    2.520225] initcall sbf_init+0x0/0xd1 returned 0 after 0 usecs
[    2.521218] calling  arch_kdebugfs_init+0x0/0x219 @ 1
[    2.522237] initcall arch_kdebugfs_init+0x0/0x219 returned 0 after 0 usecs
[    2.523217] calling  intel_pconfig_init+0x0/0x85 @ 1
[    2.524236] initcall intel_pconfig_init+0x0/0x85 returned 0 after 0 usecs
[    2.525216] calling  mtrr_if_init+0x0/0x5d @ 1
[    2.526220] initcall mtrr_if_init+0x0/0x5d returned 0 after 0 usecs
[    2.527217] calling  activate_jump_labels+0x0/0x31 @ 1
[    2.528216] initcall activate_jump_labels+0x0/0x31 returned 0 after 0 usecs
[    2.529216] calling  ffh_cstate_init+0x0/0x29 @ 1
[    2.530220] initcall ffh_cstate_init+0x0/0x29 returned 0 after 0 usecs
[    2.531216] calling  activate_jump_labels+0x0/0x31 @ 1
[    2.532229] initcall activate_jump_labels+0x0/0x31 returned 0 after 0 usecs
[    2.533216] calling  kvm_alloc_cpumask+0x0/0x2b @ 1
[    2.534240] initcall kvm_alloc_cpumask+0x0/0x2b returned 0 after 0 usecs
[    2.535217] calling  kcmp_cookies_init+0x0/0x37 @ 1
[    2.536221] initcall kcmp_cookies_init+0x0/0x37 returned 0 after 0 usecs
[    2.537217] calling  cryptomgr_init+0x0/0xc @ 1
[    2.538234] initcall cryptomgr_init+0x0/0xc returned 0 after 0 usecs
[    2.539215] calling  acpi_pci_init+0x0/0x57 @ 1
[    2.540214] ACPI: bus type PCI registered
[    2.541215] initcall acpi_pci_init+0x0/0x57 returned 0 after 976 usecs
[    2.542216] calling  dma_channel_table_init+0x0/0xce @ 1
[    2.543222] initcall dma_channel_table_init+0x0/0xce returned 0 after 0 usecs
[    2.544215] calling  dma_bus_init+0x0/0xdc @ 1
[    2.545280] initcall dma_bus_init+0x0/0xdc returned 0 after 0 usecs
[    2.546305] calling  iommu_dma_init+0x0/0x10 @ 1
[    2.547235] initcall iommu_dma_init+0x0/0x10 returned 0 after 0 usecs
[    2.550918] calling  dmi_id_init+0x0/0x37c @ 1
[    2.554142] initcall dmi_id_init+0x0/0x37c returned 0 after 1953 usecs
[    2.554234] calling  pci_arch_init+0x0/0x71 @ 1
[    2.557404] PCI: MMCONFIG for domain 0000 [bus 00-ff] at [mem 0xb0000000-0xbfffffff] (base 0xb0000000)
[    2.559540] PCI: MMCONFIG at [mem 0xb0000000-0xbfffffff] reserved in E820
[    2.563910] PCI: Using configuration type 1 for base access
[    2.564583] initcall pci_arch_init+0x0/0x71 returned 0 after 8789 usecs
[    2.572908] calling  init_vdso+0x0/0x13 @ 1
[    2.574333] initcall init_vdso+0x0/0x13 returned 0 after 976 usecs
[    2.575217] calling  sysenter_setup+0x0/0x13 @ 1
[    2.576377] initcall sysenter_setup+0x0/0x13 returned 0 after 0 usecs
[    2.577217] calling  fixup_ht_bug+0x0/0x7f @ 1
[    2.579216] initcall fixup_ht_bug+0x0/0x7f returned 0 after 976 usecs
[    2.580216] calling  topology_init+0x0/0x15 @ 1
[    2.581620] initcall topology_init+0x0/0x15 returned 0 after 0 usecs
[    2.582242] calling  intel_epb_init+0x0/0x68 @ 1
[    2.583241] initcall intel_epb_init+0x0/0x68 returned -19 after 0 usecs
[    2.584215] calling  mtrr_init_finialize+0x0/0x3e @ 1
[    2.585287] initcall mtrr_init_finialize+0x0/0x3e returned 0 after 0 usecs
[    2.586229] calling  uid_cache_init+0x0/0x7b @ 1
[    2.587387] initcall uid_cache_init+0x0/0x7b returned 0 after 0 usecs
[    2.588218] calling  param_sysfs_init+0x0/0x1ba @ 1
[    2.594891] initcall param_sysfs_init+0x0/0x1ba returned 0 after 4882 usecs
[    2.595233] calling  user_namespace_sysctl_init+0x0/0x33 @ 1
[    2.597402] initcall user_namespace_sysctl_init+0x0/0x33 returned 0 after 976 usecs
[    2.598218] calling  proc_schedstat_init+0x0/0x24 @ 1
[    2.599349] initcall proc_schedstat_init+0x0/0x24 returned 0 after 0 usecs
[    2.600217] calling  pm_sysrq_init+0x0/0x18 @ 1
[    2.601308] initcall pm_sysrq_init+0x0/0x18 returned 0 after 0 usecs
[    2.602417] calling  create_proc_profile+0x0/0x50 @ 1
[    2.603216] initcall create_proc_profile+0x0/0x50 returned 0 after 0 usecs
[    2.604218] calling  time_ns_init+0x0/0x7 @ 1
[    2.605239] initcall time_ns_init+0x0/0x7 returned 0 after 0 usecs
[    2.606219] calling  crash_save_vmcoreinfo_init+0x0/0x756 @ 1
[    2.607511] initcall crash_save_vmcoreinfo_init+0x0/0x756 returned 0 after 0 usecs
[    2.608217] calling  crash_notes_memory_init+0x0/0x35 @ 1
[    2.609389] initcall crash_notes_memory_init+0x0/0x35 returned 0 after 0 usecs
[    2.610216] calling  cgroup_sysfs_init+0x0/0x13 @ 1
[    2.611302] initcall cgroup_sysfs_init+0x0/0x13 returned 0 after 0 usecs
[    2.612217] calling  cgroup_namespaces_init+0x0/0x7 @ 1
[    2.613217] initcall cgroup_namespaces_init+0x0/0x7 returned 0 after 0 usecs
[    2.614216] calling  init_optprobes+0x0/0x13 @ 1
[    2.615522] Kprobes globally optimized
[    2.616217] initcall init_optprobes+0x0/0x13 returned 0 after 976 usecs
[    2.617217] calling  oom_init+0x0/0x2f @ 1
[    2.622686] audit: type=2000 audit(1670972480.715:1): state=initialized audit_enabled=0 res=1
[    2.623652] initcall oom_init+0x0/0x2f returned 0 after 4882 usecs
[    2.624217] calling  default_bdi_init+0x0/0x35 @ 1
[    2.626922] initcall default_bdi_init+0x0/0x35 returned 0 after 976 usecs
[    2.627217] calling  percpu_enable_async+0x0/0xe @ 1
[    2.628216] initcall percpu_enable_async+0x0/0xe returned 0 after 0 usecs
[    2.629216] calling  kcompactd_init+0x0/0x46 @ 1
[    2.632648] initcall kcompactd_init+0x0/0x46 returned 0 after 1953 usecs
[    2.633761] calling  init_user_reserve+0x0/0x30 @ 1
[    2.634363] initcall init_user_reserve+0x0/0x30 returned 0 after 0 usecs
[    2.635217] calling  init_admin_reserve+0x0/0x30 @ 1
[    2.636216] initcall init_admin_reserve+0x0/0x30 returned 0 after 0 usecs
[    2.637218] calling  init_reserve_notifier+0x0/0x7 @ 1
[    2.638328] initcall init_reserve_notifier+0x0/0x7 returned 0 after 0 usecs
[    2.639218] calling  swap_init_sysfs+0x0/0x62 @ 1
[    2.640297] initcall swap_init_sysfs+0x0/0x62 returned 0 after 0 usecs
[    2.641216] calling  swapfile_init+0x0/0x46 @ 1
[    2.642217] initcall swapfile_init+0x0/0x46 returned 0 after 0 usecs
[    2.643216] calling  hugetlb_init+0x0/0x430 @ 1
[    2.644331] HugeTLB registered 2.00 MiB page size, pre-allocated 0 pages
[    2.645319] initcall hugetlb_init+0x0/0x430 returned 0 after 976 usecs
[    2.646265] calling  io_wq_init+0x0/0x34 @ 1
[    2.647323] initcall io_wq_init+0x0/0x34 returned 0 after 0 usecs
[    2.648219] calling  seqiv_module_init+0x0/0xc @ 1
[    2.649407] initcall seqiv_module_init+0x0/0xc returned 0 after 0 usecs
[    2.650259] calling  echainiv_module_init+0x0/0xc @ 1
[    2.651221] initcall echainiv_module_init+0x0/0xc returned 0 after 0 usecs
[    2.652790] calling  rsa_init+0x0/0x50 @ 1
[    2.656565] cryptomgr_test (17) used greatest stack depth: 15544 bytes left
[    2.657319] initcall rsa_init+0x0/0x50 returned 0 after 2929 usecs
[    2.658218] calling  crypto_cmac_module_init+0x0/0xc @ 1
[    2.659216] initcall crypto_cmac_module_init+0x0/0xc returned 0 after 0 usecs
[    2.660218] calling  hmac_module_init+0x0/0xc @ 1
[    2.661217] initcall hmac_module_init+0x0/0xc returned 0 after 0 usecs
[    2.662216] calling  crypto_null_mod_init+0x0/0x65 @ 1
[    2.663434] initcall crypto_null_mod_init+0x0/0x65 returned 0 after 0 usecs
[    2.664217] calling  md5_mod_init+0x0/0xc @ 1
[    2.665260] initcall md5_mod_init+0x0/0xc returned 0 after 0 usecs
[    2.666216] calling  sha256_generic_mod_init+0x0/0x11 @ 1
[    2.667332] initcall sha256_generic_mod_init+0x0/0x11 returned 0 after 0 usecs
[    2.669217] calling  crypto_cbc_module_init+0x0/0xc @ 1
[    2.670219] initcall crypto_cbc_module_init+0x0/0xc returned 0 after 0 usecs
[    2.671217] calling  crypto_ctr_module_init+0x0/0x11 @ 1
[    2.672217] initcall crypto_ctr_module_init+0x0/0x11 returned 0 after 0 usecs
[    2.673219] calling  crypto_gcm_module_init+0x0/0x64 @ 1
[    2.674316] initcall crypto_gcm_module_init+0x0/0x64 returned 0 after 0 usecs
[    2.675217] calling  crypto_ccm_module_init+0x0/0x11 @ 1
[    2.676218] initcall crypto_ccm_module_init+0x0/0x11 returned 0 after 0 usecs
[    2.677217] calling  aes_init+0x0/0xc @ 1
[    2.678304] initcall aes_init+0x0/0xc returned 0 after 0 usecs
[    2.679220] calling  crc32c_mod_init+0x0/0xc @ 1
[    2.680263] initcall crc32c_mod_init+0x0/0xc returned 0 after 0 usecs
[    2.681216] calling  crypto_authenc_module_init+0x0/0xc @ 1
[    2.682219] initcall crypto_authenc_module_init+0x0/0xc returned 0 after 0 usecs
[    2.683220] calling  crypto_authenc_esn_module_init+0x0/0xc @ 1
[    2.684217] initcall crypto_authenc_esn_module_init+0x0/0xc returned 0 after 0 usecs
[    2.685216] calling  drbg_init+0x0/0x7c @ 1
[    2.686406] initcall drbg_init+0x0/0x7c returned 0 after 0 usecs
[    2.687217] calling  ghash_mod_init+0x0/0xc @ 1
[    2.688255] initcall ghash_mod_init+0x0/0xc returned 0 after 0 usecs
[    2.689217] calling  init_bio+0x0/0x9a @ 1
[    2.690523] initcall init_bio+0x0/0x9a returned 0 after 0 usecs
[    2.691218] calling  blk_settings_init+0x0/0x29 @ 1
[    2.692218] initcall blk_settings_init+0x0/0x29 returned 0 after 0 usecs
[    2.693219] calling  blk_ioc_init+0x0/0x29 @ 1
[    2.694223] initcall blk_ioc_init+0x0/0x29 returned 0 after 0 usecs
[    2.695217] calling  blk_mq_init+0x0/0x96 @ 1
[    2.696276] initcall blk_mq_init+0x0/0x96 returned 0 after 0 usecs
[    2.697221] calling  genhd_device_init+0x0/0x75 @ 1
[    2.699423] initcall genhd_device_init+0x0/0x75 returned 0 after 976 usecs
[    2.700304] calling  pci_slot_init+0x0/0x40 @ 1
[    2.701294] initcall pci_slot_init+0x0/0x40 returned 0 after 0 usecs
[    2.702217] calling  fbmem_init+0x0/0xd8 @ 1
[    2.703315] initcall fbmem_init+0x0/0xd8 returned 0 after 0 usecs
[    2.704217] calling  acpi_init+0x0/0x316 @ 1
[    2.705355] ACPI: Added _OSI(Module Device)
[    2.706216] ACPI: Added _OSI(Processor Device)
[    2.707215] ACPI: Added _OSI(3.0 _SCP Extensions)
[    2.708215] ACPI: Added _OSI(Processor Aggregator Device)
[    2.709217] ACPI: Added _OSI(Linux-Dell-Video)
[    2.710215] ACPI: Added _OSI(Linux-Lenovo-NV-HDMI-Audio)
[    2.711215] ACPI: Added _OSI(Linux-HPI-Hybrid-Graphics)
[    2.716215] ACPI: 1 ACPI AML tables successfully acquired and loaded
[    2.721311] ACPI: Interpreter enabled
[    2.722339] ACPI: (supports S0 S3 S4 S5)
[    2.724297] ACPI: Using IOAPIC for interrupt routing
[    2.725295] PCI: Using host bridge windows from ACPI; if necessary, use "pci=nocrs" and report a bug
[    2.726589] ACPI: Enabled 2 GPEs in block 00 to 3F
[    2.731908] ACPI: PCI Root Bridge [PCI0] (domain 0000 [bus 00-ff])
[    2.732363] acpi PNP0A08:00: _OSC: OS supports [ExtendedConfig ASPM ClockPM Segments MSI HPX-Type3]
[    2.733325] acpi PNP0A08:00: _OSC: platform does not support [LTR]
[    2.734288] acpi PNP0A08:00: _OSC: OS now controls [PME PCIeCapability]
[    2.736335] PCI host bridge to bus 0000:00
[    2.737237] pci_bus 0000:00: root bus resource [io  0x0000-0x0cf7 window]
[    2.738218] pci_bus 0000:00: root bus resource [io  0x0d00-0xffff window]
[    2.739217] pci_bus 0000:00: root bus resource [mem 0x000a0000-0x000bffff window]
[    2.740217] pci_bus 0000:00: root bus resource [mem 0x20000000-0xafffffff window]
[    2.741217] pci_bus 0000:00: root bus resource [mem 0xc0000000-0xfebfffff window]
[    2.742218] pci_bus 0000:00: root bus resource [mem 0x100000000-0x8ffffffff window]
[    2.743218] pci_bus 0000:00: root bus resource [bus 00-ff]
[    2.745960] pci 0000:00:00.0: calling  quirk_mmio_always_on+0x0/0x10 @ 1
[    2.746223] pci 0000:00:00.0: quirk_mmio_always_on+0x0/0x10 took 0 usecs
[    2.747217] pci 0000:00:00.0: [8086:29c0] type 00 class 0x060000
[    2.752088] pci 0000:00:00.0: calling  quirk_igfx_skip_te_disable+0x0/0x80 @ 1
[    2.752282] pci 0000:00:00.0: quirk_igfx_skip_te_disable+0x0/0x80 took 0 usecs
[    2.755637] pci 0000:00:01.0: [1234:1111] type 00 class 0x030000
[    2.760925] pci 0000:00:01.0: reg 0x10: [mem 0xfd000000-0xfdffffff pref]
[    2.771192] pci 0000:00:01.0: reg 0x18: [mem 0xfebf0000-0xfebf0fff]
[    2.789210] pci 0000:00:01.0: reg 0x30: [mem 0xfebe0000-0xfebeffff pref]
[    2.794210] pci 0000:00:01.0: calling  efifb_fixup_resources+0x0/0xf0 @ 1
[    2.795268] pci 0000:00:01.0: efifb_fixup_resources+0x0/0xf0 took 0 usecs
[    2.804552] pci 0000:00:1f.0: [8086:2918] type 00 class 0x060100
[    2.810919] pci 0000:00:1f.0: calling  quirk_ich7_lpc+0x0/0x60 @ 1
[    2.812463] pci 0000:00:1f.0: quirk: [io  0x0600-0x067f] claimed by ICH6 ACPI/GPIO/TCO
[    2.813619] pci 0000:00:1f.0: quirk_ich7_lpc+0x0/0x60 took 1953 usecs
[    2.814310] pci 0000:00:1f.0: calling  quirk_igfx_skip_te_disable+0x0/0x80 @ 1
[    2.815262] pci 0000:00:1f.0: quirk_igfx_skip_te_disable+0x0/0x80 took 0 usecs
[    2.818782] pci 0000:00:1f.2: [8086:2922] type 00 class 0x010601
[    2.828030] pci 0000:00:1f.2: reg 0x20: [io  0xc040-0xc05f]
[    2.829921] pci 0000:00:1f.2: reg 0x24: [mem 0xfebf1000-0xfebf1fff]
[    2.832823] pci 0000:00:1f.2: calling  quirk_igfx_skip_te_disable+0x0/0x80 @ 1
[    2.833221] pci 0000:00:1f.2: quirk_igfx_skip_te_disable+0x0/0x80 took 0 usecs
[    2.838517] pci 0000:00:1f.3: [8086:2930] type 00 class 0x0c0500
[    2.846578] pci 0000:00:1f.3: reg 0x20: [io  0x0700-0x073f]
[    2.850495] pci 0000:00:1f.3: calling  quirk_igfx_skip_te_disable+0x0/0x80 @ 1
[    2.851222] pci 0000:00:1f.3: quirk_igfx_skip_te_disable+0x0/0x80 took 0 usecs
[    2.853443] pci_bus 0000:00: on NUMA node 0
[    2.856213] ACPI: PCI Interrupt Link [LNKA] (IRQs 5 *10 11)
[    2.858547] ACPI: PCI Interrupt Link [LNKB] (IRQs 5 *10 11)
[    2.859630] ACPI: PCI Interrupt Link [LNKC] (IRQs 5 10 *11)
[    2.861230] ACPI: PCI Interrupt Link [LNKD] (IRQs 5 10 *11)
[    2.863545] ACPI: PCI Interrupt Link [LNKE] (IRQs 5 *10 11)
[    2.865244] ACPI: PCI Interrupt Link [LNKF] (IRQs 5 *10 11)
[    2.867233] ACPI: PCI Interrupt Link [LNKG] (IRQs 5 10 *11)
[    2.869235] ACPI: PCI Interrupt Link [LNKH] (IRQs 5 10 *11)
[    2.870401] ACPI: PCI Interrupt Link [GSIA] (IRQs *16)
[    2.871242] ACPI: PCI Interrupt Link [GSIB] (IRQs *17)
[    2.873237] ACPI: PCI Interrupt Link [GSIC] (IRQs *18)
[    2.874257] ACPI: PCI Interrupt Link [GSID] (IRQs *19)
[    2.875228] ACPI: PCI Interrupt Link [GSIE] (IRQs *20)
[    2.876242] ACPI: PCI Interrupt Link [GSIF] (IRQs *21)
[    2.877235] ACPI: PCI Interrupt Link [GSIG] (IRQs *22)
[    2.878231] ACPI: PCI Interrupt Link [GSIH] (IRQs *23)
[    2.881362] initcall acpi_init+0x0/0x316 returned 0 after 171875 usecs
[    2.883389] calling  pnp_init+0x0/0xc @ 1
[    2.884258] initcall pnp_init+0x0/0xc returned 0 after 0 usecs
[    2.885219] calling  misc_init+0x0/0xbf @ 1
[    2.887241] initcall misc_init+0x0/0xbf returned 0 after 976 usecs
[    2.888219] calling  iommu_subsys_init+0x0/0x4e @ 1
[    2.889288] iommu: Default domain type: Translated 
[    2.890218] initcall iommu_subsys_init+0x0/0x4e returned 0 after 976 usecs
[    2.891218] calling  vga_arb_device_init+0x0/0x26c @ 1
[    2.893913] pci 0000:00:01.0: vgaarb: setting as boot VGA device
[    2.894210] pci 0000:00:01.0: vgaarb: VGA device added: decodes=io+mem,owns=io+mem,locks=none
[    2.894217] pci 0000:00:01.0: vgaarb: bridge control possible
[    2.895214] vgaarb: loaded
[    2.896218] initcall vga_arb_device_init+0x0/0x26c returned 0 after 3906 usecs
[    2.897296] calling  cn_init+0x0/0xf0 @ 1
[    2.899268] initcall cn_init+0x0/0xf0 returned 0 after 976 usecs
[    2.900218] calling  dma_buf_init+0x0/0xad @ 1
[    2.902225] initcall dma_buf_init+0x0/0xad returned 0 after 976 usecs
[    2.903217] calling  init_scsi+0x0/0x79 @ 1
[    2.905449] SCSI subsystem initialized
[    2.906231] initcall init_scsi+0x0/0x79 returned 0 after 1953 usecs
[    2.907232] calling  ata_init+0x0/0x332 @ 1
[    2.910442] libata version 3.00 loaded.
[    2.911218] initcall ata_init+0x0/0x332 returned 0 after 2929 usecs
[    2.912219] calling  phy_init+0x0/0x250 @ 1
[    2.913651] initcall phy_init+0x0/0x250 returned 0 after 0 usecs
[    2.914218] calling  init_pcmcia_cs+0x0/0x35 @ 1
[    2.915301] initcall init_pcmcia_cs+0x0/0x35 returned 0 after 0 usecs
[    2.916217] calling  usb_common_init+0x0/0x1c @ 1
[    2.917249] initcall usb_common_init+0x0/0x1c returned 0 after 0 usecs
[    2.918216] calling  usb_init+0x0/0x12e @ 1
[    2.919290] ACPI: bus type USB registered
[    2.920590] usbcore: registered new interface driver usbfs
[    2.922418] usbcore: registered new interface driver hub
[    2.923370] usbcore: registered new device driver usb
[    2.924224] initcall usb_init+0x0/0x12e returned 0 after 4882 usecs
[    2.925220] calling  serio_init+0x0/0x29 @ 1
[    2.927381] initcall serio_init+0x0/0x29 returned 0 after 976 usecs
[    2.928219] calling  input_init+0x0/0xf6 @ 1
[    2.931915] initcall input_init+0x0/0xf6 returned 0 after 1953 usecs
[    2.932218] calling  rtc_init+0x0/0x4d @ 1
[    2.934227] initcall rtc_init+0x0/0x4d returned 0 after 976 usecs
[    2.935219] calling  pps_init+0x0/0xa9 @ 1
[    2.936313] pps_core: LinuxPPS API ver. 1 registered
[    2.937214] pps_core: Software ver. 5.3.6 - Copyright 2005-2007 Rodolfo Giometti <giometti@linux.it>
[    2.938222] initcall pps_init+0x0/0xa9 returned 0 after 1953 usecs
[    2.939220] calling  ptp_init+0x0/0x98 @ 1
[    2.940236] PTP clock support registered
[    2.941218] initcall ptp_init+0x0/0x98 returned 0 after 976 usecs
[    2.942218] calling  power_supply_class_init+0x0/0x3f @ 1
[    2.944216] initcall power_supply_class_init+0x0/0x3f returned 0 after 976 usecs
[    2.945216] calling  hwmon_init+0x0/0x104 @ 1
[    2.946336] initcall hwmon_init+0x0/0x104 returned 0 after 0 usecs
[    2.947216] calling  md_init+0x0/0x16b @ 1
[    2.950218] initcall md_init+0x0/0x16b returned 0 after 1953 usecs
[    2.951217] calling  leds_init+0x0/0x3b @ 1
[    2.952341] initcall leds_init+0x0/0x3b returned 0 after 0 usecs
[    2.953217] calling  dmi_init+0x0/0x113 @ 1
[    2.954504] initcall dmi_init+0x0/0x113 returned 0 after 0 usecs
[    2.955217] calling  efisubsys_init+0x0/0x4e6 @ 1
[    2.956258] initcall efisubsys_init+0x0/0x4e6 returned 0 after 0 usecs
[    2.957254] calling  nvmem_init+0x0/0xc @ 1
[    2.958328] initcall nvmem_init+0x0/0xc returned 0 after 0 usecs
[    2.959216] calling  init_soundcore+0x0/0x33 @ 1
[    2.960239] initcall init_soundcore+0x0/0x33 returned 0 after 0 usecs
[    2.961216] calling  alsa_sound_init+0x0/0x8f @ 1
[    2.962447] Advanced Linux Sound Architecture Driver Initialized.
[    2.963217] initcall alsa_sound_init+0x0/0x8f returned 0 after 976 usecs
[    2.964237] calling  alsa_seq_device_init+0x0/0x71 @ 1
[    2.966296] initcall alsa_seq_device_init+0x0/0x71 returned 0 after 976 usecs
[    2.967216] calling  hda_bus_init+0x0/0xc @ 1
[    2.968259] initcall hda_bus_init+0x0/0xc returned 0 after 0 usecs
[    2.969217] calling  proto_init+0x0/0xc @ 1
[    2.970324] initcall proto_init+0x0/0xc returned 0 after 0 usecs
[    2.971217] calling  net_dev_init+0x0/0x1cc @ 1
[    2.974110] initcall net_dev_init+0x0/0x1cc returned 0 after 976 usecs
[    2.974216] calling  neigh_init+0x0/0x84 @ 1
[    2.975218] initcall neigh_init+0x0/0x84 returned 0 after 0 usecs
[    2.976217] calling  fib_notifier_init+0x0/0xc @ 1
[    2.977235] initcall fib_notifier_init+0x0/0xc returned 0 after 0 usecs
[    2.978216] calling  fib_rules_init+0x0/0xab @ 1
[    2.979257] initcall fib_rules_init+0x0/0xab returned 0 after 0 usecs
[    2.980217] calling  pktsched_init+0x0/0x10e @ 1
[    2.981287] initcall pktsched_init+0x0/0x10e returned 0 after 0 usecs
[    2.982218] calling  tc_filter_init+0x0/0xfa @ 1
[    2.983312] initcall tc_filter_init+0x0/0xfa returned 0 after 0 usecs
[    2.984217] calling  tc_action_init+0x0/0x54 @ 1
[    2.985221] initcall tc_action_init+0x0/0x54 returned 0 after 0 usecs
[    2.986218] calling  ethnl_init+0x0/0x52 @ 1
[    2.987317] initcall ethnl_init+0x0/0x52 returned 0 after 0 usecs
[    2.988218] calling  nexthop_init+0x0/0xd8 @ 1
[    2.989699] initcall nexthop_init+0x0/0xd8 returned 0 after 0 usecs
[    2.990219] calling  cipso_v4_init+0x0/0x5a @ 1
[    2.991323] initcall cipso_v4_init+0x0/0x5a returned 0 after 0 usecs
[    2.992219] calling  ieee80211_init+0x0/0x24 @ 1
[    2.994530] initcall ieee80211_init+0x0/0x24 returned 0 after 976 usecs
[    2.995218] calling  netlbl_init+0x0/0x78 @ 1
[    2.996331] NetLabel: Initializing
[    2.997214] NetLabel:  domain hash size = 128
[    2.998213] NetLabel:  protocols = UNLABELED CIPSOv4 CALIPSO
[    3.000371] NetLabel:  unlabeled traffic allowed by default
[    3.001221] initcall netlbl_init+0x0/0x78 returned 0 after 4882 usecs
[    3.002220] calling  rfkill_init+0x0/0x111 @ 1
[    3.004272] initcall rfkill_init+0x0/0x111 returned 0 after 976 usecs
[    3.005218] calling  pci_subsys_init+0x0/0x66 @ 1
[    3.006270] PCI: Using ACPI for IRQ routing
[    3.731102] PCI: pci_cache_line_size set to 64 bytes
[    3.732920] e820: reserve RAM buffer [mem 0x0009fc00-0x0009ffff]
[    3.733239] e820: reserve RAM buffer [mem 0x1ffdf000-0x1fffffff]
[    3.734275] initcall pci_subsys_init+0x0/0x66 returned 0 after 710937 usecs
[    3.736515] calling  nmi_warning_debugfs+0x0/0x26 @ 1
[    3.737310] initcall nmi_warning_debugfs+0x0/0x26 returned 0 after 0 usecs
[    3.740210] calling  save_microcode_in_initrd+0x0/0x51 @ 1
[    3.741564] initcall save_microcode_in_initrd+0x0/0x51 returned 0 after 0 usecs
[    3.742432] calling  hpet_late_init+0x0/0x1f6 @ 1
[    3.753214] hpet: 3 channels of 0 reserved for per-cpu timers
[    3.754565] hpet0: at MMIO 0xfed00000, IRQs 2, 8, 0
[    3.755214] hpet0: 3 comparators, 64-bit 100.000000 MHz counter
[    3.760219] initcall hpet_late_init+0x0/0x1f6 returned 0 after 16601 usecs
[    3.761222] calling  init_amd_nbs+0x0/0x11c @ 1
[    3.762498] initcall init_amd_nbs+0x0/0x11c returned 0 after 0 usecs
[    3.763268] calling  clocksource_done_booting+0x0/0x41 @ 1
[    3.765466] clocksource: Switched to clocksource kvm-clock
[    3.772554] initcall clocksource_done_booting+0x0/0x41 returned 0 after 7165 usecs
[    3.781972] calling  tracer_init_tracefs+0x0/0x1fb @ 1
[    4.397526] initcall tracer_init_tracefs+0x0/0x1fb returned 0 after 594919 usecs
[    4.406953] calling  init_trace_printk_function_export+0x0/0x2c @ 1
[    4.414977] initcall init_trace_printk_function_export+0x0/0x2c returned 0 after 8 usecs
[    4.425119] calling  init_kprobe_trace+0x0/0x1a9 @ 1
[    4.432299] initcall init_kprobe_trace+0x0/0x1a9 returned 0 after 346 usecs
[    4.441101] calling  init_dynamic_event+0x0/0x3d @ 1
[    4.447568] initcall init_dynamic_event+0x0/0x3d returned 0 after 18 usecs
[    4.458259] calling  init_uprobe_trace+0x0/0x5c @ 1
[    4.465010] initcall init_uprobe_trace+0x0/0x5c returned 0 after 363 usecs
[    4.475081] calling  init_pipe_fs+0x0/0x44 @ 1
[    4.485234] initcall init_pipe_fs+0x0/0x44 returned 0 after 4144 usecs
[    4.493673] calling  inotify_user_setup+0x0/0x47 @ 1
[    4.501876] initcall inotify_user_setup+0x0/0x47 returned 0 after 1613 usecs
[    4.510853] calling  eventpoll_init+0x0/0xcc @ 1
[    4.518150] initcall eventpoll_init+0x0/0xcc returned 0 after 1321 usecs
[    4.526413] calling  anon_inode_init+0x0/0x58 @ 1
[    4.532886] initcall anon_inode_init+0x0/0x58 returned 0 after 641 usecs
[    4.541602] calling  proc_locks_init+0x0/0x27 @ 1
[    4.549468] initcall proc_locks_init+0x0/0x27 returned 0 after 1728 usecs
[    4.558158] calling  iomap_init+0x0/0x1b @ 1
[    4.579106] initcall iomap_init+0x0/0x1b returned 0 after 15094 usecs
[    4.587138] calling  dquot_init+0x0/0xd7 @ 1
[    4.592781] VFS: Disk quotas dquot_6.6.0
[    4.601158] VFS: Dquot-cache hash table entries: 512 (order 0, 4096 bytes)
[    4.610339] initcall dquot_init+0x0/0xd7 returned 0 after 17312 usecs
[    4.618601] calling  quota_init+0x0/0x23 @ 1
[    4.629053] initcall quota_init+0x0/0x23 returned 0 after 5022 usecs
[    4.637074] calling  proc_cmdline_init+0x0/0x21 @ 1
[    4.643613] initcall proc_cmdline_init+0x0/0x21 returned 0 after 460 usecs
[    4.652545] calling  proc_consoles_init+0x0/0x24 @ 1
[    4.659043] initcall proc_consoles_init+0x0/0x24 returned 0 after 114 usecs
[    4.667683] calling  proc_cpuinfo_init+0x0/0x1e @ 1
[    4.674239] initcall proc_cpuinfo_init+0x0/0x1e returned 0 after 4 usecs
[    4.683800] calling  proc_devices_init+0x0/0x24 @ 1
[    4.691826] initcall proc_devices_init+0x0/0x24 returned 0 after 520 usecs
[    4.702156] calling  proc_interrupts_init+0x0/0x24 @ 1
[    4.710937] initcall proc_interrupts_init+0x0/0x24 returned 0 after 6 usecs
[    4.728754] calling  proc_loadavg_init+0x0/0x21 @ 1
[    4.736046] initcall proc_loadavg_init+0x0/0x21 returned 0 after 4 usecs
[    4.744378] calling  proc_meminfo_init+0x0/0x21 @ 1
[    4.750485] initcall proc_meminfo_init+0x0/0x21 returned 0 after 4 usecs
[    4.758964] calling  proc_stat_init+0x0/0x1e @ 1
[    4.765004] initcall proc_stat_init+0x0/0x1e returned 0 after 4 usecs
[    4.772968] calling  proc_uptime_init+0x0/0x21 @ 1
[    4.779073] initcall proc_uptime_init+0x0/0x21 returned 0 after 4 usecs
[    4.787253] calling  proc_version_init+0x0/0x21 @ 1
[    4.793414] initcall proc_version_init+0x0/0x21 returned 0 after 4 usecs
[    4.801542] calling  proc_softirqs_init+0x0/0x21 @ 1
[    4.807908] initcall proc_softirqs_init+0x0/0x21 returned 0 after 3 usecs
[    4.816200] calling  proc_kcore_init+0x0/0xea @ 1
[    4.823184] initcall proc_kcore_init+0x0/0xea returned 0 after 1104 usecs
[    4.832467] calling  vmcore_init+0x0/0x578 @ 1
[    4.838155] initcall vmcore_init+0x0/0x578 returned 0 after 0 usecs
[    4.845954] calling  proc_kmsg_init+0x0/0x21 @ 1
[    4.851688] initcall proc_kmsg_init+0x0/0x21 returned 0 after 6 usecs
[    4.859576] calling  proc_page_init+0x0/0x3b @ 1
[    4.865402] initcall proc_page_init+0x0/0x3b returned 0 after 5 usecs
[    4.873340] calling  init_ramfs_fs+0x0/0xc @ 1
[    4.879016] initcall init_ramfs_fs+0x0/0xc returned 0 after 131 usecs
[    4.887236] calling  init_hugetlbfs_fs+0x0/0xf6 @ 1
[    4.895916] initcall init_hugetlbfs_fs+0x0/0xf6 returned 0 after 1550 usecs
[    4.905895] calling  blk_scsi_ioctl_init+0x0/0x2a5 @ 1
[    4.913844] initcall blk_scsi_ioctl_init+0x0/0x2a5 returned 0 after 286 usecs
[    4.923149] calling  acpi_event_init+0x0/0x2c @ 1
[    4.930330] initcall acpi_event_init+0x0/0x2c returned 0 after 383 usecs
[    4.940095] calling  pnp_system_init+0x0/0xc @ 1
[    4.950839] initcall pnp_system_init+0x0/0xc returned 0 after 3839 usecs
[    4.960567] calling  pnpacpi_init+0x0/0x69 @ 1
[    4.967165] pnp: PnP ACPI init
[    4.981957] pnp 00:00: Plug and Play ACPI device, IDs PNP0303 (active)
[    4.991793] pnp 00:01: Plug and Play ACPI device, IDs PNP0f13 (active)
[    5.003129] pnp 00:02: Plug and Play ACPI device, IDs PNP0400 (active)
[    5.011265] pnp 00:03: Plug and Play ACPI device, IDs PNP0501 (active)
[    5.019141] pnp 00:04: Plug and Play ACPI device, IDs PNP0b00 (active)
[    5.029022] system 00:05: [mem 0xb0000000-0xbfffffff window] has been reserved
[    5.037564] system 00:05: Plug and Play ACPI device, IDs PNP0c01 (active)
[    5.049476] pnp: PnP ACPI: found 6 devices
[    5.054428] initcall pnpacpi_init+0x0/0x69 returned 0 after 85317 usecs
[    5.062340] calling  chr_dev_init+0x0/0x14d @ 1
[    5.115031] initcall chr_dev_init+0x0/0x14d returned 0 after 46114 usecs
[    5.124331] calling  firmware_class_init+0x0/0xde @ 1
[    5.132368] initcall firmware_class_init+0x0/0xde returned 0 after 471 usecs
[    5.141532] calling  init_pcmcia_bus+0x0/0x5b @ 1
[    5.149364] initcall init_pcmcia_bus+0x0/0x5b returned 0 after 923 usecs
[    5.158599] calling  init_acpi_pm_clocksource+0x0/0xda @ 1
[    5.172697] clocksource: acpi_pm: mask: 0xffffff max_cycles: 0xffffff, max_idle_ns: 2085701024 ns
[    5.185397] initcall init_acpi_pm_clocksource+0x0/0xda returned 0 after 18628 usecs
[    5.196524] calling  sysctl_core_init+0x0/0x26 @ 1
[    5.204998] initcall sysctl_core_init+0x0/0x26 returned 0 after 1284 usecs
[    5.214967] calling  eth_offload_init+0x0/0x13 @ 1
[    5.222254] initcall eth_offload_init+0x0/0x13 returned 0 after 150 usecs
[    5.231502] calling  ipv4_offload_init+0x0/0x73 @ 1
[    5.238689] initcall ipv4_offload_init+0x0/0x73 returned 0 after 226 usecs
[    5.248744] calling  inet_init+0x0/0x276 @ 1
[    5.255649] NET: Registered protocol family 2
[    5.266663] IP idents hash table entries: 8192 (order: 4, 65536 bytes, linear)
[    5.304488] tcp_listen_portaddr_hash hash table entries: 256 (order: 0, 4096 bytes, linear)
[    5.316985] TCP established hash table entries: 4096 (order: 3, 32768 bytes, linear)
[    5.330090] TCP bind hash table entries: 4096 (order: 3, 32768 bytes, linear)
[    5.340653] TCP: Hash tables configured (established 4096 bind 4096)
[    5.357736] UDP hash table entries: 256 (order: 1, 8192 bytes, linear)
[    5.369399] UDP-Lite hash table entries: 256 (order: 1, 8192 bytes, linear)
[    5.388165] initcall inet_init+0x0/0x276 returned 0 after 129939 usecs
[    5.397597] calling  af_unix_init+0x0/0x4d @ 1
[    5.403294] NET: Registered protocol family 1
[    5.409439] initcall af_unix_init+0x0/0x4d returned 0 after 6001 usecs
[    5.417675] calling  ipv6_offload_init+0x0/0x7e @ 1
[    5.425359] initcall ipv6_offload_init+0x0/0x7e returned 0 after 1320 usecs
[    5.433948] calling  init_sunrpc+0x0/0x65 @ 1
[    5.450026] RPC: Registered named UNIX socket transport module.
[    5.457164] RPC: Registered udp transport module.
[    5.463075] RPC: Registered tcp transport module.
[    5.469177] RPC: Registered tcp NFSv4.1 backchannel transport module.
[    5.477195] initcall init_sunrpc+0x0/0x65 returned 0 after 36768 usecs
[    5.485379] calling  cfg80211_init+0x0/0xc5 @ 1
[    5.497912] initcall cfg80211_init+0x0/0xc5 returned 0 after 6646 usecs
[    5.506529] calling  pcibios_assign_resources+0x0/0xb4 @ 1
[    5.516937] pci_bus 0000:00: resource 4 [io  0x0000-0x0cf7 window]
[    5.525045] pci_bus 0000:00: resource 5 [io  0x0d00-0xffff window]
[    5.533169] pci_bus 0000:00: resource 6 [mem 0x000a0000-0x000bffff window]
[    5.541678] pci_bus 0000:00: resource 7 [mem 0x20000000-0xafffffff window]
[    5.551863] pci_bus 0000:00: resource 8 [mem 0xc0000000-0xfebfffff window]
[    5.560789] pci_bus 0000:00: resource 9 [mem 0x100000000-0x8ffffffff window]
[    5.570188] initcall pcibios_assign_resources+0x0/0xb4 returned 0 after 55261 usecs
[    5.579324] calling  pci_apply_final_quirks+0x0/0x124 @ 1
[    5.587476] pci 0000:00:01.0: calling  pci_fixup_video+0x0/0xe0 @ 1
[    5.598652] pci 0000:00:01.0: Video device with shadowed ROM at [mem 0x000c0000-0x000dffff]
[    5.608924] pci 0000:00:01.0: pci_fixup_video+0x0/0xe0 took 11184 usecs
[    5.617345] PCI: CLS 0 bytes, default 64
[    5.622096] initcall pci_apply_final_quirks+0x0/0x124 returned 0 after 34938 usecs
[    5.631176] calling  acpi_reserve_resources+0x0/0xea @ 1
[    5.637546] initcall acpi_reserve_resources+0x0/0xea returned 0 after 44 usecs
[    5.646233] calling  populate_rootfs+0x0/0x102 @ 1
[    5.655403] initcall populate_rootfs+0x0/0x102 returned 0 after 3250 usecs
[    5.663550] calling  pci_iommu_init+0x0/0x3e @ 1
[    5.669424] initcall pci_iommu_init+0x0/0x3e returned 0 after 265 usecs
[    5.680553] calling  ia32_binfmt_init+0x0/0x13 @ 1
[    5.697352] initcall ia32_binfmt_init+0x0/0x13 returned 0 after 1805 usecs
[    5.707781] calling  rapl_pmu_init+0x0/0x25f @ 1
[    5.713426] initcall rapl_pmu_init+0x0/0x25f returned -19 after 194 usecs
[    5.721288] calling  amd_uncore_init+0x0/0x310 @ 1
[    5.726917] initcall amd_uncore_init+0x0/0x310 returned -19 after 0 usecs
[    5.734665] calling  amd_ibs_init+0x0/0x24b @ 1
[    5.740887] initcall amd_ibs_init+0x0/0x24b returned -19 after 0 usecs
[    5.750812] calling  amd_iommu_pc_init+0x0/0x20c @ 1
[    5.758698] initcall amd_iommu_pc_init+0x0/0x20c returned -19 after 526 usecs
[    5.769233] calling  msr_init+0x0/0x55 @ 1
[    5.778604] initcall msr_init+0x0/0x55 returned 0 after 1825 usecs
[    5.786579] calling  intel_uncore_init+0x0/0x31e @ 1
[    5.792378] initcall intel_uncore_init+0x0/0x31e returned -19 after 44 usecs
[    5.801530] calling  cstate_pmu_init+0x0/0x181 @ 1
[    5.807713] initcall cstate_pmu_init+0x0/0x181 returned -19 after 0 usecs
[    5.816155] calling  register_kernel_offset_dumper+0x0/0x1a @ 1
[    5.824280] initcall register_kernel_offset_dumper+0x0/0x1a returned 0 after 529 usecs
[    5.834015] calling  i8259A_init_ops+0x0/0x20 @ 1
[    5.841903] initcall i8259A_init_ops+0x0/0x20 returned 0 after 2044 usecs
[    5.850203] calling  init_tsc_clocksource+0x0/0xa4 @ 1
[    5.857245] clocksource: tsc: mask: 0xffffffffffffffff max_cycles: 0x39a85afc727, max_idle_ns: 881590685098 ns
[    5.870611] initcall init_tsc_clocksource+0x0/0xa4 returned 0 after 13798 usecs
[    5.879529] calling  add_rtc_cmos+0x0/0xb0 @ 1
[    5.886183] initcall add_rtc_cmos+0x0/0xb0 returned 0 after 992 usecs
[    5.894552] calling  i8237A_init_ops+0x0/0x3a @ 1
[    5.903228] initcall i8237A_init_ops+0x0/0x3a returned 0 after 2028 usecs
[    5.911841] calling  umwait_init+0x0/0x94 @ 1
[    5.918211] initcall umwait_init+0x0/0x94 returned -19 after 169 usecs
[    5.927039] calling  thermal_throttle_init_device+0x0/0x3d @ 1
[    5.935348] initcall thermal_throttle_init_device+0x0/0x3d returned 0 after 299 usecs
[    5.945241] calling  msr_init+0x0/0xd7 @ 1
[    5.982615] initcall msr_init+0x0/0xd7 returned 0 after 31644 usecs
[    5.991330] calling  cpuid_init+0x0/0xd7 @ 1
[    6.004327] initcall cpuid_init+0x0/0xd7 returned 0 after 7127 usecs
[    6.013172] calling  ioapic_init_ops+0x0/0x13 @ 1
[    6.020367] initcall ioapic_init_ops+0x0/0x13 returned 0 after 562 usecs
[    6.032164] calling  add_pcspkr+0x0/0x6c @ 1
[    6.046032] initcall add_pcspkr+0x0/0x6c returned 0 after 7826 usecs
[    6.055691] calling  start_periodic_check_for_corruption+0x0/0x30 @ 1
[    6.068348] check: Scanning for low memory corruption every 60 seconds
[    6.076654] initcall start_periodic_check_for_corruption+0x0/0x30 returned 0 after 8376 usecs
[    6.087072] calling  sysfb_init+0x0/0x9c @ 1
[    6.095421] initcall sysfb_init+0x0/0x9c returned 0 after 2790 usecs
[    6.103573] calling  audit_classes_init+0x0/0xae @ 1
[    6.112451] initcall audit_classes_init+0x0/0xae returned 0 after 1443 usecs
[    6.122388] calling  iosf_mbi_init+0x0/0x24 @ 1
[    6.138328] initcall iosf_mbi_init+0x0/0x24 returned 0 after 9723 usecs
[    6.146946] calling  proc_execdomains_init+0x0/0x21 @ 1
[    6.155407] initcall proc_execdomains_init+0x0/0x21 returned 0 after 954 usecs
[    6.164711] calling  register_warn_debugfs+0x0/0x23 @ 1
[    6.186252] initcall register_warn_debugfs+0x0/0x23 returned 0 after 4510 usecs
[    6.195509] calling  ioresources_init+0x0/0x49 @ 1
[    6.201838] initcall ioresources_init+0x0/0x49 returned 0 after 7 usecs
[    6.210651] calling  snapshot_device_init+0x0/0xc @ 1
[    6.220651] initcall snapshot_device_init+0x0/0xc returned 0 after 2953 usecs
[    6.229881] calling  irq_pm_init_ops+0x0/0x13 @ 1
[    6.235447] initcall irq_pm_init_ops+0x0/0x13 returned 0 after 67 usecs
[    6.243204] calling  rcu_torture_init+0x0/0x89f @ 1
[    6.249383] srcu-torture:--- Start of test: nreaders=1 nfakewriters=4 stat_interval=15 verbose=1 test_no_idle_hz=1 shuffle_interval=3 stutter=5 irqreader=1 fqs_duration=0 fqs_holdoff=0 fqs_stutter=3 test_boost=1/0 test_boost_interval=7 test_boost_duration=4 shutdown_secs=3600 stall_cpu=0 stall_cpu_holdoff=10 stall_cpu_irqsoff=0 stall_cpu_block=0 n_barrier_cbs=4 onoff_interval=0 onoff_holdoff=0 read_exit_delay=13 read_exit_burst=16
[    6.293582] srcu:  Start-test grace-period state: g0 f0x0
[    6.300022] srcu-torture: Creating rcu_torture_writer task
[    6.307882] srcu-torture: Creating rcu_torture_fakewriter task
[    6.314928] srcu-torture: rcu_torture_writer task started
[    6.321618] srcu-torture: GP expediting controlled from boot/sysfs for srcu.
[    6.329956] rcu_torture_writer: Testing expedited GPs.
[    6.336404] rcu_torture_writer: Testing asynchronous GPs.
[    6.342894] rcu_torture_writer: Testing normal GPs.
[    6.348853] srcu-torture: Creating rcu_torture_fakewriter task
[    6.356451] srcu-torture: rcu_torture_fakewriter task started
[    6.363666] srcu-torture: Creating rcu_torture_fakewriter task
[    6.371691] srcu-torture: rcu_torture_fakewriter task started
[    6.380232] srcu-torture: Creating rcu_torture_fakewriter task
[    6.387416] srcu-torture: rcu_torture_fakewriter task started
[    6.395202] srcu-torture: Creating rcu_torture_reader task
[    6.401810] srcu-torture: rcu_torture_fakewriter task started
[    6.409331] srcu-torture: Creating rcu_torture_stats task
[    6.415679] srcu-torture: rcu_torture_reader task started
[    6.423433] srcu-torture: Creating torture_shuffle task
[    6.429877] srcu-torture: rcu_torture_stats task started
[    6.436596] srcu-torture: Creating torture_stutter task
[    6.442906] srcu-torture: torture_shuffle task started
[    6.450979] srcu-torture: Creating torture_shutdown task
[    6.458217] srcu-torture: torture_stutter task started
[    6.465137] srcu-torture: rcu_torture_fwd_prog_init: Disabled, unsupported by RCU flavor under test
[    6.475477] srcu-torture: Creating rcu_torture_barrier_cbs task
[    6.482383] srcu-torture: torture_shutdown task started
[    6.488502] srcu-torture:torture_shutdown task: 3599962 ms remaining
[    6.495963] srcu-torture: Creating rcu_torture_barrier_cbs task
[    6.502901] srcu-torture: rcu_torture_barrier_cbs task started
[    6.510210] srcu-torture: Creating rcu_torture_barrier_cbs task
[    6.517199] srcu-torture: rcu_torture_barrier_cbs task started
[    6.524398] srcu-torture: Creating rcu_torture_barrier_cbs task
[    6.531543] srcu-torture: rcu_torture_barrier_cbs task started
[    6.539866] srcu-torture: Creating rcu_torture_barrier task
[    6.546474] srcu-torture: rcu_torture_barrier_cbs task started
[    6.553488] srcu-torture: Creating rcu_torture_read_exit task
[    6.560351] srcu-torture: rcu_torture_barrier task starting
[    6.584471] initcall rcu_torture_init+0x0/0x89f returned 0 after 327467 usecs
[    6.592893] calling  timekeeping_init_ops+0x0/0x13 @ 1
[    6.599331] initcall timekeeping_init_ops+0x0/0x13 returned 0 after 90 usecs
[    6.608032] calling  init_clocksource_sysfs+0x0/0x23 @ 1
[    6.616001] initcall init_clocksource_sysfs+0x0/0x23 returned 0 after 280 usecs
[    6.626883] calling  init_timer_list_procfs+0x0/0x31 @ 1
[    6.634734] initcall init_timer_list_procfs+0x0/0x31 returned 0 after 6 usecs
[    6.645187] calling  alarmtimer_init+0x0/0xb5 @ 1
[    6.652707] initcall alarmtimer_init+0x0/0xb5 returned 0 after 389 usecs
[    6.662585] calling  init_posix_timers+0x0/0x29 @ 1
[    6.669980] initcall init_posix_timers+0x0/0x29 returned 0 after 82 usecs
[    6.679868] calling  clockevents_init_sysfs+0x0/0x8b @ 1
[    6.687915] initcall clockevents_init_sysfs+0x0/0x8b returned 0 after 355 usecs
[    6.697619] calling  proc_dma_init+0x0/0x21 @ 1
[    6.704096] initcall proc_dma_init+0x0/0x21 returned 0 after 55 usecs
[    6.712579] calling  proc_modules_init+0x0/0x1e @ 1
[    6.719431] initcall proc_modules_init+0x0/0x1e returned 0 after 37 usecs
[    6.729478] calling  kallsyms_init+0x0/0x21 @ 1
[    6.735835] initcall kallsyms_init+0x0/0x21 returned 0 after 6 usecs
[    6.744668] calling  pid_namespaces_init+0x0/0x2c @ 1
[    6.751974] initcall pid_namespaces_init+0x0/0x2c returned 0 after 36 usecs
[    6.760114] calling  audit_watch_init+0x0/0x37 @ 1
[    6.765771] initcall audit_watch_init+0x0/0x37 returned 0 after 2 usecs
[    6.773484] calling  audit_fsnotify_init+0x0/0x37 @ 1
[    6.779345] initcall audit_fsnotify_init+0x0/0x37 returned 0 after 2 usecs
[    6.787651] calling  audit_tree_init+0x0/0x6d @ 1
[    6.793751] initcall audit_tree_init+0x0/0x6d returned 0 after 6 usecs
[    6.801667] calling  seccomp_sysctl_init+0x0/0x2b @ 1
[    6.808089] initcall seccomp_sysctl_init+0x0/0x2b returned 0 after 52 usecs
[    6.817882] calling  utsname_sysctl_init+0x0/0x13 @ 1
[    6.824853] initcall utsname_sysctl_init+0x0/0x13 returned 0 after 133 usecs
[    6.833599] calling  init_tracepoints+0x0/0x27 @ 1
[    6.839345] initcall init_tracepoints+0x0/0x27 returned 0 after 67 usecs
[    6.847445] calling  init_blk_tracer+0x0/0x50 @ 1
[    6.853999] initcall init_blk_tracer+0x0/0x50 returned 0 after 799 usecs
[    6.861946] calling  perf_event_sysfs_init+0x0/0x81 @ 1
[    6.868940] initcall perf_event_sysfs_init+0x0/0x81 returned 0 after 406 usecs
[    6.878806] calling  system_trusted_keyring_init+0x0/0x5f @ 1
[    6.885657] Initialise system trusted keyrings
[    6.891106] initcall system_trusted_keyring_init+0x0/0x5f returned 0 after 5318 usecs
[    6.900980] calling  kswapd_init+0x0/0x13 @ 1
[    6.906841] srcu-torture: rcu_torture_read_exit: Start of test
[    6.915480] initcall kswapd_init+0x0/0x13 returned 0 after 8700 usecs
[    6.924724] calling  extfrag_debug_init+0x0/0x54 @ 1
[    6.932932] initcall extfrag_debug_init+0x0/0x54 returned 0 after 215 usecs
[    6.942411] calling  slab_proc_init+0x0/0x21 @ 1
[    6.947926] initcall slab_proc_init+0x0/0x21 returned 0 after 44 usecs
[    6.955542] calling  workingset_init+0x0/0x8c @ 1
[    6.961321] workingset: timestamp_bits=62 max_order=17 bucket_order=0
[    6.969571] initcall workingset_init+0x0/0x8c returned 0 after 8128 usecs
[    6.977472] calling  proc_vmalloc_init+0x0/0x27 @ 1
[    6.983156] initcall proc_vmalloc_init+0x0/0x27 returned 0 after 5 usecs
[    6.990957] calling  procswaps_init+0x0/0x1e @ 1
[    6.996691] initcall procswaps_init+0x0/0x1e returned 0 after 205 usecs
[    7.004589] calling  slab_sysfs_init+0x0/0xea @ 1
[    7.017394] initcall slab_sysfs_init+0x0/0xea returned 0 after 6782 usecs
[    7.025507] calling  fcntl_init+0x0/0x29 @ 1
[    7.030566] initcall fcntl_init+0x0/0x29 returned 0 after 9 usecs
[    7.037642] calling  proc_filesystems_init+0x0/0x21 @ 1
[    7.045457] initcall proc_filesystems_init+0x0/0x21 returned 0 after 38 usecs
[    7.054470] calling  start_dirtytime_writeback+0x0/0x29 @ 1
[    7.062042] initcall start_dirtytime_writeback+0x0/0x29 returned 0 after 80 usecs
[    7.072220] calling  blkdev_init+0x0/0x1b @ 1
[    7.078769] initcall blkdev_init+0x0/0x1b returned 0 after 213 usecs
[    7.087869] calling  dio_init+0x0/0x2c @ 1
[    7.093845] initcall dio_init+0x0/0x2c returned 0 after 69 usecs
[    7.102808] calling  dnotify_init+0x0/0x78 @ 1
[    7.109338] initcall dnotify_init+0x0/0x78 returned 0 after 15 usecs
[    7.118492] calling  aio_setup+0x0/0x78 @ 1
[    7.125204] initcall aio_setup+0x0/0x78 returned 0 after 501 usecs
[    7.134183] calling  io_uring_init+0x0/0x2c @ 1
[    7.141031] initcall io_uring_init+0x0/0x2c returned 0 after 11 usecs
[    7.150291] calling  mbcache_init+0x0/0x30 @ 1
[    7.156943] initcall mbcache_init+0x0/0x30 returned 0 after 72 usecs
[    7.166109] calling  init_grace+0x0/0xc @ 1
[    7.172698] initcall init_grace+0x0/0xc returned 0 after 287 usecs
[    7.181603] calling  init_v2_quota_format+0x0/0x21 @ 1
[    7.189073] initcall init_v2_quota_format+0x0/0x21 returned 0 after 52 usecs
[    7.199117] calling  init_devpts_fs+0x0/0x27 @ 1
[    7.206139] initcall init_devpts_fs+0x0/0x27 returned 0 after 248 usecs
[    7.215550] calling  ext4_init_fs+0x0/0x1cb @ 1
[    7.223122] initcall ext4_init_fs+0x0/0x1cb returned 0 after 930 usecs
[    7.232478] calling  journal_init+0x0/0x11c @ 1
[    7.239175] initcall journal_init+0x0/0x11c returned 0 after 98 usecs
[    7.248338] calling  init_fat_fs+0x0/0x49 @ 1
[    7.254770] initcall init_fat_fs+0x0/0x49 returned 0 after 96 usecs
[    7.263561] calling  init_vfat_fs+0x0/0xc @ 1
[    7.270004] initcall init_vfat_fs+0x0/0xc returned 0 after 3 usecs
[    7.278645] calling  init_msdos_fs+0x0/0xc @ 1
[    7.285094] initcall init_msdos_fs+0x0/0xc returned 0 after 4 usecs
[    7.293729] calling  init_iso9660_fs+0x0/0x6c @ 1
[    7.301339] initcall init_iso9660_fs+0x0/0x6c returned 0 after 741 usecs
[    7.310780] calling  init_nfs_fs+0x0/0x13a @ 1
[    7.318368] initcall init_nfs_fs+0x0/0x13a returned 0 after 1165 usecs
[    7.327596] calling  init_nfs_v2+0x0/0x13 @ 1
[    7.333853] initcall init_nfs_v2+0x0/0x13 returned 0 after 51 usecs
[    7.342562] calling  init_nfs_v3+0x0/0x13 @ 1
[    7.348870] initcall init_nfs_v3+0x0/0x13 returned 0 after 21 usecs
[    7.357713] calling  init_nfs_v4+0x0/0x32 @ 1
[    7.363870] NFS: Registering the id_resolver key type
[    7.371093] Key type id_resolver registered
[    7.377174] Key type id_legacy registered
[    7.382874] initcall init_nfs_v4+0x0/0x32 returned 0 after 18601 usecs
[    7.392004] calling  init_nlm+0x0/0x5b @ 1
[    7.398027] initcall init_nlm+0x0/0x5b returned 0 after 136 usecs
[    7.406726] calling  init_nls_cp437+0x0/0xe @ 1
[    7.412084] initcall init_nls_cp437+0x0/0xe returned 0 after 15 usecs
[    7.419404] calling  init_nls_ascii+0x0/0xe @ 1
[    7.424636] initcall init_nls_ascii+0x0/0xe returned 0 after 1 usecs
[    7.431883] calling  init_nls_iso8859_1+0x0/0xe @ 1
[    7.437515] initcall init_nls_iso8859_1+0x0/0xe returned 0 after 1 usecs
[    7.445121] calling  init_nls_utf8+0x0/0x21 @ 1
[    7.450318] initcall init_nls_utf8+0x0/0x21 returned 0 after 1 usecs
[    7.457603] calling  init_autofs_fs+0x0/0x25 @ 1
[    7.463143] initcall init_autofs_fs+0x0/0x25 returned 0 after 111 usecs
[    7.470702] calling  ipc_init+0x0/0x24 @ 1
[    7.475535] initcall ipc_init+0x0/0x24 returned 0 after 35 usecs
[    7.482596] calling  ipc_sysctl_init+0x0/0x13 @ 1
[    7.488144] initcall ipc_sysctl_init+0x0/0x13 returned 0 after 36 usecs
[    7.495776] calling  init_mqueue_fs+0x0/0x92 @ 1
[    7.501614] initcall init_mqueue_fs+0x0/0x92 returned 0 after 289 usecs
[    7.509527] calling  key_proc_init+0x0/0x63 @ 1
[    7.514881] initcall key_proc_init+0x0/0x63 returned 0 after 5 usecs
[    7.522515] calling  selinux_nf_ip_init+0x0/0x2e @ 1
[    7.528774] initcall selinux_nf_ip_init+0x0/0x2e returned 0 after 265 usecs
[    7.537414] calling  init_sel_fs+0x0/0x116 @ 1
[    7.542883] initcall init_sel_fs+0x0/0x116 returned 0 after 0 usecs
[    7.550296] calling  selnl_init+0x0/0x7c @ 1
[    7.555747] initcall selnl_init+0x0/0x7c returned 0 after 390 usecs
[    7.563008] calling  sel_netif_init+0x0/0x36 @ 1
[    7.568446] initcall sel_netif_init+0x0/0x36 returned 0 after 0 usecs
[    7.576141] calling  sel_netnode_init+0x0/0x33 @ 1
[    7.581884] initcall sel_netnode_init+0x0/0x33 returned 0 after 0 usecs
[    7.589487] calling  sel_netport_init+0x0/0x33 @ 1
[    7.595133] initcall sel_netport_init+0x0/0x33 returned 0 after 0 usecs
[    7.602801] calling  aurule_init+0x0/0x2a @ 1
[    7.607912] initcall aurule_init+0x0/0x2a returned 0 after 1 usecs
[    7.615938] calling  crypto_algapi_init+0x0/0xc @ 1
[    7.622638] initcall crypto_algapi_init+0x0/0xc returned 0 after 5 usecs
[    7.630285] calling  jent_mod_init+0x0/0x2d @ 1
[    7.649624] initcall jent_mod_init+0x0/0x2d returned 0 after 13685 usecs
[    7.657876] calling  asymmetric_key_init+0x0/0xc @ 1
[    7.663971] Key type asymmetric registered
[    7.668899] initcall asymmetric_key_init+0x0/0xc returned 0 after 4811 usecs
[    7.677185] calling  x509_key_init+0x0/0xc @ 1
[    7.682505] Asymmetric key parser 'x509' registered
[    7.688331] initcall x509_key_init+0x0/0xc returned 0 after 5725 usecs
[    7.696054] calling  proc_genhd_init+0x0/0x41 @ 1
[    7.701730] initcall proc_genhd_init+0x0/0x41 returned 0 after 8 usecs
[    7.709449] calling  bsg_init+0x0/0x113 @ 1
[    7.714531] Block layer SCSI generic (bsg) driver version 0.4 loaded (major 251)
[    7.723220] initcall bsg_init+0x0/0x113 returned 0 after 8549 usecs
[    7.730497] calling  deadline_init+0x0/0xc @ 1
[    7.736011] io scheduler mq-deadline registered
[    7.741563] initcall deadline_init+0x0/0xc returned 0 after 5505 usecs
[    7.757468] calling  kyber_init+0x0/0xc @ 1
[    7.763713] io scheduler kyber registered
[    7.768869] initcall kyber_init+0x0/0xc returned 0 after 5334 usecs
[    7.776331] calling  mod_init+0x0/0x7 @ 1
[    7.781204] initcall mod_init+0x0/0x7 returned 0 after 0 usecs
[    7.788545] calling  sg_pool_init+0x0/0xb4 @ 1
[    7.800093] initcall sg_pool_init+0x0/0xb4 returned 0 after 4919 usecs
[    7.808171] calling  pcie_portdrv_init+0x0/0x39 @ 1
[    7.818430] initcall pcie_portdrv_init+0x0/0x39 returned 0 after 3996 usecs
[    7.826585] calling  pci_proc_init+0x0/0x68 @ 1
[    7.832619] initcall pci_proc_init+0x0/0x68 returned 0 after 613 usecs
[    7.842146] calling  pci_hotplug_init+0x0/0x7 @ 1
[    7.849021] initcall pci_hotplug_init+0x0/0x7 returned 0 after 0 usecs
[    7.858323] calling  efifb_driver_init+0x0/0xe @ 1
[    7.865758] initcall efifb_driver_init+0x0/0xe returned 0 after 671 usecs
[    7.875557] calling  ged_driver_init+0x0/0xe @ 1
[    7.882583] initcall ged_driver_init+0x0/0xe returned 0 after 385 usecs
[    7.891231] calling  acpi_ac_init+0x0/0x92 @ 1
[    7.897167] initcall acpi_ac_init+0x0/0x92 returned 0 after 792 usecs
[    7.904312] calling  acpi_button_driver_init+0x0/0x52 @ 1
[    7.911866] input: Power Button as /devices/LNXSYSTM:00/LNXPWRBN:00/input/input0
[    7.922633] ACPI: Power Button [PWRF]
[    7.927718] initcall acpi_button_driver_init+0x0/0x52 returned 0 after 16670 usecs
[    7.936468] calling  acpi_fan_driver_init+0x0/0xe @ 1
[    7.942491] initcall acpi_fan_driver_init+0x0/0xe returned 0 after 20 usecs
[    7.950488] calling  acpi_video_init+0x0/0xcb @ 1
[    7.956594] initcall acpi_video_init+0x0/0xcb returned 0 after 89 usecs
[    7.964119] calling  acpi_processor_driver_init+0x0/0xad @ 1
[    7.973399] initcall acpi_processor_driver_init+0x0/0xad returned 0 after 1336 usecs
[    7.982242] calling  acpi_thermal_init+0x0/0x71 @ 1
[    7.989410] initcall acpi_thermal_init+0x0/0x71 returned 0 after 1455 usecs
[    7.998379] calling  acpi_battery_init+0x0/0x32 @ 1
[    8.005062] initcall acpi_battery_init+0x0/0x32 returned 0 after 306 usecs
[    8.013740] calling  bgrt_init+0x0/0xb6 @ 1
[    8.019656] initcall bgrt_init+0x0/0xb6 returned -19 after 0 usecs
[    8.028214] calling  gpio_clk_driver_init+0x0/0xe @ 1
[    8.035387] initcall gpio_clk_driver_init+0x0/0xe returned 0 after 151 usecs
[    8.044794] calling  plt_clk_driver_init+0x0/0xe @ 1
[    8.050494] initcall plt_clk_driver_init+0x0/0xe returned 0 after 21 usecs
[    8.059166] calling  virtio_pci_driver_init+0x0/0x15 @ 1
[    8.065216] initcall virtio_pci_driver_init+0x0/0x15 returned 0 after 61 usecs
[    8.073799] calling  n_null_init+0x0/0x1e @ 1
[    8.078910] initcall n_null_init+0x0/0x1e returned 0 after 11 usecs
[    8.085906] calling  pty_init+0x0/0x1e8 @ 1
[    8.093572] initcall pty_init+0x0/0x1e8 returned 0 after 2830 usecs
[    8.100534] calling  sysrq_init+0x0/0x62 @ 1
[    8.105523] initcall sysrq_init+0x0/0x62 returned 0 after 101 usecs
[    8.113759] calling  serial8250_init+0x0/0x17e @ 1
[    8.119780] Serial: 8250/16550 driver, 4 ports, IRQ sharing enabled
[    8.129838] 00:03: ttyS0 at I/O 0x3f8 (irq = 4, base_baud = 115200) is a 16550A
[    8.140940] initcall serial8250_init+0x0/0x17e returned 0 after 20861 usecs
[    8.151748] calling  serial_pci_driver_init+0x0/0x15 @ 1
[    8.158164] initcall serial_pci_driver_init+0x0/0x15 returned 0 after 73 usecs
[    8.166954] calling  exar_pci_driver_init+0x0/0x15 @ 1
[    8.172988] initcall exar_pci_driver_init+0x0/0x15 returned 0 after 51 usecs
[    8.181230] calling  lpss8250_pci_driver_init+0x0/0x15 @ 1
[    8.187745] initcall lpss8250_pci_driver_init+0x0/0x15 returned 0 after 33 usecs
[    8.196308] calling  mid8250_pci_driver_init+0x0/0x15 @ 1
[    8.202619] initcall mid8250_pci_driver_init+0x0/0x15 returned 0 after 23 usecs
[    8.210982] calling  virtio_console_init+0x0/0xff @ 1
[    8.217617] initcall virtio_console_init+0x0/0xff returned 0 after 855 usecs
[    8.225536] calling  hpet_init+0x0/0x64 @ 1
[    8.232508] initcall hpet_init+0x0/0x64 returned 0 after 2086 usecs
[    8.239735] calling  nvram_module_init+0x0/0x83 @ 1
[    8.245606] Non-volatile memory driver v1.3
[    8.250563] initcall nvram_module_init+0x0/0x83 returned 0 after 5009 usecs
[    8.258474] calling  hwrng_modinit+0x0/0x8a @ 1
[    8.263752] initcall hwrng_modinit+0x0/0x8a returned 0 after 71 usecs
[    8.271063] calling  mod_init+0x0/0x48 @ 1
[    8.275861] initcall mod_init+0x0/0x48 returned -19 after 0 usecs
[    8.282990] calling  agp_init+0x0/0x23 @ 1
[    8.287878] Linux agpgart interface v0.103
[    8.292735] initcall agp_init+0x0/0x23 returned 0 after 4740 usecs
[    8.299926] calling  agp_amd64_mod_init+0x0/0x5 @ 1
[    8.305974] initcall agp_amd64_mod_init+0x0/0x5 returned -19 after 144 usecs
[    8.315761] calling  agp_intel_init+0x0/0x28 @ 1
[    8.323109] initcall agp_intel_init+0x0/0x28 returned 0 after 626 usecs
[    8.332054] calling  drm_kms_helper_init+0x0/0x7 @ 1
[    8.343090] initcall drm_kms_helper_init+0x0/0x7 returned 0 after 24 usecs
[    8.353135] calling  drm_core_init+0x0/0x9e @ 1
[    8.361537] initcall drm_core_init+0x0/0x9e returned 0 after 1690 usecs
[    8.370947] calling  i915_init+0x0/0x6b @ 1
[    8.381525] initcall i915_init+0x0/0x6b returned 0 after 4240 usecs
[    8.390415] calling  cn_proc_init+0x0/0x35 @ 1
[    8.395712] initcall cn_proc_init+0x0/0x35 returned 0 after 18 usecs
[    8.403732] calling  topology_sysfs_init+0x0/0x27 @ 1
[    8.409835] initcall topology_sysfs_init+0x0/0x27 returned 0 after 125 usecs
[    8.418061] calling  cacheinfo_sysfs_init+0x0/0x27 @ 1
[    8.424590] initcall cacheinfo_sysfs_init+0x0/0x27 returned 0 after 448 usecs
[    8.433015] calling  loop_init+0x0/0x168 @ 1
[    8.481199] loop: module loaded
[    8.485104] initcall loop_init+0x0/0x168 returned 0 after 45796 usecs
[    8.493035] calling  mac_hid_init+0x0/0x21 @ 1
[    8.498210] initcall mac_hid_init+0x0/0x21 returned 0 after 52 usecs
[    8.505595] calling  spi_transport_init+0x0/0x74 @ 1
[    8.511651] initcall spi_transport_init+0x0/0x74 returned 0 after 254 usecs
[    8.519602] calling  init_sd+0x0/0x18c @ 1
[    8.524680] initcall init_sd+0x0/0x18c returned 0 after 221 usecs
[    8.531752] calling  init_sr+0x0/0x43 @ 1
[    8.536561] initcall init_sr+0x0/0x43 returned 0 after 28 usecs
[    8.543659] calling  init_sg+0x0/0x1c0 @ 1
[    8.548696] initcall init_sg+0x0/0x1c0 returned 0 after 208 usecs
[    8.556107] calling  ahci_pci_driver_init+0x0/0x15 @ 1
[    8.562836] ahci 0000:00:1f.2: version 3.0
[    8.569318] PCI Interrupt Link [GSIA] enabled at IRQ 16
[    8.584935] ahci 0000:00:1f.2: AHCI 0001.0000 32 slots 6 ports 1.5 Gbps 0x3f impl SATA mode
[    8.594583] ahci 0000:00:1f.2: flags: 64bit ncq only 
[    8.617099] scsi host0: ahci
[    8.622893] scsi host1: ahci
[    8.629085] scsi host2: ahci
[    8.643745] scsi host3: ahci
[    8.650658] scsi host4: ahci
[    8.657419] scsi host5: ahci
[    8.663262] ata1: SATA max UDMA/133 abar m4096@0xfebf1000 port 0xfebf1100 irq 24
[    8.674408] ata2: SATA max UDMA/133 abar m4096@0xfebf1000 port 0xfebf1180 irq 24
[    8.683500] ata3: SATA max UDMA/133 abar m4096@0xfebf1000 port 0xfebf1200 irq 24
[    8.692857] ata4: SATA max UDMA/133 abar m4096@0xfebf1000 port 0xfebf1280 irq 24
[    8.701713] ata5: SATA max UDMA/133 abar m4096@0xfebf1000 port 0xfebf1300 irq 24
[    8.710543] ata6: SATA max UDMA/133 abar m4096@0xfebf1000 port 0xfebf1380 irq 24
[    8.719112] initcall ahci_pci_driver_init+0x0/0x15 returned 0 after 153329 usecs
[    8.727592] calling  piix_init+0x0/0x26 @ 1
[    8.732902] initcall piix_init+0x0/0x26 returned 0 after 166 usecs
[    8.740641] calling  amd_pci_driver_init+0x0/0x15 @ 1
[    8.747174] initcall amd_pci_driver_init+0x0/0x15 returned 0 after 24 usecs
[    8.755728] calling  oldpiix_pci_driver_init+0x0/0x15 @ 1
[    8.762784] initcall oldpiix_pci_driver_init+0x0/0x15 returned 0 after 54 usecs
[    8.772070] calling  sch_pci_driver_init+0x0/0x15 @ 1
[    8.778978] initcall sch_pci_driver_init+0x0/0x15 returned 0 after 226 usecs
[    8.788136] calling  net_olddevs_init+0x0/0x55 @ 1
[    8.795086] initcall net_olddevs_init+0x0/0x55 returned 0 after 363 usecs
[    8.803982] calling  blackhole_netdev_init+0x0/0x78 @ 1
[    8.810992] initcall blackhole_netdev_init+0x0/0x78 returned 0 after 425 usecs
[    8.820752] calling  phy_module_init+0x0/0x13 @ 1
[    8.826946] initcall phy_module_init+0x0/0x13 returned 0 after 322 usecs
[    8.835304] calling  tg3_driver_init+0x0/0x15 @ 1
[    8.841761] initcall tg3_driver_init+0x0/0x15 returned 0 after 67 usecs
[    8.850403] calling  e100_init_module+0x0/0x4c @ 1
[    8.856045] e100: Intel(R) PRO/100 Network Driver
[    8.861657] e100: Copyright(c) 1999-2006 Intel Corporation
[    8.869197] initcall e100_init_module+0x0/0x4c returned 0 after 12858 usecs
[    8.878290] calling  e1000_init_module+0x0/0x72 @ 1
[    8.884638] e1000: Intel(R) PRO/1000 Network Driver
[    8.890356] e1000: Copyright (c) 1999-2006 Intel Corporation.
[    8.897347] initcall e1000_init_module+0x0/0x72 returned 0 after 12345 usecs
[    8.905643] calling  e1000_init_module+0x0/0x2d @ 1
[    8.911776] e1000e: Intel(R) PRO/1000 Network Driver
[    8.918651] e1000e: Copyright(c) 1999 - 2015 Intel Corporation.
[    8.926483] initcall e1000_init_module+0x0/0x2d returned 0 after 14396 usecs
[    8.934652] calling  sky2_init_module+0x0/0x21 @ 1
[    8.940329] sky2: driver version 1.30
[    8.945409] initcall sky2_init_module+0x0/0x21 returned 0 after 4957 usecs
[    8.953665] calling  forcedeth_pci_driver_init+0x0/0x15 @ 1
[    8.961186] initcall forcedeth_pci_driver_init+0x0/0x15 returned 0 after 78 usecs
[    8.971462] calling  rtl8139_init_module+0x0/0x15 @ 1
[    8.977972] initcall rtl8139_init_module+0x0/0x15 returned 0 after 56 usecs
[    8.987765] calling  rtl8169_pci_driver_init+0x0/0x15 @ 1
[    8.995812] initcall rtl8169_pci_driver_init+0x0/0x15 returned 0 after 53 usecs
[    9.006522] calling  cdrom_init+0x0/0xc @ 1
[    9.012551] initcall cdrom_init+0x0/0xc returned 0 after 96 usecs
[    9.019812] calling  nonstatic_sysfs_init+0x0/0xc @ 1
[    9.026020] initcall nonstatic_sysfs_init+0x0/0xc returned 0 after 31 usecs
[    9.034161] calling  yenta_cardbus_driver_init+0x0/0x15 @ 1
[    9.040996] initcall yenta_cardbus_driver_init+0x0/0x15 returned 0 after 121 usecs
[    9.049927] calling  mon_init+0x0/0x123 @ 1
[    9.062586] initcall mon_init+0x0/0x123 returned 0 after 7349 usecs
[    9.070086] calling  ehci_hcd_init+0x0/0x55 @ 1
[    9.075623] ehci_hcd: USB 2.0 'Enhanced' Host Controller (EHCI) Driver
[    9.083565] initcall ehci_hcd_init+0x0/0x55 returned 0 after 7852 usecs
[    9.092067] calling  ehci_pci_init+0x0/0x64 @ 1
[    9.097970] ehci-pci: EHCI PCI platform driver
[    9.103788] initcall ehci_pci_init+0x0/0x64 returned 0 after 5681 usecs
[    9.112227] calling  ohci_hcd_mod_init+0x0/0x4d @ 1
[    9.118679] ohci_hcd: USB 1.1 'Open' Host Controller (OHCI) Driver
[    9.127041] initcall ohci_hcd_mod_init+0x0/0x4d returned 0 after 8184 usecs
[    9.135565] calling  ohci_pci_init+0x0/0x64 @ 1
[    9.140957] ohci-pci: OHCI PCI platform driver
[    9.146438] initcall ohci_pci_init+0x0/0x64 returned 0 after 5363 usecs
[    9.154482] calling  uhci_hcd_init+0x0/0xa6 @ 1
[    9.160272] uhci_hcd: USB Universal Host Controller Interface driver
[    9.168993] initcall uhci_hcd_init+0x0/0xa6 returned 0 after 8514 usecs
[    9.176804] calling  xhci_hcd_init+0x0/0x1e @ 1
[    9.183226] initcall xhci_hcd_init+0x0/0x1e returned 0 after 176 usecs
[    9.191194] calling  xhci_pci_init+0x0/0x49 @ 1
[    9.198809] initcall xhci_pci_init+0x0/0x49 returned 0 after 1298 usecs
[    9.210520] calling  usblp_driver_init+0x0/0x15 @ 1
[    9.217999] usbcore: registered new interface driver usblp
[    9.225536] initcall usblp_driver_init+0x0/0x15 returned 0 after 7679 usecs
[    9.235429] calling  usb_storage_driver_init+0x0/0x2a @ 1
[    9.243007] usbcore: registered new interface driver usb-storage
[    9.252995] initcall usb_storage_driver_init+0x0/0x2a returned 0 after 9662 usecs
[    9.262837] calling  i8042_init+0x0/0x4c2 @ 1
[    9.270013] i8042: PNP: PS/2 Controller [PNP0303:KBD,PNP0f13:MOU] at 0x60,0x64 irq 1,12
[    9.306685] serio: i8042 KBD port at 0x60,0x64 irq 1
[    9.314030] serio: i8042 AUX port at 0x60,0x64 irq 12
[    9.328099] initcall i8042_init+0x0/0x4c2 returned 0 after 57638 usecs
[    9.339436] calling  serport_init+0x0/0x2c @ 1
[    9.345783] initcall serport_init+0x0/0x2c returned 0 after 0 usecs
[    9.353509] calling  input_leds_init+0x0/0xc @ 1
[    9.360820] initcall input_leds_init+0x0/0xc returned 0 after 2 usecs
[    9.370395] calling  evdev_init+0x0/0xc @ 1
[    9.380244] initcall evdev_init+0x0/0xc returned 0 after 4353 usecs
[    9.389074] calling  atkbd_init+0x0/0x21 @ 1
[    9.396944] initcall atkbd_init+0x0/0x21 returned 0 after 586 usecs
[    9.405116] calling  psmouse_init+0x0/0x7f @ 1
[    9.417854] initcall psmouse_init+0x0/0x7f returned 0 after 1800 usecs
[    9.426734] calling  cmos_init+0x0/0x73 @ 1
[    9.433886] rtc_cmos 00:04: RTC can wake from S4
[    9.449844] input: AT Translated Set 2 keyboard as /devices/platform/i8042/serio0/input/input1
[    9.485193] ata3: SATA link up 1.5 Gbps (SStatus 113 SControl 300)
[    9.494210] ata3.00: ATAPI: QEMU DVD-ROM, 2.5+, max UDMA/100
[    9.501397] ata3.00: applying bridge limits
[    9.507911] ata3.00: configured for UDMA/100
[    9.516915] ata2: SATA link down (SStatus 0 SControl 300)
[    9.527077] ata4: SATA link down (SStatus 0 SControl 300)
[    9.535848] ata1: SATA link down (SStatus 0 SControl 300)
[    9.545008] ata5: SATA link down (SStatus 0 SControl 300)
[    9.556119] scsi 2:0:0:0: CD-ROM            QEMU     QEMU DVD-ROM     2.5+ PQ: 0 ANSI: 5
[    9.569656] rtc_cmos 00:04: registered as rtc0
[    9.575901] rtc_cmos 00:04: alarms up to one day, y3k, 242 bytes nvram, hpet irqs
[    9.585836] initcall cmos_init+0x0/0x73 returned 0 after 149645 usecs
[    9.594273] calling  smbalert_driver_init+0x0/0xe @ 1
[    9.600983] initcall smbalert_driver_init+0x0/0xe returned 0 after 172 usecs
[    9.610256] calling  i2c_i801_init+0x0/0xc5 @ 1
[    9.618658] i801_smbus 0000:00:1f.3: SMBus using PCI interrupt
[    9.626798] i2c i2c-0: 1/1 memory slots populated (from DMI)
[    9.634279] i2c i2c-0: Memory type 0x07 not supported yet, not instantiating SPD
[    9.644002] initcall i2c_i801_init+0x0/0xc5 returned 0 after 27024 usecs
[    9.653013] calling  ptp_kvm_init+0x0/0xf0 @ 1
[    9.663758] sr 2:0:0:0: [sr0] scsi3-mmc drive: 4x/4x cd/rw xa/form2 tray
[    9.674523] cdrom: Uniform CD-ROM driver Revision: 3.20
[    9.683935] initcall ptp_kvm_init+0x0/0xf0 returned 0 after 24235 usecs
[    9.693740] calling  dm_init+0x0/0x3c @ 1
[    9.717707] sr 2:0:0:0: Attached scsi CD-ROM sr0
[    9.726863] device-mapper: ioctl: 4.43.0-ioctl (2020-10-01) initialised: dm-devel@redhat.com
[    9.737778] initcall dm_init+0x0/0x3c returned 0 after 36719 usecs
[    9.746045] calling  dm_mirror_init+0x0/0x29 @ 1
[    9.751995] initcall dm_mirror_init+0x0/0x29 returned 0 after 38 usecs
[    9.760369] calling  dm_dirty_log_init+0x0/0x4f @ 1
[    9.775322] initcall dm_dirty_log_init+0x0/0x4f returned 0 after 643 usecs
[    9.785032] calling  dm_zero_init+0x0/0x29 @ 1
[    9.791547] initcall dm_zero_init+0x0/0x29 returned 0 after 413 usecs
[    9.799853] calling  intel_pstate_init+0x0/0x4a2 @ 1
[    9.806702] intel_pstate: CPU model not supported
[    9.814147] initcall intel_pstate_init+0x0/0x4a2 returned -19 after 7365 usecs
[    9.823444] calling  haltpoll_init+0x0/0xc0 @ 1
[    9.829509] initcall haltpoll_init+0x0/0xc0 returned -19 after 211 usecs
[    9.838432] calling  efivars_sysfs_init+0x0/0x30 @ 1
[    9.845216] initcall efivars_sysfs_init+0x0/0x30 returned 0 after 112 usecs
[    9.854378] calling  esrt_sysfs_init+0x0/0x2a2 @ 1
[    9.860501] initcall esrt_sysfs_init+0x0/0x2a2 returned -38 after 12 usecs
[    9.868995] calling  hid_init+0x0/0x5c @ 1
[    9.876820] hid: raw HID events driver (C) Jiri Kosina
[    9.884343] initcall hid_init+0x0/0x5c returned 0 after 9874 usecs
[    9.892373] calling  hid_generic_init+0x0/0x15 @ 1
[    9.899382] initcall hid_generic_init+0x0/0x15 returned 0 after 616 usecs
[    9.908159] calling  a4_driver_init+0x0/0x15 @ 1
[    9.914378] initcall a4_driver_init+0x0/0x15 returned 0 after 15 usecs
[    9.923188] calling  apple_driver_init+0x0/0x15 @ 1
[    9.930122] initcall apple_driver_init+0x0/0x15 returned 0 after 317 usecs
[    9.939175] calling  belkin_driver_init+0x0/0x15 @ 1
[    9.946088] initcall belkin_driver_init+0x0/0x15 returned 0 after 26 usecs
[    9.955226] calling  ch_driver_init+0x0/0x15 @ 1
[    9.961063] initcall ch_driver_init+0x0/0x15 returned 0 after 30 usecs
[    9.968943] calling  ch_driver_init+0x0/0x15 @ 1
[    9.974777] initcall ch_driver_init+0x0/0x15 returned 0 after 24 usecs
[    9.982664] calling  cp_driver_init+0x0/0x15 @ 1
[    9.988314] initcall cp_driver_init+0x0/0x15 returned 0 after 21 usecs
[    9.996353] calling  ez_driver_init+0x0/0x15 @ 1
[   10.002073] initcall ez_driver_init+0x0/0x15 returned 0 after 20 usecs
[   10.010026] calling  gyration_driver_init+0x0/0x15 @ 1
[   10.016366] initcall gyration_driver_init+0x0/0x15 returned 0 after 185 usecs
[   10.025112] calling  ite_driver_init+0x0/0x15 @ 1
[   10.030935] initcall ite_driver_init+0x0/0x15 returned 0 after 17 usecs
[   10.038971] calling  ks_driver_init+0x0/0x15 @ 1
[   10.044602] initcall ks_driver_init+0x0/0x15 returned 0 after 17 usecs
[   10.053950] calling  lg_driver_init+0x0/0x15 @ 1
[   10.062664] initcall lg_driver_init+0x0/0x15 returned 0 after 30 usecs
[   10.071115] calling  lg_g15_driver_init+0x0/0x15 @ 1
[   10.077725] initcall lg_g15_driver_init+0x0/0x15 returned 0 after 156 usecs
[   10.086730] calling  ms_driver_init+0x0/0x15 @ 1
[   10.092970] initcall ms_driver_init+0x0/0x15 returned 0 after 22 usecs
[   10.101579] calling  mr_driver_init+0x0/0x15 @ 1
[   10.107917] initcall mr_driver_init+0x0/0x15 returned 0 after 92 usecs
[   10.116468] calling  ntrig_driver_init+0x0/0x15 @ 1
[   10.123126] initcall ntrig_driver_init+0x0/0x15 returned 0 after 30 usecs
[   10.132183] calling  pl_driver_init+0x0/0x15 @ 1
[   10.138211] initcall pl_driver_init+0x0/0x15 returned 0 after 46 usecs
[   10.147309] calling  pl_driver_init+0x0/0x15 @ 1
[   10.154942] initcall pl_driver_init+0x0/0x15 returned 0 after 37 usecs
[   10.165464] calling  redragon_driver_init+0x0/0x15 @ 1
[   10.173867] initcall redragon_driver_init+0x0/0x15 returned 0 after 43 usecs
[   10.185157] calling  samsung_driver_init+0x0/0x15 @ 1
[   10.192320] initcall samsung_driver_init+0x0/0x15 returned 0 after 176 usecs
[   10.201637] calling  sony_init+0x0/0x38 @ 1
[   10.207362] initcall sony_init+0x0/0x38 returned 0 after 161 usecs
[   10.215687] calling  sp_driver_init+0x0/0x15 @ 1
[   10.224828] initcall sp_driver_init+0x0/0x15 returned 0 after 205 usecs
[   10.240141] calling  ts_driver_init+0x0/0x15 @ 1
[   10.246667] initcall ts_driver_init+0x0/0x15 returned 0 after 37 usecs
[   10.255288] calling  hid_init+0x0/0x58 @ 1
[   10.262664] usbcore: registered new interface driver usbhid
[   10.270050] usbhid: USB HID core driver
[   10.275257] initcall hid_init+0x0/0x58 returned 0 after 14090 usecs
[   10.283656] calling  eeepc_laptop_init+0x0/0x57 @ 1
[   10.293682] initcall eeepc_laptop_init+0x0/0x57 returned -19 after 3229 usecs
[   10.303472] calling  pmc_atom_init+0x0/0x27a @ 1
[   10.310945] initcall pmc_atom_init+0x0/0x27a returned -19 after 743 usecs
[   10.320987] calling  alsa_hwdep_init+0x0/0x5e @ 1
[   10.328813] initcall alsa_hwdep_init+0x0/0x5e returned 0 after 1471 usecs
[   10.339061] calling  alsa_timer_init+0x0/0x1f0 @ 1
[   10.358084] ata6: SATA link down (SStatus 0 SControl 300)
[   10.381828] sr 2:0:0:0: Attached scsi generic sg0 type 5
[   10.406977] initcall alsa_timer_init+0x0/0x1f0 returned 0 after 58885 usecs
[   10.417726] calling  snd_hrtimer_init+0x0/0x117 @ 1
[   10.424410] initcall snd_hrtimer_init+0x0/0x117 returned 0 after 3 usecs
[   10.434871] calling  alsa_pcm_init+0x0/0x64 @ 1
[   10.442388] initcall alsa_pcm_init+0x0/0x64 returned 0 after 184 usecs
[   10.451483] calling  alsa_seq_init+0x0/0x4a @ 1
[   10.460205] initcall alsa_seq_init+0x0/0x4a returned 0 after 1395 usecs
[   10.470723] calling  alsa_seq_dummy_init+0x0/0x9c @ 1
[   10.478952] initcall alsa_seq_dummy_init+0x0/0x9c returned 0 after 49 usecs
[   10.490072] calling  azx_driver_init+0x0/0x15 @ 1
[   10.498833] initcall azx_driver_init+0x0/0x15 returned 0 after 1574 usecs
[   10.509766] calling  sock_diag_init+0x0/0x2a @ 1
[   10.518446] initcall sock_diag_init+0x0/0x2a returned 0 after 2297 usecs
[   10.527602] calling  blackhole_init+0x0/0xc @ 1
[   10.534138] initcall blackhole_init+0x0/0xc returned 0 after 320 usecs
[   10.543075] calling  nfnetlink_init+0x0/0x57 @ 1
[   10.549801] initcall nfnetlink_init+0x0/0x57 returned 0 after 224 usecs
[   10.558838] calling  nfnetlink_log_init+0x0/0x99 @ 1
[   10.566119] initcall nfnetlink_log_init+0x0/0x99 returned 0 after 255 usecs
[   10.575282] calling  nf_conntrack_standalone_init+0x0/0x87 @ 1
[   10.589451] initcall nf_conntrack_standalone_init+0x0/0x87 returned 0 after 5996 usecs
[   10.600565] calling  ctnetlink_init+0x0/0x83 @ 1
[   10.607157] initcall ctnetlink_init+0x0/0x83 returned 0 after 4 usecs
[   10.616378] calling  nf_conntrack_ftp_init+0x0/0x12c @ 1
[   10.623736] initcall nf_conntrack_ftp_init+0x0/0x12c returned 0 after 46 usecs
[   10.634376] calling  nf_conntrack_irc_init+0x0/0x129 @ 1
[   10.642204] initcall nf_conntrack_irc_init+0x0/0x129 returned 0 after 214 usecs
[   10.652708] calling  nf_conntrack_sip_init+0x0/0x172 @ 1
[   10.660414] initcall nf_conntrack_sip_init+0x0/0x172 returned 0 after 10 usecs
[   10.693867] calling  nf_nat_init+0x0/0xbb @ 1
[   10.703311] initcall nf_nat_init+0x0/0xbb returned 0 after 2100 usecs
[   10.713821] calling  nf_nat_ftp_init+0x0/0x2a @ 1
[   10.721427] initcall nf_nat_ftp_init+0x0/0x2a returned 0 after 1 usecs
[   10.730948] calling  nf_nat_irc_init+0x0/0x2a @ 1
[   10.737111] initcall nf_nat_irc_init+0x0/0x2a returned 0 after 1 usecs
[   10.746201] calling  nf_nat_sip_init+0x0/0x36 @ 1
[   10.753041] initcall nf_nat_sip_init+0x0/0x36 returned 0 after 1 usecs
[   10.761687] calling  xt_init+0x0/0xcf @ 1
[   10.767217] initcall xt_init+0x0/0xcf returned 0 after 42 usecs
[   10.783324] calling  tcpudp_mt_init+0x0/0x11 @ 1
[   10.791740] initcall tcpudp_mt_init+0x0/0x11 returned 0 after 640 usecs
[   10.801652] calling  connsecmark_tg_init+0x0/0xc @ 1
[   10.808570] initcall connsecmark_tg_init+0x0/0xc returned 0 after 290 usecs
[   10.817698] calling  nflog_tg_init+0x0/0xc @ 1
[   10.823718] initcall nflog_tg_init+0x0/0xc returned 0 after 1 usecs
[   10.832478] calling  secmark_tg_init+0x0/0x11 @ 1
[   10.839038] initcall secmark_tg_init+0x0/0x11 returned 0 after 2 usecs
[   10.847950] calling  tcpmss_tg_init+0x0/0x11 @ 1
[   10.854328] initcall tcpmss_tg_init+0x0/0x11 returned 0 after 92 usecs
[   10.862876] calling  conntrack_mt_init+0x0/0x11 @ 1
[   10.869080] initcall conntrack_mt_init+0x0/0x11 returned 0 after 2 usecs
[   10.878009] calling  policy_mt_init+0x0/0x11 @ 1
[   10.884482] initcall policy_mt_init+0x0/0x11 returned 0 after 2 usecs
[   10.893111] calling  state_mt_init+0x0/0xc @ 1
[   10.899411] initcall state_mt_init+0x0/0xc returned 0 after 1 usecs
[   10.907854] calling  gre_offload_init+0x0/0x48 @ 1
[   10.915047] initcall gre_offload_init+0x0/0x48 returned 0 after 220 usecs
[   10.924068] calling  sysctl_ipv4_init+0x0/0x46 @ 1
[   10.933025] initcall sysctl_ipv4_init+0x0/0x46 returned 0 after 2122 usecs
[   10.942356] calling  tunnel4_init+0x0/0x58 @ 1
[   10.948813] initcall tunnel4_init+0x0/0x58 returned 0 after 55 usecs
[   10.957676] calling  nf_defrag_init+0x0/0xc @ 1
[   10.964003] initcall nf_defrag_init+0x0/0xc returned 0 after 27 usecs
[   10.973042] calling  ip_tables_init+0x0/0x8d @ 1
[   10.981796] initcall ip_tables_init+0x0/0x8d returned 0 after 1769 usecs
[   10.991372] calling  iptable_filter_init+0x0/0x4c @ 1
[   11.003625] initcall iptable_filter_init+0x0/0x4c returned 0 after 4828 usecs
[   11.013287] calling  iptable_mangle_init+0x0/0xb8 @ 1
[   11.021635] initcall iptable_mangle_init+0x0/0xb8 returned 0 after 1363 usecs
[   11.031897] calling  reject_tg_init+0x0/0xc @ 1
[   11.039353] initcall reject_tg_init+0x0/0xc returned 0 after 1 usecs
[   11.049910] calling  cubictcp_register+0x0/0x53 @ 1
[   11.058101] initcall cubictcp_register+0x0/0x53 returned 0 after 61 usecs
[   11.067293] calling  xfrm_user_init+0x0/0x45 @ 1
[   11.073678] Initializing XFRM netlink socket
[   11.081367] initcall xfrm_user_init+0x0/0x45 returned 0 after 7504 usecs
[   11.091147] calling  inet6_init+0x0/0x35e @ 1
[   11.105830] NET: Registered protocol family 10
[   11.162094] input: ImExPS/2 Generic Explorer Mouse as /devices/platform/i8042/serio1/input/input3
[   11.919274] Segment Routing with IPv6
[   11.925238] initcall inet6_init+0x0/0x35e returned 0 after 808359 usecs
[   11.934509] calling  ah6_init+0x0/0x71 @ 1
[   11.940764] initcall ah6_init+0x0/0x71 returned 0 after 286 usecs
[   11.949364] calling  esp6_init+0x0/0x71 @ 1
[   11.960040] initcall esp6_init+0x0/0x71 returned 0 after 2 usecs
[   11.968054] calling  ip6_tables_init+0x0/0x8d @ 1
[   11.974723] initcall ip6_tables_init+0x0/0x8d returned 0 after 204 usecs
[   11.983886] calling  ip6table_filter_init+0x0/0x4c @ 1
[   11.992924] initcall ip6table_filter_init+0x0/0x4c returned 0 after 1132 usecs
[   12.004769] calling  ip6table_mangle_init+0x0/0xb8 @ 1
[   12.014278] initcall ip6table_mangle_init+0x0/0xb8 returned 0 after 1199 usecs
[   12.026481] calling  nf_defrag_init+0x0/0x45 @ 1
[   12.034234] initcall nf_defrag_init+0x0/0x45 returned 0 after 315 usecs
[   12.044433] calling  ipv6header_mt6_init+0x0/0xc @ 1
[   12.052189] initcall ipv6header_mt6_init+0x0/0xc returned 0 after 2 usecs
[   12.062994] calling  reject_tg6_init+0x0/0xc @ 1
[   12.070581] initcall reject_tg6_init+0x0/0xc returned 0 after 2 usecs
[   12.081311] calling  sit_init+0x0/0xc3 @ 1
[   12.088241] sit: IPv6, IPv4 and MPLS over IPv4 tunneling driver
[   12.108186] initcall sit_init+0x0/0xc3 returned 0 after 19468 usecs
[   12.118403] calling  packet_init+0x0/0x75 @ 1
[   12.125120] NET: Registered protocol family 17
[   12.131952] initcall packet_init+0x0/0x75 returned 0 after 6692 usecs
[   12.141341] calling  init_rpcsec_gss+0x0/0x60 @ 1
[   12.151072] initcall init_rpcsec_gss+0x0/0x60 returned 0 after 2853 usecs
[   12.160474] calling  init_dns_resolver+0x0/0xca @ 1
[   12.169755] Key type dns_resolver registered
[   12.176499] initcall init_dns_resolver+0x0/0xca returned 0 after 8666 usecs
[   12.188758] calling  pm_check_save_msr+0x0/0xc0 @ 1
[   12.203045] initcall pm_check_save_msr+0x0/0xc0 returned 0 after 5820 usecs
[   12.213899] calling  mcheck_init_device+0x0/0x112 @ 1
[   12.227220] initcall mcheck_init_device+0x0/0x112 returned 0 after 5162 usecs
[   12.246723] calling  mcheck_late_init+0x0/0x58 @ 1
[   12.255509] initcall mcheck_late_init+0x0/0x58 returned 0 after 1098 usecs
[   12.266055] calling  severities_debugfs_init+0x0/0x29 @ 1
[   12.274503] initcall severities_debugfs_init+0x0/0x29 returned 0 after 12 usecs
[   12.285479] calling  microcode_init+0x0/0x1bd @ 1
[   12.292965] initcall microcode_init+0x0/0x1bd returned -22 after 57 usecs
[   12.302978] calling  hpet_insert_resource+0x0/0x22 @ 1
[   12.311690] initcall hpet_insert_resource+0x0/0x22 returned 0 after 763 usecs
[   12.322715] calling  start_sync_check_timer+0x0/0x4f @ 1
[   12.330886] initcall start_sync_check_timer+0x0/0x4f returned 0 after 128 usecs
