c[?7l[2J[0mSeaBIOS (version 1.16.0-debian-1.16.0-4)
Booting from ROM...
early console in setup code
c[?7l[2J[    0.000000] Linux version 5.10.151+ (root@joelboxx.c.googlers.com) (gcc (Debian 12.2.0-3) 12.2.0, GNU ld (GNU Binutils for Debian) 2.39) #13 SMP PREEMPT Tue Dec 13 09:19:16 UTC 2022
[    0.000000] Command line: selinux=0 initcall_debug debug console=ttyS0 rcutorture.torture_type=tasks nohz_full=1 rcutorture.onoff_interval=1000 rcutorture.onoff_holdoff=30 rcutorture.n_barrier_cbs=4 rcutorture.stat_interval=15 rcutorture.shutdown_secs=1800 rcutorture.test_no_idle_hz=1 rcutorture.verbose=1
[    0.000000] x86/fpu: x87 FPU will use FXSAVE
[    0.000000] BIOS-provided physical RAM map:
[    0.000000] BIOS-e820: [mem 0x0000000000000000-0x000000000009fbff] usable
[    0.000000] BIOS-e820: [mem 0x000000000009fc00-0x000000000009ffff] reserved
[    0.000000] BIOS-e820: [mem 0x00000000000f0000-0x00000000000fffff] reserved
[    0.000000] BIOS-e820: [mem 0x0000000000100000-0x000000001ffdefff] usable
[    0.000000] BIOS-e820: [mem 0x000000001ffdf000-0x000000001fffffff] reserved
[    0.000000] BIOS-e820: [mem 0x00000000b0000000-0x00000000bfffffff] reserved
[    0.000000] BIOS-e820: [mem 0x00000000fed1c000-0x00000000fed1ffff] reserved
[    0.000000] BIOS-e820: [mem 0x00000000feffc000-0x00000000feffffff] reserved
[    0.000000] BIOS-e820: [mem 0x00000000fffc0000-0x00000000ffffffff] reserved
[    0.000000] NX (Execute Disable) protection: active
[    0.000000] SMBIOS 2.8 present.
[    0.000000] DMI: QEMU Standard PC (Q35 + ICH9, 2009), BIOS 1.16.0-debian-1.16.0-4 04/01/2014
[    0.000000] Hypervisor detected: KVM
[    0.000000] kvm-clock: Using msrs 4b564d01 and 4b564d00
[    0.000000] kvm-clock: cpu 0, msr 1dcbd001, primary cpu clock
[    0.000001] kvm-clock: using sched offset of 2631073663 cycles
[    0.000102] clocksource: kvm-clock: mask: 0xffffffffffffffff max_cycles: 0x1cd42e4dffb, max_idle_ns: 881590591483 ns
[    0.000195] tsc: Detected 1999.999 MHz processor
[    0.006412] e820: update [mem 0x00000000-0x00000fff] usable ==> reserved
[    0.006416] e820: remove [mem 0x000a0000-0x000fffff] usable
[    0.006423] last_pfn = 0x1ffdf max_arch_pfn = 0x400000000
[    0.007231] MTRR default type: write-back
[    0.007233] MTRR fixed ranges enabled:
[    0.007234]   00000-9FFFF write-back
[    0.007236]   A0000-BFFFF uncachable
[    0.007237]   C0000-FFFFF write-protect
[    0.007238] MTRR variable ranges enabled:
[    0.007239]   0 base 00C0000000 mask FFC0000000 uncachable
[    0.007240]   1 disabled
[    0.007241]   2 disabled
[    0.007242]   3 disabled
[    0.007243]   4 disabled
[    0.007244]   5 disabled
[    0.007244]   6 disabled
[    0.007245]   7 disabled
[    0.007486] x86/PAT: Configuration [0-7]: WB  WC  UC- UC  WB  WC  UC- UC  
[    0.016332] found SMP MP-table at [mem 0x000f5ba0-0x000f5baf]
[    0.022174] check: Scanning 1 areas for low memory corruption
[    0.033082] ACPI: Early table checksum verification disabled
[    0.034678] ACPI: RSDP 0x00000000000F59E0 000014 (v00 BOCHS )
[    0.034856] ACPI: RSDT 0x000000001FFE22F5 000038 (v01 BOCHS  BXPC     00000001 BXPC 00000001)
[    0.035066] ACPI: FACP 0x000000001FFE20E5 0000F4 (v03 BOCHS  BXPC     00000001 BXPC 00000001)
[    0.035215] ACPI: DSDT 0x000000001FFE0040 0020A5 (v01 BOCHS  BXPC     00000001 BXPC 00000001)
[    0.035288] ACPI: FACS 0x000000001FFE0000 000040
[    0.035292] ACPI: APIC 0x000000001FFE21D9 000080 (v01 BOCHS  BXPC     00000001 BXPC 00000001)
[    0.035297] ACPI: HPET 0x000000001FFE2259 000038 (v01 BOCHS  BXPC     00000001 BXPC 00000001)
[    0.035301] ACPI: MCFG 0x000000001FFE2291 00003C (v01 BOCHS  BXPC     00000001 BXPC 00000001)
[    0.035305] ACPI: WAET 0x000000001FFE22CD 000028 (v01 BOCHS  BXPC     00000001 BXPC 00000001)
[    0.035310] ACPI: Reserving FACP table memory at [mem 0x1ffe20e5-0x1ffe21d8]
[    0.035312] ACPI: Reserving DSDT table memory at [mem 0x1ffe0040-0x1ffe20e4]
[    0.035313] ACPI: Reserving FACS table memory at [mem 0x1ffe0000-0x1ffe003f]
[    0.035314] ACPI: Reserving APIC table memory at [mem 0x1ffe21d9-0x1ffe2258]
[    0.035315] ACPI: Reserving HPET table memory at [mem 0x1ffe2259-0x1ffe2290]
[    0.035316] ACPI: Reserving MCFG table memory at [mem 0x1ffe2291-0x1ffe22cc]
[    0.035317] ACPI: Reserving WAET table memory at [mem 0x1ffe22cd-0x1ffe22f4]
[    0.035971] ACPI: Local APIC address 0xfee00000
[    0.040470] No NUMA configuration found
[    0.040472] Faking a node at [mem 0x0000000000000000-0x000000001ffdefff]
[    0.040659] NODE_DATA(0) allocated [mem 0x1ffdb000-0x1ffdefff]
[    0.041925] Zone ranges:
[    0.041976]   DMA      [mem 0x0000000000001000-0x0000000000ffffff]
[    0.041979]   DMA32    [mem 0x0000000001000000-0x000000001ffdefff]
[    0.041981]   Normal   empty
[    0.041982] Movable zone start for each node
[    0.042045] Early memory node ranges
[    0.042047]   node   0: [mem 0x0000000000001000-0x000000000009efff]
[    0.042110]   node   0: [mem 0x0000000000100000-0x000000001ffdefff]
[    0.042208] Initmem setup node 0 [mem 0x0000000000001000-0x000000001ffdefff]
[    0.042210] On node 0 totalpages: 130941
[    0.042212]   DMA zone: 64 pages used for memmap
[    0.042213]   DMA zone: 21 pages reserved
[    0.042214]   DMA zone: 3998 pages, LIFO batch:0
[    0.042215]   DMA32 zone: 1984 pages used for memmap
[    0.042216]   DMA32 zone: 126943 pages, LIFO batch:31
[    0.045133] On node 0, zone DMA: 1 pages in unavailable ranges
[    0.047953] On node 0, zone DMA: 97 pages in unavailable ranges
[    0.161228] On node 0, zone DMA32: 33 pages in unavailable ranges
[    0.164695] ACPI: PM-Timer IO Port: 0x608
[    0.164701] ACPI: Local APIC address 0xfee00000
[    0.164814] ACPI: LAPIC_NMI (acpi_id[0xff] dfl dfl lint[0x1])
[    0.165550] IOAPIC[0]: apic_id 0, version 17, address 0xfec00000, GSI 0-23
[    0.165554] ACPI: INT_SRC_OVR (bus 0 bus_irq 0 global_irq 2 dfl dfl)
[    0.165592] ACPI: INT_SRC_OVR (bus 0 bus_irq 5 global_irq 5 high level)
[    0.165593] ACPI: INT_SRC_OVR (bus 0 bus_irq 9 global_irq 9 high level)
[    0.165729] ACPI: INT_SRC_OVR (bus 0 bus_irq 10 global_irq 10 high level)
[    0.165742] ACPI: INT_SRC_OVR (bus 0 bus_irq 11 global_irq 11 high level)
[    0.165745] ACPI: IRQ0 used by override.
[    0.165747] ACPI: IRQ5 used by override.
[    0.165748] ACPI: IRQ9 used by override.
[    0.165749] ACPI: IRQ10 used by override.
[    0.165751] ACPI: IRQ11 used by override.
[    0.165780] Using ACPI (MADT) for SMP configuration information
[    0.165782] ACPI: HPET id: 0x8086a201 base: 0xfed00000
[    0.166163] smpboot: Allowing 2 CPUs, 0 hotplug CPUs
[    0.167179] PM: hibernation: Registered nosave memory: [mem 0x00000000-0x00000fff]
[    0.167181] PM: hibernation: Registered nosave memory: [mem 0x0009f000-0x0009ffff]
[    0.167182] PM: hibernation: Registered nosave memory: [mem 0x000a0000-0x000effff]
[    0.167184] PM: hibernation: Registered nosave memory: [mem 0x000f0000-0x000fffff]
[    0.167186] [mem 0x20000000-0xafffffff] available for PCI devices
[    0.167228] Booting paravirtualized kernel on KVM
[    0.167492] clocksource: refined-jiffies: mask: 0xffffffff max_cycles: 0xffffffff, max_idle_ns: 1910969940391419 ns
[    0.192512] setup_percpu: NR_CPUS:2 nr_cpumask_bits:2 nr_cpu_ids:2 nr_node_ids:1
[    0.213218] percpu: Embedded 56 pages/cpu s191448 r8192 d29736 u1048576
[    0.213228] pcpu-alloc: s191448 r8192 d29736 u1048576 alloc=1*2097152
[    0.213230] pcpu-alloc: [0] 0 1 
[    0.213405] kvm-guest: stealtime: cpu 0, msr 1f41b600
[    0.213476] Built 1 zonelists, mobility grouping on.  Total pages: 128872
[    0.213478] Policy zone: DMA32
[    0.213497] Kernel command line: selinux=0 initcall_debug debug console=ttyS0 rcutorture.torture_type=tasks nohz_full=1 rcutorture.onoff_interval=1000 rcutorture.onoff_holdoff=30 rcutorture.n_barrier_cbs=4 rcutorture.stat_interval=15 rcutorture.shutdown_secs=1800 rcutorture.test_no_idle_hz=1 rcutorture.verbose=1
[    0.221768] Dentry cache hash table entries: 65536 (order: 7, 524288 bytes, linear)
[    0.224846] Inode-cache hash table entries: 32768 (order: 6, 262144 bytes, linear)
[    0.225334] mem auto-init: stack:all(zero), heap alloc:off, heap free:off
[    0.229801] Memory: 479080K/523764K available (16397K kernel code, 2543K rwdata, 4704K rodata, 1508K init, 1396K bss, 44424K reserved, 0K cma-reserved)
[    0.230120] SLUB: HWalign=64, Order=0-3, MinObjects=0, CPUs=2, Nodes=1
[    0.230300] Kernel/User page tables isolation: enabled
[    0.234630] rcu: Preemptible hierarchical RCU implementation.
[    0.234632] rcu: 	RCU event tracing is enabled.
[    0.234664] 	Trampoline variant of Tasks RCU enabled.
[    0.234665] 	Rude variant of Tasks RCU enabled.
[    0.234666] 	Tracing variant of Tasks RCU enabled.
[    0.234727] rcu: RCU calculated value of scheduler-enlistment delay is 100 jiffies.
[    0.246665] NR_IRQS: 4352, nr_irqs: 440, preallocated irqs: 16
[    0.247972] NO_HZ: Full dynticks CPUs: 1.
[    0.247975] rcu: 	Offload RCU callbacks from CPUs: 1.
[    0.249032] calling  con_init+0x0/0x22a @ 0
[    0.353319] Console: colour VGA+ 80x25
[    0.353334] initcall con_init+0x0/0x22a returned 0 after 0 usecs
[    0.353348] calling  hvc_console_init+0x0/0x13 @ 0
[    0.353364] initcall hvc_console_init+0x0/0x13 returned 0 after 0 usecs
[    0.353366] calling  univ8250_console_init+0x0/0x26 @ 0
[    1.286435] printk: console [ttyS0] enabled
[    1.291781] initcall univ8250_console_init+0x0/0x26 returned 0 after 0 usecs
[    1.300340] ACPI: Core revision 20200925
[    1.306489] clocksource: hpet: mask: 0xffffffff max_cycles: 0xffffffff, max_idle_ns: 19112604467 ns
[    1.317912] APIC: Switch to symmetric I/O mode setup
[    1.337907] ..TIMER: vector=0x30 apic1=0 pin1=2 apic2=-1 pin2=-1
[    1.345707] clocksource: tsc-early: mask: 0xffffffffffffffff max_cycles: 0x39a85afc727, max_idle_ns: 881590685098 ns
[    1.358027] Calibrating delay loop (skipped) preset value.. 3999.99 BogoMIPS (lpj=1999999)
[    1.358659] pid_max: default: 32768 minimum: 301
[    1.360496] LSM: Security Framework initializing
[    1.361836] Mount-cache hash table entries: 1024 (order: 1, 8192 bytes, linear)
[    1.362524] Mountpoint-cache hash table entries: 1024 (order: 1, 8192 bytes, linear)
[    1.369496] Last level iTLB entries: 4KB 0, 2MB 0, 4MB 0
[    1.370496] Last level dTLB entries: 4KB 0, 2MB 0, 4MB 0, 1GB 0
[    1.371626] Spectre V1 : Mitigation: usercopy/swapgs barriers and __user pointer sanitization
[    1.373495] Spectre V2 : Mitigation: Retpolines
[    1.374496] Spectre V2 : Spectre v2 / SpectreRSB mitigation: Filling RSB on context switch
[    1.375496] Spectre V2 : Spectre v2 / SpectreRSB : Filling RSB on VMEXIT
[    1.376498] Speculative Store Bypass: Vulnerable
[    1.377512] MDS: Vulnerable: Clear CPU buffers attempted, no microcode
[    1.378495] MMIO Stale Data: Unknown: No mitigations
[    1.417345] Freeing SMP alternatives memory: 40K
[    1.521492] smpboot: CPU0: Intel Common KVM processor (family: 0xf, model: 0x6, stepping: 0x1)
[    1.522725] calling  init_hw_perf_events+0x0/0x6ce @ 1
[    1.523497] Performance Events: unsupported Netburst CPU model 6 no PMU driver, software events only.
[    1.524503] initcall init_hw_perf_events+0x0/0x6ce returned 0 after 976 usecs
[    1.525500] calling  init_real_mode+0x0/0x1e9 @ 1
[    1.526858] initcall init_real_mode+0x0/0x1e9 returned 0 after 0 usecs
[    1.527499] calling  trace_init_perf_perm_irq_work_exit+0x0/0x12 @ 1
[    1.528551] initcall trace_init_perf_perm_irq_work_exit+0x0/0x12 returned 0 after 0 usecs
[    1.529500] calling  validate_x2apic+0x0/0x4a @ 1
[    1.530519] initcall validate_x2apic+0x0/0x4a returned 0 after 0 usecs
[    1.531500] calling  register_nmi_cpu_backtrace_handler+0x0/0x15 @ 1
[    1.532499] initcall register_nmi_cpu_backtrace_handler+0x0/0x15 returned 0 after 0 usecs
[    1.533501] calling  kvm_setup_vsyscall_timeinfo+0x0/0xd1 @ 1
[    1.534500] initcall kvm_setup_vsyscall_timeinfo+0x0/0xd1 returned 0 after 0 usecs
[    1.535499] calling  spawn_ksoftirqd+0x0/0x38 @ 1
[    1.536627] initcall spawn_ksoftirqd+0x0/0x38 returned 0 after 0 usecs
[    1.537499] calling  migration_init+0x0/0x3d @ 1
[    1.538498] initcall migration_init+0x0/0x3d returned 0 after 0 usecs
[    1.539499] calling  srcu_bootup_announce+0x0/0x2f @ 1
[    1.540502] rcu: Hierarchical SRCU implementation.
[    1.541498] initcall srcu_bootup_announce+0x0/0x2f returned 0 after 976 usecs
[    1.542498] calling  rcu_spawn_gp_kthread+0x0/0x1dd @ 1
[    1.543586] initcall rcu_spawn_gp_kthread+0x0/0x1dd returned 0 after 0 usecs
[    1.544498] calling  check_cpu_stall_init+0x0/0x1a @ 1
[    1.546501] initcall check_cpu_stall_init+0x0/0x1a returned 0 after 0 usecs
[    1.547510] calling  rcu_sysrq_init+0x0/0x21 @ 1
[    1.548521] initcall rcu_sysrq_init+0x0/0x21 returned 0 after 0 usecs
[    1.549501] calling  trace_init_flags_sys_enter+0x0/0xe @ 1
[    1.550499] initcall trace_init_flags_sys_enter+0x0/0xe returned 0 after 0 usecs
[    1.551500] calling  trace_init_flags_sys_exit+0x0/0xe @ 1
[    1.552497] initcall trace_init_flags_sys_exit+0x0/0xe returned 0 after 0 usecs
[    1.553499] calling  cpu_stop_init+0x0/0x6e @ 1
[    1.554588] initcall cpu_stop_init+0x0/0x6e returned 0 after 0 usecs
[    1.555499] calling  init_kprobes+0x0/0x165 @ 1
[    1.557064] initcall init_kprobes+0x0/0x165 returned 0 after 0 usecs
[    1.557498] calling  init_events+0x0/0x3d @ 1
[    1.558830] initcall init_events+0x0/0x3d returned 0 after 0 usecs
[    1.559500] calling  init_trace_printk+0x0/0xc @ 1
[    1.560512] initcall init_trace_printk+0x0/0xc returned 0 after 0 usecs
[    1.561498] calling  event_trace_enable_again+0x0/0x23 @ 1
[    1.562499] initcall event_trace_enable_again+0x0/0x23 returned 0 after 0 usecs
[    1.563499] calling  static_call_init+0x0/0x77 @ 1
[    1.564500] initcall static_call_init+0x0/0x77 returned 0 after 0 usecs
[    1.565500] calling  jump_label_init_module+0x0/0xc @ 1
[    1.566499] initcall jump_label_init_module+0x0/0xc returned 0 after 0 usecs
[    1.567499] calling  init_zero_pfn+0x0/0x37 @ 1
[    1.568498] initcall init_zero_pfn+0x0/0x37 returned 0 after 0 usecs
[    1.569499] calling  initialize_ptr_random+0x0/0x54 @ 1
[    1.570498] initcall initialize_ptr_random+0x0/0x54 returned 0 after 0 usecs
[    1.571499] calling  efi_memreserve_root_init+0x0/0x25 @ 1
[    1.572520] initcall efi_memreserve_root_init+0x0/0x25 returned 0 after 0 usecs
[    1.573497] calling  efi_earlycon_remap_fb+0x0/0x51 @ 1
[    1.574497] initcall efi_earlycon_remap_fb+0x0/0x51 returned 0 after 0 usecs
[    1.575757] smp: Bringing up secondary CPUs ...
[    1.578033] x86: Booting SMP configuration:
[    1.578497] .... node  #0, CPUs:      #1
[    1.107303] kvm-clock: cpu 1, msr 1dcbd041, secondary cpu clock
[    1.602847] kvm-guest: stealtime: cpu 1, msr 1f51b600
[    1.616044] smp: Brought up 1 node, 2 CPUs
[    1.616508] smpboot: Max logical packages: 1
[    1.617499] smpboot: Total of 2 processors activated (7999.99 BogoMIPS)
[    1.632800] devtmpfs: initialized
[    1.635265] calling  ipc_ns_init+0x0/0x3d @ 1
[    1.635553] initcall ipc_ns_init+0x0/0x3d returned 0 after 0 usecs
[    1.636501] calling  init_mmap_min_addr+0x0/0x21 @ 1
[    1.637499] initcall init_mmap_min_addr+0x0/0x21 returned 0 after 0 usecs
[    1.638503] calling  pci_realloc_setup_params+0x0/0x3f @ 1
[    1.639505] initcall pci_realloc_setup_params+0x0/0x3f returned 0 after 0 usecs
[    1.640501] calling  net_ns_init+0x0/0x140 @ 1
[    1.641836] initcall net_ns_init+0x0/0x140 returned 0 after 0 usecs
[    1.642520] calling  e820__register_nvs_regions+0x0/0x37 @ 1
[    1.643500] initcall e820__register_nvs_regions+0x0/0x37 returned 0 after 0 usecs
[    1.644513] calling  cpufreq_register_tsc_scaling+0x0/0x2e @ 1
[    1.645500] initcall cpufreq_register_tsc_scaling+0x0/0x2e returned 0 after 0 usecs
[    1.646500] calling  reboot_init+0x0/0x3c @ 1
[    1.647539] initcall reboot_init+0x0/0x3c returned 0 after 0 usecs
[    1.648501] calling  init_lapic_sysfs+0x0/0x20 @ 1
[    1.649500] initcall init_lapic_sysfs+0x0/0x20 returned 0 after 0 usecs
[    1.650504] calling  alloc_frozen_cpus+0x0/0x7 @ 1
[    1.652499] initcall alloc_frozen_cpus+0x0/0x7 returned 0 after 0 usecs
[    1.653498] calling  cpu_hotplug_pm_sync_init+0x0/0x13 @ 1
[    1.654500] initcall cpu_hotplug_pm_sync_init+0x0/0x13 returned 0 after 0 usecs
[    1.655498] calling  wq_sysfs_init+0x0/0x2a @ 1
[    1.656548] initcall wq_sysfs_init+0x0/0x2a returned 0 after 0 usecs
[    1.657499] calling  ksysfs_init+0x0/0x92 @ 1
[    1.658526] initcall ksysfs_init+0x0/0x92 returned 0 after 0 usecs
[    1.659499] calling  schedutil_gov_init+0x0/0xc @ 1
[    1.660521] initcall schedutil_gov_init+0x0/0xc returned 0 after 0 usecs
[    1.661498] calling  pm_init+0x0/0x76 @ 1
[    1.662538] initcall pm_init+0x0/0x76 returned 0 after 0 usecs
[    1.663498] calling  pm_disk_init+0x0/0x13 @ 1
[    1.664502] initcall pm_disk_init+0x0/0x13 returned 0 after 0 usecs
[    1.665497] calling  swsusp_header_init+0x0/0x2b @ 1
[    1.666501] initcall swsusp_header_init+0x0/0x2b returned 0 after 0 usecs
[    1.667498] calling  rcu_set_runtime_mode+0x0/0x16 @ 1
[    1.668538] initcall rcu_set_runtime_mode+0x0/0x16 returned 0 after 0 usecs
[    1.669499] calling  init_jiffies_clocksource+0x0/0x13 @ 1
[    1.670499] clocksource: jiffies: mask: 0xffffffff max_cycles: 0xffffffff, max_idle_ns: 1911260446275000 ns
[    1.671501] initcall init_jiffies_clocksource+0x0/0x13 returned 0 after 976 usecs
[    1.672499] calling  futex_init+0x0/0xfa @ 1
[    1.673503] futex hash table entries: 512 (order: 3, 32768 bytes, linear)
[    1.675634] initcall futex_init+0x0/0xfa returned 0 after 1953 usecs
[    1.676500] calling  cgroup_wq_init+0x0/0x28 @ 1
[    1.677506] initcall cgroup_wq_init+0x0/0x28 returned 0 after 0 usecs
[    1.678500] calling  cgroup1_wq_init+0x0/0x28 @ 1
[    1.679505] initcall cgroup1_wq_init+0x0/0x28 returned 0 after 0 usecs
[    1.680572] calling  init_kprobe_trace_early+0x0/0x2a @ 1
[    1.681531] initcall init_kprobe_trace_early+0x0/0x2a returned 0 after 0 usecs
[    1.682536] calling  fsnotify_init+0x0/0x48 @ 1
[    1.684516] initcall fsnotify_init+0x0/0x48 returned 0 after 0 usecs
[    1.685499] calling  filelock_init+0x0/0x96 @ 1
[    1.686511] initcall filelock_init+0x0/0x96 returned 0 after 0 usecs
[    1.687503] calling  init_misc_binfmt+0x0/0x2c @ 1
[    1.688517] initcall init_misc_binfmt+0x0/0x2c returned 0 after 0 usecs
[    1.689500] calling  init_script_binfmt+0x0/0x15 @ 1
[    1.690501] initcall init_script_binfmt+0x0/0x15 returned 0 after 0 usecs
[    1.691498] calling  init_elf_binfmt+0x0/0x15 @ 1
[    1.692498] initcall init_elf_binfmt+0x0/0x15 returned 0 after 0 usecs
[    1.693498] calling  init_compat_elf_binfmt+0x0/0x15 @ 1
[    1.694516] initcall init_compat_elf_binfmt+0x0/0x15 returned 0 after 0 usecs
[    1.695499] calling  debugfs_init+0x0/0x5c @ 1
[    1.696506] initcall debugfs_init+0x0/0x5c returned 0 after 0 usecs
[    1.697498] calling  tracefs_init+0x0/0x3a @ 1
[    1.698503] initcall tracefs_init+0x0/0x3a returned 0 after 0 usecs
[    1.699499] calling  prandom_init_early+0x0/0x15d @ 1
[    1.700500] initcall prandom_init_early+0x0/0x15d returned 0 after 0 usecs
[    1.701620] calling  virtio_init+0x0/0x20 @ 1
[    1.702628] initcall virtio_init+0x0/0x20 returned 0 after 0 usecs
[    1.703503] calling  iommu_init+0x0/0x2a @ 1
[    1.705505] initcall iommu_init+0x0/0x2a returned 0 after 976 usecs
[    1.706498] calling  component_debug_init+0x0/0x1c @ 1
[    1.707597] initcall component_debug_init+0x0/0x1c returned 0 after 0 usecs
[    1.708499] calling  early_resume_init+0x0/0xb9 @ 1
[    1.710502] PM: RTC time: 09:27:29, date: 2022-12-13
[    1.711507] initcall early_resume_init+0x0/0xb9 returned 0 after 1953 usecs
[    1.712509] calling  cpufreq_core_init+0x0/0x62 @ 1
[    1.713555] initcall cpufreq_core_init+0x0/0x62 returned 0 after 0 usecs
[    1.714504] calling  cpufreq_gov_performance_init+0x0/0xc @ 1
[    1.715540] initcall cpufreq_gov_performance_init+0x0/0xc returned 0 after 0 usecs
[    1.717502] calling  cpufreq_gov_userspace_init+0x0/0xc @ 1
[    1.718504] initcall cpufreq_gov_userspace_init+0x0/0xc returned 0 after 0 usecs
[    1.719504] calling  CPU_FREQ_GOV_ONDEMAND_init+0x0/0xc @ 1
[    1.720502] initcall CPU_FREQ_GOV_ONDEMAND_init+0x0/0xc returned 0 after 0 usecs
[    1.721498] calling  cpuidle_init+0x0/0x1f @ 1
[    1.722506] initcall cpuidle_init+0x0/0x1f returned 0 after 0 usecs
[    1.723499] calling  capsule_reboot_register+0x0/0xc @ 1
[    1.724529] initcall capsule_reboot_register+0x0/0xc returned 0 after 0 usecs
[    1.725499] calling  sock_init+0x0/0x93 @ 1
[    1.727680] initcall sock_init+0x0/0x93 returned 0 after 976 usecs
[    1.728500] calling  net_inuse_init+0x0/0x23 @ 1
[    1.729504] initcall net_inuse_init+0x0/0x23 returned 0 after 0 usecs
[    1.730500] calling  net_defaults_init+0x0/0x23 @ 1
[    1.731500] initcall net_defaults_init+0x0/0x23 returned 0 after 0 usecs
[    1.732502] calling  init_default_flow_dissectors+0x0/0x4f @ 1
[    1.733550] initcall init_default_flow_dissectors+0x0/0x4f returned 0 after 0 usecs
[    1.734500] calling  netpoll_init+0x0/0x26 @ 1
[    1.735498] initcall netpoll_init+0x0/0x26 returned 0 after 0 usecs
[    1.736497] calling  netlink_proto_init+0x0/0x14f @ 1
[    1.739545] NET: Registered protocol family 16
[    1.740531] initcall netlink_proto_init+0x0/0x14f returned 0 after 2929 usecs
[    1.741500] calling  genl_init+0x0/0x35 @ 1
[    1.742515] initcall genl_init+0x0/0x35 returned 0 after 0 usecs
[    1.744498] calling  bsp_pm_check_init+0x0/0x13 @ 1
[    1.745500] initcall bsp_pm_check_init+0x0/0x13 returned 0 after 0 usecs
[    1.746523] calling  irq_sysfs_init+0x0/0xb7 @ 1
[    1.748627] initcall irq_sysfs_init+0x0/0xb7 returned 0 after 0 usecs
[    1.749499] calling  audit_init+0x0/0x160 @ 1
[    1.750499] audit: initializing netlink subsys (disabled)
[    1.751714] initcall audit_init+0x0/0x160 returned 0 after 976 usecs
[    1.752499] calling  release_early_probes+0x0/0x32 @ 1
[    1.753518] initcall release_early_probes+0x0/0x32 returned 0 after 0 usecs
[    1.754503] calling  bdi_class_init+0x0/0x48 @ 1
[    1.755578] initcall bdi_class_init+0x0/0x48 returned 0 after 0 usecs
[    1.756500] calling  mm_sysfs_init+0x0/0x28 @ 1
[    1.757521] initcall mm_sysfs_init+0x0/0x28 returned 0 after 0 usecs
[    1.758503] audit: type=2000 audit(1670923648.156:1): state=initialized audit_enabled=0 res=1
[    1.758509] calling  init_per_zone_wmark_min+0x0/0x6d @ 1
[    1.766512] initcall init_per_zone_wmark_min+0x0/0x6d returned 0 after 0 usecs
[    1.775504] calling  mpi_init+0x0/0x3e @ 1
[    1.780588] initcall mpi_init+0x0/0x3e returned 0 after 0 usecs
[    1.788501] calling  kobject_uevent_init+0x0/0xc @ 1
[    1.794686] initcall kobject_uevent_init+0x0/0xc returned 0 after 0 usecs
[    1.802500] calling  pcibus_class_init+0x0/0x13 @ 1
[    1.809735] initcall pcibus_class_init+0x0/0x13 returned 0 after 0 usecs
[    1.817501] calling  pci_driver_init+0x0/0x21 @ 1
[    1.824665] initcall pci_driver_init+0x0/0x21 returned 0 after 976 usecs
[    1.833501] calling  backlight_class_init+0x0/0xa8 @ 1
[    1.839533] initcall backlight_class_init+0x0/0xa8 returned 0 after 0 usecs
[    1.847501] calling  tty_class_init+0x0/0x33 @ 1
[    1.853511] initcall tty_class_init+0x0/0x33 returned 0 after 0 usecs
[    1.860505] calling  vtconsole_class_init+0x0/0xb5 @ 1
[    1.867714] initcall vtconsole_class_init+0x0/0xb5 returned 0 after 0 usecs
[    1.873502] calling  iommu_dev_init+0x0/0x13 @ 1
[    1.879508] initcall iommu_dev_init+0x0/0x13 returned 0 after 0 usecs
[    1.884500] calling  mipi_dsi_bus_init+0x0/0xc @ 1
[    1.890603] initcall mipi_dsi_bus_init+0x0/0xc returned 0 after 0 usecs
[    1.900500] calling  devlink_class_init+0x0/0x40 @ 1
[    1.906509] initcall devlink_class_init+0x0/0x40 returned 0 after 0 usecs
[    1.914500] calling  software_node_init+0x0/0x2a @ 1
[    1.921506] initcall software_node_init+0x0/0x2a returned 0 after 0 usecs
[    1.929508] calling  wakeup_sources_debugfs_init+0x0/0x23 @ 1
[    1.937694] initcall wakeup_sources_debugfs_init+0x0/0x23 returned 0 after 0 usecs
[    1.947500] calling  wakeup_sources_sysfs_init+0x0/0x2c @ 1
[    1.954517] initcall wakeup_sources_sysfs_init+0x0/0x2c returned 0 after 0 usecs
[    1.965504] calling  register_node_type+0x0/0x13 @ 1
[    1.972546] initcall register_node_type+0x0/0x13 returned 0 after 0 usecs
[    1.982504] calling  regmap_initcall+0x0/0xc @ 1
[    1.989688] initcall regmap_initcall+0x0/0xc returned 0 after 976 usecs
[    1.998505] calling  i2c_init+0x0/0xb3 @ 1
[    2.003166] initcall i2c_init+0x0/0xb3 returned 0 after 976 usecs
[    2.010500] calling  thermal_init+0x0/0xf2 @ 1
[    2.016672] thermal_sys: Registered thermal governor 'step_wise'
[    2.016728] thermal_sys: Registered thermal governor 'user_space'
[    2.023512] initcall thermal_init+0x0/0xf2 returned 0 after 6835 usecs
[    2.039500] calling  init_menu+0x0/0xc @ 1
[    2.049502] cpuidle: using governor menu
[    2.050505] initcall init_menu+0x0/0xc returned 0 after 4882 usecs
[    2.051502] calling  pcc_init+0x0/0x4d @ 1
[    2.052502] initcall pcc_init+0x0/0x4d returned -19 after 0 usecs
[    2.053504] calling  amd_postcore_init+0x0/0x11e @ 1
[    2.054503] initcall amd_postcore_init+0x0/0x11e returned 0 after 0 usecs
[    2.055530] calling  bts_init+0x0/0xba @ 1
[    2.056504] initcall bts_init+0x0/0xba returned -19 after 0 usecs
[    2.057500] calling  pt_init+0x0/0x341 @ 1
[    2.058503] initcall pt_init+0x0/0x341 returned -19 after 0 usecs
[    2.059502] calling  boot_params_ksysfs_init+0x0/0x2ee @ 1
[    2.060514] initcall boot_params_ksysfs_init+0x0/0x2ee returned 0 after 0 usecs
[    2.061502] calling  sbf_init+0x0/0xea @ 1
[    2.062501] initcall sbf_init+0x0/0xea returned 0 after 0 usecs
[    2.063548] calling  arch_kdebugfs_init+0x0/0x219 @ 1
[    2.064700] initcall arch_kdebugfs_init+0x0/0x219 returned 0 after 0 usecs
[    2.065501] calling  intel_pconfig_init+0x0/0x85 @ 1
[    2.066502] initcall intel_pconfig_init+0x0/0x85 returned 0 after 0 usecs
[    2.067503] calling  mtrr_if_init+0x0/0x5d @ 1
[    2.068505] initcall mtrr_if_init+0x0/0x5d returned 0 after 0 usecs
[    2.069501] calling  activate_jump_labels+0x0/0x31 @ 1
[    2.070501] initcall activate_jump_labels+0x0/0x31 returned 0 after 0 usecs
[    2.071502] calling  ffh_cstate_init+0x0/0x29 @ 1
[    2.072502] initcall ffh_cstate_init+0x0/0x29 returned 0 after 0 usecs
[    2.073502] calling  activate_jump_labels+0x0/0x31 @ 1
[    2.077257] initcall activate_jump_labels+0x0/0x31 returned 0 after 1953 usecs
[    2.077502] calling  kvm_alloc_cpumask+0x0/0x74 @ 1
[    2.078563] initcall kvm_alloc_cpumask+0x0/0x74 returned 0 after 0 usecs
[    2.079503] calling  kcmp_cookies_init+0x0/0x37 @ 1
[    2.080505] initcall kcmp_cookies_init+0x0/0x37 returned 0 after 0 usecs
[    2.081501] calling  cryptomgr_init+0x0/0xc @ 1
[    2.082559] initcall cryptomgr_init+0x0/0xc returned 0 after 0 usecs
[    2.083501] calling  acpi_pci_init+0x0/0x57 @ 1
[    2.085497] ACPI: bus type PCI registered
[    2.086501] initcall acpi_pci_init+0x0/0x57 returned 0 after 976 usecs
[    2.087503] calling  dma_channel_table_init+0x0/0xd1 @ 1
[    2.088508] initcall dma_channel_table_init+0x0/0xd1 returned 0 after 0 usecs
[    2.089502] calling  dma_bus_init+0x0/0xdc @ 1
[    2.090664] initcall dma_bus_init+0x0/0xdc returned 0 after 0 usecs
[    2.091562] calling  iommu_dma_init+0x0/0x10 @ 1
[    2.092511] initcall iommu_dma_init+0x0/0x10 returned 0 after 0 usecs
[    2.093505] calling  dmi_id_init+0x0/0x37c @ 1
[    2.094595] initcall dmi_id_init+0x0/0x37c returned 0 after 0 usecs
[    2.096492] calling  pci_arch_init+0x0/0x71 @ 1
[    2.098324] PCI: MMCONFIG for domain 0000 [bus 00-ff] at [mem 0xb0000000-0xbfffffff] (base 0xb0000000)
[    2.098504] PCI: MMCONFIG at [mem 0xb0000000-0xbfffffff] reserved in E820
[    2.099543] PCI: Using configuration type 1 for base access
[    2.100532] initcall pci_arch_init+0x0/0x71 returned 0 after 2929 usecs
[    2.101520] calling  init_vdso+0x0/0x13 @ 1
[    2.102547] initcall init_vdso+0x0/0x13 returned 0 after 0 usecs
[    2.103501] calling  sysenter_setup+0x0/0x13 @ 1
[    2.104544] initcall sysenter_setup+0x0/0x13 returned 0 after 0 usecs
[    2.105506] calling  fixup_ht_bug+0x0/0xe5 @ 1
[    2.106523] initcall fixup_ht_bug+0x0/0xe5 returned 0 after 0 usecs
[    2.107503] calling  topology_init+0x0/0x88 @ 1
[    2.108668] initcall topology_init+0x0/0x88 returned 0 after 0 usecs
[    2.109504] calling  intel_epb_init+0x0/0x68 @ 1
[    2.110504] initcall intel_epb_init+0x0/0x68 returned -19 after 0 usecs
[    2.111504] calling  mtrr_init_finialize+0x0/0x3e @ 1
[    2.112503] initcall mtrr_init_finialize+0x0/0x3e returned 0 after 0 usecs
[    2.113502] calling  uid_cache_init+0x0/0x85 @ 1
[    2.114506] initcall uid_cache_init+0x0/0x85 returned 0 after 0 usecs
[    2.115501] calling  param_sysfs_init+0x0/0x1ba @ 1
[    2.119545] initcall param_sysfs_init+0x0/0x1ba returned 0 after 2929 usecs
[    2.120499] calling  user_namespace_sysctl_init+0x0/0x33 @ 1
[    2.121521] initcall user_namespace_sysctl_init+0x0/0x33 returned 0 after 0 usecs
[    2.122512] calling  proc_schedstat_init+0x0/0x24 @ 1
[    2.123502] initcall proc_schedstat_init+0x0/0x24 returned 0 after 0 usecs
[    2.124498] calling  pm_sysrq_init+0x0/0x18 @ 1
[    2.126876] initcall pm_sysrq_init+0x0/0x18 returned 0 after 976 usecs
[    2.131506] calling  create_proc_profile+0x0/0xd0 @ 1
[    2.138502] initcall create_proc_profile+0x0/0xd0 returned 0 after 0 usecs
[    2.146501] calling  time_ns_init+0x0/0x7 @ 1
[    2.151499] initcall time_ns_init+0x0/0x7 returned 0 after 0 usecs
[    2.158499] calling  crash_save_vmcoreinfo_init+0x0/0x722 @ 1
[    2.165609] initcall crash_save_vmcoreinfo_init+0x0/0x722 returned 0 after 0 usecs
[    2.174500] calling  crash_notes_memory_init+0x0/0x35 @ 1
[    2.180505] initcall crash_notes_memory_init+0x0/0x35 returned 0 after 0 usecs
[    2.189504] calling  cgroup_sysfs_init+0x0/0x13 @ 1
[    2.195509] initcall cgroup_sysfs_init+0x0/0x13 returned 0 after 0 usecs
[    2.202499] calling  cgroup_namespaces_init+0x0/0x7 @ 1
[    2.208499] initcall cgroup_namespaces_init+0x0/0x7 returned 0 after 0 usecs
[    2.217500] calling  init_optprobes+0x0/0x13 @ 1
[    2.222497] Kprobes globally optimized
[    2.226499] initcall init_optprobes+0x0/0x13 returned 0 after 3906 usecs
[    2.235503] calling  oom_init+0x0/0x2f @ 1
[    2.242669] initcall oom_init+0x0/0x2f returned 0 after 976 usecs
[    2.251506] calling  default_bdi_init+0x0/0xb3 @ 1
[    2.258501] initcall default_bdi_init+0x0/0xb3 returned 0 after 976 usecs
[    2.267504] calling  percpu_enable_async+0x0/0xe @ 1
[    2.273517] initcall percpu_enable_async+0x0/0xe returned 0 after 0 usecs
[    2.281500] calling  kcompactd_init+0x0/0x8d @ 1
[    2.287497] initcall kcompactd_init+0x0/0x8d returned 0 after 976 usecs
[    2.294541] calling  init_user_reserve+0x0/0x40 @ 1
[    2.300513] initcall init_user_reserve+0x0/0x40 returned 0 after 0 usecs
[    2.308501] calling  init_admin_reserve+0x0/0x40 @ 1
[    2.314500] initcall init_admin_reserve+0x0/0x40 returned 0 after 0 usecs
[    2.321501] calling  init_reserve_notifier+0x0/0x7 @ 1
[    2.327500] initcall init_reserve_notifier+0x0/0x7 returned 0 after 0 usecs
[    2.335500] calling  swap_init_sysfs+0x0/0x62 @ 1
[    2.341509] initcall swap_init_sysfs+0x0/0x62 returned 0 after 0 usecs
[    2.349502] calling  swapfile_init+0x0/0x94 @ 1
[    2.354500] initcall swapfile_init+0x0/0x94 returned 0 after 0 usecs
[    2.361499] calling  hugetlb_init+0x0/0x499 @ 1
[    2.367521] HugeTLB registered 2.00 MiB page size, pre-allocated 0 pages
[    2.374541] initcall hugetlb_init+0x0/0x499 returned 0 after 6835 usecs
[    2.382500] calling  io_wq_init+0x0/0x34 @ 1
[    2.387500] initcall io_wq_init+0x0/0x34 returned 0 after 0 usecs
[    2.394499] calling  seqiv_module_init+0x0/0xc @ 1
[    2.400500] initcall seqiv_module_init+0x0/0xc returned 0 after 0 usecs
[    2.408499] calling  echainiv_module_init+0x0/0xc @ 1
[    2.414502] initcall echainiv_module_init+0x0/0xc returned 0 after 0 usecs
[    2.420492] calling  rsa_init+0x0/0x50 @ 1
[    2.427054] initcall rsa_init+0x0/0x50 returned 0 after 1953 usecs
[    2.427520] cryptomgr_test (31) used greatest stack depth: 15184 bytes left
[    2.427501] calling  crypto_cmac_module_init+0x0/0xc @ 1
[    2.427507] initcall crypto_cmac_module_init+0x0/0xc returned 0 after 0 usecs
[    2.443499] calling  hmac_module_init+0x0/0xc @ 1
[    2.449498] initcall hmac_module_init+0x0/0xc returned 0 after 0 usecs
[    2.457498] calling  crypto_null_mod_init+0x0/0x65 @ 1
[    2.470510] cryptomgr_test (33) used greatest stack depth: 15136 bytes left
[    2.478504] initcall crypto_null_mod_init+0x0/0x65 returned 0 after 14648 usecs
[    2.487508] calling  md5_mod_init+0x0/0xc @ 1
[    2.494848] initcall md5_mod_init+0x0/0xc returned 0 after 976 usecs
[    2.502502] calling  sha256_generic_mod_init+0x0/0x11 @ 1
[    2.510721] initcall sha256_generic_mod_init+0x0/0x11 returned 0 after 1953 usecs
[    2.519518] calling  crypto_cbc_module_init+0x0/0xc @ 1
[    2.525500] initcall crypto_cbc_module_init+0x0/0xc returned 0 after 0 usecs
[    2.534500] calling  crypto_ctr_module_init+0x0/0x11 @ 1
[    2.540500] initcall crypto_ctr_module_init+0x0/0x11 returned 0 after 0 usecs
[    2.548499] calling  crypto_gcm_module_init+0x0/0x64 @ 1
[    2.555546] initcall crypto_gcm_module_init+0x0/0x64 returned 0 after 0 usecs
[    2.563499] calling  crypto_ccm_module_init+0x0/0x11 @ 1
[    2.569501] initcall crypto_ccm_module_init+0x0/0x11 returned 0 after 0 usecs
[    2.578505] calling  aes_init+0x0/0xc @ 1
[    2.583676] initcall aes_init+0x0/0xc returned 0 after 976 usecs
[    2.591501] calling  crc32c_mod_init+0x0/0xc @ 1
[    2.597571] initcall crc32c_mod_init+0x0/0xc returned 0 after 976 usecs
[    2.605639] calling  crypto_authenc_module_init+0x0/0xc @ 1
[    2.611508] initcall crypto_authenc_module_init+0x0/0xc returned 0 after 0 usecs
[    2.620498] calling  crypto_authenc_esn_module_init+0x0/0xc @ 1
[    2.627541] initcall crypto_authenc_esn_module_init+0x0/0xc returned 0 after 0 usecs
[    2.636501] calling  drbg_init+0x0/0x7c @ 1
[    2.648674] initcall drbg_init+0x0/0x7c returned 0 after 7812 usecs
[    2.657506] calling  ghash_mod_init+0x0/0xc @ 1
[    2.663501] initcall ghash_mod_init+0x0/0xc returned 0 after 976 usecs
[    2.671505] calling  init_bio+0x0/0x9a @ 1
[    2.676649] initcall init_bio+0x0/0x9a returned 0 after 0 usecs
[    2.683502] calling  blk_settings_init+0x0/0x29 @ 1
[    2.691492] initcall blk_settings_init+0x0/0x29 returned 0 after 976 usecs
[    2.700671] calling  blk_ioc_init+0x0/0x29 @ 1
[    2.705800] initcall blk_ioc_init+0x0/0x29 returned 0 after 0 usecs
[    2.713501] calling  blk_mq_init+0x0/0xb9 @ 1
[    2.718603] initcall blk_mq_init+0x0/0xb9 returned 0 after 976 usecs
[    2.727502] calling  genhd_device_init+0x0/0x75 @ 1
[    2.735902] initcall genhd_device_init+0x0/0x75 returned 0 after 2929 usecs
[    2.745933] calling  pci_slot_init+0x0/0x40 @ 1
[    2.752657] initcall pci_slot_init+0x0/0x40 returned 0 after 0 usecs
[    2.761503] calling  fbmem_init+0x0/0xd8 @ 1
[    2.769966] initcall fbmem_init+0x0/0xd8 returned 0 after 1953 usecs
[    2.777501] calling  acpi_init+0x0/0x319 @ 1
[    2.784212] ACPI: Added _OSI(Module Device)
[    2.789555] ACPI: Added _OSI(Processor Device)
[    2.795497] ACPI: Added _OSI(3.0 _SCP Extensions)
[    2.799497] ACPI: Added _OSI(Processor Aggregator Device)
[    2.807500] ACPI: Added _OSI(Linux-Dell-Video)
[    2.812500] ACPI: Added _OSI(Linux-Lenovo-NV-HDMI-Audio)
[    2.818500] ACPI: Added _OSI(Linux-HPI-Hybrid-Graphics)
[    2.834680] ACPI: 1 ACPI AML tables successfully acquired and loaded
[    2.855047] ACPI: Interpreter enabled
[    2.862214] ACPI: (supports S0 S3 S4 S5)
[    2.868496] ACPI: Using IOAPIC for interrupt routing
[    2.876652] PCI: Using host bridge windows from ACPI; if necessary, use "pci=nocrs" and report a bug
[    2.889793] ACPI: Enabled 2 GPEs in block 00 to 3F
[    2.906888] ACPI: PCI Root Bridge [PCI0] (domain 0000 [bus 00-ff])
[    2.914848] acpi PNP0A08:00: _OSC: OS supports [ExtendedConfig ASPM ClockPM Segments MSI HPX-Type3]
[    2.927584] acpi PNP0A08:00: _OSC: platform does not support [LTR]
[    2.934584] acpi PNP0A08:00: _OSC: OS now controls [PME PCIeCapability]
[    2.943349] PCI host bridge to bus 0000:00
[    2.948499] pci_bus 0000:00: root bus resource [io  0x0000-0x0cf7 window]
[    2.956498] pci_bus 0000:00: root bus resource [io  0x0d00-0xffff window]
[    2.964497] pci_bus 0000:00: root bus resource [mem 0x000a0000-0x000bffff window]
[    2.972499] pci_bus 0000:00: root bus resource [mem 0x20000000-0xafffffff window]
[    2.981514] pci_bus 0000:00: root bus resource [mem 0xc0000000-0xfebfffff window]
[    2.989503] pci_bus 0000:00: root bus resource [mem 0x100000000-0x8ffffffff window]
[    2.999499] pci_bus 0000:00: root bus resource [bus 00-ff]
[    3.006364] pci 0000:00:00.0: calling  quirk_mmio_always_on+0x0/0x10 @ 1
[    3.014504] pci 0000:00:00.0: quirk_mmio_always_on+0x0/0x10 took 0 usecs
[    3.022516] pci 0000:00:00.0: [8086:29c0] type 00 class 0x060000
[    3.032615] pci 0000:00:00.0: calling  quirk_igfx_skip_te_disable+0x0/0x80 @ 1
[    3.041538] pci 0000:00:00.0: quirk_igfx_skip_te_disable+0x0/0x80 took 0 usecs
[    3.051040] pci 0000:00:01.0: [1234:1111] type 00 class 0x030000
[    3.065492] pci 0000:00:01.0: reg 0x10: [mem 0xfd000000-0xfdffffff pref]
[    3.084333] pci 0000:00:01.0: reg 0x18: [mem 0xfebf0000-0xfebf0fff]
[    3.106192] pci 0000:00:01.0: reg 0x30: [mem 0xfebe0000-0xfebeffff pref]
[    3.116492] pci 0000:00:01.0: calling  efifb_fixup_resources+0x0/0xf0 @ 1
[    3.124578] pci 0000:00:01.0: efifb_fixup_resources+0x0/0xf0 took 0 usecs
[    3.138863] pci 0000:00:1f.0: [8086:2918] type 00 class 0x060100
[    3.150951] pci 0000:00:1f.0: calling  quirk_ich7_lpc+0x0/0x60 @ 1
[    3.158723] pci 0000:00:1f.0: quirk: [io  0x0600-0x067f] claimed by ICH6 ACPI/GPIO/TCO
[    3.168634] pci 0000:00:1f.0: quirk_ich7_lpc+0x0/0x60 took 9765 usecs
[    3.176670] pci 0000:00:1f.0: calling  quirk_igfx_skip_te_disable+0x0/0x80 @ 1
[    3.185556] pci 0000:00:1f.0: quirk_igfx_skip_te_disable+0x0/0x80 took 0 usecs
[    3.195686] pci 0000:00:1f.2: [8086:2922] type 00 class 0x010601
[    3.211357] pci 0000:00:1f.2: reg 0x20: [io  0xc040-0xc05f]
[    3.219501] pci 0000:00:1f.2: reg 0x24: [mem 0xfebf1000-0xfebf1fff]
[    3.228607] pci 0000:00:1f.2: calling  quirk_igfx_skip_te_disable+0x0/0x80 @ 1
[    3.237503] pci 0000:00:1f.2: quirk_igfx_skip_te_disable+0x0/0x80 took 0 usecs
[    3.249360] pci 0000:00:1f.3: [8086:2930] type 00 class 0x0c0500
[    3.262004] pci 0000:00:1f.3: reg 0x20: [io  0x0700-0x073f]
[    3.272203] pci 0000:00:1f.3: calling  quirk_igfx_skip_te_disable+0x0/0x80 @ 1
[    3.281503] pci 0000:00:1f.3: quirk_igfx_skip_te_disable+0x0/0x80 took 0 usecs
[    3.292530] ACPI: PCI Interrupt Link [LNKA] (IRQs 5 *10 11)
[    3.299617] ACPI: PCI Interrupt Link [LNKB] (IRQs 5 *10 11)
[    3.306712] ACPI: PCI Interrupt Link [LNKC] (IRQs 5 10 *11)
[    3.313927] ACPI: PCI Interrupt Link [LNKD] (IRQs 5 10 *11)
[    3.316945] ACPI: PCI Interrupt Link [LNKE] (IRQs 5 *10 11)
[    3.323773] ACPI: PCI Interrupt Link [LNKF] (IRQs 5 *10 11)
[    3.331061] ACPI: PCI Interrupt Link [LNKG] (IRQs 5 10 *11)
[    3.339869] ACPI: PCI Interrupt Link [LNKH] (IRQs 5 10 *11)
[    3.346749] ACPI: PCI Interrupt Link [GSIA] (IRQs *16)
[    3.353514] ACPI: PCI Interrupt Link [GSIB] (IRQs *17)
[    3.359504] ACPI: PCI Interrupt Link [GSIC] (IRQs *18)
[    3.365731] ACPI: PCI Interrupt Link [GSID] (IRQs *19)
[    3.372547] ACPI: PCI Interrupt Link [GSIE] (IRQs *20)
[    3.378514] ACPI: PCI Interrupt Link [GSIF] (IRQs *21)
[    3.385620] ACPI: PCI Interrupt Link [GSIG] (IRQs *22)
[    3.390746] ACPI: PCI Interrupt Link [GSIH] (IRQs *23)
[    3.400958] initcall acpi_init+0x0/0x319 returned 0 after 602539 usecs
[    3.409644] calling  pnp_init+0x0/0xc @ 1
[    3.415726] initcall pnp_init+0x0/0xc returned 0 after 0 usecs
[    3.423501] calling  misc_init+0x0/0xbf @ 1
[    3.428852] initcall misc_init+0x0/0xbf returned 0 after 976 usecs
[    3.436501] calling  iommu_subsys_init+0x0/0x4e @ 1
[    3.443619] iommu: Default domain type: Translated 
[    3.449509] initcall iommu_subsys_init+0x0/0x4e returned 0 after 5859 usecs
[    3.457502] calling  vga_arb_device_init+0x0/0x261 @ 1
[    3.470629] pci 0000:00:01.0: vgaarb: setting as boot VGA device
[    3.471492] pci 0000:00:01.0: vgaarb: VGA device added: decodes=io+mem,owns=io+mem,locks=none
[    3.484507] pci 0000:00:01.0: vgaarb: bridge control possible
[    3.490498] vgaarb: loaded
[    3.493505] initcall vga_arb_device_init+0x0/0x261 returned 0 after 28320 usecs
[    3.503429] calling  cn_init+0x0/0xf0 @ 1
[    3.510509] initcall cn_init+0x0/0xf0 returned 0 after 2929 usecs
[    3.517505] calling  dma_buf_init+0x0/0xad @ 1
[    3.523555] initcall dma_buf_init+0x0/0xad returned 0 after 0 usecs
[    3.532513] calling  init_scsi+0x0/0x79 @ 1
[    3.538089] SCSI subsystem initialized
[    3.544503] initcall init_scsi+0x0/0x79 returned 0 after 6835 usecs
[    3.552501] calling  ata_init+0x0/0x332 @ 1
[    3.567496] libata version 3.00 loaded.
[    3.572501] initcall ata_init+0x0/0x332 returned 0 after 14648 usecs
[    3.580557] calling  phy_init+0x0/0x250 @ 1
[    3.586197] initcall phy_init+0x0/0x250 returned 0 after 976 usecs
[    3.594501] calling  init_pcmcia_cs+0x0/0x35 @ 1
[    3.600661] initcall init_pcmcia_cs+0x0/0x35 returned 0 after 0 usecs
[    3.611501] calling  usb_common_init+0x0/0x1c @ 1
[    3.619682] initcall usb_common_init+0x0/0x1c returned 0 after 0 usecs
[    3.629501] calling  usb_init+0x0/0x12e @ 1
[    3.634766] ACPI: bus type USB registered
[    3.642992] usbcore: registered new interface driver usbfs
[    3.651587] usbcore: registered new interface driver hub
[    3.659604] usbcore: registered new device driver usb
[    3.667507] initcall usb_init+0x0/0x12e returned 0 after 32226 usecs
[    3.676505] calling  serio_init+0x0/0x29 @ 1
[    3.682632] initcall serio_init+0x0/0x29 returned 0 after 0 usecs
[    3.690503] calling  input_init+0x0/0xf6 @ 1
[    3.697501] initcall input_init+0x0/0xf6 returned 0 after 0 usecs
[    3.707510] calling  rtc_init+0x0/0x4d @ 1
[    3.713642] initcall rtc_init+0x0/0x4d returned 0 after 0 usecs
[    3.720503] calling  pps_init+0x0/0xa9 @ 1
[    3.725511] pps_core: LinuxPPS API ver. 1 registered
[    3.730497] pps_core: Software ver. 5.3.6 - Copyright 2005-2007 Rodolfo Giometti <giometti@linux.it>
[    3.741505] initcall pps_init+0x0/0xa9 returned 0 after 15625 usecs
[    3.750505] calling  ptp_init+0x0/0x98 @ 1
[    3.755514] PTP clock support registered
[    3.759675] initcall ptp_init+0x0/0x98 returned 0 after 3906 usecs
[    3.767501] calling  power_supply_class_init+0x0/0x3f @ 1
[    3.775095] initcall power_supply_class_init+0x0/0x3f returned 0 after 0 usecs
[    3.782503] calling  hwmon_init+0x0/0x104 @ 1
[    3.788521] initcall hwmon_init+0x0/0x104 returned 0 after 0 usecs
[    3.796504] calling  md_init+0x0/0x16b @ 1
[    3.801845] initcall md_init+0x0/0x16b returned 0 after 976 usecs
[    3.809501] calling  leds_init+0x0/0x3b @ 1
[    3.813809] initcall leds_init+0x0/0x3b returned 0 after 1953 usecs
[    3.823500] calling  dmi_init+0x0/0x113 @ 1
[    3.827801] initcall dmi_init+0x0/0x113 returned 0 after 1953 usecs
[    3.837501] calling  efisubsys_init+0x0/0x4e7 @ 1
[    3.843612] initcall efisubsys_init+0x0/0x4e7 returned 0 after 0 usecs
[    3.851501] calling  nvmem_init+0x0/0xc @ 1
[    3.857803] initcall nvmem_init+0x0/0xc returned 0 after 0 usecs
[    3.867513] calling  init_soundcore+0x0/0x33 @ 1
[    3.874572] initcall init_soundcore+0x0/0x33 returned 0 after 0 usecs
[    3.884506] calling  alsa_sound_init+0x0/0x8f @ 1
[    3.891716] Advanced Linux Sound Architecture Driver Initialized.
[    3.900503] initcall alsa_sound_init+0x0/0x8f returned 0 after 9765 usecs
[    3.907504] calling  alsa_seq_device_init+0x0/0x71 @ 1
[    3.914748] initcall alsa_seq_device_init+0x0/0x71 returned 0 after 0 usecs
[    3.923502] calling  hda_bus_init+0x0/0xc @ 1
[    3.928549] initcall hda_bus_init+0x0/0xc returned 0 after 0 usecs
[    3.936500] calling  proto_init+0x0/0xc @ 1
[    3.941562] initcall proto_init+0x0/0xc returned 0 after 0 usecs
[    3.948530] calling  net_dev_init+0x0/0x209 @ 1
[    3.955334] initcall net_dev_init+0x0/0x209 returned 0 after 976 usecs
[    3.963501] calling  neigh_init+0x0/0x84 @ 1
[    3.968508] initcall neigh_init+0x0/0x84 returned 0 after 0 usecs
[    3.976500] calling  fib_notifier_init+0x0/0xc @ 1
[    3.982503] initcall fib_notifier_init+0x0/0xc returned 0 after 0 usecs
[    3.990503] calling  fib_rules_init+0x0/0xab @ 1
[    3.998570] initcall fib_rules_init+0x0/0xab returned 0 after 0 usecs
[    4.007502] calling  pktsched_init+0x0/0x10e @ 1
[    4.015691] initcall pktsched_init+0x0/0x10e returned 0 after 976 usecs
[    4.022503] calling  tc_filter_init+0x0/0xfa @ 1
[    4.028710] initcall tc_filter_init+0x0/0xfa returned 0 after 0 usecs
[    4.037503] calling  tc_action_init+0x0/0x54 @ 1
[    4.045505] initcall tc_action_init+0x0/0x54 returned 0 after 0 usecs
[    4.054504] calling  ethnl_init+0x0/0x52 @ 1
[    4.060758] initcall ethnl_init+0x0/0x52 returned 0 after 0 usecs
[    4.067504] calling  nexthop_init+0x0/0xd8 @ 1
[    4.072254] initcall nexthop_init+0x0/0xd8 returned 0 after 1953 usecs
[    4.082521] calling  cipso_v4_init+0x0/0x5d @ 1
[    4.088755] initcall cipso_v4_init+0x0/0x5d returned 0 after 0 usecs
[    4.096501] calling  ieee80211_init+0x0/0x24 @ 1
[    4.102704] initcall ieee80211_init+0x0/0x24 returned 0 after 0 usecs
[    4.108502] calling  netlbl_init+0x0/0x78 @ 1
[    4.114581] NetLabel: Initializing
[    4.119497] NetLabel:  domain hash size = 128
[    4.124498] NetLabel:  protocols = UNLABELED CIPSOv4 CALIPSO
[    4.131660] NetLabel:  unlabeled traffic allowed by default
[    4.138505] initcall netlbl_init+0x0/0x78 returned 0 after 23437 usecs
[    4.147504] calling  rfkill_init+0x0/0x111 @ 1
[    4.156973] initcall rfkill_init+0x0/0x111 returned 0 after 4882 usecs
[    4.166519] calling  pci_subsys_init+0x0/0x66 @ 1
[    4.173300] PCI: Using ACPI for IRQ routing
[    4.883924] PCI: pci_cache_line_size set to 64 bytes
[    4.890967] e820: reserve RAM buffer [mem 0x0009fc00-0x0009ffff]
[    4.898538] e820: reserve RAM buffer [mem 0x1ffdf000-0x1fffffff]
[    4.905585] initcall pci_subsys_init+0x0/0x66 returned 0 after 715820 usecs
[    4.913638] calling  nmi_warning_debugfs+0x0/0x26 @ 1
[    4.919592] initcall nmi_warning_debugfs+0x0/0x26 returned 0 after 0 usecs
[    4.928501] calling  save_microcode_in_initrd+0x0/0x51 @ 1
[    4.934577] initcall save_microcode_in_initrd+0x0/0x51 returned 0 after 0 usecs
[    4.943503] calling  hpet_late_init+0x0/0x20a @ 1
[    4.949741] hpet: 3 channels of 0 reserved for per-cpu timers
[    4.956595] hpet0: at MMIO 0xfed00000, IRQs 2, 8, 0
[    4.962498] hpet0: 3 comparators, 64-bit 100.000000 MHz counter
[    4.976504] initcall hpet_late_init+0x0/0x20a returned 0 after 26367 usecs
[    4.984502] calling  init_amd_nbs+0x0/0x11c @ 1
[    4.989535] initcall init_amd_nbs+0x0/0x11c returned 0 after 0 usecs
[    4.997503] calling  clocksource_done_booting+0x0/0x41 @ 1
[    5.004085] clocksource: Switched to clocksource kvm-clock
[    5.011314] initcall clocksource_done_booting+0x0/0x41 returned 0 after 7632 usecs
[    5.012155] calling  tracer_init_tracefs+0x0/0x242 @ 1
[    5.012155] initcall tracer_init_tracefs+0x0/0x242 returned 0 after 169805 usecs
[    5.012155] calling  init_trace_printk_function_export+0x0/0x2c @ 1
[    5.012155] initcall init_trace_printk_function_export+0x0/0x2c returned 0 after 7 usecs
[    5.012155] calling  init_kprobe_trace+0x0/0x1a9 @ 1
[    5.012155] initcall init_kprobe_trace+0x0/0x1a9 returned 0 after 10 usecs
[    5.012155] calling  init_dynamic_event+0x0/0x3d @ 1
[    5.012155] initcall init_dynamic_event+0x0/0x3d returned 0 after 9 usecs
[    5.012155] calling  init_uprobe_trace+0x0/0x5c @ 1
[    5.012155] initcall init_uprobe_trace+0x0/0x5c returned 0 after 42 usecs
[    5.012155] calling  init_pipe_fs+0x0/0x44 @ 1
[    5.012155] initcall init_pipe_fs+0x0/0x44 returned 0 after 40 usecs
[    5.012155] calling  inotify_user_setup+0x0/0x47 @ 1
[    5.012155] initcall inotify_user_setup+0x0/0x47 returned 0 after 24 usecs
[    5.012155] calling  eventpoll_init+0x0/0xd4 @ 1
[    5.012155] initcall eventpoll_init+0x0/0xd4 returned 0 after 35 usecs
[    5.012155] calling  anon_inode_init+0x0/0x58 @ 1
[    5.012155] initcall anon_inode_init+0x0/0x58 returned 0 after 34 usecs
[    5.012155] calling  proc_locks_init+0x0/0x27 @ 1
[    5.012155] initcall proc_locks_init+0x0/0x27 returned 0 after 5 usecs
[    5.012155] calling  iomap_init+0x0/0x1b @ 1
[    5.012155] initcall iomap_init+0x0/0x1b returned 0 after 448 usecs
[    5.012155] calling  dquot_init+0x0/0x106 @ 1
[    5.012155] VFS: Disk quotas dquot_6.6.0
[    5.363276] VFS: Dquot-cache hash table entries: 512 (order 0, 4096 bytes)
[    5.372384] initcall dquot_init+0x0/0x106 returned 0 after 14571 usecs
[    5.373178] calling  quota_init+0x0/0x23 @ 1
[    5.373178] initcall quota_init+0x0/0x23 returned 0 after 28 usecs
[    5.373178] calling  proc_cmdline_init+0x0/0x21 @ 1
[    5.373178] initcall proc_cmdline_init+0x0/0x21 returned 0 after 7 usecs
[    5.373178] calling  proc_consoles_init+0x0/0x24 @ 1
[    5.373178] initcall proc_consoles_init+0x0/0x24 returned 0 after 6 usecs
[    5.373178] calling  proc_cpuinfo_init+0x0/0x1e @ 1
[    5.373178] initcall proc_cpuinfo_init+0x0/0x1e returned 0 after 4 usecs
[    5.373178] calling  proc_devices_init+0x0/0x24 @ 1
[    5.373178] initcall proc_devices_init+0x0/0x24 returned 0 after 3 usecs
[    5.373178] calling  proc_interrupts_init+0x0/0x24 @ 1
[    5.373178] initcall proc_interrupts_init+0x0/0x24 returned 0 after 3 usecs
[    5.373178] calling  proc_loadavg_init+0x0/0x21 @ 1
[    5.373178] initcall proc_loadavg_init+0x0/0x21 returned 0 after 3 usecs
[    5.373178] calling  proc_meminfo_init+0x0/0x21 @ 1
[    5.373178] initcall proc_meminfo_init+0x0/0x21 returned 0 after 2 usecs
[    5.373178] calling  proc_stat_init+0x0/0x1e @ 1
[    5.373178] initcall proc_stat_init+0x0/0x1e returned 0 after 3 usecs
[    5.373178] calling  proc_uptime_init+0x0/0x21 @ 1
[    5.373178] initcall proc_uptime_init+0x0/0x21 returned 0 after 3 usecs
[    5.373178] calling  proc_version_init+0x0/0x21 @ 1
[    5.373178] initcall proc_version_init+0x0/0x21 returned 0 after 2 usecs
[    5.373178] calling  proc_softirqs_init+0x0/0x21 @ 1
[    5.373178] initcall proc_softirqs_init+0x0/0x21 returned 0 after 2 usecs
[    5.373178] calling  proc_kcore_init+0x0/0xea @ 1
[    5.373178] initcall proc_kcore_init+0x0/0xea returned 0 after 20 usecs
[    5.373178] calling  vmcore_init+0x0/0x578 @ 1
[    5.373178] initcall vmcore_init+0x0/0x578 returned 0 after 1 usecs
[    5.373178] calling  proc_kmsg_init+0x0/0x21 @ 1
[    5.373178] initcall proc_kmsg_init+0x0/0x21 returned 0 after 3 usecs
[    5.373178] calling  proc_page_init+0x0/0x3b @ 1
[    5.373178] initcall proc_page_init+0x0/0x3b returned 0 after 3 usecs
[    5.373178] calling  init_ramfs_fs+0x0/0xc @ 1
[    5.373178] initcall init_ramfs_fs+0x0/0xc returned 0 after 2 usecs
[    5.373178] calling  init_hugetlbfs_fs+0x0/0xf6 @ 1
[    5.373178] initcall init_hugetlbfs_fs+0x0/0xf6 returned 0 after 100 usecs
[    5.373178] calling  blk_scsi_ioctl_init+0x0/0x2a5 @ 1
[    5.373178] initcall blk_scsi_ioctl_init+0x0/0x2a5 returned 0 after 26 usecs
[    5.373178] calling  acpi_event_init+0x0/0x2c @ 1
[    5.373178] initcall acpi_event_init+0x0/0x2c returned 0 after 15 usecs
[    5.373178] calling  pnp_system_init+0x0/0xc @ 1
[    5.373178] initcall pnp_system_init+0x0/0xc returned 0 after 1836 usecs
[    5.373178] calling  pnpacpi_init+0x0/0x69 @ 1
[    5.373178] pnp: PnP ACPI init
[    5.675523] pnp 00:00: Plug and Play ACPI device, IDs PNP0303 (active)
[    5.675523] pnp 00:01: Plug and Play ACPI device, IDs PNP0f13 (active)
[    5.675523] pnp 00:02: Plug and Play ACPI device, IDs PNP0400 (active)
[    5.675523] pnp 00:03: Plug and Play ACPI device, IDs PNP0501 (active)
[    5.675523] pnp 00:04: Plug and Play ACPI device, IDs PNP0b00 (active)
[    5.675523] system 00:05: [mem 0xb0000000-0xbfffffff window] has been reserved
[    5.675523] system 00:05: Plug and Play ACPI device, IDs PNP0c01 (active)
[    5.675523] pnp: PnP ACPI: found 6 devices
[    5.675523] initcall pnpacpi_init+0x0/0x69 returned 0 after 63900 usecs
[    5.675523] calling  chr_dev_init+0x0/0x14d @ 1
[    5.798024] initcall chr_dev_init+0x0/0x14d returned 0 after 43768 usecs
[    5.805672] calling  firmware_class_init+0x0/0xe7 @ 1
[    5.806494] initcall firmware_class_init+0x0/0xe7 returned 0 after 326 usecs
[    5.806494] calling  init_pcmcia_bus+0x0/0x5b @ 1
[    5.806494] initcall init_pcmcia_bus+0x0/0x5b returned 0 after 145 usecs
[    5.806494] calling  init_acpi_pm_clocksource+0x0/0xda @ 1
[    5.806494] clocksource: acpi_pm: mask: 0xffffff max_cycles: 0xffffff, max_idle_ns: 2085701024 ns
[    5.806494] initcall init_acpi_pm_clocksource+0x0/0xda returned 0 after 14815 usecs
[    5.806494] calling  sysctl_core_init+0x0/0x26 @ 1
[    5.806494] initcall sysctl_core_init+0x0/0x26 returned 0 after 262 usecs
[    5.806494] calling  eth_offload_init+0x0/0x13 @ 1
[    5.806494] initcall eth_offload_init+0x0/0x13 returned 0 after 81 usecs
[    5.806494] calling  ipv4_offload_init+0x0/0x73 @ 1
[    5.806494] initcall ipv4_offload_init+0x0/0x73 returned 0 after 81 usecs
[    5.806494] calling  inet_init+0x0/0x276 @ 1
[    5.806494] NET: Registered protocol family 2
[    5.806494] IP idents hash table entries: 8192 (order: 4, 65536 bytes, linear)
[    5.927918] tcp_listen_portaddr_hash hash table entries: 256 (order: 0, 4096 bytes, linear)
[    5.938074] TCP established hash table entries: 4096 (order: 3, 32768 bytes, linear)
[    5.947432] TCP bind hash table entries: 4096 (order: 4, 65536 bytes, linear)
[    5.957058] TCP: Hash tables configured (established 4096 bind 4096)
[    5.965210] UDP hash table entries: 256 (order: 1, 8192 bytes, linear)
[    5.973765] UDP-Lite hash table entries: 256 (order: 1, 8192 bytes, linear)
[    5.982329] initcall inet_init+0x0/0x276 returned 0 after 71455 usecs
[    5.990826] calling  af_unix_init+0x0/0x4d @ 1
[    5.995879] NET: Registered protocol family 1
[    6.000886] initcall af_unix_init+0x0/0x4d returned 0 after 4892 usecs
[    6.009173] calling  ipv6_offload_init+0x0/0x7e @ 1
[    6.015408] initcall ipv6_offload_init+0x0/0x7e returned 0 after 76 usecs
[    6.023039] calling  init_sunrpc+0x0/0x65 @ 1
[    6.030769] RPC: Registered named UNIX socket transport module.
[    6.037674] RPC: Registered udp transport module.
[    6.043103] RPC: Registered tcp transport module.
[    6.048427] RPC: Registered tcp NFSv4.1 backchannel transport module.
[    6.055709] initcall init_sunrpc+0x0/0x65 returned 0 after 27021 usecs
[    6.062959] calling  cfg80211_init+0x0/0xc5 @ 1
[    6.070307] initcall cfg80211_init+0x0/0xc5 returned 0 after 1825 usecs
[    6.077810] calling  pcibios_assign_resources+0x0/0xbf @ 1
[    6.084246] pci_bus 0000:00: resource 4 [io  0x0000-0x0cf7 window]
[    6.091208] pci_bus 0000:00: resource 5 [io  0x0d00-0xffff window]
[    6.098259] pci_bus 0000:00: resource 6 [mem 0x000a0000-0x000bffff window]
[    6.107033] pci_bus 0000:00: resource 7 [mem 0x20000000-0xafffffff window]
[    6.115260] pci_bus 0000:00: resource 8 [mem 0xc0000000-0xfebfffff window]
[    6.123585] pci_bus 0000:00: resource 9 [mem 0x100000000-0x8ffffffff window]
[    6.131766] initcall pcibios_assign_resources+0x0/0xbf returned 0 after 46641 usecs
[    6.140641] calling  pci_apply_final_quirks+0x0/0x124 @ 1
[    6.147370] pci 0000:00:01.0: calling  pci_fixup_video+0x0/0xe0 @ 1
[    6.154910] pci 0000:00:01.0: Video device with shadowed ROM at [mem 0x000c0000-0x000dffff]
[    6.164489] pci 0000:00:01.0: pci_fixup_video+0x0/0xe0 took 9607 usecs
[    6.172412] PCI: CLS 0 bytes, default 64
[    6.177008] initcall pci_apply_final_quirks+0x0/0x124 returned 0 after 29248 usecs
[    6.185739] calling  acpi_reserve_resources+0x0/0xea @ 1
[    6.191894] initcall acpi_reserve_resources+0x0/0xea returned 0 after 43 usecs
[    6.200214] calling  populate_rootfs+0x0/0x102 @ 1
[    6.207401] initcall populate_rootfs+0x0/0x102 returned 0 after 1513 usecs
[    6.215429] calling  pci_iommu_init+0x0/0x3e @ 1
[    6.222089] initcall pci_iommu_init+0x0/0x3e returned 0 after 113 usecs
[    6.231201] calling  ia32_binfmt_init+0x0/0x13 @ 1
[    6.236668] initcall ia32_binfmt_init+0x0/0x13 returned 0 after 20 usecs
[    6.244009] calling  rapl_pmu_init+0x0/0x267 @ 1
[    6.249278] initcall rapl_pmu_init+0x0/0x267 returned -19 after 68 usecs
[    6.256743] calling  amd_uncore_init+0x0/0x310 @ 1
[    6.263477] initcall amd_uncore_init+0x0/0x310 returned -19 after 0 usecs
[    6.271564] calling  amd_ibs_init+0x0/0x27b @ 1
[    6.278037] initcall amd_ibs_init+0x0/0x27b returned -19 after 0 usecs
[    6.287160] calling  amd_iommu_pc_init+0x0/0x215 @ 1
[    6.294279] initcall amd_iommu_pc_init+0x0/0x215 returned -19 after 57 usecs
[    6.304147] calling  msr_init+0x0/0x55 @ 1
[    6.310172] initcall msr_init+0x0/0x55 returned 0 after 139 usecs
[    6.316957] calling  intel_uncore_init+0x0/0x36f @ 1
[    6.322766] initcall intel_uncore_init+0x0/0x36f returned -19 after 33 usecs
[    6.330898] calling  cstate_pmu_init+0x0/0x1a1 @ 1
[    6.336414] initcall cstate_pmu_init+0x0/0x1a1 returned -19 after 0 usecs
[    6.344150] calling  register_kernel_offset_dumper+0x0/0x1a @ 1
[    6.350896] initcall register_kernel_offset_dumper+0x0/0x1a returned 0 after 33 usecs
[    6.359656] calling  i8259A_init_ops+0x0/0x20 @ 1
[    6.365035] initcall i8259A_init_ops+0x0/0x20 returned 0 after 1 usecs
[    6.372388] calling  init_tsc_clocksource+0x0/0xa4 @ 1
[    6.378221] clocksource: tsc: mask: 0xffffffffffffffff max_cycles: 0x39a85afc727, max_idle_ns: 881590685098 ns
[    6.389379] initcall init_tsc_clocksource+0x0/0xa4 returned 0 after 10895 usecs
[    6.397554] calling  add_rtc_cmos+0x0/0xb0 @ 1
[    6.402684] initcall add_rtc_cmos+0x0/0xb0 returned 0 after 16 usecs
[    6.409902] calling  i8237A_init_ops+0x0/0x3a @ 1
[    6.415377] initcall i8237A_init_ops+0x0/0x3a returned 0 after 98 usecs
[    6.422833] calling  umwait_init+0x0/0x94 @ 1
[    6.428512] initcall umwait_init+0x0/0x94 returned -19 after 23 usecs
[    6.435785] calling  thermal_throttle_init_device+0x0/0x3d @ 1
[    6.442448] initcall thermal_throttle_init_device+0x0/0x3d returned 0 after 35 usecs
[    6.451195] calling  msr_init+0x0/0xd7 @ 1
[    6.458048] initcall msr_init+0x0/0xd7 returned 0 after 2057 usecs
[    6.465111] calling  cpuid_init+0x0/0xd7 @ 1
[    6.471460] initcall cpuid_init+0x0/0xd7 returned 0 after 1394 usecs
[    6.478693] calling  ioapic_init_ops+0x0/0x13 @ 1
[    6.484732] initcall ioapic_init_ops+0x0/0x13 returned 0 after 29 usecs
[    6.492161] calling  add_pcspkr+0x0/0x6c @ 1
[    6.497153] initcall add_pcspkr+0x0/0x6c returned 0 after 68 usecs
[    6.504444] calling  start_periodic_check_for_corruption+0x0/0x30 @ 1
[    6.511995] check: Scanning for low memory corruption every 60 seconds
[    6.520251] initcall start_periodic_check_for_corruption+0x0/0x30 returned 0 after 8125 usecs
[    6.533664] calling  sysfb_init+0x0/0x9c @ 1
[    6.539203] initcall sysfb_init+0x0/0x9c returned 0 after 159 usecs
[    6.546881] calling  audit_classes_init+0x0/0xae @ 1
[    6.552977] initcall audit_classes_init+0x0/0xae returned 0 after 17 usecs
[    6.561182] calling  iosf_mbi_init+0x0/0x24 @ 1
[    6.566409] initcall iosf_mbi_init+0x0/0x24 returned 0 after 100 usecs
[    6.573731] calling  proc_execdomains_init+0x0/0x21 @ 1
[    6.579562] initcall proc_execdomains_init+0x0/0x21 returned 0 after 29 usecs
[    6.587457] calling  register_warn_debugfs+0x0/0x23 @ 1
[    6.593411] initcall register_warn_debugfs+0x0/0x23 returned 0 after 36 usecs
[    6.601688] calling  cpuhp_sysfs_init+0x0/0x79 @ 1
[    6.607277] initcall cpuhp_sysfs_init+0x0/0x79 returned 0 after 118 usecs
[    6.614974] calling  ioresources_init+0x0/0x49 @ 1
[    6.620402] initcall ioresources_init+0x0/0x49 returned 0 after 6 usecs
[    6.628424] calling  snapshot_device_init+0x0/0xc @ 1
[    6.635713] initcall snapshot_device_init+0x0/0xc returned 0 after 127 usecs
[    6.645610] calling  irq_pm_init_ops+0x0/0x13 @ 1
[    6.652384] initcall irq_pm_init_ops+0x0/0x13 returned 0 after 18 usecs
[    6.661741] calling  rcu_torture_init+0x0/0x9a6 @ 1
[    6.667658] tasks-torture:--- Start of test: nreaders=1 nfakewriters=4 stat_interval=15 verbose=1 test_no_idle_hz=1 shuffle_interval=3 stutter=5 irqreader=1 fqs_duration=0 fqs_holdoff=0 fqs_stutter=3 test_boost=1/0 test_boost_interval=7 test_boost_duration=4 shutdown_secs=1800 stall_cpu=0 stall_cpu_holdoff=10 stall_cpu_irqsoff=0 stall_cpu_block=0 n_barrier_cbs=4 onoff_interval=1000 onoff_holdoff=30 read_exit_delay=13 read_exit_burst=16
[    6.716386] tasks:  Start-test grace-period state: g0 f0x0
[    6.722685] tasks-torture: Creating rcu_torture_writer task
[    6.729089] tasks-torture: Creating rcu_torture_fakewriter task
[    6.735846] tasks-torture: rcu_torture_writer task started
[    6.742450] tasks-torture: GP expediting controlled from boot/sysfs for tasks.
[    6.742739] tasks-torture: Creating rcu_torture_fakewriter task
[    6.750791] tasks-torture: rcu_torture_fakewriter task started
[    6.750799] rcu_torture_writer: Testing expedited GPs.
[    6.750800] rcu_torture_writer: Testing asynchronous GPs.
[    6.750814] rcu_torture_writer: Testing normal GPs.
[    6.784742] tasks-torture: rcu_torture_fakewriter task started
[    6.784859] tasks-torture: Creating rcu_torture_fakewriter task
[    6.799857] tasks-torture: Creating rcu_torture_fakewriter task
[    6.799873] tasks-torture: rcu_torture_fakewriter task started
[    6.816247] tasks-torture: Creating rcu_torture_reader task
[    6.816363] tasks-torture: rcu_torture_fakewriter task started
[    6.831867] tasks-torture: Creating rcu_torture_stats task
[    6.831887] tasks-torture: rcu_torture_reader task started
[    6.848257] tasks-torture: Creating torture_shuffle task
[    6.848292] tasks-torture: rcu_torture_stats task started
[    6.862828] tasks-torture: Creating torture_stutter task
[    6.862850] tasks-torture: torture_shuffle task started
[    6.880651] tasks-torture: Creating torture_shutdown task
[    6.880652] tasks-torture: torture_stutter task started
[    6.897047] tasks-torture: Creating torture_onoff task
[    6.897077] tasks-torture: torture_shutdown task started
[    6.911063] tasks-torture:torture_shutdown task: 1799969 ms remaining
[    6.912027] tasks-torture: rcu_torture_fwd_prog_init: Disabled, unsupported by RCU flavor under test
[    6.919365] tasks-torture: torture_onoff task started
[    6.912684] tasks-torture: Creating rcu_torture_barrier_cbs task
[    6.945483] tasks-torture: torture_onoff begin holdoff
[    6.946088] tasks-torture: Creating rcu_torture_barrier_cbs task
[    6.951660] tasks-torture: rcu_torture_barrier_cbs task started
[    6.967999] tasks-torture: Creating rcu_torture_barrier_cbs task
[    6.968022] tasks-torture: rcu_torture_barrier_cbs task started
[    6.982889] tasks-torture: Creating rcu_torture_barrier_cbs task
[    6.982905] tasks-torture: rcu_torture_barrier_cbs task started
[    6.998070] tasks-torture: Creating rcu_torture_barrier task
[    6.998093] tasks-torture: rcu_torture_barrier_cbs task started
[    7.015897] tasks-torture: Creating rcu_torture_read_exit task
[    7.015982] tasks-torture: rcu_torture_barrier task starting
[    7.031440] initcall rcu_torture_init+0x0/0x9a6 returned 0 after 355311 usecs
[    7.031456] tasks-torture: rcu_torture_read_exit: Start of test
[    7.031903] calling  timekeeping_init_ops+0x0/0x13 @ 1
[    7.031903] initcall timekeeping_init_ops+0x0/0x13 returned 0 after 19 usecs
[    7.031903] calling  init_clocksource_sysfs+0x0/0x23 @ 1
[    7.031903] initcall init_clocksource_sysfs+0x0/0x23 returned 0 after 85 usecs
[    7.079706] calling  init_timer_list_procfs+0x0/0x31 @ 1
[    7.087267] initcall init_timer_list_procfs+0x0/0x31 returned 0 after 14 usecs
[    7.096517] calling  alarmtimer_init+0x0/0xc7 @ 1
[    7.097405] initcall alarmtimer_init+0x0/0xc7 returned 0 after 513 usecs
[    7.097405] calling  init_posix_timers+0x0/0x29 @ 1
[    7.097405] initcall init_posix_timers+0x0/0x29 returned 0 after 8 usecs
[    7.128845] calling  clockevents_init_sysfs+0x0/0xbf @ 1
[    7.128845] initcall clockevents_init_sysfs+0x0/0xbf returned 0 after 183 usecs
[    7.128845] calling  proc_dma_init+0x0/0x21 @ 1
[    7.128845] initcall proc_dma_init+0x0/0x21 returned 0 after 7 usecs
[    7.128845] calling  proc_modules_init+0x0/0x1e @ 1
[    7.128845] initcall proc_modules_init+0x0/0x1e returned 0 after 6 usecs
[    7.128845] calling  kallsyms_init+0x0/0x21 @ 1
[    7.128845] initcall kallsyms_init+0x0/0x21 returned 0 after 4 usecs
[    7.128845] calling  pid_namespaces_init+0x0/0x2c @ 1
[    7.128845] initcall pid_namespaces_init+0x0/0x2c returned 0 after 15 usecs
[    7.128845] calling  audit_watch_init+0x0/0x37 @ 1
[    7.128845] initcall audit_watch_init+0x0/0x37 returned 0 after 25 usecs
[    7.128845] calling  audit_fsnotify_init+0x0/0x37 @ 1
[    7.128845] initcall audit_fsnotify_init+0x0/0x37 returned 0 after 2 usecs
[    7.128845] calling  audit_tree_init+0x0/0x6d @ 1
[    7.237641] initcall audit_tree_init+0x0/0x6d returned 0 after 160 usecs
[    7.246231] calling  seccomp_sysctl_init+0x0/0x2b @ 1
[    7.247007] initcall seccomp_sysctl_init+0x0/0x2b returned 0 after 39 usecs
[    7.247007] calling  utsname_sysctl_init+0x0/0x13 @ 1
[    7.247007] initcall utsname_sysctl_init+0x0/0x13 returned 0 after 52 usecs
[    7.247007] calling  init_tracepoints+0x0/0x27 @ 1
[    7.247007] initcall init_tracepoints+0x0/0x27 returned 0 after 31 usecs
[    7.247007] calling  init_blk_tracer+0x0/0x50 @ 1
[    7.247007] initcall init_blk_tracer+0x0/0x50 returned 0 after 443 usecs
[    7.247007] calling  perf_event_sysfs_init+0x0/0x81 @ 1
[    7.247007] initcall perf_event_sysfs_init+0x0/0x81 returned 0 after 129 usecs
[    7.247007] calling  system_trusted_keyring_init+0x0/0x60 @ 1
[    7.247007] Initialise system trusted keyrings
[    7.247007] initcall system_trusted_keyring_init+0x0/0x60 returned 0 after 5015 usecs
[    7.247007] calling  kswapd_init+0x0/0x5c @ 1
[    7.340412] initcall kswapd_init+0x0/0x5c returned 0 after 789 usecs
[    7.347735] calling  extfrag_debug_init+0x0/0x54 @ 1
[    7.348622] initcall extfrag_debug_init+0x0/0x54 returned 0 after 114 usecs
[    7.348622] calling  mm_compute_batch_init+0x0/0x12 @ 1
[    7.367709] initcall mm_compute_batch_init+0x0/0x12 returned 0 after 0 usecs
[    7.368564] calling  slab_proc_init+0x0/0x21 @ 1
[    7.368564] initcall slab_proc_init+0x0/0x21 returned 0 after 33 usecs
[    7.368564] calling  workingset_init+0x0/0x8c @ 1
[    7.368564] workingset: timestamp_bits=56 max_order=17 bucket_order=0
[    7.368564] initcall workingset_init+0x0/0x8c returned 0 after 7139 usecs
[    7.368564] calling  proc_vmalloc_init+0x0/0x32 @ 1
[    7.368564] initcall proc_vmalloc_init+0x0/0x32 returned 0 after 7 usecs
[    7.368564] calling  procswaps_init+0x0/0x1e @ 1
[    7.368564] initcall procswaps_init+0x0/0x1e returned 0 after 4 usecs
[    7.368564] calling  slab_sysfs_init+0x0/0xea @ 1
[    7.368564] initcall slab_sysfs_init+0x0/0xea returned 0 after 2517 usecs
[    7.368564] calling  fcntl_init+0x0/0x29 @ 1
[    7.455606] initcall fcntl_init+0x0/0x29 returned 0 after 141 usecs
[    7.455606] calling  proc_filesystems_init+0x0/0x21 @ 1
[    7.455606] initcall proc_filesystems_init+0x0/0x21 returned 0 after 4 usecs
[    7.455606] calling  start_dirtytime_writeback+0x0/0x29 @ 1
[    7.455606] initcall start_dirtytime_writeback+0x0/0x29 returned 0 after 2 usecs
[    7.455606] calling  blkdev_init+0x0/0x1b @ 1
[    7.455606] initcall blkdev_init+0x0/0x1b returned 0 after 116 usecs
[    7.455606] calling  dio_init+0x0/0x2c @ 1
[    7.455606] initcall dio_init+0x0/0x2c returned 0 after 85 usecs
[    7.455606] calling  dnotify_init+0x0/0x78 @ 1
[    7.455606] initcall dnotify_init+0x0/0x78 returned 0 after 11 usecs
[    7.455606] calling  aio_setup+0x0/0x78 @ 1
[    7.455606] initcall aio_setup+0x0/0x78 returned 0 after 56 usecs
[    7.455606] calling  io_uring_init+0x0/0x2c @ 1
[    7.455606] initcall io_uring_init+0x0/0x2c returned 0 after 4 usecs
[    7.455606] calling  mbcache_init+0x0/0x30 @ 1
[    7.566356] initcall mbcache_init+0x0/0x30 returned 0 after 2694 usecs
[    7.566356] calling  init_grace+0x0/0xc @ 1
[    7.566356] initcall init_grace+0x0/0xc returned 0 after 289 usecs
[    7.566356] calling  init_v2_quota_format+0x0/0x21 @ 1
[    7.566356] initcall init_v2_quota_format+0x0/0x21 returned 0 after 58 usecs
[    7.566356] calling  init_devpts_fs+0x0/0x27 @ 1
[    7.566356] initcall init_devpts_fs+0x0/0x27 returned 0 after 558 usecs
[    7.566356] calling  ext4_init_fs+0x0/0x1d0 @ 1
[    7.566356] initcall ext4_init_fs+0x0/0x1d0 returned 0 after 2213 usecs
[    7.566356] calling  journal_init+0x0/0x11c @ 1
[    7.566356] initcall journal_init+0x0/0x11c returned 0 after 128 usecs
[    7.566356] calling  init_fat_fs+0x0/0x49 @ 1
[    7.566356] initcall init_fat_fs+0x0/0x49 returned 0 after 93 usecs
[    7.566356] calling  init_vfat_fs+0x0/0xc @ 1
[    7.566356] initcall init_vfat_fs+0x0/0xc returned 0 after 3 usecs
[    7.566356] calling  init_msdos_fs+0x0/0xc @ 1
[    7.566356] initcall init_msdos_fs+0x0/0xc returned 0 after 3 usecs
[    7.566356] calling  init_iso9660_fs+0x0/0x6c @ 1
[    7.566356] initcall init_iso9660_fs+0x0/0x6c returned 0 after 282 usecs
[    7.566356] calling  init_nfs_fs+0x0/0x13a @ 1
[    7.717389] initcall init_nfs_fs+0x0/0x13a returned 0 after 4918 usecs
[    7.725138] calling  init_nfs_v2+0x0/0x13 @ 1
[    7.730654] initcall init_nfs_v2+0x0/0x13 returned 0 after 83 usecs
[    7.738334] calling  init_nfs_v3+0x0/0x13 @ 1
[    7.743806] initcall init_nfs_v3+0x0/0x13 returned 0 after 20 usecs
[    7.751723] calling  init_nfs_v4+0x0/0x32 @ 1
[    7.757157] NFS: Registering the id_resolver key type
[    7.763759] Key type id_resolver registered
[    7.769079] Key type id_legacy registered
[    7.774272] initcall init_nfs_v4+0x0/0x32 returned 0 after 16723 usecs
[    7.784057] calling  init_nlm+0x0/0x5b @ 1
[    7.789654] initcall init_nlm+0x0/0x5b returned 0 after 354 usecs
[    7.797181] calling  init_nls_cp437+0x0/0xe @ 1
[    7.802894] initcall init_nls_cp437+0x0/0xe returned 0 after 19 usecs
[    7.810853] calling  init_nls_ascii+0x0/0xe @ 1
[    7.816415] initcall init_nls_ascii+0x0/0xe returned 0 after 1 usecs
[    7.824277] calling  init_nls_iso8859_1+0x0/0xe @ 1
[    7.830361] initcall init_nls_iso8859_1+0x0/0xe returned 0 after 0 usecs
[    7.838621] calling  init_nls_utf8+0x0/0x21 @ 1
[    7.844213] initcall init_nls_utf8+0x0/0x21 returned 0 after 0 usecs
[    7.851962] calling  init_autofs_fs+0x0/0x25 @ 1
[    7.862726] initcall init_autofs_fs+0x0/0x25 returned 0 after 4862 usecs
[    7.871169] calling  ipc_init+0x0/0x24 @ 1
[    7.876821] initcall ipc_init+0x0/0x24 returned 0 after 425 usecs
[    7.884663] calling  ipc_sysctl_init+0x0/0x13 @ 1
[    7.891168] initcall ipc_sysctl_init+0x0/0x13 returned 0 after 142 usecs
[    7.900023] calling  init_mqueue_fs+0x0/0x9a @ 1
[    7.906795] initcall init_mqueue_fs+0x0/0x9a returned 0 after 744 usecs
[    7.915771] calling  key_proc_init+0x0/0x63 @ 1
[    7.921876] initcall key_proc_init+0x0/0x63 returned 0 after 23 usecs
[    7.930356] calling  selinux_nf_ip_init+0x0/0x2e @ 1
[    7.936957] initcall selinux_nf_ip_init+0x0/0x2e returned 0 after 30 usecs
[    7.945960] calling  init_sel_fs+0x0/0x116 @ 1
[    7.952613] initcall init_sel_fs+0x0/0x116 returned 0 after 99 usecs
[    7.961286] calling  selnl_init+0x0/0x7c @ 1
[    7.968693] initcall selnl_init+0x0/0x7c returned 0 after 523 usecs
[    7.978373] calling  sel_netif_init+0x0/0x36 @ 1
[    7.985810] initcall sel_netif_init+0x0/0x36 returned 0 after 0 usecs
[    7.995026] calling  sel_netnode_init+0x0/0x33 @ 1
[    8.001036] initcall sel_netnode_init+0x0/0x33 returned 0 after 1 usecs
[    8.009627] calling  sel_netport_init+0x0/0x33 @ 1
[    8.015987] initcall sel_netport_init+0x0/0x33 returned 0 after 0 usecs
[    8.024318] calling  aurule_init+0x0/0x2a @ 1
[    8.030175] initcall aurule_init+0x0/0x2a returned 0 after 1 usecs
[    8.037990] calling  crypto_algapi_init+0x0/0xc @ 1
[    8.044064] initcall crypto_algapi_init+0x0/0xc returned 0 after 5 usecs
[    8.052756] calling  jent_mod_init+0x0/0x2d @ 1
[    8.070259] initcall jent_mod_init+0x0/0x2d returned 0 after 11205 usecs
[    8.070418] cryptomgr_test (79) used greatest stack depth: 14968 bytes left
[    8.078643] calling  asymmetric_key_init+0x0/0xc @ 1
[    8.078646] Key type asymmetric registered
[    8.078647] initcall asymmetric_key_init+0x0/0xc returned 0 after 2 usecs
[    8.078649] calling  x509_key_init+0x0/0xc @ 1
[    8.078668] Asymmetric key parser 'x509' registered
[    8.078670] initcall x509_key_init+0x0/0xc returned 0 after 19 usecs
[    8.078689] calling  proc_genhd_init+0x0/0x41 @ 1
[    8.078712] initcall proc_genhd_init+0x0/0x41 returned 0 after 21 usecs
[    8.078713] calling  bsg_init+0x0/0x113 @ 1
[    8.078942] Block layer SCSI generic (bsg) driver version 0.4 loaded (major 251)
[    8.078944] initcall bsg_init+0x0/0x113 returned 0 after 223 usecs
[    8.078945] calling  deadline_init+0x0/0xc @ 1
[    8.079027] io scheduler mq-deadline registered
[    8.079028] initcall deadline_init+0x0/0xc returned 0 after 80 usecs
[    8.079029] calling  kyber_init+0x0/0xc @ 1
[    8.079030] io scheduler kyber registered
[    8.079031] initcall kyber_init+0x0/0xc returned 0 after 0 usecs
[    8.079033] calling  mod_init+0x0/0x7 @ 1
[    8.079034] initcall mod_init+0x0/0x7 returned 0 after 0 usecs
[    8.079035] calling  percpu_counter_startup+0x0/0x55 @ 1
[    8.230041] initcall percpu_counter_startup+0x0/0x55 returned 0 after 147458 usecs
[    8.242128] calling  sg_pool_init+0x0/0xb4 @ 1
[    8.242857] initcall sg_pool_init+0x0/0xb4 returned 0 after 661 usecs
[    8.242857] calling  pcie_portdrv_init+0x0/0x39 @ 1
[    8.242857] initcall pcie_portdrv_init+0x0/0x39 returned 0 after 750 usecs
[    8.242857] calling  pci_proc_init+0x0/0x68 @ 1
[    8.242857] initcall pci_proc_init+0x0/0x68 returned 0 after 62 usecs
[    8.242857] calling  pci_hotplug_init+0x0/0x7 @ 1
[    8.242857] initcall pci_hotplug_init+0x0/0x7 returned 0 after 0 usecs
[    8.242857] calling  efifb_driver_init+0x0/0xe @ 1
[    8.242857] initcall efifb_driver_init+0x0/0xe returned 0 after 330 usecs
[    8.242857] calling  ged_driver_init+0x0/0xe @ 1
[    8.242857] initcall ged_driver_init+0x0/0xe returned 0 after 329 usecs
[    8.346676] calling  acpi_ac_init+0x0/0x92 @ 1
[    8.346676] initcall acpi_ac_init+0x0/0x92 returned 0 after 625 usecs
[    8.366460] calling  acpi_button_driver_init+0x0/0x52 @ 1
[    8.375857] input: Power Button as /devices/LNXSYSTM:00/LNXPWRBN:00/input/input0
[    8.389997] ACPI: Power Button [PWRF]
[    8.396803] initcall acpi_button_driver_init+0x0/0x52 returned 0 after 20913 usecs
[    8.409156] calling  acpi_fan_driver_init+0x0/0xe @ 1
[    8.417311] initcall acpi_fan_driver_init+0x0/0xe returned 0 after 31 usecs
[    8.428281] calling  acpi_video_init+0x0/0xcb @ 1
[    8.436190] initcall acpi_video_init+0x0/0xcb returned 0 after 99 usecs
[    8.446711] calling  acpi_processor_driver_init+0x0/0xad @ 1
[    8.457197] initcall acpi_processor_driver_init+0x0/0xad returned 0 after 1385 usecs
[    8.469828] calling  acpi_thermal_init+0x0/0x71 @ 1
[    8.478706] initcall acpi_thermal_init+0x0/0x71 returned 0 after 436 usecs
[    8.489804] calling  acpi_battery_init+0x0/0x32 @ 1
[    8.496686] initcall acpi_battery_init+0x0/0x32 returned 0 after 17 usecs
[    8.506711] calling  bgrt_init+0x0/0xb6 @ 1
[    8.512917] initcall bgrt_init+0x0/0xb6 returned -19 after 3 usecs
[    8.521882] calling  gpio_clk_driver_init+0x0/0xe @ 1
[    8.529223] initcall gpio_clk_driver_init+0x0/0xe returned 0 after 73 usecs
[    8.539495] calling  plt_clk_driver_init+0x0/0xe @ 1
[    8.546837] initcall plt_clk_driver_init+0x0/0xe returned 0 after 33 usecs
[    8.557104] calling  virtio_pci_driver_init+0x0/0x15 @ 1
[    8.566183] initcall virtio_pci_driver_init+0x0/0x15 returned 0 after 130 usecs
[    8.578512] calling  n_null_init+0x0/0x1e @ 1
[    8.585859] initcall n_null_init+0x0/0x1e returned 0 after 73 usecs
[    8.596504] calling  pty_init+0x0/0x1e8 @ 1
[    8.603217] initcall pty_init+0x0/0x1e8 returned 0 after 468 usecs
[    8.611865] calling  sysrq_init+0x0/0x62 @ 1
[    8.617753] initcall sysrq_init+0x0/0x62 returned 0 after 25 usecs
[    8.626711] calling  serial8250_init+0x0/0x17e @ 1
[    8.634349] Serial: 8250/16550 driver, 4 ports, IRQ sharing enabled
[    8.645085] 00:03: ttyS0 at I/O 0x3f8 (irq = 4, base_baud = 115200) is a 16550A
[    8.660348] initcall serial8250_init+0x0/0x17e returned 0 after 25446 usecs
[    8.671797] calling  serial_pci_driver_init+0x0/0x15 @ 1
[    8.680047] initcall serial_pci_driver_init+0x0/0x15 returned 0 after 334 usecs
[    8.691193] calling  exar_pci_driver_init+0x0/0x15 @ 1
[    8.699065] initcall exar_pci_driver_init+0x0/0x15 returned 0 after 53 usecs
[    8.709849] calling  lpss8250_pci_driver_init+0x0/0x15 @ 1
[    8.718162] initcall lpss8250_pci_driver_init+0x0/0x15 returned 0 after 33 usecs
[    8.728635] calling  mid8250_pci_driver_init+0x0/0x15 @ 1
[    8.736184] initcall mid8250_pci_driver_init+0x0/0x15 returned 0 after 30 usecs
[    8.746637] calling  virtio_console_init+0x0/0xff @ 1
[    8.755132] initcall virtio_console_init+0x0/0xff returned 0 after 632 usecs
[    8.765488] calling  hpet_init+0x0/0x64 @ 1
[    8.774786] initcall hpet_init+0x0/0x64 returned 0 after 2430 usecs
[    8.783946] calling  nvram_module_init+0x0/0x83 @ 1
[    8.791480] Non-volatile memory driver v1.3
[    8.798111] initcall nvram_module_init+0x0/0x83 returned 0 after 6573 usecs
[    8.808070] calling  hwrng_modinit+0x0/0x8a @ 1
[    8.814806] initcall hwrng_modinit+0x0/0x8a returned 0 after 390 usecs
[    8.823770] calling  mod_init+0x0/0x48 @ 1
[    8.829576] initcall mod_init+0x0/0x48 returned -19 after 8 usecs
[    8.837852] calling  agp_init+0x0/0x23 @ 1
[    8.843718] Linux agpgart interface v0.103
[    8.849838] initcall agp_init+0x0/0x23 returned 0 after 5976 usecs
[    8.859250] calling  agp_amd64_mod_init+0x0/0x5 @ 1
[    8.866683] initcall agp_amd64_mod_init+0x0/0x5 returned -19 after 171 usecs
[    8.876692] calling  agp_intel_init+0x0/0x28 @ 1
[    8.883989] initcall agp_intel_init+0x0/0x28 returned 0 after 703 usecs
[    8.893841] calling  drm_kms_helper_init+0x0/0x7 @ 1
[    8.901034] initcall drm_kms_helper_init+0x0/0x7 returned 0 after 58 usecs
[    8.910846] calling  drm_core_init+0x0/0xa4 @ 1
[    8.917771] initcall drm_core_init+0x0/0xa4 returned 0 after 468 usecs
[    8.927284] calling  i915_init+0x0/0x6b @ 1
[    8.934006] initcall i915_init+0x0/0x6b returned 0 after 678 usecs
[    8.943046] calling  cn_proc_init+0x0/0x35 @ 1
[    8.949643] initcall cn_proc_init+0x0/0x35 returned 0 after 19 usecs
[    8.958900] calling  topology_sysfs_init+0x0/0x27 @ 1
[    8.966105] initcall topology_sysfs_init+0x0/0x27 returned 0 after 70 usecs
[    8.975721] calling  cacheinfo_sysfs_init+0x0/0x27 @ 1
[    8.985257] initcall cacheinfo_sysfs_init+0x0/0x27 returned 0 after 1977 usecs
[    8.995748] calling  loop_init+0x0/0x168 @ 1
[    9.025350] loop: module loaded
[    9.030099] initcall loop_init+0x0/0x168 returned 0 after 27170 usecs
[    9.040035] calling  mac_hid_init+0x0/0x21 @ 1
[    9.047425] initcall mac_hid_init+0x0/0x21 returned 0 after 19 usecs
[    9.057899] calling  spi_transport_init+0x0/0x74 @ 1
[    9.066143] initcall spi_transport_init+0x0/0x74 returned 0 after 130 usecs
[    9.077591] calling  init_sd+0x0/0x18c @ 1
[    9.084889] initcall init_sd+0x0/0x18c returned 0 after 144 usecs
[    9.095387] calling  init_sr+0x0/0x43 @ 1
[    9.102467] initcall init_sr+0x0/0x43 returned 0 after 44 usecs
[    9.111053] calling  init_sg+0x0/0x1c0 @ 1
[    9.117264] initcall init_sg+0x0/0x1c0 returned 0 after 77 usecs
[    9.126031] calling  ahci_pci_driver_init+0x0/0x15 @ 1
[    9.134333] ahci 0000:00:1f.2: version 3.0
[    9.149009] PCI Interrupt Link [GSIA] enabled at IRQ 16
[    9.171316] ahci 0000:00:1f.2: AHCI 0001.0000 32 slots 6 ports 1.5 Gbps 0x3f impl SATA mode
[    9.183695] ahci 0000:00:1f.2: flags: 64bit ncq only 
[    9.213206] scsi host0: ahci
[    9.220189] scsi host1: ahci
[    9.227136] scsi host2: ahci
[    9.234261] scsi host3: ahci
[    9.240122] scsi host4: ahci
[    9.245854] scsi host5: ahci
[    9.251372] ata1: SATA max UDMA/133 abar m4096@0xfebf1000 port 0xfebf1100 irq 24
[    9.262762] ata2: SATA max UDMA/133 abar m4096@0xfebf1000 port 0xfebf1180 irq 24
[    9.274143] ata3: SATA max UDMA/133 abar m4096@0xfebf1000 port 0xfebf1200 irq 24
[    9.285646] ata4: SATA max UDMA/133 abar m4096@0xfebf1000 port 0xfebf1280 irq 24
[    9.296986] ata5: SATA max UDMA/133 abar m4096@0xfebf1000 port 0xfebf1300 irq 24
[    9.308703] ata6: SATA max UDMA/133 abar m4096@0xfebf1000 port 0xfebf1380 irq 24
[    9.319790] initcall ahci_pci_driver_init+0x0/0x15 returned 0 after 182426 usecs
[    9.347353] calling  piix_init+0x0/0x26 @ 1
[    9.355716] initcall piix_init+0x0/0x26 returned 0 after 1568 usecs
[    9.366696] calling  amd_pci_driver_init+0x0/0x15 @ 1
[    9.375993] initcall amd_pci_driver_init+0x0/0x15 returned 0 after 363 usecs
[    9.386858] calling  oldpiix_pci_driver_init+0x0/0x15 @ 1
[    9.395241] initcall oldpiix_pci_driver_init+0x0/0x15 returned 0 after 31 usecs
[    9.406756] calling  sch_pci_driver_init+0x0/0x15 @ 1
[    9.415030] initcall sch_pci_driver_init+0x0/0x15 returned 0 after 404 usecs
[    9.425775] calling  net_olddevs_init+0x0/0x55 @ 1
[    9.433645] initcall net_olddevs_init+0x0/0x55 returned 0 after 357 usecs
[    9.444661] calling  blackhole_netdev_init+0x0/0x78 @ 1
[    9.453966] initcall blackhole_netdev_init+0x0/0x78 returned 0 after 1877 usecs
[    9.464880] calling  phy_module_init+0x0/0x13 @ 1
[    9.473109] initcall phy_module_init+0x0/0x13 returned 0 after 537 usecs
[    9.483116] calling  tg3_driver_init+0x0/0x15 @ 1
[    9.490339] initcall tg3_driver_init+0x0/0x15 returned 0 after 145 usecs
[    9.501120] calling  e100_init_module+0x0/0x4c @ 1
[    9.509169] e100: Intel(R) PRO/100 Network Driver
[    9.516642] e100: Copyright(c) 1999-2006 Intel Corporation
[    9.525421] initcall e100_init_module+0x0/0x4c returned 0 after 15805 usecs
[    9.536085] calling  e1000_init_module+0x0/0x72 @ 1
[    9.543352] e1000: Intel(R) PRO/1000 Network Driver
[    9.552085] e1000: Copyright (c) 1999-2006 Intel Corporation.
[    9.561465] initcall e1000_init_module+0x0/0x72 returned 0 after 17689 usecs
[    9.572300] calling  e1000_init_module+0x0/0x2d @ 1
[    9.580820] e1000e: Intel(R) PRO/1000 Network Driver
[    9.590267] e1000e: Copyright(c) 1999 - 2015 Intel Corporation.
[    9.600286] initcall e1000_init_module+0x0/0x2d returned 0 after 20031 usecs
[    9.611172] calling  sky2_init_module+0x0/0x21 @ 1
[    9.619327] sky2: driver version 1.30
[    9.626404] initcall sky2_init_module+0x0/0x21 returned 0 after 8138 usecs
[    9.637305] calling  forcedeth_pci_driver_init+0x0/0x15 @ 1
[    9.647023] initcall forcedeth_pci_driver_init+0x0/0x15 returned 0 after 1172 usecs
[    9.662449] ata3: SATA link up 1.5 Gbps (SStatus 113 SControl 300)
[    9.671681] calling  rtl8139_init_module+0x0/0x15 @ 1
[    9.684432] ata2: SATA link down (SStatus 0 SControl 300)
[    9.692820] initcall rtl8139_init_module+0x0/0x15 returned 0 after 13151 usecs
[    9.706078] ata1: SATA link down (SStatus 0 SControl 300)
[    9.716143] ata4: SATA link down (SStatus 0 SControl 300)
[    9.724760] calling  rtl8169_pci_driver_init+0x0/0x15 @ 1
[    9.735928] ata6: SATA link down (SStatus 0 SControl 300)
[    9.746214] ata5: SATA link down (SStatus 0 SControl 300)
[    9.755923] initcall rtl8169_pci_driver_init+0x0/0x15 returned 0 after 22257 usecs
[    9.767336] ata3.00: ATAPI: QEMU DVD-ROM, 2.5+, max UDMA/100
[    9.776159] ata3.00: applying bridge limits
[    9.782738] calling  cdrom_init+0x0/0xc @ 1
[    9.790187] ata3.00: configured for UDMA/100
[    9.796812] initcall cdrom_init+0x0/0xc returned 0 after 7712 usecs
[    9.809765] calling  nonstatic_sysfs_init+0x0/0xc @ 1
[    9.817463] initcall nonstatic_sysfs_init+0x0/0xc returned 0 after 66 usecs
[    9.829113] scsi 2:0:0:0: CD-ROM            QEMU     QEMU DVD-ROM     2.5+ PQ: 0 ANSI: 5
[    9.846034] calling  yenta_cardbus_driver_init+0x0/0x15 @ 1
[    9.854814] initcall yenta_cardbus_driver_init+0x0/0x15 returned 0 after 112 usecs
[    9.866095] calling  mon_init+0x0/0x12d @ 1
[    9.873019] initcall mon_init+0x0/0x12d returned 0 after 448 usecs
[    9.883021] calling  ehci_hcd_init+0x0/0x56 @ 1
[    9.890078] ehci_hcd: USB 2.0 'Enhanced' Host Controller (EHCI) Driver
[    9.900326] initcall ehci_hcd_init+0x0/0x56 returned 0 after 10117 usecs
[    9.911917] calling  ehci_pci_init+0x0/0x64 @ 1
[    9.912326] sr 2:0:0:0: [sr0] scsi3-mmc drive: 4x/4x cd/rw xa/form2 tray
[    9.920267] ehci-pci: EHCI PCI platform driver
[    9.930104] cdrom: Uniform CD-ROM driver Revision: 3.20
[    9.944245] initcall ehci_pci_init+0x0/0x64 returned 0 after 23419 usecs
[    9.954057] calling  ohci_hcd_mod_init+0x0/0x4e @ 1
[    9.965433] ohci_hcd: USB 1.1 'Open' Host Controller (OHCI) Driver
[    9.966090] sr 2:0:0:0: Attached scsi CD-ROM sr0
[    9.974288] initcall ohci_hcd_mod_init+0x0/0x4e returned 0 after 11171 usecs
[    9.974292] calling  ohci_pci_init+0x0/0x64 @ 1
[    9.974322] ohci-pci: OHCI PCI platform driver
[    9.975181] initcall ohci_pci_init+0x0/0x64 returned 0 after 863 usecs
[    9.986416] sr 2:0:0:0: Attached scsi generic sg0 type 5
[    9.994012] calling  uhci_hcd_init+0x0/0xa8 @ 1
[   10.030934] uhci_hcd: USB Universal Host Controller Interface driver
[   10.043828] initcall uhci_hcd_init+0x0/0xa8 returned 0 after 13191 usecs
[   10.054855] calling  xhci_hcd_init+0x0/0x1e @ 1
[   10.062718] initcall xhci_hcd_init+0x0/0x1e returned 0 after 16 usecs
[   10.073061] calling  xhci_pci_init+0x0/0x49 @ 1
[   10.080879] initcall xhci_pci_init+0x0/0x49 returned 0 after 147 usecs
[   10.090493] calling  usblp_driver_init+0x0/0x15 @ 1
[   10.097870] usbcore: registered new interface driver usblp
[   10.106028] initcall usblp_driver_init+0x0/0x15 returned 0 after 8035 usecs
[   10.116756] calling  usb_storage_driver_init+0x0/0x2a @ 1
[   10.125484] usbcore: registered new interface driver usb-storage
[   10.135362] initcall usb_storage_driver_init+0x0/0x2a returned 0 after 9746 usecs
[   10.147174] calling  i8042_init+0x0/0x4c2 @ 1
[   10.155910] i8042: PNP: PS/2 Controller [PNP0303:KBD,PNP0f13:MOU] at 0x60,0x64 irq 1,12
[   10.182157] serio: i8042 KBD port at 0x60,0x64 irq 1
[   10.189817] serio: i8042 AUX port at 0x60,0x64 irq 12
[   10.196706] initcall i8042_init+0x0/0x4c2 returned 0 after 40357 usecs
[   10.205912] calling  serport_init+0x0/0x2c @ 1
[   10.212500] initcall serport_init+0x0/0x2c returned 0 after 1 usecs
[   10.222612] calling  input_leds_init+0x0/0xc @ 1
[   10.230162] initcall input_leds_init+0x0/0xc returned 0 after 25 usecs
[   10.239849] calling  evdev_init+0x0/0xc @ 1
[   10.247000] initcall evdev_init+0x0/0xc returned 0 after 146 usecs
[   10.256257] calling  atkbd_init+0x0/0x21 @ 1
[   10.267354] input: AT Translated Set 2 keyboard as /devices/platform/i8042/serio0/input/input1
[   10.281746] initcall atkbd_init+0x0/0x21 returned 0 after 18322 usecs
[   10.292576] calling  psmouse_init+0x0/0x7f @ 1
[   10.302769] initcall psmouse_init+0x0/0x7f returned 0 after 2284 usecs
[   10.315529] calling  cmos_init+0x0/0x73 @ 1
[   10.324660] rtc_cmos 00:04: RTC can wake from S4
[   10.347531] rtc_cmos 00:04: registered as rtc0
[   10.356026] rtc_cmos 00:04: alarms up to one day, y3k, 242 bytes nvram, hpet irqs
[   10.369105] initcall cmos_init+0x0/0x73 returned 0 after 44827 usecs
[   10.379753] calling  smbalert_driver_init+0x0/0xe @ 1
[   10.390237] initcall smbalert_driver_init+0x0/0xe returned 0 after 620 usecs
[   10.403170] calling  i2c_i801_init+0x0/0xc5 @ 1
[   10.419274] i801_smbus 0000:00:1f.3: SMBus using PCI interrupt
[   10.432058] i2c i2c-0: 1/1 memory slots populated (from DMI)
[   10.442562] i2c i2c-0: Memory type 0x07 not supported yet, not instantiating SPD
[   10.456178] initcall i2c_i801_init+0x0/0xc5 returned 0 after 44173 usecs
[   10.469499] calling  ptp_kvm_init+0x0/0xf0 @ 1
[   10.486523] initcall ptp_kvm_init+0x0/0xf0 returned 0 after 8790 usecs
[   10.499112] calling  dm_init+0x0/0x3c @ 1
[   10.510078] device-mapper: ioctl: 4.43.0-ioctl (2020-10-01) initialised: dm-devel@redhat.com
[   10.524344] initcall dm_init+0x0/0x3c returned 0 after 16942 usecs
[   10.535889] calling  dm_mirror_init+0x0/0x29 @ 1
[   10.546021] initcall dm_mirror_init+0x0/0x29 returned 0 after 1658 usecs
[   10.558572] calling  dm_dirty_log_init+0x0/0x4f @ 1
[   10.582625] initcall dm_dirty_log_init+0x0/0x4f returned 0 after 1254 usecs
[   10.595897] calling  dm_zero_init+0x0/0x29 @ 1
[   10.603772] initcall dm_zero_init+0x0/0x29 returned 0 after 38 usecs
[   10.613441] calling  intel_pstate_init+0x0/0x510 @ 1
[   10.621857] intel_pstate: CPU model not supported
[   10.629449] initcall intel_pstate_init+0x0/0x510 returned -19 after 7761 usecs
[   10.641115] calling  haltpoll_init+0x0/0xc0 @ 1
[   10.649125] initcall haltpoll_init+0x0/0xc0 returned -19 after 243 usecs
[   10.660069] calling  efivars_sysfs_init+0x0/0x30 @ 1
[   10.669208] initcall efivars_sysfs_init+0x0/0x30 returned 0 after 987 usecs
[   10.681983] calling  esrt_sysfs_init+0x0/0x2a2 @ 1
[   10.690275] initcall esrt_sysfs_init+0x0/0x2a2 returned -38 after 113 usecs
[   10.702839] calling  hid_init+0x0/0x5c @ 1
[   10.716518] hid: raw HID events driver (C) Jiri Kosina
[   10.728001] initcall hid_init+0x0/0x5c returned 0 after 17080 usecs
[   10.738069] calling  hid_generic_init+0x0/0x15 @ 1
[   10.746357] initcall hid_generic_init+0x0/0x15 returned 0 after 291 usecs
[   10.756748] calling  a4_driver_init+0x0/0x15 @ 1
[   10.764704] initcall a4_driver_init+0x0/0x15 returned 0 after 665 usecs
[   10.775020] calling  apple_driver_init+0x0/0x15 @ 1
[   10.782751] initcall apple_driver_init+0x0/0x15 returned 0 after 257 usecs
[   10.793377] calling  belkin_driver_init+0x0/0x15 @ 1
[   10.801475] initcall belkin_driver_init+0x0/0x15 returned 0 after 141 usecs
[   10.812371] calling  ch_driver_init+0x0/0x15 @ 1
[   10.821162] initcall ch_driver_init+0x0/0x15 returned 0 after 749 usecs
[   10.833236] calling  ch_driver_init+0x0/0x15 @ 1
[   10.841364] initcall ch_driver_init+0x0/0x15 returned 0 after 113 usecs
[   10.852743] calling  cp_driver_init+0x0/0x15 @ 1
[   10.861875] initcall cp_driver_init+0x0/0x15 returned 0 after 424 usecs
[   10.874845] calling  ez_driver_init+0x0/0x15 @ 1
[   10.886277] initcall ez_driver_init+0x0/0x15 returned 0 after 194 usecs
[   10.898383] calling  gyration_driver_init+0x0/0x15 @ 1
[   10.908935] initcall gyration_driver_init+0x0/0x15 returned 0 after 84 usecs
[   10.922169] calling  ite_driver_init+0x0/0x15 @ 1
[   10.931280] initcall ite_driver_init+0x0/0x15 returned 0 after 343 usecs
[   10.941423] calling  ks_driver_init+0x0/0x15 @ 1
[   10.949026] initcall ks_driver_init+0x0/0x15 returned 0 after 248 usecs
[   10.959245] calling  lg_driver_init+0x0/0x15 @ 1
[   10.966994] initcall lg_driver_init+0x0/0x15 returned 0 after 291 usecs
[   10.977629] calling  lg_g15_driver_init+0x0/0x15 @ 1
[   10.985552] initcall lg_g15_driver_init+0x0/0x15 returned 0 after 23 usecs
[   10.996548] calling  ms_driver_init+0x0/0x15 @ 1
[   11.003470] initcall ms_driver_init+0x0/0x15 returned 0 after 31 usecs
[   11.013740] calling  mr_driver_init+0x0/0x15 @ 1
[   11.020931] initcall mr_driver_init+0x0/0x15 returned 0 after 18 usecs
[   11.031067] calling  ntrig_driver_init+0x0/0x15 @ 1
[   11.038883] initcall ntrig_driver_init+0x0/0x15 returned 0 after 21 usecs
[   11.049700] calling  pl_driver_init+0x0/0x15 @ 1
[   11.057208] initcall pl_driver_init+0x0/0x15 returned 0 after 77 usecs
[   11.067933] calling  pl_driver_init+0x0/0x15 @ 1
[   11.075492] initcall pl_driver_init+0x0/0x15 returned 0 after 49 usecs
[   11.086201] calling  redragon_driver_init+0x0/0x15 @ 1
[   11.094546] initcall redragon_driver_init+0x0/0x15 returned 0 after 21 usecs
[   11.105709] calling  samsung_driver_init+0x0/0x15 @ 1
[   11.113137] initcall samsung_driver_init+0x0/0x15 returned 0 after 18 usecs
[   11.124614] calling  sony_init+0x0/0x38 @ 1
[   11.131883] initcall sony_init+0x0/0x38 returned 0 after 24 usecs
[   11.141917] calling  sp_driver_init+0x0/0x15 @ 1
[   11.149789] initcall sp_driver_init+0x0/0x15 returned 0 after 23 usecs
[   11.160143] calling  ts_driver_init+0x0/0x15 @ 1
[   11.167823] initcall ts_driver_init+0x0/0x15 returned 0 after 211 usecs
[   11.177566] calling  hid_init+0x0/0x58 @ 1
[   11.184243] usbcore: registered new interface driver usbhid
[   11.193151] usbhid: USB HID core driver
[   11.199232] initcall hid_init+0x0/0x58 returned 0 after 15037 usecs
[   11.208971] calling  eeepc_laptop_init+0x0/0x57 @ 1
[   11.220086] initcall eeepc_laptop_init+0x0/0x57 returned -19 after 3153 usecs
[   11.231319] calling  pmc_atom_init+0x0/0x27a @ 1
[   11.239060] initcall pmc_atom_init+0x0/0x27a returned -19 after 330 usecs
[   11.250175] calling  alsa_hwdep_init+0x0/0x5e @ 1
[   11.259170] initcall alsa_hwdep_init+0x0/0x5e returned 0 after 1202 usecs
[   11.270835] calling  alsa_timer_init+0x0/0x1f0 @ 1
[   11.280971] initcall alsa_timer_init+0x0/0x1f0 returned 0 after 2038 usecs
[   11.291720] calling  snd_hrtimer_init+0x0/0x117 @ 1
[   11.299003] initcall snd_hrtimer_init+0x0/0x117 returned 0 after 2 usecs
[   11.308866] calling  alsa_pcm_init+0x0/0x64 @ 1
[   11.315952] initcall alsa_pcm_init+0x0/0x64 returned 0 after 6 usecs
[   11.325690] calling  alsa_seq_init+0x0/0x4a @ 1
[   11.332963] initcall alsa_seq_init+0x0/0x4a returned 0 after 326 usecs
[   11.342929] calling  alsa_seq_dummy_init+0x0/0x9c @ 1
[   11.351323] initcall alsa_seq_dummy_init+0x0/0x9c returned 0 after 200 usecs
[   11.363210] calling  azx_driver_init+0x0/0x15 @ 1
[   11.371677] initcall azx_driver_init+0x0/0x15 returned 0 after 526 usecs
[   11.382744] calling  sock_diag_init+0x0/0x2a @ 1
[   11.391838] initcall sock_diag_init+0x0/0x2a returned 0 after 1144 usecs
[   11.403011] calling  blackhole_init+0x0/0xc @ 1
[   11.410986] initcall blackhole_init+0x0/0xc returned 0 after 60 usecs
[   11.423092] calling  nfnetlink_init+0x0/0x57 @ 1
[   11.430791] initcall nfnetlink_init+0x0/0x57 returned 0 after 123 usecs
[   11.441331] calling  nfnetlink_log_init+0x0/0x99 @ 1
[   11.449170] initcall nfnetlink_log_init+0x0/0x99 returned 0 after 141 usecs
[   11.459909] calling  nf_conntrack_standalone_init+0x0/0x87 @ 1
[   11.471257] initcall nf_conntrack_standalone_init+0x0/0x87 returned 0 after 1717 usecs
[   11.484913] calling  ctnetlink_init+0x0/0x83 @ 1
[   11.492403] initcall ctnetlink_init+0x0/0x83 returned 0 after 242 usecs
[   11.502363] calling  nf_conntrack_ftp_init+0x0/0x12c @ 1
[   11.510829] initcall nf_conntrack_ftp_init+0x0/0x12c returned 0 after 296 usecs
[   11.521499] calling  nf_conntrack_irc_init+0x0/0x129 @ 1
[   11.533619] initcall nf_conntrack_irc_init+0x0/0x129 returned 0 after 4105 usecs
[   11.544007] calling  nf_conntrack_sip_init+0x0/0x172 @ 1
[   11.552743] initcall nf_conntrack_sip_init+0x0/0x172 returned 0 after 394 usecs
[   11.580219] calling  nf_nat_init+0x0/0xd2 @ 1
[   11.587981] initcall nf_nat_init+0x0/0xd2 returned 0 after 1673 usecs
[   11.597481] calling  nf_nat_ftp_init+0x0/0x2a @ 1
[   11.604821] initcall nf_nat_ftp_init+0x0/0x2a returned 0 after 210 usecs
[   11.615959] calling  nf_nat_irc_init+0x0/0x2a @ 1
[   11.623320] initcall nf_nat_irc_init+0x0/0x2a returned 0 after 292 usecs
[   11.633963] calling  nf_nat_sip_init+0x0/0x36 @ 1
[   11.641836] initcall nf_nat_sip_init+0x0/0x36 returned 0 after 368 usecs
[   11.652233] calling  xt_init+0x0/0xf8 @ 1
[   11.659205] initcall xt_init+0x0/0xf8 returned 0 after 321 usecs
[   11.669074] calling  tcpudp_mt_init+0x0/0x11 @ 1
[   11.690731] initcall tcpudp_mt_init+0x0/0x11 returned 0 after 3219 usecs
[   11.705175] calling  connsecmark_tg_init+0x0/0xc @ 1
[   11.715073] initcall connsecmark_tg_init+0x0/0xc returned 0 after 756 usecs
[   11.730737] input: ImExPS/2 Generic Explorer Mouse as /devices/platform/i8042/serio1/input/input3
[   11.744496] calling  nflog_tg_init+0x0/0xc @ 1
[   11.756017] initcall nflog_tg_init+0x0/0xc returned 0 after 4158 usecs
[   11.767369] calling  secmark_tg_init+0x0/0x11 @ 1
[   11.774935] initcall secmark_tg_init+0x0/0x11 returned 0 after 2 usecs
[   11.785315] calling  tcpmss_tg_init+0x0/0x11 @ 1
[   11.792988] initcall tcpmss_tg_init+0x0/0x11 returned 0 after 1 usecs
[   11.803168] calling  conntrack_mt_init+0x0/0x11 @ 1
[   11.810748] initcall conntrack_mt_init+0x0/0x11 returned 0 after 1 usecs
[   11.820805] calling  policy_mt_init+0x0/0x11 @ 1
[   11.827925] initcall policy_mt_init+0x0/0x11 returned 0 after 1 usecs
[   11.837834] calling  state_mt_init+0x0/0xc @ 1
[   11.843794] initcall state_mt_init+0x0/0xc returned 0 after 1 usecs
[   11.853051] calling  gre_offload_init+0x0/0x48 @ 1
[   11.860155] initcall gre_offload_init+0x0/0x48 returned 0 after 193 usecs
[   11.870345] calling  sysctl_ipv4_init+0x0/0x46 @ 1
[   11.879052] initcall sysctl_ipv4_init+0x0/0x46 returned 0 after 1460 usecs
[   11.889686] calling  tunnel4_init+0x0/0x58 @ 1
[   11.897041] initcall tunnel4_init+0x0/0x58 returned 0 after 55 usecs
[   11.907796] calling  nf_defrag_init+0x0/0xc @ 1
[   11.915202] initcall nf_defrag_init+0x0/0xc returned 0 after 30 usecs
