c[?7l[2J[0mSeaBIOS (version 1.16.0-debian-1.16.0-4)
Booting from ROM...
early console in setup code
c[?7l[2J[    0.000000] Linux version 5.10.153+ (root@joelboxx.c.googlers.com) (gcc (Debian 12.2.0-3) 12.2.0, GNU ld (GNU Binutils for Debian) 2.39) #5 SMP PREEMPT Tue Dec 13 07:15:39 UTC 2022
[    0.000000] Command line: selinux=0 initcall_debug debug console=ttyS0 rcutorture.onoff_interval=1000 rcutorture.onoff_holdoff=30 rcutorture.n_barrier_cbs=4 rcutorture.stat_interval=15 rcutorture.shutdown_secs=1800 rcutorture.test_no_idle_hz=1 rcutorture.verbose=1
[    0.000000] x86/fpu: x87 FPU will use FXSAVE
[    0.000000] BIOS-provided physical RAM map:
[    0.000000] BIOS-e820: [mem 0x0000000000000000-0x000000000009fbff] usable
[    0.000000] BIOS-e820: [mem 0x000000000009fc00-0x000000000009ffff] reserved
[    0.000000] BIOS-e820: [mem 0x00000000000f0000-0x00000000000fffff] reserved
[    0.000000] BIOS-e820: [mem 0x0000000000100000-0x000000001ffdefff] usable
[    0.000000] BIOS-e820: [mem 0x000000001ffdf000-0x000000001fffffff] reserved
[    0.000000] BIOS-e820: [mem 0x00000000b0000000-0x00000000bfffffff] reserved
[    0.000000] BIOS-e820: [mem 0x00000000fed1c000-0x00000000fed1ffff] reserved
[    0.000000] BIOS-e820: [mem 0x00000000feffc000-0x00000000feffffff] reserved
[    0.000000] BIOS-e820: [mem 0x00000000fffc0000-0x00000000ffffffff] reserved
[    0.000000] NX (Execute Disable) protection: active
[    0.000000] SMBIOS 2.8 present.
[    0.000000] DMI: QEMU Standard PC (Q35 + ICH9, 2009), BIOS 1.16.0-debian-1.16.0-4 04/01/2014
[    0.000000] Hypervisor detected: KVM
[    0.000000] kvm-clock: Using msrs 4b564d01 and 4b564d00
[    0.000000] kvm-clock: cpu 0, msr ad23001, primary cpu clock
[    0.000030] kvm-clock: using sched offset of 2924714798 cycles
[    0.000140] clocksource: kvm-clock: mask: 0xffffffffffffffff max_cycles: 0x1cd42e4dffb, max_idle_ns: 881590591483 ns
[    0.000261] tsc: Detected 1999.999 MHz processor
[    0.005919] e820: update [mem 0x00000000-0x00000fff] usable ==> reserved
[    0.005928] e820: remove [mem 0x000a0000-0x000fffff] usable
[    0.005937] last_pfn = 0x1ffdf max_arch_pfn = 0x400000000
[    0.006778] MTRR default type: write-back
[    0.006940] MTRR fixed ranges enabled:
[    0.006949]   00000-9FFFF write-back
[    0.006951]   A0000-BFFFF uncachable
[    0.006954]   C0000-FFFFF write-protect
[    0.006967] MTRR variable ranges enabled:
[    0.006971]   0 base 00C0000000 mask FFC0000000 uncachable
[    0.006973]   1 disabled
[    0.006975]   2 disabled
[    0.006976]   3 disabled
[    0.006978]   4 disabled
[    0.006980]   5 disabled
[    0.006982]   6 disabled
[    0.006983]   7 disabled
[    0.007268] x86/PAT: Configuration [0-7]: WB  WC  UC- UC  WB  WC  UC- UC  
[    0.016704] found SMP MP-table at [mem 0x000f5ba0-0x000f5baf]
[    0.021174] check: Scanning 1 areas for low memory corruption
[    0.032931] ACPI: Early table checksum verification disabled
[    0.035004] ACPI: RSDP 0x00000000000F59E0 000014 (v00 BOCHS )
[    0.035433] ACPI: RSDT 0x000000001FFE252A 000038 (v01 BOCHS  BXPC     00000001 BXPC 00000001)
[    0.035700] ACPI: FACP 0x000000001FFE22EA 0000F4 (v03 BOCHS  BXPC     00000001 BXPC 00000001)
[    0.036103] ACPI: DSDT 0x000000001FFE0040 0022AA (v01 BOCHS  BXPC     00000001 BXPC 00000001)
[    0.036186] ACPI: FACS 0x000000001FFE0000 000040
[    0.036193] ACPI: APIC 0x000000001FFE23DE 0000B0 (v01 BOCHS  BXPC     00000001 BXPC 00000001)
[    0.036200] ACPI: HPET 0x000000001FFE248E 000038 (v01 BOCHS  BXPC     00000001 BXPC 00000001)
[    0.036207] ACPI: MCFG 0x000000001FFE24C6 00003C (v01 BOCHS  BXPC     00000001 BXPC 00000001)
[    0.036213] ACPI: WAET 0x000000001FFE2502 000028 (v01 BOCHS  BXPC     00000001 BXPC 00000001)
[    0.036219] ACPI: Reserving FACP table memory at [mem 0x1ffe22ea-0x1ffe23dd]
[    0.036222] ACPI: Reserving DSDT table memory at [mem 0x1ffe0040-0x1ffe22e9]
[    0.036294] ACPI: Reserving FACS table memory at [mem 0x1ffe0000-0x1ffe003f]
[    0.036298] ACPI: Reserving APIC table memory at [mem 0x1ffe23de-0x1ffe248d]
[    0.036300] ACPI: Reserving HPET table memory at [mem 0x1ffe248e-0x1ffe24c5]
[    0.036302] ACPI: Reserving MCFG table memory at [mem 0x1ffe24c6-0x1ffe2501]
[    0.036304] ACPI: Reserving WAET table memory at [mem 0x1ffe2502-0x1ffe2529]
[    0.036999] ACPI: Local APIC address 0xfee00000
[    0.042599] No NUMA configuration found
[    0.042609] Faking a node at [mem 0x0000000000000000-0x000000001ffdefff]
[    0.042738] NODE_DATA(0) allocated [mem 0x1ffdb000-0x1ffdefff]
[    0.044500] Zone ranges:
[    0.044684]   DMA      [mem 0x0000000000001000-0x0000000000ffffff]
[    0.044776]   DMA32    [mem 0x0000000001000000-0x000000001ffdefff]
[    0.044887]   Normal   empty
[    0.044891] Movable zone start for each node
[    0.044894] Early memory node ranges
[    0.044897]   node   0: [mem 0x0000000000001000-0x000000000009efff]
[    0.044997]   node   0: [mem 0x0000000000100000-0x000000001ffdefff]
[    0.046079] Initmem setup node 0 [mem 0x0000000000001000-0x000000001ffdefff]
[    0.046147] On node 0 totalpages: 130941
[    0.046152]   DMA zone: 64 pages used for memmap
[    0.046154]   DMA zone: 21 pages reserved
[    0.046156]   DMA zone: 3998 pages, LIFO batch:0
[    0.046159]   DMA32 zone: 1984 pages used for memmap
[    0.046161]   DMA32 zone: 126943 pages, LIFO batch:31
[    0.048739] On node 0, zone DMA: 1 pages in unavailable ranges
[    0.051951] On node 0, zone DMA: 97 pages in unavailable ranges
[    0.100812] On node 0, zone DMA32: 33 pages in unavailable ranges
[    0.104543] ACPI: PM-Timer IO Port: 0x608
[    0.104550] ACPI: Local APIC address 0xfee00000
[    0.104615] ACPI: LAPIC_NMI (acpi_id[0xff] dfl dfl lint[0x1])
[    0.105421] IOAPIC[0]: apic_id 0, version 17, address 0xfec00000, GSI 0-23
[    0.105453] ACPI: INT_SRC_OVR (bus 0 bus_irq 0 global_irq 2 dfl dfl)
[    0.105484] ACPI: INT_SRC_OVR (bus 0 bus_irq 5 global_irq 5 high level)
[    0.105486] ACPI: INT_SRC_OVR (bus 0 bus_irq 9 global_irq 9 high level)
[    0.105576] ACPI: INT_SRC_OVR (bus 0 bus_irq 10 global_irq 10 high level)
[    0.105578] ACPI: INT_SRC_OVR (bus 0 bus_irq 11 global_irq 11 high level)
[    0.105582] ACPI: IRQ0 used by override.
[    0.105584] ACPI: IRQ5 used by override.
[    0.105586] ACPI: IRQ9 used by override.
[    0.105588] ACPI: IRQ10 used by override.
[    0.105639] ACPI: IRQ11 used by override.
[    0.105645] Using ACPI (MADT) for SMP configuration information
[    0.105693] ACPI: HPET id: 0x8086a201 base: 0xfed00000
[    0.105986] smpboot: Allowing 8 CPUs, 0 hotplug CPUs
[    0.107084] PM: hibernation: Registered nosave memory: [mem 0x00000000-0x00000fff]
[    0.107088] PM: hibernation: Registered nosave memory: [mem 0x0009f000-0x0009ffff]
[    0.107092] PM: hibernation: Registered nosave memory: [mem 0x000a0000-0x000effff]
[    0.107121] PM: hibernation: Registered nosave memory: [mem 0x000f0000-0x000fffff]
[    0.107127] [mem 0x20000000-0xafffffff] available for PCI devices
[    0.107189] Booting paravirtualized kernel on KVM
[    0.107457] clocksource: refined-jiffies: mask: 0xffffffff max_cycles: 0xffffffff, max_idle_ns: 1910969940391419 ns
[    0.128268] setup_percpu: NR_CPUS:8 nr_cpumask_bits:8 nr_cpu_ids:8 nr_node_ids:1
[    0.143755] percpu: Embedded 58 pages/cpu s197776 r8192 d31600 u262144
[    0.144202] pcpu-alloc: s197776 r8192 d31600 u262144 alloc=1*2097152
[    0.144229] pcpu-alloc: [0] 0 1 2 3 4 5 6 7 
[    0.144737] kvm-guest: stealtime: cpu 0, msr 1f41bac0
[    0.145603] Built 1 zonelists, mobility grouping on.  Total pages: 128872
[    0.145638] Policy zone: DMA32
[    0.145779] Kernel command line: selinux=0 initcall_debug debug console=ttyS0 rcutorture.onoff_interval=1000 rcutorture.onoff_holdoff=30 rcutorture.n_barrier_cbs=4 rcutorture.stat_interval=15 rcutorture.shutdown_secs=1800 rcutorture.test_no_idle_hz=1 rcutorture.verbose=1
[    0.150789] Dentry cache hash table entries: 65536 (order: 7, 524288 bytes, linear)
[    0.151964] Inode-cache hash table entries: 32768 (order: 6, 262144 bytes, linear)
[    0.152577] mem auto-init: stack:all(zero), heap alloc:off, heap free:off
[    0.175559] Memory: 471528K/523764K available (16397K kernel code, 2794K rwdata, 4788K rodata, 1556K init, 7148K bss, 51976K reserved, 0K cma-reserved)
[    0.175819] SLUB: HWalign=64, Order=0-3, MinObjects=0, CPUs=8, Nodes=1
[    0.182678] Kernel/User page tables isolation: enabled
[    0.185542] rcu: Preemptible hierarchical RCU implementation.
[    0.185545] rcu: 	CONFIG_RCU_FANOUT set to non-default value of 3.
[    0.185548] rcu: 	Build-time adjustment of leaf fanout to 3.
[    0.185594] rcu: 	RCU callback double-/use-after-free debug enabled.
[    0.185621] 	Trampoline variant of Tasks RCU enabled.
[    0.185623] 	Rude variant of Tasks RCU enabled.
[    0.185625] 	Tracing variant of Tasks RCU enabled.
[    0.185698] rcu: RCU calculated value of scheduler-enlistment delay is 100 jiffies.
[    0.192670] NR_IRQS: 4352, nr_irqs: 488, preallocated irqs: 16
[    0.194095] calling  con_init+0x0/0x24f @ 0
[    0.282228] Console: colour VGA+ 80x25
[    0.282241] initcall con_init+0x0/0x24f returned 0 after 0 usecs
[    0.282245] calling  hvc_console_init+0x0/0x13 @ 0
[    0.282304] initcall hvc_console_init+0x0/0x13 returned 0 after 0 usecs
[    0.282307] calling  univ8250_console_init+0x0/0x26 @ 0
[    1.200684] printk: console [ttyS0] enabled
[    1.206062] initcall univ8250_console_init+0x0/0x26 returned 0 after 0 usecs
[    1.215602] Lock dependency validator: Copyright (c) 2006 Red Hat, Inc., Ingo Molnar
[    1.223791] ... MAX_LOCKDEP_SUBCLASSES:  8
[    1.228210] ... MAX_LOCK_DEPTH:          48
[    1.232771] ... MAX_LOCKDEP_KEYS:        8192
[    1.237686] ... CLASSHASH_SIZE:          4096
[    1.243572] ... MAX_LOCKDEP_ENTRIES:     32768
[    1.249563] ... MAX_LOCKDEP_CHAINS:      65536
[    1.255575] ... CHAINHASH_SIZE:          32768
[    1.261734]  memory used by lock dependency info: 3637 kB
[    1.268939]  per task-struct memory footprint: 1920 bytes
[    1.276047] ACPI: Core revision 20200925
[    1.281914] clocksource: hpet: mask: 0xffffffff max_cycles: 0xffffffff, max_idle_ns: 19112604467 ns
[    1.292392] APIC: Switch to symmetric I/O mode setup
[    1.311849] ..TIMER: vector=0x30 apic1=0 pin1=2 apic2=-1 pin2=-1
[    1.318557] clocksource: tsc-early: mask: 0xffffffffffffffff max_cycles: 0x39a85afc727, max_idle_ns: 881590685098 ns
[    1.330042] Calibrating delay loop (skipped) preset value.. 3999.99 BogoMIPS (lpj=1999999)
[    1.331026] pid_max: default: 32768 minimum: 301
[    1.332208] LSM: Security Framework initializing
[    1.333131] Mount-cache hash table entries: 1024 (order: 1, 8192 bytes, linear)
[    1.334042] Mountpoint-cache hash table entries: 1024 (order: 1, 8192 bytes, linear)
[    1.340714] Last level iTLB entries: 4KB 0, 2MB 0, 4MB 0
[    1.341025] Last level dTLB entries: 4KB 0, 2MB 0, 4MB 0, 1GB 0
[    1.342088] Spectre V1 : Mitigation: usercopy/swapgs barriers and __user pointer sanitization
[    1.343051] Spectre V2 : Mitigation: Retpolines
[    1.344024] Spectre V2 : Spectre v2 / SpectreRSB mitigation: Filling RSB on context switch
[    1.345024] Spectre V2 : Spectre v2 / SpectreRSB : Filling RSB on VMEXIT
[    1.346025] Speculative Store Bypass: Vulnerable
[    1.347074] MDS: Vulnerable: Clear CPU buffers attempted, no microcode
[    1.348024] MMIO Stale Data: Unknown: No mitigations
[    1.405360] Freeing SMP alternatives memory: 40K
[    1.509865] smpboot: CPU0: Intel Common KVM processor (family: 0xf, model: 0x6, stepping: 0x1)
[    1.511116] calling  init_hw_perf_events+0x0/0x6ce @ 1
[    1.512039] Performance Events: unsupported Netburst CPU model 6 no PMU driver, software events only.
[    1.513033] initcall init_hw_perf_events+0x0/0x6ce returned 0 after 976 usecs
[    1.514029] calling  init_real_mode+0x0/0x1e9 @ 1
[    1.516405] initcall init_real_mode+0x0/0x1e9 returned 0 after 976 usecs
[    1.517029] calling  trace_init_perf_perm_irq_work_exit+0x0/0x12 @ 1
[    1.518027] initcall trace_init_perf_perm_irq_work_exit+0x0/0x12 returned 0 after 0 usecs
[    1.519052] calling  validate_x2apic+0x0/0x4a @ 1
[    1.520064] initcall validate_x2apic+0x0/0x4a returned 0 after 0 usecs
[    1.521033] calling  register_nmi_cpu_backtrace_handler+0x0/0x15 @ 1
[    1.522040] initcall register_nmi_cpu_backtrace_handler+0x0/0x15 returned 0 after 0 usecs
[    1.523029] calling  kvm_setup_vsyscall_timeinfo+0x0/0xce @ 1
[    1.524045] initcall kvm_setup_vsyscall_timeinfo+0x0/0xce returned 0 after 0 usecs
[    1.525043] calling  spawn_ksoftirqd+0x0/0x38 @ 1
[    1.526153] initcall spawn_ksoftirqd+0x0/0x38 returned 0 after 0 usecs
[    1.527034] calling  migration_init+0x0/0x31 @ 1
[    1.528035] initcall migration_init+0x0/0x31 returned 0 after 0 usecs
[    1.529034] calling  srcu_bootup_announce+0x0/0x2f @ 1
[    1.530036] rcu: Hierarchical SRCU implementation.
[    1.531030] initcall srcu_bootup_announce+0x0/0x2f returned 0 after 976 usecs
[    1.532031] calling  rcu_spawn_gp_kthread+0x0/0x1b0 @ 1
[    1.533102] initcall rcu_spawn_gp_kthread+0x0/0x1b0 returned 0 after 0 usecs
[    1.534030] calling  check_cpu_stall_init+0x0/0x1a @ 1
[    1.535029] initcall check_cpu_stall_init+0x0/0x1a returned 0 after 0 usecs
[    1.536028] calling  rcu_sysrq_init+0x0/0x21 @ 1
[    1.537051] initcall rcu_sysrq_init+0x0/0x21 returned 0 after 0 usecs
[    1.538046] calling  trace_init_flags_sys_enter+0x0/0xe @ 1
[    1.539049] initcall trace_init_flags_sys_enter+0x0/0xe returned 0 after 0 usecs
[    1.540027] calling  trace_init_flags_sys_exit+0x0/0xe @ 1
[    1.541029] initcall trace_init_flags_sys_exit+0x0/0xe returned 0 after 0 usecs
[    1.542028] calling  cpu_stop_init+0x0/0x8d @ 1
[    1.543142] initcall cpu_stop_init+0x0/0x8d returned 0 after 0 usecs
[    1.544027] calling  init_kprobes+0x0/0x16e @ 1
[    1.546596] initcall init_kprobes+0x0/0x16e returned 0 after 976 usecs
[    1.548040] calling  init_events+0x0/0x3d @ 1
[    1.549038] initcall init_events+0x0/0x3d returned 0 after 0 usecs
[    1.550025] calling  init_trace_printk+0x0/0xc @ 1
[    1.551028] initcall init_trace_printk+0x0/0xc returned 0 after 0 usecs
[    1.552026] calling  event_trace_enable_again+0x0/0x23 @ 1
[    1.553031] initcall event_trace_enable_again+0x0/0x23 returned 0 after 0 usecs
[    1.554031] calling  static_call_init+0x0/0x79 @ 1
[    1.555032] initcall static_call_init+0x0/0x79 returned 0 after 0 usecs
[    1.556032] calling  jump_label_init_module+0x0/0xc @ 1
[    1.557070] initcall jump_label_init_module+0x0/0xc returned 0 after 0 usecs
[    1.558051] calling  init_zero_pfn+0x0/0x37 @ 1
[    1.559027] initcall init_zero_pfn+0x0/0x37 returned 0 after 0 usecs
[    1.560029] calling  initialize_ptr_random+0x0/0x54 @ 1
[    1.561057] initcall initialize_ptr_random+0x0/0x54 returned 0 after 0 usecs
[    1.562050] calling  efi_memreserve_root_init+0x0/0x25 @ 1
[    1.563049] initcall efi_memreserve_root_init+0x0/0x25 returned 0 after 0 usecs
[    1.564030] calling  efi_earlycon_remap_fb+0x0/0x51 @ 1
[    1.565050] initcall efi_earlycon_remap_fb+0x0/0x51 returned 0 after 0 usecs
[    1.567218] smp: Bringing up secondary CPUs ...
[    1.568770] x86: Booting SMP configuration:
[    1.569044] .... node  #0, CPUs:      #1
[    1.134579] kvm-clock: cpu 1, msr ad23041, secondary cpu clock
[    1.595371] kvm-guest: stealtime: cpu 1, msr 1f45bac0
[    1.610034]  #2
[    1.134579] kvm-clock: cpu 2, msr ad23081, secondary cpu clock
[    1.633236] kvm-guest: stealtime: cpu 2, msr 1f49bac0
[    1.647683]  #3
[    1.134579] kvm-clock: cpu 3, msr ad230c1, secondary cpu clock
[    1.670198] kvm-guest: stealtime: cpu 3, msr 1f4dbac0
[    1.685945]  #4
[    1.134579] kvm-clock: cpu 4, msr ad23101, secondary cpu clock
[    1.711262] kvm-guest: stealtime: cpu 4, msr 1f51bac0
[    1.730035]  #5
[    1.134579] kvm-clock: cpu 5, msr ad23141, secondary cpu clock
[    1.754230] kvm-guest: stealtime: cpu 5, msr 1f55bac0
[    1.769962]  #6
[    1.134579] kvm-clock: cpu 6, msr ad23181, secondary cpu clock
[    1.793240] kvm-guest: stealtime: cpu 6, msr 1f59bac0
[    1.809036]  #7
[    1.134579] kvm-clock: cpu 7, msr ad231c1, secondary cpu clock
[    1.831199] kvm-guest: stealtime: cpu 7, msr 1f5dbac0
[    1.846134] smp: Brought up 1 node, 8 CPUs
[    1.847090] smpboot: Max logical packages: 1
[    1.848056] smpboot: Total of 8 processors activated (31999.98 BogoMIPS)
[    1.855029] devtmpfs: initialized
[    1.857669] calling  ipc_ns_init+0x0/0x3d @ 1
[    1.858092] initcall ipc_ns_init+0x0/0x3d returned 0 after 0 usecs
[    1.859030] calling  init_mmap_min_addr+0x0/0x21 @ 1
[    1.860031] initcall init_mmap_min_addr+0x0/0x21 returned 0 after 0 usecs
[    1.861035] calling  pci_realloc_setup_params+0x0/0x3f @ 1
[    1.862036] initcall pci_realloc_setup_params+0x0/0x3f returned 0 after 0 usecs
[    1.863036] calling  net_ns_init+0x0/0x140 @ 1
[    1.865413] initcall net_ns_init+0x0/0x140 returned 0 after 976 usecs
[    1.866056] calling  e820__register_nvs_regions+0x0/0x37 @ 1
[    1.867032] initcall e820__register_nvs_regions+0x0/0x37 returned 0 after 0 usecs
[    1.868034] calling  cpufreq_register_tsc_scaling+0x0/0x2e @ 1
[    1.870029] initcall cpufreq_register_tsc_scaling+0x0/0x2e returned 0 after 0 usecs
[    1.871031] calling  reboot_init+0x0/0x3c @ 1
[    1.872063] initcall reboot_init+0x0/0x3c returned 0 after 0 usecs
[    1.873030] calling  init_lapic_sysfs+0x0/0x20 @ 1
[    1.874048] initcall init_lapic_sysfs+0x0/0x20 returned 0 after 0 usecs
[    1.875030] calling  alloc_frozen_cpus+0x0/0x7 @ 1
[    1.876031] initcall alloc_frozen_cpus+0x0/0x7 returned 0 after 0 usecs
[    1.877030] calling  cpu_hotplug_pm_sync_init+0x0/0x13 @ 1
[    1.878040] initcall cpu_hotplug_pm_sync_init+0x0/0x13 returned 0 after 0 usecs
[    1.879029] calling  wq_sysfs_init+0x0/0x2a @ 1
[    1.881123] initcall wq_sysfs_init+0x0/0x2a returned 0 after 0 usecs
[    1.882030] calling  ksysfs_init+0x0/0x92 @ 1
[    1.883055] initcall ksysfs_init+0x0/0x92 returned 0 after 0 usecs
[    1.884030] calling  schedutil_gov_init+0x0/0xc @ 1
[    1.885070] initcall schedutil_gov_init+0x0/0xc returned 0 after 0 usecs
[    1.886030] calling  pm_init+0x0/0x76 @ 1
[    1.887153] initcall pm_init+0x0/0x76 returned 0 after 0 usecs
[    1.888029] calling  pm_disk_init+0x0/0x13 @ 1
[    1.889109] initcall pm_disk_init+0x0/0x13 returned 0 after 0 usecs
[    1.890031] calling  swsusp_header_init+0x0/0x2b @ 1
[    1.892038] initcall swsusp_header_init+0x0/0x2b returned 0 after 0 usecs
[    1.893030] calling  rcu_set_runtime_mode+0x0/0x16 @ 1
[    1.894059] initcall rcu_set_runtime_mode+0x0/0x16 returned 0 after 0 usecs
[    1.895030] calling  init_jiffies_clocksource+0x0/0x13 @ 1
[    1.896028] clocksource: jiffies: mask: 0xffffffff max_cycles: 0xffffffff, max_idle_ns: 1911260446275000 ns
[    1.897035] initcall init_jiffies_clocksource+0x0/0x13 returned 0 after 976 usecs
[    1.898032] calling  futex_init+0x0/0x118 @ 1
[    1.899035] futex hash table entries: 2048 (order: 6, 262144 bytes, linear)
[    1.901450] initcall futex_init+0x0/0x118 returned 0 after 1953 usecs
[    1.902032] calling  cgroup_wq_init+0x0/0x28 @ 1
[    1.903065] initcall cgroup_wq_init+0x0/0x28 returned 0 after 0 usecs
[    1.904030] calling  cgroup1_wq_init+0x0/0x28 @ 1
[    1.905050] initcall cgroup1_wq_init+0x0/0x28 returned 0 after 0 usecs
[    1.906032] calling  init_kprobe_trace_early+0x0/0x2a @ 1
[    1.907058] initcall init_kprobe_trace_early+0x0/0x2a returned 0 after 0 usecs
[    1.908029] calling  fsnotify_init+0x0/0x56 @ 1
[    1.909062] initcall fsnotify_init+0x0/0x56 returned 0 after 0 usecs
[    1.910028] calling  filelock_init+0x0/0xb3 @ 1
[    1.911062] initcall filelock_init+0x0/0xb3 returned 0 after 0 usecs
[    1.912029] calling  init_misc_binfmt+0x0/0x2c @ 1
[    1.913039] initcall init_misc_binfmt+0x0/0x2c returned 0 after 0 usecs
[    1.914027] calling  init_script_binfmt+0x0/0x15 @ 1
[    1.915032] initcall init_script_binfmt+0x0/0x15 returned 0 after 0 usecs
[    1.916032] calling  init_elf_binfmt+0x0/0x15 @ 1
[    1.917032] initcall init_elf_binfmt+0x0/0x15 returned 0 after 0 usecs
[    1.918032] calling  init_compat_elf_binfmt+0x0/0x15 @ 1
[    1.919031] initcall init_compat_elf_binfmt+0x0/0x15 returned 0 after 0 usecs
[    1.921028] calling  debugfs_init+0x0/0x5c @ 1
[    1.922057] initcall debugfs_init+0x0/0x5c returned 0 after 0 usecs
[    1.923032] calling  tracefs_init+0x0/0x3a @ 1
[    1.924041] initcall tracefs_init+0x0/0x3a returned 0 after 0 usecs
[    1.925073] calling  prandom_init_early+0x0/0x15d @ 1
[    1.927037] initcall prandom_init_early+0x0/0x15d returned 0 after 0 usecs
[    1.928237] calling  virtio_init+0x0/0x20 @ 1
[    1.929098] initcall virtio_init+0x0/0x20 returned 0 after 0 usecs
[    1.930034] calling  iommu_init+0x0/0x2a @ 1
[    1.931082] initcall iommu_init+0x0/0x2a returned 0 after 0 usecs
[    1.932030] calling  component_debug_init+0x0/0x1c @ 1
[    1.933201] initcall component_debug_init+0x0/0x1c returned 0 after 0 usecs
[    1.934029] calling  early_resume_init+0x0/0xb9 @ 1
[    1.935671] PM: RTC time: 07:34:33, date: 2022-12-13
[    1.936031] initcall early_resume_init+0x0/0xb9 returned 0 after 976 usecs
[    1.937031] calling  cpufreq_core_init+0x0/0x62 @ 1
[    1.939029] initcall cpufreq_core_init+0x0/0x62 returned 0 after 976 usecs
[    1.940031] calling  cpufreq_gov_performance_init+0x0/0xc @ 1
[    1.941031] initcall cpufreq_gov_performance_init+0x0/0xc returned 0 after 0 usecs
[    1.942032] calling  cpufreq_gov_userspace_init+0x0/0xc @ 1
[    1.943032] initcall cpufreq_gov_userspace_init+0x0/0xc returned 0 after 0 usecs
[    1.944034] calling  CPU_FREQ_GOV_ONDEMAND_init+0x0/0xc @ 1
[    1.945050] initcall CPU_FREQ_GOV_ONDEMAND_init+0x0/0xc returned 0 after 0 usecs
[    1.946030] calling  cpuidle_init+0x0/0x1f @ 1
[    1.947056] initcall cpuidle_init+0x0/0x1f returned 0 after 0 usecs
[    1.948030] calling  capsule_reboot_register+0x0/0xc @ 1
[    1.949063] initcall capsule_reboot_register+0x0/0xc returned 0 after 0 usecs
[    1.950031] calling  sock_init+0x0/0x93 @ 1
[    1.952974] initcall sock_init+0x0/0x93 returned 0 after 976 usecs
[    1.953035] calling  net_inuse_init+0x0/0x23 @ 1
[    1.954052] initcall net_inuse_init+0x0/0x23 returned 0 after 0 usecs
[    1.955031] calling  net_defaults_init+0x0/0x23 @ 1
[    1.956031] initcall net_defaults_init+0x0/0x23 returned 0 after 0 usecs
[    1.957031] calling  init_default_flow_dissectors+0x0/0x4f @ 1
[    1.958056] initcall init_default_flow_dissectors+0x0/0x4f returned 0 after 0 usecs
[    1.959029] calling  netpoll_init+0x0/0x44 @ 1
[    1.960030] initcall netpoll_init+0x0/0x44 returned 0 after 0 usecs
[    1.961030] calling  netlink_proto_init+0x0/0x154 @ 1
[    1.963336] NET: Registered protocol family 16
[    1.964089] initcall netlink_proto_init+0x0/0x154 returned 0 after 1953 usecs
[    1.965028] calling  genl_init+0x0/0x35 @ 1
[    1.966127] initcall genl_init+0x0/0x35 returned 0 after 0 usecs
[    1.967044] calling  bsp_pm_check_init+0x0/0x13 @ 1
[    1.968029] initcall bsp_pm_check_init+0x0/0x13 returned 0 after 0 usecs
[    1.969045] calling  irq_sysfs_init+0x0/0xb9 @ 1
[    1.971156] initcall irq_sysfs_init+0x0/0xb9 returned 0 after 976 usecs
[    1.972030] calling  audit_init+0x0/0x127 @ 1
[    1.973033] audit: initializing netlink subsys (disabled)
[    1.980270] initcall audit_init+0x0/0x127 returned 0 after 6835 usecs
[    1.980108] audit: type=2000 audit(1670916872.641:1): state=initialized audit_enabled=0 res=1
[    1.981030] calling  release_early_probes+0x0/0x32 @ 1
[    1.981047] initcall release_early_probes+0x0/0x32 returned 0 after 0 usecs
[    1.984032] calling  bdi_class_init+0x0/0x48 @ 1
[    1.985063] initcall bdi_class_init+0x0/0x48 returned 0 after 0 usecs
[    1.986052] calling  mm_sysfs_init+0x0/0x28 @ 1
[    1.987040] initcall mm_sysfs_init+0x0/0x28 returned 0 after 0 usecs
[    1.988032] calling  init_per_zone_wmark_min+0x0/0x6d @ 1
[    1.989077] initcall init_per_zone_wmark_min+0x0/0x6d returned 0 after 0 usecs
[    1.990031] calling  mpi_init+0x0/0x3e @ 1
[    1.991064] initcall mpi_init+0x0/0x3e returned 0 after 0 usecs
[    1.992030] calling  kobject_uevent_init+0x0/0xc @ 1
[    1.993045] initcall kobject_uevent_init+0x0/0xc returned 0 after 0 usecs
[    1.994030] calling  pcibus_class_init+0x0/0x13 @ 1
[    1.995066] initcall pcibus_class_init+0x0/0x13 returned 0 after 0 usecs
[    1.996034] calling  pci_driver_init+0x0/0x21 @ 1
[    1.997089] initcall pci_driver_init+0x0/0x21 returned 0 after 0 usecs
[    1.998031] calling  backlight_class_init+0x0/0xa8 @ 1
[    1.999069] initcall backlight_class_init+0x0/0xa8 returned 0 after 0 usecs
[    2.000049] calling  tty_class_init+0x0/0x33 @ 1
[    2.001048] initcall tty_class_init+0x0/0x33 returned 0 after 0 usecs
[    2.002032] calling  vtconsole_class_init+0x0/0xb5 @ 1
[    2.004125] initcall vtconsole_class_init+0x0/0xb5 returned 0 after 976 usecs
[    2.005032] calling  iommu_dev_init+0x0/0x13 @ 1
[    2.006384] initcall iommu_dev_init+0x0/0x13 returned 0 after 0 usecs
[    2.008030] calling  mipi_dsi_bus_init+0x0/0xc @ 1
[    2.009075] initcall mipi_dsi_bus_init+0x0/0xc returned 0 after 0 usecs
[    2.010064] calling  devlink_class_init+0x0/0x40 @ 1
[    2.011057] initcall devlink_class_init+0x0/0x40 returned 0 after 0 usecs
[    2.012030] calling  software_node_init+0x0/0x2a @ 1
[    2.013039] initcall software_node_init+0x0/0x2a returned 0 after 0 usecs
[    2.014029] calling  wakeup_sources_debugfs_init+0x0/0x23 @ 1
[    2.015081] initcall wakeup_sources_debugfs_init+0x0/0x23 returned 0 after 0 usecs
[    2.016033] calling  wakeup_sources_sysfs_init+0x0/0x2c @ 1
[    2.017048] initcall wakeup_sources_sysfs_init+0x0/0x2c returned 0 after 0 usecs
[    2.018033] calling  register_node_type+0x0/0x13 @ 1
[    2.019127] initcall register_node_type+0x0/0x13 returned 0 after 0 usecs
[    2.020034] calling  regmap_initcall+0x0/0xc @ 1
[    2.021066] initcall regmap_initcall+0x0/0xc returned 0 after 0 usecs
[    2.022033] calling  i2c_init+0x0/0xb3 @ 1
[    2.023131] initcall i2c_init+0x0/0xb3 returned 0 after 0 usecs
[    2.024034] calling  thermal_init+0x0/0x116 @ 1
[    2.025069] thermal_sys: Registered thermal governor 'step_wise'
[    2.025071] thermal_sys: Registered thermal governor 'user_space'
[    2.026054] initcall thermal_init+0x0/0x116 returned 0 after 976 usecs
[    2.028034] calling  init_menu+0x0/0xc @ 1
[    2.031051] cpuidle: using governor menu
[    2.036032] initcall init_menu+0x0/0xc returned 0 after 6835 usecs
[    2.043030] calling  pcc_init+0x0/0x4d @ 1
[    2.048060] initcall pcc_init+0x0/0x4d returned -19 after 0 usecs
[    2.056029] calling  amd_postcore_init+0x0/0x11e @ 1
[    2.062028] initcall amd_postcore_init+0x0/0x11e returned 0 after 0 usecs
[    2.070045] calling  bts_init+0x0/0xba @ 1
[    2.077030] initcall bts_init+0x0/0xba returned -19 after 0 usecs
[    2.085031] calling  pt_init+0x0/0x34d @ 1
[    2.090029] initcall pt_init+0x0/0x34d returned -19 after 0 usecs
[    2.098030] calling  boot_params_ksysfs_init+0x0/0x2ee @ 1
[    2.105088] initcall boot_params_ksysfs_init+0x0/0x2ee returned 0 after 0 usecs
[    2.115031] calling  sbf_init+0x0/0xea @ 1
[    2.120031] initcall sbf_init+0x0/0xea returned 0 after 0 usecs
[    2.128030] calling  arch_kdebugfs_init+0x0/0x219 @ 1
[    2.134085] initcall arch_kdebugfs_init+0x0/0x219 returned 0 after 0 usecs
[    2.143031] calling  intel_pconfig_init+0x0/0x85 @ 1
[    2.150034] initcall intel_pconfig_init+0x0/0x85 returned 0 after 0 usecs
[    2.158031] calling  mtrr_if_init+0x0/0x5d @ 1
[    2.164092] initcall mtrr_if_init+0x0/0x5d returned 0 after 0 usecs
[    2.172030] calling  activate_jump_labels+0x0/0x31 @ 1
[    2.179031] initcall activate_jump_labels+0x0/0x31 returned 0 after 0 usecs
[    2.188030] calling  ffh_cstate_init+0x0/0x29 @ 1
[    2.194038] initcall ffh_cstate_init+0x0/0x29 returned 0 after 0 usecs
[    2.202032] calling  activate_jump_labels+0x0/0x31 @ 1
[    2.210645] initcall activate_jump_labels+0x0/0x31 returned 0 after 0 usecs
[    2.219030] calling  kvm_alloc_cpumask+0x0/0x74 @ 1
[    2.225084] initcall kvm_alloc_cpumask+0x0/0x74 returned 0 after 0 usecs
[    2.233064] calling  kcmp_cookies_init+0x0/0x37 @ 1
[    2.239036] initcall kcmp_cookies_init+0x0/0x37 returned 0 after 0 usecs
[    2.248048] calling  cryptomgr_init+0x0/0xc @ 1
[    2.254121] initcall cryptomgr_init+0x0/0xc returned 0 after 0 usecs
[    2.262029] calling  acpi_pci_init+0x0/0x57 @ 1
[    2.267028] ACPI: bus type PCI registered
[    2.272030] initcall acpi_pci_init+0x0/0x57 returned 0 after 4882 usecs
[    2.281035] calling  dma_channel_table_init+0x0/0xd1 @ 1
[    2.287041] initcall dma_channel_table_init+0x0/0xd1 returned 0 after 0 usecs
[    2.296031] calling  dma_bus_init+0x0/0xdc @ 1
[    2.302443] initcall dma_bus_init+0x0/0xdc returned 0 after 0 usecs
[    2.310071] calling  iommu_dma_init+0x0/0x10 @ 1
[    2.315045] initcall iommu_dma_init+0x0/0x10 returned 0 after 0 usecs
[    2.323029] calling  dmi_id_init+0x0/0x37c @ 1
[    2.329379] initcall dmi_id_init+0x0/0x37c returned 0 after 0 usecs
[    2.336035] calling  pci_arch_init+0x0/0x71 @ 1
[    2.343393] PCI: MMCONFIG for domain 0000 [bus 00-ff] at [mem 0xb0000000-0xbfffffff] (base 0xb0000000)
[    2.355034] PCI: MMCONFIG at [mem 0xb0000000-0xbfffffff] reserved in E820
[    2.364057] PCI: Using configuration type 1 for base access
[    2.372179] initcall pci_arch_init+0x0/0x71 returned 0 after 28320 usecs
[    2.381047] calling  init_vdso+0x0/0x13 @ 1
[    2.386225] initcall init_vdso+0x0/0x13 returned 0 after 0 usecs
[    2.393029] calling  sysenter_setup+0x0/0x13 @ 1
[    2.399104] initcall sysenter_setup+0x0/0x13 returned 0 after 0 usecs
[    2.407029] calling  fixup_ht_bug+0x0/0xe5 @ 1
[    2.413028] initcall fixup_ht_bug+0x0/0xe5 returned 0 after 0 usecs
[    2.421031] calling  topology_init+0x0/0x88 @ 1
[    2.428049] initcall topology_init+0x0/0x88 returned 0 after 0 usecs
[    2.436031] calling  intel_epb_init+0x0/0x68 @ 1
[    2.443030] initcall intel_epb_init+0x0/0x68 returned -19 after 0 usecs
[    2.451030] calling  mtrr_init_finialize+0x0/0x3e @ 1
[    2.458044] initcall mtrr_init_finialize+0x0/0x3e returned 0 after 0 usecs
[    2.466029] calling  uid_cache_init+0x0/0x85 @ 1
[    2.472145] initcall uid_cache_init+0x0/0x85 returned 0 after 0 usecs
[    2.480029] calling  param_sysfs_init+0x0/0x1ba @ 1
[    2.495454] initcall param_sysfs_init+0x0/0x1ba returned 0 after 8789 usecs
[    2.505084] calling  user_namespace_sysctl_init+0x0/0x33 @ 1
[    2.512053] initcall user_namespace_sysctl_init+0x0/0x33 returned 0 after 0 usecs
[    2.521031] calling  proc_schedstat_init+0x0/0x24 @ 1
[    2.527069] initcall proc_schedstat_init+0x0/0x24 returned 0 after 0 usecs
[    2.536034] calling  pm_sysrq_init+0x0/0x18 @ 1
[    2.544064] initcall pm_sysrq_init+0x0/0x18 returned 0 after 2929 usecs
[    2.555089] calling  create_proc_profile+0x0/0xd0 @ 1
[    2.563034] initcall create_proc_profile+0x0/0xd0 returned 0 after 0 usecs
[    2.574036] calling  time_ns_init+0x0/0x7 @ 1
[    2.580033] initcall time_ns_init+0x0/0x7 returned 0 after 0 usecs
[    2.587050] calling  crash_save_vmcoreinfo_init+0x0/0x722 @ 1
[    2.595234] initcall crash_save_vmcoreinfo_init+0x0/0x722 returned 0 after 0 usecs
[    2.605038] calling  crash_notes_memory_init+0x0/0x35 @ 1
[    2.611037] initcall crash_notes_memory_init+0x0/0x35 returned 0 after 0 usecs
[    2.620028] calling  cgroup_sysfs_init+0x0/0x13 @ 1
[    2.625132] initcall cgroup_sysfs_init+0x0/0x13 returned 0 after 0 usecs
[    2.634027] calling  cgroup_namespaces_init+0x0/0x7 @ 1
[    2.640027] initcall cgroup_namespaces_init+0x0/0x7 returned 0 after 0 usecs
[    2.648028] calling  init_optprobes+0x0/0x13 @ 1
[    2.653154] Kprobes globally optimized
[    2.659031] initcall init_optprobes+0x0/0x13 returned 0 after 5859 usecs
[    2.667029] calling  oom_init+0x0/0x2f @ 1
[    2.672237] initcall oom_init+0x0/0x2f returned 0 after 976 usecs
[    2.680031] calling  default_bdi_init+0x0/0xb3 @ 1
[    2.687602] initcall default_bdi_init+0x0/0xb3 returned 0 after 1953 usecs
[    2.696032] calling  percpu_enable_async+0x0/0xe @ 1
[    2.702030] initcall percpu_enable_async+0x0/0xe returned 0 after 0 usecs
[    2.710028] calling  kcompactd_init+0x0/0x8d @ 1
[    2.717201] initcall kcompactd_init+0x0/0x8d returned 0 after 976 usecs
[    2.721155] calling  init_user_reserve+0x0/0x40 @ 1
[    2.728036] initcall init_user_reserve+0x0/0x40 returned 0 after 0 usecs
[    2.736035] calling  init_admin_reserve+0x0/0x40 @ 1
[    2.742060] initcall init_admin_reserve+0x0/0x40 returned 0 after 0 usecs
[    2.751035] calling  init_reserve_notifier+0x0/0x7 @ 1
[    2.757039] initcall init_reserve_notifier+0x0/0x7 returned 0 after 0 usecs
[    2.766034] calling  swap_init_sysfs+0x0/0x62 @ 1
[    2.772049] initcall swap_init_sysfs+0x0/0x62 returned 0 after 0 usecs
[    2.780032] calling  swapfile_init+0x0/0x94 @ 1
[    2.786058] initcall swapfile_init+0x0/0x94 returned 0 after 0 usecs
[    2.794031] calling  hugetlb_init+0x0/0x499 @ 1
[    2.799033] HugeTLB registered 2.00 MiB page size, pre-allocated 0 pages
[    2.808201] initcall hugetlb_init+0x0/0x499 returned 0 after 8789 usecs
[    2.816031] calling  io_wq_init+0x0/0x34 @ 1
[    2.821032] initcall io_wq_init+0x0/0x34 returned 0 after 0 usecs
[    2.828067] calling  seqiv_module_init+0x0/0xc @ 1
[    2.835052] initcall seqiv_module_init+0x0/0xc returned 0 after 0 usecs
[    2.839029] calling  echainiv_module_init+0x0/0xc @ 1
[    2.847032] initcall echainiv_module_init+0x0/0xc returned 0 after 0 usecs
[    2.855078] calling  rsa_init+0x0/0x50 @ 1
[    2.863034] initcall rsa_init+0x0/0x50 returned 0 after 1953 usecs
[    2.862564] cryptomgr_test (61) used greatest stack depth: 15400 bytes left
[    2.871032] calling  crypto_cmac_module_init+0x0/0xc @ 1
[    2.871036] initcall crypto_cmac_module_init+0x0/0xc returned 0 after 0 usecs
[    2.871038] calling  hmac_module_init+0x0/0xc @ 1
[    2.871040] initcall hmac_module_init+0x0/0xc returned 0 after 0 usecs
[    2.871042] calling  crypto_null_mod_init+0x0/0x65 @ 1
[    2.876032] initcall crypto_null_mod_init+0x0/0x65 returned 0 after 4882 usecs
[    2.880417] cryptomgr_test (62) used greatest stack depth: 15256 bytes left
[    2.887032] calling  md5_mod_init+0x0/0xc @ 1
[    2.888200] initcall md5_mod_init+0x0/0xc returned 0 after 976 usecs
[    2.942036] calling  sha256_generic_mod_init+0x0/0x11 @ 1
[    2.965047] initcall sha256_generic_mod_init+0x0/0x11 returned 0 after 15625 usecs
[    2.976037] calling  crypto_cbc_module_init+0x0/0xc @ 1
[    2.983039] initcall crypto_cbc_module_init+0x0/0xc returned 0 after 0 usecs
[    2.991032] calling  crypto_ctr_module_init+0x0/0x11 @ 1
[    2.995034] initcall crypto_ctr_module_init+0x0/0x11 returned 0 after 0 usecs
[    3.001031] calling  crypto_gcm_module_init+0x0/0x64 @ 1
[    3.005687] initcall crypto_gcm_module_init+0x0/0x64 returned 0 after 0 usecs
[    3.012031] calling  crypto_ccm_module_init+0x0/0x11 @ 1
[    3.020035] initcall crypto_ccm_module_init+0x0/0x11 returned 0 after 0 usecs
[    3.030032] calling  aes_init+0x0/0xc @ 1
[    3.043051] initcall aes_init+0x0/0xc returned 0 after 9765 usecs
[    3.051037] calling  crc32c_mod_init+0x0/0xc @ 1
[    3.066047] initcall crc32c_mod_init+0x0/0xc returned 0 after 9765 usecs
[    3.076210] calling  crypto_authenc_module_init+0x0/0xc @ 1
[    3.083044] initcall crypto_authenc_module_init+0x0/0xc returned 0 after 0 usecs
[    3.093033] calling  crypto_authenc_esn_module_init+0x0/0xc @ 1
[    3.101069] initcall crypto_authenc_esn_module_init+0x0/0xc returned 0 after 0 usecs
[    3.110031] calling  drbg_init+0x0/0x7c @ 1
[    3.125226] cryptomgr_test (77) used greatest stack depth: 15072 bytes left
[    3.165400] initcall drbg_init+0x0/0x7c returned 0 after 46875 usecs
[    3.173033] calling  ghash_mod_init+0x0/0xc @ 1
[    3.187046] initcall ghash_mod_init+0x0/0xc returned 0 after 8789 usecs
[    3.197038] calling  init_bio+0x0/0x9a @ 1
[    3.205784] initcall init_bio+0x0/0x9a returned 0 after 3906 usecs
[    3.214032] calling  blk_settings_init+0x0/0x29 @ 1
[    3.220030] initcall blk_settings_init+0x0/0x29 returned 0 after 0 usecs
[    3.227030] calling  blk_ioc_init+0x0/0x29 @ 1
[    3.232037] initcall blk_ioc_init+0x0/0x29 returned 0 after 0 usecs
[    3.242084] calling  blk_mq_init+0x0/0xb9 @ 1
[    3.248032] initcall blk_mq_init+0x0/0xb9 returned 0 after 0 usecs
[    3.256030] calling  genhd_device_init+0x0/0x75 @ 1
[    3.275232] initcall genhd_device_init+0x0/0x75 returned 0 after 11718 usecs
[    3.284245] calling  pci_slot_init+0x0/0x40 @ 1
[    3.290048] initcall pci_slot_init+0x0/0x40 returned 0 after 0 usecs
[    3.301034] calling  fbmem_init+0x0/0xd8 @ 1
[    3.306211] initcall fbmem_init+0x0/0xd8 returned 0 after 0 usecs
[    3.315033] calling  acpi_init+0x0/0x319 @ 1
[    3.319028] ACPI: Added _OSI(Module Device)
[    3.329072] ACPI: Added _OSI(Processor Device)
[    3.336035] ACPI: Added _OSI(3.0 _SCP Extensions)
[    3.343034] ACPI: Added _OSI(Processor Aggregator Device)
[    3.352039] ACPI: Added _OSI(Linux-Dell-Video)
[    3.357020] ACPI: Added _OSI(Linux-Lenovo-NV-HDMI-Audio)
[    3.363031] ACPI: Added _OSI(Linux-HPI-Hybrid-Graphics)
[    3.377429] ACPI: 1 ACPI AML tables successfully acquired and loaded
[    3.394396] ACPI: Interpreter enabled
[    3.399631] ACPI: (supports S0 S3 S4 S5)
[    3.405027] ACPI: Using IOAPIC for interrupt routing
[    3.411083] PCI: Using host bridge windows from ACPI; if necessary, use "pci=nocrs" and report a bug
[    3.423466] ACPI: Enabled 2 GPEs in block 00 to 3F
[    3.444156] ACPI: PCI Root Bridge [PCI0] (domain 0000 [bus 00-ff])
[    3.448038] acpi PNP0A08:00: _OSC: OS supports [ExtendedConfig ASPM ClockPM Segments MSI HPX-Type3]
[    3.460207] acpi PNP0A08:00: _OSC: platform does not support [LTR]
[    3.469171] acpi PNP0A08:00: _OSC: OS now controls [PME PCIeCapability]
[    3.478244] PCI host bridge to bus 0000:00
[    3.484086] pci_bus 0000:00: root bus resource [io  0x0000-0x0cf7 window]
[    3.492033] pci_bus 0000:00: root bus resource [io  0x0d00-0xffff window]
[    3.501031] pci_bus 0000:00: root bus resource [mem 0x000a0000-0x000bffff window]
[    3.511031] pci_bus 0000:00: root bus resource [mem 0x20000000-0xafffffff window]
[    3.520031] pci_bus 0000:00: root bus resource [mem 0xc0000000-0xfebfffff window]
[    3.529036] pci_bus 0000:00: root bus resource [mem 0x100000000-0x8ffffffff window]
[    3.539030] pci_bus 0000:00: root bus resource [bus 00-ff]
[    3.546048] pci 0000:00:00.0: calling  quirk_mmio_always_on+0x0/0x10 @ 1
[    3.556038] pci 0000:00:00.0: quirk_mmio_always_on+0x0/0x10 took 0 usecs
[    3.565054] pci 0000:00:00.0: [8086:29c0] type 00 class 0x060000
[    3.579071] pci 0000:00:00.0: calling  quirk_igfx_skip_te_disable+0x0/0x80 @ 1
[    3.589047] pci 0000:00:00.0: quirk_igfx_skip_te_disable+0x0/0x80 took 0 usecs
[    3.600290] pci 0000:00:01.0: [1234:1111] type 00 class 0x030000
[    3.617020] pci 0000:00:01.0: reg 0x10: [mem 0xfd000000-0xfdffffff pref]
[    3.642009] pci 0000:00:01.0: reg 0x18: [mem 0xfebf0000-0xfebf0fff]
[    3.685020] pci 0000:00:01.0: reg 0x30: [mem 0xfebe0000-0xfebeffff pref]
[    3.703020] pci 0000:00:01.0: calling  efifb_fixup_resources+0x0/0xf0 @ 1
[    3.712296] pci 0000:00:01.0: efifb_fixup_resources+0x0/0xf0 took 976 usecs
[    3.741385] pci 0000:00:1f.0: [8086:2918] type 00 class 0x060100
[    3.754348] pci 0000:00:1f.0: calling  quirk_ich7_lpc+0x0/0x60 @ 1
[    3.763520] pci 0000:00:1f.0: quirk: [io  0x0600-0x067f] claimed by ICH6 ACPI/GPIO/TCO
[    3.774472] pci 0000:00:1f.0: quirk_ich7_lpc+0x0/0x60 took 10742 usecs
[    3.782338] pci 0000:00:1f.0: calling  quirk_igfx_skip_te_disable+0x0/0x80 @ 1
[    3.792174] pci 0000:00:1f.0: quirk_igfx_skip_te_disable+0x0/0x80 took 0 usecs
[    3.804460] pci 0000:00:1f.2: [8086:2922] type 00 class 0x010601
[    3.822032] pci 0000:00:1f.2: reg 0x20: [io  0xc040-0xc05f]
[    3.831870] pci 0000:00:1f.2: reg 0x24: [mem 0xfebf1000-0xfebf1fff]
[    3.843236] pci 0000:00:1f.2: calling  quirk_igfx_skip_te_disable+0x0/0x80 @ 1
[    3.852039] pci 0000:00:1f.2: quirk_igfx_skip_te_disable+0x0/0x80 took 0 usecs
[    3.864521] pci 0000:00:1f.3: [8086:2930] type 00 class 0x0c0500
[    3.876601] pci 0000:00:1f.3: reg 0x20: [io  0x0700-0x073f]
[    3.887135] pci 0000:00:1f.3: calling  quirk_igfx_skip_te_disable+0x0/0x80 @ 1
[    3.896036] pci 0000:00:1f.3: quirk_igfx_skip_te_disable+0x0/0x80 took 0 usecs
[    3.937834] ACPI: PCI Interrupt Link [LNKA] (IRQs 5 *10 11)
[    3.947812] ACPI: PCI Interrupt Link [LNKB] (IRQs 5 *10 11)
[    3.954484] ACPI: PCI Interrupt Link [LNKC] (IRQs 5 10 *11)
[    3.962182] ACPI: PCI Interrupt Link [LNKD] (IRQs 5 10 *11)
[    3.968501] ACPI: PCI Interrupt Link [LNKE] (IRQs 5 *10 11)
[    3.978203] ACPI: PCI Interrupt Link [LNKF] (IRQs 5 *10 11)
[    3.982634] ACPI: PCI Interrupt Link [LNKG] (IRQs 5 10 *11)
[    3.992676] ACPI: PCI Interrupt Link [LNKH] (IRQs 5 10 *11)
[    3.998502] ACPI: PCI Interrupt Link [GSIA] (IRQs *16)
[    4.005059] ACPI: PCI Interrupt Link [GSIB] (IRQs *17)
[    4.010043] ACPI: PCI Interrupt Link [GSIC] (IRQs *18)
[    4.018061] ACPI: PCI Interrupt Link [GSID] (IRQs *19)
[    4.026151] ACPI: PCI Interrupt Link [GSIE] (IRQs *20)
[    4.032215] ACPI: PCI Interrupt Link [GSIF] (IRQs *21)
[    4.040305] ACPI: PCI Interrupt Link [GSIG] (IRQs *22)
[    4.045342] ACPI: PCI Interrupt Link [GSIH] (IRQs *23)
[    4.074020] initcall acpi_init+0x0/0x319 returned 0 after 736328 usecs
[    4.082621] calling  pnp_init+0x0/0xc @ 1
[    4.087270] initcall pnp_init+0x0/0xc returned 0 after 0 usecs
[    4.096030] calling  misc_init+0x0/0xbf @ 1
[    4.102526] initcall misc_init+0x0/0xbf returned 0 after 1953 usecs
[    4.110033] calling  iommu_subsys_init+0x0/0x4e @ 1
[    4.114385] iommu: Default domain type: Translated 
[    4.120060] initcall iommu_subsys_init+0x0/0x4e returned 0 after 5859 usecs
[    4.126032] calling  vga_arb_device_init+0x0/0x261 @ 1
[    4.143352] pci 0000:00:01.0: vgaarb: setting as boot VGA device
[    4.144020] pci 0000:00:01.0: vgaarb: VGA device added: decodes=io+mem,owns=io+mem,locks=none
[    4.162032] pci 0000:00:01.0: vgaarb: bridge control possible
[    4.169027] vgaarb: loaded
[    4.173034] initcall vga_arb_device_init+0x0/0x261 returned 0 after 39062 usecs
[    4.182142] calling  cn_init+0x0/0xf0 @ 1
[    4.188258] initcall cn_init+0x0/0xf0 returned 0 after 976 usecs
[    4.196033] calling  dma_buf_init+0x0/0xad @ 1
[    4.201505] initcall dma_buf_init+0x0/0xad returned 0 after 976 usecs
[    4.209031] calling  dma_resv_lockdep+0x0/0x276 @ 1
[    4.216167] initcall dma_resv_lockdep+0x0/0x276 returned 0 after 976 usecs
[    4.225031] calling  init_scsi+0x0/0x79 @ 1
[    4.230473] SCSI subsystem initialized
[    4.235030] initcall init_scsi+0x0/0x79 returned 0 after 4882 usecs
[    4.243030] calling  ata_init+0x0/0x332 @ 1
[    4.249343] libata version 3.00 loaded.
[    4.255031] initcall ata_init+0x0/0x332 returned 0 after 6835 usecs
[    4.262030] calling  phy_init+0x0/0x250 @ 1
[    4.267403] initcall phy_init+0x0/0x250 returned 0 after 976 usecs
[    4.275030] calling  init_pcmcia_cs+0x0/0x35 @ 1
[    4.281113] initcall init_pcmcia_cs+0x0/0x35 returned 0 after 0 usecs
[    4.289029] calling  usb_common_init+0x0/0x1c @ 1
[    4.295103] initcall usb_common_init+0x0/0x1c returned 0 after 0 usecs
[    4.302044] calling  usb_init+0x0/0x12e @ 1
[    4.308131] ACPI: bus type USB registered
[    4.313472] usbcore: registered new interface driver usbfs
[    4.320228] usbcore: registered new interface driver hub
[    4.327195] usbcore: registered new device driver usb
[    4.334037] initcall usb_init+0x0/0x12e returned 0 after 25390 usecs
[    4.342046] calling  serio_init+0x0/0x29 @ 1
[    4.348058] initcall serio_init+0x0/0x29 returned 0 after 0 usecs
[    4.356029] calling  input_init+0x0/0xf6 @ 1
[    4.362031] initcall input_init+0x0/0xf6 returned 0 after 0 usecs
[    4.370029] calling  rtc_init+0x0/0x4d @ 1
[    4.376082] initcall rtc_init+0x0/0x4d returned 0 after 0 usecs
[    4.383029] calling  pps_init+0x0/0xa9 @ 1
[    4.389112] pps_core: LinuxPPS API ver. 1 registered
[    4.396026] pps_core: Software ver. 5.3.6 - Copyright 2005-2007 Rodolfo Giometti <giometti@linux.it>
[    4.408032] initcall pps_init+0x0/0xa9 returned 0 after 18554 usecs
[    4.416032] calling  ptp_init+0x0/0x98 @ 1
[    4.422051] PTP clock support registered
[    4.428029] initcall ptp_init+0x0/0x98 returned 0 after 5859 usecs
[    4.436030] calling  power_supply_class_init+0x0/0x3f @ 1
[    4.443027] initcall power_supply_class_init+0x0/0x3f returned 0 after 0 usecs
[    4.452031] calling  hwmon_init+0x0/0x104 @ 1
[    4.458049] initcall hwmon_init+0x0/0x104 returned 0 after 0 usecs
[    4.465028] calling  md_init+0x0/0x16b @ 1
[    4.472046] initcall md_init+0x0/0x16b returned 0 after 976 usecs
[    4.480030] calling  leds_init+0x0/0x3b @ 1
[    4.485065] initcall leds_init+0x0/0x3b returned 0 after 0 usecs
[    4.493031] calling  dmi_init+0x0/0x113 @ 1
[    4.497186] initcall dmi_init+0x0/0x113 returned 0 after 0 usecs
[    4.505032] calling  efisubsys_init+0x0/0x4e7 @ 1
[    4.512028] initcall efisubsys_init+0x0/0x4e7 returned 0 after 1953 usecs
[    4.519032] calling  nvmem_init+0x0/0xc @ 1
[    4.525649] initcall nvmem_init+0x0/0xc returned 0 after 976 usecs
[    4.534031] calling  init_soundcore+0x0/0x33 @ 1
[    4.540136] initcall init_soundcore+0x0/0x33 returned 0 after 0 usecs
[    4.548031] calling  alsa_sound_init+0x0/0x8f @ 1
[    4.554275] Advanced Linux Sound Architecture Driver Initialized.
[    4.562031] initcall alsa_sound_init+0x0/0x8f returned 0 after 7812 usecs
[    4.570030] calling  alsa_seq_device_init+0x0/0x71 @ 1
[    4.576141] initcall alsa_seq_device_init+0x0/0x71 returned 0 after 976 usecs
[    4.585029] calling  hda_bus_init+0x0/0xc @ 1
[    4.591089] initcall hda_bus_init+0x0/0xc returned 0 after 0 usecs
[    4.598030] calling  proto_init+0x0/0xc @ 1
[    4.604103] initcall proto_init+0x0/0xc returned 0 after 0 usecs
[    4.611026] calling  net_dev_init+0x0/0x27f @ 1
[    4.618699] initcall net_dev_init+0x0/0x27f returned 0 after 1953 usecs
[    4.627046] calling  neigh_init+0x0/0x84 @ 1
[    4.632049] initcall neigh_init+0x0/0x84 returned 0 after 0 usecs
[    4.640029] calling  fib_notifier_init+0x0/0xc @ 1
[    4.647040] initcall fib_notifier_init+0x0/0xc returned 0 after 0 usecs
[    4.657034] calling  fib_rules_init+0x0/0xab @ 1
[    4.664184] initcall fib_rules_init+0x0/0xab returned 0 after 0 usecs
[    4.673033] calling  pktsched_init+0x0/0x10e @ 1
[    4.679100] initcall pktsched_init+0x0/0x10e returned 0 after 0 usecs
[    4.687029] calling  tc_filter_init+0x0/0xfa @ 1
[    4.693104] initcall tc_filter_init+0x0/0xfa returned 0 after 0 usecs
[    4.700029] calling  tc_action_init+0x0/0x54 @ 1
[    4.706031] initcall tc_action_init+0x0/0x54 returned 0 after 0 usecs
[    4.712029] calling  ethnl_init+0x0/0x52 @ 1
[    4.718193] initcall ethnl_init+0x0/0x52 returned 0 after 0 usecs
[    4.726034] calling  nexthop_init+0x0/0xd8 @ 1
[    4.731305] initcall nexthop_init+0x0/0xd8 returned 0 after 976 usecs
[    4.740028] calling  cipso_v4_init+0x0/0x8d @ 1
[    4.745447] initcall cipso_v4_init+0x0/0x8d returned 0 after 976 usecs
[    4.753028] calling  ieee80211_init+0x0/0x24 @ 1
[    4.759235] initcall ieee80211_init+0x0/0x24 returned 0 after 0 usecs
[    4.767030] calling  netlbl_init+0x0/0x78 @ 1
[    4.773054] NetLabel: Initializing
[    4.777025] NetLabel:  domain hash size = 128
[    4.782025] NetLabel:  protocols = UNLABELED CIPSOv4 CALIPSO
[    4.789263] NetLabel:  unlabeled traffic allowed by default
[    4.797031] initcall netlbl_init+0x0/0x78 returned 0 after 23437 usecs
[    4.805034] calling  rfkill_init+0x0/0x136 @ 1
[    4.813256] initcall rfkill_init+0x0/0x136 returned 0 after 976 usecs
[    4.823043] calling  pci_subsys_init+0x0/0x66 @ 1
[    4.830067] PCI: Using ACPI for IRQ routing
[    5.612020] PCI: pci_cache_line_size set to 64 bytes
[    5.622869] e820: reserve RAM buffer [mem 0x0009fc00-0x0009ffff]
[    5.632362] e820: reserve RAM buffer [mem 0x1ffdf000-0x1fffffff]
[    5.641546] initcall pci_subsys_init+0x0/0x66 returned 0 after 792968 usecs
[    5.662871] calling  nmi_warning_debugfs+0x0/0x26 @ 1
[    5.677033] initcall nmi_warning_debugfs+0x0/0x26 returned 0 after 5859 usecs
[    5.688075] calling  save_microcode_in_initrd+0x0/0x51 @ 1
[    5.696271] initcall save_microcode_in_initrd+0x0/0x51 returned 0 after 976 usecs
[    5.708035] calling  hpet_late_init+0x0/0x207 @ 1
[    5.715377] hpet: 3 channels of 0 reserved for per-cpu timers
[    5.724148] hpet0: at MMIO 0xfed00000, IRQs 2, 8, 0
[    5.732027] hpet0: 3 comparators, 64-bit 100.000000 MHz counter
[    5.744066] initcall hpet_late_init+0x0/0x207 returned 0 after 28320 usecs
[    5.754057] calling  init_amd_nbs+0x0/0x11c @ 1
[    5.761266] initcall init_amd_nbs+0x0/0x11c returned 0 after 0 usecs
[    5.771055] calling  clocksource_done_booting+0x0/0x43 @ 1
[    5.781322] clocksource: Switched to clocksource kvm-clock
[    5.790268] initcall clocksource_done_booting+0x0/0x43 returned 0 after 10928 usecs
[    5.801647] calling  tracer_init_tracefs+0x0/0x248 @ 1
[    6.070584] initcall tracer_init_tracefs+0x0/0x248 returned 0 after 255199 usecs
[    6.079339] calling  init_trace_printk_function_export+0x0/0x2c @ 1
[    6.086683] initcall init_trace_printk_function_export+0x0/0x2c returned 0 after 19 usecs
[    6.096141] calling  init_kprobe_trace+0x0/0x1ab @ 1
[    6.102159] initcall init_kprobe_trace+0x0/0x1ab returned 0 after 132 usecs
[    6.110205] calling  init_dynamic_event+0x0/0x3d @ 1
[    6.116224] initcall init_dynamic_event+0x0/0x3d returned 0 after 14 usecs
[    6.124246] calling  init_uprobe_trace+0x0/0x5c @ 1
[    6.130396] initcall init_uprobe_trace+0x0/0x5c returned 0 after 332 usecs
[    6.138653] calling  init_pipe_fs+0x0/0x44 @ 1
[    6.144252] initcall init_pipe_fs+0x0/0x44 returned 0 after 289 usecs
[    6.151705] calling  inotify_user_setup+0x0/0x47 @ 1
[    6.157743] initcall inotify_user_setup+0x0/0x47 returned 0 after 123 usecs
[    6.165856] calling  eventpoll_init+0x0/0xeb @ 1
[    6.171482] initcall eventpoll_init+0x0/0xeb returned 0 after 106 usecs
[    6.179173] calling  anon_inode_init+0x0/0x58 @ 1
[    6.184837] initcall anon_inode_init+0x0/0x58 returned 0 after 122 usecs
[    6.192842] calling  proc_locks_init+0x0/0x27 @ 1
[    6.198801] initcall proc_locks_init+0x0/0x27 returned 0 after 137 usecs
[    6.207371] calling  iomap_init+0x0/0x1b @ 1
[    6.213905] initcall iomap_init+0x0/0x1b returned 0 after 947 usecs
[    6.221601] calling  dquot_init+0x0/0x106 @ 1
[    6.226938] VFS: Disk quotas dquot_6.6.0
[    6.232701] VFS: Dquot-cache hash table entries: 512 (order 0, 4096 bytes)
[    6.240816] initcall dquot_init+0x0/0x106 returned 0 after 13559 usecs
[    6.249039] calling  quota_init+0x0/0x23 @ 1
[    6.257198] initcall quota_init+0x0/0x23 returned 0 after 2769 usecs
[    6.266059] calling  proc_cmdline_init+0x0/0x21 @ 1
[    6.272036] initcall proc_cmdline_init+0x0/0x21 returned 0 after 9 usecs
[    6.280592] calling  proc_consoles_init+0x0/0x24 @ 1
[    6.287156] initcall proc_consoles_init+0x0/0x24 returned 0 after 8 usecs
[    6.295315] calling  proc_cpuinfo_init+0x0/0x1e @ 1
[    6.301760] initcall proc_cpuinfo_init+0x0/0x1e returned 0 after 8 usecs
[    6.309637] calling  proc_devices_init+0x0/0x24 @ 1
[    6.315524] initcall proc_devices_init+0x0/0x24 returned 0 after 6 usecs
[    6.323470] calling  proc_interrupts_init+0x0/0x24 @ 1
[    6.329601] initcall proc_interrupts_init+0x0/0x24 returned 0 after 5 usecs
[    6.337713] calling  proc_loadavg_init+0x0/0x21 @ 1
[    6.343523] initcall proc_loadavg_init+0x0/0x21 returned 0 after 4 usecs
[    6.351375] calling  proc_meminfo_init+0x0/0x21 @ 1
[    6.357494] initcall proc_meminfo_init+0x0/0x21 returned 0 after 50 usecs
[    6.365743] calling  proc_stat_init+0x0/0x1e @ 1
[    6.371237] initcall proc_stat_init+0x0/0x1e returned 0 after 5 usecs
[    6.378737] calling  proc_uptime_init+0x0/0x21 @ 1
[    6.384644] initcall proc_uptime_init+0x0/0x21 returned 0 after 5 usecs
[    6.392501] calling  proc_version_init+0x0/0x21 @ 1
[    6.398255] initcall proc_version_init+0x0/0x21 returned 0 after 5 usecs
[    6.406149] calling  proc_softirqs_init+0x0/0x21 @ 1
[    6.412329] initcall proc_softirqs_init+0x0/0x21 returned 0 after 5 usecs
[    6.420442] calling  proc_kcore_init+0x0/0xea @ 1
[    6.426378] initcall proc_kcore_init+0x0/0xea returned 0 after 73 usecs
[    6.434191] calling  vmcore_init+0x0/0x57b @ 1
[    6.439609] initcall vmcore_init+0x0/0x57b returned 0 after 1 usecs
[    6.447174] calling  proc_kmsg_init+0x0/0x21 @ 1
[    6.452719] initcall proc_kmsg_init+0x0/0x21 returned 0 after 7 usecs
[    6.460486] calling  proc_page_init+0x0/0x3b @ 1
[    6.466359] initcall proc_page_init+0x0/0x3b returned 0 after 24 usecs
[    6.474178] calling  init_ramfs_fs+0x0/0xc @ 1
[    6.479486] initcall init_ramfs_fs+0x0/0xc returned 0 after 28 usecs
[    6.487773] calling  init_hugetlbfs_fs+0x0/0xf6 @ 1
[    6.495753] initcall init_hugetlbfs_fs+0x0/0xf6 returned 0 after 668 usecs
[    6.505897] calling  blk_scsi_ioctl_init+0x0/0x2a5 @ 1
[    6.512652] initcall blk_scsi_ioctl_init+0x0/0x2a5 returned 0 after 34 usecs
[    6.520867] calling  acpi_event_init+0x0/0x2c @ 1
[    6.526538] initcall acpi_event_init+0x0/0x2c returned 0 after 132 usecs
[    6.534490] calling  pnp_system_init+0x0/0xc @ 1
[    6.549751] initcall pnp_system_init+0x0/0xc returned 0 after 2640 usecs
[    6.557681] calling  pnpacpi_init+0x0/0x69 @ 1
[    6.563200] pnp: PnP ACPI init
[    6.571458] pnp 00:00: Plug and Play ACPI device, IDs PNP0303 (active)
[    6.579739] pnp 00:01: Plug and Play ACPI device, IDs PNP0f13 (active)
[    6.587746] pnp 00:02: Plug and Play ACPI device, IDs PNP0400 (active)
[    6.595612] pnp 00:03: Plug and Play ACPI device, IDs PNP0501 (active)
[    6.603515] pnp 00:04: Plug and Play ACPI device, IDs PNP0b00 (active)
[    6.612003] system 00:05: [mem 0xb0000000-0xbfffffff window] has been reserved
[    6.620421] system 00:05: Plug and Play ACPI device, IDs PNP0c01 (active)
[    6.631032] pnp: PnP ACPI: found 6 devices
[    6.636096] initcall pnpacpi_init+0x0/0x69 returned 0 after 71284 usecs
[    6.644131] calling  chr_dev_init+0x0/0x14d @ 1
[    6.749679] initcall chr_dev_init+0x0/0x14d returned 0 after 97796 usecs
[    6.757755] calling  firmware_class_init+0x0/0x14a @ 1
[    6.764301] initcall firmware_class_init+0x0/0x14a returned 0 after 276 usecs
[    6.772740] calling  init_pcmcia_bus+0x0/0x5b @ 1
[    6.778772] initcall init_pcmcia_bus+0x0/0x5b returned 0 after 209 usecs
[    6.786552] calling  init_acpi_pm_clocksource+0x0/0xda @ 1
[    6.799012] clocksource: acpi_pm: mask: 0xffffff max_cycles: 0xffffff, max_idle_ns: 2085701024 ns
[    6.809455] initcall init_acpi_pm_clocksource+0x0/0xda returned 0 after 15882 usecs
[    6.819291] calling  sysctl_core_init+0x0/0x26 @ 1
[    6.825641] initcall sysctl_core_init+0x0/0x26 returned 0 after 625 usecs
[    6.833683] calling  eth_offload_init+0x0/0x13 @ 1
[    6.839422] initcall eth_offload_init+0x0/0x13 returned 0 after 39 usecs
[    6.847469] calling  ipv4_offload_init+0x0/0x73 @ 1
[    6.853549] initcall ipv4_offload_init+0x0/0x73 returned 0 after 254 usecs
[    6.861700] calling  inet_init+0x0/0x276 @ 1
[    6.868359] NET: Registered protocol family 2
[    6.874945] IP idents hash table entries: 8192 (order: 4, 65536 bytes, linear)
[    6.894369] tcp_listen_portaddr_hash hash table entries: 256 (order: 2, 20480 bytes, linear)
[    6.905304] TCP established hash table entries: 4096 (order: 3, 32768 bytes, linear)
[    6.915378] TCP bind hash table entries: 4096 (order: 6, 294912 bytes, linear)
[    6.928418] TCP: Hash tables configured (established 4096 bind 4096)
[    6.936825] UDP hash table entries: 256 (order: 3, 40960 bytes, linear)
[    6.945285] UDP-Lite hash table entries: 256 (order: 3, 40960 bytes, linear)
[    6.954826] initcall inet_init+0x0/0x276 returned 0 after 85053 usecs
[    6.962726] calling  af_unix_init+0x0/0x4d @ 1
[    6.968148] NET: Registered protocol family 1
[    6.973931] initcall af_unix_init+0x0/0x4d returned 0 after 5751 usecs
[    6.981610] calling  ipv6_offload_init+0x0/0x7e @ 1
[    6.987481] initcall ipv6_offload_init+0x0/0x7e returned 0 after 76 usecs
[    6.995547] calling  init_sunrpc+0x0/0x65 @ 1
[    7.009609] RPC: Registered named UNIX socket transport module.
[    7.016624] RPC: Registered udp transport module.
[    7.022163] RPC: Registered tcp transport module.
[    7.027764] RPC: Registered tcp NFSv4.1 backchannel transport module.
[    7.035446] initcall init_sunrpc+0x0/0x65 returned 0 after 33885 usecs
[    7.043150] calling  cfg80211_init+0x0/0xc5 @ 1
[    7.051739] initcall cfg80211_init+0x0/0xc5 returned 0 after 3165 usecs
[    7.060418] calling  pcibios_assign_resources+0x0/0xbf @ 1
[    7.068376] pci_bus 0000:00: resource 4 [io  0x0000-0x0cf7 window]
[    7.075611] pci_bus 0000:00: resource 5 [io  0x0d00-0xffff window]
[    7.082896] pci_bus 0000:00: resource 6 [mem 0x000a0000-0x000bffff window]
[    7.090946] pci_bus 0000:00: resource 7 [mem 0x20000000-0xafffffff window]
[    7.098960] pci_bus 0000:00: resource 8 [mem 0xc0000000-0xfebfffff window]
[    7.106935] pci_bus 0000:00: resource 9 [mem 0x100000000-0x8ffffffff window]
[    7.115275] initcall pcibios_assign_resources+0x0/0xbf returned 0 after 46990 usecs
[    7.124389] calling  pci_apply_final_quirks+0x0/0x124 @ 1
[    7.131148] pci 0000:00:01.0: calling  pci_fixup_video+0x0/0xe0 @ 1
[    7.138928] pci 0000:00:01.0: Video device with shadowed ROM at [mem 0x000c0000-0x000dffff]
[    7.148691] pci 0000:00:01.0: pci_fixup_video+0x0/0xe0 took 9920 usecs
[    7.156625] PCI: CLS 0 bytes, default 64
[    7.161442] initcall pci_apply_final_quirks+0x0/0x124 returned 0 after 29974 usecs
[    7.170188] calling  acpi_reserve_resources+0x0/0xea @ 1
[    7.176408] initcall acpi_reserve_resources+0x0/0xea returned 0 after 23 usecs
[    7.184745] calling  populate_rootfs+0x0/0x102 @ 1
[    7.192172] initcall populate_rootfs+0x0/0x102 returned 0 after 1770 usecs
[    7.200180] calling  pci_iommu_init+0x0/0x3e @ 1
[    7.205901] initcall pci_iommu_init+0x0/0x3e returned 0 after 125 usecs
[    7.215176] calling  ia32_binfmt_init+0x0/0x13 @ 1
[    7.220855] initcall ia32_binfmt_init+0x0/0x13 returned 0 after 29 usecs
[    7.228806] calling  rapl_pmu_init+0x0/0x267 @ 1
[    7.234327] initcall rapl_pmu_init+0x0/0x267 returned -19 after 58 usecs
[    7.243111] calling  amd_uncore_init+0x0/0x310 @ 1
[    7.250233] initcall amd_uncore_init+0x0/0x310 returned -19 after 0 usecs
[    7.259196] calling  amd_ibs_init+0x0/0x27b @ 1
[    7.265929] initcall amd_ibs_init+0x0/0x27b returned -19 after 1 usecs
[    7.274087] calling  amd_iommu_pc_init+0x0/0x22c @ 1
[    7.280422] initcall amd_iommu_pc_init+0x0/0x22c returned -19 after 61 usecs
[    7.288993] calling  msr_init+0x0/0x55 @ 1
[    7.294620] initcall msr_init+0x0/0x55 returned 0 after 222 usecs
[    7.302270] calling  intel_uncore_init+0x0/0x36f @ 1
[    7.308692] initcall intel_uncore_init+0x0/0x36f returned -19 after 35 usecs
[    7.317825] calling  cstate_pmu_init+0x0/0x1a1 @ 1
[    7.324089] initcall cstate_pmu_init+0x0/0x1a1 returned -19 after 0 usecs
[    7.332670] calling  register_kernel_offset_dumper+0x0/0x1a @ 1
[    7.340133] initcall register_kernel_offset_dumper+0x0/0x1a returned 0 after 33 usecs
[    7.351728] calling  i8259A_init_ops+0x0/0x20 @ 1
[    7.358966] initcall i8259A_init_ops+0x0/0x20 returned 0 after 2 usecs
[    7.368567] calling  init_tsc_clocksource+0x0/0xa4 @ 1
[    7.375307] clocksource: tsc: mask: 0xffffffffffffffff max_cycles: 0x39a85afc727, max_idle_ns: 881590685098 ns
[    7.390013] initcall init_tsc_clocksource+0x0/0xa4 returned 0 after 14359 usecs
[    7.400969] calling  add_rtc_cmos+0x0/0xb0 @ 1
[    7.406446] initcall add_rtc_cmos+0x0/0xb0 returned 0 after 63 usecs
[    7.413932] calling  i8237A_init_ops+0x0/0x3a @ 1
[    7.419783] initcall i8237A_init_ops+0x0/0x3a returned 0 after 148 usecs
[    7.427889] calling  umwait_init+0x0/0x94 @ 1
[    7.433191] initcall umwait_init+0x0/0x94 returned -19 after 14 usecs
[    7.440894] calling  thermal_throttle_init_device+0x0/0x3d @ 1
[    7.447838] initcall thermal_throttle_init_device+0x0/0x3d returned 0 after 27 usecs
[    7.457303] calling  msr_init+0x0/0xd7 @ 1
[    7.484250] initcall msr_init+0x0/0xd7 returned 0 after 21003 usecs
[    7.494241] calling  cpuid_init+0x0/0xd7 @ 1
[    7.517799] initcall cpuid_init+0x0/0xd7 returned 0 after 16145 usecs
[    7.527783] calling  ioapic_init_ops+0x0/0x13 @ 1
[    7.535409] initcall ioapic_init_ops+0x0/0x13 returned 0 after 33 usecs
[    7.546009] calling  add_pcspkr+0x0/0x6c @ 1
[    7.553044] initcall add_pcspkr+0x0/0x6c returned 0 after 165 usecs
[    7.563175] calling  start_periodic_check_for_corruption+0x0/0x30 @ 1
[    7.573397] check: Scanning for low memory corruption every 60 seconds
[    7.583810] initcall start_periodic_check_for_corruption+0x0/0x30 returned 0 after 10222 usecs
[    7.599185] calling  sysfb_init+0x0/0x9c @ 1
[    7.606293] initcall sysfb_init+0x0/0x9c returned 0 after 158 usecs
[    7.616262] calling  audit_classes_init+0x0/0xae @ 1
[    7.624363] initcall audit_classes_init+0x0/0xae returned 0 after 85 usecs
[    7.635433] calling  iosf_mbi_init+0x0/0x24 @ 1
[    7.642850] initcall iosf_mbi_init+0x0/0x24 returned 0 after 306 usecs
[    7.652143] calling  proc_execdomains_init+0x0/0x21 @ 1
[    7.660579] initcall proc_execdomains_init+0x0/0x21 returned 0 after 239 usecs
[    7.671024] calling  register_warn_debugfs+0x0/0x23 @ 1
[    7.678793] initcall register_warn_debugfs+0x0/0x23 returned 0 after 24 usecs
[    7.689758] calling  cpuhp_sysfs_init+0x0/0x79 @ 1
[    7.697490] initcall cpuhp_sysfs_init+0x0/0x79 returned 0 after 258 usecs
[    7.707889] calling  ioresources_init+0x0/0x49 @ 1
[    7.715151] initcall ioresources_init+0x0/0x49 returned 0 after 11 usecs
[    7.724614] calling  lockdep_proc_init+0x0/0x44 @ 1
[    7.732384] initcall lockdep_proc_init+0x0/0x44 returned 0 after 42 usecs
[    7.745640] calling  snapshot_device_init+0x0/0xc @ 1
[    7.755693] initcall snapshot_device_init+0x0/0xc returned 0 after 3011 usecs
[    7.765243] calling  irq_pm_init_ops+0x0/0x13 @ 1
[    7.771636] initcall irq_pm_init_ops+0x0/0x13 returned 0 after 23 usecs
[    7.780648] calling  rcu_torture_init+0x0/0xaad @ 1
[    7.787377] rcu-torture:--- Start of test: nreaders=7 nfakewriters=4 stat_interval=15 verbose=1 test_no_idle_hz=1 shuffle_interval=3 stutter=5 irqreader=1 fqs_duration=0 fqs_holdoff=0 fqs_stutter=3 test_boost=1/0 test_boost_interval=7 test_boost_duration=4 shutdown_secs=1800 stall_cpu=0 stall_cpu_holdoff=10 stall_cpu_irqsoff=0 stall_cpu_block=0 n_barrier_cbs=4 onoff_interval=1000 onoff_holdoff=30 read_exit_delay=13 read_exit_burst=16
[    7.838511] rcu:  Start-test grace-period state: g-1020 f0x0
[    7.846430] rcu-torture: Creating rcu_torture_writer task
[    7.856285] rcu-torture: Creating rcu_torture_fakewriter task
[    7.856611] rcu-torture: rcu_torture_writer task started
[    7.866791] rcu-torture: Creating rcu_torture_fakewriter task
[    7.867279] rcu-torture: rcu_torture_fakewriter task started
[    7.871349] rcu-torture: GP expediting controlled from boot/sysfs for rcu.
[    7.871351] rcu_torture_writer: Testing conditional GPs.
[    7.871352] rcu_torture_writer: Testing expedited GPs.
[    7.871353] rcu_torture_writer: Testing asynchronous GPs.
[    7.871354] rcu_torture_writer: Testing normal GPs.
[    7.926783] rcu-torture: Creating rcu_torture_fakewriter task
[    7.927397] rcu-torture: rcu_torture_fakewriter task started
[    7.937339] rcu-torture: Creating rcu_torture_fakewriter task
[    7.937641] rcu-torture: rcu_torture_fakewriter task started
[    7.963853] rcu-torture: Creating rcu_torture_reader task
[    7.964394] rcu-torture: rcu_torture_fakewriter task started
[    7.973868] rcu-torture: Creating rcu_torture_reader task
[    7.974426] rcu-torture: rcu_torture_reader task started
[    8.000894] rcu-torture: Creating rcu_torture_reader task
[    8.001656] rcu-torture: rcu_torture_reader task started
[    8.011465] rcu-torture: Creating rcu_torture_reader task
[    8.011487] rcu-torture: rcu_torture_reader task started
[    8.033777] rcu-torture: Creating rcu_torture_reader task
[    8.034587] rcu-torture: rcu_torture_reader task started
[    8.043817] rcu-torture: Creating rcu_torture_reader task
[    8.044614] rcu-torture: rcu_torture_reader task started
[    8.068996] rcu-torture: Creating rcu_torture_reader task
[    8.069027] rcu-torture: rcu_torture_reader task started
[    8.078513] rcu-torture: Creating rcu_torture_stats task
[    8.078556] rcu-torture: rcu_torture_reader task started
[    8.101563] rcu-torture: Creating torture_shuffle task
[    8.101839] rcu-torture: rcu_torture_stats task started
[    8.111162] rcu-torture: Creating torture_stutter task
[    8.112192] rcu-torture: torture_shuffle task started
[    8.129834] rcu-torture: Creating torture_shutdown task
[    8.131236] rcu-torture: torture_stutter task started
[    8.145956] rcu-torture: Creating torture_onoff task
[    8.145977] rcu-torture: torture_shutdown task started
[    8.155590] rcu-torture: Creating rcu_torture_fwd_prog task
[    8.155668] rcu-torture: torture_onoff task started
[    8.155670] rcu-torture: torture_onoff begin holdoff
[    8.160698] rcu-torture:torture_shutdown task: 1799969 ms remaining
[    8.171272] rcu-torture: rcu_torture_fwd_progress task started
[    8.171277] rcu-torture: Creating rcu_torture_barrier_cbs task
[    8.172716] rcu-torture: Creating rcu_torture_barrier_cbs task
[    8.173453] rcu-torture: rcu_torture_barrier_cbs task started
[    8.174751] rcu-torture: Creating rcu_torture_barrier_cbs task
[    8.174828] rcu-torture: rcu_torture_barrier_cbs task started
[    8.176401] rcu-torture: rcu_torture_barrier_cbs task started
[    8.176407] rcu-torture: Creating rcu_torture_barrier_cbs task
[    8.178523] rcu-torture: Creating rcu_torture_barrier task
[    8.178806] rcu-torture: rcu_torture_barrier_cbs task started
[    8.280930] rcu-torture: Creating rcu_torture_read_exit task
[    8.280947] rcu-torture: rcu_torture_barrier task starting
[    8.292739] initcall rcu_torture_init+0x0/0xaad returned 0 after 493661 usecs
[    8.293429] rcu-torture: rcu_torture_read_exit: Start of test
[    8.316652] calling  timekeeping_init_ops+0x0/0x13 @ 1
[    8.324658] initcall timekeeping_init_ops+0x0/0x13 returned 0 after 583 usecs
[    8.334575] calling  init_clocksource_sysfs+0x0/0x23 @ 1
[    8.349569] initcall init_clocksource_sysfs+0x0/0x23 returned 0 after 7319 usecs
[    8.360828] calling  init_timer_list_procfs+0x0/0x31 @ 1
[    8.368589] initcall init_timer_list_procfs+0x0/0x31 returned 0 after 98 usecs
[    8.378466] calling  alarmtimer_init+0x0/0xf5 @ 1
[    8.384858] initcall alarmtimer_init+0x0/0xf5 returned 0 after 255 usecs
[    8.394384] calling  init_posix_timers+0x0/0x29 @ 1
[    8.401510] initcall init_posix_timers+0x0/0x29 returned 0 after 144 usecs
[    8.410663] calling  clockevents_init_sysfs+0x0/0xbf @ 1
[    8.418479] initcall clockevents_init_sysfs+0x0/0xbf returned 0 after 823 usecs
[    8.427677] calling  proc_dma_init+0x0/0x21 @ 1
[    8.434883] initcall proc_dma_init+0x0/0x21 returned 0 after 92 usecs
[    8.443797] calling  proc_modules_init+0x0/0x1e @ 1
[    8.451185] initcall proc_modules_init+0x0/0x1e returned 0 after 8 usecs
[    8.460983] calling  kallsyms_init+0x0/0x21 @ 1
[    8.467531] initcall kallsyms_init+0x0/0x21 returned 0 after 7 usecs
[    8.476940] calling  pid_namespaces_init+0x0/0x2c @ 1
[    8.484124] initcall pid_namespaces_init+0x0/0x2c returned 0 after 21 usecs
[    8.494106] calling  audit_watch_init+0x0/0x37 @ 1
[    8.501689] initcall audit_watch_init+0x0/0x37 returned 0 after 4 usecs
[    8.511773] calling  audit_fsnotify_init+0x0/0x37 @ 1
[    8.519187] initcall audit_fsnotify_init+0x0/0x37 returned 0 after 3 usecs
[    8.529009] calling  audit_tree_init+0x0/0x6d @ 1
[    8.537097] initcall audit_tree_init+0x0/0x6d returned 0 after 12 usecs
[    8.546374] calling  seccomp_sysctl_init+0x0/0x2b @ 1
[    8.553537] initcall seccomp_sysctl_init+0x0/0x2b returned 0 after 112 usecs
[    8.565070] calling  utsname_sysctl_init+0x0/0x13 @ 1
[    8.572582] initcall utsname_sysctl_init+0x0/0x13 returned 0 after 55 usecs
[    8.583882] calling  init_tracepoints+0x0/0x27 @ 1
[    8.591269] initcall init_tracepoints+0x0/0x27 returned 0 after 94 usecs
[    8.602647] calling  init_blk_tracer+0x0/0x50 @ 1
[    8.613535] initcall init_blk_tracer+0x0/0x50 returned 0 after 3245 usecs
[    8.625401] calling  perf_event_sysfs_init+0x0/0x83 @ 1
[    8.636615] initcall perf_event_sysfs_init+0x0/0x83 returned 0 after 2342 usecs
[    8.646943] calling  system_trusted_keyring_init+0x0/0x60 @ 1
[    8.670140] Initialise system trusted keyrings
[    8.688113] initcall system_trusted_keyring_init+0x0/0x60 returned 0 after 19048 usecs
[    8.702805] calling  kswapd_init+0x0/0x5c @ 1
[    8.734022] initcall kswapd_init+0x0/0x5c returned 0 after 24066 usecs
[    8.743944] calling  extfrag_debug_init+0x0/0x54 @ 1
[    8.758787] initcall extfrag_debug_init+0x0/0x54 returned 0 after 7611 usecs
[    8.770616] calling  mm_compute_batch_init+0x0/0x12 @ 1
[    8.779966] initcall mm_compute_batch_init+0x0/0x12 returned 0 after 262 usecs
[    8.789805] calling  slab_proc_init+0x0/0x21 @ 1
[    8.799008] initcall slab_proc_init+0x0/0x21 returned 0 after 2273 usecs
[    8.808894] calling  workingset_init+0x0/0x8c @ 1
[    8.816065] workingset: timestamp_bits=56 max_order=17 bucket_order=0
[    8.826516] initcall workingset_init+0x0/0x8c returned 0 after 10202 usecs
[    8.836761] calling  proc_vmalloc_init+0x0/0x32 @ 1
[    8.844329] initcall proc_vmalloc_init+0x0/0x32 returned 0 after 240 usecs
[    8.854234] calling  procswaps_init+0x0/0x1e @ 1
[    8.861352] initcall procswaps_init+0x0/0x1e returned 0 after 211 usecs
[    8.871217] calling  slab_sysfs_init+0x0/0xec @ 1
[    8.908928] initcall slab_sysfs_init+0x0/0xec returned 0 after 29165 usecs
[    8.919028] calling  fcntl_init+0x0/0x29 @ 1
[    8.926359] initcall fcntl_init+0x0/0x29 returned 0 after 1137 usecs
[    8.935775] calling  proc_filesystems_init+0x0/0x21 @ 1
[    8.943414] initcall proc_filesystems_init+0x0/0x21 returned 0 after 8 usecs
[    8.953769] calling  start_dirtytime_writeback+0x0/0x29 @ 1
[    8.962816] initcall start_dirtytime_writeback+0x0/0x29 returned 0 after 178 usecs
[    8.974779] calling  blkdev_init+0x0/0x1b @ 1
[    8.981911] initcall blkdev_init+0x0/0x1b returned 0 after 954 usecs
[    8.991449] calling  dio_init+0x0/0x2c @ 1
[    8.997930] initcall dio_init+0x0/0x2c returned 0 after 135 usecs
[    9.007147] calling  dnotify_init+0x0/0x78 @ 1
[    9.014016] initcall dnotify_init+0x0/0x78 returned 0 after 353 usecs
[    9.023938] calling  aio_setup+0x0/0x78 @ 1
[    9.032648] initcall aio_setup+0x0/0x78 returned 0 after 1948 usecs
[    9.042970] calling  io_uring_init+0x0/0x2c @ 1
[    9.049652] initcall io_uring_init+0x0/0x2c returned 0 after 16 usecs
[    9.059143] calling  mbcache_init+0x0/0x30 @ 1
[    9.066743] initcall mbcache_init+0x0/0x30 returned 0 after 233 usecs
[    9.077277] calling  init_grace+0x0/0xc @ 1
[    9.084879] initcall init_grace+0x0/0xc returned 0 after 232 usecs
[    9.095588] calling  init_v2_quota_format+0x0/0x21 @ 1
[    9.104314] initcall init_v2_quota_format+0x0/0x21 returned 0 after 242 usecs
[    9.114209] calling  init_devpts_fs+0x0/0x27 @ 1
[    9.122810] initcall init_devpts_fs+0x0/0x27 returned 0 after 2139 usecs
[    9.132625] calling  ext4_init_fs+0x0/0x1c2 @ 1
[    9.141631] initcall ext4_init_fs+0x0/0x1c2 returned 0 after 1889 usecs
[    9.151572] calling  journal_init+0x0/0x11c @ 1
[    9.159875] initcall journal_init+0x0/0x11c returned 0 after 773 usecs
[    9.170014] calling  init_fat_fs+0x0/0x49 @ 1
[    9.177006] initcall init_fat_fs+0x0/0x49 returned 0 after 164 usecs
[    9.186596] calling  init_vfat_fs+0x0/0xc @ 1
[    9.194356] initcall init_vfat_fs+0x0/0xc returned 0 after 114 usecs
[    9.205311] calling  init_msdos_fs+0x0/0xc @ 1
[    9.213232] initcall init_msdos_fs+0x0/0xc returned 0 after 6 usecs
[    9.223839] calling  init_iso9660_fs+0x0/0x6c @ 1
[    9.232841] initcall init_iso9660_fs+0x0/0x6c returned 0 after 998 usecs
[    9.242911] calling  init_nfs_fs+0x0/0x13a @ 1
[    9.258761] initcall init_nfs_fs+0x0/0x13a returned 0 after 8824 usecs
[    9.268641] calling  init_nfs_v2+0x0/0x13 @ 1
[    9.275402] initcall init_nfs_v2+0x0/0x13 returned 0 after 159 usecs
[    9.284979] calling  init_nfs_v3+0x0/0x13 @ 1
[    9.291853] initcall init_nfs_v3+0x0/0x13 returned 0 after 30 usecs
[    9.301448] calling  init_nfs_v4+0x0/0x32 @ 1
[    9.308420] NFS: Registering the id_resolver key type
[    9.316566] Key type id_resolver registered
[    9.322997] Key type id_legacy registered
[    9.329806] initcall init_nfs_v4+0x0/0x32 returned 0 after 20970 usecs
[    9.339723] calling  init_nlm+0x0/0x5b @ 1
[    9.346334] initcall init_nlm+0x0/0x5b returned 0 after 349 usecs
[    9.355524] calling  init_nls_cp437+0x0/0xe @ 1
[    9.362806] initcall init_nls_cp437+0x0/0xe returned 0 after 77 usecs
[    9.372473] calling  init_nls_ascii+0x0/0xe @ 1
[    9.379198] initcall init_nls_ascii+0x0/0xe returned 0 after 1 usecs
[    9.389219] calling  init_nls_iso8859_1+0x0/0xe @ 1
[    9.396758] initcall init_nls_iso8859_1+0x0/0xe returned 0 after 1 usecs
[    9.406167] calling  init_nls_utf8+0x0/0x21 @ 1
[    9.413065] initcall init_nls_utf8+0x0/0x21 returned 0 after 1 usecs
[    9.422790] calling  init_autofs_fs+0x0/0x25 @ 1
[    9.446838] initcall init_autofs_fs+0x0/0x25 returned 0 after 16723 usecs
[    9.459909] calling  ipc_init+0x0/0x24 @ 1
[    9.468994] initcall ipc_init+0x0/0x24 returned 0 after 1182 usecs
[    9.481069] calling  ipc_sysctl_init+0x0/0x13 @ 1
[    9.490369] initcall ipc_sysctl_init+0x0/0x13 returned 0 after 56 usecs
[    9.502703] calling  init_mqueue_fs+0x0/0xb1 @ 1
[    9.512263] initcall init_mqueue_fs+0x0/0xb1 returned 0 after 1275 usecs
[    9.524481] calling  key_proc_init+0x0/0x63 @ 1
[    9.533402] initcall key_proc_init+0x0/0x63 returned 0 after 340 usecs
[    9.544851] calling  selinux_nf_ip_init+0x0/0x2e @ 1
[    9.553046] initcall selinux_nf_ip_init+0x0/0x2e returned 0 after 133 usecs
[    9.565701] calling  init_sel_fs+0x0/0x116 @ 1
[    9.573040] initcall init_sel_fs+0x0/0x116 returned 0 after 1 usecs
[    9.583291] calling  selnl_init+0x0/0x7c @ 1
[    9.592598] initcall selnl_init+0x0/0x7c returned 0 after 2462 usecs
[    9.603068] calling  sel_netif_init+0x0/0x36 @ 1
[    9.610967] initcall sel_netif_init+0x0/0x36 returned 0 after 1 usecs
[    9.622687] calling  sel_netnode_init+0x0/0x33 @ 1
[    9.631493] initcall sel_netnode_init+0x0/0x33 returned 0 after 0 usecs
[    9.642918] calling  sel_netport_init+0x0/0x33 @ 1
[    9.650485] initcall sel_netport_init+0x0/0x33 returned 0 after 1 usecs
[    9.660303] calling  aurule_init+0x0/0x2a @ 1
[    9.667024] initcall aurule_init+0x0/0x2a returned 0 after 2 usecs
[    9.676357] calling  crypto_algapi_init+0x0/0xc @ 1
[    9.683677] initcall crypto_algapi_init+0x0/0xc returned 0 after 8 usecs
[    9.695698] calling  jent_mod_init+0x0/0x2d @ 1
[    9.727649] initcall jent_mod_init+0x0/0x2d returned 0 after 23143 usecs
[    9.739464] calling  asymmetric_key_init+0x0/0xc @ 1
[    9.747663] Key type asymmetric registered
[    9.754785] initcall asymmetric_key_init+0x0/0xc returned 0 after 6953 usecs
[    9.766615] calling  x509_key_init+0x0/0xc @ 1
[    9.773677] Asymmetric key parser 'x509' registered
[    9.781677] initcall x509_key_init+0x0/0xc returned 0 after 7856 usecs
[    9.792226] calling  proc_genhd_init+0x0/0x41 @ 1
[    9.800087] initcall proc_genhd_init+0x0/0x41 returned 0 after 191 usecs
[    9.811524] calling  bsg_init+0x0/0x113 @ 1
[    9.820472] Block layer SCSI generic (bsg) driver version 0.4 loaded (major 251)
[    9.831534] initcall bsg_init+0x0/0x113 returned 0 after 13278 usecs
[    9.842838] calling  deadline_init+0x0/0xc @ 1
[    9.849981] io scheduler mq-deadline registered
[    9.856677] initcall deadline_init+0x0/0xc returned 0 after 6602 usecs
[    9.866179] calling  kyber_init+0x0/0xc @ 1
[    9.872453] io scheduler kyber registered
[    9.878870] initcall kyber_init+0x0/0xc returned 0 after 6326 usecs
[    9.888455] calling  mod_init+0x0/0x7 @ 1
[    9.894820] initcall mod_init+0x0/0x7 returned 0 after 0 usecs
[    9.903407] calling  debug_objects_init_debugfs+0x0/0x3b @ 1
[    9.913313] initcall debug_objects_init_debugfs+0x0/0x3b returned 0 after 944 usecs
[    9.925244] calling  percpu_counter_startup+0x0/0x55 @ 1
[    9.950735] initcall percpu_counter_startup+0x0/0x55 returned 0 after 17140 usecs
[    9.963285] calling  sg_pool_init+0x0/0xb4 @ 1
[    9.974182] initcall sg_pool_init+0x0/0xb4 returned 0 after 2211 usecs
[    9.985819] calling  pcie_portdrv_init+0x0/0x39 @ 1
[    9.998711] initcall pcie_portdrv_init+0x0/0x39 returned 0 after 3981 usecs
[   10.011319] calling  pci_proc_init+0x0/0x68 @ 1
[   10.019916] initcall pci_proc_init+0x0/0x68 returned 0 after 1009 usecs
[   10.030774] calling  pci_hotplug_init+0x0/0x7 @ 1
[   10.038647] initcall pci_hotplug_init+0x0/0x7 returned 0 after 40 usecs
[   10.049446] calling  efifb_driver_init+0x0/0xe @ 1
[   10.059002] initcall efifb_driver_init+0x0/0xe returned 0 after 1392 usecs
[   10.070612] calling  ged_driver_init+0x0/0xe @ 1
[   10.079637] initcall ged_driver_init+0x0/0xe returned 0 after 834 usecs
[   10.090834] calling  acpi_ac_init+0x0/0x92 @ 1
[   10.103657] initcall acpi_ac_init+0x0/0x92 returned 0 after 5798 usecs
[   10.112787] calling  acpi_button_driver_init+0x0/0x52 @ 1
[   10.125592] input: Power Button as /devices/LNXSYSTM:00/LNXPWRBN:00/input/input0
[   10.139035] ACPI: Power Button [PWRF]
[   10.147675] initcall acpi_button_driver_init+0x0/0x52 returned 0 after 26602 usecs
[   10.161219] calling  acpi_fan_driver_init+0x0/0xe @ 1
[   10.170035] initcall acpi_fan_driver_init+0x0/0xe returned 0 after 40 usecs
[   10.181761] calling  acpi_video_init+0x0/0xcb @ 1
[   10.189762] initcall acpi_video_init+0x0/0xcb returned 0 after 489 usecs
[   10.200829] calling  acpi_processor_driver_init+0x0/0xad @ 1
[   10.222974] initcall acpi_processor_driver_init+0x0/0xad returned 0 after 9863 usecs
[   10.235564] calling  acpi_thermal_init+0x0/0x71 @ 1
[   10.250925] initcall acpi_thermal_init+0x0/0x71 returned 0 after 7504 usecs
[   10.262334] calling  acpi_battery_init+0x0/0x32 @ 1
[   10.271669] initcall acpi_battery_init+0x0/0x32 returned 0 after 846 usecs
[   10.283305] calling  bgrt_init+0x0/0xb6 @ 1
[   10.289727] initcall bgrt_init+0x0/0xb6 returned -19 after 1 usecs
[   10.298277] calling  gpio_clk_driver_init+0x0/0xe @ 1
[   10.306073] initcall gpio_clk_driver_init+0x0/0xe returned 0 after 193 usecs
[   10.316501] calling  plt_clk_driver_init+0x0/0xe @ 1
[   10.323656] initcall plt_clk_driver_init+0x0/0xe returned 0 after 65 usecs
[   10.333656] calling  virtio_pci_driver_init+0x0/0x15 @ 1
[   10.341594] initcall virtio_pci_driver_init+0x0/0x15 returned 0 after 363 usecs
[   10.352181] calling  n_null_init+0x0/0x1e @ 1
[   10.358902] initcall n_null_init+0x0/0x1e returned 0 after 139 usecs
[   10.367945] calling  pty_init+0x0/0x1e8 @ 1
[   10.382371] initcall pty_init+0x0/0x1e8 returned 0 after 7655 usecs
[   10.391618] calling  sysrq_init+0x0/0x62 @ 1
[   10.398612] initcall sysrq_init+0x0/0x62 returned 0 after 13 usecs
[   10.407658] calling  serial8250_init+0x0/0x17e @ 1
[   10.415086] Serial: 8250/16550 driver, 4 ports, IRQ sharing enabled
[   10.427389] 00:03: ttyS0 at I/O 0x3f8 (irq = 4, base_baud = 115200) is a 16550A
[   10.454406] initcall serial8250_init+0x0/0x17e returned 0 after 38525 usecs
[   10.465878] calling  serial_pci_driver_init+0x0/0x15 @ 1
[   10.474805] initcall serial_pci_driver_init+0x0/0x15 returned 0 after 309 usecs
[   10.486911] calling  exar_pci_driver_init+0x0/0x15 @ 1
[   10.495631] initcall exar_pci_driver_init+0x0/0x15 returned 0 after 189 usecs
[   10.507226] calling  lpss8250_pci_driver_init+0x0/0x15 @ 1
[   10.516392] initcall lpss8250_pci_driver_init+0x0/0x15 returned 0 after 57 usecs
[   10.528698] calling  mid8250_pci_driver_init+0x0/0x15 @ 1
[   10.537412] initcall mid8250_pci_driver_init+0x0/0x15 returned 0 after 44 usecs
[   10.548374] calling  virtio_console_init+0x0/0xff @ 1
[   10.555982] initcall virtio_console_init+0x0/0xff returned 0 after 248 usecs
[   10.566672] calling  hpet_init+0x0/0x64 @ 1
[   10.579764] initcall hpet_init+0x0/0x64 returned 0 after 6646 usecs
[   10.590491] calling  nvram_module_init+0x0/0x83 @ 1
[   10.604356] Non-volatile memory driver v1.3
[   10.610915] initcall nvram_module_init+0x0/0x83 returned 0 after 11645 usecs
[   10.621482] calling  hwrng_modinit+0x0/0x8a @ 1
[   10.631996] initcall hwrng_modinit+0x0/0x8a returned 0 after 3257 usecs
[   10.642359] calling  mod_init+0x0/0x48 @ 1
[   10.648604] initcall mod_init+0x0/0x48 returned -19 after 0 usecs
[   10.657264] calling  agp_init+0x0/0x23 @ 1
[   10.663243] Linux agpgart interface v0.103
[   10.669346] initcall agp_init+0x0/0x23 returned 0 after 5955 usecs
[   10.678737] calling  agp_amd64_mod_init+0x0/0x5 @ 1
[   10.686611] initcall agp_amd64_mod_init+0x0/0x5 returned -19 after 613 usecs
[   10.717157] calling  agp_intel_init+0x0/0x28 @ 1
[   10.747206] initcall agp_intel_init+0x0/0x28 returned 0 after 17882 usecs
[   10.758295] calling  drm_kms_helper_init+0x0/0x7 @ 1
[   10.766669] initcall drm_kms_helper_init+0x0/0x7 returned 0 after 155 usecs
[   10.778349] calling  drm_core_init+0x0/0xbd @ 1
[   10.803237] initcall drm_core_init+0x0/0xbd returned 0 after 17584 usecs
[   10.813864] calling  i915_init+0x0/0x6b @ 1
[   10.837925] initcall i915_init+0x0/0x6b returned 0 after 17089 usecs
[   10.850400] calling  cn_proc_init+0x0/0x35 @ 1
[   10.865757] initcall cn_proc_init+0x0/0x35 returned 0 after 7757 usecs
[   10.877176] calling  topology_sysfs_init+0x0/0x27 @ 1
[   10.888600] initcall topology_sysfs_init+0x0/0x27 returned 0 after 2759 usecs
[   10.899587] calling  cacheinfo_sysfs_init+0x0/0x27 @ 1
[   10.955732] initcall cacheinfo_sysfs_init+0x0/0x27 returned 0 after 47072 usecs
[   10.967999] calling  loop_init+0x0/0x16a @ 1
[   11.141108] loop: module loaded
[   11.146667] initcall loop_init+0x0/0x16a returned 0 after 167296 usecs
[   11.156417] calling  mac_hid_init+0x0/0x21 @ 1
[   11.164000] initcall mac_hid_init+0x0/0x21 returned 0 after 244 usecs
[   11.173717] calling  spi_transport_init+0x0/0x74 @ 1
[   11.183114] initcall spi_transport_init+0x0/0x74 returned 0 after 2334 usecs
[   11.193104] calling  init_sd+0x0/0x18c @ 1
[   11.202052] initcall init_sd+0x0/0x18c returned 0 after 1414 usecs
[   11.211817] calling  init_sr+0x0/0x43 @ 1
[   11.218021] initcall init_sr+0x0/0x43 returned 0 after 354 usecs
[   11.228997] calling  init_sg+0x0/0x1c0 @ 1
[   11.236802] initcall init_sg+0x0/0x1c0 returned 0 after 1185 usecs
[   11.245668] calling  ahci_pci_driver_init+0x0/0x15 @ 1
[   11.255520] ahci 0000:00:1f.2: version 3.0
[   11.271732] PCI Interrupt Link [GSIA] enabled at IRQ 16
[   11.298899] ahci 0000:00:1f.2: AHCI 0001.0000 32 slots 6 ports 1.5 Gbps 0x3f impl SATA mode
[   11.313818] ahci 0000:00:1f.2: flags: 64bit ncq only 
[   11.386641] scsi host0: ahci
[   11.410788] scsi host1: ahci
[   11.423953] scsi host2: ahci
[   11.439239] scsi host3: ahci
[   11.457745] scsi host4: ahci
[   11.473341] scsi host5: ahci
[   11.479737] ata1: SATA max UDMA/133 abar m4096@0xfebf1000 port 0xfebf1100 irq 24
[   11.492327] ata2: SATA max UDMA/133 abar m4096@0xfebf1000 port 0xfebf1180 irq 24
[   11.504300] ata3: SATA max UDMA/133 abar m4096@0xfebf1000 port 0xfebf1200 irq 24
[   11.515885] ata4: SATA max UDMA/133 abar m4096@0xfebf1000 port 0xfebf1280 irq 24
[   11.528033] ata5: SATA max UDMA/133 abar m4096@0xfebf1000 port 0xfebf1300 irq 24
[   11.540843] ata6: SATA max UDMA/133 abar m4096@0xfebf1000 port 0xfebf1380 irq 24
[   11.555881] initcall ahci_pci_driver_init+0x0/0x15 returned 0 after 295436 usecs
[   11.568861] calling  piix_init+0x0/0x26 @ 1
[   11.576502] initcall piix_init+0x0/0x26 returned 0 after 477 usecs
[   11.586712] calling  amd_pci_driver_init+0x0/0x15 @ 1
[   11.594813] initcall amd_pci_driver_init+0x0/0x15 returned 0 after 101 usecs
[   11.605626] calling  oldpiix_pci_driver_init+0x0/0x15 @ 1
[   11.614227] initcall oldpiix_pci_driver_init+0x0/0x15 returned 0 after 227 usecs
[   11.625346] calling  sch_pci_driver_init+0x0/0x15 @ 1
[   11.632615] initcall sch_pci_driver_init+0x0/0x15 returned 0 after 69 usecs
[   11.644162] calling  net_olddevs_init+0x0/0x55 @ 1
[   11.651838] initcall net_olddevs_init+0x0/0x55 returned 0 after 284 usecs
[   11.661950] calling  blackhole_netdev_init+0x0/0x78 @ 1
[   11.670540] initcall blackhole_netdev_init+0x0/0x78 returned 0 after 798 usecs
[   11.681286] calling  phy_module_init+0x0/0x13 @ 1
[   11.688934] initcall phy_module_init+0x0/0x13 returned 0 after 627 usecs
[   11.698397] calling  tg3_driver_init+0x0/0x15 @ 1
[   11.705398] initcall tg3_driver_init+0x0/0x15 returned 0 after 158 usecs
[   11.715541] calling  e100_init_module+0x0/0x4c @ 1
[   11.724603] e100: Intel(R) PRO/100 Network Driver
[   11.732003] e100: Copyright(c) 1999-2006 Intel Corporation
[   11.740532] initcall e100_init_module+0x0/0x4c returned 0 after 15552 usecs
[   11.751260] calling  e1000_init_module+0x0/0x72 @ 1
[   11.758659] e1000: Intel(R) PRO/1000 Network Driver
[   11.766357] e1000: Copyright (c) 1999-2006 Intel Corporation.
[   11.775356] initcall e1000_init_module+0x0/0x72 returned 0 after 16314 usecs
[   11.785813] calling  e1000_init_module+0x0/0x2d @ 1
[   11.793021] e1000e: Intel(R) PRO/1000 Network Driver
[   11.800029] e1000e: Copyright(c) 1999 - 2015 Intel Corporation.
[   11.809653] initcall e1000_init_module+0x0/0x2d returned 0 after 16261 usecs
[   11.821544] calling  sky2_init_module+0x0/0x21 @ 1
[   11.830347] sky2: driver version 1.30
[   11.836755] initcall sky2_init_module+0x0/0x21 returned 0 after 6253 usecs
[   11.847919] calling  forcedeth_pci_driver_init+0x0/0x15 @ 1
[   11.856637] initcall forcedeth_pci_driver_init+0x0/0x15 returned 0 after 55 usecs
[   11.868028] calling  rtl8139_init_module+0x0/0x15 @ 1
[   11.871894] ata1: SATA link down (SStatus 0 SControl 300)
[   11.875818] initcall rtl8139_init_module+0x0/0x15 returned 0 after 62 usecs
[   11.885392] ata4: SATA link down (SStatus 0 SControl 300)
[   11.893859] calling  rtl8169_pci_driver_init+0x0/0x15 @ 1
[   11.906559] ata2: SATA link down (SStatus 0 SControl 300)
[   11.912500] ata5: SATA link down (SStatus 0 SControl 300)
[   11.914885] ata3: SATA link up 1.5 Gbps (SStatus 113 SControl 300)
[   11.922787] initcall rtl8169_pci_driver_init+0x0/0x15 returned 0 after 105 usecs
[   11.933204] ata6: SATA link down (SStatus 0 SControl 300)
[   11.942407] calling  cdrom_init+0x0/0xc @ 1
[   11.959683] ata3.00: ATAPI: QEMU DVD-ROM, 2.5+, max UDMA/100
[   11.971257] initcall cdrom_init+0x0/0xc returned 0 after 124 usecs
[   11.979961] ata3.00: applying bridge limits
[   11.986509] calling  nonstatic_sysfs_init+0x0/0xc @ 1
[   12.005665] ata3.00: configured for UDMA/100
[   12.010451] initcall nonstatic_sysfs_init+0x0/0xc returned 0 after 66 usecs
[   12.025357] scsi 2:0:0:0: CD-ROM            QEMU     QEMU DVD-ROM     2.5+ PQ: 0 ANSI: 5
[   12.027269] calling  yenta_cardbus_driver_init+0x0/0x15 @ 1
[   12.027419] initcall yenta_cardbus_driver_init+0x0/0x15 returned 0 after 141 usecs
[   12.027421] calling  mon_init+0x0/0x144 @ 1
[   12.029380] initcall mon_init+0x0/0x144 returned 0 after 1908 usecs
[   12.097712] calling  ehci_hcd_init+0x0/0x56 @ 1
[   12.105416] ehci_hcd: USB 2.0 'Enhanced' Host Controller (EHCI) Driver
[   12.115843] initcall ehci_hcd_init+0x0/0x56 returned 0 after 10290 usecs
[   12.126348] calling  ehci_pci_init+0x0/0x64 @ 1
[   12.133596] ehci-pci: EHCI PCI platform driver
[   12.140841] initcall ehci_pci_init+0x0/0x64 returned 0 after 7074 usecs
[   12.151677] calling  ohci_hcd_mod_init+0x0/0x4e @ 1
[   12.159477] ohci_hcd: USB 1.1 'Open' Host Controller (OHCI) Driver
[   12.169470] initcall ohci_hcd_mod_init+0x0/0x4e returned 0 after 9756 usecs
[   12.180118] calling  ohci_pci_init+0x0/0x64 @ 1
[   12.187024] ohci-pci: OHCI PCI platform driver
[   12.194261] initcall ohci_pci_init+0x0/0x64 returned 0 after 7117 usecs
[   12.204452] calling  uhci_hcd_init+0x0/0xa8 @ 1
[   12.211774] uhci_hcd: USB Universal Host Controller Interface driver
[   12.221443] initcall uhci_hcd_init+0x0/0xa8 returned 0 after 9440 usecs
[   12.231468] calling  xhci_hcd_init+0x0/0x1e @ 1
[   12.238838] initcall xhci_hcd_init+0x0/0x1e returned 0 after 60 usecs
[   12.248270] calling  xhci_pci_init+0x0/0x49 @ 1
[   12.255730] initcall xhci_pci_init+0x0/0x49 returned 0 after 227 usecs
[   12.265182] calling  usblp_driver_init+0x0/0x15 @ 1
[   12.273031] usbcore: registered new interface driver usblp
[   12.281205] initcall usblp_driver_init+0x0/0x15 returned 0 after 8130 usecs
[   12.291801] calling  usb_storage_driver_init+0x0/0x2a @ 1
[   12.302971] usbcore: registered new interface driver usb-storage
[   12.312179] initcall usb_storage_driver_init+0x0/0x2a returned 0 after 9131 usecs
[   12.324553] calling  i8042_init+0x0/0x4c2 @ 1
[   12.329316] sr 2:0:0:0: [sr0] scsi3-mmc drive: 4x/4x cd/rw xa/form2 tray
[   12.332859] i8042: PNP: PS/2 Controller [PNP0303:KBD,PNP0f13:MOU] at 0x60,0x64 irq 1,12
[   12.342393] cdrom: Uniform CD-ROM driver Revision: 3.20
[   12.363377] serio: i8042 KBD port at 0x60,0x64 irq 1
[   12.371498] serio: i8042 AUX port at 0x60,0x64 irq 12
[   12.379319] initcall i8042_init+0x0/0x4c2 returned 0 after 45955 usecs
[   12.390268] calling  serport_init+0x0/0x2c @ 1
[   12.397434] initcall serport_init+0x0/0x2c returned 0 after 69 usecs
[   12.400966] sr 2:0:0:0: Attached scsi CD-ROM sr0
[   12.407676] calling  input_leds_init+0x0/0xc @ 1
[   12.408702] initcall input_leds_init+0x0/0xc returned 0 after 997 usecs
[   12.418282] sr 2:0:0:0: Attached scsi generic sg0 type 5
[   12.422992] calling  evdev_init+0x0/0xc @ 1
[   12.448046] initcall evdev_init+0x0/0xc returned 0 after 495 usecs
[   12.457392] calling  atkbd_init+0x0/0x21 @ 1
[   12.464807] initcall atkbd_init+0x0/0x21 returned 0 after 728 usecs
[   12.474575] calling  psmouse_init+0x0/0x7f @ 1
[   12.482271] initcall psmouse_init+0x0/0x7f returned 0 after 787 usecs
[   12.492003] calling  cmos_init+0x0/0x73 @ 1
[   12.502840] input: AT Translated Set 2 keyboard as /devices/platform/i8042/serio0/input/input1
[   12.516412] rtc_cmos 00:04: RTC can wake from S4
[   12.530883] rtc_cmos 00:04: registered as rtc0
[   12.539385] rtc_cmos 00:04: alarms up to one day, y3k, 242 bytes nvram, hpet irqs
[   12.551265] initcall cmos_init+0x0/0x73 returned 0 after 48695 usecs
[   12.561219] calling  smbalert_driver_init+0x0/0xe @ 1
[   12.569218] initcall smbalert_driver_init+0x0/0xe returned 0 after 411 usecs
[   12.580205] calling  i2c_i801_init+0x0/0xc5 @ 1
[   12.595724] i801_smbus 0000:00:1f.3: SMBus using PCI interrupt
[   12.605886] i2c i2c-0: 1/1 memory slots populated (from DMI)
[   12.614530] i2c i2c-0: Memory type 0x07 not supported yet, not instantiating SPD
[   12.628424] initcall i2c_i801_init+0x0/0xc5 returned 0 after 39878 usecs
[   12.638618] calling  ptp_kvm_init+0x0/0xf0 @ 1
[   12.647234] initcall ptp_kvm_init+0x0/0xf0 returned 0 after 1539 usecs
[   12.657600] calling  dm_init+0x0/0x3c @ 1
[   12.667582] device-mapper: ioctl: 4.43.0-ioctl (2020-10-01) initialised: dm-devel@redhat.com
[   12.681792] initcall dm_init+0x0/0x3c returned 0 after 15967 usecs
[   12.691364] calling  dm_mirror_init+0x0/0x29 @ 1
[   12.698694] initcall dm_mirror_init+0x0/0x29 returned 0 after 228 usecs
[   12.709453] calling  dm_dirty_log_init+0x0/0x4f @ 1
[   12.718354] initcall dm_dirty_log_init+0x0/0x4f returned 0 after 440 usecs
[   12.733626] calling  dm_zero_init+0x0/0x29 @ 1
[   12.740993] initcall dm_zero_init+0x0/0x29 returned 0 after 252 usecs
[   12.752495] calling  intel_pstate_init+0x0/0x50f @ 1
[   12.760335] intel_pstate: CPU model not supported
[   12.767700] initcall intel_pstate_init+0x0/0x50f returned -19 after 7551 usecs
[   12.779780] calling  haltpoll_init+0x0/0xc0 @ 1
[   12.792497] initcall haltpoll_init+0x0/0xc0 returned -19 after 259 usecs
[   12.803826] calling  efivars_sysfs_init+0x0/0x30 @ 1
[   12.811535] initcall efivars_sysfs_init+0x0/0x30 returned 0 after 40 usecs
[   12.824837] calling  esrt_sysfs_init+0x0/0x2a2 @ 1
[   12.831373] initcall esrt_sysfs_init+0x0/0x2a2 returned -38 after 261 usecs
[   12.842695] calling  hid_init+0x0/0x5c @ 1
[   12.848888] hid: raw HID events driver (C) Jiri Kosina
[   12.856170] initcall hid_init+0x0/0x5c returned 0 after 7252 usecs
[   12.865086] calling  hid_generic_init+0x0/0x15 @ 1
[   12.872225] initcall hid_generic_init+0x0/0x15 returned 0 after 85 usecs
[   12.881876] calling  a4_driver_init+0x0/0x15 @ 1
[   12.888727] initcall a4_driver_init+0x0/0x15 returned 0 after 26 usecs
[   12.898209] calling  apple_driver_init+0x0/0x15 @ 1
[   12.905233] initcall apple_driver_init+0x0/0x15 returned 0 after 64 usecs
[   12.915224] calling  belkin_driver_init+0x0/0x15 @ 1
[   12.922334] initcall belkin_driver_init+0x0/0x15 returned 0 after 48 usecs
[   12.932076] calling  ch_driver_init+0x0/0x15 @ 1
[   12.939126] initcall ch_driver_init+0x0/0x15 returned 0 after 29 usecs
[   12.948948] calling  ch_driver_init+0x0/0x15 @ 1
[   12.958293] initcall ch_driver_init+0x0/0x15 returned 0 after 37 usecs
[   12.968221] calling  cp_driver_init+0x0/0x15 @ 1
[   12.975247] initcall cp_driver_init+0x0/0x15 returned 0 after 94 usecs
[   12.984654] calling  ez_driver_init+0x0/0x15 @ 1
[   12.991751] initcall ez_driver_init+0x0/0x15 returned 0 after 50 usecs
[   13.001294] calling  gyration_driver_init+0x0/0x15 @ 1
[   13.008966] initcall gyration_driver_init+0x0/0x15 returned 0 after 27 usecs
[   13.019623] calling  ite_driver_init+0x0/0x15 @ 1
[   13.027524] initcall ite_driver_init+0x0/0x15 returned 0 after 296 usecs
[   13.038210] calling  ks_driver_init+0x0/0x15 @ 1
[   13.045383] initcall ks_driver_init+0x0/0x15 returned 0 after 391 usecs
[   13.055569] calling  lg_driver_init+0x0/0x15 @ 1
[   13.062690] initcall lg_driver_init+0x0/0x15 returned 0 after 264 usecs
[   13.072483] calling  lg_g15_driver_init+0x0/0x15 @ 1
[   13.080703] initcall lg_g15_driver_init+0x0/0x15 returned 0 after 281 usecs
[   13.095233] calling  ms_driver_init+0x0/0x15 @ 1
[   13.114735] initcall ms_driver_init+0x0/0x15 returned 0 after 288 usecs
[   13.130428] calling  mr_driver_init+0x0/0x15 @ 1
[   13.139911] initcall mr_driver_init+0x0/0x15 returned 0 after 274 usecs
[   13.150318] calling  ntrig_driver_init+0x0/0x15 @ 1
[   13.158519] initcall ntrig_driver_init+0x0/0x15 returned 0 after 362 usecs
[   13.173808] calling  pl_driver_init+0x0/0x15 @ 1
[   13.181397] initcall pl_driver_init+0x0/0x15 returned 0 after 377 usecs
[   13.191016] calling  pl_driver_init+0x0/0x15 @ 1
[   13.197710] initcall pl_driver_init+0x0/0x15 returned 0 after 38 usecs
[   13.207100] calling  redragon_driver_init+0x0/0x15 @ 1
[   13.214647] initcall redragon_driver_init+0x0/0x15 returned 0 after 35 usecs
[   13.224514] calling  samsung_driver_init+0x0/0x15 @ 1
[   13.231826] initcall samsung_driver_init+0x0/0x15 returned 0 after 31 usecs
[   13.241734] calling  sony_init+0x0/0x38 @ 1
[   13.247906] initcall sony_init+0x0/0x38 returned 0 after 64 usecs
[   13.256725] calling  sp_driver_init+0x0/0x15 @ 1
[   13.263498] initcall sp_driver_init+0x0/0x15 returned 0 after 51 usecs
[   13.295333] calling  ts_driver_init+0x0/0x15 @ 1
[   13.309351] initcall ts_driver_init+0x0/0x15 returned 0 after 3875 usecs
[   13.319316] calling  hid_init+0x0/0x58 @ 1
[   13.326755] usbcore: registered new interface driver usbhid
[   13.335229] usbhid: USB HID core driver
[   13.341575] initcall hid_init+0x0/0x58 returned 0 after 15622 usecs
[   13.342484] rcu-torture: rcu_torture_read_exit: End of episode
[   13.351203] calling  eeepc_laptop_init+0x0/0x57 @ 1
[   13.353854] initcall eeepc_laptop_init+0x0/0x57 returned -19 after 2580 usecs
[   13.378508] calling  pmc_atom_init+0x0/0x27a @ 1
[   13.389836] initcall pmc_atom_init+0x0/0x27a returned -19 after 2031 usecs
[   13.404304] calling  alsa_hwdep_init+0x0/0x5e @ 1
[   13.412544] initcall alsa_hwdep_init+0x0/0x5e returned 0 after 1165 usecs
[   13.424251] calling  alsa_timer_init+0x0/0x1f9 @ 1
[   13.436940] initcall alsa_timer_init+0x0/0x1f9 returned 0 after 5046 usecs
[   13.445480] calling  snd_hrtimer_init+0x0/0x117 @ 1
[   13.452539] initcall snd_hrtimer_init+0x0/0x117 returned 0 after 9 usecs
[   13.462631] calling  alsa_pcm_init+0x0/0x64 @ 1
[   13.469518] initcall alsa_pcm_init+0x0/0x64 returned 0 after 17 usecs
[   13.479142] calling  alsa_seq_init+0x0/0x4a @ 1
[   13.486574] initcall alsa_seq_init+0x0/0x4a returned 0 after 1218 usecs
[   13.496493] calling  alsa_seq_dummy_init+0x0/0x9c @ 1
[   13.503432] initcall alsa_seq_dummy_init+0x0/0x9c returned 0 after 86 usecs
[   13.513625] calling  azx_driver_init+0x0/0x15 @ 1
[   13.520647] initcall azx_driver_init+0x0/0x15 returned 0 after 469 usecs
[   13.529875] calling  sock_diag_init+0x0/0x2a @ 1
[   13.537260] initcall sock_diag_init+0x0/0x2a returned 0 after 1323 usecs
[   13.547116] calling  blackhole_init+0x0/0xc @ 1
[   13.554111] initcall blackhole_init+0x0/0xc returned 0 after 143 usecs
[   13.563944] calling  nfnetlink_init+0x0/0x61 @ 1
[   13.571294] initcall nfnetlink_init+0x0/0x61 returned 0 after 195 usecs
[   13.581622] calling  nfnetlink_log_init+0x0/0x99 @ 1
[   13.590027] initcall nfnetlink_log_init+0x0/0x99 returned 0 after 404 usecs
[   13.600550] calling  nf_conntrack_standalone_init+0x0/0x87 @ 1
[   13.612835] initcall nf_conntrack_standalone_init+0x0/0x87 returned 0 after 3274 usecs
[   13.623756] calling  ctnetlink_init+0x0/0x83 @ 1
