c[?7l[2J[0mSeaBIOS (version 1.16.0-debian-1.16.0-4)
Booting from ROM...
early console in setup code
c[?7l[2J[    0.000000] Linux version 5.10.157+ (root@joelboxx.c.googlers.com) (gcc (Debian 12.2.0-3) 12.2.0, GNU ld (GNU Binutils for Debian) 2.39) #19 PREEMPT Tue Dec 13 03:48:15 UTC 2022
[    0.000000] Command line: selinux=0 initcall_debug debug console=ttyS0 rcutorture.n_barrier_cbs=4 rcutorture.stat_interval=15 rcutorture.shutdown_secs=1800 rcutorture.test_no_idle_hz=1 rcutorture.verbose=1
[    0.000000] x86/fpu: x87 FPU will use FXSAVE
[    0.000000] BIOS-provided physical RAM map:
[    0.000000] BIOS-e820: [mem 0x0000000000000000-0x000000000009fbff] usable
[    0.000000] BIOS-e820: [mem 0x000000000009fc00-0x000000000009ffff] reserved
[    0.000000] BIOS-e820: [mem 0x00000000000f0000-0x00000000000fffff] reserved
[    0.000000] BIOS-e820: [mem 0x0000000000100000-0x000000001ffdefff] usable
[    0.000000] BIOS-e820: [mem 0x000000001ffdf000-0x000000001fffffff] reserved
[    0.000000] BIOS-e820: [mem 0x00000000b0000000-0x00000000bfffffff] reserved
[    0.000000] BIOS-e820: [mem 0x00000000fed1c000-0x00000000fed1ffff] reserved
[    0.000000] BIOS-e820: [mem 0x00000000feffc000-0x00000000feffffff] reserved
[    0.000000] BIOS-e820: [mem 0x00000000fffc0000-0x00000000ffffffff] reserved
[    0.000000] NX (Execute Disable) protection: active
[    0.000000] SMBIOS 2.8 present.
[    0.000000] DMI: QEMU Standard PC (Q35 + ICH9, 2009), BIOS 1.16.0-debian-1.16.0-4 04/01/2014
[    0.000000] Hypervisor detected: KVM
[    0.000000] kvm-clock: Using msrs 4b564d01 and 4b564d00
[    0.000000] kvm-clock: cpu 0, msr 15e66001, primary cpu clock
[    0.000001] kvm-clock: using sched offset of 1066090891 cycles
[    0.000097] clocksource: kvm-clock: mask: 0xffffffffffffffff max_cycles: 0x1cd42e4dffb, max_idle_ns: 881590591483 ns
[    0.000101] tsc: Detected 1999.999 MHz processor
[    0.009628] e820: update [mem 0x00000000-0x00000fff] usable ==> reserved
[    0.009633] e820: remove [mem 0x000a0000-0x000fffff] usable
[    0.009640] last_pfn = 0x1ffdf max_arch_pfn = 0x400000000
[    0.010426] MTRR default type: write-back
[    0.010466] MTRR fixed ranges enabled:
[    0.010468]   00000-9FFFF write-back
[    0.010469]   A0000-BFFFF uncachable
[    0.010470]   C0000-FFFFF write-protect
[    0.010471] MTRR variable ranges enabled:
[    0.010473]   0 base 00C0000000 mask FFC0000000 uncachable
[    0.010474]   1 disabled
[    0.010475]   2 disabled
[    0.010476]   3 disabled
[    0.010476]   4 disabled
[    0.010477]   5 disabled
[    0.010478]   6 disabled
[    0.010479]   7 disabled
[    0.010674] x86/PAT: Configuration [0-7]: WB  WC  UC- UC  WB  WC  UC- UC  
[    0.021785] found SMP MP-table at [mem 0x000f5ba0-0x000f5baf]
[    0.024983] check: Scanning 1 areas for low memory corruption
[    0.041124] ACPI: Early table checksum verification disabled
[    0.042779] ACPI: RSDP 0x00000000000F59E0 000014 (v00 BOCHS )
[    0.043418] ACPI: RSDT 0x000000001FFE229A 000038 (v01 BOCHS  BXPC     00000001 BXPC 00000001)
[    0.043428] ACPI: FACP 0x000000001FFE2092 0000F4 (v03 BOCHS  BXPC     00000001 BXPC 00000001)
[    0.043436] ACPI: DSDT 0x000000001FFE0040 002052 (v01 BOCHS  BXPC     00000001 BXPC 00000001)
[    0.043441] ACPI: FACS 0x000000001FFE0000 000040
[    0.043446] ACPI: APIC 0x000000001FFE2186 000078 (v01 BOCHS  BXPC     00000001 BXPC 00000001)
[    0.043451] ACPI: HPET 0x000000001FFE21FE 000038 (v01 BOCHS  BXPC     00000001 BXPC 00000001)
[    0.043455] ACPI: MCFG 0x000000001FFE2236 00003C (v01 BOCHS  BXPC     00000001 BXPC 00000001)
[    0.043460] ACPI: WAET 0x000000001FFE2272 000028 (v01 BOCHS  BXPC     00000001 BXPC 00000001)
[    0.043464] ACPI: Reserving FACP table memory at [mem 0x1ffe2092-0x1ffe2185]
[    0.043466] ACPI: Reserving DSDT table memory at [mem 0x1ffe0040-0x1ffe2091]
[    0.043467] ACPI: Reserving FACS table memory at [mem 0x1ffe0000-0x1ffe003f]
[    0.043468] ACPI: Reserving APIC table memory at [mem 0x1ffe2186-0x1ffe21fd]
[    0.043469] ACPI: Reserving HPET table memory at [mem 0x1ffe21fe-0x1ffe2235]
[    0.043539] ACPI: Reserving MCFG table memory at [mem 0x1ffe2236-0x1ffe2271]
[    0.043540] ACPI: Reserving WAET table memory at [mem 0x1ffe2272-0x1ffe2299]
[    0.044541] ACPI: Local APIC address 0xfee00000
[    0.046417] Zone ranges:
[    0.046486]   DMA      [mem 0x0000000000001000-0x0000000000ffffff]
[    0.046596]   DMA32    [mem 0x0000000001000000-0x000000001ffdefff]
[    0.046598]   Normal   empty
[    0.046665] Movable zone start for each node
[    0.046667] Early memory node ranges
[    0.046668]   node   0: [mem 0x0000000000001000-0x000000000009efff]
[    0.046717]   node   0: [mem 0x0000000000100000-0x000000001ffdefff]
[    0.046858] Initmem setup node 0 [mem 0x0000000000001000-0x000000001ffdefff]
[    0.046861] On node 0 totalpages: 130941
[    0.046862]   DMA zone: 64 pages used for memmap
[    0.046863]   DMA zone: 21 pages reserved
[    0.046865]   DMA zone: 3998 pages, LIFO batch:0
[    0.046866]   DMA32 zone: 1984 pages used for memmap
[    0.046867]   DMA32 zone: 126943 pages, LIFO batch:31
[    0.049582] On node 0, zone DMA: 1 pages in unavailable ranges
[    0.054200] On node 0, zone DMA: 97 pages in unavailable ranges
[    0.236753] On node 0, zone DMA32: 33 pages in unavailable ranges
[    0.240558] ACPI: PM-Timer IO Port: 0x608
[    0.240564] ACPI: Local APIC address 0xfee00000
[    0.240705] ACPI: LAPIC_NMI (acpi_id[0xff] dfl dfl lint[0x1])
[    0.242175] IOAPIC[0]: apic_id 0, version 17, address 0xfec00000, GSI 0-23
[    0.242231] ACPI: INT_SRC_OVR (bus 0 bus_irq 0 global_irq 2 dfl dfl)
[    0.242327] ACPI: INT_SRC_OVR (bus 0 bus_irq 5 global_irq 5 high level)
[    0.242328] ACPI: INT_SRC_OVR (bus 0 bus_irq 9 global_irq 9 high level)
[    0.242446] ACPI: INT_SRC_OVR (bus 0 bus_irq 10 global_irq 10 high level)
[    0.242447] ACPI: INT_SRC_OVR (bus 0 bus_irq 11 global_irq 11 high level)
[    0.242450] ACPI: IRQ0 used by override.
[    0.242451] ACPI: IRQ5 used by override.
[    0.242452] ACPI: IRQ9 used by override.
[    0.242453] ACPI: IRQ10 used by override.
[    0.242453] ACPI: IRQ11 used by override.
[    0.242456] Using ACPI (MADT) for SMP configuration information
[    0.242459] ACPI: HPET id: 0x8086a201 base: 0xfed00000
[    0.243416] kvm-guest: stealtime: cpu 0, msr 1564d780
[    0.244433] PM: hibernation: Registered nosave memory: [mem 0x00000000-0x00000fff]
[    0.244435] PM: hibernation: Registered nosave memory: [mem 0x0009f000-0x0009ffff]
[    0.244437] PM: hibernation: Registered nosave memory: [mem 0x000a0000-0x000effff]
[    0.244438] PM: hibernation: Registered nosave memory: [mem 0x000f0000-0x000fffff]
[    0.244440] [mem 0x20000000-0xafffffff] available for PCI devices
[    0.244523] Booting paravirtualized kernel on KVM
[    0.244944] clocksource: refined-jiffies: mask: 0xffffffff max_cycles: 0xffffffff, max_idle_ns: 1910969940391419 ns
[    0.290767] pcpu-alloc: s0 r0 d32768 u32768 alloc=1*32768
[    0.290868] pcpu-alloc: [0] 0 
[    0.291205] Built 1 zonelists, mobility grouping on.  Total pages: 128872
[    0.291306] Kernel command line: selinux=0 initcall_debug debug console=ttyS0 rcutorture.n_barrier_cbs=4 rcutorture.stat_interval=15 rcutorture.shutdown_secs=1800 rcutorture.test_no_idle_hz=1 rcutorture.verbose=1
[    0.293982] Dentry cache hash table entries: 65536 (order: 7, 524288 bytes, linear)
[    0.294053] Inode-cache hash table entries: 32768 (order: 6, 262144 bytes, linear)
[    0.294858] mem auto-init: stack:all(zero), heap alloc:off, heap free:off
[    0.307683] Memory: 481560K/523764K available (14349K kernel code, 2620K rwdata, 4632K rodata, 1256K init, 1736K bss, 41944K reserved, 0K cma-reserved)
[    0.308323] SLUB: HWalign=64, Order=0-3, MinObjects=0, CPUs=1, Nodes=1
[    0.308880] Kernel/User page tables isolation: enabled
[    0.318518] rcu: Preemptible hierarchical RCU implementation.
[    0.318648] 	Trampoline variant of Tasks RCU enabled.
[    0.318649] 	Rude variant of Tasks RCU enabled.
[    0.318650] 	Tracing variant of Tasks RCU enabled.
[    0.318798] rcu: RCU calculated value of scheduler-enlistment delay is 100 jiffies.
[    0.348365] NR_IRQS: 4352, nr_irqs: 256, preallocated irqs: 16
[    0.350962] calling  con_init+0x0/0x22a @ 0
[    0.560311] Console: colour VGA+ 80x25
[    0.560325] initcall con_init+0x0/0x22a returned 0 after 0 usecs
[    0.560328] calling  hvc_console_init+0x0/0x13 @ 0
[    0.560416] initcall hvc_console_init+0x0/0x13 returned 0 after 0 usecs
[    0.560418] calling  univ8250_console_init+0x0/0x26 @ 0
[    1.425310] printk: console [ttyS0] enabled
[    1.431576] initcall univ8250_console_init+0x0/0x26 returned 0 after 0 usecs
[    1.441886] ACPI: Core revision 20200925
[    1.455669] clocksource: hpet: mask: 0xffffffff max_cycles: 0xffffffff, max_idle_ns: 19112604467 ns
[    1.473568] APIC: Switch to symmetric I/O mode setup
[    1.523054] ..TIMER: vector=0x30 apic1=0 pin1=2 apic2=-1 pin2=-1
[    1.530573] clocksource: tsc-early: mask: 0xffffffffffffffff max_cycles: 0x39a85afc727, max_idle_ns: 881590685098 ns
[    1.543102] Calibrating delay loop (skipped) preset value.. 3999.99 BogoMIPS (lpj=1999999)
[    1.544241] pid_max: default: 32768 minimum: 301
[    1.547610] LSM: Security Framework initializing
[    1.550833] Mount-cache hash table entries: 1024 (order: 1, 8192 bytes, linear)
[    1.551269] Mountpoint-cache hash table entries: 1024 (order: 1, 8192 bytes, linear)
[    1.570788] Last level iTLB entries: 4KB 0, 2MB 0, 4MB 0
[    1.571108] Last level dTLB entries: 4KB 0, 2MB 0, 4MB 0, 1GB 0
[    1.572561] CPU: Intel Common KVM processor (family: 0xf, model: 0x6, stepping: 0x1)
[    1.574214] Spectre V1 : Mitigation: usercopy/swapgs barriers and __user pointer sanitization
[    1.575109] Spectre V2 : Mitigation: Retpolines
[    1.576106] Spectre V2 : Spectre v2 / SpectreRSB mitigation: Filling RSB on context switch
[    1.578105] Spectre V2 : Spectre v2 / SpectreRSB : Filling RSB on VMEXIT
[    1.579106] Speculative Store Bypass: Vulnerable
[    1.581152] MDS: Vulnerable: Clear CPU buffers attempted, no microcode
[    1.582105] MMIO Stale Data: Unknown: No mitigations
[    1.859294] calling  init_hw_perf_events+0x0/0x6ce @ 1
[    1.860108] Performance Events: unsupported Netburst CPU model 6 no PMU driver, software events only.
[    1.861114] initcall init_hw_perf_events+0x0/0x6ce returned 0 after 976 usecs
[    1.862115] calling  init_real_mode+0x0/0x1e9 @ 1
[    1.871955] initcall init_real_mode+0x0/0x1e9 returned 0 after 4882 usecs
[    1.873281] calling  trace_init_perf_perm_irq_work_exit+0x0/0x12 @ 1
[    1.874111] initcall trace_init_perf_perm_irq_work_exit+0x0/0x12 returned 0 after 0 usecs
[    1.875170] calling  validate_x2apic+0x0/0x4a @ 1
[    1.876195] initcall validate_x2apic+0x0/0x4a returned 0 after 0 usecs
[    1.877166] calling  register_nmi_cpu_backtrace_handler+0x0/0x15 @ 1
[    1.879108] initcall register_nmi_cpu_backtrace_handler+0x0/0x15 returned 0 after 976 usecs
[    1.880109] calling  kvm_setup_vsyscall_timeinfo+0x0/0x34 @ 1
[    1.882213] initcall kvm_setup_vsyscall_timeinfo+0x0/0x34 returned 0 after 0 usecs
[    1.884114] calling  spawn_ksoftirqd+0x0/0x34 @ 1
[    1.896540] initcall spawn_ksoftirqd+0x0/0x34 returned 0 after 10742 usecs
[    1.898196] calling  srcu_bootup_announce+0x0/0x2f @ 1
[    1.900548] rcu: Hierarchical SRCU implementation.
[    1.901109] initcall srcu_bootup_announce+0x0/0x2f returned 0 after 976 usecs
[    1.903110] calling  rcu_spawn_gp_kthread+0x0/0x195 @ 1
[    1.905742] initcall rcu_spawn_gp_kthread+0x0/0x195 returned 0 after 0 usecs
[    1.906109] calling  check_cpu_stall_init+0x0/0x1a @ 1
[    1.907174] initcall check_cpu_stall_init+0x0/0x1a returned 0 after 0 usecs
[    1.908108] calling  rcu_sysrq_init+0x0/0x21 @ 1
[    1.910191] initcall rcu_sysrq_init+0x0/0x21 returned 0 after 0 usecs
[    1.911108] calling  trace_init_flags_sys_enter+0x0/0xe @ 1
[    1.912108] initcall trace_init_flags_sys_enter+0x0/0xe returned 0 after 0 usecs
[    1.913108] calling  trace_init_flags_sys_exit+0x0/0xe @ 1
[    1.914109] initcall trace_init_flags_sys_exit+0x0/0xe returned 0 after 0 usecs
[    1.915110] calling  init_kprobes+0x0/0x14d @ 1
[    1.917604] initcall init_kprobes+0x0/0x14d returned 0 after 976 usecs
[    1.918109] calling  init_events+0x0/0x3d @ 1
[    1.921758] initcall init_events+0x0/0x3d returned 0 after 1953 usecs
[    1.922109] calling  init_trace_printk+0x0/0xc @ 1
[    1.923109] initcall init_trace_printk+0x0/0xc returned 0 after 0 usecs
[    1.924111] calling  event_trace_enable_again+0x0/0x23 @ 1
[    1.925196] initcall event_trace_enable_again+0x0/0x23 returned 0 after 0 usecs
[    1.926109] calling  static_call_init+0x0/0x6d @ 1
[    1.927187] initcall static_call_init+0x0/0x6d returned 0 after 0 usecs
[    1.928109] calling  jump_label_init_module+0x0/0xc @ 1
[    1.929110] initcall jump_label_init_module+0x0/0xc returned 0 after 0 usecs
[    1.930109] calling  init_zero_pfn+0x0/0x37 @ 1
[    1.931168] initcall init_zero_pfn+0x0/0x37 returned 0 after 0 usecs
[    1.932209] calling  initialize_ptr_random+0x0/0x54 @ 1
[    1.933267] initcall initialize_ptr_random+0x0/0x54 returned 0 after 0 usecs
[    1.934169] calling  efi_memreserve_root_init+0x0/0x25 @ 1
[    1.936107] initcall efi_memreserve_root_init+0x0/0x25 returned 0 after 976 usecs
[    1.937108] calling  efi_earlycon_remap_fb+0x0/0x51 @ 1
[    1.938158] initcall efi_earlycon_remap_fb+0x0/0x51 returned 0 after 0 usecs
[    2.081711] devtmpfs: initialized
[    2.087759] calling  ipc_ns_init+0x0/0x3d @ 1
[    2.089116] initcall ipc_ns_init+0x0/0x3d returned 0 after 976 usecs
[    2.090111] calling  init_mmap_min_addr+0x0/0x21 @ 1
[    2.091108] initcall init_mmap_min_addr+0x0/0x21 returned 0 after 0 usecs
[    2.092108] calling  pci_realloc_setup_params+0x0/0x3f @ 1
[    2.093107] initcall pci_realloc_setup_params+0x0/0x3f returned 0 after 0 usecs
[    2.094182] calling  net_ns_init+0x0/0x13f @ 1
[    2.096929] initcall net_ns_init+0x0/0x13f returned 0 after 976 usecs
[    2.097123] calling  e820__register_nvs_regions+0x0/0x37 @ 1
[    2.098271] initcall e820__register_nvs_regions+0x0/0x37 returned 0 after 0 usecs
[    2.099110] calling  cpufreq_register_tsc_scaling+0x0/0x2e @ 1
[    2.100218] initcall cpufreq_register_tsc_scaling+0x0/0x2e returned 0 after 0 usecs
[    2.101112] calling  reboot_init+0x0/0x3c @ 1
[    2.104230] initcall reboot_init+0x0/0x3c returned 0 after 976 usecs
[    2.106111] calling  init_lapic_sysfs+0x0/0x20 @ 1
[    2.107158] initcall init_lapic_sysfs+0x0/0x20 returned 0 after 0 usecs
[    2.108110] calling  wq_sysfs_init+0x0/0x2a @ 1
[    2.109561] initcall wq_sysfs_init+0x0/0x2a returned 0 after 0 usecs
[    2.110108] calling  ksysfs_init+0x0/0x92 @ 1
[    2.111115] initcall ksysfs_init+0x0/0x92 returned 0 after 0 usecs
[    2.112108] calling  pm_init+0x0/0x76 @ 1
[    2.113577] initcall pm_init+0x0/0x76 returned 0 after 0 usecs
[    2.114110] calling  pm_disk_init+0x0/0x13 @ 1
[    2.115486] initcall pm_disk_init+0x0/0x13 returned 0 after 0 usecs
[    2.116112] calling  swsusp_header_init+0x0/0x2b @ 1
[    2.117115] initcall swsusp_header_init+0x0/0x2b returned 0 after 0 usecs
[    2.118112] calling  rcu_set_runtime_mode+0x0/0x16 @ 1
[    2.119113] initcall rcu_set_runtime_mode+0x0/0x16 returned 0 after 0 usecs
[    2.120114] calling  init_jiffies_clocksource+0x0/0x13 @ 1
[    2.121324] clocksource: jiffies: mask: 0xffffffff max_cycles: 0xffffffff, max_idle_ns: 1911260446275000 ns
[    2.122113] initcall init_jiffies_clocksource+0x0/0x13 returned 0 after 976 usecs
[    2.123114] calling  futex_init+0x0/0xd5 @ 1
[    2.124207] futex hash table entries: 256 (order: 0, 6144 bytes, linear)
[    2.126276] initcall futex_init+0x0/0xd5 returned 0 after 1953 usecs
[    2.127110] calling  cgroup_wq_init+0x0/0x28 @ 1
[    2.128114] initcall cgroup_wq_init+0x0/0x28 returned 0 after 0 usecs
[    2.129108] calling  cgroup1_wq_init+0x0/0x28 @ 1
[    2.130952] initcall cgroup1_wq_init+0x0/0x28 returned 0 after 0 usecs
[    2.131108] calling  init_kprobe_trace_early+0x0/0x2a @ 1
[    2.132239] initcall init_kprobe_trace_early+0x0/0x2a returned 0 after 0 usecs
[    2.133108] calling  fsnotify_init+0x0/0x48 @ 1
[    2.134229] initcall fsnotify_init+0x0/0x48 returned 0 after 0 usecs
[    2.135107] calling  filelock_init+0x0/0x60 @ 1
[    2.136206] initcall filelock_init+0x0/0x60 returned 0 after 0 usecs
[    2.137108] calling  init_misc_binfmt+0x0/0x2c @ 1
[    2.138177] initcall init_misc_binfmt+0x0/0x2c returned 0 after 0 usecs
[    2.139108] calling  init_script_binfmt+0x0/0x15 @ 1
[    2.141111] initcall init_script_binfmt+0x0/0x15 returned 0 after 0 usecs
[    2.142112] calling  init_elf_binfmt+0x0/0x15 @ 1
[    2.143115] initcall init_elf_binfmt+0x0/0x15 returned 0 after 0 usecs
[    2.144113] calling  init_compat_elf_binfmt+0x0/0x15 @ 1
[    2.145112] initcall init_compat_elf_binfmt+0x0/0x15 returned 0 after 0 usecs
[    2.146110] calling  debugfs_init+0x0/0x5c @ 1
[    2.147242] initcall debugfs_init+0x0/0x5c returned 0 after 0 usecs
[    2.148109] calling  tracefs_init+0x0/0x3a @ 1
[    2.150109] initcall tracefs_init+0x0/0x3a returned 0 after 976 usecs
[    2.151109] calling  prandom_init_early+0x0/0x111 @ 1
[    2.152287] initcall prandom_init_early+0x0/0x111 returned 0 after 0 usecs
[    2.153110] calling  virtio_init+0x0/0x20 @ 1
[    2.154289] initcall virtio_init+0x0/0x20 returned 0 after 0 usecs
[    2.155109] calling  iommu_init+0x0/0x2a @ 1
[    2.156259] initcall iommu_init+0x0/0x2a returned 0 after 0 usecs
[    2.157109] calling  component_debug_init+0x0/0x1c @ 1
[    2.158718] initcall component_debug_init+0x0/0x1c returned 0 after 0 usecs
[    2.160108] calling  early_resume_init+0x0/0xb9 @ 1
[    2.162106] PM: RTC time: 03:48:44, date: 2022-12-13
[    2.163170] initcall early_resume_init+0x0/0xb9 returned 0 after 1953 usecs
[    2.164109] calling  cpufreq_core_init+0x0/0x62 @ 1
[    2.165344] initcall cpufreq_core_init+0x0/0x62 returned 0 after 0 usecs
[    2.166109] calling  cpufreq_gov_performance_init+0x0/0xc @ 1
[    2.167135] initcall cpufreq_gov_performance_init+0x0/0xc returned 0 after 0 usecs
[    2.168108] calling  cpufreq_gov_userspace_init+0x0/0xc @ 1
[    2.169108] initcall cpufreq_gov_userspace_init+0x0/0xc returned 0 after 0 usecs
[    2.170108] calling  CPU_FREQ_GOV_ONDEMAND_init+0x0/0xc @ 1
[    2.171108] initcall CPU_FREQ_GOV_ONDEMAND_init+0x0/0xc returned 0 after 0 usecs
[    2.172108] calling  cpuidle_init+0x0/0x1f @ 1
[    2.173252] initcall cpuidle_init+0x0/0x1f returned 0 after 0 usecs
[    2.174110] calling  capsule_reboot_register+0x0/0xc @ 1
[    2.176108] initcall capsule_reboot_register+0x0/0xc returned 0 after 976 usecs
[    2.177109] calling  sock_init+0x0/0x93 @ 1
[    2.179664] initcall sock_init+0x0/0x93 returned 0 after 976 usecs
[    2.180109] calling  net_inuse_init+0x0/0x23 @ 1
[    2.181146] initcall net_inuse_init+0x0/0x23 returned 0 after 0 usecs
[    2.182108] calling  net_defaults_init+0x0/0x23 @ 1
[    2.183108] initcall net_defaults_init+0x0/0x23 returned 0 after 0 usecs
[    2.184107] calling  init_default_flow_dissectors+0x0/0x4f @ 1
[    2.185108] initcall init_default_flow_dissectors+0x0/0x4f returned 0 after 0 usecs
[    2.186111] calling  netpoll_init+0x0/0x25 @ 1
[    2.187110] initcall netpoll_init+0x0/0x25 returned 0 after 0 usecs
[    2.188109] calling  netlink_proto_init+0x0/0x14f @ 1
[    2.189550] NET: Registered protocol family 16
[    2.190499] initcall netlink_proto_init+0x0/0x14f returned 0 after 976 usecs
[    2.191111] calling  genl_init+0x0/0x35 @ 1
[    2.192186] initcall genl_init+0x0/0x35 returned 0 after 0 usecs
[    2.193120] calling  bsp_pm_check_init+0x0/0x13 @ 1
[    2.194130] initcall bsp_pm_check_init+0x0/0x13 returned 0 after 0 usecs
[    2.195123] calling  irq_sysfs_init+0x0/0xb7 @ 1
[    2.196205] initcall irq_sysfs_init+0x0/0xb7 returned 0 after 0 usecs
[    2.197110] calling  audit_init+0x0/0x15d @ 1
[    2.198156] audit: initializing netlink subsys (disabled)
[    2.200520] initcall audit_init+0x0/0x15d returned 0 after 1953 usecs
[    2.201120] calling  release_early_probes+0x0/0x32 @ 1
[    2.202108] initcall release_early_probes+0x0/0x32 returned 0 after 0 usecs
[    2.203108] calling  bdi_class_init+0x0/0x48 @ 1
[    2.204131] audit: type=2000 audit(1670903322.145:1): state=initialized audit_enabled=0 res=1
[    2.205145] initcall bdi_class_init+0x0/0x48 returned 0 after 976 usecs
[    2.206109] calling  mm_sysfs_init+0x0/0x28 @ 1
[    2.207134] initcall mm_sysfs_init+0x0/0x28 returned 0 after 0 usecs
[    2.208108] calling  init_per_zone_wmark_min+0x0/0x5e @ 1
[    2.209138] initcall init_per_zone_wmark_min+0x0/0x5e returned 0 after 0 usecs
[    2.210108] calling  mpi_init+0x0/0x3e @ 1
[    2.211139] initcall mpi_init+0x0/0x3e returned 0 after 0 usecs
[    2.212106] calling  kobject_uevent_init+0x0/0xc @ 1
[    2.213126] initcall kobject_uevent_init+0x0/0xc returned 0 after 0 usecs
[    2.214107] calling  pcibus_class_init+0x0/0x13 @ 1
[    2.215128] initcall pcibus_class_init+0x0/0x13 returned 0 after 0 usecs
[    2.216110] calling  pci_driver_init+0x0/0x21 @ 1
[    2.217156] initcall pci_driver_init+0x0/0x21 returned 0 after 0 usecs
[    2.218109] calling  backlight_class_init+0x0/0xa8 @ 1
[    2.219154] initcall backlight_class_init+0x0/0xa8 returned 0 after 0 usecs
[    2.220108] calling  tty_class_init+0x0/0x33 @ 1
[    2.221148] initcall tty_class_init+0x0/0x33 returned 0 after 0 usecs
[    2.222107] calling  vtconsole_class_init+0x0/0xb5 @ 1
[    2.223181] initcall vtconsole_class_init+0x0/0xb5 returned 0 after 0 usecs
[    2.224108] calling  iommu_dev_init+0x0/0x13 @ 1
[    2.225132] initcall iommu_dev_init+0x0/0x13 returned 0 after 0 usecs
[    2.226108] calling  mipi_dsi_bus_init+0x0/0xc @ 1
[    2.227139] initcall mipi_dsi_bus_init+0x0/0xc returned 0 after 0 usecs
[    2.228107] calling  devlink_class_init+0x0/0x40 @ 1
[    2.229124] initcall devlink_class_init+0x0/0x40 returned 0 after 0 usecs
[    2.230107] calling  software_node_init+0x0/0x2a @ 1
[    2.231109] initcall software_node_init+0x0/0x2a returned 0 after 0 usecs
[    2.232109] calling  wakeup_sources_debugfs_init+0x0/0x23 @ 1
[    2.234115] initcall wakeup_sources_debugfs_init+0x0/0x23 returned 0 after 0 usecs
[    2.235107] calling  wakeup_sources_sysfs_init+0x0/0x2c @ 1
[    2.236131] initcall wakeup_sources_sysfs_init+0x0/0x2c returned 0 after 0 usecs
[    2.237108] calling  regmap_initcall+0x0/0xc @ 1
[    2.238150] initcall regmap_initcall+0x0/0xc returned 0 after 0 usecs
[    2.239107] calling  i2c_init+0x0/0xb3 @ 1
[    2.240327] initcall i2c_init+0x0/0xb3 returned 0 after 0 usecs
[    2.241107] calling  thermal_init+0x0/0xf2 @ 1
[    2.242185] thermal_sys: Registered thermal governor 'step_wise'
[    2.242186] thermal_sys: Registered thermal governor 'user_space'
[    2.243142] initcall thermal_init+0x0/0xf2 returned 0 after 976 usecs
[    2.245108] calling  init_menu+0x0/0xc @ 1
[    2.246299] cpuidle: using governor menu
[    2.247120] initcall init_menu+0x0/0xc returned 0 after 976 usecs
[    2.248116] calling  pcc_init+0x0/0x4d @ 1
[    2.249127] initcall pcc_init+0x0/0x4d returned -19 after 0 usecs
[    2.250122] calling  amd_postcore_init+0x0/0x11e @ 1
[    2.251127] initcall amd_postcore_init+0x0/0x11e returned 0 after 0 usecs
[    2.252127] calling  bts_init+0x0/0xba @ 1
[    2.253126] initcall bts_init+0x0/0xba returned -19 after 0 usecs
[    2.254108] calling  pt_init+0x0/0x2ef @ 1
[    2.255122] initcall pt_init+0x0/0x2ef returned -19 after 0 usecs
[    2.256110] calling  boot_params_ksysfs_init+0x0/0x2ee @ 1
[    2.257161] initcall boot_params_ksysfs_init+0x0/0x2ee returned 0 after 0 usecs
[    2.258109] calling  sbf_init+0x0/0xfe @ 1
[    2.259108] initcall sbf_init+0x0/0xfe returned 0 after 0 usecs
[    2.260136] calling  arch_kdebugfs_init+0x0/0x219 @ 1
[    2.262165] initcall arch_kdebugfs_init+0x0/0x219 returned 0 after 0 usecs
[    2.263108] calling  intel_pconfig_init+0x0/0x85 @ 1
[    2.264122] initcall intel_pconfig_init+0x0/0x85 returned 0 after 0 usecs
[    2.265108] calling  mtrr_if_init+0x0/0x5d @ 1
[    2.266128] initcall mtrr_if_init+0x0/0x5d returned 0 after 0 usecs
[    2.267108] calling  activate_jump_labels+0x0/0x31 @ 1
[    2.268143] initcall activate_jump_labels+0x0/0x31 returned 0 after 0 usecs
[    2.269109] calling  ffh_cstate_init+0x0/0x29 @ 1
[    2.270111] initcall ffh_cstate_init+0x0/0x29 returned 0 after 0 usecs
[    2.271126] calling  activate_jump_labels+0x0/0x31 @ 1
[    2.272336] initcall activate_jump_labels+0x0/0x31 returned 0 after 0 usecs
[    2.273109] calling  kvm_alloc_cpumask+0x0/0x2b @ 1
[    2.274179] initcall kvm_alloc_cpumask+0x0/0x2b returned 0 after 0 usecs
[    2.275109] calling  kcmp_cookies_init+0x0/0x37 @ 1
[    2.276113] initcall kcmp_cookies_init+0x0/0x37 returned 0 after 0 usecs
[    2.277107] calling  cryptomgr_init+0x0/0xc @ 1
[    2.278186] initcall cryptomgr_init+0x0/0xc returned 0 after 0 usecs
[    2.279108] calling  acpi_pci_init+0x0/0x57 @ 1
[    2.280159] ACPI: bus type PCI registered
[    2.281110] initcall acpi_pci_init+0x0/0x57 returned 0 after 976 usecs
[    2.282109] calling  dma_channel_table_init+0x0/0xce @ 1
[    2.283114] initcall dma_channel_table_init+0x0/0xce returned 0 after 0 usecs
[    2.284107] calling  dma_bus_init+0x0/0xdc @ 1
[    2.285305] initcall dma_bus_init+0x0/0xdc returned 0 after 0 usecs
[    2.286110] calling  iommu_dma_init+0x0/0x10 @ 1
[    2.287123] initcall iommu_dma_init+0x0/0x10 returned 0 after 0 usecs
[    2.288108] calling  dmi_id_init+0x0/0x37c @ 1
[    2.289256] initcall dmi_id_init+0x0/0x37c returned 0 after 0 usecs
[    2.290109] calling  pci_arch_init+0x0/0x71 @ 1
[    2.291959] PCI: MMCONFIG for domain 0000 [bus 00-ff] at [mem 0xb0000000-0xbfffffff] (base 0xb0000000)
[    2.292109] PCI: MMCONFIG at [mem 0xb0000000-0xbfffffff] reserved in E820
[    2.293270] PCI: Using configuration type 1 for base access
[    2.295168] initcall pci_arch_init+0x0/0x71 returned 0 after 3906 usecs
[    2.296141] calling  init_vdso+0x0/0x13 @ 1
[    2.297160] initcall init_vdso+0x0/0x13 returned 0 after 0 usecs
[    2.298110] calling  sysenter_setup+0x0/0x13 @ 1
[    2.299153] initcall sysenter_setup+0x0/0x13 returned 0 after 0 usecs
[    2.300108] calling  fixup_ht_bug+0x0/0x7f @ 1
[    2.301134] initcall fixup_ht_bug+0x0/0x7f returned 0 after 0 usecs
[    2.302109] calling  topology_init+0x0/0x15 @ 1
[    2.303244] initcall topology_init+0x0/0x15 returned 0 after 0 usecs
[    2.304109] calling  intel_epb_init+0x0/0x68 @ 1
[    2.305110] initcall intel_epb_init+0x0/0x68 returned -19 after 0 usecs
[    2.306158] calling  mtrr_init_finialize+0x0/0x3e @ 1
[    2.308149] initcall mtrr_init_finialize+0x0/0x3e returned 0 after 0 usecs
[    2.309111] calling  uid_cache_init+0x0/0x92 @ 1
[    2.310118] initcall uid_cache_init+0x0/0x92 returned 0 after 0 usecs
[    2.311111] calling  param_sysfs_init+0x0/0x1ba @ 1
[    2.315769] initcall param_sysfs_init+0x0/0x1ba returned 0 after 2929 usecs
[    2.316156] calling  user_namespace_sysctl_init+0x0/0x33 @ 1
[    2.317228] initcall user_namespace_sysctl_init+0x0/0x33 returned 0 after 0 usecs
[    2.318110] calling  proc_schedstat_init+0x0/0x24 @ 1
[    2.319112] initcall proc_schedstat_init+0x0/0x24 returned 0 after 0 usecs
[    2.320110] calling  pm_sysrq_init+0x0/0x18 @ 1
[    2.321142] initcall pm_sysrq_init+0x0/0x18 returned 0 after 0 usecs
[    2.322128] calling  create_proc_profile+0x0/0x50 @ 1
[    2.323109] initcall create_proc_profile+0x0/0x50 returned 0 after 0 usecs
[    2.324109] calling  time_ns_init+0x0/0x7 @ 1
[    2.325109] initcall time_ns_init+0x0/0x7 returned 0 after 0 usecs
[    2.326109] calling  crash_save_vmcoreinfo_init+0x0/0x756 @ 1
[    2.328294] initcall crash_save_vmcoreinfo_init+0x0/0x756 returned 0 after 976 usecs
[    2.329108] calling  crash_notes_memory_init+0x0/0x35 @ 1
[    2.330112] initcall crash_notes_memory_init+0x0/0x35 returned 0 after 0 usecs
[    2.331108] calling  cgroup_sysfs_init+0x0/0x13 @ 1
[    2.332134] initcall cgroup_sysfs_init+0x0/0x13 returned 0 after 0 usecs
[    2.333108] calling  cgroup_namespaces_init+0x0/0x7 @ 1
[    2.334107] initcall cgroup_namespaces_init+0x0/0x7 returned 0 after 0 usecs
[    2.336815] calling  init_optprobes+0x0/0x13 @ 1
[    2.338311] Kprobes globally optimized
[    2.339111] initcall init_optprobes+0x0/0x13 returned 0 after 976 usecs
[    2.340112] calling  oom_init+0x0/0x2f @ 1
[    2.343411] initcall oom_init+0x0/0x2f returned 0 after 1953 usecs
[    2.344112] calling  default_bdi_init+0x0/0x35 @ 1
[    2.346994] initcall default_bdi_init+0x0/0x35 returned 0 after 976 usecs
[    2.347110] calling  percpu_enable_async+0x0/0xe @ 1
[    2.348109] initcall percpu_enable_async+0x0/0xe returned 0 after 0 usecs
[    2.349111] calling  kcompactd_init+0x0/0x46 @ 1
[    2.350448] initcall kcompactd_init+0x0/0x46 returned 0 after 0 usecs
[    2.351113] calling  init_user_reserve+0x0/0x30 @ 1
[    2.352170] initcall init_user_reserve+0x0/0x30 returned 0 after 0 usecs
[    2.353110] calling  init_admin_reserve+0x0/0x30 @ 1
[    2.354162] initcall init_admin_reserve+0x0/0x30 returned 0 after 0 usecs
[    2.355207] calling  init_reserve_notifier+0x0/0x7 @ 1
[    2.356123] initcall init_reserve_notifier+0x0/0x7 returned 0 after 0 usecs
[    2.357109] calling  swap_init_sysfs+0x0/0x62 @ 1
[    2.358151] initcall swap_init_sysfs+0x0/0x62 returned 0 after 0 usecs
[    2.359108] calling  swapfile_init+0x0/0x46 @ 1
[    2.360108] initcall swapfile_init+0x0/0x46 returned 0 after 0 usecs
[    2.361118] calling  hugetlb_init+0x0/0x42f @ 1
[    2.362247] HugeTLB registered 2.00 MiB page size, pre-allocated 0 pages
[    2.363223] initcall hugetlb_init+0x0/0x42f returned 0 after 976 usecs
[    2.364110] calling  io_wq_init+0x0/0x34 @ 1
[    2.365146] initcall io_wq_init+0x0/0x34 returned 0 after 0 usecs
[    2.366163] calling  seqiv_module_init+0x0/0xc @ 1
[    2.367185] initcall seqiv_module_init+0x0/0xc returned 0 after 0 usecs
[    2.368107] calling  echainiv_module_init+0x0/0xc @ 1
[    2.369107] initcall echainiv_module_init+0x0/0xc returned 0 after 0 usecs
[    2.370109] calling  rsa_init+0x0/0x50 @ 1
[    2.372478] initcall rsa_init+0x0/0x50 returned 0 after 976 usecs
[    2.373108] calling  crypto_cmac_module_init+0x0/0xc @ 1
[    2.374112] initcall crypto_cmac_module_init+0x0/0xc returned 0 after 0 usecs
[    2.375107] calling  hmac_module_init+0x0/0xc @ 1
[    2.376729] cryptomgr_test (21) used greatest stack depth: 15528 bytes left
[    2.377228] initcall hmac_module_init+0x0/0xc returned 0 after 976 usecs
[    2.378113] calling  crypto_null_mod_init+0x0/0x65 @ 1
[    2.379333] initcall crypto_null_mod_init+0x0/0x65 returned 0 after 0 usecs
[    2.380113] calling  md5_mod_init+0x0/0xc @ 1
[    2.381145] initcall md5_mod_init+0x0/0xc returned 0 after 0 usecs
[    2.382112] calling  sha256_generic_mod_init+0x0/0x11 @ 1
[    2.383236] initcall sha256_generic_mod_init+0x0/0x11 returned 0 after 0 usecs
[    2.384111] calling  crypto_cbc_module_init+0x0/0xc @ 1
[    2.385108] initcall crypto_cbc_module_init+0x0/0xc returned 0 after 0 usecs
[    2.386112] calling  crypto_ctr_module_init+0x0/0x11 @ 1
[    2.387148] initcall crypto_ctr_module_init+0x0/0x11 returned 0 after 0 usecs
[    2.388114] calling  crypto_gcm_module_init+0x0/0x64 @ 1
[    2.389155] initcall crypto_gcm_module_init+0x0/0x64 returned 0 after 0 usecs
[    2.390114] calling  crypto_ccm_module_init+0x0/0x11 @ 1
[    2.391113] initcall crypto_ccm_module_init+0x0/0x11 returned 0 after 0 usecs
[    2.392108] calling  aes_init+0x0/0xc @ 1
[    2.393139] initcall aes_init+0x0/0xc returned 0 after 0 usecs
[    2.394106] calling  crc32c_mod_init+0x0/0xc @ 1
[    2.396133] initcall crc32c_mod_init+0x0/0xc returned 0 after 976 usecs
[    2.397115] calling  crypto_authenc_module_init+0x0/0xc @ 1
[    2.398129] initcall crypto_authenc_module_init+0x0/0xc returned 0 after 0 usecs
[    2.399115] calling  crypto_authenc_esn_module_init+0x0/0xc @ 1
[    2.400117] initcall crypto_authenc_esn_module_init+0x0/0xc returned 0 after 0 usecs
[    2.401137] calling  drbg_init+0x0/0x7c @ 1
[    2.402265] initcall drbg_init+0x0/0x7c returned 0 after 0 usecs
[    2.403110] calling  ghash_mod_init+0x0/0xc @ 1
[    2.404140] initcall ghash_mod_init+0x0/0xc returned 0 after 0 usecs
[    2.405113] calling  init_bio+0x0/0x9a @ 1
[    2.407334] initcall init_bio+0x0/0x9a returned 0 after 976 usecs
[    2.408115] calling  blk_settings_init+0x0/0x29 @ 1
[    2.409111] initcall blk_settings_init+0x0/0x29 returned 0 after 0 usecs
[    2.410110] calling  blk_ioc_init+0x0/0x29 @ 1
[    2.411135] initcall blk_ioc_init+0x0/0x29 returned 0 after 0 usecs
[    2.412113] calling  blk_mq_init+0x0/0x96 @ 1
[    2.413139] initcall blk_mq_init+0x0/0x96 returned 0 after 0 usecs
[    2.414106] calling  genhd_device_init+0x0/0x75 @ 1
[    2.415579] initcall genhd_device_init+0x0/0x75 returned 0 after 0 usecs
[    2.416110] calling  pci_slot_init+0x0/0x40 @ 1
[    2.417161] initcall pci_slot_init+0x0/0x40 returned 0 after 0 usecs
[    2.419113] calling  fbmem_init+0x0/0xd8 @ 1
[    2.420280] initcall fbmem_init+0x0/0xd8 returned 0 after 0 usecs
[    2.421108] calling  acpi_init+0x0/0x316 @ 1
[    2.422318] ACPI: Added _OSI(Module Device)
[    2.423106] ACPI: Added _OSI(Processor Device)
[    2.424105] ACPI: Added _OSI(3.0 _SCP Extensions)
[    2.425108] ACPI: Added _OSI(Processor Aggregator Device)
[    2.426113] ACPI: Added _OSI(Linux-Dell-Video)
[    2.427107] ACPI: Added _OSI(Linux-Lenovo-NV-HDMI-Audio)
[    2.428106] ACPI: Added _OSI(Linux-HPI-Hybrid-Graphics)
[    2.431546] ACPI: 1 ACPI AML tables successfully acquired and loaded
[    2.436363] ACPI: Interpreter enabled
[    2.437207] ACPI: (supports S0 S3 S4 S5)
[    2.438180] ACPI: Using IOAPIC for interrupt routing
[    2.440362] PCI: Using host bridge windows from ACPI; if necessary, use "pci=nocrs" and report a bug
[    2.441404] ACPI: Enabled 2 GPEs in block 00 to 3F
[    2.447684] ACPI: PCI Root Bridge [PCI0] (domain 0000 [bus 00-ff])
[    2.448218] acpi PNP0A08:00: _OSC: OS supports [ExtendedConfig ASPM ClockPM Segments MSI HPX-Type3]
[    2.449190] acpi PNP0A08:00: _OSC: platform does not support [LTR]
[    2.450167] acpi PNP0A08:00: _OSC: OS now controls [PME PCIeCapability]
[    2.451363] PCI host bridge to bus 0000:00
[    2.452123] pci_bus 0000:00: root bus resource [io  0x0000-0x0cf7 window]
[    2.453108] pci_bus 0000:00: root bus resource [io  0x0d00-0xffff window]
[    2.454107] pci_bus 0000:00: root bus resource [mem 0x000a0000-0x000bffff window]
[    2.455110] pci_bus 0000:00: root bus resource [mem 0x20000000-0xafffffff window]
[    2.456106] pci_bus 0000:00: root bus resource [mem 0xc0000000-0xfebfffff window]
[    2.457128] pci_bus 0000:00: root bus resource [mem 0x100000000-0x8ffffffff window]
[    2.458110] pci_bus 0000:00: root bus resource [bus 00-ff]
[    2.461133] pci 0000:00:00.0: calling  quirk_mmio_always_on+0x0/0x10 @ 1
[    2.462114] pci 0000:00:00.0: quirk_mmio_always_on+0x0/0x10 took 0 usecs
[    2.463135] pci 0000:00:00.0: [8086:29c0] type 00 class 0x060000
[    2.468114] pci 0000:00:00.0: calling  quirk_igfx_skip_te_disable+0x0/0x80 @ 1
[    2.469116] pci 0000:00:00.0: quirk_igfx_skip_te_disable+0x0/0x80 took 0 usecs
[    2.471965] pci 0000:00:01.0: [1234:1111] type 00 class 0x030000
[    2.477823] pci 0000:00:01.0: reg 0x10: [mem 0xfd000000-0xfdffffff pref]
[    2.485853] pci 0000:00:01.0: reg 0x18: [mem 0xfebf0000-0xfebf0fff]
[    2.499726] pci 0000:00:01.0: reg 0x30: [mem 0xfebe0000-0xfebeffff pref]
[    2.501898] pci 0000:00:01.0: calling  efifb_fixup_resources+0x0/0xf0 @ 1
[    2.502130] pci 0000:00:01.0: efifb_fixup_resources+0x0/0xf0 took 0 usecs
[    2.510107] pci 0000:00:1f.0: [8086:2918] type 00 class 0x060100
[    2.515670] pci 0000:00:1f.0: calling  quirk_ich7_lpc+0x0/0x60 @ 1
[    2.516438] pci 0000:00:1f.0: quirk: [io  0x0600-0x067f] claimed by ICH6 ACPI/GPIO/TCO
[    2.518517] pci 0000:00:1f.0: quirk_ich7_lpc+0x0/0x60 took 1953 usecs
[    2.519111] pci 0000:00:1f.0: calling  quirk_igfx_skip_te_disable+0x0/0x80 @ 1
[    2.520112] pci 0000:00:1f.0: quirk_igfx_skip_te_disable+0x0/0x80 took 0 usecs
[    2.523189] pci 0000:00:1f.2: [8086:2922] type 00 class 0x010601
[    2.533109] pci 0000:00:1f.2: reg 0x20: [io  0xc040-0xc05f]
[    2.536110] pci 0000:00:1f.2: reg 0x24: [mem 0xfebf1000-0xfebf1fff]
[    2.539331] pci 0000:00:1f.2: calling  quirk_igfx_skip_te_disable+0x0/0x80 @ 1
[    2.540118] pci 0000:00:1f.2: quirk_igfx_skip_te_disable+0x0/0x80 took 0 usecs
[    2.545771] pci 0000:00:1f.3: [8086:2930] type 00 class 0x0c0500
[    2.551918] pci 0000:00:1f.3: reg 0x20: [io  0x0700-0x073f]
[    2.554873] pci 0000:00:1f.3: calling  quirk_igfx_skip_te_disable+0x0/0x80 @ 1
[    2.555113] pci 0000:00:1f.3: quirk_igfx_skip_te_disable+0x0/0x80 took 0 usecs
[    2.558649] pci_bus 0000:00: on NUMA node 0
[    2.561889] ACPI: PCI Interrupt Link [LNKA] (IRQs 5 *10 11)
[    2.562641] ACPI: PCI Interrupt Link [LNKB] (IRQs 5 *10 11)
[    2.563590] ACPI: PCI Interrupt Link [LNKC] (IRQs 5 10 *11)
[    2.565115] ACPI: PCI Interrupt Link [LNKD] (IRQs 5 10 *11)
[    2.567122] ACPI: PCI Interrupt Link [LNKE] (IRQs 5 *10 11)
[    2.569122] ACPI: PCI Interrupt Link [LNKF] (IRQs 5 *10 11)
[    2.571121] ACPI: PCI Interrupt Link [LNKG] (IRQs 5 10 *11)
[    2.573319] ACPI: PCI Interrupt Link [LNKH] (IRQs 5 10 *11)
[    2.574319] ACPI: PCI Interrupt Link [GSIA] (IRQs *16)
[    2.575119] ACPI: PCI Interrupt Link [GSIB] (IRQs *17)
[    2.576138] ACPI: PCI Interrupt Link [GSIC] (IRQs *18)
[    2.577137] ACPI: PCI Interrupt Link [GSID] (IRQs *19)
[    2.578184] ACPI: PCI Interrupt Link [GSIE] (IRQs *20)
[    2.579116] ACPI: PCI Interrupt Link [GSIF] (IRQs *21)
[    2.580117] ACPI: PCI Interrupt Link [GSIG] (IRQs *22)
[    2.581128] ACPI: PCI Interrupt Link [GSIH] (IRQs *23)
[    2.585818] initcall acpi_init+0x0/0x316 returned 0 after 159179 usecs
[    2.587245] calling  pnp_init+0x0/0xc @ 1
[    2.588151] initcall pnp_init+0x0/0xc returned 0 after 0 usecs
[    2.589108] calling  misc_init+0x0/0xbf @ 1
[    2.590351] initcall misc_init+0x0/0xbf returned 0 after 0 usecs
[    2.591128] calling  iommu_subsys_init+0x0/0x4e @ 1
[    2.592208] iommu: Default domain type: Translated 
[    2.593109] initcall iommu_subsys_init+0x0/0x4e returned 0 after 976 usecs
[    2.594109] calling  vga_arb_device_init+0x0/0x26c @ 1
[    2.597036] pci 0000:00:01.0: vgaarb: setting as boot VGA device
[    2.597102] pci 0000:00:01.0: vgaarb: VGA device added: decodes=io+mem,owns=io+mem,locks=none
[    2.597108] pci 0000:00:01.0: vgaarb: bridge control possible
[    2.598106] vgaarb: loaded
[    2.599111] initcall vga_arb_device_init+0x0/0x26c returned 0 after 3906 usecs
[    2.600111] calling  cn_init+0x0/0xf0 @ 1
[    2.602574] initcall cn_init+0x0/0xf0 returned 0 after 976 usecs
[    2.603110] calling  dma_buf_init+0x0/0xad @ 1
[    2.605572] initcall dma_buf_init+0x0/0xad returned 0 after 976 usecs
[    2.606108] calling  init_scsi+0x0/0x79 @ 1
[    2.607756] SCSI subsystem initialized
[    2.608108] initcall init_scsi+0x0/0x79 returned 0 after 976 usecs
[    2.609111] calling  ata_init+0x0/0x332 @ 1
[    2.612249] libata version 3.00 loaded.
[    2.613109] initcall ata_init+0x0/0x332 returned 0 after 2929 usecs
[    2.614108] calling  phy_init+0x0/0x250 @ 1
[    2.616121] initcall phy_init+0x0/0x250 returned 0 after 976 usecs
[    2.617109] calling  init_pcmcia_cs+0x0/0x35 @ 1
[    2.618214] initcall init_pcmcia_cs+0x0/0x35 returned 0 after 0 usecs
[    2.619108] calling  usb_common_init+0x0/0x1c @ 1
[    2.620134] initcall usb_common_init+0x0/0x1c returned 0 after 0 usecs
[    2.621108] calling  usb_init+0x0/0x12e @ 1
[    2.622138] ACPI: bus type USB registered
[    2.623424] usbcore: registered new interface driver usbfs
[    2.624240] usbcore: registered new interface driver hub
[    2.625116] usbcore: registered new device driver usb
[    2.626110] initcall usb_init+0x0/0x12e returned 0 after 3906 usecs
[    2.627109] calling  serio_init+0x0/0x29 @ 1
[    2.628195] initcall serio_init+0x0/0x29 returned 0 after 0 usecs
[    2.629108] calling  input_init+0x0/0xf6 @ 1
[    2.630140] initcall input_init+0x0/0xf6 returned 0 after 0 usecs
[    2.631107] calling  rtc_init+0x0/0x4d @ 1
[    2.632131] initcall rtc_init+0x0/0x4d returned 0 after 0 usecs
[    2.633108] calling  pps_init+0x0/0xa9 @ 1
[    2.634132] pps_core: LinuxPPS API ver. 1 registered
[    2.635106] pps_core: Software ver. 5.3.6 - Copyright 2005-2007 Rodolfo Giometti <giometti@linux.it>
[    2.636111] initcall pps_init+0x0/0xa9 returned 0 after 1953 usecs
[    2.637124] calling  ptp_init+0x0/0x98 @ 1
[    2.638118] PTP clock support registered
[    2.640110] initcall ptp_init+0x0/0x98 returned 0 after 1953 usecs
[    2.641112] calling  power_supply_class_init+0x0/0x3f @ 1
[    2.642218] initcall power_supply_class_init+0x0/0x3f returned 0 after 0 usecs
[    2.643111] calling  hwmon_init+0x0/0x104 @ 1
[    2.644178] initcall hwmon_init+0x0/0x104 returned 0 after 0 usecs
[    2.645111] calling  md_init+0x0/0x16b @ 1
[    2.647380] initcall md_init+0x0/0x16b returned 0 after 976 usecs
[    2.648110] calling  leds_init+0x0/0x3b @ 1
[    2.649138] initcall leds_init+0x0/0x3b returned 0 after 0 usecs
[    2.650110] calling  dmi_init+0x0/0x113 @ 1
[    2.652131] initcall dmi_init+0x0/0x113 returned 0 after 976 usecs
[    2.653109] calling  efisubsys_init+0x0/0x4e6 @ 1
[    2.654137] initcall efisubsys_init+0x0/0x4e6 returned 0 after 0 usecs
[    2.655110] calling  nvmem_init+0x0/0xc @ 1
[    2.657159] initcall nvmem_init+0x0/0xc returned 0 after 976 usecs
[    2.658110] calling  init_soundcore+0x0/0x33 @ 1
[    2.659154] initcall init_soundcore+0x0/0x33 returned 0 after 0 usecs
[    2.660110] calling  alsa_sound_init+0x0/0x8f @ 1
[    2.661258] Advanced Linux Sound Architecture Driver Initialized.
[    2.662111] initcall alsa_sound_init+0x0/0x8f returned 0 after 976 usecs
[    2.663111] calling  alsa_seq_device_init+0x0/0x71 @ 1
[    2.664150] initcall alsa_seq_device_init+0x0/0x71 returned 0 after 0 usecs
[    2.665110] calling  hda_bus_init+0x0/0xc @ 1
[    2.667109] initcall hda_bus_init+0x0/0xc returned 0 after 976 usecs
[    2.668110] calling  proto_init+0x0/0xc @ 1
[    2.669179] initcall proto_init+0x0/0xc returned 0 after 0 usecs
[    2.670109] calling  net_dev_init+0x0/0x1cc @ 1
[    2.672734] initcall net_dev_init+0x0/0x1cc returned 0 after 976 usecs
[    2.673108] calling  neigh_init+0x0/0x84 @ 1
[    2.674109] initcall neigh_init+0x0/0x84 returned 0 after 0 usecs
[    2.675108] calling  fib_notifier_init+0x0/0xc @ 1
[    2.677107] initcall fib_notifier_init+0x0/0xc returned 0 after 976 usecs
[    2.678108] calling  fib_rules_init+0x0/0xab @ 1
[    2.679145] initcall fib_rules_init+0x0/0xab returned 0 after 0 usecs
[    2.680108] calling  pktsched_init+0x0/0x10e @ 1
[    2.681145] initcall pktsched_init+0x0/0x10e returned 0 after 0 usecs
[    2.682108] calling  tc_filter_init+0x0/0xfa @ 1
[    2.683154] initcall tc_filter_init+0x0/0xfa returned 0 after 0 usecs
[    2.684109] calling  tc_action_init+0x0/0x54 @ 1
[    2.685110] initcall tc_action_init+0x0/0x54 returned 0 after 0 usecs
[    2.686108] calling  ethnl_init+0x0/0x52 @ 1
[    2.687178] initcall ethnl_init+0x0/0x52 returned 0 after 0 usecs
[    2.688125] calling  nexthop_init+0x0/0xd8 @ 1
[    2.689198] initcall nexthop_init+0x0/0xd8 returned 0 after 0 usecs
[    2.690109] calling  cipso_v4_init+0x0/0x5a @ 1
[    2.691173] initcall cipso_v4_init+0x0/0x5a returned 0 after 0 usecs
[    2.692108] calling  ieee80211_init+0x0/0x24 @ 1
[    2.693250] initcall ieee80211_init+0x0/0x24 returned 0 after 0 usecs
[    2.694108] calling  netlbl_init+0x0/0x78 @ 1
[    2.695123] NetLabel: Initializing
[    2.696107] NetLabel:  domain hash size = 128
[    2.697123] NetLabel:  protocols = UNLABELED CIPSOv4 CALIPSO
[    2.699239] NetLabel:  unlabeled traffic allowed by default
[    2.700109] initcall netlbl_init+0x0/0x78 returned 0 after 4882 usecs
[    2.701112] calling  rfkill_init+0x0/0x111 @ 1
[    2.702436] initcall rfkill_init+0x0/0x111 returned 0 after 0 usecs
[    2.703112] calling  pci_subsys_init+0x0/0x66 @ 1
[    2.704202] PCI: Using ACPI for IRQ routing
[    3.490920] PCI: pci_cache_line_size set to 64 bytes
[    3.492186] e820: reserve RAM buffer [mem 0x0009fc00-0x0009ffff]
[    3.493164] e820: reserve RAM buffer [mem 0x1ffdf000-0x1fffffff]
[    3.494187] initcall pci_subsys_init+0x0/0x66 returned 0 after 771484 usecs
[    3.495306] calling  nmi_warning_debugfs+0x0/0x26 @ 1
[    3.496190] initcall nmi_warning_debugfs+0x0/0x26 returned 0 after 0 usecs
[    3.497109] calling  save_microcode_in_initrd+0x0/0x51 @ 1
[    3.498266] initcall save_microcode_in_initrd+0x0/0x51 returned 0 after 0 usecs
[    3.499129] calling  hpet_late_init+0x0/0x1f6 @ 1
[    3.500263] hpet: 3 channels of 0 reserved for per-cpu timers
[    3.501240] hpet0: at MMIO 0xfed00000, IRQs 2, 8, 0
[    3.502106] hpet0: 3 comparators, 64-bit 100.000000 MHz counter
[    3.509109] initcall hpet_late_init+0x0/0x1f6 returned 0 after 8789 usecs
[    3.510109] calling  init_amd_nbs+0x0/0x11c @ 1
[    3.511130] initcall init_amd_nbs+0x0/0x11c returned 0 after 0 usecs
[    3.512131] calling  clocksource_done_booting+0x0/0x41 @ 1
[    3.513961] clocksource: Switched to clocksource kvm-clock
[    3.520775] initcall clocksource_done_booting+0x0/0x41 returned 0 after 7487 usecs
[    3.530025] calling  tracer_init_tracefs+0x0/0x1fb @ 1
[    3.804533] initcall tracer_init_tracefs+0x0/0x1fb returned 0 after 258369 usecs
[    3.816924] calling  init_trace_printk_function_export+0x0/0x2c @ 1
[    3.826493] initcall init_trace_printk_function_export+0x0/0x2c returned 0 after 11 usecs
[    3.839085] calling  init_kprobe_trace+0x0/0x1a9 @ 1
[    3.847048] initcall init_kprobe_trace+0x0/0x1a9 returned 0 after 279 usecs
[    3.855711] calling  init_dynamic_event+0x0/0x3d @ 1
[    3.862158] initcall init_dynamic_event+0x0/0x3d returned 0 after 382 usecs
[    3.871336] calling  init_uprobe_trace+0x0/0x5c @ 1
[    3.878558] initcall init_uprobe_trace+0x0/0x5c returned 0 after 458 usecs
[    3.887233] calling  init_pipe_fs+0x0/0x44 @ 1
[    3.897210] initcall init_pipe_fs+0x0/0x44 returned 0 after 4077 usecs
[    3.906056] calling  inotify_user_setup+0x0/0x47 @ 1
[    3.913126] initcall inotify_user_setup+0x0/0x47 returned 0 after 450 usecs
[    3.922026] calling  eventpoll_init+0x0/0xcc @ 1
[    3.928719] initcall eventpoll_init+0x0/0xcc returned 0 after 598 usecs
[    3.937282] calling  anon_inode_init+0x0/0x58 @ 1
[    3.943692] initcall anon_inode_init+0x0/0x58 returned 0 after 365 usecs
[    3.952304] calling  proc_locks_init+0x0/0x27 @ 1
[    3.958648] initcall proc_locks_init+0x0/0x27 returned 0 after 351 usecs
[    3.967242] calling  iomap_init+0x0/0x1b @ 1
[    3.973626] initcall iomap_init+0x0/0x1b returned 0 after 909 usecs
[    3.981342] calling  dquot_init+0x0/0xd7 @ 1
[    3.986783] VFS: Disk quotas dquot_6.6.0
[    3.991991] VFS: Dquot-cache hash table entries: 512 (order 0, 4096 bytes)
[    4.000546] initcall dquot_init+0x0/0xd7 returned 0 after 13450 usecs
[    4.008608] calling  quota_init+0x0/0x23 @ 1
[    4.014664] initcall quota_init+0x0/0x23 returned 0 after 628 usecs
[    4.022483] calling  proc_cmdline_init+0x0/0x21 @ 1
[    4.028789] initcall proc_cmdline_init+0x0/0x21 returned 0 after 35 usecs
[    4.037287] calling  proc_consoles_init+0x0/0x24 @ 1
[    4.043783] initcall proc_consoles_init+0x0/0x24 returned 0 after 39 usecs
[    4.052327] calling  proc_cpuinfo_init+0x0/0x1e @ 1
[    4.058547] initcall proc_cpuinfo_init+0x0/0x1e returned 0 after 4 usecs
[    4.067197] calling  proc_devices_init+0x0/0x24 @ 1
[    4.073745] initcall proc_devices_init+0x0/0x24 returned 0 after 17 usecs
[    4.082224] calling  proc_interrupts_init+0x0/0x24 @ 1
[    4.088723] initcall proc_interrupts_init+0x0/0x24 returned 0 after 4 usecs
[    4.097303] calling  proc_loadavg_init+0x0/0x21 @ 1
[    4.103497] initcall proc_loadavg_init+0x0/0x21 returned 0 after 3 usecs
[    4.112079] calling  proc_meminfo_init+0x0/0x21 @ 1
[    4.118251] initcall proc_meminfo_init+0x0/0x21 returned 0 after 4 usecs
[    4.126557] calling  proc_stat_init+0x0/0x1e @ 1
[    4.133297] initcall proc_stat_init+0x0/0x1e returned 0 after 4 usecs
[    4.141271] calling  proc_uptime_init+0x0/0x21 @ 1
[    4.147239] initcall proc_uptime_init+0x0/0x21 returned 0 after 17 usecs
[    4.155605] calling  proc_version_init+0x0/0x21 @ 1
[    4.161725] initcall proc_version_init+0x0/0x21 returned 0 after 4 usecs
[    4.170265] calling  proc_softirqs_init+0x0/0x21 @ 1
[    4.176665] initcall proc_softirqs_init+0x0/0x21 returned 0 after 4 usecs
[    4.185332] calling  proc_kcore_init+0x0/0xea @ 1
[    4.191494] initcall proc_kcore_init+0x0/0xea returned 0 after 250 usecs
[    4.199986] calling  vmcore_init+0x0/0x578 @ 1
[    4.205564] initcall vmcore_init+0x0/0x578 returned 0 after 14 usecs
[    4.213558] calling  proc_kmsg_init+0x0/0x21 @ 1
[    4.219450] initcall proc_kmsg_init+0x0/0x21 returned 0 after 48 usecs
[    4.227305] calling  proc_page_init+0x0/0x3b @ 1
[    4.233183] initcall proc_page_init+0x0/0x3b returned 0 after 4 usecs
[    4.241334] calling  init_ramfs_fs+0x0/0xc @ 1
[    4.247260] initcall init_ramfs_fs+0x0/0xc returned 0 after 124 usecs
[    4.255554] calling  init_hugetlbfs_fs+0x0/0xf6 @ 1
[    4.261701] initcall init_hugetlbfs_fs+0x0/0xf6 returned 0 after 106 usecs
[    4.270239] calling  blk_scsi_ioctl_init+0x0/0x2a5 @ 1
[    4.276732] initcall blk_scsi_ioctl_init+0x0/0x2a5 returned 0 after 40 usecs
[    4.285454] calling  acpi_event_init+0x0/0x2c @ 1
[    4.291403] initcall acpi_event_init+0x0/0x2c returned 0 after 184 usecs
[    4.299650] calling  pnp_system_init+0x0/0xc @ 1
[    4.307071] initcall pnp_system_init+0x0/0xc returned 0 after 1632 usecs
[    4.315506] calling  pnpacpi_init+0x0/0x69 @ 1
[    4.321160] pnp: PnP ACPI init
[    4.326715] pnp 00:00: Plug and Play ACPI device, IDs PNP0303 (active)
[    4.335088] pnp 00:01: Plug and Play ACPI device, IDs PNP0f13 (active)
[    4.344359] pnp 00:02: Plug and Play ACPI device, IDs PNP0400 (active)
[    4.352929] pnp 00:03: Plug and Play ACPI device, IDs PNP0501 (active)
[    4.361272] pnp 00:04: Plug and Play ACPI device, IDs PNP0b00 (active)
[    4.370267] system 00:05: [mem 0xb0000000-0xbfffffff window] has been reserved
[    4.379607] system 00:05: Plug and Play ACPI device, IDs PNP0c01 (active)
[    4.389855] pnp: PnP ACPI: found 6 devices
[    4.395923] initcall pnpacpi_init+0x0/0x69 returned 0 after 73126 usecs
[    4.404350] calling  chr_dev_init+0x0/0x14d @ 1
[    4.414359] initcall chr_dev_init+0x0/0x14d returned 0 after 4226 usecs
[    4.422890] calling  firmware_class_init+0x0/0xde @ 1
[    4.429592] initcall firmware_class_init+0x0/0xde returned 0 after 262 usecs
[    4.438487] calling  init_pcmcia_bus+0x0/0x5b @ 1
[    4.444707] initcall init_pcmcia_bus+0x0/0x5b returned 0 after 198 usecs
[    4.453454] calling  init_acpi_pm_clocksource+0x0/0xda @ 1
[    4.467608] clocksource: acpi_pm: mask: 0xffffff max_cycles: 0xffffff, max_idle_ns: 2085701024 ns
[    4.478989] initcall init_acpi_pm_clocksource+0x0/0xda returned 0 after 18070 usecs
[    4.488762] calling  sysctl_core_init+0x0/0x26 @ 1
[    4.499858] initcall sysctl_core_init+0x0/0x26 returned 0 after 2751 usecs
[    4.508780] calling  eth_offload_init+0x0/0x13 @ 1
[    4.516765] initcall eth_offload_init+0x0/0x13 returned 0 after 790 usecs
[    4.525454] calling  ipv4_offload_init+0x0/0x73 @ 1
[    4.533927] initcall ipv4_offload_init+0x0/0x73 returned 0 after 1979 usecs
[    4.543950] calling  inet_init+0x0/0x276 @ 1
[    4.551105] NET: Registered protocol family 2
[    4.562981] IP idents hash table entries: 8192 (order: 4, 65536 bytes, linear)
[    4.610345] tcp_listen_portaddr_hash hash table entries: 256 (order: 0, 4096 bytes, linear)
[    4.623071] TCP established hash table entries: 4096 (order: 3, 32768 bytes, linear)
[    4.636299] TCP bind hash table entries: 4096 (order: 3, 32768 bytes, linear)
[    4.648973] TCP: Hash tables configured (established 4096 bind 4096)
[    4.667542] UDP hash table entries: 256 (order: 1, 8192 bytes, linear)
[    4.679082] UDP-Lite hash table entries: 256 (order: 1, 8192 bytes, linear)
[    4.700286] initcall inet_init+0x0/0x276 returned 0 after 147118 usecs
[    4.709137] calling  af_unix_init+0x0/0x4d @ 1
[    4.715255] NET: Registered protocol family 1
[    4.723049] initcall af_unix_init+0x0/0x4d returned 0 after 7611 usecs
[    4.731264] calling  ipv6_offload_init+0x0/0x7e @ 1
[    4.739245] initcall ipv6_offload_init+0x0/0x7e returned 0 after 1534 usecs
[    4.798551] calling  init_sunrpc+0x0/0x65 @ 1
[    4.971279] RPC: Registered named UNIX socket transport module.
[    4.978987] RPC: Registered udp transport module.
[    4.985013] RPC: Registered tcp transport module.
[    4.991459] RPC: Registered tcp NFSv4.1 backchannel transport module.
[    5.001071] initcall init_sunrpc+0x0/0x65 returned 0 after 189990 usecs
[    5.009839] calling  cfg80211_init+0x0/0xc5 @ 1
[    5.043207] initcall cfg80211_init+0x0/0xc5 returned 0 after 26958 usecs
[    5.052608] calling  pcibios_assign_resources+0x0/0xcb @ 1
[    5.062059] pci_bus 0000:00: resource 4 [io  0x0000-0x0cf7 window]
[    5.069751] pci_bus 0000:00: resource 5 [io  0x0d00-0xffff window]
[    5.077732] pci_bus 0000:00: resource 6 [mem 0x000a0000-0x000bffff window]
[    5.086779] pci_bus 0000:00: resource 7 [mem 0x20000000-0xafffffff window]
[    5.095682] pci_bus 0000:00: resource 8 [mem 0xc0000000-0xfebfffff window]
[    5.104409] pci_bus 0000:00: resource 9 [mem 0x100000000-0x8ffffffff window]
[    5.113410] initcall pcibios_assign_resources+0x0/0xcb returned 0 after 52665 usecs
[    5.123032] calling  pci_apply_final_quirks+0x0/0x124 @ 1
[    5.130408] pci 0000:00:01.0: calling  pci_fixup_video+0x0/0xe0 @ 1
[    5.138542] pci 0000:00:01.0: Video device with shadowed ROM at [mem 0x000c0000-0x000dffff]
[    5.148919] pci 0000:00:01.0: pci_fixup_video+0x0/0xe0 took 10288 usecs
[    5.157527] PCI: CLS 0 bytes, default 64
[    5.162461] initcall pci_apply_final_quirks+0x0/0x124 returned 0 after 31927 usecs
[    5.171885] calling  acpi_reserve_resources+0x0/0xea @ 1
[    5.179881] initcall acpi_reserve_resources+0x0/0xea returned 0 after 98 usecs
[    5.188953] calling  populate_rootfs+0x0/0x102 @ 1
[    5.197678] initcall populate_rootfs+0x0/0x102 returned 0 after 2766 usecs
[    5.206071] calling  pci_iommu_init+0x0/0x3e @ 1
[    5.211842] initcall pci_iommu_init+0x0/0x3e returned 0 after 114 usecs
[    5.219933] calling  ia32_binfmt_init+0x0/0x13 @ 1
[    5.225847] initcall ia32_binfmt_init+0x0/0x13 returned 0 after 35 usecs
[    5.234006] calling  rapl_pmu_init+0x0/0x25f @ 1
[    5.240020] initcall rapl_pmu_init+0x0/0x25f returned -19 after 191 usecs
[    5.249208] calling  amd_uncore_init+0x0/0x310 @ 1
[    5.255622] initcall amd_uncore_init+0x0/0x310 returned -19 after 0 usecs
[    5.265081] calling  amd_ibs_init+0x0/0x273 @ 1
[    5.272269] initcall amd_ibs_init+0x0/0x273 returned -19 after 0 usecs
[    5.282429] calling  amd_iommu_pc_init+0x0/0x20c @ 1
[    5.290007] initcall amd_iommu_pc_init+0x0/0x20c returned -19 after 1 usecs
[    5.298489] calling  msr_init+0x0/0x55 @ 1
[    5.303641] initcall msr_init+0x0/0x55 returned 0 after 128 usecs
[    5.311417] calling  intel_uncore_init+0x0/0x322 @ 1
[    5.319633] initcall intel_uncore_init+0x0/0x322 returned -19 after 518 usecs
[    5.328840] calling  cstate_pmu_init+0x0/0x181 @ 1
[    5.335018] initcall cstate_pmu_init+0x0/0x181 returned -19 after 0 usecs
[    5.343511] calling  register_kernel_offset_dumper+0x0/0x1a @ 1
[    5.351445] initcall register_kernel_offset_dumper+0x0/0x1a returned 0 after 231 usecs
[    5.361494] calling  i8259A_init_ops+0x0/0x20 @ 1
[    5.367516] initcall i8259A_init_ops+0x0/0x20 returned 0 after 1 usecs
[    5.376045] calling  init_tsc_clocksource+0x0/0xa4 @ 1
[    5.383713] clocksource: tsc: mask: 0xffffffffffffffff max_cycles: 0x39a85afc727, max_idle_ns: 881590685098 ns
[    5.395808] initcall init_tsc_clocksource+0x0/0xa4 returned 0 after 11896 usecs
[    5.405512] calling  add_rtc_cmos+0x0/0xb0 @ 1
[    5.411904] initcall add_rtc_cmos+0x0/0xb0 returned 0 after 472 usecs
[    5.420069] calling  i8237A_init_ops+0x0/0x3a @ 1
[    5.426025] initcall i8237A_init_ops+0x0/0x3a returned 0 after 153 usecs
[    5.434791] calling  umwait_init+0x0/0x94 @ 1
[    5.440791] initcall umwait_init+0x0/0x94 returned -19 after 183 usecs
[    5.450176] calling  thermal_throttle_init_device+0x0/0x3d @ 1
[    5.458104] initcall thermal_throttle_init_device+0x0/0x3d returned 0 after 33 usecs
[    5.469802] calling  msr_init+0x0/0xd7 @ 1
[    5.481611] initcall msr_init+0x0/0xd7 returned 0 after 4909 usecs
[    5.491612] calling  cpuid_init+0x0/0xd7 @ 1
[    5.498682] initcall cpuid_init+0x0/0xd7 returned 0 after 568 usecs
[    5.508352] calling  ioapic_init_ops+0x0/0x13 @ 1
[    5.515858] initcall ioapic_init_ops+0x0/0x13 returned 0 after 158 usecs
[    5.526336] calling  add_pcspkr+0x0/0x6c @ 1
[    5.532566] initcall add_pcspkr+0x0/0x6c returned 0 after 205 usecs
[    5.542748] calling  start_periodic_check_for_corruption+0x0/0x30 @ 1
[    5.552739] check: Scanning for low memory corruption every 60 seconds
[    5.562718] initcall start_periodic_check_for_corruption+0x0/0x30 returned 0 after 9796 usecs
[    5.581237] calling  sysfb_init+0x0/0x9c @ 1
[    5.590704] initcall sysfb_init+0x0/0x9c returned 0 after 1104 usecs
[    5.600757] calling  audit_classes_init+0x0/0xae @ 1
[    5.608657] initcall audit_classes_init+0x0/0xae returned 0 after 271 usecs
[    5.619128] calling  iosf_mbi_init+0x0/0x24 @ 1
[    5.631956] initcall iosf_mbi_init+0x0/0x24 returned 0 after 6290 usecs
[    5.640701] calling  proc_execdomains_init+0x0/0x21 @ 1
[    5.647895] initcall proc_execdomains_init+0x0/0x21 returned 0 after 74 usecs
[    5.658921] calling  register_warn_debugfs+0x0/0x23 @ 1
[    5.667021] initcall register_warn_debugfs+0x0/0x23 returned 0 after 10 usecs
[    5.678075] calling  ioresources_init+0x0/0x49 @ 1
[    5.684091] initcall ioresources_init+0x0/0x49 returned 0 after 6 usecs
[    5.692081] calling  snapshot_device_init+0x0/0xc @ 1
[    5.698545] initcall snapshot_device_init+0x0/0xc returned 0 after 284 usecs
[    5.707164] calling  irq_pm_init_ops+0x0/0x13 @ 1
[    5.713103] initcall irq_pm_init_ops+0x0/0x13 returned 0 after 44 usecs
[    5.721328] calling  rcu_torture_init+0x0/0x964 @ 1
[    5.727522] rcu-torture:--- Start of test: nreaders=1 nfakewriters=4 stat_interval=15 verbose=1 test_no_idle_hz=1 shuffle_interval=3 stutter=5 irqreader=1 fqs_duration=0 fqs_holdoff=0 fqs_stutter=3 test_boost=1/0 test_boost_interval=7 test_boost_duration=4 shutdown_secs=1800 stall_cpu=0 stall_cpu_holdoff=10 stall_cpu_irqsoff=0 stall_cpu_block=0 n_barrier_cbs=4 onoff_interval=0 onoff_holdoff=0 read_exit_delay=13 read_exit_burst=16
[    5.773205] rcu:  Start-test grace-period state: g-1096 f0x0
[    5.780288] rcu-torture: Creating rcu_torture_writer task
[    5.786999] rcu-torture: Creating rcu_torture_fakewriter task
[    5.794356] rcu-torture: rcu_torture_writer task started
[    5.801036] rcu-torture: GP expediting controlled from boot/sysfs for rcu.
[    5.809475] rcu-torture: Creating rcu_torture_fakewriter task
[    5.816550] rcu-torture: rcu_torture_fakewriter task started
[    5.826321] rcu-torture: Creating rcu_torture_fakewriter task
[    5.835322] rcu-torture: rcu_torture_fakewriter task started
[    5.844259] rcu_torture_writer: Testing conditional GPs.
[    5.852502] rcu-torture: Creating rcu_torture_fakewriter task
[    5.861910] rcu-torture: rcu_torture_fakewriter task started
[    5.870718] rcu_torture_writer: Testing expedited GPs.
[    5.879378] rcu_torture_writer: Testing asynchronous GPs.
[    5.886105] rcu-torture: Creating rcu_torture_reader task
[    5.892919] rcu-torture: rcu_torture_fakewriter task started
[    5.900638] rcu_torture_writer: Testing normal GPs.
[    5.906829] rcu-torture: Creating rcu_torture_stats task
[    5.913545] rcu-torture: rcu_torture_reader task started
[    5.920421] rcu-torture: Creating torture_shuffle task
[    5.927454] rcu-torture: rcu_torture_stats task started
[    5.935598] rcu-torture: Creating torture_stutter task
[    5.942125] rcu-torture: torture_shuffle task started
[    5.948503] rcu-torture: Creating torture_shutdown task
[    5.954965] rcu-torture: torture_stutter task started
[    5.964353] rcu-torture: Creating rcu_torture_fwd_prog task
[    5.971268] rcu-torture: torture_shutdown task started
[    5.977686] rcu-torture:torture_shutdown task: 1799970 ms remaining
[    5.985382] rcu-torture: Creating rcu_torture_barrier_cbs task
[    5.992630] rcu-torture: rcu_torture_fwd_progress task started
[    5.999854] rcu-torture: Creating rcu_torture_barrier_cbs task
[    6.006986] rcu-torture: rcu_torture_barrier_cbs task started
[    6.014323] rcu-torture: Creating rcu_torture_barrier_cbs task
[    6.021475] rcu-torture: rcu_torture_barrier_cbs task started
[    6.028694] rcu-torture: Creating rcu_torture_barrier_cbs task
[    6.036033] rcu-torture: rcu_torture_barrier_cbs task started
[    6.043299] rcu-torture: Creating rcu_torture_barrier task
[    6.050015] rcu-torture: rcu_torture_barrier_cbs task started
[    6.057281] rcu-torture: Creating rcu_torture_read_exit task
[    6.064271] rcu-torture: rcu_torture_barrier task starting
[    6.071104] initcall rcu_torture_init+0x0/0x964 returned 0 after 335675 usecs
[    6.079811] rcu-torture: rcu_torture_read_exit: Start of test
[    6.086754] calling  timekeeping_init_ops+0x0/0x13 @ 1
[    6.092942] initcall timekeeping_init_ops+0x0/0x13 returned 0 after 6 usecs
[    6.101253] calling  init_clocksource_sysfs+0x0/0x23 @ 1
[    6.107850] initcall init_clocksource_sysfs+0x0/0x23 returned 0 after 213 usecs
[    6.118086] calling  init_timer_list_procfs+0x0/0x31 @ 1
[    6.124570] initcall init_timer_list_procfs+0x0/0x31 returned 0 after 8 usecs
[    6.134392] calling  alarmtimer_init+0x0/0xb5 @ 1
[    6.141868] initcall alarmtimer_init+0x0/0xb5 returned 0 after 330 usecs
[    6.151987] calling  init_posix_timers+0x0/0x29 @ 1
[    6.159273] initcall init_posix_timers+0x0/0x29 returned 0 after 17 usecs
[    6.167547] calling  clockevents_init_sysfs+0x0/0x8b @ 1
[    6.174248] initcall clockevents_init_sysfs+0x0/0x8b returned 0 after 193 usecs
[    6.183153] calling  proc_dma_init+0x0/0x21 @ 1
[    6.188887] initcall proc_dma_init+0x0/0x21 returned 0 after 22 usecs
[    6.196701] calling  proc_modules_init+0x0/0x1e @ 1
[    6.202803] initcall proc_modules_init+0x0/0x1e returned 0 after 19 usecs
[    6.211336] calling  kallsyms_init+0x0/0x21 @ 1
[    6.216944] initcall kallsyms_init+0x0/0x21 returned 0 after 8 usecs
[    6.224741] calling  pid_namespaces_init+0x0/0x2c @ 1
[    6.230943] initcall pid_namespaces_init+0x0/0x2c returned 0 after 12 usecs
[    6.239465] calling  audit_watch_init+0x0/0x37 @ 1
[    6.245355] initcall audit_watch_init+0x0/0x37 returned 0 after 4 usecs
[    6.253525] calling  audit_fsnotify_init+0x0/0x37 @ 1
[    6.259781] initcall audit_fsnotify_init+0x0/0x37 returned 0 after 4 usecs
[    6.268248] calling  audit_tree_init+0x0/0x6d @ 1
[    6.274074] initcall audit_tree_init+0x0/0x6d returned 0 after 8 usecs
[    6.282025] calling  seccomp_sysctl_init+0x0/0x2b @ 1
[    6.288298] initcall seccomp_sysctl_init+0x0/0x2b returned 0 after 49 usecs
[    6.296855] calling  utsname_sysctl_init+0x0/0x13 @ 1
[    6.303028] initcall utsname_sysctl_init+0x0/0x13 returned 0 after 49 usecs
[    6.311748] calling  init_tracepoints+0x0/0x27 @ 1
[    6.317748] initcall init_tracepoints+0x0/0x27 returned 0 after 97 usecs
[    6.325923] calling  init_blk_tracer+0x0/0x50 @ 1
[    6.332418] initcall init_blk_tracer+0x0/0x50 returned 0 after 637 usecs
[    6.340638] calling  perf_event_sysfs_init+0x0/0x81 @ 1
[    6.347664] initcall perf_event_sysfs_init+0x0/0x81 returned 0 after 593 usecs
[    6.356719] calling  system_trusted_keyring_init+0x0/0x5f @ 1
[    6.363759] Initialise system trusted keyrings
[    6.369319] initcall system_trusted_keyring_init+0x0/0x5f returned 0 after 5430 usecs
[    6.378861] calling  kswapd_init+0x0/0x13 @ 1
[    6.384569] initcall kswapd_init+0x0/0x13 returned 0 after 268 usecs
[    6.392375] calling  extfrag_debug_init+0x0/0x54 @ 1
[    6.398486] initcall extfrag_debug_init+0x0/0x54 returned 0 after 12 usecs
[    6.411064] calling  slab_proc_init+0x0/0x21 @ 1
[    6.416935] initcall slab_proc_init+0x0/0x21 returned 0 after 67 usecs
[    6.425076] calling  workingset_init+0x0/0x8c @ 1
[    6.431369] workingset: timestamp_bits=62 max_order=17 bucket_order=0
[    6.441739] initcall workingset_init+0x0/0x8c returned 0 after 10130 usecs
[    6.450778] calling  proc_vmalloc_init+0x0/0x27 @ 1
[    6.457291] initcall proc_vmalloc_init+0x0/0x27 returned 0 after 202 usecs
[    6.465832] calling  procswaps_init+0x0/0x1e @ 1
[    6.471982] initcall procswaps_init+0x0/0x1e returned 0 after 175 usecs
[    6.480095] calling  slab_sysfs_init+0x0/0xea @ 1
[    6.488945] initcall slab_sysfs_init+0x0/0xea returned 0 after 2920 usecs
[    6.497620] calling  fcntl_init+0x0/0x29 @ 1
[    6.503044] initcall fcntl_init+0x0/0x29 returned 0 after 13 usecs
[    6.511551] calling  proc_filesystems_init+0x0/0x21 @ 1
[    6.518004] initcall proc_filesystems_init+0x0/0x21 returned 0 after 9 usecs
[    6.528303] calling  start_dirtytime_writeback+0x0/0x29 @ 1
[    6.536928] initcall start_dirtytime_writeback+0x0/0x29 returned 0 after 7 usecs
[    6.548067] calling  blkdev_init+0x0/0x1b @ 1
[    6.554309] initcall blkdev_init+0x0/0x1b returned 0 after 649 usecs
[    6.562484] calling  dio_init+0x0/0x2c @ 1
[    6.567519] initcall dio_init+0x0/0x2c returned 0 after 50 usecs
[    6.574761] calling  dnotify_init+0x0/0x78 @ 1
[    6.581114] initcall dnotify_init+0x0/0x78 returned 0 after 27 usecs
[    6.588877] calling  aio_setup+0x0/0x78 @ 1
[    6.595548] initcall aio_setup+0x0/0x78 returned 0 after 599 usecs
[    6.605016] calling  io_uring_init+0x0/0x2c @ 1
[    6.612114] initcall io_uring_init+0x0/0x2c returned 0 after 18 usecs
[    6.622443] calling  mbcache_init+0x0/0x30 @ 1
[    6.628262] initcall mbcache_init+0x0/0x30 returned 0 after 163 usecs
[    6.636287] calling  init_grace+0x0/0xc @ 1
[    6.641564] initcall init_grace+0x0/0xc returned 0 after 11 usecs
[    6.649234] calling  init_v2_quota_format+0x0/0x21 @ 1
[    6.656908] initcall init_v2_quota_format+0x0/0x21 returned 0 after 54 usecs
[    6.667249] calling  init_devpts_fs+0x0/0x27 @ 1
[    6.674305] initcall init_devpts_fs+0x0/0x27 returned 0 after 243 usecs
[    6.682488] calling  ext4_init_fs+0x0/0x1cb @ 1
[    6.688429] initcall ext4_init_fs+0x0/0x1cb returned 0 after 472 usecs
[    6.696017] calling  journal_init+0x0/0x11c @ 1
[    6.701399] initcall journal_init+0x0/0x11c returned 0 after 109 usecs
[    6.708910] calling  init_fat_fs+0x0/0x49 @ 1
[    6.714083] initcall init_fat_fs+0x0/0x49 returned 0 after 75 usecs
[    6.721306] calling  init_vfat_fs+0x0/0xc @ 1
[    6.726379] initcall init_vfat_fs+0x0/0xc returned 0 after 7 usecs
[    6.734280] calling  init_msdos_fs+0x0/0xc @ 1
[    6.740920] initcall init_msdos_fs+0x0/0xc returned 0 after 9 usecs
[    6.750071] calling  init_iso9660_fs+0x0/0x6c @ 1
[    6.763993] initcall init_iso9660_fs+0x0/0x6c returned 0 after 3147 usecs
[    6.772327] calling  init_nfs_fs+0x0/0x13a @ 1
[    6.782360] initcall init_nfs_fs+0x0/0x13a returned 0 after 4619 usecs
[    6.790271] calling  init_nfs_v2+0x0/0x13 @ 1
[    6.796813] initcall init_nfs_v2+0x0/0x13 returned 0 after 70 usecs
[    6.804456] calling  init_nfs_v3+0x0/0x13 @ 1
[    6.810036] initcall init_nfs_v3+0x0/0x13 returned 0 after 6 usecs
[    6.817871] calling  init_nfs_v4+0x0/0x32 @ 1
[    6.823638] NFS: Registering the id_resolver key type
[    6.830504] Key type id_resolver registered
[    6.836274] Key type id_legacy registered
[    6.842265] initcall init_nfs_v4+0x0/0x32 returned 0 after 18328 usecs
[    6.850935] calling  init_nlm+0x0/0x5b @ 1
[    6.856527] initcall init_nlm+0x0/0x5b returned 0 after 57 usecs
[    6.863786] calling  init_nls_cp437+0x0/0xe @ 1
[    6.869316] initcall init_nls_cp437+0x0/0xe returned 0 after 102 usecs
[    6.876936] calling  init_nls_ascii+0x0/0xe @ 1
[    6.882347] initcall init_nls_ascii+0x0/0xe returned 0 after 5 usecs
[    6.889792] calling  init_nls_iso8859_1+0x0/0xe @ 1
[    6.896083] initcall init_nls_iso8859_1+0x0/0xe returned 0 after 7 usecs
[    6.904995] calling  init_nls_utf8+0x0/0x21 @ 1
[    6.910358] initcall init_nls_utf8+0x0/0x21 returned 0 after 6 usecs
[    6.919459] calling  init_autofs_fs+0x0/0x25 @ 1
[    6.928533] initcall init_autofs_fs+0x0/0x25 returned 0 after 2196 usecs
[    6.938281] calling  ipc_init+0x0/0x24 @ 1
[    6.944363] initcall ipc_init+0x0/0x24 returned 0 after 117 usecs
[    6.951659] calling  ipc_sysctl_init+0x0/0x13 @ 1
[    6.957629] initcall ipc_sysctl_init+0x0/0x13 returned 0 after 55 usecs
[    6.967391] calling  init_mqueue_fs+0x0/0x92 @ 1
[    6.975015] initcall init_mqueue_fs+0x0/0x92 returned 0 after 753 usecs
[    6.984833] calling  key_proc_init+0x0/0x63 @ 1
[    6.990752] initcall key_proc_init+0x0/0x63 returned 0 after 12 usecs
[    6.998325] calling  selinux_nf_ip_init+0x0/0x2e @ 1
[    7.004228] initcall selinux_nf_ip_init+0x0/0x2e returned 0 after 49 usecs
[    7.012231] calling  init_sel_fs+0x0/0x116 @ 1
[    7.017465] initcall init_sel_fs+0x0/0x116 returned 0 after 2 usecs
[    7.026660] calling  selnl_init+0x0/0x7c @ 1
[    7.032541] initcall selnl_init+0x0/0x7c returned 0 after 512 usecs
[    7.039772] calling  sel_netif_init+0x0/0x36 @ 1
[    7.045186] initcall sel_netif_init+0x0/0x36 returned 0 after 20 usecs
[    7.052823] calling  sel_netnode_init+0x0/0x33 @ 1
[    7.058408] initcall sel_netnode_init+0x0/0x33 returned 0 after 3 usecs
[    7.066224] calling  sel_netport_init+0x0/0x33 @ 1
[    7.071915] initcall sel_netport_init+0x0/0x33 returned 0 after 6 usecs
[    7.080712] calling  aurule_init+0x0/0x2a @ 1
[    7.087098] initcall aurule_init+0x0/0x2a returned 0 after 11 usecs
[    7.096344] calling  crypto_algapi_init+0x0/0xc @ 1
[    7.103545] initcall crypto_algapi_init+0x0/0xc returned 0 after 9 usecs
[    7.111752] calling  jent_mod_init+0x0/0x2d @ 1
[    7.126683] initcall jent_mod_init+0x0/0x2d returned 0 after 9429 usecs
[    7.134718] calling  asymmetric_key_init+0x0/0xc @ 1
[    7.140553] Key type asymmetric registered
[    7.145318] initcall asymmetric_key_init+0x0/0xc returned 0 after 4686 usecs
[    7.153516] calling  x509_key_init+0x0/0xc @ 1
[    7.158719] Asymmetric key parser 'x509' registered
[    7.164347] initcall x509_key_init+0x0/0xc returned 0 after 5522 usecs
[    7.171724] calling  proc_genhd_init+0x0/0x41 @ 1
[    7.177216] initcall proc_genhd_init+0x0/0x41 returned 0 after 99 usecs
[    7.184846] calling  bsg_init+0x0/0x113 @ 1
[    7.189928] Block layer SCSI generic (bsg) driver version 0.4 loaded (major 251)
[    7.198327] initcall bsg_init+0x0/0x113 returned 0 after 8401 usecs
[    7.205396] calling  deadline_init+0x0/0xc @ 1
[    7.210515] io scheduler mq-deadline registered
[    7.215748] initcall deadline_init+0x0/0xc returned 0 after 5161 usecs
[    7.223296] calling  kyber_init+0x0/0xc @ 1
[    7.228313] io scheduler kyber registered
[    7.233041] initcall kyber_init+0x0/0xc returned 0 after 4635 usecs
[    7.240102] calling  mod_init+0x0/0x7 @ 1
[    7.244720] initcall mod_init+0x0/0x7 returned 0 after 22 usecs
[    7.251457] calling  sg_pool_init+0x0/0xb4 @ 1
[    7.257040] initcall sg_pool_init+0x0/0xb4 returned 0 after 445 usecs
[    7.264333] calling  pcie_portdrv_init+0x0/0x39 @ 1
[    7.270325] initcall pcie_portdrv_init+0x0/0x39 returned 0 after 457 usecs
[    7.277980] calling  pci_proc_init+0x0/0x68 @ 1
[    7.283246] initcall pci_proc_init+0x0/0x68 returned 0 after 17 usecs
[    7.290544] calling  pci_hotplug_init+0x0/0x7 @ 1
[    7.295863] initcall pci_hotplug_init+0x0/0x7 returned 0 after 6 usecs
[    7.303060] calling  efifb_driver_init+0x0/0xe @ 1
[    7.308875] initcall efifb_driver_init+0x0/0xe returned 0 after 221 usecs
[    7.317091] calling  ged_driver_init+0x0/0xe @ 1
[    7.322720] initcall ged_driver_init+0x0/0xe returned 0 after 374 usecs
[    7.330385] calling  acpi_ac_init+0x0/0x92 @ 1
[    7.342235] initcall acpi_ac_init+0x0/0x92 returned 0 after 6532 usecs
[    7.349613] calling  acpi_button_driver_init+0x0/0x52 @ 1
[    7.356351] input: Power Button as /devices/LNXSYSTM:00/LNXPWRBN:00/input/input0
[    7.368271] ACPI: Power Button [PWRF]
[    7.372783] initcall acpi_button_driver_init+0x0/0x52 returned 0 after 16561 usecs
[    7.381292] calling  acpi_fan_driver_init+0x0/0xe @ 1
[    7.387279] initcall acpi_fan_driver_init+0x0/0xe returned 0 after 138 usecs
[    7.396899] calling  acpi_video_init+0x0/0xcb @ 1
[    7.403976] initcall acpi_video_init+0x0/0xcb returned 0 after 125 usecs
[    7.414288] calling  acpi_processor_driver_init+0x0/0xad @ 1
[    7.424522] initcall acpi_processor_driver_init+0x0/0xad returned 0 after 1908 usecs
[    7.433632] calling  acpi_thermal_init+0x0/0x71 @ 1
[    7.439660] initcall acpi_thermal_init+0x0/0x71 returned 0 after 77 usecs
[    7.447964] calling  acpi_battery_init+0x0/0x32 @ 1
[    7.453926] initcall acpi_battery_init+0x0/0x32 returned 0 after 45 usecs
[    7.462414] calling  bgrt_init+0x0/0xb6 @ 1
[    7.467639] initcall bgrt_init+0x0/0xb6 returned -19 after 5 usecs
[    7.475280] calling  gpio_clk_driver_init+0x0/0xe @ 1
[    7.481382] initcall gpio_clk_driver_init+0x0/0xe returned 0 after 68 usecs
[    7.491251] calling  plt_clk_driver_init+0x0/0xe @ 1
[    7.497255] initcall plt_clk_driver_init+0x0/0xe returned 0 after 17 usecs
[    7.505380] calling  virtio_pci_driver_init+0x0/0x15 @ 1
[    7.511889] initcall virtio_pci_driver_init+0x0/0x15 returned 0 after 56 usecs
[    7.520386] calling  n_null_init+0x0/0x1e @ 1
[    7.525577] initcall n_null_init+0x0/0x1e returned 0 after 25 usecs
[    7.533044] calling  pty_init+0x0/0x1e8 @ 1
[    7.538409] initcall pty_init+0x0/0x1e8 returned 0 after 195 usecs
[    7.545880] calling  sysrq_init+0x0/0x62 @ 1
[    7.551660] initcall sysrq_init+0x0/0x62 returned 0 after 46 usecs
[    7.559177] calling  serial8250_init+0x0/0x17e @ 1
[    7.566803] Serial: 8250/16550 driver, 4 ports, IRQ sharing enabled
[    7.579358] 00:03: ttyS0 at I/O 0x3f8 (irq = 4, base_baud = 115200) is a 16550A
[    7.591929] initcall serial8250_init+0x0/0x17e returned 0 after 23784 usecs
[    7.600543] calling  serial_pci_driver_init+0x0/0x15 @ 1
[    7.606902] initcall serial_pci_driver_init+0x0/0x15 returned 0 after 48 usecs
[    7.615322] calling  exar_pci_driver_init+0x0/0x15 @ 1
[    7.621332] initcall exar_pci_driver_init+0x0/0x15 returned 0 after 21 usecs
[    7.629584] calling  lpss8250_pci_driver_init+0x0/0x15 @ 1
[    7.636100] initcall lpss8250_pci_driver_init+0x0/0x15 returned 0 after 33 usecs
[    7.644612] calling  mid8250_pci_driver_init+0x0/0x15 @ 1
[    7.650946] initcall mid8250_pci_driver_init+0x0/0x15 returned 0 after 24 usecs
[    7.659462] calling  virtio_console_init+0x0/0xff @ 1
[    7.665544] initcall virtio_console_init+0x0/0xff returned 0 after 173 usecs
[    7.673797] calling  hpet_init+0x0/0x64 @ 1
[    7.679233] initcall hpet_init+0x0/0x64 returned 0 after 454 usecs
[    7.686697] calling  nvram_module_init+0x0/0x83 @ 1
[    7.692653] Non-volatile memory driver v1.3
[    7.697592] initcall nvram_module_init+0x0/0x83 returned 0 after 4910 usecs
[    7.706406] calling  hwrng_modinit+0x0/0x8a @ 1
[    7.711936] initcall hwrng_modinit+0x0/0x8a returned 0 after 60 usecs
[    7.722752] calling  mod_init+0x0/0x48 @ 1
[    7.729148] initcall mod_init+0x0/0x48 returned -19 after 5 usecs
[    7.738302] calling  agp_init+0x0/0x23 @ 1
[    7.744383] Linux agpgart interface v0.103
[    7.749709] initcall agp_init+0x0/0x23 returned 0 after 5207 usecs
[    7.756942] calling  agp_amd64_mod_init+0x0/0x5 @ 1
[    7.762835] initcall agp_amd64_mod_init+0x0/0x5 returned -19 after 110 usecs
[    7.771163] calling  agp_intel_init+0x0/0x28 @ 1
[    7.777124] initcall agp_intel_init+0x0/0x28 returned 0 after 409 usecs
[    7.784958] calling  drm_kms_helper_init+0x0/0x7 @ 1
[    7.790883] initcall drm_kms_helper_init+0x0/0x7 returned 0 after 24 usecs
[    7.798850] calling  drm_core_init+0x0/0x9e @ 1
[    7.805655] initcall drm_core_init+0x0/0x9e returned 0 after 164 usecs
[    7.813390] calling  i915_init+0x0/0x6b @ 1
[    7.818817] initcall i915_init+0x0/0x6b returned 0 after 524 usecs
[    7.826062] calling  cn_proc_init+0x0/0x35 @ 1
[    7.831362] initcall cn_proc_init+0x0/0x35 returned 0 after 7 usecs
[    7.838826] calling  topology_sysfs_init+0x0/0x27 @ 1
[    7.845393] initcall topology_sysfs_init+0x0/0x27 returned 0 after 29 usecs
[    7.855313] calling  cacheinfo_sysfs_init+0x0/0x27 @ 1
[    7.864171] initcall cacheinfo_sysfs_init+0x0/0x27 returned 0 after 2443 usecs
[    7.876227] calling  loop_init+0x0/0x168 @ 1
[    7.902700] loop: module loaded
[    7.907695] initcall loop_init+0x0/0x168 returned 0 after 24511 usecs
[    7.917302] calling  mac_hid_init+0x0/0x21 @ 1
[    7.924012] initcall mac_hid_init+0x0/0x21 returned 0 after 50 usecs
[    7.932657] calling  spi_transport_init+0x0/0x74 @ 1
[    7.940364] initcall spi_transport_init+0x0/0x74 returned 0 after 138 usecs
[    7.950408] calling  init_sd+0x0/0x18c @ 1
[    7.955495] initcall init_sd+0x0/0x18c returned 0 after 93 usecs
[    7.962650] calling  init_sr+0x0/0x43 @ 1
[    7.967864] initcall init_sr+0x0/0x43 returned 0 after 26 usecs
[    7.975024] calling  init_sg+0x0/0x1c0 @ 1
[    7.980079] initcall init_sg+0x0/0x1c0 returned 0 after 20 usecs
[    7.987324] calling  ahci_pci_driver_init+0x0/0x15 @ 1
[    7.993937] ahci 0000:00:1f.2: version 3.0
[    8.000373] PCI Interrupt Link [GSIA] enabled at IRQ 16
[    8.015924] ahci 0000:00:1f.2: AHCI 0001.0000 32 slots 6 ports 1.5 Gbps 0x3f impl SATA mode
[    8.026173] ahci 0000:00:1f.2: flags: 64bit ncq only 
[    8.043907] scsi host0: ahci
[    8.050101] scsi host1: ahci
[    8.058126] scsi host2: ahci
[    8.062627] scsi host3: ahci
[    8.066787] scsi host4: ahci
[    8.071813] scsi host5: ahci
[    8.076351] ata1: SATA max UDMA/133 abar m4096@0xfebf1000 port 0xfebf1100 irq 24
[    8.085398] ata2: SATA max UDMA/133 abar m4096@0xfebf1000 port 0xfebf1180 irq 24
[    8.094988] ata3: SATA max UDMA/133 abar m4096@0xfebf1000 port 0xfebf1200 irq 24
[    8.104259] ata4: SATA max UDMA/133 abar m4096@0xfebf1000 port 0xfebf1280 irq 24
[    8.113610] ata5: SATA max UDMA/133 abar m4096@0xfebf1000 port 0xfebf1300 irq 24
[    8.122919] ata6: SATA max UDMA/133 abar m4096@0xfebf1000 port 0xfebf1380 irq 24
[    8.132951] initcall ahci_pci_driver_init+0x0/0x15 returned 0 after 135918 usecs
[    8.146435] calling  piix_init+0x0/0x26 @ 1
[    8.152109] initcall piix_init+0x0/0x26 returned 0 after 283 usecs
[    8.159963] calling  amd_pci_driver_init+0x0/0x15 @ 1
[    8.166377] initcall amd_pci_driver_init+0x0/0x15 returned 0 after 26 usecs
[    8.175251] calling  oldpiix_pci_driver_init+0x0/0x15 @ 1
[    8.181999] initcall oldpiix_pci_driver_init+0x0/0x15 returned 0 after 49 usecs
[    8.190983] calling  sch_pci_driver_init+0x0/0x15 @ 1
[    8.197209] initcall sch_pci_driver_init+0x0/0x15 returned 0 after 41 usecs
[    8.205514] calling  net_olddevs_init+0x0/0x55 @ 1
[    8.211564] initcall net_olddevs_init+0x0/0x55 returned 0 after 105 usecs
[    8.219656] calling  blackhole_netdev_init+0x0/0x78 @ 1
[    8.226434] initcall blackhole_netdev_init+0x0/0x78 returned 0 after 501 usecs
[    8.235546] calling  phy_module_init+0x0/0x13 @ 1
[    8.241564] initcall phy_module_init+0x0/0x13 returned 0 after 187 usecs
[    8.249816] calling  tg3_driver_init+0x0/0x15 @ 1
[    8.257098] initcall tg3_driver_init+0x0/0x15 returned 0 after 33 usecs
[    8.266852] calling  e100_init_module+0x0/0x4c @ 1
[    8.274125] e100: Intel(R) PRO/100 Network Driver
[    8.281036] e100: Copyright(c) 1999-2006 Intel Corporation
[    8.290753] initcall e100_init_module+0x0/0x4c returned 0 after 16265 usecs
[    8.299173] calling  e1000_init_module+0x0/0x72 @ 1
[    8.305277] e1000: Intel(R) PRO/1000 Network Driver
[    8.311257] e1000: Copyright (c) 1999-2006 Intel Corporation.
[    8.318297] initcall e1000_init_module+0x0/0x72 returned 0 after 12753 usecs
[    8.326861] calling  e1000_init_module+0x0/0x2d @ 1
[    8.332878] e1000e: Intel(R) PRO/1000 Network Driver
[    8.338943] e1000e: Copyright(c) 1999 - 2015 Intel Corporation.
[    8.346300] initcall e1000_init_module+0x0/0x2d returned 0 after 13125 usecs
[    8.355825] calling  sky2_init_module+0x0/0x21 @ 1
[    8.362251] sky2: driver version 1.30
[    8.366728] initcall sky2_init_module+0x0/0x21 returned 0 after 5016 usecs
[    8.375443] calling  forcedeth_pci_driver_init+0x0/0x15 @ 1
[    8.382689] initcall forcedeth_pci_driver_init+0x0/0x15 returned 0 after 320 usecs
[    8.392572] calling  rtl8139_init_module+0x0/0x15 @ 1
[    8.399020] initcall rtl8139_init_module+0x0/0x15 returned 0 after 337 usecs
[    8.408571] calling  rtl8169_pci_driver_init+0x0/0x15 @ 1
[    8.418550] initcall rtl8169_pci_driver_init+0x0/0x15 returned 0 after 1061 usecs
[    8.427946] calling  cdrom_init+0x0/0xc @ 1
[    8.433633] initcall cdrom_init+0x0/0xc returned 0 after 366 usecs
[    8.441634] calling  nonstatic_sysfs_init+0x0/0xc @ 1
[    8.448237] initcall nonstatic_sysfs_init+0x0/0xc returned 0 after 395 usecs
[    8.457860] ata1: SATA link down (SStatus 0 SControl 300)
[    8.464511] calling  yenta_cardbus_driver_init+0x0/0x15 @ 1
[    8.472793] ata4: SATA link down (SStatus 0 SControl 300)
[    8.479579] initcall yenta_cardbus_driver_init+0x0/0x15 returned 0 after 7934 usecs
[    8.490552] ata3: SATA link up 1.5 Gbps (SStatus 113 SControl 300)
[    8.499979] ata2: SATA link down (SStatus 0 SControl 300)
[    8.506614] calling  mon_init+0x0/0x123 @ 1
[    8.513358] ata6: SATA link down (SStatus 0 SControl 300)
[    8.520216] initcall mon_init+0x0/0x123 returned 0 after 8188 usecs
[    8.529358] ata5: SATA link down (SStatus 0 SControl 300)
[    8.535805] calling  ehci_hcd_init+0x0/0x55 @ 1
[    8.541648] ata3.00: ATAPI: QEMU DVD-ROM, 2.5+, max UDMA/100
[    8.548601] ehci_hcd: USB 2.0 'Enhanced' Host Controller (EHCI) Driver
[    8.556595] ata3.00: applying bridge limits
[    8.562673] ata3.00: configured for UDMA/100
[    8.568045] initcall ehci_hcd_init+0x0/0x55 returned 0 after 26178 usecs
[    8.577431] calling  ehci_pci_init+0x0/0x64 @ 1
[    8.583171] ehci-pci: EHCI PCI platform driver
[    8.589826] scsi 2:0:0:0: CD-ROM            QEMU     QEMU DVD-ROM     2.5+ PQ: 0 ANSI: 5
[    8.600212] initcall ehci_pci_init+0x0/0x64 returned 0 after 16643 usecs
[    8.610424] calling  ohci_hcd_mod_init+0x0/0x4d @ 1
[    8.616529] ohci_hcd: USB 1.1 'Open' Host Controller (OHCI) Driver
[    8.624098] initcall ohci_hcd_mod_init+0x0/0x4d returned 0 after 7408 usecs
[    8.632682] calling  ohci_pci_init+0x0/0x64 @ 1
[    8.638327] ohci-pci: OHCI PCI platform driver
[    8.643906] initcall ohci_pci_init+0x0/0x64 returned 0 after 5454 usecs
[    8.651899] calling  uhci_hcd_init+0x0/0xa6 @ 1
[    8.658767] sr 2:0:0:0: [sr0] scsi3-mmc drive: 4x/4x cd/rw xa/form2 tray
[    8.667243] uhci_hcd: USB Universal Host Controller Interface driver
[    8.675253] cdrom: Uniform CD-ROM driver Revision: 3.20
[    8.682336] initcall uhci_hcd_init+0x0/0xa6 returned 0 after 24297 usecs
[    8.690907] calling  xhci_hcd_init+0x0/0x1e @ 1
[    8.696949] initcall xhci_hcd_init+0x0/0x1e returned 0 after 45 usecs
[    8.705128] calling  xhci_pci_init+0x0/0x49 @ 1
[    8.710805] initcall xhci_pci_init+0x0/0x49 returned 0 after 47 usecs
[    8.719435] calling  usblp_driver_init+0x0/0x15 @ 1
[    8.727967] sr 2:0:0:0: Attached scsi CD-ROM sr0
[    8.734862] usbcore: registered new interface driver usblp
[    8.743374] sr 2:0:0:0: Attached scsi generic sg0 type 5
[    8.751697] initcall usblp_driver_init+0x0/0x15 returned 0 after 25499 usecs
[    8.762678] calling  usb_storage_driver_init+0x0/0x2a @ 1
[    8.780168] usbcore: registered new interface driver usb-storage
[    8.788504] initcall usb_storage_driver_init+0x0/0x2a returned 0 after 11230 usecs
[    8.798341] calling  i8042_init+0x0/0x4c2 @ 1
[    8.805590] i8042: PNP: PS/2 Controller [PNP0303:KBD,PNP0f13:MOU] at 0x60,0x64 irq 1,12
[    8.823779] serio: i8042 KBD port at 0x60,0x64 irq 1
[    8.830503] serio: i8042 AUX port at 0x60,0x64 irq 12
[    8.837279] initcall i8042_init+0x0/0x4c2 returned 0 after 32314 usecs
[    8.845618] calling  serport_init+0x0/0x2c @ 1
[    8.851492] initcall serport_init+0x0/0x2c returned 0 after 61 usecs
[    8.859446] calling  input_leds_init+0x0/0xc @ 1
[    8.865911] initcall input_leds_init+0x0/0xc returned 0 after 964 usecs
[    8.874073] calling  evdev_init+0x0/0xc @ 1
[    8.880540] initcall evdev_init+0x0/0xc returned 0 after 1097 usecs
[    8.888464] calling  atkbd_init+0x0/0x21 @ 1
[    8.899796] input: AT Translated Set 2 keyboard as /devices/platform/i8042/serio0/input/input1
[    8.913396] initcall atkbd_init+0x0/0x21 returned 0 after 17146 usecs
[    8.922904] calling  psmouse_init+0x0/0x7f @ 1
[    8.930243] initcall psmouse_init+0x0/0x7f returned 0 after 1564 usecs
[    8.948234] calling  cmos_init+0x0/0x73 @ 1
[    8.959722] rtc_cmos 00:04: RTC can wake from S4
[    8.976753] rtc_cmos 00:04: registered as rtc0
[    8.982459] rtc_cmos 00:04: alarms up to one day, y3k, 242 bytes nvram, hpet irqs
[    8.992425] initcall cmos_init+0x0/0x73 returned 0 after 37944 usecs
[    9.000700] calling  smbalert_driver_init+0x0/0xe @ 1
[    9.007107] initcall smbalert_driver_init+0x0/0xe returned 0 after 129 usecs
[    9.015940] calling  i2c_i801_init+0x0/0xc5 @ 1
[    9.025584] i801_smbus 0000:00:1f.3: SMBus using PCI interrupt
[    9.033293] i2c i2c-0: 1/1 memory slots populated (from DMI)
[    9.040106] i2c i2c-0: Memory type 0x07 not supported yet, not instantiating SPD
[    9.051037] initcall i2c_i801_init+0x0/0xc5 returned 0 after 28579 usecs
[    9.059326] calling  ptp_kvm_init+0x0/0xf0 @ 1
[    9.065095] initcall ptp_kvm_init+0x0/0xf0 returned 0 after 288 usecs
[    9.073016] calling  dm_init+0x0/0x3c @ 1
[    9.079080] device-mapper: ioctl: 4.43.0-ioctl (2020-10-01) initialised: dm-devel@redhat.com
[    9.089324] initcall dm_init+0x0/0x3c returned 0 after 11067 usecs
[    9.096957] calling  dm_mirror_init+0x0/0x29 @ 1
[    9.102784] initcall dm_mirror_init+0x0/0x29 returned 0 after 20 usecs
[    9.110882] calling  dm_dirty_log_init+0x0/0x4f @ 1
[    9.117050] initcall dm_dirty_log_init+0x0/0x4f returned 0 after 60 usecs
[    9.125326] calling  dm_zero_init+0x0/0x29 @ 1
[    9.130867] initcall dm_zero_init+0x0/0x29 returned 0 after 37 usecs
[    9.138751] calling  intel_pstate_init+0x0/0x4a2 @ 1
[    9.145035] intel_pstate: CPU model not supported
[    9.150948] initcall intel_pstate_init+0x0/0x4a2 returned -19 after 5814 usecs
[    9.159958] calling  haltpoll_init+0x0/0xc0 @ 1
[    9.165673] initcall haltpoll_init+0x0/0xc0 returned -19 after 31 usecs
[    9.173932] calling  efivars_sysfs_init+0x0/0x30 @ 1
[    9.180207] initcall efivars_sysfs_init+0x0/0x30 returned 0 after 41 usecs
[    9.195770] calling  esrt_sysfs_init+0x0/0x2a2 @ 1
[    9.201899] initcall esrt_sysfs_init+0x0/0x2a2 returned -38 after 33 usecs
[    9.210554] calling  hid_init+0x0/0x5c @ 1
[    9.216124] hid: raw HID events driver (C) Jiri Kosina
[    9.222804] initcall hid_init+0x0/0x5c returned 0 after 6705 usecs
[    9.230701] calling  hid_generic_init+0x0/0x15 @ 1
[    9.236953] initcall hid_generic_init+0x0/0x15 returned 0 after 83 usecs
[    9.245385] calling  a4_driver_init+0x0/0x15 @ 1
[    9.251349] initcall a4_driver_init+0x0/0x15 returned 0 after 22 usecs
[    9.259734] calling  apple_driver_init+0x0/0x15 @ 1
[    9.266072] initcall apple_driver_init+0x0/0x15 returned 0 after 43 usecs
[    9.274729] calling  belkin_driver_init+0x0/0x15 @ 1
[    9.281271] initcall belkin_driver_init+0x0/0x15 returned 0 after 36 usecs
[    9.289935] calling  ch_driver_init+0x0/0x15 @ 1
[    9.296059] initcall ch_driver_init+0x0/0x15 returned 0 after 16 usecs
[    9.304381] calling  ch_driver_init+0x0/0x15 @ 1
[    9.310502] initcall ch_driver_init+0x0/0x15 returned 0 after 15 usecs
[    9.318729] calling  cp_driver_init+0x0/0x15 @ 1
[    9.325056] initcall cp_driver_init+0x0/0x15 returned 0 after 21 usecs
[    9.333388] calling  ez_driver_init+0x0/0x15 @ 1
[    9.339477] initcall ez_driver_init+0x0/0x15 returned 0 after 24 usecs
[    9.347899] calling  gyration_driver_init+0x0/0x15 @ 1
[    9.354580] initcall gyration_driver_init+0x0/0x15 returned 0 after 17 usecs
[    9.365637] calling  ite_driver_init+0x0/0x15 @ 1
[    9.373076] initcall ite_driver_init+0x0/0x15 returned 0 after 26 usecs
[    9.382332] calling  ks_driver_init+0x0/0x15 @ 1
[    9.389262] initcall ks_driver_init+0x0/0x15 returned 0 after 163 usecs
[    9.399121] calling  lg_driver_init+0x0/0x15 @ 1
[    9.411944] initcall lg_driver_init+0x0/0x15 returned 0 after 3533 usecs
[    9.426411] calling  lg_g15_driver_init+0x0/0x15 @ 1
[    9.434389] initcall lg_g15_driver_init+0x0/0x15 returned 0 after 61 usecs
[    9.445364] calling  ms_driver_init+0x0/0x15 @ 1
[    9.452741] initcall ms_driver_init+0x0/0x15 returned 0 after 53 usecs
[    9.463290] calling  mr_driver_init+0x0/0x15 @ 1
[    9.470825] initcall mr_driver_init+0x0/0x15 returned 0 after 48 usecs
[    9.481321] calling  ntrig_driver_init+0x0/0x15 @ 1
[    9.489490] initcall ntrig_driver_init+0x0/0x15 returned 0 after 181 usecs
[    9.500788] calling  pl_driver_init+0x0/0x15 @ 1
[    9.508332] initcall pl_driver_init+0x0/0x15 returned 0 after 36 usecs
[    9.518749] calling  pl_driver_init+0x0/0x15 @ 1
[    9.526381] initcall pl_driver_init+0x0/0x15 returned 0 after 25 usecs
[    9.536622] calling  redragon_driver_init+0x0/0x15 @ 1
[    9.544090] initcall redragon_driver_init+0x0/0x15 returned 0 after 32 usecs
[    9.555273] calling  samsung_driver_init+0x0/0x15 @ 1
[    9.563488] initcall samsung_driver_init+0x0/0x15 returned 0 after 33 usecs
[    9.574875] calling  sony_init+0x0/0x38 @ 1
[    9.582331] initcall sony_init+0x0/0x38 returned 0 after 36 usecs
[    9.592605] calling  sp_driver_init+0x0/0x15 @ 1
[    9.601449] initcall sp_driver_init+0x0/0x15 returned 0 after 283 usecs
[    9.611620] calling  ts_driver_init+0x0/0x15 @ 1
[    9.620433] initcall ts_driver_init+0x0/0x15 returned 0 after 47 usecs
[    9.630325] calling  hid_init+0x0/0x58 @ 1
[    9.640471] usbcore: registered new interface driver usbhid
[    9.656235] usbhid: USB HID core driver
[    9.663059] input: ImExPS/2 Generic Explorer Mouse as /devices/platform/i8042/serio1/input/input3
[    9.677701] initcall hid_init+0x0/0x58 returned 0 after 40780 usecs
[    9.688971] calling  eeepc_laptop_init+0x0/0x57 @ 1
[    9.696496] initcall eeepc_laptop_init+0x0/0x57 returned -19 after 192 usecs
[    9.706851] calling  pmc_atom_init+0x0/0x27a @ 1
[    9.713925] initcall pmc_atom_init+0x0/0x27a returned -19 after 13 usecs
[    9.723612] calling  alsa_hwdep_init+0x0/0x5e @ 1
[    9.730373] initcall alsa_hwdep_init+0x0/0x5e returned 0 after 127 usecs
[    9.740584] calling  alsa_timer_init+0x0/0x1f0 @ 1
[    9.748843] initcall alsa_timer_init+0x0/0x1f0 returned 0 after 176 usecs
[    9.760202] calling  snd_hrtimer_init+0x0/0x117 @ 1
[    9.768590] initcall snd_hrtimer_init+0x0/0x117 returned 0 after 20 usecs
[    9.779662] calling  alsa_pcm_init+0x0/0x64 @ 1
[    9.786354] initcall alsa_pcm_init+0x0/0x64 returned 0 after 28 usecs
[    9.795431] calling  alsa_seq_init+0x0/0x4a @ 1
[    9.801910] initcall alsa_seq_init+0x0/0x4a returned 0 after 384 usecs
[    9.810907] calling  alsa_seq_dummy_init+0x0/0x9c @ 1
[    9.818023] initcall alsa_seq_dummy_init+0x0/0x9c returned 0 after 33 usecs
[    9.827889] calling  azx_driver_init+0x0/0x15 @ 1
[    9.834675] initcall azx_driver_init+0x0/0x15 returned 0 after 165 usecs
[    9.844106] calling  sock_diag_init+0x0/0x2a @ 1
[    9.851791] initcall sock_diag_init+0x0/0x2a returned 0 after 1296 usecs
[    9.861059] calling  blackhole_init+0x0/0xc @ 1
[    9.867467] initcall blackhole_init+0x0/0xc returned 0 after 100 usecs
[    9.876565] calling  nfnetlink_init+0x0/0x57 @ 1
[    9.883297] initcall nfnetlink_init+0x0/0x57 returned 0 after 106 usecs
[    9.893931] calling  nfnetlink_log_init+0x0/0x99 @ 1
[    9.901041] initcall nfnetlink_log_init+0x0/0x99 returned 0 after 148 usecs
[    9.910719] calling  nf_conntrack_standalone_init+0x0/0x87 @ 1
[    9.919943] initcall nf_conntrack_standalone_init+0x0/0x87 returned 0 after 1174 usecs
[    9.930990] calling  ctnetlink_init+0x0/0x83 @ 1
[    9.938738] initcall ctnetlink_init+0x0/0x83 returned 0 after 6 usecs
[    9.949266] calling  nf_conntrack_ftp_init+0x0/0x12c @ 1
[    9.957125] initcall nf_conntrack_ftp_init+0x0/0x12c returned 0 after 16 usecs
[    9.967758] calling  nf_conntrack_irc_init+0x0/0x129 @ 1
[    9.975515] initcall nf_conntrack_irc_init+0x0/0x129 returned 0 after 31 usecs
[    9.986146] calling  nf_conntrack_sip_init+0x0/0x172 @ 1
[    9.993846] initcall nf_conntrack_sip_init+0x0/0x172 returned 0 after 10 usecs
[   10.004607] calling  nf_nat_init+0x0/0xbb @ 1
[   10.011744] initcall nf_nat_init+0x0/0xbb returned 0 after 225 usecs
[   10.021422] calling  nf_nat_ftp_init+0x0/0x2a @ 1
[   10.046317] initcall nf_nat_ftp_init+0x0/0x2a returned 0 after 16079 usecs
[   10.069285] calling  nf_nat_irc_init+0x0/0x2a @ 1
[   10.084297] initcall nf_nat_irc_init+0x0/0x2a returned 0 after 7091 usecs
[   10.109200] calling  nf_nat_sip_init+0x0/0x36 @ 1
[   10.124323] initcall nf_nat_sip_init+0x0/0x36 returned 0 after 6795 usecs
[   10.150283] calling  xt_init+0x0/0xcf @ 1
[   10.169300] initcall xt_init+0x0/0xcf returned 0 after 11522 usecs
[   10.189337] calling  tcpudp_mt_init+0x0/0x11 @ 1
[   10.204345] initcall tcpudp_mt_init+0x0/0x11 returned 0 after 7424 usecs
[   10.226282] calling  connsecmark_tg_init+0x0/0xc @ 1
[   10.242273] initcall connsecmark_tg_init+0x0/0xc returned 0 after 7812 usecs
[   10.262300] calling  nflog_tg_init+0x0/0xc @ 1
[   10.275371] initcall nflog_tg_init+0x0/0xc returned 0 after 6364 usecs
[   10.296304] calling  secmark_tg_init+0x0/0x11 @ 1
[   10.317358] initcall secmark_tg_init+0x0/0x11 returned 0 after 13515 usecs
[   10.336301] calling  tcpmss_tg_init+0x0/0x11 @ 1
[   10.349321] initcall tcpmss_tg_init+0x0/0x11 returned 0 after 6097 usecs
[   10.371273] calling  conntrack_mt_init+0x0/0x11 @ 1
[   10.385254] initcall conntrack_mt_init+0x0/0x11 returned 0 after 6659 usecs
[   10.407273] calling  policy_mt_init+0x0/0x11 @ 1
[   10.421262] initcall policy_mt_init+0x0/0x11 returned 0 after 6549 usecs
[   10.443300] calling  state_mt_init+0x0/0xc @ 1
[   10.464297] initcall state_mt_init+0x0/0xc returned 0 after 13054 usecs
[   10.485299] calling  gre_offload_init+0x0/0x48 @ 1
[   10.502423] initcall gre_offload_init+0x0/0x48 returned 0 after 8511 usecs
[   10.526303] calling  sysctl_ipv4_init+0x0/0x46 @ 1
[   10.544833] initcall sysctl_ipv4_init+0x0/0x46 returned 0 after 9615 usecs
[   10.569291] calling  tunnel4_init+0x0/0x58 @ 1
[   10.586227] initcall tunnel4_init+0x0/0x58 returned 0 after 9026 usecs
[   10.608321] calling  nf_defrag_init+0x0/0xc @ 1
[   10.620342] initcall nf_defrag_init+0x0/0xc returned 0 after 5315 usecs
[   10.641295] calling  ip_tables_init+0x0/0x8d @ 1
[   10.657467] initcall ip_tables_init+0x0/0x8d returned 0 after 8217 usecs
[   10.681341] calling  iptable_filter_init+0x0/0x4c @ 1
[   10.698994] initcall iptable_filter_init+0x0/0x4c returned 0 after 8440 usecs
[   10.727287] calling  iptable_mangle_init+0x0/0xb8 @ 1
[   10.745468] initcall iptable_mangle_init+0x0/0xb8 returned 0 after 9980 usecs
[   10.769610] calling  reject_tg_init+0x0/0xc @ 1
[   10.788201] initcall reject_tg_init+0x0/0xc returned 0 after 10568 usecs
[   10.811445] calling  cubictcp_register+0x0/0x53 @ 1
[   10.831403] initcall cubictcp_register+0x0/0x53 returned 0 after 11539 usecs
[   10.852315] calling  xfrm_user_init+0x0/0x45 @ 1
[   10.870330] Initializing XFRM netlink socket
[   10.889883] initcall xfrm_user_init+0x0/0x45 returned 0 after 29188 usecs
[   10.913501] calling  inet6_init+0x0/0x35e @ 1
[   10.937878] NET: Registered protocol family 10
[   10.976698] Segment Routing with IPv6
[   10.991561] initcall inet6_init+0x0/0x35e returned 0 after 70315 usecs
[   11.019420] calling  ah6_init+0x0/0x71 @ 1
[   11.034362] initcall ah6_init+0x0/0x71 returned 0 after 8064 usecs
[   11.046550] calling  esp6_init+0x0/0x71 @ 1
[   11.054544] initcall esp6_init+0x0/0x71 returned 0 after 960 usecs
[   11.064885] calling  ip6_tables_init+0x0/0x8d @ 1
[   11.073743] initcall ip6_tables_init+0x0/0x8d returned 0 after 1223 usecs
[   11.088136] calling  ip6table_filter_init+0x0/0x4c @ 1
[   11.103554] initcall ip6table_filter_init+0x0/0x4c returned 0 after 6615 usecs
[   11.116099] calling  ip6table_mangle_init+0x0/0xb8 @ 1
[   11.127073] initcall ip6table_mangle_init+0x0/0xb8 returned 0 after 2647 usecs
[   11.139407] rcu_torture_rea (92) used greatest stack depth: 15504 bytes left
[   11.152347] calling  nf_defrag_init+0x0/0x45 @ 1
[   11.160000] initcall nf_defrag_init+0x0/0x45 returned 0 after 1018 usecs
[   11.170464] rcu-torture: rcu_torture_read_exit: End of episode
[   11.179994] calling  ipv6header_mt6_init+0x0/0xc @ 1
[   11.188363] initcall ipv6header_mt6_init+0x0/0xc returned 0 after 4 usecs
[   11.199316] calling  reject_tg6_init+0x0/0xc @ 1
[   11.206713] initcall reject_tg6_init+0x0/0xc returned 0 after 4 usecs
[   11.217022] calling  sit_init+0x0/0xc3 @ 1
[   11.226400] sit: IPv6, IPv4 and MPLS over IPv4 tunneling driver
[   11.244543] initcall sit_init+0x0/0xc3 returned 0 after 20356 usecs
[   11.254444] calling  packet_init+0x0/0x75 @ 1
[   11.262427] NET: Registered protocol family 17
[   11.270702] initcall packet_init+0x0/0x75 returned 0 after 8860 usecs
[   11.280881] calling  init_rpcsec_gss+0x0/0x60 @ 1
[   11.289895] initcall init_rpcsec_gss+0x0/0x60 returned 0 after 955 usecs
[   11.300003] calling  init_dns_resolver+0x0/0xca @ 1
