c[?7l[2J[0mSeaBIOS (version 1.16.0-debian-1.16.0-4)
Booting from ROM...
early console in setup code
c[?7l[2J[    0.000000] Linux version 5.10.155+ (root@joelboxx.c.googlers.com) (gcc (Debian 12.2.0-3) 12.2.0, GNU ld (GNU Binutils for Debian) 2.39) #3 SMP PREEMPT Tue Dec 13 05:20:15 UTC 2022
[    0.000000] Command line: selinux=0 initcall_debug debug console=ttyS0 rcutorture.torture_type=srcud rcupdate.rcu_self_test=1 rcutorture.onoff_interval=1000 rcutorture.onoff_holdoff=30 rcutorture.n_barrier_cbs=4 rcutorture.stat_interval=15 rcutorture.shutdown_secs=1800 rcutorture.test_no_idle_hz=1 rcutorture.verbose=1
[    0.000000] x86/fpu: x87 FPU will use FXSAVE
[    0.000000] BIOS-provided physical RAM map:
[    0.000000] BIOS-e820: [mem 0x0000000000000000-0x000000000009fbff] usable
[    0.000000] BIOS-e820: [mem 0x000000000009fc00-0x000000000009ffff] reserved
[    0.000000] BIOS-e820: [mem 0x00000000000f0000-0x00000000000fffff] reserved
[    0.000000] BIOS-e820: [mem 0x0000000000100000-0x000000001ffdefff] usable
[    0.000000] BIOS-e820: [mem 0x000000001ffdf000-0x000000001fffffff] reserved
[    0.000000] BIOS-e820: [mem 0x00000000b0000000-0x00000000bfffffff] reserved
[    0.000000] BIOS-e820: [mem 0x00000000fed1c000-0x00000000fed1ffff] reserved
[    0.000000] BIOS-e820: [mem 0x00000000feffc000-0x00000000feffffff] reserved
[    0.000000] BIOS-e820: [mem 0x00000000fffc0000-0x00000000ffffffff] reserved
[    0.000000] NX (Execute Disable) protection: active
[    0.000000] SMBIOS 2.8 present.
[    0.000000] DMI: QEMU Standard PC (Q35 + ICH9, 2009), BIOS 1.16.0-debian-1.16.0-4 04/01/2014
[    0.000000] Hypervisor detected: KVM
[    0.000000] kvm-clock: Using msrs 4b564d01 and 4b564d00
[    0.000000] kvm-clock: cpu 0, msr 1cb29001, primary cpu clock
[    0.000001] kvm-clock: using sched offset of 1996722251 cycles
[    0.000155] clocksource: kvm-clock: mask: 0xffffffffffffffff max_cycles: 0x1cd42e4dffb, max_idle_ns: 881590591483 ns
[    0.000361] tsc: Detected 1999.999 MHz processor
[    0.007955] e820: update [mem 0x00000000-0x00000fff] usable ==> reserved
[    0.007969] e820: remove [mem 0x000a0000-0x000fffff] usable
[    0.007982] last_pfn = 0x1ffdf max_arch_pfn = 0x400000000
[    0.009011] MTRR default type: write-back
[    0.009111] MTRR fixed ranges enabled:
[    0.009116]   00000-9FFFF write-back
[    0.009119]   A0000-BFFFF uncachable
[    0.009122]   C0000-FFFFF write-protect
[    0.009126] MTRR variable ranges enabled:
[    0.009130]   0 base 00C0000000 mask FFC0000000 uncachable
[    0.009134]   1 disabled
[    0.009137]   2 disabled
[    0.009140]   3 disabled
[    0.009143]   4 disabled
[    0.009146]   5 disabled
[    0.009149]   6 disabled
[    0.009151]   7 disabled
[    0.009599] x86/PAT: Configuration [0-7]: WB  WC  UC- UC  WB  WC  UC- UC  
[    0.022070] found SMP MP-table at [mem 0x000f5ba0-0x000f5baf]
[    0.024702] check: Scanning 1 areas for low memory corruption
[    0.039335] ACPI: Early table checksum verification disabled
[    0.040753] ACPI: RSDP 0x00000000000F59E0 000014 (v00 BOCHS )
[    0.041000] ACPI: RSDT 0x000000001FFE252A 000038 (v01 BOCHS  BXPC     00000001 BXPC 00000001)
[    0.041186] ACPI: FACP 0x000000001FFE22EA 0000F4 (v03 BOCHS  BXPC     00000001 BXPC 00000001)
[    0.041197] ACPI: DSDT 0x000000001FFE0040 0022AA (v01 BOCHS  BXPC     00000001 BXPC 00000001)
[    0.041204] ACPI: FACS 0x000000001FFE0000 000040
[    0.041211] ACPI: APIC 0x000000001FFE23DE 0000B0 (v01 BOCHS  BXPC     00000001 BXPC 00000001)
[    0.041255] ACPI: HPET 0x000000001FFE248E 000038 (v01 BOCHS  BXPC     00000001 BXPC 00000001)
[    0.041263] ACPI: MCFG 0x000000001FFE24C6 00003C (v01 BOCHS  BXPC     00000001 BXPC 00000001)
[    0.041270] ACPI: WAET 0x000000001FFE2502 000028 (v01 BOCHS  BXPC     00000001 BXPC 00000001)
[    0.041276] ACPI: Reserving FACP table memory at [mem 0x1ffe22ea-0x1ffe23dd]
[    0.041280] ACPI: Reserving DSDT table memory at [mem 0x1ffe0040-0x1ffe22e9]
[    0.041282] ACPI: Reserving FACS table memory at [mem 0x1ffe0000-0x1ffe003f]
[    0.041285] ACPI: Reserving APIC table memory at [mem 0x1ffe23de-0x1ffe248d]
[    0.041287] ACPI: Reserving HPET table memory at [mem 0x1ffe248e-0x1ffe24c5]
[    0.041290] ACPI: Reserving MCFG table memory at [mem 0x1ffe24c6-0x1ffe2501]
[    0.041292] ACPI: Reserving WAET table memory at [mem 0x1ffe2502-0x1ffe2529]
[    0.042094] ACPI: Local APIC address 0xfee00000
[    0.051908] No NUMA configuration found
[    0.053006] Faking a node at [mem 0x0000000000000000-0x000000001ffdefff]
[    0.053468] NODE_DATA(0) allocated [mem 0x1ffdb000-0x1ffdefff]
[    0.057014] Zone ranges:
[    0.057085]   DMA      [mem 0x0000000000001000-0x0000000000ffffff]
[    0.057134]   DMA32    [mem 0x0000000001000000-0x000000001ffdefff]
[    0.057138]   Normal   empty
[    0.057142] Movable zone start for each node
[    0.057144] Early memory node ranges
[    0.057147]   node   0: [mem 0x0000000000001000-0x000000000009efff]
[    0.057218]   node   0: [mem 0x0000000000100000-0x000000001ffdefff]
[    0.057276] Initmem setup node 0 [mem 0x0000000000001000-0x000000001ffdefff]
[    0.057279] On node 0 totalpages: 130941
[    0.057444]   DMA zone: 64 pages used for memmap
[    0.057447]   DMA zone: 21 pages reserved
[    0.057449]   DMA zone: 3998 pages, LIFO batch:0
[    0.057452]   DMA32 zone: 1984 pages used for memmap
[    0.057454]   DMA32 zone: 126943 pages, LIFO batch:31
[    0.058401] On node 0, zone DMA: 1 pages in unavailable ranges
[    0.061373] On node 0, zone DMA: 97 pages in unavailable ranges
[    0.157017] On node 0, zone DMA32: 33 pages in unavailable ranges
[    0.162324] ACPI: PM-Timer IO Port: 0x608
[    0.162386] ACPI: Local APIC address 0xfee00000
[    0.162923] ACPI: LAPIC_NMI (acpi_id[0xff] dfl dfl lint[0x1])
[    0.164616] IOAPIC[0]: apic_id 0, version 17, address 0xfec00000, GSI 0-23
[    0.164840] ACPI: INT_SRC_OVR (bus 0 bus_irq 0 global_irq 2 dfl dfl)
[    0.164967] ACPI: INT_SRC_OVR (bus 0 bus_irq 5 global_irq 5 high level)
[    0.164970] ACPI: INT_SRC_OVR (bus 0 bus_irq 9 global_irq 9 high level)
[    0.165075] ACPI: INT_SRC_OVR (bus 0 bus_irq 10 global_irq 10 high level)
[    0.165124] ACPI: INT_SRC_OVR (bus 0 bus_irq 11 global_irq 11 high level)
[    0.165129] ACPI: IRQ0 used by override.
[    0.165131] ACPI: IRQ5 used by override.
[    0.165134] ACPI: IRQ9 used by override.
[    0.165136] ACPI: IRQ10 used by override.
[    0.165138] ACPI: IRQ11 used by override.
[    0.165235] Using ACPI (MADT) for SMP configuration information
[    0.165325] ACPI: HPET id: 0x8086a201 base: 0xfed00000
[    0.166097] smpboot: Allowing 8 CPUs, 0 hotplug CPUs
[    0.168415] PM: hibernation: Registered nosave memory: [mem 0x00000000-0x00000fff]
[    0.168419] PM: hibernation: Registered nosave memory: [mem 0x0009f000-0x0009ffff]
[    0.168422] PM: hibernation: Registered nosave memory: [mem 0x000a0000-0x000effff]
[    0.168424] PM: hibernation: Registered nosave memory: [mem 0x000f0000-0x000fffff]
[    0.168591] [mem 0x20000000-0xafffffff] available for PCI devices
[    0.168624] Booting paravirtualized kernel on KVM
[    0.169265] clocksource: refined-jiffies: mask: 0xffffffff max_cycles: 0xffffffff, max_idle_ns: 1910969940391419 ns
[    0.189783] setup_percpu: NR_CPUS:8 nr_cpumask_bits:8 nr_cpu_ids:8 nr_node_ids:1
[    0.223022] percpu: Embedded 58 pages/cpu s198480 r8192 d30896 u262144
[    0.223076] pcpu-alloc: s198480 r8192 d30896 u262144 alloc=1*2097152
[    0.223127] pcpu-alloc: [0] 0 1 2 3 4 5 6 7 
[    0.223568] kvm-guest: stealtime: cpu 0, msr 1f41bb40
[    0.225291] Built 1 zonelists, mobility grouping on.  Total pages: 128872
[    0.225296] Policy zone: DMA32
[    0.225417] Kernel command line: selinux=0 initcall_debug debug console=ttyS0 rcutorture.torture_type=srcud rcupdate.rcu_self_test=1 rcutorture.onoff_interval=1000 rcutorture.onoff_holdoff=30 rcutorture.n_barrier_cbs=4 rcutorture.stat_interval=15 rcutorture.shutdown_secs=1800 rcutorture.test_no_idle_hz=1 rcutorture.verbose=1
[    0.228152] Dentry cache hash table entries: 65536 (order: 7, 524288 bytes, linear)
[    0.228226] Inode-cache hash table entries: 32768 (order: 6, 262144 bytes, linear)
[    0.229030] mem auto-init: stack:all(zero), heap alloc:off, heap free:off
[    0.243444] Memory: 465384K/523764K available (16398K kernel code, 2809K rwdata, 4832K rodata, 1520K init, 13268K bss, 58120K reserved, 0K cma-reserved)
[    0.245274] SLUB: HWalign=64, Order=0-3, MinObjects=0, CPUs=8, Nodes=1
[    0.246395] Kernel/User page tables isolation: enabled
[    0.284384] Running RCU self tests
[    0.285168] rcu: RCU calculated value of scheduler-enlistment delay is 100 jiffies.
[    0.286556] rcu: Preemptible hierarchical RCU implementation.
[    0.286560] rcu: 	CONFIG_RCU_FANOUT set to non-default value of 2.
[    0.286562] rcu: 	RCU lockdep checking is enabled.
[    0.286564] rcu: 	Build-time adjustment of leaf fanout to 2.
[    0.286567] rcu: 	Boot-time adjustment of first FQS scan delay to 3 jiffies.
[    0.286569] rcu: 	Boot-time adjustment of subsequent FQS scan delay to 3 jiffies.
[    0.286572] 	Trampoline variant of Tasks RCU enabled.
[    0.286574] 	Rude variant of Tasks RCU enabled.
[    0.286576] 	Tracing variant of Tasks RCU enabled.
[    0.301220] NR_IRQS: 4352, nr_irqs: 488, preallocated irqs: 16
[    0.305981] calling  con_init+0x0/0x24f @ 0
[    0.481572] Console: colour VGA+ 80x25
[    0.481782] initcall con_init+0x0/0x24f returned 0 after 0 usecs
[    0.481786] calling  hvc_console_init+0x0/0x13 @ 0
[    0.481848] initcall hvc_console_init+0x0/0x13 returned 0 after 0 usecs
[    0.481851] calling  univ8250_console_init+0x0/0x26 @ 0
[    1.435814] printk: console [ttyS0] enabled
[    1.440999] initcall univ8250_console_init+0x0/0x26 returned 0 after 0 usecs
[    1.448776] Lock dependency validator: Copyright (c) 2006 Red Hat, Inc., Ingo Molnar
[    1.457210] ... MAX_LOCKDEP_SUBCLASSES:  8
[    1.461758] ... MAX_LOCK_DEPTH:          48
[    1.466525] ... MAX_LOCKDEP_KEYS:        8192
[    1.471365] ... CLASSHASH_SIZE:          4096
[    1.476225] ... MAX_LOCKDEP_ENTRIES:     32768
[    1.481195] ... MAX_LOCKDEP_CHAINS:      65536
[    1.486123] ... CHAINHASH_SIZE:          32768
[    1.491029]  memory used by lock dependency info: 6365 kB
[    1.496924]  memory used for stack traces: 4224 kB
[    1.502188]  per task-struct memory footprint: 1920 bytes
[    1.510731] ACPI: Core revision 20200925
[    1.518389] clocksource: hpet: mask: 0xffffffff max_cycles: 0xffffffff, max_idle_ns: 19112604467 ns
[    1.534050] APIC: Switch to symmetric I/O mode setup
[    1.555739] ..TIMER: vector=0x30 apic1=0 pin1=2 apic2=-1 pin2=-1
[    1.562852] clocksource: tsc-early: mask: 0xffffffffffffffff max_cycles: 0x39a85afc727, max_idle_ns: 881590685098 ns
[    1.574764] Calibrating delay loop (skipped) preset value.. 3999.99 BogoMIPS (lpj=1999999)
[    1.575623] pid_max: default: 32768 minimum: 301
[    1.578051] LSM: Security Framework initializing
[    1.579032] Mount-cache hash table entries: 1024 (order: 1, 8192 bytes, linear)
[    1.579634] Mountpoint-cache hash table entries: 1024 (order: 1, 8192 bytes, linear)
[    1.589188] Last level iTLB entries: 4KB 0, 2MB 0, 4MB 0
[    1.589617] Last level dTLB entries: 4KB 0, 2MB 0, 4MB 0, 1GB 0
[    1.590677] Spectre V1 : Mitigation: usercopy/swapgs barriers and __user pointer sanitization
[    1.591607] Spectre V2 : Mitigation: Retpolines
[    1.592605] Spectre V2 : Spectre v2 / SpectreRSB mitigation: Filling RSB on context switch
[    1.593607] Spectre V2 : Spectre v2 / SpectreRSB : Filling RSB on VMEXIT
[    1.594606] Speculative Store Bypass: Vulnerable
[    1.595638] MDS: Vulnerable: Clear CPU buffers attempted, no microcode
[    1.596605] MMIO Stale Data: Unknown: No mitigations
[    1.660153] Freeing SMP alternatives memory: 40K
[    1.763600] smpboot: CPU0: Intel Common KVM processor (family: 0xf, model: 0x6, stepping: 0x1)
[    1.766886] calling  init_hw_perf_events+0x0/0x6ce @ 1
[    1.767683] Performance Events: unsupported Netburst CPU model 6 no PMU driver, software events only.
[    1.768612] initcall init_hw_perf_events+0x0/0x6ce returned 0 after 976 usecs
[    1.769640] RCU test callback executed 1
[    1.770635] calling  init_real_mode+0x0/0x1e9 @ 1
[    1.772737] initcall init_real_mode+0x0/0x1e9 returned 0 after 976 usecs
[    1.773612] calling  trace_init_perf_perm_irq_work_exit+0x0/0x12 @ 1
[    1.774653] initcall trace_init_perf_perm_irq_work_exit+0x0/0x12 returned 0 after 0 usecs
[    1.775617] calling  validate_x2apic+0x0/0x4a @ 1
[    1.776667] initcall validate_x2apic+0x0/0x4a returned 0 after 0 usecs
[    1.777626] calling  register_nmi_cpu_backtrace_handler+0x0/0x15 @ 1
[    1.778629] initcall register_nmi_cpu_backtrace_handler+0x0/0x15 returned 0 after 0 usecs
[    1.779613] calling  kvm_setup_vsyscall_timeinfo+0x0/0xce @ 1
[    1.780610] initcall kvm_setup_vsyscall_timeinfo+0x0/0xce returned 0 after 0 usecs
[    1.781608] calling  spawn_ksoftirqd+0x0/0x38 @ 1
[    1.783815] initcall spawn_ksoftirqd+0x0/0x38 returned 0 after 976 usecs
[    1.784608] calling  migration_init+0x0/0x31 @ 1
[    1.785620] initcall migration_init+0x0/0x31 returned 0 after 0 usecs
[    1.786608] calling  srcu_bootup_announce+0x0/0x2f @ 1
[    1.787625] rcu: Hierarchical SRCU implementation.
[    1.788615] initcall srcu_bootup_announce+0x0/0x2f returned 0 after 976 usecs
[    1.789610] calling  rcu_spawn_gp_kthread+0x0/0x1b0 @ 1
[    1.791733] initcall rcu_spawn_gp_kthread+0x0/0x1b0 returned 0 after 976 usecs
[    1.792610] calling  check_cpu_stall_init+0x0/0x1a @ 1
[    1.793611] initcall check_cpu_stall_init+0x0/0x1a returned 0 after 0 usecs
[    1.794609] calling  rcu_sysrq_init+0x0/0x21 @ 1
[    1.795657] initcall rcu_sysrq_init+0x0/0x21 returned 0 after 0 usecs
[    1.796670] calling  trace_init_flags_sys_enter+0x0/0xe @ 1
[    1.797620] RCU test callback executed 2
[    1.798609] initcall trace_init_flags_sys_enter+0x0/0xe returned 0 after 0 usecs
[    1.799611] calling  trace_init_flags_sys_exit+0x0/0xe @ 1
[    1.800610] initcall trace_init_flags_sys_exit+0x0/0xe returned 0 after 0 usecs
[    1.801634] calling  cpu_stop_init+0x0/0x8d @ 1
[    1.803110] initcall cpu_stop_init+0x0/0x8d returned 0 after 0 usecs
[    1.803611] calling  init_kprobes+0x0/0x16e @ 1
[    1.805075] initcall init_kprobes+0x0/0x16e returned 0 after 0 usecs
[    1.805609] calling  init_events+0x0/0x3d @ 1
[    1.806898] initcall init_events+0x0/0x3d returned 0 after 0 usecs
[    1.807609] calling  init_trace_printk+0x0/0xc @ 1
[    1.808609] initcall init_trace_printk+0x0/0xc returned 0 after 0 usecs
[    1.809608] calling  event_trace_enable_again+0x0/0x23 @ 1
[    1.810610] initcall event_trace_enable_again+0x0/0x23 returned 0 after 0 usecs
[    1.811608] calling  static_call_init+0x0/0x79 @ 1
[    1.812628] initcall static_call_init+0x0/0x79 returned 0 after 0 usecs
[    1.813632] calling  jump_label_init_module+0x0/0xc @ 1
[    1.814617] initcall jump_label_init_module+0x0/0xc returned 0 after 0 usecs
[    1.815613] calling  init_zero_pfn+0x0/0x37 @ 1
[    1.816611] initcall init_zero_pfn+0x0/0x37 returned 0 after 0 usecs
[    1.817614] calling  initialize_ptr_random+0x0/0x54 @ 1
[    1.818730] initcall initialize_ptr_random+0x0/0x54 returned 0 after 0 usecs
[    1.819641] calling  efi_memreserve_root_init+0x0/0x25 @ 1
[    1.820657] initcall efi_memreserve_root_init+0x0/0x25 returned 0 after 0 usecs
[    1.821614] calling  efi_earlycon_remap_fb+0x0/0x51 @ 1
[    1.822615] initcall efi_earlycon_remap_fb+0x0/0x51 returned 0 after 0 usecs
[    1.825921] smp: Bringing up secondary CPUs ...
[    1.830051] x86: Booting SMP configuration:
[    1.830618] .... node  #0, CPUs:      #1
[    1.268076] kvm-clock: cpu 1, msr 1cb29041, secondary cpu clock
[    1.859016] kvm-guest: stealtime: cpu 1, msr 1f45bb40
[    1.877637]  #2
[    1.268076] kvm-clock: cpu 2, msr 1cb29081, secondary cpu clock
[    1.899804] kvm-guest: stealtime: cpu 2, msr 1f49bb40
[    1.914637]  #3
[    1.268076] kvm-clock: cpu 3, msr 1cb290c1, secondary cpu clock
[    1.936819] kvm-guest: stealtime: cpu 3, msr 1f4dbb40
[    1.952434]  #4
[    1.268076] kvm-clock: cpu 4, msr 1cb29101, secondary cpu clock
[    1.975602] kvm-guest: stealtime: cpu 4, msr 1f51bb40
[    1.991268]  #5
[    1.268076] kvm-clock: cpu 5, msr 1cb29141, secondary cpu clock
[    2.012822] kvm-guest: stealtime: cpu 5, msr 1f55bb40
[    2.026989]  #6
[    1.268076] kvm-clock: cpu 6, msr 1cb29181, secondary cpu clock
[    2.050851] kvm-guest: stealtime: cpu 6, msr 1f59bb40
[    2.067626]  #7
[    1.268076] kvm-clock: cpu 7, msr 1cb291c1, secondary cpu clock
[    2.089798] kvm-guest: stealtime: cpu 7, msr 1f5dbb40
[    2.104246] smp: Brought up 1 node, 8 CPUs
[    2.104637] smpboot: Max logical packages: 1
[    2.105609] smpboot: Total of 8 processors activated (31999.98 BogoMIPS)
[    2.122997] devtmpfs: initialized
[    2.126074] calling  ipc_ns_init+0x0/0x3d @ 1
[    2.126621] initcall ipc_ns_init+0x0/0x3d returned 0 after 0 usecs
[    2.127926] calling  init_mmap_min_addr+0x0/0x21 @ 1
[    2.128610] initcall init_mmap_min_addr+0x0/0x21 returned 0 after 0 usecs
[    2.129609] calling  pci_realloc_setup_params+0x0/0x3f @ 1
[    2.130614] initcall pci_realloc_setup_params+0x0/0x3f returned 0 after 0 usecs
[    2.131611] calling  net_ns_init+0x0/0x140 @ 1
[    2.134086] initcall net_ns_init+0x0/0x140 returned 0 after 976 usecs
[    2.134629] calling  e820__register_nvs_regions+0x0/0x37 @ 1
[    2.135612] initcall e820__register_nvs_regions+0x0/0x37 returned 0 after 0 usecs
[    2.136610] calling  cpufreq_register_tsc_scaling+0x0/0x2e @ 1
[    2.137615] initcall cpufreq_register_tsc_scaling+0x0/0x2e returned 0 after 0 usecs
[    2.138609] calling  reboot_init+0x0/0x3c @ 1
[    2.139650] initcall reboot_init+0x0/0x3c returned 0 after 0 usecs
[    2.140609] calling  init_lapic_sysfs+0x0/0x20 @ 1
[    2.141666] initcall init_lapic_sysfs+0x0/0x20 returned 0 after 0 usecs
[    2.142609] calling  alloc_frozen_cpus+0x0/0x7 @ 1
[    2.143614] initcall alloc_frozen_cpus+0x0/0x7 returned 0 after 0 usecs
[    2.144611] calling  cpu_hotplug_pm_sync_init+0x0/0x13 @ 1
[    2.145635] initcall cpu_hotplug_pm_sync_init+0x0/0x13 returned 0 after 0 usecs
[    2.146618] calling  wq_sysfs_init+0x0/0x2a @ 1
[    2.147793] initcall wq_sysfs_init+0x0/0x2a returned 0 after 0 usecs
[    2.148610] calling  ksysfs_init+0x0/0x92 @ 1
[    2.149637] initcall ksysfs_init+0x0/0x92 returned 0 after 0 usecs
[    2.150614] calling  schedutil_gov_init+0x0/0xc @ 1
[    2.151760] initcall schedutil_gov_init+0x0/0xc returned 0 after 0 usecs
[    2.152614] calling  pm_init+0x0/0x76 @ 1
[    2.154752] initcall pm_init+0x0/0x76 returned 0 after 976 usecs
[    2.155611] calling  pm_disk_init+0x0/0x13 @ 1
[    2.156731] initcall pm_disk_init+0x0/0x13 returned 0 after 0 usecs
[    2.157611] calling  swsusp_header_init+0x0/0x2b @ 1
[    2.158615] initcall swsusp_header_init+0x0/0x2b returned 0 after 0 usecs
[    2.159613] calling  rcu_set_runtime_mode+0x0/0x2a @ 1
[    2.163735] initcall rcu_set_runtime_mode+0x0/0x2a returned 0 after 2929 usecs
[    2.164614] calling  init_jiffies_clocksource+0x0/0x13 @ 1
[    2.165610] clocksource: jiffies: mask: 0xffffffff max_cycles: 0xffffffff, max_idle_ns: 1911260446275000 ns
[    2.166635] initcall init_jiffies_clocksource+0x0/0x13 returned 0 after 976 usecs
[    2.167611] calling  futex_init+0x0/0x118 @ 1
[    2.168615] futex hash table entries: 2048 (order: 6, 262144 bytes, linear)
[    2.170896] initcall futex_init+0x0/0x118 returned 0 after 1953 usecs
[    2.171618] calling  cgroup_wq_init+0x0/0x28 @ 1
[    2.172657] initcall cgroup_wq_init+0x0/0x28 returned 0 after 0 usecs
[    2.173619] calling  cgroup1_wq_init+0x0/0x28 @ 1
[    2.174645] initcall cgroup1_wq_init+0x0/0x28 returned 0 after 0 usecs
[    2.175613] calling  init_kprobe_trace_early+0x0/0x2a @ 1
[    2.176717] initcall init_kprobe_trace_early+0x0/0x2a returned 0 after 0 usecs
[    2.177616] calling  fsnotify_init+0x0/0x56 @ 1
[    2.178636] initcall fsnotify_init+0x0/0x56 returned 0 after 0 usecs
[    2.179611] calling  filelock_init+0x0/0xb3 @ 1
[    2.180648] initcall filelock_init+0x0/0xb3 returned 0 after 0 usecs
[    2.181741] calling  init_misc_binfmt+0x0/0x2c @ 1
[    2.182960] initcall init_misc_binfmt+0x0/0x2c returned 0 after 0 usecs
[    2.183620] calling  init_script_binfmt+0x0/0x15 @ 1
[    2.184628] initcall init_script_binfmt+0x0/0x15 returned 0 after 0 usecs
[    2.185612] calling  init_elf_binfmt+0x0/0x15 @ 1
[    2.186612] initcall init_elf_binfmt+0x0/0x15 returned 0 after 0 usecs
[    2.187610] calling  init_compat_elf_binfmt+0x0/0x15 @ 1
[    2.188610] initcall init_compat_elf_binfmt+0x0/0x15 returned 0 after 0 usecs
[    2.189616] calling  debugfs_init+0x0/0x5c @ 1
[    2.190640] initcall debugfs_init+0x0/0x5c returned 0 after 0 usecs
[    2.191610] calling  tracefs_init+0x0/0x3a @ 1
[    2.192619] initcall tracefs_init+0x0/0x3a returned 0 after 0 usecs
[    2.193610] calling  prandom_init_early+0x0/0x15d @ 1
[    2.194611] initcall prandom_init_early+0x0/0x15d returned 0 after 0 usecs
[    2.195611] calling  virtio_init+0x0/0x20 @ 1
[    2.196691] initcall virtio_init+0x0/0x20 returned 0 after 0 usecs
[    2.197612] calling  iommu_init+0x0/0x2a @ 1
[    2.198648] initcall iommu_init+0x0/0x2a returned 0 after 0 usecs
[    2.199610] calling  component_debug_init+0x0/0x1c @ 1
[    2.200863] initcall component_debug_init+0x0/0x1c returned 0 after 0 usecs
[    2.201615] calling  early_resume_init+0x0/0xb9 @ 1
[    2.203607] PM: RTC time: 05:41:52, date: 2022-12-13
[    2.204629] initcall early_resume_init+0x0/0xb9 returned 0 after 1953 usecs
[    2.205610] calling  cpufreq_core_init+0x0/0x62 @ 1
[    2.206618] initcall cpufreq_core_init+0x0/0x62 returned 0 after 0 usecs
[    2.207609] calling  cpufreq_gov_performance_init+0x0/0xc @ 1
[    2.208657] initcall cpufreq_gov_performance_init+0x0/0xc returned 0 after 0 usecs
[    2.209614] calling  cpufreq_gov_userspace_init+0x0/0xc @ 1
[    2.210616] initcall cpufreq_gov_userspace_init+0x0/0xc returned 0 after 0 usecs
[    2.211611] calling  CPU_FREQ_GOV_ONDEMAND_init+0x0/0xc @ 1
[    2.212614] initcall CPU_FREQ_GOV_ONDEMAND_init+0x0/0xc returned 0 after 0 usecs
[    2.213610] calling  cpuidle_init+0x0/0x1f @ 1
[    2.214627] initcall cpuidle_init+0x0/0x1f returned 0 after 0 usecs
[    2.215613] calling  capsule_reboot_register+0x0/0xc @ 1
[    2.216689] initcall capsule_reboot_register+0x0/0xc returned 0 after 0 usecs
[    2.217614] calling  sock_init+0x0/0x93 @ 1
[    2.220082] initcall sock_init+0x0/0x93 returned 0 after 976 usecs
[    2.220612] calling  net_inuse_init+0x0/0x23 @ 1
[    2.221644] initcall net_inuse_init+0x0/0x23 returned 0 after 0 usecs
[    2.222610] calling  net_defaults_init+0x0/0x23 @ 1
[    2.223611] initcall net_defaults_init+0x0/0x23 returned 0 after 0 usecs
[    2.224610] calling  init_default_flow_dissectors+0x0/0x4f @ 1
[    2.225611] initcall init_default_flow_dissectors+0x0/0x4f returned 0 after 0 usecs
[    2.226610] calling  netpoll_init+0x0/0x44 @ 1
[    2.227610] initcall netpoll_init+0x0/0x44 returned 0 after 0 usecs
[    2.228610] calling  netlink_proto_init+0x0/0x154 @ 1
[    2.230960] NET: Registered protocol family 16
[    2.231816] initcall netlink_proto_init+0x0/0x154 returned 0 after 1953 usecs
[    2.232626] calling  genl_init+0x0/0x35 @ 1
[    2.233686] initcall genl_init+0x0/0x35 returned 0 after 0 usecs
[    2.234654] calling  bsp_pm_check_init+0x0/0x13 @ 1
[    2.236612] initcall bsp_pm_check_init+0x0/0x13 returned 0 after 0 usecs
[    2.237625] calling  irq_sysfs_init+0x0/0xb9 @ 1
[    2.239028] initcall irq_sysfs_init+0x0/0xb9 returned 0 after 0 usecs
[    2.239610] calling  audit_init+0x0/0x127 @ 1
[    2.240614] audit: initializing netlink subsys (disabled)
[    2.242754] initcall audit_init+0x0/0x127 returned 0 after 1953 usecs
[    2.242689] audit: type=2000 audit(1670910110.179:1): state=initialized audit_enabled=0 res=1
[    2.244612] calling  release_early_probes+0x0/0x32 @ 1
[    2.245620] initcall release_early_probes+0x0/0x32 returned 0 after 0 usecs
[    2.246613] calling  bdi_class_init+0x0/0x48 @ 1
[    2.247666] initcall bdi_class_init+0x0/0x48 returned 0 after 0 usecs
[    2.248612] calling  mm_sysfs_init+0x0/0x28 @ 1
[    2.249634] initcall mm_sysfs_init+0x0/0x28 returned 0 after 0 usecs
[    2.250611] calling  init_per_zone_wmark_min+0x0/0x6d @ 1
[    2.251667] initcall init_per_zone_wmark_min+0x0/0x6d returned 0 after 0 usecs
[    2.252611] calling  mpi_init+0x0/0x3e @ 1
[    2.253619] initcall mpi_init+0x0/0x3e returned 0 after 0 usecs
[    2.254611] calling  kobject_uevent_init+0x0/0xc @ 1
[    2.255662] initcall kobject_uevent_init+0x0/0xc returned 0 after 0 usecs
[    2.256609] calling  pcibus_class_init+0x0/0x13 @ 1
[    2.257664] initcall pcibus_class_init+0x0/0x13 returned 0 after 0 usecs
[    2.258627] calling  pci_driver_init+0x0/0x21 @ 1
[    2.259703] initcall pci_driver_init+0x0/0x21 returned 0 after 0 usecs
[    2.261615] calling  backlight_class_init+0x0/0xa8 @ 1
[    2.262690] initcall backlight_class_init+0x0/0xa8 returned 0 after 0 usecs
[    2.263616] calling  tty_class_init+0x0/0x33 @ 1
[    2.264633] initcall tty_class_init+0x0/0x33 returned 0 after 0 usecs
[    2.265611] calling  vtconsole_class_init+0x0/0xb5 @ 1
[    2.267621] initcall vtconsole_class_init+0x0/0xb5 returned 0 after 976 usecs
[    2.268611] calling  iommu_dev_init+0x0/0x13 @ 1
[    2.269671] initcall iommu_dev_init+0x0/0x13 returned 0 after 0 usecs
[    2.270611] calling  mipi_dsi_bus_init+0x0/0xc @ 1
[    2.271673] initcall mipi_dsi_bus_init+0x0/0xc returned 0 after 0 usecs
[    2.273610] calling  devlink_class_init+0x0/0x40 @ 1
[    2.274655] initcall devlink_class_init+0x0/0x40 returned 0 after 0 usecs
[    2.275611] calling  software_node_init+0x0/0x2a @ 1
[    2.276621] initcall software_node_init+0x0/0x2a returned 0 after 0 usecs
[    2.277611] calling  wakeup_sources_debugfs_init+0x0/0x23 @ 1
[    2.278642] initcall wakeup_sources_debugfs_init+0x0/0x23 returned 0 after 0 usecs
[    2.279611] calling  wakeup_sources_sysfs_init+0x0/0x2c @ 1
[    2.280634] initcall wakeup_sources_sysfs_init+0x0/0x2c returned 0 after 0 usecs
[    2.281612] calling  register_node_type+0x0/0x13 @ 1
[    2.282718] initcall register_node_type+0x0/0x13 returned 0 after 0 usecs
[    2.283612] calling  regmap_initcall+0x0/0xc @ 1
[    2.285739] initcall regmap_initcall+0x0/0xc returned 0 after 0 usecs
[    2.286612] calling  i2c_init+0x0/0xb3 @ 1
[    2.288759] initcall i2c_init+0x0/0xb3 returned 0 after 976 usecs
[    2.289610] calling  thermal_init+0x0/0x116 @ 1
[    2.290682] thermal_sys: Registered thermal governor 'step_wise'
[    2.290686] thermal_sys: Registered thermal governor 'user_space'
[    2.291630] initcall thermal_init+0x0/0x116 returned 0 after 976 usecs
[    2.293610] calling  init_menu+0x0/0xc @ 1
[    2.294771] cpuidle: using governor menu
[    2.295610] initcall init_menu+0x0/0xc returned 0 after 976 usecs
[    2.296609] calling  pcc_init+0x0/0x4d @ 1
[    2.297611] initcall pcc_init+0x0/0x4d returned -19 after 0 usecs
[    2.298609] calling  amd_postcore_init+0x0/0x11e @ 1
[    2.299610] initcall amd_postcore_init+0x0/0x11e returned 0 after 0 usecs
[    2.300628] calling  bts_init+0x0/0xba @ 1
[    2.301609] initcall bts_init+0x0/0xba returned -19 after 0 usecs
[    2.302612] calling  pt_init+0x0/0x34d @ 1
[    2.303612] initcall pt_init+0x0/0x34d returned -19 after 0 usecs
[    2.304612] calling  boot_params_ksysfs_init+0x0/0x2ee @ 1
[    2.305693] initcall boot_params_ksysfs_init+0x0/0x2ee returned 0 after 0 usecs
[    2.306614] calling  sbf_init+0x0/0xea @ 1
[    2.307611] initcall sbf_init+0x0/0xea returned 0 after 0 usecs
[    2.308611] calling  arch_kdebugfs_init+0x0/0x219 @ 1
[    2.309658] initcall arch_kdebugfs_init+0x0/0x219 returned 0 after 0 usecs
[    2.310630] calling  intel_pconfig_init+0x0/0x85 @ 1
[    2.311614] initcall intel_pconfig_init+0x0/0x85 returned 0 after 0 usecs
[    2.312627] calling  mtrr_if_init+0x0/0x5d @ 1
[    2.313621] initcall mtrr_if_init+0x0/0x5d returned 0 after 0 usecs
[    2.314612] calling  activate_jump_labels+0x0/0x31 @ 1
[    2.315611] initcall activate_jump_labels+0x0/0x31 returned 0 after 0 usecs
[    2.316610] calling  ffh_cstate_init+0x0/0x29 @ 1
[    2.317616] initcall ffh_cstate_init+0x0/0x29 returned 0 after 0 usecs
[    2.318610] calling  activate_jump_labels+0x0/0x31 @ 1
[    2.321036] initcall activate_jump_labels+0x0/0x31 returned 0 after 976 usecs
[    2.321611] calling  kvm_alloc_cpumask+0x0/0x74 @ 1
[    2.322665] initcall kvm_alloc_cpumask+0x0/0x74 returned 0 after 0 usecs
[    2.323611] calling  kcmp_cookies_init+0x0/0x37 @ 1
[    2.324620] initcall kcmp_cookies_init+0x0/0x37 returned 0 after 0 usecs
[    2.325612] calling  cryptomgr_init+0x0/0xc @ 1
[    2.326702] initcall cryptomgr_init+0x0/0xc returned 0 after 0 usecs
[    2.327613] calling  acpi_pci_init+0x0/0x57 @ 1
[    2.328839] ACPI: bus type PCI registered
[    2.329615] initcall acpi_pci_init+0x0/0x57 returned 0 after 976 usecs
[    2.330613] calling  dma_channel_table_init+0x0/0xd1 @ 1
[    2.331629] initcall dma_channel_table_init+0x0/0xd1 returned 0 after 0 usecs
[    2.332616] calling  dma_bus_init+0x0/0xdc @ 1
[    2.334815] initcall dma_bus_init+0x0/0xdc returned 0 after 976 usecs
[    2.335617] calling  iommu_dma_init+0x0/0x10 @ 1
[    2.336721] initcall iommu_dma_init+0x0/0x10 returned 0 after 0 usecs
[    2.337612] calling  dmi_id_init+0x0/0x37c @ 1
[    2.340371] initcall dmi_id_init+0x0/0x37c returned 0 after 976 usecs
[    2.340611] calling  pci_arch_init+0x0/0x71 @ 1
[    2.343246] PCI: MMCONFIG for domain 0000 [bus 00-ff] at [mem 0xb0000000-0xbfffffff] (base 0xb0000000)
[    2.343614] PCI: MMCONFIG at [mem 0xb0000000-0xbfffffff] reserved in E820
[    2.344650] PCI: Using configuration type 1 for base access
[    2.346687] initcall pci_arch_init+0x0/0x71 returned 0 after 4882 usecs
[    2.347626] calling  init_vdso+0x0/0x13 @ 1
[    2.348670] initcall init_vdso+0x0/0x13 returned 0 after 0 usecs
[    2.349610] calling  sysenter_setup+0x0/0x13 @ 1
[    2.350779] initcall sysenter_setup+0x0/0x13 returned 0 after 0 usecs
[    2.351610] calling  fixup_ht_bug+0x0/0xe5 @ 1
[    2.352610] initcall fixup_ht_bug+0x0/0xe5 returned 0 after 0 usecs
[    2.353611] calling  topology_init+0x0/0x88 @ 1
[    2.356211] initcall topology_init+0x0/0x88 returned 0 after 976 usecs
[    2.356611] calling  intel_epb_init+0x0/0x68 @ 1
[    2.357612] initcall intel_epb_init+0x0/0x68 returned -19 after 0 usecs
[    2.358611] calling  mtrr_init_finialize+0x0/0x3e @ 1
[    2.359614] initcall mtrr_init_finialize+0x0/0x3e returned 0 after 0 usecs
[    2.360610] calling  uid_cache_init+0x0/0x85 @ 1
[    2.361638] initcall uid_cache_init+0x0/0x85 returned 0 after 0 usecs
[    2.362612] calling  param_sysfs_init+0x0/0x1ba @ 1
[    2.382844] initcall param_sysfs_init+0x0/0x1ba returned 0 after 18554 usecs
[    2.383613] calling  user_namespace_sysctl_init+0x0/0x33 @ 1
[    2.384627] initcall user_namespace_sysctl_init+0x0/0x33 returned 0 after 0 usecs
[    2.385636] calling  proc_schedstat_init+0x0/0x24 @ 1
[    2.386618] initcall proc_schedstat_init+0x0/0x24 returned 0 after 0 usecs
[    2.388613] calling  pm_sysrq_init+0x0/0x18 @ 1
[    2.390824] initcall pm_sysrq_init+0x0/0x18 returned 0 after 0 usecs
[    2.392649] calling  create_proc_profile+0x0/0xd0 @ 1
[    2.393627] initcall create_proc_profile+0x0/0xd0 returned 0 after 0 usecs
[    2.394613] calling  time_ns_init+0x0/0x7 @ 1
[    2.395613] initcall time_ns_init+0x0/0x7 returned 0 after 0 usecs
[    2.397610] calling  crash_save_vmcoreinfo_init+0x0/0x722 @ 1
[    2.399619] initcall crash_save_vmcoreinfo_init+0x0/0x722 returned 0 after 976 usecs
[    2.400612] calling  crash_notes_memory_init+0x0/0x35 @ 1
[    2.401617] initcall crash_notes_memory_init+0x0/0x35 returned 0 after 0 usecs
[    2.402612] calling  cgroup_sysfs_init+0x0/0x13 @ 1
[    2.403642] initcall cgroup_sysfs_init+0x0/0x13 returned 0 after 0 usecs
[    2.404611] calling  cgroup_namespaces_init+0x0/0x7 @ 1
[    2.405613] initcall cgroup_namespaces_init+0x0/0x7 returned 0 after 0 usecs
[    2.406612] calling  init_optprobes+0x0/0x13 @ 1
[    2.407675] Kprobes globally optimized
[    2.408614] initcall init_optprobes+0x0/0x13 returned 0 after 976 usecs
[    2.409627] calling  oom_init+0x0/0x2f @ 1
[    2.411850] initcall oom_init+0x0/0x2f returned 0 after 976 usecs
[    2.412611] calling  default_bdi_init+0x0/0xb3 @ 1
[    2.414965] initcall default_bdi_init+0x0/0xb3 returned 0 after 976 usecs
[    2.415611] calling  percpu_enable_async+0x0/0xe @ 1
[    2.416610] initcall percpu_enable_async+0x0/0xe returned 0 after 0 usecs
[    2.417609] calling  kcompactd_init+0x0/0x8d @ 1
[    2.419943] initcall kcompactd_init+0x0/0x8d returned 0 after 976 usecs
[    2.420610] calling  init_user_reserve+0x0/0x40 @ 1
[    2.421610] initcall init_user_reserve+0x0/0x40 returned 0 after 0 usecs
[    2.422610] calling  init_admin_reserve+0x0/0x40 @ 1
[    2.423613] initcall init_admin_reserve+0x0/0x40 returned 0 after 0 usecs
[    2.424615] calling  init_reserve_notifier+0x0/0x7 @ 1
[    2.425613] initcall init_reserve_notifier+0x0/0x7 returned 0 after 0 usecs
[    2.426618] calling  swap_init_sysfs+0x0/0x62 @ 1
[    2.427633] initcall swap_init_sysfs+0x0/0x62 returned 0 after 0 usecs
[    2.428611] calling  swapfile_init+0x0/0x94 @ 1
[    2.429614] initcall swapfile_init+0x0/0x94 returned 0 after 0 usecs
[    2.430611] calling  hugetlb_init+0x0/0x499 @ 1
[    2.432626] HugeTLB registered 2.00 MiB page size, pre-allocated 0 pages
[    2.433714] initcall hugetlb_init+0x0/0x499 returned 0 after 976 usecs
[    2.434610] calling  io_wq_init+0x0/0x34 @ 1
[    2.435617] initcall io_wq_init+0x0/0x34 returned 0 after 0 usecs
[    2.436611] calling  seqiv_module_init+0x0/0xc @ 1
[    2.437727] initcall seqiv_module_init+0x0/0xc returned 0 after 0 usecs
[    2.438611] calling  echainiv_module_init+0x0/0xc @ 1
[    2.439613] initcall echainiv_module_init+0x0/0xc returned 0 after 0 usecs
[    2.440612] calling  rsa_init+0x0/0x50 @ 1
[    2.442804] initcall rsa_init+0x0/0x50 returned 0 after 976 usecs
[    2.443088] cryptomgr_test (61) used greatest stack depth: 14864 bytes left
[    2.443617] calling  crypto_cmac_module_init+0x0/0xc @ 1
[    2.443663] initcall crypto_cmac_module_init+0x0/0xc returned 0 after 0 usecs
[    2.443665] calling  hmac_module_init+0x0/0xc @ 1
[    2.443668] initcall hmac_module_init+0x0/0xc returned 0 after 0 usecs
[    2.443671] calling  crypto_null_mod_init+0x0/0x65 @ 1
[    2.448760] initcall crypto_null_mod_init+0x0/0x65 returned 0 after 4882 usecs
[    2.455617] calling  md5_mod_init+0x0/0xc @ 1
[    2.457950] initcall md5_mod_init+0x0/0xc returned 0 after 976 usecs
[    2.458616] calling  sha256_generic_mod_init+0x0/0x11 @ 1
[    2.461753] initcall sha256_generic_mod_init+0x0/0x11 returned 0 after 1953 usecs
[    2.462613] calling  crypto_cbc_module_init+0x0/0xc @ 1
[    2.463612] initcall crypto_cbc_module_init+0x0/0xc returned 0 after 0 usecs
[    2.464610] calling  crypto_ctr_module_init+0x0/0x11 @ 1
[    2.465628] initcall crypto_ctr_module_init+0x0/0x11 returned 0 after 0 usecs
[    2.466610] calling  crypto_gcm_module_init+0x0/0x64 @ 1
[    2.467673] initcall crypto_gcm_module_init+0x0/0x64 returned 0 after 0 usecs
[    2.468610] calling  crypto_ccm_module_init+0x0/0x11 @ 1
[    2.469614] initcall crypto_ccm_module_init+0x0/0x11 returned 0 after 0 usecs
[    2.470612] calling  aes_init+0x0/0xc @ 1
[    2.474171] initcall aes_init+0x0/0xc returned 0 after 1953 usecs
[    2.474612] calling  crc32c_mod_init+0x0/0xc @ 1
[    2.476615] initcall crc32c_mod_init+0x0/0xc returned 0 after 976 usecs
[    2.477610] calling  crypto_authenc_module_init+0x0/0xc @ 1
[    2.478614] initcall crypto_authenc_module_init+0x0/0xc returned 0 after 0 usecs
[    2.479611] calling  crypto_authenc_esn_module_init+0x0/0xc @ 1
[    2.480614] initcall crypto_authenc_esn_module_init+0x0/0xc returned 0 after 0 usecs
[    2.481614] calling  drbg_init+0x0/0x7c @ 1
[    2.505616] initcall drbg_init+0x0/0x7c returned 0 after 22460 usecs
[    2.506616] calling  ghash_mod_init+0x0/0xc @ 1
[    2.515627] initcall ghash_mod_init+0x0/0xc returned 0 after 7812 usecs
[    2.516614] calling  init_bio+0x0/0x9a @ 1
[    2.518790] initcall init_bio+0x0/0x9a returned 0 after 976 usecs
[    2.519611] calling  blk_settings_init+0x0/0x29 @ 1
[    2.520612] initcall blk_settings_init+0x0/0x29 returned 0 after 0 usecs
[    2.521614] calling  blk_ioc_init+0x0/0x29 @ 1
[    2.522620] initcall blk_ioc_init+0x0/0x29 returned 0 after 0 usecs
[    2.523610] calling  blk_mq_init+0x0/0xb9 @ 1
[    2.526600] initcall blk_mq_init+0x0/0xb9 returned 0 after 0 usecs
[    2.527611] calling  genhd_device_init+0x0/0x75 @ 1
[    2.535025] initcall genhd_device_init+0x0/0x75 returned 0 after 5859 usecs
[    2.535652] calling  pci_slot_init+0x0/0x40 @ 1
[    2.536794] initcall pci_slot_init+0x0/0x40 returned 0 after 0 usecs
[    2.537611] calling  fbmem_init+0x0/0xd8 @ 1
[    2.540668] initcall fbmem_init+0x0/0xd8 returned 0 after 1953 usecs
[    2.541613] calling  acpi_init+0x0/0x319 @ 1
[    2.544838] ACPI: Added _OSI(Module Device)
[    2.545612] ACPI: Added _OSI(Processor Device)
[    2.546613] ACPI: Added _OSI(3.0 _SCP Extensions)
[    2.547610] ACPI: Added _OSI(Processor Aggregator Device)
[    2.548613] ACPI: Added _OSI(Linux-Dell-Video)
[    2.549612] ACPI: Added _OSI(Linux-Lenovo-NV-HDMI-Audio)
[    2.550612] ACPI: Added _OSI(Linux-HPI-Hybrid-Graphics)
[    2.568606] ACPI: 1 ACPI AML tables successfully acquired and loaded
[    2.578947] ACPI: Interpreter enabled
[    2.579894] ACPI: (supports S0 S3 S4 S5)
[    2.580610] ACPI: Using IOAPIC for interrupt routing
[    2.581689] PCI: Using host bridge windows from ACPI; if necessary, use "pci=nocrs" and report a bug
[    2.584114] ACPI: Enabled 2 GPEs in block 00 to 3F
[    2.613913] ACPI: PCI Root Bridge [PCI0] (domain 0000 [bus 00-ff])
[    2.614617] acpi PNP0A08:00: _OSC: OS supports [ExtendedConfig ASPM ClockPM Segments MSI HPX-Type3]
[    2.616857] acpi PNP0A08:00: _OSC: platform does not support [LTR]
[    2.617890] acpi PNP0A08:00: _OSC: OS now controls [PME PCIeCapability]
[    2.620090] PCI host bridge to bus 0000:00
[    2.620639] pci_bus 0000:00: root bus resource [io  0x0000-0x0cf7 window]
[    2.621610] pci_bus 0000:00: root bus resource [io  0x0d00-0xffff window]
[    2.622611] pci_bus 0000:00: root bus resource [mem 0x000a0000-0x000bffff window]
[    2.623613] pci_bus 0000:00: root bus resource [mem 0x20000000-0xafffffff window]
[    2.624612] pci_bus 0000:00: root bus resource [mem 0xc0000000-0xfebfffff window]
[    2.625611] pci_bus 0000:00: root bus resource [mem 0x100000000-0x8ffffffff window]
[    2.626612] pci_bus 0000:00: root bus resource [bus 00-ff]
[    2.629102] pci 0000:00:00.0: calling  quirk_mmio_always_on+0x0/0x10 @ 1
[    2.629639] pci 0000:00:00.0: quirk_mmio_always_on+0x0/0x10 took 0 usecs
[    2.630610] pci 0000:00:00.0: [8086:29c0] type 00 class 0x060000
[    2.635279] pci 0000:00:00.0: calling  quirk_igfx_skip_te_disable+0x0/0x80 @ 1
[    2.635613] pci 0000:00:00.0: quirk_igfx_skip_te_disable+0x0/0x80 took 0 usecs
[    2.639303] pci 0000:00:01.0: [1234:1111] type 00 class 0x030000
[    2.645542] pci 0000:00:01.0: reg 0x10: [mem 0xfd000000-0xfdffffff pref]
[    2.656290] pci 0000:00:01.0: reg 0x18: [mem 0xfebf0000-0xfebf0fff]
[    2.679600] pci 0000:00:01.0: reg 0x30: [mem 0xfebe0000-0xfebeffff pref]
[    2.683915] pci 0000:00:01.0: calling  efifb_fixup_resources+0x0/0xf0 @ 1
[    2.684759] pci 0000:00:01.0: efifb_fixup_resources+0x0/0xf0 took 0 usecs
[    2.710129] pci 0000:00:1f.0: [8086:2918] type 00 class 0x060100
[    2.716630] pci 0000:00:1f.0: calling  quirk_ich7_lpc+0x0/0x60 @ 1
[    2.719599] pci 0000:00:1f.0: quirk: [io  0x0600-0x067f] claimed by ICH6 ACPI/GPIO/TCO
[    2.721041] pci 0000:00:1f.0: quirk_ich7_lpc+0x0/0x60 took 2929 usecs
[    2.721615] pci 0000:00:1f.0: calling  quirk_igfx_skip_te_disable+0x0/0x80 @ 1
[    2.722666] pci 0000:00:1f.0: quirk_igfx_skip_te_disable+0x0/0x80 took 0 usecs
[    2.726466] pci 0000:00:1f.2: [8086:2922] type 00 class 0x010601
[    2.736395] pci 0000:00:1f.2: reg 0x20: [io  0xc040-0xc05f]
[    2.738255] pci 0000:00:1f.2: reg 0x24: [mem 0xfebf1000-0xfebf1fff]
[    2.740808] pci 0000:00:1f.2: calling  quirk_igfx_skip_te_disable+0x0/0x80 @ 1
[    2.741614] pci 0000:00:1f.2: quirk_igfx_skip_te_disable+0x0/0x80 took 0 usecs
[    2.747611] pci 0000:00:1f.3: [8086:2930] type 00 class 0x0c0500
[    2.754609] pci 0000:00:1f.3: reg 0x20: [io  0x0700-0x073f]
[    2.758235] pci 0000:00:1f.3: calling  quirk_igfx_skip_te_disable+0x0/0x80 @ 1
[    2.758615] pci 0000:00:1f.3: quirk_igfx_skip_te_disable+0x0/0x80 took 0 usecs
[    2.769152] ACPI: PCI Interrupt Link [LNKA] (IRQs 5 *10 11)
[    2.770206] ACPI: PCI Interrupt Link [LNKB] (IRQs 5 *10 11)
[    2.771913] ACPI: PCI Interrupt Link [LNKC] (IRQs 5 10 *11)
[    2.773142] ACPI: PCI Interrupt Link [LNKD] (IRQs 5 10 *11)
[    2.774185] ACPI: PCI Interrupt Link [LNKE] (IRQs 5 *10 11)
[    2.775860] ACPI: PCI Interrupt Link [LNKF] (IRQs 5 *10 11)
[    2.777152] ACPI: PCI Interrupt Link [LNKG] (IRQs 5 10 *11)
[    2.778775] ACPI: PCI Interrupt Link [LNKH] (IRQs 5 10 *11)
[    2.780845] ACPI: PCI Interrupt Link [GSIA] (IRQs *16)
[    2.782624] ACPI: PCI Interrupt Link [GSIB] (IRQs *17)
[    2.783749] ACPI: PCI Interrupt Link [GSIC] (IRQs *18)
[    2.786630] ACPI: PCI Interrupt Link [GSID] (IRQs *19)
[    2.788627] ACPI: PCI Interrupt Link [GSIE] (IRQs *20)
[    2.789791] ACPI: PCI Interrupt Link [GSIF] (IRQs *21)
[    2.790769] ACPI: PCI Interrupt Link [GSIG] (IRQs *22)
[    2.791787] ACPI: PCI Interrupt Link [GSIH] (IRQs *23)
[    2.811960] initcall acpi_init+0x0/0x319 returned 0 after 262695 usecs
[    2.813713] calling  pnp_init+0x0/0xc @ 1
[    2.815628] initcall pnp_init+0x0/0xc returned 0 after 976 usecs
[    2.816616] calling  misc_init+0x0/0xbf @ 1
[    2.820788] initcall misc_init+0x0/0xbf returned 0 after 2929 usecs
[    2.821753] calling  iommu_subsys_init+0x0/0x4e @ 1
[    2.823817] iommu: Default domain type: Translated 
[    2.824613] initcall iommu_subsys_init+0x0/0x4e returned 0 after 1953 usecs
[    2.825616] calling  vga_arb_device_init+0x0/0x261 @ 1
[    2.850600] pci 0000:00:01.0: vgaarb: setting as boot VGA device
[    2.850600] pci 0000:00:01.0: vgaarb: VGA device added: decodes=io+mem,owns=io+mem,locks=none
[    2.850614] pci 0000:00:01.0: vgaarb: bridge control possible
[    2.851610] vgaarb: loaded
[    2.853612] initcall vga_arb_device_init+0x0/0x261 returned 0 after 25390 usecs
[    2.854810] calling  cn_init+0x0/0xf0 @ 1
[    2.858173] initcall cn_init+0x0/0xf0 returned 0 after 1953 usecs
[    2.859612] calling  dma_buf_init+0x0/0xad @ 1
[    2.874362] initcall dma_buf_init+0x0/0xad returned 0 after 12695 usecs
[    2.874614] calling  dma_resv_lockdep+0x0/0x281 @ 1
[    2.882619] initcall dma_resv_lockdep+0x0/0x281 returned 0 after 6835 usecs
[    2.883614] calling  init_scsi+0x0/0x79 @ 1
[    2.893623] SCSI subsystem initialized
[    2.894887] initcall init_scsi+0x0/0x79 returned 0 after 9765 usecs
[    2.896615] calling  ata_init+0x0/0x332 @ 1
[    2.903738] libata version 3.00 loaded.
[    2.904611] initcall ata_init+0x0/0x332 returned 0 after 6835 usecs
[    2.905612] calling  phy_init+0x0/0x250 @ 1
[    2.908074] initcall phy_init+0x0/0x250 returned 0 after 976 usecs
[    2.908611] calling  init_pcmcia_cs+0x0/0x35 @ 1
[    2.909976] initcall init_pcmcia_cs+0x0/0x35 returned 0 after 0 usecs
[    2.910610] calling  usb_common_init+0x0/0x1c @ 1
[    2.911802] initcall usb_common_init+0x0/0x1c returned 0 after 0 usecs
[    2.912611] calling  usb_init+0x0/0x12e @ 1
[    2.913779] ACPI: bus type USB registered
[    2.918893] usbcore: registered new interface driver usbfs
[    2.920672] usbcore: registered new interface driver hub
[    2.922331] usbcore: registered new device driver usb
[    2.922616] initcall usb_init+0x0/0x12e returned 0 after 8789 usecs
[    2.923614] calling  serio_init+0x0/0x29 @ 1
[    2.925699] initcall serio_init+0x0/0x29 returned 0 after 0 usecs
[    2.926615] calling  input_init+0x0/0xf6 @ 1
[    2.927673] initcall input_init+0x0/0xf6 returned 0 after 0 usecs
[    2.928615] calling  rtc_init+0x0/0x4d @ 1
[    2.930622] initcall rtc_init+0x0/0x4d returned 0 after 976 usecs
[    2.931612] calling  pps_init+0x0/0xa9 @ 1
[    2.932643] pps_core: LinuxPPS API ver. 1 registered
[    2.933607] pps_core: Software ver. 5.3.6 - Copyright 2005-2007 Rodolfo Giometti <giometti@linux.it>
[    2.934611] initcall pps_init+0x0/0xa9 returned 0 after 1953 usecs
[    2.936610] calling  ptp_init+0x0/0x98 @ 1
[    2.937631] PTP clock support registered
[    2.938614] initcall ptp_init+0x0/0x98 returned 0 after 976 usecs
[    2.939612] calling  power_supply_class_init+0x0/0x3f @ 1
[    2.940635] initcall power_supply_class_init+0x0/0x3f returned 0 after 0 usecs
[    2.941611] calling  hwmon_init+0x0/0x104 @ 1
[    2.942632] initcall hwmon_init+0x0/0x104 returned 0 after 0 usecs
[    2.943610] calling  md_init+0x0/0x16b @ 1
[    2.946933] initcall md_init+0x0/0x16b returned 0 after 1953 usecs
[    2.947610] calling  leds_init+0x0/0x3b @ 1
[    2.948644] initcall leds_init+0x0/0x3b returned 0 after 0 usecs
[    2.949609] calling  dmi_init+0x0/0x113 @ 1
[    2.950798] initcall dmi_init+0x0/0x113 returned 0 after 0 usecs
[    2.951609] calling  efisubsys_init+0x0/0x4e7 @ 1
[    2.952631] initcall efisubsys_init+0x0/0x4e7 returned 0 after 0 usecs
[    2.953623] calling  nvmem_init+0x0/0xc @ 1
[    2.954695] initcall nvmem_init+0x0/0xc returned 0 after 0 usecs
[    2.955609] calling  init_soundcore+0x0/0x33 @ 1
[    2.956649] initcall init_soundcore+0x0/0x33 returned 0 after 0 usecs
[    2.957609] calling  alsa_sound_init+0x0/0x8f @ 1
[    2.959669] Advanced Linux Sound Architecture Driver Initialized.
[    2.960610] initcall alsa_sound_init+0x0/0x8f returned 0 after 1953 usecs
[    2.961609] calling  alsa_seq_device_init+0x0/0x71 @ 1
[    2.962648] initcall alsa_seq_device_init+0x0/0x71 returned 0 after 0 usecs
[    2.963673] calling  hda_bus_init+0x0/0xc @ 1
[    2.964643] initcall hda_bus_init+0x0/0xc returned 0 after 0 usecs
[    2.965611] calling  proto_init+0x0/0xc @ 1
[    2.966619] initcall proto_init+0x0/0xc returned 0 after 0 usecs
[    2.968608] calling  net_dev_init+0x0/0x27f @ 1
[    2.977610] initcall net_dev_init+0x0/0x27f returned 0 after 7812 usecs
[    2.978612] calling  neigh_init+0x0/0x84 @ 1
[    2.979637] initcall neigh_init+0x0/0x84 returned 0 after 0 usecs
[    2.980615] calling  fib_notifier_init+0x0/0xc @ 1
[    2.981619] initcall fib_notifier_init+0x0/0xc returned 0 after 0 usecs
[    2.982616] calling  fib_rules_init+0x0/0xab @ 1
[    2.983626] initcall fib_rules_init+0x0/0xab returned 0 after 0 usecs
[    2.984612] calling  pktsched_init+0x0/0x10e @ 1
[    2.986619] initcall pktsched_init+0x0/0x10e returned 0 after 976 usecs
[    2.987614] calling  tc_filter_init+0x0/0xfa @ 1
[    2.988773] initcall tc_filter_init+0x0/0xfa returned 0 after 0 usecs
[    2.989614] calling  tc_action_init+0x0/0x54 @ 1
[    2.990616] initcall tc_action_init+0x0/0x54 returned 0 after 0 usecs
[    2.991610] calling  ethnl_init+0x0/0x52 @ 1
[    2.993661] initcall ethnl_init+0x0/0x52 returned 0 after 976 usecs
[    2.994614] calling  nexthop_init+0x0/0xd8 @ 1
[    2.995744] initcall nexthop_init+0x0/0xd8 returned 0 after 0 usecs
[    2.996630] calling  cipso_v4_init+0x0/0x8d @ 1
[    2.997764] initcall cipso_v4_init+0x0/0x8d returned 0 after 0 usecs
[    2.998611] calling  ieee80211_init+0x0/0x24 @ 1
[    2.999850] initcall ieee80211_init+0x0/0x24 returned 0 after 0 usecs
[    3.000610] calling  netlbl_init+0x0/0x78 @ 1
[    3.001608] NetLabel: Initializing
[    3.002607] NetLabel:  domain hash size = 128
[    3.003607] NetLabel:  protocols = UNLABELED CIPSOv4 CALIPSO
[    3.004870] NetLabel:  unlabeled traffic allowed by default
[    3.005612] initcall netlbl_init+0x0/0x78 returned 0 after 3906 usecs
[    3.006611] calling  rfkill_init+0x0/0x136 @ 1
[    3.009199] initcall rfkill_init+0x0/0x136 returned 0 after 976 usecs
[    3.009612] calling  pci_subsys_init+0x0/0x66 @ 1
[    3.010647] PCI: Using ACPI for IRQ routing
[    3.747600] PCI: pci_cache_line_size set to 64 bytes
[    3.755427] e820: reserve RAM buffer [mem 0x0009fc00-0x0009ffff]
[    3.763624] e820: reserve RAM buffer [mem 0x1ffdf000-0x1fffffff]
[    3.771934] initcall pci_subsys_init+0x0/0x66 returned 0 after 743164 usecs
[    3.780919] calling  nmi_warning_debugfs+0x0/0x26 @ 1
[    3.788774] initcall nmi_warning_debugfs+0x0/0x26 returned 0 after 1953 usecs
[    3.797613] calling  save_microcode_in_initrd+0x0/0x51 @ 1
[    3.803774] initcall save_microcode_in_initrd+0x0/0x51 returned 0 after 976 usecs
[    3.812623] calling  hpet_late_init+0x0/0x207 @ 1
[    3.819275] hpet: 3 channels of 0 reserved for per-cpu timers
[    3.826848] hpet0: at MMIO 0xfed00000, IRQs 2, 8, 0
[    3.832608] hpet0: 3 comparators, 64-bit 100.000000 MHz counter
[    3.844611] initcall hpet_late_init+0x0/0x207 returned 0 after 25390 usecs
[    3.852620] calling  init_amd_nbs+0x0/0x11c @ 1
[    3.858856] initcall init_amd_nbs+0x0/0x11c returned 0 after 0 usecs
[    3.865614] calling  clocksource_done_booting+0x0/0x43 @ 1
[    3.877113] clocksource: Switched to clocksource kvm-clock
[    3.885021] initcall clocksource_done_booting+0x0/0x43 returned 0 after 12124 usecs
[    3.893989] calling  tracer_init_tracefs+0x0/0x248 @ 1
[    4.196426] initcall tracer_init_tracefs+0x0/0x248 returned 0 after 289470 usecs
[    4.204895] calling  init_trace_printk_function_export+0x0/0x2c @ 1
[    4.212287] initcall init_trace_printk_function_export+0x0/0x2c returned 0 after 22 usecs
[    4.221899] calling  init_kprobe_trace+0x0/0x1ab @ 1
[    4.227856] initcall init_kprobe_trace+0x0/0x1ab returned 0 after 40 usecs
[    4.235807] calling  init_dynamic_event+0x0/0x3d @ 1
[    4.241557] initcall init_dynamic_event+0x0/0x3d returned 0 after 20 usecs
[    4.249404] calling  init_uprobe_trace+0x0/0x5c @ 1
[    4.255105] initcall init_uprobe_trace+0x0/0x5c returned 0 after 60 usecs
[    4.262865] calling  init_pipe_fs+0x0/0x44 @ 1
[    4.268435] initcall init_pipe_fs+0x0/0x44 returned 0 after 446 usecs
[    4.276216] calling  inotify_user_setup+0x0/0x47 @ 1
[    4.282342] initcall inotify_user_setup+0x0/0x47 returned 0 after 326 usecs
[    4.290453] calling  eventpoll_init+0x0/0xeb @ 1
[    4.296121] initcall eventpoll_init+0x0/0xeb returned 0 after 147 usecs
[    4.303709] calling  anon_inode_init+0x0/0x58 @ 1
[    4.309423] initcall anon_inode_init+0x0/0x58 returned 0 after 214 usecs
[    4.317111] calling  proc_locks_init+0x0/0x27 @ 1
[    4.322620] initcall proc_locks_init+0x0/0x27 returned 0 after 98 usecs
[    4.330133] calling  iomap_init+0x0/0x1b @ 1
[    4.336028] initcall iomap_init+0x0/0x1b returned 0 after 916 usecs
[    4.343306] calling  dquot_init+0x0/0x106 @ 1
[    4.348623] VFS: Disk quotas dquot_6.6.0
[    4.353292] VFS: Dquot-cache hash table entries: 512 (order 0, 4096 bytes)
[    4.361152] initcall dquot_init+0x0/0x106 returned 0 after 12231 usecs
[    4.368568] calling  quota_init+0x0/0x23 @ 1
[    4.373912] initcall quota_init+0x0/0x23 returned 0 after 418 usecs
[    4.381073] calling  proc_cmdline_init+0x0/0x21 @ 1
[    4.386754] initcall proc_cmdline_init+0x0/0x21 returned 0 after 22 usecs
[    4.394395] calling  proc_consoles_init+0x0/0x24 @ 1
[    4.400503] initcall proc_consoles_init+0x0/0x24 returned 0 after 7 usecs
[    4.408430] calling  proc_cpuinfo_init+0x0/0x1e @ 1
[    4.414378] initcall proc_cpuinfo_init+0x0/0x1e returned 0 after 11 usecs
[    4.422749] calling  proc_devices_init+0x0/0x24 @ 1
[    4.429801] initcall proc_devices_init+0x0/0x24 returned 0 after 101 usecs
[    4.438238] calling  proc_interrupts_init+0x0/0x24 @ 1
[    4.444767] initcall proc_interrupts_init+0x0/0x24 returned 0 after 10 usecs
[    4.453403] calling  proc_loadavg_init+0x0/0x21 @ 1
[    4.458968] initcall proc_loadavg_init+0x0/0x21 returned 0 after 11 usecs
[    4.467210] calling  proc_meminfo_init+0x0/0x21 @ 1
[    4.473449] initcall proc_meminfo_init+0x0/0x21 returned 0 after 10 usecs
[    4.481599] calling  proc_stat_init+0x0/0x1e @ 1
[    4.487427] initcall proc_stat_init+0x0/0x1e returned 0 after 11 usecs
[    4.495422] calling  proc_uptime_init+0x0/0x21 @ 1
[    4.502799] initcall proc_uptime_init+0x0/0x21 returned 0 after 11 usecs
[    4.520762] calling  proc_version_init+0x0/0x21 @ 1
[    4.528589] initcall proc_version_init+0x0/0x21 returned 0 after 588 usecs
[    4.536242] calling  proc_softirqs_init+0x0/0x21 @ 1
[    4.541925] initcall proc_softirqs_init+0x0/0x21 returned 0 after 37 usecs
[    4.549576] calling  proc_kcore_init+0x0/0xea @ 1
[    4.558145] initcall proc_kcore_init+0x0/0xea returned 0 after 3047 usecs
[    4.565779] calling  vmcore_init+0x0/0x57b @ 1
[    4.570850] initcall vmcore_init+0x0/0x57b returned 0 after 32 usecs
[    4.578390] calling  proc_kmsg_init+0x0/0x21 @ 1
[    4.585148] initcall proc_kmsg_init+0x0/0x21 returned 0 after 9 usecs
[    4.594598] calling  proc_page_init+0x0/0x3b @ 1
[    4.601303] initcall proc_page_init+0x0/0x3b returned 0 after 11 usecs
[    4.609914] calling  init_ramfs_fs+0x0/0xc @ 1
[    4.615487] initcall init_ramfs_fs+0x0/0xc returned 0 after 457 usecs
[    4.622786] calling  init_hugetlbfs_fs+0x0/0xf6 @ 1
[    4.630854] initcall init_hugetlbfs_fs+0x0/0xf6 returned 0 after 2341 usecs
[    4.638698] calling  blk_scsi_ioctl_init+0x0/0x2a5 @ 1
[    4.644710] initcall blk_scsi_ioctl_init+0x0/0x2a5 returned 0 after 125 usecs
[    4.652663] calling  acpi_event_init+0x0/0x2c @ 1
[    4.658888] initcall acpi_event_init+0x0/0x2c returned 0 after 855 usecs
[    4.666524] calling  pnp_system_init+0x0/0xc @ 1
[    4.673390] initcall pnp_system_init+0x0/0xc returned 0 after 1518 usecs
[    4.681047] calling  pnpacpi_init+0x0/0x69 @ 1
[    4.686183] pnp: PnP ACPI init
[    4.692236] pnp 00:00: Plug and Play ACPI device, IDs PNP0303 (active)
[    4.699899] pnp 00:01: Plug and Play ACPI device, IDs PNP0f13 (active)
[    4.707533] pnp 00:02: Plug and Play ACPI device, IDs PNP0400 (active)
[    4.715006] pnp 00:03: Plug and Play ACPI device, IDs PNP0501 (active)
[    4.722618] pnp 00:04: Plug and Play ACPI device, IDs PNP0b00 (active)
[    4.730565] system 00:05: [mem 0xb0000000-0xbfffffff window] has been reserved
[    4.738905] system 00:05: Plug and Play ACPI device, IDs PNP0c01 (active)
[    4.748813] pnp: PnP ACPI: found 6 devices
[    4.753578] initcall pnpacpi_init+0x0/0x69 returned 0 after 65839 usecs
[    4.761097] calling  chr_dev_init+0x0/0x14d @ 1
[    4.869837] initcall chr_dev_init+0x0/0x14d returned 0 after 100809 usecs
[    4.878125] calling  firmware_class_init+0x0/0x14a @ 1
[    4.884587] initcall firmware_class_init+0x0/0x14a returned 0 after 113 usecs
[    4.893047] calling  init_pcmcia_bus+0x0/0x5b @ 1
[    4.899124] initcall init_pcmcia_bus+0x0/0x5b returned 0 after 217 usecs
[    4.906956] calling  init_acpi_pm_clocksource+0x0/0xda @ 1
[    4.920504] clocksource: acpi_pm: mask: 0xffffff max_cycles: 0xffffff, max_idle_ns: 2085701024 ns
[    4.933024] initcall init_acpi_pm_clocksource+0x0/0xda returned 0 after 17939 usecs
[    4.942867] calling  sysctl_core_init+0x0/0x26 @ 1
[    4.948546] initcall sysctl_core_init+0x0/0x26 returned 0 after 132 usecs
[    4.956417] calling  eth_offload_init+0x0/0x13 @ 1
[    4.962111] initcall eth_offload_init+0x0/0x13 returned 0 after 180 usecs
[    4.969863] calling  ipv4_offload_init+0x0/0x73 @ 1
[    4.975788] initcall ipv4_offload_init+0x0/0x73 returned 0 after 69 usecs
[    4.984297] calling  inet_init+0x0/0x276 @ 1
[    4.989819] NET: Registered protocol family 2
[    4.996447] IP idents hash table entries: 8192 (order: 4, 65536 bytes, linear)
[    5.013578] tcp_listen_portaddr_hash hash table entries: 256 (order: 2, 20480 bytes, linear)
[    5.023450] TCP established hash table entries: 4096 (order: 3, 32768 bytes, linear)
[    5.041134] TCP bind hash table entries: 4096 (order: 6, 294912 bytes, linear)
[    5.051155] TCP: Hash tables configured (established 4096 bind 4096)
[    5.059780] UDP hash table entries: 256 (order: 3, 40960 bytes, linear)
[    5.067980] UDP-Lite hash table entries: 256 (order: 3, 40960 bytes, linear)
[    5.079105] initcall inet_init+0x0/0x276 returned 0 after 87377 usecs
[    5.086604] calling  af_unix_init+0x0/0x4d @ 1
[    5.092040] NET: Registered protocol family 1
[    5.097176] initcall af_unix_init+0x0/0x4d returned 0 after 5063 usecs
[    5.105207] calling  ipv6_offload_init+0x0/0x7e @ 1
[    5.110927] initcall ipv6_offload_init+0x0/0x7e returned 0 after 50 usecs
[    5.119083] calling  init_sunrpc+0x0/0x65 @ 1
[    5.132412] RPC: Registered named UNIX socket transport module.
[    5.139423] RPC: Registered udp transport module.
[    5.144931] RPC: Registered tcp transport module.
[    5.150364] RPC: Registered tcp NFSv4.1 backchannel transport module.
[    5.157809] initcall init_sunrpc+0x0/0x65 returned 0 after 32754 usecs
[    5.165394] calling  cfg80211_init+0x0/0xc5 @ 1
[    5.173536] initcall cfg80211_init+0x0/0xc5 returned 0 after 2649 usecs
[    5.181157] calling  pcibios_assign_resources+0x0/0xbf @ 1
[    5.187802] pci_bus 0000:00: resource 4 [io  0x0000-0x0cf7 window]
[    5.194995] pci_bus 0000:00: resource 5 [io  0x0d00-0xffff window]
[    5.202014] pci_bus 0000:00: resource 6 [mem 0x000a0000-0x000bffff window]
[    5.210160] pci_bus 0000:00: resource 7 [mem 0x20000000-0xafffffff window]
[    5.218861] pci_bus 0000:00: resource 8 [mem 0xc0000000-0xfebfffff window]
[    5.227048] pci_bus 0000:00: resource 9 [mem 0x100000000-0x8ffffffff window]
[    5.235811] initcall pcibios_assign_resources+0x0/0xbf returned 0 after 47274 usecs
[    5.244985] calling  pci_apply_final_quirks+0x0/0x124 @ 1
[    5.251939] pci 0000:00:01.0: calling  pci_fixup_video+0x0/0xe0 @ 1
[    5.259916] pci 0000:00:01.0: Video device with shadowed ROM at [mem 0x000c0000-0x000dffff]
[    5.269913] pci 0000:00:01.0: pci_fixup_video+0x0/0xe0 took 10138 usecs
[    5.278377] PCI: CLS 0 bytes, default 64
[    5.283065] initcall pci_apply_final_quirks+0x0/0x124 returned 0 after 30780 usecs
[    5.291993] calling  acpi_reserve_resources+0x0/0xea @ 1
[    5.298547] initcall acpi_reserve_resources+0x0/0xea returned 0 after 34 usecs
[    5.307207] calling  populate_rootfs+0x0/0x102 @ 1
[    5.315101] initcall populate_rootfs+0x0/0x102 returned 0 after 2054 usecs
[    5.323559] calling  pci_iommu_init+0x0/0x3e @ 1
[    5.329546] initcall pci_iommu_init+0x0/0x3e returned 0 after 107 usecs
[    5.337564] calling  ia32_binfmt_init+0x0/0x13 @ 1
[    5.343352] initcall ia32_binfmt_init+0x0/0x13 returned 0 after 11 usecs
[    5.352921] calling  rapl_pmu_init+0x0/0x267 @ 1
[    5.359204] initcall rapl_pmu_init+0x0/0x267 returned -19 after 59 usecs
[    5.367037] calling  amd_uncore_init+0x0/0x310 @ 1
[    5.372592] initcall amd_uncore_init+0x0/0x310 returned -19 after 1 usecs
[    5.380298] calling  amd_ibs_init+0x0/0x27b @ 1
[    5.385550] initcall amd_ibs_init+0x0/0x27b returned -19 after 0 usecs
[    5.392985] calling  amd_iommu_pc_init+0x0/0x22c @ 1
[    5.398879] initcall amd_iommu_pc_init+0x0/0x22c returned -19 after 252 usecs
[    5.406968] calling  msr_init+0x0/0x55 @ 1
[    5.411917] initcall msr_init+0x0/0x55 returned 0 after 102 usecs
[    5.418904] calling  intel_uncore_init+0x0/0x36f @ 1
[    5.424710] initcall intel_uncore_init+0x0/0x36f returned -19 after 116 usecs
[    5.433583] calling  cstate_pmu_init+0x0/0x1a1 @ 1
[    5.440578] initcall cstate_pmu_init+0x0/0x1a1 returned -19 after 0 usecs
[    5.450298] calling  register_kernel_offset_dumper+0x0/0x1a @ 1
[    5.458842] initcall register_kernel_offset_dumper+0x0/0x1a returned 0 after 37 usecs
[    5.468507] calling  i8259A_init_ops+0x0/0x20 @ 1
[    5.474914] initcall i8259A_init_ops+0x0/0x20 returned 0 after 3 usecs
[    5.482459] calling  init_tsc_clocksource+0x0/0xa4 @ 1
[    5.488423] clocksource: tsc: mask: 0xffffffffffffffff max_cycles: 0x39a85afc727, max_idle_ns: 881590685098 ns
[    5.499762] initcall init_tsc_clocksource+0x0/0xa4 returned 0 after 11071 usecs
[    5.508319] calling  add_rtc_cmos+0x0/0xb0 @ 1
[    5.513524] initcall add_rtc_cmos+0x0/0xb0 returned 0 after 18 usecs
[    5.520774] calling  i8237A_init_ops+0x0/0x3a @ 1
[    5.526226] initcall i8237A_init_ops+0x0/0x3a returned 0 after 94 usecs
[    5.533771] calling  umwait_init+0x0/0x94 @ 1
[    5.538918] initcall umwait_init+0x0/0x94 returned -19 after 61 usecs
[    5.546558] calling  thermal_throttle_init_device+0x0/0x3d @ 1
[    5.553346] initcall thermal_throttle_init_device+0x0/0x3d returned 0 after 60 usecs
[    5.562145] calling  msr_init+0x0/0xd7 @ 1
[    5.581736] initcall msr_init+0x0/0xd7 returned 0 after 14506 usecs
[    5.589863] calling  cpuid_init+0x0/0xd7 @ 1
[    5.608053] initcall cpuid_init+0x0/0xd7 returned 0 after 12918 usecs
[    5.615608] calling  ioapic_init_ops+0x0/0x13 @ 1
[    5.621129] initcall ioapic_init_ops+0x0/0x13 returned 0 after 29 usecs
[    5.628668] calling  add_pcspkr+0x0/0x6c @ 1
[    5.634077] initcall add_pcspkr+0x0/0x6c returned 0 after 193 usecs
[    5.641916] calling  start_periodic_check_for_corruption+0x0/0x30 @ 1
[    5.651338] check: Scanning for low memory corruption every 60 seconds
[    5.661049] initcall start_periodic_check_for_corruption+0x0/0x30 returned 0 after 9524 usecs
[    5.673543] calling  sysfb_init+0x0/0x9c @ 1
[    5.678770] initcall sysfb_init+0x0/0x9c returned 0 after 239 usecs
[    5.686162] calling  audit_classes_init+0x0/0xae @ 1
[    5.692047] initcall audit_classes_init+0x0/0xae returned 0 after 53 usecs
[    5.699912] calling  iosf_mbi_init+0x0/0x24 @ 1
[    5.705493] initcall iosf_mbi_init+0x0/0x24 returned 0 after 252 usecs
[    5.713143] calling  proc_execdomains_init+0x0/0x21 @ 1
[    5.719248] initcall proc_execdomains_init+0x0/0x21 returned 0 after 9 usecs
[    5.727255] calling  register_warn_debugfs+0x0/0x23 @ 1
[    5.733602] initcall register_warn_debugfs+0x0/0x23 returned 0 after 24 usecs
[    5.743163] calling  cpuhp_sysfs_init+0x0/0x79 @ 1
[    5.749386] initcall cpuhp_sysfs_init+0x0/0x79 returned 0 after 178 usecs
[    5.757193] calling  ioresources_init+0x0/0x49 @ 1
[    5.762772] initcall ioresources_init+0x0/0x49 returned 0 after 11 usecs
[    5.770546] calling  lockdep_proc_init+0x0/0x64 @ 1
[    5.776276] initcall lockdep_proc_init+0x0/0x64 returned 0 after 45 usecs
[    5.784230] calling  snapshot_device_init+0x0/0xc @ 1
[    5.791437] initcall snapshot_device_init+0x0/0xc returned 0 after 1267 usecs
[    5.799715] calling  irq_pm_init_ops+0x0/0x13 @ 1
[    5.805284] initcall irq_pm_init_ops+0x0/0x13 returned 0 after 15 usecs
[    5.812955] calling  rcu_torture_init+0x0/0x9be @ 1
[    5.819070] srcud-torture:--- Start of test: nreaders=7 nfakewriters=4 stat_interval=15 verbose=1 test_no_idle_hz=1 shuffle_interval=3 stutter=5 irqreader=1 fqs_duration=0 fqs_holdoff=0 fqs_stutter=3 test_boost=1/0 test_boost_interval=7 test_boost_duration=4 shutdown_secs=1800 stall_cpu=0 stall_cpu_holdoff=10 stall_cpu_irqsoff=0 stall_cpu_block=0 n_barrier_cbs=4 onoff_interval=1000 onoff_holdoff=30 read_exit_delay=13 read_exit_burst=16
[    5.862867] srcud:  Start-test grace-period state: g0 f0x0
[    5.869352] srcud-torture: Creating rcu_torture_writer task
[    5.878554] srcud-torture: Creating rcu_torture_fakewriter task
[    5.879046] srcud-torture: rcu_torture_writer task started
[    5.887506] srcud-torture: Creating rcu_torture_fakewriter task
[    5.889962] srcud-torture: rcu_torture_fakewriter task started
[    5.892351] srcud-torture: GP expediting controlled from boot/sysfs for srcud.
[    5.892354] rcu_torture_writer: Testing expedited GPs.
[    5.892355] rcu_torture_writer: Testing asynchronous GPs.
[    5.892356] rcu_torture_writer: Testing normal GPs.
[    5.935293] srcud-torture: Creating rcu_torture_fakewriter task
[    5.935766] srcud-torture: rcu_torture_fakewriter task started
[    5.944805] srcud-torture: Creating rcu_torture_fakewriter task
[    5.945069] srcud-torture: rcu_torture_fakewriter task started
[    5.967330] srcud-torture: Creating rcu_torture_reader task
[    5.967846] srcud-torture: rcu_torture_fakewriter task started
[    5.977161] srcud-torture: Creating rcu_torture_reader task
[    5.977526] srcud-torture: rcu_torture_reader task started
[    5.998196] srcud-torture: Creating rcu_torture_reader task
[    5.998530] srcud-torture: rcu_torture_reader task started
[    6.007899] srcud-torture: Creating rcu_torture_reader task
[    6.008404] srcud-torture: rcu_torture_reader task started
[    6.026580] srcud-torture: Creating rcu_torture_reader task
[    6.026988] srcud-torture: rcu_torture_reader task started
[    6.035125] srcud-torture: Creating rcu_torture_reader task
[    6.035497] srcud-torture: rcu_torture_reader task started
[    6.059742] srcud-torture: Creating rcu_torture_reader task
[    6.059867] srcud-torture: rcu_torture_reader task started
[    6.067744] srcud-torture: Creating rcu_torture_stats task
[    6.067819] srcud-torture: rcu_torture_reader task started
[    6.091592] srcud-torture: Creating torture_shuffle task
[    6.091985] srcud-torture: rcu_torture_stats task started
[    6.101124] srcud-torture: Creating torture_stutter task
[    6.101741] srcud-torture: torture_shuffle task started
[    6.141672] srcud-torture: torture_stutter task started
[    6.141748] srcud-torture: Creating torture_shutdown task
[    6.151861] srcud-torture: torture_shutdown task started
[    6.152092] srcud-torture: Creating torture_onoff task
[    6.155790] srcud-torture: rcu_torture_fwd_prog_init: Disabled, unsupported by RCU flavor under test
[    6.156209] srcud-torture: Creating rcu_torture_barrier_cbs task
[    6.156327] srcud-torture: torture_onoff task started
[    6.163571] srcud-torture: Creating rcu_torture_barrier_cbs task
[    6.163739] srcud-torture:torture_shutdown task: 1799977 ms remaining
[    6.165634] srcud-torture: rcu_torture_barrier_cbs task started
[    6.167313] srcud-torture: Creating rcu_torture_barrier_cbs task
[    6.167874] srcud-torture: rcu_torture_barrier_cbs task started
[    6.169869] srcud-torture: rcu_torture_barrier_cbs task started
[    6.169886] srcud-torture: Creating rcu_torture_barrier_cbs task
[    6.171884] srcud-torture: Creating rcu_torture_barrier task
[    6.172335] srcud-torture: torture_onoff begin holdoff
[    6.172358] srcud-torture: rcu_torture_barrier_cbs task started
[    6.172862] srcud-torture: Creating rcu_torture_read_exit task
[    6.172886] srcud-torture: rcu_torture_barrier task starting
[    6.174405] srcud-torture: rcu_torture_read_exit: Start of test
[    6.174671] initcall rcu_torture_init+0x0/0x9be returned 0 after 347354 usecs
[    6.174926] calling  timekeeping_init_ops+0x0/0x13 @ 1
[    6.175042] initcall timekeeping_init_ops+0x0/0x13 returned 0 after 109 usecs
[    6.175045] calling  init_clocksource_sysfs+0x0/0x23 @ 1
[    6.179114] initcall init_clocksource_sysfs+0x0/0x23 returned 0 after 3968 usecs
[    6.179118] calling  init_timer_list_procfs+0x0/0x31 @ 1
[    6.179617] initcall init_timer_list_procfs+0x0/0x31 returned 0 after 482 usecs
[    6.179620] calling  alarmtimer_init+0x0/0xf5 @ 1
[    6.180915] initcall alarmtimer_init+0x0/0xf5 returned 0 after 1259 usecs
[    6.180976] calling  init_posix_timers+0x0/0x29 @ 1
[    6.181421] rcu_torture_rea (118) used greatest stack depth: 14616 bytes left
[    6.181998] initcall init_posix_timers+0x0/0x29 returned 0 after 992 usecs
[    6.182001] calling  clockevents_init_sysfs+0x0/0xbf @ 1
[    6.183149] initcall clockevents_init_sysfs+0x0/0xbf returned 0 after 1068 usecs
[    6.183172] calling  proc_dma_init+0x0/0x21 @ 1
[    6.183279] initcall proc_dma_init+0x0/0x21 returned 0 after 99 usecs
[    6.183282] calling  proc_modules_init+0x0/0x1e @ 1
[    6.183290] initcall proc_modules_init+0x0/0x1e returned 0 after 4 usecs
[    6.183293] calling  kallsyms_init+0x0/0x21 @ 1
[    6.183300] initcall kallsyms_init+0x0/0x21 returned 0 after 3 usecs
[    6.183316] calling  pid_namespaces_init+0x0/0x2c @ 1
[    6.183352] initcall pid_namespaces_init+0x0/0x2c returned 0 after 31 usecs
[    6.183354] calling  audit_watch_init+0x0/0x37 @ 1
[    6.183430] initcall audit_watch_init+0x0/0x37 returned 0 after 70 usecs
[    6.183432] calling  audit_fsnotify_init+0x0/0x37 @ 1
[    6.183436] initcall audit_fsnotify_init+0x0/0x37 returned 0 after 0 usecs
[    6.183438] calling  audit_tree_init+0x0/0x6d @ 1
[    6.183444] initcall audit_tree_init+0x0/0x6d returned 0 after 3 usecs
[    6.183447] calling  seccomp_sysctl_init+0x0/0x2b @ 1
[    6.183980] initcall seccomp_sysctl_init+0x0/0x2b returned 0 after 516 usecs
[    6.183982] calling  utsname_sysctl_init+0x0/0x13 @ 1
[    6.184034] initcall utsname_sysctl_init+0x0/0x13 returned 0 after 47 usecs
[    6.184037] calling  init_tracepoints+0x0/0x27 @ 1
[    6.184361] initcall init_tracepoints+0x0/0x27 returned 0 after 313 usecs
[    6.184364] calling  init_blk_tracer+0x0/0x50 @ 1
[    6.190593] initcall init_blk_tracer+0x0/0x50 returned 0 after 6076 usecs
[    6.615613] calling  perf_event_sysfs_init+0x0/0x83 @ 1
[    6.624860] initcall perf_event_sysfs_init+0x0/0x83 returned 0 after 1573 usecs
[    6.636986] calling  system_trusted_keyring_init+0x0/0x60 @ 1
[    6.645963] Initialise system trusted keyrings
[    6.655103] initcall system_trusted_keyring_init+0x0/0x60 returned 0 after 8920 usecs
[    6.666460] calling  kswapd_init+0x0/0x5c @ 1
[    6.674490] initcall kswapd_init+0x0/0x5c returned 0 after 1561 usecs
[    6.685728] calling  extfrag_debug_init+0x0/0x54 @ 1
[    6.692900] initcall extfrag_debug_init+0x0/0x54 returned 0 after 317 usecs
[    6.703584] calling  mm_compute_batch_init+0x0/0x12 @ 1
[    6.711158] initcall mm_compute_batch_init+0x0/0x12 returned 0 after 80 usecs
[    6.721269] calling  slab_proc_init+0x0/0x21 @ 1
[    6.728379] initcall slab_proc_init+0x0/0x21 returned 0 after 45 usecs
[    6.737381] calling  workingset_init+0x0/0x8c @ 1
[    6.744262] workingset: timestamp_bits=56 max_order=17 bucket_order=0
[    6.753606] initcall workingset_init+0x0/0x8c returned 0 after 9123 usecs
[    6.764568] calling  proc_vmalloc_init+0x0/0x32 @ 1
[    6.772493] initcall proc_vmalloc_init+0x0/0x32 returned 0 after 9 usecs
[    6.783190] calling  procswaps_init+0x0/0x1e @ 1
[    6.791084] initcall procswaps_init+0x0/0x1e returned 0 after 97 usecs
[    6.801564] calling  slab_sysfs_init+0x0/0xec @ 1
[    6.823210] initcall slab_sysfs_init+0x0/0xec returned 0 after 13302 usecs
[    6.834166] calling  fcntl_init+0x0/0x29 @ 1
[    6.841307] initcall fcntl_init+0x0/0x29 returned 0 after 175 usecs
[    6.852241] calling  proc_filesystems_init+0x0/0x21 @ 1
[    6.860579] initcall proc_filesystems_init+0x0/0x21 returned 0 after 10 usecs
[    6.872883] calling  start_dirtytime_writeback+0x0/0x29 @ 1
[    6.881523] initcall start_dirtytime_writeback+0x0/0x29 returned 0 after 18 usecs
[    6.892995] calling  blkdev_init+0x0/0x1b @ 1
[    6.900464] initcall blkdev_init+0x0/0x1b returned 0 after 580 usecs
[    6.910277] calling  dio_init+0x0/0x2c @ 1
[    6.917031] initcall dio_init+0x0/0x2c returned 0 after 154 usecs
[    6.926333] calling  dnotify_init+0x0/0x78 @ 1
[    6.932202] initcall dnotify_init+0x0/0x78 returned 0 after 172 usecs
[    6.940551] calling  aio_setup+0x0/0x78 @ 1
[    6.947276] initcall aio_setup+0x0/0x78 returned 0 after 1210 usecs
[    6.955192] calling  io_uring_init+0x0/0x2c @ 1
[    6.960968] initcall io_uring_init+0x0/0x2c returned 0 after 12 usecs
[    6.969151] calling  mbcache_init+0x0/0x30 @ 1
[    6.975224] initcall mbcache_init+0x0/0x30 returned 0 after 166 usecs
[    6.983908] calling  init_grace+0x0/0xc @ 1
[    6.989578] initcall init_grace+0x0/0xc returned 0 after 82 usecs
[    6.997446] calling  init_v2_quota_format+0x0/0x21 @ 1
[    7.004215] initcall init_v2_quota_format+0x0/0x21 returned 0 after 175 usecs
[    7.013356] calling  init_devpts_fs+0x0/0x27 @ 1
[    7.019965] initcall init_devpts_fs+0x0/0x27 returned 0 after 347 usecs
[    7.028567] calling  ext4_init_fs+0x0/0x1c2 @ 1
[    7.037210] initcall ext4_init_fs+0x0/0x1c2 returned 0 after 2660 usecs
[    7.046086] calling  journal_init+0x0/0x11c @ 1
[    7.053509] initcall journal_init+0x0/0x11c returned 0 after 303 usecs
[    7.062734] calling  init_fat_fs+0x0/0x49 @ 1
[    7.068931] initcall init_fat_fs+0x0/0x49 returned 0 after 213 usecs
[    7.077672] calling  init_vfat_fs+0x0/0xc @ 1
[    7.083608] initcall init_vfat_fs+0x0/0xc returned 0 after 4 usecs
[    7.091839] calling  init_msdos_fs+0x0/0xc @ 1
[    7.098445] initcall init_msdos_fs+0x0/0xc returned 0 after 4 usecs
[    7.107069] calling  init_iso9660_fs+0x0/0x6c @ 1
[    7.114537] initcall init_iso9660_fs+0x0/0x6c returned 0 after 457 usecs
[    7.123752] calling  init_nfs_fs+0x0/0x13a @ 1
[    7.134508] initcall init_nfs_fs+0x0/0x13a returned 0 after 4669 usecs
[    7.143704] calling  init_nfs_v2+0x0/0x13 @ 1
[    7.149965] initcall init_nfs_v2+0x0/0x13 returned 0 after 138 usecs
[    7.159192] calling  init_nfs_v3+0x0/0x13 @ 1
[    7.165733] initcall init_nfs_v3+0x0/0x13 returned 0 after 2 usecs
[    7.174992] calling  init_nfs_v4+0x0/0x32 @ 1
[    7.181807] NFS: Registering the id_resolver key type
[    7.189874] Key type id_resolver registered
[    7.196264] Key type id_legacy registered
[    7.202036] initcall init_nfs_v4+0x0/0x32 returned 0 after 19778 usecs
[    7.211277] calling  init_nlm+0x0/0x5b @ 1
[    7.217486] initcall init_nlm+0x0/0x5b returned 0 after 48 usecs
[    7.226437] calling  init_nls_cp437+0x0/0xe @ 1
[    7.232928] initcall init_nls_cp437+0x0/0xe returned 0 after 118 usecs
[    7.242132] calling  init_nls_ascii+0x0/0xe @ 1
[    7.248616] initcall init_nls_ascii+0x0/0xe returned 0 after 1 usecs
[    7.258432] calling  init_nls_iso8859_1+0x0/0xe @ 1
[    7.266412] initcall init_nls_iso8859_1+0x0/0xe returned 0 after 2 usecs
[    7.277290] calling  init_nls_utf8+0x0/0x21 @ 1
[    7.284486] initcall init_nls_utf8+0x0/0x21 returned 0 after 2 usecs
[    7.293411] calling  init_autofs_fs+0x0/0x25 @ 1
[    7.302826] initcall init_autofs_fs+0x0/0x25 returned 0 after 2614 usecs
[    7.312296] calling  ipc_init+0x0/0x24 @ 1
[    7.318463] initcall ipc_init+0x0/0x24 returned 0 after 459 usecs
[    7.326719] calling  ipc_sysctl_init+0x0/0x13 @ 1
[    7.333820] initcall ipc_sysctl_init+0x0/0x13 returned 0 after 81 usecs
[    7.342716] calling  init_mqueue_fs+0x0/0xb1 @ 1
[    7.351133] initcall init_mqueue_fs+0x0/0xb1 returned 0 after 1853 usecs
[    7.360299] calling  key_proc_init+0x0/0x63 @ 1
[    7.366334] initcall key_proc_init+0x0/0x63 returned 0 after 11 usecs
[    7.374646] calling  selinux_nf_ip_init+0x0/0x2e @ 1
[    7.381954] initcall selinux_nf_ip_init+0x0/0x2e returned 0 after 200 usecs
[    7.391500] calling  init_sel_fs+0x0/0x116 @ 1
[    7.397437] initcall init_sel_fs+0x0/0x116 returned 0 after 1 usecs
[    7.405439] calling  selnl_init+0x0/0x7c @ 1
[    7.414065] initcall selnl_init+0x0/0x7c returned 0 after 433 usecs
[    7.424139] calling  sel_netif_init+0x0/0x36 @ 1
[    7.432016] initcall sel_netif_init+0x0/0x36 returned 0 after 1 usecs
[    7.442576] calling  sel_netnode_init+0x0/0x33 @ 1
[    7.449514] initcall sel_netnode_init+0x0/0x33 returned 0 after 1 usecs
[    7.458958] calling  sel_netport_init+0x0/0x33 @ 1
[    7.465912] initcall sel_netport_init+0x0/0x33 returned 0 after 1 usecs
[    7.475165] calling  aurule_init+0x0/0x2a @ 1
[    7.481552] initcall aurule_init+0x0/0x2a returned 0 after 3 usecs
[    7.490434] calling  crypto_algapi_init+0x0/0xc @ 1
[    7.497394] initcall crypto_algapi_init+0x0/0xc returned 0 after 11 usecs
[    7.506890] calling  jent_mod_init+0x0/0x2d @ 1
[    7.526985] initcall jent_mod_init+0x0/0x2d returned 0 after 13528 usecs
[    7.536902] calling  asymmetric_key_init+0x0/0xc @ 1
[    7.543293] Key type asymmetric registered
[    7.548661] initcall asymmetric_key_init+0x0/0xc returned 0 after 5242 usecs
[    7.557499] calling  x509_key_init+0x0/0xc @ 1
[    7.563477] Asymmetric key parser 'x509' registered
[    7.570321] initcall x509_key_init+0x0/0xc returned 0 after 6751 usecs
[    7.580144] calling  proc_genhd_init+0x0/0x41 @ 1
[    7.586949] initcall proc_genhd_init+0x0/0x41 returned 0 after 34 usecs
[    7.596904] calling  bsg_init+0x0/0x113 @ 1
[    7.604277] Block layer SCSI generic (bsg) driver version 0.4 loaded (major 251)
[    7.616244] initcall bsg_init+0x0/0x113 returned 0 after 12505 usecs
[    7.625813] calling  deadline_init+0x0/0xc @ 1
[    7.632852] io scheduler mq-deadline registered
[    7.639737] initcall deadline_init+0x0/0xc returned 0 after 6823 usecs
[    7.649896] calling  kyber_init+0x0/0xc @ 1
[    7.656763] io scheduler kyber registered
[    7.663339] initcall kyber_init+0x0/0xc returned 0 after 6447 usecs
[    7.673008] calling  mod_init+0x0/0x7 @ 1
[    7.679127] initcall mod_init+0x0/0x7 returned 0 after 1 usecs
[    7.687930] calling  percpu_counter_startup+0x0/0x55 @ 1
[    7.703612] initcall percpu_counter_startup+0x0/0x55 returned 0 after 7604 usecs
[    7.715336] calling  sg_pool_init+0x0/0xb4 @ 1
[    7.723352] initcall sg_pool_init+0x0/0xb4 returned 0 after 1566 usecs
[    7.732987] calling  pcie_portdrv_init+0x0/0x39 @ 1
[    7.741063] initcall pcie_portdrv_init+0x0/0x39 returned 0 after 1148 usecs
[    7.750846] calling  pci_proc_init+0x0/0x68 @ 1
[    7.757468] initcall pci_proc_init+0x0/0x68 returned 0 after 162 usecs
[    7.766845] calling  pci_hotplug_init+0x0/0x7 @ 1
[    7.773527] initcall pci_hotplug_init+0x0/0x7 returned 0 after 0 usecs
[    7.782819] calling  efifb_driver_init+0x0/0xe @ 1
[    7.789741] initcall efifb_driver_init+0x0/0xe returned 0 after 149 usecs
[    7.799422] calling  ged_driver_init+0x0/0xe @ 1
[    7.806566] initcall ged_driver_init+0x0/0xe returned 0 after 188 usecs
[    7.816708] calling  acpi_ac_init+0x0/0x92 @ 1
[    7.826324] initcall acpi_ac_init+0x0/0x92 returned 0 after 2846 usecs
[    7.836453] calling  acpi_button_driver_init+0x0/0x52 @ 1
[    7.846595] input: Power Button as /devices/LNXSYSTM:00/LNXPWRBN:00/input/input0
[    7.861089] ACPI: Power Button [PWRF]
[    7.868483] initcall acpi_button_driver_init+0x0/0x52 returned 0 after 22747 usecs
[    7.882466] calling  acpi_fan_driver_init+0x0/0xe @ 1
[    7.891505] initcall acpi_fan_driver_init+0x0/0xe returned 0 after 77 usecs
[    7.903491] calling  acpi_video_init+0x0/0xcb @ 1
[    7.910786] initcall acpi_video_init+0x0/0xcb returned 0 after 396 usecs
[    7.920906] calling  acpi_processor_driver_init+0x0/0xad @ 1
[    7.932289] initcall acpi_processor_driver_init+0x0/0xad returned 0 after 3320 usecs
[    7.943165] calling  acpi_thermal_init+0x0/0x71 @ 1
[    7.958641] initcall acpi_thermal_init+0x0/0x71 returned 0 after 7570 usecs
[    7.972362] calling  acpi_battery_init+0x0/0x32 @ 1
[    7.980814] initcall acpi_battery_init+0x0/0x32 returned 0 after 1448 usecs
[    7.990261] calling  bgrt_init+0x0/0xb6 @ 1
[    7.996181] initcall bgrt_init+0x0/0xb6 returned -19 after 0 usecs
[    8.005837] calling  gpio_clk_driver_init+0x0/0xe @ 1
[    8.014345] initcall gpio_clk_driver_init+0x0/0xe returned 0 after 269 usecs
[    8.024811] calling  plt_clk_driver_init+0x0/0xe @ 1
[    8.033892] initcall plt_clk_driver_init+0x0/0xe returned 0 after 1448 usecs
[    8.045947] calling  virtio_pci_driver_init+0x0/0x15 @ 1
[    8.055184] initcall virtio_pci_driver_init+0x0/0x15 returned 0 after 607 usecs
[    8.067139] calling  n_null_init+0x0/0x1e @ 1
[    8.075417] initcall n_null_init+0x0/0x1e returned 0 after 720 usecs
[    8.084915] calling  pty_init+0x0/0x1e8 @ 1
[    8.095344] initcall pty_init+0x0/0x1e8 returned 0 after 2706 usecs
[    8.106089] calling  sysrq_init+0x0/0x62 @ 1
[    8.113146] initcall sysrq_init+0x0/0x62 returned 0 after 13 usecs
[    8.123327] calling  serial8250_init+0x0/0x17e @ 1
[    8.131082] Serial: 8250/16550 driver, 4 ports, IRQ sharing enabled
[    8.145138] 00:03: ttyS0 at I/O 0x3f8 (irq = 4, base_baud = 115200) is a 16550A
[    8.171151] initcall serial8250_init+0x0/0x17e returned 0 after 39177 usecs
[    8.183310] calling  serial_pci_driver_init+0x0/0x15 @ 1
[    8.192962] initcall serial_pci_driver_init+0x0/0x15 returned 0 after 59 usecs
[    8.205910] calling  exar_pci_driver_init+0x0/0x15 @ 1
[    8.215271] initcall exar_pci_driver_init+0x0/0x15 returned 0 after 96 usecs
[    8.228068] calling  lpss8250_pci_driver_init+0x0/0x15 @ 1
[    8.239240] initcall lpss8250_pci_driver_init+0x0/0x15 returned 0 after 54 usecs
[    8.252572] calling  mid8250_pci_driver_init+0x0/0x15 @ 1
[    8.261026] initcall mid8250_pci_driver_init+0x0/0x15 returned 0 after 42 usecs
[    8.274446] calling  virtio_console_init+0x0/0xff @ 1
[    8.285281] initcall virtio_console_init+0x0/0xff returned 0 after 923 usecs
[    8.298123] calling  hpet_init+0x0/0x64 @ 1
[    8.313982] initcall hpet_init+0x0/0x64 returned 0 after 7963 usecs
[    8.324327] calling  nvram_module_init+0x0/0x83 @ 1
[    8.338405] Non-volatile memory driver v1.3
[    8.346586] initcall nvram_module_init+0x0/0x83 returned 0 after 12250 usecs
[    8.357943] calling  hwrng_modinit+0x0/0x8a @ 1
[    8.370034] initcall hwrng_modinit+0x0/0x8a returned 0 after 4354 usecs
[    8.380873] calling  mod_init+0x0/0x48 @ 1
[    8.388287] initcall mod_init+0x0/0x48 returned -19 after 1 usecs
[    8.398928] calling  agp_init+0x0/0x23 @ 1
[    8.405962] Linux agpgart interface v0.103
[    8.412897] initcall agp_init+0x0/0x23 returned 0 after 6770 usecs
[    8.423547] calling  agp_amd64_mod_init+0x0/0x5 @ 1
[    8.432919] initcall agp_amd64_mod_init+0x0/0x5 returned -19 after 534 usecs
[    8.444362] calling  agp_intel_init+0x0/0x28 @ 1
[    8.453372] initcall agp_intel_init+0x0/0x28 returned 0 after 1422 usecs
[    8.464584] calling  drm_kms_helper_init+0x0/0x7 @ 1
[    8.473340] initcall drm_kms_helper_init+0x0/0x7 returned 0 after 77 usecs
[    8.485034] calling  drm_core_init+0x0/0xbd @ 1
[    8.494590] initcall drm_core_init+0x0/0xbd returned 0 after 972 usecs
[    8.506570] calling  i915_init+0x0/0x6b @ 1
[    8.515637] initcall i915_init+0x0/0x6b returned 0 after 1546 usecs
[    8.526924] calling  cn_proc_init+0x0/0x35 @ 1
[    8.535526] initcall cn_proc_init+0x0/0x35 returned 0 after 110 usecs
[    8.547001] calling  topology_sysfs_init+0x0/0x27 @ 1
[    8.555637] initcall topology_sysfs_init+0x0/0x27 returned 0 after 1115 usecs
[    8.566407] calling  cacheinfo_sysfs_init+0x0/0x27 @ 1
[    8.622163] initcall cacheinfo_sysfs_init+0x0/0x27 returned 0 after 46696 usecs
[    8.634299] calling  loop_init+0x0/0x16a @ 1
[    8.856490] loop: module loaded
[    8.861332] initcall loop_init+0x0/0x16a returned 0 after 214797 usecs
[    8.871028] calling  mac_hid_init+0x0/0x21 @ 1
[    8.878546] initcall mac_hid_init+0x0/0x21 returned 0 after 16 usecs
[    8.888194] calling  spi_transport_init+0x0/0x74 @ 1
[    8.896256] initcall spi_transport_init+0x0/0x74 returned 0 after 410 usecs
[    8.907131] calling  init_sd+0x0/0x18c @ 1
[    8.913817] initcall init_sd+0x0/0x18c returned 0 after 572 usecs
[    8.923917] calling  init_sr+0x0/0x43 @ 1
[    8.930853] initcall init_sr+0x0/0x43 returned 0 after 199 usecs
[    8.940159] calling  init_sg+0x0/0x1c0 @ 1
[    8.947527] initcall init_sg+0x0/0x1c0 returned 0 after 196 usecs
[    8.957338] calling  ahci_pci_driver_init+0x0/0x15 @ 1
[    8.966464] ahci 0000:00:1f.2: version 3.0
[    8.983153] PCI Interrupt Link [GSIA] enabled at IRQ 16
[    9.020166] ahci 0000:00:1f.2: AHCI 0001.0000 32 slots 6 ports 1.5 Gbps 0x3f impl SATA mode
[    9.033825] ahci 0000:00:1f.2: flags: 64bit ncq only 
[    9.084493] scsi host0: ahci
[    9.103571] scsi host1: ahci
[    9.125273] scsi host2: ahci
[    9.136141] scsi host3: ahci
[    9.153086] scsi host4: ahci
[    9.173593] scsi host5: ahci
[    9.179280] ata1: SATA max UDMA/133 abar m4096@0xfebf1000 port 0xfebf1100 irq 24
[    9.191856] ata2: SATA max UDMA/133 abar m4096@0xfebf1000 port 0xfebf1180 irq 24
[    9.205625] ata3: SATA max UDMA/133 abar m4096@0xfebf1000 port 0xfebf1200 irq 24
[    9.218480] ata4: SATA max UDMA/133 abar m4096@0xfebf1000 port 0xfebf1280 irq 24
[    9.231405] ata5: SATA max UDMA/133 abar m4096@0xfebf1000 port 0xfebf1300 irq 24
[    9.243860] ata6: SATA max UDMA/133 abar m4096@0xfebf1000 port 0xfebf1380 irq 24
[    9.258919] initcall ahci_pci_driver_init+0x0/0x15 returned 0 after 286268 usecs
[    9.269869] calling  piix_init+0x0/0x26 @ 1
[    9.277504] initcall piix_init+0x0/0x26 returned 0 after 891 usecs
[    9.287377] calling  amd_pci_driver_init+0x0/0x15 @ 1
[    9.295672] initcall amd_pci_driver_init+0x0/0x15 returned 0 after 145 usecs
[    9.308885] calling  oldpiix_pci_driver_init+0x0/0x15 @ 1
[    9.317348] initcall oldpiix_pci_driver_init+0x0/0x15 returned 0 after 62 usecs
[    9.328610] calling  sch_pci_driver_init+0x0/0x15 @ 1
[    9.336790] initcall sch_pci_driver_init+0x0/0x15 returned 0 after 49 usecs
[    9.347484] calling  net_olddevs_init+0x0/0x55 @ 1
[    9.356160] initcall net_olddevs_init+0x0/0x55 returned 0 after 525 usecs
[    9.366208] calling  blackhole_netdev_init+0x0/0x78 @ 1
[    9.375468] initcall blackhole_netdev_init+0x0/0x78 returned 0 after 481 usecs
[    9.386922] calling  phy_module_init+0x0/0x13 @ 1
[    9.395258] initcall phy_module_init+0x0/0x13 returned 0 after 1072 usecs
[    9.406045] calling  tg3_driver_init+0x0/0x15 @ 1
[    9.413950] initcall tg3_driver_init+0x0/0x15 returned 0 after 48 usecs
[    9.425340] calling  e100_init_module+0x0/0x4c @ 1
[    9.433400] e100: Intel(R) PRO/100 Network Driver
[    9.442170] e100: Copyright(c) 1999-2006 Intel Corporation
[    9.450949] initcall e100_init_module+0x0/0x4c returned 0 after 17133 usecs
[    9.460984] calling  e1000_init_module+0x0/0x72 @ 1
[    9.468007] e1000: Intel(R) PRO/1000 Network Driver
[    9.476429] e1000: Copyright (c) 1999-2006 Intel Corporation.
[    9.489644] initcall e1000_init_module+0x0/0x72 returned 0 after 21126 usecs
[    9.499978] calling  e1000_init_module+0x0/0x2d @ 1
[    9.507740] e1000e: Intel(R) PRO/1000 Network Driver
[    9.515424] e1000e: Copyright(c) 1999 - 2015 Intel Corporation.
[    9.525065] initcall e1000_init_module+0x0/0x2d returned 0 after 17030 usecs
[    9.535496] calling  sky2_init_module+0x0/0x21 @ 1
[    9.543701] sky2: driver version 1.30
[    9.550063] initcall sky2_init_module+0x0/0x21 returned 0 after 6264 usecs
[    9.561386] calling  forcedeth_pci_driver_init+0x0/0x15 @ 1
[    9.570417] initcall forcedeth_pci_driver_init+0x0/0x15 returned 0 after 45 usecs
[    9.581690] ata1: SATA link down (SStatus 0 SControl 300)
[    9.582406] calling  rtl8139_init_module+0x0/0x15 @ 1
[    9.595149] ata2: SATA link down (SStatus 0 SControl 300)
[    9.600095] initcall rtl8139_init_module+0x0/0x15 returned 0 after 138 usecs
[    9.600100] calling  rtl8169_pci_driver_init+0x0/0x15 @ 1
[    9.600129] initcall rtl8169_pci_driver_init+0x0/0x15 returned 0 after 24 usecs
[    9.600132] calling  cdrom_init+0x0/0xc @ 1
[    9.600283] initcall cdrom_init+0x0/0xc returned 0 after 145 usecs
[    9.600286] calling  nonstatic_sysfs_init+0x0/0xc @ 1
[    9.600291] initcall nonstatic_sysfs_init+0x0/0xc returned 0 after 2 usecs
[    9.600293] calling  yenta_cardbus_driver_init+0x0/0x15 @ 1
[    9.600388] initcall yenta_cardbus_driver_init+0x0/0x15 returned 0 after 89 usecs
[    9.600391] calling  mon_init+0x0/0x144 @ 1
[    9.604631] initcall mon_init+0x0/0x144 returned 0 after 4135 usecs
[    9.613280] ata6: SATA link down (SStatus 0 SControl 300)
[    9.620932] calling  ehci_hcd_init+0x0/0x56 @ 1
[    9.634192] ata3: SATA link up 1.5 Gbps (SStatus 113 SControl 300)
[    9.642105] ehci_hcd: USB 2.0 'Enhanced' Host Controller (EHCI) Driver
[    9.654160] ata4: SATA link down (SStatus 0 SControl 300)
[    9.660052] initcall ehci_hcd_init+0x0/0x56 returned 0 after 17558 usecs
[    9.667337] ata3.00: ATAPI: QEMU DVD-ROM, 2.5+, max UDMA/100
[    9.676435] calling  ehci_pci_init+0x0/0x64 @ 1
[    9.684434] ata3.00: applying bridge limits
[    9.689843] ata5: SATA link down (SStatus 0 SControl 300)
[    9.698890] ehci-pci: EHCI PCI platform driver
[    9.716227] ata3.00: configured for UDMA/100
[    9.724094] initcall ehci_pci_init+0x0/0x64 returned 0 after 24612 usecs
[    9.759840] scsi 2:0:0:0: CD-ROM            QEMU     QEMU DVD-ROM     2.5+ PQ: 0 ANSI: 5
[    9.766930] calling  ohci_hcd_mod_init+0x0/0x4e @ 1
[    9.766935] ohci_hcd: USB 1.1 'Open' Host Controller (OHCI) Driver
[    9.766971] initcall ohci_hcd_mod_init+0x0/0x4e returned 0 after 35 usecs
[    9.890875] calling  ohci_pci_init+0x0/0x64 @ 1
[    9.898181] ohci-pci: OHCI PCI platform driver
[    9.906285] initcall ohci_pci_init+0x0/0x64 returned 0 after 7912 usecs
[    9.916341] calling  uhci_hcd_init+0x0/0xa8 @ 1
[    9.923466] uhci_hcd: USB Universal Host Controller Interface driver
[    9.935101] initcall uhci_hcd_init+0x0/0xa8 returned 0 after 11428 usecs
[    9.959873] calling  xhci_hcd_init+0x0/0x1e @ 1
[    9.966778] sr 2:0:0:0: [sr0] scsi3-mmc drive: 4x/4x cd/rw xa/form2 tray
[    9.975163] initcall xhci_hcd_init+0x0/0x1e returned 0 after 4894 usecs
[    9.981994] cdrom: Uniform CD-ROM driver Revision: 3.20
[    9.992603] calling  xhci_pci_init+0x0/0x49 @ 1
[   10.003654] initcall xhci_pci_init+0x0/0x49 returned 0 after 10784 usecs
[   10.021095] calling  usblp_driver_init+0x0/0x15 @ 1
[   10.030092] usbcore: registered new interface driver usblp
[   10.038925] initcall usblp_driver_init+0x0/0x15 returned 0 after 9539 usecs
[   10.050878] calling  usb_storage_driver_init+0x0/0x2a @ 1
[   10.059341] usbcore: registered new interface driver usb-storage
[   10.069246] initcall usb_storage_driver_init+0x0/0x2a returned 0 after 9790 usecs
[   10.074690] sr 2:0:0:0: Attached scsi CD-ROM sr0
[   10.080867] calling  i8042_init+0x0/0x4c2 @ 1
[   10.082131] i8042: PNP: PS/2 Controller [PNP0303:KBD,PNP0f13:MOU] at 0x60,0x64 irq 1,12
[   10.099239] sr 2:0:0:0: Attached scsi generic sg0 type 5
[   10.134207] serio: i8042 KBD port at 0x60,0x64 irq 1
[   10.143308] serio: i8042 AUX port at 0x60,0x64 irq 12
[   10.152518] initcall i8042_init+0x0/0x4c2 returned 0 after 69924 usecs
[   10.168023] calling  serport_init+0x0/0x2c @ 1
[   10.174751] initcall serport_init+0x0/0x2c returned 0 after 181 usecs
[   10.185720] calling  input_leds_init+0x0/0xc @ 1
[   10.200802] initcall input_leds_init+0x0/0xc returned 0 after 21 usecs
[   10.216268] calling  evdev_init+0x0/0xc @ 1
[   10.225112] initcall evdev_init+0x0/0xc returned 0 after 2157 usecs
[   10.235455] calling  atkbd_init+0x0/0x21 @ 1
[   10.244037] initcall atkbd_init+0x0/0x21 returned 0 after 1220 usecs
[   10.258285] calling  psmouse_init+0x0/0x7f @ 1
[   10.260883] input: AT Translated Set 2 keyboard as /devices/platform/i8042/serio0/input/input1
[   10.265557] initcall psmouse_init+0x0/0x7f returned 0 after 235 usecs
[   10.303941] calling  cmos_init+0x0/0x73 @ 1
[   10.312331] rtc_cmos 00:04: RTC can wake from S4
[   10.329418] rtc_cmos 00:04: registered as rtc0
[   10.336755] rtc_cmos 00:04: alarms up to one day, y3k, 242 bytes nvram, hpet irqs
[   10.359247] initcall cmos_init+0x0/0x73 returned 0 after 47131 usecs
[   10.368542] calling  smbalert_driver_init+0x0/0xe @ 1
[   10.387259] initcall smbalert_driver_init+0x0/0xe returned 0 after 263 usecs
[   10.409874] calling  i2c_i801_init+0x0/0xc5 @ 1
[   10.427917] i801_smbus 0000:00:1f.3: SMBus using PCI interrupt
[   10.440208] i2c i2c-0: 1/1 memory slots populated (from DMI)
[   10.448397] i2c i2c-0: Memory type 0x07 not supported yet, not instantiating SPD
[   10.462519] initcall i2c_i801_init+0x0/0xc5 returned 0 after 43858 usecs
[   10.473586] calling  ptp_kvm_init+0x0/0xf0 @ 1
[   10.482287] initcall ptp_kvm_init+0x0/0xf0 returned 0 after 777 usecs
[   10.492506] calling  dm_init+0x0/0x3c @ 1
[   10.502002] device-mapper: ioctl: 4.43.0-ioctl (2020-10-01) initialised: dm-devel@redhat.com
[   10.516019] initcall dm_init+0x0/0x3c returned 0 after 16561 usecs
[   10.525790] calling  dm_mirror_init+0x0/0x29 @ 1
[   10.533114] initcall dm_mirror_init+0x0/0x29 returned 0 after 3 usecs
[   10.543627] calling  dm_dirty_log_init+0x0/0x4f @ 1
[   10.552160] initcall dm_dirty_log_init+0x0/0x4f returned 0 after 102 usecs
[   10.563510] calling  dm_zero_init+0x0/0x29 @ 1
[   10.570999] initcall dm_zero_init+0x0/0x29 returned 0 after 3 usecs
[   10.581351] calling  intel_pstate_init+0x0/0x50f @ 1
[   10.589551] intel_pstate: CPU model not supported
[   10.597510] initcall intel_pstate_init+0x0/0x50f returned -19 after 7821 usecs
[   10.612998] calling  haltpoll_init+0x0/0xc0 @ 1
[   10.633835] initcall haltpoll_init+0x0/0xc0 returned -19 after 76 usecs
[   10.644632] calling  efivars_sysfs_init+0x0/0x30 @ 1
[   10.652799] initcall efivars_sysfs_init+0x0/0x30 returned 0 after 24 usecs
[   10.663540] calling  esrt_sysfs_init+0x0/0x2a2 @ 1
[   10.671475] initcall esrt_sysfs_init+0x0/0x2a2 returned -38 after 32 usecs
[   10.681720] calling  hid_init+0x0/0x5c @ 1
[   10.689436] hid: raw HID events driver (C) Jiri Kosina
[   10.697827] initcall hid_init+0x0/0x5c returned 0 after 8346 usecs
[   10.713142] calling  hid_generic_init+0x0/0x15 @ 1
[   10.722040] initcall hid_generic_init+0x0/0x15 returned 0 after 48 usecs
[   10.732429] calling  a4_driver_init+0x0/0x15 @ 1
[   10.745039] initcall a4_driver_init+0x0/0x15 returned 0 after 163 usecs
[   10.757524] calling  apple_driver_init+0x0/0x15 @ 1
[   10.765359] initcall apple_driver_init+0x0/0x15 returned 0 after 197 usecs
[   10.776567] calling  belkin_driver_init+0x0/0x15 @ 1
[   10.784091] initcall belkin_driver_init+0x0/0x15 returned 0 after 43 usecs
[   10.794136] calling  ch_driver_init+0x0/0x15 @ 1
[   10.801476] initcall ch_driver_init+0x0/0x15 returned 0 after 42 usecs
[   10.810372] calling  ch_driver_init+0x0/0x15 @ 1
[   10.817198] initcall ch_driver_init+0x0/0x15 returned 0 after 44 usecs
[   10.827161] calling  cp_driver_init+0x0/0x15 @ 1
[   10.833531] initcall cp_driver_init+0x0/0x15 returned 0 after 60 usecs
[   10.843071] calling  ez_driver_init+0x0/0x15 @ 1
[   10.849775] initcall ez_driver_init+0x0/0x15 returned 0 after 43 usecs
[   10.861899] calling  gyration_driver_init+0x0/0x15 @ 1
[   10.870017] initcall gyration_driver_init+0x0/0x15 returned 0 after 44 usecs
[   10.881001] calling  ite_driver_init+0x0/0x15 @ 1
[   10.888559] initcall ite_driver_init+0x0/0x15 returned 0 after 44 usecs
[   10.898937] calling  ks_driver_init+0x0/0x15 @ 1
[   10.906852] initcall ks_driver_init+0x0/0x15 returned 0 after 383 usecs
[   10.916625] calling  lg_driver_init+0x0/0x15 @ 1
[   10.923442] initcall lg_driver_init+0x0/0x15 returned 0 after 55 usecs
[   10.933063] calling  lg_g15_driver_init+0x0/0x15 @ 1
[   10.940536] initcall lg_g15_driver_init+0x0/0x15 returned 0 after 57 usecs
[   10.950417] calling  ms_driver_init+0x0/0x15 @ 1
[   10.957042] initcall ms_driver_init+0x0/0x15 returned 0 after 43 usecs
[   10.966228] calling  mr_driver_init+0x0/0x15 @ 1
[   10.972953] initcall mr_driver_init+0x0/0x15 returned 0 after 40 usecs
[   10.984674] calling  ntrig_driver_init+0x0/0x15 @ 1
[   10.991862] input: ImExPS/2 Generic Explorer Mouse as /devices/platform/i8042/serio1/input/input3
[   10.993127] initcall ntrig_driver_init+0x0/0x15 returned 0 after 107 usecs
[   11.061573] calling  pl_driver_init+0x0/0x15 @ 1
[   11.085614] initcall pl_driver_init+0x0/0x15 returned 0 after 1012 usecs
[   11.109047] calling  pl_driver_init+0x0/0x15 @ 1
[   11.116000] initcall pl_driver_init+0x0/0x15 returned 0 after 58 usecs
[   11.125697] calling  redragon_driver_init+0x0/0x15 @ 1
[   11.142870] initcall redragon_driver_init+0x0/0x15 returned 0 after 58 usecs
[   11.155228] calling  samsung_driver_init+0x0/0x15 @ 1
[   11.163920] initcall samsung_driver_init+0x0/0x15 returned 0 after 330 usecs
[   11.174291] calling  sony_init+0x0/0x38 @ 1
[   11.180618] initcall sony_init+0x0/0x38 returned 0 after 66 usecs
[   11.189387] calling  sp_driver_init+0x0/0x15 @ 1
[   11.196130] initcall sp_driver_init+0x0/0x15 returned 0 after 86 usecs
[   11.205554] calling  ts_driver_init+0x0/0x15 @ 1
[   11.212556] initcall ts_driver_init+0x0/0x15 returned 0 after 92 usecs
[   11.221960] calling  hid_init+0x0/0x58 @ 1
[   11.228496] usbcore: registered new interface driver usbhid
[   11.237106] usbhid: USB HID core driver
[   11.242806] initcall hid_init+0x0/0x58 returned 0 after 14622 usecs
[   11.253742] calling  eeepc_laptop_init+0x0/0x57 @ 1
[   11.265244] initcall eeepc_laptop_init+0x0/0x57 returned -19 after 2384 usecs
[   11.275725] calling  pmc_atom_init+0x0/0x27a @ 1
[   11.283012] initcall pmc_atom_init+0x0/0x27a returned -19 after 299 usecs
[   11.293068] calling  alsa_hwdep_init+0x0/0x5e @ 1
[   11.304084] initcall alsa_hwdep_init+0x0/0x5e returned 0 after 4014 usecs
[   11.306954] srcud-torture: rcu_torture_read_exit: End of episode
[   11.313994] calling  alsa_timer_init+0x0/0x1f9 @ 1
[   11.316433] initcall alsa_timer_init+0x0/0x1f9 returned 0 after 2374 usecs
[   11.343278] calling  snd_hrtimer_init+0x0/0x117 @ 1
[   11.350769] initcall snd_hrtimer_init+0x0/0x117 returned 0 after 19 usecs
[   11.361487] calling  alsa_pcm_init+0x0/0x64 @ 1
[   11.368073] initcall alsa_pcm_init+0x0/0x64 returned 0 after 15 usecs
[   11.391914] calling  alsa_seq_init+0x0/0x4a @ 1
[   11.422001] initcall alsa_seq_init+0x0/0x4a returned 0 after 1081 usecs
[   11.430772] calling  alsa_seq_dummy_init+0x0/0x9c @ 1
[   11.443075] initcall alsa_seq_dummy_init+0x0/0x9c returned 0 after 118 usecs
[   11.452774] calling  azx_driver_init+0x0/0x15 @ 1
[   11.459616] initcall azx_driver_init+0x0/0x15 returned 0 after 304 usecs
[   11.468790] calling  sock_diag_init+0x0/0x2a @ 1
[   11.476007] initcall sock_diag_init+0x0/0x2a returned 0 after 801 usecs
[   11.485156] calling  blackhole_init+0x0/0xc @ 1
[   11.491799] initcall blackhole_init+0x0/0xc returned 0 after 198 usecs
[   11.501252] calling  nfnetlink_init+0x0/0x61 @ 1
[   11.508241] initcall nfnetlink_init+0x0/0x61 returned 0 after 119 usecs
[   11.517045] calling  nfnetlink_log_init+0x0/0x99 @ 1
