c[?7l[2J[0mSeaBIOS (version 1.16.0-debian-1.16.0-4)
Booting from ROM...
early console in setup code
c[?7l[2J[    0.000000] Linux version 5.10.155+ (root@joelboxx.c.googlers.com) (gcc (Debian 12.2.0-3) 12.2.0, GNU ld (GNU Binutils for Debian) 2.39) #4 SMP PREEMPT Tue Dec 13 05:21:36 UTC 2022
[    0.000000] Command line: selinux=0 initcall_debug debug console=ttyS0 maxcpus=8 nr_cpus=43 rcutree.gp_preinit_delay=3 rcutree.gp_init_delay=3 rcutree.gp_cleanup_delay=3 rcu_nocbs=0 rcutorture.fwd_progress=0 rcutorture.onoff_interval=1000 rcutorture.onoff_holdoff=30 rcutorture.n_barrier_cbs=4 rcutorture.stat_interval=15 rcutorture.shutdown_secs=1800 rcutorture.test_no_idle_hz=1 rcutorture.verbose=1
[    0.000000] x86/fpu: x87 FPU will use FXSAVE
[    0.000000] BIOS-provided physical RAM map:
[    0.000000] BIOS-e820: [mem 0x0000000000000000-0x000000000009fbff] usable
[    0.000000] BIOS-e820: [mem 0x000000000009fc00-0x000000000009ffff] reserved
[    0.000000] BIOS-e820: [mem 0x00000000000f0000-0x00000000000fffff] reserved
[    0.000000] BIOS-e820: [mem 0x0000000000100000-0x000000001ffdefff] usable
[    0.000000] BIOS-e820: [mem 0x000000001ffdf000-0x000000001fffffff] reserved
[    0.000000] BIOS-e820: [mem 0x00000000b0000000-0x00000000bfffffff] reserved
[    0.000000] BIOS-e820: [mem 0x00000000fed1c000-0x00000000fed1ffff] reserved
[    0.000000] BIOS-e820: [mem 0x00000000feffc000-0x00000000feffffff] reserved
[    0.000000] BIOS-e820: [mem 0x00000000fffc0000-0x00000000ffffffff] reserved
[    0.000000] NX (Execute Disable) protection: active
[    0.000000] SMBIOS 2.8 present.
[    0.000000] DMI: QEMU Standard PC (Q35 + ICH9, 2009), BIOS 1.16.0-debian-1.16.0-4 04/01/2014
[    0.000000] Hypervisor detected: KVM
[    0.000000] kvm-clock: Using msrs 4b564d01 and 4b564d00
[    0.000000] kvm-clock: cpu 0, msr a472001, primary cpu clock
[    0.000001] kvm-clock: using sched offset of 2011844808 cycles
[    0.000317] clocksource: kvm-clock: mask: 0xffffffffffffffff max_cycles: 0x1cd42e4dffb, max_idle_ns: 881590591483 ns
[    0.000442] tsc: Detected 1999.999 MHz processor
[    0.008430] e820: update [mem 0x00000000-0x00000fff] usable ==> reserved
[    0.008438] e820: remove [mem 0x000a0000-0x000fffff] usable
[    0.008446] last_pfn = 0x1ffdf max_arch_pfn = 0x400000000
[    0.009431] MTRR default type: write-back
[    0.009506] MTRR fixed ranges enabled:
[    0.009508]   00000-9FFFF write-back
[    0.009510]   A0000-BFFFF uncachable
[    0.009511]   C0000-FFFFF write-protect
[    0.009512] MTRR variable ranges enabled:
[    0.009514]   0 base 00C0000000 mask FFC0000000 uncachable
[    0.009515]   1 disabled
[    0.009516]   2 disabled
[    0.009517]   3 disabled
[    0.009518]   4 disabled
[    0.009519]   5 disabled
[    0.009520]   6 disabled
[    0.009521]   7 disabled
[    0.010486] x86/PAT: Configuration [0-7]: WB  WC  UC- UC  WB  WC  UC- UC  
[    0.019755] found SMP MP-table at [mem 0x000f5ba0-0x000f5baf]
[    0.021424] check: Scanning 1 areas for low memory corruption
[    0.032707] ACPI: Early table checksum verification disabled
[    0.039942] ACPI: RSDP 0x00000000000F59E0 000014 (v00 BOCHS )
[    0.040324] ACPI: RSDT 0x000000001FFE3206 000038 (v01 BOCHS  BXPC     00000001 BXPC 00000001)
[    0.040674] ACPI: FACP 0x000000001FFE2EAE 0000F4 (v03 BOCHS  BXPC     00000001 BXPC 00000001)
[    0.040808] ACPI: DSDT 0x000000001FFE0040 002E6E (v01 BOCHS  BXPC     00000001 BXPC 00000001)
[    0.040813] ACPI: FACS 0x000000001FFE0000 000040
[    0.040817] ACPI: APIC 0x000000001FFE2FA2 0001C8 (v01 BOCHS  BXPC     00000001 BXPC 00000001)
[    0.040821] ACPI: HPET 0x000000001FFE316A 000038 (v01 BOCHS  BXPC     00000001 BXPC 00000001)
[    0.040825] ACPI: MCFG 0x000000001FFE31A2 00003C (v01 BOCHS  BXPC     00000001 BXPC 00000001)
[    0.040829] ACPI: WAET 0x000000001FFE31DE 000028 (v01 BOCHS  BXPC     00000001 BXPC 00000001)
[    0.040834] ACPI: Reserving FACP table memory at [mem 0x1ffe2eae-0x1ffe2fa1]
[    0.040836] ACPI: Reserving DSDT table memory at [mem 0x1ffe0040-0x1ffe2ead]
[    0.040893] ACPI: Reserving FACS table memory at [mem 0x1ffe0000-0x1ffe003f]
[    0.040894] ACPI: Reserving APIC table memory at [mem 0x1ffe2fa2-0x1ffe3169]
[    0.040895] ACPI: Reserving HPET table memory at [mem 0x1ffe316a-0x1ffe31a1]
[    0.040896] ACPI: Reserving MCFG table memory at [mem 0x1ffe31a2-0x1ffe31dd]
[    0.040897] ACPI: Reserving WAET table memory at [mem 0x1ffe31de-0x1ffe3205]
[    0.042044] ACPI: Local APIC address 0xfee00000
[    0.047335] No NUMA configuration found
[    0.047382] Faking a node at [mem 0x0000000000000000-0x000000001ffdefff]
[    0.047549] NODE_DATA(0) allocated [mem 0x1ffbd000-0x1ffdefff]
[    0.050834] Zone ranges:
[    0.051445]   DMA      [mem 0x0000000000001000-0x0000000000ffffff]
[    0.051507]   DMA32    [mem 0x0000000001000000-0x000000001ffdefff]
[    0.051509]   Normal   empty
[    0.051511] Movable zone start for each node
[    0.051514] Early memory node ranges
[    0.051515]   node   0: [mem 0x0000000000001000-0x000000000009efff]
[    0.051566]   node   0: [mem 0x0000000000100000-0x000000001ffdefff]
[    0.051657] Initmem setup node 0 [mem 0x0000000000001000-0x000000001ffdefff]
[    0.051659] On node 0 totalpages: 130941
[    0.051774]   DMA zone: 64 pages used for memmap
[    0.051775]   DMA zone: 21 pages reserved
[    0.051814]   DMA zone: 3998 pages, LIFO batch:0
[    0.051816]   DMA32 zone: 1984 pages used for memmap
[    0.051817]   DMA32 zone: 126943 pages, LIFO batch:31
[    0.053069] On node 0, zone DMA: 1 pages in unavailable ranges
[    0.055669] On node 0, zone DMA: 97 pages in unavailable ranges
[    0.223375] On node 0, zone DMA32: 33 pages in unavailable ranges
[    0.230036] ACPI: PM-Timer IO Port: 0x608
[    0.230178] ACPI: Local APIC address 0xfee00000
[    0.231319] ACPI: LAPIC_NMI (acpi_id[0xff] dfl dfl lint[0x1])
[    0.233018] IOAPIC[0]: apic_id 0, version 17, address 0xfec00000, GSI 0-23
[    0.233023] ACPI: INT_SRC_OVR (bus 0 bus_irq 0 global_irq 2 dfl dfl)
[    0.233176] ACPI: INT_SRC_OVR (bus 0 bus_irq 5 global_irq 5 high level)
[    0.233177] ACPI: INT_SRC_OVR (bus 0 bus_irq 9 global_irq 9 high level)
[    0.233323] ACPI: INT_SRC_OVR (bus 0 bus_irq 10 global_irq 10 high level)
[    0.233325] ACPI: INT_SRC_OVR (bus 0 bus_irq 11 global_irq 11 high level)
[    0.233327] ACPI: IRQ0 used by override.
[    0.233328] ACPI: IRQ5 used by override.
[    0.233329] ACPI: IRQ9 used by override.
[    0.233330] ACPI: IRQ10 used by override.
[    0.233332] ACPI: IRQ11 used by override.
[    0.233479] Using ACPI (MADT) for SMP configuration information
[    0.233624] ACPI: HPET id: 0x8086a201 base: 0xfed00000
[    0.234708] smpboot: Allowing 43 CPUs, 0 hotplug CPUs
[    0.237129] PM: hibernation: Registered nosave memory: [mem 0x00000000-0x00000fff]
[    0.237131] PM: hibernation: Registered nosave memory: [mem 0x0009f000-0x0009ffff]
[    0.237133] PM: hibernation: Registered nosave memory: [mem 0x000a0000-0x000effff]
[    0.237134] PM: hibernation: Registered nosave memory: [mem 0x000f0000-0x000fffff]
[    0.237252] [mem 0x20000000-0xafffffff] available for PCI devices
[    0.237455] Booting paravirtualized kernel on KVM
[    0.238100] clocksource: refined-jiffies: mask: 0xffffffff max_cycles: 0xffffffff, max_idle_ns: 1910969940391419 ns
[    0.281134] setup_percpu: NR_CPUS:8192 nr_cpumask_bits:43 nr_cpu_ids:43 nr_node_ids:1
[    0.496389] percpu: Embedded 56 pages/cpu s191448 r8192 d29736 u262144
[    0.496456] pcpu-alloc: s191448 r8192 d29736 u262144 alloc=1*2097152
[    0.496506] pcpu-alloc: [0] 00 01 02 03 04 05 06 07 [0] 08 09 10 11 12 13 14 15 
[    0.496517] pcpu-alloc: [0] 16 17 18 19 20 21 22 23 [0] 24 25 26 27 28 29 30 31 
[    0.496526] pcpu-alloc: [0] 32 33 34 35 36 37 38 39 [0] 40 41 42 -- -- -- -- -- 
[    0.496853] kvm-guest: stealtime: cpu 0, msr 1ea1b600
[    0.497263] Built 1 zonelists, mobility grouping on.  Total pages: 128872
[    0.497286] Policy zone: DMA32
[    0.497305] Kernel command line: selinux=0 initcall_debug debug console=ttyS0 maxcpus=8 nr_cpus=43 rcutree.gp_preinit_delay=3 rcutree.gp_init_delay=3 rcutree.gp_cleanup_delay=3 rcu_nocbs=0 rcutorture.fwd_progress=0 rcutorture.onoff_interval=1000 rcutorture.onoff_holdoff=30 rcutorture.n_barrier_cbs=4 rcutorture.stat_interval=15 rcutorture.shutdown_secs=1800 rcutorture.test_no_idle_hz=1 rcutorture.verbose=1
[    0.501857] printk: log_buf_len individual max cpu contribution: 4096 bytes
[    0.501860] printk: log_buf_len total cpu_extra contributions: 172032 bytes
[    0.501861] printk: log_buf_len min size: 262144 bytes
[    0.523869] printk: log_buf_len: 524288 bytes
[    0.523874] printk: early log buf free: 254256(96%)
[    0.530627] Dentry cache hash table entries: 65536 (order: 7, 524288 bytes, linear)
[    0.533445] Inode-cache hash table entries: 32768 (order: 6, 262144 bytes, linear)
[    0.535451] mem auto-init: stack:all(zero), heap alloc:off, heap free:off
[    0.557342] Memory: 465404K/523764K available (16397K kernel code, 3411K rwdata, 4832K rodata, 2188K init, 1896K bss, 58100K reserved, 0K cma-reserved)
[    0.557970] SLUB: HWalign=64, Order=0-3, MinObjects=0, CPUs=43, Nodes=1
[    0.558192] Kernel/User page tables isolation: enabled
[    0.563662] rcu: Preemptible hierarchical RCU implementation.
[    0.563665] rcu: 	RCU event tracing is enabled.
[    0.563667] rcu: 	RCU dyntick-idle grace-period acceleration is enabled.
[    0.563689] rcu: 	RCU restricting CPUs from NR_CPUS=8192 to nr_cpu_ids=43.
[    0.563691] rcu: 	RCU debug GP pre-init slowdown 3 jiffies.
[    0.563693] rcu: 	RCU debug GP init slowdown 3 jiffies.
[    0.563695] rcu: 	RCU debug GP init slowdown 3 jiffies.
[    0.563748] 	Trampoline variant of Tasks RCU enabled.
[    0.563750] 	Rude variant of Tasks RCU enabled.
[    0.563751] 	Tracing variant of Tasks RCU enabled.
[    0.563879] rcu: RCU calculated value of scheduler-enlistment delay is 100 jiffies.
[    0.563881] rcu: Adjusting geometry for rcu_fanout_leaf=16, nr_cpu_ids=43
[    0.576401] NR_IRQS: 524544, nr_irqs: 768, preallocated irqs: 16
[    0.577649] rcu: 	Offload RCU callbacks from CPUs: 0.
[    0.579018] calling  con_init+0x0/0x22a @ 0
[    0.679574] Console: colour VGA+ 80x25
[    0.679587] initcall con_init+0x0/0x22a returned 0 after 0 usecs
[    0.679590] calling  hvc_console_init+0x0/0x13 @ 0
[    0.679602] initcall hvc_console_init+0x0/0x13 returned 0 after 0 usecs
[    0.679604] calling  univ8250_console_init+0x0/0x26 @ 0
[    1.717125] printk: console [ttyS0] enabled
[    1.722477] initcall univ8250_console_init+0x0/0x26 returned 0 after 0 usecs
[    1.734481] ACPI: Core revision 20200925
[    1.742390] clocksource: hpet: mask: 0xffffffff max_cycles: 0xffffffff, max_idle_ns: 19112604467 ns
[    1.757349] APIC: Switch to symmetric I/O mode setup
[    1.763407] Switched APIC routing to physical flat.
[    1.792302] ..TIMER: vector=0x30 apic1=0 pin1=2 apic2=-1 pin2=-1
[    1.800863] clocksource: tsc-early: mask: 0xffffffffffffffff max_cycles: 0x39a85afc727, max_idle_ns: 881590685098 ns
[    1.813865] Calibrating delay loop (skipped) preset value.. 3999.99 BogoMIPS (lpj=1999999)
[    1.815498] pid_max: default: 44032 minimum: 344
[    1.818150] LSM: Security Framework initializing
[    1.818829] Mount-cache hash table entries: 1024 (order: 1, 8192 bytes, linear)
[    1.819466] Mountpoint-cache hash table entries: 1024 (order: 1, 8192 bytes, linear)
[    1.829855] Last level iTLB entries: 4KB 0, 2MB 0, 4MB 0
[    1.830439] Last level dTLB entries: 4KB 0, 2MB 0, 4MB 0, 1GB 0
[    1.831566] Spectre V1 : Mitigation: usercopy/swapgs barriers and __user pointer sanitization
[    1.832453] Spectre V2 : Mitigation: Retpolines
[    1.833438] Spectre V2 : Spectre v2 / SpectreRSB mitigation: Filling RSB on context switch
[    1.834438] Spectre V2 : Spectre v2 / SpectreRSB : Filling RSB on VMEXIT
[    1.835439] Speculative Store Bypass: Vulnerable
[    1.836617] MDS: Vulnerable: Clear CPU buffers attempted, no microcode
[    1.837437] MMIO Stale Data: Unknown: No mitigations
[    1.889339] Freeing SMP alternatives memory: 40K
[    1.995434] smpboot: CPU0: Intel Common KVM processor (family: 0xf, model: 0x6, stepping: 0x1)
[    1.997159] calling  init_hw_perf_events+0x0/0x6ce @ 1
[    1.997439] Performance Events: unsupported Netburst CPU model 6 no PMU driver, software events only.
[    1.998444] initcall init_hw_perf_events+0x0/0x6ce returned 0 after 976 usecs
[    1.999442] calling  init_real_mode+0x0/0x1e9 @ 1
[    2.001020] initcall init_real_mode+0x0/0x1e9 returned 0 after 0 usecs
[    2.001441] calling  trace_init_perf_perm_irq_work_exit+0x0/0x12 @ 1
[    2.002458] initcall trace_init_perf_perm_irq_work_exit+0x0/0x12 returned 0 after 0 usecs
[    2.003477] calling  validate_x2apic+0x0/0x4a @ 1
[    2.004512] initcall validate_x2apic+0x0/0x4a returned 0 after 0 usecs
[    2.006441] calling  register_nmi_cpu_backtrace_handler+0x0/0x15 @ 1
[    2.007442] initcall register_nmi_cpu_backtrace_handler+0x0/0x15 returned 0 after 0 usecs
[    2.008441] calling  kvm_setup_vsyscall_timeinfo+0x0/0xd0 @ 1
[    2.009442] initcall kvm_setup_vsyscall_timeinfo+0x0/0xd0 returned 0 after 0 usecs
[    2.010456] calling  spawn_ksoftirqd+0x0/0x38 @ 1
[    2.011536] initcall spawn_ksoftirqd+0x0/0x38 returned 0 after 0 usecs
[    2.012442] calling  migration_init+0x0/0x31 @ 1
[    2.013442] initcall migration_init+0x0/0x31 returned 0 after 0 usecs
[    2.014442] calling  srcu_bootup_announce+0x0/0x2f @ 1
[    2.015461] rcu: Hierarchical SRCU implementation.
[    2.016463] initcall srcu_bootup_announce+0x0/0x2f returned 0 after 976 usecs
[    2.017441] calling  rcu_spawn_gp_kthread+0x0/0x1dd @ 1
[    2.019867] initcall rcu_spawn_gp_kthread+0x0/0x1dd returned 0 after 976 usecs
[    2.020443] calling  check_cpu_stall_init+0x0/0x1a @ 1
[    2.021440] initcall check_cpu_stall_init+0x0/0x1a returned 0 after 0 usecs
[    2.022451] calling  rcu_sysrq_init+0x0/0x21 @ 1
[    2.023442] initcall rcu_sysrq_init+0x0/0x21 returned 0 after 0 usecs
[    2.024441] calling  trace_init_flags_sys_enter+0x0/0xe @ 1
[    2.025441] initcall trace_init_flags_sys_enter+0x0/0xe returned 0 after 0 usecs
[    2.026446] calling  trace_init_flags_sys_exit+0x0/0xe @ 1
[    2.027440] initcall trace_init_flags_sys_exit+0x0/0xe returned 0 after 0 usecs
[    2.028441] calling  cpu_stop_init+0x0/0x6e @ 1
[    2.029707] initcall cpu_stop_init+0x0/0x6e returned 0 after 0 usecs
[    2.030443] calling  init_kprobes+0x0/0x165 @ 1
[    2.032892] initcall init_kprobes+0x0/0x165 returned 0 after 976 usecs
[    2.033443] calling  init_events+0x0/0x3d @ 1
[    2.034887] initcall init_events+0x0/0x3d returned 0 after 0 usecs
[    2.035441] calling  init_trace_printk+0x0/0xc @ 1
[    2.036484] initcall init_trace_printk+0x0/0xc returned 0 after 0 usecs
[    2.037442] calling  event_trace_enable_again+0x0/0x23 @ 1
[    2.038444] initcall event_trace_enable_again+0x0/0x23 returned 0 after 0 usecs
[    2.039444] calling  static_call_init+0x0/0x77 @ 1
[    2.040469] initcall static_call_init+0x0/0x77 returned 0 after 0 usecs
[    2.041446] calling  jump_label_init_module+0x0/0xc @ 1
[    2.042442] initcall jump_label_init_module+0x0/0xc returned 0 after 0 usecs
[    2.043442] calling  init_zero_pfn+0x0/0x37 @ 1
[    2.044444] initcall init_zero_pfn+0x0/0x37 returned 0 after 0 usecs
[    2.045440] calling  initialize_ptr_random+0x0/0x54 @ 1
[    2.046446] initcall initialize_ptr_random+0x0/0x54 returned 0 after 0 usecs
[    2.047458] calling  efi_memreserve_root_init+0x0/0x25 @ 1
[    2.048474] initcall efi_memreserve_root_init+0x0/0x25 returned 0 after 0 usecs
[    2.049441] calling  efi_earlycon_remap_fb+0x0/0x51 @ 1
[    2.050441] initcall efi_earlycon_remap_fb+0x0/0x51 returned 0 after 0 usecs
[    2.060277] smp: Bringing up secondary CPUs ...
[    2.063003] x86: Booting SMP configuration:
[    2.063516] .... node  #0, CPUs:        #1
[    1.229647] kvm-clock: cpu 1, msr a472041, secondary cpu clock
[    2.090607] kvm-guest: stealtime: cpu 1, msr 1ea5b600
[    2.106271]   #2
[    1.229647] kvm-clock: cpu 2, msr a472081, secondary cpu clock
[    2.129582] kvm-guest: stealtime: cpu 2, msr 1ea9b600
[    2.147211]   #3
[    1.229647] kvm-clock: cpu 3, msr a4720c1, secondary cpu clock
[    2.171625] kvm-guest: stealtime: cpu 3, msr 1eadb600
[    2.188233]   #4
[    1.229647] kvm-clock: cpu 4, msr a472101, secondary cpu clock
[    2.213589] kvm-guest: stealtime: cpu 4, msr 1eb1b600
[    2.229152]   #5
[    1.229647] kvm-clock: cpu 5, msr a472141, secondary cpu clock
[    2.251642] kvm-guest: stealtime: cpu 5, msr 1eb5b600
[    2.267179]   #6
[    1.229647] kvm-clock: cpu 6, msr a472181, secondary cpu clock
[    2.289631] kvm-guest: stealtime: cpu 6, msr 1eb9b600
[    2.306805]   #7
[    1.229647] kvm-clock: cpu 7, msr a4721c1, secondary cpu clock
[    2.328643] kvm-guest: stealtime: cpu 7, msr 1ebdb600
[    2.344452] smp: Brought up 1 node, 8 CPUs
[    2.345488] smpboot: Max logical packages: 6
[    2.346442] smpboot: Total of 8 processors activated (31999.98 BogoMIPS)
[    2.369552] devtmpfs: initialized
[    2.373505] calling  ipc_ns_init+0x0/0x3d @ 1
[    2.374530] initcall ipc_ns_init+0x0/0x3d returned 0 after 0 usecs
[    2.375442] calling  init_mmap_min_addr+0x0/0x21 @ 1
[    2.376441] initcall init_mmap_min_addr+0x0/0x21 returned 0 after 0 usecs
[    2.377440] calling  pci_realloc_setup_params+0x0/0x3f @ 1
[    2.378441] initcall pci_realloc_setup_params+0x0/0x3f returned 0 after 0 usecs
[    2.379443] calling  net_ns_init+0x0/0x140 @ 1
[    2.381486] initcall net_ns_init+0x0/0x140 returned 0 after 976 usecs
[    2.382469] calling  e820__register_nvs_regions+0x0/0x37 @ 1
[    2.383442] initcall e820__register_nvs_regions+0x0/0x37 returned 0 after 0 usecs
[    2.384443] calling  cpufreq_register_tsc_scaling+0x0/0x2e @ 1
[    2.385441] initcall cpufreq_register_tsc_scaling+0x0/0x2e returned 0 after 0 usecs
[    2.386442] calling  reboot_init+0x0/0x3c @ 1
[    2.387535] initcall reboot_init+0x0/0x3c returned 0 after 0 usecs
[    2.388441] calling  init_lapic_sysfs+0x0/0x20 @ 1
[    2.389441] initcall init_lapic_sysfs+0x0/0x20 returned 0 after 0 usecs
[    2.390442] calling  alloc_frozen_cpus+0x0/0x1d @ 1
[    2.391442] initcall alloc_frozen_cpus+0x0/0x1d returned 0 after 0 usecs
[    2.392443] calling  cpu_hotplug_pm_sync_init+0x0/0x13 @ 1
[    2.393442] initcall cpu_hotplug_pm_sync_init+0x0/0x13 returned 0 after 0 usecs
[    2.394441] calling  wq_sysfs_init+0x0/0x2a @ 1
[    2.395496] initcall wq_sysfs_init+0x0/0x2a returned 0 after 0 usecs
[    2.396441] calling  ksysfs_init+0x0/0x92 @ 1
[    2.397475] initcall ksysfs_init+0x0/0x92 returned 0 after 0 usecs
[    2.398440] calling  schedutil_gov_init+0x0/0xc @ 1
[    2.400440] initcall schedutil_gov_init+0x0/0xc returned 0 after 976 usecs
[    2.401440] calling  pm_init+0x0/0x76 @ 1
[    2.402500] initcall pm_init+0x0/0x76 returned 0 after 0 usecs
[    2.403440] calling  pm_disk_init+0x0/0x13 @ 1
[    2.404541] initcall pm_disk_init+0x0/0x13 returned 0 after 0 usecs
[    2.405441] calling  swsusp_header_init+0x0/0x2b @ 1
[    2.406443] initcall swsusp_header_init+0x0/0x2b returned 0 after 0 usecs
[    2.407439] calling  rcu_set_runtime_mode+0x0/0x16 @ 1
[    2.410075] initcall rcu_set_runtime_mode+0x0/0x16 returned 0 after 976 usecs
[    2.410444] calling  init_jiffies_clocksource+0x0/0x13 @ 1
[    2.411442] clocksource: jiffies: mask: 0xffffffff max_cycles: 0xffffffff, max_idle_ns: 1911260446275000 ns
[    2.412444] initcall init_jiffies_clocksource+0x0/0x13 returned 0 after 976 usecs
[    2.414441] calling  futex_init+0x0/0xfd @ 1
[    2.415483] futex hash table entries: 16384 (order: 8, 1048576 bytes, linear)
[    2.421750] initcall futex_init+0x0/0xfd returned 0 after 5859 usecs
[    2.422442] calling  cgroup_wq_init+0x0/0x28 @ 1
[    2.423465] initcall cgroup_wq_init+0x0/0x28 returned 0 after 0 usecs
[    2.424441] calling  cgroup1_wq_init+0x0/0x28 @ 1
[    2.425470] initcall cgroup1_wq_init+0x0/0x28 returned 0 after 0 usecs
[    2.426440] calling  init_kprobe_trace_early+0x0/0x2a @ 1
[    2.427474] initcall init_kprobe_trace_early+0x0/0x2a returned 0 after 0 usecs
[    2.429440] calling  fsnotify_init+0x0/0x48 @ 1
[    2.430500] initcall fsnotify_init+0x0/0x48 returned 0 after 0 usecs
[    2.432439] calling  filelock_init+0x0/0x96 @ 1
[    2.433494] initcall filelock_init+0x0/0x96 returned 0 after 0 usecs
[    2.434440] calling  init_misc_binfmt+0x0/0x2c @ 1
[    2.435459] initcall init_misc_binfmt+0x0/0x2c returned 0 after 0 usecs
[    2.436440] calling  init_script_binfmt+0x0/0x15 @ 1
[    2.437441] initcall init_script_binfmt+0x0/0x15 returned 0 after 0 usecs
[    2.438444] calling  init_elf_binfmt+0x0/0x15 @ 1
[    2.439442] initcall init_elf_binfmt+0x0/0x15 returned 0 after 0 usecs
[    2.440441] calling  init_compat_elf_binfmt+0x0/0x15 @ 1
[    2.441441] initcall init_compat_elf_binfmt+0x0/0x15 returned 0 after 0 usecs
[    2.442442] calling  debugfs_init+0x0/0x5c @ 1
[    2.443471] initcall debugfs_init+0x0/0x5c returned 0 after 0 usecs
[    2.444441] calling  tracefs_init+0x0/0x3a @ 1
[    2.445450] initcall tracefs_init+0x0/0x3a returned 0 after 0 usecs
[    2.446442] calling  prandom_init_early+0x0/0x15d @ 1
[    2.447447] initcall prandom_init_early+0x0/0x15d returned 0 after 0 usecs
[    2.448539] calling  virtio_init+0x0/0x20 @ 1
[    2.449541] initcall virtio_init+0x0/0x20 returned 0 after 0 usecs
[    2.450442] calling  iommu_init+0x0/0x2a @ 1
[    2.451488] initcall iommu_init+0x0/0x2a returned 0 after 0 usecs
[    2.452463] calling  component_debug_init+0x0/0x1c @ 1
[    2.453504] initcall component_debug_init+0x0/0x1c returned 0 after 0 usecs
[    2.454443] calling  early_resume_init+0x0/0xb9 @ 1
[    2.456198] PM: RTC time: 05:41:52, date: 2022-12-13
[    2.456483] initcall early_resume_init+0x0/0xb9 returned 0 after 976 usecs
[    2.457461] calling  cpufreq_core_init+0x0/0x62 @ 1
[    2.458463] initcall cpufreq_core_init+0x0/0x62 returned 0 after 0 usecs
[    2.459441] calling  cpufreq_gov_performance_init+0x0/0xc @ 1
[    2.460442] initcall cpufreq_gov_performance_init+0x0/0xc returned 0 after 0 usecs
[    2.461442] calling  cpufreq_gov_userspace_init+0x0/0xc @ 1
[    2.462444] initcall cpufreq_gov_userspace_init+0x0/0xc returned 0 after 0 usecs
[    2.463442] calling  CPU_FREQ_GOV_ONDEMAND_init+0x0/0xc @ 1
[    2.464442] initcall CPU_FREQ_GOV_ONDEMAND_init+0x0/0xc returned 0 after 0 usecs
[    2.465441] calling  cpuidle_init+0x0/0x1f @ 1
[    2.466480] initcall cpuidle_init+0x0/0x1f returned 0 after 0 usecs
[    2.467441] calling  capsule_reboot_register+0x0/0xc @ 1
[    2.468465] initcall capsule_reboot_register+0x0/0xc returned 0 after 0 usecs
[    2.469441] calling  sock_init+0x0/0x93 @ 1
[    2.472456] initcall sock_init+0x0/0x93 returned 0 after 1953 usecs
[    2.473441] calling  net_inuse_init+0x0/0x23 @ 1
[    2.474448] initcall net_inuse_init+0x0/0x23 returned 0 after 0 usecs
[    2.475440] calling  net_defaults_init+0x0/0x23 @ 1
[    2.476440] initcall net_defaults_init+0x0/0x23 returned 0 after 0 usecs
[    2.477443] calling  init_default_flow_dissectors+0x0/0x4f @ 1
[    2.478489] initcall init_default_flow_dissectors+0x0/0x4f returned 0 after 0 usecs
[    2.479442] calling  netpoll_init+0x0/0x26 @ 1
[    2.480442] initcall netpoll_init+0x0/0x26 returned 0 after 0 usecs
[    2.481442] calling  netlink_proto_init+0x0/0x14f @ 1
[    2.483489] NET: Registered protocol family 16
[    2.484743] initcall netlink_proto_init+0x0/0x14f returned 0 after 1953 usecs
[    2.485444] calling  genl_init+0x0/0x35 @ 1
[    2.486704] initcall genl_init+0x0/0x35 returned 0 after 0 usecs
[    2.487458] calling  bsp_pm_check_init+0x0/0x13 @ 1
[    2.488443] initcall bsp_pm_check_init+0x0/0x13 returned 0 after 0 usecs
[    2.489467] calling  irq_sysfs_init+0x0/0xb7 @ 1
[    2.490688] initcall irq_sysfs_init+0x0/0xb7 returned 0 after 0 usecs
[    2.491442] calling  audit_init+0x0/0x160 @ 1
[    2.492453] audit: initializing netlink subsys (disabled)
[    2.496867] initcall audit_init+0x0/0x160 returned 0 after 3906 usecs
[    2.496484] audit: type=2000 audit(1670910110.834:1): state=initialized audit_enabled=0 res=1
[    2.497442] calling  release_early_probes+0x0/0x32 @ 1
[    2.497448] initcall release_early_probes+0x0/0x32 returned 0 after 0 usecs
[    2.500446] calling  bdi_class_init+0x0/0x48 @ 1
[    2.501495] initcall bdi_class_init+0x0/0x48 returned 0 after 0 usecs
[    2.502441] calling  mm_sysfs_init+0x0/0x28 @ 1
[    2.503447] initcall mm_sysfs_init+0x0/0x28 returned 0 after 0 usecs
[    2.504442] calling  init_per_zone_wmark_min+0x0/0x6d @ 1
[    2.505445] initcall init_per_zone_wmark_min+0x0/0x6d returned 0 after 0 usecs
[    2.506440] calling  mpi_init+0x0/0x3e @ 1
[    2.507461] initcall mpi_init+0x0/0x3e returned 0 after 0 usecs
[    2.508440] calling  kobject_uevent_init+0x0/0xc @ 1
[    2.509448] initcall kobject_uevent_init+0x0/0xc returned 0 after 0 usecs
[    2.510439] calling  pcibus_class_init+0x0/0x13 @ 1
[    2.511450] initcall pcibus_class_init+0x0/0x13 returned 0 after 0 usecs
[    2.512441] calling  pci_driver_init+0x0/0x21 @ 1
[    2.513502] initcall pci_driver_init+0x0/0x21 returned 0 after 0 usecs
[    2.514442] calling  backlight_class_init+0x0/0xa8 @ 1
[    2.515470] initcall backlight_class_init+0x0/0xa8 returned 0 after 0 usecs
[    2.516442] calling  tty_class_init+0x0/0x33 @ 1
[    2.517449] initcall tty_class_init+0x0/0x33 returned 0 after 0 usecs
[    2.518442] calling  vtconsole_class_init+0x0/0xb5 @ 1
[    2.519508] initcall vtconsole_class_init+0x0/0xb5 returned 0 after 0 usecs
[    2.520441] calling  iommu_dev_init+0x0/0x13 @ 1
[    2.521479] initcall iommu_dev_init+0x0/0x13 returned 0 after 0 usecs
[    2.522443] calling  mipi_dsi_bus_init+0x0/0xc @ 1
[    2.523503] initcall mipi_dsi_bus_init+0x0/0xc returned 0 after 0 usecs
[    2.524460] calling  devlink_class_init+0x0/0x40 @ 1
[    2.526445] initcall devlink_class_init+0x0/0x40 returned 0 after 976 usecs
[    2.527441] calling  software_node_init+0x0/0x2a @ 1
[    2.528449] initcall software_node_init+0x0/0x2a returned 0 after 0 usecs
[    2.529442] calling  wakeup_sources_debugfs_init+0x0/0x23 @ 1
[    2.530497] initcall wakeup_sources_debugfs_init+0x0/0x23 returned 0 after 0 usecs
[    2.531441] calling  wakeup_sources_sysfs_init+0x0/0x2c @ 1
[    2.532454] initcall wakeup_sources_sysfs_init+0x0/0x2c returned 0 after 0 usecs
[    2.533443] calling  register_node_type+0x0/0x13 @ 1
[    2.534516] initcall register_node_type+0x0/0x13 returned 0 after 0 usecs
[    2.535442] calling  regmap_initcall+0x0/0xc @ 1
[    2.536516] initcall regmap_initcall+0x0/0xc returned 0 after 0 usecs
[    2.537441] calling  i2c_init+0x0/0xb3 @ 1
[    2.538518] initcall i2c_init+0x0/0xb3 returned 0 after 0 usecs
[    2.539440] calling  thermal_init+0x0/0xf2 @ 1
[    2.540466] thermal_sys: Registered thermal governor 'step_wise'
[    2.540468] thermal_sys: Registered thermal governor 'user_space'
[    2.541451] initcall thermal_init+0x0/0xf2 returned 0 after 976 usecs
[    2.543443] calling  init_menu+0x0/0xc @ 1
[    2.547718] cpuidle: using governor menu
[    2.553449] initcall init_menu+0x0/0xc returned 0 after 8789 usecs
[    2.561445] calling  pcc_init+0x0/0x4d @ 1
[    2.566447] initcall pcc_init+0x0/0x4d returned -19 after 0 usecs
[    2.575445] calling  amd_postcore_init+0x0/0x11e @ 1
[    2.582442] initcall amd_postcore_init+0x0/0x11e returned 0 after 0 usecs
[    2.590471] calling  bts_init+0x0/0xba @ 1
[    2.595441] initcall bts_init+0x0/0xba returned -19 after 0 usecs
[    2.603441] calling  pt_init+0x0/0x341 @ 1
[    2.608440] initcall pt_init+0x0/0x341 returned -19 after 0 usecs
[    2.616442] calling  boot_params_ksysfs_init+0x0/0x2ee @ 1
[    2.623486] initcall boot_params_ksysfs_init+0x0/0x2ee returned 0 after 0 usecs
[    2.632445] calling  sbf_init+0x0/0xea @ 1
[    2.639445] initcall sbf_init+0x0/0xea returned 0 after 0 usecs
[    2.649445] calling  arch_kdebugfs_init+0x0/0x219 @ 1
[    2.658653] initcall arch_kdebugfs_init+0x0/0x219 returned 0 after 0 usecs
[    2.667444] calling  intel_pconfig_init+0x0/0x85 @ 1
[    2.674443] initcall intel_pconfig_init+0x0/0x85 returned 0 after 0 usecs
[    2.682441] calling  mtrr_if_init+0x0/0x5d @ 1
[    2.698493] initcall mtrr_if_init+0x0/0x5d returned 0 after 9765 usecs
[    2.707445] calling  activate_jump_labels+0x0/0x31 @ 1
[    2.714445] initcall activate_jump_labels+0x0/0x31 returned 0 after 0 usecs
[    2.726446] calling  ffh_cstate_init+0x0/0x29 @ 1
[    2.733453] initcall ffh_cstate_init+0x0/0x29 returned 0 after 0 usecs
[    2.744446] calling  activate_jump_labels+0x0/0x31 @ 1
[    2.754493] initcall activate_jump_labels+0x0/0x31 returned 0 after 2929 usecs
[    2.763442] calling  kvm_alloc_cpumask+0x0/0x87 @ 1
[    2.770492] initcall kvm_alloc_cpumask+0x0/0x87 returned 0 after 0 usecs
[    2.778441] calling  kcmp_cookies_init+0x0/0x37 @ 1
[    2.784445] initcall kcmp_cookies_init+0x0/0x37 returned 0 after 0 usecs
[    2.793446] calling  cryptomgr_init+0x0/0xc @ 1
[    2.799510] initcall cryptomgr_init+0x0/0xc returned 0 after 0 usecs
[    2.809443] calling  acpi_pci_init+0x0/0x57 @ 1
[    2.817446] ACPI: bus type PCI registered
[    2.823444] initcall acpi_pci_init+0x0/0x57 returned 0 after 5859 usecs
[    2.833443] calling  dma_channel_table_init+0x0/0xd1 @ 1
[    2.840460] initcall dma_channel_table_init+0x0/0xd1 returned 0 after 0 usecs
[    2.849441] calling  dma_bus_init+0x0/0xdc @ 1
[    2.854727] initcall dma_bus_init+0x0/0xdc returned 0 after 976 usecs
[    2.862492] calling  iommu_dma_init+0x0/0x10 @ 1
[    2.868442] initcall iommu_dma_init+0x0/0x10 returned 0 after 0 usecs
[    2.878446] calling  dmi_id_init+0x0/0x37c @ 1
[    2.884994] initcall dmi_id_init+0x0/0x37c returned 0 after 0 usecs
[    2.892444] calling  pci_arch_init+0x0/0x71 @ 1
[    2.904086] PCI: MMCONFIG for domain 0000 [bus 00-ff] at [mem 0xb0000000-0xbfffffff] (base 0xb0000000)
[    2.915444] PCI: MMCONFIG at [mem 0xb0000000-0xbfffffff] reserved in E820
[    2.927473] PCI: Using configuration type 1 for base access
[    2.935845] initcall pci_arch_init+0x0/0x71 returned 0 after 33203 usecs
[    2.948501] calling  init_vdso+0x0/0x13 @ 1
[    2.955015] initcall init_vdso+0x0/0x13 returned 0 after 0 usecs
[    2.960844] calling  sysenter_setup+0x0/0x13 @ 1
[    2.969115] initcall sysenter_setup+0x0/0x13 returned 0 after 0 usecs
[    2.976441] calling  fixup_ht_bug+0x0/0xe5 @ 1
[    2.983441] initcall fixup_ht_bug+0x0/0xe5 returned 0 after 0 usecs
[    2.990442] calling  topology_init+0x0/0x8b @ 1
[    3.010698] initcall topology_init+0x0/0x8b returned 0 after 13671 usecs
[    3.017443] calling  intel_epb_init+0x0/0x68 @ 1
[    3.024443] initcall intel_epb_init+0x0/0x68 returned -19 after 0 usecs
[    3.030444] calling  mtrr_init_finialize+0x0/0x3e @ 1
[    3.035442] initcall mtrr_init_finialize+0x0/0x3e returned 0 after 0 usecs
[    3.044444] calling  uid_cache_init+0x0/0x85 @ 1
[    3.050459] initcall uid_cache_init+0x0/0x85 returned 0 after 0 usecs
[    3.055444] calling  param_sysfs_init+0x0/0x1ba @ 1
[    3.076831] initcall param_sysfs_init+0x0/0x1ba returned 0 after 14648 usecs
[    3.086448] calling  user_namespace_sysctl_init+0x0/0x33 @ 1
[    3.094455] initcall user_namespace_sysctl_init+0x0/0x33 returned 0 after 0 usecs
[    3.105444] calling  proc_schedstat_init+0x0/0x24 @ 1
[    3.112448] initcall proc_schedstat_init+0x0/0x24 returned 0 after 0 usecs
[    3.121445] calling  pm_sysrq_init+0x0/0x18 @ 1
[    3.139459] initcall pm_sysrq_init+0x0/0x18 returned 0 after 11718 usecs
[    3.148530] calling  create_proc_profile+0x0/0xd0 @ 1
[    3.154441] initcall create_proc_profile+0x0/0xd0 returned 0 after 0 usecs
[    3.164443] calling  time_ns_init+0x0/0x7 @ 1
[    3.169441] initcall time_ns_init+0x0/0x7 returned 0 after 0 usecs
[    3.180445] calling  crash_save_vmcoreinfo_init+0x0/0x722 @ 1
[    3.189571] initcall crash_save_vmcoreinfo_init+0x0/0x722 returned 0 after 976 usecs
[    3.202446] calling  crash_notes_memory_init+0x0/0x35 @ 1
[    3.210451] initcall crash_notes_memory_init+0x0/0x35 returned 0 after 0 usecs
[    3.219442] calling  cgroup_sysfs_init+0x0/0x13 @ 1
[    3.226546] initcall cgroup_sysfs_init+0x0/0x13 returned 0 after 0 usecs
[    3.234443] calling  cgroup_namespaces_init+0x0/0x7 @ 1
[    3.240441] initcall cgroup_namespaces_init+0x0/0x7 returned 0 after 0 usecs
[    3.249441] calling  init_optprobes+0x0/0x13 @ 1
[    3.255441] Kprobes globally optimized
[    3.260584] initcall init_optprobes+0x0/0x13 returned 0 after 4882 usecs
[    3.268443] calling  oom_init+0x0/0x2f @ 1
[    3.274715] initcall oom_init+0x0/0x2f returned 0 after 976 usecs
[    3.283443] calling  default_bdi_init+0x0/0xb3 @ 1
[    3.290007] initcall default_bdi_init+0x0/0xb3 returned 0 after 976 usecs
[    3.299443] calling  percpu_enable_async+0x0/0xe @ 1
[    3.305441] initcall percpu_enable_async+0x0/0xe returned 0 after 0 usecs
[    3.315535] calling  kcompactd_init+0x0/0x90 @ 1
[    3.323868] initcall kcompactd_init+0x0/0x90 returned 0 after 1953 usecs
[    3.332538] calling  init_user_reserve+0x0/0x40 @ 1
[    3.341457] initcall init_user_reserve+0x0/0x40 returned 0 after 0 usecs
[    3.353445] calling  init_admin_reserve+0x0/0x40 @ 1
[    3.361444] initcall init_admin_reserve+0x0/0x40 returned 0 after 0 usecs
[    3.370444] calling  init_reserve_notifier+0x0/0x7 @ 1
[    3.377440] initcall init_reserve_notifier+0x0/0x7 returned 0 after 0 usecs
[    3.386442] calling  swap_init_sysfs+0x0/0x62 @ 1
[    3.392442] initcall swap_init_sysfs+0x0/0x62 returned 0 after 0 usecs
[    3.397440] calling  swapfile_init+0x0/0x96 @ 1
[    3.403606] initcall swapfile_init+0x0/0x96 returned 0 after 0 usecs
[    3.411441] calling  hugetlb_init+0x0/0x49f @ 1
[    3.419965] HugeTLB registered 2.00 MiB page size, pre-allocated 0 pages
[    3.429786] initcall hugetlb_init+0x0/0x49f returned 0 after 10742 usecs
[    3.438444] calling  io_wq_init+0x0/0x34 @ 1
[    3.445444] initcall io_wq_init+0x0/0x34 returned 0 after 0 usecs
[    3.454442] calling  seqiv_module_init+0x0/0xc @ 1
[    3.461444] initcall seqiv_module_init+0x0/0xc returned 0 after 0 usecs
[    3.470442] calling  echainiv_module_init+0x0/0xc @ 1
[    3.477442] initcall echainiv_module_init+0x0/0xc returned 0 after 0 usecs
[    3.484434] calling  rsa_init+0x0/0x50 @ 1
[    3.492793] cryptomgr_test (63) used greatest stack depth: 15504 bytes left
[    3.492445] initcall rsa_init+0x0/0x50 returned 0 after 1953 usecs
[    3.512447] calling  crypto_cmac_module_init+0x0/0xc @ 1
[    3.518442] initcall crypto_cmac_module_init+0x0/0xc returned 0 after 0 usecs
[    3.523740] calling  hmac_module_init+0x0/0xc @ 1
[    3.527444] initcall hmac_module_init+0x0/0xc returned 0 after 0 usecs
[    3.537449] calling  crypto_null_mod_init+0x0/0x65 @ 1
[    3.554806] cryptomgr_test (66) used greatest stack depth: 15408 bytes left
[    3.556446] initcall crypto_null_mod_init+0x0/0x65 returned 0 after 11718 usecs
[    3.576455] calling  md5_mod_init+0x0/0xc @ 1
[    3.583864] initcall md5_mod_init+0x0/0xc returned 0 after 1953 usecs
[    3.592445] calling  sha256_generic_mod_init+0x0/0x11 @ 1
[    3.603633] initcall sha256_generic_mod_init+0x0/0x11 returned 0 after 2929 usecs
[    3.604443] calling  crypto_cbc_module_init+0x0/0xc @ 1
[    3.605443] initcall crypto_cbc_module_init+0x0/0xc returned 0 after 0 usecs
[    3.606443] calling  crypto_ctr_module_init+0x0/0x11 @ 1
[    3.607444] initcall crypto_ctr_module_init+0x0/0x11 returned 0 after 0 usecs
[    3.608443] calling  crypto_gcm_module_init+0x0/0x64 @ 1
[    3.609464] initcall crypto_gcm_module_init+0x0/0x64 returned 0 after 0 usecs
[    3.610444] calling  crypto_ccm_module_init+0x0/0x11 @ 1
[    3.611446] initcall crypto_ccm_module_init+0x0/0x11 returned 0 after 0 usecs
[    3.612444] calling  aes_init+0x0/0xc @ 1
[    3.614863] initcall aes_init+0x0/0xc returned 0 after 976 usecs
[    3.615442] calling  crc32c_mod_init+0x0/0xc @ 1
[    3.618748] initcall crc32c_mod_init+0x0/0xc returned 0 after 1953 usecs
[    3.619448] calling  crypto_authenc_module_init+0x0/0xc @ 1
[    3.620447] initcall crypto_authenc_module_init+0x0/0xc returned 0 after 0 usecs
[    3.621444] calling  crypto_authenc_esn_module_init+0x0/0xc @ 1
[    3.622446] initcall crypto_authenc_esn_module_init+0x0/0xc returned 0 after 0 usecs
[    3.623443] calling  drbg_init+0x0/0x7c @ 1
[    3.639491] initcall drbg_init+0x0/0x7c returned 0 after 14648 usecs
[    3.648445] calling  ghash_mod_init+0x0/0xc @ 1
[    3.659447] initcall ghash_mod_init+0x0/0xc returned 0 after 5859 usecs
[    3.667444] calling  init_bio+0x0/0x9a @ 1
[    3.674847] initcall init_bio+0x0/0x9a returned 0 after 1953 usecs
[    3.683442] calling  blk_settings_init+0x0/0x29 @ 1
[    3.689442] initcall blk_settings_init+0x0/0x29 returned 0 after 0 usecs
[    3.699444] calling  blk_ioc_init+0x0/0x29 @ 1
[    3.707449] initcall blk_ioc_init+0x0/0x29 returned 0 after 0 usecs
[    3.718445] calling  blk_mq_init+0x0/0xb9 @ 1
[    3.745434] initcall blk_mq_init+0x0/0xb9 returned 0 after 11718 usecs
[    3.758742] calling  genhd_device_init+0x0/0x75 @ 1
[    3.836153] initcall genhd_device_init+0x0/0x75 returned 0 after 70312 usecs
[    3.844434] calling  pci_slot_init+0x0/0x40 @ 1
[    3.849899] initcall pci_slot_init+0x0/0x40 returned 0 after 0 usecs
[    3.859727] calling  fbmem_init+0x0/0xd8 @ 1
[    3.874291] initcall fbmem_init+0x0/0xd8 returned 0 after 9765 usecs
[    3.884443] calling  acpi_init+0x0/0x319 @ 1
[    3.890568] ACPI: Added _OSI(Module Device)
[    3.896441] ACPI: Added _OSI(Processor Device)
[    3.903441] ACPI: Added _OSI(3.0 _SCP Extensions)
[    3.907440] ACPI: Added _OSI(Processor Aggregator Device)
[    3.915442] ACPI: Added _OSI(Linux-Dell-Video)
[    3.921441] ACPI: Added _OSI(Linux-Lenovo-NV-HDMI-Audio)
[    3.929440] ACPI: Added _OSI(Linux-HPI-Hybrid-Graphics)
[    3.946198] ACPI: 1 ACPI AML tables successfully acquired and loaded
[    3.980549] ACPI: Interpreter enabled
[    3.985971] ACPI: (supports S0 S3 S4 S5)
[    3.991533] ACPI: Using IOAPIC for interrupt routing
[    4.001848] PCI: Using host bridge windows from ACPI; if necessary, use "pci=nocrs" and report a bug
[    4.015806] ACPI: Enabled 2 GPEs in block 00 to 3F
[    4.040145] ACPI: PCI Root Bridge [PCI0] (domain 0000 [bus 00-ff])
[    4.053818] acpi PNP0A08:00: _OSC: OS supports [ExtendedConfig ASPM ClockPM Segments MSI HPX-Type3]
[    4.068562] acpi PNP0A08:00: _OSC: platform does not support [LTR]
[    4.077540] acpi PNP0A08:00: _OSC: OS now controls [PME PCIeCapability]
[    4.087036] PCI host bridge to bus 0000:00
[    4.092460] pci_bus 0000:00: root bus resource [io  0x0000-0x0cf7 window]
[    4.101441] pci_bus 0000:00: root bus resource [io  0x0d00-0xffff window]
[    4.110439] pci_bus 0000:00: root bus resource [mem 0x000a0000-0x000bffff window]
[    4.119441] pci_bus 0000:00: root bus resource [mem 0x20000000-0xafffffff window]
[    4.129446] pci_bus 0000:00: root bus resource [mem 0xc0000000-0xfebfffff window]
[    4.139456] pci_bus 0000:00: root bus resource [mem 0x100000000-0x8ffffffff window]
[    4.149443] pci_bus 0000:00: root bus resource [bus 00-ff]
[    4.156869] pci 0000:00:00.0: calling  quirk_mmio_always_on+0x0/0x10 @ 1
[    4.165445] pci 0000:00:00.0: quirk_mmio_always_on+0x0/0x10 took 0 usecs
[    4.173441] pci 0000:00:00.0: [8086:29c0] type 00 class 0x060000
[    4.185110] pci 0000:00:00.0: calling  quirk_igfx_skip_te_disable+0x0/0x80 @ 1
[    4.194463] pci 0000:00:00.0: quirk_igfx_skip_te_disable+0x0/0x80 took 0 usecs
[    4.205440] pci 0000:00:01.0: [1234:1111] type 00 class 0x030000
[    4.222284] pci 0000:00:01.0: reg 0x10: [mem 0xfd000000-0xfdffffff pref]
[    4.244348] pci 0000:00:01.0: reg 0x18: [mem 0xfebf0000-0xfebf0fff]
[    4.282886] pci 0000:00:01.0: reg 0x30: [mem 0xfebe0000-0xfebeffff pref]
[    4.293337] pci 0000:00:01.0: calling  efifb_fixup_resources+0x0/0xf0 @ 1
[    4.301481] pci 0000:00:01.0: efifb_fixup_resources+0x0/0xf0 took 0 usecs
[    4.317130] pci 0000:00:1f.0: [8086:2918] type 00 class 0x060100
[    4.330141] pci 0000:00:1f.0: calling  quirk_ich7_lpc+0x0/0x60 @ 1
[    4.338489] pci 0000:00:1f.0: quirk: [io  0x0600-0x067f] claimed by ICH6 ACPI/GPIO/TCO
[    4.348853] pci 0000:00:1f.0: quirk_ich7_lpc+0x0/0x60 took 10742 usecs
[    4.356567] pci 0000:00:1f.0: calling  quirk_igfx_skip_te_disable+0x0/0x80 @ 1
[    4.366458] pci 0000:00:1f.0: quirk_igfx_skip_te_disable+0x0/0x80 took 0 usecs
[    4.377315] pci 0000:00:1f.2: [8086:2922] type 00 class 0x010601
[    4.393441] pci 0000:00:1f.2: reg 0x20: [io  0xc040-0xc05f]
[    4.402132] pci 0000:00:1f.2: reg 0x24: [mem 0xfebf1000-0xfebf1fff]
[    4.411621] pci 0000:00:1f.2: calling  quirk_igfx_skip_te_disable+0x0/0x80 @ 1
[    4.420443] pci 0000:00:1f.2: quirk_igfx_skip_te_disable+0x0/0x80 took 0 usecs
[    4.433335] pci 0000:00:1f.3: [8086:2930] type 00 class 0x0c0500
[    4.446252] pci 0000:00:1f.3: reg 0x20: [io  0x0700-0x073f]
[    4.455613] pci 0000:00:1f.3: calling  quirk_igfx_skip_te_disable+0x0/0x80 @ 1
[    4.464441] pci 0000:00:1f.3: quirk_igfx_skip_te_disable+0x0/0x80 took 0 usecs
[    4.475827] ACPI: PCI Interrupt Link [LNKA] (IRQs 5 *10 11)
[    4.482836] ACPI: PCI Interrupt Link [LNKB] (IRQs 5 *10 11)
[    4.489840] ACPI: PCI Interrupt Link [LNKC] (IRQs 5 10 *11)
[    4.496847] ACPI: PCI Interrupt Link [LNKD] (IRQs 5 10 *11)
[    4.504453] ACPI: PCI Interrupt Link [LNKE] (IRQs 5 *10 11)
[    4.511818] ACPI: PCI Interrupt Link [LNKF] (IRQs 5 *10 11)
[    4.518890] ACPI: PCI Interrupt Link [LNKG] (IRQs 5 10 *11)
[    4.527658] ACPI: PCI Interrupt Link [LNKH] (IRQs 5 10 *11)
[    4.535448] ACPI: PCI Interrupt Link [GSIA] (IRQs *16)
[    4.542458] ACPI: PCI Interrupt Link [GSIB] (IRQs *17)
[    4.549471] ACPI: PCI Interrupt Link [GSIC] (IRQs *18)
[    4.556456] ACPI: PCI Interrupt Link [GSID] (IRQs *19)
[    4.563468] ACPI: PCI Interrupt Link [GSIE] (IRQs *20)
[    4.570457] ACPI: PCI Interrupt Link [GSIF] (IRQs *21)
[    4.577464] ACPI: PCI Interrupt Link [GSIG] (IRQs *22)
[    4.584473] ACPI: PCI Interrupt Link [GSIH] (IRQs *23)
[    4.606904] initcall acpi_init+0x0/0x319 returned 0 after 699218 usecs
[    4.615573] calling  pnp_init+0x0/0xc @ 1
[    4.621492] initcall pnp_init+0x0/0xc returned 0 after 0 usecs
[    4.628441] calling  misc_init+0x0/0xbf @ 1
[    4.633729] initcall misc_init+0x0/0xbf returned 0 after 0 usecs
[    4.641442] calling  iommu_subsys_init+0x0/0x4e @ 1
[    4.648655] iommu: Default domain type: Translated 
[    4.654441] initcall iommu_subsys_init+0x0/0x4e returned 0 after 5859 usecs
[    4.663440] calling  vga_arb_device_init+0x0/0x261 @ 1
[    4.672580] pci 0000:00:01.0: vgaarb: setting as boot VGA device
[    4.673434] pci 0000:00:01.0: vgaarb: VGA device added: decodes=io+mem,owns=io+mem,locks=none
[    4.691446] pci 0000:00:01.0: vgaarb: bridge control possible
[    4.699439] vgaarb: loaded
[    4.702444] initcall vga_arb_device_init+0x0/0x261 returned 0 after 31250 usecs
[    4.711552] calling  cn_init+0x0/0xf0 @ 1
[    4.717727] initcall cn_init+0x0/0xf0 returned 0 after 0 usecs
[    4.724443] calling  dma_buf_init+0x0/0xad @ 1
[    4.731511] initcall dma_buf_init+0x0/0xad returned 0 after 976 usecs
[    4.739442] calling  init_scsi+0x0/0x79 @ 1
[    4.745511] SCSI subsystem initialized
[    4.750441] initcall init_scsi+0x0/0x79 returned 0 after 5859 usecs
[    4.757068] calling  ata_init+0x0/0x332 @ 1
[    4.767737] libata version 3.00 loaded.
[    4.772441] initcall ata_init+0x0/0x332 returned 0 after 8789 usecs
[    4.780442] calling  phy_init+0x0/0x250 @ 1
[    4.786620] initcall phy_init+0x0/0x250 returned 0 after 0 usecs
[    4.794460] calling  init_pcmcia_cs+0x0/0x35 @ 1
[    4.800538] initcall init_pcmcia_cs+0x0/0x35 returned 0 after 0 usecs
[    4.809441] calling  usb_common_init+0x0/0x1c @ 1
[    4.816499] initcall usb_common_init+0x0/0x1c returned 0 after 0 usecs
[    4.824440] calling  usb_init+0x0/0x12e @ 1
[    4.829483] ACPI: bus type USB registered
[    4.835823] usbcore: registered new interface driver usbfs
[    4.842568] usbcore: registered new interface driver hub
[    4.851512] usbcore: registered new device driver usb
[    4.857443] initcall usb_init+0x0/0x12e returned 0 after 27343 usecs
[    4.865442] calling  serio_init+0x0/0x29 @ 1
[    4.871549] initcall serio_init+0x0/0x29 returned 0 after 0 usecs
[    4.878441] calling  input_init+0x0/0xf6 @ 1
[    4.884526] initcall input_init+0x0/0xf6 returned 0 after 0 usecs
[    4.892440] calling  rtc_init+0x0/0x4d @ 1
[    4.897466] initcall rtc_init+0x0/0x4d returned 0 after 0 usecs
[    4.904440] calling  pps_init+0x0/0xa9 @ 1
[    4.910450] pps_core: LinuxPPS API ver. 1 registered
[    4.916438] pps_core: Software ver. 5.3.6 - Copyright 2005-2007 Rodolfo Giometti <giometti@linux.it>
[    4.927441] initcall pps_init+0x0/0xa9 returned 0 after 16601 usecs
[    4.935440] calling  ptp_init+0x0/0x98 @ 1
[    4.940449] PTP clock support registered
[    4.945440] initcall ptp_init+0x0/0x98 returned 0 after 4882 usecs
[    4.953439] calling  power_supply_class_init+0x0/0x3f @ 1
[    4.959531] initcall power_supply_class_init+0x0/0x3f returned 0 after 0 usecs
[    4.968440] calling  hwmon_init+0x0/0x104 @ 1
[    4.973462] initcall hwmon_init+0x0/0x104 returned 0 after 0 usecs
[    4.981439] calling  md_init+0x0/0x16b @ 1
[    4.987908] initcall md_init+0x0/0x16b returned 0 after 976 usecs
[    4.995440] calling  leds_init+0x0/0x3b @ 1
[    5.000479] initcall leds_init+0x0/0x3b returned 0 after 0 usecs
[    5.008441] calling  dmi_init+0x0/0x113 @ 1
[    5.013620] initcall dmi_init+0x0/0x113 returned 0 after 0 usecs
[    5.021445] calling  efisubsys_init+0x0/0x4e7 @ 1
[    5.027467] initcall efisubsys_init+0x0/0x4e7 returned 0 after 0 usecs
[    5.035440] calling  nvmem_init+0x0/0xc @ 1
[    5.041485] initcall nvmem_init+0x0/0xc returned 0 after 0 usecs
[    5.048440] calling  init_soundcore+0x0/0x33 @ 1
[    5.054485] initcall init_soundcore+0x0/0x33 returned 0 after 0 usecs
[    5.062439] calling  alsa_sound_init+0x0/0x8f @ 1
[    5.068525] Advanced Linux Sound Architecture Driver Initialized.
[    5.076440] initcall alsa_sound_init+0x0/0x8f returned 0 after 7812 usecs
[    5.084454] calling  alsa_seq_device_init+0x0/0x71 @ 1
[    5.091471] initcall alsa_seq_device_init+0x0/0x71 returned 0 after 0 usecs
[    5.098440] calling  hda_bus_init+0x0/0xc @ 1
[    5.103466] initcall hda_bus_init+0x0/0xc returned 0 after 0 usecs
[    5.111440] calling  proto_init+0x0/0xc @ 1
[    5.116474] initcall proto_init+0x0/0xc returned 0 after 0 usecs
[    5.124439] calling  net_dev_init+0x0/0x209 @ 1
[    5.131351] initcall net_dev_init+0x0/0x209 returned 0 after 976 usecs
[    5.139441] calling  neigh_init+0x0/0x84 @ 1
[    5.144461] initcall neigh_init+0x0/0x84 returned 0 after 0 usecs
[    5.152440] calling  fib_notifier_init+0x0/0xc @ 1
[    5.158443] initcall fib_notifier_init+0x0/0xc returned 0 after 0 usecs
[    5.167440] calling  fib_rules_init+0x0/0xab @ 1
[    5.172476] initcall fib_rules_init+0x0/0xab returned 0 after 0 usecs
[    5.181440] calling  pktsched_init+0x0/0x10e @ 1
[    5.186447] initcall pktsched_init+0x0/0x10e returned 0 after 0 usecs
[    5.195440] calling  tc_filter_init+0x0/0xfa @ 1
[    5.200453] initcall tc_filter_init+0x0/0xfa returned 0 after 0 usecs
[    5.208440] calling  tc_action_init+0x0/0x54 @ 1
[    5.214441] initcall tc_action_init+0x0/0x54 returned 0 after 0 usecs
[    5.222440] calling  ethnl_init+0x0/0x52 @ 1
[    5.228541] initcall ethnl_init+0x0/0x52 returned 0 after 0 usecs
[    5.236441] calling  nexthop_init+0x0/0xd8 @ 1
[    5.241545] initcall nexthop_init+0x0/0xd8 returned 0 after 0 usecs
[    5.249440] calling  cipso_v4_init+0x0/0x5d @ 1
[    5.253525] initcall cipso_v4_init+0x0/0x5d returned 0 after 0 usecs
[    5.262441] calling  ieee80211_init+0x0/0x24 @ 1
[    5.267561] initcall ieee80211_init+0x0/0x24 returned 0 after 976 usecs
[    5.276444] calling  netlbl_init+0x0/0x78 @ 1
[    5.281486] NetLabel: Initializing
[    5.286438] NetLabel:  domain hash size = 128
[    5.291437] NetLabel:  protocols = UNLABELED CIPSOv4 CALIPSO
[    5.298549] NetLabel:  unlabeled traffic allowed by default
[    5.306441] initcall netlbl_init+0x0/0x78 returned 0 after 24414 usecs
[    5.314440] calling  rfkill_init+0x0/0x111 @ 1
[    5.320662] initcall rfkill_init+0x0/0x111 returned 0 after 976 usecs
[    5.328453] calling  pci_subsys_init+0x0/0x66 @ 1
[    5.334602] PCI: Using ACPI for IRQ routing
[    6.027897] PCI: pci_cache_line_size set to 64 bytes
[    6.035755] e820: reserve RAM buffer [mem 0x0009fc00-0x0009ffff]
[    6.044850] e820: reserve RAM buffer [mem 0x1ffdf000-0x1fffffff]
[    6.055048] initcall pci_subsys_init+0x0/0x66 returned 0 after 703125 usecs
[    6.069316] calling  nmi_warning_debugfs+0x0/0x26 @ 1
[    6.077118] initcall nmi_warning_debugfs+0x0/0x26 returned 0 after 976 usecs
[    6.085454] calling  save_microcode_in_initrd+0x0/0x51 @ 1
[    6.095683] initcall save_microcode_in_initrd+0x0/0x51 returned 0 after 2929 usecs
[    6.104457] calling  hpet_late_init+0x0/0x20d @ 1
[    6.110797] hpet: 3 channels of 0 reserved for per-cpu timers
[    6.118701] hpet0: at MMIO 0xfed00000, IRQs 2, 8, 0
[    6.124438] hpet0: 3 comparators, 64-bit 100.000000 MHz counter
[    6.134443] initcall hpet_late_init+0x0/0x20d returned 0 after 23437 usecs
[    6.143442] calling  init_amd_nbs+0x0/0x11c @ 1
[    6.149482] initcall init_amd_nbs+0x0/0x11c returned 0 after 0 usecs
[    6.157464] calling  clocksource_done_booting+0x0/0x41 @ 1
[    6.170068] clocksource: Switched to clocksource kvm-clock
[    6.176950] initcall clocksource_done_booting+0x0/0x41 returned 0 after 13195 usecs
[    6.186363] calling  tracer_init_tracefs+0x0/0x242 @ 1
[    6.404312] initcall tracer_init_tracefs+0x0/0x242 returned 0 after 206576 usecs
[    6.415822] calling  init_trace_printk_function_export+0x0/0x2c @ 1
[    6.423407] initcall init_trace_printk_function_export+0x0/0x2c returned 0 after 11 usecs
[    6.433417] calling  init_kprobe_trace+0x0/0x1a9 @ 1
[    6.439540] initcall init_kprobe_trace+0x0/0x1a9 returned 0 after 101 usecs
[    6.448006] calling  init_dynamic_event+0x0/0x3d @ 1
[    6.454091] initcall init_dynamic_event+0x0/0x3d returned 0 after 17 usecs
[    6.463765] calling  init_uprobe_trace+0x0/0x5c @ 1
[    6.470896] initcall init_uprobe_trace+0x0/0x5c returned 0 after 24 usecs
[    6.480145] calling  init_pipe_fs+0x0/0x44 @ 1
[    6.487161] initcall init_pipe_fs+0x0/0x44 returned 0 after 678 usecs
[    6.496494] calling  inotify_user_setup+0x0/0x47 @ 1
[    6.504018] initcall inotify_user_setup+0x0/0x47 returned 0 after 47 usecs
[    6.514144] calling  eventpoll_init+0x0/0xd4 @ 1
[    6.521098] initcall eventpoll_init+0x0/0xd4 returned 0 after 334 usecs
[    6.530562] calling  anon_inode_init+0x0/0x58 @ 1
[    6.537450] initcall anon_inode_init+0x0/0x58 returned 0 after 158 usecs
[    6.547015] calling  proc_locks_init+0x0/0x27 @ 1
[    6.554051] initcall proc_locks_init+0x0/0x27 returned 0 after 133 usecs
[    6.563764] calling  iomap_init+0x0/0x1b @ 1
[    6.570065] initcall iomap_init+0x0/0x1b returned 0 after 739 usecs
[    6.577763] calling  dquot_init+0x0/0x106 @ 1
[    6.583165] VFS: Disk quotas dquot_6.6.0
[    6.588646] VFS: Dquot-cache hash table entries: 512 (order 0, 4096 bytes)
[    6.597125] initcall dquot_init+0x0/0x106 returned 0 after 13642 usecs
[    6.605128] calling  quota_init+0x0/0x23 @ 1
[    6.610763] initcall quota_init+0x0/0x23 returned 0 after 170 usecs
[    6.618406] calling  proc_cmdline_init+0x0/0x21 @ 1
[    6.624446] initcall proc_cmdline_init+0x0/0x21 returned 0 after 19 usecs
[    6.632738] calling  proc_consoles_init+0x0/0x24 @ 1
[    6.638788] initcall proc_consoles_init+0x0/0x24 returned 0 after 4 usecs
[    6.647027] calling  proc_cpuinfo_init+0x0/0x1e @ 1
[    6.653104] initcall proc_cpuinfo_init+0x0/0x1e returned 0 after 4 usecs
[    6.661271] calling  proc_devices_init+0x0/0x24 @ 1
[    6.667279] initcall proc_devices_init+0x0/0x24 returned 0 after 17 usecs
[    6.675625] calling  proc_interrupts_init+0x0/0x24 @ 1
[    6.681927] initcall proc_interrupts_init+0x0/0x24 returned 0 after 3 usecs
[    6.690446] calling  proc_loadavg_init+0x0/0x21 @ 1
[    6.697106] initcall proc_loadavg_init+0x0/0x21 returned 0 after 4 usecs
[    6.705336] calling  proc_meminfo_init+0x0/0x21 @ 1
[    6.711332] initcall proc_meminfo_init+0x0/0x21 returned 0 after 3 usecs
[    6.719559] calling  proc_stat_init+0x0/0x1e @ 1
[    6.725583] initcall proc_stat_init+0x0/0x1e returned 0 after 3 usecs
[    6.733585] calling  proc_uptime_init+0x0/0x21 @ 1
[    6.739533] initcall proc_uptime_init+0x0/0x21 returned 0 after 3 usecs
[    6.747711] calling  proc_version_init+0x0/0x21 @ 1
[    6.754768] initcall proc_version_init+0x0/0x21 returned 0 after 4 usecs
[    6.763667] calling  proc_softirqs_init+0x0/0x21 @ 1
[    6.770346] initcall proc_softirqs_init+0x0/0x21 returned 0 after 3 usecs
[    6.779126] calling  proc_kcore_init+0x0/0xea @ 1
[    6.785658] initcall proc_kcore_init+0x0/0xea returned 0 after 48 usecs
[    6.795132] calling  vmcore_init+0x0/0x578 @ 1
[    6.800667] initcall vmcore_init+0x0/0x578 returned 0 after 12 usecs
[    6.809002] calling  proc_kmsg_init+0x0/0x21 @ 1
[    6.814925] initcall proc_kmsg_init+0x0/0x21 returned 0 after 4 usecs
[    6.823045] calling  proc_page_init+0x0/0x3b @ 1
[    6.828882] initcall proc_page_init+0x0/0x3b returned 0 after 35 usecs
[    6.836922] calling  init_ramfs_fs+0x0/0xc @ 1
[    6.842443] initcall init_ramfs_fs+0x0/0xc returned 0 after 14 usecs
[    6.850204] calling  init_hugetlbfs_fs+0x0/0xf6 @ 1
[    6.856807] initcall init_hugetlbfs_fs+0x0/0xf6 returned 0 after 548 usecs
[    6.865393] calling  blk_scsi_ioctl_init+0x0/0x2a5 @ 1
[    6.871881] initcall blk_scsi_ioctl_init+0x0/0x2a5 returned 0 after 118 usecs
[    6.880714] calling  acpi_event_init+0x0/0x2c @ 1
[    6.886656] initcall acpi_event_init+0x0/0x2c returned 0 after 64 usecs
[    6.894841] calling  pnp_system_init+0x0/0xc @ 1
[    6.901606] initcall pnp_system_init+0x0/0xc returned 0 after 799 usecs
[    6.909800] calling  pnpacpi_init+0x0/0x69 @ 1
[    6.915354] pnp: PnP ACPI init
[    6.920678] pnp 00:00: Plug and Play ACPI device, IDs PNP0303 (active)
[    6.928831] pnp 00:01: Plug and Play ACPI device, IDs PNP0f13 (active)
[    6.937079] pnp 00:02: Plug and Play ACPI device, IDs PNP0400 (active)
[    6.945262] pnp 00:03: Plug and Play ACPI device, IDs PNP0501 (active)
[    6.953342] pnp 00:04: Plug and Play ACPI device, IDs PNP0b00 (active)
[    6.961654] system 00:05: [mem 0xb0000000-0xbfffffff window] has been reserved
[    6.970569] system 00:05: Plug and Play ACPI device, IDs PNP0c01 (active)
[    6.980426] pnp: PnP ACPI: found 6 devices
[    6.985641] initcall pnpacpi_init+0x0/0x69 returned 0 after 68683 usecs
[    6.993782] calling  chr_dev_init+0x0/0x14d @ 1
[    7.088521] initcall chr_dev_init+0x0/0x14d returned 0 after 86960 usecs
[    7.097585] calling  firmware_class_init+0x0/0xe7 @ 1
[    7.104182] initcall firmware_class_init+0x0/0xe7 returned 0 after 99 usecs
[    7.113154] calling  init_pcmcia_bus+0x0/0x5b @ 1
[    7.119384] initcall init_pcmcia_bus+0x0/0x5b returned 0 after 179 usecs
[    7.127998] calling  init_acpi_pm_clocksource+0x0/0xda @ 1
[    7.140956] clocksource: acpi_pm: mask: 0xffffff max_cycles: 0xffffff, max_idle_ns: 2085701024 ns
[    7.153768] initcall init_acpi_pm_clocksource+0x0/0xda returned 0 after 17971 usecs
[    7.166000] calling  sysctl_core_init+0x0/0x26 @ 1
[    7.174117] initcall sysctl_core_init+0x0/0x26 returned 0 after 164 usecs
[    7.183519] calling  eth_offload_init+0x0/0x13 @ 1
[    7.189679] initcall eth_offload_init+0x0/0x13 returned 0 after 25 usecs
[    7.197984] calling  ipv4_offload_init+0x0/0x73 @ 1
[    7.204138] initcall ipv4_offload_init+0x0/0x73 returned 0 after 38 usecs
[    7.212823] calling  inet_init+0x0/0x276 @ 1
[    7.218769] NET: Registered protocol family 2
[    7.224918] IP idents hash table entries: 8192 (order: 4, 65536 bytes, linear)
[    7.239934] tcp_listen_portaddr_hash hash table entries: 256 (order: 0, 4096 bytes, linear)
[    7.251066] TCP established hash table entries: 4096 (order: 3, 32768 bytes, linear)
[    7.261111] TCP bind hash table entries: 4096 (order: 4, 65536 bytes, linear)
[    7.270803] TCP: Hash tables configured (established 4096 bind 4096)
[    7.280092] UDP hash table entries: 256 (order: 1, 8192 bytes, linear)
[    7.290414] UDP-Lite hash table entries: 256 (order: 1, 8192 bytes, linear)
[    7.299980] initcall inet_init+0x0/0x276 returned 0 after 79829 usecs
[    7.308386] calling  af_unix_init+0x0/0x4d @ 1
[    7.314371] NET: Registered protocol family 1
[    7.322092] initcall af_unix_init+0x0/0x4d returned 0 after 7540 usecs
[    7.332985] calling  ipv6_offload_init+0x0/0x7e @ 1
[    7.341697] initcall ipv6_offload_init+0x0/0x7e returned 0 after 82 usecs
[    7.351257] calling  init_sunrpc+0x0/0x65 @ 1
[    7.365337] RPC: Registered named UNIX socket transport module.
[    7.375866] RPC: Registered udp transport module.
[    7.384005] RPC: Registered tcp transport module.
[    7.392153] RPC: Registered tcp NFSv4.1 backchannel transport module.
[    7.402575] initcall init_sunrpc+0x0/0x65 returned 0 after 44197 usecs
[    7.411203] calling  cfg80211_init+0x0/0xc5 @ 1
[    7.419659] initcall cfg80211_init+0x0/0xc5 returned 0 after 2371 usecs
[    7.428713] calling  pcibios_assign_resources+0x0/0xbf @ 1
[    7.436619] pci_bus 0000:00: resource 4 [io  0x0000-0x0cf7 window]
[    7.445006] pci_bus 0000:00: resource 5 [io  0x0d00-0xffff window]
[    7.453582] pci_bus 0000:00: resource 6 [mem 0x000a0000-0x000bffff window]
[    7.462978] pci_bus 0000:00: resource 7 [mem 0x20000000-0xafffffff window]
[    7.472220] pci_bus 0000:00: resource 8 [mem 0xc0000000-0xfebfffff window]
[    7.482315] pci_bus 0000:00: resource 9 [mem 0x100000000-0x8ffffffff window]
[    7.494671] initcall pcibios_assign_resources+0x0/0xbf returned 0 after 56962 usecs
[    7.507711] calling  pci_apply_final_quirks+0x0/0x124 @ 1
[    7.516519] pci 0000:00:01.0: calling  pci_fixup_video+0x0/0xe0 @ 1
[    7.525960] pci 0000:00:01.0: Video device with shadowed ROM at [mem 0x000c0000-0x000dffff]
[    7.537115] pci 0000:00:01.0: pci_fixup_video+0x0/0xe0 took 11457 usecs
[    7.546226] PCI: CLS 0 bytes, default 64
[    7.551654] initcall pci_apply_final_quirks+0x0/0x124 returned 0 after 35117 usecs
[    7.561578] calling  acpi_reserve_resources+0x0/0xea @ 1
[    7.568819] initcall acpi_reserve_resources+0x0/0xea returned 0 after 19 usecs
[    7.578491] calling  populate_rootfs+0x0/0x102 @ 1
[    7.588243] initcall populate_rootfs+0x0/0x102 returned 0 after 3321 usecs
[    7.597321] calling  pci_iommu_init+0x0/0x3e @ 1
[    7.603849] initcall pci_iommu_init+0x0/0x3e returned 0 after 52 usecs
[    7.612319] calling  ia32_binfmt_init+0x0/0x13 @ 1
[    7.618631] initcall ia32_binfmt_init+0x0/0x13 returned 0 after 6 usecs
[    7.627371] calling  rapl_pmu_init+0x0/0x267 @ 1
[    7.633559] initcall rapl_pmu_init+0x0/0x267 returned -19 after 62 usecs
[    7.642406] calling  amd_uncore_init+0x0/0x310 @ 1
[    7.648872] initcall amd_uncore_init+0x0/0x310 returned -19 after 0 usecs
[    7.657921] calling  amd_ibs_init+0x0/0x27b @ 1
[    7.664052] initcall amd_ibs_init+0x0/0x27b returned -19 after 0 usecs
[    7.673366] calling  amd_iommu_pc_init+0x0/0x215 @ 1
[    7.680237] initcall amd_iommu_pc_init+0x0/0x215 returned -19 after 35 usecs
[    7.692175] calling  msr_init+0x0/0x55 @ 1
[    7.699455] initcall msr_init+0x0/0x55 returned 0 after 250 usecs
[    7.709968] calling  intel_uncore_init+0x0/0x36f @ 1
[    7.716995] initcall intel_uncore_init+0x0/0x36f returned -19 after 31 usecs
[    7.726350] calling  cstate_pmu_init+0x0/0x1a1 @ 1
[    7.732879] initcall cstate_pmu_init+0x0/0x1a1 returned -19 after 0 usecs
[    7.741871] calling  register_kernel_offset_dumper+0x0/0x1a @ 1
[    7.749701] initcall register_kernel_offset_dumper+0x0/0x1a returned 0 after 1 usecs
[    7.759935] calling  i8259A_init_ops+0x0/0x20 @ 1
[    7.766388] initcall i8259A_init_ops+0x0/0x20 returned 0 after 1 usecs
[    7.775194] calling  init_tsc_clocksource+0x0/0xa4 @ 1
[    7.782639] clocksource: tsc: mask: 0xffffffffffffffff max_cycles: 0x39a85afc727, max_idle_ns: 881590685098 ns
[    7.796381] initcall init_tsc_clocksource+0x0/0xa4 returned 0 after 13419 usecs
[    7.806545] calling  add_rtc_cmos+0x0/0xb0 @ 1
[    7.812820] initcall add_rtc_cmos+0x0/0xb0 returned 0 after 30 usecs
[    7.821852] calling  i8237A_init_ops+0x0/0x3a @ 1
[    7.828365] initcall i8237A_init_ops+0x0/0x3a returned 0 after 64 usecs
[    7.838216] calling  umwait_init+0x0/0x94 @ 1
[    7.845629] initcall umwait_init+0x0/0x94 returned -19 after 16 usecs
[    7.856014] calling  thermal_throttle_init_device+0x0/0x3d @ 1
[    7.863847] initcall thermal_throttle_init_device+0x0/0x3d returned 0 after 42 usecs
[    7.874076] calling  msr_init+0x0/0xd7 @ 1
[    7.921304] initcall msr_init+0x0/0xd7 returned 0 after 40444 usecs
[    7.931036] calling  cpuid_init+0x0/0xd7 @ 1
[    7.956782] initcall cpuid_init+0x0/0xd7 returned 0 after 17850 usecs
[    7.967962] calling  ioapic_init_ops+0x0/0x13 @ 1
[    7.976289] initcall ioapic_init_ops+0x0/0x13 returned 0 after 23 usecs
[    7.987739] calling  add_pcspkr+0x0/0x6c @ 1
[    7.995762] initcall add_pcspkr+0x0/0x6c returned 0 after 326 usecs
[    8.007246] calling  start_periodic_check_for_corruption+0x0/0x30 @ 1
[    8.018533] check: Scanning for low memory corruption every 60 seconds
[    8.029067] initcall start_periodic_check_for_corruption+0x0/0x30 returned 0 after 10297 usecs
[    8.045013] calling  sysfb_init+0x0/0x9c @ 1
[    8.052120] initcall sysfb_init+0x0/0x9c returned 0 after 133 usecs
[    8.062633] calling  audit_classes_init+0x0/0xae @ 1
[    8.071288] initcall audit_classes_init+0x0/0xae returned 0 after 24 usecs
[    8.083832] calling  iosf_mbi_init+0x0/0x24 @ 1
[    8.091795] initcall iosf_mbi_init+0x0/0x24 returned 0 after 391 usecs
[    8.102937] calling  proc_execdomains_init+0x0/0x21 @ 1
[    8.111891] initcall proc_execdomains_init+0x0/0x21 returned 0 after 6 usecs
[    8.122724] calling  register_warn_debugfs+0x0/0x23 @ 1
[    8.130170] initcall register_warn_debugfs+0x0/0x23 returned 0 after 10 usecs
[    8.140389] calling  cpuhp_sysfs_init+0x0/0x79 @ 1
[    8.149946] initcall cpuhp_sysfs_init+0x0/0x79 returned 0 after 2256 usecs
[    8.160165] calling  ioresources_init+0x0/0x49 @ 1
[    8.167308] initcall ioresources_init+0x0/0x49 returned 0 after 6 usecs
[    8.176874] calling  snapshot_device_init+0x0/0xc @ 1
[    8.185697] initcall snapshot_device_init+0x0/0xc returned 0 after 1498 usecs
[    8.196143] calling  irq_pm_init_ops+0x0/0x13 @ 1
[    8.202991] initcall irq_pm_init_ops+0x0/0x13 returned 0 after 16 usecs
[    8.212866] calling  rcu_torture_init+0x0/0x9a6 @ 1
[    8.220611] rcu-torture:--- Start of test: nreaders=7 nfakewriters=4 stat_interval=15 verbose=1 test_no_idle_hz=1 shuffle_interval=3 stutter=5 irqreader=1 fqs_duration=0 fqs_holdoff=0 fqs_stutter=3 test_boost=1/0 test_boost_interval=7 test_boost_duration=4 shutdown_secs=1800 stall_cpu=0 stall_cpu_holdoff=10 stall_cpu_irqsoff=0 stall_cpu_block=0 n_barrier_cbs=4 onoff_interval=1000 onoff_holdoff=30 read_exit_delay=13 read_exit_burst=16
[    8.275819] rcu:  Start-test grace-period state: g-1044 f0x0
[    8.285620] rcu-torture: Creating rcu_torture_writer task
[    8.295029] rcu-torture: Creating rcu_torture_fakewriter task
[    8.295369] rcu-torture: rcu_torture_writer task started
[    8.304751] rcu-torture: Creating rcu_torture_fakewriter task
[    8.304904] rcu-torture: rcu_torture_fakewriter task started
[    8.310602] rcu-torture: GP expediting controlled from boot/sysfs for rcu.
[    8.310603] rcu_torture_writer: Testing conditional GPs.
[    8.310604] rcu_torture_writer: Testing expedited GPs.
[    8.310605] rcu_torture_writer: Testing asynchronous GPs.
[    8.310606] rcu_torture_writer: Testing normal GPs.
[    8.368862] rcu-torture: Creating rcu_torture_fakewriter task
[    8.369268] rcu-torture: rcu_torture_fakewriter task started
[    8.379929] rcu-torture: Creating rcu_torture_fakewriter task
[    8.380358] rcu-torture: rcu_torture_fakewriter task started
[    8.406125] rcu-torture: Creating rcu_torture_reader task
[    8.406613] rcu-torture: rcu_torture_fakewriter task started
[    8.416656] rcu-torture: Creating rcu_torture_reader task
[    8.416920] rcu-torture: rcu_torture_reader task started
[    8.441396] rcu-torture: Creating rcu_torture_reader task
[    8.442079] rcu-torture: rcu_torture_reader task started
[    8.452000] rcu-torture: Creating rcu_torture_reader task
[    8.452364] rcu-torture: rcu_torture_reader task started
[    8.478033] rcu-torture: Creating rcu_torture_reader task
[    8.478377] rcu-torture: rcu_torture_reader task started
[    8.489694] rcu-torture: Creating rcu_torture_reader task
[    8.490124] rcu-torture: rcu_torture_reader task started
[    8.514343] rcu-torture: Creating rcu_torture_reader task
[    8.514936] rcu-torture: rcu_torture_reader task started
[    8.527180] rcu-torture: Creating rcu_torture_stats task
[    8.527694] rcu-torture: rcu_torture_reader task started
[    8.551958] rcu-torture: Creating torture_shuffle task
[    8.552194] rcu-torture: rcu_torture_stats task started
[    8.560961] rcu-torture: Creating torture_stutter task
[    8.561641] rcu-torture: torture_shuffle task started
[    8.569158] rcu-torture: Creating torture_shutdown task
[    8.570656] rcu-torture: torture_stutter task started
[    8.602302] rcu-torture: Creating torture_onoff task
[    8.602330] rcu-torture: torture_shutdown task started
[    8.612871] rcu-torture: Creating rcu_torture_barrier_cbs task
[    8.613051] rcu-torture: torture_onoff task started
[    8.617697] rcu-torture:torture_shutdown task: 1799951 ms remaining
[    8.646916] rcu-torture: Creating rcu_torture_barrier_cbs task
[    8.647355] rcu-torture: rcu_torture_barrier_cbs task started
[    8.658084] rcu-torture: Creating rcu_torture_barrier_cbs task
[    8.658908] rcu-torture: rcu_torture_barrier_cbs task started
[    8.666244]   #8
[    8.676899] rcu-torture: rcu_torture_barrier_cbs task started
[    8.677168] rcu-torture: Creating rcu_torture_barrier_cbs task
[    8.679433] rcu-torture: Creating rcu_torture_barrier task
[    8.679599] rcu-torture: rcu_torture_barrier_cbs task started
[    8.681726] rcu-torture: Creating rcu_torture_read_exit task
[    8.682131] rcu-torture: rcu_torture_barrier task starting
[    8.684565] initcall rcu_torture_init+0x0/0x9a6 returned 0 after 453301 usecs
[    8.684876] rcu-torture: rcu_torture_read_exit: Start of test
[    1.229647] kvm-clock: cpu 8, msr a472201, secondary cpu clock
[    8.704048] calling  timekeeping_init_ops+0x0/0x13 @ 1
[    8.774227] initcall timekeeping_init_ops+0x0/0x13 returned 0 after 1328 usecs
[    8.781288] kvm-guest: stealtime: cpu 8, msr 1ec1b600
[    8.785195] calling  init_clocksource_sysfs+0x0/0x23 @ 1
[    8.802093] initcall init_clocksource_sysfs+0x0/0x23 returned 0 after 193 usecs
[    8.815133] calling  init_timer_list_procfs+0x0/0x31 @ 1
[    8.824951] initcall init_timer_list_procfs+0x0/0x31 returned 0 after 8 usecs
[    8.837603]   #9
[    8.838265] calling  alarmtimer_init+0x0/0xc7 @ 1
[    8.851045] initcall alarmtimer_init+0x0/0xc7 returned 0 after 712 usecs
[    1.229647] kvm-clock: cpu 9, msr a472241, secondary cpu clock
[    8.863102] calling  init_posix_timers+0x0/0x29 @ 1
[    8.887588] kvm-guest: stealtime: cpu 9, msr 1ec5b600
[    8.899407] initcall init_posix_timers+0x0/0x29 returned 0 after 16426 usecs
[    8.913438] calling  clockevents_init_sysfs+0x0/0xbf @ 1
[    8.925428] initcall clockevents_init_sysfs+0x0/0xbf returned 0 after 1424 usecs
[    8.939447] calling  proc_dma_init+0x0/0x21 @ 1
[    8.947861] initcall proc_dma_init+0x0/0x21 returned 0 after 21 usecs
[    8.961454] calling  proc_modules_init+0x0/0x1e @ 1
[    8.971642]  #10
[    8.971834] initcall proc_modules_init+0x0/0x1e returned 0 after 5 usecs
[    8.985912] calling  kallsyms_init+0x0/0x21 @ 1
[    1.229647] kvm-clock: cpu 10, msr a472281, secondary cpu clock
[    8.993223] initcall kallsyms_init+0x0/0x21 returned 0 after 5 usecs
[    9.015922] calling  pid_namespaces_init+0x0/0x2c @ 1
[    9.019247] kvm-guest: stealtime: cpu 10, msr 1ec9b600
[    9.033848] initcall pid_namespaces_init+0x0/0x2c returned 0 after 9414 usecs
[    9.045246] calling  audit_watch_init+0x0/0x37 @ 1
[    9.052901] initcall audit_watch_init+0x0/0x37 returned 0 after 1 usecs
[    9.060816]  #11
[    9.062919] calling  audit_fsnotify_init+0x0/0x37 @ 1
[    9.074046] initcall audit_fsnotify_init+0x0/0x37 returned 0 after 1 usecs
[    1.229647] kvm-clock: cpu 11, msr a4722c1, secondary cpu clock
[    9.085012] calling  audit_tree_init+0x0/0x6d @ 1
[    9.108136] kvm-guest: stealtime: cpu 11, msr 1ecdb600
[    9.121151] initcall audit_tree_init+0x0/0x6d returned 0 after 17460 usecs
[    9.132625] calling  seccomp_sysctl_init+0x0/0x2b @ 1
[    9.140250] initcall seccomp_sysctl_init+0x0/0x2b returned 0 after 60 usecs
[    9.150964] calling  utsname_sysctl_init+0x0/0x13 @ 1
[    9.154144]  #12
[    9.158936] initcall utsname_sysctl_init+0x0/0x13 returned 0 after 10 usecs
[    9.158939] calling  init_tracepoints+0x0/0x27 @ 1
[    9.158942] initcall init_tracepoints+0x0/0x27 returned 0 after 2 usecs
[    9.158944] calling  init_blk_tracer+0x0/0x50 @ 1
[    9.159175] initcall init_blk_tracer+0x0/0x50 returned 0 after 221 usecs
[    1.229647] kvm-clock: cpu 12, msr a472301, secondary cpu clock
[    9.180806] calling  perf_event_sysfs_init+0x0/0x81 @ 1
[    9.228047] initcall perf_event_sysfs_init+0x0/0x81 returned 0 after 1918 usecs
[    9.232377] kvm-guest: stealtime: cpu 12, msr 1ed1b600
[    9.240000] calling  system_trusted_keyring_init+0x0/0x60 @ 1
[    9.259375] Initialise system trusted keyrings
[    9.267904] initcall system_trusted_keyring_init+0x0/0x60 returned 0 after 8322 usecs
[    9.281059] calling  kswapd_init+0x0/0x5f @ 1
[    9.285945]  #13
[    9.291511] initcall kswapd_init+0x0/0x5f returned 0 after 3804 usecs
[    1.229647] kvm-clock: cpu 13, msr a472341, secondary cpu clock
[    9.304986] calling  extfrag_debug_init+0x0/0x54 @ 1
[    9.323825] initcall extfrag_debug_init+0x0/0x54 returned 0 after 1445 usecs
[    9.327945] kvm-guest: stealtime: cpu 13, msr 1ed5b600
[    9.334650] calling  mm_compute_batch_init+0x0/0x12 @ 1
[    9.352133] initcall mm_compute_batch_init+0x0/0x12 returned 0 after 162 usecs
[    9.363605] calling  slab_proc_init+0x0/0x21 @ 1
[    9.371950] initcall slab_proc_init+0x0/0x21 returned 0 after 538 usecs
[    9.382272] calling  workingset_init+0x0/0x8c @ 1
[    9.395048] workingset: timestamp_bits=52 max_order=17 bucket_order=0
[    9.407297] initcall workingset_init+0x0/0x8c returned 0 after 11958 usecs
[    9.417770] calling  proc_vmalloc_init+0x0/0x32 @ 1
[    9.425661] initcall proc_vmalloc_init+0x0/0x32 returned 0 after 6 usecs
[    9.436526] calling  procswaps_init+0x0/0x1e @ 1
[    9.443415]  #14
[    9.444133] initcall procswaps_init+0x0/0x1e returned 0 after 32 usecs
[    9.457738] calling  slab_sysfs_init+0x0/0xea @ 1
[    1.229647] kvm-clock: cpu 14, msr a472381, secondary cpu clock
[    9.476211] initcall slab_sysfs_init+0x0/0xea returned 0 after 10637 usecs
[    9.497661] calling  fcntl_init+0x0/0x29 @ 1
[    9.501529] kvm-guest: stealtime: cpu 14, msr 1ed9b600
[    9.522389] initcall fcntl_init+0x0/0x29 returned 0 after 16707 usecs
[    9.533278] calling  proc_filesystems_init+0x0/0x21 @ 1
[    9.542845] initcall proc_filesystems_init+0x0/0x21 returned 0 after 114 usecs
[    9.551817]  #15
[    9.554335] calling  start_dirtytime_writeback+0x0/0x29 @ 1
[    9.554339] initcall start_dirtytime_writeback+0x0/0x29 returned 0 after 1 usecs
[    9.554341] calling  blkdev_init+0x0/0x1b @ 1
[    1.229647] kvm-clock: cpu 15, msr a4723c1, secondary cpu clock
[    9.626618] kvm-guest: stealtime: cpu 15, msr 1eddb600
[    9.661274] initcall blkdev_init+0x0/0x1b returned 0 after 104414 usecs
[    9.673208] calling  dio_init+0x0/0x2c @ 1
[    9.707371]  #16
[    1.229647] kvm-clock: cpu 16, msr a472401, secondary cpu clock
[    9.745069] kvm-guest: stealtime: cpu 16, msr 1ee1b600
[    9.775744] initcall dio_init+0x0/0x2c returned 0 after 93271 usecs
[    9.788103] calling  dnotify_init+0x0/0x78 @ 1
[    9.796773] initcall dnotify_init+0x0/0x78 returned 0 after 76 usecs
[    9.809040] calling  aio_setup+0x0/0x78 @ 1
[    9.826127]  #17
[    1.229647] kvm-clock: cpu 17, msr a472441, secondary cpu clock
[    9.870232] kvm-guest: stealtime: cpu 17, msr 1ee5b600
[    9.901056] initcall aio_setup+0x0/0x78 returned 0 after 81876 usecs
[    9.912143] calling  io_uring_init+0x0/0x2c @ 1
[    9.966179]  #18
[    1.229647] kvm-clock: cpu 18, msr a472481, secondary cpu clock
[   10.024027] kvm-guest: stealtime: cpu 18, msr 1ee9b600
[   10.058541] initcall io_uring_init+0x0/0x2c returned 0 after 136011 usecs
[   10.070770] calling  mbcache_init+0x0/0x30 @ 1
[   10.078796] initcall mbcache_init+0x0/0x30 returned 0 after 772 usecs
[   10.089369] calling  init_grace+0x0/0xc @ 1
[   10.097042] initcall init_grace+0x0/0xc returned 0 after 472 usecs
[   10.106225] calling  init_v2_quota_format+0x0/0x21 @ 1
[   10.114602] initcall init_v2_quota_format+0x0/0x21 returned 0 after 108 usecs
[   10.125206] calling  init_devpts_fs+0x0/0x27 @ 1
[   10.132117] initcall init_devpts_fs+0x0/0x27 returned 0 after 15 usecs
[   10.142085] calling  ext4_init_fs+0x0/0x1d0 @ 1
[   10.155080]  #19
[    1.229647] kvm-clock: cpu 19, msr a4724c1, secondary cpu clock
[   10.206511] kvm-guest: stealtime: cpu 19, msr 1eedb600
[   10.238212] initcall ext4_init_fs+0x0/0x1d0 returned 0 after 86421 usecs
[   10.250444] calling  journal_init+0x0/0x11c @ 1
[   10.259451] initcall journal_init+0x0/0x11c returned 0 after 934 usecs
[   10.272795] calling  init_fat_fs+0x0/0x49 @ 1
[   10.300779]  #20
[    1.229647] kvm-clock: cpu 20, msr a472501, secondary cpu clock
[   10.345358] kvm-guest: stealtime: cpu 20, msr 1ef1b600
[   10.381897] initcall init_fat_fs+0x0/0x49 returned 0 after 98029 usecs
[   10.393996] calling  init_vfat_fs+0x0/0xc @ 1
[   10.401977] initcall init_vfat_fs+0x0/0xc returned 0 after 5 usecs
[   10.415588] calling  init_msdos_fs+0x0/0xc @ 1
[   10.424427] initcall init_msdos_fs+0x0/0xc returned 0 after 8 usecs
[   10.436811] calling  init_iso9660_fs+0x0/0x6c @ 1
[   10.451718]  #21
[    1.229647] kvm-clock: cpu 21, msr a472541, secondary cpu clock
[   10.494471] kvm-guest: stealtime: cpu 21, msr 1ef5b600
[   10.526218] initcall init_iso9660_fs+0x0/0x6c returned 0 after 78379 usecs
[   10.539450] calling  init_nfs_fs+0x0/0x13a @ 1
[   10.578891]  #22
[    1.229647] kvm-clock: cpu 22, msr a472581, secondary cpu clock
[   10.617342] kvm-guest: stealtime: cpu 22, msr 1ef9b600
[   10.657738] initcall init_nfs_fs+0x0/0x13a returned 0 after 107196 usecs
[   10.668147] calling  init_nfs_v2+0x0/0x13 @ 1
[   10.675479] initcall init_nfs_v2+0x0/0x13 returned 0 after 140 usecs
[   10.685724] calling  init_nfs_v3+0x0/0x13 @ 1
[   10.692615] initcall init_nfs_v3+0x0/0x13 returned 0 after 1 usecs
[   10.705063] calling  init_nfs_v4+0x0/0x32 @ 1
[   10.712080] NFS: Registering the id_resolver key type
[   10.713752]  #23
[   10.720002] Key type id_resolver registered
[   10.729710] Key type id_legacy registered
[   10.736518] initcall init_nfs_v4+0x0/0x32 returned 0 after 23912 usecs
[    1.229647] kvm-clock: cpu 23, msr a4725c1, secondary cpu clock
[   10.746770] calling  init_nlm+0x0/0x5b @ 1
[   10.766726] initcall init_nlm+0x0/0x5b returned 0 after 2754 usecs
[   10.770176] kvm-guest: stealtime: cpu 23, msr 1efdb600
[   10.778293] calling  init_nls_cp437+0x0/0xe @ 1
[   10.794412] initcall init_nls_cp437+0x0/0xe returned 0 after 109 usecs
[   10.805545] calling  init_nls_ascii+0x0/0xe @ 1
[   10.814464] initcall init_nls_ascii+0x0/0xe returned 0 after 1 usecs
[   10.825665] calling  init_nls_iso8859_1+0x0/0xe @ 1
[   10.835018] initcall init_nls_iso8859_1+0x0/0xe returned 0 after 1 usecs
[   10.842935]  #24
[   10.846463] calling  init_nls_utf8+0x0/0x21 @ 1
[   10.846468] initcall init_nls_utf8+0x0/0x21 returned 0 after 1 usecs
[   10.846470] calling  init_autofs_fs+0x0/0x25 @ 1
[   10.852922] initcall init_autofs_fs+0x0/0x25 returned 0 after 6294 usecs
[    1.229647] kvm-clock: cpu 24, msr a472601, secondary cpu clock
[   10.886800] calling  ipc_init+0x0/0x24 @ 1
[   10.909424] initcall ipc_init+0x0/0x24 returned 0 after 4395 usecs
[   10.914149] kvm-guest: stealtime: cpu 24, msr 1f01b600
[   10.919118] calling  ipc_sysctl_init+0x0/0x13 @ 1
[   10.933809] initcall ipc_sysctl_init+0x0/0x13 returned 0 after 13 usecs
[   10.945410] calling  init_mqueue_fs+0x0/0x9a @ 1
[   10.956730] initcall init_mqueue_fs+0x0/0x9a returned 0 after 1889 usecs
[   10.969028] calling  key_proc_init+0x0/0x63 @ 1
[   10.976969] initcall key_proc_init+0x0/0x63 returned 0 after 7 usecs
[   10.986354]  #25
[   10.988678] calling  selinux_nf_ip_init+0x0/0x2e @ 1
[   11.000913] initcall selinux_nf_ip_init+0x0/0x2e returned 0 after 181 usecs
[    1.229647] kvm-clock: cpu 25, msr a472641, secondary cpu clock
[   11.012382] calling  init_sel_fs+0x0/0x116 @ 1
[   11.032107] initcall init_sel_fs+0x0/0x116 returned 0 after 1390 usecs
[   11.037658] kvm-guest: stealtime: cpu 25, msr 1f05b600
[   11.043696] calling  selnl_init+0x0/0x7c @ 1
[   11.059408] initcall selnl_init+0x0/0x7c returned 0 after 69 usecs
[   11.070351] calling  sel_netif_init+0x0/0x36 @ 1
[   11.076920] initcall sel_netif_init+0x0/0x36 returned 0 after 0 usecs
[   11.086178] calling  sel_netnode_init+0x0/0x33 @ 1
[   11.092960] initcall sel_netnode_init+0x0/0x33 returned 0 after 0 usecs
[   11.102621] calling  sel_netport_init+0x0/0x33 @ 1
[   11.102790]  #26
[   11.109634] initcall sel_netport_init+0x0/0x33 returned 0 after 0 usecs
[   11.109637] calling  aurule_init+0x0/0x2a @ 1
[   11.109640] initcall aurule_init+0x0/0x2a returned 0 after 1 usecs
[   11.109642] calling  crypto_algapi_init+0x0/0xc @ 1
[   11.109650] initcall crypto_algapi_init+0x0/0xc returned 0 after 4 usecs
[    1.229647] kvm-clock: cpu 26, msr a472681, secondary cpu clock
[   11.131307] calling  jent_mod_init+0x0/0x2d @ 1
[   11.186564] kvm-guest: stealtime: cpu 26, msr 1f09b600
[   11.199970] initcall jent_mod_init+0x0/0x2d returned 0 after 20112 usecs
[   11.214830] calling  asymmetric_key_init+0x0/0xc @ 1
[   11.221945] Key type asymmetric registered
[   11.227241] initcall asymmetric_key_init+0x0/0xc returned 0 after 5168 usecs
[   11.229464]  #27
[   11.236767] calling  x509_key_init+0x0/0xc @ 1
[   11.236912] Asymmetric key parser 'x509' registered
[   11.254631] initcall x509_key_init+0x0/0xc returned 0 after 17438 usecs
[    1.229647] kvm-clock: cpu 27, msr a4726c1, secondary cpu clock
[   11.264241] calling  proc_genhd_init+0x0/0x41 @ 1
[   11.282407] initcall proc_genhd_init+0x0/0x41 returned 0 after 1251 usecs
[   11.286227] kvm-guest: stealtime: cpu 27, msr 1f0db600
[   11.292981] calling  bsg_init+0x0/0x113 @ 1
[   11.306734] Block layer SCSI generic (bsg) driver version 0.4 loaded (major 251)
[   11.318021] initcall bsg_init+0x0/0x113 returned 0 after 11083 usecs
[   11.328205] calling  deadline_init+0x0/0xc @ 1
[   11.333006]  #28
[   11.335218] io scheduler mq-deadline registered
[   11.335221] initcall deadline_init+0x0/0xc returned 0 after 112 usecs
[   11.335223] calling  kyber_init+0x0/0xc @ 1
[   11.335225] io scheduler kyber registered
[   11.335227] initcall kyber_init+0x0/0xc returned 0 after 1 usecs
[   11.335228] calling  mod_init+0x0/0x7 @ 1
[   11.335230] initcall mod_init+0x0/0x7 returned 0 after 0 usecs
[   11.335232] calling  percpu_counter_startup+0x0/0x55 @ 1
[    1.229647] kvm-clock: cpu 28, msr a472701, secondary cpu clock
[   11.441334] kvm-guest: stealtime: cpu 28, msr 1f11b600
[   11.525711]  #29
[    1.229647] kvm-clock: cpu 29, msr a472741, secondary cpu clock
[   11.604439] kvm-guest: stealtime: cpu 29, msr 1f15b600
[   11.628675] initcall percpu_counter_startup+0x0/0x55 returned 0 after 286554 usecs
[   11.640831] calling  sg_pool_init+0x0/0xb4 @ 1
[   11.657633]  #30
[    1.229647] kvm-clock: cpu 30, msr a472781, secondary cpu clock
[   11.793416] kvm-guest: stealtime: cpu 30, msr 1f19b600
[   11.819932] initcall sg_pool_init+0x0/0xb4 returned 0 after 168321 usecs
[   11.830883] calling  pcie_portdrv_init+0x0/0x39 @ 1
[   11.838814] initcall pcie_portdrv_init+0x0/0x39 returned 0 after 98 usecs
[   11.848772]  #31
[   11.849056] calling  pci_proc_init+0x0/0x68 @ 1
[   11.858755] initcall pci_proc_init+0x0/0x68 returned 0 after 156 usecs
[    1.229647] kvm-clock: cpu 31, msr a4727c1, secondary cpu clock
[   11.868746] calling  pci_hotplug_init+0x0/0x7 @ 1
[   11.884902] initcall pci_hotplug_init+0x0/0x7 returned 0 after 0 usecs
[   11.936761] calling  efifb_driver_init+0x0/0xe @ 1
[   11.941915] kvm-guest: stealtime: cpu 31, msr 1f1db600
[   11.944904] initcall efifb_driver_init+0x0/0xe returned 0 after 30 usecs
[   11.963915] calling  ged_driver_init+0x0/0xe @ 1
[   11.971116] initcall ged_driver_init+0x0/0xe returned 0 after 24 usecs
[   11.977188]  #32
[   11.980696] calling  acpi_ac_init+0x0/0x92 @ 1
[   11.991345] initcall acpi_ac_init+0x0/0x92 returned 0 after 606 usecs
[    1.229647] kvm-clock: cpu 32, msr a472801, secondary cpu clock
[   12.002349] calling  acpi_button_driver_init+0x0/0x52 @ 1
[   12.080403] input: Power Button as /devices/LNXSYSTM:00/LNXPWRBN:00/input/input0
[   12.094140] ACPI: Power Button [PWRF]
[   12.100770] initcall acpi_button_driver_init+0x0/0x52 returned 0 after 68928 usecs
[   12.101039] kvm-guest: stealtime: cpu 32, msr 1f21b600
[   12.112267] calling  acpi_fan_driver_init+0x0/0xe @ 1
[   12.128738] initcall acpi_fan_driver_init+0x0/0xe returned 0 after 80 usecs
[   12.138867] calling  acpi_video_init+0x0/0xcb @ 1
[   12.146202] initcall acpi_video_init+0x0/0xcb returned 0 after 156 usecs
[   12.156762] calling  acpi_processor_driver_init+0x0/0xad @ 1
[   12.158217]  #33
[    1.229647] kvm-clock: cpu 33, msr a472841, secondary cpu clock
[   12.264279] kvm-guest: stealtime: cpu 33, msr 1f25b600
[   12.313608]  #34
[    1.229647] kvm-clock: cpu 34, msr a472881, secondary cpu clock
[   12.435191] kvm-guest: stealtime: cpu 34, msr 1f29b600
[   12.465094] torture_onoff-torture:rcu: Initial online 35: errno -16
[   12.466733] initcall acpi_processor_driver_init+0x0/0xad returned 0 after 294082 usecs
[   12.485039] calling  acpi_thermal_init+0x0/0x71 @ 1
[   12.493823] initcall acpi_thermal_init+0x0/0x71 returned 0 after 1873 usecs
[   12.500216]  #36
[   12.504556] calling  acpi_battery_init+0x0/0x32 @ 1
[   12.504861] initcall acpi_battery_init+0x0/0x32 returned 0 after 290 usecs
[    1.229647] kvm-clock: cpu 36, msr a472901, secondary cpu clock
[   12.525978] calling  bgrt_init+0x0/0xb6 @ 1
[   12.542156] initcall bgrt_init+0x0/0xb6 returned -19 after 0 usecs
[   12.551628] calling  gpio_clk_driver_init+0x0/0xe @ 1
[   12.559415] initcall gpio_clk_driver_init+0x0/0xe returned 0 after 26 usecs
[   12.624736] calling  plt_clk_driver_init+0x0/0xe @ 1
[   12.633066] initcall plt_clk_driver_init+0x0/0xe returned 0 after 33 usecs
[   12.638592] kvm-guest: stealtime: cpu 36, msr 1f31b600
[   12.643768] calling  virtio_pci_driver_init+0x0/0x15 @ 1
[   12.659304] initcall virtio_pci_driver_init+0x0/0x15 returned 0 after 73 usecs
[   12.668530] calling  n_null_init+0x0/0x1e @ 1
[   12.674325] initcall n_null_init+0x0/0x1e returned 0 after 20 usecs
[   12.682304]  #37
[   12.682804] calling  pty_init+0x0/0x1e8 @ 1
[   12.683799] initcall pty_init+0x0/0x1e8 returned 0 after 966 usecs
[   12.698915] calling  sysrq_init+0x0/0x62 @ 1
[    1.229647] kvm-clock: cpu 37, msr a472941, secondary cpu clock
[   12.704409] initcall sysrq_init+0x0/0x62 returned 0 after 7 usecs
[   12.721302] calling  serial8250_init+0x0/0x17e @ 1
[   12.728444] Serial: 8250/16550 driver, 4 ports, IRQ sharing enabled
[   12.739222] 00:03: ttyS0 at I/O 0x3f8 (irq = 4, base_baud = 115200) is a 16550A
[   12.845043] initcall serial8250_init+0x0/0x17e returned 0 after 113873 usecs
[   12.854211] calling  serial_pci_driver_init+0x0/0x15 @ 1
[   12.855510] kvm-guest: stealtime: cpu 37, msr 1f35b600
[   12.861187] initcall serial_pci_driver_init+0x0/0x15 returned 0 after 81 usecs
[   12.879890] calling  exar_pci_driver_init+0x0/0x15 @ 1
[   12.886972] initcall exar_pci_driver_init+0x0/0x15 returned 0 after 28 usecs
[   12.894928]  #38
[   12.897069] calling  lpss8250_pci_driver_init+0x0/0x15 @ 1
[   12.908606] initcall lpss8250_pci_driver_init+0x0/0x15 returned 0 after 156 usecs
[    1.229647] kvm-clock: cpu 38, msr a472981, secondary cpu clock
[   12.918412] calling  mid8250_pci_driver_init+0x0/0x15 @ 1
[   12.944530] initcall mid8250_pci_driver_init+0x0/0x15 returned 0 after 10549 usecs
[   13.004420] calling  virtio_console_init+0x0/0xff @ 1
[   13.012816] initcall virtio_console_init+0x0/0xff returned 0 after 199 usecs
[   13.023326] kvm-guest: stealtime: cpu 38, msr 1f39b600
[   13.023851] calling  hpet_init+0x0/0x64 @ 1
[   13.045380] initcall hpet_init+0x0/0x64 returned 0 after 8512 usecs
[   13.048736]  #39
[   13.070051] calling  nvram_module_init+0x0/0x83 @ 1
[    1.229647] kvm-clock: cpu 39, msr a4729c1, secondary cpu clock
[   13.090681] Non-volatile memory driver v1.3
[   13.107669] initcall nvram_module_init+0x0/0x83 returned 0 after 26633 usecs
[   13.119159] calling  hwrng_modinit+0x0/0x8a @ 1
[   13.181350] initcall hwrng_modinit+0x0/0x8a returned 0 after 53425 usecs
[   13.184547] kvm-guest: stealtime: cpu 39, msr 1f3db600
[   13.191674] calling  mod_init+0x0/0x48 @ 1
[   13.205542] initcall mod_init+0x0/0x48 returned -19 after 0 usecs
[   13.214980] calling  agp_init+0x0/0x23 @ 1
[   13.221709] Linux agpgart interface v0.103
[   13.228296] initcall agp_init+0x0/0x23 returned 0 after 6430 usecs
[   13.234253]  #40
[   13.237987] calling  agp_amd64_mod_init+0x0/0x5 @ 1
[   13.249154] initcall agp_amd64_mod_init+0x0/0x5 returned -19 after 77 usecs
[    1.229647] kvm-clock: cpu 40, msr a472a01, secondary cpu clock
[   13.260867] calling  agp_intel_init+0x0/0x28 @ 1
[   13.377324] kvm-guest: stealtime: cpu 40, msr 1f41b600
[   13.448735]  #41
[    1.229647] kvm-clock: cpu 41, msr a472a41, secondary cpu clock
[   13.517236] kvm-guest: stealtime: cpu 41, msr 1f45b600
[   13.551080] initcall agp_intel_init+0x0/0x28 returned 0 after 267006 usecs
[   13.561633] calling  drm_kms_helper_init+0x0/0x7 @ 1
[   13.568448] initcall drm_kms_helper_init+0x0/0x7 returned 0 after 0 usecs
[   13.573613]  #42
[   13.578792] calling  drm_core_init+0x0/0xa4 @ 1
[   13.588292] initcall drm_core_init+0x0/0xa4 returned 0 after 295 usecs
[    1.229647] kvm-clock: cpu 42, msr a472a81, secondary cpu clock
[   13.599726] calling  i915_init+0x0/0x6b @ 1
[   13.669242] kvm-guest: stealtime: cpu 42, msr 1f49b600
[   13.681764] initcall i915_init+0x0/0x6b returned 0 after 64306 usecs
[   13.683580] rcu-torture: torture_onoff begin holdoff
[   13.683792] rcu_torture_rea (385) used greatest stack depth: 15184 bytes left
[   13.691630] calling  cn_proc_init+0x0/0x35 @ 1
[   13.691635] initcall cn_proc_init+0x0/0x35 returned 0 after 2 usecs
[   13.691654] calling  topology_sysfs_init+0x0/0x27 @ 1
[   13.692275] initcall topology_sysfs_init+0x0/0x27 returned 0 after 601 usecs
[   13.694876] rcu_torture_rea (390) used greatest stack depth: 14944 bytes left
[   13.715814] rcu-torture: rcu_torture_read_exit: End of episode
[   13.717922] calling  cacheinfo_sysfs_init+0x0/0x27 @ 1
[   13.819780] initcall cacheinfo_sysfs_init+0x0/0x27 returned 0 after 47465 usecs
[   13.830793] calling  loop_init+0x0/0x168 @ 1
[   13.911651] loop: module loaded
[   13.916838] initcall loop_init+0x0/0x168 returned 0 after 77755 usecs
[   13.926413] calling  mac_hid_init+0x0/0x21 @ 1
[   13.933346] initcall mac_hid_init+0x0/0x21 returned 0 after 9 usecs
[   13.942766] calling  spi_transport_init+0x0/0x74 @ 1
[   13.950319] initcall spi_transport_init+0x0/0x74 returned 0 after 108 usecs
[   13.960941] calling  init_sd+0x0/0x18c @ 1
[   13.967246] initcall init_sd+0x0/0x18c returned 0 after 89 usecs
[   13.976332] calling  init_sr+0x0/0x43 @ 1
[   13.982339] initcall init_sr+0x0/0x43 returned 0 after 30 usecs
[   13.991218] calling  init_sg+0x0/0x1c0 @ 1
[   13.997317] initcall init_sg+0x0/0x1c0 returned 0 after 34 usecs
[   14.005811] calling  ahci_pci_driver_init+0x0/0x15 @ 1
[   14.013958] ahci 0000:00:1f.2: version 3.0
[   14.021286] PCI Interrupt Link [GSIA] enabled at IRQ 16
[   14.036569] ahci 0000:00:1f.2: AHCI 0001.0000 32 slots 6 ports 1.5 Gbps 0x3f impl SATA mode
[   14.048411] ahci 0000:00:1f.2: flags: 64bit ncq only 
[   14.070713] scsi host0: ahci
[   14.078159] scsi host1: ahci
[   14.086340] scsi host2: ahci
[   14.094065] scsi host3: ahci
[   14.100831] scsi host4: ahci
[   14.107203] scsi host5: ahci
[   14.111108] ata1: SATA max UDMA/133 abar m4096@0xfebf1000 port 0xfebf1100 irq 24
[   14.120297] ata2: SATA max UDMA/133 abar m4096@0xfebf1000 port 0xfebf1180 irq 24
[   14.129342] ata3: SATA max UDMA/133 abar m4096@0xfebf1000 port 0xfebf1200 irq 24
[   14.138879] ata4: SATA max UDMA/133 abar m4096@0xfebf1000 port 0xfebf1280 irq 24
[   14.150772] ata5: SATA max UDMA/133 abar m4096@0xfebf1000 port 0xfebf1300 irq 24
[   14.161821] ata6: SATA max UDMA/133 abar m4096@0xfebf1000 port 0xfebf1380 irq 24
[   14.171019] initcall ahci_pci_driver_init+0x0/0x15 returned 0 after 153963 usecs
[   14.180650] calling  piix_init+0x0/0x26 @ 1
[   14.186106] initcall piix_init+0x0/0x26 returned 0 after 55 usecs
[   14.193613] calling  amd_pci_driver_init+0x0/0x15 @ 1
[   14.200153] initcall amd_pci_driver_init+0x0/0x15 returned 0 after 27 usecs
[   14.208950] calling  oldpiix_pci_driver_init+0x0/0x15 @ 1
[   14.217149] initcall oldpiix_pci_driver_init+0x0/0x15 returned 0 after 64 usecs
[   14.229063] calling  sch_pci_driver_init+0x0/0x15 @ 1
[   14.236145] initcall sch_pci_driver_init+0x0/0x15 returned 0 after 56 usecs
[   14.246195] calling  net_olddevs_init+0x0/0x55 @ 1
[   14.253515] initcall net_olddevs_init+0x0/0x55 returned 0 after 44 usecs
[   14.263771] calling  blackhole_netdev_init+0x0/0x78 @ 1
[   14.271399] initcall blackhole_netdev_init+0x0/0x78 returned 0 after 53 usecs
[   14.282190] calling  phy_module_init+0x0/0x13 @ 1
[   14.289815] initcall phy_module_init+0x0/0x13 returned 0 after 131 usecs
[   14.300868] calling  tg3_driver_init+0x0/0x15 @ 1
[   14.307759] initcall tg3_driver_init+0x0/0x15 returned 0 after 64 usecs
[   14.316412] calling  e100_init_module+0x0/0x4c @ 1
[   14.322746] e100: Intel(R) PRO/100 Network Driver
[   14.328801] e100: Copyright(c) 1999-2006 Intel Corporation
[   14.336062] initcall e100_init_module+0x0/0x4c returned 0 after 13038 usecs
[   14.344838] calling  e1000_init_module+0x0/0x72 @ 1
[   14.351411] e1000: Intel(R) PRO/1000 Network Driver
[   14.357748] e1000: Copyright (c) 1999-2006 Intel Corporation.
[   14.365665] initcall e1000_init_module+0x0/0x72 returned 0 after 13914 usecs
[   14.375674] calling  e1000_init_module+0x0/0x2d @ 1
[   14.382680] e1000e: Intel(R) PRO/1000 Network Driver
[   14.389336] e1000e: Copyright(c) 1999 - 2015 Intel Corporation.
[   14.397207] initcall e1000_init_module+0x0/0x2d returned 0 after 14198 usecs
[   14.406057] calling  sky2_init_module+0x0/0x21 @ 1
[   14.412190] sky2: driver version 1.30
[   14.417550] initcall sky2_init_module+0x0/0x21 returned 0 after 5230 usecs
[   14.426369] calling  forcedeth_pci_driver_init+0x0/0x15 @ 1
[   14.433828] initcall forcedeth_pci_driver_init+0x0/0x15 returned 0 after 51 usecs
[   14.443540] calling  rtl8139_init_module+0x0/0x15 @ 1
[   14.450353] initcall rtl8139_init_module+0x0/0x15 returned 0 after 45 usecs
[   14.459537] calling  rtl8169_pci_driver_init+0x0/0x15 @ 1
[   14.467122] initcall rtl8169_pci_driver_init+0x0/0x15 returned 0 after 69 usecs
[   14.476421] calling  cdrom_init+0x0/0xc @ 1
[   14.481794] initcall cdrom_init+0x0/0xc returned 0 after 82 usecs
[   14.484552] ata1: SATA link down (SStatus 0 SControl 300)
[   14.489963] calling  nonstatic_sysfs_init+0x0/0xc @ 1
[   14.499291] ata3: SATA link up 1.5 Gbps (SStatus 113 SControl 300)
[   14.504843] initcall nonstatic_sysfs_init+0x0/0xc returned 0 after 2 usecs
[   14.504847] calling  yenta_cardbus_driver_init+0x0/0x15 @ 1
[   14.504925] initcall yenta_cardbus_driver_init+0x0/0x15 returned 0 after 73 usecs
[   14.516391] ata5: SATA link down (SStatus 0 SControl 300)
[   14.524145] calling  mon_init+0x0/0x12d @ 1
[   14.525212] initcall mon_init+0x0/0x12d returned 0 after 1037 usecs
[   14.533695] ata2: SATA link down (SStatus 0 SControl 300)
[   14.542591] calling  ehci_hcd_init+0x0/0x56 @ 1
[   14.552075] ata4: SATA link down (SStatus 0 SControl 300)
[   14.556404] ehci_hcd: USB 2.0 'Enhanced' Host Controller (EHCI) Driver
[   14.566819] ata6: SATA link down (SStatus 0 SControl 300)
[   14.571834] initcall ehci_hcd_init+0x0/0x56 returned 0 after 15145 usecs
[   14.571837] calling  ehci_pci_init+0x0/0x64 @ 1
[   14.571839] ehci-pci: EHCI PCI platform driver
[   14.571887] initcall ehci_pci_init+0x0/0x64 returned 0 after 46 usecs
[   14.578079] ata3.00: ATAPI: QEMU DVD-ROM, 2.5+, max UDMA/100
[   14.586079] calling  ohci_hcd_mod_init+0x0/0x4e @ 1
[   14.586102] ohci_hcd: USB 1.1 'Open' Host Controller (OHCI) Driver
[   14.586116] initcall ohci_hcd_mod_init+0x0/0x4e returned 0 after 32 usecs
[   14.595574] ata3.00: applying bridge limits
[   14.597317] ata3.00: configured for UDMA/100
[   14.602337] calling  ohci_pci_init+0x0/0x64 @ 1
[   14.602340] ohci-pci: OHCI PCI platform driver
[   14.602375] initcall ohci_pci_init+0x0/0x64 returned 0 after 33 usecs
[   14.616910] scsi 2:0:0:0: CD-ROM            QEMU     QEMU DVD-ROM     2.5+ PQ: 0 ANSI: 5
[   14.617656] calling  uhci_hcd_init+0x0/0xa8 @ 1
[   14.617661] uhci_hcd: USB Universal Host Controller Interface driver
[   14.716087] initcall uhci_hcd_init+0x0/0xa8 returned 0 after 96112 usecs
[   14.724493] calling  xhci_hcd_init+0x0/0x1e @ 1
[   14.730313] initcall xhci_hcd_init+0x0/0x1e returned 0 after 25 usecs
[   14.738549] calling  xhci_pci_init+0x0/0x49 @ 1
[   14.744254] initcall xhci_pci_init+0x0/0x49 returned 0 after 30 usecs
[   14.753372] calling  usblp_driver_init+0x0/0x15 @ 1
[   14.760607] usbcore: registered new interface driver usblp
[   14.768205] initcall usblp_driver_init+0x0/0x15 returned 0 after 7536 usecs
[   14.777331] calling  usb_storage_driver_init+0x0/0x2a @ 1
[   14.784707] usbcore: registered new interface driver usb-storage
[   14.792313] initcall usb_storage_driver_init+0x0/0x2a returned 0 after 7632 usecs
[   14.802758] calling  i8042_init+0x0/0x4c2 @ 1
[   14.809253] i8042: PNP: PS/2 Controller [PNP0303:KBD,PNP0f13:MOU] at 0x60,0x64 irq 1,12
[   14.827670] serio: i8042 KBD port at 0x60,0x64 irq 1
[   14.834861] serio: i8042 AUX port at 0x60,0x64 irq 12
[   14.842362] initcall i8042_init+0x0/0x4c2 returned 0 after 32410 usecs
[   14.851412] calling  serport_init+0x0/0x2c @ 1
[   14.858084] initcall serport_init+0x0/0x2c returned 0 after 1 usecs
[   14.867081] calling  input_leds_init+0x0/0xc @ 1
[   14.874031] initcall input_leds_init+0x0/0xc returned 0 after 2 usecs
[   14.883554] calling  evdev_init+0x0/0xc @ 1
[   14.890943] initcall evdev_init+0x0/0xc returned 0 after 993 usecs
[   14.901140] calling  atkbd_init+0x0/0x21 @ 1
[   14.908234] initcall atkbd_init+0x0/0x21 returned 0 after 364 usecs
[   14.917880] calling  psmouse_init+0x0/0x7f @ 1
[   14.925389] initcall psmouse_init+0x0/0x7f returned 0 after 230 usecs
[   14.931089] sr 2:0:0:0: [sr0] scsi3-mmc drive: 4x/4x cd/rw xa/form2 tray
[   14.935825] calling  cmos_init+0x0/0x73 @ 1
[   14.946392] cdrom: Uniform CD-ROM driver Revision: 3.20
[   14.954005] rtc_cmos 00:04: RTC can wake from S4
[   14.966467] input: AT Translated Set 2 keyboard as /devices/platform/i8042/serio0/input/input1
[   14.972955] rtc_cmos 00:04: registered as rtc0
[   14.987664] rtc_cmos 00:04: alarms up to one day, y3k, 242 bytes nvram, hpet irqs
[   14.999614] initcall cmos_init+0x0/0x73 returned 0 after 45848 usecs
[   15.009659] calling  smbalert_driver_init+0x0/0xe @ 1
[   15.017952] initcall smbalert_driver_init+0x0/0xe returned 0 after 31 usecs
[   15.022720] sr 2:0:0:0: Attached scsi CD-ROM sr0
[   15.030534] calling  i2c_i801_init+0x0/0xc5 @ 1
[   15.041291] sr 2:0:0:0: Attached scsi generic sg0 type 5
[   15.046260] i801_smbus 0000:00:1f.3: SMBus using PCI interrupt
[   15.059311] i2c i2c-0: 1/1 memory slots populated (from DMI)
[   15.067438] i2c i2c-0: Memory type 0x07 not supported yet, not instantiating SPD
[   15.079423] initcall i2c_i801_init+0x0/0xc5 returned 0 after 34422 usecs
[   15.087962] calling  ptp_kvm_init+0x0/0xf0 @ 1
[   15.095361] initcall ptp_kvm_init+0x0/0xf0 returned 0 after 1104 usecs
[   15.103338] calling  dm_init+0x0/0x3c @ 1
[   15.110263] device-mapper: ioctl: 4.43.0-ioctl (2020-10-01) initialised: dm-devel@redhat.com
[   15.122857] initcall dm_init+0x0/0x3c returned 0 after 13529 usecs
[   15.132340] calling  dm_mirror_init+0x0/0x29 @ 1
[   15.139342] initcall dm_mirror_init+0x0/0x29 returned 0 after 20 usecs
[   15.148911] calling  dm_dirty_log_init+0x0/0x4f @ 1
[   15.155992] initcall dm_dirty_log_init+0x0/0x4f returned 0 after 19 usecs
[   15.166255] calling  dm_zero_init+0x0/0x29 @ 1
[   15.173065] initcall dm_zero_init+0x0/0x29 returned 0 after 2 usecs
[   15.182161] calling  intel_pstate_init+0x0/0x513 @ 1
[   15.189756] intel_pstate: CPU model not supported
[   15.196616] initcall intel_pstate_init+0x0/0x513 returned -19 after 6697 usecs
[   15.206965] calling  haltpoll_init+0x0/0xc0 @ 1
[   15.213857] initcall haltpoll_init+0x0/0xc0 returned -19 after 27 usecs
[   15.222692] calling  efivars_sysfs_init+0x0/0x30 @ 1
[   15.228868] initcall efivars_sysfs_init+0x0/0x30 returned 0 after 0 usecs
[   15.237305] calling  esrt_sysfs_init+0x0/0x2a2 @ 1
[   15.243695] initcall esrt_sysfs_init+0x0/0x2a2 returned -38 after 20 usecs
[   15.252949] calling  hid_init+0x0/0x5c @ 1
[   15.258536] hid: raw HID events driver (C) Jiri Kosina
[   15.264977] initcall hid_init+0x0/0x5c returned 0 after 6408 usecs
