c[?7l[2J[0mSeaBIOS (version 1.16.0-debian-1.16.0-4)
Booting from ROM...
early console in setup code
c[?7l[2J[    0.000000] Linux version 5.10.154+ (root@joelboxx.c.googlers.com) (gcc (Debian 12.2.0-3) 12.2.0, GNU ld (GNU Binutils for Debian) 2.39) #3 SMP PREEMPT Tue Dec 13 06:16:38 UTC 2022
[    0.000000] Command line: selinux=0 initcall_debug debug console=ttyS0 rcutorture.torture_type=srcud rcupdate.rcu_self_test=1 rcutorture.onoff_interval=1000 rcutorture.onoff_holdoff=30 rcutorture.n_barrier_cbs=4 rcutorture.stat_interval=15 rcutorture.shutdown_secs=1800 rcutorture.test_no_idle_hz=1 rcutorture.verbose=1
[    0.000000] x86/fpu: x87 FPU will use FXSAVE
[    0.000000] BIOS-provided physical RAM map:
[    0.000000] BIOS-e820: [mem 0x0000000000000000-0x000000000009fbff] usable
[    0.000000] BIOS-e820: [mem 0x000000000009fc00-0x000000000009ffff] reserved
[    0.000000] BIOS-e820: [mem 0x00000000000f0000-0x00000000000fffff] reserved
[    0.000000] BIOS-e820: [mem 0x0000000000100000-0x000000001ffdefff] usable
[    0.000000] BIOS-e820: [mem 0x000000001ffdf000-0x000000001fffffff] reserved
[    0.000000] BIOS-e820: [mem 0x00000000b0000000-0x00000000bfffffff] reserved
[    0.000000] BIOS-e820: [mem 0x00000000fed1c000-0x00000000fed1ffff] reserved
[    0.000000] BIOS-e820: [mem 0x00000000feffc000-0x00000000feffffff] reserved
[    0.000000] BIOS-e820: [mem 0x00000000fffc0000-0x00000000ffffffff] reserved
[    0.000000] NX (Execute Disable) protection: active
[    0.000000] SMBIOS 2.8 present.
[    0.000000] DMI: QEMU Standard PC (Q35 + ICH9, 2009), BIOS 1.16.0-debian-1.16.0-4 04/01/2014
[    0.000000] Hypervisor detected: KVM
[    0.000000] kvm-clock: Using msrs 4b564d01 and 4b564d00
[    0.000000] kvm-clock: cpu 0, msr e529001, primary cpu clock
[    0.000018] kvm-clock: using sched offset of 2721278678 cycles
[    0.000140] clocksource: kvm-clock: mask: 0xffffffffffffffff max_cycles: 0x1cd42e4dffb, max_idle_ns: 881590591483 ns
[    0.000275] tsc: Detected 1999.999 MHz processor
[    0.003693] e820: update [mem 0x00000000-0x00000fff] usable ==> reserved
[    0.003704] e820: remove [mem 0x000a0000-0x000fffff] usable
[    0.003714] last_pfn = 0x1ffdf max_arch_pfn = 0x400000000
[    0.004733] MTRR default type: write-back
[    0.004763] MTRR fixed ranges enabled:
[    0.004766]   00000-9FFFF write-back
[    0.004769]   A0000-BFFFF uncachable
[    0.004771]   C0000-FFFFF write-protect
[    0.004773] MTRR variable ranges enabled:
[    0.004777]   0 base 00C0000000 mask FFC0000000 uncachable
[    0.004779]   1 disabled
[    0.004781]   2 disabled
[    0.004783]   3 disabled
[    0.004786]   4 disabled
[    0.004788]   5 disabled
[    0.004790]   6 disabled
[    0.004792]   7 disabled
[    0.005072] x86/PAT: Configuration [0-7]: WB  WC  UC- UC  WB  WC  UC- UC  
[    0.014555] found SMP MP-table at [mem 0x000f5ba0-0x000f5baf]
[    0.015995] check: Scanning 1 areas for low memory corruption
[    0.027516] ACPI: Early table checksum verification disabled
[    0.028722] ACPI: RSDP 0x00000000000F59E0 000014 (v00 BOCHS )
[    0.028909] ACPI: RSDT 0x000000001FFE252A 000038 (v01 BOCHS  BXPC     00000001 BXPC 00000001)
[    0.029032] ACPI: FACP 0x000000001FFE22EA 0000F4 (v03 BOCHS  BXPC     00000001 BXPC 00000001)
[    0.029096] ACPI: DSDT 0x000000001FFE0040 0022AA (v01 BOCHS  BXPC     00000001 BXPC 00000001)
[    0.029104] ACPI: FACS 0x000000001FFE0000 000040
[    0.029112] ACPI: APIC 0x000000001FFE23DE 0000B0 (v01 BOCHS  BXPC     00000001 BXPC 00000001)
[    0.029134] ACPI: HPET 0x000000001FFE248E 000038 (v01 BOCHS  BXPC     00000001 BXPC 00000001)
[    0.029144] ACPI: MCFG 0x000000001FFE24C6 00003C (v01 BOCHS  BXPC     00000001 BXPC 00000001)
[    0.029152] ACPI: WAET 0x000000001FFE2502 000028 (v01 BOCHS  BXPC     00000001 BXPC 00000001)
[    0.029159] ACPI: Reserving FACP table memory at [mem 0x1ffe22ea-0x1ffe23dd]
[    0.029163] ACPI: Reserving DSDT table memory at [mem 0x1ffe0040-0x1ffe22e9]
[    0.029166] ACPI: Reserving FACS table memory at [mem 0x1ffe0000-0x1ffe003f]
[    0.029169] ACPI: Reserving APIC table memory at [mem 0x1ffe23de-0x1ffe248d]
[    0.029171] ACPI: Reserving HPET table memory at [mem 0x1ffe248e-0x1ffe24c5]
[    0.029174] ACPI: Reserving MCFG table memory at [mem 0x1ffe24c6-0x1ffe2501]
[    0.029176] ACPI: Reserving WAET table memory at [mem 0x1ffe2502-0x1ffe2529]
[    0.029863] ACPI: Local APIC address 0xfee00000
[    0.033754] No NUMA configuration found
[    0.033759] Faking a node at [mem 0x0000000000000000-0x000000001ffdefff]
[    0.033832] NODE_DATA(0) allocated [mem 0x1ffdb000-0x1ffdefff]
[    0.034695] Zone ranges:
[    0.034760]   DMA      [mem 0x0000000000001000-0x0000000000ffffff]
[    0.034789]   DMA32    [mem 0x0000000001000000-0x000000001ffdefff]
[    0.034794]   Normal   empty
[    0.034798] Movable zone start for each node
[    0.034800] Early memory node ranges
[    0.034803]   node   0: [mem 0x0000000000001000-0x000000000009efff]
[    0.034828]   node   0: [mem 0x0000000000100000-0x000000001ffdefff]
[    0.034852] Initmem setup node 0 [mem 0x0000000000001000-0x000000001ffdefff]
[    0.034856] On node 0 totalpages: 130941
[    0.034939]   DMA zone: 64 pages used for memmap
[    0.034941]   DMA zone: 21 pages reserved
[    0.034944]   DMA zone: 3998 pages, LIFO batch:0
[    0.034947]   DMA32 zone: 1984 pages used for memmap
[    0.034950]   DMA32 zone: 126943 pages, LIFO batch:31
[    0.037898] On node 0, zone DMA: 1 pages in unavailable ranges
[    0.039154] On node 0, zone DMA: 97 pages in unavailable ranges
[    0.087080] On node 0, zone DMA32: 33 pages in unavailable ranges
[    0.090665] ACPI: PM-Timer IO Port: 0x608
[    0.090672] ACPI: Local APIC address 0xfee00000
[    0.090761] ACPI: LAPIC_NMI (acpi_id[0xff] dfl dfl lint[0x1])
[    0.091273] IOAPIC[0]: apic_id 0, version 17, address 0xfec00000, GSI 0-23
[    0.091327] ACPI: INT_SRC_OVR (bus 0 bus_irq 0 global_irq 2 dfl dfl)
[    0.091360] ACPI: INT_SRC_OVR (bus 0 bus_irq 5 global_irq 5 high level)
[    0.091364] ACPI: INT_SRC_OVR (bus 0 bus_irq 9 global_irq 9 high level)
[    0.091397] ACPI: INT_SRC_OVR (bus 0 bus_irq 10 global_irq 10 high level)
[    0.091400] ACPI: INT_SRC_OVR (bus 0 bus_irq 11 global_irq 11 high level)
[    0.091404] ACPI: IRQ0 used by override.
[    0.091407] ACPI: IRQ5 used by override.
[    0.091409] ACPI: IRQ9 used by override.
[    0.091411] ACPI: IRQ10 used by override.
[    0.091414] ACPI: IRQ11 used by override.
[    0.091439] Using ACPI (MADT) for SMP configuration information
[    0.091443] ACPI: HPET id: 0x8086a201 base: 0xfed00000
[    0.091660] smpboot: Allowing 8 CPUs, 0 hotplug CPUs
[    0.092757] PM: hibernation: Registered nosave memory: [mem 0x00000000-0x00000fff]
[    0.092761] PM: hibernation: Registered nosave memory: [mem 0x0009f000-0x0009ffff]
[    0.092764] PM: hibernation: Registered nosave memory: [mem 0x000a0000-0x000effff]
[    0.092766] PM: hibernation: Registered nosave memory: [mem 0x000f0000-0x000fffff]
[    0.092795] [mem 0x20000000-0xafffffff] available for PCI devices
[    0.092840] Booting paravirtualized kernel on KVM
[    0.092984] clocksource: refined-jiffies: mask: 0xffffffff max_cycles: 0xffffffff, max_idle_ns: 1910969940391419 ns
[    0.111275] setup_percpu: NR_CPUS:8 nr_cpumask_bits:8 nr_cpu_ids:8 nr_node_ids:1
[    0.125370] percpu: Embedded 58 pages/cpu s198480 r8192 d30896 u262144
[    0.125397] pcpu-alloc: s198480 r8192 d30896 u262144 alloc=1*2097152
[    0.125408] pcpu-alloc: [0] 0 1 2 3 4 5 6 7 
[    0.125632] kvm-guest: stealtime: cpu 0, msr 1f41bb40
[    0.126253] Built 1 zonelists, mobility grouping on.  Total pages: 128872
[    0.126257] Policy zone: DMA32
[    0.126330] Kernel command line: selinux=0 initcall_debug debug console=ttyS0 rcutorture.torture_type=srcud rcupdate.rcu_self_test=1 rcutorture.onoff_interval=1000 rcutorture.onoff_holdoff=30 rcutorture.n_barrier_cbs=4 rcutorture.stat_interval=15 rcutorture.shutdown_secs=1800 rcutorture.test_no_idle_hz=1 rcutorture.verbose=1
[    0.132509] Dentry cache hash table entries: 65536 (order: 7, 524288 bytes, linear)
[    0.134196] Inode-cache hash table entries: 32768 (order: 6, 262144 bytes, linear)
[    0.134710] mem auto-init: stack:all(zero), heap alloc:off, heap free:off
[    0.141315] Memory: 465384K/523764K available (16398K kernel code, 2809K rwdata, 4832K rodata, 1520K init, 13268K bss, 58120K reserved, 0K cma-reserved)
[    0.142004] SLUB: HWalign=64, Order=0-3, MinObjects=0, CPUs=8, Nodes=1
[    0.142361] Kernel/User page tables isolation: enabled
[    0.148969] Running RCU self tests
[    0.149234] rcu: RCU calculated value of scheduler-enlistment delay is 100 jiffies.
[    0.149810] rcu: Preemptible hierarchical RCU implementation.
[    0.149814] rcu: 	CONFIG_RCU_FANOUT set to non-default value of 2.
[    0.149817] rcu: 	RCU lockdep checking is enabled.
[    0.149819] rcu: 	Build-time adjustment of leaf fanout to 2.
[    0.149822] rcu: 	Boot-time adjustment of first FQS scan delay to 3 jiffies.
[    0.149825] rcu: 	Boot-time adjustment of subsequent FQS scan delay to 3 jiffies.
[    0.149828] 	Trampoline variant of Tasks RCU enabled.
[    0.149830] 	Rude variant of Tasks RCU enabled.
[    0.149833] 	Tracing variant of Tasks RCU enabled.
[    0.158597] NR_IRQS: 4352, nr_irqs: 488, preallocated irqs: 16
[    0.160546] calling  con_init+0x0/0x24f @ 0
[    0.253246] Console: colour VGA+ 80x25
[    0.253321] initcall con_init+0x0/0x24f returned 0 after 0 usecs
[    0.253327] calling  hvc_console_init+0x0/0x13 @ 0
[    0.253361] initcall hvc_console_init+0x0/0x13 returned 0 after 0 usecs
[    0.253365] calling  univ8250_console_init+0x0/0x26 @ 0
[    1.216366] printk: console [ttyS0] enabled
[    1.223109] initcall univ8250_console_init+0x0/0x26 returned 0 after 0 usecs
[    1.231192] Lock dependency validator: Copyright (c) 2006 Red Hat, Inc., Ingo Molnar
[    1.239871] ... MAX_LOCKDEP_SUBCLASSES:  8
[    1.244494] ... MAX_LOCK_DEPTH:          48
[    1.249115] ... MAX_LOCKDEP_KEYS:        8192
[    1.253927] ... CLASSHASH_SIZE:          4096
[    1.259041] ... MAX_LOCKDEP_ENTRIES:     32768
[    1.264097] ... MAX_LOCKDEP_CHAINS:      65536
[    1.268965] ... CHAINHASH_SIZE:          32768
[    1.273861]  memory used by lock dependency info: 6365 kB
[    1.280169]  memory used for stack traces: 4224 kB
[    1.285451]  per task-struct memory footprint: 1920 bytes
[    1.296371] ACPI: Core revision 20200925
[    1.307729] clocksource: hpet: mask: 0xffffffff max_cycles: 0xffffffff, max_idle_ns: 19112604467 ns
[    1.322693] APIC: Switch to symmetric I/O mode setup
[    1.346714] ..TIMER: vector=0x30 apic1=0 pin1=2 apic2=-1 pin2=-1
[    1.353957] clocksource: tsc-early: mask: 0xffffffffffffffff max_cycles: 0x39a85afc727, max_idle_ns: 881590685098 ns
[    1.366480] Calibrating delay loop (skipped) preset value.. 3999.99 BogoMIPS (lpj=1999999)
[    1.369147] pid_max: default: 32768 minimum: 301
[    1.371548] LSM: Security Framework initializing
[    1.372612] Mount-cache hash table entries: 1024 (order: 1, 8192 bytes, linear)
[    1.373173] Mountpoint-cache hash table entries: 1024 (order: 1, 8192 bytes, linear)
[    1.389335] Last level iTLB entries: 4KB 0, 2MB 0, 4MB 0
[    1.390115] Last level dTLB entries: 4KB 0, 2MB 0, 4MB 0, 1GB 0
[    1.391357] Spectre V1 : Mitigation: usercopy/swapgs barriers and __user pointer sanitization
[    1.393117] Spectre V2 : Mitigation: Retpolines
[    1.394114] Spectre V2 : Spectre v2 / SpectreRSB mitigation: Filling RSB on context switch
[    1.396112] Spectre V2 : Spectre v2 / SpectreRSB : Filling RSB on VMEXIT
[    1.398113] Speculative Store Bypass: Vulnerable
[    1.400159] MDS: Vulnerable: Clear CPU buffers attempted, no microcode
[    1.401112] MMIO Stale Data: Unknown: No mitigations
[    1.473700] Freeing SMP alternatives memory: 40K
[    1.580874] smpboot: CPU0: Intel Common KVM processor (family: 0xf, model: 0x6, stepping: 0x1)
[    1.583758] calling  init_hw_perf_events+0x0/0x6ce @ 1
[    1.584179] Performance Events: unsupported Netburst CPU model 6 no PMU driver, software events only.
[    1.585122] initcall init_hw_perf_events+0x0/0x6ce returned 0 after 976 usecs
[    1.587142] RCU test callback executed 1
[    1.589136] calling  init_real_mode+0x0/0x1e9 @ 1
[    1.591261] initcall init_real_mode+0x0/0x1e9 returned 0 after 976 usecs
[    1.592160] calling  trace_init_perf_perm_irq_work_exit+0x0/0x12 @ 1
[    1.594153] initcall trace_init_perf_perm_irq_work_exit+0x0/0x12 returned 0 after 0 usecs
[    1.595125] calling  validate_x2apic+0x0/0x4a @ 1
[    1.596172] initcall validate_x2apic+0x0/0x4a returned 0 after 0 usecs
[    1.597136] calling  register_nmi_cpu_backtrace_handler+0x0/0x15 @ 1
[    1.598142] initcall register_nmi_cpu_backtrace_handler+0x0/0x15 returned 0 after 0 usecs
[    1.599120] calling  kvm_setup_vsyscall_timeinfo+0x0/0xce @ 1
[    1.601116] initcall kvm_setup_vsyscall_timeinfo+0x0/0xce returned 0 after 976 usecs
[    1.602118] calling  spawn_ksoftirqd+0x0/0x38 @ 1
[    1.603352] initcall spawn_ksoftirqd+0x0/0x38 returned 0 after 0 usecs
[    1.604117] calling  migration_init+0x0/0x31 @ 1
[    1.605152] initcall migration_init+0x0/0x31 returned 0 after 0 usecs
[    1.606117] calling  srcu_bootup_announce+0x0/0x2f @ 1
[    1.607126] rcu: Hierarchical SRCU implementation.
[    1.608116] initcall srcu_bootup_announce+0x0/0x2f returned 0 after 976 usecs
[    1.609116] calling  rcu_spawn_gp_kthread+0x0/0x1b0 @ 1
[    1.611238] initcall rcu_spawn_gp_kthread+0x0/0x1b0 returned 0 after 976 usecs
[    1.612116] calling  check_cpu_stall_init+0x0/0x1a @ 1
[    1.613117] initcall check_cpu_stall_init+0x0/0x1a returned 0 after 0 usecs
[    1.615177] calling  rcu_sysrq_init+0x0/0x21 @ 1
[    1.616177] initcall rcu_sysrq_init+0x0/0x21 returned 0 after 0 usecs
[    1.617126] RCU test callback executed 2
[    1.618116] calling  trace_init_flags_sys_enter+0x0/0xe @ 1
[    1.619117] initcall trace_init_flags_sys_enter+0x0/0xe returned 0 after 0 usecs
[    1.620115] calling  trace_init_flags_sys_exit+0x0/0xe @ 1
[    1.621115] initcall trace_init_flags_sys_exit+0x0/0xe returned 0 after 0 usecs
[    1.622126] calling  cpu_stop_init+0x0/0x8d @ 1
[    1.624363] initcall cpu_stop_init+0x0/0x8d returned 0 after 976 usecs
[    1.625116] calling  init_kprobes+0x0/0x16e @ 1
[    1.627693] initcall init_kprobes+0x0/0x16e returned 0 after 976 usecs
[    1.628116] calling  init_events+0x0/0x3d @ 1
[    1.629518] initcall init_events+0x0/0x3d returned 0 after 0 usecs
[    1.630115] calling  init_trace_printk+0x0/0xc @ 1
[    1.631115] initcall init_trace_printk+0x0/0xc returned 0 after 0 usecs
[    1.632114] calling  event_trace_enable_again+0x0/0x23 @ 1
[    1.633121] initcall event_trace_enable_again+0x0/0x23 returned 0 after 0 usecs
[    1.634114] calling  static_call_init+0x0/0x79 @ 1
[    1.635115] initcall static_call_init+0x0/0x79 returned 0 after 0 usecs
[    1.636118] calling  jump_label_init_module+0x0/0xc @ 1
[    1.637122] initcall jump_label_init_module+0x0/0xc returned 0 after 0 usecs
[    1.638118] calling  init_zero_pfn+0x0/0x37 @ 1
[    1.639118] initcall init_zero_pfn+0x0/0x37 returned 0 after 0 usecs
[    1.640122] calling  initialize_ptr_random+0x0/0x54 @ 1
[    1.641204] initcall initialize_ptr_random+0x0/0x54 returned 0 after 0 usecs
[    1.642130] calling  efi_memreserve_root_init+0x0/0x25 @ 1
[    1.643166] initcall efi_memreserve_root_init+0x0/0x25 returned 0 after 0 usecs
[    1.644116] calling  efi_earlycon_remap_fb+0x0/0x51 @ 1
[    1.645116] initcall efi_earlycon_remap_fb+0x0/0x51 returned 0 after 0 usecs
[    1.648061] smp: Bringing up secondary CPUs ...
[    1.650174] x86: Booting SMP configuration:
[    1.651134] .... node  #0, CPUs:      #1
[    1.202423] kvm-clock: cpu 1, msr e529041, secondary cpu clock
[    1.676520] kvm-guest: stealtime: cpu 1, msr 1f45bb40
[    1.691124]  #2
[    1.202423] kvm-clock: cpu 2, msr e529081, secondary cpu clock
[    1.713305] kvm-guest: stealtime: cpu 2, msr 1f49bb40
[    1.728848]  #3
[    1.202423] kvm-clock: cpu 3, msr e5290c1, secondary cpu clock
[    1.754403] kvm-guest: stealtime: cpu 3, msr 1f4dbb40
[    1.769818]  #4
[    1.202423] kvm-clock: cpu 4, msr e529101, secondary cpu clock
[    1.792312] kvm-guest: stealtime: cpu 4, msr 1f51bb40
[    1.808121]  #5
[    1.202423] kvm-clock: cpu 5, msr e529141, secondary cpu clock
[    1.831108] kvm-guest: stealtime: cpu 5, msr 1f55bb40
[    1.846056]  #6
[    1.202423] kvm-clock: cpu 6, msr e529181, secondary cpu clock
[    1.868322] kvm-guest: stealtime: cpu 6, msr 1f59bb40
[    1.882434]  #7
[    1.202423] kvm-clock: cpu 7, msr e5291c1, secondary cpu clock
[    1.905317] kvm-guest: stealtime: cpu 7, msr 1f5dbb40
[    1.920600] smp: Brought up 1 node, 8 CPUs
[    1.921119] smpboot: Max logical packages: 1
[    1.922116] smpboot: Total of 8 processors activated (31999.98 BogoMIPS)
[    1.941214] devtmpfs: initialized
[    1.945766] calling  ipc_ns_init+0x0/0x3d @ 1
[    1.946192] initcall ipc_ns_init+0x0/0x3d returned 0 after 0 usecs
[    1.947119] calling  init_mmap_min_addr+0x0/0x21 @ 1
[    1.948120] initcall init_mmap_min_addr+0x0/0x21 returned 0 after 0 usecs
[    1.949119] calling  pci_realloc_setup_params+0x0/0x3f @ 1
[    1.950120] initcall pci_realloc_setup_params+0x0/0x3f returned 0 after 0 usecs
[    1.951121] calling  net_ns_init+0x0/0x140 @ 1
[    1.953805] initcall net_ns_init+0x0/0x140 returned 0 after 976 usecs
[    1.954186] calling  e820__register_nvs_regions+0x0/0x37 @ 1
[    1.955125] initcall e820__register_nvs_regions+0x0/0x37 returned 0 after 0 usecs
[    1.956122] calling  cpufreq_register_tsc_scaling+0x0/0x2e @ 1
[    1.957120] initcall cpufreq_register_tsc_scaling+0x0/0x2e returned 0 after 0 usecs
[    1.958121] calling  reboot_init+0x0/0x3c @ 1
[    1.959164] initcall reboot_init+0x0/0x3c returned 0 after 0 usecs
[    1.960120] calling  init_lapic_sysfs+0x0/0x20 @ 1
[    1.961151] initcall init_lapic_sysfs+0x0/0x20 returned 0 after 0 usecs
[    1.963116] calling  alloc_frozen_cpus+0x0/0x7 @ 1
[    1.964120] initcall alloc_frozen_cpus+0x0/0x7 returned 0 after 0 usecs
[    1.965117] calling  cpu_hotplug_pm_sync_init+0x0/0x13 @ 1
[    1.966141] initcall cpu_hotplug_pm_sync_init+0x0/0x13 returned 0 after 0 usecs
[    1.967116] calling  wq_sysfs_init+0x0/0x2a @ 1
[    1.968338] initcall wq_sysfs_init+0x0/0x2a returned 0 after 0 usecs
[    1.970116] calling  ksysfs_init+0x0/0x92 @ 1
[    1.971172] initcall ksysfs_init+0x0/0x92 returned 0 after 0 usecs
[    1.972120] calling  schedutil_gov_init+0x0/0xc @ 1
[    1.973399] initcall schedutil_gov_init+0x0/0xc returned 0 after 0 usecs
[    1.974119] calling  pm_init+0x0/0x76 @ 1
[    1.975246] initcall pm_init+0x0/0x76 returned 0 after 0 usecs
[    1.976117] calling  pm_disk_init+0x0/0x13 @ 1
[    1.977246] initcall pm_disk_init+0x0/0x13 returned 0 after 0 usecs
[    1.978118] calling  swsusp_header_init+0x0/0x2b @ 1
[    1.979128] initcall swsusp_header_init+0x0/0x2b returned 0 after 0 usecs
[    1.980125] calling  rcu_set_runtime_mode+0x0/0x2a @ 1
[    1.985251] initcall rcu_set_runtime_mode+0x0/0x2a returned 0 after 3906 usecs
[    1.986124] calling  init_jiffies_clocksource+0x0/0x13 @ 1
[    1.987120] clocksource: jiffies: mask: 0xffffffff max_cycles: 0xffffffff, max_idle_ns: 1911260446275000 ns
[    1.988130] initcall init_jiffies_clocksource+0x0/0x13 returned 0 after 976 usecs
[    1.989125] calling  futex_init+0x0/0x118 @ 1
[    1.990137] futex hash table entries: 2048 (order: 6, 262144 bytes, linear)
[    1.993303] initcall futex_init+0x0/0x118 returned 0 after 2929 usecs
[    1.994121] calling  cgroup_wq_init+0x0/0x28 @ 1
[    1.995143] initcall cgroup_wq_init+0x0/0x28 returned 0 after 0 usecs
[    1.996117] calling  cgroup1_wq_init+0x0/0x28 @ 1
[    1.997144] initcall cgroup1_wq_init+0x0/0x28 returned 0 after 0 usecs
[    1.998118] calling  init_kprobe_trace_early+0x0/0x2a @ 1
[    1.999242] initcall init_kprobe_trace_early+0x0/0x2a returned 0 after 0 usecs
[    2.000124] calling  fsnotify_init+0x0/0x56 @ 1
[    2.001143] initcall fsnotify_init+0x0/0x56 returned 0 after 0 usecs
[    2.002362] calling  filelock_init+0x0/0xb3 @ 1
[    2.003829] initcall filelock_init+0x0/0xb3 returned 0 after 0 usecs
[    2.004121] calling  init_misc_binfmt+0x0/0x2c @ 1
[    2.005231] initcall init_misc_binfmt+0x0/0x2c returned 0 after 0 usecs
[    2.006126] calling  init_script_binfmt+0x0/0x15 @ 1
[    2.007127] initcall init_script_binfmt+0x0/0x15 returned 0 after 0 usecs
[    2.008124] calling  init_elf_binfmt+0x0/0x15 @ 1
[    2.009121] initcall init_elf_binfmt+0x0/0x15 returned 0 after 0 usecs
[    2.010117] calling  init_compat_elf_binfmt+0x0/0x15 @ 1
[    2.012118] initcall init_compat_elf_binfmt+0x0/0x15 returned 0 after 0 usecs
[    2.013120] calling  debugfs_init+0x0/0x5c @ 1
[    2.014166] initcall debugfs_init+0x0/0x5c returned 0 after 0 usecs
[    2.015118] calling  tracefs_init+0x0/0x3a @ 1
[    2.016128] initcall tracefs_init+0x0/0x3a returned 0 after 0 usecs
[    2.017122] calling  prandom_init_early+0x0/0x15d @ 1
[    2.018118] initcall prandom_init_early+0x0/0x15d returned 0 after 0 usecs
[    2.019303] calling  virtio_init+0x0/0x20 @ 1
[    2.021377] initcall virtio_init+0x0/0x20 returned 0 after 0 usecs
[    2.022118] calling  iommu_init+0x0/0x2a @ 1
[    2.023156] initcall iommu_init+0x0/0x2a returned 0 after 0 usecs
[    2.024118] calling  component_debug_init+0x0/0x1c @ 1
[    2.025488] initcall component_debug_init+0x0/0x1c returned 0 after 0 usecs
[    2.027118] calling  early_resume_init+0x0/0xb9 @ 1
[    2.029664] PM: RTC time: 06:38:14, date: 2022-12-13
[    2.030133] initcall early_resume_init+0x0/0xb9 returned 0 after 1953 usecs
[    2.031118] calling  cpufreq_core_init+0x0/0x62 @ 1
[    2.032128] initcall cpufreq_core_init+0x0/0x62 returned 0 after 0 usecs
[    2.033115] calling  cpufreq_gov_performance_init+0x0/0xc @ 1
[    2.034133] initcall cpufreq_gov_performance_init+0x0/0xc returned 0 after 0 usecs
[    2.036121] calling  cpufreq_gov_userspace_init+0x0/0xc @ 1
[    2.037126] initcall cpufreq_gov_userspace_init+0x0/0xc returned 0 after 0 usecs
[    2.038123] calling  CPU_FREQ_GOV_ONDEMAND_init+0x0/0xc @ 1
[    2.039126] initcall CPU_FREQ_GOV_ONDEMAND_init+0x0/0xc returned 0 after 0 usecs
[    2.041122] calling  cpuidle_init+0x0/0x1f @ 1
[    2.042167] initcall cpuidle_init+0x0/0x1f returned 0 after 0 usecs
[    2.043121] calling  capsule_reboot_register+0x0/0xc @ 1
[    2.044187] initcall capsule_reboot_register+0x0/0xc returned 0 after 0 usecs
[    2.045117] calling  sock_init+0x0/0x93 @ 1
[    2.048486] initcall sock_init+0x0/0x93 returned 0 after 1953 usecs
[    2.049120] calling  net_inuse_init+0x0/0x23 @ 1
[    2.050162] initcall net_inuse_init+0x0/0x23 returned 0 after 0 usecs
[    2.051116] calling  net_defaults_init+0x0/0x23 @ 1
[    2.052117] initcall net_defaults_init+0x0/0x23 returned 0 after 0 usecs
[    2.053115] calling  init_default_flow_dissectors+0x0/0x4f @ 1
[    2.054133] initcall init_default_flow_dissectors+0x0/0x4f returned 0 after 0 usecs
[    2.055116] calling  netpoll_init+0x0/0x44 @ 1
[    2.057115] initcall netpoll_init+0x0/0x44 returned 0 after 0 usecs
[    2.058116] calling  netlink_proto_init+0x0/0x154 @ 1
[    2.060376] NET: Registered protocol family 16
[    2.061394] initcall netlink_proto_init+0x0/0x154 returned 0 after 1953 usecs
[    2.062131] calling  genl_init+0x0/0x35 @ 1
[    2.063190] initcall genl_init+0x0/0x35 returned 0 after 0 usecs
[    2.064157] calling  bsp_pm_check_init+0x0/0x13 @ 1
[    2.065118] initcall bsp_pm_check_init+0x0/0x13 returned 0 after 0 usecs
[    2.066133] calling  irq_sysfs_init+0x0/0xb9 @ 1
[    2.068442] initcall irq_sysfs_init+0x0/0xb9 returned 0 after 976 usecs
[    2.069119] calling  audit_init+0x0/0x127 @ 1
[    2.070123] audit: initializing netlink subsys (disabled)
[    2.074636] initcall audit_init+0x0/0x127 returned 0 after 3906 usecs
[    2.074391] audit: type=2000 audit(1670913493.439:1): state=initialized audit_enabled=0 res=1
[    2.075119] calling  release_early_probes+0x0/0x32 @ 1
[    2.077121] initcall release_early_probes+0x0/0x32 returned 0 after 0 usecs
[    2.078118] calling  bdi_class_init+0x0/0x48 @ 1
[    2.079181] initcall bdi_class_init+0x0/0x48 returned 0 after 0 usecs
[    2.080117] calling  mm_sysfs_init+0x0/0x28 @ 1
[    2.081129] initcall mm_sysfs_init+0x0/0x28 returned 0 after 0 usecs
[    2.082119] calling  init_per_zone_wmark_min+0x0/0x6d @ 1
[    2.083171] initcall init_per_zone_wmark_min+0x0/0x6d returned 0 after 0 usecs
[    2.084118] calling  mpi_init+0x0/0x3e @ 1
[    2.085150] initcall mpi_init+0x0/0x3e returned 0 after 0 usecs
[    2.086118] calling  kobject_uevent_init+0x0/0xc @ 1
[    2.087166] initcall kobject_uevent_init+0x0/0xc returned 0 after 0 usecs
[    2.088117] calling  pcibus_class_init+0x0/0x13 @ 1
[    2.089176] initcall pcibus_class_init+0x0/0x13 returned 0 after 0 usecs
[    2.090150] calling  pci_driver_init+0x0/0x21 @ 1
[    2.091199] initcall pci_driver_init+0x0/0x21 returned 0 after 0 usecs
[    2.092118] calling  backlight_class_init+0x0/0xa8 @ 1
[    2.093153] initcall backlight_class_init+0x0/0xa8 returned 0 after 0 usecs
[    2.094118] calling  tty_class_init+0x0/0x33 @ 1
[    2.095136] initcall tty_class_init+0x0/0x33 returned 0 after 0 usecs
[    2.096120] calling  vtconsole_class_init+0x0/0xb5 @ 1
[    2.097301] initcall vtconsole_class_init+0x0/0xb5 returned 0 after 0 usecs
[    2.098118] calling  iommu_dev_init+0x0/0x13 @ 1
[    2.099182] initcall iommu_dev_init+0x0/0x13 returned 0 after 0 usecs
[    2.100117] calling  mipi_dsi_bus_init+0x0/0xc @ 1
[    2.101190] initcall mipi_dsi_bus_init+0x0/0xc returned 0 after 0 usecs
[    2.102118] calling  devlink_class_init+0x0/0x40 @ 1
[    2.103160] initcall devlink_class_init+0x0/0x40 returned 0 after 0 usecs
[    2.104117] calling  software_node_init+0x0/0x2a @ 1
[    2.105124] initcall software_node_init+0x0/0x2a returned 0 after 0 usecs
[    2.106116] calling  wakeup_sources_debugfs_init+0x0/0x23 @ 1
[    2.107190] initcall wakeup_sources_debugfs_init+0x0/0x23 returned 0 after 0 usecs
[    2.108117] calling  wakeup_sources_sysfs_init+0x0/0x2c @ 1
[    2.109142] initcall wakeup_sources_sysfs_init+0x0/0x2c returned 0 after 0 usecs
[    2.110116] calling  register_node_type+0x0/0x13 @ 1
[    2.111199] initcall register_node_type+0x0/0x13 returned 0 after 0 usecs
[    2.112116] calling  regmap_initcall+0x0/0xc @ 1
[    2.113251] initcall regmap_initcall+0x0/0xc returned 0 after 0 usecs
[    2.114116] calling  i2c_init+0x0/0xb3 @ 1
[    2.116295] initcall i2c_init+0x0/0xb3 returned 0 after 976 usecs
[    2.117115] calling  thermal_init+0x0/0x116 @ 1
[    2.118255] thermal_sys: Registered thermal governor 'step_wise'
[    2.118258] thermal_sys: Registered thermal governor 'user_space'
[    2.119134] initcall thermal_init+0x0/0x116 returned 0 after 976 usecs
[    2.121115] calling  init_menu+0x0/0xc @ 1
[    2.122282] cpuidle: using governor menu
[    2.123116] initcall init_menu+0x0/0xc returned 0 after 976 usecs
[    2.124115] calling  pcc_init+0x0/0x4d @ 1
[    2.125117] initcall pcc_init+0x0/0x4d returned -19 after 0 usecs
[    2.126117] calling  amd_postcore_init+0x0/0x11e @ 1
[    2.127117] initcall amd_postcore_init+0x0/0x11e returned 0 after 0 usecs
[    2.128134] calling  bts_init+0x0/0xba @ 1
[    2.129116] initcall bts_init+0x0/0xba returned -19 after 0 usecs
[    2.130114] calling  pt_init+0x0/0x34d @ 1
[    2.131115] initcall pt_init+0x0/0x34d returned -19 after 0 usecs
[    2.132115] calling  boot_params_ksysfs_init+0x0/0x2ee @ 1
[    2.133184] initcall boot_params_ksysfs_init+0x0/0x2ee returned 0 after 0 usecs
[    2.134116] calling  sbf_init+0x0/0xea @ 1
[    2.135115] initcall sbf_init+0x0/0xea returned 0 after 0 usecs
[    2.136114] calling  arch_kdebugfs_init+0x0/0x219 @ 1
[    2.139313] initcall arch_kdebugfs_init+0x0/0x219 returned 0 after 1953 usecs
[    2.140254] calling  intel_pconfig_init+0x0/0x85 @ 1
[    2.141120] initcall intel_pconfig_init+0x0/0x85 returned 0 after 0 usecs
[    2.142118] calling  mtrr_if_init+0x0/0x5d @ 1
[    2.143132] initcall mtrr_if_init+0x0/0x5d returned 0 after 0 usecs
[    2.144119] calling  activate_jump_labels+0x0/0x31 @ 1
[    2.145120] initcall activate_jump_labels+0x0/0x31 returned 0 after 0 usecs
[    2.146120] calling  ffh_cstate_init+0x0/0x29 @ 1
[    2.147124] initcall ffh_cstate_init+0x0/0x29 returned 0 after 0 usecs
[    2.148118] calling  activate_jump_labels+0x0/0x31 @ 1
[    2.155036] initcall activate_jump_labels+0x0/0x31 returned 0 after 4882 usecs
[    2.155121] calling  kvm_alloc_cpumask+0x0/0x74 @ 1
[    2.156172] initcall kvm_alloc_cpumask+0x0/0x74 returned 0 after 0 usecs
[    2.157118] calling  kcmp_cookies_init+0x0/0x37 @ 1
[    2.158126] initcall kcmp_cookies_init+0x0/0x37 returned 0 after 0 usecs
[    2.159118] calling  cryptomgr_init+0x0/0xc @ 1
[    2.160341] initcall cryptomgr_init+0x0/0xc returned 0 after 0 usecs
[    2.161120] calling  acpi_pci_init+0x0/0x57 @ 1
[    2.163127] ACPI: bus type PCI registered
[    2.164122] initcall acpi_pci_init+0x0/0x57 returned 0 after 1953 usecs
[    2.165120] calling  dma_channel_table_init+0x0/0xd1 @ 1
[    2.166138] initcall dma_channel_table_init+0x0/0xd1 returned 0 after 0 usecs
[    2.168117] calling  dma_bus_init+0x0/0xdc @ 1
[    2.170686] initcall dma_bus_init+0x0/0xdc returned 0 after 976 usecs
[    2.171971] calling  iommu_dma_init+0x0/0x10 @ 1
[    2.174141] initcall iommu_dma_init+0x0/0x10 returned 0 after 976 usecs
[    2.175119] calling  dmi_id_init+0x0/0x37c @ 1
[    2.177706] initcall dmi_id_init+0x0/0x37c returned 0 after 976 usecs
[    2.178120] calling  pci_arch_init+0x0/0x71 @ 1
[    2.181522] PCI: MMCONFIG for domain 0000 [bus 00-ff] at [mem 0xb0000000-0xbfffffff] (base 0xb0000000)
[    2.182121] PCI: MMCONFIG at [mem 0xb0000000-0xbfffffff] reserved in E820
[    2.184189] PCI: Using configuration type 1 for base access
[    2.185344] initcall pci_arch_init+0x0/0x71 returned 0 after 5859 usecs
[    2.186137] calling  init_vdso+0x0/0x13 @ 1
[    2.187242] initcall init_vdso+0x0/0x13 returned 0 after 0 usecs
[    2.188117] calling  sysenter_setup+0x0/0x13 @ 1
[    2.189287] initcall sysenter_setup+0x0/0x13 returned 0 after 0 usecs
[    2.192116] calling  fixup_ht_bug+0x0/0xe5 @ 1
[    2.193121] initcall fixup_ht_bug+0x0/0xe5 returned 0 after 0 usecs
[    2.194119] calling  topology_init+0x0/0x88 @ 1
[    2.195908] initcall topology_init+0x0/0x88 returned 0 after 0 usecs
[    2.196120] calling  intel_epb_init+0x0/0x68 @ 1
[    2.197119] initcall intel_epb_init+0x0/0x68 returned -19 after 0 usecs
[    2.198119] calling  mtrr_init_finialize+0x0/0x3e @ 1
[    2.199125] initcall mtrr_init_finialize+0x0/0x3e returned 0 after 0 usecs
[    2.200119] calling  uid_cache_init+0x0/0x85 @ 1
[    2.201155] initcall uid_cache_init+0x0/0x85 returned 0 after 0 usecs
[    2.202117] calling  param_sysfs_init+0x0/0x1ba @ 1
[    2.222652] initcall param_sysfs_init+0x0/0x1ba returned 0 after 18554 usecs
[    2.223164] calling  user_namespace_sysctl_init+0x0/0x33 @ 1
[    2.224142] initcall user_namespace_sysctl_init+0x0/0x33 returned 0 after 0 usecs
[    2.225124] calling  proc_schedstat_init+0x0/0x24 @ 1
[    2.226134] initcall proc_schedstat_init+0x0/0x24 returned 0 after 0 usecs
[    2.227121] calling  pm_sysrq_init+0x0/0x18 @ 1
[    2.229216] initcall pm_sysrq_init+0x0/0x18 returned 0 after 976 usecs
[    2.232252] calling  create_proc_profile+0x0/0xd0 @ 1
[    2.233160] initcall create_proc_profile+0x0/0xd0 returned 0 after 0 usecs
[    2.234119] calling  time_ns_init+0x0/0x7 @ 1
[    2.235118] initcall time_ns_init+0x0/0x7 returned 0 after 0 usecs
[    2.236117] calling  crash_save_vmcoreinfo_init+0x0/0x722 @ 1
[    2.237205] initcall crash_save_vmcoreinfo_init+0x0/0x722 returned 0 after 0 usecs
[    2.238118] calling  crash_notes_memory_init+0x0/0x35 @ 1
[    2.240127] initcall crash_notes_memory_init+0x0/0x35 returned 0 after 0 usecs
[    2.241117] calling  cgroup_sysfs_init+0x0/0x13 @ 1
[    2.242153] initcall cgroup_sysfs_init+0x0/0x13 returned 0 after 0 usecs
[    2.243118] calling  cgroup_namespaces_init+0x0/0x7 @ 1
[    2.244118] initcall cgroup_namespaces_init+0x0/0x7 returned 0 after 0 usecs
[    2.245118] calling  init_optprobes+0x0/0x13 @ 1
[    2.247131] Kprobes globally optimized
[    2.248119] initcall init_optprobes+0x0/0x13 returned 0 after 1953 usecs
[    2.249118] calling  oom_init+0x0/0x2f @ 1
[    2.252361] initcall oom_init+0x0/0x2f returned 0 after 1953 usecs
[    2.253119] calling  default_bdi_init+0x0/0xb3 @ 1
[    2.255423] initcall default_bdi_init+0x0/0xb3 returned 0 after 976 usecs
[    2.257115] calling  percpu_enable_async+0x0/0xe @ 1
[    2.258117] initcall percpu_enable_async+0x0/0xe returned 0 after 0 usecs
[    2.259117] calling  kcompactd_init+0x0/0x8d @ 1
[    2.262114] initcall kcompactd_init+0x0/0x8d returned 0 after 1953 usecs
[    2.263182] calling  init_user_reserve+0x0/0x40 @ 1
[    2.264117] initcall init_user_reserve+0x0/0x40 returned 0 after 0 usecs
[    2.265116] calling  init_admin_reserve+0x0/0x40 @ 1
[    2.266119] initcall init_admin_reserve+0x0/0x40 returned 0 after 0 usecs
[    2.267119] calling  init_reserve_notifier+0x0/0x7 @ 1
[    2.268123] initcall init_reserve_notifier+0x0/0x7 returned 0 after 0 usecs
[    2.269117] calling  swap_init_sysfs+0x0/0x62 @ 1
[    2.270134] initcall swap_init_sysfs+0x0/0x62 returned 0 after 0 usecs
[    2.271117] calling  swapfile_init+0x0/0x94 @ 1
[    2.272124] initcall swapfile_init+0x0/0x94 returned 0 after 0 usecs
[    2.273117] calling  hugetlb_init+0x0/0x499 @ 1
[    2.274121] HugeTLB registered 2.00 MiB page size, pre-allocated 0 pages
[    2.275198] initcall hugetlb_init+0x0/0x499 returned 0 after 976 usecs
[    2.276118] calling  io_wq_init+0x0/0x34 @ 1
[    2.277120] initcall io_wq_init+0x0/0x34 returned 0 after 0 usecs
[    2.278120] calling  seqiv_module_init+0x0/0xc @ 1
[    2.279266] initcall seqiv_module_init+0x0/0xc returned 0 after 0 usecs
[    2.280119] calling  echainiv_module_init+0x0/0xc @ 1
[    2.281120] initcall echainiv_module_init+0x0/0xc returned 0 after 0 usecs
[    2.282176] calling  rsa_init+0x0/0x50 @ 1
[    2.284669] initcall rsa_init+0x0/0x50 returned 0 after 976 usecs
[    2.284669] cryptomgr_test (61) used greatest stack depth: 14864 bytes left
[    2.285123] calling  crypto_cmac_module_init+0x0/0xc @ 1
[    2.292106] initcall crypto_cmac_module_init+0x0/0xc returned 0 after 1953 usecs
[    2.295402] calling  hmac_module_init+0x0/0xc @ 1
[    2.296131] initcall hmac_module_init+0x0/0xc returned 0 after 0 usecs
[    2.297121] calling  crypto_null_mod_init+0x0/0x65 @ 1
[    2.332294] initcall crypto_null_mod_init+0x0/0x65 returned 0 after 33203 usecs
[    2.333124] calling  md5_mod_init+0x0/0xc @ 1
[    2.340666] initcall md5_mod_init+0x0/0xc returned 0 after 5859 usecs
[    2.341124] calling  sha256_generic_mod_init+0x0/0x11 @ 1
[    2.353976] initcall sha256_generic_mod_init+0x0/0x11 returned 0 after 11718 usecs
[    2.364137] calling  crypto_cbc_module_init+0x0/0xc @ 1
[    2.371287] initcall crypto_cbc_module_init+0x0/0xc returned 0 after 0 usecs
[    2.381122] calling  crypto_ctr_module_init+0x0/0x11 @ 1
[    2.388271] initcall crypto_ctr_module_init+0x0/0x11 returned 0 after 0 usecs
[    2.397121] calling  crypto_gcm_module_init+0x0/0x64 @ 1
[    2.404931] initcall crypto_gcm_module_init+0x0/0x64 returned 0 after 0 usecs
[    2.413133] calling  crypto_ccm_module_init+0x0/0x11 @ 1
[    2.420121] initcall crypto_ccm_module_init+0x0/0x11 returned 0 after 0 usecs
[    2.428117] calling  aes_init+0x0/0xc @ 1
[    2.435127] initcall aes_init+0x0/0xc returned 0 after 1953 usecs
[    2.442382] calling  crc32c_mod_init+0x0/0xc @ 1
[    2.451168] initcall crc32c_mod_init+0x0/0xc returned 0 after 2929 usecs
[    2.460119] calling  crypto_authenc_module_init+0x0/0xc @ 1
[    2.467129] initcall crypto_authenc_module_init+0x0/0xc returned 0 after 0 usecs
[    2.476119] calling  crypto_authenc_esn_module_init+0x0/0xc @ 1
[    2.482121] initcall crypto_authenc_esn_module_init+0x0/0xc returned 0 after 0 usecs
[    2.491118] calling  drbg_init+0x0/0x7c @ 1
[    2.505276] initcall drbg_init+0x0/0x7c returned 0 after 8789 usecs
[    2.513283] calling  ghash_mod_init+0x0/0xc @ 1
[    2.519318] initcall ghash_mod_init+0x0/0xc returned 0 after 1953 usecs
[    2.527121] calling  init_bio+0x0/0x9a @ 1
[    2.533390] initcall init_bio+0x0/0x9a returned 0 after 1953 usecs
[    2.541117] calling  blk_settings_init+0x0/0x29 @ 1
[    2.546152] initcall blk_settings_init+0x0/0x29 returned 0 after 0 usecs
[    2.554119] calling  blk_ioc_init+0x0/0x29 @ 1
[    2.559125] initcall blk_ioc_init+0x0/0x29 returned 0 after 0 usecs
[    2.566117] calling  blk_mq_init+0x0/0xb9 @ 1
[    2.571180] initcall blk_mq_init+0x0/0xb9 returned 0 after 0 usecs
[    2.578119] calling  genhd_device_init+0x0/0x75 @ 1
[    2.586687] initcall genhd_device_init+0x0/0x75 returned 0 after 2929 usecs
[    2.594411] calling  pci_slot_init+0x0/0x40 @ 1
[    2.599718] initcall pci_slot_init+0x0/0x40 returned 0 after 0 usecs
[    2.608119] calling  fbmem_init+0x0/0xd8 @ 1
[    2.613594] initcall fbmem_init+0x0/0xd8 returned 0 after 976 usecs
[    2.621117] calling  acpi_init+0x0/0x319 @ 1
[    2.627236] ACPI: Added _OSI(Module Device)
[    2.632118] ACPI: Added _OSI(Processor Device)
[    2.638117] ACPI: Added _OSI(3.0 _SCP Extensions)
[    2.644116] ACPI: Added _OSI(Processor Aggregator Device)
[    2.650119] ACPI: Added _OSI(Linux-Dell-Video)
[    2.656117] ACPI: Added _OSI(Linux-Lenovo-NV-HDMI-Audio)
[    2.662117] ACPI: Added _OSI(Linux-HPI-Hybrid-Graphics)
[    2.672891] ACPI: 1 ACPI AML tables successfully acquired and loaded
[    2.687830] ACPI: Interpreter enabled
[    2.693383] ACPI: (supports S0 S3 S4 S5)
[    2.698185] ACPI: Using IOAPIC for interrupt routing
[    2.704338] PCI: Using host bridge windows from ACPI; if necessary, use "pci=nocrs" and report a bug
[    2.715908] ACPI: Enabled 2 GPEs in block 00 to 3F
[    2.733789] ACPI: PCI Root Bridge [PCI0] (domain 0000 [bus 00-ff])
[    2.742253] acpi PNP0A08:00: _OSC: OS supports [ExtendedConfig ASPM ClockPM Segments MSI HPX-Type3]
[    2.752447] acpi PNP0A08:00: _OSC: platform does not support [LTR]
[    2.760387] acpi PNP0A08:00: _OSC: OS now controls [PME PCIeCapability]
[    2.768465] PCI host bridge to bus 0000:00
[    2.774132] pci_bus 0000:00: root bus resource [io  0x0000-0x0cf7 window]
[    2.782115] pci_bus 0000:00: root bus resource [io  0x0d00-0xffff window]
[    2.790115] pci_bus 0000:00: root bus resource [mem 0x000a0000-0x000bffff window]
[    2.798112] pci_bus 0000:00: root bus resource [mem 0x20000000-0xafffffff window]
[    2.807118] pci_bus 0000:00: root bus resource [mem 0xc0000000-0xfebfffff window]
[    2.816117] pci_bus 0000:00: root bus resource [mem 0x100000000-0x8ffffffff window]
[    2.825118] pci_bus 0000:00: root bus resource [bus 00-ff]
[    2.832122] pci 0000:00:00.0: calling  quirk_mmio_always_on+0x0/0x10 @ 1
[    2.841228] pci 0000:00:00.0: quirk_mmio_always_on+0x0/0x10 took 0 usecs
[    2.850118] pci 0000:00:00.0: [8086:29c0] type 00 class 0x060000
[    2.856959] pci 0000:00:00.0: calling  quirk_igfx_skip_te_disable+0x0/0x80 @ 1
[    2.867177] pci 0000:00:00.0: quirk_igfx_skip_te_disable+0x0/0x80 took 0 usecs
[    2.878197] pci 0000:00:01.0: [1234:1111] type 00 class 0x030000
[    2.898106] pci 0000:00:01.0: reg 0x10: [mem 0xfd000000-0xfdffffff pref]
[    2.929106] pci 0000:00:01.0: reg 0x18: [mem 0xfebf0000-0xfebf0fff]
[    2.982106] pci 0000:00:01.0: reg 0x30: [mem 0xfebe0000-0xfebeffff pref]
[    3.010106] pci 0000:00:01.0: calling  efifb_fixup_resources+0x0/0xf0 @ 1
[    3.021181] pci 0000:00:01.0: efifb_fixup_resources+0x0/0xf0 took 0 usecs
[    3.063412] pci 0000:00:1f.0: [8086:2918] type 00 class 0x060100
[    3.076015] pci 0000:00:1f.0: calling  quirk_ich7_lpc+0x0/0x60 @ 1
[    3.085340] pci 0000:00:1f.0: quirk: [io  0x0600-0x067f] claimed by ICH6 ACPI/GPIO/TCO
[    3.094626] pci 0000:00:1f.0: quirk_ich7_lpc+0x0/0x60 took 12695 usecs
[    3.101106] pci 0000:00:1f.0: calling  quirk_igfx_skip_te_disable+0x0/0x80 @ 1
[    3.109118] pci 0000:00:1f.0: quirk_igfx_skip_te_disable+0x0/0x80 took 0 usecs
[    3.121827] pci 0000:00:1f.2: [8086:2922] type 00 class 0x010601
[    3.124117] pci 0000:00:1f.2: reg 0x20: [io  0xc040-0xc05f]
[    3.134516] pci 0000:00:1f.2: reg 0x24: [mem 0xfebf1000-0xfebf1fff]
[    3.147149] pci 0000:00:1f.2: calling  quirk_igfx_skip_te_disable+0x0/0x80 @ 1
[    3.157123] pci 0000:00:1f.2: quirk_igfx_skip_te_disable+0x0/0x80 took 0 usecs
[    3.169471] pci 0000:00:1f.3: [8086:2930] type 00 class 0x0c0500
[    3.183788] pci 0000:00:1f.3: reg 0x20: [io  0x0700-0x073f]
[    3.192907] pci 0000:00:1f.3: calling  quirk_igfx_skip_te_disable+0x0/0x80 @ 1
[    3.202122] pci 0000:00:1f.3: quirk_igfx_skip_te_disable+0x0/0x80 took 0 usecs
[    3.222767] ACPI: PCI Interrupt Link [LNKA] (IRQs 5 *10 11)
[    3.230571] ACPI: PCI Interrupt Link [LNKB] (IRQs 5 *10 11)
[    3.238299] ACPI: PCI Interrupt Link [LNKC] (IRQs 5 10 *11)
[    3.246195] ACPI: PCI Interrupt Link [LNKD] (IRQs 5 10 *11)
[    3.254677] ACPI: PCI Interrupt Link [LNKE] (IRQs 5 *10 11)
[    3.261725] ACPI: PCI Interrupt Link [LNKF] (IRQs 5 *10 11)
[    3.269771] ACPI: PCI Interrupt Link [LNKG] (IRQs 5 10 *11)
[    3.277491] ACPI: PCI Interrupt Link [LNKH] (IRQs 5 10 *11)
[    3.285339] ACPI: PCI Interrupt Link [GSIA] (IRQs *16)
[    3.291159] ACPI: PCI Interrupt Link [GSIB] (IRQs *17)
[    3.298174] ACPI: PCI Interrupt Link [GSIC] (IRQs *18)
[    3.306175] ACPI: PCI Interrupt Link [GSID] (IRQs *19)
[    3.313135] ACPI: PCI Interrupt Link [GSIE] (IRQs *20)
[    3.321175] ACPI: PCI Interrupt Link [GSIF] (IRQs *21)
[    3.328156] ACPI: PCI Interrupt Link [GSIG] (IRQs *22)
[    3.334153] ACPI: PCI Interrupt Link [GSIH] (IRQs *23)
[    3.343778] initcall acpi_init+0x0/0x319 returned 0 after 701171 usecs
[    3.352246] calling  pnp_init+0x0/0xc @ 1
[    3.356193] initcall pnp_init+0x0/0xc returned 0 after 976 usecs
[    3.364120] calling  misc_init+0x0/0xbf @ 1
[    3.369421] initcall misc_init+0x0/0xbf returned 0 after 0 usecs
[    3.376186] calling  iommu_subsys_init+0x0/0x4e @ 1
[    3.382199] iommu: Default domain type: Translated 
[    3.388118] initcall iommu_subsys_init+0x0/0x4e returned 0 after 5859 usecs
[    3.396119] calling  vga_arb_device_init+0x0/0x261 @ 1
[    3.404264] pci 0000:00:01.0: vgaarb: setting as boot VGA device
[    3.405106] pci 0000:00:01.0: vgaarb: VGA device added: decodes=io+mem,owns=io+mem,locks=none
[    3.423124] pci 0000:00:01.0: vgaarb: bridge control possible
[    3.430115] vgaarb: loaded
[    3.434119] initcall vga_arb_device_init+0x0/0x261 returned 0 after 31250 usecs
[    3.442226] calling  cn_init+0x0/0xf0 @ 1
[    3.447475] initcall cn_init+0x0/0xf0 returned 0 after 976 usecs
[    3.455119] calling  dma_buf_init+0x0/0xad @ 1
[    3.461561] initcall dma_buf_init+0x0/0xad returned 0 after 976 usecs
[    3.471120] calling  dma_resv_lockdep+0x0/0x281 @ 1
[    3.477162] initcall dma_resv_lockdep+0x0/0x281 returned 0 after 0 usecs
[    3.485118] calling  init_scsi+0x0/0x79 @ 1
[    3.490871] SCSI subsystem initialized
[    3.496136] initcall init_scsi+0x0/0x79 returned 0 after 5859 usecs
[    3.502118] calling  ata_init+0x0/0x332 @ 1
[    3.508371] libata version 3.00 loaded.
[    3.513119] initcall ata_init+0x0/0x332 returned 0 after 5859 usecs
[    3.520115] calling  phy_init+0x0/0x250 @ 1
[    3.525210] initcall phy_init+0x0/0x250 returned 0 after 976 usecs
[    3.533116] calling  init_pcmcia_cs+0x0/0x35 @ 1
[    3.538263] initcall init_pcmcia_cs+0x0/0x35 returned 0 after 0 usecs
[    3.546115] calling  usb_common_init+0x0/0x1c @ 1
[    3.551127] initcall usb_common_init+0x0/0x1c returned 0 after 0 usecs
[    3.559115] calling  usb_init+0x0/0x12e @ 1
[    3.564259] ACPI: bus type USB registered
[    3.569173] usbcore: registered new interface driver usbfs
[    3.576208] usbcore: registered new interface driver hub
[    3.582143] usbcore: registered new device driver usb
[    3.588119] initcall usb_init+0x0/0x12e returned 0 after 23437 usecs
[    3.596115] calling  serio_init+0x0/0x29 @ 1
[    3.601241] initcall serio_init+0x0/0x29 returned 0 after 0 usecs
[    3.608144] calling  input_init+0x0/0xf6 @ 1
[    3.613199] initcall input_init+0x0/0xf6 returned 0 after 0 usecs
[    3.620115] calling  rtc_init+0x0/0x4d @ 1
[    3.625127] initcall rtc_init+0x0/0x4d returned 0 after 0 usecs
[    3.632113] calling  pps_init+0x0/0xa9 @ 1
[    3.637143] pps_core: LinuxPPS API ver. 1 registered
[    3.643113] pps_core: Software ver. 5.3.6 - Copyright 2005-2007 Rodolfo Giometti <giometti@linux.it>
[    3.654116] initcall pps_init+0x0/0xa9 returned 0 after 16601 usecs
[    3.661114] calling  ptp_init+0x0/0x98 @ 1
[    3.666130] PTP clock support registered
[    3.671114] initcall ptp_init+0x0/0x98 returned 0 after 4882 usecs
[    3.678114] calling  power_supply_class_init+0x0/0x3f @ 1
[    3.684334] initcall power_supply_class_init+0x0/0x3f returned 0 after 0 usecs
[    3.693115] calling  hwmon_init+0x0/0x104 @ 1
[    3.698132] initcall hwmon_init+0x0/0x104 returned 0 after 0 usecs
[    3.706114] calling  md_init+0x0/0x16b @ 1
[    3.711385] initcall md_init+0x0/0x16b returned 0 after 976 usecs
[    3.719116] calling  leds_init+0x0/0x3b @ 1
[    3.724139] initcall leds_init+0x0/0x3b returned 0 after 0 usecs
[    3.731115] calling  dmi_init+0x0/0x113 @ 1
[    3.736300] initcall dmi_init+0x0/0x113 returned 0 after 0 usecs
[    3.743115] calling  efisubsys_init+0x0/0x4e7 @ 1
[    3.748137] initcall efisubsys_init+0x0/0x4e7 returned 0 after 0 usecs
[    3.756115] calling  nvmem_init+0x0/0xc @ 1
[    3.761199] initcall nvmem_init+0x0/0xc returned 0 after 0 usecs
[    3.768121] calling  init_soundcore+0x0/0x33 @ 1
[    3.773154] initcall init_soundcore+0x0/0x33 returned 0 after 0 usecs
[    3.781116] calling  alsa_sound_init+0x0/0x8f @ 1
[    3.786321] Advanced Linux Sound Architecture Driver Initialized.
[    3.794116] initcall alsa_sound_init+0x0/0x8f returned 0 after 7812 usecs
[    3.802117] calling  alsa_seq_device_init+0x0/0x71 @ 1
[    3.808168] initcall alsa_seq_device_init+0x0/0x71 returned 0 after 0 usecs
[    3.816115] calling  hda_bus_init+0x0/0xc @ 1
[    3.821161] initcall hda_bus_init+0x0/0xc returned 0 after 0 usecs
[    3.828115] calling  proto_init+0x0/0xc @ 1
[    3.833155] initcall proto_init+0x0/0xc returned 0 after 0 usecs
[    3.838114] calling  net_dev_init+0x0/0x27f @ 1
[    3.846897] initcall net_dev_init+0x0/0x27f returned 0 after 2929 usecs
[    3.857123] calling  neigh_init+0x0/0x84 @ 1
[    3.863149] initcall neigh_init+0x0/0x84 returned 0 after 0 usecs
[    3.871118] calling  fib_notifier_init+0x0/0xc @ 1
[    3.876144] initcall fib_notifier_init+0x0/0xc returned 0 after 0 usecs
[    3.884117] calling  fib_rules_init+0x0/0xab @ 1
[    3.890186] initcall fib_rules_init+0x0/0xab returned 0 after 0 usecs
[    3.898118] calling  pktsched_init+0x0/0x10e @ 1
[    3.904230] initcall pktsched_init+0x0/0x10e returned 0 after 0 usecs
[    3.912119] calling  tc_filter_init+0x0/0xfa @ 1
[    3.917195] initcall tc_filter_init+0x0/0xfa returned 0 after 0 usecs
[    3.925118] calling  tc_action_init+0x0/0x54 @ 1
[    3.930129] initcall tc_action_init+0x0/0x54 returned 0 after 0 usecs
[    3.939121] calling  ethnl_init+0x0/0x52 @ 1
[    3.944240] initcall ethnl_init+0x0/0x52 returned 0 after 976 usecs
[    3.952132] calling  nexthop_init+0x0/0xd8 @ 1
[    3.957384] initcall nexthop_init+0x0/0xd8 returned 0 after 976 usecs
[    3.965148] calling  cipso_v4_init+0x0/0x8d @ 1
[    3.971256] initcall cipso_v4_init+0x0/0x8d returned 0 after 0 usecs
[    3.979119] calling  ieee80211_init+0x0/0x24 @ 1
[    3.984428] initcall ieee80211_init+0x0/0x24 returned 0 after 976 usecs
[    3.994121] calling  netlbl_init+0x0/0x78 @ 1
[    4.001137] NetLabel: Initializing
[    4.007118] NetLabel:  domain hash size = 128
[    4.013118] NetLabel:  protocols = UNLABELED CIPSOv4 CALIPSO
[    4.022292] NetLabel:  unlabeled traffic allowed by default
[    4.029131] initcall netlbl_init+0x0/0x78 returned 0 after 27343 usecs
[    4.039129] calling  rfkill_init+0x0/0x136 @ 1
[    4.048251] initcall rfkill_init+0x0/0x136 returned 0 after 1953 usecs
[    4.058128] calling  pci_subsys_init+0x0/0x66 @ 1
[    4.065177] PCI: Using ACPI for IRQ routing
[    4.764617] PCI: pci_cache_line_size set to 64 bytes
[    4.773688] e820: reserve RAM buffer [mem 0x0009fc00-0x0009ffff]
[    4.785509] e820: reserve RAM buffer [mem 0x1ffdf000-0x1fffffff]
[    4.794705] initcall pci_subsys_init+0x0/0x66 returned 0 after 711914 usecs
[    4.806172] calling  nmi_warning_debugfs+0x0/0x26 @ 1
[    4.813295] initcall nmi_warning_debugfs+0x0/0x26 returned 0 after 976 usecs
[    4.822120] calling  save_microcode_in_initrd+0x0/0x51 @ 1
[    4.828304] initcall save_microcode_in_initrd+0x0/0x51 returned 0 after 0 usecs
[    4.837132] calling  hpet_late_init+0x0/0x207 @ 1
[    4.842534] hpet: 3 channels of 0 reserved for per-cpu timers
[    4.849388] hpet0: at MMIO 0xfed00000, IRQs 2, 8, 0
[    4.855114] hpet0: 3 comparators, 64-bit 100.000000 MHz counter
[    4.867119] initcall hpet_late_init+0x0/0x207 returned 0 after 24414 usecs
[    4.875118] calling  init_amd_nbs+0x0/0x11c @ 1
[    4.881216] initcall init_amd_nbs+0x0/0x11c returned 0 after 0 usecs
[    4.888119] calling  clocksource_done_booting+0x0/0x43 @ 1
[    4.897701] clocksource: Switched to clocksource kvm-clock
[    4.904572] initcall clocksource_done_booting+0x0/0x43 returned 0 after 9237 usecs
[    4.913234] calling  tracer_init_tracefs+0x0/0x248 @ 1
[    5.181415] initcall tracer_init_tracefs+0x0/0x248 returned 0 after 255961 usecs
[    5.189842] calling  init_trace_printk_function_export+0x0/0x2c @ 1
[    5.196899] initcall init_trace_printk_function_export+0x0/0x2c returned 0 after 19 usecs
[    5.206239] calling  init_kprobe_trace+0x0/0x1ab @ 1
[    5.212043] initcall init_kprobe_trace+0x0/0x1ab returned 0 after 36 usecs
[    5.220087] calling  init_dynamic_event+0x0/0x3d @ 1
[    5.225806] initcall init_dynamic_event+0x0/0x3d returned 0 after 13 usecs
[    5.233552] calling  init_uprobe_trace+0x0/0x5c @ 1
[    5.239292] initcall init_uprobe_trace+0x0/0x5c returned 0 after 57 usecs
[    5.246993] calling  init_pipe_fs+0x0/0x44 @ 1
[    5.252484] initcall init_pipe_fs+0x0/0x44 returned 0 after 434 usecs
[    5.259804] calling  inotify_user_setup+0x0/0x47 @ 1
[    5.265548] initcall inotify_user_setup+0x0/0x47 returned 0 after 147 usecs
[    5.273369] calling  eventpoll_init+0x0/0xeb @ 1
[    5.278761] initcall eventpoll_init+0x0/0xeb returned 0 after 65 usecs
[    5.286194] calling  anon_inode_init+0x0/0x58 @ 1
[    5.291907] initcall anon_inode_init+0x0/0x58 returned 0 after 182 usecs
[    5.300064] calling  proc_locks_init+0x0/0x27 @ 1
[    5.305648] initcall proc_locks_init+0x0/0x27 returned 0 after 148 usecs
[    5.313186] calling  iomap_init+0x0/0x1b @ 1
[    5.320303] initcall iomap_init+0x0/0x1b returned 0 after 826 usecs
[    5.329540] calling  dquot_init+0x0/0x106 @ 1
[    5.335934] VFS: Disk quotas dquot_6.6.0
[    5.342079] VFS: Dquot-cache hash table entries: 512 (order 0, 4096 bytes)
[    5.351626] initcall dquot_init+0x0/0x106 returned 0 after 15321 usecs
[    5.361179] calling  quota_init+0x0/0x23 @ 1
[    5.368359] initcall quota_init+0x0/0x23 returned 0 after 585 usecs
[    5.377607] calling  proc_cmdline_init+0x0/0x21 @ 1
[    5.384745] initcall proc_cmdline_init+0x0/0x21 returned 0 after 31 usecs
[    5.394694] calling  proc_consoles_init+0x0/0x24 @ 1
[    5.402265] initcall proc_consoles_init+0x0/0x24 returned 0 after 9 usecs
[    5.412220] calling  proc_cpuinfo_init+0x0/0x1e @ 1
[    5.419433] initcall proc_cpuinfo_init+0x0/0x1e returned 0 after 9 usecs
[    5.429180] calling  proc_devices_init+0x0/0x24 @ 1
[    5.436469] initcall proc_devices_init+0x0/0x24 returned 0 after 8 usecs
[    5.446395] calling  proc_interrupts_init+0x0/0x24 @ 1
[    5.454028] initcall proc_interrupts_init+0x0/0x24 returned 0 after 8 usecs
[    5.464216] calling  proc_loadavg_init+0x0/0x21 @ 1
[    5.471003] initcall proc_loadavg_init+0x0/0x21 returned 0 after 6 usecs
[    5.478776] calling  proc_meminfo_init+0x0/0x21 @ 1
[    5.484485] initcall proc_meminfo_init+0x0/0x21 returned 0 after 55 usecs
[    5.492376] calling  proc_stat_init+0x0/0x1e @ 1
[    5.497819] initcall proc_stat_init+0x0/0x1e returned 0 after 6 usecs
[    5.505227] calling  proc_uptime_init+0x0/0x21 @ 1
[    5.510866] initcall proc_uptime_init+0x0/0x21 returned 0 after 5 usecs
[    5.518534] calling  proc_version_init+0x0/0x21 @ 1
[    5.524249] initcall proc_version_init+0x0/0x21 returned 0 after 5 usecs
[    5.532020] calling  proc_softirqs_init+0x0/0x21 @ 1
[    5.537864] initcall proc_softirqs_init+0x0/0x21 returned 0 after 5 usecs
[    5.545667] calling  proc_kcore_init+0x0/0xea @ 1
[    5.551434] initcall proc_kcore_init+0x0/0xea returned 0 after 197 usecs
[    5.559308] calling  vmcore_init+0x0/0x57b @ 1
[    5.564709] initcall vmcore_init+0x0/0x57b returned 0 after 13 usecs
[    5.572244] calling  proc_kmsg_init+0x0/0x21 @ 1
[    5.577819] initcall proc_kmsg_init+0x0/0x21 returned 0 after 6 usecs
[    5.585499] calling  proc_page_init+0x0/0x3b @ 1
[    5.591047] initcall proc_page_init+0x0/0x3b returned 0 after 7 usecs
[    5.599558] calling  init_ramfs_fs+0x0/0xc @ 1
[    5.606307] initcall init_ramfs_fs+0x0/0xc returned 0 after 44 usecs
[    5.615759] calling  init_hugetlbfs_fs+0x0/0xf6 @ 1
[    5.623977] initcall init_hugetlbfs_fs+0x0/0xf6 returned 0 after 836 usecs
[    5.632846] calling  blk_scsi_ioctl_init+0x0/0x2a5 @ 1
[    5.639120] initcall blk_scsi_ioctl_init+0x0/0x2a5 returned 0 after 25 usecs
[    5.647592] calling  acpi_event_init+0x0/0x2c @ 1
[    5.653327] initcall acpi_event_init+0x0/0x2c returned 0 after 84 usecs
[    5.661130] calling  pnp_system_init+0x0/0xc @ 1
[    5.667806] initcall pnp_system_init+0x0/0xc returned 0 after 797 usecs
[    5.675592] calling  pnpacpi_init+0x0/0x69 @ 1
[    5.680947] pnp: PnP ACPI init
[    5.686904] pnp 00:00: Plug and Play ACPI device, IDs PNP0303 (active)
[    5.695928] pnp 00:01: Plug and Play ACPI device, IDs PNP0f13 (active)
[    5.704385] pnp 00:02: Plug and Play ACPI device, IDs PNP0400 (active)
[    5.712316] pnp 00:03: Plug and Play ACPI device, IDs PNP0501 (active)
[    5.719983] pnp 00:04: Plug and Play ACPI device, IDs PNP0b00 (active)
[    5.727925] system 00:05: [mem 0xb0000000-0xbfffffff window] has been reserved
[    5.736516] system 00:05: Plug and Play ACPI device, IDs PNP0c01 (active)
[    5.746291] pnp: PnP ACPI: found 6 devices
[    5.751248] initcall pnpacpi_init+0x0/0x69 returned 0 after 68665 usecs
[    5.759171] calling  chr_dev_init+0x0/0x14d @ 1
[    5.857869] initcall chr_dev_init+0x0/0x14d returned 0 after 90755 usecs
[    5.867303] calling  firmware_class_init+0x0/0x14a @ 1
[    5.879856] initcall firmware_class_init+0x0/0x14a returned 0 after 2909 usecs
[    5.889056] calling  init_pcmcia_bus+0x0/0x5b @ 1
[    5.897729] initcall init_pcmcia_bus+0x0/0x5b returned 0 after 2190 usecs
[    5.907802] calling  init_acpi_pm_clocksource+0x0/0xda @ 1
[    5.921854] clocksource: acpi_pm: mask: 0xffffff max_cycles: 0xffffff, max_idle_ns: 2085701024 ns
[    5.933363] initcall init_acpi_pm_clocksource+0x0/0xda returned 0 after 16926 usecs
[    5.942242] calling  sysctl_core_init+0x0/0x26 @ 1
[    5.948075] initcall sysctl_core_init+0x0/0x26 returned 0 after 184 usecs
[    5.956060] calling  eth_offload_init+0x0/0x13 @ 1
[    5.961912] initcall eth_offload_init+0x0/0x13 returned 0 after 155 usecs
[    5.969842] calling  ipv4_offload_init+0x0/0x73 @ 1
[    5.975652] initcall ipv4_offload_init+0x0/0x73 returned 0 after 84 usecs
[    5.983534] calling  inet_init+0x0/0x276 @ 1
[    5.988862] NET: Registered protocol family 2
[    5.994972] IP idents hash table entries: 8192 (order: 4, 65536 bytes, linear)
[    6.006604] tcp_listen_portaddr_hash hash table entries: 256 (order: 2, 20480 bytes, linear)
[    6.016871] TCP established hash table entries: 4096 (order: 3, 32768 bytes, linear)
[    6.026110] TCP bind hash table entries: 4096 (order: 6, 294912 bytes, linear)
[    6.053060] TCP: Hash tables configured (established 4096 bind 4096)
[    6.062059] UDP hash table entries: 256 (order: 3, 40960 bytes, linear)
[    6.071044] UDP-Lite hash table entries: 256 (order: 3, 40960 bytes, linear)
[    6.080538] initcall inet_init+0x0/0x276 returned 0 after 89665 usecs
[    6.088340] calling  af_unix_init+0x0/0x4d @ 1
[    6.094934] NET: Registered protocol family 1
[    6.100514] initcall af_unix_init+0x0/0x4d returned 0 after 5485 usecs
[    6.108295] calling  ipv6_offload_init+0x0/0x7e @ 1
[    6.114403] initcall ipv6_offload_init+0x0/0x7e returned 0 after 71 usecs
[    6.122446] calling  init_sunrpc+0x0/0x65 @ 1
[    6.136124] RPC: Registered named UNIX socket transport module.
[    6.145076] RPC: Registered udp transport module.
[    6.152144] RPC: Registered tcp transport module.
[    6.159330] RPC: Registered tcp NFSv4.1 backchannel transport module.
[    6.169106] initcall init_sunrpc+0x0/0x65 returned 0 after 40374 usecs
[    6.178967] calling  cfg80211_init+0x0/0xc5 @ 1
[    6.188777] initcall cfg80211_init+0x0/0xc5 returned 0 after 2802 usecs
[    6.198899] calling  pcibios_assign_resources+0x0/0xbf @ 1
[    6.208124] pci_bus 0000:00: resource 4 [io  0x0000-0x0cf7 window]
[    6.215494] pci_bus 0000:00: resource 5 [io  0x0d00-0xffff window]
[    6.223209] pci_bus 0000:00: resource 6 [mem 0x000a0000-0x000bffff window]
[    6.231228] pci_bus 0000:00: resource 7 [mem 0x20000000-0xafffffff window]
[    6.239368] pci_bus 0000:00: resource 8 [mem 0xc0000000-0xfebfffff window]
[    6.247591] pci_bus 0000:00: resource 9 [mem 0x100000000-0x8ffffffff window]
[    6.256145] initcall pcibios_assign_resources+0x0/0xbf returned 0 after 47549 usecs
[    6.265277] calling  pci_apply_final_quirks+0x0/0x124 @ 1
[    6.272407] pci 0000:00:01.0: calling  pci_fixup_video+0x0/0xe0 @ 1
[    6.280408] pci 0000:00:01.0: Video device with shadowed ROM at [mem 0x000c0000-0x000dffff]
[    6.290166] pci 0000:00:01.0: pci_fixup_video+0x0/0xe0 took 9830 usecs
[    6.299608] PCI: CLS 0 bytes, default 64
[    6.304327] initcall pci_apply_final_quirks+0x0/0x124 returned 0 after 31651 usecs
[    6.313115] calling  acpi_reserve_resources+0x0/0xea @ 1
[    6.319447] initcall acpi_reserve_resources+0x0/0xea returned 0 after 38 usecs
[    6.327848] calling  populate_rootfs+0x0/0x102 @ 1
[    6.336424] initcall populate_rootfs+0x0/0x102 returned 0 after 2716 usecs
[    6.344536] calling  pci_iommu_init+0x0/0x3e @ 1
[    6.350447] initcall pci_iommu_init+0x0/0x3e returned 0 after 47 usecs
[    6.358378] calling  ia32_binfmt_init+0x0/0x13 @ 1
[    6.364039] initcall ia32_binfmt_init+0x0/0x13 returned 0 after 10 usecs
[    6.372000] calling  rapl_pmu_init+0x0/0x267 @ 1
[    6.377650] initcall rapl_pmu_init+0x0/0x267 returned -19 after 51 usecs
[    6.385648] calling  amd_uncore_init+0x0/0x310 @ 1
[    6.392180] initcall amd_uncore_init+0x0/0x310 returned -19 after 1 usecs
[    6.400978] calling  amd_ibs_init+0x0/0x27b @ 1
[    6.406429] initcall amd_ibs_init+0x0/0x27b returned -19 after 0 usecs
[    6.414116] calling  amd_iommu_pc_init+0x0/0x22c @ 1
[    6.420358] initcall amd_iommu_pc_init+0x0/0x22c returned -19 after 68 usecs
[    6.428657] calling  msr_init+0x0/0x55 @ 1
[    6.433794] initcall msr_init+0x0/0x55 returned 0 after 153 usecs
[    6.441304] calling  intel_uncore_init+0x0/0x36f @ 1
[    6.447294] initcall intel_uncore_init+0x0/0x36f returned -19 after 62 usecs
[    6.455959] calling  cstate_pmu_init+0x0/0x1a1 @ 1
[    6.461820] initcall cstate_pmu_init+0x0/0x1a1 returned -19 after 0 usecs
[    6.469769] calling  register_kernel_offset_dumper+0x0/0x1a @ 1
[    6.476705] initcall register_kernel_offset_dumper+0x0/0x1a returned 0 after 3 usecs
[    6.485779] calling  i8259A_init_ops+0x0/0x20 @ 1
[    6.492325] initcall i8259A_init_ops+0x0/0x20 returned 0 after 3 usecs
[    6.501075] calling  init_tsc_clocksource+0x0/0xa4 @ 1
[    6.507297] clocksource: tsc: mask: 0xffffffffffffffff max_cycles: 0x39a85afc727, max_idle_ns: 881590685098 ns
[    6.519263] initcall init_tsc_clocksource+0x0/0xa4 returned 0 after 11684 usecs
[    6.528416] calling  add_rtc_cmos+0x0/0xb0 @ 1
[    6.534066] initcall add_rtc_cmos+0x0/0xb0 returned 0 after 43 usecs
[    6.541916] calling  i8237A_init_ops+0x0/0x3a @ 1
[    6.547860] initcall i8237A_init_ops+0x0/0x3a returned 0 after 85 usecs
[    6.555871] calling  umwait_init+0x0/0x94 @ 1
[    6.561555] initcall umwait_init+0x0/0x94 returned -19 after 28 usecs
[    6.569486] calling  thermal_throttle_init_device+0x0/0x3d @ 1
[    6.576690] initcall thermal_throttle_init_device+0x0/0x3d returned 0 after 132 usecs
[    6.586706] calling  msr_init+0x0/0xd7 @ 1
[    6.612909] initcall msr_init+0x0/0xd7 returned 0 after 20651 usecs
[    6.620680] calling  cpuid_init+0x0/0xd7 @ 1
[    6.643854] initcall cpuid_init+0x0/0xd7 returned 0 after 17330 usecs
[    6.652424] calling  ioapic_init_ops+0x0/0x13 @ 1
[    6.658530] initcall ioapic_init_ops+0x0/0x13 returned 0 after 18 usecs
[    6.667378] calling  add_pcspkr+0x0/0x6c @ 1
[    6.673171] initcall add_pcspkr+0x0/0x6c returned 0 after 102 usecs
[    6.681771] calling  start_periodic_check_for_corruption+0x0/0x30 @ 1
[    6.690470] check: Scanning for low memory corruption every 60 seconds
[    6.699114] initcall start_periodic_check_for_corruption+0x0/0x30 returned 0 after 8454 usecs
[    6.711652] calling  sysfb_init+0x0/0x9c @ 1
[    6.717432] initcall sysfb_init+0x0/0x9c returned 0 after 307 usecs
[    6.725401] calling  audit_classes_init+0x0/0xae @ 1
[    6.731899] initcall audit_classes_init+0x0/0xae returned 0 after 22 usecs
[    6.740691] calling  iosf_mbi_init+0x0/0x24 @ 1
[    6.763973] initcall iosf_mbi_init+0x0/0x24 returned 0 after 6927 usecs
[    6.773757] calling  proc_execdomains_init+0x0/0x21 @ 1
[    6.781693] initcall proc_execdomains_init+0x0/0x21 returned 0 after 399 usecs
[    6.793096] calling  register_warn_debugfs+0x0/0x23 @ 1
[    6.803996] initcall register_warn_debugfs+0x0/0x23 returned 0 after 2484 usecs
[    6.812983] calling  cpuhp_sysfs_init+0x0/0x79 @ 1
[    6.819672] initcall cpuhp_sysfs_init+0x0/0x79 returned 0 after 468 usecs
[    6.831546] calling  ioresources_init+0x0/0x49 @ 1
[    6.838528] initcall ioresources_init+0x0/0x49 returned 0 after 12 usecs
[    6.847092] calling  lockdep_proc_init+0x0/0x64 @ 1
[    6.854293] initcall lockdep_proc_init+0x0/0x64 returned 0 after 159 usecs
[    6.864919] calling  snapshot_device_init+0x0/0xc @ 1
[    6.876331] initcall snapshot_device_init+0x0/0xc returned 0 after 3587 usecs
[    6.885961] calling  irq_pm_init_ops+0x0/0x13 @ 1
[    6.893123] initcall irq_pm_init_ops+0x0/0x13 returned 0 after 28 usecs
[    6.902001] calling  rcu_torture_init+0x0/0x9be @ 1
[    6.910992] srcud-torture:--- Start of test: nreaders=7 nfakewriters=4 stat_interval=15 verbose=1 test_no_idle_hz=1 shuffle_interval=3 stutter=5 irqreader=1 fqs_duration=0 fqs_holdoff=0 fqs_stutter=3 test_boost=1/0 test_boost_interval=7 test_boost_duration=4 shutdown_secs=1800 stall_cpu=0 stall_cpu_holdoff=10 stall_cpu_irqsoff=0 stall_cpu_block=0 n_barrier_cbs=4 onoff_interval=1000 onoff_holdoff=30 read_exit_delay=13 read_exit_burst=16
[    6.964500] srcud:  Start-test grace-period state: g0 f0x0
[    6.971571] srcud-torture: Creating rcu_torture_writer task
[    6.983948] srcud-torture: Creating rcu_torture_fakewriter task
[    6.984517] srcud-torture: rcu_torture_writer task started
[    6.994773] srcud-torture: Creating rcu_torture_fakewriter task
[    6.995437] srcud-torture: rcu_torture_fakewriter task started
[    6.999320] srcud-torture: GP expediting controlled from boot/sysfs for srcud.
[    6.999324] rcu_torture_writer: Testing expedited GPs.
[    7.009706] srcud-torture: Creating rcu_torture_fakewriter task
[    7.010073] srcud-torture: rcu_torture_fakewriter task started
[    7.014761] rcu_torture_writer: Testing asynchronous GPs.
[    7.014764] rcu_torture_writer: Testing normal GPs.
[    7.069948] srcud-torture: Creating rcu_torture_fakewriter task
[    7.070537] srcud-torture: rcu_torture_fakewriter task started
[    7.080619] srcud-torture: Creating rcu_torture_reader task
[    7.080987] srcud-torture: rcu_torture_fakewriter task started
[    7.104116] srcud-torture: Creating rcu_torture_reader task
[    7.104668] srcud-torture: rcu_torture_reader task started
[    7.116357] srcud-torture: Creating rcu_torture_reader task
[    7.116548] srcud-torture: rcu_torture_reader task started
[    7.142529] srcud-torture: rcu_torture_reader task started
[    7.142727] srcud-torture: Creating rcu_torture_reader task
[    7.161879] srcud-torture: Creating rcu_torture_reader task
[    7.162320] srcud-torture: rcu_torture_reader task started
[    7.172508] srcud-torture: Creating rcu_torture_reader task
[    7.172593] srcud-torture: rcu_torture_reader task started
[    7.195822] srcud-torture: Creating rcu_torture_reader task
[    7.196282] srcud-torture: rcu_torture_reader task started
[    7.204538] srcud-torture: Creating rcu_torture_stats task
[    7.204812] srcud-torture: rcu_torture_reader task started
[    7.226339] srcud-torture: Creating torture_shuffle task
[    7.226611] srcud-torture: rcu_torture_stats task started
[    7.240621] srcud-torture: Creating torture_stutter task
[    7.240957] srcud-torture: torture_shuffle task started
[    7.251071] srcud-torture: torture_stutter task started
[    7.251082] srcud-torture: Creating torture_shutdown task
[    7.253482] srcud-torture: Creating torture_onoff task
[    7.253641] srcud-torture: torture_shutdown task started
[    7.253644] srcud-torture:torture_shutdown task: 1799997 ms remaining
[    7.254075] srcud-torture: rcu_torture_fwd_prog_init: Disabled, unsupported by RCU flavor under test
[    7.254099] srcud-torture: Creating rcu_torture_barrier_cbs task
[    7.254429] srcud-torture: torture_onoff task started
[    7.254431] srcud-torture: torture_onoff begin holdoff
[    7.254826] srcud-torture: Creating rcu_torture_barrier_cbs task
[    7.254971] srcud-torture: rcu_torture_barrier_cbs task started
[    7.256067] srcud-torture: Creating rcu_torture_barrier_cbs task
[    7.256077] srcud-torture: rcu_torture_barrier_cbs task started
[    7.385841] srcud-torture: Creating rcu_torture_barrier_cbs task
[    7.387056] srcud-torture: rcu_torture_barrier_cbs task started
[    7.403135] srcud-torture: Creating rcu_torture_barrier task
[    7.403735] srcud-torture: rcu_torture_barrier_cbs task started
[    7.423973] srcud-torture: Creating rcu_torture_read_exit task
[    7.423999] srcud-torture: rcu_torture_barrier task starting
[    7.435462] initcall rcu_torture_init+0x0/0x9be returned 0 after 514923 usecs
[    7.435705] srcud-torture: rcu_torture_read_exit: Start of test
[    7.460153] calling  timekeeping_init_ops+0x0/0x13 @ 1
[    7.468527] initcall timekeeping_init_ops+0x0/0x13 returned 0 after 234 usecs
[    7.478646] calling  init_clocksource_sysfs+0x0/0x23 @ 1
[    7.487889] initcall init_clocksource_sysfs+0x0/0x23 returned 0 after 808 usecs
[    7.498587] calling  init_timer_list_procfs+0x0/0x31 @ 1
[    7.506969] initcall init_timer_list_procfs+0x0/0x31 returned 0 after 69 usecs
[    7.518212] calling  alarmtimer_init+0x0/0xf5 @ 1
[    7.525833] initcall alarmtimer_init+0x0/0xf5 returned 0 after 334 usecs
[    7.536885] calling  init_posix_timers+0x0/0x29 @ 1
[    7.545548] initcall init_posix_timers+0x0/0x29 returned 0 after 190 usecs
[    7.557958] calling  clockevents_init_sysfs+0x0/0xbf @ 1
[    7.566767] initcall clockevents_init_sysfs+0x0/0xbf returned 0 after 660 usecs
[    7.577567] calling  proc_dma_init+0x0/0x21 @ 1
[    7.584507] initcall proc_dma_init+0x0/0x21 returned 0 after 276 usecs
[    7.593923] calling  proc_modules_init+0x0/0x1e @ 1
[    7.601198] initcall proc_modules_init+0x0/0x1e returned 0 after 8 usecs
[    7.611576] calling  kallsyms_init+0x0/0x21 @ 1
[    7.618848] initcall kallsyms_init+0x0/0x21 returned 0 after 10 usecs
[    7.629038] calling  pid_namespaces_init+0x0/0x2c @ 1
[    7.636890] initcall pid_namespaces_init+0x0/0x2c returned 0 after 72 usecs
[    7.647909] calling  audit_watch_init+0x0/0x37 @ 1
[    7.655703] initcall audit_watch_init+0x0/0x37 returned 0 after 4 usecs
[    7.666766] calling  audit_fsnotify_init+0x0/0x37 @ 1
[    7.675035] initcall audit_fsnotify_init+0x0/0x37 returned 0 after 4 usecs
[    7.685935] calling  audit_tree_init+0x0/0x6d @ 1
[    7.693785] initcall audit_tree_init+0x0/0x6d returned 0 after 13 usecs
[    7.704505] calling  seccomp_sysctl_init+0x0/0x2b @ 1
[    7.712742] initcall seccomp_sysctl_init+0x0/0x2b returned 0 after 1075 usecs
[    7.722758] calling  utsname_sysctl_init+0x0/0x13 @ 1
[    7.733191] initcall utsname_sysctl_init+0x0/0x13 returned 0 after 899 usecs
[    7.743753] calling  init_tracepoints+0x0/0x27 @ 1
[    7.751399] initcall init_tracepoints+0x0/0x27 returned 0 after 719 usecs
[    7.764822] calling  init_blk_tracer+0x0/0x50 @ 1
[    7.778608] initcall init_blk_tracer+0x0/0x50 returned 0 after 5375 usecs
[    7.791813] calling  perf_event_sysfs_init+0x0/0x83 @ 1
[    7.803806] initcall perf_event_sysfs_init+0x0/0x83 returned 0 after 2979 usecs
[    7.816175] calling  system_trusted_keyring_init+0x0/0x60 @ 1
[    7.825938] Initialise system trusted keyrings
[    7.834658] initcall system_trusted_keyring_init+0x0/0x60 returned 0 after 8800 usecs
[    7.846193] calling  kswapd_init+0x0/0x5c @ 1
[    7.857841] initcall kswapd_init+0x0/0x5c returned 0 after 5030 usecs
[    7.868468] calling  extfrag_debug_init+0x0/0x54 @ 1
[    7.878135] initcall extfrag_debug_init+0x0/0x54 returned 0 after 1278 usecs
[    7.889708] calling  mm_compute_batch_init+0x0/0x12 @ 1
[    7.898562] initcall mm_compute_batch_init+0x0/0x12 returned 0 after 83 usecs
[    7.909988] calling  slab_proc_init+0x0/0x21 @ 1
[    7.917825] initcall slab_proc_init+0x0/0x21 returned 0 after 117 usecs
[    7.928521] calling  workingset_init+0x0/0x8c @ 1
[    7.936497] workingset: timestamp_bits=56 max_order=17 bucket_order=0
[    7.947698] initcall workingset_init+0x0/0x8c returned 0 after 10934 usecs
[    7.959341] calling  proc_vmalloc_init+0x0/0x32 @ 1
[    7.968161] initcall proc_vmalloc_init+0x0/0x32 returned 0 after 10 usecs
[    7.978722] calling  procswaps_init+0x0/0x1e @ 1
[    7.986475] initcall procswaps_init+0x0/0x1e returned 0 after 370 usecs
[    7.997845] calling  slab_sysfs_init+0x0/0xec @ 1
[    8.029608] initcall slab_sysfs_init+0x0/0xec returned 0 after 23145 usecs
[    8.041371] calling  fcntl_init+0x0/0x29 @ 1
[    8.050682] initcall fcntl_init+0x0/0x29 returned 0 after 624 usecs
[    8.062489] calling  proc_filesystems_init+0x0/0x21 @ 1
[    8.072256] initcall proc_filesystems_init+0x0/0x21 returned 0 after 8 usecs
[    8.085164] calling  start_dirtytime_writeback+0x0/0x29 @ 1
[    8.095933] initcall start_dirtytime_writeback+0x0/0x29 returned 0 after 102 usecs
[    8.108753] calling  blkdev_init+0x0/0x1b @ 1
[    8.118834] initcall blkdev_init+0x0/0x1b returned 0 after 3612 usecs
[    8.129906] calling  dio_init+0x0/0x2c @ 1
[    8.137128] initcall dio_init+0x0/0x2c returned 0 after 226 usecs
[    8.148007] calling  dnotify_init+0x0/0x78 @ 1
[    8.158999] initcall dnotify_init+0x0/0x78 returned 0 after 2008 usecs
[    8.170524] calling  aio_setup+0x0/0x78 @ 1
[    8.184995] initcall aio_setup+0x0/0x78 returned 0 after 7735 usecs
[    8.197039] calling  io_uring_init+0x0/0x2c @ 1
[    8.206133] initcall io_uring_init+0x0/0x2c returned 0 after 106 usecs
[    8.217885] calling  mbcache_init+0x0/0x30 @ 1
[    8.227063] initcall mbcache_init+0x0/0x30 returned 0 after 228 usecs
[    8.238907] calling  init_grace+0x0/0xc @ 1
[    8.247523] initcall init_grace+0x0/0xc returned 0 after 636 usecs
[    8.259137] calling  init_v2_quota_format+0x0/0x21 @ 1
[    8.269098] initcall init_v2_quota_format+0x0/0x21 returned 0 after 302 usecs
[    8.282513] calling  init_devpts_fs+0x0/0x27 @ 1
[    8.291883] initcall init_devpts_fs+0x0/0x27 returned 0 after 518 usecs
[    8.304402] calling  ext4_init_fs+0x0/0x1c2 @ 1
[    8.319820] initcall ext4_init_fs+0x0/0x1c2 returned 0 after 6353 usecs
[    8.331601] calling  journal_init+0x0/0x11c @ 1
[    8.340755] initcall journal_init+0x0/0x11c returned 0 after 959 usecs
[    8.352705] calling  init_fat_fs+0x0/0x49 @ 1
[    8.360914] initcall init_fat_fs+0x0/0x49 returned 0 after 420 usecs
[    8.372841] calling  init_vfat_fs+0x0/0xc @ 1
[    8.381029] initcall init_vfat_fs+0x0/0xc returned 0 after 6 usecs
[    8.391792] calling  init_msdos_fs+0x0/0xc @ 1
[    8.399404] initcall init_msdos_fs+0x0/0xc returned 0 after 5 usecs
[    8.410483] calling  init_iso9660_fs+0x0/0x6c @ 1
[    8.418322] initcall init_iso9660_fs+0x0/0x6c returned 0 after 247 usecs
[    8.428709] calling  init_nfs_fs+0x0/0x13a @ 1
[    8.464851] initcall init_nfs_fs+0x0/0x13a returned 0 after 27942 usecs
[    8.476154] calling  init_nfs_v2+0x0/0x13 @ 1
[    8.482959] initcall init_nfs_v2+0x0/0x13 returned 0 after 333 usecs
[    8.492886] calling  init_nfs_v3+0x0/0x13 @ 1
[    8.500784] initcall init_nfs_v3+0x0/0x13 returned 0 after 2 usecs
[    8.511112] calling  init_nfs_v4+0x0/0x32 @ 1
[    8.517991] NFS: Registering the id_resolver key type
[    8.526803] Key type id_resolver registered
[    8.534062] Key type id_legacy registered
[    8.541038] initcall init_nfs_v4+0x0/0x32 returned 0 after 22535 usecs
[    8.551990] calling  init_nlm+0x0/0x5b @ 1
[    8.558974] initcall init_nlm+0x0/0x5b returned 0 after 205 usecs
[    8.569329] calling  init_nls_cp437+0x0/0xe @ 1
[    8.576710] initcall init_nls_cp437+0x0/0xe returned 0 after 232 usecs
[    8.587978] calling  init_nls_ascii+0x0/0xe @ 1
[    8.596974] initcall init_nls_ascii+0x0/0xe returned 0 after 1 usecs
[    8.607975] calling  init_nls_iso8859_1+0x0/0xe @ 1
[    8.616261] initcall init_nls_iso8859_1+0x0/0xe returned 0 after 2 usecs
[    8.626597] calling  init_nls_utf8+0x0/0x21 @ 1
[    8.634153] initcall init_nls_utf8+0x0/0x21 returned 0 after 2 usecs
[    8.645300] calling  init_autofs_fs+0x0/0x25 @ 1
[    8.656399] initcall init_autofs_fs+0x0/0x25 returned 0 after 2870 usecs
[    8.667834] calling  ipc_init+0x0/0x24 @ 1
[    8.676116] initcall ipc_init+0x0/0x24 returned 0 after 599 usecs
[    8.686245] calling  ipc_sysctl_init+0x0/0x13 @ 1
[    8.695135] initcall ipc_sysctl_init+0x0/0x13 returned 0 after 89 usecs
[    8.706658] calling  init_mqueue_fs+0x0/0xb1 @ 1
[    8.718413] initcall init_mqueue_fs+0x0/0xb1 returned 0 after 2691 usecs
[    8.730786] calling  key_proc_init+0x0/0x63 @ 1
[    8.740253] initcall key_proc_init+0x0/0x63 returned 0 after 14 usecs
[    8.753912] calling  selinux_nf_ip_init+0x0/0x2e @ 1
[    8.763679] initcall selinux_nf_ip_init+0x0/0x2e returned 0 after 248 usecs
[    8.776056] calling  init_sel_fs+0x0/0x116 @ 1
[    8.784887] initcall init_sel_fs+0x0/0x116 returned 0 after 1 usecs
[    8.796100] calling  selnl_init+0x0/0x7c @ 1
[    8.805388] initcall selnl_init+0x0/0x7c returned 0 after 1450 usecs
[    8.817019] calling  sel_netif_init+0x0/0x36 @ 1
[    8.825641] initcall sel_netif_init+0x0/0x36 returned 0 after 1 usecs
[    8.837997] calling  sel_netnode_init+0x0/0x33 @ 1
[    8.847581] initcall sel_netnode_init+0x0/0x33 returned 0 after 1 usecs
[    8.860408] calling  sel_netport_init+0x0/0x33 @ 1
[    8.868471] initcall sel_netport_init+0x0/0x33 returned 0 after 1 usecs
[    8.880693] calling  aurule_init+0x0/0x2a @ 1
[    8.888779] initcall aurule_init+0x0/0x2a returned 0 after 2 usecs
[    8.899107] calling  crypto_algapi_init+0x0/0xc @ 1
[    8.907124] initcall crypto_algapi_init+0x0/0xc returned 0 after 10 usecs
[    8.918078] calling  jent_mod_init+0x0/0x2d @ 1
[    8.940737] initcall jent_mod_init+0x0/0x2d returned 0 after 15201 usecs
[    8.951691] calling  asymmetric_key_init+0x0/0xc @ 1
[    8.960232] Key type asymmetric registered
[    8.966861] initcall asymmetric_key_init+0x0/0xc returned 0 after 6469 usecs
[    8.978499] calling  x509_key_init+0x0/0xc @ 1
[    8.986052] Asymmetric key parser 'x509' registered
[    8.993421] initcall x509_key_init+0x0/0xc returned 0 after 7468 usecs
[    9.003524] calling  proc_genhd_init+0x0/0x41 @ 1
[    9.011600] initcall proc_genhd_init+0x0/0x41 returned 0 after 472 usecs
[    9.022690] calling  bsg_init+0x0/0x113 @ 1
[    9.029497] Block layer SCSI generic (bsg) driver version 0.4 loaded (major 251)
[    9.040734] initcall bsg_init+0x0/0x113 returned 0 after 11208 usecs
[    9.050955] calling  deadline_init+0x0/0xc @ 1
[    9.058510] io scheduler mq-deadline registered
[    9.065566] initcall deadline_init+0x0/0xc returned 0 after 6975 usecs
[    9.075286] calling  kyber_init+0x0/0xc @ 1
[    9.082317] io scheduler kyber registered
[    9.089267] initcall kyber_init+0x0/0xc returned 0 after 6967 usecs
[    9.099898] calling  mod_init+0x0/0x7 @ 1
[    9.106501] initcall mod_init+0x0/0x7 returned 0 after 0 usecs
[    9.116284] calling  percpu_counter_startup+0x0/0x55 @ 1
[    9.154840] initcall percpu_counter_startup+0x0/0x55 returned 0 after 29500 usecs
[    9.166887] calling  sg_pool_init+0x0/0xb4 @ 1
[    9.174414] initcall sg_pool_init+0x0/0xb4 returned 0 after 736 usecs
[    9.196181] calling  pcie_portdrv_init+0x0/0x39 @ 1
[    9.233036] initcall pcie_portdrv_init+0x0/0x39 returned 0 after 25444 usecs
[    9.246455] calling  pci_proc_init+0x0/0x68 @ 1
[    9.256322] initcall pci_proc_init+0x0/0x68 returned 0 after 1349 usecs
[    9.268922] calling  pci_hotplug_init+0x0/0x7 @ 1
[    9.277613] initcall pci_hotplug_init+0x0/0x7 returned 0 after 0 usecs
[    9.289226] calling  efifb_driver_init+0x0/0xe @ 1
[    9.299391] initcall efifb_driver_init+0x0/0xe returned 0 after 1795 usecs
[    9.311558] calling  ged_driver_init+0x0/0xe @ 1
[    9.320741] initcall ged_driver_init+0x0/0xe returned 0 after 952 usecs
[    9.333760] calling  acpi_ac_init+0x0/0x92 @ 1
[    9.341473] initcall acpi_ac_init+0x0/0x92 returned 0 after 509 usecs
[    9.351612] calling  acpi_button_driver_init+0x0/0x52 @ 1
[    9.377897] input: Power Button as /devices/LNXSYSTM:00/LNXPWRBN:00/input/input0
[    9.404131] ACPI: Power Button [PWRF]
[    9.412403] initcall acpi_button_driver_init+0x0/0x52 returned 0 after 51063 usecs
[    9.424750] calling  acpi_fan_driver_init+0x0/0xe @ 1
[    9.432768] initcall acpi_fan_driver_init+0x0/0xe returned 0 after 41 usecs
[    9.444499] calling  acpi_video_init+0x0/0xcb @ 1
[    9.454402] initcall acpi_video_init+0x0/0xcb returned 0 after 1503 usecs
[    9.465760] calling  acpi_processor_driver_init+0x0/0xad @ 1
[    9.478836] initcall acpi_processor_driver_init+0x0/0xad returned 0 after 3738 usecs
[    9.490809] calling  acpi_thermal_init+0x0/0x71 @ 1
[    9.512763] initcall acpi_thermal_init+0x0/0x71 returned 0 after 12773 usecs
[    9.525305] calling  acpi_battery_init+0x0/0x32 @ 1
[    9.534013] initcall acpi_battery_init+0x0/0x32 returned 0 after 535 usecs
[    9.546756] calling  bgrt_init+0x0/0xb6 @ 1
[    9.554751] initcall bgrt_init+0x0/0xb6 returned -19 after 1 usecs
[    9.565514] calling  gpio_clk_driver_init+0x0/0xe @ 1
[    9.577568] initcall gpio_clk_driver_init+0x0/0xe returned 0 after 2304 usecs
[    9.590939] calling  plt_clk_driver_init+0x0/0xe @ 1
[    9.600894] initcall plt_clk_driver_init+0x0/0xe returned 0 after 41 usecs
[    9.614224] calling  virtio_pci_driver_init+0x0/0x15 @ 1
[    9.624951] initcall virtio_pci_driver_init+0x0/0x15 returned 0 after 854 usecs
[    9.637957] calling  n_null_init+0x0/0x1e @ 1
[    9.646510] initcall n_null_init+0x0/0x1e returned 0 after 81 usecs
[    9.657431] calling  pty_init+0x0/0x1e8 @ 1
[    9.679849] initcall pty_init+0x0/0x1e8 returned 0 after 15262 usecs
[    9.691121] calling  sysrq_init+0x0/0x62 @ 1
[    9.699570] initcall sysrq_init+0x0/0x62 returned 0 after 430 usecs
[    9.710754] calling  serial8250_init+0x0/0x17e @ 1
[    9.719582] Serial: 8250/16550 driver, 4 ports, IRQ sharing enabled
[    9.737166] 00:03: ttyS0 at I/O 0x3f8 (irq = 4, base_baud = 115200) is a 16550A
[    9.768666] initcall serial8250_init+0x0/0x17e returned 0 after 48041 usecs
[    9.781070] calling  serial_pci_driver_init+0x0/0x15 @ 1
[    9.790953] initcall serial_pci_driver_init+0x0/0x15 returned 0 after 506 usecs
[    9.803623] calling  exar_pci_driver_init+0x0/0x15 @ 1
[    9.812942] initcall exar_pci_driver_init+0x0/0x15 returned 0 after 129 usecs
[    9.827408] calling  lpss8250_pci_driver_init+0x0/0x15 @ 1
[    9.837452] initcall lpss8250_pci_driver_init+0x0/0x15 returned 0 after 55 usecs
[    9.851709] calling  mid8250_pci_driver_init+0x0/0x15 @ 1
[    9.861631] initcall mid8250_pci_driver_init+0x0/0x15 returned 0 after 1102 usecs
[    9.874065] calling  virtio_console_init+0x0/0xff @ 1
[    9.886108] initcall virtio_console_init+0x0/0xff returned 0 after 3352 usecs
[    9.896810] calling  hpet_init+0x0/0x64 @ 1
[    9.911260] initcall hpet_init+0x0/0x64 returned 0 after 7260 usecs
[    9.921056] calling  nvram_module_init+0x0/0x83 @ 1
[    9.931011] Non-volatile memory driver v1.3
[    9.938877] initcall nvram_module_init+0x0/0x83 returned 0 after 9619 usecs
[    9.950720] calling  hwrng_modinit+0x0/0x8a @ 1
[    9.964917] initcall hwrng_modinit+0x0/0x8a returned 0 after 6300 usecs
[    9.980732] calling  mod_init+0x0/0x48 @ 1
[    9.988108] initcall mod_init+0x0/0x48 returned -19 after 0 usecs
[    9.998017] calling  agp_init+0x0/0x23 @ 1
[   10.005043] Linux agpgart interface v0.103
[   10.011795] initcall agp_init+0x0/0x23 returned 0 after 6892 usecs
[   10.022165] calling  agp_amd64_mod_init+0x0/0x5 @ 1
[   10.031445] initcall agp_amd64_mod_init+0x0/0x5 returned -19 after 670 usecs
[   10.043365] calling  agp_intel_init+0x0/0x28 @ 1
[   10.054045] initcall agp_intel_init+0x0/0x28 returned 0 after 2558 usecs
[   10.065907] calling  drm_kms_helper_init+0x0/0x7 @ 1
[   10.075032] initcall drm_kms_helper_init+0x0/0x7 returned 0 after 134 usecs
[   10.087212] calling  drm_core_init+0x0/0xbd @ 1
[   10.098898] initcall drm_core_init+0x0/0xbd returned 0 after 2913 usecs
[   10.110705] calling  i915_init+0x0/0x6b @ 1
[   10.127371] initcall i915_init+0x0/0x6b returned 0 after 9216 usecs
[   10.138650] calling  cn_proc_init+0x0/0x35 @ 1
[   10.146967] initcall cn_proc_init+0x0/0x35 returned 0 after 126 usecs
[   10.158396] calling  topology_sysfs_init+0x0/0x27 @ 1
[   10.168085] initcall topology_sysfs_init+0x0/0x27 returned 0 after 712 usecs
[   10.180988] calling  cacheinfo_sysfs_init+0x0/0x27 @ 1
[   10.212891] initcall cacheinfo_sysfs_init+0x0/0x27 returned 0 after 22559 usecs
[   10.226402] calling  loop_init+0x0/0x16a @ 1
[   10.434383] loop: module loaded
[   10.440496] initcall loop_init+0x0/0x16a returned 0 after 201775 usecs
[   10.450812] calling  mac_hid_init+0x0/0x21 @ 1
[   10.458033] initcall mac_hid_init+0x0/0x21 returned 0 after 13 usecs
[   10.467808] calling  spi_transport_init+0x0/0x74 @ 1
[   10.475014] initcall spi_transport_init+0x0/0x74 returned 0 after 135 usecs
[   10.485522] calling  init_sd+0x0/0x18c @ 1
[   10.492676] initcall init_sd+0x0/0x18c returned 0 after 617 usecs
[   10.501955] calling  init_sr+0x0/0x43 @ 1
[   10.508270] initcall init_sr+0x0/0x43 returned 0 after 54 usecs
[   10.517473] calling  init_sg+0x0/0x1c0 @ 1
[   10.524299] initcall init_sg+0x0/0x1c0 returned 0 after 319 usecs
[   10.534432] calling  ahci_pci_driver_init+0x0/0x15 @ 1
[   10.542948] ahci 0000:00:1f.2: version 3.0
[   10.558413] PCI Interrupt Link [GSIA] enabled at IRQ 16
[   10.582371] ahci 0000:00:1f.2: AHCI 0001.0000 32 slots 6 ports 1.5 Gbps 0x3f impl SATA mode
[   10.596849] ahci 0000:00:1f.2: flags: 64bit ncq only 
[   10.636067] scsi host0: ahci
[   10.656989] scsi host1: ahci
[   10.672428] scsi host2: ahci
[   10.691607] scsi host3: ahci
[   10.720495] scsi host4: ahci
[   10.734563] scsi host5: ahci
[   10.739848] ata1: SATA max UDMA/133 abar m4096@0xfebf1000 port 0xfebf1100 irq 24
[   10.751009] ata2: SATA max UDMA/133 abar m4096@0xfebf1000 port 0xfebf1180 irq 24
[   10.761515] ata3: SATA max UDMA/133 abar m4096@0xfebf1000 port 0xfebf1200 irq 24
[   10.771819] ata4: SATA max UDMA/133 abar m4096@0xfebf1000 port 0xfebf1280 irq 24
[   10.782361] ata5: SATA max UDMA/133 abar m4096@0xfebf1000 port 0xfebf1300 irq 24
[   10.792864] ata6: SATA max UDMA/133 abar m4096@0xfebf1000 port 0xfebf1380 irq 24
[   10.805728] initcall ahci_pci_driver_init+0x0/0x15 returned 0 after 256908 usecs
[   10.820292] calling  piix_init+0x0/0x26 @ 1
[   10.827674] initcall piix_init+0x0/0x26 returned 0 after 171 usecs
[   10.838552] calling  amd_pci_driver_init+0x0/0x15 @ 1
[   10.847177] initcall amd_pci_driver_init+0x0/0x15 returned 0 after 133 usecs
[   10.859517] calling  oldpiix_pci_driver_init+0x0/0x15 @ 1
[   10.868659] initcall oldpiix_pci_driver_init+0x0/0x15 returned 0 after 81 usecs
[   10.881102] calling  sch_pci_driver_init+0x0/0x15 @ 1
[   10.889430] initcall sch_pci_driver_init+0x0/0x15 returned 0 after 113 usecs
[   10.901710] calling  net_olddevs_init+0x0/0x55 @ 1
[   10.910137] initcall net_olddevs_init+0x0/0x55 returned 0 after 459 usecs
[   10.921988] calling  blackhole_netdev_init+0x0/0x78 @ 1
[   10.955650] initcall blackhole_netdev_init+0x0/0x78 returned 0 after 4413 usecs
[   10.973868] calling  phy_module_init+0x0/0x13 @ 1
[   10.989868] initcall phy_module_init+0x0/0x13 returned 0 after 452 usecs
[   11.000280] calling  tg3_driver_init+0x0/0x15 @ 1
[   11.008302] initcall tg3_driver_init+0x0/0x15 returned 0 after 202 usecs
[   11.021259] calling  e100_init_module+0x0/0x4c @ 1
[   11.028727] e100: Intel(R) PRO/100 Network Driver
[   11.035949] e100: Copyright(c) 1999-2006 Intel Corporation
[   11.046264] initcall e100_init_module+0x0/0x4c returned 0 after 17997 usecs
[   11.057572] calling  e1000_init_module+0x0/0x72 @ 1
[   11.065389] e1000: Intel(R) PRO/1000 Network Driver
[   11.073100] e1000: Copyright (c) 1999-2006 Intel Corporation.
[   11.116289] initcall e1000_init_module+0x0/0x72 returned 0 after 48889 usecs
[   11.138193] ata2: SATA link down (SStatus 0 SControl 300)
[   11.141843] calling  e1000_init_module+0x0/0x2d @ 1
[   11.150987] ata3: SATA link up 1.5 Gbps (SStatus 113 SControl 300)
[   11.155338] e1000e: Intel(R) PRO/1000 Network Driver
[   11.155341] e1000e: Copyright(c) 1999 - 2015 Intel Corporation.
[   11.155533] initcall e1000_init_module+0x0/0x2d returned 0 after 202 usecs
[   11.155537] calling  sky2_init_module+0x0/0x21 @ 1
[   11.155540] sky2: driver version 1.30
[   11.155799] initcall sky2_init_module+0x0/0x21 returned 0 after 250 usecs
[   11.184976] ata4: SATA link down (SStatus 0 SControl 300)
[   11.187121] calling  forcedeth_pci_driver_init+0x0/0x15 @ 1
[   11.187346] initcall forcedeth_pci_driver_init+0x0/0x15 returned 0 after 211 usecs
[   11.198500] ata3.00: ATAPI: QEMU DVD-ROM, 2.5+, max UDMA/100
[   11.205689] calling  rtl8139_init_module+0x0/0x15 @ 1
[   11.205873] initcall rtl8139_init_module+0x0/0x15 returned 0 after 161 usecs
[   11.211841] ata3.00: applying bridge limits
[   11.216713] ata5: SATA link down (SStatus 0 SControl 300)
[   11.223341] calling  rtl8169_pci_driver_init+0x0/0x15 @ 1
[   11.223565] initcall rtl8169_pci_driver_init+0x0/0x15 returned 0 after 210 usecs
[   11.238161] ata1: SATA link down (SStatus 0 SControl 300)
[   11.241488] calling  cdrom_init+0x0/0xc @ 1
[   11.260062] ata6: SATA link down (SStatus 0 SControl 300)
[   11.261599] initcall cdrom_init+0x0/0xc returned 0 after 654 usecs
[   11.271081] ata3.00: configured for UDMA/100
[   11.279831] calling  nonstatic_sysfs_init+0x0/0xc @ 1
[   11.279864] initcall nonstatic_sysfs_init+0x0/0xc returned 0 after 26 usecs
[   11.309202] scsi 2:0:0:0: CD-ROM            QEMU     QEMU DVD-ROM     2.5+ PQ: 0 ANSI: 5
[   11.313133] calling  yenta_cardbus_driver_init+0x0/0x15 @ 1
[   11.313359] initcall yenta_cardbus_driver_init+0x0/0x15 returned 0 after 215 usecs
[   11.313363] calling  mon_init+0x0/0x144 @ 1
[   11.321952] initcall mon_init+0x0/0x144 returned 0 after 8379 usecs
[   11.445253] calling  ehci_hcd_init+0x0/0x56 @ 1
[   11.452020] ehci_hcd: USB 2.0 'Enhanced' Host Controller (EHCI) Driver
[   11.457823] sr 2:0:0:0: [sr0] scsi3-mmc drive: 4x/4x cd/rw xa/form2 tray
[   11.460911] initcall ehci_hcd_init+0x0/0x56 returned 0 after 8741 usecs
[   11.470123] cdrom: Uniform CD-ROM driver Revision: 3.20
[   11.479085] calling  ehci_pci_init+0x0/0x64 @ 1
[   11.479106] ehci-pci: EHCI PCI platform driver
[   11.479406] initcall ehci_pci_init+0x0/0x64 returned 0 after 307 usecs
[   11.507723] calling  ohci_hcd_mod_init+0x0/0x4e @ 1
[   11.513927] ohci_hcd: USB 1.1 'Open' Host Controller (OHCI) Driver
[   11.522586] initcall ohci_hcd_mod_init+0x0/0x4e returned 0 after 8471 usecs
[   11.531474] calling  ohci_pci_init+0x0/0x64 @ 1
[   11.537425] ohci-pci: OHCI PCI platform driver
[   11.543320] initcall ohci_pci_init+0x0/0x64 returned 0 after 5754 usecs
[   11.552707] calling  uhci_hcd_init+0x0/0xa8 @ 1
[   11.559721] uhci_hcd: USB Universal Host Controller Interface driver
[   11.568811] initcall uhci_hcd_init+0x0/0xa8 returned 0 after 9391 usecs
[   11.581655] calling  xhci_hcd_init+0x0/0x1e @ 1
[   11.589132] sr 2:0:0:0: Attached scsi CD-ROM sr0
[   11.590128] sr 2:0:0:0: Attached scsi generic sg0 type 5
[   11.596293] initcall xhci_hcd_init+0x0/0x1e returned 0 after 37 usecs
[   11.613251] calling  xhci_pci_init+0x0/0x49 @ 1
[   11.619990] initcall xhci_pci_init+0x0/0x49 returned 0 after 186 usecs
[   11.629374] calling  usblp_driver_init+0x0/0x15 @ 1
[   11.636532] usbcore: registered new interface driver usblp
[   11.644491] initcall usblp_driver_init+0x0/0x15 returned 0 after 7944 usecs
[   11.654611] calling  usb_storage_driver_init+0x0/0x2a @ 1
[   11.662516] usbcore: registered new interface driver usb-storage
[   11.671549] initcall usb_storage_driver_init+0x0/0x2a returned 0 after 8890 usecs
[   11.682311] calling  i8042_init+0x0/0x4c2 @ 1
[   11.689628] i8042: PNP: PS/2 Controller [PNP0303:KBD,PNP0f13:MOU] at 0x60,0x64 irq 1,12
[   11.715565] serio: i8042 KBD port at 0x60,0x64 irq 1
[   11.723722] serio: i8042 AUX port at 0x60,0x64 irq 12
[   11.747330] initcall i8042_init+0x0/0x4c2 returned 0 after 57373 usecs
[   11.757777] calling  serport_init+0x0/0x2c @ 1
[   11.764282] initcall serport_init+0x0/0x2c returned 0 after 48 usecs
[   11.773580] calling  input_leds_init+0x0/0xc @ 1
[   11.780541] initcall input_leds_init+0x0/0xc returned 0 after 134 usecs
[   11.789705] calling  evdev_init+0x0/0xc @ 1
[   11.802952] initcall evdev_init+0x0/0xc returned 0 after 7144 usecs
[   11.811931] calling  atkbd_init+0x0/0x21 @ 1
[   11.822211] initcall atkbd_init+0x0/0x21 returned 0 after 1608 usecs
[   11.831543] calling  psmouse_init+0x0/0x7f @ 1
[   11.851429] initcall psmouse_init+0x0/0x7f returned 0 after 908 usecs
[   11.860650] calling  cmos_init+0x0/0x73 @ 1
[   11.878795] input: AT Translated Set 2 keyboard as /devices/platform/i8042/serio0/input/input1
[   11.903253] rtc_cmos 00:04: RTC can wake from S4
[   11.936469] rtc_cmos 00:04: registered as rtc0
[   11.955932] rtc_cmos 00:04: alarms up to one day, y3k, 242 bytes nvram, hpet irqs
[   11.966441] initcall cmos_init+0x0/0x73 returned 0 after 86860 usecs
[   11.975418] calling  smbalert_driver_init+0x0/0xe @ 1
[   11.982906] initcall smbalert_driver_init+0x0/0xe returned 0 after 324 usecs
[   11.993576] calling  i2c_i801_init+0x0/0xc5 @ 1
[   12.017386] i801_smbus 0000:00:1f.3: SMBus using PCI interrupt
[   12.028575] i2c i2c-0: 1/1 memory slots populated (from DMI)
[   12.036602] i2c i2c-0: Memory type 0x07 not supported yet, not instantiating SPD
[   12.049880] initcall i2c_i801_init+0x0/0xc5 returned 0 after 48440 usecs
[   12.060595] calling  ptp_kvm_init+0x0/0xf0 @ 1
[   12.068647] initcall ptp_kvm_init+0x0/0xf0 returned 0 after 1328 usecs
[   12.078068] calling  dm_init+0x0/0x3c @ 1
[   12.085758] device-mapper: ioctl: 4.43.0-ioctl (2020-10-01) initialised: dm-devel@redhat.com
[   12.103221] initcall dm_init+0x0/0x3c returned 0 after 19234 usecs
[   12.111813] calling  dm_mirror_init+0x0/0x29 @ 1
[   12.118293] initcall dm_mirror_init+0x0/0x29 returned 0 after 22 usecs
[   12.127316] calling  dm_dirty_log_init+0x0/0x4f @ 1
[   12.134745] initcall dm_dirty_log_init+0x0/0x4f returned 0 after 110 usecs
[   12.144104] calling  dm_zero_init+0x0/0x29 @ 1
[   12.162740] initcall dm_zero_init+0x0/0x29 returned 0 after 4 usecs
[   12.172586] calling  intel_pstate_init+0x0/0x50f @ 1
[   12.179952] intel_pstate: CPU model not supported
[   12.188381] initcall intel_pstate_init+0x0/0x50f returned -19 after 8328 usecs
[   12.203280] calling  haltpoll_init+0x0/0xc0 @ 1
[   12.209736] initcall haltpoll_init+0x0/0xc0 returned -19 after 59 usecs
[   12.219986] calling  efivars_sysfs_init+0x0/0x30 @ 1
[   12.226897] initcall efivars_sysfs_init+0x0/0x30 returned 0 after 32 usecs
[   12.240923] calling  esrt_sysfs_init+0x0/0x2a2 @ 1
[   12.247910] initcall esrt_sysfs_init+0x0/0x2a2 returned -38 after 271 usecs
[   12.269749] calling  hid_init+0x0/0x5c @ 1
[   12.275977] hid: raw HID events driver (C) Jiri Kosina
[   12.283423] initcall hid_init+0x0/0x5c returned 0 after 7628 usecs
[   12.291869] calling  hid_generic_init+0x0/0x15 @ 1
[   12.299916] initcall hid_generic_init+0x0/0x15 returned 0 after 375 usecs
[   12.309518] calling  a4_driver_init+0x0/0x15 @ 1
[   12.329383] initcall a4_driver_init+0x0/0x15 returned 0 after 493 usecs
[   12.338461] calling  apple_driver_init+0x0/0x15 @ 1
[   12.345842] initcall apple_driver_init+0x0/0x15 returned 0 after 244 usecs
[   12.356715] calling  belkin_driver_init+0x0/0x15 @ 1
[   12.364863] initcall belkin_driver_init+0x0/0x15 returned 0 after 315 usecs
[   12.389545] calling  ch_driver_init+0x0/0x15 @ 1
[   12.396252] initcall ch_driver_init+0x0/0x15 returned 0 after 65 usecs
[   12.406043] calling  ch_driver_init+0x0/0x15 @ 1
[   12.412523] srcud-torture: rcu_torture_read_exit: End of episode
[   12.412682] initcall ch_driver_init+0x0/0x15 returned 0 after 254 usecs
[   12.440283] calling  cp_driver_init+0x0/0x15 @ 1
[   12.449631] initcall cp_driver_init+0x0/0x15 returned 0 after 2137 usecs
[   12.459238] calling  ez_driver_init+0x0/0x15 @ 1
[   12.466068] initcall ez_driver_init+0x0/0x15 returned 0 after 287 usecs
[   12.475296] calling  gyration_driver_init+0x0/0x15 @ 1
[   12.482966] initcall gyration_driver_init+0x0/0x15 returned 0 after 97 usecs
[   12.492550] calling  ite_driver_init+0x0/0x15 @ 1
[   12.499340] initcall ite_driver_init+0x0/0x15 returned 0 after 62 usecs
[   12.508565] calling  ks_driver_init+0x0/0x15 @ 1
[   12.514691] initcall ks_driver_init+0x0/0x15 returned 0 after 87 usecs
[   12.524053] calling  lg_driver_init+0x0/0x15 @ 1
[   12.530755] initcall lg_driver_init+0x0/0x15 returned 0 after 98 usecs
[   12.540131] calling  lg_g15_driver_init+0x0/0x15 @ 1
[   12.547070] initcall lg_g15_driver_init+0x0/0x15 returned 0 after 69 usecs
[   12.557173] calling  ms_driver_init+0x0/0x15 @ 1
[   12.563680] initcall ms_driver_init+0x0/0x15 returned 0 after 45 usecs
[   12.572908] calling  mr_driver_init+0x0/0x15 @ 1
[   12.579758] initcall mr_driver_init+0x0/0x15 returned 0 after 44 usecs
[   12.589422] calling  ntrig_driver_init+0x0/0x15 @ 1
[   12.596417] initcall ntrig_driver_init+0x0/0x15 returned 0 after 61 usecs
[   12.606265] calling  pl_driver_init+0x0/0x15 @ 1
[   12.612882] initcall pl_driver_init+0x0/0x15 returned 0 after 114 usecs
[   12.621941] calling  pl_driver_init+0x0/0x15 @ 1
[   12.628441] initcall pl_driver_init+0x0/0x15 returned 0 after 51 usecs
[   12.637296] calling  redragon_driver_init+0x0/0x15 @ 1
[   12.645904] initcall redragon_driver_init+0x0/0x15 returned 0 after 692 usecs
[   12.656498] calling  samsung_driver_init+0x0/0x15 @ 1
[   12.665023] initcall samsung_driver_init+0x0/0x15 returned 0 after 350 usecs
[   12.675389] calling  sony_init+0x0/0x38 @ 1
[   12.682105] initcall sony_init+0x0/0x38 returned 0 after 314 usecs
[   12.694658] calling  sp_driver_init+0x0/0x15 @ 1
[   12.715645] initcall sp_driver_init+0x0/0x15 returned 0 after 6096 usecs
[   12.726230] calling  ts_driver_init+0x0/0x15 @ 1
[   12.733240] initcall ts_driver_init+0x0/0x15 returned 0 after 59 usecs
[   12.749386] calling  hid_init+0x0/0x58 @ 1
[   12.755791] usbcore: registered new interface driver usbhid
[   12.763494] usbhid: USB HID core driver
[   12.769249] initcall hid_init+0x0/0x58 returned 0 after 13444 usecs
[   12.778344] calling  eeepc_laptop_init+0x0/0x57 @ 1
[   12.786494] initcall eeepc_laptop_init+0x0/0x57 returned -19 after 1030 usecs
[   12.795841] calling  pmc_atom_init+0x0/0x27a @ 1
[   12.803266] initcall pmc_atom_init+0x0/0x27a returned -19 after 233 usecs
[   12.813120] calling  alsa_hwdep_init+0x0/0x5e @ 1
[   12.821711] initcall alsa_hwdep_init+0x0/0x5e returned 0 after 1555 usecs
[   12.832285] calling  alsa_timer_init+0x0/0x1f9 @ 1
[   12.846933] initcall alsa_timer_init+0x0/0x1f9 returned 0 after 7059 usecs
[   12.857708] calling  snd_hrtimer_init+0x0/0x117 @ 1
[   12.865244] initcall snd_hrtimer_init+0x0/0x117 returned 0 after 50 usecs
[   12.875300] calling  alsa_pcm_init+0x0/0x64 @ 1
[   12.881815] initcall alsa_pcm_init+0x0/0x64 returned 0 after 38 usecs
[   12.890614] calling  alsa_seq_init+0x0/0x4a @ 1
[   12.899458] initcall alsa_seq_init+0x0/0x4a returned 0 after 2351 usecs
[   12.909104] calling  alsa_seq_dummy_init+0x0/0x9c @ 1
[   12.916690] initcall alsa_seq_dummy_init+0x0/0x9c returned 0 after 127 usecs
[   12.927509] calling  azx_driver_init+0x0/0x15 @ 1
[   12.934644] initcall azx_driver_init+0x0/0x15 returned 0 after 462 usecs
[   12.944131] calling  sock_diag_init+0x0/0x2a @ 1
[   12.959062] initcall sock_diag_init+0x0/0x2a returned 0 after 8062 usecs
[   12.971019] calling  blackhole_init+0x0/0xc @ 1
[   12.977795] initcall blackhole_init+0x0/0xc returned 0 after 68 usecs
[   12.987727] calling  nfnetlink_init+0x0/0x61 @ 1
[   13.000849] initcall nfnetlink_init+0x0/0x61 returned 0 after 147 usecs
[   13.010407] calling  nfnetlink_log_init+0x0/0x99 @ 1
[   13.020764] initcall nfnetlink_log_init+0x0/0x99 returned 0 after 3633 usecs
[   13.030430] calling  nf_conntrack_standalone_init+0x0/0x87 @ 1
