c[?7l[2J[0mSeaBIOS (version 1.16.0-debian-1.16.0-4)
Booting from ROM...
early console in setup code
c[?7l[2J[    0.000000] Linux version 5.10.155+ (root@joelboxx.c.googlers.com) (gcc (Debian 12.2.0-3) 12.2.0, GNU ld (GNU Binutils for Debian) 2.39) #15 Tue Dec 13 05:36:09 UTC 2022
[    0.000000] Command line: selinux=0 initcall_debug debug console=ttyS0 rcutorture.torture_type=srcud rcupdate.rcu_self_test=1 rcutorture.n_barrier_cbs=4 rcutorture.stat_interval=15 rcutorture.shutdown_secs=1800 rcutorture.test_no_idle_hz=1 rcutorture.verbose=1
[    0.000000] x86/fpu: x87 FPU will use FXSAVE
[    0.000000] BIOS-provided physical RAM map:
[    0.000000] BIOS-e820: [mem 0x0000000000000000-0x000000000009fbff] usable
[    0.000000] BIOS-e820: [mem 0x000000000009fc00-0x000000000009ffff] reserved
[    0.000000] BIOS-e820: [mem 0x00000000000f0000-0x00000000000fffff] reserved
[    0.000000] BIOS-e820: [mem 0x0000000000100000-0x000000001ffdefff] usable
[    0.000000] BIOS-e820: [mem 0x000000001ffdf000-0x000000001fffffff] reserved
[    0.000000] BIOS-e820: [mem 0x00000000b0000000-0x00000000bfffffff] reserved
[    0.000000] BIOS-e820: [mem 0x00000000fed1c000-0x00000000fed1ffff] reserved
[    0.000000] BIOS-e820: [mem 0x00000000feffc000-0x00000000feffffff] reserved
[    0.000000] BIOS-e820: [mem 0x00000000fffc0000-0x00000000ffffffff] reserved
[    0.000000] NX (Execute Disable) protection: active
[    0.000000] SMBIOS 2.8 present.
[    0.000000] DMI: QEMU Standard PC (Q35 + ICH9, 2009), BIOS 1.16.0-debian-1.16.0-4 04/01/2014
[    0.000000] Hypervisor detected: KVM
[    0.000000] kvm-clock: Using msrs 4b564d01 and 4b564d00
[    0.000000] kvm-clock: cpu 0, msr 8ab7001, primary cpu clock
[    0.000111] kvm-clock: using sched offset of 1218270886 cycles
[    0.000208] clocksource: kvm-clock: mask: 0xffffffffffffffff max_cycles: 0x1cd42e4dffb, max_idle_ns: 881590591483 ns
[    0.000317] tsc: Detected 1999.999 MHz processor
[    0.007602] e820: update [mem 0x00000000-0x00000fff] usable ==> reserved
[    0.007612] e820: remove [mem 0x000a0000-0x000fffff] usable
[    0.007621] last_pfn = 0x1ffdf max_arch_pfn = 0x400000000
[    0.008648] MTRR default type: write-back
[    0.008723] MTRR fixed ranges enabled:
[    0.008726]   00000-9FFFF write-back
[    0.008728]   A0000-BFFFF uncachable
[    0.008730]   C0000-FFFFF write-protect
[    0.008732] MTRR variable ranges enabled:
[    0.008735]   0 base 00C0000000 mask FFC0000000 uncachable
[    0.008737]   1 disabled
[    0.008739]   2 disabled
[    0.008741]   3 disabled
[    0.008743]   4 disabled
[    0.008744]   5 disabled
[    0.008804]   6 disabled
[    0.008806]   7 disabled
[    0.009190] x86/PAT: Configuration [0-7]: WB  WC  UC- UC  WB  WC  UC- UC  
[    0.018248] found SMP MP-table at [mem 0x000f5ba0-0x000f5baf]
[    0.020458] check: Scanning 1 areas for low memory corruption
[    0.036521] ACPI: Early table checksum verification disabled
[    0.038035] ACPI: RSDP 0x00000000000F59E0 000014 (v00 BOCHS )
[    0.038285] ACPI: RSDT 0x000000001FFE229A 000038 (v01 BOCHS  BXPC     00000001 BXPC 00000001)
[    0.038296] ACPI: FACP 0x000000001FFE2092 0000F4 (v03 BOCHS  BXPC     00000001 BXPC 00000001)
[    0.038432] ACPI: DSDT 0x000000001FFE0040 002052 (v01 BOCHS  BXPC     00000001 BXPC 00000001)
[    0.038439] ACPI: FACS 0x000000001FFE0000 000040
[    0.038445] ACPI: APIC 0x000000001FFE2186 000078 (v01 BOCHS  BXPC     00000001 BXPC 00000001)
[    0.038452] ACPI: HPET 0x000000001FFE21FE 000038 (v01 BOCHS  BXPC     00000001 BXPC 00000001)
[    0.038459] ACPI: MCFG 0x000000001FFE2236 00003C (v01 BOCHS  BXPC     00000001 BXPC 00000001)
[    0.038465] ACPI: WAET 0x000000001FFE2272 000028 (v01 BOCHS  BXPC     00000001 BXPC 00000001)
[    0.038472] ACPI: Reserving FACP table memory at [mem 0x1ffe2092-0x1ffe2185]
[    0.038475] ACPI: Reserving DSDT table memory at [mem 0x1ffe0040-0x1ffe2091]
[    0.038477] ACPI: Reserving FACS table memory at [mem 0x1ffe0000-0x1ffe003f]
[    0.038538] ACPI: Reserving APIC table memory at [mem 0x1ffe2186-0x1ffe21fd]
[    0.038599] ACPI: Reserving HPET table memory at [mem 0x1ffe21fe-0x1ffe2235]
[    0.038601] ACPI: Reserving MCFG table memory at [mem 0x1ffe2236-0x1ffe2271]
[    0.038604] ACPI: Reserving WAET table memory at [mem 0x1ffe2272-0x1ffe2299]
[    0.039215] ACPI: Local APIC address 0xfee00000
[    0.040807] Zone ranges:
[    0.040901]   DMA      [mem 0x0000000000001000-0x0000000000ffffff]
[    0.040906]   DMA32    [mem 0x0000000001000000-0x000000001ffdefff]
[    0.040910]   Normal   empty
[    0.040913] Movable zone start for each node
[    0.040915] Early memory node ranges
[    0.040917]   node   0: [mem 0x0000000000001000-0x000000000009efff]
[    0.040920]   node   0: [mem 0x0000000000100000-0x000000001ffdefff]
[    0.040984] Initmem setup node 0 [mem 0x0000000000001000-0x000000001ffdefff]
[    0.040987] On node 0 totalpages: 130941
[    0.041225]   DMA zone: 64 pages used for memmap
[    0.041228]   DMA zone: 21 pages reserved
[    0.041316]   DMA zone: 3998 pages, LIFO batch:0
[    0.041319]   DMA32 zone: 1984 pages used for memmap
[    0.041322]   DMA32 zone: 126943 pages, LIFO batch:31
[    0.053595] On node 0, zone DMA: 1 pages in unavailable ranges
[    0.056657] On node 0, zone DMA: 97 pages in unavailable ranges
[    0.207604] On node 0, zone DMA32: 33 pages in unavailable ranges
[    0.210825] ACPI: PM-Timer IO Port: 0x608
[    0.210832] ACPI: Local APIC address 0xfee00000
[    0.211131] ACPI: LAPIC_NMI (acpi_id[0xff] dfl dfl lint[0x1])
[    0.212893] IOAPIC[0]: apic_id 0, version 17, address 0xfec00000, GSI 0-23
[    0.213284] ACPI: INT_SRC_OVR (bus 0 bus_irq 0 global_irq 2 dfl dfl)
[    0.213288] ACPI: INT_SRC_OVR (bus 0 bus_irq 5 global_irq 5 high level)
[    0.213290] ACPI: INT_SRC_OVR (bus 0 bus_irq 9 global_irq 9 high level)
[    0.213339] ACPI: INT_SRC_OVR (bus 0 bus_irq 10 global_irq 10 high level)
[    0.213342] ACPI: INT_SRC_OVR (bus 0 bus_irq 11 global_irq 11 high level)
[    0.213345] ACPI: IRQ0 used by override.
[    0.213348] ACPI: IRQ5 used by override.
[    0.213350] ACPI: IRQ9 used by override.
[    0.213352] ACPI: IRQ10 used by override.
[    0.213353] ACPI: IRQ11 used by override.
[    0.213358] Using ACPI (MADT) for SMP configuration information
[    0.213361] ACPI: HPET id: 0x8086a201 base: 0xfed00000
[    0.214687] kvm-guest: stealtime: cpu 0, msr 825b4c0
[    0.215660] PM: hibernation: Registered nosave memory: [mem 0x00000000-0x00000fff]
[    0.215663] PM: hibernation: Registered nosave memory: [mem 0x0009f000-0x0009ffff]
[    0.215665] PM: hibernation: Registered nosave memory: [mem 0x000a0000-0x000effff]
[    0.215667] PM: hibernation: Registered nosave memory: [mem 0x000f0000-0x000fffff]
[    0.215673] [mem 0x20000000-0xafffffff] available for PCI devices
[    0.215813] Booting paravirtualized kernel on KVM
[    0.216338] clocksource: refined-jiffies: mask: 0xffffffff max_cycles: 0xffffffff, max_idle_ns: 1910969940391419 ns
[    0.244424] pcpu-alloc: s0 r0 d32768 u32768 alloc=1*32768
[    0.244495] pcpu-alloc: [0] 0 
[    0.245437] Built 1 zonelists, mobility grouping on.  Total pages: 128872
[    0.245628] Kernel command line: selinux=0 initcall_debug debug console=ttyS0 rcutorture.torture_type=srcud rcupdate.rcu_self_test=1 rcutorture.n_barrier_cbs=4 rcutorture.stat_interval=15 rcutorture.shutdown_secs=1800 rcutorture.test_no_idle_hz=1 rcutorture.verbose=1
[    0.271312] Dentry cache hash table entries: 65536 (order: 7, 524288 bytes, linear)
[    0.276466] Inode-cache hash table entries: 32768 (order: 6, 262144 bytes, linear)
[    0.277428] mem auto-init: stack:all(zero), heap alloc:off, heap free:off
[    0.291206] Memory: 469272K/523764K available (16397K kernel code, 2822K rwdata, 4748K rodata, 1252K init, 11672K bss, 54232K reserved, 0K cma-reserved)
[    0.292494] SLUB: HWalign=64, Order=0-3, MinObjects=0, CPUs=1, Nodes=1
[    0.293503] Kernel/User page tables isolation: enabled
[    0.307445] Running RCU self tests
[    0.332646] NR_IRQS: 4352, nr_irqs: 256, preallocated irqs: 16
[    0.337715] calling  con_init+0x0/0x24f @ 0
[    0.523001] Console: colour VGA+ 80x25
[    0.523034] initcall con_init+0x0/0x24f returned 0 after 0 usecs
[    0.523039] calling  hvc_console_init+0x0/0x13 @ 0
[    0.524238] initcall hvc_console_init+0x0/0x13 returned 0 after 0 usecs
[    0.524241] calling  univ8250_console_init+0x0/0x26 @ 0
[    1.338676] printk: console [ttyS0] enabled
[    1.345092] initcall univ8250_console_init+0x0/0x26 returned 0 after 0 usecs
[    1.352493] Lock dependency validator: Copyright (c) 2006 Red Hat, Inc., Ingo Molnar
[    1.360612] ... MAX_LOCKDEP_SUBCLASSES:  8
[    1.365000] ... MAX_LOCK_DEPTH:          48
[    1.369534] ... MAX_LOCKDEP_KEYS:        8192
[    1.374623] ... CLASSHASH_SIZE:          4096
[    1.379333] ... MAX_LOCKDEP_ENTRIES:     32768
[    1.384088] ... MAX_LOCKDEP_CHAINS:      65536
[    1.388913] ... CHAINHASH_SIZE:          32768
[    1.393675]  memory used by lock dependency info: 6365 kB
[    1.399401]  memory used for stack traces: 4224 kB
[    1.404578]  per task-struct memory footprint: 1920 bytes
[    1.413492] ACPI: Core revision 20200925
[    1.426541] clocksource: hpet: mask: 0xffffffff max_cycles: 0xffffffff, max_idle_ns: 19112604467 ns
[    1.443446] APIC: Switch to symmetric I/O mode setup
[    1.493621] ..TIMER: vector=0x30 apic1=0 pin1=2 apic2=-1 pin2=-1
[    1.502527] clocksource: tsc-early: mask: 0xffffffffffffffff max_cycles: 0x39a85afc727, max_idle_ns: 881590685098 ns
[    1.514418] Calibrating delay loop (skipped) preset value.. 3999.99 BogoMIPS (lpj=1999999)
[    1.514945] pid_max: default: 32768 minimum: 301
[    1.517500] LSM: Security Framework initializing
[    1.519439] Mount-cache hash table entries: 1024 (order: 1, 8192 bytes, linear)
[    1.521074] Mountpoint-cache hash table entries: 1024 (order: 1, 8192 bytes, linear)
[    1.546712] Last level iTLB entries: 4KB 0, 2MB 0, 4MB 0
[    1.546944] Last level dTLB entries: 4KB 0, 2MB 0, 4MB 0, 1GB 0
[    1.548012] CPU: Intel Common KVM processor (family: 0xf, model: 0x6, stepping: 0x1)
[    1.550051] Spectre V1 : Mitigation: usercopy/swapgs barriers and __user pointer sanitization
[    1.551945] Spectre V2 : Mitigation: Retpolines
[    1.552943] Spectre V2 : Spectre v2 / SpectreRSB mitigation: Filling RSB on context switch
[    1.554006] Spectre V2 : Spectre v2 / SpectreRSB : Filling RSB on VMEXIT
[    1.554943] Speculative Store Bypass: Vulnerable
[    1.557201] MDS: Vulnerable: Clear CPU buffers attempted, no microcode
[    1.557942] MMIO Stale Data: Unknown: No mitigations
[    1.733599] RCU test callback executed 1
[    1.735706] RCU test callback executed 2
[    1.738411] calling  init_hw_perf_events+0x0/0x6ce @ 1
[    1.738945] Performance Events: unsupported Netburst CPU model 6 no PMU driver, software events only.
[    1.739950] initcall init_hw_perf_events+0x0/0x6ce returned 0 after 976 usecs
[    1.740949] calling  init_real_mode+0x0/0x1e9 @ 1
[    1.743541] initcall init_real_mode+0x0/0x1e9 returned 0 after 976 usecs
[    1.743952] calling  trace_init_perf_perm_irq_work_exit+0x0/0x12 @ 1
[    1.745020] initcall trace_init_perf_perm_irq_work_exit+0x0/0x12 returned 0 after 0 usecs
[    1.745953] calling  validate_x2apic+0x0/0x4a @ 1
[    1.747978] initcall validate_x2apic+0x0/0x4a returned 0 after 0 usecs
[    1.749948] calling  register_nmi_cpu_backtrace_handler+0x0/0x15 @ 1
[    1.750965] initcall register_nmi_cpu_backtrace_handler+0x0/0x15 returned 0 after 0 usecs
[    1.751948] calling  kvm_setup_vsyscall_timeinfo+0x0/0x34 @ 1
[    1.752948] initcall kvm_setup_vsyscall_timeinfo+0x0/0x34 returned 0 after 0 usecs
[    1.753949] calling  spawn_ksoftirqd+0x0/0x34 @ 1
[    1.756140] initcall spawn_ksoftirqd+0x0/0x34 returned 0 after 976 usecs
[    1.756950] calling  trace_init_flags_sys_enter+0x0/0xe @ 1
[    1.757950] initcall trace_init_flags_sys_enter+0x0/0xe returned 0 after 0 usecs
[    1.759951] calling  trace_init_flags_sys_exit+0x0/0xe @ 1
[    1.761952] initcall trace_init_flags_sys_exit+0x0/0xe returned 0 after 0 usecs
[    1.762953] calling  init_kprobes+0x0/0x16e @ 1
[    1.766029] initcall init_kprobes+0x0/0x16e returned 0 after 1953 usecs
[    1.766949] calling  init_events+0x0/0x3d @ 1
[    1.769118] initcall init_events+0x0/0x3d returned 0 after 976 usecs
[    1.769948] calling  init_trace_printk+0x0/0xc @ 1
[    1.770947] initcall init_trace_printk+0x0/0xc returned 0 after 0 usecs
[    1.771947] calling  event_trace_enable_again+0x0/0x23 @ 1
[    1.772947] initcall event_trace_enable_again+0x0/0x23 returned 0 after 0 usecs
[    1.773946] calling  static_call_init+0x0/0x6f @ 1
[    1.774946] initcall static_call_init+0x0/0x6f returned 0 after 0 usecs
[    1.775947] calling  jump_label_init_module+0x0/0xc @ 1
[    1.776984] initcall jump_label_init_module+0x0/0xc returned 0 after 0 usecs
[    1.777946] calling  init_zero_pfn+0x0/0x37 @ 1
[    1.778952] initcall init_zero_pfn+0x0/0x37 returned 0 after 0 usecs
[    1.779948] calling  initialize_ptr_random+0x0/0x54 @ 1
[    1.780977] initcall initialize_ptr_random+0x0/0x54 returned 0 after 0 usecs
[    1.781947] calling  efi_memreserve_root_init+0x0/0x25 @ 1
[    1.782972] initcall efi_memreserve_root_init+0x0/0x25 returned 0 after 0 usecs
[    1.783949] calling  efi_earlycon_remap_fb+0x0/0x51 @ 1
[    1.784948] initcall efi_earlycon_remap_fb+0x0/0x51 returned 0 after 0 usecs
[    1.895311] devtmpfs: initialized
[    1.897611] calling  ipc_ns_init+0x0/0x3d @ 1
[    1.898058] initcall ipc_ns_init+0x0/0x3d returned 0 after 0 usecs
[    1.898947] calling  init_mmap_min_addr+0x0/0x21 @ 1
[    1.899945] initcall init_mmap_min_addr+0x0/0x21 returned 0 after 0 usecs
[    1.900946] calling  pci_realloc_setup_params+0x0/0x3f @ 1
[    1.901945] initcall pci_realloc_setup_params+0x0/0x3f returned 0 after 0 usecs
[    1.902945] calling  net_ns_init+0x0/0x128 @ 1
[    1.905104] initcall net_ns_init+0x0/0x128 returned 0 after 976 usecs
[    1.905962] calling  e820__register_nvs_regions+0x0/0x37 @ 1
[    1.906945] initcall e820__register_nvs_regions+0x0/0x37 returned 0 after 0 usecs
[    1.907944] calling  cpufreq_register_tsc_scaling+0x0/0x2e @ 1
[    1.908945] initcall cpufreq_register_tsc_scaling+0x0/0x2e returned 0 after 0 usecs
[    1.909948] calling  reboot_init+0x0/0x3c @ 1
[    1.911033] initcall reboot_init+0x0/0x3c returned 0 after 0 usecs
[    1.911948] calling  init_lapic_sysfs+0x0/0x20 @ 1
[    1.912957] initcall init_lapic_sysfs+0x0/0x20 returned 0 after 0 usecs
[    1.913946] calling  wq_sysfs_init+0x0/0x2a @ 1
[    1.915980] initcall wq_sysfs_init+0x0/0x2a returned 0 after 976 usecs
[    1.916946] calling  ksysfs_init+0x0/0x92 @ 1
[    1.917975] initcall ksysfs_init+0x0/0x92 returned 0 after 0 usecs
[    1.918947] calling  pm_init+0x0/0x76 @ 1
[    1.921017] initcall pm_init+0x0/0x76 returned 0 after 976 usecs
[    1.921947] calling  pm_disk_init+0x0/0x13 @ 1
[    1.922960] initcall pm_disk_init+0x0/0x13 returned 0 after 0 usecs
[    1.923947] calling  swsusp_header_init+0x0/0x2b @ 1
[    1.924949] initcall swsusp_header_init+0x0/0x2b returned 0 after 0 usecs
[    1.925946] calling  rcu_set_runtime_mode+0x0/0x25 @ 1
[    1.926945] initcall rcu_set_runtime_mode+0x0/0x25 returned 0 after 0 usecs
[    1.928945] calling  init_jiffies_clocksource+0x0/0x13 @ 1
[    1.929945] clocksource: jiffies: mask: 0xffffffff max_cycles: 0xffffffff, max_idle_ns: 1911260446275000 ns
[    1.930951] initcall init_jiffies_clocksource+0x0/0x13 returned 0 after 976 usecs
[    1.931948] calling  futex_init+0x0/0xf8 @ 1
[    1.932949] futex hash table entries: 256 (order: 2, 22528 bytes, linear)
[    1.934089] initcall futex_init+0x0/0xf8 returned 0 after 976 usecs
[    1.934945] calling  cgroup_wq_init+0x0/0x28 @ 1
[    1.935985] initcall cgroup_wq_init+0x0/0x28 returned 0 after 0 usecs
[    1.936944] calling  cgroup1_wq_init+0x0/0x28 @ 1
[    1.937953] initcall cgroup1_wq_init+0x0/0x28 returned 0 after 0 usecs
[    1.938946] calling  init_kprobe_trace_early+0x0/0x2a @ 1
[    1.940006] initcall init_kprobe_trace_early+0x0/0x2a returned 0 after 0 usecs
[    1.940947] calling  fsnotify_init+0x0/0x56 @ 1
[    1.941956] initcall fsnotify_init+0x0/0x56 returned 0 after 0 usecs
[    1.943945] calling  filelock_init+0x0/0x7f @ 1
[    1.945051] initcall filelock_init+0x0/0x7f returned 0 after 0 usecs
[    1.945949] calling  init_misc_binfmt+0x0/0x2c @ 1
[    1.947007] initcall init_misc_binfmt+0x0/0x2c returned 0 after 0 usecs
[    1.947949] calling  init_script_binfmt+0x0/0x15 @ 1
[    1.948965] initcall init_script_binfmt+0x0/0x15 returned 0 after 0 usecs
[    1.949948] calling  init_elf_binfmt+0x0/0x15 @ 1
[    1.950949] initcall init_elf_binfmt+0x0/0x15 returned 0 after 0 usecs
[    1.951948] calling  init_compat_elf_binfmt+0x0/0x15 @ 1
[    1.953950] initcall init_compat_elf_binfmt+0x0/0x15 returned 0 after 0 usecs
[    1.954948] calling  debugfs_init+0x0/0x5c @ 1
[    1.955961] initcall debugfs_init+0x0/0x5c returned 0 after 0 usecs
[    1.956946] calling  tracefs_init+0x0/0x3a @ 1
[    1.957959] initcall tracefs_init+0x0/0x3a returned 0 after 0 usecs
[    1.958945] calling  prandom_init_early+0x0/0x111 @ 1
[    1.959963] initcall prandom_init_early+0x0/0x111 returned 0 after 0 usecs
[    1.960975] calling  virtio_init+0x0/0x20 @ 1
[    1.962010] initcall virtio_init+0x0/0x20 returned 0 after 0 usecs
[    1.962948] calling  iommu_init+0x0/0x2a @ 1
[    1.963994] initcall iommu_init+0x0/0x2a returned 0 after 0 usecs
[    1.965951] calling  component_debug_init+0x0/0x1c @ 1
[    1.967203] initcall component_debug_init+0x0/0x1c returned 0 after 0 usecs
[    1.967952] calling  early_resume_init+0x0/0xb9 @ 1
[    1.969943] PM: RTC time: 05:41:49, date: 2022-12-13
[    1.970964] initcall early_resume_init+0x0/0xb9 returned 0 after 1953 usecs
[    1.971946] calling  cpufreq_core_init+0x0/0x62 @ 1
[    1.972988] initcall cpufreq_core_init+0x0/0x62 returned 0 after 0 usecs
[    1.973945] calling  cpufreq_gov_performance_init+0x0/0xc @ 1
[    1.974972] initcall cpufreq_gov_performance_init+0x0/0xc returned 0 after 0 usecs
[    1.975946] calling  cpufreq_gov_userspace_init+0x0/0xc @ 1
[    1.976953] initcall cpufreq_gov_userspace_init+0x0/0xc returned 0 after 0 usecs
[    1.977945] calling  CPU_FREQ_GOV_ONDEMAND_init+0x0/0xc @ 1
[    1.978973] initcall CPU_FREQ_GOV_ONDEMAND_init+0x0/0xc returned 0 after 0 usecs
[    1.980945] calling  cpuidle_init+0x0/0x1f @ 1
[    1.981977] initcall cpuidle_init+0x0/0x1f returned 0 after 0 usecs
[    1.982946] calling  capsule_reboot_register+0x0/0xc @ 1
[    1.983992] initcall capsule_reboot_register+0x0/0xc returned 0 after 0 usecs
[    1.984945] calling  sock_init+0x0/0x93 @ 1
[    1.987546] initcall sock_init+0x0/0x93 returned 0 after 976 usecs
[    1.987946] calling  net_inuse_init+0x0/0x23 @ 1
[    1.988961] initcall net_inuse_init+0x0/0x23 returned 0 after 0 usecs
[    1.989950] calling  net_defaults_init+0x0/0x23 @ 1
[    1.990948] initcall net_defaults_init+0x0/0x23 returned 0 after 0 usecs
[    1.991948] calling  init_default_flow_dissectors+0x0/0x4f @ 1
[    1.992963] initcall init_default_flow_dissectors+0x0/0x4f returned 0 after 0 usecs
[    1.993946] calling  netpoll_init+0x0/0x44 @ 1
[    1.994946] initcall netpoll_init+0x0/0x44 returned 0 after 0 usecs
[    1.995950] calling  netlink_proto_init+0x0/0x154 @ 1
[    1.997217] NET: Registered protocol family 16
[    1.998045] initcall netlink_proto_init+0x0/0x154 returned 0 after 976 usecs
[    1.998946] calling  genl_init+0x0/0x35 @ 1
[    1.999989] initcall genl_init+0x0/0x35 returned 0 after 0 usecs
[    2.000971] calling  bsp_pm_check_init+0x0/0x13 @ 1
[    2.001947] initcall bsp_pm_check_init+0x0/0x13 returned 0 after 0 usecs
[    2.002963] calling  irq_sysfs_init+0x0/0xb9 @ 1
[    2.004206] initcall irq_sysfs_init+0x0/0xb9 returned 0 after 0 usecs
[    2.004945] calling  audit_init+0x0/0x127 @ 1
[    2.005956] audit: initializing netlink subsys (disabled)
[    2.007126] initcall audit_init+0x0/0x127 returned 0 after 976 usecs
[    2.007946] calling  release_early_probes+0x0/0x32 @ 1
[    2.008945] initcall release_early_probes+0x0/0x32 returned 0 after 0 usecs
[    2.009945] calling  bdi_class_init+0x0/0x48 @ 1
[    2.011056] initcall bdi_class_init+0x0/0x48 returned 0 after 0 usecs
[    2.011946] calling  mm_sysfs_init+0x0/0x28 @ 1
[    2.012953] initcall mm_sysfs_init+0x0/0x28 returned 0 after 0 usecs
[    2.013947] calling  init_per_zone_wmark_min+0x0/0x5e @ 1
[    2.014984] initcall init_per_zone_wmark_min+0x0/0x5e returned 0 after 0 usecs
[    2.015948] calling  mpi_init+0x0/0x3e @ 1
[    2.016975] initcall mpi_init+0x0/0x3e returned 0 after 0 usecs
[    2.017947] calling  kobject_uevent_init+0x0/0xc @ 1
[    2.018988] initcall kobject_uevent_init+0x0/0xc returned 0 after 0 usecs
[    2.019999] calling  pcibus_class_init+0x0/0x13 @ 1
[    2.020975] initcall pcibus_class_init+0x0/0x13 returned 0 after 0 usecs
[    2.021949] calling  pci_driver_init+0x0/0x21 @ 1
[    2.023052] initcall pci_driver_init+0x0/0x21 returned 0 after 0 usecs
[    2.024947] calling  backlight_class_init+0x0/0xa8 @ 1
[    2.025972] initcall backlight_class_init+0x0/0xa8 returned 0 after 0 usecs
[    2.026946] calling  tty_class_init+0x0/0x33 @ 1
[    2.028947] initcall tty_class_init+0x0/0x33 returned 0 after 976 usecs
[    2.029946] calling  vtconsole_class_init+0x0/0xb5 @ 1
[    2.031215] initcall vtconsole_class_init+0x0/0xb5 returned 0 after 0 usecs
[    2.031948] calling  iommu_dev_init+0x0/0x13 @ 1
[    2.032977] initcall iommu_dev_init+0x0/0x13 returned 0 after 0 usecs
[    2.033946] calling  mipi_dsi_bus_init+0x0/0xc @ 1
[    2.034990] initcall mipi_dsi_bus_init+0x0/0xc returned 0 after 0 usecs
[    2.035945] calling  devlink_class_init+0x0/0x40 @ 1
[    2.036977] initcall devlink_class_init+0x0/0x40 returned 0 after 0 usecs
[    2.037945] calling  software_node_init+0x0/0x2a @ 1
[    2.038955] initcall software_node_init+0x0/0x2a returned 0 after 0 usecs
[    2.039948] calling  wakeup_sources_debugfs_init+0x0/0x23 @ 1
[    2.040996] initcall wakeup_sources_debugfs_init+0x0/0x23 returned 0 after 0 usecs
[    2.041947] calling  wakeup_sources_sysfs_init+0x0/0x2c @ 1
[    2.043010] initcall wakeup_sources_sysfs_init+0x0/0x2c returned 0 after 0 usecs
[    2.043946] calling  regmap_initcall+0x0/0xc @ 1
[    2.045086] initcall regmap_initcall+0x0/0xc returned 0 after 0 usecs
[    2.045945] calling  i2c_init+0x0/0xb3 @ 1
[    2.047294] initcall i2c_init+0x0/0xb3 returned 0 after 0 usecs
[    2.047947] calling  thermal_init+0x0/0x116 @ 1
[    2.049006] thermal_sys: Registered thermal governor 'step_wise'
[    2.049032] thermal_sys: Registered thermal governor 'user_space'
[    2.049964] initcall thermal_init+0x0/0x116 returned 0 after 976 usecs
[    2.051948] calling  init_menu+0x0/0xc @ 1
[    2.052967] cpuidle: using governor menu
[    2.053948] initcall init_menu+0x0/0xc returned 0 after 976 usecs
[    2.054948] calling  pcc_init+0x0/0x4d @ 1
[    2.055954] initcall pcc_init+0x0/0x4d returned -19 after 0 usecs
[    2.056950] calling  amd_postcore_init+0x0/0x11e @ 1
[    2.057947] initcall amd_postcore_init+0x0/0x11e returned 0 after 0 usecs
[    2.058963] calling  bts_init+0x0/0xba @ 1
[    2.059947] initcall bts_init+0x0/0xba returned -19 after 0 usecs
[    2.060947] calling  pt_init+0x0/0x2f7 @ 1
[    2.061947] initcall pt_init+0x0/0x2f7 returned -19 after 0 usecs
[    2.062947] calling  boot_params_ksysfs_init+0x0/0x2ee @ 1
[    2.065006] initcall boot_params_ksysfs_init+0x0/0x2ee returned 0 after 0 usecs
[    2.065947] calling  sbf_init+0x0/0xea @ 1
[    2.066947] initcall sbf_init+0x0/0xea returned 0 after 0 usecs
[    2.067945] calling  arch_kdebugfs_init+0x0/0x219 @ 1
[    2.069949] initcall arch_kdebugfs_init+0x0/0x219 returned 0 after 976 usecs
[    2.070948] calling  intel_pconfig_init+0x0/0x85 @ 1
[    2.071946] initcall intel_pconfig_init+0x0/0x85 returned 0 after 0 usecs
[    2.072946] calling  mtrr_if_init+0x0/0x5d @ 1
[    2.073954] initcall mtrr_if_init+0x0/0x5d returned 0 after 0 usecs
[    2.074946] calling  activate_jump_labels+0x0/0x31 @ 1
[    2.075951] initcall activate_jump_labels+0x0/0x31 returned 0 after 0 usecs
[    2.076951] calling  ffh_cstate_init+0x0/0x29 @ 1
[    2.077958] initcall ffh_cstate_init+0x0/0x29 returned 0 after 0 usecs
[    2.078952] calling  activate_jump_labels+0x0/0x31 @ 1
[    2.079998] initcall activate_jump_labels+0x0/0x31 returned 0 after 0 usecs
[    2.080946] calling  kvm_alloc_cpumask+0x0/0x2b @ 1
[    2.081971] initcall kvm_alloc_cpumask+0x0/0x2b returned 0 after 0 usecs
[    2.082948] calling  kcmp_cookies_init+0x0/0x37 @ 1
[    2.083954] initcall kcmp_cookies_init+0x0/0x37 returned 0 after 0 usecs
[    2.084947] calling  cryptomgr_init+0x0/0xc @ 1
[    2.086009] initcall cryptomgr_init+0x0/0xc returned 0 after 0 usecs
[    2.086946] calling  acpi_pci_init+0x0/0x57 @ 1
[    2.087966] ACPI: bus type PCI registered
[    2.088946] initcall acpi_pci_init+0x0/0x57 returned 0 after 976 usecs
[    2.089946] calling  dma_channel_table_init+0x0/0xce @ 1
[    2.090958] initcall dma_channel_table_init+0x0/0xce returned 0 after 0 usecs
[    2.091946] calling  dma_bus_init+0x0/0xdc @ 1
[    2.093027] initcall dma_bus_init+0x0/0xdc returned 0 after 0 usecs
[    2.094030] calling  iommu_dma_init+0x0/0x10 @ 1
[    2.095015] initcall iommu_dma_init+0x0/0x10 returned 0 after 0 usecs
[    2.095947] calling  dmi_id_init+0x0/0x37c @ 1
[    2.097105] initcall dmi_id_init+0x0/0x37c returned 0 after 0 usecs
[    2.097957] calling  pci_arch_init+0x0/0x71 @ 1
[    2.099943] PCI: MMCONFIG for domain 0000 [bus 00-ff] at [mem 0xb0000000-0xbfffffff] (base 0xb0000000)
[    2.100949] PCI: MMCONFIG at [mem 0xb0000000-0xbfffffff] reserved in E820
[    2.102004] PCI: Using configuration type 1 for base access
[    2.102989] initcall pci_arch_init+0x0/0x71 returned 0 after 3906 usecs
[    2.103962] calling  init_vdso+0x0/0x13 @ 1
[    2.104989] initcall init_vdso+0x0/0x13 returned 0 after 0 usecs
[    2.105946] calling  sysenter_setup+0x0/0x13 @ 1
[    2.106975] initcall sysenter_setup+0x0/0x13 returned 0 after 0 usecs
[    2.107945] calling  fixup_ht_bug+0x0/0x7f @ 1
[    2.108946] initcall fixup_ht_bug+0x0/0x7f returned 0 after 0 usecs
[    2.109944] calling  topology_init+0x0/0x15 @ 1
[    2.111107] initcall topology_init+0x0/0x15 returned 0 after 0 usecs
[    2.111949] calling  intel_epb_init+0x0/0x68 @ 1
[    2.112951] initcall intel_epb_init+0x0/0x68 returned -19 after 0 usecs
[    2.113949] calling  mtrr_init_finialize+0x0/0x3e @ 1
[    2.115949] initcall mtrr_init_finialize+0x0/0x3e returned 0 after 0 usecs
[    2.116950] calling  uid_cache_init+0x0/0x85 @ 1
[    2.117978] initcall uid_cache_init+0x0/0x85 returned 0 after 0 usecs
[    2.118950] calling  param_sysfs_init+0x0/0x1ba @ 1
[    2.131454] initcall param_sysfs_init+0x0/0x1ba returned 0 after 10742 usecs
[    2.131949] calling  user_namespace_sysctl_init+0x0/0x33 @ 1
[    2.133962] initcall user_namespace_sysctl_init+0x0/0x33 returned 0 after 0 usecs
[    2.134948] calling  proc_schedstat_init+0x0/0x24 @ 1
[    2.135954] initcall proc_schedstat_init+0x0/0x24 returned 0 after 0 usecs
[    2.136948] calling  pm_sysrq_init+0x0/0x18 @ 1
[    2.138020] initcall pm_sysrq_init+0x0/0x18 returned 0 after 0 usecs
[    2.138947] calling  create_proc_profile+0x0/0x50 @ 1
[    2.139945] initcall create_proc_profile+0x0/0x50 returned 0 after 0 usecs
[    2.140948] calling  time_ns_init+0x0/0x7 @ 1
[    2.141948] initcall time_ns_init+0x0/0x7 returned 0 after 0 usecs
[    2.142949] calling  crash_save_vmcoreinfo_init+0x0/0x756 @ 1
[    2.144045] initcall crash_save_vmcoreinfo_init+0x0/0x756 returned 0 after 0 usecs
[    2.144947] calling  crash_notes_memory_init+0x0/0x35 @ 1
[    2.145952] initcall crash_notes_memory_init+0x0/0x35 returned 0 after 0 usecs
[    2.146945] calling  cgroup_sysfs_init+0x0/0x13 @ 1
[    2.147957] initcall cgroup_sysfs_init+0x0/0x13 returned 0 after 0 usecs
[    2.148945] calling  cgroup_namespaces_init+0x0/0x7 @ 1
[    2.149945] initcall cgroup_namespaces_init+0x0/0x7 returned 0 after 0 usecs
[    2.150947] calling  init_optprobes+0x0/0x13 @ 1
[    2.151985] Kprobes globally optimized
[    2.152946] initcall init_optprobes+0x0/0x13 returned 0 after 976 usecs
[    2.153946] calling  oom_init+0x0/0x2f @ 1
[    2.156385] audit: type=2000 audit(1670910108.974:1): state=initialized audit_enabled=0 res=1
[    2.157035] initcall oom_init+0x0/0x2f returned 0 after 1953 usecs
[    2.157948] calling  default_bdi_init+0x0/0xb3 @ 1
[    2.160068] initcall default_bdi_init+0x0/0xb3 returned 0 after 976 usecs
[    2.160958] calling  percpu_enable_async+0x0/0xe @ 1
[    2.161946] initcall percpu_enable_async+0x0/0xe returned 0 after 0 usecs
[    2.162949] calling  kcompactd_init+0x0/0x46 @ 1
[    2.164079] initcall kcompactd_init+0x0/0x46 returned 0 after 0 usecs
[    2.165031] calling  init_user_reserve+0x0/0x30 @ 1
[    2.166950] initcall init_user_reserve+0x0/0x30 returned 0 after 0 usecs
[    2.167950] calling  init_admin_reserve+0x0/0x30 @ 1
[    2.168952] initcall init_admin_reserve+0x0/0x30 returned 0 after 0 usecs
[    2.169947] calling  init_reserve_notifier+0x0/0x7 @ 1
[    2.170948] initcall init_reserve_notifier+0x0/0x7 returned 0 after 0 usecs
[    2.171950] calling  swap_init_sysfs+0x0/0x62 @ 1
[    2.172967] initcall swap_init_sysfs+0x0/0x62 returned 0 after 0 usecs
[    2.173950] calling  swapfile_init+0x0/0x46 @ 1
[    2.174955] initcall swapfile_init+0x0/0x46 returned 0 after 0 usecs
[    2.175952] calling  hugetlb_init+0x0/0x42c @ 1
[    2.176951] HugeTLB registered 2.00 MiB page size, pre-allocated 0 pages
[    2.178028] initcall hugetlb_init+0x0/0x42c returned 0 after 976 usecs
[    2.178949] calling  io_wq_init+0x0/0x34 @ 1
[    2.179948] initcall io_wq_init+0x0/0x34 returned 0 after 0 usecs
[    2.180948] calling  seqiv_module_init+0x0/0xc @ 1
[    2.182030] initcall seqiv_module_init+0x0/0xc returned 0 after 0 usecs
[    2.182949] calling  echainiv_module_init+0x0/0xc @ 1
[    2.183951] initcall echainiv_module_init+0x0/0xc returned 0 after 0 usecs
[    2.185024] calling  rsa_init+0x0/0x50 @ 1
[    2.186954] cryptomgr_test (18) used greatest stack depth: 14864 bytes left
[    2.187994] initcall rsa_init+0x0/0x50 returned 0 after 1953 usecs
[    2.188949] calling  crypto_cmac_module_init+0x0/0xc @ 1
[    2.189966] initcall crypto_cmac_module_init+0x0/0xc returned 0 after 0 usecs
[    2.190949] calling  hmac_module_init+0x0/0xc @ 1
[    2.191949] initcall hmac_module_init+0x0/0xc returned 0 after 0 usecs
[    2.192948] calling  crypto_null_mod_init+0x0/0x65 @ 1
[    2.194224] initcall crypto_null_mod_init+0x0/0x65 returned 0 after 0 usecs
[    2.194948] calling  md5_mod_init+0x0/0xc @ 1
[    2.196046] initcall md5_mod_init+0x0/0xc returned 0 after 0 usecs
[    2.196947] calling  sha256_generic_mod_init+0x0/0x11 @ 1
[    2.198090] initcall sha256_generic_mod_init+0x0/0x11 returned 0 after 0 usecs
[    2.198948] calling  crypto_cbc_module_init+0x0/0xc @ 1
[    2.199948] initcall crypto_cbc_module_init+0x0/0xc returned 0 after 0 usecs
[    2.200948] calling  crypto_ctr_module_init+0x0/0x11 @ 1
[    2.201979] initcall crypto_ctr_module_init+0x0/0x11 returned 0 after 0 usecs
[    2.202951] calling  crypto_gcm_module_init+0x0/0x64 @ 1
[    2.203978] initcall crypto_gcm_module_init+0x0/0x64 returned 0 after 0 usecs
[    2.205948] calling  crypto_ccm_module_init+0x0/0x11 @ 1
[    2.206953] initcall crypto_ccm_module_init+0x0/0x11 returned 0 after 0 usecs
[    2.207948] calling  aes_init+0x0/0xc @ 1
[    2.209091] initcall aes_init+0x0/0xc returned 0 after 0 usecs
[    2.209964] calling  crc32c_mod_init+0x0/0xc @ 1
[    2.211046] initcall crc32c_mod_init+0x0/0xc returned 0 after 0 usecs
[    2.211948] calling  crypto_authenc_module_init+0x0/0xc @ 1
[    2.212950] initcall crypto_authenc_module_init+0x0/0xc returned 0 after 0 usecs
[    2.213947] calling  crypto_authenc_esn_module_init+0x0/0xc @ 1
[    2.214951] initcall crypto_authenc_esn_module_init+0x0/0xc returned 0 after 0 usecs
[    2.215948] calling  drbg_init+0x0/0x7c @ 1
[    2.218363] initcall drbg_init+0x0/0x7c returned 0 after 976 usecs
[    2.218947] calling  ghash_mod_init+0x0/0xc @ 1
[    2.220041] initcall ghash_mod_init+0x0/0xc returned 0 after 0 usecs
[    2.220948] calling  init_bio+0x0/0x9a @ 1
[    2.223456] initcall init_bio+0x0/0x9a returned 0 after 976 usecs
[    2.223950] calling  blk_settings_init+0x0/0x29 @ 1
[    2.224948] initcall blk_settings_init+0x0/0x29 returned 0 after 0 usecs
[    2.225946] calling  blk_ioc_init+0x0/0x29 @ 1
[    2.226952] initcall blk_ioc_init+0x0/0x29 returned 0 after 0 usecs
[    2.227946] calling  blk_mq_init+0x0/0x96 @ 1
[    2.228959] initcall blk_mq_init+0x0/0x96 returned 0 after 0 usecs
[    2.229947] calling  genhd_device_init+0x0/0x75 @ 1
[    2.232065] initcall genhd_device_init+0x0/0x75 returned 0 after 976 usecs
[    2.233048] calling  pci_slot_init+0x0/0x40 @ 1
[    2.234956] initcall pci_slot_init+0x0/0x40 returned 0 after 0 usecs
[    2.235946] calling  fbmem_init+0x0/0xd8 @ 1
[    2.237117] initcall fbmem_init+0x0/0xd8 returned 0 after 0 usecs
[    2.237946] calling  acpi_init+0x0/0x316 @ 1
[    2.239064] ACPI: Added _OSI(Module Device)
[    2.239945] ACPI: Added _OSI(Processor Device)
[    2.240944] ACPI: Added _OSI(3.0 _SCP Extensions)
[    2.241944] ACPI: Added _OSI(Processor Aggregator Device)
[    2.242946] ACPI: Added _OSI(Linux-Dell-Video)
[    2.243945] ACPI: Added _OSI(Linux-Lenovo-NV-HDMI-Audio)
[    2.244945] ACPI: Added _OSI(Linux-HPI-Hybrid-Graphics)
[    2.250097] ACPI: 1 ACPI AML tables successfully acquired and loaded
[    2.256056] ACPI: Interpreter enabled
[    2.257040] ACPI: (supports S0 S3 S4 S5)
[    2.257946] ACPI: Using IOAPIC for interrupt routing
[    2.259030] PCI: Using host bridge windows from ACPI; if necessary, use "pci=nocrs" and report a bug
[    2.261302] ACPI: Enabled 2 GPEs in block 00 to 3F
[    2.270559] ACPI: PCI Root Bridge [PCI0] (domain 0000 [bus 00-ff])
[    2.270954] acpi PNP0A08:00: _OSC: OS supports [ExtendedConfig ASPM ClockPM Segments MSI HPX-Type3]
[    2.272217] acpi PNP0A08:00: _OSC: platform does not support [LTR]
[    2.274080] acpi PNP0A08:00: _OSC: OS now controls [PME PCIeCapability]
[    2.276040] PCI host bridge to bus 0000:00
[    2.276946] pci_bus 0000:00: root bus resource [io  0x0000-0x0cf7 window]
[    2.277945] pci_bus 0000:00: root bus resource [io  0x0d00-0xffff window]
[    2.278945] pci_bus 0000:00: root bus resource [mem 0x000a0000-0x000bffff window]
[    2.279945] pci_bus 0000:00: root bus resource [mem 0x20000000-0xafffffff window]
[    2.280966] pci_bus 0000:00: root bus resource [mem 0xc0000000-0xfebfffff window]
[    2.281964] pci_bus 0000:00: root bus resource [mem 0x100000000-0x8ffffffff window]
[    2.282948] pci_bus 0000:00: root bus resource [bus 00-ff]
[    2.284477] pci 0000:00:00.0: calling  quirk_mmio_always_on+0x0/0x10 @ 1
[    2.284960] pci 0000:00:00.0: quirk_mmio_always_on+0x0/0x10 took 0 usecs
[    2.285945] pci 0000:00:00.0: [8086:29c0] type 00 class 0x060000
[    2.291111] pci 0000:00:00.0: calling  quirk_igfx_skip_te_disable+0x0/0x80 @ 1
[    2.291955] pci 0000:00:00.0: quirk_igfx_skip_te_disable+0x0/0x80 took 0 usecs
[    2.295404] pci 0000:00:01.0: [1234:1111] type 00 class 0x030000
[    2.301451] pci 0000:00:01.0: reg 0x10: [mem 0xfd000000-0xfdffffff pref]
[    2.309517] pci 0000:00:01.0: reg 0x18: [mem 0xfebf0000-0xfebf0fff]
[    2.324330] pci 0000:00:01.0: reg 0x30: [mem 0xfebe0000-0xfebeffff pref]
[    2.327205] pci 0000:00:01.0: calling  efifb_fixup_resources+0x0/0xf0 @ 1
[    2.327983] pci 0000:00:01.0: efifb_fixup_resources+0x0/0xf0 took 0 usecs
[    2.336314] pci 0000:00:1f.0: [8086:2918] type 00 class 0x060100
[    2.343121] pci 0000:00:1f.0: calling  quirk_ich7_lpc+0x0/0x60 @ 1
[    2.344189] pci 0000:00:1f.0: quirk: [io  0x0600-0x067f] claimed by ICH6 ACPI/GPIO/TCO
[    2.345487] pci 0000:00:1f.0: quirk_ich7_lpc+0x0/0x60 took 976 usecs
[    2.346048] pci 0000:00:1f.0: calling  quirk_igfx_skip_te_disable+0x0/0x80 @ 1
[    2.346951] pci 0000:00:1f.0: quirk_igfx_skip_te_disable+0x0/0x80 took 0 usecs
[    2.350643] pci 0000:00:1f.2: [8086:2922] type 00 class 0x010601
[    2.359945] pci 0000:00:1f.2: reg 0x20: [io  0xc040-0xc05f]
[    2.362946] pci 0000:00:1f.2: reg 0x24: [mem 0xfebf1000-0xfebf1fff]
[    2.366050] pci 0000:00:1f.2: calling  quirk_igfx_skip_te_disable+0x0/0x80 @ 1
[    2.366951] pci 0000:00:1f.2: quirk_igfx_skip_te_disable+0x0/0x80 took 0 usecs
[    2.371944] pci 0000:00:1f.3: [8086:2930] type 00 class 0x0c0500
[    2.378455] pci 0000:00:1f.3: reg 0x20: [io  0x0700-0x073f]
[    2.381067] pci 0000:00:1f.3: calling  quirk_igfx_skip_te_disable+0x0/0x80 @ 1
[    2.381950] pci 0000:00:1f.3: quirk_igfx_skip_te_disable+0x0/0x80 took 0 usecs
[    2.385328] pci_bus 0000:00: on NUMA node 0
[    2.390259] ACPI: PCI Interrupt Link [LNKA] (IRQs 5 *10 11)
[    2.391979] ACPI: PCI Interrupt Link [LNKB] (IRQs 5 *10 11)
[    2.394272] ACPI: PCI Interrupt Link [LNKC] (IRQs 5 10 *11)
[    2.396171] ACPI: PCI Interrupt Link [LNKD] (IRQs 5 10 *11)
[    2.398193] ACPI: PCI Interrupt Link [LNKE] (IRQs 5 *10 11)
[    2.400213] ACPI: PCI Interrupt Link [LNKF] (IRQs 5 *10 11)
[    2.402367] ACPI: PCI Interrupt Link [LNKG] (IRQs 5 10 *11)
[    2.403442] ACPI: PCI Interrupt Link [LNKH] (IRQs 5 10 *11)
[    2.404179] ACPI: PCI Interrupt Link [GSIA] (IRQs *16)
[    2.404992] ACPI: PCI Interrupt Link [GSIB] (IRQs *17)
[    2.406994] ACPI: PCI Interrupt Link [GSIC] (IRQs *18)
[    2.407995] ACPI: PCI Interrupt Link [GSID] (IRQs *19)
[    2.409030] ACPI: PCI Interrupt Link [GSIE] (IRQs *20)
[    2.410962] ACPI: PCI Interrupt Link [GSIF] (IRQs *21)
[    2.411990] ACPI: PCI Interrupt Link [GSIG] (IRQs *22)
[    2.413005] ACPI: PCI Interrupt Link [GSIH] (IRQs *23)
[    2.417938] initcall acpi_init+0x0/0x316 returned 0 after 173828 usecs
[    2.419967] calling  pnp_init+0x0/0xc @ 1
[    2.421003] initcall pnp_init+0x0/0xc returned 0 after 0 usecs
[    2.421951] calling  misc_init+0x0/0xbf @ 1
[    2.423183] initcall misc_init+0x0/0xbf returned 0 after 0 usecs
[    2.423948] calling  iommu_subsys_init+0x0/0x4e @ 1
[    2.425153] iommu: Default domain type: Translated 
[    2.425948] initcall iommu_subsys_init+0x0/0x4e returned 0 after 976 usecs
[    2.426951] calling  vga_arb_device_init+0x0/0x261 @ 1
[    2.430493] pci 0000:00:01.0: vgaarb: setting as boot VGA device
[    2.430938] pci 0000:00:01.0: vgaarb: VGA device added: decodes=io+mem,owns=io+mem,locks=none
[    2.430948] pci 0000:00:01.0: vgaarb: bridge control possible
[    2.431944] vgaarb: loaded
[    2.432950] initcall vga_arb_device_init+0x0/0x261 returned 0 after 4882 usecs
[    2.434123] calling  cn_init+0x0/0xf0 @ 1
[    2.436337] initcall cn_init+0x0/0xf0 returned 0 after 976 usecs
[    2.436950] calling  dma_buf_init+0x0/0xad @ 1
[    2.439170] initcall dma_buf_init+0x0/0xad returned 0 after 976 usecs
[    2.439948] calling  dma_resv_lockdep+0x0/0x27f @ 1
[    2.441490] initcall dma_resv_lockdep+0x0/0x27f returned 0 after 0 usecs
[    2.441988] calling  init_scsi+0x0/0x79 @ 1
[    2.445646] SCSI subsystem initialized
[    2.445948] initcall init_scsi+0x0/0x79 returned 0 after 2929 usecs
[    2.446947] calling  ata_init+0x0/0x332 @ 1
[    2.453780] libata version 3.00 loaded.
[    2.453950] initcall ata_init+0x0/0x332 returned 0 after 5859 usecs
[    2.454947] calling  phy_init+0x0/0x250 @ 1
[    2.456311] initcall phy_init+0x0/0x250 returned 0 after 0 usecs
[    2.456948] calling  init_pcmcia_cs+0x0/0x35 @ 1
[    2.458999] initcall init_pcmcia_cs+0x0/0x35 returned 0 after 0 usecs
[    2.459946] calling  usb_common_init+0x0/0x1c @ 1
[    2.461005] initcall usb_common_init+0x0/0x1c returned 0 after 0 usecs
[    2.461945] calling  usb_init+0x0/0x12e @ 1
[    2.463047] ACPI: bus type USB registered
[    2.465084] usbcore: registered new interface driver usbfs
[    2.466099] usbcore: registered new interface driver hub
[    2.466973] usbcore: registered new device driver usb
[    2.467949] initcall usb_init+0x0/0x12e returned 0 after 4882 usecs
[    2.468948] calling  serio_init+0x0/0x29 @ 1
[    2.470009] initcall serio_init+0x0/0x29 returned 0 after 0 usecs
[    2.470951] calling  input_init+0x0/0xf6 @ 1
[    2.472065] initcall input_init+0x0/0xf6 returned 0 after 0 usecs
[    2.472950] calling  rtc_init+0x0/0x4d @ 1
[    2.473996] initcall rtc_init+0x0/0x4d returned 0 after 0 usecs
[    2.474947] calling  pps_init+0x0/0xa9 @ 1
[    2.475958] pps_core: LinuxPPS API ver. 1 registered
[    2.476943] pps_core: Software ver. 5.3.6 - Copyright 2005-2007 Rodolfo Giometti <giometti@linux.it>
[    2.477968] initcall pps_init+0x0/0xa9 returned 0 after 1953 usecs
[    2.479945] calling  ptp_init+0x0/0x98 @ 1
[    2.480981] PTP clock support registered
[    2.481946] initcall ptp_init+0x0/0x98 returned 0 after 976 usecs
[    2.482945] calling  power_supply_class_init+0x0/0x3f @ 1
[    2.484978] initcall power_supply_class_init+0x0/0x3f returned 0 after 976 usecs
[    2.485945] calling  hwmon_init+0x0/0x104 @ 1
[    2.486963] initcall hwmon_init+0x0/0x104 returned 0 after 0 usecs
[    2.487946] calling  md_init+0x0/0x16b @ 1
[    2.490230] initcall md_init+0x0/0x16b returned 0 after 976 usecs
[    2.490946] calling  leds_init+0x0/0x3b @ 1
[    2.491959] initcall leds_init+0x0/0x3b returned 0 after 0 usecs
[    2.492945] calling  dmi_init+0x0/0x113 @ 1
[    2.494967] initcall dmi_init+0x0/0x113 returned 0 after 976 usecs
[    2.496948] calling  efisubsys_init+0x0/0x4e6 @ 1
[    2.497951] initcall efisubsys_init+0x0/0x4e6 returned 0 after 0 usecs
[    2.498951] calling  nvmem_init+0x0/0xc @ 1
[    2.500044] initcall nvmem_init+0x0/0xc returned 0 after 0 usecs
[    2.500951] calling  init_soundcore+0x0/0x33 @ 1
[    2.502033] initcall init_soundcore+0x0/0x33 returned 0 after 0 usecs
[    2.502951] calling  alsa_sound_init+0x0/0x8f @ 1
[    2.505098] Advanced Linux Sound Architecture Driver Initialized.
[    2.505950] initcall alsa_sound_init+0x0/0x8f returned 0 after 1953 usecs
[    2.506950] calling  alsa_seq_device_init+0x0/0x71 @ 1
[    2.508042] initcall alsa_seq_device_init+0x0/0x71 returned 0 after 0 usecs
[    2.508950] calling  hda_bus_init+0x0/0xc @ 1
[    2.510001] initcall hda_bus_init+0x0/0xc returned 0 after 0 usecs
[    2.510951] calling  proto_init+0x0/0xc @ 1
[    2.511989] initcall proto_init+0x0/0xc returned 0 after 0 usecs
[    2.512948] calling  net_dev_init+0x0/0x231 @ 1
[    2.515624] initcall net_dev_init+0x0/0x231 returned 0 after 976 usecs
[    2.516155] calling  neigh_init+0x0/0x84 @ 1
[    2.519032] initcall neigh_init+0x0/0x84 returned 0 after 976 usecs
[    2.519947] calling  fib_notifier_init+0x0/0xc @ 1
[    2.521021] initcall fib_notifier_init+0x0/0xc returned 0 after 0 usecs
[    2.521947] calling  fib_rules_init+0x0/0xab @ 1
[    2.523026] initcall fib_rules_init+0x0/0xab returned 0 after 0 usecs
[    2.523946] calling  pktsched_init+0x0/0x10e @ 1
[    2.525248] initcall pktsched_init+0x0/0x10e returned 0 after 0 usecs
[    2.525946] calling  tc_filter_init+0x0/0xfa @ 1
[    2.526992] initcall tc_filter_init+0x0/0xfa returned 0 after 0 usecs
[    2.527947] calling  tc_action_init+0x0/0x54 @ 1
[    2.528956] initcall tc_action_init+0x0/0x54 returned 0 after 0 usecs
[    2.529946] calling  ethnl_init+0x0/0x52 @ 1
[    2.531088] initcall ethnl_init+0x0/0x52 returned 0 after 0 usecs
[    2.531962] calling  nexthop_init+0x0/0xd8 @ 1
[    2.533132] initcall nexthop_init+0x0/0xd8 returned 0 after 0 usecs
[    2.533966] calling  cipso_v4_init+0x0/0x8d @ 1
[    2.535078] initcall cipso_v4_init+0x0/0x8d returned 0 after 0 usecs
[    2.535946] calling  ieee80211_init+0x0/0x24 @ 1
[    2.537106] initcall ieee80211_init+0x0/0x24 returned 0 after 0 usecs
[    2.537947] calling  netlbl_init+0x0/0x78 @ 1
[    2.538943] NetLabel: Initializing
[    2.539943] NetLabel:  domain hash size = 128
[    2.540943] NetLabel:  protocols = UNLABELED CIPSOv4 CALIPSO
[    2.542126] NetLabel:  unlabeled traffic allowed by default
[    2.542949] initcall netlbl_init+0x0/0x78 returned 0 after 3906 usecs
[    2.543950] calling  rfkill_init+0x0/0x136 @ 1
[    2.545437] initcall rfkill_init+0x0/0x136 returned 0 after 0 usecs
[    2.545949] calling  pci_subsys_init+0x0/0x66 @ 1
[    2.546947] PCI: Using ACPI for IRQ routing
[    3.307528] PCI: pci_cache_line_size set to 64 bytes
[    3.310038] e820: reserve RAM buffer [mem 0x0009fc00-0x0009ffff]
[    3.310963] e820: reserve RAM buffer [mem 0x1ffdf000-0x1fffffff]
[    3.312949] initcall pci_subsys_init+0x0/0x66 returned 0 after 748046 usecs
[    3.317635] calling  nmi_warning_debugfs+0x0/0x26 @ 1
[    3.319003] initcall nmi_warning_debugfs+0x0/0x26 returned 0 after 0 usecs
[    3.319950] calling  save_microcode_in_initrd+0x0/0x51 @ 1
[    3.321052] initcall save_microcode_in_initrd+0x0/0x51 returned 0 after 0 usecs
[    3.321948] calling  hpet_late_init+0x0/0x1f6 @ 1
[    3.325246] hpet: 3 channels of 0 reserved for per-cpu timers
[    3.327120] hpet0: at MMIO 0xfed00000, IRQs 2, 8, 0
[    3.327945] hpet0: 3 comparators, 64-bit 100.000000 MHz counter
[    3.332950] initcall hpet_late_init+0x0/0x1f6 returned 0 after 9765 usecs
[    3.334948] calling  init_amd_nbs+0x0/0x11c @ 1
[    3.337007] initcall init_amd_nbs+0x0/0x11c returned 0 after 0 usecs
[    3.337949] calling  clocksource_done_booting+0x0/0x43 @ 1
[    3.339000] clocksource: Switched to clocksource kvm-clock
[    3.347062] initcall clocksource_done_booting+0x0/0x43 returned 0 after 7926 usecs
[    3.356095] calling  tracer_init_tracefs+0x0/0x201 @ 1
[    3.743377] initcall tracer_init_tracefs+0x0/0x201 returned 0 after 368887 usecs
[    3.760873] calling  init_trace_printk_function_export+0x0/0x2c @ 1
[    3.769013] initcall init_trace_printk_function_export+0x0/0x2c returned 0 after 346 usecs
[    3.782108] calling  init_kprobe_trace+0x0/0x1ab @ 1
[    3.797995] initcall init_kprobe_trace+0x0/0x1ab returned 0 after 7427 usecs
[    3.808441] calling  init_dynamic_event+0x0/0x3d @ 1
[    3.817601] initcall init_dynamic_event+0x0/0x3d returned 0 after 1799 usecs
[    3.828407] calling  init_uprobe_trace+0x0/0x5c @ 1
[    3.837117] initcall init_uprobe_trace+0x0/0x5c returned 0 after 1346 usecs
[    3.847023] calling  init_pipe_fs+0x0/0x44 @ 1
[    3.857878] initcall init_pipe_fs+0x0/0x44 returned 0 after 4082 usecs
[    3.868692] calling  inotify_user_setup+0x0/0x47 @ 1
[    3.877559] initcall inotify_user_setup+0x0/0x47 returned 0 after 1252 usecs
[    3.888540] calling  eventpoll_init+0x0/0xeb @ 1
[    3.896286] initcall eventpoll_init+0x0/0xeb returned 0 after 811 usecs
[    3.906113] calling  anon_inode_init+0x0/0x58 @ 1
[    3.915526] initcall anon_inode_init+0x0/0x58 returned 0 after 1868 usecs
[    3.925695] calling  proc_locks_init+0x0/0x27 @ 1
[    3.932440] initcall proc_locks_init+0x0/0x27 returned 0 after 669 usecs
[    3.940944] calling  iomap_init+0x0/0x1b @ 1
[    3.953022] initcall iomap_init+0x0/0x1b returned 0 after 6799 usecs
[    3.960702] calling  dquot_init+0x0/0xd7 @ 1
[    3.968429] VFS: Disk quotas dquot_6.6.0
[    3.973314] VFS: Dquot-cache hash table entries: 512 (order 0, 4096 bytes)
[    3.981195] initcall dquot_init+0x0/0xd7 returned 0 after 12462 usecs
[    3.988688] calling  quota_init+0x0/0x23 @ 1
[    3.994547] initcall quota_init+0x0/0x23 returned 0 after 664 usecs
[    4.001930] calling  proc_cmdline_init+0x0/0x21 @ 1
[    4.007880] initcall proc_cmdline_init+0x0/0x21 returned 0 after 31 usecs
[    4.016014] calling  proc_consoles_init+0x0/0x24 @ 1
[    4.022566] initcall proc_consoles_init+0x0/0x24 returned 0 after 7 usecs
[    4.030794] calling  proc_cpuinfo_init+0x0/0x1e @ 1
[    4.036948] initcall proc_cpuinfo_init+0x0/0x1e returned 0 after 8 usecs
[    4.046390] calling  proc_devices_init+0x0/0x24 @ 1
[    4.052731] initcall proc_devices_init+0x0/0x24 returned 0 after 6 usecs
[    4.060472] calling  proc_interrupts_init+0x0/0x24 @ 1
[    4.066518] initcall proc_interrupts_init+0x0/0x24 returned 0 after 7 usecs
[    4.074508] calling  proc_loadavg_init+0x0/0x21 @ 1
[    4.080118] initcall proc_loadavg_init+0x0/0x21 returned 0 after 5 usecs
[    4.087807] calling  proc_meminfo_init+0x0/0x21 @ 1
[    4.093476] initcall proc_meminfo_init+0x0/0x21 returned 0 after 6 usecs
[    4.101267] calling  proc_stat_init+0x0/0x1e @ 1
[    4.106701] initcall proc_stat_init+0x0/0x1e returned 0 after 6 usecs
[    4.114152] calling  proc_uptime_init+0x0/0x21 @ 1
[    4.119792] initcall proc_uptime_init+0x0/0x21 returned 0 after 6 usecs
[    4.127584] calling  proc_version_init+0x0/0x21 @ 1
[    4.133315] initcall proc_version_init+0x0/0x21 returned 0 after 5 usecs
[    4.141148] calling  proc_softirqs_init+0x0/0x21 @ 1
[    4.147103] initcall proc_softirqs_init+0x0/0x21 returned 0 after 5 usecs
[    4.155186] calling  proc_kcore_init+0x0/0xea @ 1
[    4.161778] initcall proc_kcore_init+0x0/0xea returned 0 after 226 usecs
[    4.171507] calling  vmcore_init+0x0/0x57b @ 1
[    4.178177] initcall vmcore_init+0x0/0x57b returned 0 after 1 usecs
[    4.188015] calling  proc_kmsg_init+0x0/0x21 @ 1
[    4.194744] initcall proc_kmsg_init+0x0/0x21 returned 0 after 8 usecs
[    4.203472] calling  proc_page_init+0x0/0x3b @ 1
[    4.209022] initcall proc_page_init+0x0/0x3b returned 0 after 26 usecs
[    4.216661] calling  init_ramfs_fs+0x0/0xc @ 1
[    4.223821] initcall init_ramfs_fs+0x0/0xc returned 0 after 4 usecs
[    4.232722] calling  init_hugetlbfs_fs+0x0/0xf6 @ 1
[    4.239959] initcall init_hugetlbfs_fs+0x0/0xf6 returned 0 after 1146 usecs
[    4.248402] calling  blk_scsi_ioctl_init+0x0/0x2a5 @ 1
[    4.254389] initcall blk_scsi_ioctl_init+0x0/0x2a5 returned 0 after 15 usecs
[    4.262918] calling  acpi_event_init+0x0/0x2c @ 1
[    4.268880] initcall acpi_event_init+0x0/0x2c returned 0 after 232 usecs
[    4.277183] calling  pnp_system_init+0x0/0xc @ 1
[    4.286293] initcall pnp_system_init+0x0/0xc returned 0 after 3433 usecs
[    4.294690] calling  pnpacpi_init+0x0/0x69 @ 1
[    4.300423] pnp: PnP ACPI init
[    4.309670] pnp 00:00: Plug and Play ACPI device, IDs PNP0303 (active)
[    4.320245] pnp 00:01: Plug and Play ACPI device, IDs PNP0f13 (active)
[    4.330080] pnp 00:02: Plug and Play ACPI device, IDs PNP0400 (active)
[    4.338281] pnp 00:03: Plug and Play ACPI device, IDs PNP0501 (active)
[    4.346080] pnp 00:04: Plug and Play ACPI device, IDs PNP0b00 (active)
[    4.353942] system 00:05: [mem 0xb0000000-0xbfffffff window] has been reserved
[    4.362473] system 00:05: Plug and Play ACPI device, IDs PNP0c01 (active)
[    4.372380] pnp: PnP ACPI: found 6 devices
[    4.378429] initcall pnpacpi_init+0x0/0x69 returned 0 after 76233 usecs
[    4.388161] calling  chr_dev_init+0x0/0x14d @ 1
[    4.405913] initcall chr_dev_init+0x0/0x14d returned 0 after 10553 usecs
[    4.413892] calling  firmware_class_init+0x0/0x14a @ 1
[    4.420137] initcall firmware_class_init+0x0/0x14a returned 0 after 141 usecs
[    4.428578] calling  init_pcmcia_bus+0x0/0x5b @ 1
[    4.434381] initcall init_pcmcia_bus+0x0/0x5b returned 0 after 119 usecs
[    4.442339] calling  init_acpi_pm_clocksource+0x0/0xda @ 1
[    4.454446] clocksource: acpi_pm: mask: 0xffffff max_cycles: 0xffffff, max_idle_ns: 2085701024 ns
[    4.464847] initcall init_acpi_pm_clocksource+0x0/0xda returned 0 after 15650 usecs
[    4.473908] calling  sysctl_core_init+0x0/0x26 @ 1
[    4.479832] initcall sysctl_core_init+0x0/0x26 returned 0 after 192 usecs
[    4.487895] calling  eth_offload_init+0x0/0x13 @ 1
[    4.493627] initcall eth_offload_init+0x0/0x13 returned 0 after 22 usecs
[    4.501681] calling  ipv4_offload_init+0x0/0x73 @ 1
[    4.507670] initcall ipv4_offload_init+0x0/0x73 returned 0 after 68 usecs
[    4.515972] calling  inet_init+0x0/0x276 @ 1
[    4.521254] NET: Registered protocol family 2
[    4.527274] IP idents hash table entries: 8192 (order: 4, 65536 bytes, linear)
[    4.537763] tcp_listen_portaddr_hash hash table entries: 256 (order: 2, 20480 bytes, linear)
[    4.548142] TCP established hash table entries: 4096 (order: 3, 32768 bytes, linear)
[    4.557427] TCP bind hash table entries: 4096 (order: 6, 294912 bytes, linear)
[    4.567827] TCP: Hash tables configured (established 4096 bind 4096)
[    4.581501] UDP hash table entries: 256 (order: 3, 40960 bytes, linear)
[    4.591280] UDP-Lite hash table entries: 256 (order: 3, 40960 bytes, linear)
[    4.600219] initcall inet_init+0x0/0x276 returned 0 after 77272 usecs
[    4.607923] calling  af_unix_init+0x0/0x4d @ 1
[    4.613339] NET: Registered protocol family 1
[    4.618655] initcall af_unix_init+0x0/0x4d returned 0 after 5226 usecs
[    4.626478] calling  ipv6_offload_init+0x0/0x7e @ 1
[    4.632487] initcall ipv6_offload_init+0x0/0x7e returned 0 after 20 usecs
[    4.640783] calling  init_sunrpc+0x0/0x65 @ 1
[    4.649704] RPC: Registered named UNIX socket transport module.
[    4.656917] RPC: Registered udp transport module.
[    4.662727] RPC: Registered tcp transport module.
[    4.669552] RPC: Registered tcp NFSv4.1 backchannel transport module.
[    4.678034] initcall init_sunrpc+0x0/0x65 returned 0 after 31072 usecs
[    4.685879] calling  cfg80211_init+0x0/0xc5 @ 1
[    4.692357] initcall cfg80211_init+0x0/0xc5 returned 0 after 944 usecs
[    4.700307] calling  pcibios_assign_resources+0x0/0xbf @ 1
[    4.707105] pci_bus 0000:00: resource 4 [io  0x0000-0x0cf7 window]
[    4.714740] pci_bus 0000:00: resource 5 [io  0x0d00-0xffff window]
[    4.722379] pci_bus 0000:00: resource 6 [mem 0x000a0000-0x000bffff window]
[    4.730650] pci_bus 0000:00: resource 7 [mem 0x20000000-0xafffffff window]
[    4.738880] pci_bus 0000:00: resource 8 [mem 0xc0000000-0xfebfffff window]
[    4.747085] pci_bus 0000:00: resource 9 [mem 0x100000000-0x8ffffffff window]
[    4.755845] initcall pcibios_assign_resources+0x0/0xbf returned 0 after 47625 usecs
[    4.765115] calling  pci_apply_final_quirks+0x0/0x124 @ 1
[    4.772379] pci 0000:00:01.0: calling  pci_fixup_video+0x0/0xe0 @ 1
[    4.780501] pci 0000:00:01.0: Video device with shadowed ROM at [mem 0x000c0000-0x000dffff]
[    4.791904] pci 0000:00:01.0: pci_fixup_video+0x0/0xe0 took 11503 usecs
[    4.800462] PCI: CLS 0 bytes, default 64
[    4.805469] initcall pci_apply_final_quirks+0x0/0x124 returned 0 after 32843 usecs
[    4.814438] calling  acpi_reserve_resources+0x0/0xea @ 1
[    4.821051] initcall acpi_reserve_resources+0x0/0xea returned 0 after 83 usecs
[    4.830022] calling  populate_rootfs+0x0/0x102 @ 1
[    4.837787] initcall populate_rootfs+0x0/0x102 returned 0 after 1986 usecs
[    4.846134] calling  pci_iommu_init+0x0/0x3e @ 1
[    4.851833] initcall pci_iommu_init+0x0/0x3e returned 0 after 54 usecs
[    4.860663] calling  ia32_binfmt_init+0x0/0x13 @ 1
[    4.866336] initcall ia32_binfmt_init+0x0/0x13 returned 0 after 9 usecs
[    4.874042] calling  rapl_pmu_init+0x0/0x25f @ 1
[    4.879768] initcall rapl_pmu_init+0x0/0x25f returned -19 after 195 usecs
[    4.889242] calling  amd_uncore_init+0x0/0x310 @ 1
[    4.896345] initcall amd_uncore_init+0x0/0x310 returned -19 after 0 usecs
[    4.906224] calling  amd_ibs_init+0x0/0x24b @ 1
[    4.912944] initcall amd_ibs_init+0x0/0x24b returned -19 after 0 usecs
[    4.923766] calling  amd_iommu_pc_init+0x0/0x22b @ 1
[    4.929998] initcall amd_iommu_pc_init+0x0/0x22b returned -19 after 0 usecs
[    4.938337] calling  msr_init+0x0/0x55 @ 1
[    4.944298] initcall msr_init+0x0/0x55 returned 0 after 270 usecs
[    4.951725] calling  intel_uncore_init+0x0/0x322 @ 1
[    4.957447] initcall intel_uncore_init+0x0/0x322 returned -19 after 15 usecs
[    4.965567] calling  cstate_pmu_init+0x0/0x181 @ 1
[    4.971159] initcall cstate_pmu_init+0x0/0x181 returned -19 after 0 usecs
[    4.978830] calling  register_kernel_offset_dumper+0x0/0x1a @ 1
[    4.985562] initcall register_kernel_offset_dumper+0x0/0x1a returned 0 after 1 usecs
[    4.994204] calling  i8259A_init_ops+0x0/0x20 @ 1
[    4.999476] initcall i8259A_init_ops+0x0/0x20 returned 0 after 1 usecs
[    5.006810] calling  init_tsc_clocksource+0x0/0xa4 @ 1
[    5.012650] clocksource: tsc: mask: 0xffffffffffffffff max_cycles: 0x39a85afc727, max_idle_ns: 881590685098 ns
[    5.025338] initcall init_tsc_clocksource+0x0/0xa4 returned 0 after 12388 usecs
[    5.035671] calling  add_rtc_cmos+0x0/0xb0 @ 1
[    5.042086] initcall add_rtc_cmos+0x0/0xb0 returned 0 after 2 usecs
[    5.051186] calling  i8237A_init_ops+0x0/0x3a @ 1
[    5.057483] initcall i8237A_init_ops+0x0/0x3a returned 0 after 96 usecs
[    5.065199] calling  umwait_init+0x0/0x94 @ 1
[    5.070401] initcall umwait_init+0x0/0x94 returned -19 after 0 usecs
[    5.077731] calling  thermal_throttle_init_device+0x0/0x3d @ 1
[    5.084823] initcall thermal_throttle_init_device+0x0/0x3d returned 0 after 35 usecs
[    5.095780] calling  msr_init+0x0/0xd7 @ 1
[    5.102410] initcall msr_init+0x0/0xd7 returned 0 after 714 usecs
[    5.111060] calling  cpuid_init+0x0/0xd7 @ 1
[    5.117569] initcall cpuid_init+0x0/0xd7 returned 0 after 269 usecs
[    5.126652] calling  ioapic_init_ops+0x0/0x13 @ 1
[    5.133514] initcall ioapic_init_ops+0x0/0x13 returned 0 after 2 usecs
[    5.142791] calling  add_pcspkr+0x0/0x6c @ 1
[    5.147842] initcall add_pcspkr+0x0/0x6c returned 0 after 69 usecs
[    5.155068] calling  start_periodic_check_for_corruption+0x0/0x30 @ 1
[    5.162471] check: Scanning for low memory corruption every 60 seconds
[    5.169902] initcall start_periodic_check_for_corruption+0x0/0x30 returned 0 after 7285 usecs
[    5.179553] calling  sysfb_init+0x0/0x9c @ 1
[    5.185269] initcall sysfb_init+0x0/0x9c returned 0 after 133 usecs
[    5.193367] calling  audit_classes_init+0x0/0xae @ 1
[    5.199209] initcall audit_classes_init+0x0/0xae returned 0 after 29 usecs
[    5.207896] calling  iosf_mbi_init+0x0/0x24 @ 1
[    5.214585] initcall iosf_mbi_init+0x0/0x24 returned 0 after 158 usecs
[    5.224332] calling  proc_execdomains_init+0x0/0x21 @ 1
[    5.230261] initcall proc_execdomains_init+0x0/0x21 returned 0 after 7 usecs
[    5.238198] calling  register_warn_debugfs+0x0/0x23 @ 1
[    5.244297] initcall register_warn_debugfs+0x0/0x23 returned 0 after 18 usecs
[    5.252311] calling  ioresources_init+0x0/0x49 @ 1
[    5.257782] initcall ioresources_init+0x0/0x49 returned 0 after 26 usecs
[    5.265267] calling  lockdep_proc_init+0x0/0x64 @ 1
[    5.270754] initcall lockdep_proc_init+0x0/0x64 returned 0 after 8 usecs
[    5.278436] calling  snapshot_device_init+0x0/0xc @ 1
[    5.285235] initcall snapshot_device_init+0x0/0xc returned 0 after 883 usecs
[    5.293377] calling  irq_pm_init_ops+0x0/0x13 @ 1
[    5.298835] initcall irq_pm_init_ops+0x0/0x13 returned 0 after 2 usecs
[    5.306357] calling  rcu_torture_init+0x0/0x8bd @ 1
[    5.312110] srcud-torture:--- Start of test: nreaders=1 nfakewriters=4 stat_interval=15 verbose=1 test_no_idle_hz=1 shuffle_interval=3 stutter=5 irqreader=1 fqs_duration=0 fqs_holdoff=0 fqs_stutter=3 test_boost=1/0 test_boost_interval=7 test_boost_duration=4 shutdown_secs=1800 stall_cpu=0 stall_cpu_holdoff=10 stall_cpu_irqsoff=0 stall_cpu_block=0 n_barrier_cbs=4 onoff_interval=0 onoff_holdoff=0 read_exit_delay=13 read_exit_burst=16
[    5.355237] srcud:  Start-test grace-period state: g0 f0x0
[    5.361658] srcud-torture: Creating rcu_torture_writer task
[    5.368409] srcud-torture: Creating rcu_torture_fakewriter task
[    5.375553] srcud-torture: rcu_torture_writer task started
[    5.382267] srcud-torture: GP expediting controlled from boot/sysfs for srcud.
[    5.391033] rcu_torture_writer: Testing expedited GPs.
[    5.398534] rcu_torture_writer: Testing asynchronous GPs.
[    5.406187] rcu_torture_writer: Testing normal GPs.
[    5.413132] srcud-torture: Creating rcu_torture_fakewriter task
[    5.421783] srcud-torture: rcu_torture_fakewriter task started
[    5.429990] srcud-torture: Creating rcu_torture_fakewriter task
[    5.437805] srcud-torture: rcu_torture_fakewriter task started
[    5.446496] srcud-torture: Creating rcu_torture_fakewriter task
[    5.454657] srcud-torture: rcu_torture_fakewriter task started
[    5.462636] srcud-torture: Creating rcu_torture_reader task
[    5.469331] srcud-torture: rcu_torture_fakewriter task started
[    5.478292] srcud-torture: Creating rcu_torture_stats task
[    5.484716] srcud-torture: rcu_torture_reader task started
[    5.492792] srcud-torture: Creating torture_shuffle task
[    5.498952] srcud-torture: rcu_torture_stats task started
[    5.506892] srcud-torture: Creating torture_stutter task
[    5.512956] srcud-torture: torture_shuffle task started
[    5.519159] srcud-torture: Creating torture_shutdown task
[    5.525365] srcud-torture: torture_stutter task started
[    5.532327] srcud-torture: rcu_torture_fwd_prog_init: Disabled, unsupported by RCU flavor under test
[    5.543195] srcud-torture: Creating rcu_torture_barrier_cbs task
[    5.550655] srcud-torture: torture_shutdown task started
[    5.558080] srcud-torture:torture_shutdown task: 1799961 ms remaining
[    5.568882] srcud-torture: Creating rcu_torture_barrier_cbs task
[    5.577320] srcud-torture: rcu_torture_barrier_cbs task started
[    5.585871] srcud-torture: Creating rcu_torture_barrier_cbs task
[    5.594398] srcud-torture: rcu_torture_barrier_cbs task started
[    5.601860] srcud-torture: Creating rcu_torture_barrier_cbs task
[    5.608731] srcud-torture: rcu_torture_barrier_cbs task started
[    5.615665] srcud-torture: Creating rcu_torture_barrier task
[    5.622191] srcud-torture: rcu_torture_barrier_cbs task started
[    5.629179] srcud-torture: Creating rcu_torture_read_exit task
[    5.635954] srcud-torture: rcu_torture_barrier task starting
[    5.642782] initcall rcu_torture_init+0x0/0x8bd returned 0 after 322987 usecs
[    5.651071] calling  timekeeping_init_ops+0x0/0x13 @ 1
[    5.658104] initcall timekeeping_init_ops+0x0/0x13 returned 0 after 2 usecs
[    5.667529] calling  init_clocksource_sysfs+0x0/0x23 @ 1
[    5.674003] initcall init_clocksource_sysfs+0x0/0x23 returned 0 after 225 usecs
[    5.689158] calling  init_timer_list_procfs+0x0/0x31 @ 1
[    5.696441] initcall init_timer_list_procfs+0x0/0x31 returned 0 after 907 usecs
[    5.704811] calling  alarmtimer_init+0x0/0xf5 @ 1
[    5.713722] initcall alarmtimer_init+0x0/0xf5 returned 0 after 3397 usecs
[    5.721559] calling  init_posix_timers+0x0/0x29 @ 1
[    5.727648] initcall init_posix_timers+0x0/0x29 returned 0 after 374 usecs
[    5.736214] calling  clockevents_init_sysfs+0x0/0x8b @ 1
[    5.744233] initcall clockevents_init_sysfs+0x0/0x8b returned 0 after 1750 usecs
[    5.752866] calling  proc_dma_init+0x0/0x21 @ 1
[    5.758391] initcall proc_dma_init+0x0/0x21 returned 0 after 32 usecs
[    5.766037] calling  proc_modules_init+0x0/0x1e @ 1
[    5.771719] initcall proc_modules_init+0x0/0x1e returned 0 after 20 usecs
[    5.779456] calling  kallsyms_init+0x0/0x21 @ 1
[    5.786648] initcall kallsyms_init+0x0/0x21 returned 0 after 7 usecs
[    5.794318] calling  pid_namespaces_init+0x0/0x2c @ 1
[    5.800577] initcall pid_namespaces_init+0x0/0x2c returned 0 after 13 usecs
[    5.809179] calling  audit_watch_init+0x0/0x37 @ 1
[    5.814882] initcall audit_watch_init+0x0/0x37 returned 0 after 47 usecs
[    5.823075] calling  audit_fsnotify_init+0x0/0x37 @ 1
[    5.829602] initcall audit_fsnotify_init+0x0/0x37 returned 0 after 3 usecs
[    5.837924] calling  audit_tree_init+0x0/0x6d @ 1
[    5.843811] initcall audit_tree_init+0x0/0x6d returned 0 after 38 usecs
[    5.852105] calling  seccomp_sysctl_init+0x0/0x2b @ 1
[    5.858631] initcall seccomp_sysctl_init+0x0/0x2b returned 0 after 216 usecs
[    5.867185] calling  utsname_sysctl_init+0x0/0x13 @ 1
[    5.874201] initcall utsname_sysctl_init+0x0/0x13 returned 0 after 166 usecs
[    5.883142] calling  init_tracepoints+0x0/0x27 @ 1
[    5.889288] initcall init_tracepoints+0x0/0x27 returned 0 after 233 usecs
[    5.897366] calling  init_blk_tracer+0x0/0x50 @ 1
[    5.903927] initcall init_blk_tracer+0x0/0x50 returned 0 after 1038 usecs
[    5.911860] calling  perf_event_sysfs_init+0x0/0x83 @ 1
[    5.919772] initcall perf_event_sysfs_init+0x0/0x83 returned 0 after 1844 usecs
[    5.928309] calling  system_trusted_keyring_init+0x0/0x5f @ 1
[    5.935102] Initialise system trusted keyrings
[    5.940566] initcall system_trusted_keyring_init+0x0/0x5f returned 0 after 5332 usecs
[    5.949871] calling  kswapd_init+0x0/0x13 @ 1
[    5.955552] srcud-torture: rcu_torture_read_exit: Start of test
[    5.967117] initcall kswapd_init+0x0/0x13 returned 0 after 11843 usecs
[    5.975151] calling  extfrag_debug_init+0x0/0x54 @ 1
[    5.981403] initcall extfrag_debug_init+0x0/0x54 returned 0 after 261 usecs
[    5.989207] calling  slab_proc_init+0x0/0x21 @ 1
[    5.994465] initcall slab_proc_init+0x0/0x21 returned 0 after 19 usecs
[    6.001788] calling  workingset_init+0x0/0x8c @ 1
[    6.007154] workingset: timestamp_bits=62 max_order=17 bucket_order=0
[    6.014574] initcall workingset_init+0x0/0x8c returned 0 after 7243 usecs
[    6.022257] calling  proc_vmalloc_init+0x0/0x27 @ 1
[    6.027741] initcall proc_vmalloc_init+0x0/0x27 returned 0 after 6 usecs
[    6.035206] calling  procswaps_init+0x0/0x1e @ 1
[    6.040482] initcall procswaps_init+0x0/0x1e returned 0 after 76 usecs
[    6.047773] calling  slab_sysfs_init+0x0/0xec @ 1
[    6.062095] initcall slab_sysfs_init+0x0/0xec returned 0 after 8677 usecs
[    6.070120] calling  fcntl_init+0x0/0x29 @ 1
[    6.075753] initcall fcntl_init+0x0/0x29 returned 0 after 13 usecs
[    6.082753] calling  proc_filesystems_init+0x0/0x21 @ 1
[    6.089066] initcall proc_filesystems_init+0x0/0x21 returned 0 after 9 usecs
[    6.098121] calling  start_dirtytime_writeback+0x0/0x29 @ 1
[    6.104389] initcall start_dirtytime_writeback+0x0/0x29 returned 0 after 2 usecs
[    6.112597] calling  blkdev_init+0x0/0x1b @ 1
[    6.117824] initcall blkdev_init+0x0/0x1b returned 0 after 259 usecs
[    6.125175] calling  dio_init+0x0/0x2c @ 1
[    6.130075] initcall dio_init+0x0/0x2c returned 0 after 203 usecs
[    6.138806] calling  dnotify_init+0x0/0x78 @ 1
[    6.145349] initcall dnotify_init+0x0/0x78 returned 0 after 136 usecs
[    6.154483] calling  aio_setup+0x0/0x78 @ 1
[    6.161678] initcall aio_setup+0x0/0x78 returned 0 after 1126 usecs
[    6.168815] calling  io_uring_init+0x0/0x2c @ 1
[    6.174102] initcall io_uring_init+0x0/0x2c returned 0 after 10 usecs
[    6.181537] calling  mbcache_init+0x0/0x30 @ 1
[    6.186732] initcall mbcache_init+0x0/0x30 returned 0 after 93 usecs
[    6.195469] calling  init_grace+0x0/0xc @ 1
[    6.200476] initcall init_grace+0x0/0xc returned 0 after 104 usecs
[    6.207567] calling  init_v2_quota_format+0x0/0x21 @ 1
[    6.213634] initcall init_v2_quota_format+0x0/0x21 returned 0 after 94 usecs
[    6.222907] calling  init_devpts_fs+0x0/0x27 @ 1
[    6.229951] initcall init_devpts_fs+0x0/0x27 returned 0 after 323 usecs
[    6.239350] calling  ext4_init_fs+0x0/0x1c2 @ 1
[    6.246867] initcall ext4_init_fs+0x0/0x1c2 returned 0 after 941 usecs
[    6.254712] calling  journal_init+0x0/0x11c @ 1
[    6.260189] initcall journal_init+0x0/0x11c returned 0 after 326 usecs
[    6.267714] calling  init_fat_fs+0x0/0x49 @ 1
[    6.272964] initcall init_fat_fs+0x0/0x49 returned 0 after 249 usecs
[    6.280255] calling  init_vfat_fs+0x0/0xc @ 1
[    6.285488] initcall init_vfat_fs+0x0/0xc returned 0 after 5 usecs
[    6.292643] calling  init_msdos_fs+0x0/0xc @ 1
[    6.297802] initcall init_msdos_fs+0x0/0xc returned 0 after 4 usecs
[    6.304949] calling  init_iso9660_fs+0x0/0x6c @ 1
[    6.311347] initcall init_iso9660_fs+0x0/0x6c returned 0 after 951 usecs
[    6.320818] calling  init_nfs_fs+0x0/0x13a @ 1
[    6.329959] initcall init_nfs_fs+0x0/0x13a returned 0 after 2664 usecs
[    6.339147] calling  init_nfs_v2+0x0/0x13 @ 1
[    6.345157] initcall init_nfs_v2+0x0/0x13 returned 0 after 70 usecs
[    6.352188] calling  init_nfs_v3+0x0/0x13 @ 1
[    6.357233] initcall init_nfs_v3+0x0/0x13 returned 0 after 2 usecs
[    6.364248] calling  init_nfs_v4+0x0/0x32 @ 1
[    6.369268] NFS: Registering the id_resolver key type
[    6.375073] Key type id_resolver registered
[    6.379827] Key type id_legacy registered
[    6.385449] initcall init_nfs_v4+0x0/0x32 returned 0 after 16002 usecs
[    6.392919] calling  init_nlm+0x0/0x5b @ 1
[    6.397743] initcall init_nlm+0x0/0x5b returned 0 after 125 usecs
[    6.404677] calling  init_nls_cp437+0x0/0xe @ 1
[    6.411131] initcall init_nls_cp437+0x0/0xe returned 0 after 48 usecs
[    6.418446] calling  init_nls_ascii+0x0/0xe @ 1
[    6.423708] initcall init_nls_ascii+0x0/0xe returned 0 after 1 usecs
[    6.431056] calling  init_nls_iso8859_1+0x0/0xe @ 1
[    6.436720] initcall init_nls_iso8859_1+0x0/0xe returned 0 after 1 usecs
[    6.444396] calling  init_nls_utf8+0x0/0x21 @ 1
[    6.449632] initcall init_nls_utf8+0x0/0x21 returned 0 after 1 usecs
[    6.456797] calling  init_autofs_fs+0x0/0x25 @ 1
[    6.463938] initcall init_autofs_fs+0x0/0x25 returned 0 after 1361 usecs
[    6.472809] calling  ipc_init+0x0/0x24 @ 1
[    6.478079] initcall ipc_init+0x0/0x24 returned 0 after 68 usecs
[    6.484855] calling  ipc_sysctl_init+0x0/0x13 @ 1
[    6.490244] initcall ipc_sysctl_init+0x0/0x13 returned 0 after 23 usecs
[    6.497565] calling  init_mqueue_fs+0x0/0xb1 @ 1
[    6.503195] initcall init_mqueue_fs+0x0/0xb1 returned 0 after 448 usecs
[    6.510659] calling  key_proc_init+0x0/0x63 @ 1
[    6.515852] initcall key_proc_init+0x0/0x63 returned 0 after 8 usecs
[    6.523054] calling  selinux_nf_ip_init+0x0/0x2e @ 1
[    6.528825] initcall selinux_nf_ip_init+0x0/0x2e returned 0 after 31 usecs
[    6.537272] calling  init_sel_fs+0x0/0x116 @ 1
[    6.542462] initcall init_sel_fs+0x0/0x116 returned 0 after 0 usecs
[    6.549651] calling  selnl_init+0x0/0x7c @ 1
[    6.554883] initcall selnl_init+0x0/0x7c returned 0 after 279 usecs
[    6.562264] calling  sel_netif_init+0x0/0x36 @ 1
[    6.567627] initcall sel_netif_init+0x0/0x36 returned 0 after 0 usecs
[    6.574939] calling  sel_netnode_init+0x0/0x33 @ 1
[    6.580421] initcall sel_netnode_init+0x0/0x33 returned 0 after 0 usecs
[    6.588089] calling  sel_netport_init+0x0/0x33 @ 1
[    6.593641] initcall sel_netport_init+0x0/0x33 returned 0 after 0 usecs
[    6.601204] calling  aurule_init+0x0/0x2a @ 1
[    6.606250] initcall aurule_init+0x0/0x2a returned 0 after 2 usecs
[    6.613339] calling  crypto_algapi_init+0x0/0xc @ 1
[    6.618935] initcall crypto_algapi_init+0x0/0xc returned 0 after 6 usecs
[    6.626675] calling  jent_mod_init+0x0/0x2d @ 1
[    6.642823] initcall jent_mod_init+0x0/0x2d returned 0 after 10329 usecs
[    6.652488] calling  asymmetric_key_init+0x0/0xc @ 1
[    6.659474] Key type asymmetric registered
[    6.664739] initcall asymmetric_key_init+0x0/0xc returned 0 after 5140 usecs
[    6.672688] calling  x509_key_init+0x0/0xc @ 1
[    6.677832] Asymmetric key parser 'x509' registered
[    6.683474] initcall x509_key_init+0x0/0xc returned 0 after 5572 usecs
[    6.691105] calling  proc_genhd_init+0x0/0x41 @ 1
[    6.696511] initcall proc_genhd_init+0x0/0x41 returned 0 after 27 usecs
[    6.704215] calling  bsg_init+0x0/0x113 @ 1
[    6.709199] Block layer SCSI generic (bsg) driver version 0.4 loaded (major 251)
[    6.717615] initcall bsg_init+0x0/0x113 returned 0 after 8354 usecs
[    6.724778] calling  deadline_init+0x0/0xc @ 1
[    6.729808] io scheduler mq-deadline registered
[    6.734955] initcall deadline_init+0x0/0xc returned 0 after 5070 usecs
[    6.742192] calling  kyber_init+0x0/0xc @ 1
[    6.747031] io scheduler kyber registered
[    6.751657] initcall kyber_init+0x0/0xc returned 0 after 4516 usecs
[    6.758894] calling  mod_init+0x0/0x7 @ 1
[    6.763461] initcall mod_init+0x0/0x7 returned 0 after 0 usecs
[    6.769921] calling  sg_pool_init+0x0/0xb4 @ 1
[    6.775252] initcall sg_pool_init+0x0/0xb4 returned 0 after 166 usecs
[    6.782572] calling  pcie_portdrv_init+0x0/0x39 @ 1
[    6.788599] initcall pcie_portdrv_init+0x0/0x39 returned 0 after 397 usecs
[    6.796356] calling  pci_proc_init+0x0/0x68 @ 1
[    6.801691] initcall pci_proc_init+0x0/0x68 returned 0 after 38 usecs
[    6.809333] calling  pci_hotplug_init+0x0/0x7 @ 1
[    6.815132] initcall pci_hotplug_init+0x0/0x7 returned 0 after 0 usecs
[    6.822780] calling  efifb_driver_init+0x0/0xe @ 1
[    6.828733] initcall efifb_driver_init+0x0/0xe returned 0 after 36 usecs
[    6.836707] calling  ged_driver_init+0x0/0xe @ 1
[    6.842442] initcall ged_driver_init+0x0/0xe returned 0 after 130 usecs
[    6.850335] calling  acpi_ac_init+0x0/0x92 @ 1
[    6.857176] initcall acpi_ac_init+0x0/0x92 returned 0 after 1284 usecs
[    6.865034] calling  acpi_button_driver_init+0x0/0x52 @ 1
[    6.872428] input: Power Button as /devices/LNXSYSTM:00/LNXPWRBN:00/input/input0
[    6.881597] ACPI: Power Button [PWRF]
[    6.886401] initcall acpi_button_driver_init+0x0/0x52 returned 0 after 14169 usecs
[    6.895011] calling  acpi_fan_driver_init+0x0/0xe @ 1
[    6.901029] initcall acpi_fan_driver_init+0x0/0xe returned 0 after 24 usecs
[    6.908991] calling  acpi_video_init+0x0/0xcb @ 1
[    6.914652] initcall acpi_video_init+0x0/0xcb returned 0 after 140 usecs
[    6.922404] calling  acpi_processor_driver_init+0x0/0xad @ 1
[    6.936824] initcall acpi_processor_driver_init+0x0/0xad returned 0 after 5817 usecs
[    6.945883] calling  acpi_thermal_init+0x0/0x71 @ 1
[    6.951800] initcall acpi_thermal_init+0x0/0x71 returned 0 after 181 usecs
[    6.959807] calling  acpi_battery_init+0x0/0x32 @ 1
[    6.965660] initcall acpi_battery_init+0x0/0x32 returned 0 after 44 usecs
[    6.973576] calling  bgrt_init+0x0/0xb6 @ 1
[    6.978999] initcall bgrt_init+0x0/0xb6 returned -19 after 0 usecs
[    6.987220] calling  gpio_clk_driver_init+0x0/0xe @ 1
[    6.994700] initcall gpio_clk_driver_init+0x0/0xe returned 0 after 74 usecs
[    7.005013] calling  plt_clk_driver_init+0x0/0xe @ 1
[    7.012379] initcall plt_clk_driver_init+0x0/0xe returned 0 after 34 usecs
[    7.022176] calling  virtio_pci_driver_init+0x0/0x15 @ 1
[    7.028501] initcall virtio_pci_driver_init+0x0/0x15 returned 0 after 90 usecs
[    7.036884] calling  n_null_init+0x0/0x1e @ 1
[    7.042070] initcall n_null_init+0x0/0x1e returned 0 after 1 usecs
[    7.049241] calling  pty_init+0x0/0x1e8 @ 1
[    7.055159] initcall pty_init+0x0/0x1e8 returned 0 after 935 usecs
[    7.062426] calling  sysrq_init+0x0/0x62 @ 1
[    7.067591] initcall sysrq_init+0x0/0x62 returned 0 after 9 usecs
[    7.074759] calling  serial8250_init+0x0/0x17e @ 1
[    7.080398] Serial: 8250/16550 driver, 4 ports, IRQ sharing enabled
[    7.089382] 00:03: ttyS0 at I/O 0x3f8 (irq = 4, base_baud = 115200) is a 16550A
[    7.100372] initcall serial8250_init+0x0/0x17e returned 0 after 19516 usecs
[    7.108412] calling  serial_pci_driver_init+0x0/0x15 @ 1
[    7.114735] initcall serial_pci_driver_init+0x0/0x15 returned 0 after 86 usecs
[    7.123131] calling  exar_pci_driver_init+0x0/0x15 @ 1
[    7.129226] initcall exar_pci_driver_init+0x0/0x15 returned 0 after 69 usecs
[    7.137398] calling  lpss8250_pci_driver_init+0x0/0x15 @ 1
[    7.144037] initcall lpss8250_pci_driver_init+0x0/0x15 returned 0 after 43 usecs
[    7.152731] calling  mid8250_pci_driver_init+0x0/0x15 @ 1
[    7.158956] initcall mid8250_pci_driver_init+0x0/0x15 returned 0 after 27 usecs
[    7.167457] calling  virtio_console_init+0x0/0xff @ 1
[    7.173477] initcall virtio_console_init+0x0/0xff returned 0 after 154 usecs
[    7.181562] calling  hpet_init+0x0/0x64 @ 1
[    7.187315] initcall hpet_init+0x0/0x64 returned 0 after 775 usecs
[    7.195247] calling  nvram_module_init+0x0/0x83 @ 1
[    7.202600] Non-volatile memory driver v1.3
[    7.208870] initcall nvram_module_init+0x0/0x83 returned 0 after 6309 usecs
[    7.219114] calling  hwrng_modinit+0x0/0x8a @ 1
[    7.225636] initcall hwrng_modinit+0x0/0x8a returned 0 after 142 usecs
[    7.233333] calling  mod_init+0x0/0x48 @ 1
[    7.238186] initcall mod_init+0x0/0x48 returned -19 after 0 usecs
[    7.245389] calling  agp_init+0x0/0x23 @ 1
[    7.250368] Linux agpgart interface v0.103
[    7.255291] initcall agp_init+0x0/0x23 returned 0 after 4806 usecs
[    7.262612] calling  agp_amd64_mod_init+0x0/0x5 @ 1
[    7.268603] initcall agp_amd64_mod_init+0x0/0x5 returned -19 after 182 usecs
[    7.276851] calling  agp_intel_init+0x0/0x28 @ 1
[    7.282729] initcall agp_intel_init+0x0/0x28 returned 0 after 328 usecs
[    7.290570] calling  drm_kms_helper_init+0x0/0x7 @ 1
[    7.296614] initcall drm_kms_helper_init+0x0/0x7 returned 0 after 0 usecs
[    7.304779] calling  drm_core_init+0x0/0xbd @ 1
[    7.310327] initcall drm_core_init+0x0/0xbd returned 0 after 107 usecs
[    7.318057] calling  i915_init+0x0/0x6b @ 1
[    7.323589] initcall i915_init+0x0/0x6b returned 0 after 555 usecs
[    7.331073] calling  cn_proc_init+0x0/0x35 @ 1
[    7.336578] initcall cn_proc_init+0x0/0x35 returned 0 after 42 usecs
[    7.346318] calling  topology_sysfs_init+0x0/0x27 @ 1
[    7.352413] initcall topology_sysfs_init+0x0/0x27 returned 0 after 38 usecs
[    7.360646] calling  cacheinfo_sysfs_init+0x0/0x27 @ 1
[    7.367219] initcall cacheinfo_sysfs_init+0x0/0x27 returned 0 after 460 usecs
[    7.375683] calling  loop_init+0x0/0x16a @ 1
[    7.399931] loop: module loaded
[    7.404099] initcall loop_init+0x0/0x16a returned 0 after 22539 usecs
[    7.412123] calling  mac_hid_init+0x0/0x21 @ 1
[    7.417660] initcall mac_hid_init+0x0/0x21 returned 0 after 33 usecs
[    7.425661] calling  spi_transport_init+0x0/0x74 @ 1
[    7.432196] initcall spi_transport_init+0x0/0x74 returned 0 after 200 usecs
[    7.440777] calling  init_sd+0x0/0x18c @ 1
[    7.446091] initcall init_sd+0x0/0x18c returned 0 after 180 usecs
[    7.453581] calling  init_sr+0x0/0x43 @ 1
[    7.458533] initcall init_sr+0x0/0x43 returned 0 after 15 usecs
[    7.465811] calling  init_sg+0x0/0x1c0 @ 1
[    7.471196] initcall init_sg+0x0/0x1c0 returned 0 after 301 usecs
[    7.478609] calling  ahci_pci_driver_init+0x0/0x15 @ 1
[    7.485212] ahci 0000:00:1f.2: version 3.0
[    7.492265] PCI Interrupt Link [GSIA] enabled at IRQ 16
[    7.506305] ahci 0000:00:1f.2: AHCI 0001.0000 32 slots 6 ports 1.5 Gbps 0x3f impl SATA mode
[    7.516353] ahci 0000:00:1f.2: flags: 64bit ncq only 
[    7.533423] scsi host0: ahci
[    7.538412] scsi host1: ahci
[    7.542793] scsi host2: ahci
[    7.547396] scsi host3: ahci
[    7.551555] scsi host4: ahci
[    7.556576] scsi host5: ahci
[    7.561564] ata1: SATA max UDMA/133 abar m4096@0xfebf1000 port 0xfebf1100 irq 24
[    7.570584] ata2: SATA max UDMA/133 abar m4096@0xfebf1000 port 0xfebf1180 irq 24
[    7.579837] ata3: SATA max UDMA/133 abar m4096@0xfebf1000 port 0xfebf1200 irq 24
[    7.588931] ata4: SATA max UDMA/133 abar m4096@0xfebf1000 port 0xfebf1280 irq 24
[    7.597941] ata5: SATA max UDMA/133 abar m4096@0xfebf1000 port 0xfebf1300 irq 24
[    7.607094] ata6: SATA max UDMA/133 abar m4096@0xfebf1000 port 0xfebf1380 irq 24
[    7.616356] initcall ahci_pci_driver_init+0x0/0x15 returned 0 after 128276 usecs
[    7.625405] calling  piix_init+0x0/0x26 @ 1
[    7.630708] initcall piix_init+0x0/0x26 returned 0 after 124 usecs
[    7.638279] calling  amd_pci_driver_init+0x0/0x15 @ 1
[    7.644482] initcall amd_pci_driver_init+0x0/0x15 returned 0 after 159 usecs
[    7.653220] calling  oldpiix_pci_driver_init+0x0/0x15 @ 1
[    7.659917] initcall oldpiix_pci_driver_init+0x0/0x15 returned 0 after 67 usecs
[    7.668751] calling  sch_pci_driver_init+0x0/0x15 @ 1
[    7.675852] initcall sch_pci_driver_init+0x0/0x15 returned 0 after 82 usecs
[    7.686459] calling  net_olddevs_init+0x0/0x55 @ 1
[    7.693852] initcall net_olddevs_init+0x0/0x55 returned 0 after 137 usecs
[    7.704270] calling  blackhole_netdev_init+0x0/0x78 @ 1
[    7.711870] initcall blackhole_netdev_init+0x0/0x78 returned 0 after 261 usecs
[    7.721037] calling  phy_module_init+0x0/0x13 @ 1
[    7.727321] initcall phy_module_init+0x0/0x13 returned 0 after 393 usecs
[    7.735607] calling  tg3_driver_init+0x0/0x15 @ 1
[    7.742198] initcall tg3_driver_init+0x0/0x15 returned 0 after 112 usecs
[    7.751394] calling  e100_init_module+0x0/0x4c @ 1
[    7.757394] e100: Intel(R) PRO/100 Network Driver
[    7.763503] e100: Copyright(c) 1999-2006 Intel Corporation
[    7.772188] initcall e100_init_module+0x0/0x4c returned 0 after 14444 usecs
[    7.782764] calling  e1000_init_module+0x0/0x72 @ 1
[    7.790221] e1000: Intel(R) PRO/1000 Network Driver
[    7.797671] e1000: Copyright (c) 1999-2006 Intel Corporation.
[    7.806465] initcall e1000_init_module+0x0/0x72 returned 0 after 15860 usecs
[    7.817187] calling  e1000_init_module+0x0/0x2d @ 1
[    7.824706] e1000e: Intel(R) PRO/1000 Network Driver
[    7.832380] e1000e: Copyright(c) 1999 - 2015 Intel Corporation.
[    7.842215] initcall e1000_init_module+0x0/0x2d returned 0 after 17095 usecs
[    7.850861] calling  sky2_init_module+0x0/0x21 @ 1
[    7.856918] sky2: driver version 1.30
[    7.861681] initcall sky2_init_module+0x0/0x21 returned 0 after 4649 usecs
[    7.870301] calling  forcedeth_pci_driver_init+0x0/0x15 @ 1
[    7.877628] initcall forcedeth_pci_driver_init+0x0/0x15 returned 0 after 130 usecs
[    7.887128] calling  rtl8139_init_module+0x0/0x15 @ 1
[    7.893742] initcall rtl8139_init_module+0x0/0x15 returned 0 after 84 usecs
[    7.904525] calling  rtl8169_pci_driver_init+0x0/0x15 @ 1
[    7.912953] initcall rtl8169_pci_driver_init+0x0/0x15 returned 0 after 65 usecs
[    7.923882] calling  cdrom_init+0x0/0xc @ 1
[    7.929307] initcall cdrom_init+0x0/0xc returned 0 after 91 usecs
[    7.936917] calling  nonstatic_sysfs_init+0x0/0xc @ 1
[    7.943237] initcall nonstatic_sysfs_init+0x0/0xc returned 0 after 43 usecs
[    7.951909] calling  yenta_cardbus_driver_init+0x0/0x15 @ 1
[    7.959530] initcall yenta_cardbus_driver_init+0x0/0x15 returned 0 after 290 usecs
[    7.969481] calling  mon_init+0x0/0x144 @ 1
[    7.986503] initcall mon_init+0x0/0x144 returned 0 after 11049 usecs
[    7.996248] calling  ehci_hcd_init+0x0/0x55 @ 1
[    8.003406] ehci_hcd: USB 2.0 'Enhanced' Host Controller (EHCI) Driver
[    8.013500] initcall ehci_hcd_init+0x0/0x55 returned 0 after 9977 usecs
[    8.023637] calling  ehci_pci_init+0x0/0x64 @ 1
[    8.030916] ehci-pci: EHCI PCI platform driver
[    8.038136] initcall ehci_pci_init+0x0/0x64 returned 0 after 7050 usecs
[    8.049485] calling  ohci_hcd_mod_init+0x0/0x4d @ 1
[    8.059176] ohci_hcd: USB 1.1 'Open' Host Controller (OHCI) Driver
[    8.068810] initcall ohci_hcd_mod_init+0x0/0x4d returned 0 after 9405 usecs
[    8.079632] calling  ohci_pci_init+0x0/0x64 @ 1
[    8.086888] ohci-pci: OHCI PCI platform driver
[    8.093840] initcall ohci_pci_init+0x0/0x64 returned 0 after 6804 usecs
[    8.104128] calling  uhci_hcd_init+0x0/0xa6 @ 1
[    8.111227] uhci_hcd: USB Universal Host Controller Interface driver
[    8.121458] initcall uhci_hcd_init+0x0/0xa6 returned 0 after 9988 usecs
[    8.131625] calling  xhci_hcd_init+0x0/0x1e @ 1
[    8.138554] initcall xhci_hcd_init+0x0/0x1e returned 0 after 22 usecs
[    8.148464] calling  xhci_pci_init+0x0/0x49 @ 1
[    8.155743] initcall xhci_pci_init+0x0/0x49 returned 0 after 113 usecs
[    8.165833] calling  usblp_driver_init+0x0/0x15 @ 1
[    8.173354] usbcore: registered new interface driver usblp
[    8.180544] initcall usblp_driver_init+0x0/0x15 returned 0 after 7429 usecs
[    8.190195] calling  usb_storage_driver_init+0x0/0x2a @ 1
[    8.198215] usbcore: registered new interface driver usb-storage
[    8.206554] initcall usb_storage_driver_init+0x0/0x2a returned 0 after 8251 usecs
[    8.216801] calling  i8042_init+0x0/0x4c2 @ 1
[    8.222888] i8042: PNP: PS/2 Controller [PNP0303:KBD,PNP0f13:MOU] at 0x60,0x64 irq 1,12
[    8.241272] serio: i8042 KBD port at 0x60,0x64 irq 1
[    8.248770] serio: i8042 AUX port at 0x60,0x64 irq 12
[    8.255253] initcall i8042_init+0x0/0x4c2 returned 0 after 31777 usecs
[    8.264176] calling  serport_init+0x0/0x2c @ 1
[    8.270298] initcall serport_init+0x0/0x2c returned 0 after 1 usecs
[    8.278556] calling  input_leds_init+0x0/0xc @ 1
[    8.284964] initcall input_leds_init+0x0/0xc returned 0 after 20 usecs
[    8.293918] calling  evdev_init+0x0/0xc @ 1
[    8.303717] initcall evdev_init+0x0/0xc returned 0 after 4031 usecs
[    8.312545] calling  atkbd_init+0x0/0x21 @ 1
[    8.318220] initcall atkbd_init+0x0/0x21 returned 0 after 82 usecs
[    8.327063] calling  psmouse_init+0x0/0x7f @ 1
[    8.333270] initcall psmouse_init+0x0/0x7f returned 0 after 175 usecs
[    8.341740] calling  cmos_init+0x0/0x73 @ 1
[    8.347904] rtc_cmos 00:04: RTC can wake from S4
[    8.361487] input: AT Translated Set 2 keyboard as /devices/platform/i8042/serio0/input/input1
[    8.395871] rtc_cmos 00:04: registered as rtc0
[    8.402459] rtc_cmos 00:04: alarms up to one day, y3k, 242 bytes nvram, hpet irqs
[    8.412515] initcall cmos_init+0x0/0x73 returned 0 after 63627 usecs
[    8.421991] calling  smbalert_driver_init+0x0/0xe @ 1
[    8.429958] initcall smbalert_driver_init+0x0/0xe returned 0 after 75 usecs
[    8.438961] calling  i2c_i801_init+0x0/0xc5 @ 1
[    8.447720] i801_smbus 0000:00:1f.3: SMBus using PCI interrupt
[    8.456276] i2c i2c-0: 1/1 memory slots populated (from DMI)
[    8.463557] i2c i2c-0: Memory type 0x07 not supported yet, not instantiating SPD
[    8.473436] initcall i2c_i801_init+0x0/0xc5 returned 0 after 27719 usecs
[    8.482240] calling  ptp_kvm_init+0x0/0xf0 @ 1
[    8.489776] ata2: SATA link down (SStatus 0 SControl 300)
[    8.498725] ata4: SATA link down (SStatus 0 SControl 300)
[    8.507622] ata3: SATA link up 1.5 Gbps (SStatus 113 SControl 300)
[    8.517632] ata3.00: ATAPI: QEMU DVD-ROM, 2.5+, max UDMA/100
[    8.526846] ata3.00: applying bridge limits
[    8.535305] ata3.00: configured for UDMA/100
[    8.545407] ata1: SATA link down (SStatus 0 SControl 300)
[    8.554621] ata5: SATA link down (SStatus 0 SControl 300)
[    8.564621] scsi 2:0:0:0: CD-ROM            QEMU     QEMU DVD-ROM     2.5+ PQ: 0 ANSI: 5
[    8.580891] initcall ptp_kvm_init+0x0/0xf0 returned 0 after 90352 usecs
[    8.589616] calling  dm_init+0x0/0x3c @ 1
[    8.597589] sr 2:0:0:0: [sr0] scsi3-mmc drive: 4x/4x cd/rw xa/form2 tray
[    8.606821] cdrom: Uniform CD-ROM driver Revision: 3.20
[    8.622457] device-mapper: ioctl: 4.43.0-ioctl (2020-10-01) initialised: dm-devel@redhat.com
[    8.634209] initcall dm_init+0x0/0x3c returned 0 after 37820 usecs
[    8.642826] calling  dm_mirror_init+0x0/0x29 @ 1
[    8.649358] initcall dm_mirror_init+0x0/0x29 returned 0 after 48 usecs
[    8.658337] calling  dm_dirty_log_init+0x0/0x4f @ 1
[    8.665116] initcall dm_dirty_log_init+0x0/0x4f returned 0 after 149 usecs
[    8.674715] calling  dm_zero_init+0x0/0x29 @ 1
[    8.681226] initcall dm_zero_init+0x0/0x29 returned 0 after 2 usecs
[    8.690871] calling  intel_pstate_init+0x0/0x4a4 @ 1
[    8.699159] intel_pstate: CPU model not supported
[    8.706784] initcall intel_pstate_init+0x0/0x4a4 returned -19 after 7443 usecs
[    8.718246] calling  haltpoll_init+0x0/0xc0 @ 1
[    8.725719] initcall haltpoll_init+0x0/0xc0 returned -19 after 35 usecs
[    8.736602] calling  efivars_sysfs_init+0x0/0x30 @ 1
[    8.744947] initcall efivars_sysfs_init+0x0/0x30 returned 0 after 31 usecs
[    8.755973] calling  esrt_sysfs_init+0x0/0x2a2 @ 1
[    8.763869] initcall esrt_sysfs_init+0x0/0x2a2 returned -38 after 1 usecs
[    8.775132] calling  hid_init+0x0/0x5c @ 1
[    8.782204] hid: raw HID events driver (C) Jiri Kosina
[    8.791243] initcall hid_init+0x0/0x5c returned 0 after 8949 usecs
[    8.801269] calling  hid_generic_init+0x0/0x15 @ 1
[    8.809241] initcall hid_generic_init+0x0/0x15 returned 0 after 163 usecs
[    8.820128] calling  a4_driver_init+0x0/0x15 @ 1
[    8.827540] initcall a4_driver_init+0x0/0x15 returned 0 after 43 usecs
[    8.838244] calling  apple_driver_init+0x0/0x15 @ 1
[    8.846758] initcall apple_driver_init+0x0/0x15 returned 0 after 169 usecs
[    8.858157] calling  belkin_driver_init+0x0/0x15 @ 1
[    8.867554] initcall belkin_driver_init+0x0/0x15 returned 0 after 44 usecs
[    8.878901] calling  ch_driver_init+0x0/0x15 @ 1
[    8.886916] initcall ch_driver_init+0x0/0x15 returned 0 after 230 usecs
[    8.897383] calling  ch_driver_init+0x0/0x15 @ 1
[    8.904176] initcall ch_driver_init+0x0/0x15 returned 0 after 47 usecs
[    8.913698] calling  cp_driver_init+0x0/0x15 @ 1
[    8.920675] initcall cp_driver_init+0x0/0x15 returned 0 after 35 usecs
[    8.930167] calling  ez_driver_init+0x0/0x15 @ 1
[    8.937247] initcall ez_driver_init+0x0/0x15 returned 0 after 38 usecs
[    8.946728] calling  gyration_driver_init+0x0/0x15 @ 1
[    8.955184] initcall gyration_driver_init+0x0/0x15 returned 0 after 49 usecs
[    8.967051] calling  ite_driver_init+0x0/0x15 @ 1
[    8.974987] initcall ite_driver_init+0x0/0x15 returned 0 after 112 usecs
[    8.985788] calling  ks_driver_init+0x0/0x15 @ 1
[    8.993220] initcall ks_driver_init+0x0/0x15 returned 0 after 46 usecs
[    9.003781] calling  lg_driver_init+0x0/0x15 @ 1
[    9.011426] initcall lg_driver_init+0x0/0x15 returned 0 after 100 usecs
[    9.021247] calling  lg_g15_driver_init+0x0/0x15 @ 1
[    9.032098] initcall lg_g15_driver_init+0x0/0x15 returned 0 after 220 usecs
[    9.042184] calling  ms_driver_init+0x0/0x15 @ 1
[    9.049201] initcall ms_driver_init+0x0/0x15 returned 0 after 66 usecs
[    9.059101] calling  mr_driver_init+0x0/0x15 @ 1
[    9.066318] initcall mr_driver_init+0x0/0x15 returned 0 after 36 usecs
[    9.075429] calling  ntrig_driver_init+0x0/0x15 @ 1
[    9.083191] initcall ntrig_driver_init+0x0/0x15 returned 0 after 48 usecs
[    9.093503] calling  pl_driver_init+0x0/0x15 @ 1
[    9.100667] initcall pl_driver_init+0x0/0x15 returned 0 after 57 usecs
[    9.111168] calling  pl_driver_init+0x0/0x15 @ 1
[    9.118413] initcall pl_driver_init+0x0/0x15 returned 0 after 50 usecs
[    9.129153] calling  redragon_driver_init+0x0/0x15 @ 1
[    9.137412] initcall redragon_driver_init+0x0/0x15 returned 0 after 80 usecs
[    9.148303] calling  samsung_driver_init+0x0/0x15 @ 1
[    9.156430] initcall samsung_driver_init+0x0/0x15 returned 0 after 39 usecs
[    9.167170] calling  sony_init+0x0/0x38 @ 1
[    9.174181] initcall sony_init+0x0/0x38 returned 0 after 36 usecs
[    9.183881] calling  sp_driver_init+0x0/0x15 @ 1
[    9.190973] initcall sp_driver_init+0x0/0x15 returned 0 after 62 usecs
[    9.201065] calling  ts_driver_init+0x0/0x15 @ 1
[    9.208392] initcall ts_driver_init+0x0/0x15 returned 0 after 68 usecs
[    9.219221] calling  hid_init+0x0/0x58 @ 1
[    9.225400] usbcore: registered new interface driver usbhid
[    9.232849] usbhid: USB HID core driver
[    9.238430] initcall hid_init+0x0/0x58 returned 0 after 12776 usecs
[    9.246968] calling  eeepc_laptop_init+0x0/0x57 @ 1
[    9.254630] initcall eeepc_laptop_init+0x0/0x57 returned -19 after 101 usecs
[    9.264607] calling  pmc_atom_init+0x0/0x27a @ 1
[    9.271596] initcall pmc_atom_init+0x0/0x27a returned -19 after 9 usecs
[    9.281480] calling  alsa_hwdep_init+0x0/0x5e @ 1
[    9.289631] initcall alsa_hwdep_init+0x0/0x5e returned 0 after 282 usecs
[    9.300051] calling  alsa_timer_init+0x0/0x1f9 @ 1
[    9.310877] ata6: SATA link down (SStatus 0 SControl 300)
[    9.332949] sr 2:0:0:0: Attached scsi CD-ROM sr0
[    9.343296] sr 2:0:0:0: Attached scsi generic sg0 type 5
[    9.352130] initcall alsa_timer_init+0x0/0x1f9 returned 0 after 43460 usecs
[    9.362915] calling  snd_hrtimer_init+0x0/0x117 @ 1
[    9.370760] initcall snd_hrtimer_init+0x0/0x117 returned 0 after 5 usecs
[    9.381009] calling  alsa_pcm_init+0x0/0x64 @ 1
[    9.387941] initcall alsa_pcm_init+0x0/0x64 returned 0 after 47 usecs
[    9.397853] calling  alsa_seq_init+0x0/0x4a @ 1
[    9.406537] initcall alsa_seq_init+0x0/0x4a returned 0 after 920 usecs
[    9.416024] calling  alsa_seq_dummy_init+0x0/0x9c @ 1
[    9.423712] initcall alsa_seq_dummy_init+0x0/0x9c returned 0 after 559 usecs
[    9.433259] calling  azx_driver_init+0x0/0x15 @ 1
[    9.441515] initcall azx_driver_init+0x0/0x15 returned 0 after 1607 usecs
[    9.450390] calling  sock_diag_init+0x0/0x2a @ 1
[    9.458344] initcall sock_diag_init+0x0/0x2a returned 0 after 368 usecs
[    9.469102] calling  blackhole_init+0x0/0xc @ 1
[    9.476653] initcall blackhole_init+0x0/0xc returned 0 after 135 usecs
[    9.486552] calling  nfnetlink_init+0x0/0x61 @ 1
[    9.494258] initcall nfnetlink_init+0x0/0x61 returned 0 after 181 usecs
[    9.505040] calling  nfnetlink_log_init+0x0/0x99 @ 1
[    9.513296] initcall nfnetlink_log_init+0x0/0x99 returned 0 after 252 usecs
[    9.524314] calling  nf_conntrack_standalone_init+0x0/0x87 @ 1
[    9.538758] initcall nf_conntrack_standalone_init+0x0/0x87 returned 0 after 5599 usecs
[    9.550691] calling  ctnetlink_init+0x0/0x83 @ 1
[    9.558229] initcall ctnetlink_init+0x0/0x83 returned 0 after 250 usecs
[    9.568843] calling  nf_conntrack_ftp_init+0x0/0x12c @ 1
[    9.577406] initcall nf_conntrack_ftp_init+0x0/0x12c returned 0 after 43 usecs
[    9.588963] calling  nf_conntrack_irc_init+0x0/0x129 @ 1
[    9.597498] initcall nf_conntrack_irc_init+0x0/0x129 returned 0 after 26 usecs
[    9.608575] calling  nf_conntrack_sip_init+0x0/0x172 @ 1
[    9.617475] initcall nf_conntrack_sip_init+0x0/0x172 returned 0 after 10 usecs
[    9.629201] calling  nf_nat_init+0x0/0xf0 @ 1
[    9.638537] initcall nf_nat_init+0x0/0xf0 returned 0 after 2178 usecs
[    9.649106] calling  nf_nat_ftp_init+0x0/0x2a @ 1
[    9.657060] initcall nf_nat_ftp_init+0x0/0x2a returned 0 after 29 usecs
[    9.668073] calling  nf_nat_irc_init+0x0/0x2a @ 1
[    9.676167] initcall nf_nat_irc_init+0x0/0x2a returned 0 after 2 usecs
[    9.686906] calling  nf_nat_sip_init+0x0/0x36 @ 1
[    9.716240] initcall nf_nat_sip_init+0x0/0x36 returned 0 after 2197 usecs
[    9.730362] calling  xt_init+0x0/0x113 @ 1
[    9.739324] initcall xt_init+0x0/0x113 returned 0 after 2103 usecs
[    9.749474] calling  tcpudp_mt_init+0x0/0x11 @ 1
[    9.762709] initcall tcpudp_mt_init+0x0/0x11 returned 0 after 5333 usecs
[    9.775242] calling  connsecmark_tg_init+0x0/0xc @ 1
[    9.783263] initcall connsecmark_tg_init+0x0/0xc returned 0 after 2 usecs
[    9.794437] calling  nflog_tg_init+0x0/0xc @ 1
[    9.801707] initcall nflog_tg_init+0x0/0xc returned 0 after 2 usecs
[    9.811787] calling  secmark_tg_init+0x0/0x11 @ 1
[    9.819307] initcall secmark_tg_init+0x0/0x11 returned 0 after 3 usecs
[    9.830322] calling  tcpmss_tg_init+0x0/0x11 @ 1
[    9.837926] initcall tcpmss_tg_init+0x0/0x11 returned 0 after 3 usecs
[    9.848433] calling  conntrack_mt_init+0x0/0x11 @ 1
[    9.857107] initcall conntrack_mt_init+0x0/0x11 returned 0 after 3 usecs
[    9.868715] calling  policy_mt_init+0x0/0x11 @ 1
[    9.876519] initcall policy_mt_init+0x0/0x11 returned 0 after 3 usecs
[    9.888030] calling  state_mt_init+0x0/0xc @ 1
[    9.895437] initcall state_mt_init+0x0/0xc returned 0 after 2 usecs
[    9.904930] calling  gre_offload_init+0x0/0x48 @ 1
[    9.913637] initcall gre_offload_init+0x0/0x48 returned 0 after 380 usecs
[    9.924434] calling  sysctl_ipv4_init+0x0/0x46 @ 1
[    9.936507] initcall sysctl_ipv4_init+0x0/0x46 returned 0 after 4040 usecs
[    9.948323] calling  tunnel4_init+0x0/0x58 @ 1
[    9.956555] initcall tunnel4_init+0x0/0x58 returned 0 after 158 usecs
[    9.968522] calling  nf_defrag_init+0x0/0xc @ 1
[    9.976839] initcall nf_defrag_init+0x0/0xc returned 0 after 3 usecs
[    9.987595] calling  ip_tables_init+0x0/0x8d @ 1
[    9.996864] initcall ip_tables_init+0x0/0x8d returned 0 after 1402 usecs
[   10.007694] calling  iptable_filter_init+0x0/0x4c @ 1
[   10.028296] initcall iptable_filter_init+0x0/0x4c returned 0 after 13116 usecs
[   10.038306] calling  iptable_mangle_init+0x0/0xb8 @ 1
[   10.053833] initcall iptable_mangle_init+0x0/0xb8 returned 0 after 8492 usecs
[   10.064463] calling  reject_tg_init+0x0/0xc @ 1
[   10.072557] initcall reject_tg_init+0x0/0xc returned 0 after 2 usecs
[   10.083753] calling  cubictcp_register+0x0/0x53 @ 1
[   10.093160] initcall cubictcp_register+0x0/0x53 returned 0 after 209 usecs
[   10.105108] calling  xfrm_user_init+0x0/0x45 @ 1
[   10.112851] Initializing XFRM netlink socket
[   10.124819] initcall xfrm_user_init+0x0/0x45 returned 0 after 11596 usecs
[   10.135496] calling  inet6_init+0x0/0x35e @ 1
[   10.165583] NET: Registered protocol family 10
[   10.233815] input: ImExPS/2 Generic Explorer Mouse as /devices/platform/i8042/serio1/input/input3
[   11.132380] Segment Routing with IPv6
[   11.137891] initcall inet6_init+0x0/0x35e returned 0 after 971550 usecs
[   11.147814] calling  ah6_init+0x0/0x71 @ 1
[   11.153849] initcall ah6_init+0x0/0x71 returned 0 after 118 usecs
[   11.163035] calling  esp6_init+0x0/0x71 @ 1
[   11.169499] initcall esp6_init+0x0/0x71 returned 0 after 3 usecs
[   11.178659] calling  ip6_tables_init+0x0/0x8d @ 1
[   11.186799] initcall ip6_tables_init+0x0/0x8d returned 0 after 106 usecs
[   11.197905] calling  ip6table_filter_init+0x0/0x4c @ 1
[   11.207376] initcall ip6table_filter_init+0x0/0x4c returned 0 after 1296 usecs
[   11.219327] calling  ip6table_mangle_init+0x0/0xb8 @ 1
[   11.228139] initcall ip6table_mangle_init+0x0/0xb8 returned 0 after 284 usecs
[   11.240867] calling  nf_defrag_init+0x0/0x45 @ 1
[   11.250192] initcall nf_defrag_init+0x0/0x45 returned 0 after 78 usecs
[   11.263734] calling  ipv6header_mt6_init+0x0/0xc @ 1
[   11.273041] initcall ipv6header_mt6_init+0x0/0xc returned 0 after 2 usecs
[   11.284947] calling  reject_tg6_init+0x0/0xc @ 1
[   11.292901] initcall reject_tg6_init+0x0/0xc returned 0 after 2 usecs
[   11.302365] calling  sit_init+0x0/0xc3 @ 1
[   11.309319] sit: IPv6, IPv4 and MPLS over IPv4 tunneling driver
[   11.322523] initcall sit_init+0x0/0xc3 returned 0 after 12891 usecs
[   11.332536] calling  packet_init+0x0/0x75 @ 1
[   11.339420] NET: Registered protocol family 17
[   11.346120] initcall packet_init+0x0/0x75 returned 0 after 6642 usecs
[   11.355419] calling  init_rpcsec_gss+0x0/0x60 @ 1
[   11.363306] initcall init_rpcsec_gss+0x0/0x60 returned 0 after 773 usecs
[   11.373553] calling  init_dns_resolver+0x0/0xcd @ 1
[   11.381552] Key type dns_resolver registered
