c[?7l[2J[0mSeaBIOS (version 1.16.0-debian-1.16.0-4)
Booting from ROM...
early console in setup code
c[?7l[2J[    0.000000] Linux version 5.10.154+ (root@joelboxx.c.googlers.com) (gcc (Debian 12.2.0-3) 12.2.0, GNU ld (GNU Binutils for Debian) 2.39) #6 SMP Tue Dec 13 06:20:38 UTC 2022
[    0.000000] Command line: selinux=0 initcall_debug debug console=ttyS0 rcutree.rcu_fanout_leaf=4 nohz_full=1-7 rcutorture.onoff_interval=1000 rcutorture.onoff_holdoff=30 rcutorture.n_barrier_cbs=4 rcutorture.stat_interval=15 rcutorture.shutdown_secs=1800 rcutorture.test_no_idle_hz=1 rcutorture.verbose=1
[    0.000000] x86/fpu: x87 FPU will use FXSAVE
[    0.000000] BIOS-provided physical RAM map:
[    0.000000] BIOS-e820: [mem 0x0000000000000000-0x000000000009fbff] usable
[    0.000000] BIOS-e820: [mem 0x000000000009fc00-0x000000000009ffff] reserved
[    0.000000] BIOS-e820: [mem 0x00000000000f0000-0x00000000000fffff] reserved
[    0.000000] BIOS-e820: [mem 0x0000000000100000-0x000000001ffdefff] usable
[    0.000000] BIOS-e820: [mem 0x000000001ffdf000-0x000000001fffffff] reserved
[    0.000000] BIOS-e820: [mem 0x00000000b0000000-0x00000000bfffffff] reserved
[    0.000000] BIOS-e820: [mem 0x00000000fed1c000-0x00000000fed1ffff] reserved
[    0.000000] BIOS-e820: [mem 0x00000000feffc000-0x00000000feffffff] reserved
[    0.000000] BIOS-e820: [mem 0x00000000fffc0000-0x00000000ffffffff] reserved
[    0.000000] NX (Execute Disable) protection: active
[    0.000000] SMBIOS 2.8 present.
[    0.000000] DMI: QEMU Standard PC (Q35 + ICH9, 2009), BIOS 1.16.0-debian-1.16.0-4 04/01/2014
[    0.000000] Hypervisor detected: KVM
[    0.000000] kvm-clock: Using msrs 4b564d01 and 4b564d00
[    0.000000] kvm-clock: cpu 0, msr 14aa8001, primary cpu clock
[    0.000001] kvm-clock: using sched offset of 1072228428 cycles
[    0.000060] clocksource: kvm-clock: mask: 0xffffffffffffffff max_cycles: 0x1cd42e4dffb, max_idle_ns: 881590591483 ns
[    0.000102] tsc: Detected 1999.999 MHz processor
[    0.006191] e820: update [mem 0x00000000-0x00000fff] usable ==> reserved
[    0.006199] e820: remove [mem 0x000a0000-0x000fffff] usable
[    0.006210] last_pfn = 0x1ffdf max_arch_pfn = 0x400000000
[    0.007177] MTRR default type: write-back
[    0.007181] MTRR fixed ranges enabled:
[    0.007183]   00000-9FFFF write-back
[    0.007185]   A0000-BFFFF uncachable
[    0.007186]   C0000-FFFFF write-protect
[    0.007188] MTRR variable ranges enabled:
[    0.007190]   0 base 00C0000000 mask FFC0000000 uncachable
[    0.007192]   1 disabled
[    0.007193]   2 disabled
[    0.007194]   3 disabled
[    0.007195]   4 disabled
[    0.007197]   5 disabled
[    0.007197]   6 disabled
[    0.007198]   7 disabled
[    0.007462] x86/PAT: Configuration [0-7]: WB  WC  UC- UC  WB  WC  UC- UC  
[    0.018716] found SMP MP-table at [mem 0x000f5ba0-0x000f5baf]
[    0.021097] check: Scanning 1 areas for low memory corruption
[    0.029719] ACPI: Early table checksum verification disabled
[    0.030948] ACPI: RSDP 0x00000000000F59E0 000014 (v00 BOCHS )
[    0.031159] ACPI: RSDT 0x000000001FFE252A 000038 (v01 BOCHS  BXPC     00000001 BXPC 00000001)
[    0.031295] ACPI: FACP 0x000000001FFE22EA 0000F4 (v03 BOCHS  BXPC     00000001 BXPC 00000001)
[    0.031453] ACPI: DSDT 0x000000001FFE0040 0022AA (v01 BOCHS  BXPC     00000001 BXPC 00000001)
[    0.031457] ACPI: FACS 0x000000001FFE0000 000040
[    0.031461] ACPI: APIC 0x000000001FFE23DE 0000B0 (v01 BOCHS  BXPC     00000001 BXPC 00000001)
[    0.031466] ACPI: HPET 0x000000001FFE248E 000038 (v01 BOCHS  BXPC     00000001 BXPC 00000001)
[    0.031470] ACPI: MCFG 0x000000001FFE24C6 00003C (v01 BOCHS  BXPC     00000001 BXPC 00000001)
[    0.031475] ACPI: WAET 0x000000001FFE2502 000028 (v01 BOCHS  BXPC     00000001 BXPC 00000001)
[    0.031479] ACPI: Reserving FACP table memory at [mem 0x1ffe22ea-0x1ffe23dd]
[    0.031481] ACPI: Reserving DSDT table memory at [mem 0x1ffe0040-0x1ffe22e9]
[    0.031482] ACPI: Reserving FACS table memory at [mem 0x1ffe0000-0x1ffe003f]
[    0.031483] ACPI: Reserving APIC table memory at [mem 0x1ffe23de-0x1ffe248d]
[    0.031484] ACPI: Reserving HPET table memory at [mem 0x1ffe248e-0x1ffe24c5]
[    0.031485] ACPI: Reserving MCFG table memory at [mem 0x1ffe24c6-0x1ffe2501]
[    0.031486] ACPI: Reserving WAET table memory at [mem 0x1ffe2502-0x1ffe2529]
[    0.032070] ACPI: Local APIC address 0xfee00000
[    0.035530] No NUMA configuration found
[    0.035532] Faking a node at [mem 0x0000000000000000-0x000000001ffdefff]
[    0.035641] NODE_DATA(0) allocated [mem 0x1ffdb000-0x1ffdefff]
[    0.036895] Zone ranges:
[    0.036942]   DMA      [mem 0x0000000000001000-0x0000000000ffffff]
[    0.036944]   DMA32    [mem 0x0000000001000000-0x000000001ffdefff]
[    0.036945]   Normal   empty
[    0.036947] Movable zone start for each node
[    0.036948] Early memory node ranges
[    0.036999]   node   0: [mem 0x0000000000001000-0x000000000009efff]
[    0.037046]   node   0: [mem 0x0000000000100000-0x000000001ffdefff]
[    0.037136] Initmem setup node 0 [mem 0x0000000000001000-0x000000001ffdefff]
[    0.037138] On node 0 totalpages: 130941
[    0.037139]   DMA zone: 64 pages used for memmap
[    0.037140]   DMA zone: 21 pages reserved
[    0.037142]   DMA zone: 3998 pages, LIFO batch:0
[    0.037143]   DMA32 zone: 1984 pages used for memmap
[    0.037144]   DMA32 zone: 126943 pages, LIFO batch:31
[    0.037812] On node 0, zone DMA: 1 pages in unavailable ranges
[    0.037945] On node 0, zone DMA: 97 pages in unavailable ranges
[    0.120162] On node 0, zone DMA32: 33 pages in unavailable ranges
[    0.124377] ACPI: PM-Timer IO Port: 0x608
[    0.124383] ACPI: Local APIC address 0xfee00000
[    0.124536] ACPI: LAPIC_NMI (acpi_id[0xff] dfl dfl lint[0x1])
[    0.125452] IOAPIC[0]: apic_id 0, version 17, address 0xfec00000, GSI 0-23
[    0.125456] ACPI: INT_SRC_OVR (bus 0 bus_irq 0 global_irq 2 dfl dfl)
[    0.125504] ACPI: INT_SRC_OVR (bus 0 bus_irq 5 global_irq 5 high level)
[    0.125505] ACPI: INT_SRC_OVR (bus 0 bus_irq 9 global_irq 9 high level)
[    0.125507] ACPI: INT_SRC_OVR (bus 0 bus_irq 10 global_irq 10 high level)
[    0.125508] ACPI: INT_SRC_OVR (bus 0 bus_irq 11 global_irq 11 high level)
[    0.125510] ACPI: IRQ0 used by override.
[    0.125511] ACPI: IRQ5 used by override.
[    0.125512] ACPI: IRQ9 used by override.
[    0.125513] ACPI: IRQ10 used by override.
[    0.125514] ACPI: IRQ11 used by override.
[    0.125568] Using ACPI (MADT) for SMP configuration information
[    0.125570] ACPI: HPET id: 0x8086a201 base: 0xfed00000
[    0.125895] smpboot: Allowing 8 CPUs, 0 hotplug CPUs
[    0.126626] PM: hibernation: Registered nosave memory: [mem 0x00000000-0x00000fff]
[    0.126628] PM: hibernation: Registered nosave memory: [mem 0x0009f000-0x0009ffff]
[    0.126630] PM: hibernation: Registered nosave memory: [mem 0x000a0000-0x000effff]
[    0.126631] PM: hibernation: Registered nosave memory: [mem 0x000f0000-0x000fffff]
[    0.126634] [mem 0x20000000-0xafffffff] available for PCI devices
[    0.126681] Booting paravirtualized kernel on KVM
[    0.126880] clocksource: refined-jiffies: mask: 0xffffffff max_cycles: 0xffffffff, max_idle_ns: 1910969940391419 ns
[    0.156463] setup_percpu: NR_CPUS:8 nr_cpumask_bits:8 nr_cpu_ids:8 nr_node_ids:1
[    0.201737] percpu: Embedded 56 pages/cpu s191512 r8192 d29672 u262144
[    0.201749] pcpu-alloc: s191512 r8192 d29672 u262144 alloc=1*2097152
[    0.201752] pcpu-alloc: [0] 0 1 2 3 4 5 6 7 
[    0.201969] kvm-guest: stealtime: cpu 0, msr 1f41b600
[    0.202147] Built 1 zonelists, mobility grouping on.  Total pages: 128872
[    0.202149] Policy zone: DMA32
[    0.202152] Kernel command line: selinux=0 initcall_debug debug console=ttyS0 rcutree.rcu_fanout_leaf=4 nohz_full=1-7 rcutorture.onoff_interval=1000 rcutorture.onoff_holdoff=30 rcutorture.n_barrier_cbs=4 rcutorture.stat_interval=15 rcutorture.shutdown_secs=1800 rcutorture.test_no_idle_hz=1 rcutorture.verbose=1
[    0.227733] Dentry cache hash table entries: 65536 (order: 7, 524288 bytes, linear)
[    0.233613] Inode-cache hash table entries: 32768 (order: 6, 262144 bytes, linear)
[    0.234148] mem auto-init: stack:all(zero), heap alloc:off, heap free:off
[    0.244619] Memory: 479784K/523764K available (14349K kernel code, 2548K rwdata, 4708K rodata, 1504K init, 1480K bss, 43720K reserved, 0K cma-reserved)
[    0.245149] SLUB: HWalign=64, Order=0-3, MinObjects=0, CPUs=8, Nodes=1
[    0.245541] Kernel/User page tables isolation: enabled
[    0.256633] rcu: Hierarchical RCU implementation.
[    0.256636] rcu: 	RCU event tracing is enabled.
[    0.256638] rcu: 	CONFIG_RCU_FANOUT set to non-default value of 4.
[    0.256639] rcu: 	RCU dyntick-idle grace-period acceleration is enabled.
[    0.256640] rcu: 	Build-time adjustment of leaf fanout to 3.
[    0.256641] rcu: 	Boot-time adjustment of leaf fanout to 4.
[    0.256643] rcu: 	RCU debug extended QS entry/exit.
[    0.256644] 	Trampoline variant of Tasks RCU enabled.
[    0.256645] 	Rude variant of Tasks RCU enabled.
[    0.256646] 	Tracing variant of Tasks RCU enabled.
[    0.256648] rcu: RCU calculated value of scheduler-enlistment delay is 100 jiffies.
[    0.256649] rcu: Adjusting geometry for rcu_fanout_leaf=4, nr_cpu_ids=8
[    0.271828] NR_IRQS: 4352, nr_irqs: 488, preallocated irqs: 16
[    0.272828] NO_HZ: Full dynticks CPUs: 1-7.
[    0.272829] rcu: 	Offload RCU callbacks from CPUs: 1-7.
[    0.274250] calling  con_init+0x0/0x22a @ 0
[    0.501402] Console: colour VGA+ 80x25
[    0.501418] initcall con_init+0x0/0x22a returned 0 after 0 usecs
[    0.501421] calling  hvc_console_init+0x0/0x13 @ 0
[    0.501424] initcall hvc_console_init+0x0/0x13 returned 0 after 0 usecs
[    0.501426] calling  univ8250_console_init+0x0/0x26 @ 0
[    1.446942] printk: console [ttyS0] enabled
[    1.454795] initcall univ8250_console_init+0x0/0x26 returned 0 after 0 usecs
[    1.469973] ACPI: Core revision 20200925
[    1.488939] clocksource: hpet: mask: 0xffffffff max_cycles: 0xffffffff, max_idle_ns: 19112604467 ns
[    1.509577] APIC: Switch to symmetric I/O mode setup
[    1.577881] ..TIMER: vector=0x30 apic1=0 pin1=2 apic2=-1 pin2=-1
[    1.585862] clocksource: tsc-early: mask: 0xffffffffffffffff max_cycles: 0x39a85afc727, max_idle_ns: 881590685098 ns
[    1.602589] Calibrating delay loop (skipped) preset value.. 3999.99 BogoMIPS (lpj=1999999)
[    1.603689] pid_max: default: 32768 minimum: 301
[    1.605763] LSM: Security Framework initializing
[    1.609911] Mount-cache hash table entries: 1024 (order: 1, 8192 bytes, linear)
[    1.610816] Mountpoint-cache hash table entries: 1024 (order: 1, 8192 bytes, linear)
[    1.636377] Last level iTLB entries: 4KB 0, 2MB 0, 4MB 0
[    1.636593] Last level dTLB entries: 4KB 0, 2MB 0, 4MB 0, 1GB 0
[    1.638087] Spectre V1 : Mitigation: usercopy/swapgs barriers and __user pointer sanitization
[    1.638595] Spectre V2 : Mitigation: Retpolines
[    1.639592] Spectre V2 : Spectre v2 / SpectreRSB mitigation: Filling RSB on context switch
[    1.640592] Spectre V2 : Spectre v2 / SpectreRSB : Filling RSB on VMEXIT
[    1.641593] Speculative Store Bypass: Vulnerable
[    1.642872] MDS: Vulnerable: Clear CPU buffers attempted, no microcode
[    1.643592] MMIO Stale Data: Unknown: No mitigations
[    1.842004] Freeing SMP alternatives memory: 44K
[    1.944589] smpboot: CPU0: Intel Common KVM processor (family: 0xf, model: 0x6, stepping: 0x1)
[    1.957589] calling  init_hw_perf_events+0x0/0x6ce @ 1
[    1.958680] Performance Events: unsupported Netburst CPU model 6 no PMU driver, software events only.
[    1.959656] initcall init_hw_perf_events+0x0/0x6ce returned 0 after 976 usecs
[    1.960595] calling  init_real_mode+0x0/0x1e9 @ 1
[    1.964335] initcall init_real_mode+0x0/0x1e9 returned 0 after 1953 usecs
[    1.964598] calling  trace_init_perf_perm_irq_work_exit+0x0/0x12 @ 1
[    1.965599] initcall trace_init_perf_perm_irq_work_exit+0x0/0x12 returned 0 after 0 usecs
[    1.966598] calling  validate_x2apic+0x0/0x4a @ 1
[    1.967624] initcall validate_x2apic+0x0/0x4a returned 0 after 0 usecs
[    1.968596] calling  register_nmi_cpu_backtrace_handler+0x0/0x15 @ 1
[    1.969630] initcall register_nmi_cpu_backtrace_handler+0x0/0x15 returned 0 after 0 usecs
[    1.970597] calling  kvm_setup_vsyscall_timeinfo+0x0/0xce @ 1
[    1.971640] initcall kvm_setup_vsyscall_timeinfo+0x0/0xce returned 0 after 0 usecs
[    1.972596] calling  spawn_ksoftirqd+0x0/0x38 @ 1
[    1.974694] initcall spawn_ksoftirqd+0x0/0x38 returned 0 after 976 usecs
[    1.975597] calling  migration_init+0x0/0x3c @ 1
[    1.976597] initcall migration_init+0x0/0x3c returned 0 after 0 usecs
[    1.977596] calling  srcu_bootup_announce+0x0/0x2f @ 1
[    1.978593] rcu: Hierarchical SRCU implementation.
[    1.979596] initcall srcu_bootup_announce+0x0/0x2f returned 0 after 976 usecs
[    1.980597] calling  rcu_spawn_gp_kthread+0x0/0x1dd @ 1
[    1.982244] initcall rcu_spawn_gp_kthread+0x0/0x1dd returned 0 after 0 usecs
[    1.982595] calling  check_cpu_stall_init+0x0/0x1a @ 1
[    1.983595] initcall check_cpu_stall_init+0x0/0x1a returned 0 after 0 usecs
[    1.984594] calling  rcu_sysrq_init+0x0/0x21 @ 1
[    1.985595] initcall rcu_sysrq_init+0x0/0x21 returned 0 after 0 usecs
[    1.986595] calling  trace_init_flags_sys_enter+0x0/0xe @ 1
[    1.987805] initcall trace_init_flags_sys_enter+0x0/0xe returned 0 after 0 usecs
[    1.988596] calling  trace_init_flags_sys_exit+0x0/0xe @ 1
[    1.989596] initcall trace_init_flags_sys_exit+0x0/0xe returned 0 after 0 usecs
[    1.990596] calling  cpu_stop_init+0x0/0x6e @ 1
[    1.993275] initcall cpu_stop_init+0x0/0x6e returned 0 after 976 usecs
[    1.994602] calling  init_kprobes+0x0/0x165 @ 1
[    1.997519] initcall init_kprobes+0x0/0x165 returned 0 after 976 usecs
[    1.997641] calling  init_events+0x0/0x3d @ 1
[    1.999784] initcall init_events+0x0/0x3d returned 0 after 976 usecs
[    2.000597] calling  init_trace_printk+0x0/0xc @ 1
[    2.001597] initcall init_trace_printk+0x0/0xc returned 0 after 0 usecs
[    2.002596] calling  event_trace_enable_again+0x0/0x23 @ 1
[    2.003663] initcall event_trace_enable_again+0x0/0x23 returned 0 after 0 usecs
[    2.004607] calling  static_call_init+0x0/0x77 @ 1
[    2.005636] initcall static_call_init+0x0/0x77 returned 0 after 0 usecs
[    2.006597] calling  jump_label_init_module+0x0/0xc @ 1
[    2.008597] initcall jump_label_init_module+0x0/0xc returned 0 after 0 usecs
[    2.009597] calling  init_zero_pfn+0x0/0x37 @ 1
[    2.010632] initcall init_zero_pfn+0x0/0x37 returned 0 after 0 usecs
[    2.011598] calling  initialize_ptr_random+0x0/0x54 @ 1
[    2.012734] initcall initialize_ptr_random+0x0/0x54 returned 0 after 0 usecs
[    2.013675] calling  efi_memreserve_root_init+0x0/0x25 @ 1
[    2.015734] initcall efi_memreserve_root_init+0x0/0x25 returned 0 after 0 usecs
[    2.016598] calling  efi_earlycon_remap_fb+0x0/0x51 @ 1
[    2.017652] initcall efi_earlycon_remap_fb+0x0/0x51 returned 0 after 0 usecs
[    2.022299] smp: Bringing up secondary CPUs ...
[    2.026826] x86: Booting SMP configuration:
[    2.027593] .... node  #0, CPUs:      #1
[    1.323655] kvm-clock: cpu 1, msr 14aa8041, secondary cpu clock
[    2.057065] kvm-guest: stealtime: cpu 1, msr 1f45b600
[    2.071948]  #2
[    1.323655] kvm-clock: cpu 2, msr 14aa8081, secondary cpu clock
[    2.095590] kvm-guest: stealtime: cpu 2, msr 1f49b600
[    2.109622]  #3
[    1.323655] kvm-clock: cpu 3, msr 14aa80c1, secondary cpu clock
[    2.132928] kvm-guest: stealtime: cpu 3, msr 1f4db600
[    2.148006]  #4
[    1.323655] kvm-clock: cpu 4, msr 14aa8101, secondary cpu clock
[    2.171948] kvm-guest: stealtime: cpu 4, msr 1f51b600
[    2.186618]  #5
[    1.323655] kvm-clock: cpu 5, msr 14aa8141, secondary cpu clock
[    2.210934] kvm-guest: stealtime: cpu 5, msr 1f55b600
[    2.225237]  #6
[    1.323655] kvm-clock: cpu 6, msr 14aa8181, secondary cpu clock
[    2.248021] kvm-guest: stealtime: cpu 6, msr 1f59b600
[    2.261938]  #7
[    1.323655] kvm-clock: cpu 7, msr 14aa81c1, secondary cpu clock
[    2.283939] kvm-guest: stealtime: cpu 7, msr 1f5db600
[    2.298048] smp: Brought up 1 node, 8 CPUs
[    2.298597] smpboot: Max logical packages: 1
[    2.299595] smpboot: Total of 8 processors activated (31999.98 BogoMIPS)
[    2.314347] devtmpfs: initialized
[    2.317672] calling  ipc_ns_init+0x0/0x3d @ 1
[    2.318704] initcall ipc_ns_init+0x0/0x3d returned 0 after 0 usecs
[    2.319598] calling  init_mmap_min_addr+0x0/0x21 @ 1
[    2.320596] initcall init_mmap_min_addr+0x0/0x21 returned 0 after 0 usecs
[    2.321598] calling  pci_realloc_setup_params+0x0/0x3f @ 1
[    2.322596] initcall pci_realloc_setup_params+0x0/0x3f returned 0 after 0 usecs
[    2.323599] calling  net_ns_init+0x0/0x11c @ 1
[    2.324950] initcall net_ns_init+0x0/0x11c returned 0 after 0 usecs
[    2.325616] calling  e820__register_nvs_regions+0x0/0x37 @ 1
[    2.326646] initcall e820__register_nvs_regions+0x0/0x37 returned 0 after 0 usecs
[    2.327597] calling  cpufreq_register_tsc_scaling+0x0/0x2e @ 1
[    2.328610] initcall cpufreq_register_tsc_scaling+0x0/0x2e returned 0 after 0 usecs
[    2.329598] calling  reboot_init+0x0/0x3c @ 1
[    2.330707] initcall reboot_init+0x0/0x3c returned 0 after 0 usecs
[    2.331599] calling  init_lapic_sysfs+0x0/0x20 @ 1
[    2.333596] initcall init_lapic_sysfs+0x0/0x20 returned 0 after 976 usecs
[    2.334596] calling  alloc_frozen_cpus+0x0/0x7 @ 1
[    2.335596] initcall alloc_frozen_cpus+0x0/0x7 returned 0 after 0 usecs
[    2.336596] calling  cpu_hotplug_pm_sync_init+0x0/0x13 @ 1
[    2.337617] initcall cpu_hotplug_pm_sync_init+0x0/0x13 returned 0 after 0 usecs
[    2.338600] calling  wq_sysfs_init+0x0/0x2a @ 1
[    2.339676] initcall wq_sysfs_init+0x0/0x2a returned 0 after 0 usecs
[    2.340599] calling  ksysfs_init+0x0/0x92 @ 1
[    2.341607] initcall ksysfs_init+0x0/0x92 returned 0 after 0 usecs
[    2.342597] calling  schedutil_gov_init+0x0/0xc @ 1
[    2.343611] initcall schedutil_gov_init+0x0/0xc returned 0 after 0 usecs
[    2.344596] calling  pm_init+0x0/0x76 @ 1
[    2.345639] initcall pm_init+0x0/0x76 returned 0 after 0 usecs
[    2.346596] calling  pm_disk_init+0x0/0x13 @ 1
[    2.347601] initcall pm_disk_init+0x0/0x13 returned 0 after 0 usecs
[    2.348596] calling  swsusp_header_init+0x0/0x2b @ 1
[    2.349599] initcall swsusp_header_init+0x0/0x2b returned 0 after 0 usecs
[    2.350595] calling  rcu_set_runtime_mode+0x0/0x16 @ 1
[    2.352643] initcall rcu_set_runtime_mode+0x0/0x16 returned 0 after 976 usecs
[    2.353595] calling  init_jiffies_clocksource+0x0/0x13 @ 1
[    2.354609] clocksource: jiffies: mask: 0xffffffff max_cycles: 0xffffffff, max_idle_ns: 1911260446275000 ns
[    2.355597] initcall init_jiffies_clocksource+0x0/0x13 returned 0 after 976 usecs
[    2.356595] calling  futex_init+0x0/0xf7 @ 1
[    2.357619] futex hash table entries: 2048 (order: 5, 131072 bytes, linear)
[    2.359662] initcall futex_init+0x0/0xf7 returned 0 after 1953 usecs
[    2.360596] calling  cgroup_wq_init+0x0/0x28 @ 1
[    2.361616] initcall cgroup_wq_init+0x0/0x28 returned 0 after 0 usecs
[    2.362595] calling  cgroup1_wq_init+0x0/0x28 @ 1
[    2.363600] initcall cgroup1_wq_init+0x0/0x28 returned 0 after 0 usecs
[    2.365594] calling  init_kprobe_trace_early+0x0/0x2a @ 1
[    2.366628] initcall init_kprobe_trace_early+0x0/0x2a returned 0 after 0 usecs
[    2.367595] calling  fsnotify_init+0x0/0x48 @ 1
[    2.368656] initcall fsnotify_init+0x0/0x48 returned 0 after 0 usecs
[    2.369595] calling  filelock_init+0x0/0x96 @ 1
[    2.370605] initcall filelock_init+0x0/0x96 returned 0 after 0 usecs
[    2.371594] calling  init_misc_binfmt+0x0/0x2c @ 1
[    2.372625] initcall init_misc_binfmt+0x0/0x2c returned 0 after 0 usecs
[    2.373594] calling  init_script_binfmt+0x0/0x15 @ 1
[    2.374594] initcall init_script_binfmt+0x0/0x15 returned 0 after 0 usecs
[    2.376593] calling  init_elf_binfmt+0x0/0x15 @ 1
[    2.377594] initcall init_elf_binfmt+0x0/0x15 returned 0 after 0 usecs
[    2.378594] calling  init_compat_elf_binfmt+0x0/0x15 @ 1
[    2.379594] initcall init_compat_elf_binfmt+0x0/0x15 returned 0 after 0 usecs
[    2.380595] calling  debugfs_init+0x0/0x5c @ 1
[    2.381620] initcall debugfs_init+0x0/0x5c returned 0 after 0 usecs
[    2.382594] calling  tracefs_init+0x0/0x3a @ 1
[    2.383601] initcall tracefs_init+0x0/0x3a returned 0 after 0 usecs
[    2.384594] calling  prandom_init_early+0x0/0x15d @ 1
[    2.385644] initcall prandom_init_early+0x0/0x15d returned 0 after 0 usecs
[    2.386814] calling  virtio_init+0x0/0x20 @ 1
[    2.387697] initcall virtio_init+0x0/0x20 returned 0 after 0 usecs
[    2.388595] calling  iommu_init+0x0/0x2a @ 1
[    2.389596] initcall iommu_init+0x0/0x2a returned 0 after 0 usecs
[    2.390594] calling  component_debug_init+0x0/0x1c @ 1
[    2.391804] initcall component_debug_init+0x0/0x1c returned 0 after 0 usecs
[    2.392599] calling  early_resume_init+0x0/0xb9 @ 1
[    2.394593] PM: RTC time: 06:38:13, date: 2022-12-13
[    2.395597] initcall early_resume_init+0x0/0xb9 returned 0 after 1953 usecs
[    2.396598] calling  cpufreq_core_init+0x0/0x62 @ 1
[    2.397620] initcall cpufreq_core_init+0x0/0x62 returned 0 after 0 usecs
[    2.398604] calling  cpufreq_gov_performance_init+0x0/0xc @ 1
[    2.399597] initcall cpufreq_gov_performance_init+0x0/0xc returned 0 after 0 usecs
[    2.400594] calling  cpufreq_gov_userspace_init+0x0/0xc @ 1
[    2.401594] initcall cpufreq_gov_userspace_init+0x0/0xc returned 0 after 0 usecs
[    2.402594] calling  CPU_FREQ_GOV_ONDEMAND_init+0x0/0xc @ 1
[    2.403594] initcall CPU_FREQ_GOV_ONDEMAND_init+0x0/0xc returned 0 after 0 usecs
[    2.404597] calling  cpuidle_init+0x0/0x1f @ 1
[    2.405632] initcall cpuidle_init+0x0/0x1f returned 0 after 0 usecs
[    2.406595] calling  capsule_reboot_register+0x0/0xc @ 1
[    2.407609] initcall capsule_reboot_register+0x0/0xc returned 0 after 0 usecs
[    2.408595] calling  sock_init+0x0/0x93 @ 1
[    2.410999] initcall sock_init+0x0/0x93 returned 0 after 976 usecs
[    2.411595] calling  net_inuse_init+0x0/0x23 @ 1
[    2.412631] initcall net_inuse_init+0x0/0x23 returned 0 after 0 usecs
[    2.413593] calling  net_defaults_init+0x0/0x23 @ 1
[    2.414594] initcall net_defaults_init+0x0/0x23 returned 0 after 0 usecs
[    2.415594] calling  init_default_flow_dissectors+0x0/0x4f @ 1
[    2.416619] initcall init_default_flow_dissectors+0x0/0x4f returned 0 after 0 usecs
[    2.417596] calling  netpoll_init+0x0/0x26 @ 1
[    2.418598] initcall netpoll_init+0x0/0x26 returned 0 after 0 usecs
[    2.419596] calling  netlink_proto_init+0x0/0x14f @ 1
[    2.420948] NET: Registered protocol family 16
[    2.421669] initcall netlink_proto_init+0x0/0x14f returned 0 after 976 usecs
[    2.422597] calling  genl_init+0x0/0x35 @ 1
[    2.423637] initcall genl_init+0x0/0x35 returned 0 after 0 usecs
[    2.424598] calling  bsp_pm_check_init+0x0/0x13 @ 1
[    2.425622] initcall bsp_pm_check_init+0x0/0x13 returned 0 after 0 usecs
[    2.426620] calling  irq_sysfs_init+0x0/0xb7 @ 1
[    2.427944] initcall irq_sysfs_init+0x0/0xb7 returned 0 after 0 usecs
[    2.428597] calling  audit_init+0x0/0x160 @ 1
[    2.430605] audit: initializing netlink subsys (disabled)
[    2.432022] initcall audit_init+0x0/0x160 returned 0 after 976 usecs
[    2.432595] calling  release_early_probes+0x0/0x32 @ 1
[    2.433594] initcall release_early_probes+0x0/0x32 returned 0 after 0 usecs
[    2.434595] calling  bdi_class_init+0x0/0x48 @ 1
[    2.435689] initcall bdi_class_init+0x0/0x48 returned 0 after 0 usecs
[    2.436597] calling  mm_sysfs_init+0x0/0x28 @ 1
[    2.437600] initcall mm_sysfs_init+0x0/0x28 returned 0 after 0 usecs
[    2.438597] calling  init_per_zone_wmark_min+0x0/0x6d @ 1
[    2.439624] initcall init_per_zone_wmark_min+0x0/0x6d returned 0 after 0 usecs
[    2.440594] calling  mpi_init+0x0/0x3e @ 1
[    2.441610] initcall mpi_init+0x0/0x3e returned 0 after 0 usecs
[    2.442597] calling  kobject_uevent_init+0x0/0xc @ 1
[    2.443608] initcall kobject_uevent_init+0x0/0xc returned 0 after 0 usecs
[    2.444596] calling  pcibus_class_init+0x0/0x13 @ 1
[    2.445610] initcall pcibus_class_init+0x0/0x13 returned 0 after 0 usecs
[    2.446596] calling  pci_driver_init+0x0/0x21 @ 1
[    2.447647] initcall pci_driver_init+0x0/0x21 returned 0 after 0 usecs
[    2.448595] calling  backlight_class_init+0x0/0xa8 @ 1
[    2.449603] initcall backlight_class_init+0x0/0xa8 returned 0 after 0 usecs
[    2.450643] calling  tty_class_init+0x0/0x33 @ 1
[    2.451653] initcall tty_class_init+0x0/0x33 returned 0 after 0 usecs
[    2.452595] calling  vtconsole_class_init+0x0/0xb5 @ 1
[    2.454602] initcall vtconsole_class_init+0x0/0xb5 returned 0 after 976 usecs
[    2.455595] calling  iommu_dev_init+0x0/0x13 @ 1
[    2.456601] initcall iommu_dev_init+0x0/0x13 returned 0 after 0 usecs
[    2.457595] calling  mipi_dsi_bus_init+0x0/0xc @ 1
[    2.458625] initcall mipi_dsi_bus_init+0x0/0xc returned 0 after 0 usecs
[    2.459595] calling  devlink_class_init+0x0/0x40 @ 1
[    2.460649] initcall devlink_class_init+0x0/0x40 returned 0 after 0 usecs
[    2.461594] calling  software_node_init+0x0/0x2a @ 1
[    2.462597] initcall software_node_init+0x0/0x2a returned 0 after 0 usecs
[    2.463597] calling  wakeup_sources_debugfs_init+0x0/0x23 @ 1
[    2.464663] initcall wakeup_sources_debugfs_init+0x0/0x23 returned 0 after 0 usecs
[    2.465595] calling  wakeup_sources_sysfs_init+0x0/0x2c @ 1
[    2.466607] initcall wakeup_sources_sysfs_init+0x0/0x2c returned 0 after 0 usecs
[    2.467595] calling  register_node_type+0x0/0x13 @ 1
[    2.468624] initcall register_node_type+0x0/0x13 returned 0 after 0 usecs
[    2.469597] calling  regmap_initcall+0x0/0xc @ 1
[    2.470669] initcall regmap_initcall+0x0/0xc returned 0 after 0 usecs
[    2.471635] calling  i2c_init+0x0/0xb3 @ 1
[    2.473721] initcall i2c_init+0x0/0xb3 returned 0 after 0 usecs
[    2.474597] calling  thermal_init+0x0/0xf2 @ 1
[    2.475637] thermal_sys: Registered thermal governor 'step_wise'
[    2.475639] thermal_sys: Registered thermal governor 'user_space'
[    2.476610] initcall thermal_init+0x0/0xf2 returned 0 after 976 usecs
[    2.478597] calling  init_menu+0x0/0xc @ 1
[    2.479869] audit: type=2000 audit(1670913491.261:1): state=initialized audit_enabled=0 res=1
[    2.480770] cpuidle: using governor menu
[    2.485599] initcall init_menu+0x0/0xc returned 0 after 5859 usecs
[    2.492597] calling  pcc_init+0x0/0x4d @ 1
[    2.497692] initcall pcc_init+0x0/0x4d returned -19 after 0 usecs
[    2.503596] calling  amd_postcore_init+0x0/0x11e @ 1
[    2.509596] initcall amd_postcore_init+0x0/0x11e returned 0 after 0 usecs
[    2.516633] calling  bts_init+0x0/0xba @ 1
[    2.521622] initcall bts_init+0x0/0xba returned -19 after 0 usecs
[    2.528597] calling  pt_init+0x0/0x341 @ 1
[    2.532596] initcall pt_init+0x0/0x341 returned -19 after 0 usecs
[    2.539597] calling  boot_params_ksysfs_init+0x0/0x2ee @ 1
[    2.545841] initcall boot_params_ksysfs_init+0x0/0x2ee returned 0 after 0 usecs
[    2.553596] calling  sbf_init+0x0/0xea @ 1
[    2.557596] initcall sbf_init+0x0/0xea returned 0 after 0 usecs
[    2.564594] calling  arch_kdebugfs_init+0x0/0x219 @ 1
[    2.570238] initcall arch_kdebugfs_init+0x0/0x219 returned 0 after 976 usecs
[    2.578596] calling  intel_pconfig_init+0x0/0x85 @ 1
[    2.585635] initcall intel_pconfig_init+0x0/0x85 returned 0 after 0 usecs
[    2.593601] calling  mtrr_if_init+0x0/0x5d @ 1
[    2.598619] initcall mtrr_if_init+0x0/0x5d returned 0 after 0 usecs
[    2.606608] calling  activate_jump_labels+0x0/0x31 @ 1
[    2.612629] initcall activate_jump_labels+0x0/0x31 returned 0 after 0 usecs
[    2.620598] calling  ffh_cstate_init+0x0/0x29 @ 1
[    2.626602] initcall ffh_cstate_init+0x0/0x29 returned 0 after 0 usecs
[    2.634598] calling  activate_jump_labels+0x0/0x31 @ 1
[    2.640972] initcall activate_jump_labels+0x0/0x31 returned 0 after 0 usecs
[    2.649599] calling  kvm_alloc_cpumask+0x0/0x74 @ 1
[    2.654665] initcall kvm_alloc_cpumask+0x0/0x74 returned 0 after 0 usecs
[    2.662598] calling  kcmp_cookies_init+0x0/0x37 @ 1
[    2.668601] initcall kcmp_cookies_init+0x0/0x37 returned 0 after 0 usecs
[    2.676600] calling  cryptomgr_init+0x0/0xc @ 1
[    2.681619] initcall cryptomgr_init+0x0/0xc returned 0 after 0 usecs
[    2.688597] calling  acpi_pci_init+0x0/0x57 @ 1
[    2.694594] ACPI: bus type PCI registered
[    2.698597] initcall acpi_pci_init+0x0/0x57 returned 0 after 3906 usecs
[    2.706599] calling  dma_channel_table_init+0x0/0xd1 @ 1
[    2.713616] initcall dma_channel_table_init+0x0/0xd1 returned 0 after 0 usecs
[    2.721599] calling  dma_bus_init+0x0/0xdc @ 1
[    2.726924] initcall dma_bus_init+0x0/0xdc returned 0 after 0 usecs
[    2.734662] calling  iommu_dma_init+0x0/0x10 @ 1
[    2.739602] initcall iommu_dma_init+0x0/0x10 returned 0 after 0 usecs
[    2.747598] calling  dmi_id_init+0x0/0x37c @ 1
[    2.752832] initcall dmi_id_init+0x0/0x37c returned 0 after 0 usecs
[    2.759595] calling  pci_arch_init+0x0/0x71 @ 1
[    2.765979] PCI: MMCONFIG for domain 0000 [bus 00-ff] at [mem 0xb0000000-0xbfffffff] (base 0xb0000000)
[    2.776598] PCI: MMCONFIG at [mem 0xb0000000-0xbfffffff] reserved in E820
[    2.784782] PCI: Using configuration type 1 for base access
[    2.790643] initcall pci_arch_init+0x0/0x71 returned 0 after 24414 usecs
[    2.798620] calling  init_vdso+0x0/0x13 @ 1
[    2.803813] initcall init_vdso+0x0/0x13 returned 0 after 0 usecs
[    2.810597] calling  sysenter_setup+0x0/0x13 @ 1
[    2.816640] initcall sysenter_setup+0x0/0x13 returned 0 after 0 usecs
[    2.823596] calling  fixup_ht_bug+0x0/0xe5 @ 1
[    2.828596] initcall fixup_ht_bug+0x0/0xe5 returned 0 after 0 usecs
[    2.835595] calling  topology_init+0x0/0x88 @ 1
[    2.840923] initcall topology_init+0x0/0x88 returned 0 after 976 usecs
[    2.848596] calling  intel_epb_init+0x0/0x68 @ 1
[    2.853595] initcall intel_epb_init+0x0/0x68 returned -19 after 0 usecs
[    2.861598] calling  mtrr_init_finialize+0x0/0x3e @ 1
[    2.868631] initcall mtrr_init_finialize+0x0/0x3e returned 0 after 0 usecs
[    2.876599] calling  uid_cache_init+0x0/0x81 @ 1
[    2.881603] initcall uid_cache_init+0x0/0x81 returned 0 after 0 usecs
[    2.888596] calling  param_sysfs_init+0x0/0x1ba @ 1
[    2.899175] initcall param_sysfs_init+0x0/0x1ba returned 0 after 4882 usecs
[    2.907598] calling  user_namespace_sysctl_init+0x0/0x33 @ 1
[    2.913609] initcall user_namespace_sysctl_init+0x0/0x33 returned 0 after 0 usecs
[    2.921596] calling  proc_schedstat_init+0x0/0x24 @ 1
[    2.927600] initcall proc_schedstat_init+0x0/0x24 returned 0 after 0 usecs
[    2.935597] calling  pm_sysrq_init+0x0/0x18 @ 1
[    2.942665] initcall pm_sysrq_init+0x0/0x18 returned 0 after 1953 usecs
[    2.943599] calling  create_proc_profile+0x0/0xd0 @ 1
[    2.944598] initcall create_proc_profile+0x0/0xd0 returned 0 after 0 usecs
[    2.945598] calling  time_ns_init+0x0/0x7 @ 1
[    2.946596] initcall time_ns_init+0x0/0x7 returned 0 after 0 usecs
[    2.947595] calling  crash_save_vmcoreinfo_init+0x0/0x722 @ 1
[    2.949633] initcall crash_save_vmcoreinfo_init+0x0/0x722 returned 0 after 976 usecs
[    2.950596] calling  crash_notes_memory_init+0x0/0x35 @ 1
[    2.951600] initcall crash_notes_memory_init+0x0/0x35 returned 0 after 0 usecs
[    2.952595] calling  cgroup_sysfs_init+0x0/0x13 @ 1
[    2.953604] initcall cgroup_sysfs_init+0x0/0x13 returned 0 after 0 usecs
[    2.954595] calling  cgroup_namespaces_init+0x0/0x7 @ 1
[    2.955596] initcall cgroup_namespaces_init+0x0/0x7 returned 0 after 0 usecs
[    2.956595] calling  init_optprobes+0x0/0x13 @ 1
[    2.957640] Kprobes globally optimized
[    2.958596] initcall init_optprobes+0x0/0x13 returned 0 after 976 usecs
[    2.959595] calling  oom_init+0x0/0x2f @ 1
[    2.960749] initcall oom_init+0x0/0x2f returned 0 after 0 usecs
[    2.961596] calling  default_bdi_init+0x0/0xb3 @ 1
[    2.962914] initcall default_bdi_init+0x0/0xb3 returned 0 after 0 usecs
[    2.963596] calling  percpu_enable_async+0x0/0xe @ 1
[    2.964595] initcall percpu_enable_async+0x0/0xe returned 0 after 0 usecs
[    2.965595] calling  kcompactd_init+0x0/0x8d @ 1
[    2.966795] initcall kcompactd_init+0x0/0x8d returned 0 after 0 usecs
[    2.967645] calling  init_user_reserve+0x0/0x40 @ 1
[    2.968647] initcall init_user_reserve+0x0/0x40 returned 0 after 0 usecs
[    2.969596] calling  init_admin_reserve+0x0/0x40 @ 1
[    2.970596] initcall init_admin_reserve+0x0/0x40 returned 0 after 0 usecs
[    2.971597] calling  init_reserve_notifier+0x0/0x7 @ 1
[    2.972597] initcall init_reserve_notifier+0x0/0x7 returned 0 after 0 usecs
[    2.973596] calling  swap_init_sysfs+0x0/0x62 @ 1
[    2.974605] initcall swap_init_sysfs+0x0/0x62 returned 0 after 0 usecs
[    2.975596] calling  swapfile_init+0x0/0x94 @ 1
[    2.976596] initcall swapfile_init+0x0/0x94 returned 0 after 0 usecs
[    2.977595] calling  hugetlb_init+0x0/0x496 @ 1
[    2.978643] HugeTLB registered 2.00 MiB page size, pre-allocated 0 pages
[    2.979659] initcall hugetlb_init+0x0/0x496 returned 0 after 976 usecs
[    2.980596] calling  io_wq_init+0x0/0x34 @ 1
[    2.981597] initcall io_wq_init+0x0/0x34 returned 0 after 0 usecs
[    2.982596] calling  seqiv_module_init+0x0/0xc @ 1
[    2.983597] initcall seqiv_module_init+0x0/0xc returned 0 after 0 usecs
[    2.984597] calling  echainiv_module_init+0x0/0xc @ 1
[    2.985596] initcall echainiv_module_init+0x0/0xc returned 0 after 0 usecs
[    2.986658] calling  rsa_init+0x0/0x50 @ 1
[    2.988771] cryptomgr_test (70) used greatest stack depth: 15504 bytes left
[    2.989649] initcall rsa_init+0x0/0x50 returned 0 after 1953 usecs
[    2.990602] calling  crypto_cmac_module_init+0x0/0xc @ 1
[    2.991598] initcall crypto_cmac_module_init+0x0/0xc returned 0 after 0 usecs
[    2.992597] calling  hmac_module_init+0x0/0xc @ 1
[    2.993602] initcall hmac_module_init+0x0/0xc returned 0 after 0 usecs
[    2.994598] calling  crypto_null_mod_init+0x0/0x65 @ 1
[    2.995739] initcall crypto_null_mod_init+0x0/0x65 returned 0 after 0 usecs
[    2.996604] calling  md5_mod_init+0x0/0xc @ 1
[    2.998733] initcall md5_mod_init+0x0/0xc returned 0 after 976 usecs
[    2.999599] calling  sha256_generic_mod_init+0x0/0x11 @ 1
[    3.000675] initcall sha256_generic_mod_init+0x0/0x11 returned 0 after 0 usecs
[    3.001602] calling  crypto_cbc_module_init+0x0/0xc @ 1
[    3.002596] initcall crypto_cbc_module_init+0x0/0xc returned 0 after 0 usecs
[    3.003596] calling  crypto_ctr_module_init+0x0/0x11 @ 1
[    3.004602] initcall crypto_ctr_module_init+0x0/0x11 returned 0 after 0 usecs
[    3.005596] calling  crypto_gcm_module_init+0x0/0x64 @ 1
[    3.006619] initcall crypto_gcm_module_init+0x0/0x64 returned 0 after 0 usecs
[    3.007596] calling  crypto_ccm_module_init+0x0/0x11 @ 1
[    3.008597] initcall crypto_ccm_module_init+0x0/0x11 returned 0 after 0 usecs
[    3.009595] calling  aes_init+0x0/0xc @ 1
[    3.010700] initcall aes_init+0x0/0xc returned 0 after 0 usecs
[    3.011610] calling  crc32c_mod_init+0x0/0xc @ 1
[    3.012639] initcall crc32c_mod_init+0x0/0xc returned 0 after 0 usecs
[    3.013596] calling  crypto_authenc_module_init+0x0/0xc @ 1
[    3.014601] initcall crypto_authenc_module_init+0x0/0xc returned 0 after 0 usecs
[    3.015596] calling  crypto_authenc_esn_module_init+0x0/0xc @ 1
[    3.016598] initcall crypto_authenc_esn_module_init+0x0/0xc returned 0 after 0 usecs
[    3.017618] calling  drbg_init+0x0/0x7c @ 1
[    3.019049] initcall drbg_init+0x0/0x7c returned 0 after 0 usecs
[    3.019597] calling  ghash_mod_init+0x0/0xc @ 1
[    3.020643] initcall ghash_mod_init+0x0/0xc returned 0 after 0 usecs
[    3.021598] calling  init_bio+0x0/0x9a @ 1
[    3.022768] initcall init_bio+0x0/0x9a returned 0 after 0 usecs
[    3.024595] calling  blk_settings_init+0x0/0x29 @ 1
[    3.025595] initcall blk_settings_init+0x0/0x29 returned 0 after 0 usecs
[    3.026598] calling  blk_ioc_init+0x0/0x29 @ 1
[    3.027602] initcall blk_ioc_init+0x0/0x29 returned 0 after 0 usecs
[    3.028597] calling  blk_mq_init+0x0/0xb9 @ 1
[    3.029599] initcall blk_mq_init+0x0/0xb9 returned 0 after 0 usecs
[    3.030596] calling  genhd_device_init+0x0/0x75 @ 1
[    3.032692] initcall genhd_device_init+0x0/0x75 returned 0 after 976 usecs
[    3.033828] calling  pci_slot_init+0x0/0x40 @ 1
[    3.034609] initcall pci_slot_init+0x0/0x40 returned 0 after 0 usecs
[    3.035599] calling  fbmem_init+0x0/0xd8 @ 1
[    3.036680] initcall fbmem_init+0x0/0xd8 returned 0 after 0 usecs
[    3.037596] calling  acpi_init+0x0/0x319 @ 1
[    3.038779] ACPI: Added _OSI(Module Device)
[    3.039594] ACPI: Added _OSI(Processor Device)
[    3.040594] ACPI: Added _OSI(3.0 _SCP Extensions)
[    3.041596] ACPI: Added _OSI(Processor Aggregator Device)
[    3.042596] ACPI: Added _OSI(Linux-Dell-Video)
[    3.043596] ACPI: Added _OSI(Linux-Lenovo-NV-HDMI-Audio)
[    3.044596] ACPI: Added _OSI(Linux-HPI-Hybrid-Graphics)
[    3.048396] ACPI: 1 ACPI AML tables successfully acquired and loaded
[    3.054226] ACPI: Interpreter enabled
[    3.054737] ACPI: (supports S0 S3 S4 S5)
[    3.055594] ACPI: Using IOAPIC for interrupt routing
[    3.056670] PCI: Using host bridge windows from ACPI; if necessary, use "pci=nocrs" and report a bug
[    3.057908] ACPI: Enabled 2 GPEs in block 00 to 3F
[    3.065672] ACPI: PCI Root Bridge [PCI0] (domain 0000 [bus 00-ff])
[    3.066647] acpi PNP0A08:00: _OSC: OS supports [ExtendedConfig ASPM ClockPM Segments MSI HPX-Type3]
[    3.067695] acpi PNP0A08:00: _OSC: platform does not support [LTR]
[    3.068691] acpi PNP0A08:00: _OSC: OS now controls [PME PCIeCapability]
[    3.070631] PCI host bridge to bus 0000:00
[    3.071598] pci_bus 0000:00: root bus resource [io  0x0000-0x0cf7 window]
[    3.072596] pci_bus 0000:00: root bus resource [io  0x0d00-0xffff window]
[    3.073597] pci_bus 0000:00: root bus resource [mem 0x000a0000-0x000bffff window]
[    3.074597] pci_bus 0000:00: root bus resource [mem 0x20000000-0xafffffff window]
[    3.075596] pci_bus 0000:00: root bus resource [mem 0xc0000000-0xfebfffff window]
[    3.076595] pci_bus 0000:00: root bus resource [mem 0x100000000-0x8ffffffff window]
[    3.077595] pci_bus 0000:00: root bus resource [bus 00-ff]
[    3.080013] pci 0000:00:00.0: calling  quirk_mmio_always_on+0x0/0x10 @ 1
[    3.080598] pci 0000:00:00.0: quirk_mmio_always_on+0x0/0x10 took 0 usecs
[    3.081625] pci 0000:00:00.0: [8086:29c0] type 00 class 0x060000
[    3.085877] pci 0000:00:00.0: calling  quirk_igfx_skip_te_disable+0x0/0x80 @ 1
[    3.086597] pci 0000:00:00.0: quirk_igfx_skip_te_disable+0x0/0x80 took 0 usecs
[    3.089475] pci 0000:00:01.0: [1234:1111] type 00 class 0x030000
[    3.096846] pci 0000:00:01.0: reg 0x10: [mem 0xfd000000-0xfdffffff pref]
[    3.110754] pci 0000:00:01.0: reg 0x18: [mem 0xfebf0000-0xfebf0fff]
[    3.131067] pci 0000:00:01.0: reg 0x30: [mem 0xfebe0000-0xfebeffff pref]
[    3.133418] pci 0000:00:01.0: calling  efifb_fixup_resources+0x0/0xf0 @ 1
[    3.133604] pci 0000:00:01.0: efifb_fixup_resources+0x0/0xf0 took 0 usecs
[    3.143113] pci 0000:00:1f.0: [8086:2918] type 00 class 0x060100
[    3.149085] pci 0000:00:1f.0: calling  quirk_ich7_lpc+0x0/0x60 @ 1
[    3.150627] pci 0000:00:1f.0: quirk: [io  0x0600-0x067f] claimed by ICH6 ACPI/GPIO/TCO
[    3.152060] pci 0000:00:1f.0: quirk_ich7_lpc+0x0/0x60 took 1953 usecs
[    3.152735] pci 0000:00:1f.0: calling  quirk_igfx_skip_te_disable+0x0/0x80 @ 1
[    3.153597] pci 0000:00:1f.0: quirk_igfx_skip_te_disable+0x0/0x80 took 0 usecs
[    3.157597] pci 0000:00:1f.2: [8086:2922] type 00 class 0x010601
[    3.169598] pci 0000:00:1f.2: reg 0x20: [io  0xc040-0xc05f]
[    3.172198] pci 0000:00:1f.2: reg 0x24: [mem 0xfebf1000-0xfebf1fff]
[    3.174838] pci 0000:00:1f.2: calling  quirk_igfx_skip_te_disable+0x0/0x80 @ 1
[    3.175627] pci 0000:00:1f.2: quirk_igfx_skip_te_disable+0x0/0x80 took 0 usecs
[    3.181690] pci 0000:00:1f.3: [8086:2930] type 00 class 0x0c0500
[    3.187944] pci 0000:00:1f.3: reg 0x20: [io  0x0700-0x073f]
[    3.190775] pci 0000:00:1f.3: calling  quirk_igfx_skip_te_disable+0x0/0x80 @ 1
[    3.191599] pci 0000:00:1f.3: quirk_igfx_skip_te_disable+0x0/0x80 took 0 usecs
[    3.195366] ACPI: PCI Interrupt Link [LNKA] (IRQs 5 *10 11)
[    3.196025] ACPI: PCI Interrupt Link [LNKB] (IRQs 5 *10 11)
[    3.198725] ACPI: PCI Interrupt Link [LNKC] (IRQs 5 10 *11)
[    3.200882] ACPI: PCI Interrupt Link [LNKD] (IRQs 5 10 *11)
[    3.201998] ACPI: PCI Interrupt Link [LNKE] (IRQs 5 *10 11)
[    3.203730] ACPI: PCI Interrupt Link [LNKF] (IRQs 5 *10 11)
[    3.205001] ACPI: PCI Interrupt Link [LNKG] (IRQs 5 10 *11)
[    3.206700] ACPI: PCI Interrupt Link [LNKH] (IRQs 5 10 *11)
[    3.207787] ACPI: PCI Interrupt Link [GSIA] (IRQs *16)
[    3.208626] ACPI: PCI Interrupt Link [GSIB] (IRQs *17)
[    3.209604] ACPI: PCI Interrupt Link [GSIC] (IRQs *18)
[    3.210618] ACPI: PCI Interrupt Link [GSID] (IRQs *19)
[    3.211604] ACPI: PCI Interrupt Link [GSIE] (IRQs *20)
[    3.212622] ACPI: PCI Interrupt Link [GSIF] (IRQs *21)
[    3.213605] ACPI: PCI Interrupt Link [GSIG] (IRQs *22)
[    3.214618] ACPI: PCI Interrupt Link [GSIH] (IRQs *23)
[    3.222227] initcall acpi_init+0x0/0x319 returned 0 after 178710 usecs
[    3.222814] calling  pnp_init+0x0/0xc @ 1
[    3.223664] initcall pnp_init+0x0/0xc returned 0 after 0 usecs
[    3.225594] calling  misc_init+0x0/0xbf @ 1
[    3.227020] initcall misc_init+0x0/0xbf returned 0 after 0 usecs
[    3.227597] calling  iommu_subsys_init+0x0/0x4e @ 1
[    3.228676] iommu: Default domain type: Translated 
[    3.229594] initcall iommu_subsys_init+0x0/0x4e returned 0 after 976 usecs
[    3.230595] calling  vga_arb_device_init+0x0/0x261 @ 1
[    3.233942] pci 0000:00:01.0: vgaarb: setting as boot VGA device
[    3.234589] pci 0000:00:01.0: vgaarb: VGA device added: decodes=io+mem,owns=io+mem,locks=none
[    3.251598] pci 0000:00:01.0: vgaarb: bridge control possible
[    3.259596] vgaarb: loaded
[    3.263600] initcall vga_arb_device_init+0x0/0x261 returned 0 after 31250 usecs
[    3.274802] calling  cn_init+0x0/0xf0 @ 1
[    3.280982] initcall cn_init+0x0/0xf0 returned 0 after 0 usecs
[    3.287598] calling  dma_buf_init+0x0/0xad @ 1
[    3.293238] initcall dma_buf_init+0x0/0xad returned 0 after 976 usecs
[    3.301597] calling  init_scsi+0x0/0x79 @ 1
[    3.308005] SCSI subsystem initialized
[    3.312597] initcall init_scsi+0x0/0x79 returned 0 after 4882 usecs
[    3.321599] calling  ata_init+0x0/0x332 @ 1
[    3.328977] libata version 3.00 loaded.
[    3.334598] initcall ata_init+0x0/0x332 returned 0 after 5859 usecs
[    3.343598] calling  phy_init+0x0/0x250 @ 1
[    3.348707] initcall phy_init+0x0/0x250 returned 0 after 0 usecs
[    3.356597] calling  init_pcmcia_cs+0x0/0x35 @ 1
[    3.362632] initcall init_pcmcia_cs+0x0/0x35 returned 0 after 0 usecs
[    3.370596] calling  usb_common_init+0x0/0x1c @ 1
[    3.375621] initcall usb_common_init+0x0/0x1c returned 0 after 0 usecs
[    3.383597] calling  usb_init+0x0/0x12e @ 1
[    3.389732] ACPI: bus type USB registered
[    3.394846] usbcore: registered new interface driver usbfs
[    3.401684] usbcore: registered new interface driver hub
[    3.407616] usbcore: registered new device driver usb
[    3.414598] initcall usb_init+0x0/0x12e returned 0 after 24414 usecs
[    3.421597] calling  serio_init+0x0/0x29 @ 1
[    3.427625] initcall serio_init+0x0/0x29 returned 0 after 0 usecs
[    3.434597] calling  input_init+0x0/0xf6 @ 1
[    3.439658] initcall input_init+0x0/0xf6 returned 0 after 0 usecs
[    3.447596] calling  rtc_init+0x0/0x4d @ 1
[    3.452622] initcall rtc_init+0x0/0x4d returned 0 after 0 usecs
[    3.459596] calling  pps_init+0x0/0xa9 @ 1
[    3.464603] pps_core: LinuxPPS API ver. 1 registered
[    3.470593] pps_core: Software ver. 5.3.6 - Copyright 2005-2007 Rodolfo Giometti <giometti@linux.it>
[    3.481599] initcall pps_init+0x0/0xa9 returned 0 after 16601 usecs
[    3.488598] calling  ptp_init+0x0/0x98 @ 1
[    3.494596] PTP clock support registered
[    3.499597] initcall ptp_init+0x0/0x98 returned 0 after 4882 usecs
[    3.506597] calling  power_supply_class_init+0x0/0x3f @ 1
[    3.513609] initcall power_supply_class_init+0x0/0x3f returned 0 after 0 usecs
[    3.522597] calling  hwmon_init+0x0/0x104 @ 1
[    3.527630] initcall hwmon_init+0x0/0x104 returned 0 after 0 usecs
[    3.535597] calling  md_init+0x0/0x16b @ 1
[    3.542276] initcall md_init+0x0/0x16b returned 0 after 1953 usecs
[    3.549596] calling  leds_init+0x0/0x3b @ 1
[    3.554648] initcall leds_init+0x0/0x3b returned 0 after 0 usecs
[    3.562596] calling  dmi_init+0x0/0x113 @ 1
[    3.567690] initcall dmi_init+0x0/0x113 returned 0 after 0 usecs
[    3.574596] calling  efisubsys_init+0x0/0x4e7 @ 1
[    3.583595] initcall efisubsys_init+0x0/0x4e7 returned 0 after 1953 usecs
[    3.591598] calling  nvmem_init+0x0/0xc @ 1
[    3.597774] initcall nvmem_init+0x0/0xc returned 0 after 0 usecs
[    3.605598] calling  init_soundcore+0x0/0x33 @ 1
[    3.611695] initcall init_soundcore+0x0/0x33 returned 0 after 0 usecs
[    3.619601] calling  alsa_sound_init+0x0/0x8f @ 1
[    3.626859] Advanced Linux Sound Architecture Driver Initialized.
[    3.634598] initcall alsa_sound_init+0x0/0x8f returned 0 after 7812 usecs
[    3.643597] calling  alsa_seq_device_init+0x0/0x71 @ 1
[    3.650617] initcall alsa_seq_device_init+0x0/0x71 returned 0 after 0 usecs
[    3.659597] calling  hda_bus_init+0x0/0xc @ 1
[    3.664609] initcall hda_bus_init+0x0/0xc returned 0 after 0 usecs
[    3.674603] calling  proto_init+0x0/0xc @ 1
[    3.679607] initcall proto_init+0x0/0xc returned 0 after 0 usecs
[    3.689599] calling  net_dev_init+0x0/0x209 @ 1
[    3.696095] initcall net_dev_init+0x0/0x209 returned 0 after 976 usecs
[    3.704600] calling  neigh_init+0x0/0x84 @ 1
[    3.710601] initcall neigh_init+0x0/0x84 returned 0 after 0 usecs
[    3.720608] calling  fib_notifier_init+0x0/0xc @ 1
[    3.728608] initcall fib_notifier_init+0x0/0xc returned 0 after 0 usecs
[    3.736600] calling  fib_rules_init+0x0/0xab @ 1
[    3.743604] initcall fib_rules_init+0x0/0xab returned 0 after 0 usecs
[    3.750598] calling  pktsched_init+0x0/0x10e @ 1
[    3.758957] initcall pktsched_init+0x0/0x10e returned 0 after 976 usecs
[    3.766597] calling  tc_filter_init+0x0/0xfa @ 1
[    3.770937] initcall tc_filter_init+0x0/0xfa returned 0 after 0 usecs
[    3.781597] calling  tc_action_init+0x0/0x54 @ 1
[    3.786598] initcall tc_action_init+0x0/0x54 returned 0 after 0 usecs
[    3.795597] calling  ethnl_init+0x0/0x52 @ 1
[    3.800598] initcall ethnl_init+0x0/0x52 returned 0 after 0 usecs
[    3.811606] calling  nexthop_init+0x0/0xd8 @ 1
[    3.816775] initcall nexthop_init+0x0/0xd8 returned 0 after 0 usecs
[    3.826599] calling  cipso_v4_init+0x0/0x5d @ 1
[    3.831656] initcall cipso_v4_init+0x0/0x5d returned 0 after 0 usecs
[    3.839598] calling  ieee80211_init+0x0/0x24 @ 1
[    3.845597] initcall ieee80211_init+0x0/0x24 returned 0 after 976 usecs
[    3.853597] calling  netlbl_init+0x0/0x78 @ 1
[    3.859684] NetLabel: Initializing
[    3.863593] NetLabel:  domain hash size = 128
[    3.869594] NetLabel:  protocols = UNLABELED CIPSOv4 CALIPSO
[    3.879103] NetLabel:  unlabeled traffic allowed by default
[    3.887606] initcall netlbl_init+0x0/0x78 returned 0 after 27343 usecs
[    3.896604] calling  rfkill_init+0x0/0x111 @ 1
[    3.903801] initcall rfkill_init+0x0/0x111 returned 0 after 976 usecs
[    3.910599] calling  pci_subsys_init+0x0/0x66 @ 1
[    3.916656] PCI: Using ACPI for IRQ routing
[    4.630788] PCI: pci_cache_line_size set to 64 bytes
[    4.639271] e820: reserve RAM buffer [mem 0x0009fc00-0x0009ffff]
[    4.648651] e820: reserve RAM buffer [mem 0x1ffdf000-0x1fffffff]
[    4.656683] initcall pci_subsys_init+0x0/0x66 returned 0 after 722656 usecs
[    4.666767] calling  nmi_warning_debugfs+0x0/0x26 @ 1
[    4.674688] initcall nmi_warning_debugfs+0x0/0x26 returned 0 after 0 usecs
[    4.684604] calling  save_microcode_in_initrd+0x0/0x51 @ 1
[    4.692687] initcall save_microcode_in_initrd+0x0/0x51 returned 0 after 0 usecs
[    4.703602] calling  hpet_late_init+0x0/0x207 @ 1
[    4.709734] hpet: 3 channels of 0 reserved for per-cpu timers
[    4.716692] hpet0: at MMIO 0xfed00000, IRQs 2, 8, 0
[    4.722594] hpet0: 3 comparators, 64-bit 100.000000 MHz counter
[    4.733599] initcall hpet_late_init+0x0/0x207 returned 0 after 23437 usecs
[    4.742601] calling  init_amd_nbs+0x0/0x11c @ 1
[    4.749627] initcall init_amd_nbs+0x0/0x11c returned 0 after 0 usecs
[    4.758601] calling  clocksource_done_booting+0x0/0x41 @ 1
[    4.768941] clocksource: Switched to clocksource kvm-clock
[    4.777369] initcall clocksource_done_booting+0x0/0x41 returned 0 after 10485 usecs
[    4.778019] calling  tracer_init_tracefs+0x0/0x242 @ 1
[    4.778019] initcall tracer_init_tracefs+0x0/0x242 returned 0 after 171695 usecs
[    4.778019] calling  init_trace_printk_function_export+0x0/0x2c @ 1
[    4.778019] initcall init_trace_printk_function_export+0x0/0x2c returned 0 after 10 usecs
[    4.778019] calling  init_kprobe_trace+0x0/0x1a9 @ 1
[    4.778019] initcall init_kprobe_trace+0x0/0x1a9 returned 0 after 10 usecs
[    4.778019] calling  init_dynamic_event+0x0/0x3d @ 1
[    4.778019] initcall init_dynamic_event+0x0/0x3d returned 0 after 8 usecs
[    4.778019] calling  init_uprobe_trace+0x0/0x5c @ 1
[    4.778019] initcall init_uprobe_trace+0x0/0x5c returned 0 after 185 usecs
[    4.778019] calling  init_pipe_fs+0x0/0x44 @ 1
[    4.778019] initcall init_pipe_fs+0x0/0x44 returned 0 after 103 usecs
[    4.778019] calling  inotify_user_setup+0x0/0x47 @ 1
[    4.778019] initcall inotify_user_setup+0x0/0x47 returned 0 after 120 usecs
[    4.778019] calling  eventpoll_init+0x0/0xd4 @ 1
[    4.778019] initcall eventpoll_init+0x0/0xd4 returned 0 after 612 usecs
[    4.778019] calling  anon_inode_init+0x0/0x58 @ 1
[    4.778019] initcall anon_inode_init+0x0/0x58 returned 0 after 140 usecs
[    4.778019] calling  proc_locks_init+0x0/0x27 @ 1
[    4.778019] initcall proc_locks_init+0x0/0x27 returned 0 after 5 usecs
[    4.778019] calling  iomap_init+0x0/0x1b @ 1
[    4.778019] initcall iomap_init+0x0/0x1b returned 0 after 3650 usecs
[    4.778019] calling  dquot_init+0x0/0x106 @ 1
[    4.778019] VFS: Disk quotas dquot_6.6.0
[    4.778019] VFS: Dquot-cache hash table entries: 512 (order 0, 4096 bytes)
[    4.778019] initcall dquot_init+0x0/0x106 returned 0 after 14301 usecs
[    4.778019] calling  quota_init+0x0/0x23 @ 1
[    4.778019] initcall quota_init+0x0/0x23 returned 0 after 17 usecs
[    4.778019] calling  proc_cmdline_init+0x0/0x21 @ 1
[    4.778019] initcall proc_cmdline_init+0x0/0x21 returned 0 after 5 usecs
[    4.778019] calling  proc_consoles_init+0x0/0x24 @ 1
[    4.778019] initcall proc_consoles_init+0x0/0x24 returned 0 after 4 usecs
[    4.778019] calling  proc_cpuinfo_init+0x0/0x1e @ 1
[    4.778019] initcall proc_cpuinfo_init+0x0/0x1e returned 0 after 4 usecs
[    4.778019] calling  proc_devices_init+0x0/0x24 @ 1
[    4.778019] initcall proc_devices_init+0x0/0x24 returned 0 after 5 usecs
[    4.778019] calling  proc_interrupts_init+0x0/0x24 @ 1
[    4.778019] initcall proc_interrupts_init+0x0/0x24 returned 0 after 5 usecs
[    4.778019] calling  proc_loadavg_init+0x0/0x21 @ 1
[    5.275713] initcall proc_loadavg_init+0x0/0x21 returned 0 after 5 usecs
[    5.275713] calling  proc_meminfo_init+0x0/0x21 @ 1
[    5.275713] initcall proc_meminfo_init+0x0/0x21 returned 0 after 6 usecs
[    5.275713] calling  proc_stat_init+0x0/0x1e @ 1
[    5.275713] initcall proc_stat_init+0x0/0x1e returned 0 after 5 usecs
[    5.275713] calling  proc_uptime_init+0x0/0x21 @ 1
[    5.275713] initcall proc_uptime_init+0x0/0x21 returned 0 after 4 usecs
[    5.275713] calling  proc_version_init+0x0/0x21 @ 1
[    5.275713] initcall proc_version_init+0x0/0x21 returned 0 after 4 usecs
[    5.275713] calling  proc_softirqs_init+0x0/0x21 @ 1
[    5.275713] initcall proc_softirqs_init+0x0/0x21 returned 0 after 4 usecs
[    5.275713] calling  proc_kcore_init+0x0/0xea @ 1
[    5.275713] initcall proc_kcore_init+0x0/0xea returned 0 after 366 usecs
[    5.275713] calling  vmcore_init+0x0/0x578 @ 1
[    5.275713] initcall vmcore_init+0x0/0x578 returned 0 after 65 usecs
[    5.275713] calling  proc_kmsg_init+0x0/0x21 @ 1
[    5.275713] initcall proc_kmsg_init+0x0/0x21 returned 0 after 6 usecs
[    5.275713] calling  proc_page_init+0x0/0x3b @ 1
[    5.275713] initcall proc_page_init+0x0/0x3b returned 0 after 6 usecs
[    5.275713] calling  init_ramfs_fs+0x0/0xc @ 1
[    5.275713] initcall init_ramfs_fs+0x0/0xc returned 0 after 18 usecs
[    5.275713] calling  init_hugetlbfs_fs+0x0/0xf6 @ 1
[    5.275713] initcall init_hugetlbfs_fs+0x0/0xf6 returned 0 after 1723 usecs
[    5.275713] calling  blk_scsi_ioctl_init+0x0/0x2a5 @ 1
[    5.275713] initcall blk_scsi_ioctl_init+0x0/0x2a5 returned 0 after 24 usecs
[    5.275713] calling  acpi_event_init+0x0/0x2c @ 1
[    5.275713] initcall acpi_event_init+0x0/0x2c returned 0 after 17 usecs
[    5.275713] calling  pnp_system_init+0x0/0xc @ 1
[    5.275713] initcall pnp_system_init+0x0/0xc returned 0 after 7870 usecs
[    5.275713] calling  pnpacpi_init+0x0/0x69 @ 1
[    5.275713] pnp: PnP ACPI init
[    5.275713] pnp 00:00: Plug and Play ACPI device, IDs PNP0303 (active)
[    5.275713] pnp 00:01: Plug and Play ACPI device, IDs PNP0f13 (active)
[    5.275713] pnp 00:02: Plug and Play ACPI device, IDs PNP0400 (active)
[    5.275713] pnp 00:03: Plug and Play ACPI device, IDs PNP0501 (active)
[    5.275713] pnp 00:04: Plug and Play ACPI device, IDs PNP0b00 (active)
[    5.275713] system 00:05: [mem 0xb0000000-0xbfffffff window] has been reserved
[    5.275713] system 00:05: Plug and Play ACPI device, IDs PNP0c01 (active)
[    5.275713] pnp: PnP ACPI: found 6 devices
[    5.275713] initcall pnpacpi_init+0x0/0x69 returned 0 after 104130 usecs
[    5.275713] calling  chr_dev_init+0x0/0x14d @ 1
[    5.743045] initcall chr_dev_init+0x0/0x14d returned 0 after 101573 usecs
[    5.751311] calling  firmware_class_init+0x0/0xe7 @ 1
[    5.759030] initcall firmware_class_init+0x0/0xe7 returned 0 after 71 usecs
[    5.769242] calling  init_pcmcia_bus+0x0/0x5b @ 1
[    5.776320] initcall init_pcmcia_bus+0x0/0x5b returned 0 after 73 usecs
[    5.785863] calling  init_acpi_pm_clocksource+0x0/0xda @ 1
[    5.799303] clocksource: acpi_pm: mask: 0xffffff max_cycles: 0xffffff, max_idle_ns: 2085701024 ns
[    5.811810] initcall init_acpi_pm_clocksource+0x0/0xda returned 0 after 17767 usecs
[    5.822691] calling  sysctl_core_init+0x0/0x26 @ 1
[    5.829776] initcall sysctl_core_init+0x0/0x26 returned 0 after 192 usecs
[    5.839461] calling  eth_offload_init+0x0/0x13 @ 1
[    5.846465] initcall eth_offload_init+0x0/0x13 returned 0 after 126 usecs
[    5.856006] calling  ipv4_offload_init+0x0/0x73 @ 1
[    5.861771] initcall ipv4_offload_init+0x0/0x73 returned 0 after 51 usecs
[    5.869448] calling  inet_init+0x0/0x276 @ 1
[    5.874542] NET: Registered protocol family 2
[    5.880577] IP idents hash table entries: 8192 (order: 4, 65536 bytes, linear)
[    5.892285] tcp_listen_portaddr_hash hash table entries: 256 (order: 0, 4096 bytes, linear)
[    5.901793] TCP established hash table entries: 4096 (order: 3, 32768 bytes, linear)
[    5.910724] TCP bind hash table entries: 4096 (order: 4, 65536 bytes, linear)
[    5.919443] TCP: Hash tables configured (established 4096 bind 4096)
[    5.929298] UDP hash table entries: 256 (order: 1, 8192 bytes, linear)
[    5.936978] UDP-Lite hash table entries: 256 (order: 1, 8192 bytes, linear)
[    5.945256] initcall inet_init+0x0/0x276 returned 0 after 69227 usecs
[    5.952669] calling  af_unix_init+0x0/0x4d @ 1
[    5.957937] NET: Registered protocol family 1
[    5.963164] initcall af_unix_init+0x0/0x4d returned 0 after 5154 usecs
[    5.972115] calling  ipv6_offload_init+0x0/0x7e @ 1
[    5.977950] initcall ipv6_offload_init+0x0/0x7e returned 0 after 126 usecs
[    5.985806] calling  init_sunrpc+0x0/0x65 @ 1
[    5.996769] RPC: Registered named UNIX socket transport module.
[    6.006121] RPC: Registered udp transport module.
[    6.012947] RPC: Registered tcp transport module.
[    6.019823] RPC: Registered tcp NFSv4.1 backchannel transport module.
[    6.029310] initcall init_sunrpc+0x0/0x65 returned 0 after 37584 usecs
[    6.038310] calling  cfg80211_init+0x0/0xc5 @ 1
[    6.047280] initcall cfg80211_init+0x0/0xc5 returned 0 after 3453 usecs
[    6.056507] calling  pcibios_assign_resources+0x0/0xbf @ 1
[    6.057268] pci_bus 0000:00: resource 4 [io  0x0000-0x0cf7 window]
[    6.057268] pci_bus 0000:00: resource 5 [io  0x0d00-0xffff window]
[    6.057268] pci_bus 0000:00: resource 6 [mem 0x000a0000-0x000bffff window]
[    6.057268] pci_bus 0000:00: resource 7 [mem 0x20000000-0xafffffff window]
[    6.057268] pci_bus 0000:00: resource 8 [mem 0xc0000000-0xfebfffff window]
[    6.057268] pci_bus 0000:00: resource 9 [mem 0x100000000-0x8ffffffff window]
[    6.057268] initcall pcibios_assign_resources+0x0/0xbf returned 0 after 56145 usecs
[    6.057268] calling  pci_apply_final_quirks+0x0/0x124 @ 1
[    6.057268] pci 0000:00:01.0: calling  pci_fixup_video+0x0/0xe0 @ 1
[    6.057268] pci 0000:00:01.0: Video device with shadowed ROM at [mem 0x000c0000-0x000dffff]
[    6.057268] pci 0000:00:01.0: pci_fixup_video+0x0/0xe0 took 12284 usecs
[    6.057268] PCI: CLS 0 bytes, default 64
[    6.057268] initcall pci_apply_final_quirks+0x0/0x124 returned 0 after 36239 usecs
[    6.057268] calling  acpi_reserve_resources+0x0/0xea @ 1
[    6.057268] initcall acpi_reserve_resources+0x0/0xea returned 0 after 45 usecs
[    6.057268] calling  populate_rootfs+0x0/0x102 @ 1
[    6.210696] initcall populate_rootfs+0x0/0x102 returned 0 after 2138 usecs
[    6.210696] calling  pci_iommu_init+0x0/0x3e @ 1
[    6.210696] initcall pci_iommu_init+0x0/0x3e returned 0 after 92 usecs
[    6.210696] calling  ia32_binfmt_init+0x0/0x13 @ 1
[    6.210696] initcall ia32_binfmt_init+0x0/0x13 returned 0 after 96 usecs
[    6.210696] calling  rapl_pmu_init+0x0/0x267 @ 1
[    6.210696] initcall rapl_pmu_init+0x0/0x267 returned -19 after 71 usecs
[    6.210696] calling  amd_uncore_init+0x0/0x310 @ 1
[    6.210696] initcall amd_uncore_init+0x0/0x310 returned -19 after 1 usecs
[    6.210696] calling  amd_ibs_init+0x0/0x243 @ 1
[    6.210696] initcall amd_ibs_init+0x0/0x243 returned -19 after 0 usecs
[    6.210696] calling  amd_iommu_pc_init+0x0/0x215 @ 1
[    6.210696] initcall amd_iommu_pc_init+0x0/0x215 returned -19 after 0 usecs
[    6.298887] calling  msr_init+0x0/0x55 @ 1
[    6.298887] initcall msr_init+0x0/0x55 returned 0 after 1683 usecs
[    6.298887] calling  intel_uncore_init+0x0/0x36f @ 1
[    6.298887] initcall intel_uncore_init+0x0/0x36f returned -19 after 57 usecs
[    6.298887] calling  cstate_pmu_init+0x0/0x1a1 @ 1
[    6.298887] initcall cstate_pmu_init+0x0/0x1a1 returned -19 after 0 usecs
[    6.298887] calling  register_kernel_offset_dumper+0x0/0x1a @ 1
[    6.298887] initcall register_kernel_offset_dumper+0x0/0x1a returned 0 after 16 usecs
[    6.298887] calling  i8259A_init_ops+0x0/0x20 @ 1
[    6.368026] initcall i8259A_init_ops+0x0/0x20 returned 0 after 1 usecs
[    6.375732] calling  init_tsc_clocksource+0x0/0xa4 @ 1
[    6.381709] clocksource: tsc: mask: 0xffffffffffffffff max_cycles: 0x39a85afc727, max_idle_ns: 881590685098 ns
[    6.393222] initcall init_tsc_clocksource+0x0/0xa4 returned 0 after 11241 usecs
[    6.401507] calling  add_rtc_cmos+0x0/0xb0 @ 1
[    6.406593] initcall add_rtc_cmos+0x0/0xb0 returned 0 after 18 usecs
[    6.415070] calling  i8237A_init_ops+0x0/0x3a @ 1
[    6.422068] initcall i8237A_init_ops+0x0/0x3a returned 0 after 87 usecs
[    6.430896] calling  umwait_init+0x0/0x94 @ 1
[    6.436013] initcall umwait_init+0x0/0x94 returned -19 after 23 usecs
[    6.443297] calling  thermal_throttle_init_device+0x0/0x3d @ 1
[    6.450084] initcall thermal_throttle_init_device+0x0/0x3d returned 0 after 30 usecs
[    6.459954] calling  msr_init+0x0/0xd7 @ 1
[    6.479237] initcall msr_init+0x0/0xd7 returned 0 after 14117 usecs
[    6.486657] calling  cpuid_init+0x0/0xd7 @ 1
[    6.501837] initcall cpuid_init+0x0/0xd7 returned 0 after 9858 usecs
[    6.510470] calling  ioapic_init_ops+0x0/0x13 @ 1
[    6.517318] initcall ioapic_init_ops+0x0/0x13 returned 0 after 33 usecs
[    6.525768] calling  add_pcspkr+0x0/0x6c @ 1
[    6.531210] initcall add_pcspkr+0x0/0x6c returned 0 after 119 usecs
[    6.538905] calling  start_periodic_check_for_corruption+0x0/0x30 @ 1
[    6.546517] check: Scanning for low memory corruption every 60 seconds
[    6.554224] initcall start_periodic_check_for_corruption+0x0/0x30 returned 0 after 7551 usecs
[    6.564183] calling  sysfb_init+0x0/0x9c @ 1
[    6.569751] initcall sysfb_init+0x0/0x9c returned 0 after 165 usecs
[    6.577707] calling  audit_classes_init+0x0/0xae @ 1
[    6.585086] initcall audit_classes_init+0x0/0xae returned 0 after 62 usecs
[    6.594789] calling  iosf_mbi_init+0x0/0x24 @ 1
[    6.601768] initcall iosf_mbi_init+0x0/0x24 returned 0 after 210 usecs
[    6.611299] calling  proc_execdomains_init+0x0/0x21 @ 1
[    6.619034] initcall proc_execdomains_init+0x0/0x21 returned 0 after 20 usecs
[    6.629391] calling  register_warn_debugfs+0x0/0x23 @ 1
[    6.636962] initcall register_warn_debugfs+0x0/0x23 returned 0 after 32 usecs
[    6.647161] calling  cpuhp_sysfs_init+0x0/0x79 @ 1
[    6.659186] initcall cpuhp_sysfs_init+0x0/0x79 returned 0 after 1591 usecs
[    6.667107] calling  ioresources_init+0x0/0x49 @ 1
[    6.672867] initcall ioresources_init+0x0/0x49 returned 0 after 192 usecs
[    6.680640] calling  snapshot_device_init+0x0/0xc @ 1
[    6.690423] initcall snapshot_device_init+0x0/0xc returned 0 after 3905 usecs
[    6.698560] calling  irq_pm_init_ops+0x0/0x13 @ 1
[    6.704093] initcall irq_pm_init_ops+0x0/0x13 returned 0 after 14 usecs
[    6.711640] calling  rcu_torture_init+0x0/0x9a6 @ 1
[    6.717322] rcu-torture:--- Start of test: nreaders=7 nfakewriters=4 stat_interval=15 verbose=1 test_no_idle_hz=1 shuffle_interval=3 stutter=5 irqreader=1 fqs_duration=0 fqs_holdoff=0 fqs_stutter=3 test_boost=1/0 test_boost_interval=7 test_boost_duration=4 shutdown_secs=1800 stall_cpu=0 stall_cpu_holdoff=10 stall_cpu_irqsoff=0 stall_cpu_block=0 n_barrier_cbs=4 onoff_interval=1000 onoff_holdoff=30 read_exit_delay=13 read_exit_burst=16
[    6.760405] rcu:  Start-test grace-period state: g-1116 f0x0
[    6.767102] rcu-torture: Creating rcu_torture_writer task
[    6.773932] rcu-torture: Creating rcu_torture_fakewriter task
[    6.782359] rcu-torture: rcu_torture_writer task started
[    6.788590] rcu-torture: GP expediting controlled from boot/sysfs for rcu.
[    6.797414] rcu_torture_writer: Testing conditional GPs.
[    6.804459] rcu_torture_writer: Testing expedited GPs.
[    6.810387] rcu_torture_writer: Testing asynchronous GPs.
[    6.816770] rcu_torture_writer: Testing normal GPs.
[    6.822871] rcu-torture: Creating rcu_torture_fakewriter task
[    6.829953] rcu-torture: rcu_torture_fakewriter task started
[    6.838466] rcu-torture: Creating rcu_torture_fakewriter task
[    6.838482] rcu-torture: rcu_torture_fakewriter task started
[    6.853991] rcu-torture: Creating rcu_torture_fakewriter task
[    6.854017] rcu-torture: rcu_torture_fakewriter task started
[    6.871430] rcu-torture: Creating rcu_torture_reader task
[    6.871452] rcu-torture: rcu_torture_fakewriter task started
[    6.888442] rcu-torture: Creating rcu_torture_reader task
[    6.888466] rcu-torture: rcu_torture_reader task started
[    6.908550] rcu-torture: Creating rcu_torture_reader task
[    6.908563] rcu-torture: rcu_torture_reader task started
[    6.932230] rcu-torture: Creating rcu_torture_reader task
[    6.932248] rcu-torture: rcu_torture_reader task started
[    6.954305] rcu-torture: Creating rcu_torture_reader task
[    6.954387] rcu-torture: rcu_torture_reader task started
[    6.973962] rcu-torture: Creating rcu_torture_reader task
[    6.973974] rcu-torture: rcu_torture_reader task started
[    7.010356] rcu-torture: rcu_torture_reader task started
[    7.010392] rcu-torture: Creating rcu_torture_reader task
[    7.034256] rcu-torture: Creating rcu_torture_stats task
[    7.034274] rcu-torture: rcu_torture_reader task started
[    7.079292] rcu-torture: Creating torture_shuffle task
[    7.079374] rcu-torture: rcu_torture_stats task started
[    7.112372] rcu-torture: Creating torture_stutter task
[    7.112401] rcu-torture: torture_shuffle task started
[    7.152166] rcu-torture: Creating torture_shutdown task
[    7.152182] rcu-torture: torture_stutter task started
[    7.170169] rcu-torture: torture_shutdown task started
[    7.170627] rcu-torture: Creating torture_onoff task
[    7.176432] rcu-torture:torture_shutdown task: 1799975 ms remaining
[    7.191629] rcu-torture: torture_onoff task started
[    7.191917] rcu-torture: Creating rcu_torture_fwd_prog task
[    7.197709] rcu-torture: torture_onoff begin holdoff
[    7.211986] rcu-torture: Creating rcu_torture_barrier_cbs task
[    7.211995] rcu-torture: rcu_torture_fwd_progress task started
[    7.228473] rcu-torture: Creating rcu_torture_barrier_cbs task
[    7.228512] rcu-torture: rcu_torture_barrier_cbs task started
[    7.243980] rcu-torture: Creating rcu_torture_barrier_cbs task
[    7.244012] rcu-torture: rcu_torture_barrier_cbs task started
[    7.260612] rcu-torture: Creating rcu_torture_barrier_cbs task
[    7.260832] rcu-torture: rcu_torture_barrier_cbs task started
[    7.274867] rcu-torture: rcu_torture_barrier_cbs task started
[    7.274976] rcu-torture: Creating rcu_torture_barrier task
[    7.288743] rcu-torture: rcu_torture_barrier task starting
[    7.288832] rcu-torture: Creating rcu_torture_read_exit task
[    7.303382] initcall rcu_torture_init+0x0/0x9a6 returned 0 after 572369 usecs
[    7.303401] rcu-torture: rcu_torture_read_exit: Start of test
[    7.311810] calling  timekeeping_init_ops+0x0/0x13 @ 1
[    7.318971] rcu_torture_rea (126) used greatest stack depth: 15480 bytes left
[    7.312613] initcall timekeeping_init_ops+0x0/0x13 returned 0 after 13 usecs
[    7.312613] calling  init_clocksource_sysfs+0x0/0x23 @ 1
[    7.312613] initcall init_clocksource_sysfs+0x0/0x23 returned 0 after 389 usecs
[    7.312613] calling  init_timer_list_procfs+0x0/0x31 @ 1
[    7.312613] initcall init_timer_list_procfs+0x0/0x31 returned 0 after 12 usecs
[    7.312613] calling  alarmtimer_init+0x0/0xc7 @ 1
[    7.312613] initcall alarmtimer_init+0x0/0xc7 returned 0 after 256 usecs
[    7.333105] calling  init_posix_timers+0x0/0x29 @ 1
[    7.333105] initcall init_posix_timers+0x0/0x29 returned 0 after 25 usecs
[    7.333105] calling  clockevents_init_sysfs+0x0/0xbf @ 1
[    7.333105] initcall clockevents_init_sysfs+0x0/0xbf returned 0 after 223 usecs
[    7.333105] calling  proc_dma_init+0x0/0x21 @ 1
[    7.333105] initcall proc_dma_init+0x0/0x21 returned 0 after 5 usecs
[    7.333105] calling  proc_modules_init+0x0/0x1e @ 1
[    7.333105] initcall proc_modules_init+0x0/0x1e returned 0 after 17 usecs
[    7.333105] calling  kallsyms_init+0x0/0x21 @ 1
[    7.333105] initcall kallsyms_init+0x0/0x21 returned 0 after 2 usecs
[    7.333105] calling  pid_namespaces_init+0x0/0x2c @ 1
[    7.333105] initcall pid_namespaces_init+0x0/0x2c returned 0 after 256 usecs
[    7.333105] calling  audit_watch_init+0x0/0x37 @ 1
[    7.333105] initcall audit_watch_init+0x0/0x37 returned 0 after 47 usecs
[    7.333105] calling  audit_fsnotify_init+0x0/0x37 @ 1
[    7.333105] initcall audit_fsnotify_init+0x0/0x37 returned 0 after 1 usecs
[    7.333105] calling  audit_tree_init+0x0/0x6d @ 1
[    7.333105] initcall audit_tree_init+0x0/0x6d returned 0 after 22 usecs
[    7.333105] calling  seccomp_sysctl_init+0x0/0x2b @ 1
[    7.333105] initcall seccomp_sysctl_init+0x0/0x2b returned 0 after 49 usecs
[    7.333105] calling  utsname_sysctl_init+0x0/0x13 @ 1
[    7.333105] initcall utsname_sysctl_init+0x0/0x13 returned 0 after 46 usecs
[    7.333105] calling  init_tracepoints+0x0/0x27 @ 1
[    7.333105] initcall init_tracepoints+0x0/0x27 returned 0 after 38 usecs
[    7.333105] calling  init_blk_tracer+0x0/0x50 @ 1
[    7.333105] initcall init_blk_tracer+0x0/0x50 returned 0 after 456 usecs
[    7.333105] calling  perf_event_sysfs_init+0x0/0x81 @ 1
[    7.333105] initcall perf_event_sysfs_init+0x0/0x81 returned 0 after 291 usecs
[    7.333105] calling  system_trusted_keyring_init+0x0/0x60 @ 1
[    7.333105] Initialise system trusted keyrings
[    7.333105] initcall system_trusted_keyring_init+0x0/0x60 returned 0 after 4945 usecs
[    7.333105] calling  kswapd_init+0x0/0x5c @ 1
[    7.616098] initcall kswapd_init+0x0/0x5c returned 0 after 2151 usecs
[    7.623561] calling  extfrag_debug_init+0x0/0x54 @ 1
[    7.624391] initcall extfrag_debug_init+0x0/0x54 returned 0 after 148 usecs
[    7.624391] calling  mm_compute_batch_init+0x0/0x12 @ 1
[    7.624391] initcall mm_compute_batch_init+0x0/0x12 returned 0 after 0 usecs
[    7.624391] calling  slab_proc_init+0x0/0x21 @ 1
[    7.624391] initcall slab_proc_init+0x0/0x21 returned 0 after 30 usecs
[    7.624391] calling  workingset_init+0x0/0x8c @ 1
[    7.624391] workingset: timestamp_bits=56 max_order=17 bucket_order=0
[    7.624391] initcall workingset_init+0x0/0x8c returned 0 after 6991 usecs
[    7.624391] calling  proc_vmalloc_init+0x0/0x32 @ 1
[    7.624391] initcall proc_vmalloc_init+0x0/0x32 returned 0 after 59 usecs
[    7.624391] calling  procswaps_init+0x0/0x1e @ 1
[    7.624391] initcall procswaps_init+0x0/0x1e returned 0 after 35 usecs
[    7.624391] calling  slab_sysfs_init+0x0/0xea @ 1
[    7.723737] initcall slab_sysfs_init+0x0/0xea returned 0 after 2797 usecs
[    7.731448] calling  fcntl_init+0x0/0x29 @ 1
[    7.736444] initcall fcntl_init+0x0/0x29 returned 0 after 9 usecs
[    7.743370] calling  proc_filesystems_init+0x0/0x21 @ 1
[    7.752943] initcall proc_filesystems_init+0x0/0x21 returned 0 after 490 usecs
[    7.761335] calling  start_dirtytime_writeback+0x0/0x29 @ 1
[    7.767699] initcall start_dirtytime_writeback+0x0/0x29 returned 0 after 51 usecs
[    7.776185] calling  blkdev_init+0x0/0x1b @ 1
[    7.782726] initcall blkdev_init+0x0/0x1b returned 0 after 1480 usecs
[    7.790371] calling  dio_init+0x0/0x2c @ 1
[    7.795796] initcall dio_init+0x0/0x2c returned 0 after 584 usecs
[    7.802696] calling  dnotify_init+0x0/0x78 @ 1
[    7.808161] initcall dnotify_init+0x0/0x78 returned 0 after 288 usecs
[    7.815532] calling  aio_setup+0x0/0x78 @ 1
[    7.821311] initcall aio_setup+0x0/0x78 returned 0 after 855 usecs
[    7.828486] calling  io_uring_init+0x0/0x2c @ 1
[    7.833713] initcall io_uring_init+0x0/0x2c returned 0 after 36 usecs
[    7.840960] calling  mbcache_init+0x0/0x30 @ 1
[    7.846161] initcall mbcache_init+0x0/0x30 returned 0 after 149 usecs
[    7.853266] calling  init_grace+0x0/0xc @ 1
[    7.858118] initcall init_grace+0x0/0xc returned 0 after 83 usecs
[    7.864955] calling  init_v2_quota_format+0x0/0x21 @ 1
[    7.870889] initcall init_v2_quota_format+0x0/0x21 returned 0 after 51 usecs
[    7.878742] calling  init_devpts_fs+0x0/0x27 @ 1
[    7.884166] initcall init_devpts_fs+0x0/0x27 returned 0 after 181 usecs
[    7.891712] calling  ext4_init_fs+0x0/0x1d0 @ 1
[    7.898472] initcall ext4_init_fs+0x0/0x1d0 returned 0 after 1536 usecs
[    7.906075] calling  journal_init+0x0/0x11c @ 1
[    7.911319] initcall journal_init+0x0/0x11c returned 0 after 87 usecs
[    7.918658] calling  init_fat_fs+0x0/0x49 @ 1
[    7.923731] initcall init_fat_fs+0x0/0x49 returned 0 after 59 usecs
[    7.932713] calling  init_vfat_fs+0x0/0xc @ 1
[    7.939122] initcall init_vfat_fs+0x0/0xc returned 0 after 4 usecs
[    7.946326] calling  init_msdos_fs+0x0/0xc @ 1
[    7.951450] initcall init_msdos_fs+0x0/0xc returned 0 after 3 usecs
[    7.958593] calling  init_iso9660_fs+0x0/0x6c @ 1
[    7.964334] initcall init_iso9660_fs+0x0/0x6c returned 0 after 244 usecs
[    7.972296] calling  init_nfs_fs+0x0/0x13a @ 1
[    7.980750] initcall init_nfs_fs+0x0/0x13a returned 0 after 3351 usecs
[    7.980750] calling  init_nfs_v2+0x0/0x13 @ 1
[    7.980750] initcall init_nfs_v2+0x0/0x13 returned 0 after 66 usecs
[    7.980750] calling  init_nfs_v3+0x0/0x13 @ 1
[    7.980750] initcall init_nfs_v3+0x0/0x13 returned 0 after 15 usecs
[    7.980750] calling  init_nfs_v4+0x0/0x32 @ 1
[    7.980750] NFS: Registering the id_resolver key type
[    7.980750] Key type id_resolver registered
[    7.980750] Key type id_legacy registered
[    7.980750] initcall init_nfs_v4+0x0/0x32 returned 0 after 15171 usecs
[    7.980750] calling  init_nlm+0x0/0x5b @ 1
[    7.980750] initcall init_nlm+0x0/0x5b returned 0 after 105 usecs
[    7.980750] calling  init_nls_cp437+0x0/0xe @ 1
[    7.980750] initcall init_nls_cp437+0x0/0xe returned 0 after 49 usecs
[    7.980750] calling  init_nls_ascii+0x0/0xe @ 1
[    7.980750] initcall init_nls_ascii+0x0/0xe returned 0 after 0 usecs
[    7.980750] calling  init_nls_iso8859_1+0x0/0xe @ 1
[    7.980750] initcall init_nls_iso8859_1+0x0/0xe returned 0 after 0 usecs
[    7.980750] calling  init_nls_utf8+0x0/0x21 @ 1
[    7.980750] initcall init_nls_utf8+0x0/0x21 returned 0 after 0 usecs
[    8.104334] calling  init_autofs_fs+0x0/0x25 @ 1
[    8.112072] initcall init_autofs_fs+0x0/0x25 returned 0 after 2189 usecs
[    8.120090] calling  ipc_init+0x0/0x24 @ 1
[    8.120919] initcall ipc_init+0x0/0x24 returned 0 after 145 usecs
[    8.120919] calling  ipc_sysctl_init+0x0/0x13 @ 1
[    8.120919] initcall ipc_sysctl_init+0x0/0x13 returned 0 after 15 usecs
[    8.120919] calling  init_mqueue_fs+0x0/0x9a @ 1
[    8.120919] initcall init_mqueue_fs+0x0/0x9a returned 0 after 271 usecs
[    8.120919] calling  key_proc_init+0x0/0x63 @ 1
[    8.120919] initcall key_proc_init+0x0/0x63 returned 0 after 24 usecs
[    8.120919] calling  selinux_nf_ip_init+0x0/0x2e @ 1
[    8.120919] initcall selinux_nf_ip_init+0x0/0x2e returned 0 after 71 usecs
[    8.120919] calling  init_sel_fs+0x0/0x116 @ 1
[    8.120919] initcall init_sel_fs+0x0/0x116 returned 0 after 0 usecs
[    8.120919] calling  selnl_init+0x0/0x7c @ 1
[    8.120919] initcall selnl_init+0x0/0x7c returned 0 after 377 usecs
[    8.120919] calling  sel_netif_init+0x0/0x36 @ 1
[    8.120919] initcall sel_netif_init+0x0/0x36 returned 0 after 0 usecs
[    8.120919] calling  sel_netnode_init+0x0/0x33 @ 1
[    8.120919] initcall sel_netnode_init+0x0/0x33 returned 0 after 0 usecs
[    8.120919] calling  sel_netport_init+0x0/0x33 @ 1
[    8.120919] initcall sel_netport_init+0x0/0x33 returned 0 after 0 usecs
[    8.120919] calling  aurule_init+0x0/0x2a @ 1
[    8.120919] initcall aurule_init+0x0/0x2a returned 0 after 2 usecs
[    8.120919] calling  crypto_algapi_init+0x0/0xc @ 1
[    8.120919] initcall crypto_algapi_init+0x0/0xc returned 0 after 6 usecs
[    8.120919] calling  jent_mod_init+0x0/0x2d @ 1
[    8.304373] initcall jent_mod_init+0x0/0x2d returned 0 after 9964 usecs
[    8.305180] cryptomgr_test (132) used greatest stack depth: 15184 bytes left
[    8.304890] calling  asymmetric_key_init+0x0/0xc @ 1
[    8.304890] Key type asymmetric registered
[    8.304890] initcall asymmetric_key_init+0x0/0xc returned 0 after 3 usecs
[    8.304890] calling  x509_key_init+0x0/0xc @ 1
[    8.304890] Asymmetric key parser 'x509' registered
[    8.304890] initcall x509_key_init+0x0/0xc returned 0 after 41 usecs
[    8.304890] calling  proc_genhd_init+0x0/0x41 @ 1
[    8.304890] initcall proc_genhd_init+0x0/0x41 returned 0 after 22 usecs
[    8.304890] calling  bsg_init+0x0/0x113 @ 1
[    8.304890] Block layer SCSI generic (bsg) driver version 0.4 loaded (major 251)
[    8.346968] initcall bsg_init+0x0/0x113 returned 0 after 69933 usecs
[    8.346968] calling  deadline_init+0x0/0xc @ 1
[    8.346968] io scheduler mq-deadline registered
[    8.346968] initcall deadline_init+0x0/0xc returned 0 after 5204 usecs
[    8.346968] calling  kyber_init+0x0/0xc @ 1
[    8.346968] io scheduler kyber registered
[    8.346968] initcall kyber_init+0x0/0xc returned 0 after 4434 usecs
[    8.346968] calling  mod_init+0x0/0x7 @ 1
[    8.431071] initcall mod_init+0x0/0x7 returned 0 after 0 usecs
[    8.437897] calling  percpu_counter_startup+0x0/0x55 @ 1
[    8.449395] initcall percpu_counter_startup+0x0/0x55 returned 0 after 5231 usecs
[    8.457979] calling  sg_pool_init+0x0/0xb4 @ 1
[    8.458792] initcall sg_pool_init+0x0/0xb4 returned 0 after 296 usecs
[    8.458792] calling  pcie_portdrv_init+0x0/0x39 @ 1
[    8.458792] initcall pcie_portdrv_init+0x0/0x39 returned 0 after 351 usecs
[    8.458792] calling  pci_proc_init+0x0/0x68 @ 1
[    8.458792] initcall pci_proc_init+0x0/0x68 returned 0 after 23 usecs
[    8.458792] calling  pci_hotplug_init+0x0/0x7 @ 1
[    8.458792] initcall pci_hotplug_init+0x0/0x7 returned 0 after 0 usecs
[    8.458792] calling  efifb_driver_init+0x0/0xe @ 1
[    8.458792] initcall efifb_driver_init+0x0/0xe returned 0 after 415 usecs
[    8.458792] calling  ged_driver_init+0x0/0xe @ 1
[    8.458792] initcall ged_driver_init+0x0/0xe returned 0 after 53 usecs
[    8.458792] calling  acpi_ac_init+0x0/0x92 @ 1
[    8.458792] initcall acpi_ac_init+0x0/0x92 returned 0 after 421 usecs
[    8.458792] calling  acpi_button_driver_init+0x0/0x52 @ 1
[    8.458792] input: Power Button as /devices/LNXSYSTM:00/LNXPWRBN:00/input/input0
[    8.458792] ACPI: Power Button [PWRF]
[    8.570674] initcall acpi_button_driver_init+0x0/0x52 returned 0 after 14479 usecs
[    8.570877] calling  acpi_fan_driver_init+0x0/0xe @ 1
[    8.570877] initcall acpi_fan_driver_init+0x0/0xe returned 0 after 15 usecs
[    8.570877] calling  acpi_video_init+0x0/0xcb @ 1
[    8.570877] initcall acpi_video_init+0x0/0xcb returned 0 after 64 usecs
[    8.570877] calling  acpi_processor_driver_init+0x0/0xad @ 1
[    8.570877] initcall acpi_processor_driver_init+0x0/0xad returned 0 after 954 usecs
[    8.570877] calling  acpi_thermal_init+0x0/0x71 @ 1
[    8.629912] initcall acpi_thermal_init+0x0/0x71 returned 0 after 922 usecs
[    8.630682] calling  acpi_battery_init+0x0/0x32 @ 1
[    8.642685] initcall acpi_battery_init+0x0/0x32 returned 0 after 142 usecs
[    8.642685] calling  bgrt_init+0x0/0xb6 @ 1
[    8.642685] initcall bgrt_init+0x0/0xb6 returned -19 after 53 usecs
[    8.642685] calling  gpio_clk_driver_init+0x0/0xe @ 1
[    8.642685] initcall gpio_clk_driver_init+0x0/0xe returned 0 after 38 usecs
[    8.642685] calling  plt_clk_driver_init+0x0/0xe @ 1
[    8.642685] initcall plt_clk_driver_init+0x0/0xe returned 0 after 23 usecs
[    8.642685] calling  virtio_pci_driver_init+0x0/0x15 @ 1
[    8.642685] initcall virtio_pci_driver_init+0x0/0x15 returned 0 after 1295 usecs
[    8.642685] calling  n_null_init+0x0/0x1e @ 1
[    8.642685] initcall n_null_init+0x0/0x1e returned 0 after 102 usecs
[    8.642685] calling  pty_init+0x0/0x1e8 @ 1
[    8.725307] initcall pty_init+0x0/0x1e8 returned 0 after 1810 usecs
[    8.725942] calling  sysrq_init+0x0/0x62 @ 1
[    8.725942] initcall sysrq_init+0x0/0x62 returned 0 after 44 usecs
[    8.725942] calling  serial8250_init+0x0/0x17e @ 1
[    8.725942] Serial: 8250/16550 driver, 4 ports, IRQ sharing enabled
[    8.725942] 00:03: ttyS0 at I/O 0x3f8 (irq = 4, base_baud = 115200) is a 16550A
[    8.773591] initcall serial8250_init+0x0/0x17e returned 0 after 22855 usecs
[    8.781922] calling  serial_pci_driver_init+0x0/0x15 @ 1
[    8.782739] initcall serial_pci_driver_init+0x0/0x15 returned 0 after 81 usecs
[    8.782739] calling  exar_pci_driver_init+0x0/0x15 @ 1
[    8.782739] initcall exar_pci_driver_init+0x0/0x15 returned 0 after 19 usecs
[    8.782739] calling  lpss8250_pci_driver_init+0x0/0x15 @ 1
[    8.782739] initcall lpss8250_pci_driver_init+0x0/0x15 returned 0 after 106 usecs
[    8.782739] calling  mid8250_pci_driver_init+0x0/0x15 @ 1
[    8.782739] initcall mid8250_pci_driver_init+0x0/0x15 returned 0 after 13 usecs
[    8.782739] calling  virtio_console_init+0x0/0xff @ 1
[    8.782739] initcall virtio_console_init+0x0/0xff returned 0 after 184 usecs
[    8.782739] calling  hpet_init+0x0/0x64 @ 1
[    8.860083] initcall hpet_init+0x0/0x64 returned 0 after 1325 usecs
[    8.860648] calling  nvram_module_init+0x0/0x83 @ 1
[    8.873882] Non-volatile memory driver v1.3
[    8.874698] initcall nvram_module_init+0x0/0x83 returned 0 after 5883 usecs
[    8.874698] calling  hwrng_modinit+0x0/0x8a @ 1
[    8.897294] initcall hwrng_modinit+0x0/0x8a returned 0 after 4638 usecs
[    8.897880] calling  mod_init+0x0/0x48 @ 1
[    8.897880] initcall mod_init+0x0/0x48 returned -19 after 0 usecs
[    8.897880] calling  agp_init+0x0/0x23 @ 1
[    8.897880] Linux agpgart interface v0.103
[    8.897880] initcall agp_init+0x0/0x23 returned 0 after 4816 usecs
[    8.897880] calling  agp_amd64_mod_init+0x0/0x5 @ 1
[    8.897880] initcall agp_amd64_mod_init+0x0/0x5 returned -19 after 136 usecs
[    8.897880] calling  agp_intel_init+0x0/0x28 @ 1
[    8.897880] initcall agp_intel_init+0x0/0x28 returned 0 after 455 usecs
[    8.897880] calling  drm_kms_helper_init+0x0/0x7 @ 1
[    8.897880] initcall drm_kms_helper_init+0x0/0x7 returned 0 after 18 usecs
[    8.897880] calling  drm_core_init+0x0/0xa4 @ 1
[    8.897880] initcall drm_core_init+0x0/0xa4 returned 0 after 69 usecs
[    8.897880] calling  i915_init+0x0/0x6b @ 1
[    8.897880] initcall i915_init+0x0/0x6b returned 0 after 292 usecs
[    8.897880] calling  cn_proc_init+0x0/0x35 @ 1
[    8.897880] initcall cn_proc_init+0x0/0x35 returned 0 after 2 usecs
[    8.897880] calling  topology_sysfs_init+0x0/0x27 @ 1
[    8.897880] initcall topology_sysfs_init+0x0/0x27 returned 0 after 291 usecs
[    8.897880] calling  cacheinfo_sysfs_init+0x0/0x27 @ 1
[    9.052871] initcall cacheinfo_sysfs_init+0x0/0x27 returned 0 after 10140 usecs
[    9.063358] calling  loop_init+0x0/0x168 @ 1
[    9.090178] loop: module loaded
[    9.094615] initcall loop_init+0x0/0x168 returned 0 after 24245 usecs
[    9.103776] calling  mac_hid_init+0x0/0x21 @ 1
[    9.109589] initcall mac_hid_init+0x0/0x21 returned 0 after 7 usecs
[    9.117941] calling  spi_transport_init+0x0/0x74 @ 1
[    9.125024] initcall spi_transport_init+0x0/0x74 returned 0 after 139 usecs
[    9.134711] calling  init_sd+0x0/0x18c @ 1
[    9.140795] initcall init_sd+0x0/0x18c returned 0 after 301 usecs
[    9.149330] calling  init_sr+0x0/0x43 @ 1
[    9.154962] initcall init_sr+0x0/0x43 returned 0 after 14 usecs
[    9.162823] calling  init_sg+0x0/0x1c0 @ 1
[    9.168549] initcall init_sg+0x0/0x1c0 returned 0 after 62 usecs
[    9.177510] calling  ahci_pci_driver_init+0x0/0x15 @ 1
[    9.186049] ahci 0000:00:1f.2: version 3.0
[    9.194188] PCI Interrupt Link [GSIA] enabled at IRQ 16
[    9.210161] ahci 0000:00:1f.2: AHCI 0001.0000 32 slots 6 ports 1.5 Gbps 0x3f impl SATA mode
[    9.220388] ahci 0000:00:1f.2: flags: 64bit ncq only 
[    9.239097] scsi host0: ahci
[    9.248333] scsi host1: ahci
[    9.254345] scsi host2: ahci
[    9.261319] scsi host3: ahci
[    9.267075] scsi host4: ahci
[    9.271996] scsi host5: ahci
[    9.276270] ata1: SATA max UDMA/133 abar m4096@0xfebf1000 port 0xfebf1100 irq 24
[    9.276525] ata2: SATA max UDMA/133 abar m4096@0xfebf1000 port 0xfebf1180 irq 24
[    9.276525] ata3: SATA max UDMA/133 abar m4096@0xfebf1000 port 0xfebf1200 irq 24
[    9.276525] ata4: SATA max UDMA/133 abar m4096@0xfebf1000 port 0xfebf1280 irq 24
[    9.276525] ata5: SATA max UDMA/133 abar m4096@0xfebf1000 port 0xfebf1300 irq 24
[    9.276525] ata6: SATA max UDMA/133 abar m4096@0xfebf1000 port 0xfebf1380 irq 24
[    9.327721] initcall ahci_pci_driver_init+0x0/0x15 returned 0 after 139319 usecs
[    9.327721] calling  piix_init+0x0/0x26 @ 1
[    9.327721] initcall piix_init+0x0/0x26 returned 0 after 94 usecs
[    9.327721] calling  amd_pci_driver_init+0x0/0x15 @ 1
[    9.327721] initcall amd_pci_driver_init+0x0/0x15 returned 0 after 31 usecs
[    9.327721] calling  oldpiix_pci_driver_init+0x0/0x15 @ 1
[    9.327721] initcall oldpiix_pci_driver_init+0x0/0x15 returned 0 after 40 usecs
[    9.371000] calling  sch_pci_driver_init+0x0/0x15 @ 1
[    9.371000] initcall sch_pci_driver_init+0x0/0x15 returned 0 after 18 usecs
[    9.371000] calling  net_olddevs_init+0x0/0x55 @ 1
[    9.371000] initcall net_olddevs_init+0x0/0x55 returned 0 after 61 usecs
[    9.371000] calling  blackhole_netdev_init+0x0/0x78 @ 1
[    9.371000] initcall blackhole_netdev_init+0x0/0x78 returned 0 after 139 usecs
[    9.371000] calling  phy_module_init+0x0/0x13 @ 1
[    9.371000] initcall phy_module_init+0x0/0x13 returned 0 after 245 usecs
[    9.371000] calling  tg3_driver_init+0x0/0x15 @ 1
[    9.371000] initcall tg3_driver_init+0x0/0x15 returned 0 after 73 usecs
[    9.371000] calling  e100_init_module+0x0/0x4c @ 1
[    9.371000] e100: Intel(R) PRO/100 Network Driver
[    9.371000] e100: Copyright(c) 1999-2006 Intel Corporation
[    9.371000] initcall e100_init_module+0x0/0x4c returned 0 after 11765 usecs
[    9.371000] calling  e1000_init_module+0x0/0x72 @ 1
[    9.371000] e1000: Intel(R) PRO/1000 Network Driver
[    9.371000] e1000: Copyright (c) 1999-2006 Intel Corporation.
[    9.371000] initcall e1000_init_module+0x0/0x72 returned 0 after 12288 usecs
[    9.371000] calling  e1000_init_module+0x0/0x2d @ 1
[    9.371000] e1000e: Intel(R) PRO/1000 Network Driver
[    9.371000] e1000e: Copyright(c) 1999 - 2015 Intel Corporation.
[    9.371000] initcall e1000_init_module+0x0/0x2d returned 0 after 12677 usecs
[    9.371000] calling  sky2_init_module+0x0/0x21 @ 1
[    9.371000] sky2: driver version 1.30
[    9.371000] initcall sky2_init_module+0x0/0x21 returned 0 after 4363 usecs
[    9.371000] calling  forcedeth_pci_driver_init+0x0/0x15 @ 1
[    9.559904] initcall forcedeth_pci_driver_init+0x0/0x15 returned 0 after 20 usecs
[    9.568794] calling  rtl8139_init_module+0x0/0x15 @ 1
[    9.575109] initcall rtl8139_init_module+0x0/0x15 returned 0 after 43 usecs
[    9.583581] calling  rtl8169_pci_driver_init+0x0/0x15 @ 1
[    9.590170] initcall rtl8169_pci_driver_init+0x0/0x15 returned 0 after 53 usecs
[    9.598991] calling  cdrom_init+0x0/0xc @ 1
[    9.604270] initcall cdrom_init+0x0/0xc returned 0 after 49 usecs
[    9.611822] calling  nonstatic_sysfs_init+0x0/0xc @ 1
[    9.618040] initcall nonstatic_sysfs_init+0x0/0xc returned 0 after 16 usecs
[    9.626531] calling  yenta_cardbus_driver_init+0x0/0x15 @ 1
[    9.633295] initcall yenta_cardbus_driver_init+0x0/0x15 returned 0 after 55 usecs
[    9.641221] ata2: SATA link down (SStatus 0 SControl 300)
[    9.642198] calling  mon_init+0x0/0x12d @ 1
[    9.656929] initcall mon_init+0x0/0x12d returned 0 after 14379 usecs
[    9.657598] ata1: SATA link down (SStatus 0 SControl 300)
[    9.657701] calling  ehci_hcd_init+0x0/0x56 @ 1
[    9.657701] ehci_hcd: USB 2.0 'Enhanced' Host Controller (EHCI) Driver
[    9.657701] initcall ehci_hcd_init+0x0/0x56 returned 0 after 68 usecs
[    9.657701] calling  ehci_pci_init+0x0/0x64 @ 1
[    9.657701] ehci-pci: EHCI PCI platform driver
[    9.657701] initcall ehci_pci_init+0x0/0x64 returned 0 after 65 usecs
[    9.674553] ata4: SATA link down (SStatus 0 SControl 300)
[    9.657701] calling  ohci_hcd_mod_init+0x0/0x4e @ 1
[    9.657701] ohci_hcd: USB 1.1 'Open' Host Controller (OHCI) Driver
[    9.657701] initcall ohci_hcd_mod_init+0x0/0x4e returned 0 after 10 usecs
[    9.657701] calling  ohci_pci_init+0x0/0x64 @ 1
[    9.657701] ohci-pci: OHCI PCI platform driver
[    9.657701] initcall ohci_pci_init+0x0/0x64 returned 0 after 59 usecs
[    9.657701] calling  uhci_hcd_init+0x0/0xa8 @ 1
[    9.657701] uhci_hcd: USB Universal Host Controller Interface driver
[    9.657701] initcall uhci_hcd_init+0x0/0xa8 returned 0 after 35 usecs
[    9.690896] ata5: SATA link down (SStatus 0 SControl 300)
[    9.657701] calling  xhci_hcd_init+0x0/0x1e @ 1
[    9.657701] initcall xhci_hcd_init+0x0/0x1e returned 0 after 95 usecs
[    9.704990] ata3: SATA link up 1.5 Gbps (SStatus 113 SControl 300)
[    9.657701] calling  xhci_pci_init+0x0/0x49 @ 1
[    9.657701] initcall xhci_pci_init+0x0/0x49 returned 0 after 101 usecs
[    9.719174] ata6: SATA link down (SStatus 0 SControl 300)
[    9.657701] calling  usblp_driver_init+0x0/0x15 @ 1
[    9.657701] usbcore: registered new interface driver usblp
[    9.731247] ata3.00: ATAPI: QEMU DVD-ROM, 2.5+, max UDMA/100
[    9.657701] initcall usblp_driver_init+0x0/0x15 returned 0 after 13963 usecs
[    9.657701] calling  usb_storage_driver_init+0x0/0x2a @ 1
[    9.657701] usbcore: registered new interface driver usb-storage
[    9.657701] initcall usb_storage_driver_init+0x0/0x2a returned 0 after 124 usecs
[    9.657701] calling  i8042_init+0x0/0x4c2 @ 1
[    9.657701] i8042: PNP: PS/2 Controller [PNP0303:KBD,PNP0f13:MOU] at 0x60,0x64 irq 1,12
[    9.743867] serio: i8042 KBD port at 0x60,0x64 irq 1
[    9.748212] ata3.00: applying bridge limits
[    9.743867] serio: i8042 AUX port at 0x60,0x64 irq 12
[    9.761381] ata3.00: configured for UDMA/100
[    9.768483] initcall i8042_init+0x0/0x4c2 returned 0 after 29109 usecs
[    9.768487] calling  serport_init+0x0/0x2c @ 1
[    9.777216] scsi 2:0:0:0: CD-ROM            QEMU     QEMU DVD-ROM     2.5+ PQ: 0 ANSI: 5
[    9.782949] initcall serport_init+0x0/0x2c returned 0 after 0 usecs
[    9.782951] calling  input_leds_init+0x0/0xc @ 1
[    9.782983] initcall input_leds_init+0x0/0xc returned 0 after 28 usecs
[    9.982517] calling  evdev_init+0x0/0xc @ 1
[    9.989250] initcall evdev_init+0x0/0xc returned 0 after 1019 usecs
[    9.998446] calling  atkbd_init+0x0/0x21 @ 1
[   10.006151] sr 2:0:0:0: [sr0] scsi3-mmc drive: 4x/4x cd/rw xa/form2 tray
[   10.004772] initcall atkbd_init+0x0/0x21 returned 0 after 561 usecs
[   10.017940] cdrom: Uniform CD-ROM driver Revision: 3.20
[   10.025678] calling  psmouse_init+0x0/0x7f @ 1
[   10.025748] initcall psmouse_init+0x0/0x7f returned 0 after 65 usecs
[   10.048531] calling  cmos_init+0x0/0x73 @ 1
[   10.054783] rtc_cmos 00:04: RTC can wake from S4
[   10.067503] rtc_cmos 00:04: registered as rtc0
[   10.074497] rtc_cmos 00:04: alarms up to one day, y3k, 242 bytes nvram, hpet irqs
[   10.074969] input: AT Translated Set 2 keyboard as /devices/platform/i8042/serio0/input/input1
[   10.075180] initcall cmos_init+0x0/0x73 returned 0 after 29727 usecs
[   10.075180] calling  smbalert_driver_init+0x0/0xe @ 1
[   10.075180] initcall smbalert_driver_init+0x0/0xe returned 0 after 12 usecs
[   10.075180] calling  i2c_i801_init+0x0/0xc5 @ 1
[   10.075180] i801_smbus 0000:00:1f.3: SMBus using PCI interrupt
[   10.139129] i2c i2c-0: 1/1 memory slots populated (from DMI)
[   10.145380] i2c i2c-0: Memory type 0x07 not supported yet, not instantiating SPD
[   10.159792] initcall i2c_i801_init+0x0/0xc5 returned 0 after 31466 usecs
[   10.169423] calling  ptp_kvm_init+0x0/0xf0 @ 1
[   10.356422] initcall ptp_kvm_init+0x0/0xf0 returned 0 after 175828 usecs
[   10.357208] calling  dm_init+0x0/0x3c @ 1
[   10.479298] device-mapper: ioctl: 4.43.0-ioctl (2020-10-01) initialised: dm-devel@redhat.com
[   10.491264] initcall dm_init+0x0/0x3c returned 0 after 116017 usecs
[   10.492110] calling  dm_mirror_init+0x0/0x29 @ 1
[   10.492110] initcall dm_mirror_init+0x0/0x29 returned 0 after 2 usecs
[   10.492110] calling  dm_dirty_log_init+0x0/0x4f @ 1
[   10.492110] initcall dm_dirty_log_init+0x0/0x4f returned 0 after 1 usecs
[   10.492110] calling  dm_zero_init+0x0/0x29 @ 1
[   10.492110] initcall dm_zero_init+0x0/0x29 returned 0 after 3 usecs
[   10.492110] calling  intel_pstate_init+0x0/0x50d @ 1
[   10.492110] intel_pstate: CPU model not supported
[   10.492110] initcall intel_pstate_init+0x0/0x50d returned -19 after 7225 usecs
[   10.492110] calling  haltpoll_init+0x0/0xc0 @ 1
[   10.492110] initcall haltpoll_init+0x0/0xc0 returned -19 after 31 usecs
[   10.591316] sr 2:0:0:0: Attached scsi CD-ROM sr0
[   10.492110] calling  efivars_sysfs_init+0x0/0x30 @ 1
[   10.606419] initcall efivars_sysfs_init+0x0/0x30 returned 0 after 273 usecs
[   10.606419] calling  esrt_sysfs_init+0x0/0x2a2 @ 1
[   10.606419] initcall esrt_sysfs_init+0x0/0x2a2 returned -38 after 197 usecs
[   10.606419] calling  hid_init+0x0/0x5c @ 1
[   10.606419] hid: raw HID events driver (C) Jiri Kosina
[   10.606419] initcall hid_init+0x0/0x5c returned 0 after 9650 usecs
[   10.606419] calling  hid_generic_init+0x0/0x15 @ 1
[   10.606419] initcall hid_generic_init+0x0/0x15 returned 0 after 564 usecs
[   10.606419] calling  a4_driver_init+0x0/0x15 @ 1
[   10.606419] initcall a4_driver_init+0x0/0x15 returned 0 after 21 usecs
[   10.606419] calling  apple_driver_init+0x0/0x15 @ 1
[   10.606419] initcall apple_driver_init+0x0/0x15 returned 0 after 113 usecs
[   10.606419] calling  belkin_driver_init+0x0/0x15 @ 1
[   10.606419] initcall belkin_driver_init+0x0/0x15 returned 0 after 71 usecs
[   10.606419] calling  ch_driver_init+0x0/0x15 @ 1
[   10.606419] initcall ch_driver_init+0x0/0x15 returned 0 after 71 usecs
[   10.606419] calling  ch_driver_init+0x0/0x15 @ 1
[   10.606419] initcall ch_driver_init+0x0/0x15 returned 0 after 20 usecs
[   10.606419] calling  cp_driver_init+0x0/0x15 @ 1
[   10.606419] initcall cp_driver_init+0x0/0x15 returned 0 after 121 usecs
[   10.606419] calling  ez_driver_init+0x0/0x15 @ 1
[   10.606419] initcall ez_driver_init+0x0/0x15 returned 0 after 19 usecs
[   10.606419] calling  gyration_driver_init+0x0/0x15 @ 1
[   10.606419] initcall gyration_driver_init+0x0/0x15 returned 0 after 18 usecs
[   10.606419] calling  ite_driver_init+0x0/0x15 @ 1
[   10.606419] initcall ite_driver_init+0x0/0x15 returned 0 after 24 usecs
[   10.606419] calling  ks_driver_init+0x0/0x15 @ 1
[   10.843900] sr 2:0:0:0: Attached scsi generic sg0 type 5
[   10.844904] initcall ks_driver_init+0x0/0x15 returned 0 after 59 usecs
[   10.861896] calling  lg_driver_init+0x0/0x15 @ 1
[   10.868430] initcall lg_driver_init+0x0/0x15 returned 0 after 28 usecs
[   10.878577] calling  lg_g15_driver_init+0x0/0x15 @ 1
[   10.882282] input: ImExPS/2 Generic Explorer Mouse as /devices/platform/i8042/serio1/input/input3
[   10.885940] initcall lg_g15_driver_init+0x0/0x15 returned 0 after 24 usecs
[   10.909271] calling  ms_driver_init+0x0/0x15 @ 1
[   10.915351] initcall ms_driver_init+0x0/0x15 returned 0 after 25 usecs
[   10.927894] calling  mr_driver_init+0x0/0x15 @ 1
[   10.934558] initcall mr_driver_init+0x0/0x15 returned 0 after 29 usecs
[   10.943758] calling  ntrig_driver_init+0x0/0x15 @ 1
[   10.950672] initcall ntrig_driver_init+0x0/0x15 returned 0 after 184 usecs
[   10.959898] calling  pl_driver_init+0x0/0x15 @ 1
[   10.966506] initcall pl_driver_init+0x0/0x15 returned 0 after 144 usecs
[   10.975858] calling  pl_driver_init+0x0/0x15 @ 1
[   10.982353] initcall pl_driver_init+0x0/0x15 returned 0 after 25 usecs
[   10.991459] calling  redragon_driver_init+0x0/0x15 @ 1
[   10.999105] initcall redragon_driver_init+0x0/0x15 returned 0 after 25 usecs
[   11.009755] calling  samsung_driver_init+0x0/0x15 @ 1
[   11.017181] initcall samsung_driver_init+0x0/0x15 returned 0 after 25 usecs
[   11.027666] calling  sony_init+0x0/0x38 @ 1
[   11.034053] initcall sony_init+0x0/0x38 returned 0 after 60 usecs
[   11.043047] calling  sp_driver_init+0x0/0x15 @ 1
[   11.050128] initcall sp_driver_init+0x0/0x15 returned 0 after 27 usecs
[   11.060107] calling  ts_driver_init+0x0/0x15 @ 1
[   11.067545] initcall ts_driver_init+0x0/0x15 returned 0 after 57 usecs
[   11.077364] calling  hid_init+0x0/0x58 @ 1
[   11.084186] usbcore: registered new interface driver usbhid
[   11.093555] usbhid: USB HID core driver
[   11.100095] initcall hid_init+0x0/0x58 returned 0 after 15829 usecs
[   11.110178] calling  eeepc_laptop_init+0x0/0x57 @ 1
[   11.122574] initcall eeepc_laptop_init+0x0/0x57 returned -19 after 4404 usecs
[   11.133819] calling  pmc_atom_init+0x0/0x27a @ 1
[   11.141404] initcall pmc_atom_init+0x0/0x27a returned -19 after 82 usecs
[   11.152085] calling  alsa_hwdep_init+0x0/0x5e @ 1
[   11.159976] initcall alsa_hwdep_init+0x0/0x5e returned 0 after 370 usecs
[   11.169220] calling  alsa_timer_init+0x0/0x1f0 @ 1
[   11.243001] initcall alsa_timer_init+0x0/0x1f0 returned 0 after 65517 usecs
[   11.257107] calling  snd_hrtimer_init+0x0/0x117 @ 1
[   11.265720] initcall snd_hrtimer_init+0x0/0x117 returned 0 after 4 usecs
[   11.276452] calling  alsa_pcm_init+0x0/0x64 @ 1
[   11.284189] initcall alsa_pcm_init+0x0/0x64 returned 0 after 9 usecs
[   11.294371] calling  alsa_seq_init+0x0/0x4a @ 1
[   11.302458] initcall alsa_seq_init+0x0/0x4a returned 0 after 370 usecs
[   11.312954] calling  alsa_seq_dummy_init+0x0/0x9c @ 1
[   11.321793] initcall alsa_seq_dummy_init+0x0/0x9c returned 0 after 9 usecs
[   11.332988] calling  azx_driver_init+0x0/0x15 @ 1
[   11.341381] initcall azx_driver_init+0x0/0x15 returned 0 after 486 usecs
[   11.352300] calling  sock_diag_init+0x0/0x2a @ 1
[   11.359796] initcall sock_diag_init+0x0/0x2a returned 0 after 340 usecs
[   11.370934] calling  blackhole_init+0x0/0xc @ 1
[   11.379386] initcall blackhole_init+0x0/0xc returned 0 after 68 usecs
[   11.391054] calling  nfnetlink_init+0x0/0x57 @ 1
[   11.399211] initcall nfnetlink_init+0x0/0x57 returned 0 after 189 usecs
[   11.410031] calling  nfnetlink_log_init+0x0/0x99 @ 1
[   11.418354] initcall nfnetlink_log_init+0x0/0x99 returned 0 after 115 usecs
[   11.429584] calling  nf_conntrack_standalone_init+0x0/0x87 @ 1
[   11.442243] initcall nf_conntrack_standalone_init+0x0/0x87 returned 0 after 2794 usecs
[   11.454737] calling  ctnetlink_init+0x0/0x83 @ 1
[   11.462301] initcall ctnetlink_init+0x0/0x83 returned 0 after 122 usecs
[   11.472555] calling  nf_conntrack_ftp_init+0x0/0x12c @ 1
[   11.481320] initcall nf_conntrack_ftp_init+0x0/0x12c returned 0 after 177 usecs
[   11.493461] calling  nf_conntrack_irc_init+0x0/0x129 @ 1
[   11.501881] initcall nf_conntrack_irc_init+0x0/0x129 returned 0 after 61 usecs
[   11.513854] calling  nf_conntrack_sip_init+0x0/0x172 @ 1
[   11.522496] initcall nf_conntrack_sip_init+0x0/0x172 returned 0 after 8 usecs
[   11.533138] calling  nf_nat_init+0x0/0xd2 @ 1
[   11.540584] initcall nf_nat_init+0x0/0xd2 returned 0 after 677 usecs
[   11.550234] calling  nf_nat_ftp_init+0x0/0x2a @ 1
