c[?7l[2J[0mSeaBIOS (version 1.16.0-debian-1.16.0-4)
Booting from ROM...
early console in setup code
c[?7l[2J[    0.000000] Linux version 5.10.152+ (root@joelboxx.c.googlers.com) (gcc (Debian 12.2.0-3) 12.2.0, GNU ld (GNU Binutils for Debian) 2.39) #4 SMP PREEMPT Tue Dec 13 08:10:45 UTC 2022
[    0.000000] Command line: selinux=0 initcall_debug debug console=ttyS0 maxcpus=8 nr_cpus=43 rcutree.gp_preinit_delay=3 rcutree.gp_init_delay=3 rcutree.gp_cleanup_delay=3 rcu_nocbs=0 rcutorture.fwd_progress=0 rcutorture.onoff_interval=1000 rcutorture.onoff_holdoff=30 rcutorture.n_barrier_cbs=4 rcutorture.stat_interval=15 rcutorture.shutdown_secs=1800 rcutorture.test_no_idle_hz=1 rcutorture.verbose=1
[    0.000000] x86/fpu: x87 FPU will use FXSAVE
[    0.000000] BIOS-provided physical RAM map:
[    0.000000] BIOS-e820: [mem 0x0000000000000000-0x000000000009fbff] usable
[    0.000000] BIOS-e820: [mem 0x000000000009fc00-0x000000000009ffff] reserved
[    0.000000] BIOS-e820: [mem 0x00000000000f0000-0x00000000000fffff] reserved
[    0.000000] BIOS-e820: [mem 0x0000000000100000-0x000000001ffdefff] usable
[    0.000000] BIOS-e820: [mem 0x000000001ffdf000-0x000000001fffffff] reserved
[    0.000000] BIOS-e820: [mem 0x00000000b0000000-0x00000000bfffffff] reserved
[    0.000000] BIOS-e820: [mem 0x00000000fed1c000-0x00000000fed1ffff] reserved
[    0.000000] BIOS-e820: [mem 0x00000000feffc000-0x00000000feffffff] reserved
[    0.000000] BIOS-e820: [mem 0x00000000fffc0000-0x00000000ffffffff] reserved
[    0.000000] NX (Execute Disable) protection: active
[    0.000000] SMBIOS 2.8 present.
[    0.000000] DMI: QEMU Standard PC (Q35 + ICH9, 2009), BIOS 1.16.0-debian-1.16.0-4 04/01/2014
[    0.000000] Hypervisor detected: KVM
[    0.000000] kvm-clock: Using msrs 4b564d01 and 4b564d00
[    0.000000] kvm-clock: cpu 0, msr 1ae72001, primary cpu clock
[    0.000001] kvm-clock: using sched offset of 2181785890 cycles
[    0.000158] clocksource: kvm-clock: mask: 0xffffffffffffffff max_cycles: 0x1cd42e4dffb, max_idle_ns: 881590591483 ns
[    0.000162] tsc: Detected 1999.999 MHz processor
[    0.008355] e820: update [mem 0x00000000-0x00000fff] usable ==> reserved
[    0.008359] e820: remove [mem 0x000a0000-0x000fffff] usable
[    0.008367] last_pfn = 0x1ffdf max_arch_pfn = 0x400000000
[    0.009180] MTRR default type: write-back
[    0.009244] MTRR fixed ranges enabled:
[    0.009246]   00000-9FFFF write-back
[    0.009247]   A0000-BFFFF uncachable
[    0.009248]   C0000-FFFFF write-protect
[    0.009249] MTRR variable ranges enabled:
[    0.009251]   0 base 00C0000000 mask FFC0000000 uncachable
[    0.009253]   1 disabled
[    0.009254]   2 disabled
[    0.009254]   3 disabled
[    0.009255]   4 disabled
[    0.009256]   5 disabled
[    0.009257]   6 disabled
[    0.009258]   7 disabled
[    0.009585] x86/PAT: Configuration [0-7]: WB  WC  UC- UC  WB  WC  UC- UC  
[    0.018921] found SMP MP-table at [mem 0x000f5ba0-0x000f5baf]
[    0.021197] check: Scanning 1 areas for low memory corruption
[    0.030762] ACPI: Early table checksum verification disabled
[    0.032409] ACPI: RSDP 0x00000000000F59E0 000014 (v00 BOCHS )
[    0.032817] ACPI: RSDT 0x000000001FFE3206 000038 (v01 BOCHS  BXPC     00000001 BXPC 00000001)
[    0.033185] ACPI: FACP 0x000000001FFE2EAE 0000F4 (v03 BOCHS  BXPC     00000001 BXPC 00000001)
[    0.033317] ACPI: DSDT 0x000000001FFE0040 002E6E (v01 BOCHS  BXPC     00000001 BXPC 00000001)
[    0.033322] ACPI: FACS 0x000000001FFE0000 000040
[    0.033326] ACPI: APIC 0x000000001FFE2FA2 0001C8 (v01 BOCHS  BXPC     00000001 BXPC 00000001)
[    0.033331] ACPI: HPET 0x000000001FFE316A 000038 (v01 BOCHS  BXPC     00000001 BXPC 00000001)
[    0.033335] ACPI: MCFG 0x000000001FFE31A2 00003C (v01 BOCHS  BXPC     00000001 BXPC 00000001)
[    0.033339] ACPI: WAET 0x000000001FFE31DE 000028 (v01 BOCHS  BXPC     00000001 BXPC 00000001)
[    0.033344] ACPI: Reserving FACP table memory at [mem 0x1ffe2eae-0x1ffe2fa1]
[    0.033345] ACPI: Reserving DSDT table memory at [mem 0x1ffe0040-0x1ffe2ead]
[    0.033347] ACPI: Reserving FACS table memory at [mem 0x1ffe0000-0x1ffe003f]
[    0.033348] ACPI: Reserving APIC table memory at [mem 0x1ffe2fa2-0x1ffe3169]
[    0.033349] ACPI: Reserving HPET table memory at [mem 0x1ffe316a-0x1ffe31a1]
[    0.033350] ACPI: Reserving MCFG table memory at [mem 0x1ffe31a2-0x1ffe31dd]
[    0.033351] ACPI: Reserving WAET table memory at [mem 0x1ffe31de-0x1ffe3205]
[    0.033803] ACPI: Local APIC address 0xfee00000
[    0.037998] No NUMA configuration found
[    0.038000] Faking a node at [mem 0x0000000000000000-0x000000001ffdefff]
[    0.038123] NODE_DATA(0) allocated [mem 0x1ffbd000-0x1ffdefff]
[    0.045082] Zone ranges:
[    0.045237]   DMA      [mem 0x0000000000001000-0x0000000000ffffff]
[    0.045297]   DMA32    [mem 0x0000000001000000-0x000000001ffdefff]
[    0.045299]   Normal   empty
[    0.045300] Movable zone start for each node
[    0.045303] Early memory node ranges
[    0.045305]   node   0: [mem 0x0000000000001000-0x000000000009efff]
[    0.045354]   node   0: [mem 0x0000000000100000-0x000000001ffdefff]
[    0.045357] Initmem setup node 0 [mem 0x0000000000001000-0x000000001ffdefff]
[    0.045359] On node 0 totalpages: 130941
[    0.045360]   DMA zone: 64 pages used for memmap
[    0.045361]   DMA zone: 21 pages reserved
[    0.045363]   DMA zone: 3998 pages, LIFO batch:0
[    0.045365]   DMA32 zone: 1984 pages used for memmap
[    0.045366]   DMA32 zone: 126943 pages, LIFO batch:31
[    0.047960] On node 0, zone DMA: 1 pages in unavailable ranges
[    0.052070] On node 0, zone DMA: 97 pages in unavailable ranges
[    0.207904] On node 0, zone DMA32: 33 pages in unavailable ranges
[    0.211360] ACPI: PM-Timer IO Port: 0x608
[    0.211365] ACPI: Local APIC address 0xfee00000
[    0.211741] ACPI: LAPIC_NMI (acpi_id[0xff] dfl dfl lint[0x1])
[    0.212987] IOAPIC[0]: apic_id 0, version 17, address 0xfec00000, GSI 0-23
[    0.212992] ACPI: INT_SRC_OVR (bus 0 bus_irq 0 global_irq 2 dfl dfl)
[    0.213065] ACPI: INT_SRC_OVR (bus 0 bus_irq 5 global_irq 5 high level)
[    0.213066] ACPI: INT_SRC_OVR (bus 0 bus_irq 9 global_irq 9 high level)
[    0.213151] ACPI: INT_SRC_OVR (bus 0 bus_irq 10 global_irq 10 high level)
[    0.213152] ACPI: INT_SRC_OVR (bus 0 bus_irq 11 global_irq 11 high level)
[    0.213154] ACPI: IRQ0 used by override.
[    0.213156] ACPI: IRQ5 used by override.
[    0.213157] ACPI: IRQ9 used by override.
[    0.213158] ACPI: IRQ10 used by override.
[    0.213198] ACPI: IRQ11 used by override.
[    0.213244] Using ACPI (MADT) for SMP configuration information
[    0.213246] ACPI: HPET id: 0x8086a201 base: 0xfed00000
[    0.213685] smpboot: Allowing 43 CPUs, 0 hotplug CPUs
[    0.214761] PM: hibernation: Registered nosave memory: [mem 0x00000000-0x00000fff]
[    0.214764] PM: hibernation: Registered nosave memory: [mem 0x0009f000-0x0009ffff]
[    0.214765] PM: hibernation: Registered nosave memory: [mem 0x000a0000-0x000effff]
[    0.214767] PM: hibernation: Registered nosave memory: [mem 0x000f0000-0x000fffff]
[    0.214770] [mem 0x20000000-0xafffffff] available for PCI devices
[    0.214881] Booting paravirtualized kernel on KVM
[    0.215238] clocksource: refined-jiffies: mask: 0xffffffff max_cycles: 0xffffffff, max_idle_ns: 1910969940391419 ns
[    0.254878] setup_percpu: NR_CPUS:8192 nr_cpumask_bits:43 nr_cpu_ids:43 nr_node_ids:1
[    0.439956] percpu: Embedded 56 pages/cpu s191448 r8192 d29736 u262144
[    0.440097] pcpu-alloc: s191448 r8192 d29736 u262144 alloc=1*2097152
[    0.440157] pcpu-alloc: [0] 00 01 02 03 04 05 06 07 [0] 08 09 10 11 12 13 14 15 
[    0.440167] pcpu-alloc: [0] 16 17 18 19 20 21 22 23 [0] 24 25 26 27 28 29 30 31 
[    0.440236] pcpu-alloc: [0] 32 33 34 35 36 37 38 39 [0] 40 41 42 -- -- -- -- -- 
[    0.440520] kvm-guest: stealtime: cpu 0, msr 1ea1b600
[    0.440667] Built 1 zonelists, mobility grouping on.  Total pages: 128872
[    0.440669] Policy zone: DMA32
[    0.440743] Kernel command line: selinux=0 initcall_debug debug console=ttyS0 maxcpus=8 nr_cpus=43 rcutree.gp_preinit_delay=3 rcutree.gp_init_delay=3 rcutree.gp_cleanup_delay=3 rcu_nocbs=0 rcutorture.fwd_progress=0 rcutorture.onoff_interval=1000 rcutorture.onoff_holdoff=30 rcutorture.n_barrier_cbs=4 rcutorture.stat_interval=15 rcutorture.shutdown_secs=1800 rcutorture.test_no_idle_hz=1 rcutorture.verbose=1
[    0.448197] printk: log_buf_len individual max cpu contribution: 4096 bytes
[    0.448199] printk: log_buf_len total cpu_extra contributions: 172032 bytes
[    0.448200] printk: log_buf_len min size: 262144 bytes
[    0.491889] printk: log_buf_len: 524288 bytes
[    0.491892] printk: early log buf free: 254248(96%)
[    0.501054] Dentry cache hash table entries: 65536 (order: 7, 524288 bytes, linear)
[    0.504779] Inode-cache hash table entries: 32768 (order: 6, 262144 bytes, linear)
[    0.506245] mem auto-init: stack:all(zero), heap alloc:off, heap free:off
[    0.514174] Memory: 465404K/523764K available (16397K kernel code, 3411K rwdata, 4832K rodata, 2192K init, 1896K bss, 58100K reserved, 0K cma-reserved)
[    0.515079] SLUB: HWalign=64, Order=0-3, MinObjects=0, CPUs=43, Nodes=1
[    0.515393] Kernel/User page tables isolation: enabled
[    0.526351] rcu: Preemptible hierarchical RCU implementation.
[    0.526354] rcu: 	RCU event tracing is enabled.
[    0.526356] rcu: 	RCU dyntick-idle grace-period acceleration is enabled.
[    0.526393] rcu: 	RCU restricting CPUs from NR_CPUS=8192 to nr_cpu_ids=43.
[    0.526436] rcu: 	RCU debug GP pre-init slowdown 3 jiffies.
[    0.526437] rcu: 	RCU debug GP init slowdown 3 jiffies.
[    0.526438] rcu: 	RCU debug GP init slowdown 3 jiffies.
[    0.526564] 	Trampoline variant of Tasks RCU enabled.
[    0.526565] 	Rude variant of Tasks RCU enabled.
[    0.526566] 	Tracing variant of Tasks RCU enabled.
[    0.526692] rcu: RCU calculated value of scheduler-enlistment delay is 100 jiffies.
[    0.526693] rcu: Adjusting geometry for rcu_fanout_leaf=16, nr_cpu_ids=43
[    0.553096] NR_IRQS: 524544, nr_irqs: 768, preallocated irqs: 16
[    0.554028] rcu: 	Offload RCU callbacks from CPUs: 0.
[    0.555904] calling  con_init+0x0/0x22a @ 0
[    0.710427] Console: colour VGA+ 80x25
[    0.710441] initcall con_init+0x0/0x22a returned 0 after 0 usecs
[    0.710444] calling  hvc_console_init+0x0/0x13 @ 0
[    0.710492] initcall hvc_console_init+0x0/0x13 returned 0 after 0 usecs
[    0.710495] calling  univ8250_console_init+0x0/0x26 @ 0
[    1.743998] printk: console [ttyS0] enabled
[    1.749799] initcall univ8250_console_init+0x0/0x26 returned 0 after 0 usecs
[    1.760908] ACPI: Core revision 20200925
[    1.768088] clocksource: hpet: mask: 0xffffffff max_cycles: 0xffffffff, max_idle_ns: 19112604467 ns
[    1.781150] APIC: Switch to symmetric I/O mode setup
[    1.786955] Switched APIC routing to physical flat.
[    1.808629] ..TIMER: vector=0x30 apic1=0 pin1=2 apic2=-1 pin2=-1
[    1.816932] clocksource: tsc-early: mask: 0xffffffffffffffff max_cycles: 0x39a85afc727, max_idle_ns: 881590685098 ns
[    1.830079] Calibrating delay loop (skipped) preset value.. 3999.99 BogoMIPS (lpj=1999999)
[    1.830830] pid_max: default: 44032 minimum: 344
[    1.833010] LSM: Security Framework initializing
[    1.834146] Mount-cache hash table entries: 1024 (order: 1, 8192 bytes, linear)
[    1.834805] Mountpoint-cache hash table entries: 1024 (order: 1, 8192 bytes, linear)
[    1.847232] Last level iTLB entries: 4KB 0, 2MB 0, 4MB 0
[    1.847770] Last level dTLB entries: 4KB 0, 2MB 0, 4MB 0, 1GB 0
[    1.848873] Spectre V1 : Mitigation: usercopy/swapgs barriers and __user pointer sanitization
[    1.849771] Spectre V2 : Mitigation: Retpolines
[    1.850768] Spectre V2 : Spectre v2 / SpectreRSB mitigation: Filling RSB on context switch
[    1.854088] Spectre V2 : Spectre v2 / SpectreRSB : Filling RSB on VMEXIT
[    1.854793] Speculative Store Bypass: Vulnerable
[    1.856953] MDS: Vulnerable: Clear CPU buffers attempted, no microcode
[    1.857775] MMIO Stale Data: Unknown: No mitigations
[    1.933352] Freeing SMP alternatives memory: 40K
[    2.041803] smpboot: CPU0: Intel Common KVM processor (family: 0xf, model: 0x6, stepping: 0x1)
[    2.046223] calling  init_hw_perf_events+0x0/0x6ce @ 1
[    2.046818] Performance Events: unsupported Netburst CPU model 6 no PMU driver, software events only.
[    2.047777] initcall init_hw_perf_events+0x0/0x6ce returned 0 after 976 usecs
[    2.048775] calling  init_real_mode+0x0/0x1e9 @ 1
[    2.050933] initcall init_real_mode+0x0/0x1e9 returned 0 after 976 usecs
[    2.051774] calling  trace_init_perf_perm_irq_work_exit+0x0/0x12 @ 1
[    2.052806] initcall trace_init_perf_perm_irq_work_exit+0x0/0x12 returned 0 after 0 usecs
[    2.053792] calling  validate_x2apic+0x0/0x4a @ 1
[    2.054821] initcall validate_x2apic+0x0/0x4a returned 0 after 0 usecs
[    2.055772] calling  register_nmi_cpu_backtrace_handler+0x0/0x15 @ 1
[    2.056772] initcall register_nmi_cpu_backtrace_handler+0x0/0x15 returned 0 after 0 usecs
[    2.057772] calling  kvm_setup_vsyscall_timeinfo+0x0/0xd0 @ 1
[    2.059771] initcall kvm_setup_vsyscall_timeinfo+0x0/0xd0 returned 0 after 0 usecs
[    2.060791] calling  spawn_ksoftirqd+0x0/0x38 @ 1
[    2.061992] initcall spawn_ksoftirqd+0x0/0x38 returned 0 after 0 usecs
[    2.062773] calling  migration_init+0x0/0x31 @ 1
[    2.063852] initcall migration_init+0x0/0x31 returned 0 after 0 usecs
[    2.065778] calling  srcu_bootup_announce+0x0/0x2f @ 1
[    2.066805] rcu: Hierarchical SRCU implementation.
[    2.067795] initcall srcu_bootup_announce+0x0/0x2f returned 0 after 976 usecs
[    2.068771] calling  rcu_spawn_gp_kthread+0x0/0x1dd @ 1
[    2.070946] initcall rcu_spawn_gp_kthread+0x0/0x1dd returned 0 after 976 usecs
[    2.071772] calling  check_cpu_stall_init+0x0/0x1a @ 1
[    2.072783] initcall check_cpu_stall_init+0x0/0x1a returned 0 after 0 usecs
[    2.073773] calling  rcu_sysrq_init+0x0/0x21 @ 1
[    2.074771] initcall rcu_sysrq_init+0x0/0x21 returned 0 after 0 usecs
[    2.075772] calling  trace_init_flags_sys_enter+0x0/0xe @ 1
[    2.076778] initcall trace_init_flags_sys_enter+0x0/0xe returned 0 after 0 usecs
[    2.077777] calling  trace_init_flags_sys_exit+0x0/0xe @ 1
[    2.078771] initcall trace_init_flags_sys_exit+0x0/0xe returned 0 after 0 usecs
[    2.079772] calling  cpu_stop_init+0x0/0x6e @ 1
[    2.082062] initcall cpu_stop_init+0x0/0x6e returned 0 after 976 usecs
[    2.082771] calling  init_kprobes+0x0/0x165 @ 1
[    2.085783] initcall init_kprobes+0x0/0x165 returned 0 after 1953 usecs
[    2.086772] calling  init_events+0x0/0x3d @ 1
[    2.088315] initcall init_events+0x0/0x3d returned 0 after 0 usecs
[    2.088771] calling  init_trace_printk+0x0/0xc @ 1
[    2.089771] initcall init_trace_printk+0x0/0xc returned 0 after 0 usecs
[    2.090771] calling  event_trace_enable_again+0x0/0x23 @ 1
[    2.091771] initcall event_trace_enable_again+0x0/0x23 returned 0 after 0 usecs
[    2.092772] calling  static_call_init+0x0/0x77 @ 1
[    2.093796] initcall static_call_init+0x0/0x77 returned 0 after 0 usecs
[    2.094773] calling  jump_label_init_module+0x0/0xc @ 1
[    2.095773] initcall jump_label_init_module+0x0/0xc returned 0 after 0 usecs
[    2.096793] calling  init_zero_pfn+0x0/0x37 @ 1
[    2.097771] initcall init_zero_pfn+0x0/0x37 returned 0 after 0 usecs
[    2.098790] calling  initialize_ptr_random+0x0/0x54 @ 1
[    2.099817] initcall initialize_ptr_random+0x0/0x54 returned 0 after 0 usecs
[    2.100987] calling  efi_memreserve_root_init+0x0/0x25 @ 1
[    2.101791] initcall efi_memreserve_root_init+0x0/0x25 returned 0 after 0 usecs
[    2.102774] calling  efi_earlycon_remap_fb+0x0/0x51 @ 1
[    2.103774] initcall efi_earlycon_remap_fb+0x0/0x51 returned 0 after 0 usecs
[    2.110607] smp: Bringing up secondary CPUs ...
[    2.112072] x86: Booting SMP configuration:
[    2.112838] .... node  #0, CPUs:        #1
[    1.271650] kvm-clock: cpu 1, msr 1ae72041, secondary cpu clock
[    2.138979] kvm-guest: stealtime: cpu 1, msr 1ea5b600
[    2.154788]   #2
[    1.271650] kvm-clock: cpu 2, msr 1ae72081, secondary cpu clock
[    2.176962] kvm-guest: stealtime: cpu 2, msr 1ea9b600
[    2.196820]   #3
[    1.271650] kvm-clock: cpu 3, msr 1ae720c1, secondary cpu clock
[    2.218930] kvm-guest: stealtime: cpu 3, msr 1eadb600
[    2.234813]   #4
[    1.271650] kvm-clock: cpu 4, msr 1ae72101, secondary cpu clock
[    2.258911] kvm-guest: stealtime: cpu 4, msr 1eb1b600
[    2.274796]   #5
[    1.271650] kvm-clock: cpu 5, msr 1ae72141, secondary cpu clock
[    2.297921] kvm-guest: stealtime: cpu 5, msr 1eb5b600
[    2.313789]   #6
[    1.271650] kvm-clock: cpu 6, msr 1ae72181, secondary cpu clock
[    2.335918] kvm-guest: stealtime: cpu 6, msr 1eb9b600
[    2.351489]   #7
[    1.271650] kvm-clock: cpu 7, msr 1ae721c1, secondary cpu clock
[    2.375321] kvm-guest: stealtime: cpu 7, msr 1ebdb600
[    2.388880] smp: Brought up 1 node, 8 CPUs
[    2.390771] smpboot: Max logical packages: 6
[    2.391772] smpboot: Total of 8 processors activated (31999.98 BogoMIPS)
[    2.419961] devtmpfs: initialized
[    2.423050] calling  ipc_ns_init+0x0/0x3d @ 1
[    2.424802] initcall ipc_ns_init+0x0/0x3d returned 0 after 976 usecs
[    2.425774] calling  init_mmap_min_addr+0x0/0x21 @ 1
[    2.426772] initcall init_mmap_min_addr+0x0/0x21 returned 0 after 0 usecs
[    2.428772] calling  pci_realloc_setup_params+0x0/0x3f @ 1
[    2.429770] initcall pci_realloc_setup_params+0x0/0x3f returned 0 after 0 usecs
[    2.430773] calling  net_ns_init+0x0/0x140 @ 1
[    2.433005] initcall net_ns_init+0x0/0x140 returned 0 after 976 usecs
[    2.433804] calling  e820__register_nvs_regions+0x0/0x37 @ 1
[    2.434775] initcall e820__register_nvs_regions+0x0/0x37 returned 0 after 0 usecs
[    2.435775] calling  cpufreq_register_tsc_scaling+0x0/0x2e @ 1
[    2.436776] initcall cpufreq_register_tsc_scaling+0x0/0x2e returned 0 after 0 usecs
[    2.437782] calling  reboot_init+0x0/0x3c @ 1
[    2.438805] initcall reboot_init+0x0/0x3c returned 0 after 0 usecs
[    2.439779] calling  init_lapic_sysfs+0x0/0x20 @ 1
[    2.441775] initcall init_lapic_sysfs+0x0/0x20 returned 0 after 0 usecs
[    2.442776] calling  alloc_frozen_cpus+0x0/0x1d @ 1
[    2.443777] initcall alloc_frozen_cpus+0x0/0x1d returned 0 after 0 usecs
[    2.444776] calling  cpu_hotplug_pm_sync_init+0x0/0x13 @ 1
[    2.445779] initcall cpu_hotplug_pm_sync_init+0x0/0x13 returned 0 after 0 usecs
[    2.446777] calling  wq_sysfs_init+0x0/0x2a @ 1
[    2.447874] initcall wq_sysfs_init+0x0/0x2a returned 0 after 0 usecs
[    2.448773] calling  ksysfs_init+0x0/0x92 @ 1
[    2.449787] initcall ksysfs_init+0x0/0x92 returned 0 after 0 usecs
[    2.450773] calling  schedutil_gov_init+0x0/0xc @ 1
[    2.451889] initcall schedutil_gov_init+0x0/0xc returned 0 after 0 usecs
[    2.452771] calling  pm_init+0x0/0x76 @ 1
[    2.453908] initcall pm_init+0x0/0x76 returned 0 after 0 usecs
[    2.454772] calling  pm_disk_init+0x0/0x13 @ 1
[    2.455863] initcall pm_disk_init+0x0/0x13 returned 0 after 0 usecs
[    2.456787] calling  swsusp_header_init+0x0/0x2b @ 1
[    2.457775] initcall swsusp_header_init+0x0/0x2b returned 0 after 0 usecs
[    2.458770] calling  rcu_set_runtime_mode+0x0/0x16 @ 1
[    2.461947] initcall rcu_set_runtime_mode+0x0/0x16 returned 0 after 1953 usecs
[    2.462772] calling  init_jiffies_clocksource+0x0/0x13 @ 1
[    2.463771] clocksource: jiffies: mask: 0xffffffff max_cycles: 0xffffffff, max_idle_ns: 1911260446275000 ns
[    2.464774] initcall init_jiffies_clocksource+0x0/0x13 returned 0 after 976 usecs
[    2.465772] calling  futex_init+0x0/0xfd @ 1
[    2.466821] futex hash table entries: 16384 (order: 8, 1048576 bytes, linear)
[    2.472786] initcall futex_init+0x0/0xfd returned 0 after 5859 usecs
[    2.473773] calling  cgroup_wq_init+0x0/0x28 @ 1
[    2.474793] initcall cgroup_wq_init+0x0/0x28 returned 0 after 0 usecs
[    2.475773] calling  cgroup1_wq_init+0x0/0x28 @ 1
[    2.476800] initcall cgroup1_wq_init+0x0/0x28 returned 0 after 0 usecs
[    2.478779] calling  init_kprobe_trace_early+0x0/0x2a @ 1
[    2.479823] initcall init_kprobe_trace_early+0x0/0x2a returned 0 after 0 usecs
[    2.480773] calling  fsnotify_init+0x0/0x48 @ 1
[    2.481836] initcall fsnotify_init+0x0/0x48 returned 0 after 0 usecs
[    2.482770] calling  filelock_init+0x0/0x96 @ 1
[    2.483833] initcall filelock_init+0x0/0x96 returned 0 after 0 usecs
[    2.484770] calling  init_misc_binfmt+0x0/0x2c @ 1
[    2.485805] initcall init_misc_binfmt+0x0/0x2c returned 0 after 0 usecs
[    2.486770] calling  init_script_binfmt+0x0/0x15 @ 1
[    2.487770] initcall init_script_binfmt+0x0/0x15 returned 0 after 0 usecs
[    2.488772] calling  init_elf_binfmt+0x0/0x15 @ 1
[    2.489772] initcall init_elf_binfmt+0x0/0x15 returned 0 after 0 usecs
[    2.490774] calling  init_compat_elf_binfmt+0x0/0x15 @ 1
[    2.491779] initcall init_compat_elf_binfmt+0x0/0x15 returned 0 after 0 usecs
[    2.492780] calling  debugfs_init+0x0/0x5c @ 1
[    2.493812] initcall debugfs_init+0x0/0x5c returned 0 after 0 usecs
[    2.494772] calling  tracefs_init+0x0/0x3a @ 1
[    2.495792] initcall tracefs_init+0x0/0x3a returned 0 after 0 usecs
[    2.496773] calling  prandom_init_early+0x0/0x15d @ 1
[    2.497775] initcall prandom_init_early+0x0/0x15d returned 0 after 0 usecs
[    2.498836] calling  virtio_init+0x0/0x20 @ 1
[    2.499893] initcall virtio_init+0x0/0x20 returned 0 after 0 usecs
[    2.500856] calling  iommu_init+0x0/0x2a @ 1
[    2.501880] initcall iommu_init+0x0/0x2a returned 0 after 0 usecs
[    2.502776] calling  component_debug_init+0x0/0x1c @ 1
[    2.504036] initcall component_debug_init+0x0/0x1c returned 0 after 0 usecs
[    2.504774] calling  early_resume_init+0x0/0xb9 @ 1
[    2.506770] PM: RTC time: 08:31:08, date: 2022-12-13
[    2.507816] initcall early_resume_init+0x0/0xb9 returned 0 after 1953 usecs
[    2.508794] calling  cpufreq_core_init+0x0/0x62 @ 1
[    2.509820] initcall cpufreq_core_init+0x0/0x62 returned 0 after 0 usecs
[    2.510777] calling  cpufreq_gov_performance_init+0x0/0xc @ 1
[    2.511797] initcall cpufreq_gov_performance_init+0x0/0xc returned 0 after 0 usecs
[    2.512775] calling  cpufreq_gov_userspace_init+0x0/0xc @ 1
[    2.513775] initcall cpufreq_gov_userspace_init+0x0/0xc returned 0 after 0 usecs
[    2.514777] calling  CPU_FREQ_GOV_ONDEMAND_init+0x0/0xc @ 1
[    2.515795] initcall CPU_FREQ_GOV_ONDEMAND_init+0x0/0xc returned 0 after 0 usecs
[    2.516775] calling  cpuidle_init+0x0/0x1f @ 1
[    2.517913] initcall cpuidle_init+0x0/0x1f returned 0 after 0 usecs
[    2.518776] calling  capsule_reboot_register+0x0/0xc @ 1
[    2.519850] initcall capsule_reboot_register+0x0/0xc returned 0 after 0 usecs
[    2.520773] calling  sock_init+0x0/0x93 @ 1
[    2.523796] initcall sock_init+0x0/0x93 returned 0 after 1953 usecs
[    2.524772] calling  net_inuse_init+0x0/0x23 @ 1
[    2.525785] initcall net_inuse_init+0x0/0x23 returned 0 after 0 usecs
[    2.526772] calling  net_defaults_init+0x0/0x23 @ 1
[    2.528771] initcall net_defaults_init+0x0/0x23 returned 0 after 0 usecs
[    2.529772] calling  init_default_flow_dissectors+0x0/0x4f @ 1
[    2.530793] initcall init_default_flow_dissectors+0x0/0x4f returned 0 after 0 usecs
[    2.531774] calling  netpoll_init+0x0/0x26 @ 1
[    2.532773] initcall netpoll_init+0x0/0x26 returned 0 after 0 usecs
[    2.533774] calling  netlink_proto_init+0x0/0x14f @ 1
[    2.535796] NET: Registered protocol family 16
[    2.536809] initcall netlink_proto_init+0x0/0x14f returned 0 after 1953 usecs
[    2.537771] calling  genl_init+0x0/0x35 @ 1
[    2.539856] initcall genl_init+0x0/0x35 returned 0 after 976 usecs
[    2.540791] calling  bsp_pm_check_init+0x0/0x13 @ 1
[    2.541793] initcall bsp_pm_check_init+0x0/0x13 returned 0 after 0 usecs
[    2.542832] calling  irq_sysfs_init+0x0/0xb7 @ 1
[    2.543898] initcall irq_sysfs_init+0x0/0xb7 returned 0 after 0 usecs
[    2.544771] calling  audit_init+0x0/0x160 @ 1
[    2.545801] audit: initializing netlink subsys (disabled)
[    2.548654] initcall audit_init+0x0/0x160 returned 0 after 1953 usecs
[    2.548448] audit: type=2000 audit(1670920266.623:1): state=initialized audit_enabled=0 res=1
[    2.548791] calling  release_early_probes+0x0/0x32 @ 1
[    2.548809] initcall release_early_probes+0x0/0x32 returned 0 after 0 usecs
[    2.551776] calling  bdi_class_init+0x0/0x48 @ 1
[    2.552881] initcall bdi_class_init+0x0/0x48 returned 0 after 0 usecs
[    2.553774] calling  mm_sysfs_init+0x0/0x28 @ 1
[    2.554801] initcall mm_sysfs_init+0x0/0x28 returned 0 after 0 usecs
[    2.555776] calling  init_per_zone_wmark_min+0x0/0x6d @ 1
[    2.556797] initcall init_per_zone_wmark_min+0x0/0x6d returned 0 after 0 usecs
[    2.557771] calling  mpi_init+0x0/0x3e @ 1
[    2.558806] initcall mpi_init+0x0/0x3e returned 0 after 0 usecs
[    2.559772] calling  kobject_uevent_init+0x0/0xc @ 1
[    2.560799] initcall kobject_uevent_init+0x0/0xc returned 0 after 0 usecs
[    2.561770] calling  pcibus_class_init+0x0/0x13 @ 1
[    2.562782] initcall pcibus_class_init+0x0/0x13 returned 0 after 0 usecs
[    2.563770] calling  pci_driver_init+0x0/0x21 @ 1
[    2.564895] initcall pci_driver_init+0x0/0x21 returned 0 after 0 usecs
[    2.565770] calling  backlight_class_init+0x0/0xa8 @ 1
[    2.566809] initcall backlight_class_init+0x0/0xa8 returned 0 after 0 usecs
[    2.567772] calling  tty_class_init+0x0/0x33 @ 1
[    2.568815] initcall tty_class_init+0x0/0x33 returned 0 after 0 usecs
[    2.569771] calling  vtconsole_class_init+0x0/0xb5 @ 1
[    2.570848] initcall vtconsole_class_init+0x0/0xb5 returned 0 after 0 usecs
[    2.571771] calling  iommu_dev_init+0x0/0x13 @ 1
[    2.572795] initcall iommu_dev_init+0x0/0x13 returned 0 after 0 usecs
[    2.573769] calling  mipi_dsi_bus_init+0x0/0xc @ 1
[    2.574818] initcall mipi_dsi_bus_init+0x0/0xc returned 0 after 0 usecs
[    2.575790] calling  devlink_class_init+0x0/0x40 @ 1
[    2.576779] initcall devlink_class_init+0x0/0x40 returned 0 after 0 usecs
[    2.577769] calling  software_node_init+0x0/0x2a @ 1
[    2.578773] initcall software_node_init+0x0/0x2a returned 0 after 0 usecs
[    2.579769] calling  wakeup_sources_debugfs_init+0x0/0x23 @ 1
[    2.580848] initcall wakeup_sources_debugfs_init+0x0/0x23 returned 0 after 0 usecs
[    2.581771] calling  wakeup_sources_sysfs_init+0x0/0x2c @ 1
[    2.582779] initcall wakeup_sources_sysfs_init+0x0/0x2c returned 0 after 0 usecs
[    2.583776] calling  register_node_type+0x0/0x13 @ 1
[    2.584921] initcall register_node_type+0x0/0x13 returned 0 after 0 usecs
[    2.585778] calling  regmap_initcall+0x0/0xc @ 1
[    2.586946] initcall regmap_initcall+0x0/0xc returned 0 after 0 usecs
[    2.587778] calling  i2c_init+0x0/0xb3 @ 1
[    2.589821] initcall i2c_init+0x0/0xb3 returned 0 after 976 usecs
[    2.590776] calling  thermal_init+0x0/0xf2 @ 1
[    2.591859] thermal_sys: Registered thermal governor 'step_wise'
[    2.591861] thermal_sys: Registered thermal governor 'user_space'
[    2.592788] initcall thermal_init+0x0/0xf2 returned 0 after 976 usecs
[    2.594775] calling  init_menu+0x0/0xc @ 1
[    2.597787] cpuidle: using governor menu
[    2.602781] initcall init_menu+0x0/0xc returned 0 after 6835 usecs
[    2.610773] calling  pcc_init+0x0/0x4d @ 1
[    2.616813] initcall pcc_init+0x0/0x4d returned -19 after 0 usecs
[    2.624773] calling  amd_postcore_init+0x0/0x11e @ 1
[    2.631772] initcall amd_postcore_init+0x0/0x11e returned 0 after 0 usecs
[    2.640803] calling  bts_init+0x0/0xba @ 1
[    2.645792] initcall bts_init+0x0/0xba returned -19 after 0 usecs
[    2.653773] calling  pt_init+0x0/0x341 @ 1
[    2.659797] initcall pt_init+0x0/0x341 returned -19 after 0 usecs
[    2.667773] calling  boot_params_ksysfs_init+0x0/0x2ee @ 1
[    2.674829] initcall boot_params_ksysfs_init+0x0/0x2ee returned 0 after 0 usecs
[    2.684773] calling  sbf_init+0x0/0xea @ 1
[    2.690791] initcall sbf_init+0x0/0xea returned 0 after 0 usecs
[    2.698772] calling  arch_kdebugfs_init+0x0/0x219 @ 1
[    2.706120] initcall arch_kdebugfs_init+0x0/0x219 returned 0 after 976 usecs
[    2.714789] calling  intel_pconfig_init+0x0/0x85 @ 1
[    2.721789] initcall intel_pconfig_init+0x0/0x85 returned 0 after 0 usecs
[    2.730773] calling  mtrr_if_init+0x0/0x5d @ 1
[    2.742773] initcall mtrr_if_init+0x0/0x5d returned 0 after 5859 usecs
[    2.750774] calling  activate_jump_labels+0x0/0x31 @ 1
[    2.756811] initcall activate_jump_labels+0x0/0x31 returned 0 after 0 usecs
[    2.765772] calling  ffh_cstate_init+0x0/0x29 @ 1
[    2.771826] initcall ffh_cstate_init+0x0/0x29 returned 0 after 0 usecs
[    2.779771] calling  activate_jump_labels+0x0/0x31 @ 1
[    2.790771] initcall activate_jump_labels+0x0/0x31 returned 0 after 4882 usecs
[    2.799773] calling  kvm_alloc_cpumask+0x0/0x87 @ 1
[    2.805934] initcall kvm_alloc_cpumask+0x0/0x87 returned 0 after 0 usecs
[    2.813772] calling  kcmp_cookies_init+0x0/0x37 @ 1
[    2.820793] initcall kcmp_cookies_init+0x0/0x37 returned 0 after 0 usecs
[    2.828771] calling  cryptomgr_init+0x0/0xc @ 1
[    2.834923] initcall cryptomgr_init+0x0/0xc returned 0 after 0 usecs
[    2.842774] calling  acpi_pci_init+0x0/0x57 @ 1
[    2.848784] ACPI: bus type PCI registered
[    2.853770] initcall acpi_pci_init+0x0/0x57 returned 0 after 4882 usecs
[    2.861772] calling  dma_channel_table_init+0x0/0xd1 @ 1
[    2.869801] initcall dma_channel_table_init+0x0/0xd1 returned 0 after 0 usecs
[    2.878774] calling  dma_bus_init+0x0/0xdc @ 1
[    2.885951] initcall dma_bus_init+0x0/0xdc returned 0 after 976 usecs
[    2.893870] calling  iommu_dma_init+0x0/0x10 @ 1
[    2.900790] initcall iommu_dma_init+0x0/0x10 returned 0 after 0 usecs
[    2.909779] calling  dmi_id_init+0x0/0x37c @ 1
[    2.916161] initcall dmi_id_init+0x0/0x37c returned 0 after 0 usecs
[    2.924776] calling  pci_arch_init+0x0/0x71 @ 1
[    2.930961] PCI: MMCONFIG for domain 0000 [bus 00-ff] at [mem 0xb0000000-0xbfffffff] (base 0xb0000000)
[    2.943816] PCI: MMCONFIG at [mem 0xb0000000-0xbfffffff] reserved in E820
[    2.951845] PCI: Using configuration type 1 for base access
[    2.958794] initcall pci_arch_init+0x0/0x71 returned 0 after 28320 usecs
[    2.967837] calling  init_vdso+0x0/0x13 @ 1
[    2.973913] initcall init_vdso+0x0/0x13 returned 0 after 0 usecs
[    2.981773] calling  sysenter_setup+0x0/0x13 @ 1
[    2.987820] initcall sysenter_setup+0x0/0x13 returned 0 after 0 usecs
[    2.995771] calling  fixup_ht_bug+0x0/0xe5 @ 1
[    3.001801] initcall fixup_ht_bug+0x0/0xe5 returned 0 after 0 usecs
[    3.009770] calling  topology_init+0x0/0x8b @ 1
[    3.017661] initcall topology_init+0x0/0x8b returned 0 after 1953 usecs
[    3.026773] calling  intel_epb_init+0x0/0x68 @ 1
[    3.032771] initcall intel_epb_init+0x0/0x68 returned -19 after 0 usecs
[    3.041770] calling  mtrr_init_finialize+0x0/0x3e @ 1
[    3.047800] initcall mtrr_init_finialize+0x0/0x3e returned 0 after 0 usecs
[    3.057775] calling  uid_cache_init+0x0/0x85 @ 1
[    3.063838] initcall uid_cache_init+0x0/0x85 returned 0 after 0 usecs
[    3.071776] calling  param_sysfs_init+0x0/0x1ba @ 1
[    3.087632] initcall param_sysfs_init+0x0/0x1ba returned 0 after 7812 usecs
[    3.097779] calling  user_namespace_sysctl_init+0x0/0x33 @ 1
[    3.104824] initcall user_namespace_sysctl_init+0x0/0x33 returned 0 after 0 usecs
[    3.114774] calling  proc_schedstat_init+0x0/0x24 @ 1
[    3.122881] initcall proc_schedstat_init+0x0/0x24 returned 0 after 0 usecs
[    3.131774] calling  pm_sysrq_init+0x0/0x18 @ 1
[    3.156789] initcall pm_sysrq_init+0x0/0x18 returned 0 after 17578 usecs
[    3.163997] calling  create_proc_profile+0x0/0xd0 @ 1
[    3.168777] initcall create_proc_profile+0x0/0xd0 returned 0 after 0 usecs
[    3.176775] calling  time_ns_init+0x0/0x7 @ 1
[    3.182770] initcall time_ns_init+0x0/0x7 returned 0 after 0 usecs
[    3.189772] calling  crash_save_vmcoreinfo_init+0x0/0x722 @ 1
[    3.197263] initcall crash_save_vmcoreinfo_init+0x0/0x722 returned 0 after 0 usecs
[    3.205771] calling  crash_notes_memory_init+0x0/0x35 @ 1
[    3.213786] initcall crash_notes_memory_init+0x0/0x35 returned 0 after 0 usecs
[    3.222771] calling  cgroup_sysfs_init+0x0/0x13 @ 1
[    3.228795] initcall cgroup_sysfs_init+0x0/0x13 returned 0 after 0 usecs
[    3.236772] calling  cgroup_namespaces_init+0x0/0x7 @ 1
[    3.242771] initcall cgroup_namespaces_init+0x0/0x7 returned 0 after 0 usecs
[    3.250771] calling  init_optprobes+0x0/0x13 @ 1
[    3.255769] Kprobes globally optimized
[    3.260771] initcall init_optprobes+0x0/0x13 returned 0 after 4882 usecs
[    3.268772] calling  oom_init+0x0/0x2f @ 1
[    3.274975] initcall oom_init+0x0/0x2f returned 0 after 976 usecs
[    3.283774] calling  default_bdi_init+0x0/0xb3 @ 1
[    3.293304] initcall default_bdi_init+0x0/0xb3 returned 0 after 976 usecs
[    3.303774] calling  percpu_enable_async+0x0/0xe @ 1
[    3.310773] initcall percpu_enable_async+0x0/0xe returned 0 after 0 usecs
[    3.318790] calling  kcompactd_init+0x0/0x90 @ 1
[    3.325177] initcall kcompactd_init+0x0/0x90 returned 0 after 976 usecs
[    3.333970] calling  init_user_reserve+0x0/0x40 @ 1
[    3.339778] initcall init_user_reserve+0x0/0x40 returned 0 after 0 usecs
[    3.347774] calling  init_admin_reserve+0x0/0x40 @ 1
[    3.353772] initcall init_admin_reserve+0x0/0x40 returned 0 after 0 usecs
[    3.362773] calling  init_reserve_notifier+0x0/0x7 @ 1
[    3.368771] initcall init_reserve_notifier+0x0/0x7 returned 0 after 0 usecs
[    3.377773] calling  swap_init_sysfs+0x0/0x62 @ 1
[    3.383866] initcall swap_init_sysfs+0x0/0x62 returned 0 after 0 usecs
[    3.391773] calling  swapfile_init+0x0/0x96 @ 1
[    3.397868] initcall swapfile_init+0x0/0x96 returned 0 after 0 usecs
[    3.406771] calling  hugetlb_init+0x0/0x49f @ 1
[    3.413095] HugeTLB registered 2.00 MiB page size, pre-allocated 0 pages
[    3.421874] initcall hugetlb_init+0x0/0x49f returned 0 after 8789 usecs
[    3.430774] calling  io_wq_init+0x0/0x34 @ 1
[    3.435791] initcall io_wq_init+0x0/0x34 returned 0 after 0 usecs
[    3.443773] calling  seqiv_module_init+0x0/0xc @ 1
[    3.449774] initcall seqiv_module_init+0x0/0xc returned 0 after 0 usecs
[    3.457791] calling  echainiv_module_init+0x0/0xc @ 1
[    3.464804] initcall echainiv_module_init+0x0/0xc returned 0 after 0 usecs
[    3.473215] calling  rsa_init+0x0/0x50 @ 1
[    3.484488] cryptomgr_test (63) used greatest stack depth: 15504 bytes left
[    3.486781] initcall rsa_init+0x0/0x50 returned 0 after 8789 usecs
[    3.503780] calling  crypto_cmac_module_init+0x0/0xc @ 1
[    3.509776] initcall crypto_cmac_module_init+0x0/0xc returned 0 after 0 usecs
[    3.519956] calling  hmac_module_init+0x0/0xc @ 1
[    3.526776] initcall hmac_module_init+0x0/0xc returned 0 after 0 usecs
[    3.533774] calling  crypto_null_mod_init+0x0/0x65 @ 1
[    3.546153] cryptomgr_test (64) used greatest stack depth: 15408 bytes left
[    3.549948] initcall crypto_null_mod_init+0x0/0x65 returned 0 after 10742 usecs
[    3.566777] calling  md5_mod_init+0x0/0xc @ 1
[    3.579978] initcall md5_mod_init+0x0/0xc returned 0 after 6835 usecs
[    3.590926] calling  sha256_generic_mod_init+0x0/0x11 @ 1
[    3.614214] initcall sha256_generic_mod_init+0x0/0x11 returned 0 after 16601 usecs
[    3.622779] calling  crypto_cbc_module_init+0x0/0xc @ 1
[    3.630777] initcall crypto_cbc_module_init+0x0/0xc returned 0 after 0 usecs
[    3.640777] calling  crypto_ctr_module_init+0x0/0x11 @ 1
[    3.648778] initcall crypto_ctr_module_init+0x0/0x11 returned 0 after 0 usecs
[    3.652775] calling  crypto_gcm_module_init+0x0/0x64 @ 1
[    3.660801] initcall crypto_gcm_module_init+0x0/0x64 returned 0 after 0 usecs
[    3.670773] calling  crypto_ccm_module_init+0x0/0x11 @ 1
[    3.677775] initcall crypto_ccm_module_init+0x0/0x11 returned 0 after 0 usecs
[    3.686773] calling  aes_init+0x0/0xc @ 1
[    3.694211] initcall aes_init+0x0/0xc returned 0 after 976 usecs
[    3.701780] calling  crc32c_mod_init+0x0/0xc @ 1
[    3.709804] initcall crc32c_mod_init+0x0/0xc returned 0 after 1953 usecs
[    3.718777] calling  crypto_authenc_module_init+0x0/0xc @ 1
[    3.726775] initcall crypto_authenc_module_init+0x0/0xc returned 0 after 0 usecs
[    3.736774] calling  crypto_authenc_esn_module_init+0x0/0xc @ 1
[    3.744774] initcall crypto_authenc_esn_module_init+0x0/0xc returned 0 after 0 usecs
[    3.754772] calling  drbg_init+0x0/0x7c @ 1
[    3.770932] initcall drbg_init+0x0/0x7c returned 0 after 9765 usecs
[    3.779776] calling  ghash_mod_init+0x0/0xc @ 1
[    3.787774] initcall ghash_mod_init+0x0/0xc returned 0 after 1953 usecs
[    3.796774] calling  init_bio+0x0/0x9a @ 1
[    3.803104] initcall init_bio+0x0/0x9a returned 0 after 0 usecs
[    3.810787] calling  blk_settings_init+0x0/0x29 @ 1
[    3.817772] initcall blk_settings_init+0x0/0x29 returned 0 after 0 usecs
[    3.828775] calling  blk_ioc_init+0x0/0x29 @ 1
[    3.835798] initcall blk_ioc_init+0x0/0x29 returned 0 after 0 usecs
[    3.846776] calling  blk_mq_init+0x0/0xb9 @ 1
[    3.853776] initcall blk_mq_init+0x0/0xb9 returned 0 after 0 usecs
[    3.861772] calling  genhd_device_init+0x0/0x75 @ 1
[    3.871066] initcall genhd_device_init+0x0/0x75 returned 0 after 1953 usecs
[    3.880963] calling  pci_slot_init+0x0/0x40 @ 1
[    3.886781] initcall pci_slot_init+0x0/0x40 returned 0 after 0 usecs
[    3.895774] calling  fbmem_init+0x0/0xd8 @ 1
[    3.903321] initcall fbmem_init+0x0/0xd8 returned 0 after 1953 usecs
[    3.911773] calling  acpi_init+0x0/0x319 @ 1
[    3.918108] ACPI: Added _OSI(Module Device)
[    3.923771] ACPI: Added _OSI(Processor Device)
[    3.930769] ACPI: Added _OSI(3.0 _SCP Extensions)
[    3.938770] ACPI: Added _OSI(Processor Aggregator Device)
[    3.945771] ACPI: Added _OSI(Linux-Dell-Video)
[    3.951772] ACPI: Added _OSI(Linux-Lenovo-NV-HDMI-Audio)
[    3.957770] ACPI: Added _OSI(Linux-HPI-Hybrid-Graphics)
[    3.975536] ACPI: 1 ACPI AML tables successfully acquired and loaded
[    3.991115] ACPI: Interpreter enabled
[    3.995929] ACPI: (supports S0 S3 S4 S5)
[    4.002771] ACPI: Using IOAPIC for interrupt routing
[    4.010346] PCI: Using host bridge windows from ACPI; if necessary, use "pci=nocrs" and report a bug
[    4.029764] ACPI: Enabled 2 GPEs in block 00 to 3F
[    4.065595] ACPI: PCI Root Bridge [PCI0] (domain 0000 [bus 00-ff])
[    4.074777] acpi PNP0A08:00: _OSC: OS supports [ExtendedConfig ASPM ClockPM Segments MSI HPX-Type3]
[    4.082806] acpi PNP0A08:00: _OSC: platform does not support [LTR]
[    4.093841] acpi PNP0A08:00: _OSC: OS now controls [PME PCIeCapability]
[    4.099781] PCI host bridge to bus 0000:00
[    4.104947] pci_bus 0000:00: root bus resource [io  0x0000-0x0cf7 window]
[    4.115773] pci_bus 0000:00: root bus resource [io  0x0d00-0xffff window]
[    4.123772] pci_bus 0000:00: root bus resource [mem 0x000a0000-0x000bffff window]
[    4.133778] pci_bus 0000:00: root bus resource [mem 0x20000000-0xafffffff window]
[    4.143772] pci_bus 0000:00: root bus resource [mem 0xc0000000-0xfebfffff window]
[    4.153791] pci_bus 0000:00: root bus resource [mem 0x100000000-0x8ffffffff window]
[    4.163770] pci_bus 0000:00: root bus resource [bus 00-ff]
[    4.172264] pci 0000:00:00.0: calling  quirk_mmio_always_on+0x0/0x10 @ 1
[    4.180775] pci 0000:00:00.0: quirk_mmio_always_on+0x0/0x10 took 0 usecs
[    4.189771] pci 0000:00:00.0: [8086:29c0] type 00 class 0x060000
[    4.200814] pci 0000:00:00.0: calling  quirk_igfx_skip_te_disable+0x0/0x80 @ 1
[    4.210776] pci 0000:00:00.0: quirk_igfx_skip_te_disable+0x0/0x80 took 0 usecs
[    4.221335] pci 0000:00:01.0: [1234:1111] type 00 class 0x030000
[    4.237764] pci 0000:00:01.0: reg 0x10: [mem 0xfd000000-0xfdffffff pref]
[    4.260764] pci 0000:00:01.0: reg 0x18: [mem 0xfebf0000-0xfebf0fff]
[    4.304764] pci 0000:00:01.0: reg 0x30: [mem 0xfebe0000-0xfebeffff pref]
[    4.328764] pci 0000:00:01.0: calling  efifb_fixup_resources+0x0/0xf0 @ 1
[    4.341764] pci 0000:00:01.0: efifb_fixup_resources+0x0/0xf0 took 0 usecs
[    4.372967] pci 0000:00:1f.0: [8086:2918] type 00 class 0x060100
[    4.383476] pci 0000:00:1f.0: calling  quirk_ich7_lpc+0x0/0x60 @ 1
[    4.392764] pci 0000:00:1f.0: quirk: [io  0x0600-0x067f] claimed by ICH6 ACPI/GPIO/TCO
[    4.404266] pci 0000:00:1f.0: quirk_ich7_lpc+0x0/0x60 took 12695 usecs
[    4.413764] pci 0000:00:1f.0: calling  quirk_igfx_skip_te_disable+0x0/0x80 @ 1
[    4.418988] pci 0000:00:1f.0: quirk_igfx_skip_te_disable+0x0/0x80 took 1953 usecs
[    4.433979] pci 0000:00:1f.2: [8086:2922] type 00 class 0x010601
[    4.451772] pci 0000:00:1f.2: reg 0x20: [io  0xc040-0xc05f]
[    4.462182] pci 0000:00:1f.2: reg 0x24: [mem 0xfebf1000-0xfebf1fff]
[    4.472790] pci 0000:00:1f.2: calling  quirk_igfx_skip_te_disable+0x0/0x80 @ 1
[    4.482777] pci 0000:00:1f.2: quirk_igfx_skip_te_disable+0x0/0x80 took 0 usecs
[    4.496401] pci 0000:00:1f.3: [8086:2930] type 00 class 0x0c0500
[    4.510771] pci 0000:00:1f.3: reg 0x20: [io  0x0700-0x073f]
[    4.521481] pci 0000:00:1f.3: calling  quirk_igfx_skip_te_disable+0x0/0x80 @ 1
[    4.531777] pci 0000:00:1f.3: quirk_igfx_skip_te_disable+0x0/0x80 took 0 usecs
[    4.551424] ACPI: PCI Interrupt Link [LNKA] (IRQs 5 *10 11)
[    4.552288] ACPI: PCI Interrupt Link [LNKB] (IRQs 5 *10 11)
[    4.553427] ACPI: PCI Interrupt Link [LNKC] (IRQs 5 10 *11)
[    4.554785] ACPI: PCI Interrupt Link [LNKD] (IRQs 5 10 *11)
[    4.557391] ACPI: PCI Interrupt Link [LNKE] (IRQs 5 *10 11)
[    4.558196] ACPI: PCI Interrupt Link [LNKF] (IRQs 5 *10 11)
[    4.559220] ACPI: PCI Interrupt Link [LNKG] (IRQs 5 10 *11)
[    4.560196] ACPI: PCI Interrupt Link [LNKH] (IRQs 5 10 *11)
[    4.561029] ACPI: PCI Interrupt Link [GSIA] (IRQs *16)
[    4.561784] ACPI: PCI Interrupt Link [GSIB] (IRQs *17)
[    4.564240] ACPI: PCI Interrupt Link [GSIC] (IRQs *18)
[    4.564806] ACPI: PCI Interrupt Link [GSID] (IRQs *19)
[    4.565963] ACPI: PCI Interrupt Link [GSIE] (IRQs *20)
[    4.566790] ACPI: PCI Interrupt Link [GSIF] (IRQs *21)
[    4.567870] ACPI: PCI Interrupt Link [GSIG] (IRQs *22)
[    4.568823] ACPI: PCI Interrupt Link [GSIH] (IRQs *23)
[    4.633763] initcall acpi_init+0x0/0x319 returned 0 after 698242 usecs
[    4.635913] calling  pnp_init+0x0/0xc @ 1
[    4.637784] initcall pnp_init+0x0/0xc returned 0 after 976 usecs
[    4.638775] calling  misc_init+0x0/0xbf @ 1
[    4.641093] initcall misc_init+0x0/0xbf returned 0 after 0 usecs
[    4.641777] calling  iommu_subsys_init+0x0/0x4e @ 1
[    4.644313] iommu: Default domain type: Translated 
[    4.644777] initcall iommu_subsys_init+0x0/0x4e returned 0 after 1953 usecs
[    4.645779] calling  vga_arb_device_init+0x0/0x261 @ 1
[    4.654081] pci 0000:00:01.0: vgaarb: setting as boot VGA device
[    4.654764] pci 0000:00:01.0: vgaarb: VGA device added: decodes=io+mem,owns=io+mem,locks=none
[    4.654778] pci 0000:00:01.0: vgaarb: bridge control possible
[    4.655775] vgaarb: loaded
[    4.656778] initcall vga_arb_device_init+0x0/0x261 returned 0 after 9765 usecs
[    4.657903] calling  cn_init+0x0/0xf0 @ 1
[    4.660777] initcall cn_init+0x0/0xf0 returned 0 after 1953 usecs
[    4.661777] calling  dma_buf_init+0x0/0xad @ 1
[    4.665223] initcall dma_buf_init+0x0/0xad returned 0 after 1953 usecs
[    4.665778] calling  init_scsi+0x0/0x79 @ 1
[    4.668000] SCSI subsystem initialized
[    4.668774] initcall init_scsi+0x0/0x79 returned 0 after 1953 usecs
[    4.669823] calling  ata_init+0x0/0x332 @ 1
[    4.675377] libata version 3.00 loaded.
[    4.675774] initcall ata_init+0x0/0x332 returned 0 after 4882 usecs
[    4.676776] calling  phy_init+0x0/0x250 @ 1
[    4.679160] initcall phy_init+0x0/0x250 returned 0 after 976 usecs
[    4.679788] calling  init_pcmcia_cs+0x0/0x35 @ 1
[    4.680914] initcall init_pcmcia_cs+0x0/0x35 returned 0 after 0 usecs
[    4.681774] calling  usb_common_init+0x0/0x1c @ 1
[    4.682818] initcall usb_common_init+0x0/0x1c returned 0 after 0 usecs
[    4.683773] calling  usb_init+0x0/0x12e @ 1
[    4.684843] ACPI: bus type USB registered
[    4.686273] usbcore: registered new interface driver usbfs
[    4.687841] usbcore: registered new interface driver hub
[    4.688855] usbcore: registered new device driver usb
[    4.689775] initcall usb_init+0x0/0x12e returned 0 after 4882 usecs
[    4.690773] calling  serio_init+0x0/0x29 @ 1
[    4.691818] initcall serio_init+0x0/0x29 returned 0 after 0 usecs
[    4.692771] calling  input_init+0x0/0xf6 @ 1
[    4.693914] initcall input_init+0x0/0xf6 returned 0 after 0 usecs
[    4.694774] calling  rtc_init+0x0/0x4d @ 1
[    4.695803] initcall rtc_init+0x0/0x4d returned 0 after 0 usecs
[    4.696771] calling  pps_init+0x0/0xa9 @ 1
[    4.697777] pps_core: LinuxPPS API ver. 1 registered
[    4.698768] pps_core: Software ver. 5.3.6 - Copyright 2005-2007 Rodolfo Giometti <giometti@linux.it>
[    4.699772] initcall pps_init+0x0/0xa9 returned 0 after 1953 usecs
[    4.700771] calling  ptp_init+0x0/0x98 @ 1
[    4.701778] PTP clock support registered
[    4.702770] initcall ptp_init+0x0/0x98 returned 0 after 976 usecs
[    4.703771] calling  power_supply_class_init+0x0/0x3f @ 1
[    4.704971] initcall power_supply_class_init+0x0/0x3f returned 0 after 0 usecs
[    4.705771] calling  hwmon_init+0x0/0x104 @ 1
[    4.706822] initcall hwmon_init+0x0/0x104 returned 0 after 0 usecs
[    4.707772] calling  md_init+0x0/0x16b @ 1
[    4.710263] initcall md_init+0x0/0x16b returned 0 after 976 usecs
[    4.711772] calling  leds_init+0x0/0x3b @ 1
[    4.712814] initcall leds_init+0x0/0x3b returned 0 after 0 usecs
[    4.713774] calling  dmi_init+0x0/0x113 @ 1
[    4.714968] initcall dmi_init+0x0/0x113 returned 0 after 0 usecs
[    4.715772] calling  efisubsys_init+0x0/0x4e7 @ 1
[    4.716772] initcall efisubsys_init+0x0/0x4e7 returned 0 after 0 usecs
[    4.717771] calling  nvmem_init+0x0/0xc @ 1
[    4.718842] initcall nvmem_init+0x0/0xc returned 0 after 0 usecs
[    4.719773] calling  init_soundcore+0x0/0x33 @ 1
[    4.720816] initcall init_soundcore+0x0/0x33 returned 0 after 0 usecs
[    4.721773] calling  alsa_sound_init+0x0/0x8f @ 1
[    4.722899] Advanced Linux Sound Architecture Driver Initialized.
[    4.723774] initcall alsa_sound_init+0x0/0x8f returned 0 after 976 usecs
[    4.724791] calling  alsa_seq_device_init+0x0/0x71 @ 1
[    4.725796] initcall alsa_seq_device_init+0x0/0x71 returned 0 after 0 usecs
[    4.726772] calling  hda_bus_init+0x0/0xc @ 1
[    4.727814] initcall hda_bus_init+0x0/0xc returned 0 after 0 usecs
[    4.728772] calling  proto_init+0x0/0xc @ 1
[    4.729872] initcall proto_init+0x0/0xc returned 0 after 0 usecs
[    4.730771] calling  net_dev_init+0x0/0x209 @ 1
[    4.734018] initcall net_dev_init+0x0/0x209 returned 0 after 1953 usecs
[    4.734771] calling  neigh_init+0x0/0x84 @ 1
[    4.735771] initcall neigh_init+0x0/0x84 returned 0 after 0 usecs
[    4.736770] calling  fib_notifier_init+0x0/0xc @ 1
[    4.737833] initcall fib_notifier_init+0x0/0xc returned 0 after 0 usecs
[    4.738770] calling  fib_rules_init+0x0/0xab @ 1
[    4.739860] initcall fib_rules_init+0x0/0xab returned 0 after 0 usecs
[    4.740771] calling  pktsched_init+0x0/0x10e @ 1
[    4.741792] initcall pktsched_init+0x0/0x10e returned 0 after 0 usecs
[    4.742769] calling  tc_filter_init+0x0/0xfa @ 1
[    4.743793] initcall tc_filter_init+0x0/0xfa returned 0 after 0 usecs
[    4.744773] calling  tc_action_init+0x0/0x54 @ 1
[    4.745775] initcall tc_action_init+0x0/0x54 returned 0 after 0 usecs
[    4.746774] calling  ethnl_init+0x0/0x52 @ 1
[    4.747904] initcall ethnl_init+0x0/0x52 returned 0 after 0 usecs
[    4.748774] calling  nexthop_init+0x0/0xd8 @ 1
[    4.749869] initcall nexthop_init+0x0/0xd8 returned 0 after 0 usecs
[    4.750774] calling  cipso_v4_init+0x0/0x5d @ 1
[    4.751818] initcall cipso_v4_init+0x0/0x5d returned 0 after 0 usecs
[    4.752789] calling  ieee80211_init+0x0/0x24 @ 1
[    4.753880] initcall ieee80211_init+0x0/0x24 returned 0 after 0 usecs
[    4.754772] calling  netlbl_init+0x0/0x78 @ 1
[    4.755781] NetLabel: Initializing
[    4.756770] NetLabel:  domain hash size = 128
[    4.757768] NetLabel:  protocols = UNLABELED CIPSOv4 CALIPSO
[    4.759831] NetLabel:  unlabeled traffic allowed by default
[    4.760773] initcall netlbl_init+0x0/0x78 returned 0 after 4882 usecs
[    4.761772] calling  rfkill_init+0x0/0x111 @ 1
[    4.763775] initcall rfkill_init+0x0/0x111 returned 0 after 976 usecs
[    4.764786] calling  pci_subsys_init+0x0/0x66 @ 1
[    4.765784] PCI: Using ACPI for IRQ routing
[    5.500536] PCI: pci_cache_line_size set to 64 bytes
[    5.501597] e820: reserve RAM buffer [mem 0x0009fc00-0x0009ffff]
[    5.501772] e820: reserve RAM buffer [mem 0x1ffdf000-0x1fffffff]
[    5.502836] initcall pci_subsys_init+0x0/0x66 returned 0 after 719726 usecs
[    5.505347] calling  nmi_warning_debugfs+0x0/0x26 @ 1
[    5.506276] initcall nmi_warning_debugfs+0x0/0x26 returned 0 after 0 usecs
[    5.506808] calling  save_microcode_in_initrd+0x0/0x51 @ 1
[    5.507865] initcall save_microcode_in_initrd+0x0/0x51 returned 0 after 0 usecs
[    5.508787] calling  hpet_late_init+0x0/0x20d @ 1
[    5.510904] hpet: 3 channels of 0 reserved for per-cpu timers
[    5.511966] hpet0: at MMIO 0xfed00000, IRQs 2, 8, 0
[    5.512771] hpet0: 3 comparators, 64-bit 100.000000 MHz counter
[    5.516773] initcall hpet_late_init+0x0/0x20d returned 0 after 6835 usecs
[    5.517774] calling  init_amd_nbs+0x0/0x11c @ 1
[    5.518796] initcall init_amd_nbs+0x0/0x11c returned 0 after 0 usecs
[    5.519794] calling  clocksource_done_booting+0x0/0x41 @ 1
[    5.524661] clocksource: Switched to clocksource kvm-clock
[    5.532699] initcall clocksource_done_booting+0x0/0x41 returned 0 after 11649 usecs
[    5.542622] calling  tracer_init_tracefs+0x0/0x242 @ 1
[    5.758466] initcall tracer_init_tracefs+0x0/0x242 returned 0 after 203337 usecs
[    5.767252] calling  init_trace_printk_function_export+0x0/0x2c @ 1
[    5.774898] initcall init_trace_printk_function_export+0x0/0x2c returned 0 after 104 usecs
[    5.785515] calling  init_kprobe_trace+0x0/0x1a9 @ 1
[    5.793235] initcall init_kprobe_trace+0x0/0x1a9 returned 0 after 11 usecs
[    5.803874] calling  init_dynamic_event+0x0/0x3d @ 1
[    5.811963] initcall init_dynamic_event+0x0/0x3d returned 0 after 24 usecs
[    5.820556] calling  init_uprobe_trace+0x0/0x5c @ 1
[    5.826492] initcall init_uprobe_trace+0x0/0x5c returned 0 after 53 usecs
[    5.834697] calling  init_pipe_fs+0x0/0x44 @ 1
[    5.840338] initcall init_pipe_fs+0x0/0x44 returned 0 after 148 usecs
[    5.848318] calling  inotify_user_setup+0x0/0x47 @ 1
[    5.854433] initcall inotify_user_setup+0x0/0x47 returned 0 after 25 usecs
[    5.862772] calling  eventpoll_init+0x0/0xd4 @ 1
[    5.868526] initcall eventpoll_init+0x0/0xd4 returned 0 after 121 usecs
[    5.876525] calling  anon_inode_init+0x0/0x58 @ 1
[    5.882897] initcall anon_inode_init+0x0/0x58 returned 0 after 38 usecs
[    5.891032] calling  proc_locks_init+0x0/0x27 @ 1
[    5.896905] initcall proc_locks_init+0x0/0x27 returned 0 after 5 usecs
[    5.904863] calling  iomap_init+0x0/0x1b @ 1
[    5.910739] initcall iomap_init+0x0/0x1b returned 0 after 579 usecs
[    5.918563] calling  dquot_init+0x0/0x106 @ 1
[    5.923918] VFS: Disk quotas dquot_6.6.0
[    5.928923] VFS: Dquot-cache hash table entries: 512 (order 0, 4096 bytes)
[    5.939299] initcall dquot_init+0x0/0x106 returned 0 after 15030 usecs
[    5.949782] calling  quota_init+0x0/0x23 @ 1
[    5.956881] initcall quota_init+0x0/0x23 returned 0 after 97 usecs
[    5.965463] calling  proc_cmdline_init+0x0/0x21 @ 1
[    5.971435] initcall proc_cmdline_init+0x0/0x21 returned 0 after 5 usecs
[    5.979591] calling  proc_consoles_init+0x0/0x24 @ 1
[    5.985660] initcall proc_consoles_init+0x0/0x24 returned 0 after 4 usecs
[    5.993908] calling  proc_cpuinfo_init+0x0/0x1e @ 1
[    5.999896] initcall proc_cpuinfo_init+0x0/0x1e returned 0 after 3 usecs
[    6.008212] calling  proc_devices_init+0x0/0x24 @ 1
[    6.014270] initcall proc_devices_init+0x0/0x24 returned 0 after 3 usecs
[    6.022416] calling  proc_interrupts_init+0x0/0x24 @ 1
[    6.028748] initcall proc_interrupts_init+0x0/0x24 returned 0 after 3 usecs
[    6.037156] calling  proc_loadavg_init+0x0/0x21 @ 1
[    6.043338] initcall proc_loadavg_init+0x0/0x21 returned 0 after 3 usecs
[    6.051768] calling  proc_meminfo_init+0x0/0x21 @ 1
[    6.058218] initcall proc_meminfo_init+0x0/0x21 returned 0 after 3 usecs
[    6.066873] calling  proc_stat_init+0x0/0x1e @ 1
[    6.072779] initcall proc_stat_init+0x0/0x1e returned 0 after 4 usecs
[    6.080912] calling  proc_uptime_init+0x0/0x21 @ 1
[    6.087015] initcall proc_uptime_init+0x0/0x21 returned 0 after 3 usecs
[    6.095421] calling  proc_version_init+0x0/0x21 @ 1
[    6.101687] initcall proc_version_init+0x0/0x21 returned 0 after 3 usecs
[    6.110231] calling  proc_softirqs_init+0x0/0x21 @ 1
[    6.116664] initcall proc_softirqs_init+0x0/0x21 returned 0 after 2 usecs
[    6.125263] calling  proc_kcore_init+0x0/0xea @ 1
[    6.131472] initcall proc_kcore_init+0x0/0xea returned 0 after 30 usecs
[    6.140091] calling  vmcore_init+0x0/0x578 @ 1
[    6.145964] initcall vmcore_init+0x0/0x578 returned 0 after 0 usecs
[    6.154113] calling  proc_kmsg_init+0x0/0x21 @ 1
[    6.160221] initcall proc_kmsg_init+0x0/0x21 returned 0 after 4 usecs
[    6.168719] calling  proc_page_init+0x0/0x3b @ 1
[    6.174732] initcall proc_page_init+0x0/0x3b returned 0 after 5 usecs
[    6.183116] calling  init_ramfs_fs+0x0/0xc @ 1
[    6.189005] initcall init_ramfs_fs+0x0/0xc returned 0 after 21 usecs
[    6.197428] calling  init_hugetlbfs_fs+0x0/0xf6 @ 1
[    6.204114] initcall init_hugetlbfs_fs+0x0/0xf6 returned 0 after 240 usecs
[    6.213225] calling  blk_scsi_ioctl_init+0x0/0x2a5 @ 1
[    6.220511] initcall blk_scsi_ioctl_init+0x0/0x2a5 returned 0 after 0 usecs
[    6.229780] calling  acpi_event_init+0x0/0x2c @ 1
[    6.237001] initcall acpi_event_init+0x0/0x2c returned 0 after 14 usecs
[    6.247644] calling  pnp_system_init+0x0/0xc @ 1
[    6.255590] initcall pnp_system_init+0x0/0xc returned 0 after 63 usecs
[    6.265705] calling  pnpacpi_init+0x0/0x69 @ 1
[    6.272745] pnp: PnP ACPI init
[    6.277832] pnp 00:00: Plug and Play ACPI device, IDs PNP0303 (active)
[    6.287069] pnp 00:01: Plug and Play ACPI device, IDs PNP0f13 (active)
[    6.295646] pnp 00:02: Plug and Play ACPI device, IDs PNP0400 (active)
[    6.304715] pnp 00:03: Plug and Play ACPI device, IDs PNP0501 (active)
[    6.314914] pnp 00:04: Plug and Play ACPI device, IDs PNP0b00 (active)
[    6.323041] system 00:05: [mem 0xb0000000-0xbfffffff window] has been reserved
[    6.332389] system 00:05: Plug and Play ACPI device, IDs PNP0c01 (active)
[    6.343359] pnp: PnP ACPI: found 6 devices
[    6.349367] initcall pnpacpi_init+0x0/0x69 returned 0 after 74835 usecs
[    6.358685] calling  chr_dev_init+0x0/0x14d @ 1
[    6.450231] initcall chr_dev_init+0x0/0x14d returned 0 after 82637 usecs
[    6.458969] calling  firmware_class_init+0x0/0xe7 @ 1
[    6.465611] initcall firmware_class_init+0x0/0xe7 returned 0 after 37 usecs
[    6.474822] calling  init_pcmcia_bus+0x0/0x5b @ 1
[    6.480989] initcall init_pcmcia_bus+0x0/0x5b returned 0 after 14 usecs
[    6.491446] calling  init_acpi_pm_clocksource+0x0/0xda @ 1
[    6.506022] clocksource: acpi_pm: mask: 0xffffff max_cycles: 0xffffff, max_idle_ns: 2085701024 ns
[    6.518600] initcall init_acpi_pm_clocksource+0x0/0xda returned 0 after 17864 usecs
[    6.528158] calling  sysctl_core_init+0x0/0x26 @ 1
[    6.534245] initcall sysctl_core_init+0x0/0x26 returned 0 after 42 usecs
[    6.542992] calling  eth_offload_init+0x0/0x13 @ 1
[    6.549253] initcall eth_offload_init+0x0/0x13 returned 0 after 1 usecs
[    6.557940] calling  ipv4_offload_init+0x0/0x73 @ 1
[    6.564503] initcall ipv4_offload_init+0x0/0x73 returned 0 after 147 usecs
[    6.573463] calling  inet_init+0x0/0x276 @ 1
[    6.579639] NET: Registered protocol family 2
[    6.586677] IP idents hash table entries: 8192 (order: 4, 65536 bytes, linear)
[    6.598176] tcp_listen_portaddr_hash hash table entries: 256 (order: 0, 4096 bytes, linear)
[    6.608716] TCP established hash table entries: 4096 (order: 3, 32768 bytes, linear)
[    6.618619] TCP bind hash table entries: 4096 (order: 4, 65536 bytes, linear)
[    6.628243] TCP: Hash tables configured (established 4096 bind 4096)
[    6.637633] UDP hash table entries: 256 (order: 1, 8192 bytes, linear)
[    6.646210] UDP-Lite hash table entries: 256 (order: 1, 8192 bytes, linear)
[    6.655556] initcall inet_init+0x0/0x276 returned 0 after 74278 usecs
[    6.663876] calling  af_unix_init+0x0/0x4d @ 1
[    6.669734] NET: Registered protocol family 1
[    6.675659] initcall af_unix_init+0x0/0x4d returned 0 after 5786 usecs
[    6.684126] calling  ipv6_offload_init+0x0/0x7e @ 1
[    6.690608] initcall ipv6_offload_init+0x0/0x7e returned 0 after 19 usecs
[    6.699464] calling  init_sunrpc+0x0/0x65 @ 1
[    6.712703] RPC: Registered named UNIX socket transport module.
[    6.720532] RPC: Registered udp transport module.
[    6.726743] RPC: Registered tcp transport module.
[    6.732966] RPC: Registered tcp NFSv4.1 backchannel transport module.
[    6.741484] initcall init_sunrpc+0x0/0x65 returned 0 after 35249 usecs
[    6.750227] calling  cfg80211_init+0x0/0xc5 @ 1
[    6.758786] initcall cfg80211_init+0x0/0xc5 returned 0 after 2448 usecs
[    6.767956] calling  pcibios_assign_resources+0x0/0xbf @ 1
[    6.777200] pci_bus 0000:00: resource 4 [io  0x0000-0x0cf7 window]
[    6.787507] pci_bus 0000:00: resource 5 [io  0x0d00-0xffff window]
[    6.797754] pci_bus 0000:00: resource 6 [mem 0x000a0000-0x000bffff window]
[    6.806386] pci_bus 0000:00: resource 7 [mem 0x20000000-0xafffffff window]
[    6.814925] pci_bus 0000:00: resource 8 [mem 0xc0000000-0xfebfffff window]
[    6.823830] pci_bus 0000:00: resource 9 [mem 0x100000000-0x8ffffffff window]
[    6.832693] initcall pcibios_assign_resources+0x0/0xbf returned 0 after 54249 usecs
[    6.842362] calling  pci_apply_final_quirks+0x0/0x124 @ 1
[    6.849609] pci 0000:00:01.0: calling  pci_fixup_video+0x0/0xe0 @ 1
[    6.857765] pci 0000:00:01.0: Video device with shadowed ROM at [mem 0x000c0000-0x000dffff]
[    6.868092] pci 0000:00:01.0: pci_fixup_video+0x0/0xe0 took 10467 usecs
[    6.876716] PCI: CLS 0 bytes, default 64
[    6.888865] initcall pci_apply_final_quirks+0x0/0x124 returned 0 after 38036 usecs
[    6.898582] calling  acpi_reserve_resources+0x0/0xea @ 1
[    6.909717] initcall acpi_reserve_resources+0x0/0xea returned 0 after 2015 usecs
[    6.923920] calling  populate_rootfs+0x0/0x102 @ 1
[    6.936947] initcall populate_rootfs+0x0/0x102 returned 0 after 4866 usecs
[    6.946404] calling  pci_iommu_init+0x0/0x3e @ 1
[    6.953714] initcall pci_iommu_init+0x0/0x3e returned 0 after 15 usecs
[    6.963554] calling  ia32_binfmt_init+0x0/0x13 @ 1
[    6.970031] initcall ia32_binfmt_init+0x0/0x13 returned 0 after 203 usecs
[    6.978988] calling  rapl_pmu_init+0x0/0x267 @ 1
[    6.984864] initcall rapl_pmu_init+0x0/0x267 returned -19 after 41 usecs
[    6.993511] calling  amd_uncore_init+0x0/0x310 @ 1
[    6.999600] initcall amd_uncore_init+0x0/0x310 returned -19 after 0 usecs
[    7.008069] calling  amd_ibs_init+0x0/0x27b @ 1
[    7.013764] initcall amd_ibs_init+0x0/0x27b returned -19 after 0 usecs
[    7.021868] calling  amd_iommu_pc_init+0x0/0x215 @ 1
[    7.028549] initcall amd_iommu_pc_init+0x0/0x215 returned -19 after 35 usecs
[    7.037549] calling  msr_init+0x0/0x55 @ 1
[    7.044902] initcall msr_init+0x0/0x55 returned 0 after 1961 usecs
[    7.053028] calling  intel_uncore_init+0x0/0x36f @ 1
[    7.059537] initcall intel_uncore_init+0x0/0x36f returned -19 after 1 usecs
[    7.068658] calling  cstate_pmu_init+0x0/0x1a1 @ 1
[    7.074730] initcall cstate_pmu_init+0x0/0x1a1 returned -19 after 0 usecs
[    7.083527] calling  register_kernel_offset_dumper+0x0/0x1a @ 1
[    7.091245] initcall register_kernel_offset_dumper+0x0/0x1a returned 0 after 61 usecs
[    7.101385] calling  i8259A_init_ops+0x0/0x20 @ 1
[    7.107633] initcall i8259A_init_ops+0x0/0x20 returned 0 after 129 usecs
[    7.116283] calling  init_tsc_clocksource+0x0/0xa4 @ 1
[    7.123103] clocksource: tsc: mask: 0xffffffffffffffff max_cycles: 0x39a85afc727, max_idle_ns: 881590685098 ns
[    7.136093] initcall init_tsc_clocksource+0x0/0xa4 returned 0 after 12770 usecs
[    7.145735] calling  add_rtc_cmos+0x0/0xb0 @ 1
[    7.151631] initcall add_rtc_cmos+0x0/0xb0 returned 0 after 116 usecs
[    7.159919] calling  i8237A_init_ops+0x0/0x3a @ 1
[    7.166500] initcall i8237A_init_ops+0x0/0x3a returned 0 after 106 usecs
[    7.175599] calling  umwait_init+0x0/0x94 @ 1
[    7.181812] initcall umwait_init+0x0/0x94 returned -19 after 0 usecs
[    7.191072] calling  thermal_throttle_init_device+0x0/0x3d @ 1
[    7.199529] initcall thermal_throttle_init_device+0x0/0x3d returned 0 after 33 usecs
[    7.210152] calling  msr_init+0x0/0xd7 @ 1
[    7.253627] initcall msr_init+0x0/0xd7 returned 0 after 36865 usecs
[    7.262850] calling  cpuid_init+0x0/0xd7 @ 1
[    7.288012] initcall cpuid_init+0x0/0xd7 returned 0 after 18367 usecs
[    7.297990] calling  ioapic_init_ops+0x0/0x13 @ 1
[    7.305011] initcall ioapic_init_ops+0x0/0x13 returned 0 after 1 usecs
[    7.313911] calling  add_pcspkr+0x0/0x6c @ 1
[    7.320060] initcall add_pcspkr+0x0/0x6c returned 0 after 283 usecs
[    7.329083] calling  start_periodic_check_for_corruption+0x0/0x30 @ 1
[    7.338260] check: Scanning for low memory corruption every 60 seconds
[    7.347369] initcall start_periodic_check_for_corruption+0x0/0x30 returned 0 after 8946 usecs
[    7.360203] calling  sysfb_init+0x0/0x9c @ 1
[    7.366330] initcall sysfb_init+0x0/0x9c returned 0 after 149 usecs
[    7.375201] calling  audit_classes_init+0x0/0xae @ 1
[    7.383362] initcall audit_classes_init+0x0/0xae returned 0 after 21 usecs
[    7.394267] calling  iosf_mbi_init+0x0/0x24 @ 1
[    7.401384] initcall iosf_mbi_init+0x0/0x24 returned 0 after 599 usecs
[    7.410885] calling  proc_execdomains_init+0x0/0x21 @ 1
[    7.418491] initcall proc_execdomains_init+0x0/0x21 returned 0 after 113 usecs
[    7.427979] calling  register_warn_debugfs+0x0/0x23 @ 1
[    7.435038] initcall register_warn_debugfs+0x0/0x23 returned 0 after 157 usecs
[    7.445934] calling  cpuhp_sysfs_init+0x0/0x79 @ 1
[    7.453320] initcall cpuhp_sysfs_init+0x0/0x79 returned 0 after 1086 usecs
[    7.462525] calling  ioresources_init+0x0/0x49 @ 1
[    7.468854] initcall ioresources_init+0x0/0x49 returned 0 after 20 usecs
[    7.477541] calling  snapshot_device_init+0x0/0xc @ 1
[    7.485571] initcall snapshot_device_init+0x0/0xc returned 0 after 1232 usecs
[    7.495081] calling  irq_pm_init_ops+0x0/0x13 @ 1
[    7.501367] initcall irq_pm_init_ops+0x0/0x13 returned 0 after 15 usecs
[    7.510472] calling  rcu_torture_init+0x0/0x9a6 @ 1
[    7.519198] rcu-torture:--- Start of test: nreaders=7 nfakewriters=4 stat_interval=15 verbose=1 test_no_idle_hz=1 shuffle_interval=3 stutter=5 irqreader=1 fqs_duration=0 fqs_holdoff=0 fqs_stutter=3 test_boost=1/0 test_boost_interval=7 test_boost_duration=4 shutdown_secs=1800 stall_cpu=0 stall_cpu_holdoff=10 stall_cpu_irqsoff=0 stall_cpu_block=0 n_barrier_cbs=4 onoff_interval=1000 onoff_holdoff=30 read_exit_delay=13 read_exit_burst=16
[    7.584775] rcu:  Start-test grace-period state: g-1044 f0x0
[    7.595446] rcu-torture: Creating rcu_torture_writer task
[    7.607304] rcu-torture: Creating rcu_torture_fakewriter task
[    7.608166] rcu-torture: rcu_torture_writer task started
[    7.619551] rcu-torture: Creating rcu_torture_fakewriter task
[    7.620067] rcu-torture: rcu_torture_fakewriter task started
[    7.626484] rcu-torture: GP expediting controlled from boot/sysfs for rcu.
[    7.626486] rcu_torture_writer: Testing conditional GPs.
[    7.626487] rcu_torture_writer: Testing expedited GPs.
[    7.626488] rcu_torture_writer: Testing asynchronous GPs.
[    7.626489] rcu_torture_writer: Testing normal GPs.
[    7.690612] rcu-torture: Creating rcu_torture_fakewriter task
[    7.691057] rcu-torture: rcu_torture_fakewriter task started
[    7.700328] rcu-torture: Creating rcu_torture_fakewriter task
[    7.700688] rcu-torture: rcu_torture_fakewriter task started
[    7.724469] rcu-torture: Creating rcu_torture_reader task
[    7.725158] rcu-torture: rcu_torture_fakewriter task started
[    7.734482] rcu-torture: Creating rcu_torture_reader task
[    7.735042] rcu-torture: rcu_torture_reader task started
[    7.756604] rcu-torture: Creating rcu_torture_reader task
[    7.756914] rcu-torture: rcu_torture_reader task started
[    7.766232] rcu-torture: Creating rcu_torture_reader task
[    7.766624] rcu-torture: rcu_torture_reader task started
[    7.789488] rcu-torture: Creating rcu_torture_reader task
[    7.790229] rcu-torture: rcu_torture_reader task started
[    7.799783] rcu-torture: Creating rcu_torture_reader task
[    7.800076] rcu-torture: rcu_torture_reader task started
[    7.827445] rcu-torture: Creating rcu_torture_reader task
[    7.827466] rcu-torture: rcu_torture_reader task started
[    7.836944] rcu-torture: Creating rcu_torture_stats task
[    7.837259] rcu-torture: rcu_torture_reader task started
[    7.861069] rcu-torture: Creating torture_shuffle task
[    7.870033] rcu-torture: rcu_torture_stats task started
[    7.880632] rcu-torture: Creating torture_stutter task
[    7.880669] rcu-torture: torture_shuffle task started
[    7.897493] rcu-torture: Creating torture_shutdown task
[    7.897509] rcu-torture: torture_stutter task started
[    7.907114] rcu-torture: Creating torture_onoff task
[    7.913153] rcu-torture: torture_shutdown task started
[    7.913155] rcu-torture:torture_shutdown task: 1799984 ms remaining
[    7.946240] rcu-torture: torture_onoff task started
[    7.946445] rcu-torture: Creating rcu_torture_barrier_cbs task
[    7.965253] rcu-torture: Creating rcu_torture_barrier_cbs task
[    7.965291] rcu-torture: rcu_torture_barrier_cbs task started
[    7.975307] rcu-torture: Creating rcu_torture_barrier_cbs task
[    7.975330] rcu-torture: rcu_torture_barrier_cbs task started
[    8.002462] rcu-torture: Creating rcu_torture_barrier_cbs task
[    8.003159] rcu-torture: rcu_torture_barrier_cbs task started
[    8.009283]   #8
[    8.015499] rcu-torture: Creating rcu_torture_barrier task
[    8.015512] rcu-torture: rcu_torture_barrier_cbs task started
[    1.271650] kvm-clock: cpu 8, msr 1ae72201, secondary cpu clock
[    8.027628] rcu-torture: Creating rcu_torture_read_exit task
[    8.028263] rcu-torture: rcu_torture_barrier task starting
[    8.076752] initcall rcu_torture_init+0x0/0x9a6 returned 0 after 544628 usecs
[    8.077194] rcu-torture: rcu_torture_read_exit: Start of test
[    8.079277] kvm-guest: stealtime: cpu 8, msr 1ec1b600
[    8.089505] calling  timekeeping_init_ops+0x0/0x13 @ 1
[    8.116554] initcall timekeeping_init_ops+0x0/0x13 returned 0 after 252 usecs
[    8.129112] calling  init_clocksource_sysfs+0x0/0x23 @ 1
[    8.132186]   #9
[    8.138730] initcall init_clocksource_sysfs+0x0/0x23 returned 0 after 205 usecs
[    8.138734] calling  init_timer_list_procfs+0x0/0x31 @ 1
[    8.138777] initcall init_timer_list_procfs+0x0/0x31 returned 0 after 40 usecs
[    8.138779] calling  alarmtimer_init+0x0/0xc7 @ 1
[    8.139284] initcall alarmtimer_init+0x0/0xc7 returned 0 after 489 usecs
[    1.271650] kvm-clock: cpu 9, msr 1ae72241, secondary cpu clock
[    8.164393] calling  init_posix_timers+0x0/0x29 @ 1
[    8.220198] kvm-guest: stealtime: cpu 9, msr 1ec5b600
[    8.236346] initcall init_posix_timers+0x0/0x29 returned 0 after 21528 usecs
[    8.249142] calling  clockevents_init_sysfs+0x0/0xbf @ 1
[    8.261612] initcall clockevents_init_sysfs+0x0/0xbf returned 0 after 2950 usecs
[    8.272644]  #10
[    8.274924] calling  proc_dma_init+0x0/0x21 @ 1
[    8.287444] initcall proc_dma_init+0x0/0x21 returned 0 after 230 usecs
[    1.271650] kvm-clock: cpu 10, msr 1ae72281, secondary cpu clock
[    8.299861] calling  proc_modules_init+0x0/0x1e @ 1
[    8.319467] initcall proc_modules_init+0x0/0x1e returned 0 after 1149 usecs
[    8.322381] kvm-guest: stealtime: cpu 10, msr 1ec9b600
[    8.330918] calling  kallsyms_init+0x0/0x21 @ 1
[    8.346629] initcall kallsyms_init+0x0/0x21 returned 0 after 5 usecs
[    8.356391] calling  pid_namespaces_init+0x0/0x2c @ 1
[    8.378413]  #11
[    1.271650] kvm-clock: cpu 11, msr 1ae722c1, secondary cpu clock
[    8.412499] kvm-guest: stealtime: cpu 11, msr 1ecdb600
[    8.435064] initcall pid_namespaces_init+0x0/0x2c returned 0 after 67907 usecs
[    8.446231] calling  audit_watch_init+0x0/0x37 @ 1
[    8.454055] initcall audit_watch_init+0x0/0x37 returned 0 after 2 usecs
[    8.463154]  #12
[    8.464292] calling  audit_fsnotify_init+0x0/0x37 @ 1
[    8.464295] initcall audit_fsnotify_init+0x0/0x37 returned 0 after 1 usecs
[    8.464299] calling  audit_tree_init+0x0/0x6d @ 1
[    1.271650] kvm-clock: cpu 12, msr 1ae72301, secondary cpu clock
[    8.509476] kvm-guest: stealtime: cpu 12, msr 1ed1b600
[    8.544225] initcall audit_tree_init+0x0/0x6d returned 0 after 57067 usecs
[    8.554721] calling  seccomp_sysctl_init+0x0/0x2b @ 1
[    8.562521] initcall seccomp_sysctl_init+0x0/0x2b returned 0 after 87 usecs
[    8.573309] calling  utsname_sysctl_init+0x0/0x13 @ 1
[    8.581265] initcall utsname_sysctl_init+0x0/0x13 returned 0 after 300 usecs
[    8.582968]  #13
[    8.591608] calling  init_tracepoints+0x0/0x27 @ 1
[    8.603503] initcall init_tracepoints+0x0/0x27 returned 0 after 1155 usecs
[    1.271650] kvm-clock: cpu 13, msr 1ae72341, secondary cpu clock
[    8.614154] calling  init_blk_tracer+0x0/0x50 @ 1
[    8.634449] initcall init_blk_tracer+0x0/0x50 returned 0 after 2889 usecs
[    8.637511] kvm-guest: stealtime: cpu 13, msr 1ed5b600
[    8.644746] calling  perf_event_sysfs_init+0x0/0x81 @ 1
[    8.663356] initcall perf_event_sysfs_init+0x0/0x81 returned 0 after 1674 usecs
[    8.675347] calling  system_trusted_keyring_init+0x0/0x60 @ 1
[    8.684319] Initialise system trusted keyrings
[    8.691622] initcall system_trusted_keyring_init+0x0/0x60 returned 0 after 7127 usecs
[    8.696361]  #14
[    8.703251] calling  kswapd_init+0x0/0x5f @ 1
[    8.720205] initcall kswapd_init+0x0/0x5f returned 0 after 6310 usecs
[    1.271650] kvm-clock: cpu 14, msr 1ae72381, secondary cpu clock
[    8.729980] calling  extfrag_debug_init+0x0/0x54 @ 1
[    8.749438] initcall extfrag_debug_init+0x0/0x54 returned 0 after 2217 usecs
[    8.752347] kvm-guest: stealtime: cpu 14, msr 1ed9b600
[    8.761617] calling  mm_compute_batch_init+0x0/0x12 @ 1
[    8.777456] initcall mm_compute_batch_init+0x0/0x12 returned 0 after 54 usecs
[    8.789574] calling  slab_proc_init+0x0/0x21 @ 1
[    8.797713] initcall slab_proc_init+0x0/0x21 returned 0 after 99 usecs
[    8.808079] calling  workingset_init+0x0/0x8c @ 1
[    8.808844]  #15
[    8.815466] workingset: timestamp_bits=52 max_order=17 bucket_order=0
[    8.815689] initcall workingset_init+0x0/0x8c returned 0 after 282 usecs
[    1.271650] kvm-clock: cpu 15, msr 1ae723c1, secondary cpu clock
[    8.840847] calling  proc_vmalloc_init+0x0/0x32 @ 1
[    8.859545] initcall proc_vmalloc_init+0x0/0x32 returned 0 after 1056 usecs
[    8.864226] kvm-guest: stealtime: cpu 15, msr 1eddb600
[    8.870609] calling  procswaps_init+0x0/0x1e @ 1
[    8.885200] initcall procswaps_init+0x0/0x1e returned 0 after 26 usecs
[    8.895019] calling  slab_sysfs_init+0x0/0xea @ 1
[    8.910105] initcall slab_sysfs_init+0x0/0xea returned 0 after 7673 usecs
[    8.920486]  #16
[    8.920637] calling  fcntl_init+0x0/0x29 @ 1
[    1.271650] kvm-clock: cpu 16, msr 1ae72401, secondary cpu clock
[    8.954444] kvm-guest: stealtime: cpu 16, msr 1ee1b600
[    8.978626] initcall fcntl_init+0x0/0x29 returned 0 after 47129 usecs
[    8.996539] calling  proc_filesystems_init+0x0/0x21 @ 1
[    9.004884] initcall proc_filesystems_init+0x0/0x21 returned 0 after 6 usecs
[    9.016598] calling  start_dirtytime_writeback+0x0/0x29 @ 1
[    9.019312]  #17
[    9.025394] initcall start_dirtytime_writeback+0x0/0x29 returned 0 after 2 usecs
[    9.039292] calling  blkdev_init+0x0/0x1b @ 1
[    1.271650] kvm-clock: cpu 17, msr 1ae72441, secondary cpu clock
[    9.065692] kvm-guest: stealtime: cpu 17, msr 1ee5b600
[    9.091348] initcall blkdev_init+0x0/0x1b returned 0 after 43778 usecs
[    9.101514] calling  dio_init+0x0/0x2c @ 1
[    9.120171]  #18
[    1.271650] kvm-clock: cpu 18, msr 1ae72481, secondary cpu clock
[    9.158809] kvm-guest: stealtime: cpu 18, msr 1ee9b600
[    9.199208] initcall dio_init+0x0/0x2c returned 0 after 89042 usecs
[    9.209877] calling  dnotify_init+0x0/0x78 @ 1
[    9.254692]  #19
[    1.271650] kvm-clock: cpu 19, msr 1ae724c1, secondary cpu clock
[    9.296939] kvm-guest: stealtime: cpu 19, msr 1eedb600
[    9.325166] initcall dnotify_init+0x0/0x78 returned 0 after 105192 usecs
[    9.337568] calling  aio_setup+0x0/0x78 @ 1
[    9.346380] initcall aio_setup+0x0/0x78 returned 0 after 724 usecs
[    9.358029] calling  io_uring_init+0x0/0x2c @ 1
[    9.396172]  #20
[    1.271650] kvm-clock: cpu 20, msr 1ae72501, secondary cpu clock
[    9.446899] kvm-guest: stealtime: cpu 20, msr 1ef1b600
[    9.479365] initcall io_uring_init+0x0/0x2c returned 0 after 110203 usecs
[    9.489507] calling  mbcache_init+0x0/0x30 @ 1
[    9.497520] initcall mbcache_init+0x0/0x30 returned 0 after 794 usecs
[    9.507386] calling  init_grace+0x0/0xc @ 1
[    9.515347] initcall init_grace+0x0/0xc returned 0 after 390 usecs
[    9.525674] calling  init_v2_quota_format+0x0/0x21 @ 1
[    9.534502] initcall init_v2_quota_format+0x0/0x21 returned 0 after 644 usecs
[    9.545966] calling  init_devpts_fs+0x0/0x27 @ 1
[    9.551245]  #21
[    9.554485] initcall init_devpts_fs+0x0/0x27 returned 0 after 346 usecs
[    1.271650] kvm-clock: cpu 21, msr 1ae72541, secondary cpu clock
[    9.569228] calling  ext4_init_fs+0x0/0x1d0 @ 1
[    9.595206] kvm-guest: stealtime: cpu 21, msr 1ef5b600
[    9.625520] initcall ext4_init_fs+0x0/0x1d0 returned 0 after 36095 usecs
[    9.638688] calling  journal_init+0x0/0x11c @ 1
[    9.668979]  #22
[    1.271650] kvm-clock: cpu 22, msr 1ae72581, secondary cpu clock
[    9.713560] kvm-guest: stealtime: cpu 22, msr 1ef9b600
[    9.745433] initcall journal_init+0x0/0x11c returned 0 after 96763 usecs
[    9.757540] calling  init_fat_fs+0x0/0x49 @ 1
[    9.764780] initcall init_fat_fs+0x0/0x49 returned 0 after 232 usecs
[    9.775130] calling  init_vfat_fs+0x0/0xc @ 1
[    9.784124] initcall init_vfat_fs+0x0/0xc returned 0 after 1141 usecs
[    9.793890] calling  init_msdos_fs+0x0/0xc @ 1
[    9.801337] initcall init_msdos_fs+0x0/0xc returned 0 after 3 usecs
[    9.811362] calling  init_iso9660_fs+0x0/0x6c @ 1
[    9.821754]  #23
[    1.271650] kvm-clock: cpu 23, msr 1ae725c1, secondary cpu clock
[    9.867473] kvm-guest: stealtime: cpu 23, msr 1efdb600
[    9.896172] initcall init_iso9660_fs+0x0/0x6c returned 0 after 75496 usecs
[    9.909652] calling  init_nfs_fs+0x0/0x13a @ 1
[    9.933229]  #24
[    1.271650] kvm-clock: cpu 24, msr 1ae72601, secondary cpu clock
[    9.972385] kvm-guest: stealtime: cpu 24, msr 1f01b600
[   10.000512] initcall init_nfs_fs+0x0/0x13a returned 0 after 81000 usecs
[   10.010912] calling  init_nfs_v2+0x0/0x13 @ 1
[   10.018514] initcall init_nfs_v2+0x0/0x13 returned 0 after 114 usecs
[   10.028169] calling  init_nfs_v3+0x0/0x13 @ 1
[   10.034966] initcall init_nfs_v3+0x0/0x13 returned 0 after 2 usecs
[   10.044289] calling  init_nfs_v4+0x0/0x32 @ 1
[   10.051040] NFS: Registering the id_resolver key type
[   10.059437] Key type id_resolver registered
[   10.064509]  #25
[   10.066328] Key type id_legacy registered
[   10.076565] initcall init_nfs_v4+0x0/0x32 returned 0 after 24975 usecs
[    1.271650] kvm-clock: cpu 25, msr 1ae72641, secondary cpu clock
[   10.087225] calling  init_nlm+0x0/0x5b @ 1
[   10.106269] initcall init_nlm+0x0/0x5b returned 0 after 1459 usecs
[   10.110666] kvm-guest: stealtime: cpu 25, msr 1f05b600
[   10.115400] calling  init_nls_cp437+0x0/0xe @ 1
[   10.131049] initcall init_nls_cp437+0x0/0xe returned 0 after 79 usecs
[   10.141113] calling  init_nls_ascii+0x0/0xe @ 1
[   10.150129] initcall init_nls_ascii+0x0/0xe returned 0 after 1522 usecs
[   10.159152] calling  init_nls_iso8859_1+0x0/0xe @ 1
[   10.166009] initcall init_nls_iso8859_1+0x0/0xe returned 0 after 1 usecs
[   10.175943] calling  init_nls_utf8+0x0/0x21 @ 1
[   10.182929] initcall init_nls_utf8+0x0/0x21 returned 0 after 1 usecs
[   10.192533] calling  init_autofs_fs+0x0/0x25 @ 1
[   10.204567] initcall init_autofs_fs+0x0/0x25 returned 0 after 4486 usecs
[   10.206424]  #26
[   10.215069] calling  ipc_init+0x0/0x24 @ 1
[   10.225025] initcall ipc_init+0x0/0x24 returned 0 after 466 usecs
[   10.234852] calling  ipc_sysctl_init+0x0/0x13 @ 1
[    1.271650] kvm-clock: cpu 26, msr 1ae72681, secondary cpu clock
[   10.242761] initcall ipc_sysctl_init+0x0/0x13 returned 0 after 220 usecs
[   10.268036] calling  init_mqueue_fs+0x0/0x9a @ 1
[   10.273888] kvm-guest: stealtime: cpu 26, msr 1f09b600
[   10.299812] initcall init_mqueue_fs+0x0/0x9a returned 0 after 23805 usecs
[   10.311590] calling  key_proc_init+0x0/0x63 @ 1
[   10.319620] initcall key_proc_init+0x0/0x63 returned 0 after 364 usecs
[   10.331040] calling  selinux_nf_ip_init+0x0/0x2e @ 1
[   10.339345] initcall selinux_nf_ip_init+0x0/0x2e returned 0 after 1 usecs
[   10.349967] calling  init_sel_fs+0x0/0x116 @ 1
[   10.357524] initcall init_sel_fs+0x0/0x116 returned 0 after 1 usecs
[   10.358315]  #27
[   10.367672] calling  selnl_init+0x0/0x7c @ 1
[   10.368606] initcall selnl_init+0x0/0x7c returned 0 after 905 usecs
[    1.271650] kvm-clock: cpu 27, msr 1ae726c1, secondary cpu clock
[   10.388668] calling  sel_netif_init+0x0/0x36 @ 1
[   10.408530] initcall sel_netif_init+0x0/0x36 returned 0 after 1551 usecs
[   10.412843] kvm-guest: stealtime: cpu 27, msr 1f0db600
[   10.417744] calling  sel_netnode_init+0x0/0x33 @ 1
[   10.432098] initcall sel_netnode_init+0x0/0x33 returned 0 after 1 usecs
[   10.442182] calling  sel_netport_init+0x0/0x33 @ 1
[   10.450000] initcall sel_netport_init+0x0/0x33 returned 0 after 2 usecs
[   10.462021] calling  aurule_init+0x0/0x2a @ 1
[   10.469575] initcall aurule_init+0x0/0x2a returned 0 after 1 usecs
[   10.476527]  #28
[   10.479590] calling  crypto_algapi_init+0x0/0xc @ 1
[   10.490134] initcall crypto_algapi_init+0x0/0xc returned 0 after 7 usecs
[    1.271650] kvm-clock: cpu 28, msr 1ae72701, secondary cpu clock
[   10.500990] calling  jent_mod_init+0x0/0x2d @ 1
[   10.523409] kvm-guest: stealtime: cpu 28, msr 1f11b600
[   10.536187] initcall jent_mod_init+0x0/0x2d returned 0 after 17672 usecs
[   10.546923] calling  asymmetric_key_init+0x0/0xc @ 1
[   10.555181] Key type asymmetric registered
[   10.562027] initcall asymmetric_key_init+0x0/0xc returned 0 after 6688 usecs
[   10.573332] calling  x509_key_init+0x0/0xc @ 1
[   10.580588] Asymmetric key parser 'x509' registered
[   10.588372] initcall x509_key_init+0x0/0xc returned 0 after 7684 usecs
[   10.589162]  #29
[   10.598746] calling  proc_genhd_init+0x0/0x41 @ 1
[   10.609469] initcall proc_genhd_init+0x0/0x41 returned 0 after 8 usecs
[    1.271650] kvm-clock: cpu 29, msr 1ae72741, secondary cpu clock
[   10.619149] calling  bsg_init+0x0/0x113 @ 1
[   10.640756] Block layer SCSI generic (bsg) driver version 0.4 loaded (major 251)
[   10.644989] kvm-guest: stealtime: cpu 29, msr 1f15b600
[   10.652449] initcall bsg_init+0x0/0x113 returned 0 after 15387 usecs
[   10.671008] calling  deadline_init+0x0/0xc @ 1
[   10.678541] io scheduler mq-deadline registered
[   10.685774] initcall deadline_init+0x0/0xc returned 0 after 7188 usecs
[   10.696329] calling  kyber_init+0x0/0xc @ 1
[   10.702300]  #30
[   10.703201] io scheduler kyber registered
[   10.714279] initcall kyber_init+0x0/0xc returned 0 after 10900 usecs
[    1.271650] kvm-clock: cpu 30, msr 1ae72781, secondary cpu clock
[   10.724241] calling  mod_init+0x0/0x7 @ 1
[   10.741484] initcall mod_init+0x0/0x7 returned 0 after 1 usecs
[   10.750311] calling  percpu_counter_startup+0x0/0x55 @ 1
[   10.776805] kvm-guest: stealtime: cpu 30, msr 1f19b600
[   10.952438]  #31
[    1.271650] kvm-clock: cpu 31, msr 1ae727c1, secondary cpu clock
[   11.022670] kvm-guest: stealtime: cpu 31, msr 1f1db600
[   11.053142] initcall percpu_counter_startup+0x0/0x55 returned 0 after 287566 usecs
[   11.065221] calling  sg_pool_init+0x0/0xb4 @ 1
[   11.091036]  #32
[    1.271650] kvm-clock: cpu 32, msr 1ae72801, secondary cpu clock
[   11.211371] kvm-guest: stealtime: cpu 32, msr 1f21b600
[   11.249801] initcall sg_pool_init+0x0/0xb4 returned 0 after 173295 usecs
[   11.261345] calling  pcie_portdrv_init+0x0/0x39 @ 1
[   11.271074] initcall pcie_portdrv_init+0x0/0x39 returned 0 after 1154 usecs
[   11.282638] calling  pci_proc_init+0x0/0x68 @ 1
[   11.290415] initcall pci_proc_init+0x0/0x68 returned 0 after 104 usecs
[   11.298754]  #33
[   11.301309] calling  pci_hotplug_init+0x0/0x7 @ 1
[   11.301315] initcall pci_hotplug_init+0x0/0x7 returned 0 after 0 usecs
[    1.271650] kvm-clock: cpu 33, msr 1ae72841, secondary cpu clock
[   11.323667] calling  efifb_driver_init+0x0/0xe @ 1
[   11.343179] initcall efifb_driver_init+0x0/0xe returned 0 after 973 usecs
[   11.368597] calling  ged_driver_init+0x0/0xe @ 1
[   11.375179] kvm-guest: stealtime: cpu 33, msr 1f25b600
[   11.376705] initcall ged_driver_init+0x0/0xe returned 0 after 329 usecs
[   11.396367] calling  acpi_ac_init+0x0/0x92 @ 1
[   11.405788] initcall acpi_ac_init+0x0/0x92 returned 0 after 1840 usecs
[   11.417293] calling  acpi_button_driver_init+0x0/0x52 @ 1
[   11.419183]  #34
[   11.427336] input: Power Button as /devices/LNXSYSTM:00/LNXPWRBN:00/input/input0
[    1.271650] kvm-clock: cpu 34, msr 1ae72881, secondary cpu clock
[   11.446900] ACPI: Power Button [PWRF]
[   11.463670] initcall acpi_button_driver_init+0x0/0x52 returned 0 after 36629 usecs
[   11.512612] calling  acpi_fan_driver_init+0x0/0xe @ 1
[   11.516652] kvm-guest: stealtime: cpu 34, msr 1f29b600
[   11.520055] initcall acpi_fan_driver_init+0x0/0xe returned 0 after 80 usecs
[   11.538852] calling  acpi_video_init+0x0/0xcb @ 1
[   11.546374] initcall acpi_video_init+0x0/0xcb returned 0 after 91 usecs
[   11.556782] calling  acpi_processor_driver_init+0x0/0xad @ 1
[   11.566081]  #35
[    1.271650] kvm-clock: cpu 35, msr 1ae728c1, secondary cpu clock
[   11.646245] kvm-guest: stealtime: cpu 35, msr 1f2db600
[   11.705245]  #36
[    1.271650] kvm-clock: cpu 36, msr 1ae72901, secondary cpu clock
[   11.798252] kvm-guest: stealtime: cpu 36, msr 1f31b600
[   11.832531] torture_onoff-torture:rcu: Initial online 37: errno -16
[   11.838191] initcall acpi_processor_driver_init+0x0/0xad returned 0 after 266459 usecs
[   11.855644] calling  acpi_thermal_init+0x0/0x71 @ 1
[   11.865274] initcall acpi_thermal_init+0x0/0x71 returned 0 after 1892 usecs
[   11.876181] calling  acpi_battery_init+0x0/0x32 @ 1
[   11.879140]  #38
[   11.884604] initcall acpi_battery_init+0x0/0x32 returned 0 after 211 usecs
[   11.899783] calling  bgrt_init+0x0/0xb6 @ 1
[    1.271650] kvm-clock: cpu 38, msr 1ae72981, secondary cpu clock
[   11.906887] initcall bgrt_init+0x0/0xb6 returned -19 after 1 usecs
[   11.940437] calling  gpio_clk_driver_init+0x0/0xe @ 1
[   11.945519] kvm-guest: stealtime: cpu 38, msr 1f39b600
[   11.947400] initcall gpio_clk_driver_init+0x0/0xe returned 0 after 42 usecs
[   11.967369] calling  plt_clk_driver_init+0x0/0xe @ 1
[   11.975772] initcall plt_clk_driver_init+0x0/0xe returned 0 after 24 usecs
[   11.985603]  #39
[   11.987036] calling  virtio_pci_driver_init+0x0/0x15 @ 1
[   11.999172] initcall virtio_pci_driver_init+0x0/0x15 returned 0 after 218 usecs
[    1.271650] kvm-clock: cpu 39, msr 1ae729c1, secondary cpu clock
[   12.011063] calling  n_null_init+0x0/0x1e @ 1
[   12.027332] initcall n_null_init+0x0/0x1e returned 0 after 103 usecs
[   12.038210] calling  pty_init+0x0/0x1e8 @ 1
[   12.050966] initcall pty_init+0x0/0x1e8 returned 0 after 4578 usecs
[   12.144380] calling  sysrq_init+0x0/0x62 @ 1
[   12.150481] initcall sysrq_init+0x0/0x62 returned 0 after 62 usecs
[   12.159001] calling  serial8250_init+0x0/0x17e @ 1
[   12.162499] kvm-guest: stealtime: cpu 39, msr 1f3db600
[   12.165859] Serial: 8250/16550 driver, 4 ports, IRQ sharing enabled
[   12.183225] 00:03: ttyS0 at I/O 0x3f8 (irq = 4, base_baud = 115200) is a 16550A
[   12.199000] initcall serial8250_init+0x0/0x17e returned 0 after 32425 usecs
[   12.209081] calling  serial_pci_driver_init+0x0/0x15 @ 1
[   12.217573] initcall serial_pci_driver_init+0x0/0x15 returned 0 after 150 usecs
[   12.225387]  #40
[   12.228970] calling  exar_pci_driver_init+0x0/0x15 @ 1
[   12.240365] initcall exar_pci_driver_init+0x0/0x15 returned 0 after 53 usecs
[    1.271650] kvm-clock: cpu 40, msr 1ae72a01, secondary cpu clock
[   12.251910] calling  lpss8250_pci_driver_init+0x0/0x15 @ 1
[   12.270117] initcall lpss8250_pci_driver_init+0x0/0x15 returned 0 after 30 usecs
[   12.292128] calling  mid8250_pci_driver_init+0x0/0x15 @ 1
[   12.300599] initcall mid8250_pci_driver_init+0x0/0x15 returned 0 after 29 usecs
[   12.364425] calling  virtio_console_init+0x0/0xff @ 1
[   12.370429] kvm-guest: stealtime: cpu 40, msr 1f41b600
[   12.372520] initcall virtio_console_init+0x0/0xff returned 0 after 201 usecs
[   12.391230] calling  hpet_init+0x0/0x64 @ 1
[   12.400246] initcall hpet_init+0x0/0x64 returned 0 after 2140 usecs
[   12.407922]  #41
[   12.410110] calling  nvram_module_init+0x0/0x83 @ 1
[   12.422641] Non-volatile memory driver v1.3
[    1.271650] kvm-clock: cpu 41, msr 1ae72a41, secondary cpu clock
[   12.429283] initcall nvram_module_init+0x0/0x83 returned 0 after 8292 usecs
[   12.496381] calling  hwrng_modinit+0x0/0x8a @ 1
[   12.504761] initcall hwrng_modinit+0x0/0x8a returned 0 after 1298 usecs
[   12.514824] calling  mod_init+0x0/0x48 @ 1
[   12.515157] kvm-guest: stealtime: cpu 41, msr 1f45b600
[   12.521088] initcall mod_init+0x0/0x48 returned -19 after 0 usecs
[   12.543085] calling  agp_init+0x0/0x23 @ 1
[   12.549332] Linux agpgart interface v0.103
[   12.555583] initcall agp_init+0x0/0x23 returned 0 after 6102 usecs
[   12.565089] calling  agp_amd64_mod_init+0x0/0x5 @ 1
[   12.572739] initcall agp_amd64_mod_init+0x0/0x5 returned -19 after 118 usecs
[   12.573934]  #42
[   12.583206] calling  agp_intel_init+0x0/0x28 @ 1
[    1.271650] kvm-clock: cpu 42, msr 1ae72a81, secondary cpu clock
[   12.706782] kvm-guest: stealtime: cpu 42, msr 1f49b600
[   12.736592] rcu-torture: torture_onoff begin holdoff
[   12.737320] initcall agp_intel_init+0x0/0x28 returned 0 after 140783 usecs
[   12.752746] calling  drm_kms_helper_init+0x0/0x7 @ 1
[   12.759828] initcall drm_kms_helper_init+0x0/0x7 returned 0 after 0 usecs
[   12.769416] calling  drm_core_init+0x0/0xa4 @ 1
[   12.776294] initcall drm_core_init+0x0/0xa4 returned 0 after 383 usecs
[   12.785586] calling  i915_init+0x0/0x6b @ 1
[   12.792293] initcall i915_init+0x0/0x6b returned 0 after 646 usecs
[   12.801033] calling  cn_proc_init+0x0/0x35 @ 1
[   12.807388] initcall cn_proc_init+0x0/0x35 returned 0 after 2 usecs
[   12.816292] calling  topology_sysfs_init+0x0/0x27 @ 1
[   12.823991] initcall topology_sysfs_init+0x0/0x27 returned 0 after 549 usecs
[   12.833874] calling  cacheinfo_sysfs_init+0x0/0x27 @ 1
[   12.884639] initcall cacheinfo_sysfs_init+0x0/0x27 returned 0 after 42079 usecs
[   12.895695] calling  loop_init+0x0/0x168 @ 1
[   12.959990] loop: module loaded
[   12.964984] initcall loop_init+0x0/0x168 returned 0 after 61241 usecs
[   12.974709] calling  mac_hid_init+0x0/0x21 @ 1
[   12.981525] initcall mac_hid_init+0x0/0x21 returned 0 after 9 usecs
[   12.990978] calling  spi_transport_init+0x0/0x74 @ 1
[   12.996979] rcu_torture_rea (396) used greatest stack depth: 14944 bytes left
[   12.997924] initcall spi_transport_init+0x0/0x74 returned 0 after 152 usecs
[   13.016581] calling  init_sd+0x0/0x18c @ 1
[   13.023284] initcall init_sd+0x0/0x18c returned 0 after 906 usecs
[   13.034628] calling  init_sr+0x0/0x43 @ 1
[   13.038200] rcu-torture: rcu_torture_read_exit: End of episode
[   13.041113] initcall init_sr+0x0/0x43 returned 0 after 31 usecs
[   13.058385] calling  init_sg+0x0/0x1c0 @ 1
[   13.065677] initcall init_sg+0x0/0x1c0 returned 0 after 411 usecs
[   13.073720] calling  ahci_pci_driver_init+0x0/0x15 @ 1
[   13.081024] ahci 0000:00:1f.2: version 3.0
[   13.088236] PCI Interrupt Link [GSIA] enabled at IRQ 16
[   13.106233] ahci 0000:00:1f.2: AHCI 0001.0000 32 slots 6 ports 1.5 Gbps 0x3f impl SATA mode
[   13.117544] ahci 0000:00:1f.2: flags: 64bit ncq only 
[   13.139033] scsi host0: ahci
[   13.148226] scsi host1: ahci
[   13.156240] scsi host2: ahci
[   13.166006] scsi host3: ahci
[   13.175108] scsi host4: ahci
[   13.186219] scsi host5: ahci
[   13.191717] ata1: SATA max UDMA/133 abar m4096@0xfebf1000 port 0xfebf1100 irq 24
[   13.202625] ata2: SATA max UDMA/133 abar m4096@0xfebf1000 port 0xfebf1180 irq 24
[   13.213629] ata3: SATA max UDMA/133 abar m4096@0xfebf1000 port 0xfebf1200 irq 24
[   13.226950] ata4: SATA max UDMA/133 abar m4096@0xfebf1000 port 0xfebf1280 irq 24
[   13.238089] ata5: SATA max UDMA/133 abar m4096@0xfebf1000 port 0xfebf1300 irq 24
[   13.249256] ata6: SATA max UDMA/133 abar m4096@0xfebf1000 port 0xfebf1380 irq 24
[   13.260740] initcall ahci_pci_driver_init+0x0/0x15 returned 0 after 175960 usecs
[   13.272546] calling  piix_init+0x0/0x26 @ 1
[   13.279305] initcall piix_init+0x0/0x26 returned 0 after 226 usecs
[   13.289007] calling  amd_pci_driver_init+0x0/0x15 @ 1
[   13.298957] initcall amd_pci_driver_init+0x0/0x15 returned 0 after 38 usecs
[   13.310294] calling  oldpiix_pci_driver_init+0x0/0x15 @ 1
[   13.318605] initcall oldpiix_pci_driver_init+0x0/0x15 returned 0 after 247 usecs
[   13.330082] calling  sch_pci_driver_init+0x0/0x15 @ 1
[   13.337363] initcall sch_pci_driver_init+0x0/0x15 returned 0 after 206 usecs
[   13.349314] calling  net_olddevs_init+0x0/0x55 @ 1
[   13.356718] initcall net_olddevs_init+0x0/0x55 returned 0 after 290 usecs
[   13.367364] calling  blackhole_netdev_init+0x0/0x78 @ 1
[   13.375258] initcall blackhole_netdev_init+0x0/0x78 returned 0 after 362 usecs
[   13.385984] calling  phy_module_init+0x0/0x13 @ 1
[   13.394146] initcall phy_module_init+0x0/0x13 returned 0 after 412 usecs
[   13.404761] calling  tg3_driver_init+0x0/0x15 @ 1
[   13.412541] initcall tg3_driver_init+0x0/0x15 returned 0 after 237 usecs
[   13.423014] calling  e100_init_module+0x0/0x4c @ 1
[   13.430497] e100: Intel(R) PRO/100 Network Driver
[   13.437948] e100: Copyright(c) 1999-2006 Intel Corporation
[   13.446518] initcall e100_init_module+0x0/0x4c returned 0 after 15824 usecs
[   13.457385] calling  e1000_init_module+0x0/0x72 @ 1
[   13.465440] e1000: Intel(R) PRO/1000 Network Driver
[   13.473315] e1000: Copyright (c) 1999-2006 Intel Corporation.
[   13.482063] initcall e1000_init_module+0x0/0x72 returned 0 after 16403 usecs
[   13.492821] calling  e1000_init_module+0x0/0x2d @ 1
[   13.500345] e1000e: Intel(R) PRO/1000 Network Driver
[   13.507992] e1000e: Copyright(c) 1999 - 2015 Intel Corporation.
[   13.517047] initcall e1000_init_module+0x0/0x2d returned 0 after 16455 usecs
[   13.528415] calling  sky2_init_module+0x0/0x21 @ 1
[   13.536011] sky2: driver version 1.30
[   13.544199] initcall sky2_init_module+0x0/0x21 returned 0 after 8174 usecs
[   13.555158] calling  forcedeth_pci_driver_init+0x0/0x15 @ 1
[   13.563829] initcall forcedeth_pci_driver_init+0x0/0x15 returned 0 after 206 usecs
[   13.575117] ata1: SATA link down (SStatus 0 SControl 300)
[   13.575161] calling  rtl8139_init_module+0x0/0x15 @ 1
[   13.587268] ata4: SATA link down (SStatus 0 SControl 300)
[   13.591931] initcall rtl8139_init_module+0x0/0x15 returned 0 after 368 usecs
[   13.603158] ata3: SATA link up 1.5 Gbps (SStatus 113 SControl 300)
[   13.611323] calling  rtl8169_pci_driver_init+0x0/0x15 @ 1
[   13.622985] ata2: SATA link down (SStatus 0 SControl 300)
[   13.627978] initcall rtl8169_pci_driver_init+0x0/0x15 returned 0 after 45 usecs
[   13.641136] ata6: SATA link down (SStatus 0 SControl 300)
[   13.647633] calling  cdrom_init+0x0/0xc @ 1
[   13.658519] ata5: SATA link down (SStatus 0 SControl 300)
[   13.664427] initcall cdrom_init+0x0/0xc returned 0 after 2101 usecs
[   13.679925] ata3.00: ATAPI: QEMU DVD-ROM, 2.5+, max UDMA/100
[   13.681078] calling  nonstatic_sysfs_init+0x0/0xc @ 1
[   13.689265] ata3.00: applying bridge limits
[   13.692515] ata3.00: configured for UDMA/100
[   13.697946] initcall nonstatic_sysfs_init+0x0/0xc returned 0 after 255 usecs
[   13.709975] scsi 2:0:0:0: CD-ROM            QEMU     QEMU DVD-ROM     2.5+ PQ: 0 ANSI: 5
[   13.710971] calling  yenta_cardbus_driver_init+0x0/0x15 @ 1
[   13.741389] initcall yenta_cardbus_driver_init+0x0/0x15 returned 0 after 218 usecs
[   13.752684] calling  mon_init+0x0/0x12d @ 1
[   13.759990] initcall mon_init+0x0/0x12d returned 0 after 1075 usecs
[   13.768924] calling  ehci_hcd_init+0x0/0x56 @ 1
[   13.775440] ehci_hcd: USB 2.0 'Enhanced' Host Controller (EHCI) Driver
[   13.784615] initcall ehci_hcd_init+0x0/0x56 returned 0 after 9014 usecs
[   13.794071] calling  ehci_pci_init+0x0/0x64 @ 1
[   13.800925] ehci-pci: EHCI PCI platform driver
[   13.807265] initcall ehci_pci_init+0x0/0x64 returned 0 after 6189 usecs
[   13.816539] calling  ohci_hcd_mod_init+0x0/0x4e @ 1
[   13.824011] ohci_hcd: USB 1.1 'Open' Host Controller (OHCI) Driver
[   13.833972] initcall ohci_hcd_mod_init+0x0/0x4e returned 0 after 9740 usecs
[   13.842847] calling  ohci_pci_init+0x0/0x64 @ 1
[   13.849906] ohci-pci: OHCI PCI platform driver
[   13.856289] initcall ohci_pci_init+0x0/0x64 returned 0 after 6231 usecs
[   13.866241] calling  uhci_hcd_init+0x0/0xa8 @ 1
[   13.873407] uhci_hcd: USB Universal Host Controller Interface driver
[   13.883778] initcall uhci_hcd_init+0x0/0xa8 returned 0 after 10125 usecs
[   13.894608] calling  xhci_hcd_init+0x0/0x1e @ 1
[   13.901175] initcall xhci_hcd_init+0x0/0x1e returned 0 after 30 usecs
[   13.909160] calling  xhci_pci_init+0x0/0x49 @ 1
[   13.914696] initcall xhci_pci_init+0x0/0x49 returned 0 after 55 usecs
[   13.922540] calling  usblp_driver_init+0x0/0x15 @ 1
[   13.928942] usbcore: registered new interface driver usblp
[   13.935571] initcall usblp_driver_init+0x0/0x15 returned 0 after 6660 usecs
[   13.943982] calling  usb_storage_driver_init+0x0/0x2a @ 1
[   13.950664] usbcore: registered new interface driver usb-storage
[   13.957879] initcall usb_storage_driver_init+0x0/0x2a returned 0 after 7114 usecs
[   13.966768] calling  i8042_init+0x0/0x4c2 @ 1
[   13.972213] i8042: PNP: PS/2 Controller [PNP0303:KBD,PNP0f13:MOU] at 0x60,0x64 irq 1,12
[   13.987980] serio: i8042 KBD port at 0x60,0x64 irq 1
[   13.994224] serio: i8042 AUX port at 0x60,0x64 irq 12
[   14.000491] initcall i8042_init+0x0/0x4c2 returned 0 after 27680 usecs
[   14.008603] calling  serport_init+0x0/0x2c @ 1
[   14.014034] initcall serport_init+0x0/0x2c returned 0 after 1 usecs
[   14.021514] calling  input_leds_init+0x0/0xc @ 1
[   14.027083] initcall input_leds_init+0x0/0xc returned 0 after 2 usecs
[   14.034961] calling  evdev_init+0x0/0xc @ 1
[   14.042002] initcall evdev_init+0x0/0xc returned 0 after 872 usecs
[   14.050949] calling  atkbd_init+0x0/0x21 @ 1
[   14.058133] initcall atkbd_init+0x0/0x21 returned 0 after 500 usecs
[   14.060080] sr 2:0:0:0: [sr0] scsi3-mmc drive: 4x/4x cd/rw xa/form2 tray
[   14.068175] calling  psmouse_init+0x0/0x7f @ 1
[   14.078263] cdrom: Uniform CD-ROM driver Revision: 3.20
[   14.085075] initcall psmouse_init+0x0/0x7f returned 0 after 200 usecs
[   14.101144] calling  cmos_init+0x0/0x73 @ 1
[   14.108981] rtc_cmos 00:04: RTC can wake from S4
[   14.117099] input: AT Translated Set 2 keyboard as /devices/platform/i8042/serio0/input/input1
[   14.121583] rtc_cmos 00:04: registered as rtc0
[   14.136967] rtc_cmos 00:04: alarms up to one day, y3k, 242 bytes nvram, hpet irqs
[   14.142290] sr 2:0:0:0: Attached scsi CD-ROM sr0
[   14.149892] initcall cmos_init+0x0/0x73 returned 0 after 41119 usecs
[   14.157776] sr 2:0:0:0: Attached scsi generic sg0 type 5
[   14.164982] calling  smbalert_driver_init+0x0/0xe @ 1
[   14.180372] initcall smbalert_driver_init+0x0/0xe returned 0 after 55 usecs
[   14.189552] calling  i2c_i801_init+0x0/0xc5 @ 1
[   14.197302] i801_smbus 0000:00:1f.3: SMBus using PCI interrupt
[   14.205089] i2c i2c-0: 1/1 memory slots populated (from DMI)
[   14.212308] i2c i2c-0: Memory type 0x07 not supported yet, not instantiating SPD
[   14.222988] initcall i2c_i801_init+0x0/0xc5 returned 0 after 26830 usecs
[   14.233220] calling  ptp_kvm_init+0x0/0xf0 @ 1
[   14.240931] initcall ptp_kvm_init+0x0/0xf0 returned 0 after 1219 usecs
[   14.250569] calling  dm_init+0x0/0x3c @ 1
[   14.258082] device-mapper: ioctl: 4.43.0-ioctl (2020-10-01) initialised: dm-devel@redhat.com
[   14.270676] initcall dm_init+0x0/0x3c returned 0 after 13336 usecs
[   14.280225] calling  dm_mirror_init+0x0/0x29 @ 1
[   14.286675] initcall dm_mirror_init+0x0/0x29 returned 0 after 3 usecs
[   14.296597] calling  dm_dirty_log_init+0x0/0x4f @ 1
[   14.303776] initcall dm_dirty_log_init+0x0/0x4f returned 0 after 36 usecs
[   14.314079] calling  dm_zero_init+0x0/0x29 @ 1
[   14.320745] initcall dm_zero_init+0x0/0x29 returned 0 after 3 usecs
[   14.329254] calling  intel_pstate_init+0x0/0x513 @ 1
[   14.336829] intel_pstate: CPU model not supported
[   14.344230] initcall intel_pstate_init+0x0/0x513 returned -19 after 7220 usecs
[   14.354665] calling  haltpoll_init+0x0/0xc0 @ 1
[   14.361183] initcall haltpoll_init+0x0/0xc0 returned -19 after 27 usecs
[   14.371204] calling  efivars_sysfs_init+0x0/0x30 @ 1
[   14.378276] initcall efivars_sysfs_init+0x0/0x30 returned 0 after 26 usecs
[   14.388377] calling  esrt_sysfs_init+0x0/0x2a2 @ 1
[   14.395954] initcall esrt_sysfs_init+0x0/0x2a2 returned -38 after 1 usecs
[   14.406224] calling  hid_init+0x0/0x5c @ 1
[   14.412121] hid: raw HID events driver (C) Jiri Kosina
[   14.420095] initcall hid_init+0x0/0x5c returned 0 after 7870 usecs
