c[?7l[2J[0mSeaBIOS (version 1.16.0-debian-1.16.0-4)
Booting from ROM...
early console in setup code
c[?7l[2J[    0.000000] Linux version 5.10.158+ (root@joelboxx.c.googlers.com) (gcc (Debian 12.2.0-3) 12.2.0, GNU ld (GNU Binutils for Debian) 2.39) #11 SMP PREEMPT Tue Dec 13 02:41:18 UTC 2022
[    0.000000] Command line: selinux=0 initcall_debug debug console=ttyS0 rcutorture.torture_type=tasks-rude rcutorture.onoff_interval=1000 rcutorture.onoff_holdoff=30 rcutorture.n_barrier_cbs=4 rcutorture.stat_interval=15 rcutorture.shutdown_secs=1800 rcutorture.test_no_idle_hz=1 rcutorture.verbose=1
[    0.000000] x86/fpu: x87 FPU will use FXSAVE
[    0.000000] BIOS-provided physical RAM map:
[    0.000000] BIOS-e820: [mem 0x0000000000000000-0x000000000009fbff] usable
[    0.000000] BIOS-e820: [mem 0x000000000009fc00-0x000000000009ffff] reserved
[    0.000000] BIOS-e820: [mem 0x00000000000f0000-0x00000000000fffff] reserved
[    0.000000] BIOS-e820: [mem 0x0000000000100000-0x000000001ffdefff] usable
[    0.000000] BIOS-e820: [mem 0x000000001ffdf000-0x000000001fffffff] reserved
[    0.000000] BIOS-e820: [mem 0x00000000b0000000-0x00000000bfffffff] reserved
[    0.000000] BIOS-e820: [mem 0x00000000fed1c000-0x00000000fed1ffff] reserved
[    0.000000] BIOS-e820: [mem 0x00000000feffc000-0x00000000feffffff] reserved
[    0.000000] BIOS-e820: [mem 0x00000000fffc0000-0x00000000ffffffff] reserved
[    0.000000] NX (Execute Disable) protection: active
[    0.000000] SMBIOS 2.8 present.
[    0.000000] DMI: QEMU Standard PC (Q35 + ICH9, 2009), BIOS 1.16.0-debian-1.16.0-4 04/01/2014
[    0.000000] Hypervisor detected: KVM
[    0.000000] kvm-clock: Using msrs 4b564d01 and 4b564d00
[    0.000000] kvm-clock: cpu 0, msr 1c325001, primary cpu clock
[    0.000058] kvm-clock: using sched offset of 3308369327 cycles
[    0.000316] clocksource: kvm-clock: mask: 0xffffffffffffffff max_cycles: 0x1cd42e4dffb, max_idle_ns: 881590591483 ns
[    0.000604] tsc: Detected 1999.999 MHz processor
[    0.010143] e820: update [mem 0x00000000-0x00000fff] usable ==> reserved
[    0.010155] e820: remove [mem 0x000a0000-0x000fffff] usable
[    0.010165] last_pfn = 0x1ffdf max_arch_pfn = 0x400000000
[    0.011231] MTRR default type: write-back
[    0.011298] MTRR fixed ranges enabled:
[    0.011302]   00000-9FFFF write-back
[    0.011305]   A0000-BFFFF uncachable
[    0.011307]   C0000-FFFFF write-protect
[    0.011310] MTRR variable ranges enabled:
[    0.011313]   0 base 00C0000000 mask FFC0000000 uncachable
[    0.011316]   1 disabled
[    0.011318]   2 disabled
[    0.011320]   3 disabled
[    0.011322]   4 disabled
[    0.011325]   5 disabled
[    0.011327]   6 disabled
[    0.011329]   7 disabled
[    0.011759] x86/PAT: Configuration [0-7]: WB  WC  UC- UC  WB  WC  UC- UC  
[    0.021558] found SMP MP-table at [mem 0x000f5ba0-0x000f5baf]
[    0.024772] check: Scanning 1 areas for low memory corruption
[    0.043303] ACPI: Early table checksum verification disabled
[    0.045718] ACPI: RSDP 0x00000000000F59E0 000014 (v00 BOCHS )
[    0.046115] ACPI: RSDT 0x000000001FFE22F5 000038 (v01 BOCHS  BXPC     00000001 BXPC 00000001)
[    0.046430] ACPI: FACP 0x000000001FFE20E5 0000F4 (v03 BOCHS  BXPC     00000001 BXPC 00000001)
[    0.046564] ACPI: DSDT 0x000000001FFE0040 0020A5 (v01 BOCHS  BXPC     00000001 BXPC 00000001)
[    0.046573] ACPI: FACS 0x000000001FFE0000 000040
[    0.046580] ACPI: APIC 0x000000001FFE21D9 000080 (v01 BOCHS  BXPC     00000001 BXPC 00000001)
[    0.046653] ACPI: HPET 0x000000001FFE2259 000038 (v01 BOCHS  BXPC     00000001 BXPC 00000001)
[    0.046661] ACPI: MCFG 0x000000001FFE2291 00003C (v01 BOCHS  BXPC     00000001 BXPC 00000001)
[    0.046668] ACPI: WAET 0x000000001FFE22CD 000028 (v01 BOCHS  BXPC     00000001 BXPC 00000001)
[    0.046676] ACPI: Reserving FACP table memory at [mem 0x1ffe20e5-0x1ffe21d8]
[    0.046680] ACPI: Reserving DSDT table memory at [mem 0x1ffe0040-0x1ffe20e4]
[    0.046683] ACPI: Reserving FACS table memory at [mem 0x1ffe0000-0x1ffe003f]
[    0.046686] ACPI: Reserving APIC table memory at [mem 0x1ffe21d9-0x1ffe2258]
[    0.046688] ACPI: Reserving HPET table memory at [mem 0x1ffe2259-0x1ffe2290]
[    0.046691] ACPI: Reserving MCFG table memory at [mem 0x1ffe2291-0x1ffe22cc]
[    0.046694] ACPI: Reserving WAET table memory at [mem 0x1ffe22cd-0x1ffe22f4]
[    0.048191] ACPI: Local APIC address 0xfee00000
[    0.053866] No NUMA configuration found
[    0.053871] Faking a node at [mem 0x0000000000000000-0x000000001ffdefff]
[    0.054245] NODE_DATA(0) allocated [mem 0x1ffdb000-0x1ffdefff]
[    0.055903] Zone ranges:
[    0.056053]   DMA      [mem 0x0000000000001000-0x0000000000ffffff]
[    0.056106]   DMA32    [mem 0x0000000001000000-0x000000001ffdefff]
[    0.056110]   Normal   empty
[    0.056164] Movable zone start for each node
[    0.056167] Early memory node ranges
[    0.056170]   node   0: [mem 0x0000000000001000-0x000000000009efff]
[    0.056230]   node   0: [mem 0x0000000000100000-0x000000001ffdefff]
[    0.056350] Initmem setup node 0 [mem 0x0000000000001000-0x000000001ffdefff]
[    0.056477] On node 0 totalpages: 130941
[    0.056627]   DMA zone: 64 pages used for memmap
[    0.056629]   DMA zone: 21 pages reserved
[    0.056695]   DMA zone: 3998 pages, LIFO batch:0
[    0.056698]   DMA32 zone: 1984 pages used for memmap
[    0.056701]   DMA32 zone: 126943 pages, LIFO batch:31
[    0.059692] On node 0, zone DMA: 1 pages in unavailable ranges
[    0.059719] On node 0, zone DMA: 97 pages in unavailable ranges
[    0.182159] On node 0, zone DMA32: 33 pages in unavailable ranges
[    0.185884] ACPI: PM-Timer IO Port: 0x608
[    0.185892] ACPI: Local APIC address 0xfee00000
[    0.186171] ACPI: LAPIC_NMI (acpi_id[0xff] dfl dfl lint[0x1])
[    0.187417] IOAPIC[0]: apic_id 0, version 17, address 0xfec00000, GSI 0-23
[    0.187427] ACPI: INT_SRC_OVR (bus 0 bus_irq 0 global_irq 2 dfl dfl)
[    0.187480] ACPI: INT_SRC_OVR (bus 0 bus_irq 5 global_irq 5 high level)
[    0.187484] ACPI: INT_SRC_OVR (bus 0 bus_irq 9 global_irq 9 high level)
[    0.187631] ACPI: INT_SRC_OVR (bus 0 bus_irq 10 global_irq 10 high level)
[    0.187634] ACPI: INT_SRC_OVR (bus 0 bus_irq 11 global_irq 11 high level)
[    0.187670] ACPI: IRQ0 used by override.
[    0.187674] ACPI: IRQ5 used by override.
[    0.187677] ACPI: IRQ9 used by override.
[    0.187679] ACPI: IRQ10 used by override.
[    0.187682] ACPI: IRQ11 used by override.
[    0.187733] Using ACPI (MADT) for SMP configuration information
[    0.187832] ACPI: HPET id: 0x8086a201 base: 0xfed00000
[    0.188569] smpboot: Allowing 2 CPUs, 0 hotplug CPUs
[    0.190812] PM: hibernation: Registered nosave memory: [mem 0x00000000-0x00000fff]
[    0.190817] PM: hibernation: Registered nosave memory: [mem 0x0009f000-0x0009ffff]
[    0.190820] PM: hibernation: Registered nosave memory: [mem 0x000a0000-0x000effff]
[    0.190823] PM: hibernation: Registered nosave memory: [mem 0x000f0000-0x000fffff]
[    0.190829] [mem 0x20000000-0xafffffff] available for PCI devices
[    0.190884] Booting paravirtualized kernel on KVM
[    0.191737] clocksource: refined-jiffies: mask: 0xffffffff max_cycles: 0xffffffff, max_idle_ns: 1910969940391419 ns
[    0.264148] setup_percpu: NR_CPUS:2 nr_cpumask_bits:2 nr_cpu_ids:2 nr_node_ids:1
[    0.314417] percpu: Embedded 58 pages/cpu s198480 r8192 d30896 u1048576
[    0.314476] pcpu-alloc: s198480 r8192 d30896 u1048576 alloc=1*2097152
[    0.314508] pcpu-alloc: [0] 0 1 
[    0.314859] kvm-guest: stealtime: cpu 0, msr 1f41bb40
[    0.316363] Built 1 zonelists, mobility grouping on.  Total pages: 128872
[    0.316368] Policy zone: DMA32
[    0.316414] Kernel command line: selinux=0 initcall_debug debug console=ttyS0 rcutorture.torture_type=tasks-rude rcutorture.onoff_interval=1000 rcutorture.onoff_holdoff=30 rcutorture.n_barrier_cbs=4 rcutorture.stat_interval=15 rcutorture.shutdown_secs=1800 rcutorture.test_no_idle_hz=1 rcutorture.verbose=1
[    0.326576] Dentry cache hash table entries: 65536 (order: 7, 524288 bytes, linear)
[    0.328276] Inode-cache hash table entries: 32768 (order: 6, 262144 bytes, linear)
[    0.328891] mem auto-init: stack:all(zero), heap alloc:off, heap free:off
[    0.334806] Memory: 466776K/523764K available (16398K kernel code, 2805K rwdata, 4820K rodata, 1500K init, 13284K bss, 56728K reserved, 0K cma-reserved)
[    0.335525] SLUB: HWalign=64, Order=0-3, MinObjects=0, CPUs=2, Nodes=1
[    0.335940] Kernel/User page tables isolation: enabled
[    0.344004] Running RCU self tests
[    0.344272] rcu: Preemptible hierarchical RCU implementation.
[    0.344276] rcu: 	RCU event tracing is enabled.
[    0.344278] rcu: 	RCU lockdep checking is enabled.
[    0.344348] 	Trampoline variant of Tasks RCU enabled.
[    0.344351] 	Rude variant of Tasks RCU enabled.
[    0.344353] 	Tracing variant of Tasks RCU enabled.
[    0.344436] rcu: RCU calculated value of scheduler-enlistment delay is 100 jiffies.
[    0.368325] NR_IRQS: 4352, nr_irqs: 440, preallocated irqs: 16
[    0.372388] calling  con_init+0x0/0x24f @ 0
[    0.487761] Console: colour VGA+ 80x25
[    0.487969] initcall con_init+0x0/0x24f returned 0 after 0 usecs
[    0.487974] calling  hvc_console_init+0x0/0x13 @ 0
[    0.487995] initcall hvc_console_init+0x0/0x13 returned 0 after 0 usecs
[    0.487999] calling  univ8250_console_init+0x0/0x26 @ 0
[    1.402615] printk: console [ttyS0] enabled
[    1.407129] initcall univ8250_console_init+0x0/0x26 returned 0 after 0 usecs
[    1.414751] Lock dependency validator: Copyright (c) 2006 Red Hat, Inc., Ingo Molnar
[    1.423077] ... MAX_LOCKDEP_SUBCLASSES:  8
[    1.427513] ... MAX_LOCK_DEPTH:          48
[    1.432022] ... MAX_LOCKDEP_KEYS:        8192
[    1.436684] ... CLASSHASH_SIZE:          4096
[    1.441346] ... MAX_LOCKDEP_ENTRIES:     32768
[    1.446673] ... MAX_LOCKDEP_CHAINS:      65536
[    1.451457] ... CHAINHASH_SIZE:          32768
[    1.456238]  memory used by lock dependency info: 6365 kB
[    1.462120]  memory used for stack traces: 4224 kB
[    1.470001]  per task-struct memory footprint: 1920 bytes
[    1.475907] ACPI: Core revision 20200925
[    1.482561] clocksource: hpet: mask: 0xffffffff max_cycles: 0xffffffff, max_idle_ns: 19112604467 ns
[    1.493944] APIC: Switch to symmetric I/O mode setup
[    1.515567] ..TIMER: vector=0x30 apic1=0 pin1=2 apic2=-1 pin2=-1
[    1.523211] clocksource: tsc-early: mask: 0xffffffffffffffff max_cycles: 0x39a85afc727, max_idle_ns: 881590685098 ns
[    1.534523] Calibrating delay loop (skipped) preset value.. 3999.99 BogoMIPS (lpj=1999999)
[    1.535452] pid_max: default: 32768 minimum: 301
[    1.536794] LSM: Security Framework initializing
[    1.537660] Mount-cache hash table entries: 1024 (order: 1, 8192 bytes, linear)
[    1.538494] Mountpoint-cache hash table entries: 1024 (order: 1, 8192 bytes, linear)
[    1.547732] Last level iTLB entries: 4KB 0, 2MB 0, 4MB 0
[    1.548450] Last level dTLB entries: 4KB 0, 2MB 0, 4MB 0, 1GB 0
[    1.549529] Spectre V1 : Mitigation: usercopy/swapgs barriers and __user pointer sanitization
[    1.550452] Spectre V2 : Mitigation: Retpolines
[    1.551449] Spectre V2 : Spectre v2 / SpectreRSB mitigation: Filling RSB on context switch
[    1.553448] Spectre V2 : Spectre v2 / SpectreRSB : Filling RSB on VMEXIT
[    1.554450] Speculative Store Bypass: Vulnerable
[    1.555456] MDS: Vulnerable: Clear CPU buffers attempted, no microcode
[    1.556449] MMIO Stale Data: Unknown: No mitigations
[    1.632957] Freeing SMP alternatives memory: 40K
[    1.738444] smpboot: CPU0: Intel Common KVM processor (family: 0xf, model: 0x6, stepping: 0x1)
[    1.740425] calling  init_hw_perf_events+0x0/0x6ce @ 1
[    1.741453] Performance Events: unsupported Netburst CPU model 6 no PMU driver, software events only.
[    1.742460] initcall init_hw_perf_events+0x0/0x6ce returned 0 after 976 usecs
[    1.744482] calling  init_real_mode+0x0/0x1e9 @ 1
[    1.745915] initcall init_real_mode+0x0/0x1e9 returned 0 after 0 usecs
[    1.746455] calling  trace_init_perf_perm_irq_work_exit+0x0/0x12 @ 1
[    1.748456] initcall trace_init_perf_perm_irq_work_exit+0x0/0x12 returned 0 after 0 usecs
[    1.749474] calling  validate_x2apic+0x0/0x4a @ 1
[    1.750481] initcall validate_x2apic+0x0/0x4a returned 0 after 0 usecs
[    1.751460] calling  register_nmi_cpu_backtrace_handler+0x0/0x15 @ 1
[    1.752480] initcall register_nmi_cpu_backtrace_handler+0x0/0x15 returned 0 after 0 usecs
[    1.753457] calling  kvm_setup_vsyscall_timeinfo+0x0/0xd1 @ 1
[    1.754465] initcall kvm_setup_vsyscall_timeinfo+0x0/0xd1 returned 0 after 0 usecs
[    1.755471] calling  spawn_ksoftirqd+0x0/0x38 @ 1
[    1.756680] initcall spawn_ksoftirqd+0x0/0x38 returned 0 after 0 usecs
[    1.757456] calling  migration_init+0x0/0x31 @ 1
[    1.758456] initcall migration_init+0x0/0x31 returned 0 after 0 usecs
[    1.759456] calling  srcu_bootup_announce+0x0/0x2f @ 1
[    1.761462] rcu: Hierarchical SRCU implementation.
[    1.762456] initcall srcu_bootup_announce+0x0/0x2f returned 0 after 976 usecs
[    1.763458] calling  rcu_spawn_gp_kthread+0x0/0x1b0 @ 1
[    1.766530] initcall rcu_spawn_gp_kthread+0x0/0x1b0 returned 0 after 976 usecs
[    1.767456] calling  check_cpu_stall_init+0x0/0x1a @ 1
[    1.768458] initcall check_cpu_stall_init+0x0/0x1a returned 0 after 0 usecs
[    1.769455] calling  rcu_sysrq_init+0x0/0x21 @ 1
[    1.770514] initcall rcu_sysrq_init+0x0/0x21 returned 0 after 0 usecs
[    1.771526] calling  trace_init_flags_sys_enter+0x0/0xe @ 1
[    1.772484] initcall trace_init_flags_sys_enter+0x0/0xe returned 0 after 0 usecs
[    1.773456] calling  trace_init_flags_sys_exit+0x0/0xe @ 1
[    1.774459] initcall trace_init_flags_sys_exit+0x0/0xe returned 0 after 0 usecs
[    1.775461] calling  cpu_stop_init+0x0/0x8d @ 1
[    1.776773] initcall cpu_stop_init+0x0/0x8d returned 0 after 0 usecs
[    1.777460] calling  init_kprobes+0x0/0x16e @ 1
[    1.780298] initcall init_kprobes+0x0/0x16e returned 0 after 0 usecs
[    1.780457] calling  init_events+0x0/0x3d @ 1
[    1.781486] initcall init_events+0x0/0x3d returned 0 after 0 usecs
[    1.782457] calling  init_trace_printk+0x0/0xc @ 1
[    1.783458] initcall init_trace_printk+0x0/0xc returned 0 after 0 usecs
[    1.784491] calling  event_trace_enable_again+0x0/0x23 @ 1
[    1.786463] initcall event_trace_enable_again+0x0/0x23 returned 0 after 0 usecs
[    1.788455] calling  static_call_init+0x0/0x79 @ 1
[    1.789457] initcall static_call_init+0x0/0x79 returned 0 after 0 usecs
[    1.790457] calling  jump_label_init_module+0x0/0xc @ 1
[    1.791461] initcall jump_label_init_module+0x0/0xc returned 0 after 0 usecs
[    1.793469] calling  init_zero_pfn+0x0/0x37 @ 1
[    1.794455] initcall init_zero_pfn+0x0/0x37 returned 0 after 0 usecs
[    1.795458] calling  initialize_ptr_random+0x0/0x54 @ 1
[    1.797548] initcall initialize_ptr_random+0x0/0x54 returned 0 after 0 usecs
[    1.798471] calling  efi_memreserve_root_init+0x0/0x25 @ 1
[    1.799492] initcall efi_memreserve_root_init+0x0/0x25 returned 0 after 0 usecs
[    1.800457] calling  efi_earlycon_remap_fb+0x0/0x51 @ 1
[    1.801456] initcall efi_earlycon_remap_fb+0x0/0x51 returned 0 after 0 usecs
[    1.803683] smp: Bringing up secondary CPUs ...
[    1.806580] x86: Booting SMP configuration:
[    1.807464] .... node  #0, CPUs:      #1
[    1.162119] kvm-clock: cpu 1, msr 1c325041, secondary cpu clock
[    1.832447] kvm-guest: stealtime: cpu 1, msr 1f51bb40
[    1.846100] smp: Brought up 1 node, 2 CPUs
[    1.846485] smpboot: Max logical packages: 1
[    1.847458] smpboot: Total of 2 processors activated (7999.99 BogoMIPS)
[    1.855451] devtmpfs: initialized
[    1.858505] calling  ipc_ns_init+0x0/0x3d @ 1
[    1.859527] initcall ipc_ns_init+0x0/0x3d returned 0 after 0 usecs
[    1.860458] calling  init_mmap_min_addr+0x0/0x21 @ 1
[    1.861456] initcall init_mmap_min_addr+0x0/0x21 returned 0 after 0 usecs
[    1.862456] calling  pci_realloc_setup_params+0x0/0x3f @ 1
[    1.863456] initcall pci_realloc_setup_params+0x0/0x3f returned 0 after 0 usecs
[    1.864456] calling  net_ns_init+0x0/0x140 @ 1
[    1.867079] initcall net_ns_init+0x0/0x140 returned 0 after 1953 usecs
[    1.875489] calling  e820__register_nvs_regions+0x0/0x37 @ 1
[    1.882460] initcall e820__register_nvs_regions+0x0/0x37 returned 0 after 0 usecs
[    1.891458] calling  cpufreq_register_tsc_scaling+0x0/0x2e @ 1
[    1.898457] initcall cpufreq_register_tsc_scaling+0x0/0x2e returned 0 after 0 usecs
[    1.907456] calling  reboot_init+0x0/0x3c @ 1
[    1.912520] initcall reboot_init+0x0/0x3c returned 0 after 0 usecs
[    1.920457] calling  init_lapic_sysfs+0x0/0x20 @ 1
[    1.926482] initcall init_lapic_sysfs+0x0/0x20 returned 0 after 0 usecs
[    1.933456] calling  alloc_frozen_cpus+0x0/0x7 @ 1
[    1.939456] initcall alloc_frozen_cpus+0x0/0x7 returned 0 after 0 usecs
[    1.947457] calling  cpu_hotplug_pm_sync_init+0x0/0x13 @ 1
[    1.954506] initcall cpu_hotplug_pm_sync_init+0x0/0x13 returned 0 after 0 usecs
[    1.963459] calling  wq_sysfs_init+0x0/0x2a @ 1
[    1.968806] initcall wq_sysfs_init+0x0/0x2a returned 0 after 976 usecs
[    1.976455] calling  ksysfs_init+0x0/0x92 @ 1
[    1.982527] initcall ksysfs_init+0x0/0x92 returned 0 after 0 usecs
[    1.989462] calling  schedutil_gov_init+0x0/0xc @ 1
[    1.995917] initcall schedutil_gov_init+0x0/0xc returned 0 after 976 usecs
[    2.004455] calling  pm_init+0x0/0x76 @ 1
[    2.009623] initcall pm_init+0x0/0x76 returned 0 after 0 usecs
[    2.016455] calling  pm_disk_init+0x0/0x13 @ 1
[    2.021499] initcall pm_disk_init+0x0/0x13 returned 0 after 0 usecs
[    2.029454] calling  swsusp_header_init+0x0/0x2b @ 1
[    2.035458] initcall swsusp_header_init+0x0/0x2b returned 0 after 0 usecs
[    2.043454] calling  rcu_set_runtime_mode+0x0/0x2a @ 1
[    2.051508] initcall rcu_set_runtime_mode+0x0/0x2a returned 0 after 1953 usecs
[    2.060468] calling  init_jiffies_clocksource+0x0/0x13 @ 1
[    2.066455] clocksource: jiffies: mask: 0xffffffff max_cycles: 0xffffffff, max_idle_ns: 1911260446275000 ns
[    2.079467] initcall init_jiffies_clocksource+0x0/0x13 returned 0 after 12695 usecs
[    2.088458] calling  futex_init+0x0/0x11b @ 1
[    2.093461] futex hash table entries: 512 (order: 4, 65536 bytes, linear)
[    2.101703] initcall futex_init+0x0/0x11b returned 0 after 7812 usecs
[    2.109456] calling  cgroup_wq_init+0x0/0x28 @ 1
[    2.115477] initcall cgroup_wq_init+0x0/0x28 returned 0 after 0 usecs
[    2.123468] calling  cgroup1_wq_init+0x0/0x28 @ 1
[    2.129480] initcall cgroup1_wq_init+0x0/0x28 returned 0 after 0 usecs
[    2.138457] calling  init_kprobe_trace_early+0x0/0x2a @ 1
[    2.144565] initcall init_kprobe_trace_early+0x0/0x2a returned 0 after 0 usecs
[    2.153462] calling  fsnotify_init+0x0/0x56 @ 1
[    2.158611] initcall fsnotify_init+0x0/0x56 returned 0 after 0 usecs
[    2.166458] calling  filelock_init+0x0/0xb3 @ 1
[    2.172483] initcall filelock_init+0x0/0xb3 returned 0 after 0 usecs
[    2.180457] calling  init_misc_binfmt+0x0/0x2c @ 1
[    2.186607] initcall init_misc_binfmt+0x0/0x2c returned 0 after 0 usecs
[    2.194456] calling  init_script_binfmt+0x0/0x15 @ 1
[    2.200477] initcall init_script_binfmt+0x0/0x15 returned 0 after 0 usecs
[    2.209456] calling  init_elf_binfmt+0x0/0x15 @ 1
[    2.215458] initcall init_elf_binfmt+0x0/0x15 returned 0 after 0 usecs
[    2.223473] calling  init_compat_elf_binfmt+0x0/0x15 @ 1
[    2.229458] initcall init_compat_elf_binfmt+0x0/0x15 returned 0 after 0 usecs
[    2.238456] calling  debugfs_init+0x0/0x5c @ 1
[    2.243471] initcall debugfs_init+0x0/0x5c returned 0 after 0 usecs
[    2.250465] calling  tracefs_init+0x0/0x3a @ 1
[    2.256470] initcall tracefs_init+0x0/0x3a returned 0 after 0 usecs
[    2.263456] calling  prandom_init_early+0x0/0x15d @ 1
[    2.269458] initcall prandom_init_early+0x0/0x15d returned 0 after 0 usecs
[    2.277666] calling  virtio_init+0x0/0x20 @ 1
[    2.282500] initcall virtio_init+0x0/0x20 returned 0 after 0 usecs
[    2.290457] calling  iommu_init+0x0/0x2a @ 1
[    2.295481] initcall iommu_init+0x0/0x2a returned 0 after 0 usecs
[    2.302487] calling  component_debug_init+0x0/0x1c @ 1
[    2.308652] initcall component_debug_init+0x0/0x1c returned 0 after 0 usecs
[    2.316463] calling  early_resume_init+0x0/0xb9 @ 1
[    2.323000] PM: RTC time: 02:52:21, date: 2022-12-13
[    2.328458] initcall early_resume_init+0x0/0xb9 returned 0 after 5859 usecs
[    2.337461] calling  cpufreq_core_init+0x0/0x62 @ 1
[    2.344473] initcall cpufreq_core_init+0x0/0x62 returned 0 after 0 usecs
[    2.352458] calling  cpufreq_gov_performance_init+0x0/0xc @ 1
[    2.359466] initcall cpufreq_gov_performance_init+0x0/0xc returned 0 after 0 usecs
[    2.368458] calling  cpufreq_gov_userspace_init+0x0/0xc @ 1
[    2.375458] initcall cpufreq_gov_userspace_init+0x0/0xc returned 0 after 0 usecs
[    2.384470] calling  CPU_FREQ_GOV_ONDEMAND_init+0x0/0xc @ 1
[    2.391568] initcall CPU_FREQ_GOV_ONDEMAND_init+0x0/0xc returned 0 after 976 usecs
[    2.402465] calling  cpuidle_init+0x0/0x1f @ 1
[    2.408653] initcall cpuidle_init+0x0/0x1f returned 0 after 0 usecs
[    2.418471] calling  capsule_reboot_register+0x0/0xc @ 1
[    2.424487] initcall capsule_reboot_register+0x0/0xc returned 0 after 976 usecs
[    2.433457] calling  sock_init+0x0/0x93 @ 1
[    2.441102] initcall sock_init+0x0/0x93 returned 0 after 2929 usecs
[    2.448461] calling  net_inuse_init+0x0/0x23 @ 1
[    2.454529] initcall net_inuse_init+0x0/0x23 returned 0 after 0 usecs
[    2.461455] calling  net_defaults_init+0x0/0x23 @ 1
[    2.467455] initcall net_defaults_init+0x0/0x23 returned 0 after 0 usecs
[    2.476459] calling  init_default_flow_dissectors+0x0/0x4f @ 1
[    2.483529] initcall init_default_flow_dissectors+0x0/0x4f returned 0 after 0 usecs
[    2.492456] calling  netpoll_init+0x0/0x44 @ 1
[    2.497455] initcall netpoll_init+0x0/0x44 returned 0 after 0 usecs
[    2.504454] calling  netlink_proto_init+0x0/0x154 @ 1
[    2.510861] NET: Registered protocol family 16
[    2.516579] initcall netlink_proto_init+0x0/0x154 returned 0 after 5859 usecs
[    2.524454] calling  genl_init+0x0/0x35 @ 1
[    2.529525] initcall genl_init+0x0/0x35 returned 0 after 0 usecs
[    2.536490] calling  bsp_pm_check_init+0x0/0x13 @ 1
[    2.542460] initcall bsp_pm_check_init+0x0/0x13 returned 0 after 0 usecs
[    2.550475] calling  irq_sysfs_init+0x0/0xb9 @ 1
[    2.555913] initcall irq_sysfs_init+0x0/0xb9 returned 0 after 976 usecs
[    2.563454] calling  audit_init+0x0/0x127 @ 1
[    2.568459] audit: initializing netlink subsys (disabled)
[    2.576784] initcall audit_init+0x0/0x127 returned 0 after 7812 usecs
[    2.576580] audit: type=2000 audit(1670899940.549:1): state=initialized audit_enabled=0 res=1
[    2.577458] calling  release_early_probes+0x0/0x32 @ 1
[    2.579458] initcall release_early_probes+0x0/0x32 returned 0 after 0 usecs
[    2.580456] calling  bdi_class_init+0x0/0x48 @ 1
[    2.581509] initcall bdi_class_init+0x0/0x48 returned 0 after 0 usecs
[    2.582457] calling  mm_sysfs_init+0x0/0x28 @ 1
[    2.583466] initcall mm_sysfs_init+0x0/0x28 returned 0 after 0 usecs
[    2.584459] calling  init_per_zone_wmark_min+0x0/0x6d @ 1
[    2.585502] initcall init_per_zone_wmark_min+0x0/0x6d returned 0 after 0 usecs
[    2.586459] calling  mpi_init+0x0/0x3e @ 1
[    2.587489] initcall mpi_init+0x0/0x3e returned 0 after 0 usecs
[    2.588458] calling  kobject_uevent_init+0x0/0xc @ 1
[    2.589510] initcall kobject_uevent_init+0x0/0xc returned 0 after 0 usecs
[    2.590454] calling  pcibus_class_init+0x0/0x13 @ 1
[    2.591472] initcall pcibus_class_init+0x0/0x13 returned 0 after 0 usecs
[    2.592454] calling  pci_driver_init+0x0/0x21 @ 1
[    2.594580] initcall pci_driver_init+0x0/0x21 returned 0 after 976 usecs
[    2.595509] calling  backlight_class_init+0x0/0xa8 @ 1
[    2.597490] initcall backlight_class_init+0x0/0xa8 returned 0 after 0 usecs
[    2.598456] calling  tty_class_init+0x0/0x33 @ 1
[    2.599472] initcall tty_class_init+0x0/0x33 returned 0 after 0 usecs
[    2.600455] calling  vtconsole_class_init+0x0/0xb5 @ 1
[    2.602453] initcall vtconsole_class_init+0x0/0xb5 returned 0 after 976 usecs
[    2.603458] calling  iommu_dev_init+0x0/0x13 @ 1
[    2.604500] initcall iommu_dev_init+0x0/0x13 returned 0 after 0 usecs
[    2.605461] calling  mipi_dsi_bus_init+0x0/0xc @ 1
[    2.606548] initcall mipi_dsi_bus_init+0x0/0xc returned 0 after 0 usecs
[    2.607460] calling  devlink_class_init+0x0/0x40 @ 1
[    2.608502] initcall devlink_class_init+0x0/0x40 returned 0 after 0 usecs
[    2.609455] calling  software_node_init+0x0/0x2a @ 1
[    2.610464] initcall software_node_init+0x0/0x2a returned 0 after 0 usecs
[    2.611458] calling  wakeup_sources_debugfs_init+0x0/0x23 @ 1
[    2.612474] initcall wakeup_sources_debugfs_init+0x0/0x23 returned 0 after 0 usecs
[    2.613454] calling  wakeup_sources_sysfs_init+0x0/0x2c @ 1
[    2.614479] initcall wakeup_sources_sysfs_init+0x0/0x2c returned 0 after 0 usecs
[    2.615455] calling  register_node_type+0x0/0x13 @ 1
[    2.616568] initcall register_node_type+0x0/0x13 returned 0 after 0 usecs
[    2.617456] calling  regmap_initcall+0x0/0xc @ 1
[    2.618619] initcall regmap_initcall+0x0/0xc returned 0 after 0 usecs
[    2.620470] calling  i2c_init+0x0/0xb3 @ 1
[    2.621659] initcall i2c_init+0x0/0xb3 returned 0 after 0 usecs
[    2.622454] calling  thermal_init+0x0/0x116 @ 1
[    2.624473] thermal_sys: Registered thermal governor 'step_wise'
[    2.624477] thermal_sys: Registered thermal governor 'user_space'
[    2.625473] initcall thermal_init+0x0/0x116 returned 0 after 1953 usecs
[    2.627468] calling  init_menu+0x0/0xc @ 1
[    2.628679] cpuidle: using governor menu
[    2.629461] initcall init_menu+0x0/0xc returned 0 after 976 usecs
[    2.630459] calling  pcc_init+0x0/0x4d @ 1
[    2.631477] initcall pcc_init+0x0/0x4d returned -19 after 0 usecs
[    2.632457] calling  amd_postcore_init+0x0/0x11e @ 1
[    2.633462] initcall amd_postcore_init+0x0/0x11e returned 0 after 0 usecs
[    2.634489] calling  bts_init+0x0/0xba @ 1
[    2.635470] initcall bts_init+0x0/0xba returned -19 after 0 usecs
[    2.636460] calling  pt_init+0x0/0x34d @ 1
[    2.637460] initcall pt_init+0x0/0x34d returned -19 after 0 usecs
[    2.638460] calling  boot_params_ksysfs_init+0x0/0x2ee @ 1
[    2.639482] initcall boot_params_ksysfs_init+0x0/0x2ee returned 0 after 0 usecs
[    2.640460] calling  sbf_init+0x0/0xea @ 1
[    2.641457] initcall sbf_init+0x0/0xea returned 0 after 0 usecs
[    2.643457] calling  arch_kdebugfs_init+0x0/0x219 @ 1
[    2.644518] initcall arch_kdebugfs_init+0x0/0x219 returned 0 after 0 usecs
[    2.645460] calling  intel_pconfig_init+0x0/0x85 @ 1
[    2.646458] initcall intel_pconfig_init+0x0/0x85 returned 0 after 0 usecs
[    2.647457] calling  mtrr_if_init+0x0/0x5d @ 1
[    2.648465] initcall mtrr_if_init+0x0/0x5d returned 0 after 0 usecs
[    2.650456] calling  activate_jump_labels+0x0/0x31 @ 1
[    2.651456] initcall activate_jump_labels+0x0/0x31 returned 0 after 0 usecs
[    2.652455] calling  ffh_cstate_init+0x0/0x29 @ 1
[    2.653462] initcall ffh_cstate_init+0x0/0x29 returned 0 after 0 usecs
[    2.654459] calling  activate_jump_labels+0x0/0x31 @ 1
[    2.656767] initcall activate_jump_labels+0x0/0x31 returned 0 after 976 usecs
[    2.657456] calling  kvm_alloc_cpumask+0x0/0x74 @ 1
[    2.658508] initcall kvm_alloc_cpumask+0x0/0x74 returned 0 after 0 usecs
[    2.659456] calling  kcmp_cookies_init+0x0/0x37 @ 1
[    2.660466] initcall kcmp_cookies_init+0x0/0x37 returned 0 after 0 usecs
[    2.661456] calling  cryptomgr_init+0x0/0xc @ 1
[    2.663536] initcall cryptomgr_init+0x0/0xc returned 0 after 0 usecs
[    2.664475] calling  acpi_pci_init+0x0/0x57 @ 1
[    2.665467] ACPI: bus type PCI registered
[    2.666457] initcall acpi_pci_init+0x0/0x57 returned 0 after 976 usecs
[    2.667456] calling  dma_channel_table_init+0x0/0xd1 @ 1
[    2.668471] initcall dma_channel_table_init+0x0/0xd1 returned 0 after 0 usecs
[    2.669455] calling  dma_bus_init+0x0/0xdc @ 1
[    2.671518] initcall dma_bus_init+0x0/0xdc returned 0 after 976 usecs
[    2.672582] calling  iommu_dma_init+0x0/0x10 @ 1
[    2.673597] initcall iommu_dma_init+0x0/0x10 returned 0 after 0 usecs
[    2.674456] calling  dmi_id_init+0x0/0x37c @ 1
[    2.675641] initcall dmi_id_init+0x0/0x37c returned 0 after 0 usecs
[    2.676456] calling  pci_arch_init+0x0/0x71 @ 1
[    2.678865] PCI: MMCONFIG for domain 0000 [bus 00-ff] at [mem 0xb0000000-0xbfffffff] (base 0xb0000000)
[    2.679464] PCI: MMCONFIG at [mem 0xb0000000-0xbfffffff] reserved in E820
[    2.681591] PCI: Using configuration type 1 for base access
[    2.682490] initcall pci_arch_init+0x0/0x71 returned 0 after 4882 usecs
[    2.683487] calling  init_vdso+0x0/0x13 @ 1
[    2.684517] initcall init_vdso+0x0/0x13 returned 0 after 0 usecs
[    2.685456] calling  sysenter_setup+0x0/0x13 @ 1
[    2.686505] initcall sysenter_setup+0x0/0x13 returned 0 after 0 usecs
[    2.687456] calling  fixup_ht_bug+0x0/0xe5 @ 1
[    2.688455] initcall fixup_ht_bug+0x0/0xe5 returned 0 after 0 usecs
[    2.689456] calling  topology_init+0x0/0x88 @ 1
[    2.692054] initcall topology_init+0x0/0x88 returned 0 after 976 usecs
[    2.692457] calling  intel_epb_init+0x0/0x68 @ 1
[    2.693455] initcall intel_epb_init+0x0/0x68 returned -19 after 0 usecs
[    2.694462] calling  mtrr_init_finialize+0x0/0x3e @ 1
[    2.695456] initcall mtrr_init_finialize+0x0/0x3e returned 0 after 0 usecs
[    2.696455] calling  uid_cache_init+0x0/0x85 @ 1
[    2.698487] initcall uid_cache_init+0x0/0x85 returned 0 after 0 usecs
[    2.699454] calling  param_sysfs_init+0x0/0x1ba @ 1
[    2.716320] initcall param_sysfs_init+0x0/0x1ba returned 0 after 14648 usecs
[    2.716495] calling  user_namespace_sysctl_init+0x0/0x33 @ 1
[    2.717526] initcall user_namespace_sysctl_init+0x0/0x33 returned 0 after 0 usecs
[    2.718456] calling  proc_schedstat_init+0x0/0x24 @ 1
[    2.719467] initcall proc_schedstat_init+0x0/0x24 returned 0 after 0 usecs
[    2.720455] calling  pm_sysrq_init+0x0/0x18 @ 1
[    2.721552] initcall pm_sysrq_init+0x0/0x18 returned 0 after 0 usecs
[    2.722712] calling  create_proc_profile+0x0/0xd0 @ 1
[    2.723491] initcall create_proc_profile+0x0/0xd0 returned 0 after 0 usecs
[    2.724459] calling  time_ns_init+0x0/0x7 @ 1
[    2.725456] initcall time_ns_init+0x0/0x7 returned 0 after 0 usecs
[    2.726456] calling  crash_save_vmcoreinfo_init+0x0/0x722 @ 1
[    2.727547] initcall crash_save_vmcoreinfo_init+0x0/0x722 returned 0 after 0 usecs
[    2.728457] calling  crash_notes_memory_init+0x0/0x35 @ 1
[    2.729501] initcall crash_notes_memory_init+0x0/0x35 returned 0 after 0 usecs
[    2.731455] calling  cgroup_sysfs_init+0x0/0x13 @ 1
[    2.732488] initcall cgroup_sysfs_init+0x0/0x13 returned 0 after 0 usecs
[    2.733457] calling  cgroup_namespaces_init+0x0/0x7 @ 1
[    2.734457] initcall cgroup_namespaces_init+0x0/0x7 returned 0 after 0 usecs
[    2.735456] calling  init_optprobes+0x0/0x13 @ 1
[    2.736568] Kprobes globally optimized
[    2.737457] initcall init_optprobes+0x0/0x13 returned 0 after 976 usecs
[    2.739453] calling  oom_init+0x0/0x2f @ 1
[    2.741686] initcall oom_init+0x0/0x2f returned 0 after 0 usecs
[    2.749505] calling  default_bdi_init+0x0/0xb3 @ 1
[    2.756651] initcall default_bdi_init+0x0/0xb3 returned 0 after 976 usecs
[    2.757456] calling  percpu_enable_async+0x0/0xe @ 1
[    2.758454] initcall percpu_enable_async+0x0/0xe returned 0 after 0 usecs
[    2.759457] calling  kcompactd_init+0x0/0x8d @ 1
[    2.761785] initcall kcompactd_init+0x0/0x8d returned 0 after 976 usecs
[    2.769519] calling  init_user_reserve+0x0/0x40 @ 1
[    2.776460] initcall init_user_reserve+0x0/0x40 returned 0 after 0 usecs
[    2.784460] calling  init_admin_reserve+0x0/0x40 @ 1
[    2.790458] initcall init_admin_reserve+0x0/0x40 returned 0 after 0 usecs
[    2.798460] calling  init_reserve_notifier+0x0/0x7 @ 1
[    2.805462] initcall init_reserve_notifier+0x0/0x7 returned 0 after 0 usecs
[    2.813460] calling  swap_init_sysfs+0x0/0x62 @ 1
[    2.819459] initcall swap_init_sysfs+0x0/0x62 returned 0 after 0 usecs
[    2.827465] calling  swapfile_init+0x0/0x94 @ 1
[    2.832464] initcall swapfile_init+0x0/0x94 returned 0 after 0 usecs
[    2.841462] calling  hugetlb_init+0x0/0x49c @ 1
[    2.848466] HugeTLB registered 2.00 MiB page size, pre-allocated 0 pages
[    2.860553] initcall hugetlb_init+0x0/0x49c returned 0 after 11718 usecs
[    2.868462] calling  io_wq_init+0x0/0x34 @ 1
[    2.873464] initcall io_wq_init+0x0/0x34 returned 0 after 0 usecs
[    2.881459] calling  seqiv_module_init+0x0/0xc @ 1
[    2.888563] initcall seqiv_module_init+0x0/0xc returned 0 after 0 usecs
[    2.896466] calling  echainiv_module_init+0x0/0xc @ 1
[    2.903460] initcall echainiv_module_init+0x0/0xc returned 0 after 0 usecs
[    2.918444] calling  rsa_init+0x0/0x50 @ 1
[    2.956474] initcall rsa_init+0x0/0x50 returned 0 after 29296 usecs
[    2.958444] cryptomgr_test (29) used greatest stack depth: 14864 bytes left
[    2.958615] calling  crypto_cmac_module_init+0x0/0xc @ 1
[    2.958679] initcall crypto_cmac_module_init+0x0/0xc returned 0 after 0 usecs
[    2.977463] calling  hmac_module_init+0x0/0xc @ 1
[    2.983462] initcall hmac_module_init+0x0/0xc returned 0 after 0 usecs
[    2.991459] calling  crypto_null_mod_init+0x0/0x65 @ 1
[    3.008654] initcall crypto_null_mod_init+0x0/0x65 returned 0 after 9765 usecs
[    3.017465] calling  md5_mod_init+0x0/0xc @ 1
[    3.025016] initcall md5_mod_init+0x0/0xc returned 0 after 976 usecs
[    3.032462] calling  sha256_generic_mod_init+0x0/0x11 @ 1
[    3.053314] initcall sha256_generic_mod_init+0x0/0x11 returned 0 after 14648 usecs
[    3.053466] calling  crypto_cbc_module_init+0x0/0xc @ 1
[    3.054462] initcall crypto_cbc_module_init+0x0/0xc returned 0 after 0 usecs
[    3.055457] calling  crypto_ctr_module_init+0x0/0x11 @ 1
[    3.057461] initcall crypto_ctr_module_init+0x0/0x11 returned 0 after 0 usecs
[    3.058464] calling  crypto_gcm_module_init+0x0/0x64 @ 1
[    3.059740] initcall crypto_gcm_module_init+0x0/0x64 returned 0 after 0 usecs
[    3.060456] calling  crypto_ccm_module_init+0x0/0x11 @ 1
[    3.061459] initcall crypto_ccm_module_init+0x0/0x11 returned 0 after 0 usecs
[    3.062614] calling  aes_init+0x0/0xc @ 1
[    3.066456] initcall aes_init+0x0/0xc returned 0 after 2929 usecs
[    3.067462] calling  crc32c_mod_init+0x0/0xc @ 1
[    3.071504] initcall crc32c_mod_init+0x0/0xc returned 0 after 2929 usecs
[    3.072459] calling  crypto_authenc_module_init+0x0/0xc @ 1
[    3.073460] initcall crypto_authenc_module_init+0x0/0xc returned 0 after 0 usecs
[    3.074458] calling  crypto_authenc_esn_module_init+0x0/0xc @ 1
[    3.075663] initcall crypto_authenc_esn_module_init+0x0/0xc returned 0 after 0 usecs
[    3.076458] calling  drbg_init+0x0/0x7c @ 1
[    3.102685] initcall drbg_init+0x0/0x7c returned 0 after 24414 usecs
[    3.109459] calling  ghash_mod_init+0x0/0xc @ 1
[    3.120472] initcall ghash_mod_init+0x0/0xc returned 0 after 5859 usecs
[    3.122471] calling  init_bio+0x0/0x9a @ 1
[    3.131806] initcall init_bio+0x0/0x9a returned 0 after 7812 usecs
[    3.132459] calling  blk_settings_init+0x0/0x29 @ 1
[    3.134455] initcall blk_settings_init+0x0/0x29 returned 0 after 976 usecs
[    3.135457] calling  blk_ioc_init+0x0/0x29 @ 1
[    3.136697] initcall blk_ioc_init+0x0/0x29 returned 0 after 0 usecs
[    3.137456] calling  blk_mq_init+0x0/0xb9 @ 1
[    3.139862] initcall blk_mq_init+0x0/0xb9 returned 0 after 976 usecs
[    3.140457] calling  genhd_device_init+0x0/0x75 @ 1
[    3.146057] initcall genhd_device_init+0x0/0x75 returned 0 after 2929 usecs
[    3.156444] calling  pci_slot_init+0x0/0x40 @ 1
[    3.163683] initcall pci_slot_init+0x0/0x40 returned 0 after 976 usecs
[    3.174590] calling  fbmem_init+0x0/0xd8 @ 1
[    3.190792] initcall fbmem_init+0x0/0xd8 returned 0 after 9765 usecs
[    3.199462] calling  acpi_init+0x0/0x319 @ 1
[    3.206058] ACPI: Added _OSI(Module Device)
[    3.211457] ACPI: Added _OSI(Processor Device)
[    3.218454] ACPI: Added _OSI(3.0 _SCP Extensions)
[    3.224455] ACPI: Added _OSI(Processor Aggregator Device)
[    3.231698] ACPI: Added _OSI(Linux-Dell-Video)
[    3.238456] ACPI: Added _OSI(Linux-Lenovo-NV-HDMI-Audio)
[    3.240453] ACPI: Added _OSI(Linux-HPI-Hybrid-Graphics)
[    3.265451] ACPI: 1 ACPI AML tables successfully acquired and loaded
[    3.296384] ACPI: Interpreter enabled
[    3.302802] ACPI: (supports S0 S3 S4 S5)
[    3.307773] ACPI: Using IOAPIC for interrupt routing
[    3.316316] PCI: Using host bridge windows from ACPI; if necessary, use "pci=nocrs" and report a bug
[    3.329444] ACPI: Enabled 2 GPEs in block 00 to 3F
[    3.358071] ACPI: PCI Root Bridge [PCI0] (domain 0000 [bus 00-ff])
[    3.367597] acpi PNP0A08:00: _OSC: OS supports [ExtendedConfig ASPM ClockPM Segments MSI HPX-Type3]
[    3.383350] acpi PNP0A08:00: _OSC: platform does not support [LTR]
[    3.394807] acpi PNP0A08:00: _OSC: OS now controls [PME PCIeCapability]
[    3.406729] PCI host bridge to bus 0000:00
[    3.412477] pci_bus 0000:00: root bus resource [io  0x0000-0x0cf7 window]
[    3.420510] pci_bus 0000:00: root bus resource [io  0x0d00-0xffff window]
[    3.428454] pci_bus 0000:00: root bus resource [mem 0x000a0000-0x000bffff window]
[    3.438454] pci_bus 0000:00: root bus resource [mem 0x20000000-0xafffffff window]
[    3.447457] pci_bus 0000:00: root bus resource [mem 0xc0000000-0xfebfffff window]
[    3.456454] pci_bus 0000:00: root bus resource [mem 0x100000000-0x8ffffffff window]
[    3.466459] pci_bus 0000:00: root bus resource [bus 00-ff]
[    3.473769] pci 0000:00:00.0: calling  quirk_mmio_always_on+0x0/0x10 @ 1
[    3.483598] pci 0000:00:00.0: quirk_mmio_always_on+0x0/0x10 took 0 usecs
[    3.491496] pci 0000:00:00.0: [8086:29c0] type 00 class 0x060000
[    3.502444] pci 0000:00:00.0: calling  quirk_igfx_skip_te_disable+0x0/0x80 @ 1
[    3.511506] pci 0000:00:00.0: quirk_igfx_skip_te_disable+0x0/0x80 took 0 usecs
[    3.524565] pci 0000:00:01.0: [1234:1111] type 00 class 0x030000
[    3.544444] pci 0000:00:01.0: reg 0x10: [mem 0xfd000000-0xfdffffff pref]
[    3.560444] pci 0000:00:01.0: reg 0x18: [mem 0xfebf0000-0xfebf0fff]
[    3.594444] pci 0000:00:01.0: reg 0x30: [mem 0xfebe0000-0xfebeffff pref]
[    3.610444] pci 0000:00:01.0: calling  efifb_fixup_resources+0x0/0xf0 @ 1
[    3.613763] pci 0000:00:01.0: efifb_fixup_resources+0x0/0xf0 took 976 usecs
[    3.623628] pci 0000:00:1f.0: [8086:2918] type 00 class 0x060100
[    3.629969] pci 0000:00:1f.0: calling  quirk_ich7_lpc+0x0/0x60 @ 1
[    3.632527] pci 0000:00:1f.0: quirk: [io  0x0600-0x067f] claimed by ICH6 ACPI/GPIO/TCO
[    3.633870] pci 0000:00:1f.0: quirk_ich7_lpc+0x0/0x60 took 2929 usecs
[    3.634538] pci 0000:00:1f.0: calling  quirk_igfx_skip_te_disable+0x0/0x80 @ 1
[    3.635527] pci 0000:00:1f.0: quirk_igfx_skip_te_disable+0x0/0x80 took 0 usecs
[    3.639905] pci 0000:00:1f.2: [8086:2922] type 00 class 0x010601
[    3.650454] pci 0000:00:1f.2: reg 0x20: [io  0xc040-0xc05f]
[    3.652864] pci 0000:00:1f.2: reg 0x24: [mem 0xfebf1000-0xfebf1fff]
[    3.655568] pci 0000:00:1f.2: calling  quirk_igfx_skip_te_disable+0x0/0x80 @ 1
[    3.656461] pci 0000:00:1f.2: quirk_igfx_skip_te_disable+0x0/0x80 took 0 usecs
[    3.661934] pci 0000:00:1f.3: [8086:2930] type 00 class 0x0c0500
[    3.669048] pci 0000:00:1f.3: reg 0x20: [io  0x0700-0x073f]
[    3.672225] pci 0000:00:1f.3: calling  quirk_igfx_skip_te_disable+0x0/0x80 @ 1
[    3.672461] pci 0000:00:1f.3: quirk_igfx_skip_te_disable+0x0/0x80 took 0 usecs
[    3.683183] ACPI: PCI Interrupt Link [LNKA] (IRQs 5 *10 11)
[    3.685829] ACPI: PCI Interrupt Link [LNKB] (IRQs 5 *10 11)
[    3.688243] ACPI: PCI Interrupt Link [LNKC] (IRQs 5 10 *11)
[    3.689783] ACPI: PCI Interrupt Link [LNKD] (IRQs 5 10 *11)
[    3.692242] ACPI: PCI Interrupt Link [LNKE] (IRQs 5 *10 11)
[    3.693530] ACPI: PCI Interrupt Link [LNKF] (IRQs 5 *10 11)
[    3.695651] ACPI: PCI Interrupt Link [LNKG] (IRQs 5 10 *11)
[    3.697777] ACPI: PCI Interrupt Link [LNKH] (IRQs 5 10 *11)
[    3.699476] ACPI: PCI Interrupt Link [GSIA] (IRQs *16)
[    3.700592] ACPI: PCI Interrupt Link [GSIB] (IRQs *17)
[    3.701750] ACPI: PCI Interrupt Link [GSIC] (IRQs *18)
[    3.702765] ACPI: PCI Interrupt Link [GSID] (IRQs *19)
[    3.704474] ACPI: PCI Interrupt Link [GSIE] (IRQs *20)
[    3.706473] ACPI: PCI Interrupt Link [GSIF] (IRQs *21)
[    3.707712] ACPI: PCI Interrupt Link [GSIG] (IRQs *22)
[    3.708957] ACPI: PCI Interrupt Link [GSIH] (IRQs *23)
[    3.730444] initcall acpi_init+0x0/0x319 returned 0 after 511718 usecs
[    3.732692] calling  pnp_init+0x0/0xc @ 1
[    3.734748] initcall pnp_init+0x0/0xc returned 0 after 976 usecs
[    3.735465] calling  misc_init+0x0/0xbf @ 1
[    3.741238] initcall misc_init+0x0/0xbf returned 0 after 3906 usecs
[    3.741460] calling  iommu_subsys_init+0x0/0x4e @ 1
[    3.744987] iommu: Default domain type: Translated 
[    3.745457] initcall iommu_subsys_init+0x0/0x4e returned 0 after 2929 usecs
[    3.746455] calling  vga_arb_device_init+0x0/0x261 @ 1
[    3.777346] pci 0000:00:01.0: vgaarb: setting as boot VGA device
[    3.777444] pci 0000:00:01.0: vgaarb: VGA device added: decodes=io+mem,owns=io+mem,locks=none
[    3.777464] pci 0000:00:01.0: vgaarb: bridge control possible
[    3.778463] vgaarb: loaded
[    3.779498] initcall vga_arb_device_init+0x0/0x261 returned 0 after 31250 usecs
[    3.780765] calling  cn_init+0x0/0xf0 @ 1
[    3.782499] initcall cn_init+0x0/0xf0 returned 0 after 976 usecs
[    3.783460] calling  dma_buf_init+0x0/0xad @ 1
[    3.787244] initcall dma_buf_init+0x0/0xad returned 0 after 1953 usecs
[    3.787457] calling  dma_resv_lockdep+0x0/0x281 @ 1
[    3.790300] initcall dma_resv_lockdep+0x0/0x281 returned 0 after 976 usecs
[    3.790457] calling  init_scsi+0x0/0x79 @ 1
[    3.794338] SCSI subsystem initialized
[    3.794457] initcall init_scsi+0x0/0x79 returned 0 after 1953 usecs
[    3.795497] calling  ata_init+0x0/0x332 @ 1
[    3.799928] libata version 3.00 loaded.
[    3.804463] initcall ata_init+0x0/0x332 returned 0 after 7812 usecs
[    3.811460] calling  phy_init+0x0/0x250 @ 1
[    3.820066] initcall phy_init+0x0/0x250 returned 0 after 3906 usecs
[    3.827562] calling  init_pcmcia_cs+0x0/0x35 @ 1
[    3.833640] initcall init_pcmcia_cs+0x0/0x35 returned 0 after 0 usecs
[    3.841457] calling  usb_common_init+0x0/0x1c @ 1
[    3.847676] initcall usb_common_init+0x0/0x1c returned 0 after 976 usecs
[    3.857469] calling  usb_init+0x0/0x12e @ 1
[    3.863860] ACPI: bus type USB registered
[    3.875865] usbcore: registered new interface driver usbfs
[    3.884495] usbcore: registered new interface driver hub
[    3.891522] usbcore: registered new device driver usb
[    3.897480] initcall usb_init+0x0/0x12e returned 0 after 33203 usecs
[    3.907459] calling  serio_init+0x0/0x29 @ 1
[    3.912697] initcall serio_init+0x0/0x29 returned 0 after 1953 usecs
[    3.920628] calling  input_init+0x0/0xf6 @ 1
[    3.924626] initcall input_init+0x0/0xf6 returned 0 after 0 usecs
[    3.933455] calling  rtc_init+0x0/0x4d @ 1
[    3.938475] initcall rtc_init+0x0/0x4d returned 0 after 0 usecs
[    3.945454] calling  pps_init+0x0/0xa9 @ 1
[    3.949710] pps_core: LinuxPPS API ver. 1 registered
[    3.960452] pps_core: Software ver. 5.3.6 - Copyright 2005-2007 Rodolfo Giometti <giometti@linux.it>
[    3.970458] initcall pps_init+0x0/0xa9 returned 0 after 20507 usecs
[    3.978456] calling  ptp_init+0x0/0x98 @ 1
[    3.983486] PTP clock support registered
[    3.988459] initcall ptp_init+0x0/0x98 returned 0 after 4882 usecs
[    3.995455] calling  power_supply_class_init+0x0/0x3f @ 1
[    4.002797] initcall power_supply_class_init+0x0/0x3f returned 0 after 976 usecs
[    4.012455] calling  hwmon_init+0x0/0x104 @ 1
[    4.017480] initcall hwmon_init+0x0/0x104 returned 0 after 0 usecs
[    4.026459] calling  md_init+0x0/0x16b @ 1
[    4.034493] initcall md_init+0x0/0x16b returned 0 after 2929 usecs
[    4.035527] calling  leds_init+0x0/0x3b @ 1
[    4.036535] initcall leds_init+0x0/0x3b returned 0 after 0 usecs
[    4.037455] calling  dmi_init+0x0/0x113 @ 1
[    4.039592] initcall dmi_init+0x0/0x113 returned 0 after 976 usecs
[    4.040461] calling  efisubsys_init+0x0/0x4e7 @ 1
[    4.041568] initcall efisubsys_init+0x0/0x4e7 returned 0 after 0 usecs
[    4.042466] calling  nvmem_init+0x0/0xc @ 1
[    4.043633] initcall nvmem_init+0x0/0xc returned 0 after 0 usecs
[    4.044461] calling  init_soundcore+0x0/0x33 @ 1
[    4.045519] initcall init_soundcore+0x0/0x33 returned 0 after 0 usecs
[    4.046458] calling  alsa_sound_init+0x0/0x8f @ 1
[    4.049138] Advanced Linux Sound Architecture Driver Initialized.
[    4.049456] initcall alsa_sound_init+0x0/0x8f returned 0 after 1953 usecs
[    4.050454] calling  alsa_seq_device_init+0x0/0x71 @ 1
[    4.051884] initcall alsa_seq_device_init+0x0/0x71 returned 0 after 0 usecs
[    4.052517] calling  hda_bus_init+0x0/0xc @ 1
[    4.053544] initcall hda_bus_init+0x0/0xc returned 0 after 0 usecs
[    4.054454] calling  proto_init+0x0/0xc @ 1
[    4.055580] initcall proto_init+0x0/0xc returned 0 after 0 usecs
[    4.056455] calling  net_dev_init+0x0/0x27f @ 1
[    4.061780] initcall net_dev_init+0x0/0x27f returned 0 after 3906 usecs
[    4.062461] calling  neigh_init+0x0/0x84 @ 1
[    4.063484] initcall neigh_init+0x0/0x84 returned 0 after 0 usecs
[    4.064457] calling  fib_notifier_init+0x0/0xc @ 1
[    4.065466] initcall fib_notifier_init+0x0/0xc returned 0 after 0 usecs
[    4.067457] calling  fib_rules_init+0x0/0xab @ 1
[    4.068498] initcall fib_rules_init+0x0/0xab returned 0 after 0 usecs
[    4.070470] calling  pktsched_init+0x0/0x10e @ 1
[    4.072725] initcall pktsched_init+0x0/0x10e returned 0 after 0 usecs
[    4.073455] calling  tc_filter_init+0x0/0xfa @ 1
[    4.074553] initcall tc_filter_init+0x0/0xfa returned 0 after 0 usecs
[    4.075454] calling  tc_action_init+0x0/0x54 @ 1
[    4.076460] initcall tc_action_init+0x0/0x54 returned 0 after 0 usecs
[    4.077455] calling  ethnl_init+0x0/0x52 @ 1
[    4.078835] initcall ethnl_init+0x0/0x52 returned 0 after 0 usecs
[    4.079470] calling  nexthop_init+0x0/0xd8 @ 1
[    4.081461] initcall nexthop_init+0x0/0xd8 returned 0 after 976 usecs
[    4.082454] calling  cipso_v4_init+0x0/0x8d @ 1
[    4.083604] initcall cipso_v4_init+0x0/0x8d returned 0 after 0 usecs
[    4.084456] calling  ieee80211_init+0x0/0x24 @ 1
[    4.086904] initcall ieee80211_init+0x0/0x24 returned 0 after 0 usecs
[    4.087455] calling  netlbl_init+0x0/0x78 @ 1
[    4.088499] NetLabel: Initializing
[    4.089451] NetLabel:  domain hash size = 128
[    4.090450] NetLabel:  protocols = UNLABELED CIPSOv4 CALIPSO
[    4.091671] NetLabel:  unlabeled traffic allowed by default
[    4.092457] initcall netlbl_init+0x0/0x78 returned 0 after 3906 usecs
[    4.093453] calling  rfkill_init+0x0/0x136 @ 1
[    4.096973] initcall rfkill_init+0x0/0x136 returned 0 after 1953 usecs
[    4.097517] calling  pci_subsys_init+0x0/0x66 @ 1
[    4.098647] PCI: Using ACPI for IRQ routing
[    4.855444] PCI: pci_cache_line_size set to 64 bytes
[    4.859553] e820: reserve RAM buffer [mem 0x0009fc00-0x0009ffff]
[    4.861856] e820: reserve RAM buffer [mem 0x1ffdf000-0x1fffffff]
[    4.863444] initcall pci_subsys_init+0x0/0x66 returned 0 after 746093 usecs
[    4.870621] calling  nmi_warning_debugfs+0x0/0x26 @ 1
[    4.874455] initcall nmi_warning_debugfs+0x0/0x26 returned 0 after 2929 usecs
[    4.875651] calling  save_microcode_in_initrd+0x0/0x51 @ 1
[    4.878818] initcall save_microcode_in_initrd+0x0/0x51 returned 0 after 1953 usecs
[    4.879455] calling  hpet_late_init+0x0/0x20a @ 1
[    4.882621] hpet: 3 channels of 0 reserved for per-cpu timers
[    4.885058] hpet0: at MMIO 0xfed00000, IRQs 2, 8, 0
[    4.885452] hpet0: 3 comparators, 64-bit 100.000000 MHz counter
[    4.890462] initcall hpet_late_init+0x0/0x20a returned 0 after 9765 usecs
[    4.891456] calling  init_amd_nbs+0x0/0x11c @ 1
[    4.892856] initcall init_amd_nbs+0x0/0x11c returned 0 after 0 usecs
[    4.893475] calling  clocksource_done_booting+0x0/0x43 @ 1
[    4.898160] clocksource: Switched to clocksource kvm-clock
[    4.907759] initcall clocksource_done_booting+0x0/0x43 returned 0 after 12996 usecs
[    4.917402] calling  tracer_init_tracefs+0x0/0x248 @ 1
[    5.723768] initcall tracer_init_tracefs+0x0/0x248 returned 0 after 780941 usecs
[    5.732136] calling  init_trace_printk_function_export+0x0/0x2c @ 1
[    5.739261] initcall init_trace_printk_function_export+0x0/0x2c returned 0 after 21 usecs
[    5.748291] calling  init_kprobe_trace+0x0/0x1ab @ 1
[    5.754050] initcall init_kprobe_trace+0x0/0x1ab returned 0 after 70 usecs
[    5.763592] calling  init_dynamic_event+0x0/0x3d @ 1
[    5.770801] initcall init_dynamic_event+0x0/0x3d returned 0 after 20 usecs
[    5.780535] calling  init_uprobe_trace+0x0/0x5c @ 1
[    5.788034] initcall init_uprobe_trace+0x0/0x5c returned 0 after 253 usecs
[    5.797953] calling  init_pipe_fs+0x0/0x44 @ 1
[    5.805215] initcall init_pipe_fs+0x0/0x44 returned 0 after 892 usecs
[    5.814313] calling  inotify_user_setup+0x0/0x47 @ 1
[    5.821731] initcall inotify_user_setup+0x0/0x47 returned 0 after 231 usecs
[    5.830284] calling  eventpoll_init+0x0/0xeb @ 1
[    5.836808] initcall eventpoll_init+0x0/0xeb returned 0 after 176 usecs
[    5.844735] calling  anon_inode_init+0x0/0x58 @ 1
[    5.850234] initcall anon_inode_init+0x0/0x58 returned 0 after 184 usecs
[    5.857784] calling  proc_locks_init+0x0/0x27 @ 1
[    5.863191] initcall proc_locks_init+0x0/0x27 returned 0 after 59 usecs
[    5.870693] calling  iomap_init+0x0/0x1b @ 1
[    5.876073] initcall iomap_init+0x0/0x1b returned 0 after 508 usecs
[    5.883078] calling  dquot_init+0x0/0x106 @ 1
[    5.888032] VFS: Disk quotas dquot_6.6.0
[    5.892777] VFS: Dquot-cache hash table entries: 512 (order 0, 4096 bytes)
[    5.900526] initcall dquot_init+0x0/0x106 returned 0 after 12196 usecs
[    5.907993] calling  quota_init+0x0/0x23 @ 1
[    5.913422] initcall quota_init+0x0/0x23 returned 0 after 529 usecs
[    5.920545] calling  proc_cmdline_init+0x0/0x21 @ 1
[    5.926129] initcall proc_cmdline_init+0x0/0x21 returned 0 after 42 usecs
[    5.935305] calling  proc_consoles_init+0x0/0x24 @ 1
[    5.941151] initcall proc_consoles_init+0x0/0x24 returned 0 after 8 usecs
[    5.948884] calling  proc_cpuinfo_init+0x0/0x1e @ 1
[    5.954580] initcall proc_cpuinfo_init+0x0/0x1e returned 0 after 7 usecs
[    5.962323] calling  proc_devices_init+0x0/0x24 @ 1
[    5.968041] initcall proc_devices_init+0x0/0x24 returned 0 after 5 usecs
[    5.975775] calling  proc_interrupts_init+0x0/0x24 @ 1
[    5.981742] initcall proc_interrupts_init+0x0/0x24 returned 0 after 32 usecs
[    5.989838] calling  proc_loadavg_init+0x0/0x21 @ 1
[    5.995850] initcall proc_loadavg_init+0x0/0x21 returned 0 after 6 usecs
[    6.004946] calling  proc_meminfo_init+0x0/0x21 @ 1
[    6.010642] initcall proc_meminfo_init+0x0/0x21 returned 0 after 6 usecs
[    6.018283] calling  proc_stat_init+0x0/0x1e @ 1
[    6.023701] initcall proc_stat_init+0x0/0x1e returned 0 after 7 usecs
[    6.031094] calling  proc_uptime_init+0x0/0x21 @ 1
[    6.036776] initcall proc_uptime_init+0x0/0x21 returned 0 after 6 usecs
[    6.044433] calling  proc_version_init+0x0/0x21 @ 1
[    6.050157] initcall proc_version_init+0x0/0x21 returned 0 after 6 usecs
[    6.058021] calling  proc_softirqs_init+0x0/0x21 @ 1
[    6.063828] initcall proc_softirqs_init+0x0/0x21 returned 0 after 6 usecs
[    6.071552] calling  proc_kcore_init+0x0/0xea @ 1
[    6.077438] initcall proc_kcore_init+0x0/0xea returned 0 after 395 usecs
[    6.092726] calling  vmcore_init+0x0/0x57b @ 1
[    6.099157] initcall vmcore_init+0x0/0x57b returned 0 after 126 usecs
[    6.106928] calling  proc_kmsg_init+0x0/0x21 @ 1
[    6.113441] initcall proc_kmsg_init+0x0/0x21 returned 0 after 984 usecs
[    6.121418] calling  proc_page_init+0x0/0x3b @ 1
[    6.126994] initcall proc_page_init+0x0/0x3b returned 0 after 57 usecs
[    6.134727] calling  init_ramfs_fs+0x0/0xc @ 1
[    6.141066] initcall init_ramfs_fs+0x0/0xc returned 0 after 883 usecs
[    6.148730] calling  init_hugetlbfs_fs+0x0/0xf6 @ 1
[    6.161678] initcall init_hugetlbfs_fs+0x0/0xf6 returned 0 after 7081 usecs
[    6.169994] calling  blk_scsi_ioctl_init+0x0/0x2a5 @ 1
[    6.176344] initcall blk_scsi_ioctl_init+0x0/0x2a5 returned 0 after 99 usecs
[    6.184696] calling  acpi_event_init+0x0/0x2c @ 1
[    6.191221] initcall acpi_event_init+0x0/0x2c returned 0 after 881 usecs
[    6.199275] calling  pnp_system_init+0x0/0xc @ 1
[    6.205699] initcall pnp_system_init+0x0/0xc returned 0 after 870 usecs
[    6.213621] calling  pnpacpi_init+0x0/0x69 @ 1
[    6.218869] pnp: PnP ACPI init
[    6.227200] pnp 00:00: Plug and Play ACPI device, IDs PNP0303 (active)
[    6.235213] pnp 00:01: Plug and Play ACPI device, IDs PNP0f13 (active)
[    6.243029] pnp 00:02: Plug and Play ACPI device, IDs PNP0400 (active)
[    6.250895] pnp 00:03: Plug and Play ACPI device, IDs PNP0501 (active)
[    6.261829] pnp 00:04: Plug and Play ACPI device, IDs PNP0b00 (active)
[    6.270842] system 00:05: [mem 0xb0000000-0xbfffffff window] has been reserved
[    6.280250] system 00:05: Plug and Play ACPI device, IDs PNP0c01 (active)
[    6.291804] pnp: PnP ACPI: found 6 devices
[    6.297149] initcall pnpacpi_init+0x0/0x69 returned 0 after 76454 usecs
[    6.305465] calling  chr_dev_init+0x0/0x14d @ 1
[    6.431337] initcall chr_dev_init+0x0/0x14d returned 0 after 117508 usecs
[    6.439523] calling  firmware_class_init+0x0/0x14a @ 1
[    6.446000] initcall firmware_class_init+0x0/0x14a returned 0 after 288 usecs
[    6.454574] calling  init_pcmcia_bus+0x0/0x5b @ 1
[    6.461085] initcall init_pcmcia_bus+0x0/0x5b returned 0 after 696 usecs
[    6.469708] calling  init_acpi_pm_clocksource+0x0/0xda @ 1
[    6.482297] clocksource: acpi_pm: mask: 0xffffff max_cycles: 0xffffff, max_idle_ns: 2085701024 ns
[    6.492727] initcall init_acpi_pm_clocksource+0x0/0xda returned 0 after 15732 usecs
[    6.501994] calling  sysctl_core_init+0x0/0x26 @ 1
[    6.509252] initcall sysctl_core_init+0x0/0x26 returned 0 after 810 usecs
[    6.518392] calling  eth_offload_init+0x0/0x13 @ 1
[    6.527382] initcall eth_offload_init+0x0/0x13 returned 0 after 1355 usecs
[    6.536144] calling  ipv4_offload_init+0x0/0x73 @ 1
[    6.542855] initcall ipv4_offload_init+0x0/0x73 returned 0 after 158 usecs
[    6.551698] calling  inet_init+0x0/0x276 @ 1
[    6.557679] NET: Registered protocol family 2
[    6.570072] IP idents hash table entries: 8192 (order: 4, 65536 bytes, linear)
[    6.585688] tcp_listen_portaddr_hash hash table entries: 256 (order: 2, 20480 bytes, linear)
[    6.596113] TCP established hash table entries: 4096 (order: 3, 32768 bytes, linear)
[    6.605897] TCP bind hash table entries: 4096 (order: 6, 294912 bytes, linear)
[    6.616030] TCP: Hash tables configured (established 4096 bind 4096)
[    6.625613] UDP hash table entries: 256 (order: 3, 40960 bytes, linear)
[    6.635371] UDP-Lite hash table entries: 256 (order: 3, 40960 bytes, linear)
[    6.644192] initcall inet_init+0x0/0x276 returned 0 after 84975 usecs
[    6.651739] calling  af_unix_init+0x0/0x4d @ 1
[    6.657649] NET: Registered protocol family 1
[    6.662816] initcall af_unix_init+0x0/0x4d returned 0 after 5146 usecs
[    6.671057] calling  ipv6_offload_init+0x0/0x7e @ 1
[    6.678910] initcall ipv6_offload_init+0x0/0x7e returned 0 after 104 usecs
[    6.686633] calling  init_sunrpc+0x0/0x65 @ 1
[    6.698813] RPC: Registered named UNIX socket transport module.
[    6.706069] RPC: Registered udp transport module.
[    6.711638] RPC: Registered tcp transport module.
[    6.717111] RPC: Registered tcp NFSv4.1 backchannel transport module.
[    6.725534] initcall init_sunrpc+0x0/0x65 returned 0 after 32764 usecs
[    6.735205] calling  cfg80211_init+0x0/0xc5 @ 1
[    6.745720] initcall cfg80211_init+0x0/0xc5 returned 0 after 3712 usecs
[    6.754532] calling  pcibios_assign_resources+0x0/0xbf @ 1
[    6.761990] pci_bus 0000:00: resource 4 [io  0x0000-0x0cf7 window]
[    6.772147] pci_bus 0000:00: resource 5 [io  0x0d00-0xffff window]
[    6.781410] pci_bus 0000:00: resource 6 [mem 0x000a0000-0x000bffff window]
[    6.791448] pci_bus 0000:00: resource 7 [mem 0x20000000-0xafffffff window]
[    6.800189] pci_bus 0000:00: resource 8 [mem 0xc0000000-0xfebfffff window]
[    6.808598] pci_bus 0000:00: resource 9 [mem 0x100000000-0x8ffffffff window]
[    6.817193] initcall pcibios_assign_resources+0x0/0xbf returned 0 after 54510 usecs
[    6.826529] calling  pci_apply_final_quirks+0x0/0x124 @ 1
[    6.836763] pci 0000:00:01.0: calling  pci_fixup_video+0x0/0xe0 @ 1
[    6.846046] pci 0000:00:01.0: Video device with shadowed ROM at [mem 0x000c0000-0x000dffff]
[    6.856114] pci 0000:00:01.0: pci_fixup_video+0x0/0xe0 took 10167 usecs
[    6.864304] PCI: CLS 0 bytes, default 64
[    6.869016] initcall pci_apply_final_quirks+0x0/0x124 returned 0 after 32760 usecs
[    6.877888] calling  acpi_reserve_resources+0x0/0xea @ 1
[    6.884576] initcall acpi_reserve_resources+0x0/0xea returned 0 after 197 usecs
[    6.893264] calling  populate_rootfs+0x0/0x102 @ 1
[    6.905551] initcall populate_rootfs+0x0/0x102 returned 0 after 4915 usecs
[    6.914115] calling  pci_iommu_init+0x0/0x3e @ 1
[    6.919970] initcall pci_iommu_init+0x0/0x3e returned 0 after 138 usecs
[    6.929709] calling  ia32_binfmt_init+0x0/0x13 @ 1
[    6.935669] initcall ia32_binfmt_init+0x0/0x13 returned 0 after 9 usecs
[    6.943697] calling  rapl_pmu_init+0x0/0x267 @ 1
[    6.949807] initcall rapl_pmu_init+0x0/0x267 returned -19 after 351 usecs
[    6.958361] calling  amd_uncore_init+0x0/0x310 @ 1
[    6.964365] initcall amd_uncore_init+0x0/0x310 returned -19 after 0 usecs
[    6.973005] calling  amd_ibs_init+0x0/0x27b @ 1
[    6.978946] initcall amd_ibs_init+0x0/0x27b returned -19 after 0 usecs
[    6.987279] calling  amd_iommu_pc_init+0x0/0x22c @ 1
[    6.993656] initcall amd_iommu_pc_init+0x0/0x22c returned -19 after 191 usecs
[    7.002677] calling  msr_init+0x0/0x55 @ 1
[    7.008165] initcall msr_init+0x0/0x55 returned 0 after 175 usecs
[    7.015863] calling  intel_uncore_init+0x0/0x36f @ 1
[    7.022713] initcall intel_uncore_init+0x0/0x36f returned -19 after 270 usecs
[    7.031701] calling  cstate_pmu_init+0x0/0x1a1 @ 1
[    7.038072] initcall cstate_pmu_init+0x0/0x1a1 returned -19 after 0 usecs
[    7.046804] calling  register_kernel_offset_dumper+0x0/0x1a @ 1
[    7.054441] initcall register_kernel_offset_dumper+0x0/0x1a returned 0 after 39 usecs
[    7.064503] calling  i8259A_init_ops+0x0/0x20 @ 1
[    7.070596] initcall i8259A_init_ops+0x0/0x20 returned 0 after 122 usecs
[    7.078995] calling  init_tsc_clocksource+0x0/0xa4 @ 1
[    7.085577] clocksource: tsc: mask: 0xffffffffffffffff max_cycles: 0x39a85afc727, max_idle_ns: 881590685098 ns
[    7.098342] initcall init_tsc_clocksource+0x0/0xa4 returned 0 after 12464 usecs
[    7.107549] calling  add_rtc_cmos+0x0/0xb0 @ 1
[    7.113463] initcall add_rtc_cmos+0x0/0xb0 returned 0 after 121 usecs
[    7.121743] calling  i8237A_init_ops+0x0/0x3a @ 1
[    7.127943] initcall i8237A_init_ops+0x0/0x3a returned 0 after 159 usecs
[    7.136429] calling  umwait_init+0x0/0x94 @ 1
[    7.142208] initcall umwait_init+0x0/0x94 returned -19 after 379 usecs
[    7.150244] calling  thermal_throttle_init_device+0x0/0x3d @ 1
[    7.157839] initcall thermal_throttle_init_device+0x0/0x3d returned 0 after 146 usecs
[    7.167418] calling  msr_init+0x0/0xd7 @ 1
[    7.178507] initcall msr_init+0x0/0xd7 returned 0 after 5644 usecs
[    7.187798] calling  cpuid_init+0x0/0xd7 @ 1
[    7.196703] initcall cpuid_init+0x0/0xd7 returned 0 after 3198 usecs
[    7.206694] calling  ioapic_init_ops+0x0/0x13 @ 1
[    7.214240] initcall ioapic_init_ops+0x0/0x13 returned 0 after 167 usecs
[    7.224209] calling  add_pcspkr+0x0/0x6c @ 1
[    7.231295] initcall add_pcspkr+0x0/0x6c returned 0 after 360 usecs
[    7.241371] calling  start_periodic_check_for_corruption+0x0/0x30 @ 1
[    7.251607] check: Scanning for low memory corruption every 60 seconds
[    7.261806] initcall start_periodic_check_for_corruption+0x0/0x30 returned 0 after 10128 usecs
[    7.277333] calling  sysfb_init+0x0/0x9c @ 1
[    7.283360] initcall sysfb_init+0x0/0x9c returned 0 after 234 usecs
[    7.291749] calling  audit_classes_init+0x0/0xae @ 1
[    7.298738] initcall audit_classes_init+0x0/0xae returned 0 after 102 usecs
[    7.308260] calling  iosf_mbi_init+0x0/0x24 @ 1
[    7.315712] initcall iosf_mbi_init+0x0/0x24 returned 0 after 722 usecs
[    7.325594] calling  proc_execdomains_init+0x0/0x21 @ 1
[    7.333821] initcall proc_execdomains_init+0x0/0x21 returned 0 after 48 usecs
[    7.344541] calling  register_warn_debugfs+0x0/0x23 @ 1
[    7.351297] initcall register_warn_debugfs+0x0/0x23 returned 0 after 44 usecs
[    7.360311] calling  cpuhp_sysfs_init+0x0/0x79 @ 1
[    7.366841] initcall cpuhp_sysfs_init+0x0/0x79 returned 0 after 101 usecs
[    7.375602] calling  ioresources_init+0x0/0x49 @ 1
[    7.382740] initcall ioresources_init+0x0/0x49 returned 0 after 11 usecs
[    7.392360] calling  lockdep_proc_init+0x0/0x64 @ 1
[    7.400047] initcall lockdep_proc_init+0x0/0x64 returned 0 after 170 usecs
[    7.411150] calling  snapshot_device_init+0x0/0xc @ 1
[    7.419881] initcall snapshot_device_init+0x0/0xc returned 0 after 1401 usecs
[    7.430649] calling  irq_pm_init_ops+0x0/0x13 @ 1
[    7.438516] initcall irq_pm_init_ops+0x0/0x13 returned 0 after 153 usecs
[    7.449273] calling  rcu_torture_init+0x0/0x9be @ 1
[    7.459234] tasks-rude-torture:--- Start of test: nreaders=1 nfakewriters=4 stat_interval=15 verbose=1 test_no_idle_hz=1 shuffle_interval=3 stutter=5 irqreader=1 fqs_duration=0 fqs_holdoff=0 fqs_stutter=3 test_boost=1/0 test_boost_interval=7 test_boost_duration=4 shutdown_secs=1800 stall_cpu=0 stall_cpu_holdoff=10 stall_cpu_irqsoff=0 stall_cpu_block=0 n_barrier_cbs=4 onoff_interval=1000 onoff_holdoff=30 read_exit_delay=13 read_exit_burst=16
[    7.516644] tasks-rude:  Start-test grace-period state: g0 f0x0
[    7.531298] tasks-rude-torture: Creating rcu_torture_writer task
[    7.545787] tasks-rude-torture: Creating rcu_torture_fakewriter task
[    7.546191] tasks-rude-torture: rcu_torture_writer task started
[    7.556881] tasks-rude-torture: Creating rcu_torture_fakewriter task
[    7.565811] tasks-rude-torture: GP expediting controlled from boot/sysfs for tasks-rude.
[    7.565838] rcu_torture_writer: Testing expedited GPs.
[    7.576941] tasks-rude-torture: rcu_torture_fakewriter task started
[    7.589801] rcu_torture_writer: Testing asynchronous GPs.
[    7.597358] tasks-rude-torture: Creating rcu_torture_fakewriter task
[    7.606871] rcu_torture_writer: Testing normal GPs.
[    7.606899] tasks-rude-torture: rcu_torture_fakewriter task started
[    7.615991] tasks-rude-torture: Creating rcu_torture_fakewriter task
[    7.625857] tasks-rude-torture: rcu_torture_fakewriter task started
[    7.631720] tasks-rude-torture: Creating rcu_torture_reader task
[    7.642417] tasks-rude-torture: rcu_torture_fakewriter task started
[    7.650718] tasks-rude-torture: Creating rcu_torture_stats task
[    7.660690] tasks-rude-torture: rcu_torture_reader task started
[    7.668638] tasks-rude-torture: Creating torture_shuffle task
[    7.678540] tasks-rude-torture: rcu_torture_stats task started
[    7.686754] tasks-rude-torture: Creating torture_stutter task
[    7.712289] tasks-rude-torture: torture_shuffle task started
[    7.731374] tasks-rude-torture: Creating torture_shutdown task
[    7.731867] tasks-rude-torture: torture_stutter task started
[    7.750377] tasks-rude-torture: Creating torture_onoff task
[    7.751815] tasks-rude-torture: torture_shutdown task started
[    7.757958] tasks-rude-torture: rcu_torture_fwd_prog_init: Disabled, unsupported by RCU flavor under test
[    7.766044] tasks-rude-torture:torture_shutdown task: 1799965 ms remaining
[    7.778827] tasks-rude-torture: torture_onoff task started
[    7.778830] tasks-rude-torture: torture_onoff begin holdoff
[    7.778843] tasks-rude-torture: Creating rcu_torture_barrier_cbs task
[    7.779278] tasks-rude-torture: Creating rcu_torture_barrier_cbs task
[    7.788589] tasks-rude-torture: rcu_torture_barrier_cbs task started
[    7.835020] tasks-rude-torture: Creating rcu_torture_barrier_cbs task
[    7.835640] tasks-rude-torture: rcu_torture_barrier_cbs task started
[    7.848757] tasks-rude-torture: Creating rcu_torture_barrier_cbs task
[    7.854988] tasks-rude-torture: rcu_torture_barrier_cbs task started
[    7.876241] tasks-rude-torture: Creating rcu_torture_barrier task
[    7.877999] tasks-rude-torture: rcu_torture_barrier_cbs task started
[    7.886055] tasks-rude-torture: Creating rcu_torture_read_exit task
[    7.894690] tasks-rude-torture: rcu_torture_barrier task starting
[    7.903447] initcall rcu_torture_init+0x0/0x9be returned 0 after 434251 usecs
[    7.921765] tasks-rude-torture: rcu_torture_read_exit: Start of test
[    7.930584] calling  timekeeping_init_ops+0x0/0x13 @ 1
[    7.939404] initcall timekeeping_init_ops+0x0/0x13 returned 0 after 18 usecs
[    7.948918] calling  init_clocksource_sysfs+0x0/0x23 @ 1
[    7.957080] initcall init_clocksource_sysfs+0x0/0x23 returned 0 after 434 usecs
[    7.967585] calling  init_timer_list_procfs+0x0/0x31 @ 1
[    7.975113] initcall init_timer_list_procfs+0x0/0x31 returned 0 after 9 usecs
[    7.985087] calling  alarmtimer_init+0x0/0xf5 @ 1
[    7.992504] initcall alarmtimer_init+0x0/0xf5 returned 0 after 539 usecs
[    8.002492] calling  init_posix_timers+0x0/0x29 @ 1
[    8.009704] initcall init_posix_timers+0x0/0x29 returned 0 after 37 usecs
[    8.019423] calling  clockevents_init_sysfs+0x0/0xbf @ 1
[    8.028064] initcall clockevents_init_sysfs+0x0/0xbf returned 0 after 245 usecs
[    8.039026] calling  proc_dma_init+0x0/0x21 @ 1
[    8.046992] initcall proc_dma_init+0x0/0x21 returned 0 after 219 usecs
[    8.057880] calling  proc_modules_init+0x0/0x1e @ 1
[    8.066070] initcall proc_modules_init+0x0/0x1e returned 0 after 9 usecs
[    8.075889] calling  kallsyms_init+0x0/0x21 @ 1
[    8.082088] initcall kallsyms_init+0x0/0x21 returned 0 after 7 usecs
[    8.090946] calling  pid_namespaces_init+0x0/0x2c @ 1
[    8.097967] initcall pid_namespaces_init+0x0/0x2c returned 0 after 28 usecs
[    8.107910] calling  audit_watch_init+0x0/0x37 @ 1
[    8.115880] initcall audit_watch_init+0x0/0x37 returned 0 after 4 usecs
[    8.127402] calling  audit_fsnotify_init+0x0/0x37 @ 1
[    8.135873] initcall audit_fsnotify_init+0x0/0x37 returned 0 after 4 usecs
[    8.146567] calling  audit_tree_init+0x0/0x6d @ 1
[    8.153322] initcall audit_tree_init+0x0/0x6d returned 0 after 12 usecs
[    8.162475] calling  seccomp_sysctl_init+0x0/0x2b @ 1
[    8.172410] initcall seccomp_sysctl_init+0x0/0x2b returned 0 after 44 usecs
[    8.183092] calling  utsname_sysctl_init+0x0/0x13 @ 1
[    8.191082] initcall utsname_sysctl_init+0x0/0x13 returned 0 after 33 usecs
[    8.201555] calling  init_tracepoints+0x0/0x27 @ 1
[    8.209320] initcall init_tracepoints+0x0/0x27 returned 0 after 90 usecs
[    8.219604] calling  init_blk_tracer+0x0/0x50 @ 1
[    8.229910] initcall init_blk_tracer+0x0/0x50 returned 0 after 2206 usecs
[    8.240250] calling  perf_event_sysfs_init+0x0/0x83 @ 1
[    8.249379] initcall perf_event_sysfs_init+0x0/0x83 returned 0 after 1200 usecs
[    8.260916] calling  system_trusted_keyring_init+0x0/0x60 @ 1
[    8.269329] Initialise system trusted keyrings
[    8.277459] initcall system_trusted_keyring_init+0x0/0x60 returned 0 after 7934 usecs
[    8.289439] calling  kswapd_init+0x0/0x5c @ 1
[    8.299421] initcall kswapd_init+0x0/0x5c returned 0 after 3040 usecs
[    8.308702] calling  extfrag_debug_init+0x0/0x54 @ 1
[    8.316506] initcall extfrag_debug_init+0x0/0x54 returned 0 after 116 usecs
[    8.327144] calling  mm_compute_batch_init+0x0/0x12 @ 1
[    8.361695] initcall mm_compute_batch_init+0x0/0x12 returned 0 after 5996 usecs
[    8.376189] calling  slab_proc_init+0x0/0x21 @ 1
[    8.385719] initcall slab_proc_init+0x0/0x21 returned 0 after 2300 usecs
[    8.396070] calling  workingset_init+0x0/0x8c @ 1
[    8.403615] workingset: timestamp_bits=56 max_order=17 bucket_order=0
[    8.414310] initcall workingset_init+0x0/0x8c returned 0 after 10461 usecs
[    8.425098] calling  proc_vmalloc_init+0x0/0x32 @ 1
[    8.432610] initcall proc_vmalloc_init+0x0/0x32 returned 0 after 50 usecs
[    8.442801] calling  procswaps_init+0x0/0x1e @ 1
[    8.451210] initcall procswaps_init+0x0/0x1e returned 0 after 1597 usecs
[    8.461498] calling  slab_sysfs_init+0x0/0xec @ 1
[    8.492061] initcall slab_sysfs_init+0x0/0xec returned 0 after 22272 usecs
[    8.504167] calling  fcntl_init+0x0/0x29 @ 1
[    8.513216] initcall fcntl_init+0x0/0x29 returned 0 after 1689 usecs
[    8.523082] calling  proc_filesystems_init+0x0/0x21 @ 1
[    8.531500] initcall proc_filesystems_init+0x0/0x21 returned 0 after 49 usecs
[    8.542672] calling  start_dirtytime_writeback+0x0/0x29 @ 1
[    8.551660] initcall start_dirtytime_writeback+0x0/0x29 returned 0 after 112 usecs
[    8.562690] calling  blkdev_init+0x0/0x1b @ 1
[    8.574860] initcall blkdev_init+0x0/0x1b returned 0 after 5989 usecs
[    8.584427] calling  dio_init+0x0/0x2c @ 1
[    8.591223] initcall dio_init+0x0/0x2c returned 0 after 148 usecs
[    8.600630] calling  dnotify_init+0x0/0x78 @ 1
[    8.607972] initcall dnotify_init+0x0/0x78 returned 0 after 262 usecs
[    8.617975] calling  aio_setup+0x0/0x78 @ 1
[    8.634910] initcall aio_setup+0x0/0x78 returned 0 after 9825 usecs
[    8.645190] calling  io_uring_init+0x0/0x2c @ 1
[    8.652884] initcall io_uring_init+0x0/0x2c returned 0 after 18 usecs
[    8.663075] calling  mbcache_init+0x0/0x30 @ 1
[    8.670802] initcall mbcache_init+0x0/0x30 returned 0 after 355 usecs
[    8.682069] calling  init_grace+0x0/0xc @ 1
[    8.690271] initcall init_grace+0x0/0xc returned 0 after 518 usecs
[    8.701642] calling  init_v2_quota_format+0x0/0x21 @ 1
[    8.710901] initcall init_v2_quota_format+0x0/0x21 returned 0 after 632 usecs
[    8.721909] calling  init_devpts_fs+0x0/0x27 @ 1
[    8.729915] initcall init_devpts_fs+0x0/0x27 returned 0 after 645 usecs
[    8.740556] calling  ext4_init_fs+0x0/0x1c2 @ 1
[    8.749162] initcall ext4_init_fs+0x0/0x1c2 returned 0 after 1433 usecs
[    8.759753] calling  journal_init+0x0/0x11c @ 1
[    8.767274] initcall journal_init+0x0/0x11c returned 0 after 249 usecs
[    8.777508] calling  init_fat_fs+0x0/0x49 @ 1
[    8.785151] initcall init_fat_fs+0x0/0x49 returned 0 after 287 usecs
[    8.795029] calling  init_vfat_fs+0x0/0xc @ 1
[    8.802283] initcall init_vfat_fs+0x0/0xc returned 0 after 6 usecs
[    8.811806] calling  init_msdos_fs+0x0/0xc @ 1
[    8.818655] initcall init_msdos_fs+0x0/0xc returned 0 after 4 usecs
[    8.827861] calling  init_iso9660_fs+0x0/0x6c @ 1
[    8.836763] initcall init_iso9660_fs+0x0/0x6c returned 0 after 1083 usecs
[    8.848351] calling  init_nfs_fs+0x0/0x13a @ 1
[    8.868315] initcall init_nfs_fs+0x0/0x13a returned 0 after 12768 usecs
[    8.878472] calling  init_nfs_v2+0x0/0x13 @ 1
[    8.885527] initcall init_nfs_v2+0x0/0x13 returned 0 after 350 usecs
[    8.895326] calling  init_nfs_v3+0x0/0x13 @ 1
[    8.902041] initcall init_nfs_v3+0x0/0x13 returned 0 after 2 usecs
[    8.911664] calling  init_nfs_v4+0x0/0x32 @ 1
[    8.919982] NFS: Registering the id_resolver key type
[    8.930445] Key type id_resolver registered
[    8.937237] Key type id_legacy registered
[    8.944036] initcall init_nfs_v4+0x0/0x32 returned 0 after 23712 usecs
[    8.954627] calling  init_nlm+0x0/0x5b @ 1
[    8.961686] initcall init_nlm+0x0/0x5b returned 0 after 112 usecs
[    8.971162] calling  init_nls_cp437+0x0/0xe @ 1
[    8.978940] initcall init_nls_cp437+0x0/0xe returned 0 after 355 usecs
[    8.989079] calling  init_nls_ascii+0x0/0xe @ 1
[    9.000009] initcall init_nls_ascii+0x0/0xe returned 0 after 3 usecs
[    9.010122] calling  init_nls_iso8859_1+0x0/0xe @ 1
[    9.017438] initcall init_nls_iso8859_1+0x0/0xe returned 0 after 2 usecs
[    9.032049] calling  init_nls_utf8+0x0/0x21 @ 1
[    9.041281] initcall init_nls_utf8+0x0/0x21 returned 0 after 23 usecs
[    9.052158] calling  init_autofs_fs+0x0/0x25 @ 1
[    9.073880] initcall init_autofs_fs+0x0/0x25 returned 0 after 13657 usecs
[    9.084465] calling  ipc_init+0x0/0x24 @ 1
[    9.091373] initcall ipc_init+0x0/0x24 returned 0 after 483 usecs
[    9.102009] calling  ipc_sysctl_init+0x0/0x13 @ 1
[    9.111310] initcall ipc_sysctl_init+0x0/0x13 returned 0 after 1152 usecs
[    9.122234] calling  init_mqueue_fs+0x0/0xb1 @ 1
[    9.133237] initcall init_mqueue_fs+0x0/0xb1 returned 0 after 3702 usecs
[    9.142945] calling  key_proc_init+0x0/0x63 @ 1
[    9.149878] initcall key_proc_init+0x0/0x63 returned 0 after 75 usecs
[    9.159286] calling  selinux_nf_ip_init+0x0/0x2e @ 1
[    9.167181] initcall selinux_nf_ip_init+0x0/0x2e returned 0 after 294 usecs
[    9.177310] calling  init_sel_fs+0x0/0x116 @ 1
[    9.183816] initcall init_sel_fs+0x0/0x116 returned 0 after 0 usecs
[    9.192550] calling  selnl_init+0x0/0x7c @ 1
[    9.201874] initcall selnl_init+0x0/0x7c returned 0 after 2482 usecs
[    9.212325] calling  sel_netif_init+0x0/0x36 @ 1
[    9.220051] initcall sel_netif_init+0x0/0x36 returned 0 after 1 usecs
[    9.229536] calling  sel_netnode_init+0x0/0x33 @ 1
[    9.239096] initcall sel_netnode_init+0x0/0x33 returned 0 after 0 usecs
[    9.248031] calling  sel_netport_init+0x0/0x33 @ 1
[    9.254841] initcall sel_netport_init+0x0/0x33 returned 0 after 1 usecs
[    9.264856] calling  aurule_init+0x0/0x2a @ 1
[    9.271134] initcall aurule_init+0x0/0x2a returned 0 after 3 usecs
[    9.279929] calling  crypto_algapi_init+0x0/0xc @ 1
[    9.287874] initcall crypto_algapi_init+0x0/0xc returned 0 after 10 usecs
[    9.297899] calling  jent_mod_init+0x0/0x2d @ 1
[    9.325292] initcall jent_mod_init+0x0/0x2d returned 0 after 20060 usecs
[    9.335985] calling  asymmetric_key_init+0x0/0xc @ 1
[    9.343070] Key type asymmetric registered
[    9.348988] initcall asymmetric_key_init+0x0/0xc returned 0 after 5778 usecs
[    9.359863] calling  x509_key_init+0x0/0xc @ 1
[    9.369315] Asymmetric key parser 'x509' registered
[    9.376700] initcall x509_key_init+0x0/0xc returned 0 after 9733 usecs
[    9.387328] calling  proc_genhd_init+0x0/0x41 @ 1
[    9.394779] initcall proc_genhd_init+0x0/0x41 returned 0 after 11 usecs
[    9.404593] calling  bsg_init+0x0/0x113 @ 1
[    9.412727] Block layer SCSI generic (bsg) driver version 0.4 loaded (major 251)
[    9.422931] initcall bsg_init+0x0/0x113 returned 0 after 12149 usecs
[    9.432926] calling  deadline_init+0x0/0xc @ 1
[    9.440456] io scheduler mq-deadline registered
[    9.447712] initcall deadline_init+0x0/0xc returned 0 after 7295 usecs
[    9.457158] calling  kyber_init+0x0/0xc @ 1
[    9.463305] io scheduler kyber registered
[    9.469153] initcall kyber_init+0x0/0xc returned 0 after 5786 usecs
[    9.478348] calling  mod_init+0x0/0x7 @ 1
[    9.484013] initcall mod_init+0x0/0x7 returned 0 after 0 usecs
[    9.492144] calling  percpu_counter_startup+0x0/0x55 @ 1
[    9.503597] initcall percpu_counter_startup+0x0/0x55 returned 0 after 3400 usecs
[    9.516925] calling  sg_pool_init+0x0/0xb4 @ 1
[    9.524015] initcall sg_pool_init+0x0/0xb4 returned 0 after 455 usecs
[    9.533268] calling  pcie_portdrv_init+0x0/0x39 @ 1
[    9.542353] initcall pcie_portdrv_init+0x0/0x39 returned 0 after 2110 usecs
[    9.551629] calling  pci_proc_init+0x0/0x68 @ 1
[    9.557822] initcall pci_proc_init+0x0/0x68 returned 0 after 187 usecs
[    9.566401] calling  pci_hotplug_init+0x0/0x7 @ 1
[    9.572897] initcall pci_hotplug_init+0x0/0x7 returned 0 after 0 usecs
[    9.581266] calling  efifb_driver_init+0x0/0xe @ 1
[    9.590986] initcall efifb_driver_init+0x0/0xe returned 0 after 3066 usecs
[    9.600113] calling  ged_driver_init+0x0/0xe @ 1
[    9.607272] initcall ged_driver_init+0x0/0xe returned 0 after 857 usecs
[    9.616340] calling  acpi_ac_init+0x0/0x92 @ 1
[    9.627455] initcall acpi_ac_init+0x0/0x92 returned 0 after 4811 usecs
[    9.636642] calling  acpi_button_driver_init+0x0/0x52 @ 1
[    9.652642] input: Power Button as /devices/LNXSYSTM:00/LNXPWRBN:00/input/input0
[    9.680019] ACPI: Power Button [PWRF]
[    9.688076] initcall acpi_button_driver_init+0x0/0x52 returned 0 after 42658 usecs
[    9.701027] calling  acpi_fan_driver_init+0x0/0xe @ 1
[    9.708301] initcall acpi_fan_driver_init+0x0/0xe returned 0 after 39 usecs
[    9.718929] calling  acpi_video_init+0x0/0xcb @ 1
[    9.726737] initcall acpi_video_init+0x0/0xcb returned 0 after 555 usecs
[    9.736315] calling  acpi_processor_driver_init+0x0/0xad @ 1
[    9.754989] initcall acpi_processor_driver_init+0x0/0xad returned 0 after 10471 usecs
[    9.766241] calling  acpi_thermal_init+0x0/0x71 @ 1
[    9.777127] initcall acpi_thermal_init+0x0/0x71 returned 0 after 3422 usecs
[    9.786630] calling  acpi_battery_init+0x0/0x32 @ 1
[    9.793996] initcall acpi_battery_init+0x0/0x32 returned 0 after 112 usecs
[    9.805336] calling  bgrt_init+0x0/0xb6 @ 1
[    9.811028] initcall bgrt_init+0x0/0xb6 returned -19 after 0 usecs
[    9.819421] calling  gpio_clk_driver_init+0x0/0xe @ 1
[    9.826996] initcall gpio_clk_driver_init+0x0/0xe returned 0 after 558 usecs
[    9.838933] calling  plt_clk_driver_init+0x0/0xe @ 1
[    9.846410] initcall plt_clk_driver_init+0x0/0xe returned 0 after 37 usecs
[    9.857196] calling  virtio_pci_driver_init+0x0/0x15 @ 1
[    9.866725] initcall virtio_pci_driver_init+0x0/0x15 returned 0 after 667 usecs
[    9.878327] calling  n_null_init+0x0/0x1e @ 1
[    9.885418] initcall n_null_init+0x0/0x1e returned 0 after 109 usecs
[    9.894192] calling  pty_init+0x0/0x1e8 @ 1
[    9.905404] initcall pty_init+0x0/0x1e8 returned 0 after 5419 usecs
[    9.914141] calling  sysrq_init+0x0/0x62 @ 1
[    9.920069] initcall sysrq_init+0x0/0x62 returned 0 after 12 usecs
[    9.928546] calling  serial8250_init+0x0/0x17e @ 1
[    9.936510] Serial: 8250/16550 driver, 4 ports, IRQ sharing enabled
[    9.960974] 00:03: ttyS0 at I/O 0x3f8 (irq = 4, base_baud = 115200) is a 16550A
[    9.992940] initcall serial8250_init+0x0/0x17e returned 0 after 55910 usecs
[   10.005153] calling  serial_pci_driver_init+0x0/0x15 @ 1
[   10.014755] initcall serial_pci_driver_init+0x0/0x15 returned 0 after 714 usecs
[   10.025377] calling  exar_pci_driver_init+0x0/0x15 @ 1
[   10.034205] initcall exar_pci_driver_init+0x0/0x15 returned 0 after 259 usecs
[   10.048894] calling  lpss8250_pci_driver_init+0x0/0x15 @ 1
[   10.059047] initcall lpss8250_pci_driver_init+0x0/0x15 returned 0 after 216 usecs
[   10.072446] calling  mid8250_pci_driver_init+0x0/0x15 @ 1
[   10.082940] initcall mid8250_pci_driver_init+0x0/0x15 returned 0 after 260 usecs
[   10.093193] calling  virtio_console_init+0x0/0xff @ 1
[   10.102313] initcall virtio_console_init+0x0/0xff returned 0 after 2021 usecs
[   10.112944] calling  hpet_init+0x0/0x64 @ 1
[   10.124651] initcall hpet_init+0x0/0x64 returned 0 after 5553 usecs
[   10.136046] calling  nvram_module_init+0x0/0x83 @ 1
[   10.145133] Non-volatile memory driver v1.3
[   10.151782] initcall nvram_module_init+0x0/0x83 returned 0 after 7935 usecs
[   10.162168] calling  hwrng_modinit+0x0/0x8a @ 1
[   10.172123] initcall hwrng_modinit+0x0/0x8a returned 0 after 3064 usecs
[   10.184154] calling  mod_init+0x0/0x48 @ 1
[   10.190945] initcall mod_init+0x0/0x48 returned -19 after 1 usecs
[   10.201344] calling  agp_init+0x0/0x23 @ 1
[   10.208187] Linux agpgart interface v0.103
[   10.214805] initcall agp_init+0x0/0x23 returned 0 after 6461 usecs
[   10.224125] calling  agp_amd64_mod_init+0x0/0x5 @ 1
[   10.232723] initcall agp_amd64_mod_init+0x0/0x5 returned -19 after 630 usecs
[   10.244637] calling  agp_intel_init+0x0/0x28 @ 1
[   10.253301] initcall agp_intel_init+0x0/0x28 returned 0 after 750 usecs
[   10.265208] calling  drm_kms_helper_init+0x0/0x7 @ 1
[   10.276856] initcall drm_kms_helper_init+0x0/0x7 returned 0 after 1853 usecs
[   10.288537] calling  drm_core_init+0x0/0xbd @ 1
[   10.297022] initcall drm_core_init+0x0/0xbd returned 0 after 926 usecs
[   10.308243] calling  i915_init+0x0/0x6b @ 1
[   10.318509] initcall i915_init+0x0/0x6b returned 0 after 2964 usecs
[   10.329407] calling  cn_proc_init+0x0/0x35 @ 1
[   10.338477] initcall cn_proc_init+0x0/0x35 returned 0 after 879 usecs
[   10.349673] calling  topology_sysfs_init+0x0/0x27 @ 1
[   10.359247] initcall topology_sysfs_init+0x0/0x27 returned 0 after 542 usecs
[   10.371517] calling  cacheinfo_sysfs_init+0x0/0x27 @ 1
[   10.385709] initcall cacheinfo_sysfs_init+0x0/0x27 returned 0 after 4907 usecs
[   10.398832] calling  loop_init+0x0/0x16a @ 1
[   10.516206] loop: module loaded
[   10.521209] initcall loop_init+0x0/0x16a returned 0 after 111246 usecs
[   10.531162] calling  mac_hid_init+0x0/0x21 @ 1
[   10.538129] initcall mac_hid_init+0x0/0x21 returned 0 after 322 usecs
[   10.550983] calling  spi_transport_init+0x0/0x74 @ 1
[   10.559321] initcall spi_transport_init+0x0/0x74 returned 0 after 511 usecs
[   10.571850] calling  init_sd+0x0/0x18c @ 1
[   10.580023] initcall init_sd+0x0/0x18c returned 0 after 1042 usecs
[   10.590616] calling  init_sr+0x0/0x43 @ 1
[   10.597524] initcall init_sr+0x0/0x43 returned 0 after 272 usecs
[   10.607505] calling  init_sg+0x0/0x1c0 @ 1
[   10.613777] initcall init_sg+0x0/0x1c0 returned 0 after 689 usecs
[   10.623235] calling  ahci_pci_driver_init+0x0/0x15 @ 1
[   10.635123] ahci 0000:00:1f.2: version 3.0
[   10.649150] PCI Interrupt Link [GSIA] enabled at IRQ 16
[   10.681792] ahci 0000:00:1f.2: AHCI 0001.0000 32 slots 6 ports 1.5 Gbps 0x3f impl SATA mode
[   10.695927] ahci 0000:00:1f.2: flags: 64bit ncq only 
[   10.744243] scsi host0: ahci
[   10.757680] scsi host1: ahci
[   10.771147] scsi host2: ahci
[   10.782213] scsi host3: ahci
[   10.791216] scsi host4: ahci
[   10.800158] scsi host5: ahci
[   10.804596] ata1: SATA max UDMA/133 abar m4096@0xfebf1000 port 0xfebf1100 irq 24
[   10.816691] ata2: SATA max UDMA/133 abar m4096@0xfebf1000 port 0xfebf1180 irq 24
[   10.829002] ata3: SATA max UDMA/133 abar m4096@0xfebf1000 port 0xfebf1200 irq 24
[   10.841328] ata4: SATA max UDMA/133 abar m4096@0xfebf1000 port 0xfebf1280 irq 24
[   10.853880] ata5: SATA max UDMA/133 abar m4096@0xfebf1000 port 0xfebf1300 irq 24
[   10.866260] ata6: SATA max UDMA/133 abar m4096@0xfebf1000 port 0xfebf1380 irq 24
[   10.878284] initcall ahci_pci_driver_init+0x0/0x15 returned 0 after 239828 usecs
[   10.889622] calling  piix_init+0x0/0x26 @ 1
[   10.896978] initcall piix_init+0x0/0x26 returned 0 after 818 usecs
[   10.906803] calling  amd_pci_driver_init+0x0/0x15 @ 1
[   10.915857] initcall amd_pci_driver_init+0x0/0x15 returned 0 after 133 usecs
[   10.927550] calling  oldpiix_pci_driver_init+0x0/0x15 @ 1
[   10.937088] initcall oldpiix_pci_driver_init+0x0/0x15 returned 0 after 65 usecs
[   10.949416] calling  sch_pci_driver_init+0x0/0x15 @ 1
[   10.956999] initcall sch_pci_driver_init+0x0/0x15 returned 0 after 101 usecs
[   10.968000] calling  net_olddevs_init+0x0/0x55 @ 1
[   10.976849] initcall net_olddevs_init+0x0/0x55 returned 0 after 778 usecs
[   10.987158] calling  blackhole_netdev_init+0x0/0x78 @ 1
[   10.995876] initcall blackhole_netdev_init+0x0/0x78 returned 0 after 1037 usecs
[   11.007049] calling  phy_module_init+0x0/0x13 @ 1
[   11.015870] initcall phy_module_init+0x0/0x13 returned 0 after 1462 usecs
[   11.026885] calling  tg3_driver_init+0x0/0x15 @ 1
[   11.035070] initcall tg3_driver_init+0x0/0x15 returned 0 after 158 usecs
[   11.046605] calling  e100_init_module+0x0/0x4c @ 1
[   11.054323] e100: Intel(R) PRO/100 Network Driver
[   11.061799] e100: Copyright(c) 1999-2006 Intel Corporation
[   11.070675] initcall e100_init_module+0x0/0x4c returned 0 after 15965 usecs
[   11.081363] calling  e1000_init_module+0x0/0x72 @ 1
[   11.088036] e1000: Intel(R) PRO/1000 Network Driver
[   11.094906] e1000: Copyright (c) 1999-2006 Intel Corporation.
[   11.102999] initcall e1000_init_module+0x0/0x72 returned 0 after 14674 usecs
[   11.111981] calling  e1000_init_module+0x0/0x2d @ 1
[   11.119239] e1000e: Intel(R) PRO/1000 Network Driver
[   11.127106] e1000e: Copyright(c) 1999 - 2015 Intel Corporation.
[   11.139692] initcall e1000_init_module+0x0/0x2d returned 0 after 20023 usecs
[   11.150642] calling  sky2_init_module+0x0/0x21 @ 1
[   11.160484] sky2: driver version 1.30
[   11.166722] initcall sky2_init_module+0x0/0x21 returned 0 after 6088 usecs
[   11.177273] calling  forcedeth_pci_driver_init+0x0/0x15 @ 1
[   11.185806] initcall forcedeth_pci_driver_init+0x0/0x15 returned 0 after 118 usecs
[   11.198353] calling  rtl8139_init_module+0x0/0x15 @ 1
[   11.207999] ata2: SATA link down (SStatus 0 SControl 300)
[   11.212218] ata5: SATA link down (SStatus 0 SControl 300)
[   11.217810] initcall rtl8139_init_module+0x0/0x15 returned 0 after 105 usecs
[   11.230374] ata4: SATA link down (SStatus 0 SControl 300)
[   11.239129] calling  rtl8169_pci_driver_init+0x0/0x15 @ 1
[   11.250866] ata1: SATA link down (SStatus 0 SControl 300)
[   11.254622] initcall rtl8169_pci_driver_init+0x0/0x15 returned 0 after 258 usecs
[   11.265979] ata3: SATA link up 1.5 Gbps (SStatus 113 SControl 300)
[   11.273933] calling  cdrom_init+0x0/0xc @ 1
[   11.289350] ata6: SATA link down (SStatus 0 SControl 300)
[   11.296165] initcall cdrom_init+0x0/0xc returned 0 after 641 usecs
[   11.303852] ata3.00: ATAPI: QEMU DVD-ROM, 2.5+, max UDMA/100
[   11.327548] calling  nonstatic_sysfs_init+0x0/0xc @ 1
[   11.329268] initcall nonstatic_sysfs_init+0x0/0xc returned 0 after 794 usecs
[   11.341306] ata3.00: applying bridge limits
[   11.345451] calling  yenta_cardbus_driver_init+0x0/0x15 @ 1
[   11.350855] initcall yenta_cardbus_driver_init+0x0/0x15 returned 0 after 5242 usecs
[   11.430376] calling  mon_init+0x0/0x144 @ 1
[   11.446767] ata3.00: configured for UDMA/100
[   11.447082] initcall mon_init+0x0/0x144 returned 0 after 9810 usecs
[   11.463131] calling  ehci_hcd_init+0x0/0x56 @ 1
[   11.470530] ehci_hcd: USB 2.0 'Enhanced' Host Controller (EHCI) Driver
[   11.480614] initcall ehci_hcd_init+0x0/0x56 returned 0 after 9958 usecs
[   11.505729] calling  ehci_pci_init+0x0/0x64 @ 1
[   11.507591] scsi 2:0:0:0: CD-ROM            QEMU     QEMU DVD-ROM     2.5+ PQ: 0 ANSI: 5
[   11.518053] ehci-pci: EHCI PCI platform driver
[   11.518864] initcall ehci_pci_init+0x0/0x64 returned 0 after 790 usecs
[   11.555576] calling  ohci_hcd_mod_init+0x0/0x4e @ 1
[   11.566455] ohci_hcd: USB 1.1 'Open' Host Controller (OHCI) Driver
[   11.585401] initcall ohci_hcd_mod_init+0x0/0x4e returned 0 after 18515 usecs
[   11.598401] calling  ohci_pci_init+0x0/0x64 @ 1
[   11.605030] ohci-pci: OHCI PCI platform driver
[   11.612179] initcall ohci_pci_init+0x0/0x64 returned 0 after 7002 usecs
[   11.622073] calling  uhci_hcd_init+0x0/0xa8 @ 1
[   11.628863] uhci_hcd: USB Universal Host Controller Interface driver
[   11.638941] initcall uhci_hcd_init+0x0/0xa8 returned 0 after 9839 usecs
[   11.648887] calling  xhci_hcd_init+0x0/0x1e @ 1
[   11.656136] initcall xhci_hcd_init+0x0/0x1e returned 0 after 101 usecs
[   11.656246] sr 2:0:0:0: [sr0] scsi3-mmc drive: 4x/4x cd/rw xa/form2 tray
[   11.665575] calling  xhci_pci_init+0x0/0x49 @ 1
[   11.665876] initcall xhci_pci_init+0x0/0x49 returned 0 after 287 usecs
[   11.675204] cdrom: Uniform CD-ROM driver Revision: 3.20
[   11.681885] calling  usblp_driver_init+0x0/0x15 @ 1
[   11.682365] usbcore: registered new interface driver usblp
[   11.746412] initcall usblp_driver_init+0x0/0x15 returned 0 after 63002 usecs
[   11.757414] calling  usb_storage_driver_init+0x0/0x2a @ 1
[   11.765723] usbcore: registered new interface driver usb-storage
[   11.774708] initcall usb_storage_driver_init+0x0/0x2a returned 0 after 8946 usecs
[   11.786100] calling  i8042_init+0x0/0x4c2 @ 1
[   11.796230] i8042: PNP: PS/2 Controller [PNP0303:KBD,PNP0f13:MOU] at 0x60,0x64 irq 1,12
[   11.828424] serio: i8042 KBD port at 0x60,0x64 irq 1
[   11.842276] sr 2:0:0:0: Attached scsi CD-ROM sr0
[   11.854974] serio: i8042 AUX port at 0x60,0x64 irq 12
[   11.863664] sr 2:0:0:0: Attached scsi generic sg0 type 5
[   11.866793] initcall i8042_init+0x0/0x4c2 returned 0 after 72913 usecs
[   11.885636] calling  serport_init+0x0/0x2c @ 1
[   11.892742] initcall serport_init+0x0/0x2c returned 0 after 159 usecs
[   11.901815] calling  input_leds_init+0x0/0xc @ 1
[   11.908771] initcall input_leds_init+0x0/0xc returned 0 after 72 usecs
[   11.918078] calling  evdev_init+0x0/0xc @ 1
[   11.925024] initcall evdev_init+0x0/0xc returned 0 after 1029 usecs
[   11.934637] calling  atkbd_init+0x0/0x21 @ 1
[   11.946996] input: AT Translated Set 2 keyboard as /devices/platform/i8042/serio0/input/input1
[   11.959751] initcall atkbd_init+0x0/0x21 returned 0 after 18348 usecs
[   11.969220] calling  psmouse_init+0x0/0x7f @ 1
[   11.980768] initcall psmouse_init+0x0/0x7f returned 0 after 4575 usecs
[   11.991888] calling  cmos_init+0x0/0x73 @ 1
[   12.003966] rtc_cmos 00:04: RTC can wake from S4
[   12.024937] rtc_cmos 00:04: registered as rtc0
[   12.037405] rtc_cmos 00:04: alarms up to one day, y3k, 242 bytes nvram, hpet irqs
[   12.051742] initcall cmos_init+0x0/0x73 returned 0 after 51951 usecs
[   12.061780] calling  smbalert_driver_init+0x0/0xe @ 1
[   12.087084] initcall smbalert_driver_init+0x0/0xe returned 0 after 991 usecs
[   12.114344] calling  i2c_i801_init+0x0/0xc5 @ 1
[   12.161904] i801_smbus 0000:00:1f.3: SMBus using PCI interrupt
[   12.185809] i2c i2c-0: 1/1 memory slots populated (from DMI)
[   12.210393] i2c i2c-0: Memory type 0x07 not supported yet, not instantiating SPD
[   12.224022] initcall i2c_i801_init+0x0/0xc5 returned 0 after 88580 usecs
[   12.250302] calling  ptp_kvm_init+0x0/0xf0 @ 1
[   12.275348] initcall ptp_kvm_init+0x0/0xf0 returned 0 after 18043 usecs
[   12.285145] calling  dm_init+0x0/0x3c @ 1
[   12.305845] device-mapper: ioctl: 4.43.0-ioctl (2020-10-01) initialised: dm-devel@redhat.com
[   12.335639] initcall dm_init+0x0/0x3c returned 0 after 32069 usecs
[   12.345320] calling  dm_mirror_init+0x0/0x29 @ 1
[   12.368417] initcall dm_mirror_init+0x0/0x29 returned 0 after 3 usecs
[   12.378008] calling  dm_dirty_log_init+0x0/0x4f @ 1
[   12.385458] initcall dm_dirty_log_init+0x0/0x4f returned 0 after 396 usecs
[   12.401797] calling  dm_zero_init+0x0/0x29 @ 1
[   12.408818] initcall dm_zero_init+0x0/0x29 returned 0 after 278 usecs
[   12.420081] calling  intel_pstate_init+0x0/0x512 @ 1
[   12.427806] intel_pstate: CPU model not supported
[   12.435439] initcall intel_pstate_init+0x0/0x512 returned -19 after 7692 usecs
[   12.458466] calling  haltpoll_init+0x0/0xc0 @ 1
[   12.476593] initcall haltpoll_init+0x0/0xc0 returned -19 after 416 usecs
[   12.495558] calling  efivars_sysfs_init+0x0/0x30 @ 1
[   12.503239] initcall efivars_sysfs_init+0x0/0x30 returned 0 after 303 usecs
[   12.513705] calling  esrt_sysfs_init+0x0/0x2a2 @ 1
[   12.521340] initcall esrt_sysfs_init+0x0/0x2a2 returned -38 after 491 usecs
[   12.531439] calling  hid_init+0x0/0x5c @ 1
[   12.538205] hid: raw HID events driver (C) Jiri Kosina
[   12.546907] initcall hid_init+0x0/0x5c returned 0 after 9109 usecs
[   12.566775] calling  hid_generic_init+0x0/0x15 @ 1
[   12.586730] initcall hid_generic_init+0x0/0x15 returned 0 after 950 usecs
[   12.608798] calling  a4_driver_init+0x0/0x15 @ 1
[   12.616833] initcall a4_driver_init+0x0/0x15 returned 0 after 53 usecs
[   12.652239] calling  apple_driver_init+0x0/0x15 @ 1
[   12.660269] initcall apple_driver_init+0x0/0x15 returned 0 after 101 usecs
[   12.702212] calling  belkin_driver_init+0x0/0x15 @ 1
[   12.709464] initcall belkin_driver_init+0x0/0x15 returned 0 after 53 usecs
[   12.731279] calling  ch_driver_init+0x0/0x15 @ 1
[   12.738405] initcall ch_driver_init+0x0/0x15 returned 0 after 74 usecs
[   12.747727] calling  ch_driver_init+0x0/0x15 @ 1
[   12.778012] initcall ch_driver_init+0x0/0x15 returned 0 after 158 usecs
[   12.790458] calling  cp_driver_init+0x0/0x15 @ 1
[   12.799101] initcall cp_driver_init+0x0/0x15 returned 0 after 438 usecs
[   12.833152] calling  ez_driver_init+0x0/0x15 @ 1
[   12.840018] initcall ez_driver_init+0x0/0x15 returned 0 after 383 usecs
[   12.841238] tasks-rude-torture: rcu_torture_read_exit: End of episode
[   12.853760] calling  gyration_driver_init+0x0/0x15 @ 1
[   12.853814] initcall gyration_driver_init+0x0/0x15 returned 0 after 47 usecs
[   12.853818] calling  ite_driver_init+0x0/0x15 @ 1
[   12.853853] initcall ite_driver_init+0x0/0x15 returned 0 after 30 usecs
[   12.853856] calling  ks_driver_init+0x0/0x15 @ 1
[   12.854016] initcall ks_driver_init+0x0/0x15 returned 0 after 151 usecs
[   12.854021] calling  lg_driver_init+0x0/0x15 @ 1
[   12.854084] initcall lg_driver_init+0x0/0x15 returned 0 after 58 usecs
[   12.854088] calling  lg_g15_driver_init+0x0/0x15 @ 1
[   12.854280] initcall lg_g15_driver_init+0x0/0x15 returned 0 after 183 usecs
[   12.854283] calling  ms_driver_init+0x0/0x15 @ 1
[   12.854318] initcall ms_driver_init+0x0/0x15 returned 0 after 29 usecs
[   12.854321] calling  mr_driver_init+0x0/0x15 @ 1
[   12.854354] initcall mr_driver_init+0x0/0x15 returned 0 after 28 usecs
[   12.854358] calling  ntrig_driver_init+0x0/0x15 @ 1
[   12.854401] initcall ntrig_driver_init+0x0/0x15 returned 0 after 38 usecs
[   12.854405] calling  pl_driver_init+0x0/0x15 @ 1
[   12.854437] initcall pl_driver_init+0x0/0x15 returned 0 after 27 usecs
[   12.854440] calling  pl_driver_init+0x0/0x15 @ 1
[   12.854906] initcall pl_driver_init+0x0/0x15 returned 0 after 449 usecs
[   13.049018] calling  redragon_driver_init+0x0/0x15 @ 1
[   13.059269] initcall redragon_driver_init+0x0/0x15 returned 0 after 1080 usecs
[   13.081360] calling  samsung_driver_init+0x0/0x15 @ 1
[   13.098726] initcall samsung_driver_init+0x0/0x15 returned 0 after 8900 usecs
[   13.108821] calling  sony_init+0x0/0x38 @ 1
[   13.115290] initcall sony_init+0x0/0x38 returned 0 after 446 usecs
[   13.124306] calling  sp_driver_init+0x0/0x15 @ 1
[   13.130959] initcall sp_driver_init+0x0/0x15 returned 0 after 58 usecs
[   13.140401] calling  ts_driver_init+0x0/0x15 @ 1
[   13.147168] initcall ts_driver_init+0x0/0x15 returned 0 after 57 usecs
[   13.156672] calling  hid_init+0x0/0x58 @ 1
[   13.162631] usbcore: registered new interface driver usbhid
[   13.171429] usbhid: USB HID core driver
[   13.176820] initcall hid_init+0x0/0x58 returned 0 after 13946 usecs
[   13.186139] calling  eeepc_laptop_init+0x0/0x57 @ 1
[   13.193211] initcall eeepc_laptop_init+0x0/0x57 returned -19 after 421 usecs
[   13.207771] calling  pmc_atom_init+0x0/0x27a @ 1
[   13.214155] initcall pmc_atom_init+0x0/0x27a returned -19 after 11 usecs
[   13.224956] calling  alsa_hwdep_init+0x0/0x5e @ 1
[   13.232366] initcall alsa_hwdep_init+0x0/0x5e returned 0 after 1153 usecs
[   13.241449] calling  alsa_timer_init+0x0/0x1f9 @ 1
[   13.248785] initcall alsa_timer_init+0x0/0x1f9 returned 0 after 1014 usecs
[   13.257907] calling  snd_hrtimer_init+0x0/0x117 @ 1
[   13.265507] initcall snd_hrtimer_init+0x0/0x117 returned 0 after 896 usecs
[   13.274680] calling  alsa_pcm_init+0x0/0x64 @ 1
[   13.281173] initcall alsa_pcm_init+0x0/0x64 returned 0 after 341 usecs
[   13.289444] calling  alsa_seq_init+0x0/0x4a @ 1
[   13.296458] initcall alsa_seq_init+0x0/0x4a returned 0 after 977 usecs
[   13.304943] calling  alsa_seq_dummy_init+0x0/0x9c @ 1
[   13.311963] initcall alsa_seq_dummy_init+0x0/0x9c returned 0 after 294 usecs
[   13.321140] calling  azx_driver_init+0x0/0x15 @ 1
[   13.327669] initcall azx_driver_init+0x0/0x15 returned 0 after 212 usecs
[   13.336962] calling  sock_diag_init+0x0/0x2a @ 1
[   13.346419] initcall sock_diag_init+0x0/0x2a returned 0 after 2723 usecs
[   13.355873] calling  blackhole_init+0x0/0xc @ 1
[   13.362358] initcall blackhole_init+0x0/0xc returned 0 after 291 usecs
[   13.371390] calling  nfnetlink_init+0x0/0x61 @ 1
[   13.379826] initcall nfnetlink_init+0x0/0x61 returned 0 after 2023 usecs
[   13.390628] calling  nfnetlink_log_init+0x0/0x99 @ 1
[   13.399100] initcall nfnetlink_log_init+0x0/0x99 returned 0 after 1271 usecs
[   13.409163] calling  nf_conntrack_standalone_init+0x0/0x87 @ 1
[   13.420911] initcall nf_conntrack_standalone_init+0x0/0x87 returned 0 after 3068 usecs
[   13.432782] calling  ctnetlink_init+0x0/0x83 @ 1
[   13.440112] initcall ctnetlink_init+0x0/0x83 returned 0 after 54 usecs
[   13.454398] calling  nf_conntrack_ftp_init+0x0/0x12c @ 1
[   13.462014] initcall nf_conntrack_ftp_init+0x0/0x12c returned 0 after 321 usecs
[   13.472115] calling  nf_conntrack_irc_init+0x0/0x129 @ 1
[   13.480129] initcall nf_conntrack_irc_init+0x0/0x129 returned 0 after 453 usecs
[   13.490107] calling  nf_conntrack_sip_init+0x0/0x172 @ 1
[   13.497891] initcall nf_conntrack_sip_init+0x0/0x172 returned 0 after 414 usecs
[   13.508917] calling  nf_nat_init+0x0/0xf0 @ 1
[   13.516387] input: ImExPS/2 Generic Explorer Mouse as /devices/platform/i8042/serio1/input/input3
[   13.521438] initcall nf_nat_init+0x0/0xf0 returned 0 after 5818 usecs
[   13.542728] calling  nf_nat_ftp_init+0x0/0x2a @ 1
[   13.550322] initcall nf_nat_ftp_init+0x0/0x2a returned 0 after 37 usecs
[   13.560462] calling  nf_nat_irc_init+0x0/0x2a @ 1
[   13.567957] initcall nf_nat_irc_init+0x0/0x2a returned 0 after 6 usecs
[   13.577420] calling  nf_nat_sip_init+0x0/0x36 @ 1
[   13.584447] initcall nf_nat_sip_init+0x0/0x36 returned 0 after 4 usecs
[   13.593880] calling  xt_init+0x0/0x146 @ 1
[   13.604674] initcall xt_init+0x0/0x146 returned 0 after 3551 usecs
[   13.612852] calling  tcpudp_mt_init+0x0/0x11 @ 1
[   13.620307] initcall tcpudp_mt_init+0x0/0x11 returned 0 after 297 usecs
[   13.629516] calling  connsecmark_tg_init+0x0/0xc @ 1
[   13.652778] initcall connsecmark_tg_init+0x0/0xc returned 0 after 87 usecs
[   13.674536] calling  nflog_tg_init+0x0/0xc @ 1
[   13.691865] initcall nflog_tg_init+0x0/0xc returned 0 after 3 usecs
[   13.700700] calling  secmark_tg_init+0x0/0x11 @ 1
