c[?7l[2J[0mSeaBIOS (version 1.16.0-debian-1.16.0-4)
Booting from ROM...
early console in setup code
c[?7l[2J[    0.000000] Linux version 5.10.157+ (root@joelboxx.c.googlers.com) (gcc (Debian 12.2.0-3) 12.2.0, GNU ld (GNU Binutils for Debian) 2.39) #10 SMP PREEMPT Tue Dec 13 03:36:25 UTC 2022
[    0.000000] Command line: selinux=0 initcall_debug debug console=ttyS0 rcutorture.torture_type=tasks-tracing rcutorture.onoff_interval=1000 rcutorture.onoff_holdoff=30 rcutorture.n_barrier_cbs=4 rcutorture.stat_interval=15 rcutorture.shutdown_secs=1800 rcutorture.test_no_idle_hz=1 rcutorture.verbose=1
[    0.000000] x86/fpu: x87 FPU will use FXSAVE
[    0.000000] BIOS-provided physical RAM map:
[    0.000000] BIOS-e820: [mem 0x0000000000000000-0x000000000009fbff] usable
[    0.000000] BIOS-e820: [mem 0x000000000009fc00-0x000000000009ffff] reserved
[    0.000000] BIOS-e820: [mem 0x00000000000f0000-0x00000000000fffff] reserved
[    0.000000] BIOS-e820: [mem 0x0000000000100000-0x000000001ffdefff] usable
[    0.000000] BIOS-e820: [mem 0x000000001ffdf000-0x000000001fffffff] reserved
[    0.000000] BIOS-e820: [mem 0x00000000b0000000-0x00000000bfffffff] reserved
[    0.000000] BIOS-e820: [mem 0x00000000fed1c000-0x00000000fed1ffff] reserved
[    0.000000] BIOS-e820: [mem 0x00000000feffc000-0x00000000feffffff] reserved
[    0.000000] BIOS-e820: [mem 0x00000000fffc0000-0x00000000ffffffff] reserved
[    0.000000] NX (Execute Disable) protection: active
[    0.000000] SMBIOS 2.8 present.
[    0.000000] DMI: QEMU Standard PC (Q35 + ICH9, 2009), BIOS 1.16.0-debian-1.16.0-4 04/01/2014
[    0.000000] Hypervisor detected: KVM
[    0.000000] kvm-clock: Using msrs 4b564d01 and 4b564d00
[    0.000000] kvm-clock: cpu 0, msr feb9001, primary cpu clock
[    0.000001] kvm-clock: using sched offset of 3290909237 cycles
[    0.000316] clocksource: kvm-clock: mask: 0xffffffffffffffff max_cycles: 0x1cd42e4dffb, max_idle_ns: 881590591483 ns
[    0.000479] tsc: Detected 1999.999 MHz processor
[    0.012614] e820: update [mem 0x00000000-0x00000fff] usable ==> reserved
[    0.012621] e820: remove [mem 0x000a0000-0x000fffff] usable
[    0.012630] last_pfn = 0x1ffdf max_arch_pfn = 0x400000000
[    0.013786] MTRR default type: write-back
[    0.013865] MTRR fixed ranges enabled:
[    0.013868]   00000-9FFFF write-back
[    0.013870]   A0000-BFFFF uncachable
[    0.013871]   C0000-FFFFF write-protect
[    0.013873] MTRR variable ranges enabled:
[    0.013875]   0 base 00C0000000 mask FFC0000000 uncachable
[    0.013876]   1 disabled
[    0.013878]   2 disabled
[    0.013879]   3 disabled
[    0.013881]   4 disabled
[    0.013882]   5 disabled
[    0.013883]   6 disabled
[    0.013884]   7 disabled
[    0.015239] x86/PAT: Configuration [0-7]: WB  WC  UC- UC  WB  WC  UC- UC  
[    0.026699] found SMP MP-table at [mem 0x000f5ba0-0x000f5baf]
[    0.029263] check: Scanning 1 areas for low memory corruption
[    0.041860] ACPI: Early table checksum verification disabled
[    0.044824] ACPI: RSDP 0x00000000000F59E0 000014 (v00 BOCHS )
[    0.045249] ACPI: RSDT 0x000000001FFE23B1 000038 (v01 BOCHS  BXPC     00000001 BXPC 00000001)
[    0.045459] ACPI: FACP 0x000000001FFE2191 0000F4 (v03 BOCHS  BXPC     00000001 BXPC 00000001)
[    0.045521] ACPI: DSDT 0x000000001FFE0040 002151 (v01 BOCHS  BXPC     00000001 BXPC 00000001)
[    0.045525] ACPI: FACS 0x000000001FFE0000 000040
[    0.045530] ACPI: APIC 0x000000001FFE2285 000090 (v01 BOCHS  BXPC     00000001 BXPC 00000001)
[    0.045534] ACPI: HPET 0x000000001FFE2315 000038 (v01 BOCHS  BXPC     00000001 BXPC 00000001)
[    0.045538] ACPI: MCFG 0x000000001FFE234D 00003C (v01 BOCHS  BXPC     00000001 BXPC 00000001)
[    0.045542] ACPI: WAET 0x000000001FFE2389 000028 (v01 BOCHS  BXPC     00000001 BXPC 00000001)
[    0.045546] ACPI: Reserving FACP table memory at [mem 0x1ffe2191-0x1ffe2284]
[    0.045548] ACPI: Reserving DSDT table memory at [mem 0x1ffe0040-0x1ffe2190]
[    0.045550] ACPI: Reserving FACS table memory at [mem 0x1ffe0000-0x1ffe003f]
[    0.045551] ACPI: Reserving APIC table memory at [mem 0x1ffe2285-0x1ffe2314]
[    0.045552] ACPI: Reserving HPET table memory at [mem 0x1ffe2315-0x1ffe234c]
[    0.045553] ACPI: Reserving MCFG table memory at [mem 0x1ffe234d-0x1ffe2388]
[    0.045554] ACPI: Reserving WAET table memory at [mem 0x1ffe2389-0x1ffe23b0]
[    0.046476] ACPI: Local APIC address 0xfee00000
[    0.052718] No NUMA configuration found
[    0.052722] Faking a node at [mem 0x0000000000000000-0x000000001ffdefff]
[    0.052974] NODE_DATA(0) allocated [mem 0x1ffdb000-0x1ffdefff]
[    0.054074] Zone ranges:
[    0.054238]   DMA      [mem 0x0000000000001000-0x0000000000ffffff]
[    0.054352]   DMA32    [mem 0x0000000001000000-0x000000001ffdefff]
[    0.054354]   Normal   empty
[    0.054399] Movable zone start for each node
[    0.054401] Early memory node ranges
[    0.054438]   node   0: [mem 0x0000000000001000-0x000000000009efff]
[    0.054481]   node   0: [mem 0x0000000000100000-0x000000001ffdefff]
[    0.054530] Initmem setup node 0 [mem 0x0000000000001000-0x000000001ffdefff]
[    0.054533] On node 0 totalpages: 130941
[    0.054592]   DMA zone: 64 pages used for memmap
[    0.054593]   DMA zone: 21 pages reserved
[    0.054631]   DMA zone: 3998 pages, LIFO batch:0
[    0.054633]   DMA32 zone: 1984 pages used for memmap
[    0.054634]   DMA32 zone: 126943 pages, LIFO batch:31
[    0.068935] On node 0, zone DMA: 1 pages in unavailable ranges
[    0.072721] On node 0, zone DMA: 97 pages in unavailable ranges
[    0.190196] On node 0, zone DMA32: 33 pages in unavailable ranges
[    0.194391] ACPI: PM-Timer IO Port: 0x608
[    0.194398] ACPI: Local APIC address 0xfee00000
[    0.194644] ACPI: LAPIC_NMI (acpi_id[0xff] dfl dfl lint[0x1])
[    0.195536] IOAPIC[0]: apic_id 0, version 17, address 0xfec00000, GSI 0-23
[    0.195541] ACPI: INT_SRC_OVR (bus 0 bus_irq 0 global_irq 2 dfl dfl)
[    0.195668] ACPI: INT_SRC_OVR (bus 0 bus_irq 5 global_irq 5 high level)
[    0.195671] ACPI: INT_SRC_OVR (bus 0 bus_irq 9 global_irq 9 high level)
[    0.195847] ACPI: INT_SRC_OVR (bus 0 bus_irq 10 global_irq 10 high level)
[    0.195848] ACPI: INT_SRC_OVR (bus 0 bus_irq 11 global_irq 11 high level)
[    0.195851] ACPI: IRQ0 used by override.
[    0.195852] ACPI: IRQ5 used by override.
[    0.195853] ACPI: IRQ9 used by override.
[    0.195854] ACPI: IRQ10 used by override.
[    0.195855] ACPI: IRQ11 used by override.
[    0.195882] Using ACPI (MADT) for SMP configuration information
[    0.195972] ACPI: HPET id: 0x8086a201 base: 0xfed00000
[    0.196454] smpboot: Allowing 4 CPUs, 0 hotplug CPUs
[    0.197596] PM: hibernation: Registered nosave memory: [mem 0x00000000-0x00000fff]
[    0.197599] PM: hibernation: Registered nosave memory: [mem 0x0009f000-0x0009ffff]
[    0.197600] PM: hibernation: Registered nosave memory: [mem 0x000a0000-0x000effff]
[    0.197601] PM: hibernation: Registered nosave memory: [mem 0x000f0000-0x000fffff]
[    0.197604] [mem 0x20000000-0xafffffff] available for PCI devices
[    0.197647] Booting paravirtualized kernel on KVM
[    0.197991] clocksource: refined-jiffies: mask: 0xffffffff max_cycles: 0xffffffff, max_idle_ns: 1910969940391419 ns
[    0.254868] setup_percpu: NR_CPUS:4 nr_cpumask_bits:4 nr_cpu_ids:4 nr_node_ids:1
[    0.275594] percpu: Embedded 56 pages/cpu s191128 r8192 d30056 u524288
[    0.275641] pcpu-alloc: s191128 r8192 d30056 u524288 alloc=1*2097152
[    0.275679] pcpu-alloc: [0] 0 1 2 3 
[    0.276072] kvm-guest: stealtime: cpu 0, msr 1f41b600
[    0.276323] Built 1 zonelists, mobility grouping on.  Total pages: 128872
[    0.276325] Policy zone: DMA32
[    0.276465] Kernel command line: selinux=0 initcall_debug debug console=ttyS0 rcutorture.torture_type=tasks-tracing rcutorture.onoff_interval=1000 rcutorture.onoff_holdoff=30 rcutorture.n_barrier_cbs=4 rcutorture.stat_interval=15 rcutorture.shutdown_secs=1800 rcutorture.test_no_idle_hz=1 rcutorture.verbose=1
[    0.281205] Dentry cache hash table entries: 65536 (order: 7, 524288 bytes, linear)
[    0.281246] Inode-cache hash table entries: 32768 (order: 6, 262144 bytes, linear)
[    0.281769] mem auto-init: stack:all(zero), heap alloc:off, heap free:off
[    0.289208] Memory: 478632K/523764K available (16397K kernel code, 2542K rwdata, 4700K rodata, 1504K init, 1412K bss, 44872K reserved, 0K cma-reserved)
[    0.289873] SLUB: HWalign=64, Order=0-3, MinObjects=0, CPUs=4, Nodes=1
[    0.290138] Kernel/User page tables isolation: enabled
[    0.299096] rcu: Preemptible hierarchical RCU implementation.
[    0.299100] rcu: 	RCU event tracing is enabled.
[    0.299190] 	Trampoline variant of Tasks RCU enabled.
[    0.299192] 	Rude variant of Tasks RCU enabled.
[    0.299194] 	Tracing variant of Tasks RCU enabled.
[    0.299262] rcu: RCU calculated value of scheduler-enlistment delay is 100 jiffies.
[    0.320161] NR_IRQS: 4352, nr_irqs: 456, preallocated irqs: 16
[    0.322144] calling  con_init+0x0/0x22a @ 0
[    0.407754] Console: colour VGA+ 80x25
[    0.407768] initcall con_init+0x0/0x22a returned 0 after 0 usecs
[    0.407773] calling  hvc_console_init+0x0/0x13 @ 0
[    0.407837] initcall hvc_console_init+0x0/0x13 returned 0 after 0 usecs
[    0.407853] calling  univ8250_console_init+0x0/0x26 @ 0
[    1.328238] printk: console [ttyS0] enabled
[    1.332786] initcall univ8250_console_init+0x0/0x26 returned 0 after 0 usecs
[    1.341236] ACPI: Core revision 20200925
[    1.348665] clocksource: hpet: mask: 0xffffffff max_cycles: 0xffffffff, max_idle_ns: 19112604467 ns
[    1.362258] APIC: Switch to symmetric I/O mode setup
[    1.386521] ..TIMER: vector=0x30 apic1=0 pin1=2 apic2=-1 pin2=-1
[    1.393583] clocksource: tsc-early: mask: 0xffffffffffffffff max_cycles: 0x39a85afc727, max_idle_ns: 881590685098 ns
[    1.405375] Calibrating delay loop (skipped) preset value.. 3999.99 BogoMIPS (lpj=1999999)
[    1.406360] pid_max: default: 32768 minimum: 301
[    1.407578] LSM: Security Framework initializing
[    1.408546] Mount-cache hash table entries: 1024 (order: 1, 8192 bytes, linear)
[    1.409395] Mountpoint-cache hash table entries: 1024 (order: 1, 8192 bytes, linear)
[    1.417249] Last level iTLB entries: 4KB 0, 2MB 0, 4MB 0
[    1.417443] Last level dTLB entries: 4KB 0, 2MB 0, 4MB 0, 1GB 0
[    1.419491] Spectre V1 : Mitigation: usercopy/swapgs barriers and __user pointer sanitization
[    1.420407] Spectre V2 : Mitigation: Retpolines
[    1.421360] Spectre V2 : Spectre v2 / SpectreRSB mitigation: Filling RSB on context switch
[    1.422361] Spectre V2 : Spectre v2 / SpectreRSB : Filling RSB on VMEXIT
[    1.423361] Speculative Store Bypass: Vulnerable
[    1.424366] MDS: Vulnerable: Clear CPU buffers attempted, no microcode
[    1.425360] MMIO Stale Data: Unknown: No mitigations
[    1.500166] Freeing SMP alternatives memory: 40K
[    1.605356] smpboot: CPU0: Intel Common KVM processor (family: 0xf, model: 0x6, stepping: 0x1)
[    1.608347] calling  init_hw_perf_events+0x0/0x6ce @ 1
[    1.609360] Performance Events: unsupported Netburst CPU model 6 no PMU driver, software events only.
[    1.610364] initcall init_hw_perf_events+0x0/0x6ce returned 0 after 976 usecs
[    1.611368] calling  init_real_mode+0x0/0x1e9 @ 1
[    1.613432] initcall init_real_mode+0x0/0x1e9 returned 0 after 976 usecs
[    1.614364] calling  trace_init_perf_perm_irq_work_exit+0x0/0x12 @ 1
[    1.615363] initcall trace_init_perf_perm_irq_work_exit+0x0/0x12 returned 0 after 0 usecs
[    1.616381] calling  validate_x2apic+0x0/0x4a @ 1
[    1.617385] initcall validate_x2apic+0x0/0x4a returned 0 after 0 usecs
[    1.618364] calling  register_nmi_cpu_backtrace_handler+0x0/0x15 @ 1
[    1.619363] initcall register_nmi_cpu_backtrace_handler+0x0/0x15 returned 0 after 0 usecs
[    1.620376] calling  kvm_setup_vsyscall_timeinfo+0x0/0xd1 @ 1
[    1.621363] initcall kvm_setup_vsyscall_timeinfo+0x0/0xd1 returned 0 after 0 usecs
[    1.622364] calling  spawn_ksoftirqd+0x0/0x38 @ 1
[    1.623464] initcall spawn_ksoftirqd+0x0/0x38 returned 0 after 0 usecs
[    1.625363] calling  migration_init+0x0/0x31 @ 1
[    1.626363] initcall migration_init+0x0/0x31 returned 0 after 0 usecs
[    1.627369] calling  srcu_bootup_announce+0x0/0x2f @ 1
[    1.628361] rcu: Hierarchical SRCU implementation.
[    1.630366] initcall srcu_bootup_announce+0x0/0x2f returned 0 after 1953 usecs
[    1.631369] calling  rcu_spawn_gp_kthread+0x0/0x1b0 @ 1
[    1.632466] initcall rcu_spawn_gp_kthread+0x0/0x1b0 returned 0 after 0 usecs
[    1.633366] calling  check_cpu_stall_init+0x0/0x1a @ 1
[    1.634364] initcall check_cpu_stall_init+0x0/0x1a returned 0 after 0 usecs
[    1.635430] calling  rcu_sysrq_init+0x0/0x21 @ 1
[    1.636397] initcall rcu_sysrq_init+0x0/0x21 returned 0 after 0 usecs
[    1.638366] calling  trace_init_flags_sys_enter+0x0/0xe @ 1
[    1.639364] initcall trace_init_flags_sys_enter+0x0/0xe returned 0 after 0 usecs
[    1.640364] calling  trace_init_flags_sys_exit+0x0/0xe @ 1
[    1.641363] initcall trace_init_flags_sys_exit+0x0/0xe returned 0 after 0 usecs
[    1.642362] calling  cpu_stop_init+0x0/0x6e @ 1
[    1.643462] initcall cpu_stop_init+0x0/0x6e returned 0 after 0 usecs
[    1.644363] calling  init_kprobes+0x0/0x165 @ 1
[    1.646730] initcall init_kprobes+0x0/0x165 returned 0 after 976 usecs
[    1.647362] calling  init_events+0x0/0x3d @ 1
[    1.648385] initcall init_events+0x0/0x3d returned 0 after 0 usecs
[    1.649362] calling  init_trace_printk+0x0/0xc @ 1
[    1.650362] initcall init_trace_printk+0x0/0xc returned 0 after 0 usecs
[    1.651376] calling  event_trace_enable_again+0x0/0x23 @ 1
[    1.652378] initcall event_trace_enable_again+0x0/0x23 returned 0 after 0 usecs
[    1.653362] calling  static_call_init+0x0/0x77 @ 1
[    1.654361] initcall static_call_init+0x0/0x77 returned 0 after 0 usecs
[    1.655361] calling  jump_label_init_module+0x0/0xc @ 1
[    1.656364] initcall jump_label_init_module+0x0/0xc returned 0 after 0 usecs
[    1.657362] calling  init_zero_pfn+0x0/0x37 @ 1
[    1.658361] initcall init_zero_pfn+0x0/0x37 returned 0 after 0 usecs
[    1.659361] calling  initialize_ptr_random+0x0/0x54 @ 1
[    1.660378] initcall initialize_ptr_random+0x0/0x54 returned 0 after 0 usecs
[    1.661377] calling  efi_memreserve_root_init+0x0/0x25 @ 1
[    1.662386] initcall efi_memreserve_root_init+0x0/0x25 returned 0 after 0 usecs
[    1.663365] calling  efi_earlycon_remap_fb+0x0/0x51 @ 1
[    1.664365] initcall efi_earlycon_remap_fb+0x0/0x51 returned 0 after 0 usecs
[    1.666658] smp: Bringing up secondary CPUs ...
[    1.669264] x86: Booting SMP configuration:
[    1.669362] .... node  #0, CPUs:      #1
[    1.082143] kvm-clock: cpu 1, msr feb9041, secondary cpu clock
[    1.697506] kvm-guest: stealtime: cpu 1, msr 1f49b600
[    1.712160]  #2
[    1.082143] kvm-clock: cpu 2, msr feb9081, secondary cpu clock
[    1.735542] kvm-guest: stealtime: cpu 2, msr 1f51b600
[    1.751724]  #3
[    1.082143] kvm-clock: cpu 3, msr feb90c1, secondary cpu clock
[    1.776357] kvm-guest: stealtime: cpu 3, msr 1f59b600
[    1.792843] smp: Brought up 1 node, 4 CPUs
[    1.793370] smpboot: Max logical packages: 1
[    1.794362] smpboot: Total of 4 processors activated (15999.99 BogoMIPS)
[    1.798510] devtmpfs: initialized
[    1.800622] calling  ipc_ns_init+0x0/0x3d @ 1
[    1.801426] initcall ipc_ns_init+0x0/0x3d returned 0 after 0 usecs
[    1.802363] calling  init_mmap_min_addr+0x0/0x21 @ 1
[    1.803539] initcall init_mmap_min_addr+0x0/0x21 returned 0 after 0 usecs
[    1.804367] calling  pci_realloc_setup_params+0x0/0x3f @ 1
[    1.805367] initcall pci_realloc_setup_params+0x0/0x3f returned 0 after 0 usecs
[    1.806368] calling  net_ns_init+0x0/0x140 @ 1
[    1.808681] initcall net_ns_init+0x0/0x140 returned 0 after 976 usecs
[    1.809382] calling  e820__register_nvs_regions+0x0/0x37 @ 1
[    1.810364] initcall e820__register_nvs_regions+0x0/0x37 returned 0 after 0 usecs
[    1.811365] calling  cpufreq_register_tsc_scaling+0x0/0x2e @ 1
[    1.812364] initcall cpufreq_register_tsc_scaling+0x0/0x2e returned 0 after 0 usecs
[    1.813365] calling  reboot_init+0x0/0x3c @ 1
[    1.814503] initcall reboot_init+0x0/0x3c returned 0 after 0 usecs
[    1.815366] calling  init_lapic_sysfs+0x0/0x20 @ 1
[    1.816368] initcall init_lapic_sysfs+0x0/0x20 returned 0 after 0 usecs
[    1.817366] calling  alloc_frozen_cpus+0x0/0x7 @ 1
[    1.818367] initcall alloc_frozen_cpus+0x0/0x7 returned 0 after 0 usecs
[    1.819364] calling  cpu_hotplug_pm_sync_init+0x0/0x13 @ 1
[    1.820364] initcall cpu_hotplug_pm_sync_init+0x0/0x13 returned 0 after 0 usecs
[    1.821363] calling  wq_sysfs_init+0x0/0x2a @ 1
[    1.822410] initcall wq_sysfs_init+0x0/0x2a returned 0 after 0 usecs
[    1.823363] calling  ksysfs_init+0x0/0x92 @ 1
[    1.824370] initcall ksysfs_init+0x0/0x92 returned 0 after 0 usecs
[    1.825362] calling  schedutil_gov_init+0x0/0xc @ 1
[    1.827376] initcall schedutil_gov_init+0x0/0xc returned 0 after 976 usecs
[    1.828362] calling  pm_init+0x0/0x76 @ 1
[    1.829397] initcall pm_init+0x0/0x76 returned 0 after 0 usecs
[    1.830362] calling  pm_disk_init+0x0/0x13 @ 1
[    1.831385] initcall pm_disk_init+0x0/0x13 returned 0 after 0 usecs
[    1.832362] calling  swsusp_header_init+0x0/0x2b @ 1
[    1.833366] initcall swsusp_header_init+0x0/0x2b returned 0 after 0 usecs
[    1.835364] calling  rcu_set_runtime_mode+0x0/0x16 @ 1
[    1.836365] initcall rcu_set_runtime_mode+0x0/0x16 returned 0 after 0 usecs
[    1.837364] calling  init_jiffies_clocksource+0x0/0x13 @ 1
[    1.838362] clocksource: jiffies: mask: 0xffffffff max_cycles: 0xffffffff, max_idle_ns: 1911260446275000 ns
[    1.839364] initcall init_jiffies_clocksource+0x0/0x13 returned 0 after 976 usecs
[    1.840362] calling  futex_init+0x0/0xfa @ 1
[    1.841364] futex hash table entries: 1024 (order: 4, 65536 bytes, linear)
[    1.842405] initcall futex_init+0x0/0xfa returned 0 after 976 usecs
[    1.843362] calling  cgroup_wq_init+0x0/0x28 @ 1
[    1.844478] initcall cgroup_wq_init+0x0/0x28 returned 0 after 0 usecs
[    1.845363] calling  cgroup1_wq_init+0x0/0x28 @ 1
[    1.846365] initcall cgroup1_wq_init+0x0/0x28 returned 0 after 0 usecs
[    1.847361] calling  init_kprobe_trace_early+0x0/0x2a @ 1
[    1.848365] initcall init_kprobe_trace_early+0x0/0x2a returned 0 after 0 usecs
[    1.849367] calling  fsnotify_init+0x0/0x48 @ 1
[    1.850377] initcall fsnotify_init+0x0/0x48 returned 0 after 0 usecs
[    1.851363] calling  filelock_init+0x0/0x96 @ 1
[    1.852373] initcall filelock_init+0x0/0x96 returned 0 after 0 usecs
[    1.853630] calling  init_misc_binfmt+0x0/0x2c @ 1
[    1.854370] initcall init_misc_binfmt+0x0/0x2c returned 0 after 0 usecs
[    1.855366] calling  init_script_binfmt+0x0/0x15 @ 1
[    1.856368] initcall init_script_binfmt+0x0/0x15 returned 0 after 0 usecs
[    1.858366] calling  init_elf_binfmt+0x0/0x15 @ 1
[    1.859366] initcall init_elf_binfmt+0x0/0x15 returned 0 after 0 usecs
[    1.860363] calling  init_compat_elf_binfmt+0x0/0x15 @ 1
[    1.861364] initcall init_compat_elf_binfmt+0x0/0x15 returned 0 after 0 usecs
[    1.862363] calling  debugfs_init+0x0/0x5c @ 1
[    1.863386] initcall debugfs_init+0x0/0x5c returned 0 after 0 usecs
[    1.864361] calling  tracefs_init+0x0/0x3a @ 1
[    1.865370] initcall tracefs_init+0x0/0x3a returned 0 after 0 usecs
[    1.866364] calling  prandom_init_early+0x0/0x15d @ 1
[    1.867364] initcall prandom_init_early+0x0/0x15d returned 0 after 0 usecs
[    1.868425] calling  virtio_init+0x0/0x20 @ 1
[    1.869378] initcall virtio_init+0x0/0x20 returned 0 after 0 usecs
[    1.870365] calling  iommu_init+0x0/0x2a @ 1
[    1.871369] initcall iommu_init+0x0/0x2a returned 0 after 0 usecs
[    1.872364] calling  component_debug_init+0x0/0x1c @ 1
[    1.873414] initcall component_debug_init+0x0/0x1c returned 0 after 0 usecs
[    1.874364] calling  early_resume_init+0x0/0xb9 @ 1
[    1.875987] PM: RTC time: 03:48:46, date: 2022-12-13
[    1.877364] initcall early_resume_init+0x0/0xb9 returned 0 after 1953 usecs
[    1.878365] calling  cpufreq_core_init+0x0/0x62 @ 1
[    1.879391] initcall cpufreq_core_init+0x0/0x62 returned 0 after 0 usecs
[    1.880366] calling  cpufreq_gov_performance_init+0x0/0xc @ 1
[    1.881365] initcall cpufreq_gov_performance_init+0x0/0xc returned 0 after 0 usecs
[    1.882366] calling  cpufreq_gov_userspace_init+0x0/0xc @ 1
[    1.883368] initcall cpufreq_gov_userspace_init+0x0/0xc returned 0 after 0 usecs
[    1.884367] calling  CPU_FREQ_GOV_ONDEMAND_init+0x0/0xc @ 1
[    1.885436] initcall CPU_FREQ_GOV_ONDEMAND_init+0x0/0xc returned 0 after 0 usecs
[    1.886364] calling  cpuidle_init+0x0/0x1f @ 1
[    1.887404] initcall cpuidle_init+0x0/0x1f returned 0 after 0 usecs
[    1.888363] calling  capsule_reboot_register+0x0/0xc @ 1
[    1.889364] initcall capsule_reboot_register+0x0/0xc returned 0 after 0 usecs
[    1.890363] calling  sock_init+0x0/0x93 @ 1
[    1.892976] initcall sock_init+0x0/0x93 returned 0 after 976 usecs
[    1.893368] calling  net_inuse_init+0x0/0x23 @ 1
[    1.894373] initcall net_inuse_init+0x0/0x23 returned 0 after 0 usecs
[    1.895366] calling  net_defaults_init+0x0/0x23 @ 1
[    1.896368] initcall net_defaults_init+0x0/0x23 returned 0 after 0 usecs
[    1.897366] calling  init_default_flow_dissectors+0x0/0x4f @ 1
[    1.898366] initcall init_default_flow_dissectors+0x0/0x4f returned 0 after 0 usecs
[    1.899365] calling  netpoll_init+0x0/0x26 @ 1
[    1.901364] initcall netpoll_init+0x0/0x26 returned 0 after 0 usecs
[    1.902380] calling  netlink_proto_init+0x0/0x14f @ 1
[    1.903574] NET: Registered protocol family 16
[    1.904397] initcall netlink_proto_init+0x0/0x14f returned 0 after 976 usecs
[    1.905363] calling  genl_init+0x0/0x35 @ 1
[    1.906374] initcall genl_init+0x0/0x35 returned 0 after 0 usecs
[    1.907678] calling  bsp_pm_check_init+0x0/0x13 @ 1
[    1.908364] initcall bsp_pm_check_init+0x0/0x13 returned 0 after 0 usecs
[    1.909397] calling  irq_sysfs_init+0x0/0xb7 @ 1
[    1.910504] initcall irq_sysfs_init+0x0/0xb7 returned 0 after 0 usecs
[    1.911365] calling  audit_init+0x0/0x160 @ 1
[    1.912383] audit: initializing netlink subsys (disabled)
[    1.914375] initcall audit_init+0x0/0x160 returned 0 after 1953 usecs
[    1.914367] audit: type=2000 audit(1670903324.750:1): state=initialized audit_enabled=0 res=1
[    1.915388] calling  release_early_probes+0x0/0x32 @ 1
[    1.917366] initcall release_early_probes+0x0/0x32 returned 0 after 0 usecs
[    1.918363] calling  bdi_class_init+0x0/0x48 @ 1
[    1.919383] initcall bdi_class_init+0x0/0x48 returned 0 after 0 usecs
[    1.920362] calling  mm_sysfs_init+0x0/0x28 @ 1
[    1.921366] initcall mm_sysfs_init+0x0/0x28 returned 0 after 0 usecs
[    1.922367] calling  init_per_zone_wmark_min+0x0/0x6d @ 1
[    1.923371] initcall init_per_zone_wmark_min+0x0/0x6d returned 0 after 0 usecs
[    1.924366] calling  mpi_init+0x0/0x3e @ 1
[    1.925385] initcall mpi_init+0x0/0x3e returned 0 after 0 usecs
[    1.926363] calling  kobject_uevent_init+0x0/0xc @ 1
[    1.927376] initcall kobject_uevent_init+0x0/0xc returned 0 after 0 usecs
[    1.928365] calling  pcibus_class_init+0x0/0x13 @ 1
[    1.929396] initcall pcibus_class_init+0x0/0x13 returned 0 after 0 usecs
[    1.930368] calling  pci_driver_init+0x0/0x21 @ 1
[    1.931441] initcall pci_driver_init+0x0/0x21 returned 0 after 0 usecs
[    1.932373] calling  backlight_class_init+0x0/0xa8 @ 1
[    1.933512] initcall backlight_class_init+0x0/0xa8 returned 0 after 0 usecs
[    1.934371] calling  tty_class_init+0x0/0x33 @ 1
[    1.935387] initcall tty_class_init+0x0/0x33 returned 0 after 0 usecs
[    1.936364] calling  vtconsole_class_init+0x0/0xb5 @ 1
[    1.937484] initcall vtconsole_class_init+0x0/0xb5 returned 0 after 0 usecs
[    1.938364] calling  iommu_dev_init+0x0/0x13 @ 1
[    1.939414] initcall iommu_dev_init+0x0/0x13 returned 0 after 0 usecs
[    1.940363] calling  mipi_dsi_bus_init+0x0/0xc @ 1
[    1.941395] initcall mipi_dsi_bus_init+0x0/0xc returned 0 after 0 usecs
[    1.942363] calling  devlink_class_init+0x0/0x40 @ 1
[    1.943370] initcall devlink_class_init+0x0/0x40 returned 0 after 0 usecs
[    1.944362] calling  software_node_init+0x0/0x2a @ 1
[    1.945366] initcall software_node_init+0x0/0x2a returned 0 after 0 usecs
[    1.946362] calling  wakeup_sources_debugfs_init+0x0/0x23 @ 1
[    1.947372] initcall wakeup_sources_debugfs_init+0x0/0x23 returned 0 after 0 usecs
[    1.948364] calling  wakeup_sources_sysfs_init+0x0/0x2c @ 1
[    1.949373] initcall wakeup_sources_sysfs_init+0x0/0x2c returned 0 after 0 usecs
[    1.950363] calling  register_node_type+0x0/0x13 @ 1
[    1.951450] initcall register_node_type+0x0/0x13 returned 0 after 0 usecs
[    1.952362] calling  regmap_initcall+0x0/0xc @ 1
[    1.953371] initcall regmap_initcall+0x0/0xc returned 0 after 0 usecs
[    1.954361] calling  i2c_init+0x0/0xb3 @ 1
[    1.955405] initcall i2c_init+0x0/0xb3 returned 0 after 0 usecs
[    1.956365] calling  thermal_init+0x0/0xf2 @ 1
[    1.957439] thermal_sys: Registered thermal governor 'step_wise'
[    1.957441] thermal_sys: Registered thermal governor 'user_space'
[    1.958373] initcall thermal_init+0x0/0xf2 returned 0 after 976 usecs
[    1.960364] calling  init_menu+0x0/0xc @ 1
[    1.962508] cpuidle: using governor menu
[    1.967369] initcall init_menu+0x0/0xc returned 0 after 5859 usecs
[    1.975366] calling  pcc_init+0x0/0x4d @ 1
[    1.980367] initcall pcc_init+0x0/0x4d returned -19 after 0 usecs
[    1.987366] calling  amd_postcore_init+0x0/0x11e @ 1
[    1.994363] initcall amd_postcore_init+0x0/0x11e returned 0 after 0 usecs
[    2.002383] calling  bts_init+0x0/0xba @ 1
[    2.007363] initcall bts_init+0x0/0xba returned -19 after 0 usecs
[    2.014362] calling  pt_init+0x0/0x341 @ 1
[    2.019361] initcall pt_init+0x0/0x341 returned -19 after 0 usecs
[    2.027362] calling  boot_params_ksysfs_init+0x0/0x2ee @ 1
[    2.033391] initcall boot_params_ksysfs_init+0x0/0x2ee returned 0 after 0 usecs
[    2.042363] calling  sbf_init+0x0/0xea @ 1
[    2.047364] initcall sbf_init+0x0/0xea returned 0 after 0 usecs
[    2.054364] calling  arch_kdebugfs_init+0x0/0x219 @ 1
[    2.061476] initcall arch_kdebugfs_init+0x0/0x219 returned 0 after 0 usecs
[    2.069366] calling  intel_pconfig_init+0x0/0x85 @ 1
[    2.076365] initcall intel_pconfig_init+0x0/0x85 returned 0 after 0 usecs
[    2.085376] calling  mtrr_if_init+0x0/0x5d @ 1
[    2.090382] initcall mtrr_if_init+0x0/0x5d returned 0 after 0 usecs
[    2.099366] calling  activate_jump_labels+0x0/0x31 @ 1
[    2.106365] initcall activate_jump_labels+0x0/0x31 returned 0 after 0 usecs
[    2.114363] calling  ffh_cstate_init+0x0/0x29 @ 1
[    2.120367] initcall ffh_cstate_init+0x0/0x29 returned 0 after 0 usecs
[    2.129385] calling  activate_jump_labels+0x0/0x31 @ 1
[    2.136915] initcall activate_jump_labels+0x0/0x31 returned 0 after 976 usecs
[    2.146365] calling  kvm_alloc_cpumask+0x0/0x74 @ 1
[    2.153362] initcall kvm_alloc_cpumask+0x0/0x74 returned 0 after 0 usecs
[    2.162363] calling  kcmp_cookies_init+0x0/0x37 @ 1
[    2.168371] initcall kcmp_cookies_init+0x0/0x37 returned 0 after 0 usecs
[    2.178365] calling  cryptomgr_init+0x0/0xc @ 1
[    2.184486] initcall cryptomgr_init+0x0/0xc returned 0 after 0 usecs
[    2.192364] calling  acpi_pci_init+0x0/0x57 @ 1
[    2.198362] ACPI: bus type PCI registered
[    2.203367] initcall acpi_pci_init+0x0/0x57 returned 0 after 4882 usecs
[    2.212367] calling  dma_channel_table_init+0x0/0xd1 @ 1
[    2.219372] initcall dma_channel_table_init+0x0/0xd1 returned 0 after 0 usecs
[    2.228442] calling  dma_bus_init+0x0/0xdc @ 1
[    2.234429] initcall dma_bus_init+0x0/0xdc returned 0 after 0 usecs
[    2.243427] calling  iommu_dma_init+0x0/0x10 @ 1
[    2.249370] initcall iommu_dma_init+0x0/0x10 returned 0 after 0 usecs
[    2.257365] calling  dmi_id_init+0x0/0x37c @ 1
[    2.263445] initcall dmi_id_init+0x0/0x37c returned 0 after 0 usecs
[    2.272367] calling  pci_arch_init+0x0/0x71 @ 1
[    2.278940] PCI: MMCONFIG for domain 0000 [bus 00-ff] at [mem 0xb0000000-0xbfffffff] (base 0xb0000000)
[    2.291372] PCI: MMCONFIG at [mem 0xb0000000-0xbfffffff] reserved in E820
[    2.299390] PCI: Using configuration type 1 for base access
[    2.306406] initcall pci_arch_init+0x0/0x71 returned 0 after 27343 usecs
[    2.314389] calling  init_vdso+0x0/0x13 @ 1
[    2.320402] initcall init_vdso+0x0/0x13 returned 0 after 0 usecs
[    2.327363] calling  sysenter_setup+0x0/0x13 @ 1
[    2.333414] initcall sysenter_setup+0x0/0x13 returned 0 after 0 usecs
[    2.341367] calling  fixup_ht_bug+0x0/0xe5 @ 1
[    2.346363] initcall fixup_ht_bug+0x0/0xe5 returned 0 after 0 usecs
[    2.353365] calling  topology_init+0x0/0x88 @ 1
[    2.359484] initcall topology_init+0x0/0x88 returned 0 after 0 usecs
[    2.367366] calling  intel_epb_init+0x0/0x68 @ 1
[    2.374366] initcall intel_epb_init+0x0/0x68 returned -19 after 0 usecs
[    2.382364] calling  mtrr_init_finialize+0x0/0x3e @ 1
[    2.388364] initcall mtrr_init_finialize+0x0/0x3e returned 0 after 0 usecs
[    2.397365] calling  uid_cache_init+0x0/0x85 @ 1
[    2.402374] initcall uid_cache_init+0x0/0x85 returned 0 after 0 usecs
[    2.410368] calling  param_sysfs_init+0x0/0x1ba @ 1
[    2.420925] initcall param_sysfs_init+0x0/0x1ba returned 0 after 4882 usecs
[    2.429376] calling  user_namespace_sysctl_init+0x0/0x33 @ 1
[    2.436382] initcall user_namespace_sysctl_init+0x0/0x33 returned 0 after 0 usecs
[    2.446364] calling  proc_schedstat_init+0x0/0x24 @ 1
[    2.452367] initcall proc_schedstat_init+0x0/0x24 returned 0 after 0 usecs
[    2.460363] calling  pm_sysrq_init+0x0/0x18 @ 1
[    2.467489] initcall pm_sysrq_init+0x0/0x18 returned 0 after 976 usecs
[    2.476648] calling  create_proc_profile+0x0/0xd0 @ 1
[    2.482367] initcall create_proc_profile+0x0/0xd0 returned 0 after 0 usecs
[    2.491366] calling  time_ns_init+0x0/0x7 @ 1
[    2.497366] initcall time_ns_init+0x0/0x7 returned 0 after 0 usecs
[    2.505368] calling  crash_save_vmcoreinfo_init+0x0/0x722 @ 1
[    2.512433] initcall crash_save_vmcoreinfo_init+0x0/0x722 returned 0 after 0 usecs
[    2.521365] calling  crash_notes_memory_init+0x0/0x35 @ 1
[    2.528370] initcall crash_notes_memory_init+0x0/0x35 returned 0 after 0 usecs
[    2.537365] calling  cgroup_sysfs_init+0x0/0x13 @ 1
[    2.543398] initcall cgroup_sysfs_init+0x0/0x13 returned 0 after 0 usecs
[    2.551366] calling  cgroup_namespaces_init+0x0/0x7 @ 1
[    2.558366] initcall cgroup_namespaces_init+0x0/0x7 returned 0 after 0 usecs
[    2.566365] calling  init_optprobes+0x0/0x13 @ 1
[    2.572433] Kprobes globally optimized
[    2.577364] initcall init_optprobes+0x0/0x13 returned 0 after 4882 usecs
[    2.586366] calling  oom_init+0x0/0x2f @ 1
[    2.592752] initcall oom_init+0x0/0x2f returned 0 after 0 usecs
[    2.601368] calling  default_bdi_init+0x0/0xb3 @ 1
[    2.609751] initcall default_bdi_init+0x0/0xb3 returned 0 after 976 usecs
[    2.619366] calling  percpu_enable_async+0x0/0xe @ 1
[    2.625365] initcall percpu_enable_async+0x0/0xe returned 0 after 0 usecs
[    2.634366] calling  kcompactd_init+0x0/0x8d @ 1
[    2.640681] initcall kcompactd_init+0x0/0x8d returned 0 after 976 usecs
[    2.650406] calling  init_user_reserve+0x0/0x40 @ 1
[    2.655365] initcall init_user_reserve+0x0/0x40 returned 0 after 0 usecs
[    2.663364] calling  init_admin_reserve+0x0/0x40 @ 1
[    2.669364] initcall init_admin_reserve+0x0/0x40 returned 0 after 0 usecs
[    2.677366] calling  init_reserve_notifier+0x0/0x7 @ 1
[    2.682364] initcall init_reserve_notifier+0x0/0x7 returned 0 after 0 usecs
[    2.688369] calling  swap_init_sysfs+0x0/0x62 @ 1
[    2.694378] initcall swap_init_sysfs+0x0/0x62 returned 0 after 0 usecs
[    2.702365] calling  swapfile_init+0x0/0x94 @ 1
[    2.708367] initcall swapfile_init+0x0/0x94 returned 0 after 0 usecs
[    2.713368] calling  hugetlb_init+0x0/0x499 @ 1
[    2.719431] HugeTLB registered 2.00 MiB page size, pre-allocated 0 pages
[    2.727397] initcall hugetlb_init+0x0/0x499 returned 0 after 7812 usecs
[    2.735370] calling  io_wq_init+0x0/0x34 @ 1
[    2.740371] initcall io_wq_init+0x0/0x34 returned 0 after 0 usecs
[    2.747370] calling  seqiv_module_init+0x0/0xc @ 1
[    2.749370] initcall seqiv_module_init+0x0/0xc returned 0 after 0 usecs
[    2.759372] calling  echainiv_module_init+0x0/0xc @ 1
[    2.764628] initcall echainiv_module_init+0x0/0xc returned 0 after 0 usecs
[    2.775356] calling  rsa_init+0x0/0x50 @ 1
[    2.790391] cryptomgr_test (39) used greatest stack depth: 15136 bytes left
[    2.790378] initcall rsa_init+0x0/0x50 returned 0 after 7812 usecs
[    2.807376] calling  crypto_cmac_module_init+0x0/0xc @ 1
[    2.815372] initcall crypto_cmac_module_init+0x0/0xc returned 0 after 0 usecs
[    2.824372] calling  hmac_module_init+0x0/0xc @ 1
[    2.830370] initcall hmac_module_init+0x0/0xc returned 0 after 0 usecs
[    2.840370] calling  crypto_null_mod_init+0x0/0x65 @ 1
[    2.865954] initcall crypto_null_mod_init+0x0/0x65 returned 0 after 18554 usecs
[    2.875370] calling  md5_mod_init+0x0/0xc @ 1
[    2.884530] initcall md5_mod_init+0x0/0xc returned 0 after 2929 usecs
[    2.891366] calling  sha256_generic_mod_init+0x0/0x11 @ 1
[    2.908372] initcall sha256_generic_mod_init+0x0/0x11 returned 0 after 8789 usecs
[    2.919370] calling  crypto_cbc_module_init+0x0/0xc @ 1
[    2.926369] initcall crypto_cbc_module_init+0x0/0xc returned 0 after 0 usecs
[    2.934367] calling  crypto_ctr_module_init+0x0/0x11 @ 1
[    2.941367] initcall crypto_ctr_module_init+0x0/0x11 returned 0 after 0 usecs
[    2.949366] calling  crypto_gcm_module_init+0x0/0x64 @ 1
[    2.957746] initcall crypto_gcm_module_init+0x0/0x64 returned 0 after 0 usecs
[    2.966366] calling  crypto_ccm_module_init+0x0/0x11 @ 1
[    2.971368] initcall crypto_ccm_module_init+0x0/0x11 returned 0 after 0 usecs
[    2.981366] calling  aes_init+0x0/0xc @ 1
[    2.988365] initcall aes_init+0x0/0xc returned 0 after 1953 usecs
[    2.995366] calling  crc32c_mod_init+0x0/0xc @ 1
[    3.003659] initcall crc32c_mod_init+0x0/0xc returned 0 after 2929 usecs
[    3.012365] calling  crypto_authenc_module_init+0x0/0xc @ 1
[    3.018365] initcall crypto_authenc_module_init+0x0/0xc returned 0 after 0 usecs
[    3.027364] calling  crypto_authenc_esn_module_init+0x0/0xc @ 1
[    3.034365] initcall crypto_authenc_esn_module_init+0x0/0xc returned 0 after 0 usecs
[    3.043364] calling  drbg_init+0x0/0x7c @ 1
[    3.057504] initcall drbg_init+0x0/0x7c returned 0 after 8789 usecs
[    3.064510] calling  ghash_mod_init+0x0/0xc @ 1
[    3.071504] initcall ghash_mod_init+0x0/0xc returned 0 after 976 usecs
[    3.079365] calling  init_bio+0x0/0x9a @ 1
[    3.084403] initcall init_bio+0x0/0x9a returned 0 after 0 usecs
[    3.091363] calling  blk_settings_init+0x0/0x29 @ 1
[    3.096363] initcall blk_settings_init+0x0/0x29 returned 0 after 0 usecs
[    3.104363] calling  blk_ioc_init+0x0/0x29 @ 1
[    3.109367] initcall blk_ioc_init+0x0/0x29 returned 0 after 0 usecs
[    3.117363] calling  blk_mq_init+0x0/0xb9 @ 1
[    3.122364] initcall blk_mq_init+0x0/0xb9 returned 0 after 0 usecs
[    3.130363] calling  genhd_device_init+0x0/0x75 @ 1
[    3.137187] initcall genhd_device_init+0x0/0x75 returned 0 after 1953 usecs
[    3.145438] calling  pci_slot_init+0x0/0x40 @ 1
[    3.151526] initcall pci_slot_init+0x0/0x40 returned 0 after 0 usecs
[    3.158365] calling  fbmem_init+0x0/0xd8 @ 1
[    3.164357] initcall fbmem_init+0x0/0xd8 returned 0 after 976 usecs
[    3.171618] calling  acpi_init+0x0/0x319 @ 1
[    3.176381] ACPI: Added _OSI(Module Device)
[    3.181362] ACPI: Added _OSI(Processor Device)
[    3.187362] ACPI: Added _OSI(3.0 _SCP Extensions)
[    3.192361] ACPI: Added _OSI(Processor Aggregator Device)
[    3.199362] ACPI: Added _OSI(Linux-Dell-Video)
[    3.204362] ACPI: Added _OSI(Linux-Lenovo-NV-HDMI-Audio)
[    3.210362] ACPI: Added _OSI(Linux-HPI-Hybrid-Graphics)
[    3.217830] ACPI: 1 ACPI AML tables successfully acquired and loaded
[    3.230072] ACPI: Interpreter enabled
[    3.234977] ACPI: (supports S0 S3 S4 S5)
[    3.240362] ACPI: Using IOAPIC for interrupt routing
[    3.246421] PCI: Using host bridge windows from ACPI; if necessary, use "pci=nocrs" and report a bug
[    3.257989] ACPI: Enabled 2 GPEs in block 00 to 3F
[    3.272874] ACPI: PCI Root Bridge [PCI0] (domain 0000 [bus 00-ff])
[    3.280392] acpi PNP0A08:00: _OSC: OS supports [ExtendedConfig ASPM ClockPM Segments MSI HPX-Type3]
[    3.291440] acpi PNP0A08:00: _OSC: platform does not support [LTR]
[    3.300537] acpi PNP0A08:00: _OSC: OS now controls [PME PCIeCapability]
[    3.310485] PCI host bridge to bus 0000:00
[    3.317382] pci_bus 0000:00: root bus resource [io  0x0000-0x0cf7 window]
[    3.327364] pci_bus 0000:00: root bus resource [io  0x0d00-0xffff window]
[    3.337364] pci_bus 0000:00: root bus resource [mem 0x000a0000-0x000bffff window]
[    3.347365] pci_bus 0000:00: root bus resource [mem 0x20000000-0xafffffff window]
[    3.359365] pci_bus 0000:00: root bus resource [mem 0xc0000000-0xfebfffff window]
[    3.369364] pci_bus 0000:00: root bus resource [mem 0x100000000-0x8ffffffff window]
[    3.377411] pci_bus 0000:00: root bus resource [bus 00-ff]
[    3.384735] pci 0000:00:00.0: calling  quirk_mmio_always_on+0x0/0x10 @ 1
[    3.392397] pci 0000:00:00.0: quirk_mmio_always_on+0x0/0x10 took 0 usecs
[    3.400363] pci 0000:00:00.0: [8086:29c0] type 00 class 0x060000
[    3.410736] pci 0000:00:00.0: calling  quirk_igfx_skip_te_disable+0x0/0x80 @ 1
[    3.419366] pci 0000:00:00.0: quirk_igfx_skip_te_disable+0x0/0x80 took 0 usecs
[    3.428908] pci 0000:00:01.0: [1234:1111] type 00 class 0x030000
[    3.442356] pci 0000:00:01.0: reg 0x10: [mem 0xfd000000-0xfdffffff pref]
[    3.459956] pci 0000:00:01.0: reg 0x18: [mem 0xfebf0000-0xfebf0fff]
[    3.501356] pci 0000:00:01.0: reg 0x30: [mem 0xfebe0000-0xfebeffff pref]
[    3.521356] pci 0000:00:01.0: calling  efifb_fixup_resources+0x0/0xf0 @ 1
[    3.531679] pci 0000:00:01.0: efifb_fixup_resources+0x0/0xf0 took 0 usecs
[    3.571538] pci 0000:00:1f.0: [8086:2918] type 00 class 0x060100
[    3.582356] pci 0000:00:1f.0: calling  quirk_ich7_lpc+0x0/0x60 @ 1
[    3.590197] pci 0000:00:1f.0: quirk: [io  0x0600-0x067f] claimed by ICH6 ACPI/GPIO/TCO
[    3.595674] pci 0000:00:1f.0: quirk_ich7_lpc+0x0/0x60 took 6835 usecs
[    3.601356] pci 0000:00:1f.0: calling  quirk_igfx_skip_te_disable+0x0/0x80 @ 1
[    3.608003] pci 0000:00:1f.0: quirk_igfx_skip_te_disable+0x0/0x80 took 0 usecs
[    3.615865] pci 0000:00:1f.2: [8086:2922] type 00 class 0x010601
[    3.628364] pci 0000:00:1f.2: reg 0x20: [io  0xc040-0xc05f]
[    3.637365] pci 0000:00:1f.2: reg 0x24: [mem 0xfebf1000-0xfebf1fff]
[    3.644551] pci 0000:00:1f.2: calling  quirk_igfx_skip_te_disable+0x0/0x80 @ 1
[    3.649379] pci 0000:00:1f.2: quirk_igfx_skip_te_disable+0x0/0x80 took 0 usecs
[    3.656109] pci 0000:00:1f.3: [8086:2930] type 00 class 0x0c0500
[    3.664977] pci 0000:00:1f.3: reg 0x20: [io  0x0700-0x073f]
[    3.672476] pci 0000:00:1f.3: calling  quirk_igfx_skip_te_disable+0x0/0x80 @ 1
[    3.681367] pci 0000:00:1f.3: quirk_igfx_skip_te_disable+0x0/0x80 took 0 usecs
[    3.707792] ACPI: PCI Interrupt Link [LNKA] (IRQs 5 *10 11)
[    3.714379] ACPI: PCI Interrupt Link [LNKB] (IRQs 5 *10 11)
[    3.720594] ACPI: PCI Interrupt Link [LNKC] (IRQs 5 10 *11)
[    3.727843] ACPI: PCI Interrupt Link [LNKD] (IRQs 5 10 *11)
[    3.733486] ACPI: PCI Interrupt Link [LNKE] (IRQs 5 *10 11)
[    3.739783] ACPI: PCI Interrupt Link [LNKF] (IRQs 5 *10 11)
[    3.743741] ACPI: PCI Interrupt Link [LNKG] (IRQs 5 10 *11)
[    3.746771] ACPI: PCI Interrupt Link [LNKH] (IRQs 5 10 *11)
[    3.749560] ACPI: PCI Interrupt Link [GSIA] (IRQs *16)
[    3.755375] ACPI: PCI Interrupt Link [GSIB] (IRQs *17)
[    3.760749] ACPI: PCI Interrupt Link [GSIC] (IRQs *18)
[    3.763382] ACPI: PCI Interrupt Link [GSID] (IRQs *19)
[    3.769356] ACPI: PCI Interrupt Link [GSIE] (IRQs *20)
[    3.773382] ACPI: PCI Interrupt Link [GSIF] (IRQs *21)
[    3.776742] ACPI: PCI Interrupt Link [GSIG] (IRQs *22)
[    3.780376] ACPI: PCI Interrupt Link [GSIH] (IRQs *23)
[    3.803356] initcall acpi_init+0x0/0x319 returned 0 after 611328 usecs
[    3.809709] calling  pnp_init+0x0/0xc @ 1
[    3.813917] initcall pnp_init+0x0/0xc returned 0 after 0 usecs
[    3.822365] calling  misc_init+0x0/0xbf @ 1
[    3.829879] initcall misc_init+0x0/0xbf returned 0 after 976 usecs
[    3.838365] calling  iommu_subsys_init+0x0/0x4e @ 1
[    3.846256] iommu: Default domain type: Translated 
[    3.850365] initcall iommu_subsys_init+0x0/0x4e returned 0 after 4882 usecs
[    3.858364] calling  vga_arb_device_init+0x0/0x261 @ 1
[    3.869529] pci 0000:00:01.0: vgaarb: setting as boot VGA device
[    3.870356] pci 0000:00:01.0: vgaarb: VGA device added: decodes=io+mem,owns=io+mem,locks=none
[    3.887364] pci 0000:00:01.0: vgaarb: bridge control possible
[    3.894360] vgaarb: loaded
[    3.897365] initcall vga_arb_device_init+0x0/0x261 returned 0 after 32226 usecs
[    3.906402] calling  cn_init+0x0/0xf0 @ 1
[    3.911907] initcall cn_init+0x0/0xf0 returned 0 after 976 usecs
[    3.919364] calling  dma_buf_init+0x0/0xad @ 1
[    3.925797] initcall dma_buf_init+0x0/0xad returned 0 after 976 usecs
[    3.933403] calling  init_scsi+0x0/0x79 @ 1
[    3.939949] SCSI subsystem initialized
[    3.944364] initcall init_scsi+0x0/0x79 returned 0 after 4882 usecs
[    3.952362] calling  ata_init+0x0/0x332 @ 1
[    3.959880] libata version 3.00 loaded.
[    3.965372] initcall ata_init+0x0/0x332 returned 0 after 7812 usecs
[    3.973371] calling  phy_init+0x0/0x250 @ 1
[    3.978572] initcall phy_init+0x0/0x250 returned 0 after 0 usecs
[    3.985364] calling  init_pcmcia_cs+0x0/0x35 @ 1
[    3.991444] initcall init_pcmcia_cs+0x0/0x35 returned 0 after 0 usecs
[    3.998362] calling  usb_common_init+0x0/0x1c @ 1
[    4.004388] initcall usb_common_init+0x0/0x1c returned 0 after 0 usecs
[    4.012362] calling  usb_init+0x0/0x12e @ 1
[    4.017527] ACPI: bus type USB registered
[    4.022373] usbcore: registered new interface driver usbfs
[    4.029478] usbcore: registered new interface driver hub
[    4.035411] usbcore: registered new device driver usb
[    4.041364] initcall usb_init+0x0/0x12e returned 0 after 23437 usecs
[    4.048363] calling  serio_init+0x0/0x29 @ 1
[    4.053453] initcall serio_init+0x0/0x29 returned 0 after 0 usecs
[    4.060361] calling  input_init+0x0/0xf6 @ 1
[    4.067506] initcall input_init+0x0/0xf6 returned 0 after 0 usecs
[    4.076366] calling  rtc_init+0x0/0x4d @ 1
[    4.082398] initcall rtc_init+0x0/0x4d returned 0 after 0 usecs
[    4.091460] calling  pps_init+0x0/0xa9 @ 1
[    4.096387] pps_core: LinuxPPS API ver. 1 registered
[    4.102360] pps_core: Software ver. 5.3.6 - Copyright 2005-2007 Rodolfo Giometti <giometti@linux.it>
[    4.113363] initcall pps_init+0x0/0xa9 returned 0 after 16601 usecs
[    4.120367] calling  ptp_init+0x0/0x98 @ 1
[    4.126578] PTP clock support registered
[    4.131365] initcall ptp_init+0x0/0x98 returned 0 after 4882 usecs
[    4.139364] calling  power_supply_class_init+0x0/0x3f @ 1
[    4.145621] initcall power_supply_class_init+0x0/0x3f returned 0 after 976 usecs
[    4.155363] calling  hwmon_init+0x0/0x104 @ 1
[    4.160600] initcall hwmon_init+0x0/0x104 returned 0 after 0 usecs
[    4.169365] calling  md_init+0x0/0x16b @ 1
[    4.179514] initcall md_init+0x0/0x16b returned 0 after 5859 usecs
[    4.187427] calling  leds_init+0x0/0x3b @ 1
[    4.192392] initcall leds_init+0x0/0x3b returned 0 after 0 usecs
[    4.199363] calling  dmi_init+0x0/0x113 @ 1
[    4.206365] initcall dmi_init+0x0/0x113 returned 0 after 976 usecs
[    4.213364] calling  efisubsys_init+0x0/0x4e7 @ 1
[    4.219516] initcall efisubsys_init+0x0/0x4e7 returned 0 after 0 usecs
[    4.227364] calling  nvmem_init+0x0/0xc @ 1
[    4.232860] initcall nvmem_init+0x0/0xc returned 0 after 976 usecs
[    4.240364] calling  init_soundcore+0x0/0x33 @ 1
[    4.246684] initcall init_soundcore+0x0/0x33 returned 0 after 0 usecs
[    4.256366] calling  alsa_sound_init+0x0/0x8f @ 1
[    4.262703] Advanced Linux Sound Architecture Driver Initialized.
[    4.270366] initcall alsa_sound_init+0x0/0x8f returned 0 after 7812 usecs
[    4.277364] calling  alsa_seq_device_init+0x0/0x71 @ 1
[    4.283790] initcall alsa_seq_device_init+0x0/0x71 returned 0 after 0 usecs
[    4.293365] calling  hda_bus_init+0x0/0xc @ 1
[    4.298469] initcall hda_bus_init+0x0/0xc returned 0 after 0 usecs
[    4.306367] calling  proto_init+0x0/0xc @ 1
[    4.311475] initcall proto_init+0x0/0xc returned 0 after 0 usecs
[    4.318365] calling  net_dev_init+0x0/0x209 @ 1
[    4.333425] initcall net_dev_init+0x0/0x209 returned 0 after 7812 usecs
[    4.342368] calling  neigh_init+0x0/0x84 @ 1
[    4.346370] initcall neigh_init+0x0/0x84 returned 0 after 0 usecs
[    4.355368] calling  fib_notifier_init+0x0/0xc @ 1
[    4.361385] initcall fib_notifier_init+0x0/0xc returned 0 after 0 usecs
[    4.371368] calling  fib_rules_init+0x0/0xab @ 1
[    4.378671] initcall fib_rules_init+0x0/0xab returned 0 after 0 usecs
[    4.388371] calling  pktsched_init+0x0/0x10e @ 1
[    4.393690] initcall pktsched_init+0x0/0x10e returned 0 after 0 usecs
[    4.399365] calling  tc_filter_init+0x0/0xfa @ 1
[    4.404745] initcall tc_filter_init+0x0/0xfa returned 0 after 0 usecs
[    4.409367] calling  tc_action_init+0x0/0x54 @ 1
[    4.415370] initcall tc_action_init+0x0/0x54 returned 0 after 0 usecs
[    4.419364] calling  ethnl_init+0x0/0x52 @ 1
[    4.426356] initcall ethnl_init+0x0/0x52 returned 0 after 1953 usecs
[    4.434368] calling  nexthop_init+0x0/0xd8 @ 1
[    4.439049] initcall nexthop_init+0x0/0xd8 returned 0 after 1953 usecs
[    4.447366] calling  cipso_v4_init+0x0/0x5d @ 1
[    4.454421] initcall cipso_v4_init+0x0/0x5d returned 0 after 0 usecs
[    4.461364] calling  ieee80211_init+0x0/0x24 @ 1
[    4.468556] initcall ieee80211_init+0x0/0x24 returned 0 after 0 usecs
[    4.476378] calling  netlbl_init+0x0/0x78 @ 1
[    4.481379] NetLabel: Initializing
[    4.485360] NetLabel:  domain hash size = 128
[    4.491359] NetLabel:  protocols = UNLABELED CIPSOv4 CALIPSO
[    4.498558] NetLabel:  unlabeled traffic allowed by default
[    4.505366] initcall netlbl_init+0x0/0x78 returned 0 after 23437 usecs
[    4.513382] calling  rfkill_init+0x0/0x111 @ 1
[    4.519564] initcall rfkill_init+0x0/0x111 returned 0 after 976 usecs
[    4.528367] calling  pci_subsys_init+0x0/0x66 @ 1
[    4.534473] PCI: Using ACPI for IRQ routing
[    5.263765] PCI: pci_cache_line_size set to 64 bytes
[    5.270806] e820: reserve RAM buffer [mem 0x0009fc00-0x0009ffff]
[    5.278420] e820: reserve RAM buffer [mem 0x1ffdf000-0x1fffffff]
[    5.285439] initcall pci_subsys_init+0x0/0x66 returned 0 after 733398 usecs
[    5.296178] calling  nmi_warning_debugfs+0x0/0x26 @ 1
[    5.302483] initcall nmi_warning_debugfs+0x0/0x26 returned 0 after 0 usecs
[    5.311464] calling  save_microcode_in_initrd+0x0/0x51 @ 1
[    5.317539] initcall save_microcode_in_initrd+0x0/0x51 returned 0 after 976 usecs
[    5.327368] calling  hpet_late_init+0x0/0x20a @ 1
[    5.331647] hpet: 3 channels of 0 reserved for per-cpu timers
[    5.338547] hpet0: at MMIO 0xfed00000, IRQs 2, 8, 0
[    5.345361] hpet0: 3 comparators, 64-bit 100.000000 MHz counter
[    5.355367] initcall hpet_late_init+0x0/0x20a returned 0 after 23437 usecs
[    5.364368] calling  init_amd_nbs+0x0/0x11c @ 1
[    5.370399] initcall init_amd_nbs+0x0/0x11c returned 0 after 0 usecs
[    5.378387] calling  clocksource_done_booting+0x0/0x41 @ 1
[    5.385884] clocksource: Switched to clocksource kvm-clock
[    5.393557] initcall clocksource_done_booting+0x0/0x41 returned 0 after 8002 usecs
[    5.408457] calling  tracer_init_tracefs+0x0/0x242 @ 1
[    5.619208] initcall tracer_init_tracefs+0x0/0x242 returned 0 after 198708 usecs
[    5.627963] calling  init_trace_printk_function_export+0x0/0x2c @ 1
[    5.635281] initcall init_trace_printk_function_export+0x0/0x2c returned 0 after 10 usecs
[    5.644989] calling  init_kprobe_trace+0x0/0x1a9 @ 1
[    5.650931] initcall init_kprobe_trace+0x0/0x1a9 returned 0 after 32 usecs
[    5.659007] calling  init_dynamic_event+0x0/0x3d @ 1
[    5.665020] initcall init_dynamic_event+0x0/0x3d returned 0 after 6 usecs
[    5.673031] calling  init_uprobe_trace+0x0/0x5c @ 1
[    5.679000] initcall init_uprobe_trace+0x0/0x5c returned 0 after 36 usecs
[    5.687009] calling  init_pipe_fs+0x0/0x44 @ 1
[    5.692603] initcall init_pipe_fs+0x0/0x44 returned 0 after 278 usecs
[    5.700210] calling  inotify_user_setup+0x0/0x47 @ 1
[    5.706109] initcall inotify_user_setup+0x0/0x47 returned 0 after 32 usecs
[    5.714243] calling  eventpoll_init+0x0/0xd4 @ 1
[    5.719821] initcall eventpoll_init+0x0/0xd4 returned 0 after 115 usecs
[    5.727471] calling  anon_inode_init+0x0/0x58 @ 1
[    5.733001] initcall anon_inode_init+0x0/0x58 returned 0 after 53 usecs
[    5.740568] calling  proc_locks_init+0x0/0x27 @ 1
[    5.746292] initcall proc_locks_init+0x0/0x27 returned 0 after 248 usecs
[    5.754115] calling  iomap_init+0x0/0x1b @ 1
[    5.759838] initcall iomap_init+0x0/0x1b returned 0 after 765 usecs
[    5.767017] calling  dquot_init+0x0/0x106 @ 1
[    5.772087] VFS: Disk quotas dquot_6.6.0
[    5.777071] VFS: Dquot-cache hash table entries: 512 (order 0, 4096 bytes)
[    5.784864] initcall dquot_init+0x0/0x106 returned 0 after 12490 usecs
[    5.792376] calling  quota_init+0x0/0x23 @ 1
[    5.797698] initcall quota_init+0x0/0x23 returned 0 after 400 usecs
[    5.805192] calling  proc_cmdline_init+0x0/0x21 @ 1
[    5.810884] initcall proc_cmdline_init+0x0/0x21 returned 0 after 46 usecs
[    5.818602] calling  proc_consoles_init+0x0/0x24 @ 1
[    5.824296] initcall proc_consoles_init+0x0/0x24 returned 0 after 24 usecs
[    5.832101] calling  proc_cpuinfo_init+0x0/0x1e @ 1
[    5.837725] initcall proc_cpuinfo_init+0x0/0x1e returned 0 after 3 usecs
[    5.845787] calling  proc_devices_init+0x0/0x24 @ 1
[    5.851738] initcall proc_devices_init+0x0/0x24 returned 0 after 27 usecs
[    5.859739] calling  proc_interrupts_init+0x0/0x24 @ 1
[    5.865835] initcall proc_interrupts_init+0x0/0x24 returned 0 after 8 usecs
[    5.874232] calling  proc_loadavg_init+0x0/0x21 @ 1
[    5.879881] initcall proc_loadavg_init+0x0/0x21 returned 0 after 4 usecs
[    5.887590] calling  proc_meminfo_init+0x0/0x21 @ 1
[    5.893241] initcall proc_meminfo_init+0x0/0x21 returned 0 after 3 usecs
[    5.900870] calling  proc_stat_init+0x0/0x1e @ 1
[    5.906598] initcall proc_stat_init+0x0/0x1e returned 0 after 3 usecs
[    5.914010] calling  proc_uptime_init+0x0/0x21 @ 1
[    5.919584] initcall proc_uptime_init+0x0/0x21 returned 0 after 4 usecs
[    5.927217] calling  proc_version_init+0x0/0x21 @ 1
[    5.932796] initcall proc_version_init+0x0/0x21 returned 0 after 4 usecs
[    5.940329] calling  proc_softirqs_init+0x0/0x21 @ 1
[    5.945910] initcall proc_softirqs_init+0x0/0x21 returned 0 after 3 usecs
[    5.953540] calling  proc_kcore_init+0x0/0xea @ 1
[    5.959151] initcall proc_kcore_init+0x0/0xea returned 0 after 96 usecs
[    5.966642] calling  vmcore_init+0x0/0x578 @ 1
[    5.971777] initcall vmcore_init+0x0/0x578 returned 0 after 66 usecs
[    5.978913] calling  proc_kmsg_init+0x0/0x21 @ 1
[    5.984173] initcall proc_kmsg_init+0x0/0x21 returned 0 after 3 usecs
[    5.991518] calling  proc_page_init+0x0/0x3b @ 1
[    5.996809] initcall proc_page_init+0x0/0x3b returned 0 after 3 usecs
[    6.005345] calling  init_ramfs_fs+0x0/0xc @ 1
[    6.011815] initcall init_ramfs_fs+0x0/0xc returned 0 after 37 usecs
[    6.020775] calling  init_hugetlbfs_fs+0x0/0xf6 @ 1
[    6.028194] initcall init_hugetlbfs_fs+0x0/0xf6 returned 0 after 410 usecs
[    6.036668] calling  blk_scsi_ioctl_init+0x0/0x2a5 @ 1
[    6.042617] initcall blk_scsi_ioctl_init+0x0/0x2a5 returned 0 after 62 usecs
[    6.051135] calling  acpi_event_init+0x0/0x2c @ 1
[    6.057979] initcall acpi_event_init+0x0/0x2c returned 0 after 127 usecs
[    6.067527] calling  pnp_system_init+0x0/0xc @ 1
[    6.076319] initcall pnp_system_init+0x0/0xc returned 0 after 2239 usecs
[    6.084580] calling  pnpacpi_init+0x0/0x69 @ 1
[    6.089605] pnp: PnP ACPI init
[    6.099972] pnp 00:00: Plug and Play ACPI device, IDs PNP0303 (active)
[    6.108442] pnp 00:01: Plug and Play ACPI device, IDs PNP0f13 (active)
[    6.116071] pnp 00:02: Plug and Play ACPI device, IDs PNP0400 (active)
[    6.123496] pnp 00:03: Plug and Play ACPI device, IDs PNP0501 (active)
[    6.130932] pnp 00:04: Plug and Play ACPI device, IDs PNP0b00 (active)
[    6.138582] system 00:05: [mem 0xb0000000-0xbfffffff window] has been reserved
[    6.146794] system 00:05: Plug and Play ACPI device, IDs PNP0c01 (active)
[    6.155976] pnp: PnP ACPI: found 6 devices
[    6.160686] initcall pnpacpi_init+0x0/0x69 returned 0 after 69449 usecs
[    6.168073] calling  chr_dev_init+0x0/0x14d @ 1
[    6.262738] initcall chr_dev_init+0x0/0x14d returned 0 after 87369 usecs
[    6.271228] calling  firmware_class_init+0x0/0xe7 @ 1
[    6.277531] initcall firmware_class_init+0x0/0xe7 returned 0 after 151 usecs
[    6.287421] calling  init_pcmcia_bus+0x0/0x5b @ 1
[    6.293215] initcall init_pcmcia_bus+0x0/0x5b returned 0 after 88 usecs
[    6.301439] calling  init_acpi_pm_clocksource+0x0/0xda @ 1
[    6.314149] clocksource: acpi_pm: mask: 0xffffff max_cycles: 0xffffff, max_idle_ns: 2085701024 ns
[    6.324579] initcall init_acpi_pm_clocksource+0x0/0xda returned 0 after 15966 usecs
[    6.335099] calling  sysctl_core_init+0x0/0x26 @ 1
[    6.343648] initcall sysctl_core_init+0x0/0x26 returned 0 after 2649 usecs
[    6.352040] calling  eth_offload_init+0x0/0x13 @ 1
[    6.358067] initcall eth_offload_init+0x0/0x13 returned 0 after 84 usecs
[    6.366038] calling  ipv4_offload_init+0x0/0x73 @ 1
[    6.372279] initcall ipv4_offload_init+0x0/0x73 returned 0 after 144 usecs
[    6.380356] calling  inet_init+0x0/0x276 @ 1
[    6.386048] NET: Registered protocol family 2
[    6.392256] IP idents hash table entries: 8192 (order: 4, 65536 bytes, linear)
[    6.402816] tcp_listen_portaddr_hash hash table entries: 256 (order: 0, 4096 bytes, linear)
[    6.412980] TCP established hash table entries: 4096 (order: 3, 32768 bytes, linear)
[    6.421775] TCP bind hash table entries: 4096 (order: 4, 65536 bytes, linear)
[    6.431218] TCP: Hash tables configured (established 4096 bind 4096)
[    6.439540] UDP hash table entries: 256 (order: 1, 8192 bytes, linear)
[    6.447152] UDP-Lite hash table entries: 256 (order: 1, 8192 bytes, linear)
[    6.455297] initcall inet_init+0x0/0x276 returned 0 after 68005 usecs
[    6.462816] calling  af_unix_init+0x0/0x4d @ 1
[    6.467989] NET: Registered protocol family 1
[    6.473168] initcall af_unix_init+0x0/0x4d returned 0 after 5077 usecs
[    6.480660] calling  ipv6_offload_init+0x0/0x7e @ 1
[    6.486356] initcall ipv6_offload_init+0x0/0x7e returned 0 after 46 usecs
[    6.493992] calling  init_sunrpc+0x0/0x65 @ 1
[    6.506622] RPC: Registered named UNIX socket transport module.
[    6.515062] RPC: Registered udp transport module.
[    6.520469] RPC: Registered tcp transport module.
[    6.525960] RPC: Registered tcp NFSv4.1 backchannel transport module.
[    6.533452] initcall init_sunrpc+0x0/0x65 returned 0 after 33571 usecs
[    6.541041] calling  cfg80211_init+0x0/0xc5 @ 1
[    6.548788] initcall cfg80211_init+0x0/0xc5 returned 0 after 2386 usecs
[    6.556456] calling  pcibios_assign_resources+0x0/0xbf @ 1
[    6.562957] pci_bus 0000:00: resource 4 [io  0x0000-0x0cf7 window]
[    6.570038] pci_bus 0000:00: resource 5 [io  0x0d00-0xffff window]
[    6.578171] pci_bus 0000:00: resource 6 [mem 0x000a0000-0x000bffff window]
[    6.596331] pci_bus 0000:00: resource 7 [mem 0x20000000-0xafffffff window]
[    6.605791] pci_bus 0000:00: resource 8 [mem 0xc0000000-0xfebfffff window]
[    6.613847] pci_bus 0000:00: resource 9 [mem 0x100000000-0x8ffffffff window]
[    6.623275] initcall pcibios_assign_resources+0x0/0xbf returned 0 after 58695 usecs
[    6.632581] calling  pci_apply_final_quirks+0x0/0x124 @ 1
[    6.641659] pci 0000:00:01.0: calling  pci_fixup_video+0x0/0xe0 @ 1
[    6.650251] pci 0000:00:01.0: Video device with shadowed ROM at [mem 0x000c0000-0x000dffff]
[    6.659744] pci 0000:00:01.0: pci_fixup_video+0x0/0xe0 took 9638 usecs
[    6.668627] PCI: CLS 0 bytes, default 64
[    6.674292] initcall pci_apply_final_quirks+0x0/0x124 returned 0 after 33019 usecs
[    6.685026] calling  acpi_reserve_resources+0x0/0xea @ 1
[    6.693206] initcall acpi_reserve_resources+0x0/0xea returned 0 after 506 usecs
[    6.702523] calling  populate_rootfs+0x0/0x102 @ 1
[    6.711410] initcall populate_rootfs+0x0/0x102 returned 0 after 3185 usecs
[    6.719566] calling  pci_iommu_init+0x0/0x3e @ 1
[    6.725236] initcall pci_iommu_init+0x0/0x3e returned 0 after 118 usecs
[    6.734965] calling  ia32_binfmt_init+0x0/0x13 @ 1
[    6.740781] initcall ia32_binfmt_init+0x0/0x13 returned 0 after 190 usecs
[    6.748690] calling  rapl_pmu_init+0x0/0x267 @ 1
[    6.754153] initcall rapl_pmu_init+0x0/0x267 returned -19 after 60 usecs
[    6.762100] calling  amd_uncore_init+0x0/0x310 @ 1
[    6.767758] initcall amd_uncore_init+0x0/0x310 returned -19 after 0 usecs
[    6.775716] calling  amd_ibs_init+0x0/0x27b @ 1
[    6.781082] initcall amd_ibs_init+0x0/0x27b returned -19 after 0 usecs
[    6.788824] calling  amd_iommu_pc_init+0x0/0x215 @ 1
[    6.794940] initcall amd_iommu_pc_init+0x0/0x215 returned -19 after 40 usecs
[    6.803241] calling  msr_init+0x0/0x55 @ 1
[    6.808689] initcall msr_init+0x0/0x55 returned 0 after 511 usecs
[    6.815923] calling  intel_uncore_init+0x0/0x36f @ 1
[    6.821876] initcall intel_uncore_init+0x0/0x36f returned -19 after 26 usecs
[    6.830287] calling  cstate_pmu_init+0x0/0x1a1 @ 1
[    6.835962] initcall cstate_pmu_init+0x0/0x1a1 returned -19 after 0 usecs
[    6.843928] calling  register_kernel_offset_dumper+0x0/0x1a @ 1
[    6.850865] initcall register_kernel_offset_dumper+0x0/0x1a returned 0 after 86 usecs
[    6.859948] calling  i8259A_init_ops+0x0/0x20 @ 1
[    6.866146] initcall i8259A_init_ops+0x0/0x20 returned 0 after 340 usecs
[    6.873948] calling  init_tsc_clocksource+0x0/0xa4 @ 1
[    6.879981] clocksource: tsc: mask: 0xffffffffffffffff max_cycles: 0x39a85afc727, max_idle_ns: 881590685098 ns
[    6.891589] initcall init_tsc_clocksource+0x0/0xa4 returned 0 after 11420 usecs
[    6.900139] calling  add_rtc_cmos+0x0/0xb0 @ 1
[    6.905576] initcall add_rtc_cmos+0x0/0xb0 returned 0 after 170 usecs
[    6.913232] calling  i8237A_init_ops+0x0/0x3a @ 1
[    6.918962] initcall i8237A_init_ops+0x0/0x3a returned 0 after 176 usecs
[    6.926773] calling  umwait_init+0x0/0x94 @ 1
[    6.932213] initcall umwait_init+0x0/0x94 returned -19 after 18 usecs
[    6.940040] calling  thermal_throttle_init_device+0x0/0x3d @ 1
[    6.947052] initcall thermal_throttle_init_device+0x0/0x3d returned 0 after 40 usecs
[    6.956062] calling  msr_init+0x0/0xd7 @ 1
[    6.971022] initcall msr_init+0x0/0xd7 returned 0 after 9834 usecs
[    6.978411] calling  cpuid_init+0x0/0xd7 @ 1
[    6.988756] initcall cpuid_init+0x0/0xd7 returned 0 after 5152 usecs
[    6.997051] calling  ioapic_init_ops+0x0/0x13 @ 1
[    7.003383] initcall ioapic_init_ops+0x0/0x13 returned 0 after 28 usecs
[    7.011800] calling  add_pcspkr+0x0/0x6c @ 1
[    7.017474] initcall add_pcspkr+0x0/0x6c returned 0 after 265 usecs
[    7.025787] calling  start_periodic_check_for_corruption+0x0/0x30 @ 1
[    7.034264] check: Scanning for low memory corruption every 60 seconds
[    7.042758] initcall start_periodic_check_for_corruption+0x0/0x30 returned 0 after 8362 usecs
[    7.054569] calling  sysfb_init+0x0/0x9c @ 1
[    7.060204] initcall sysfb_init+0x0/0x9c returned 0 after 135 usecs
[    7.070882] calling  audit_classes_init+0x0/0xae @ 1
[    7.076833] initcall audit_classes_init+0x0/0xae returned 0 after 153 usecs
[    7.084846] calling  iosf_mbi_init+0x0/0x24 @ 1
[    7.090811] initcall iosf_mbi_init+0x0/0x24 returned 0 after 389 usecs
[    7.098452] calling  proc_execdomains_init+0x0/0x21 @ 1
[    7.104619] initcall proc_execdomains_init+0x0/0x21 returned 0 after 53 usecs
[    7.112820] calling  register_warn_debugfs+0x0/0x23 @ 1
[    7.119176] initcall register_warn_debugfs+0x0/0x23 returned 0 after 249 usecs
[    7.129131] calling  cpuhp_sysfs_init+0x0/0x79 @ 1
[    7.135194] initcall cpuhp_sysfs_init+0x0/0x79 returned 0 after 352 usecs
[    7.142955] calling  ioresources_init+0x0/0x49 @ 1
[    7.148501] initcall ioresources_init+0x0/0x49 returned 0 after 6 usecs
[    7.156326] calling  snapshot_device_init+0x0/0xc @ 1
[    7.164114] initcall snapshot_device_init+0x0/0xc returned 0 after 1503 usecs
[    7.172604] calling  irq_pm_init_ops+0x0/0x13 @ 1
[    7.178135] initcall irq_pm_init_ops+0x0/0x13 returned 0 after 14 usecs
[    7.185806] calling  rcu_torture_init+0x0/0x9a6 @ 1
[    7.192467] tasks-tracing-torture:--- Start of test: nreaders=3 nfakewriters=4 stat_interval=15 verbose=1 test_no_idle_hz=1 shuffle_interval=3 stutter=5 irqreader=1 fqs_duration=0 fqs_holdoff=0 fqs_stutter=3 test_boost=1/0 test_boost_interval=7 test_boost_duration=4 shutdown_secs=1800 stall_cpu=0 stall_cpu_holdoff=10 stall_cpu_irqsoff=0 stall_cpu_block=0 n_barrier_cbs=4 onoff_interval=1000 onoff_holdoff=30 read_exit_delay=13 read_exit_burst=16
[    7.239055] tasks-tracing:  Start-test grace-period state: g0 f0x0
[    7.246807] tasks-tracing-torture: Creating rcu_torture_writer task
[    7.257506] tasks-tracing-torture: Creating rcu_torture_fakewriter task
[    7.257753] tasks-tracing-torture: rcu_torture_writer task started
[    7.267251] tasks-tracing-torture: Creating rcu_torture_fakewriter task
[    7.267750] tasks-tracing-torture: rcu_torture_fakewriter task started
[    7.274868] tasks-tracing-torture: GP expediting controlled from boot/sysfs for tasks-tracing.
[    7.274898] rcu_torture_writer: Testing expedited GPs.
[    7.274899] rcu_torture_writer: Testing asynchronous GPs.
[    7.274900] rcu_torture_writer: Testing normal GPs.
[    7.321953] tasks-tracing-torture: Creating rcu_torture_fakewriter task
[    7.322192] tasks-tracing-torture: rcu_torture_fakewriter task started
[    7.332555] tasks-tracing-torture: Creating rcu_torture_fakewriter task
[    7.339104] tasks-tracing-torture: rcu_torture_fakewriter task started
[    7.350504] tasks-tracing-torture: Creating rcu_torture_reader task
[    7.350783] tasks-tracing-torture: rcu_torture_fakewriter task started
[    7.374824] tasks-tracing-torture: Creating rcu_torture_reader task
[    7.375160] tasks-tracing-torture: rcu_torture_reader task started
[    7.384307] tasks-tracing-torture: Creating rcu_torture_reader task
[    7.384581] tasks-tracing-torture: rcu_torture_reader task started
[    7.407214] tasks-tracing-torture: Creating rcu_torture_stats task
[    7.407769] tasks-tracing-torture: rcu_torture_reader task started
[    7.415106] tasks-tracing-torture: Creating torture_shuffle task
[    7.416486] tasks-tracing-torture: rcu_torture_stats task started
[    7.440997] tasks-tracing-torture: Creating torture_stutter task
[    7.441590] tasks-tracing-torture: torture_shuffle task started
[    7.449847] tasks-tracing-torture: Creating torture_shutdown task
[    7.456724] tasks-tracing-torture: torture_stutter task started
[    7.476792] tasks-tracing-torture: Creating torture_onoff task
[    7.476815] tasks-tracing-torture: torture_shutdown task started
[    7.486240] tasks-tracing-torture: torture_onoff task started
[    7.486251] tasks-tracing-torture: rcu_torture_fwd_prog_init: Disabled, unsupported by RCU flavor under test
[    7.486253] tasks-tracing-torture: Creating rcu_torture_barrier_cbs task
[    7.487099] tasks-tracing-torture: Creating rcu_torture_barrier_cbs task
[    7.487128] tasks-tracing-torture: rcu_torture_barrier_cbs task started
[    7.487637] tasks-tracing-torture: Creating rcu_torture_barrier_cbs task
[    7.487651] tasks-tracing-torture: rcu_torture_barrier_cbs task started
[    7.488338] tasks-tracing-torture: Creating rcu_torture_barrier_cbs task
[    7.488367] tasks-tracing-torture: rcu_torture_barrier_cbs task started
[    7.488970] tasks-tracing-torture: Creating rcu_torture_barrier task
[    7.488999] tasks-tracing-torture: rcu_torture_barrier_cbs task started
[    7.489645] tasks-tracing-torture: Creating rcu_torture_read_exit task
[    7.489673] tasks-tracing-torture: rcu_torture_barrier task starting
[    7.493244] tasks-tracing-torture:torture_shutdown task: 1799956 ms remaining
[    7.493815] initcall rcu_torture_init+0x0/0x9a6 returned 0 after 295120 usecs
[    7.494544] tasks-tracing-torture: rcu_torture_read_exit: Start of test
[    7.500624] tasks-tracing-torture: torture_onoff begin holdoff
[    7.512362] calling  timekeeping_init_ops+0x0/0x13 @ 1
[    7.654112] initcall timekeeping_init_ops+0x0/0x13 returned 0 after 155 usecs
[    7.664303] calling  init_clocksource_sysfs+0x0/0x23 @ 1
[    7.672580] initcall init_clocksource_sysfs+0x0/0x23 returned 0 after 368 usecs
[    7.682490] calling  init_timer_list_procfs+0x0/0x31 @ 1
[    7.689664] initcall init_timer_list_procfs+0x0/0x31 returned 0 after 7 usecs
[    7.698853] calling  alarmtimer_init+0x0/0xc7 @ 1
[    7.705062] initcall alarmtimer_init+0x0/0xc7 returned 0 after 291 usecs
[    7.713395] calling  init_posix_timers+0x0/0x29 @ 1
[    7.719999] initcall init_posix_timers+0x0/0x29 returned 0 after 101 usecs
[    7.729416] calling  clockevents_init_sysfs+0x0/0xbf @ 1
[    7.736745] initcall clockevents_init_sysfs+0x0/0xbf returned 0 after 249 usecs
[    7.747518] calling  proc_dma_init+0x0/0x21 @ 1
[    7.754683] initcall proc_dma_init+0x0/0x21 returned 0 after 159 usecs
[    7.762986] calling  proc_modules_init+0x0/0x1e @ 1
[    7.769056] initcall proc_modules_init+0x0/0x1e returned 0 after 5 usecs
[    7.777485] calling  kallsyms_init+0x0/0x21 @ 1
[    7.783109] initcall kallsyms_init+0x0/0x21 returned 0 after 5 usecs
[    7.790607] calling  pid_namespaces_init+0x0/0x2c @ 1
[    7.797679] initcall pid_namespaces_init+0x0/0x2c returned 0 after 89 usecs
[    7.806601] calling  audit_watch_init+0x0/0x37 @ 1
[    7.813677] initcall audit_watch_init+0x0/0x37 returned 0 after 398 usecs
[    7.822111] calling  audit_fsnotify_init+0x0/0x37 @ 1
[    7.828708] initcall audit_fsnotify_init+0x0/0x37 returned 0 after 2 usecs
[    7.837629] calling  audit_tree_init+0x0/0x6d @ 1
[    7.843578] initcall audit_tree_init+0x0/0x6d returned 0 after 7 usecs
[    7.851920] calling  seccomp_sysctl_init+0x0/0x2b @ 1
[    7.858549] initcall seccomp_sysctl_init+0x0/0x2b returned 0 after 89 usecs
[    7.867454] calling  utsname_sysctl_init+0x0/0x13 @ 1
[    7.874151] initcall utsname_sysctl_init+0x0/0x13 returned 0 after 141 usecs
[    7.883546] calling  init_tracepoints+0x0/0x27 @ 1
[    7.890064] initcall init_tracepoints+0x0/0x27 returned 0 after 65 usecs
[    7.905521] calling  init_blk_tracer+0x0/0x50 @ 1
[    7.915001] initcall init_blk_tracer+0x0/0x50 returned 0 after 2216 usecs
[    7.923742] calling  perf_event_sysfs_init+0x0/0x81 @ 1
[    7.933310] initcall perf_event_sysfs_init+0x0/0x81 returned 0 after 2627 usecs
[    7.942949] calling  system_trusted_keyring_init+0x0/0x60 @ 1
[    7.950501] Initialise system trusted keyrings
[    7.956979] initcall system_trusted_keyring_init+0x0/0x60 returned 0 after 6339 usecs
[    7.967508] calling  kswapd_init+0x0/0x5c @ 1
[    7.977275] initcall kswapd_init+0x0/0x5c returned 0 after 3912 usecs
[    7.986139] calling  extfrag_debug_init+0x0/0x54 @ 1
[    7.992884] initcall extfrag_debug_init+0x0/0x54 returned 0 after 119 usecs
[    8.002197] calling  mm_compute_batch_init+0x0/0x12 @ 1
[    8.009347] initcall mm_compute_batch_init+0x0/0x12 returned 0 after 43 usecs
[    8.019209] calling  slab_proc_init+0x0/0x21 @ 1
[    8.027111] initcall slab_proc_init+0x0/0x21 returned 0 after 336 usecs
[    8.037532] calling  workingset_init+0x0/0x8c @ 1
[    8.043840] workingset: timestamp_bits=56 max_order=17 bucket_order=0
[    8.052951] initcall workingset_init+0x0/0x8c returned 0 after 8893 usecs
[    8.061732] calling  proc_vmalloc_init+0x0/0x32 @ 1
[    8.069110] initcall proc_vmalloc_init+0x0/0x32 returned 0 after 76 usecs
[    8.078248] calling  procswaps_init+0x0/0x1e @ 1
[    8.084669] initcall procswaps_init+0x0/0x1e returned 0 after 114 usecs
[    8.093572] calling  slab_sysfs_init+0x0/0xea @ 1
[    8.108200] initcall slab_sysfs_init+0x0/0xea returned 0 after 7546 usecs
[    8.117798] calling  fcntl_init+0x0/0x29 @ 1
[    8.124003] initcall fcntl_init+0x0/0x29 returned 0 after 201 usecs
[    8.133197] calling  proc_filesystems_init+0x0/0x21 @ 1
[    8.140514] initcall proc_filesystems_init+0x0/0x21 returned 0 after 4 usecs
[    8.150522] calling  start_dirtytime_writeback+0x0/0x29 @ 1
[    8.158737] initcall start_dirtytime_writeback+0x0/0x29 returned 0 after 13 usecs
[    8.169928] calling  blkdev_init+0x0/0x1b @ 1
[    8.176934] initcall blkdev_init+0x0/0x1b returned 0 after 697 usecs
[    8.188706] calling  dio_init+0x0/0x2c @ 1
[    8.195821] initcall dio_init+0x0/0x2c returned 0 after 311 usecs
[    8.205879] calling  dnotify_init+0x0/0x78 @ 1
[    8.213321] initcall dnotify_init+0x0/0x78 returned 0 after 44 usecs
[    8.223362] calling  aio_setup+0x0/0x78 @ 1
[    8.230797] initcall aio_setup+0x0/0x78 returned 0 after 775 usecs
[    8.240785] calling  io_uring_init+0x0/0x2c @ 1
[    8.248123] initcall io_uring_init+0x0/0x2c returned 0 after 10 usecs
[    8.258278] calling  mbcache_init+0x0/0x30 @ 1
[    8.265610] initcall mbcache_init+0x0/0x30 returned 0 after 88 usecs
[    8.275348] calling  init_grace+0x0/0xc @ 1
[    8.281642] initcall init_grace+0x0/0xc returned 0 after 567 usecs
[    8.289728] calling  init_v2_quota_format+0x0/0x21 @ 1
[    8.297333] initcall init_v2_quota_format+0x0/0x21 returned 0 after 51 usecs
[    8.307922] calling  init_devpts_fs+0x0/0x27 @ 1
[    8.318182] initcall init_devpts_fs+0x0/0x27 returned 0 after 1318 usecs
[    8.328985] calling  ext4_init_fs+0x0/0x1d0 @ 1
[    8.337054] initcall ext4_init_fs+0x0/0x1d0 returned 0 after 575 usecs
[    8.346758] calling  journal_init+0x0/0x11c @ 1
[    8.352724] initcall journal_init+0x0/0x11c returned 0 after 84 usecs
[    8.361365] calling  init_fat_fs+0x0/0x49 @ 1
[    8.367898] initcall init_fat_fs+0x0/0x49 returned 0 after 250 usecs
[    8.377119] calling  init_vfat_fs+0x0/0xc @ 1
[    8.383217] initcall init_vfat_fs+0x0/0xc returned 0 after 4 usecs
[    8.393785] calling  init_msdos_fs+0x0/0xc @ 1
[    8.400663] initcall init_msdos_fs+0x0/0xc returned 0 after 6 usecs
[    8.408557] calling  init_iso9660_fs+0x0/0x6c @ 1
[    8.415290] initcall init_iso9660_fs+0x0/0x6c returned 0 after 405 usecs
[    8.424086] calling  init_nfs_fs+0x0/0x13a @ 1
[    8.434175] initcall init_nfs_fs+0x0/0x13a returned 0 after 3541 usecs
[    8.445786] calling  init_nfs_v2+0x0/0x13 @ 1
[    8.453915] initcall init_nfs_v2+0x0/0x13 returned 0 after 219 usecs
[    8.464607] calling  init_nfs_v3+0x0/0x13 @ 1
[    8.472270] initcall init_nfs_v3+0x0/0x13 returned 0 after 24 usecs
[    8.482789] calling  init_nfs_v4+0x0/0x32 @ 1
[    8.489936] NFS: Registering the id_resolver key type
[    8.498600] Key type id_resolver registered
[    8.505673] Key type id_legacy registered
[    8.512707] initcall init_nfs_v4+0x0/0x32 returned 0 after 22260 usecs
[    8.523327] calling  init_nlm+0x0/0x5b @ 1
[    8.530298] initcall init_nlm+0x0/0x5b returned 0 after 177 usecs
[    8.540430] calling  init_nls_cp437+0x0/0xe @ 1
[    8.548126] initcall init_nls_cp437+0x0/0xe returned 0 after 78 usecs
[    8.559437] calling  init_nls_ascii+0x0/0xe @ 1
[    8.567366] initcall init_nls_ascii+0x0/0xe returned 0 after 1 usecs
[    8.578724] calling  init_nls_iso8859_1+0x0/0xe @ 1
[    8.587101] initcall init_nls_iso8859_1+0x0/0xe returned 0 after 1 usecs
[    8.598709] calling  init_nls_utf8+0x0/0x21 @ 1
[    8.606668] initcall init_nls_utf8+0x0/0x21 returned 0 after 3 usecs
[    8.617556] calling  init_autofs_fs+0x0/0x25 @ 1
[    8.629645] initcall init_autofs_fs+0x0/0x25 returned 0 after 3901 usecs
[    8.640566] calling  ipc_init+0x0/0x24 @ 1
[    8.648010] initcall ipc_init+0x0/0x24 returned 0 after 148 usecs
[    8.658505] calling  ipc_sysctl_init+0x0/0x13 @ 1
[    8.666065] initcall ipc_sysctl_init+0x0/0x13 returned 0 after 35 usecs
[    8.675257] calling  init_mqueue_fs+0x0/0x9a @ 1
[    8.682283] initcall init_mqueue_fs+0x0/0x9a returned 0 after 464 usecs
[    8.691904] calling  key_proc_init+0x0/0x63 @ 1
[    8.698334] initcall key_proc_init+0x0/0x63 returned 0 after 5 usecs
[    8.707219] calling  selinux_nf_ip_init+0x0/0x2e @ 1
[    8.714342] initcall selinux_nf_ip_init+0x0/0x2e returned 0 after 81 usecs
[    8.724715] calling  init_sel_fs+0x0/0x116 @ 1
[    8.731827] initcall init_sel_fs+0x0/0x116 returned 0 after 428 usecs
[    8.741933] calling  selnl_init+0x0/0x7c @ 1
[    8.749031] initcall selnl_init+0x0/0x7c returned 0 after 351 usecs
[    8.758069] calling  sel_netif_init+0x0/0x36 @ 1
[    8.764766] initcall sel_netif_init+0x0/0x36 returned 0 after 1 usecs
[    8.773852] calling  sel_netnode_init+0x0/0x33 @ 1
[    8.780950] initcall sel_netnode_init+0x0/0x33 returned 0 after 0 usecs
[    8.790456] calling  sel_netport_init+0x0/0x33 @ 1
[    8.797139] initcall sel_netport_init+0x0/0x33 returned 0 after 0 usecs
[    8.806010] calling  aurule_init+0x0/0x2a @ 1
[    8.813370] initcall aurule_init+0x0/0x2a returned 0 after 1 usecs
[    8.823628] calling  crypto_algapi_init+0x0/0xc @ 1
[    8.832752] initcall crypto_algapi_init+0x0/0xc returned 0 after 5 usecs
[    8.844221] calling  jent_mod_init+0x0/0x2d @ 1
[    8.866389] initcall jent_mod_init+0x0/0x2d returned 0 after 13969 usecs
[    8.867714] cryptomgr_test (90) used greatest stack depth: 14968 bytes left
[    8.877740] calling  asymmetric_key_init+0x0/0xc @ 1
[    8.877743] Key type asymmetric registered
[    8.877749] initcall asymmetric_key_init+0x0/0xc returned 0 after 2 usecs
[    8.913292] calling  x509_key_init+0x0/0xc @ 1
[    8.920281] Asymmetric key parser 'x509' registered
[    8.927816] initcall x509_key_init+0x0/0xc returned 0 after 7380 usecs
[    8.937858] calling  proc_genhd_init+0x0/0x41 @ 1
[    8.945705] initcall proc_genhd_init+0x0/0x41 returned 0 after 5 usecs
[    8.955374] calling  bsg_init+0x0/0x113 @ 1
[    8.961620] Block layer SCSI generic (bsg) driver version 0.4 loaded (major 251)
[    8.972813] initcall bsg_init+0x0/0x113 returned 0 after 11040 usecs
[    8.982338] calling  deadline_init+0x0/0xc @ 1
[    8.989745] io scheduler mq-deadline registered
[    8.996765] initcall deadline_init+0x0/0xc returned 0 after 7233 usecs
[    9.006445] calling  kyber_init+0x0/0xc @ 1
[    9.013101] io scheduler kyber registered
[    9.019472] initcall kyber_init+0x0/0xc returned 0 after 6251 usecs
[    9.028970] calling  mod_init+0x0/0x7 @ 1
[    9.035253] initcall mod_init+0x0/0x7 returned 0 after 0 usecs
[    9.044684] calling  percpu_counter_startup+0x0/0x55 @ 1
[    9.062100] initcall percpu_counter_startup+0x0/0x55 returned 0 after 9611 usecs
[    9.073738] calling  sg_pool_init+0x0/0xb4 @ 1
[    9.081033] initcall sg_pool_init+0x0/0xb4 returned 0 after 520 usecs
[    9.090928] calling  pcie_portdrv_init+0x0/0x39 @ 1
[    9.098900] initcall pcie_portdrv_init+0x0/0x39 returned 0 after 1004 usecs
[    9.109067] calling  pci_proc_init+0x0/0x68 @ 1
[    9.115683] initcall pci_proc_init+0x0/0x68 returned 0 after 75 usecs
[    9.124924] calling  pci_hotplug_init+0x0/0x7 @ 1
[    9.132361] initcall pci_hotplug_init+0x0/0x7 returned 0 after 0 usecs
[    9.141747] calling  efifb_driver_init+0x0/0xe @ 1
[    9.149015] initcall efifb_driver_init+0x0/0xe returned 0 after 190 usecs
[    9.159049] calling  ged_driver_init+0x0/0xe @ 1
[    9.166648] initcall ged_driver_init+0x0/0xe returned 0 after 636 usecs
[    9.177446] calling  acpi_ac_init+0x0/0x92 @ 1
[    9.185191] initcall acpi_ac_init+0x0/0x92 returned 0 after 615 usecs
[    9.194691] calling  acpi_button_driver_init+0x0/0x52 @ 1
[    9.204119] input: Power Button as /devices/LNXSYSTM:00/LNXPWRBN:00/input/input0
[    9.217044] ACPI: Power Button [PWRF]
[    9.224357] initcall acpi_button_driver_init+0x0/0x52 returned 0 after 20937 usecs
[    9.236816] calling  acpi_fan_driver_init+0x0/0xe @ 1
[    9.246052] initcall acpi_fan_driver_init+0x0/0xe returned 0 after 57 usecs
[    9.257802] calling  acpi_video_init+0x0/0xcb @ 1
[    9.266024] initcall acpi_video_init+0x0/0xcb returned 0 after 127 usecs
[    9.277098] calling  acpi_processor_driver_init+0x0/0xad @ 1
[    9.290137] initcall acpi_processor_driver_init+0x0/0xad returned 0 after 3200 usecs
[    9.303103] calling  acpi_thermal_init+0x0/0x71 @ 1
[    9.314330] initcall acpi_thermal_init+0x0/0x71 returned 0 after 2070 usecs
[    9.327591] calling  acpi_battery_init+0x0/0x32 @ 1
[    9.336954] initcall acpi_battery_init+0x0/0x32 returned 0 after 341 usecs
[    9.349237] calling  bgrt_init+0x0/0xb6 @ 1
[    9.356875] initcall bgrt_init+0x0/0xb6 returned -19 after 0 usecs
[    9.367548] calling  gpio_clk_driver_init+0x0/0xe @ 1
[    9.376560] initcall gpio_clk_driver_init+0x0/0xe returned 0 after 264 usecs
[    9.388936] calling  plt_clk_driver_init+0x0/0xe @ 1
[    9.397955] initcall plt_clk_driver_init+0x0/0xe returned 0 after 22 usecs
[    9.409921] calling  virtio_pci_driver_init+0x0/0x15 @ 1
[    9.418616] initcall virtio_pci_driver_init+0x0/0x15 returned 0 after 59 usecs
[    9.429362] calling  n_null_init+0x0/0x1e @ 1
[    9.436340] initcall n_null_init+0x0/0x1e returned 0 after 58 usecs
[    9.446440] calling  pty_init+0x0/0x1e8 @ 1
[    9.456980] initcall pty_init+0x0/0x1e8 returned 0 after 2427 usecs
[    9.468750] calling  sysrq_init+0x0/0x62 @ 1
[    9.477298] initcall sysrq_init+0x0/0x62 returned 0 after 8 usecs
[    9.488245] calling  serial8250_init+0x0/0x17e @ 1
[    9.496494] Serial: 8250/16550 driver, 4 ports, IRQ sharing enabled
[    9.510722] 00:03: ttyS0 at I/O 0x3f8 (irq = 4, base_baud = 115200) is a 16550A
[    9.531974] initcall serial8250_init+0x0/0x17e returned 0 after 34786 usecs
[    9.544303] calling  serial_pci_driver_init+0x0/0x15 @ 1
[    9.551967] initcall serial_pci_driver_init+0x0/0x15 returned 0 after 124 usecs
[    9.562942] calling  exar_pci_driver_init+0x0/0x15 @ 1
[    9.571694] initcall exar_pci_driver_init+0x0/0x15 returned 0 after 375 usecs
[    9.582892] calling  lpss8250_pci_driver_init+0x0/0x15 @ 1
[    9.590988] initcall lpss8250_pci_driver_init+0x0/0x15 returned 0 after 41 usecs
[    9.602470] calling  mid8250_pci_driver_init+0x0/0x15 @ 1
[    9.611478] initcall mid8250_pci_driver_init+0x0/0x15 returned 0 after 26 usecs
[    9.623035] calling  virtio_console_init+0x0/0xff @ 1
[    9.631302] initcall virtio_console_init+0x0/0xff returned 0 after 200 usecs
[    9.642662] calling  hpet_init+0x0/0x64 @ 1
[    9.653223] initcall hpet_init+0x0/0x64 returned 0 after 3737 usecs
[    9.663236] calling  nvram_module_init+0x0/0x83 @ 1
[    9.673300] Non-volatile memory driver v1.3
[    9.680044] initcall nvram_module_init+0x0/0x83 returned 0 after 8610 usecs
[    9.690499] calling  hwrng_modinit+0x0/0x8a @ 1
[    9.702196] initcall hwrng_modinit+0x0/0x8a returned 0 after 4644 usecs
[    9.712872] calling  mod_init+0x0/0x48 @ 1
[    9.719992] initcall mod_init+0x0/0x48 returned -19 after 164 usecs
[    9.730003] calling  agp_init+0x0/0x23 @ 1
[    9.736794] Linux agpgart interface v0.103
[    9.744173] initcall agp_init+0x0/0x23 returned 0 after 7202 usecs
[    9.755624] calling  agp_amd64_mod_init+0x0/0x5 @ 1
[    9.764689] initcall agp_amd64_mod_init+0x0/0x5 returned -19 after 411 usecs
[    9.775991] calling  agp_intel_init+0x0/0x28 @ 1
[    9.784259] initcall agp_intel_init+0x0/0x28 returned 0 after 857 usecs
[    9.794813] calling  drm_kms_helper_init+0x0/0x7 @ 1
[    9.803819] initcall drm_kms_helper_init+0x0/0x7 returned 0 after 35 usecs
[    9.815862] calling  drm_core_init+0x0/0xa4 @ 1
[    9.824899] initcall drm_core_init+0x0/0xa4 returned 0 after 761 usecs
[    9.836979] calling  i915_init+0x0/0x6b @ 1
[    9.846322] initcall i915_init+0x0/0x6b returned 0 after 1278 usecs
[    9.857276] calling  cn_proc_init+0x0/0x35 @ 1
[    9.864537] initcall cn_proc_init+0x0/0x35 returned 0 after 3 usecs
[    9.875207] calling  topology_sysfs_init+0x0/0x27 @ 1
[    9.883351] initcall topology_sysfs_init+0x0/0x27 returned 0 after 105 usecs
[    9.893883] calling  cacheinfo_sysfs_init+0x0/0x27 @ 1
[    9.910893] initcall cacheinfo_sysfs_init+0x0/0x27 returned 0 after 8580 usecs
[    9.922927] calling  loop_init+0x0/0x168 @ 1
[   10.006065] loop: module loaded
[   10.011663] initcall loop_init+0x0/0x168 returned 0 after 80630 usecs
[   10.022065] calling  mac_hid_init+0x0/0x21 @ 1
[   10.029217] initcall mac_hid_init+0x0/0x21 returned 0 after 40 usecs
[   10.039646] calling  spi_transport_init+0x0/0x74 @ 1
[   10.048048] initcall spi_transport_init+0x0/0x74 returned 0 after 200 usecs
[   10.059153] calling  init_sd+0x0/0x18c @ 1
[   10.066019] initcall init_sd+0x0/0x18c returned 0 after 120 usecs
[   10.075144] calling  init_sr+0x0/0x43 @ 1
[   10.081827] initcall init_sr+0x0/0x43 returned 0 after 40 usecs
[   10.091386] calling  init_sg+0x0/0x1c0 @ 1
[   10.098039] initcall init_sg+0x0/0x1c0 returned 0 after 74 usecs
[   10.107762] calling  ahci_pci_driver_init+0x0/0x15 @ 1
[   10.117130] ahci 0000:00:1f.2: version 3.0
[   10.128219] PCI Interrupt Link [GSIA] enabled at IRQ 16
[   10.156166] ahci 0000:00:1f.2: AHCI 0001.0000 32 slots 6 ports 1.5 Gbps 0x3f impl SATA mode
[   10.168957] ahci 0000:00:1f.2: flags: 64bit ncq only 
[   10.214834] scsi host0: ahci
[   10.246162] scsi host1: ahci
[   10.256816] scsi host2: ahci
[   10.264224] scsi host3: ahci
[   10.276260] scsi host4: ahci
[   10.299448] scsi host5: ahci
[   10.308196] ata1: SATA max UDMA/133 abar m4096@0xfebf1000 port 0xfebf1100 irq 24
[   10.322917] ata2: SATA max UDMA/133 abar m4096@0xfebf1000 port 0xfebf1180 irq 24
[   10.336070] ata3: SATA max UDMA/133 abar m4096@0xfebf1000 port 0xfebf1200 irq 24
[   10.349893] ata4: SATA max UDMA/133 abar m4096@0xfebf1000 port 0xfebf1280 irq 24
[   10.363813] ata5: SATA max UDMA/133 abar m4096@0xfebf1000 port 0xfebf1300 irq 24
[   10.376634] ata6: SATA max UDMA/133 abar m4096@0xfebf1000 port 0xfebf1380 irq 24
[   10.390353] initcall ahci_pci_driver_init+0x0/0x15 returned 0 after 267308 usecs
[   10.403896] calling  piix_init+0x0/0x26 @ 1
[   10.412122] initcall piix_init+0x0/0x26 returned 0 after 189 usecs
[   10.423161] calling  amd_pci_driver_init+0x0/0x15 @ 1
[   10.432291] initcall amd_pci_driver_init+0x0/0x15 returned 0 after 64 usecs
[   10.445651] calling  oldpiix_pci_driver_init+0x0/0x15 @ 1
[   10.454416] initcall oldpiix_pci_driver_init+0x0/0x15 returned 0 after 117 usecs
[   10.466128] calling  sch_pci_driver_init+0x0/0x15 @ 1
[   10.474907] initcall sch_pci_driver_init+0x0/0x15 returned 0 after 26 usecs
[   10.486834] calling  net_olddevs_init+0x0/0x55 @ 1
[   10.495338] initcall net_olddevs_init+0x0/0x55 returned 0 after 485 usecs
[   10.505870] calling  blackhole_netdev_init+0x0/0x78 @ 1
[   10.515817] initcall blackhole_netdev_init+0x0/0x78 returned 0 after 1286 usecs
[   10.527014] calling  phy_module_init+0x0/0x13 @ 1
[   10.536826] initcall phy_module_init+0x0/0x13 returned 0 after 1826 usecs
[   10.547638] calling  tg3_driver_init+0x0/0x15 @ 1
[   10.555237] initcall tg3_driver_init+0x0/0x15 returned 0 after 152 usecs
[   10.566312] calling  e100_init_module+0x0/0x4c @ 1
[   10.573763] e100: Intel(R) PRO/100 Network Driver
[   10.581210] e100: Copyright(c) 1999-2006 Intel Corporation
[   10.589975] initcall e100_init_module+0x0/0x4c returned 0 after 15890 usecs
[   10.600463] calling  e1000_init_module+0x0/0x72 @ 1
[   10.607636] e1000: Intel(R) PRO/1000 Network Driver
[   10.615403] e1000: Copyright (c) 1999-2006 Intel Corporation.
[   10.623848] initcall e1000_init_module+0x0/0x72 returned 0 after 15889 usecs
[   10.649588] calling  e1000_init_module+0x0/0x2d @ 1
[   10.665042] e1000e: Intel(R) PRO/1000 Network Driver
[   10.674126] e1000e: Copyright(c) 1999 - 2015 Intel Corporation.
[   10.698179] initcall e1000_init_module+0x0/0x2d returned 0 after 32673 usecs
[   10.709361] calling  sky2_init_module+0x0/0x21 @ 1
[   10.710654] ata2: SATA link down (SStatus 0 SControl 300)
[   10.716968] sky2: driver version 1.30
[   10.729779] ata1: SATA link down (SStatus 0 SControl 300)
[   10.732889] initcall sky2_init_module+0x0/0x21 returned 0 after 15541 usecs
[   10.746028] ata3: SATA link up 1.5 Gbps (SStatus 113 SControl 300)
[   10.752346] calling  forcedeth_pci_driver_init+0x0/0x15 @ 1
[   10.752616] initcall forcedeth_pci_driver_init+0x0/0x15 returned 0 after 258 usecs
[   10.752619] calling  rtl8139_init_module+0x0/0x15 @ 1
[   10.752930] initcall rtl8139_init_module+0x0/0x15 returned 0 after 300 usecs
[   10.768917] ata3.00: ATAPI: QEMU DVD-ROM, 2.5+, max UDMA/100
[   10.773633] calling  rtl8169_pci_driver_init+0x0/0x15 @ 1
[   10.786128] ata3.00: applying bridge limits
[   10.794029] initcall rtl8169_pci_driver_init+0x0/0x15 returned 0 after 171 usecs
[   10.811714] ata4: SATA link down (SStatus 0 SControl 300)
[   10.816201] calling  cdrom_init+0x0/0xc @ 1
[   10.829097] ata6: SATA link down (SStatus 0 SControl 300)
[   10.832986] initcall cdrom_init+0x0/0xc returned 0 after 750 usecs
[   10.849591] ata5: SATA link down (SStatus 0 SControl 300)
[   10.853995] calling  nonstatic_sysfs_init+0x0/0xc @ 1
[   10.863087] ata3.00: configured for UDMA/100
[   10.871247] initcall nonstatic_sysfs_init+0x0/0xc returned 0 after 1244 usecs
[   10.895918] scsi 2:0:0:0: CD-ROM            QEMU     QEMU DVD-ROM     2.5+ PQ: 0 ANSI: 5
[   10.897984] calling  yenta_cardbus_driver_init+0x0/0x15 @ 1
[   10.937448] initcall yenta_cardbus_driver_init+0x0/0x15 returned 0 after 294 usecs
[   10.948866] calling  mon_init+0x0/0x12d @ 1
[   10.967570] initcall mon_init+0x0/0x12d returned 0 after 12066 usecs
[   10.967781] sr 2:0:0:0: [sr0] scsi3-mmc drive: 4x/4x cd/rw xa/form2 tray
[   10.980520] calling  ehci_hcd_init+0x0/0x56 @ 1
[   10.990849] cdrom: Uniform CD-ROM driver Revision: 3.20
[   10.999179] ehci_hcd: USB 2.0 'Enhanced' Host Controller (EHCI) Driver
[   11.017684] initcall ehci_hcd_init+0x0/0x56 returned 0 after 18879 usecs
[   11.028469] calling  ehci_pci_init+0x0/0x64 @ 1
[   11.035624] ehci-pci: EHCI PCI platform driver
[   11.044267] initcall ehci_pci_init+0x0/0x64 returned 0 after 8439 usecs
[   11.053993] calling  ohci_hcd_mod_init+0x0/0x4e @ 1
[   11.061962] ohci_hcd: USB 1.1 'Open' Host Controller (OHCI) Driver
[   11.071680] initcall ohci_hcd_mod_init+0x0/0x4e returned 0 after 10013 usecs
[   11.076309] sr 2:0:0:0: Attached scsi CD-ROM sr0
[   11.082803] calling  ohci_pci_init+0x0/0x64 @ 1
[   11.082860] ohci-pci: OHCI PCI platform driver
[   11.082983] initcall ohci_pci_init+0x0/0x64 returned 0 after 173 usecs
[   11.095071] sr 2:0:0:0: Attached scsi generic sg0 type 5
[   11.098109] calling  uhci_hcd_init+0x0/0xa8 @ 1
[   11.098112] uhci_hcd: USB Universal Host Controller Interface driver
[   11.142996] initcall uhci_hcd_init+0x0/0xa8 returned 0 after 43827 usecs
[   11.154875] calling  xhci_hcd_init+0x0/0x1e @ 1
[   11.162677] initcall xhci_hcd_init+0x0/0x1e returned 0 after 97 usecs
[   11.174244] calling  xhci_pci_init+0x0/0x49 @ 1
[   11.181933] initcall xhci_pci_init+0x0/0x49 returned 0 after 634 usecs
[   11.192084] calling  usblp_driver_init+0x0/0x15 @ 1
[   11.201439] usbcore: registered new interface driver usblp
[   11.210890] initcall usblp_driver_init+0x0/0x15 returned 0 after 10399 usecs
[   11.223858] calling  usb_storage_driver_init+0x0/0x2a @ 1
[   11.233233] usbcore: registered new interface driver usb-storage
[   11.242580] initcall usb_storage_driver_init+0x0/0x2a returned 0 after 9355 usecs
[   11.254155] calling  i8042_init+0x0/0x4c2 @ 1
[   11.263313] i8042: PNP: PS/2 Controller [PNP0303:KBD,PNP0f13:MOU] at 0x60,0x64 irq 1,12
[   11.303223] serio: i8042 KBD port at 0x60,0x64 irq 1
[   11.310795] serio: i8042 AUX port at 0x60,0x64 irq 12
[   11.320198] initcall i8042_init+0x0/0x4c2 returned 0 after 57584 usecs
[   11.331217] calling  serport_init+0x0/0x2c @ 1
[   11.339921] initcall serport_init+0x0/0x2c returned 0 after 580 usecs
[   11.349971] calling  input_leds_init+0x0/0xc @ 1
[   11.359405] initcall input_leds_init+0x0/0xc returned 0 after 647 usecs
[   11.371350] calling  evdev_init+0x0/0xc @ 1
[   11.382373] initcall evdev_init+0x0/0xc returned 0 after 3739 usecs
[   11.392999] calling  atkbd_init+0x0/0x21 @ 1
[   11.406433] input: AT Translated Set 2 keyboard as /devices/platform/i8042/serio0/input/input1
[   11.407849] initcall atkbd_init+0x0/0x21 returned 0 after 6599 usecs
[   11.433049] calling  psmouse_init+0x0/0x7f @ 1
[   11.447240] initcall psmouse_init+0x0/0x7f returned 0 after 6742 usecs
[   11.458932] calling  cmos_init+0x0/0x73 @ 1
[   11.468716] rtc_cmos 00:04: RTC can wake from S4
[   11.487787] rtc_cmos 00:04: registered as rtc0
[   11.496983] rtc_cmos 00:04: alarms up to one day, y3k, 242 bytes nvram, hpet irqs
[   11.508239] initcall cmos_init+0x0/0x73 returned 0 after 40334 usecs
[   11.518487] calling  smbalert_driver_init+0x0/0xe @ 1
[   11.526263] initcall smbalert_driver_init+0x0/0xe returned 0 after 860 usecs
[   11.539514] calling  i2c_i801_init+0x0/0xc5 @ 1
[   11.564151] i801_smbus 0000:00:1f.3: SMBus using PCI interrupt
[   11.577943] i2c i2c-0: 1/1 memory slots populated (from DMI)
[   11.585546] i2c i2c-0: Memory type 0x07 not supported yet, not instantiating SPD
[   11.599974] initcall i2c_i801_init+0x0/0xc5 returned 0 after 52126 usecs
[   11.611059] calling  ptp_kvm_init+0x0/0xf0 @ 1
[   11.618975] initcall ptp_kvm_init+0x0/0xf0 returned 0 after 749 usecs
[   11.629663] calling  dm_init+0x0/0x3c @ 1
[   11.641912] device-mapper: ioctl: 4.43.0-ioctl (2020-10-01) initialised: dm-devel@redhat.com
[   11.658882] initcall dm_init+0x0/0x3c returned 0 after 21607 usecs
[   11.670297] calling  dm_mirror_init+0x0/0x29 @ 1
[   11.678609] initcall dm_mirror_init+0x0/0x29 returned 0 after 98 usecs
[   11.690086] calling  dm_dirty_log_init+0x0/0x4f @ 1
[   11.698619] initcall dm_dirty_log_init+0x0/0x4f returned 0 after 255 usecs
[   11.709761] calling  dm_zero_init+0x0/0x29 @ 1
[   11.716714] initcall dm_zero_init+0x0/0x29 returned 0 after 1 usecs
[   11.725802] calling  intel_pstate_init+0x0/0x510 @ 1
[   11.733701] intel_pstate: CPU model not supported
[   11.740518] initcall intel_pstate_init+0x0/0x510 returned -19 after 6918 usecs
[   11.751857] calling  haltpoll_init+0x0/0xc0 @ 1
[   11.759674] initcall haltpoll_init+0x0/0xc0 returned -19 after 46 usecs
[   11.772173] calling  efivars_sysfs_init+0x0/0x30 @ 1
[   11.783205] initcall efivars_sysfs_init+0x0/0x30 returned 0 after 2157 usecs
[   11.794617] calling  esrt_sysfs_init+0x0/0x2a2 @ 1
[   11.802201] initcall esrt_sysfs_init+0x0/0x2a2 returned -38 after 43 usecs
[   11.816126] calling  hid_init+0x0/0x5c @ 1
[   11.823975] hid: raw HID events driver (C) Jiri Kosina
[   11.833395] initcall hid_init+0x0/0x5c returned 0 after 9494 usecs
[   11.844040] calling  hid_generic_init+0x0/0x15 @ 1
[   11.852829] initcall hid_generic_init+0x0/0x15 returned 0 after 325 usecs
[   11.865183] calling  a4_driver_init+0x0/0x15 @ 1
[   11.873160] initcall a4_driver_init+0x0/0x15 returned 0 after 28 usecs
[   11.885040] calling  apple_driver_init+0x0/0x15 @ 1
[   11.894284] initcall apple_driver_init+0x0/0x15 returned 0 after 27 usecs
[   11.905770] calling  belkin_driver_init+0x0/0x15 @ 1
[   11.917038] initcall belkin_driver_init+0x0/0x15 returned 0 after 21 usecs
[   11.928904] calling  ch_driver_init+0x0/0x15 @ 1
[   11.936939] initcall ch_driver_init+0x0/0x15 returned 0 after 23 usecs
[   11.949283] calling  ch_driver_init+0x0/0x15 @ 1
[   11.956779] initcall ch_driver_init+0x0/0x15 returned 0 after 105 usecs
[   11.967387] calling  cp_driver_init+0x0/0x15 @ 1
[   11.977327] initcall cp_driver_init+0x0/0x15 returned 0 after 2331 usecs
[   11.990474] calling  ez_driver_init+0x0/0x15 @ 1
[   11.998297] initcall ez_driver_init+0x0/0x15 returned 0 after 354 usecs
[   12.008840] calling  gyration_driver_init+0x0/0x15 @ 1
[   12.017069] initcall gyration_driver_init+0x0/0x15 returned 0 after 19 usecs
[   12.028913] calling  ite_driver_init+0x0/0x15 @ 1
[   12.037353] initcall ite_driver_init+0x0/0x15 returned 0 after 160 usecs
[   12.048697] calling  ks_driver_init+0x0/0x15 @ 1
[   12.056644] initcall ks_driver_init+0x0/0x15 returned 0 after 68 usecs
[   12.066896] calling  lg_driver_init+0x0/0x15 @ 1
[   12.074225] initcall lg_driver_init+0x0/0x15 returned 0 after 69 usecs
[   12.084707] calling  lg_g15_driver_init+0x0/0x15 @ 1
[   12.092621] initcall lg_g15_driver_init+0x0/0x15 returned 0 after 55 usecs
[   12.102525] calling  ms_driver_init+0x0/0x15 @ 1
[   12.112138] initcall ms_driver_init+0x0/0x15 returned 0 after 1931 usecs
[   12.123793] calling  mr_driver_init+0x0/0x15 @ 1
[   12.132185] initcall mr_driver_init+0x0/0x15 returned 0 after 27 usecs
[   12.147892] calling  ntrig_driver_init+0x0/0x15 @ 1
[   12.155256] input: ImExPS/2 Generic Explorer Mouse as /devices/platform/i8042/serio1/input/input3
[   12.158885] initcall ntrig_driver_init+0x0/0x15 returned 0 after 476 usecs
[   12.183455] calling  pl_driver_init+0x0/0x15 @ 1
[   12.191814] initcall pl_driver_init+0x0/0x15 returned 0 after 458 usecs
[   12.202202] calling  pl_driver_init+0x0/0x15 @ 1
[   12.208912] initcall pl_driver_init+0x0/0x15 returned 0 after 224 usecs
[   12.218469] calling  redragon_driver_init+0x0/0x15 @ 1
[   12.226187] initcall redragon_driver_init+0x0/0x15 returned 0 after 22 usecs
[   12.236588] calling  samsung_driver_init+0x0/0x15 @ 1
[   12.243784] initcall samsung_driver_init+0x0/0x15 returned 0 after 27 usecs
[   12.253458] calling  sony_init+0x0/0x38 @ 1
[   12.259567] initcall sony_init+0x0/0x38 returned 0 after 18 usecs
[   12.269895] calling  sp_driver_init+0x0/0x15 @ 1
[   12.276510] initcall sp_driver_init+0x0/0x15 returned 0 after 45 usecs
[   12.285662] calling  ts_driver_init+0x0/0x15 @ 1
[   12.294385] initcall ts_driver_init+0x0/0x15 returned 0 after 1544 usecs
[   12.305039] calling  hid_init+0x0/0x58 @ 1
[   12.312331] usbcore: registered new interface driver usbhid
[   12.321121] usbhid: USB HID core driver
[   12.327442] initcall hid_init+0x0/0x58 returned 0 after 15256 usecs
[   12.337010] calling  eeepc_laptop_init+0x0/0x57 @ 1
[   12.345106] initcall eeepc_laptop_init+0x0/0x57 returned -19 after 436 usecs
[   12.356032] calling  pmc_atom_init+0x0/0x27a @ 1
[   12.363362] initcall pmc_atom_init+0x0/0x27a returned -19 after 6 usecs
[   12.373174] calling  alsa_hwdep_init+0x0/0x5e @ 1
[   12.380578] initcall alsa_hwdep_init+0x0/0x5e returned 0 after 341 usecs
[   12.391061] calling  alsa_timer_init+0x0/0x1f0 @ 1
[   12.398232] initcall alsa_timer_init+0x0/0x1f0 returned 0 after 441 usecs
[   12.427152] calling  snd_hrtimer_init+0x0/0x117 @ 1
[   12.446518] initcall snd_hrtimer_init+0x0/0x117 returned 0 after 15 usecs
[   12.456207] calling  alsa_pcm_init+0x0/0x64 @ 1
[   12.479694] initcall alsa_pcm_init+0x0/0x64 returned 0 after 1382 usecs
[   12.489989] calling  alsa_seq_init+0x0/0x4a @ 1
[   12.497850] initcall alsa_seq_init+0x0/0x4a returned 0 after 588 usecs
[   12.508357] calling  alsa_seq_dummy_init+0x0/0x9c @ 1
[   12.516713] initcall alsa_seq_dummy_init+0x0/0x9c returned 0 after 51 usecs
[   12.527967] calling  azx_driver_init+0x0/0x15 @ 1
[   12.529816] tasks-tracing-torture: rcu_torture_read_exit: End of episode
[   12.536018] initcall azx_driver_init+0x0/0x15 returned 0 after 176 usecs
[   12.580128] calling  sock_diag_init+0x0/0x2a @ 1
[   12.587988] initcall sock_diag_init+0x0/0x2a returned 0 after 688 usecs
[   12.597504] calling  blackhole_init+0x0/0xc @ 1
[   12.604260] initcall blackhole_init+0x0/0xc returned 0 after 45 usecs
[   12.613484] calling  nfnetlink_init+0x0/0x57 @ 1
[   12.620898] initcall nfnetlink_init+0x0/0x57 returned 0 after 135 usecs
[   12.631665] calling  nfnetlink_log_init+0x0/0x99 @ 1
[   12.639683] initcall nfnetlink_log_init+0x0/0x99 returned 0 after 227 usecs
[   12.650071] calling  nf_conntrack_standalone_init+0x0/0x87 @ 1
[   12.660979] initcall nf_conntrack_standalone_init+0x0/0x87 returned 0 after 2828 usecs
[   12.672211] calling  ctnetlink_init+0x0/0x83 @ 1
[   12.678667] initcall ctnetlink_init+0x0/0x83 returned 0 after 31 usecs
[   12.687397] calling  nf_conntrack_ftp_init+0x0/0x12c @ 1
[   12.695521] initcall nf_conntrack_ftp_init+0x0/0x12c returned 0 after 8 usecs
[   12.706988] calling  nf_conntrack_irc_init+0x0/0x129 @ 1
[   12.715287] initcall nf_conntrack_irc_init+0x0/0x129 returned 0 after 397 usecs
[   12.725438] calling  nf_conntrack_sip_init+0x0/0x172 @ 1
[   12.733329] initcall nf_conntrack_sip_init+0x0/0x172 returned 0 after 9 usecs
[   12.743423] calling  nf_nat_init+0x0/0xd2 @ 1
[   12.751060] initcall nf_nat_init+0x0/0xd2 returned 0 after 1192 usecs
[   12.760221] calling  nf_nat_ftp_init+0x0/0x2a @ 1
[   12.767160] initcall nf_nat_ftp_init+0x0/0x2a returned 0 after 163 usecs
[   12.777863] calling  nf_nat_irc_init+0x0/0x2a @ 1
[   12.785334] initcall nf_nat_irc_init+0x0/0x2a returned 0 after 1 usecs
[   12.799121] calling  nf_nat_sip_init+0x0/0x36 @ 1
[   12.806855] initcall nf_nat_sip_init+0x0/0x36 returned 0 after 1 usecs
[   12.815433] calling  xt_init+0x0/0xf8 @ 1
[   12.820909] initcall xt_init+0x0/0xf8 returned 0 after 121 usecs
[   12.833263] calling  tcpudp_mt_init+0x0/0x11 @ 1
[   12.839935] initcall tcpudp_mt_init+0x0/0x11 returned 0 after 200 usecs
[   12.851894] calling  connsecmark_tg_init+0x0/0xc @ 1
[   12.867207] initcall connsecmark_tg_init+0x0/0xc returned 0 after 8 usecs
[   12.876241] calling  nflog_tg_init+0x0/0xc @ 1
[   12.883305] initcall nflog_tg_init+0x0/0xc returned 0 after 1 usecs
[   12.896369] calling  secmark_tg_init+0x0/0x11 @ 1
[   12.902859] initcall secmark_tg_init+0x0/0x11 returned 0 after 1 usecs
[   12.914502] calling  tcpmss_tg_init+0x0/0x11 @ 1
[   12.921115] initcall tcpmss_tg_init+0x0/0x11 returned 0 after 2 usecs
[   12.930522] calling  conntrack_mt_init+0x0/0x11 @ 1
