c[?7l[2J[0mSeaBIOS (version 1.16.0-debian-1.16.0-4)
Booting from ROM...
early console in setup code
c[?7l[2J[    0.000000] Linux version 5.10.151+ (root@joelboxx.c.googlers.com) (gcc (Debian 12.2.0-3) 12.2.0, GNU ld (GNU Binutils for Debian) 2.39) #7 SMP Tue Dec 13 09:11:14 UTC 2022
[    0.000000] Command line: selinux=0 initcall_debug debug console=ttyS0 rcutree.gp_preinit_delay=3 rcutree.gp_init_delay=3 rcutree.gp_cleanup_delay=3 rcupdate.rcu_self_test=1 rcutorture.onoff_interval=1000 rcutorture.onoff_holdoff=30 rcutorture.n_barrier_cbs=4 rcutorture.stat_interval=15 rcutorture.shutdown_secs=1800 rcutorture.test_no_idle_hz=1 rcutorture.verbose=1
[    0.000000] x86/fpu: x87 FPU will use FXSAVE
[    0.000000] BIOS-provided physical RAM map:
[    0.000000] BIOS-e820: [mem 0x0000000000000000-0x000000000009fbff] usable
[    0.000000] BIOS-e820: [mem 0x000000000009fc00-0x000000000009ffff] reserved
[    0.000000] BIOS-e820: [mem 0x00000000000f0000-0x00000000000fffff] reserved
[    0.000000] BIOS-e820: [mem 0x0000000000100000-0x000000001ffdefff] usable
[    0.000000] BIOS-e820: [mem 0x000000001ffdf000-0x000000001fffffff] reserved
[    0.000000] BIOS-e820: [mem 0x00000000b0000000-0x00000000bfffffff] reserved
[    0.000000] BIOS-e820: [mem 0x00000000fed1c000-0x00000000fed1ffff] reserved
[    0.000000] BIOS-e820: [mem 0x00000000feffc000-0x00000000feffffff] reserved
[    0.000000] BIOS-e820: [mem 0x00000000fffc0000-0x00000000ffffffff] reserved
[    0.000000] NX (Execute Disable) protection: active
[    0.000000] SMBIOS 2.8 present.
[    0.000000] DMI: QEMU Standard PC (Q35 + ICH9, 2009), BIOS 1.16.0-debian-1.16.0-4 04/01/2014
[    0.000000] Hypervisor detected: KVM
[    0.000000] kvm-clock: Using msrs 4b564d01 and 4b564d00
[    0.000000] kvm-clock: cpu 0, msr b523001, primary cpu clock
[    0.000045] kvm-clock: using sched offset of 3041741098 cycles
[    0.000281] clocksource: kvm-clock: mask: 0xffffffffffffffff max_cycles: 0x1cd42e4dffb, max_idle_ns: 881590591483 ns
[    0.000430] tsc: Detected 1999.999 MHz processor
[    0.007494] e820: update [mem 0x00000000-0x00000fff] usable ==> reserved
[    0.007504] e820: remove [mem 0x000a0000-0x000fffff] usable
[    0.007513] last_pfn = 0x1ffdf max_arch_pfn = 0x400000000
[    0.008367] MTRR default type: write-back
[    0.008434] MTRR fixed ranges enabled:
[    0.008438]   00000-9FFFF write-back
[    0.008440]   A0000-BFFFF uncachable
[    0.008443]   C0000-FFFFF write-protect
[    0.008445] MTRR variable ranges enabled:
[    0.008448]   0 base 00C0000000 mask FFC0000000 uncachable
[    0.008450]   1 disabled
[    0.008453]   2 disabled
[    0.008454]   3 disabled
[    0.008456]   4 disabled
[    0.008458]   5 disabled
[    0.008460]   6 disabled
[    0.008462]   7 disabled
[    0.008872] x86/PAT: Configuration [0-7]: WB  WC  UC- UC  WB  WC  UC- UC  
[    0.019034] found SMP MP-table at [mem 0x000f5ba0-0x000f5baf]
[    0.021773] check: Scanning 1 areas for low memory corruption
[    0.046320] ACPI: Early table checksum verification disabled
[    0.048625] ACPI: RSDP 0x00000000000F59E0 000014 (v00 BOCHS )
[    0.049913] ACPI: RSDT 0x000000001FFE252A 000038 (v01 BOCHS  BXPC     00000001 BXPC 00000001)
[    0.050202] ACPI: FACP 0x000000001FFE22EA 0000F4 (v03 BOCHS  BXPC     00000001 BXPC 00000001)
[    0.050349] ACPI: DSDT 0x000000001FFE0040 0022AA (v01 BOCHS  BXPC     00000001 BXPC 00000001)
[    0.050398] ACPI: FACS 0x000000001FFE0000 000040
[    0.050405] ACPI: APIC 0x000000001FFE23DE 0000B0 (v01 BOCHS  BXPC     00000001 BXPC 00000001)
[    0.050412] ACPI: HPET 0x000000001FFE248E 000038 (v01 BOCHS  BXPC     00000001 BXPC 00000001)
[    0.050419] ACPI: MCFG 0x000000001FFE24C6 00003C (v01 BOCHS  BXPC     00000001 BXPC 00000001)
[    0.050462] ACPI: WAET 0x000000001FFE2502 000028 (v01 BOCHS  BXPC     00000001 BXPC 00000001)
[    0.050469] ACPI: Reserving FACP table memory at [mem 0x1ffe22ea-0x1ffe23dd]
[    0.050472] ACPI: Reserving DSDT table memory at [mem 0x1ffe0040-0x1ffe22e9]
[    0.050475] ACPI: Reserving FACS table memory at [mem 0x1ffe0000-0x1ffe003f]
[    0.050477] ACPI: Reserving APIC table memory at [mem 0x1ffe23de-0x1ffe248d]
[    0.050480] ACPI: Reserving HPET table memory at [mem 0x1ffe248e-0x1ffe24c5]
[    0.050482] ACPI: Reserving MCFG table memory at [mem 0x1ffe24c6-0x1ffe2501]
[    0.050484] ACPI: Reserving WAET table memory at [mem 0x1ffe2502-0x1ffe2529]
[    0.051324] ACPI: Local APIC address 0xfee00000
[    0.055976] No NUMA configuration found
[    0.055981] Faking a node at [mem 0x0000000000000000-0x000000001ffdefff]
[    0.056139] NODE_DATA(0) allocated [mem 0x1ffdb000-0x1ffdefff]
[    0.062152] Zone ranges:
[    0.062311]   DMA      [mem 0x0000000000001000-0x0000000000ffffff]
[    0.062382]   DMA32    [mem 0x0000000001000000-0x000000001ffdefff]
[    0.062386]   Normal   empty
[    0.062389] Movable zone start for each node
[    0.062392] Early memory node ranges
[    0.062395]   node   0: [mem 0x0000000000001000-0x000000000009efff]
[    0.062462]   node   0: [mem 0x0000000000100000-0x000000001ffdefff]
[    0.062557] Initmem setup node 0 [mem 0x0000000000001000-0x000000001ffdefff]
[    0.062559] On node 0 totalpages: 130941
[    0.062749]   DMA zone: 64 pages used for memmap
[    0.062751]   DMA zone: 21 pages reserved
[    0.062827]   DMA zone: 3998 pages, LIFO batch:0
[    0.062829]   DMA32 zone: 1984 pages used for memmap
[    0.062832]   DMA32 zone: 126943 pages, LIFO batch:31
[    0.063575] On node 0, zone DMA: 1 pages in unavailable ranges
[    0.063827] On node 0, zone DMA: 97 pages in unavailable ranges
[    0.152607] On node 0, zone DMA32: 33 pages in unavailable ranges
[    0.156341] ACPI: PM-Timer IO Port: 0x608
[    0.156347] ACPI: Local APIC address 0xfee00000
[    0.156537] ACPI: LAPIC_NMI (acpi_id[0xff] dfl dfl lint[0x1])
[    0.157927] IOAPIC[0]: apic_id 0, version 17, address 0xfec00000, GSI 0-23
[    0.158134] ACPI: INT_SRC_OVR (bus 0 bus_irq 0 global_irq 2 dfl dfl)
[    0.158197] ACPI: INT_SRC_OVR (bus 0 bus_irq 5 global_irq 5 high level)
[    0.158199] ACPI: INT_SRC_OVR (bus 0 bus_irq 9 global_irq 9 high level)
[    0.158375] ACPI: INT_SRC_OVR (bus 0 bus_irq 10 global_irq 10 high level)
[    0.158378] ACPI: INT_SRC_OVR (bus 0 bus_irq 11 global_irq 11 high level)
[    0.158382] ACPI: IRQ0 used by override.
[    0.158385] ACPI: IRQ5 used by override.
[    0.158387] ACPI: IRQ9 used by override.
[    0.158389] ACPI: IRQ10 used by override.
[    0.158391] ACPI: IRQ11 used by override.
[    0.158432] Using ACPI (MADT) for SMP configuration information
[    0.158436] ACPI: HPET id: 0x8086a201 base: 0xfed00000
[    0.158915] smpboot: Allowing 8 CPUs, 0 hotplug CPUs
[    0.160763] PM: hibernation: Registered nosave memory: [mem 0x00000000-0x00000fff]
[    0.160767] PM: hibernation: Registered nosave memory: [mem 0x0009f000-0x0009ffff]
[    0.160769] PM: hibernation: Registered nosave memory: [mem 0x000a0000-0x000effff]
[    0.160771] PM: hibernation: Registered nosave memory: [mem 0x000f0000-0x000fffff]
[    0.160776] [mem 0x20000000-0xafffffff] available for PCI devices
[    0.160879] Booting paravirtualized kernel on KVM
[    0.161375] clocksource: refined-jiffies: mask: 0xffffffff max_cycles: 0xffffffff, max_idle_ns: 1910969940391419 ns
[    0.214122] setup_percpu: NR_CPUS:8 nr_cpumask_bits:8 nr_cpu_ids:8 nr_node_ids:1
[    0.237413] percpu: Embedded 58 pages/cpu s199184 r8192 d30192 u262144
[    0.237462] pcpu-alloc: s199184 r8192 d30192 u262144 alloc=1*2097152
[    0.237519] pcpu-alloc: [0] 0 1 2 3 4 5 6 7 
[    0.237931] kvm-guest: stealtime: cpu 0, msr 1f41bb40
[    0.239242] Built 1 zonelists, mobility grouping on.  Total pages: 128872
[    0.239246] Policy zone: DMA32
[    0.239363] Kernel command line: selinux=0 initcall_debug debug console=ttyS0 rcutree.gp_preinit_delay=3 rcutree.gp_init_delay=3 rcutree.gp_cleanup_delay=3 rcupdate.rcu_self_test=1 rcutorture.onoff_interval=1000 rcutorture.onoff_holdoff=30 rcutorture.n_barrier_cbs=4 rcutorture.stat_interval=15 rcutorture.shutdown_secs=1800 rcutorture.test_no_idle_hz=1 rcutorture.verbose=1
[    0.252059] Dentry cache hash table entries: 65536 (order: 7, 524288 bytes, linear)
[    0.254452] Inode-cache hash table entries: 32768 (order: 6, 262144 bytes, linear)
[    0.255298] mem auto-init: stack:all(zero), heap alloc:off, heap free:off
[    0.261807] Memory: 465384K/523764K available (16398K kernel code, 2799K rwdata, 4840K rodata, 1520K init, 13292K bss, 58120K reserved, 0K cma-reserved)
[    0.263258] SLUB: HWalign=64, Order=0-3, MinObjects=0, CPUs=8, Nodes=1
[    0.264165] Kernel/User page tables isolation: enabled
[    0.273278] Running RCU self tests
[    0.274119] rcu: RCU calculated value of scheduler-enlistment delay is 100 jiffies.
[    0.275079] rcu: Hierarchical RCU implementation.
[    0.275084] rcu: 	CONFIG_RCU_FANOUT set to non-default value of 6.
[    0.275087] rcu: 	RCU lockdep checking is enabled.
[    0.275090] rcu: 	Build-time adjustment of leaf fanout to 6.
[    0.275094] rcu: 	Boot-time adjustment of first FQS scan delay to 3 jiffies.
[    0.275104] rcu: 	Boot-time adjustment of subsequent FQS scan delay to 3 jiffies.
[    0.275107] rcu: 	RCU debug GP pre-init slowdown 3 jiffies.
[    0.275110] rcu: 	RCU debug GP init slowdown 3 jiffies.
[    0.275113] rcu: 	RCU debug GP init slowdown 3 jiffies.
[    0.275117] 	Trampoline variant of Tasks RCU enabled.
[    0.275120] 	Rude variant of Tasks RCU enabled.
[    0.275122] 	Tracing variant of Tasks RCU enabled.
[    0.289160] NR_IRQS: 4352, nr_irqs: 488, preallocated irqs: 16
[    0.290614] rcu: 	Offload RCU callbacks from CPUs: (none).
[    0.292449] calling  con_init+0x0/0x24f @ 0
[    0.412675] Console: colour VGA+ 80x25
[    0.412706] initcall con_init+0x0/0x24f returned 0 after 0 usecs
[    0.412712] calling  hvc_console_init+0x0/0x13 @ 0
[    0.412749] initcall hvc_console_init+0x0/0x13 returned 0 after 0 usecs
[    0.412754] calling  univ8250_console_init+0x0/0x26 @ 0
[    1.395320] printk: console [ttyS0] enabled
[    1.401151] initcall univ8250_console_init+0x0/0x26 returned 0 after 0 usecs
[    1.410844] Lock dependency validator: Copyright (c) 2006 Red Hat, Inc., Ingo Molnar
[    1.421449] ... MAX_LOCKDEP_SUBCLASSES:  8
[    1.427080] ... MAX_LOCK_DEPTH:          48
[    1.432965] ... MAX_LOCKDEP_KEYS:        8192
[    1.438912] ... CLASSHASH_SIZE:          4096
[    1.444883] ... MAX_LOCKDEP_ENTRIES:     32768
[    1.451144] ... MAX_LOCKDEP_CHAINS:      65536
[    1.457262] ... CHAINHASH_SIZE:          32768
[    1.463372]  memory used by lock dependency info: 6365 kB
[    1.471052]  memory used for stack traces: 4224 kB
[    1.477780]  per task-struct memory footprint: 1920 bytes
[    1.484957] ACPI: Core revision 20200925
[    1.490870] clocksource: hpet: mask: 0xffffffff max_cycles: 0xffffffff, max_idle_ns: 19112604467 ns
[    1.503945] APIC: Switch to symmetric I/O mode setup
[    1.529197] ..TIMER: vector=0x30 apic1=0 pin1=2 apic2=-1 pin2=-1
[    1.536108] clocksource: tsc-early: mask: 0xffffffffffffffff max_cycles: 0x39a85afc727, max_idle_ns: 881590685098 ns
[    1.547657] Calibrating delay loop (skipped) preset value.. 3999.99 BogoMIPS (lpj=1999999)
[    1.548604] pid_max: default: 32768 minimum: 301
[    1.549840] LSM: Security Framework initializing
[    1.550761] Mount-cache hash table entries: 1024 (order: 1, 8192 bytes, linear)
[    1.552602] Mountpoint-cache hash table entries: 1024 (order: 1, 8192 bytes, linear)
[    1.560960] Last level iTLB entries: 4KB 0, 2MB 0, 4MB 0
[    1.561602] Last level dTLB entries: 4KB 0, 2MB 0, 4MB 0, 1GB 0
[    1.563600] Spectre V1 : Mitigation: usercopy/swapgs barriers and __user pointer sanitization
[    1.564648] Spectre V2 : Mitigation: Retpolines
[    1.565601] Spectre V2 : Spectre v2 / SpectreRSB mitigation: Filling RSB on context switch
[    1.566601] Spectre V2 : Spectre v2 / SpectreRSB : Filling RSB on VMEXIT
[    1.567602] Speculative Store Bypass: Vulnerable
[    1.568614] MDS: Vulnerable: Clear CPU buffers attempted, no microcode
[    1.569604] MMIO Stale Data: Unknown: No mitigations
[    1.649374] Freeing SMP alternatives memory: 40K
[    1.750596] smpboot: CPU0: Intel Common KVM processor (family: 0xf, model: 0x6, stepping: 0x1)
[    1.753153] calling  init_hw_perf_events+0x0/0x6ce @ 1
[    1.753671] Performance Events: unsupported Netburst CPU model 6 no PMU driver, software events only.
[    1.754611] initcall init_hw_perf_events+0x0/0x6ce returned 0 after 976 usecs
[    1.755609] calling  init_real_mode+0x0/0x1e9 @ 1
[    1.756948] initcall init_real_mode+0x0/0x1e9 returned 0 after 0 usecs
[    1.757607] calling  trace_init_perf_perm_irq_work_exit+0x0/0x12 @ 1
[    1.758611] initcall trace_init_perf_perm_irq_work_exit+0x0/0x12 returned 0 after 0 usecs
[    1.759622] calling  validate_x2apic+0x0/0x4a @ 1
[    1.760630] initcall validate_x2apic+0x0/0x4a returned 0 after 0 usecs
[    1.761606] calling  register_nmi_cpu_backtrace_handler+0x0/0x15 @ 1
[    1.762624] initcall register_nmi_cpu_backtrace_handler+0x0/0x15 returned 0 after 0 usecs
[    1.763630] calling  kvm_setup_vsyscall_timeinfo+0x0/0xce @ 1
[    1.765607] initcall kvm_setup_vsyscall_timeinfo+0x0/0xce returned 0 after 0 usecs
[    1.766629] calling  spawn_ksoftirqd+0x0/0x38 @ 1
[    1.767690] RCU test callback executed 1
[    1.768805] initcall spawn_ksoftirqd+0x0/0x38 returned 0 after 976 usecs
[    1.769607] calling  migration_init+0x0/0x33 @ 1
[    1.770607] initcall migration_init+0x0/0x33 returned 0 after 0 usecs
[    1.771605] calling  srcu_bootup_announce+0x0/0x2f @ 1
[    1.772604] rcu: Hierarchical SRCU implementation.
[    1.773607] initcall srcu_bootup_announce+0x0/0x2f returned 0 after 976 usecs
[    1.774609] calling  rcu_spawn_gp_kthread+0x0/0x1dd @ 1
[    1.776698] initcall rcu_spawn_gp_kthread+0x0/0x1dd returned 0 after 976 usecs
[    1.777606] calling  check_cpu_stall_init+0x0/0x1a @ 1
[    1.778607] initcall check_cpu_stall_init+0x0/0x1a returned 0 after 0 usecs
[    1.779605] calling  rcu_sysrq_init+0x0/0x21 @ 1
[    1.781605] initcall rcu_sysrq_init+0x0/0x21 returned 0 after 0 usecs
[    1.783604] calling  trace_init_flags_sys_enter+0x0/0xe @ 1
[    1.784606] initcall trace_init_flags_sys_enter+0x0/0xe returned 0 after 0 usecs
[    1.785604] calling  trace_init_flags_sys_exit+0x0/0xe @ 1
[    1.786605] initcall trace_init_flags_sys_exit+0x0/0xe returned 0 after 0 usecs
[    1.787606] calling  cpu_stop_init+0x0/0x8d @ 1
[    1.788872] initcall cpu_stop_init+0x0/0x8d returned 0 after 0 usecs
[    1.789646] calling  init_kprobes+0x0/0x16e @ 1
[    1.791387] initcall init_kprobes+0x0/0x16e returned 0 after 0 usecs
[    1.791606] calling  init_events+0x0/0x3d @ 1
[    1.792652] initcall init_events+0x0/0x3d returned 0 after 0 usecs
[    1.793605] calling  init_trace_printk+0x0/0xc @ 1
[    1.794606] initcall init_trace_printk+0x0/0xc returned 0 after 0 usecs
[    1.795634] calling  event_trace_enable_again+0x0/0x23 @ 1
[    1.796606] initcall event_trace_enable_again+0x0/0x23 returned 0 after 0 usecs
[    1.797605] calling  static_call_init+0x0/0x79 @ 1
[    1.798606] initcall static_call_init+0x0/0x79 returned 0 after 0 usecs
[    1.799605] calling  jump_label_init_module+0x0/0xc @ 1
[    1.800607] initcall jump_label_init_module+0x0/0xc returned 0 after 0 usecs
[    1.801605] calling  init_zero_pfn+0x0/0x37 @ 1
[    1.802604] initcall init_zero_pfn+0x0/0x37 returned 0 after 0 usecs
[    1.803604] calling  initialize_ptr_random+0x0/0x54 @ 1
[    1.804650] initcall initialize_ptr_random+0x0/0x54 returned 0 after 0 usecs
[    1.805623] calling  efi_memreserve_root_init+0x0/0x25 @ 1
[    1.806622] initcall efi_memreserve_root_init+0x0/0x25 returned 0 after 0 usecs
[    1.807606] calling  efi_earlycon_remap_fb+0x0/0x51 @ 1
[    1.808606] initcall efi_earlycon_remap_fb+0x0/0x51 returned 0 after 0 usecs
[    1.810641] RCU test callback executed 2
[    1.812685] smp: Bringing up secondary CPUs ...
[    1.816165] x86: Booting SMP configuration:
[    1.816604] .... node  #0, CPUs:      #1
[    1.252917] kvm-clock: cpu 1, msr b523041, secondary cpu clock
[    1.841968] kvm-guest: stealtime: cpu 1, msr 1f45bb40
[    1.856444]  #2
[    1.252917] kvm-clock: cpu 2, msr b523081, secondary cpu clock
[    1.879953] kvm-guest: stealtime: cpu 2, msr 1f49bb40
[    1.897634]  #3
[    1.252917] kvm-clock: cpu 3, msr b5230c1, secondary cpu clock
[    1.919790] kvm-guest: stealtime: cpu 3, msr 1f4dbb40
[    1.936031]  #4
[    1.252917] kvm-clock: cpu 4, msr b523101, secondary cpu clock
[    1.957773] kvm-guest: stealtime: cpu 4, msr 1f51bb40
[    1.972355]  #5
[    1.252917] kvm-clock: cpu 5, msr b523141, secondary cpu clock
[    1.997803] kvm-guest: stealtime: cpu 5, msr 1f55bb40
[    2.013329]  #6
[    1.252917] kvm-clock: cpu 6, msr b523181, secondary cpu clock
[    2.035798] kvm-guest: stealtime: cpu 6, msr 1f59bb40
[    2.051337]  #7
[    1.252917] kvm-clock: cpu 7, msr b5231c1, secondary cpu clock
[    2.074770] kvm-guest: stealtime: cpu 7, msr 1f5dbb40
[    2.089220] smp: Brought up 1 node, 8 CPUs
[    2.089605] smpboot: Max logical packages: 1
[    2.090605] smpboot: Total of 8 processors activated (31999.98 BogoMIPS)
[    2.098125] devtmpfs: initialized
[    2.104345] calling  ipc_ns_init+0x0/0x3d @ 1
[    2.111705] initcall ipc_ns_init+0x0/0x3d returned 0 after 0 usecs
[    2.120613] calling  init_mmap_min_addr+0x0/0x21 @ 1
[    2.126608] initcall init_mmap_min_addr+0x0/0x21 returned 0 after 0 usecs
[    2.134609] calling  pci_realloc_setup_params+0x0/0x3f @ 1
[    2.141613] initcall pci_realloc_setup_params+0x0/0x3f returned 0 after 0 usecs
[    2.152614] calling  net_ns_init+0x0/0x12a @ 1
[    2.161097] initcall net_ns_init+0x0/0x12a returned 0 after 976 usecs
[    2.170650] calling  e820__register_nvs_regions+0x0/0x37 @ 1
[    2.177614] initcall e820__register_nvs_regions+0x0/0x37 returned 0 after 0 usecs
[    2.186610] calling  cpufreq_register_tsc_scaling+0x0/0x2e @ 1
[    2.193608] initcall cpufreq_register_tsc_scaling+0x0/0x2e returned 0 after 0 usecs
[    2.201609] calling  reboot_init+0x0/0x3c @ 1
[    2.207655] initcall reboot_init+0x0/0x3c returned 0 after 0 usecs
[    2.214607] calling  init_lapic_sysfs+0x0/0x20 @ 1
[    2.220642] initcall init_lapic_sysfs+0x0/0x20 returned 0 after 0 usecs
[    2.228609] calling  alloc_frozen_cpus+0x0/0x7 @ 1
[    2.233607] initcall alloc_frozen_cpus+0x0/0x7 returned 0 after 0 usecs
[    2.241607] calling  cpu_hotplug_pm_sync_init+0x0/0x13 @ 1
[    2.248637] initcall cpu_hotplug_pm_sync_init+0x0/0x13 returned 0 after 0 usecs
[    2.256607] calling  wq_sysfs_init+0x0/0x2a @ 1
[    2.262748] initcall wq_sysfs_init+0x0/0x2a returned 0 after 0 usecs
[    2.269606] calling  ksysfs_init+0x0/0x92 @ 1
[    2.275648] initcall ksysfs_init+0x0/0x92 returned 0 after 0 usecs
[    2.282606] calling  schedutil_gov_init+0x0/0xc @ 1
[    2.288746] initcall schedutil_gov_init+0x0/0xc returned 0 after 0 usecs
[    2.296607] calling  pm_init+0x0/0x76 @ 1
[    2.300735] initcall pm_init+0x0/0x76 returned 0 after 0 usecs
[    2.308624] calling  pm_disk_init+0x0/0x13 @ 1
[    2.313640] initcall pm_disk_init+0x0/0x13 returned 0 after 0 usecs
[    2.320604] calling  swsusp_header_init+0x0/0x2b @ 1
[    2.326608] initcall swsusp_header_init+0x0/0x2b returned 0 after 0 usecs
[    2.334622] calling  rcu_set_runtime_mode+0x0/0x2a @ 1
[    2.347902] initcall rcu_set_runtime_mode+0x0/0x2a returned 0 after 7812 usecs
[    2.356610] calling  init_jiffies_clocksource+0x0/0x13 @ 1
[    2.362608] clocksource: jiffies: mask: 0xffffffff max_cycles: 0xffffffff, max_idle_ns: 1911260446275000 ns
[    2.374610] initcall init_jiffies_clocksource+0x0/0x13 returned 0 after 11718 usecs
[    2.382605] calling  futex_init+0x0/0x118 @ 1
[    2.388613] futex hash table entries: 2048 (order: 6, 262144 bytes, linear)
[    2.400607] initcall futex_init+0x0/0x118 returned 0 after 11718 usecs
[    2.408608] calling  cgroup_wq_init+0x0/0x28 @ 1
[    2.414631] initcall cgroup_wq_init+0x0/0x28 returned 0 after 0 usecs
[    2.421604] calling  cgroup1_wq_init+0x0/0x28 @ 1
[    2.427620] initcall cgroup1_wq_init+0x0/0x28 returned 0 after 0 usecs
[    2.434606] calling  init_kprobe_trace_early+0x0/0x2a @ 1
[    2.441648] initcall init_kprobe_trace_early+0x0/0x2a returned 0 after 0 usecs
[    2.449605] calling  fsnotify_init+0x0/0x56 @ 1
[    2.455642] initcall fsnotify_init+0x0/0x56 returned 0 after 0 usecs
[    2.462604] calling  filelock_init+0x0/0xb3 @ 1
[    2.467642] initcall filelock_init+0x0/0xb3 returned 0 after 0 usecs
[    2.475604] calling  init_misc_binfmt+0x0/0x2c @ 1
[    2.480632] initcall init_misc_binfmt+0x0/0x2c returned 0 after 0 usecs
[    2.488604] calling  init_script_binfmt+0x0/0x15 @ 1
[    2.494605] initcall init_script_binfmt+0x0/0x15 returned 0 after 0 usecs
[    2.503612] calling  init_elf_binfmt+0x0/0x15 @ 1
[    2.509611] initcall init_elf_binfmt+0x0/0x15 returned 0 after 0 usecs
[    2.517606] calling  init_compat_elf_binfmt+0x0/0x15 @ 1
[    2.523606] initcall init_compat_elf_binfmt+0x0/0x15 returned 0 after 0 usecs
[    2.531606] calling  debugfs_init+0x0/0x5c @ 1
[    2.536637] initcall debugfs_init+0x0/0x5c returned 0 after 0 usecs
[    2.544605] calling  tracefs_init+0x0/0x3a @ 1
[    2.549616] initcall tracefs_init+0x0/0x3a returned 0 after 0 usecs
[    2.556614] calling  prandom_init_early+0x0/0x15d @ 1
[    2.562611] initcall prandom_init_early+0x0/0x15d returned 0 after 0 usecs
[    2.573657] calling  virtio_init+0x0/0x20 @ 1
[    2.579660] initcall virtio_init+0x0/0x20 returned 0 after 0 usecs
[    2.588612] calling  iommu_init+0x0/0x2a @ 1
[    2.595650] initcall iommu_init+0x0/0x2a returned 0 after 0 usecs
[    2.604614] calling  component_debug_init+0x0/0x1c @ 1
[    2.611072] initcall component_debug_init+0x0/0x1c returned 0 after 976 usecs
[    2.620607] calling  early_resume_init+0x0/0xb9 @ 1
[    2.627254] PM: RTC time: 09:27:30, date: 2022-12-13
[    2.632613] initcall early_resume_init+0x0/0xb9 returned 0 after 5859 usecs
[    2.641608] calling  cpufreq_core_init+0x0/0x62 @ 1
[    2.647657] initcall cpufreq_core_init+0x0/0x62 returned 0 after 0 usecs
[    2.655606] calling  cpufreq_gov_performance_init+0x0/0xc @ 1
[    2.661610] initcall cpufreq_gov_performance_init+0x0/0xc returned 0 after 0 usecs
[    2.674609] calling  cpufreq_gov_userspace_init+0x0/0xc @ 1
[    2.681610] initcall cpufreq_gov_userspace_init+0x0/0xc returned 0 after 0 usecs
[    2.690607] calling  CPU_FREQ_GOV_ONDEMAND_init+0x0/0xc @ 1
[    2.697610] initcall CPU_FREQ_GOV_ONDEMAND_init+0x0/0xc returned 0 after 0 usecs
[    2.706611] calling  cpuidle_init+0x0/0x1f @ 1
[    2.712718] initcall cpuidle_init+0x0/0x1f returned 0 after 0 usecs
[    2.720606] calling  capsule_reboot_register+0x0/0xc @ 1
[    2.727637] initcall capsule_reboot_register+0x0/0xc returned 0 after 0 usecs
[    2.736606] calling  sock_init+0x0/0x93 @ 1
[    2.746069] initcall sock_init+0x0/0x93 returned 0 after 4882 usecs
[    2.754606] calling  net_inuse_init+0x0/0x23 @ 1
[    2.760685] initcall net_inuse_init+0x0/0x23 returned 0 after 0 usecs
[    2.768607] calling  net_defaults_init+0x0/0x23 @ 1
[    2.774608] initcall net_defaults_init+0x0/0x23 returned 0 after 0 usecs
[    2.783608] calling  init_default_flow_dissectors+0x0/0x4f @ 1
[    2.790669] initcall init_default_flow_dissectors+0x0/0x4f returned 0 after 0 usecs
[    2.800605] calling  netpoll_init+0x0/0x44 @ 1
[    2.805608] initcall netpoll_init+0x0/0x44 returned 0 after 0 usecs
[    2.813606] calling  netlink_proto_init+0x0/0x154 @ 1
[    2.819909] NET: Registered protocol family 16
[    2.825737] initcall netlink_proto_init+0x0/0x154 returned 0 after 5859 usecs
[    2.833624] calling  genl_init+0x0/0x35 @ 1
[    2.839717] initcall genl_init+0x0/0x35 returned 0 after 0 usecs
[    2.846674] calling  bsp_pm_check_init+0x0/0x13 @ 1
[    2.852610] initcall bsp_pm_check_init+0x0/0x13 returned 0 after 0 usecs
[    2.861649] calling  irq_sysfs_init+0x0/0xb9 @ 1
[    2.867942] initcall irq_sysfs_init+0x0/0xb9 returned 0 after 0 usecs
[    2.875607] calling  audit_init+0x0/0x127 @ 1
[    2.881614] audit: initializing netlink subsys (disabled)
[    2.889604] initcall audit_init+0x0/0x127 returned 0 after 7812 usecs
[    2.889682] audit: type=2000 audit(1670923649.042:1): state=initialized audit_enabled=0 res=1
[    2.897607] calling  release_early_probes+0x0/0x32 @ 1
[    2.897612] initcall release_early_probes+0x0/0x32 returned 0 after 0 usecs
[    2.923610] calling  bdi_class_init+0x0/0x48 @ 1
[    2.928652] initcall bdi_class_init+0x0/0x48 returned 0 after 0 usecs
[    2.934608] calling  mm_sysfs_init+0x0/0x28 @ 1
[    2.941624] initcall mm_sysfs_init+0x0/0x28 returned 0 after 0 usecs
[    2.949608] calling  init_per_zone_wmark_min+0x0/0x6d @ 1
[    2.956647] initcall init_per_zone_wmark_min+0x0/0x6d returned 0 after 0 usecs
[    2.965607] calling  mpi_init+0x0/0x3e @ 1
[    2.970637] initcall mpi_init+0x0/0x3e returned 0 after 0 usecs
[    2.978606] calling  kobject_uevent_init+0x0/0xc @ 1
[    2.984648] initcall kobject_uevent_init+0x0/0xc returned 0 after 0 usecs
[    2.993605] calling  pcibus_class_init+0x0/0x13 @ 1
[    2.999650] initcall pcibus_class_init+0x0/0x13 returned 0 after 0 usecs
[    3.007607] calling  pci_driver_init+0x0/0x21 @ 1
[    3.012739] initcall pci_driver_init+0x0/0x21 returned 0 after 976 usecs
[    3.021607] calling  backlight_class_init+0x0/0xa8 @ 1
[    3.027663] initcall backlight_class_init+0x0/0xa8 returned 0 after 0 usecs
[    3.035607] calling  tty_class_init+0x0/0x33 @ 1
[    3.041625] initcall tty_class_init+0x0/0x33 returned 0 after 0 usecs
[    3.049607] calling  vtconsole_class_init+0x0/0xb5 @ 1
[    3.055785] initcall vtconsole_class_init+0x0/0xb5 returned 0 after 0 usecs
[    3.064607] calling  iommu_dev_init+0x0/0x13 @ 1
[    3.070642] initcall iommu_dev_init+0x0/0x13 returned 0 after 0 usecs
[    3.078607] calling  mipi_dsi_bus_init+0x0/0xc @ 1
[    3.083662] initcall mipi_dsi_bus_init+0x0/0xc returned 0 after 0 usecs
[    3.091607] calling  devlink_class_init+0x0/0x40 @ 1
[    3.097657] initcall devlink_class_init+0x0/0x40 returned 0 after 976 usecs
[    3.106607] calling  software_node_init+0x0/0x2a @ 1
[    3.112637] initcall software_node_init+0x0/0x2a returned 0 after 0 usecs
[    3.118615] calling  wakeup_sources_debugfs_init+0x0/0x23 @ 1
[    3.125633] initcall wakeup_sources_debugfs_init+0x0/0x23 returned 0 after 0 usecs
[    3.134609] calling  wakeup_sources_sysfs_init+0x0/0x2c @ 1
[    3.142678] initcall wakeup_sources_sysfs_init+0x0/0x2c returned 0 after 0 usecs
[    3.152608] calling  register_node_type+0x0/0x13 @ 1
[    3.159690] initcall register_node_type+0x0/0x13 returned 0 after 0 usecs
[    3.168607] calling  regmap_initcall+0x0/0xc @ 1
[    3.174715] initcall regmap_initcall+0x0/0xc returned 0 after 0 usecs
[    3.182609] calling  i2c_init+0x0/0xb3 @ 1
[    3.188810] initcall i2c_init+0x0/0xb3 returned 0 after 0 usecs
[    3.196611] calling  thermal_init+0x0/0x116 @ 1
[    3.203680] thermal_sys: Registered thermal governor 'step_wise'
[    3.203683] thermal_sys: Registered thermal governor 'user_space'
[    3.210639] initcall thermal_init+0x0/0x116 returned 0 after 6835 usecs
[    3.226610] calling  init_menu+0x0/0xc @ 1
[    3.231807] cpuidle: using governor menu
[    3.237611] initcall init_menu+0x0/0xc returned 0 after 5859 usecs
[    3.245608] calling  pcc_init+0x0/0x4d @ 1
[    3.249612] initcall pcc_init+0x0/0x4d returned -19 after 0 usecs
[    3.257609] calling  amd_postcore_init+0x0/0x11e @ 1
[    3.263608] initcall amd_postcore_init+0x0/0x11e returned 0 after 0 usecs
[    3.271632] calling  bts_init+0x0/0xba @ 1
[    3.276608] initcall bts_init+0x0/0xba returned -19 after 0 usecs
[    3.283605] calling  pt_init+0x0/0x34d @ 1
[    3.288607] initcall pt_init+0x0/0x34d returned -19 after 0 usecs
[    3.296607] calling  boot_params_ksysfs_init+0x0/0x2ee @ 1
[    3.303639] initcall boot_params_ksysfs_init+0x0/0x2ee returned 0 after 0 usecs
[    3.312610] calling  sbf_init+0x0/0xea @ 1
[    3.317634] initcall sbf_init+0x0/0xea returned 0 after 0 usecs
[    3.324035] calling  arch_kdebugfs_init+0x0/0x219 @ 1
[    3.331683] initcall arch_kdebugfs_init+0x0/0x219 returned 0 after 0 usecs
[    3.341612] calling  intel_pconfig_init+0x0/0x85 @ 1
[    3.349613] initcall intel_pconfig_init+0x0/0x85 returned 0 after 0 usecs
[    3.357609] calling  mtrr_if_init+0x0/0x5d @ 1
[    3.362617] initcall mtrr_if_init+0x0/0x5d returned 0 after 0 usecs
[    3.371610] calling  activate_jump_labels+0x0/0x31 @ 1
[    3.377613] initcall activate_jump_labels+0x0/0x31 returned 0 after 0 usecs
[    3.386607] calling  ffh_cstate_init+0x0/0x29 @ 1
[    3.391614] initcall ffh_cstate_init+0x0/0x29 returned 0 after 0 usecs
[    3.399607] calling  activate_jump_labels+0x0/0x31 @ 1
[    3.405845] initcall activate_jump_labels+0x0/0x31 returned 0 after 976 usecs
[    3.414607] calling  kvm_alloc_cpumask+0x0/0x74 @ 1
[    3.420656] initcall kvm_alloc_cpumask+0x0/0x74 returned 0 after 0 usecs
[    3.428607] calling  kcmp_cookies_init+0x0/0x37 @ 1
[    3.434613] initcall kcmp_cookies_init+0x0/0x37 returned 0 after 0 usecs
[    3.442610] calling  cryptomgr_init+0x0/0xc @ 1
[    3.445720] initcall cryptomgr_init+0x0/0xc returned 0 after 976 usecs
[    3.456616] calling  acpi_pci_init+0x0/0x57 @ 1
[    3.463624] ACPI: bus type PCI registered
[    3.469611] initcall acpi_pci_init+0x0/0x57 returned 0 after 5859 usecs
[    3.479612] calling  dma_channel_table_init+0x0/0xd1 @ 1
[    3.488602] initcall dma_channel_table_init+0x0/0xd1 returned 0 after 0 usecs
[    3.498612] calling  dma_bus_init+0x0/0xdc @ 1
[    3.505701] initcall dma_bus_init+0x0/0xdc returned 0 after 0 usecs
[    3.515711] calling  iommu_dma_init+0x0/0x10 @ 1
[    3.522740] initcall iommu_dma_init+0x0/0x10 returned 0 after 0 usecs
[    3.532613] calling  dmi_id_init+0x0/0x37c @ 1
[    3.539828] initcall dmi_id_init+0x0/0x37c returned 0 after 0 usecs
[    3.546609] calling  pci_arch_init+0x0/0x71 @ 1
[    3.553878] PCI: MMCONFIG for domain 0000 [bus 00-ff] at [mem 0xb0000000-0xbfffffff] (base 0xb0000000)
[    3.566612] PCI: MMCONFIG at [mem 0xb0000000-0xbfffffff] reserved in E820
[    3.574666] PCI: Using configuration type 1 for base access
[    3.581650] initcall pci_arch_init+0x0/0x71 returned 0 after 28320 usecs
[    3.589634] calling  init_vdso+0x0/0x13 @ 1
[    3.595646] initcall init_vdso+0x0/0x13 returned 0 after 0 usecs
[    3.605611] calling  sysenter_setup+0x0/0x13 @ 1
[    3.611875] initcall sysenter_setup+0x0/0x13 returned 0 after 0 usecs
[    3.622608] calling  fixup_ht_bug+0x0/0xe5 @ 1
[    3.628626] initcall fixup_ht_bug+0x0/0xe5 returned 0 after 0 usecs
[    3.636614] calling  topology_init+0x0/0x88 @ 1
[    3.644110] initcall topology_init+0x0/0x88 returned 0 after 2929 usecs
[    3.652607] calling  intel_epb_init+0x0/0x68 @ 1
[    3.658607] initcall intel_epb_init+0x0/0x68 returned -19 after 0 usecs
[    3.669605] calling  mtrr_init_finialize+0x0/0x3e @ 1
[    3.676610] initcall mtrr_init_finialize+0x0/0x3e returned 0 after 0 usecs
[    3.683653] calling  uid_cache_init+0x0/0x85 @ 1
[    3.690605] initcall uid_cache_init+0x0/0x85 returned 0 after 976 usecs
[    3.698609] calling  param_sysfs_init+0x0/0x1ba @ 1
[    3.719605] initcall param_sysfs_init+0x0/0x1ba returned 0 after 13671 usecs
[    3.729611] calling  user_namespace_sysctl_init+0x0/0x33 @ 1
[    3.736609] initcall user_namespace_sysctl_init+0x0/0x33 returned 0 after 0 usecs
[    3.746614] calling  proc_schedstat_init+0x0/0x24 @ 1
[    3.752615] initcall proc_schedstat_init+0x0/0x24 returned 0 after 0 usecs
[    3.760605] calling  pm_sysrq_init+0x0/0x18 @ 1
[    3.766720] initcall pm_sysrq_init+0x0/0x18 returned 0 after 0 usecs
[    3.774765] calling  create_proc_profile+0x0/0xd0 @ 1
[    3.780615] initcall create_proc_profile+0x0/0xd0 returned 0 after 0 usecs
[    3.789606] calling  time_ns_init+0x0/0x7 @ 1
[    3.794606] initcall time_ns_init+0x0/0x7 returned 0 after 0 usecs
[    3.802605] calling  crash_save_vmcoreinfo_init+0x0/0x722 @ 1
[    3.809731] initcall crash_save_vmcoreinfo_init+0x0/0x722 returned 0 after 0 usecs
[    3.818605] calling  crash_notes_memory_init+0x0/0x35 @ 1
[    3.825664] initcall crash_notes_memory_init+0x0/0x35 returned 0 after 0 usecs
[    3.834608] calling  cgroup_sysfs_init+0x0/0x13 @ 1
[    3.842654] initcall cgroup_sysfs_init+0x0/0x13 returned 0 after 0 usecs
[    3.851629] calling  cgroup_namespaces_init+0x0/0x7 @ 1
[    3.857611] initcall cgroup_namespaces_init+0x0/0x7 returned 0 after 0 usecs
[    3.868612] calling  init_optprobes+0x0/0x13 @ 1
[    3.876665] Kprobes globally optimized
[    3.882612] initcall init_optprobes+0x0/0x13 returned 0 after 5859 usecs
[    3.891614] calling  oom_init+0x0/0x2f @ 1
[    3.898220] initcall oom_init+0x0/0x2f returned 0 after 1953 usecs
[    3.903608] calling  default_bdi_init+0x0/0xb3 @ 1
[    3.910720] initcall default_bdi_init+0x0/0xb3 returned 0 after 976 usecs
[    3.919607] calling  percpu_enable_async+0x0/0xe @ 1
[    3.925607] initcall percpu_enable_async+0x0/0xe returned 0 after 0 usecs
[    3.933606] calling  kcompactd_init+0x0/0x8d @ 1
[    3.937613] initcall kcompactd_init+0x0/0x8d returned 0 after 1953 usecs
[    3.945651] calling  init_user_reserve+0x0/0x40 @ 1
[    3.951608] initcall init_user_reserve+0x0/0x40 returned 0 after 0 usecs
[    3.959612] calling  init_admin_reserve+0x0/0x40 @ 1
[    3.968613] initcall init_admin_reserve+0x0/0x40 returned 0 after 0 usecs
[    3.975612] calling  init_reserve_notifier+0x0/0x7 @ 1
[    3.983611] initcall init_reserve_notifier+0x0/0x7 returned 0 after 0 usecs
[    3.993610] calling  swap_init_sysfs+0x0/0x62 @ 1
[    3.999624] initcall swap_init_sysfs+0x0/0x62 returned 0 after 0 usecs
[    4.007606] calling  swapfile_init+0x0/0x94 @ 1
[    4.010611] initcall swapfile_init+0x0/0x94 returned 0 after 0 usecs
[    4.022611] calling  hugetlb_init+0x0/0x49e @ 1
[    4.028611] HugeTLB registered 2.00 MiB page size, pre-allocated 0 pages
[    4.035323] initcall hugetlb_init+0x0/0x49e returned 0 after 5859 usecs
[    4.048596] calling  io_wq_init+0x0/0x34 @ 1
[    4.060153] initcall io_wq_init+0x0/0x34 returned 0 after 1953 usecs
[    4.067765] calling  seqiv_module_init+0x0/0xc @ 1
[    4.089709] initcall seqiv_module_init+0x0/0xc returned 0 after 14648 usecs
[    4.097610] calling  echainiv_module_init+0x0/0xc @ 1
[    4.106608] initcall echainiv_module_init+0x0/0xc returned 0 after 0 usecs
[    4.117835] calling  rsa_init+0x0/0x50 @ 1
[    4.134727] initcall rsa_init+0x0/0x50 returned 0 after 12695 usecs
[    4.136176] cryptomgr_test (67) used greatest stack depth: 14864 bytes left
[    4.144617] calling  crypto_cmac_module_init+0x0/0xc @ 1
[    4.144625] initcall crypto_cmac_module_init+0x0/0xc returned 0 after 0 usecs
[    4.144628] calling  hmac_module_init+0x0/0xc @ 1
[    4.178617] initcall hmac_module_init+0x0/0xc returned 0 after 0 usecs
[    4.188613] calling  crypto_null_mod_init+0x0/0x65 @ 1
[    4.203640] initcall crypto_null_mod_init+0x0/0x65 returned 0 after 6835 usecs
[    4.214617] calling  md5_mod_init+0x0/0xc @ 1
[    4.221829] initcall md5_mod_init+0x0/0xc returned 0 after 1953 usecs
[    4.230609] calling  sha256_generic_mod_init+0x0/0x11 @ 1
[    4.242844] initcall sha256_generic_mod_init+0x0/0x11 returned 0 after 4882 usecs
[    4.251611] calling  crypto_cbc_module_init+0x0/0xc @ 1
[    4.258611] initcall crypto_cbc_module_init+0x0/0xc returned 0 after 0 usecs
[    4.267608] calling  crypto_ctr_module_init+0x0/0x11 @ 1
[    4.274610] initcall crypto_ctr_module_init+0x0/0x11 returned 0 after 0 usecs
[    4.282607] calling  crypto_gcm_module_init+0x0/0x64 @ 1
[    4.289671] initcall crypto_gcm_module_init+0x0/0x64 returned 0 after 0 usecs
[    4.298608] calling  crypto_ccm_module_init+0x0/0x11 @ 1
[    4.305610] initcall crypto_ccm_module_init+0x0/0x11 returned 0 after 0 usecs
[    4.312607] calling  aes_init+0x0/0xc @ 1
[    4.322609] initcall aes_init+0x0/0xc returned 0 after 4882 usecs
[    4.329616] calling  crc32c_mod_init+0x0/0xc @ 1
[    4.336608] initcall crc32c_mod_init+0x0/0xc returned 0 after 976 usecs
[    4.344611] calling  crypto_authenc_module_init+0x0/0xc @ 1
[    4.351609] initcall crypto_authenc_module_init+0x0/0xc returned 0 after 0 usecs
[    4.361611] calling  crypto_authenc_esn_module_init+0x0/0xc @ 1
[    4.370617] initcall crypto_authenc_esn_module_init+0x0/0xc returned 0 after 0 usecs
[    4.380608] calling  drbg_init+0x0/0x7c @ 1
[    4.394843] initcall drbg_init+0x0/0x7c returned 0 after 8789 usecs
[    4.402611] calling  ghash_mod_init+0x0/0xc @ 1
[    4.408813] initcall ghash_mod_init+0x0/0xc returned 0 after 1953 usecs
[    4.418612] calling  init_bio+0x0/0x9a @ 1
[    4.426361] initcall init_bio+0x0/0x9a returned 0 after 0 usecs
[    4.434621] calling  blk_settings_init+0x0/0x29 @ 1
[    4.440606] initcall blk_settings_init+0x0/0x29 returned 0 after 0 usecs
[    4.448605] calling  blk_ioc_init+0x0/0x29 @ 1
[    4.453630] initcall blk_ioc_init+0x0/0x29 returned 0 after 0 usecs
[    4.461605] calling  blk_mq_init+0x0/0xb9 @ 1
[    4.466636] initcall blk_mq_init+0x0/0xb9 returned 0 after 0 usecs
[    4.473609] calling  genhd_device_init+0x0/0x75 @ 1
[    4.484002] initcall genhd_device_init+0x0/0x75 returned 0 after 2929 usecs
[    4.494659] calling  pci_slot_init+0x0/0x40 @ 1
[    4.501921] initcall pci_slot_init+0x0/0x40 returned 0 after 0 usecs
[    4.508608] calling  fbmem_init+0x0/0xd8 @ 1
[    4.521671] initcall fbmem_init+0x0/0xd8 returned 0 after 10742 usecs
[    4.528607] calling  acpi_init+0x0/0x319 @ 1
[    4.535901] ACPI: Added _OSI(Module Device)
[    4.541606] ACPI: Added _OSI(Processor Device)
[    4.547604] ACPI: Added _OSI(3.0 _SCP Extensions)
[    4.553601] ACPI: Added _OSI(Processor Aggregator Device)
[    4.559609] ACPI: Added _OSI(Linux-Dell-Video)
[    4.565606] ACPI: Added _OSI(Linux-Lenovo-NV-HDMI-Audio)
[    4.570606] ACPI: Added _OSI(Linux-HPI-Hybrid-Graphics)
[    4.593304] ACPI: 1 ACPI AML tables successfully acquired and loaded
[    4.622387] ACPI: Interpreter enabled
[    4.629473] ACPI: (supports S0 S3 S4 S5)
[    4.635851] ACPI: Using IOAPIC for interrupt routing
[    4.642604] PCI: Using host bridge windows from ACPI; if necessary, use "pci=nocrs" and report a bug
[    4.655596] ACPI: Enabled 2 GPEs in block 00 to 3F
[    4.696596] ACPI: PCI Root Bridge [PCI0] (domain 0000 [bus 00-ff])
[    4.703923] acpi PNP0A08:00: _OSC: OS supports [ExtendedConfig ASPM ClockPM Segments MSI HPX-Type3]
[    4.715973] acpi PNP0A08:00: _OSC: platform does not support [LTR]
[    4.724894] acpi PNP0A08:00: _OSC: OS now controls [PME PCIeCapability]
[    4.736426] PCI host bridge to bus 0000:00
[    4.743805] pci_bus 0000:00: root bus resource [io  0x0000-0x0cf7 window]
[    4.751608] pci_bus 0000:00: root bus resource [io  0x0d00-0xffff window]
[    4.760609] pci_bus 0000:00: root bus resource [mem 0x000a0000-0x000bffff window]
[    4.770620] pci_bus 0000:00: root bus resource [mem 0x20000000-0xafffffff window]
[    4.779609] pci_bus 0000:00: root bus resource [mem 0xc0000000-0xfebfffff window]
[    4.788610] pci_bus 0000:00: root bus resource [mem 0x100000000-0x8ffffffff window]
[    4.798618] pci_bus 0000:00: root bus resource [bus 00-ff]
[    4.810612] pci 0000:00:00.0: calling  quirk_mmio_always_on+0x0/0x10 @ 1
[    4.819992] pci 0000:00:00.0: quirk_mmio_always_on+0x0/0x10 took 0 usecs
[    4.828709] pci 0000:00:00.0: [8086:29c0] type 00 class 0x060000
[    4.840163] pci 0000:00:00.0: calling  quirk_igfx_skip_te_disable+0x0/0x80 @ 1
[    4.849611] pci 0000:00:00.0: quirk_igfx_skip_te_disable+0x0/0x80 took 976 usecs
[    4.862708] pci 0000:00:01.0: [1234:1111] type 00 class 0x030000
[    4.881604] pci 0000:00:01.0: reg 0x10: [mem 0xfd000000-0xfdffffff pref]
[    4.908596] pci 0000:00:01.0: reg 0x18: [mem 0xfebf0000-0xfebf0fff]
[    4.951603] pci 0000:00:01.0: reg 0x30: [mem 0xfebe0000-0xfebeffff pref]
[    4.962614] pci 0000:00:01.0: calling  efifb_fixup_resources+0x0/0xf0 @ 1
[    4.971647] pci 0000:00:01.0: efifb_fixup_resources+0x0/0xf0 took 0 usecs
[    4.987153] pci 0000:00:1f.0: [8086:2918] type 00 class 0x060100
[    4.999647] pci 0000:00:1f.0: calling  quirk_ich7_lpc+0x0/0x60 @ 1
[    5.007673] pci 0000:00:1f.0: quirk: [io  0x0600-0x067f] claimed by ICH6 ACPI/GPIO/TCO
[    5.018974] pci 0000:00:1f.0: quirk_ich7_lpc+0x0/0x60 took 10742 usecs
[    5.026712] pci 0000:00:1f.0: calling  quirk_igfx_skip_te_disable+0x0/0x80 @ 1
[    5.036620] pci 0000:00:1f.0: quirk_igfx_skip_te_disable+0x0/0x80 took 0 usecs
[    5.048401] pci 0000:00:1f.2: [8086:2922] type 00 class 0x010601
[    5.064621] pci 0000:00:1f.2: reg 0x20: [io  0xc040-0xc05f]
[    5.073609] pci 0000:00:1f.2: reg 0x24: [mem 0xfebf1000-0xfebf1fff]
[    5.082828] pci 0000:00:1f.2: calling  quirk_igfx_skip_te_disable+0x0/0x80 @ 1
[    5.091615] pci 0000:00:1f.2: quirk_igfx_skip_te_disable+0x0/0x80 took 0 usecs
[    5.106604] pci 0000:00:1f.3: [8086:2930] type 00 class 0x0c0500
[    5.121611] pci 0000:00:1f.3: reg 0x20: [io  0x0700-0x073f]
[    5.128338] pci 0000:00:1f.3: calling  quirk_igfx_skip_te_disable+0x0/0x80 @ 1
[    5.138617] pci 0000:00:1f.3: quirk_igfx_skip_te_disable+0x0/0x80 took 0 usecs
[    5.214603] ACPI: PCI Interrupt Link [LNKA] (IRQs 5 *10 11)
[    5.224604] ACPI: PCI Interrupt Link [LNKB] (IRQs 5 *10 11)
[    5.232916] ACPI: PCI Interrupt Link [LNKC] (IRQs 5 10 *11)
[    5.236669] ACPI: PCI Interrupt Link [LNKD] (IRQs 5 10 *11)
[    5.245234] ACPI: PCI Interrupt Link [LNKE] (IRQs 5 *10 11)
[    5.253968] ACPI: PCI Interrupt Link [LNKF] (IRQs 5 *10 11)
[    5.260798] ACPI: PCI Interrupt Link [LNKG] (IRQs 5 10 *11)
[    5.269411] ACPI: PCI Interrupt Link [LNKH] (IRQs 5 10 *11)
[    5.277063] ACPI: PCI Interrupt Link [GSIA] (IRQs *16)
[    5.283711] ACPI: PCI Interrupt Link [GSIB] (IRQs *17)
[    5.290681] ACPI: PCI Interrupt Link [GSIC] (IRQs *18)
[    5.297665] ACPI: PCI Interrupt Link [GSID] (IRQs *19)
[    5.304684] ACPI: PCI Interrupt Link [GSIE] (IRQs *20)
[    5.310676] ACPI: PCI Interrupt Link [GSIF] (IRQs *21)
[    5.316617] ACPI: PCI Interrupt Link [GSIG] (IRQs *22)
[    5.323667] ACPI: PCI Interrupt Link [GSIH] (IRQs *23)
[    5.333602] initcall acpi_init+0x0/0x319 returned 0 after 781250 usecs
[    5.341641] calling  pnp_init+0x0/0xc @ 1
[    5.346729] initcall pnp_init+0x0/0xc returned 0 after 0 usecs
[    5.354607] calling  misc_init+0x0/0xbf @ 1
[    5.359977] initcall misc_init+0x0/0xbf returned 0 after 0 usecs
[    5.367613] calling  iommu_subsys_init+0x0/0x4e @ 1
[    5.375698] iommu: Default domain type: Translated 
[    5.382614] initcall iommu_subsys_init+0x0/0x4e returned 0 after 6835 usecs
[    5.392629] calling  vga_arb_device_init+0x0/0x261 @ 1
[    5.402963] pci 0000:00:01.0: vgaarb: setting as boot VGA device
[    5.403596] pci 0000:00:01.0: vgaarb: VGA device added: decodes=io+mem,owns=io+mem,locks=none
[    5.419614] pci 0000:00:01.0: vgaarb: bridge control possible
[    5.426625] vgaarb: loaded
[    5.429609] initcall vga_arb_device_init+0x0/0x261 returned 0 after 29296 usecs
[    5.438672] calling  cn_init+0x0/0xf0 @ 1
[    5.443609] initcall cn_init+0x0/0xf0 returned 0 after 0 usecs
[    5.450609] calling  dma_buf_init+0x0/0xad @ 1
[    5.457102] initcall dma_buf_init+0x0/0xad returned 0 after 976 usecs
[    5.465606] calling  dma_resv_lockdep+0x0/0x281 @ 1
[    5.471623] initcall dma_resv_lockdep+0x0/0x281 returned 0 after 976 usecs
[    5.479640] calling  init_scsi+0x0/0x79 @ 1
[    5.484771] SCSI subsystem initialized
[    5.489605] initcall init_scsi+0x0/0x79 returned 0 after 4882 usecs
[    5.496604] calling  ata_init+0x0/0x332 @ 1
[    5.504846] libata version 3.00 loaded.
[    5.508606] initcall ata_init+0x0/0x332 returned 0 after 6835 usecs
[    5.516605] calling  phy_init+0x0/0x250 @ 1
[    5.522375] initcall phy_init+0x0/0x250 returned 0 after 0 usecs
[    5.528606] calling  init_pcmcia_cs+0x0/0x35 @ 1
[    5.534709] initcall init_pcmcia_cs+0x0/0x35 returned 0 after 0 usecs
[    5.541605] calling  usb_common_init+0x0/0x1c @ 1
[    5.547663] initcall usb_common_init+0x0/0x1c returned 0 after 0 usecs
[    5.554605] calling  usb_init+0x0/0x12e @ 1
[    5.559715] ACPI: bus type USB registered
[    5.565703] usbcore: registered new interface driver usbfs
[    5.571707] usbcore: registered new interface driver hub
[    5.578651] usbcore: registered new device driver usb
[    5.584608] initcall usb_init+0x0/0x12e returned 0 after 24414 usecs
[    5.591605] calling  serio_init+0x0/0x29 @ 1
[    5.596672] initcall serio_init+0x0/0x29 returned 0 after 0 usecs
[    5.603604] calling  input_init+0x0/0xf6 @ 1
[    5.608697] initcall input_init+0x0/0xf6 returned 0 after 0 usecs
[    5.615604] calling  rtc_init+0x0/0x4d @ 1
[    5.620620] initcall rtc_init+0x0/0x4d returned 0 after 0 usecs
[    5.627605] calling  pps_init+0x0/0xa9 @ 1
[    5.632616] pps_core: LinuxPPS API ver. 1 registered
[    5.638602] pps_core: Software ver. 5.3.6 - Copyright 2005-2007 Rodolfo Giometti <giometti@linux.it>
[    5.649607] initcall pps_init+0x0/0xa9 returned 0 after 16601 usecs
[    5.656604] calling  ptp_init+0x0/0x98 @ 1
[    5.661621] PTP clock support registered
[    5.666605] initcall ptp_init+0x0/0x98 returned 0 after 4882 usecs
[    5.673604] calling  power_supply_class_init+0x0/0x3f @ 1
[    5.680787] initcall power_supply_class_init+0x0/0x3f returned 0 after 0 usecs
[    5.688606] calling  hwmon_init+0x0/0x104 @ 1
[    5.692633] initcall hwmon_init+0x0/0x104 returned 0 after 0 usecs
[    5.701606] calling  md_init+0x0/0x16b @ 1
[    5.707161] initcall md_init+0x0/0x16b returned 0 after 976 usecs
[    5.714628] calling  leds_init+0x0/0x3b @ 1
[    5.720638] initcall leds_init+0x0/0x3b returned 0 after 0 usecs
[    5.727606] calling  dmi_init+0x0/0x113 @ 1
[    5.732780] initcall dmi_init+0x0/0x113 returned 0 after 0 usecs
[    5.739603] calling  efisubsys_init+0x0/0x4e7 @ 1
[    5.745639] initcall efisubsys_init+0x0/0x4e7 returned 0 after 0 usecs
[    5.753605] calling  nvmem_init+0x0/0xc @ 1
[    5.758696] initcall nvmem_init+0x0/0xc returned 0 after 0 usecs
[    5.765606] calling  init_soundcore+0x0/0x33 @ 1
[    5.771659] initcall init_soundcore+0x0/0x33 returned 0 after 0 usecs
[    5.779605] calling  alsa_sound_init+0x0/0x8f @ 1
[    5.785948] Advanced Linux Sound Architecture Driver Initialized.
[    5.792607] initcall alsa_sound_init+0x0/0x8f returned 0 after 6835 usecs
[    5.801607] calling  alsa_seq_device_init+0x0/0x71 @ 1
[    5.807679] initcall alsa_seq_device_init+0x0/0x71 returned 0 after 0 usecs
[    5.816607] calling  hda_bus_init+0x0/0xc @ 1
[    5.821685] initcall hda_bus_init+0x0/0xc returned 0 after 0 usecs
[    5.829606] calling  proto_init+0x0/0xc @ 1
[    5.834746] initcall proto_init+0x0/0xc returned 0 after 0 usecs
[    5.841606] calling  net_dev_init+0x0/0x27f @ 1
[    5.848594] initcall net_dev_init+0x0/0x27f returned 0 after 976 usecs
[    5.856607] calling  neigh_init+0x0/0x84 @ 1
[    5.861626] initcall neigh_init+0x0/0x84 returned 0 after 0 usecs
[    5.869608] calling  fib_notifier_init+0x0/0xc @ 1
[    5.875606] initcall fib_notifier_init+0x0/0xc returned 0 after 0 usecs
[    5.884609] calling  fib_rules_init+0x0/0xab @ 1
[    5.890648] initcall fib_rules_init+0x0/0xab returned 0 after 0 usecs
[    5.898608] calling  pktsched_init+0x0/0x10e @ 1
[    5.903732] initcall pktsched_init+0x0/0x10e returned 0 after 976 usecs
[    5.912609] calling  tc_filter_init+0x0/0xfa @ 1
[    5.918749] initcall tc_filter_init+0x0/0xfa returned 0 after 0 usecs
[    5.929608] calling  tc_action_init+0x0/0x54 @ 1
[    5.935614] initcall tc_action_init+0x0/0x54 returned 0 after 0 usecs
[    5.943607] calling  ethnl_init+0x0/0x52 @ 1
[    5.948820] initcall ethnl_init+0x0/0x52 returned 0 after 0 usecs
[    5.955623] calling  nexthop_init+0x0/0xd8 @ 1
[    5.961772] initcall nexthop_init+0x0/0xd8 returned 0 after 0 usecs
[    5.969608] calling  cipso_v4_init+0x0/0x8d @ 1
[    5.974630] initcall cipso_v4_init+0x0/0x8d returned 0 after 0 usecs
[    5.983635] calling  ieee80211_init+0x0/0x24 @ 1
[    5.989669] initcall ieee80211_init+0x0/0x24 returned 0 after 976 usecs
[    5.997612] calling  netlbl_init+0x0/0x78 @ 1
[    6.002604] NetLabel: Initializing
[    6.006603] NetLabel:  domain hash size = 128
[    6.012602] NetLabel:  protocols = UNLABELED CIPSOv4 CALIPSO
[    6.019865] NetLabel:  unlabeled traffic allowed by default
[    6.026612] initcall netlbl_init+0x0/0x78 returned 0 after 23437 usecs
[    6.034608] calling  rfkill_init+0x0/0x136 @ 1
[    6.039879] initcall rfkill_init+0x0/0x136 returned 0 after 976 usecs
[    6.047608] calling  pci_subsys_init+0x0/0x66 @ 1
[    6.053654] PCI: Using ACPI for IRQ routing
[    6.797118] PCI: pci_cache_line_size set to 64 bytes
[    6.805329] e820: reserve RAM buffer [mem 0x0009fc00-0x0009ffff]
[    6.812737] e820: reserve RAM buffer [mem 0x1ffdf000-0x1fffffff]
[    6.819676] initcall pci_subsys_init+0x0/0x66 returned 0 after 748046 usecs
[    6.829869] calling  nmi_warning_debugfs+0x0/0x26 @ 1
[    6.836794] initcall nmi_warning_debugfs+0x0/0x26 returned 0 after 0 usecs
[    6.845642] calling  save_microcode_in_initrd+0x0/0x51 @ 1
[    6.852694] initcall save_microcode_in_initrd+0x0/0x51 returned 0 after 0 usecs
[    6.861624] calling  hpet_late_init+0x0/0x207 @ 1
[    6.867827] hpet: 3 channels of 0 reserved for per-cpu timers
[    6.874860] hpet0: at MMIO 0xfed00000, IRQs 2, 8, 0
[    6.879606] hpet0: 3 comparators, 64-bit 100.000000 MHz counter
[    6.892608] initcall hpet_late_init+0x0/0x207 returned 0 after 24414 usecs
[    6.900608] calling  init_amd_nbs+0x0/0x11c @ 1
[    6.905654] initcall init_amd_nbs+0x0/0x11c returned 0 after 976 usecs
[    6.913611] calling  clocksource_done_booting+0x0/0x43 @ 1
[    6.923102] clocksource: Switched to clocksource kvm-clock
[    6.930187] initcall clocksource_done_booting+0x0/0x43 returned 0 after 9360 usecs
[    6.939256] calling  tracer_init_tracefs+0x0/0x248 @ 1
[    7.203509] initcall tracer_init_tracefs+0x0/0x248 returned 0 after 251750 usecs
[    7.213116] calling  init_trace_printk_function_export+0x0/0x2c @ 1
[    7.221898] initcall init_trace_printk_function_export+0x0/0x2c returned 0 after 37 usecs
[    7.232399] calling  init_kprobe_trace+0x0/0x1ab @ 1
[    7.238729] initcall init_kprobe_trace+0x0/0x1ab returned 0 after 140 usecs
[    7.247075] calling  init_dynamic_event+0x0/0x3d @ 1
[    7.252856] initcall init_dynamic_event+0x0/0x3d returned 0 after 17 usecs
[    7.260603] calling  init_uprobe_trace+0x0/0x5c @ 1
[    7.266175] initcall init_uprobe_trace+0x0/0x5c returned 0 after 55 usecs
[    7.274455] calling  init_pipe_fs+0x0/0x44 @ 1
[    7.281868] initcall init_pipe_fs+0x0/0x44 returned 0 after 2004 usecs
[    7.289428] calling  inotify_user_setup+0x0/0x47 @ 1
[    7.295921] initcall inotify_user_setup+0x0/0x47 returned 0 after 656 usecs
[    7.303969] calling  eventpoll_init+0x0/0xeb @ 1
[    7.309713] initcall eventpoll_init+0x0/0xeb returned 0 after 198 usecs
[    7.317965] calling  anon_inode_init+0x0/0x58 @ 1
[    7.325244] initcall anon_inode_init+0x0/0x58 returned 0 after 367 usecs
[    7.334997] calling  proc_locks_init+0x0/0x27 @ 1
[    7.342214] initcall proc_locks_init+0x0/0x27 returned 0 after 309 usecs
[    7.350873] calling  iomap_init+0x0/0x1b @ 1
[    7.358987] initcall iomap_init+0x0/0x1b returned 0 after 3022 usecs
[    7.366375] calling  dquot_init+0x0/0x106 @ 1
[    7.371493] VFS: Disk quotas dquot_6.6.0
[    7.376287] VFS: Dquot-cache hash table entries: 512 (order 0, 4096 bytes)
[    7.384167] initcall dquot_init+0x0/0x106 returned 0 after 12385 usecs
[    7.391655] calling  quota_init+0x0/0x23 @ 1
[    7.397261] initcall quota_init+0x0/0x23 returned 0 after 499 usecs
[    7.404421] calling  proc_cmdline_init+0x0/0x21 @ 1
[    7.410132] initcall proc_cmdline_init+0x0/0x21 returned 0 after 21 usecs
[    7.418152] calling  proc_consoles_init+0x0/0x24 @ 1
[    7.424113] initcall proc_consoles_init+0x0/0x24 returned 0 after 10 usecs
[    7.434093] calling  proc_cpuinfo_init+0x0/0x1e @ 1
[    7.441262] initcall proc_cpuinfo_init+0x0/0x1e returned 0 after 11 usecs
[    7.451159] calling  proc_devices_init+0x0/0x24 @ 1
[    7.457699] initcall proc_devices_init+0x0/0x24 returned 0 after 8 usecs
[    7.465562] calling  proc_interrupts_init+0x0/0x24 @ 1
[    7.471727] initcall proc_interrupts_init+0x0/0x24 returned 0 after 8 usecs
[    7.480506] calling  proc_loadavg_init+0x0/0x21 @ 1
[    7.486182] initcall proc_loadavg_init+0x0/0x21 returned 0 after 6 usecs
[    7.494003] calling  proc_meminfo_init+0x0/0x21 @ 1
[    7.500670] initcall proc_meminfo_init+0x0/0x21 returned 0 after 5 usecs
[    7.510059] calling  proc_stat_init+0x0/0x1e @ 1
[    7.515464] initcall proc_stat_init+0x0/0x1e returned 0 after 6 usecs
[    7.522920] calling  proc_uptime_init+0x0/0x21 @ 1
[    7.528699] initcall proc_uptime_init+0x0/0x21 returned 0 after 6 usecs
[    7.536507] calling  proc_version_init+0x0/0x21 @ 1
[    7.542263] initcall proc_version_init+0x0/0x21 returned 0 after 5 usecs
[    7.550206] calling  proc_softirqs_init+0x0/0x21 @ 1
[    7.556103] initcall proc_softirqs_init+0x0/0x21 returned 0 after 4 usecs
[    7.563998] calling  proc_kcore_init+0x0/0xea @ 1
[    7.570076] initcall proc_kcore_init+0x0/0xea returned 0 after 541 usecs
[    7.577902] calling  vmcore_init+0x0/0x57b @ 1
[    7.583306] initcall vmcore_init+0x0/0x57b returned 0 after 15 usecs
[    7.591025] calling  proc_kmsg_init+0x0/0x21 @ 1
[    7.596502] initcall proc_kmsg_init+0x0/0x21 returned 0 after 7 usecs
[    7.603866] calling  proc_page_init+0x0/0x3b @ 1
[    7.609258] initcall proc_page_init+0x0/0x3b returned 0 after 7 usecs
[    7.616842] calling  init_ramfs_fs+0x0/0xc @ 1
[    7.622203] initcall init_ramfs_fs+0x0/0xc returned 0 after 20 usecs
[    7.629721] calling  init_hugetlbfs_fs+0x0/0xf6 @ 1
[    7.636054] initcall init_hugetlbfs_fs+0x0/0xf6 returned 0 after 679 usecs
[    7.643930] calling  blk_scsi_ioctl_init+0x0/0x2a5 @ 1
[    7.649890] initcall blk_scsi_ioctl_init+0x0/0x2a5 returned 0 after 27 usecs
[    7.657919] calling  acpi_event_init+0x0/0x2c @ 1
[    7.663502] initcall acpi_event_init+0x0/0x2c returned 0 after 97 usecs
[    7.671140] calling  pnp_system_init+0x0/0xc @ 1
[    7.677323] initcall pnp_system_init+0x0/0xc returned 0 after 806 usecs
[    7.684926] calling  pnpacpi_init+0x0/0x69 @ 1
[    7.690093] pnp: PnP ACPI init
[    7.696606] pnp 00:00: Plug and Play ACPI device, IDs PNP0303 (active)
[    7.704363] pnp 00:01: Plug and Play ACPI device, IDs PNP0f13 (active)
[    7.712069] pnp 00:02: Plug and Play ACPI device, IDs PNP0400 (active)
[    7.719750] pnp 00:03: Plug and Play ACPI device, IDs PNP0501 (active)
[    7.727294] pnp 00:04: Plug and Play ACPI device, IDs PNP0b00 (active)
[    7.735356] system 00:05: [mem 0xb0000000-0xbfffffff window] has been reserved
[    7.743862] system 00:05: Plug and Play ACPI device, IDs PNP0c01 (active)
[    7.753862] pnp: PnP ACPI: found 6 devices
[    7.758680] initcall pnpacpi_init+0x0/0x69 returned 0 after 66984 usecs
[    7.766354] calling  chr_dev_init+0x0/0x14d @ 1
[    7.869356] initcall chr_dev_init+0x0/0x14d returned 0 after 95291 usecs
[    7.877377] calling  firmware_class_init+0x0/0x14a @ 1
[    7.883558] initcall firmware_class_init+0x0/0x14a returned 0 after 89 usecs
[    7.892600] calling  init_pcmcia_bus+0x0/0x5b @ 1
[    7.898592] initcall init_pcmcia_bus+0x0/0x5b returned 0 after 327 usecs
[    7.907015] calling  init_acpi_pm_clocksource+0x0/0xda @ 1
[    7.919838] clocksource: acpi_pm: mask: 0xffffff max_cycles: 0xffffff, max_idle_ns: 2085701024 ns
[    7.930508] initcall init_acpi_pm_clocksource+0x0/0xda returned 0 after 15931 usecs
[    7.939499] calling  sysctl_core_init+0x0/0x26 @ 1
[    7.945533] initcall sysctl_core_init+0x0/0x26 returned 0 after 315 usecs
[    7.953581] calling  eth_offload_init+0x0/0x13 @ 1
[    7.959613] initcall eth_offload_init+0x0/0x13 returned 0 after 213 usecs
[    7.968043] calling  ipv4_offload_init+0x0/0x73 @ 1
[    7.974043] initcall ipv4_offload_init+0x0/0x73 returned 0 after 90 usecs
[    7.982077] calling  inet_init+0x0/0x276 @ 1
[    7.987424] NET: Registered protocol family 2
[    7.994356] IP idents hash table entries: 8192 (order: 4, 65536 bytes, linear)
[    8.011382] tcp_listen_portaddr_hash hash table entries: 256 (order: 2, 20480 bytes, linear)
[    8.022780] TCP established hash table entries: 4096 (order: 3, 32768 bytes, linear)
[    8.032218] TCP bind hash table entries: 4096 (order: 6, 294912 bytes, linear)
[    8.044409] TCP: Hash tables configured (established 4096 bind 4096)
[    8.053003] UDP hash table entries: 256 (order: 3, 40960 bytes, linear)
[    8.061255] UDP-Lite hash table entries: 256 (order: 3, 40960 bytes, linear)
[    8.070604] initcall inet_init+0x0/0x276 returned 0 after 81406 usecs
[    8.078606] calling  af_unix_init+0x0/0x4d @ 1
[    8.085333] NET: Registered protocol family 1
[    8.091562] initcall af_unix_init+0x0/0x4d returned 0 after 6125 usecs
[    8.109678] calling  ipv6_offload_init+0x0/0x7e @ 1
[    8.116968] initcall ipv6_offload_init+0x0/0x7e returned 0 after 549 usecs
[    8.131436] calling  init_sunrpc+0x0/0x65 @ 1
[    8.157979] RPC: Registered named UNIX socket transport module.
[    8.166853] RPC: Registered udp transport module.
[    8.173982] RPC: Registered tcp transport module.
[    8.179773] RPC: Registered tcp NFSv4.1 backchannel transport module.
[    8.188562] initcall init_sunrpc+0x0/0x65 returned 0 after 50121 usecs
[    8.197455] calling  cfg80211_init+0x0/0xc5 @ 1
[    8.210856] initcall cfg80211_init+0x0/0xc5 returned 0 after 6640 usecs
[    8.220064] calling  pcibios_assign_resources+0x0/0xbf @ 1
[    8.228663] pci_bus 0000:00: resource 4 [io  0x0000-0x0cf7 window]
[    8.237281] pci_bus 0000:00: resource 5 [io  0x0d00-0xffff window]
[    8.246449] pci_bus 0000:00: resource 6 [mem 0x000a0000-0x000bffff window]
[    8.256465] pci_bus 0000:00: resource 7 [mem 0x20000000-0xafffffff window]
[    8.265210] pci_bus 0000:00: resource 8 [mem 0xc0000000-0xfebfffff window]
[    8.274342] pci_bus 0000:00: resource 9 [mem 0x100000000-0x8ffffffff window]
[    8.284211] initcall pcibios_assign_resources+0x0/0xbf returned 0 after 54911 usecs
[    8.295365] calling  pci_apply_final_quirks+0x0/0x124 @ 1
[    8.304297] pci 0000:00:01.0: calling  pci_fixup_video+0x0/0xe0 @ 1
[    8.313083] pci 0000:00:01.0: Video device with shadowed ROM at [mem 0x000c0000-0x000dffff]
[    8.324182] pci 0000:00:01.0: pci_fixup_video+0x0/0xe0 took 11166 usecs
[    8.333531] PCI: CLS 0 bytes, default 64
[    8.338905] initcall pci_apply_final_quirks+0x0/0x124 returned 0 after 34808 usecs
[    8.348758] calling  acpi_reserve_resources+0x0/0xea @ 1
[    8.355749] initcall acpi_reserve_resources+0x0/0xea returned 0 after 39 usecs
[    8.365475] calling  populate_rootfs+0x0/0x102 @ 1
[    8.380281] initcall populate_rootfs+0x0/0x102 returned 0 after 7692 usecs
[    8.391235] calling  pci_iommu_init+0x0/0x3e @ 1
[    8.398456] initcall pci_iommu_init+0x0/0x3e returned 0 after 148 usecs
[    8.411291] calling  ia32_binfmt_init+0x0/0x13 @ 1
[    8.418798] initcall ia32_binfmt_init+0x0/0x13 returned 0 after 63 usecs
[    8.429185] calling  rapl_pmu_init+0x0/0x267 @ 1
[    8.436664] initcall rapl_pmu_init+0x0/0x267 returned -19 after 105 usecs
[    8.446182] calling  amd_uncore_init+0x0/0x310 @ 1
[    8.452825] initcall amd_uncore_init+0x0/0x310 returned -19 after 0 usecs
[    8.461991] calling  amd_ibs_init+0x0/0x25f @ 1
[    8.469092] initcall amd_ibs_init+0x0/0x25f returned -19 after 1 usecs
[    8.479403] calling  amd_iommu_pc_init+0x0/0x22c @ 1
[    8.487866] initcall amd_iommu_pc_init+0x0/0x22c returned -19 after 69 usecs
[    8.498742] calling  msr_init+0x0/0x55 @ 1
[    8.504389] initcall msr_init+0x0/0x55 returned 0 after 181 usecs
[    8.512064] calling  intel_uncore_init+0x0/0x36f @ 1
[    8.518307] initcall intel_uncore_init+0x0/0x36f returned -19 after 31 usecs
[    8.527304] calling  cstate_pmu_init+0x0/0x1a1 @ 1
[    8.533460] initcall cstate_pmu_init+0x0/0x1a1 returned -19 after 0 usecs
[    8.542352] calling  register_kernel_offset_dumper+0x0/0x1a @ 1
[    8.550098] initcall register_kernel_offset_dumper+0x0/0x1a returned 0 after 40 usecs
[    8.560037] calling  i8259A_init_ops+0x0/0x20 @ 1
[    8.566246] initcall i8259A_init_ops+0x0/0x20 returned 0 after 17 usecs
[    8.575122] calling  init_tsc_clocksource+0x0/0xa4 @ 1
[    8.581924] clocksource: tsc: mask: 0xffffffffffffffff max_cycles: 0x39a85afc727, max_idle_ns: 881590685098 ns
[    8.594405] initcall init_tsc_clocksource+0x0/0xa4 returned 0 after 12238 usecs
[    8.603543] calling  add_rtc_cmos+0x0/0xb0 @ 1
[    8.609308] initcall add_rtc_cmos+0x0/0xb0 returned 0 after 180 usecs
[    8.617359] calling  i8237A_init_ops+0x0/0x3a @ 1
[    8.624955] initcall i8237A_init_ops+0x0/0x3a returned 0 after 393 usecs
[    8.633183] calling  umwait_init+0x0/0x94 @ 1
[    8.638677] initcall umwait_init+0x0/0x94 returned -19 after 15 usecs
[    8.646713] calling  thermal_throttle_init_device+0x0/0x3d @ 1
[    8.653871] initcall thermal_throttle_init_device+0x0/0x3d returned 0 after 77 usecs
[    8.663691] calling  msr_init+0x0/0xd7 @ 1
[    8.687489] initcall msr_init+0x0/0xd7 returned 0 after 17960 usecs
[    8.697396] calling  cpuid_init+0x0/0xd7 @ 1
[    8.721322] initcall cpuid_init+0x0/0xd7 returned 0 after 16837 usecs
[    8.729973] calling  ioapic_init_ops+0x0/0x13 @ 1
[    8.736497] initcall ioapic_init_ops+0x0/0x13 returned 0 after 25 usecs
[    8.745012] calling  add_pcspkr+0x0/0x6c @ 1
[    8.750770] initcall add_pcspkr+0x0/0x6c returned 0 after 117 usecs
[    8.759197] calling  start_periodic_check_for_corruption+0x0/0x30 @ 1
[    8.767742] check: Scanning for low memory corruption every 60 seconds
[    8.776265] initcall start_periodic_check_for_corruption+0x0/0x30 returned 0 after 8450 usecs
[    8.787677] calling  sysfb_init+0x0/0x9c @ 1
[    8.793638] initcall sysfb_init+0x0/0x9c returned 0 after 133 usecs
[    8.805406] calling  audit_classes_init+0x0/0xae @ 1
[    8.812304] initcall audit_classes_init+0x0/0xae returned 0 after 46 usecs
[    8.821750] calling  iosf_mbi_init+0x0/0x24 @ 1
[    8.828491] initcall iosf_mbi_init+0x0/0x24 returned 0 after 532 usecs
[    8.837169] calling  proc_execdomains_init+0x0/0x21 @ 1
[    8.844370] initcall proc_execdomains_init+0x0/0x21 returned 0 after 163 usecs
[    8.853955] calling  register_warn_debugfs+0x0/0x23 @ 1
[    8.861220] initcall register_warn_debugfs+0x0/0x23 returned 0 after 164 usecs
[    8.870917] calling  cpuhp_sysfs_init+0x0/0x79 @ 1
[    8.878354] initcall cpuhp_sysfs_init+0x0/0x79 returned 0 after 557 usecs
[    8.887489] calling  ioresources_init+0x0/0x49 @ 1
[    8.893967] initcall ioresources_init+0x0/0x49 returned 0 after 11 usecs
[    8.902867] calling  lockdep_proc_init+0x0/0x64 @ 1
[    8.909601] initcall lockdep_proc_init+0x0/0x64 returned 0 after 50 usecs
[    8.919074] calling  snapshot_device_init+0x0/0xc @ 1
[    8.928059] initcall snapshot_device_init+0x0/0xc returned 0 after 2216 usecs
[    8.937608] calling  irq_pm_init_ops+0x0/0x13 @ 1
[    8.944208] initcall irq_pm_init_ops+0x0/0x13 returned 0 after 37 usecs
[    8.953438] calling  rcu_torture_init+0x0/0x9be @ 1
[    8.959528] rcu-torture:--- Start of test: nreaders=7 nfakewriters=4 stat_interval=15 verbose=1 test_no_idle_hz=1 shuffle_interval=3 stutter=5 irqreader=1 fqs_duration=0 fqs_holdoff=0 fqs_stutter=3 test_boost=1/0 test_boost_interval=7 test_boost_duration=4 shutdown_secs=1800 stall_cpu=0 stall_cpu_holdoff=10 stall_cpu_irqsoff=0 stall_cpu_block=0 n_barrier_cbs=4 onoff_interval=1000 onoff_holdoff=30 read_exit_delay=13 read_exit_burst=16
[    9.005225] rcu:  Start-test grace-period state: g-1064 f0x0
[    9.012298] rcu-torture: Creating rcu_torture_writer task
[    9.021986] rcu-torture: Creating rcu_torture_fakewriter task
[    9.022389] rcu-torture: rcu_torture_writer task started
[    9.032293] rcu-torture: Creating rcu_torture_fakewriter task
[    9.032715] rcu-torture: rcu_torture_fakewriter task started
[    9.037147] rcu-torture: GP expediting controlled from boot/sysfs for rcu.
[    9.037150] rcu_torture_writer: Testing conditional GPs.
[    9.037152] rcu_torture_writer: Testing expedited GPs.
[    9.047328] rcu-torture: Creating rcu_torture_fakewriter task
[    9.047709] rcu-torture: rcu_torture_fakewriter task started
[    9.052496] rcu_torture_writer: Testing asynchronous GPs.
[    9.064061] rcu-torture: Creating rcu_torture_fakewriter task
[    9.064378] rcu-torture: rcu_torture_fakewriter task started
[    9.068667] rcu_torture_writer: Testing normal GPs.
[    9.118426] rcu-torture: Creating rcu_torture_reader task
[    9.118793] rcu-torture: rcu_torture_fakewriter task started
[    9.127272] rcu-torture: Creating rcu_torture_reader task
[    9.127800] rcu-torture: rcu_torture_reader task started
[    9.153239] rcu-torture: Creating rcu_torture_reader task
[    9.153956] rcu-torture: rcu_torture_reader task started
[    9.164644] rcu-torture: Creating rcu_torture_reader task
[    9.165061] rcu-torture: rcu_torture_reader task started
[    9.185494] rcu-torture: Creating rcu_torture_reader task
[    9.185516] rcu-torture: rcu_torture_reader task started
[    9.194207] rcu-torture: Creating rcu_torture_reader task
[    9.194449] rcu-torture: rcu_torture_reader task started
[    9.218109] rcu-torture: Creating rcu_torture_reader task
[    9.218131] rcu-torture: rcu_torture_reader task started
[    9.227251] rcu-torture: Creating rcu_torture_stats task
[    9.227269] rcu-torture: rcu_torture_reader task started
[    9.251153] rcu-torture: Creating torture_shuffle task
[    9.251169] rcu-torture: rcu_torture_stats task started
[    9.260762] rcu-torture: Creating torture_stutter task
[    9.260841] rcu-torture: torture_shuffle task started
[    9.282517] rcu-torture: Creating torture_shutdown task
[    9.282529] rcu-torture: torture_stutter task started
[    9.297669] rcu-torture: Creating torture_onoff task
[    9.298056] rcu-torture: torture_shutdown task started
[    9.307169] rcu-torture: torture_onoff task started
[    9.307239] rcu-torture: Creating rcu_torture_fwd_prog task
[    9.308529] rcu-torture: Creating rcu_torture_barrier_cbs task
[    9.308538] rcu-torture: rcu_torture_fwd_progress task started
[    9.309496] rcu-torture: Creating rcu_torture_barrier_cbs task
[    9.309522] rcu-torture: rcu_torture_barrier_cbs task started
[    9.310053] rcu-torture: Creating rcu_torture_barrier_cbs task
[    9.310086] rcu-torture: rcu_torture_barrier_cbs task started
[    9.310862] rcu-torture: Creating rcu_torture_barrier_cbs task
[    9.310870] rcu-torture: rcu_torture_barrier_cbs task started
[    9.311932] rcu-torture: Creating rcu_torture_barrier task
[    9.312173] rcu-torture: rcu_torture_barrier_cbs task started
[    9.312909] rcu-torture: Creating rcu_torture_read_exit task
[    9.312938] rcu-torture: rcu_torture_barrier task starting
[    9.313757] rcu-torture:torture_shutdown task: 1799968 ms remaining
[    9.314124] initcall rcu_torture_init+0x0/0x9be returned 0 after 346442 usecs
[    9.314130] calling  timekeeping_init_ops+0x0/0x13 @ 1
[    9.314186] initcall timekeeping_init_ops+0x0/0x13 returned 0 after 51 usecs
[    9.314337] rcu-torture: rcu_torture_read_exit: Start of test
[    9.321548] rcu-torture: torture_onoff begin holdoff
[    9.329149] calling  init_clocksource_sysfs+0x0/0x23 @ 1
[    9.477040] initcall init_clocksource_sysfs+0x0/0x23 returned 0 after 549 usecs
[    9.487730] calling  init_timer_list_procfs+0x0/0x31 @ 1
[    9.494545] initcall init_timer_list_procfs+0x0/0x31 returned 0 after 42 usecs
[    9.503623] calling  alarmtimer_init+0x0/0xf5 @ 1
[    9.510032] initcall alarmtimer_init+0x0/0xf5 returned 0 after 344 usecs
[    9.518879] calling  init_posix_timers+0x0/0x29 @ 1
[    9.526318] initcall init_posix_timers+0x0/0x29 returned 0 after 792 usecs
[    9.535524] calling  clockevents_init_sysfs+0x0/0xbf @ 1
[    9.544403] initcall clockevents_init_sysfs+0x0/0xbf returned 0 after 610 usecs
[    9.554011] calling  proc_dma_init+0x0/0x21 @ 1
[    9.559934] initcall proc_dma_init+0x0/0x21 returned 0 after 44 usecs
[    9.568200] calling  proc_modules_init+0x0/0x1e @ 1
[    9.574664] initcall proc_modules_init+0x0/0x1e returned 0 after 8 usecs
[    9.584090] calling  kallsyms_init+0x0/0x21 @ 1
[    9.590418] initcall kallsyms_init+0x0/0x21 returned 0 after 8 usecs
[    9.598896] calling  pid_namespaces_init+0x0/0x2c @ 1
[    9.605672] initcall pid_namespaces_init+0x0/0x2c returned 0 after 22 usecs
[    9.615086] calling  audit_watch_init+0x0/0x37 @ 1
[    9.621763] initcall audit_watch_init+0x0/0x37 returned 0 after 26 usecs
[    9.630756] calling  audit_fsnotify_init+0x0/0x37 @ 1
[    9.637553] initcall audit_fsnotify_init+0x0/0x37 returned 0 after 4 usecs
[    9.646762] calling  audit_tree_init+0x0/0x6d @ 1
[    9.653163] initcall audit_tree_init+0x0/0x6d returned 0 after 16 usecs
[    9.662102] calling  seccomp_sysctl_init+0x0/0x2b @ 1
[    9.669126] initcall seccomp_sysctl_init+0x0/0x2b returned 0 after 72 usecs
[    9.678430] calling  utsname_sysctl_init+0x0/0x13 @ 1
[    9.685054] initcall utsname_sysctl_init+0x0/0x13 returned 0 after 78 usecs
[    9.694026] calling  init_tracepoints+0x0/0x27 @ 1
[    9.700617] initcall init_tracepoints+0x0/0x27 returned 0 after 181 usecs
[    9.709837] calling  init_blk_tracer+0x0/0x50 @ 1
[    9.717257] initcall init_blk_tracer+0x0/0x50 returned 0 after 860 usecs
[    9.726239] calling  perf_event_sysfs_init+0x0/0x83 @ 1
[    9.734069] initcall perf_event_sysfs_init+0x0/0x83 returned 0 after 824 usecs
[    9.744000] calling  system_trusted_keyring_init+0x0/0x60 @ 1
[    9.751551] Initialise system trusted keyrings
[    9.758290] initcall system_trusted_keyring_init+0x0/0x60 returned 0 after 6575 usecs
[    9.769965] calling  kswapd_init+0x0/0x5c @ 1
[    9.777088] initcall kswapd_init+0x0/0x5c returned 0 after 1192 usecs
[    9.785965] calling  extfrag_debug_init+0x0/0x54 @ 1
[    9.793162] initcall extfrag_debug_init+0x0/0x54 returned 0 after 111 usecs
[    9.802760] calling  mm_compute_batch_init+0x0/0x12 @ 1
[    9.810150] initcall mm_compute_batch_init+0x0/0x12 returned 0 after 21 usecs
[    9.819999] calling  slab_proc_init+0x0/0x21 @ 1
[    9.826416] initcall slab_proc_init+0x0/0x21 returned 0 after 40 usecs
[    9.835545] calling  workingset_init+0x0/0x8c @ 1
[    9.842273] workingset: timestamp_bits=56 max_order=17 bucket_order=0
[    9.851526] initcall workingset_init+0x0/0x8c returned 0 after 9031 usecs
[    9.861440] calling  proc_vmalloc_init+0x0/0x32 @ 1
[    9.868938] initcall proc_vmalloc_init+0x0/0x32 returned 0 after 74 usecs
[    9.879558] calling  procswaps_init+0x0/0x1e @ 1
[    9.887152] initcall procswaps_init+0x0/0x1e returned 0 after 52 usecs
[    9.897674] calling  slab_sysfs_init+0x0/0xec @ 1
[    9.916024] initcall slab_sysfs_init+0x0/0xec returned 0 after 10305 usecs
[    9.925556] calling  fcntl_init+0x0/0x29 @ 1
[    9.932102] initcall fcntl_init+0x0/0x29 returned 0 after 161 usecs
[    9.940731] calling  proc_filesystems_init+0x0/0x21 @ 1
[    9.947997] initcall proc_filesystems_init+0x0/0x21 returned 0 after 10 usecs
[    9.957933] calling  start_dirtytime_writeback+0x0/0x29 @ 1
[    9.965275] initcall start_dirtytime_writeback+0x0/0x29 returned 0 after 3 usecs
[    9.974885] calling  blkdev_init+0x0/0x1b @ 1
[    9.981170] initcall blkdev_init+0x0/0x1b returned 0 after 483 usecs
[    9.989433] calling  dio_init+0x0/0x2c @ 1
[    9.995011] initcall dio_init+0x0/0x2c returned 0 after 192 usecs
[   10.002949] calling  dnotify_init+0x0/0x78 @ 1
[   10.008921] initcall dnotify_init+0x0/0x78 returned 0 after 118 usecs
[   10.017336] calling  aio_setup+0x0/0x78 @ 1
[   10.024352] initcall aio_setup+0x0/0x78 returned 0 after 1035 usecs
[   10.033110] calling  io_uring_init+0x0/0x2c @ 1
[   10.039353] initcall io_uring_init+0x0/0x2c returned 0 after 15 usecs
[   10.049037] calling  mbcache_init+0x0/0x30 @ 1
[   10.056592] initcall mbcache_init+0x0/0x30 returned 0 after 184 usecs
[   10.067098] calling  init_grace+0x0/0xc @ 1
[   10.073867] initcall init_grace+0x0/0xc returned 0 after 11 usecs
[   10.081736] calling  init_v2_quota_format+0x0/0x21 @ 1
[   10.088932] initcall init_v2_quota_format+0x0/0x21 returned 0 after 188 usecs
[   10.098290] calling  init_devpts_fs+0x0/0x27 @ 1
[   10.104613] initcall init_devpts_fs+0x0/0x27 returned 0 after 36 usecs
[   10.112862] calling  ext4_init_fs+0x0/0x1c2 @ 1
[   10.121076] initcall ext4_init_fs+0x0/0x1c2 returned 0 after 1893 usecs
[   10.129769] calling  journal_init+0x0/0x11c @ 1
[   10.136480] initcall journal_init+0x0/0x11c returned 0 after 385 usecs
[   10.147824] calling  init_fat_fs+0x0/0x49 @ 1
[   10.154389] initcall init_fat_fs+0x0/0x49 returned 0 after 467 usecs
[   10.162564] calling  init_vfat_fs+0x0/0xc @ 1
[   10.168766] initcall init_vfat_fs+0x0/0xc returned 0 after 6 usecs
[   10.177271] calling  init_msdos_fs+0x0/0xc @ 1
[   10.184090] initcall init_msdos_fs+0x0/0xc returned 0 after 6 usecs
[   10.192983] calling  init_iso9660_fs+0x0/0x6c @ 1
[   10.199965] initcall init_iso9660_fs+0x0/0x6c returned 0 after 238 usecs
[   10.209957] calling  init_nfs_fs+0x0/0x13a @ 1
[   10.223688] initcall init_nfs_fs+0x0/0x13a returned 0 after 7151 usecs
[   10.233242] calling  init_nfs_v2+0x0/0x13 @ 1
[   10.239898] initcall init_nfs_v2+0x0/0x13 returned 0 after 179 usecs
[   10.249344] calling  init_nfs_v3+0x0/0x13 @ 1
[   10.255887] initcall init_nfs_v3+0x0/0x13 returned 0 after 3 usecs
[   10.264655] calling  init_nfs_v4+0x0/0x32 @ 1
[   10.271214] NFS: Registering the id_resolver key type
[   10.278197] Key type id_resolver registered
[   10.283898] Key type id_legacy registered
[   10.289464] initcall init_nfs_v4+0x0/0x32 returned 0 after 17891 usecs
[   10.298722] calling  init_nlm+0x0/0x5b @ 1
[   10.304854] initcall init_nlm+0x0/0x5b returned 0 after 215 usecs
[   10.313061] calling  init_nls_cp437+0x0/0xe @ 1
[   10.320111] initcall init_nls_cp437+0x0/0xe returned 0 after 640 usecs
[   10.329214] calling  init_nls_ascii+0x0/0xe @ 1
[   10.335346] initcall init_nls_ascii+0x0/0xe returned 0 after 1 usecs
[   10.344186] calling  init_nls_iso8859_1+0x0/0xe @ 1
[   10.351471] initcall init_nls_iso8859_1+0x0/0xe returned 0 after 1 usecs
[   10.360578] calling  init_nls_utf8+0x0/0x21 @ 1
[   10.366655] initcall init_nls_utf8+0x0/0x21 returned 0 after 2 usecs
[   10.375394] calling  init_autofs_fs+0x0/0x25 @ 1
[   10.387820] initcall init_autofs_fs+0x0/0x25 returned 0 after 6098 usecs
[   10.397814] calling  ipc_init+0x0/0x24 @ 1
[   10.404322] initcall ipc_init+0x0/0x24 returned 0 after 309 usecs
[   10.412816] calling  ipc_sysctl_init+0x0/0x13 @ 1
[   10.420198] initcall ipc_sysctl_init+0x0/0x13 returned 0 after 58 usecs
[   10.429887] calling  init_mqueue_fs+0x0/0xb1 @ 1
[   10.439983] initcall init_mqueue_fs+0x0/0xb1 returned 0 after 2783 usecs
[   10.449778] calling  key_proc_init+0x0/0x63 @ 1
[   10.457846] initcall key_proc_init+0x0/0x63 returned 0 after 14 usecs
[   10.468518] calling  selinux_nf_ip_init+0x0/0x2e @ 1
[   10.476377] initcall selinux_nf_ip_init+0x0/0x2e returned 0 after 143 usecs
[   10.488491] calling  init_sel_fs+0x0/0x116 @ 1
[   10.496162] initcall init_sel_fs+0x0/0x116 returned 0 after 1 usecs
[   10.505684] calling  selnl_init+0x0/0x7c @ 1
[   10.514996] initcall selnl_init+0x0/0x7c returned 0 after 2049 usecs
[   10.526842] calling  sel_netif_init+0x0/0x36 @ 1
[   10.535417] initcall sel_netif_init+0x0/0x36 returned 0 after 1 usecs
[   10.547990] calling  sel_netnode_init+0x0/0x33 @ 1
[   10.557304] initcall sel_netnode_init+0x0/0x33 returned 0 after 1 usecs
[   10.569295] calling  sel_netport_init+0x0/0x33 @ 1
[   10.578136] initcall sel_netport_init+0x0/0x33 returned 0 after 1 usecs
[   10.590201] calling  aurule_init+0x0/0x2a @ 1
[   10.617783] initcall aurule_init+0x0/0x2a returned 0 after 2236 usecs
[   10.650537] calling  crypto_algapi_init+0x0/0xc @ 1
[   10.664500] initcall crypto_algapi_init+0x0/0xc returned 0 after 5090 usecs
[   10.675742] calling  jent_mod_init+0x0/0x2d @ 1
[   10.716891] initcall jent_mod_init+0x0/0x2d returned 0 after 33412 usecs
[   10.729403] calling  asymmetric_key_init+0x0/0xc @ 1
[   10.739302] Key type asymmetric registered
[   10.747103] initcall asymmetric_key_init+0x0/0xc returned 0 after 8320 usecs
[   10.759756] calling  x509_key_init+0x0/0xc @ 1
[   10.772084] Asymmetric key parser 'x509' registered
[   10.782619] initcall x509_key_init+0x0/0xc returned 0 after 15450 usecs
[   10.794603] calling  proc_genhd_init+0x0/0x41 @ 1
[   10.803313] initcall proc_genhd_init+0x0/0x41 returned 0 after 59 usecs
[   10.815574] calling  bsg_init+0x0/0x113 @ 1
[   10.827631] Block layer SCSI generic (bsg) driver version 0.4 loaded (major 251)
[   10.840608] initcall bsg_init+0x0/0x113 returned 0 after 17554 usecs
[   10.851787] calling  deadline_init+0x0/0xc @ 1
[   10.860162] io scheduler mq-deadline registered
[   10.868306] initcall deadline_init+0x0/0xc returned 0 after 8279 usecs
[   10.881770] calling  kyber_init+0x0/0xc @ 1
[   10.889414] io scheduler kyber registered
[   10.896409] initcall kyber_init+0x0/0xc returned 0 after 6830 usecs
[   10.905761] calling  mod_init+0x0/0x7 @ 1
[   10.911781] initcall mod_init+0x0/0x7 returned 0 after 0 usecs
[   10.920542] calling  percpu_counter_startup+0x0/0x55 @ 1
[   10.936170] initcall percpu_counter_startup+0x0/0x55 returned 0 after 7748 usecs
[   10.947575] calling  sg_pool_init+0x0/0xb4 @ 1
[   10.970592] initcall sg_pool_init+0x0/0xb4 returned 0 after 15962 usecs
[   10.981493] calling  pcie_portdrv_init+0x0/0x39 @ 1
[   10.991670] initcall pcie_portdrv_init+0x0/0x39 returned 0 after 2244 usecs
[   11.002910] calling  pci_proc_init+0x0/0x68 @ 1
[   11.010571] initcall pci_proc_init+0x0/0x68 returned 0 after 584 usecs
[   11.021025] calling  pci_hotplug_init+0x0/0x7 @ 1
[   11.028622] initcall pci_hotplug_init+0x0/0x7 returned 0 after 0 usecs
[   11.039381] calling  efifb_driver_init+0x0/0xe @ 1
[   11.048513] initcall efifb_driver_init+0x0/0xe returned 0 after 1189 usecs
[   11.062691] calling  ged_driver_init+0x0/0xe @ 1
[   11.069955] initcall ged_driver_init+0x0/0xe returned 0 after 403 usecs
[   11.082254] calling  acpi_ac_init+0x0/0x92 @ 1
[   11.093971] initcall acpi_ac_init+0x0/0x92 returned 0 after 3406 usecs
[   11.104586] calling  acpi_button_driver_init+0x0/0x52 @ 1
[   11.115433] input: Power Button as /devices/LNXSYSTM:00/LNXPWRBN:00/input/input0
[   11.132182] ACPI: Power Button [PWRF]
[   11.138792] initcall acpi_button_driver_init+0x0/0x52 returned 0 after 25388 usecs
[   11.150144] calling  acpi_fan_driver_init+0x0/0xe @ 1
[   11.158526] initcall acpi_fan_driver_init+0x0/0xe returned 0 after 39 usecs
[   11.170645] calling  acpi_video_init+0x0/0xcb @ 1
[   11.179309] initcall acpi_video_init+0x0/0xcb returned 0 after 492 usecs
[   11.191025] calling  acpi_processor_driver_init+0x0/0xad @ 1
[   11.206346] initcall acpi_processor_driver_init+0x0/0xad returned 0 after 5323 usecs
[   11.218912] calling  acpi_thermal_init+0x0/0x71 @ 1
[   11.229003] initcall acpi_thermal_init+0x0/0x71 returned 0 after 2737 usecs
[   11.240513] calling  acpi_battery_init+0x0/0x32 @ 1
[   11.249420] initcall acpi_battery_init+0x0/0x32 returned 0 after 403 usecs
[   11.260854] calling  bgrt_init+0x0/0xb6 @ 1
[   11.267908] initcall bgrt_init+0x0/0xb6 returned -19 after 1 usecs
[   11.278103] calling  gpio_clk_driver_init+0x0/0xe @ 1
[   11.287213] initcall gpio_clk_driver_init+0x0/0xe returned 0 after 673 usecs
[   11.298625] calling  plt_clk_driver_init+0x0/0xe @ 1
[   11.307130] initcall plt_clk_driver_init+0x0/0xe returned 0 after 43 usecs
[   11.318357] calling  virtio_pci_driver_init+0x0/0x15 @ 1
[   11.327885] initcall virtio_pci_driver_init+0x0/0x15 returned 0 after 300 usecs
[   11.340849] calling  n_null_init+0x0/0x1e @ 1
[   11.349059] initcall n_null_init+0x0/0x1e returned 0 after 62 usecs
[   11.359703] calling  pty_init+0x0/0x1e8 @ 1
[   11.375601] initcall pty_init+0x0/0x1e8 returned 0 after 8279 usecs
[   11.386476] calling  sysrq_init+0x0/0x62 @ 1
[   11.393992] initcall sysrq_init+0x0/0x62 returned 0 after 12 usecs
[   11.405302] calling  serial8250_init+0x0/0x17e @ 1
[   11.413609] Serial: 8250/16550 driver, 4 ports, IRQ sharing enabled
[   11.434174] 00:03: ttyS0 at I/O 0x3f8 (irq = 4, base_baud = 115200) is a 16550A
[   11.459507] initcall serial8250_init+0x0/0x17e returned 0 after 44973 usecs
[   11.471196] calling  serial_pci_driver_init+0x0/0x15 @ 1
[   11.482236] initcall serial_pci_driver_init+0x0/0x15 returned 0 after 211 usecs
[   11.494046] calling  exar_pci_driver_init+0x0/0x15 @ 1
[   11.501988] initcall exar_pci_driver_init+0x0/0x15 returned 0 after 202 usecs
[   11.512867] calling  lpss8250_pci_driver_init+0x0/0x15 @ 1
[   11.521401] initcall lpss8250_pci_driver_init+0x0/0x15 returned 0 after 156 usecs
[   11.533362] calling  mid8250_pci_driver_init+0x0/0x15 @ 1
[   11.542294] initcall mid8250_pci_driver_init+0x0/0x15 returned 0 after 78 usecs
[   11.553486] calling  virtio_console_init+0x0/0xff @ 1
[   11.564320] initcall virtio_console_init+0x0/0xff returned 0 after 1782 usecs
[   11.577290] calling  hpet_init+0x0/0x64 @ 1
[   11.597273] initcall hpet_init+0x0/0x64 returned 0 after 11732 usecs
[   11.607501] calling  nvram_module_init+0x0/0x83 @ 1
[   11.618133] Non-volatile memory driver v1.3
[   11.626013] initcall nvram_module_init+0x0/0x83 returned 0 after 10395 usecs
[   11.638625] calling  hwrng_modinit+0x0/0x8a @ 1
[   11.648271] initcall hwrng_modinit+0x0/0x8a returned 0 after 1888 usecs
[   11.659260] calling  mod_init+0x0/0x48 @ 1
[   11.666034] initcall mod_init+0x0/0x48 returned -19 after 0 usecs
[   11.676374] calling  agp_init+0x0/0x23 @ 1
[   11.683282] Linux agpgart interface v0.103
[   11.690338] initcall agp_init+0x0/0x23 returned 0 after 6887 usecs
[   11.700751] calling  agp_amd64_mod_init+0x0/0x5 @ 1
[   11.710064] initcall agp_amd64_mod_init+0x0/0x5 returned -19 after 934 usecs
[   11.722482] calling  agp_intel_init+0x0/0x28 @ 1
[   11.733184] initcall agp_intel_init+0x0/0x28 returned 0 after 1695 usecs
[   11.743464] calling  drm_kms_helper_init+0x0/0x7 @ 1
[   11.750848] initcall drm_kms_helper_init+0x0/0x7 returned 0 after 43 usecs
[   11.761261] calling  drm_core_init+0x0/0xbd @ 1
[   11.769345] initcall drm_core_init+0x0/0xbd returned 0 after 1016 usecs
[   11.779055] calling  i915_init+0x0/0x6b @ 1
[   11.788236] initcall i915_init+0x0/0x6b returned 0 after 2914 usecs
[   11.797496] calling  cn_proc_init+0x0/0x35 @ 1
[   11.805284] initcall cn_proc_init+0x0/0x35 returned 0 after 659 usecs
[   11.815497] calling  topology_sysfs_init+0x0/0x27 @ 1
[   11.823635] initcall topology_sysfs_init+0x0/0x27 returned 0 after 330 usecs
[   11.834164] calling  cacheinfo_sysfs_init+0x0/0x27 @ 1
[   11.865576] initcall cacheinfo_sysfs_init+0x0/0x27 returned 0 after 22489 usecs
[   11.879859] calling  loop_init+0x0/0x16a @ 1
[   12.053472] loop: module loaded
[   12.058524] initcall loop_init+0x0/0x16a returned 0 after 167043 usecs
[   12.068230] calling  mac_hid_init+0x0/0x21 @ 1
[   12.075169] initcall mac_hid_init+0x0/0x21 returned 0 after 68 usecs
[   12.085240] calling  spi_transport_init+0x0/0x74 @ 1
[   12.093522] initcall spi_transport_init+0x0/0x74 returned 0 after 347 usecs
[   12.104049] calling  init_sd+0x0/0x18c @ 1
[   12.110262] initcall init_sd+0x0/0x18c returned 0 after 251 usecs
[   12.118522] calling  init_sr+0x0/0x43 @ 1
[   12.124814] initcall init_sr+0x0/0x43 returned 0 after 195 usecs
[   12.133764] calling  init_sg+0x0/0x1c0 @ 1
[   12.140224] initcall init_sg+0x0/0x1c0 returned 0 after 325 usecs
[   12.148952] calling  ahci_pci_driver_init+0x0/0x15 @ 1
[   12.157806] ahci 0000:00:1f.2: version 3.0
[   12.169248] PCI Interrupt Link [GSIA] enabled at IRQ 16
[   12.193052] ahci 0000:00:1f.2: AHCI 0001.0000 32 slots 6 ports 1.5 Gbps 0x3f impl SATA mode
[   12.204869] ahci 0000:00:1f.2: flags: 64bit ncq only 
[   12.241024] scsi host0: ahci
[   12.260420] scsi host1: ahci
[   12.272928] scsi host2: ahci
[   12.282489] scsi host3: ahci
[   12.297329] scsi host4: ahci
[   12.310186] scsi host5: ahci
[   12.315460] ata1: SATA max UDMA/133 abar m4096@0xfebf1000 port 0xfebf1100 irq 24
[   12.326396] ata2: SATA max UDMA/133 abar m4096@0xfebf1000 port 0xfebf1180 irq 24
[   12.337421] ata3: SATA max UDMA/133 abar m4096@0xfebf1000 port 0xfebf1200 irq 24
[   12.349048] ata4: SATA max UDMA/133 abar m4096@0xfebf1000 port 0xfebf1280 irq 24
[   12.360292] ata5: SATA max UDMA/133 abar m4096@0xfebf1000 port 0xfebf1300 irq 24
[   12.371731] ata6: SATA max UDMA/133 abar m4096@0xfebf1000 port 0xfebf1380 irq 24
[   12.384232] initcall ahci_pci_driver_init+0x0/0x15 returned 0 after 222524 usecs
[   12.394504] calling  piix_init+0x0/0x26 @ 1
[   12.400436] initcall piix_init+0x0/0x26 returned 0 after 279 usecs
[   12.409084] calling  amd_pci_driver_init+0x0/0x15 @ 1
[   12.416342] initcall amd_pci_driver_init+0x0/0x15 returned 0 after 71 usecs
[   12.427545] calling  oldpiix_pci_driver_init+0x0/0x15 @ 1
[   12.443322] initcall oldpiix_pci_driver_init+0x0/0x15 returned 0 after 6400 usecs
[   12.455745] calling  sch_pci_driver_init+0x0/0x15 @ 1
[   12.463753] initcall sch_pci_driver_init+0x0/0x15 returned 0 after 195 usecs
[   12.475222] calling  net_olddevs_init+0x0/0x55 @ 1
[   12.483223] initcall net_olddevs_init+0x0/0x55 returned 0 after 830 usecs
[   12.493519] calling  blackhole_netdev_init+0x0/0x78 @ 1
[   12.502483] initcall blackhole_netdev_init+0x0/0x78 returned 0 after 727 usecs
[   12.513983] calling  phy_module_init+0x0/0x13 @ 1
[   12.521752] initcall phy_module_init+0x0/0x13 returned 0 after 501 usecs
[   12.533587] calling  tg3_driver_init+0x0/0x15 @ 1
[   12.542391] initcall tg3_driver_init+0x0/0x15 returned 0 after 1883 usecs
[   12.551013] hrtimer: interrupt took 2942133 ns
[   12.552357] calling  e100_init_module+0x0/0x4c @ 1
[   12.566392] e100: Intel(R) PRO/100 Network Driver
[   12.573563] e100: Copyright(c) 1999-2006 Intel Corporation
[   12.582446] initcall e100_init_module+0x0/0x4c returned 0 after 15672 usecs
[   12.593589] calling  e1000_init_module+0x0/0x72 @ 1
[   12.600833] e1000: Intel(R) PRO/1000 Network Driver
[   12.608759] e1000: Copyright (c) 1999-2006 Intel Corporation.
[   12.617566] initcall e1000_init_module+0x0/0x72 returned 0 after 16334 usecs
[   12.628312] calling  e1000_init_module+0x0/0x2d @ 1
[   12.635412] e1000e: Intel(R) PRO/1000 Network Driver
[   12.643266] e1000e: Copyright(c) 1999 - 2015 Intel Corporation.
[   12.653235] initcall e1000_init_module+0x0/0x2d returned 0 after 17457 usecs
[   12.663595] calling  sky2_init_module+0x0/0x21 @ 1
[   12.670537] sky2: driver version 1.30
[   12.676317] initcall sky2_init_module+0x0/0x21 returned 0 after 5639 usecs
[   12.686409] calling  forcedeth_pci_driver_init+0x0/0x15 @ 1
[   12.694933] initcall forcedeth_pci_driver_init+0x0/0x15 returned 0 after 138 usecs
[   12.705567] calling  rtl8139_init_module+0x0/0x15 @ 1
[   12.709979] ata2: SATA link down (SStatus 0 SControl 300)
[   12.713115] initcall rtl8139_init_module+0x0/0x15 returned 0 after 135 usecs
[   12.725304] ata4: SATA link down (SStatus 0 SControl 300)
[   12.733487] calling  rtl8169_pci_driver_init+0x0/0x15 @ 1
[   12.733561] initcall rtl8169_pci_driver_init+0x0/0x15 returned 0 after 67 usecs
[   12.756151] ata6: SATA link down (SStatus 0 SControl 300)
[   12.765215] calling  cdrom_init+0x0/0xc @ 1
[   12.777238] ata5: SATA link down (SStatus 0 SControl 300)
[   12.780432] initcall cdrom_init+0x0/0xc returned 0 after 78 usecs
[   12.792762] ata1: SATA link down (SStatus 0 SControl 300)
[   12.796420] calling  nonstatic_sysfs_init+0x0/0xc @ 1
[   12.796478] initcall nonstatic_sysfs_init+0x0/0xc returned 0 after 51 usecs
[   12.807586] ata3: SATA link up 1.5 Gbps (SStatus 113 SControl 300)
[   12.812327] calling  yenta_cardbus_driver_init+0x0/0x15 @ 1
[   12.848186] ata3.00: ATAPI: QEMU DVD-ROM, 2.5+, max UDMA/100
[   12.856444] initcall yenta_cardbus_driver_init+0x0/0x15 returned 0 after 4210 usecs
[   12.860210] ata3.00: applying bridge limits
[   12.871212] calling  mon_init+0x0/0x144 @ 1
[   12.880267] ata3.00: configured for UDMA/100
[   12.894995] initcall mon_init+0x0/0x144 returned 0 after 10979 usecs
[   12.904663] calling  ehci_hcd_init+0x0/0x56 @ 1
[   12.911346] scsi 2:0:0:0: CD-ROM            QEMU     QEMU DVD-ROM     2.5+ PQ: 0 ANSI: 5
[   12.912767] ehci_hcd: USB 2.0 'Enhanced' Host Controller (EHCI) Driver
[   12.934774] initcall ehci_hcd_init+0x0/0x56 returned 0 after 21601 usecs
[   12.945199] calling  ehci_pci_init+0x0/0x64 @ 1
[   12.952596] ehci-pci: EHCI PCI platform driver
[   12.960605] initcall ehci_pci_init+0x0/0x64 returned 0 after 7835 usecs
[   12.971050] calling  ohci_hcd_mod_init+0x0/0x4e @ 1
[   12.978862] ohci_hcd: USB 1.1 'Open' Host Controller (OHCI) Driver
[   12.988869] initcall ohci_hcd_mod_init+0x0/0x4e returned 0 after 9768 usecs
[   12.999767] calling  ohci_pci_init+0x0/0x64 @ 1
[   13.006540] ohci-pci: OHCI PCI platform driver
[   13.013157] initcall ohci_pci_init+0x0/0x64 returned 0 after 6458 usecs
[   13.023274] calling  uhci_hcd_init+0x0/0xa8 @ 1
[   13.029578] uhci_hcd: USB Universal Host Controller Interface driver
[   13.039336] initcall uhci_hcd_init+0x0/0xa8 returned 0 after 9548 usecs
[   13.048304] calling  xhci_hcd_init+0x0/0x1e @ 1
[   13.056941] initcall xhci_hcd_init+0x0/0x1e returned 0 after 83 usecs
[   13.065980] calling  xhci_pci_init+0x0/0x49 @ 1
[   13.077471] initcall xhci_pci_init+0x0/0x49 returned 0 after 676 usecs
[   13.086490] calling  usblp_driver_init+0x0/0x15 @ 1
[   13.096283] usbcore: registered new interface driver usblp
[   13.103610] initcall usblp_driver_init+0x0/0x15 returned 0 after 9814 usecs
[   13.113160] calling  usb_storage_driver_init+0x0/0x2a @ 1
[   13.121134] usbcore: registered new interface driver usb-storage
[   13.129816] initcall usb_storage_driver_init+0x0/0x2a returned 0 after 8647 usecs
[   13.140734] calling  i8042_init+0x0/0x4c2 @ 1
[   13.149256] i8042: PNP: PS/2 Controller [PNP0303:KBD,PNP0f13:MOU] at 0x60,0x64 irq 1,12
[   13.180557] serio: i8042 KBD port at 0x60,0x64 irq 1
[   13.187390] serio: i8042 AUX port at 0x60,0x64 irq 12
[   13.194912] initcall i8042_init+0x0/0x4c2 returned 0 after 46366 usecs
[   13.204032] calling  serport_init+0x0/0x2c @ 1
[   13.210225] initcall serport_init+0x0/0x2c returned 0 after 15 usecs
[   13.218785] calling  input_leds_init+0x0/0xc @ 1
[   13.223321] sr 2:0:0:0: [sr0] scsi3-mmc drive: 4x/4x cd/rw xa/form2 tray
[   13.225809] initcall input_leds_init+0x0/0xc returned 0 after 102 usecs
[   13.225814] calling  evdev_init+0x0/0xc @ 1
[   13.227949] initcall evdev_init+0x0/0xc returned 0 after 2073 usecs
[   13.227954] calling  atkbd_init+0x0/0x21 @ 1
[   13.228226] initcall atkbd_init+0x0/0x21 returned 0 after 261 usecs
[   13.228231] calling  psmouse_init+0x0/0x7f @ 1
[   13.228486] initcall psmouse_init+0x0/0x7f returned 0 after 245 usecs
[   13.242435] cdrom: Uniform CD-ROM driver Revision: 3.20
[   13.331750] calling  cmos_init+0x0/0x73 @ 1
[   13.339242] rtc_cmos 00:04: RTC can wake from S4
[   13.358580] rtc_cmos 00:04: registered as rtc0
[   13.365244] rtc_cmos 00:04: alarms up to one day, y3k, 242 bytes nvram, hpet irqs
[   13.372302] input: AT Translated Set 2 keyboard as /devices/platform/i8042/serio0/input/input1
[   13.381245] initcall cmos_init+0x0/0x73 returned 0 after 42270 usecs
[   13.402908] calling  smbalert_driver_init+0x0/0xe @ 1
[   13.410460] initcall smbalert_driver_init+0x0/0xe returned 0 after 103 usecs
[   13.420332] calling  i2c_i801_init+0x0/0xc5 @ 1
[   13.435048] i801_smbus 0000:00:1f.3: SMBus using PCI interrupt
[   13.446151] i2c i2c-0: 1/1 memory slots populated (from DMI)
[   13.455246] i2c i2c-0: Memory type 0x07 not supported yet, not instantiating SPD
[   13.466852] initcall i2c_i801_init+0x0/0xc5 returned 0 after 38703 usecs
[   13.477219] calling  ptp_kvm_init+0x0/0xf0 @ 1
[   13.489481] initcall ptp_kvm_init+0x0/0xf0 returned 0 after 5210 usecs
[   13.501286] calling  dm_init+0x0/0x3c @ 1
[   13.515426] device-mapper: ioctl: 4.43.0-ioctl (2020-10-01) initialised: dm-devel@redhat.com
[   13.518996] sr 2:0:0:0: Attached scsi CD-ROM sr0
[   13.527031] initcall dm_init+0x0/0x3c returned 0 after 18926 usecs
[   13.527037] calling  dm_mirror_init+0x0/0x29 @ 1
[   13.538946] sr 2:0:0:0: Attached scsi generic sg0 type 5
[   13.543364] initcall dm_mirror_init+0x0/0x29 returned 0 after 18 usecs
[   13.543369] calling  dm_dirty_log_init+0x0/0x4f @ 1
[   13.543486] initcall dm_dirty_log_init+0x0/0x4f returned 0 after 110 usecs
[   13.543490] calling  dm_zero_init+0x0/0x29 @ 1
[   13.543496] initcall dm_zero_init+0x0/0x29 returned 0 after 1 usecs
[   13.543500] calling  intel_pstate_init+0x0/0x50f @ 1
[   13.603498] intel_pstate: CPU model not supported
[   13.609765] initcall intel_pstate_init+0x0/0x50f returned -19 after 6160 usecs
[   13.620025] calling  haltpoll_init+0x0/0xc0 @ 1
[   13.626320] initcall haltpoll_init+0x0/0xc0 returned -19 after 29 usecs
[   13.635914] calling  efivars_sysfs_init+0x0/0x30 @ 1
[   13.643032] initcall efivars_sysfs_init+0x0/0x30 returned 0 after 87 usecs
[   13.656429] calling  esrt_sysfs_init+0x0/0x2a2 @ 1
[   13.663285] initcall esrt_sysfs_init+0x0/0x2a2 returned -38 after 14 usecs
[   13.672953] calling  hid_init+0x0/0x5c @ 1
[   13.679015] hid: raw HID events driver (C) Jiri Kosina
[   13.686268] initcall hid_init+0x0/0x5c returned 0 after 7218 usecs
[   13.706969] calling  hid_generic_init+0x0/0x15 @ 1
[   13.713769] initcall hid_generic_init+0x0/0x15 returned 0 after 192 usecs
[   13.735196] calling  a4_driver_init+0x0/0x15 @ 1
[   13.741743] initcall a4_driver_init+0x0/0x15 returned 0 after 56 usecs
[   13.751611] calling  apple_driver_init+0x0/0x15 @ 1
[   13.758830] initcall apple_driver_init+0x0/0x15 returned 0 after 111 usecs
[   13.768889] calling  belkin_driver_init+0x0/0x15 @ 1
[   13.776228] initcall belkin_driver_init+0x0/0x15 returned 0 after 69 usecs
[   13.785469] calling  ch_driver_init+0x0/0x15 @ 1
[   13.791143] initcall ch_driver_init+0x0/0x15 returned 0 after 77 usecs
[   13.799219] calling  ch_driver_init+0x0/0x15 @ 1
[   13.807161] initcall ch_driver_init+0x0/0x15 returned 0 after 119 usecs
[   13.816469] calling  cp_driver_init+0x0/0x15 @ 1
[   13.823282] initcall cp_driver_init+0x0/0x15 returned 0 after 61 usecs
[   13.836776] calling  ez_driver_init+0x0/0x15 @ 1
[   13.856683] initcall ez_driver_init+0x0/0x15 returned 0 after 3328 usecs
[   13.866259] calling  gyration_driver_init+0x0/0x15 @ 1
[   13.873840] initcall gyration_driver_init+0x0/0x15 returned 0 after 514 usecs
[   13.883445] calling  ite_driver_init+0x0/0x15 @ 1
[   13.889848] initcall ite_driver_init+0x0/0x15 returned 0 after 44 usecs
[   13.898585] calling  ks_driver_init+0x0/0x15 @ 1
[   13.904768] initcall ks_driver_init+0x0/0x15 returned 0 after 42 usecs
[   13.913319] calling  lg_driver_init+0x0/0x15 @ 1
[   13.919824] initcall lg_driver_init+0x0/0x15 returned 0 after 400 usecs
[   13.928424] calling  lg_g15_driver_init+0x0/0x15 @ 1
[   13.935759] initcall lg_g15_driver_init+0x0/0x15 returned 0 after 193 usecs
[   13.944094] calling  ms_driver_init+0x0/0x15 @ 1
[   13.949397] initcall ms_driver_init+0x0/0x15 returned 0 after 37 usecs
[   13.956767] calling  mr_driver_init+0x0/0x15 @ 1
[   13.962165] initcall mr_driver_init+0x0/0x15 returned 0 after 36 usecs
[   13.969653] calling  ntrig_driver_init+0x0/0x15 @ 1
[   13.975331] initcall ntrig_driver_init+0x0/0x15 returned 0 after 46 usecs
[   13.983061] calling  pl_driver_init+0x0/0x15 @ 1
[   13.988445] initcall pl_driver_init+0x0/0x15 returned 0 after 56 usecs
[   13.995966] calling  pl_driver_init+0x0/0x15 @ 1
[   14.001440] initcall pl_driver_init+0x0/0x15 returned 0 after 76 usecs
[   14.009274] calling  redragon_driver_init+0x0/0x15 @ 1
[   14.015267] initcall redragon_driver_init+0x0/0x15 returned 0 after 46 usecs
[   14.023823] calling  samsung_driver_init+0x0/0x15 @ 1
[   14.030741] initcall samsung_driver_init+0x0/0x15 returned 0 after 37 usecs
[   14.040051] calling  sony_init+0x0/0x38 @ 1
[   14.045819] initcall sony_init+0x0/0x38 returned 0 after 60 usecs
[   14.054040] calling  sp_driver_init+0x0/0x15 @ 1
[   14.060534] initcall sp_driver_init+0x0/0x15 returned 0 after 77 usecs
[   14.069414] calling  ts_driver_init+0x0/0x15 @ 1
[   14.075735] initcall ts_driver_init+0x0/0x15 returned 0 after 38 usecs
[   14.084364] calling  hid_init+0x0/0x58 @ 1
[   14.090510] usbcore: registered new interface driver usbhid
[   14.098127] usbhid: USB HID core driver
[   14.103400] initcall hid_init+0x0/0x58 returned 0 after 13229 usecs
[   14.112016] calling  eeepc_laptop_init+0x0/0x57 @ 1
[   14.120430] initcall eeepc_laptop_init+0x0/0x57 returned -19 after 2406 usecs
[   14.129902] calling  pmc_atom_init+0x0/0x27a @ 1
[   14.136377] initcall pmc_atom_init+0x0/0x27a returned -19 after 280 usecs
[   14.144347] calling  alsa_hwdep_init+0x0/0x5e @ 1
[   14.155554] initcall alsa_hwdep_init+0x0/0x5e returned 0 after 4907 usecs
[   14.164753] calling  alsa_timer_init+0x0/0x1f9 @ 1
[   14.179047] initcall alsa_timer_init+0x0/0x1f9 returned 0 after 7442 usecs
[   14.179408] input: ImExPS/2 Generic Explorer Mouse as /devices/platform/i8042/serio1/input/input3
[   14.188802] calling  snd_hrtimer_init+0x0/0x117 @ 1
[   14.188834] initcall snd_hrtimer_init+0x0/0x117 returned 0 after 26 usecs
[   14.222791] calling  alsa_pcm_init+0x0/0x64 @ 1
[   14.229031] initcall alsa_pcm_init+0x0/0x64 returned 0 after 21 usecs
[   14.237586] calling  alsa_seq_init+0x0/0x4a @ 1
[   14.248451] initcall alsa_seq_init+0x0/0x4a returned 0 after 4511 usecs
[   14.257234] calling  alsa_seq_dummy_init+0x0/0x9c @ 1
[   14.264035] initcall alsa_seq_dummy_init+0x0/0x9c returned 0 after 101 usecs
[   14.273288] calling  azx_driver_init+0x0/0x15 @ 1
[   14.280497] initcall azx_driver_init+0x0/0x15 returned 0 after 495 usecs
[   14.289825] calling  sock_diag_init+0x0/0x2a @ 1
[   14.297855] initcall sock_diag_init+0x0/0x2a returned 0 after 1463 usecs
[   14.307207] calling  blackhole_init+0x0/0xc @ 1
[   14.313808] initcall blackhole_init+0x0/0xc returned 0 after 73 usecs
