c[?7l[2J[0mSeaBIOS (version 1.16.0-debian-1.16.0-4)
Booting from ROM...
early console in setup code
c[?7l[2J[    0.000000] Linux version 6.0.0-g5f9f4a5a10fd (root@joelboxx.c.googlers.com) (gcc (Debian 12.2.0-3) 12.2.0, GNU ld (GNU Binutils for Debian) 2.39) #2 SMP PREEMPT_DYNAMIC Sun Dec 18 03:32:40 UTC 2022
[    0.000000] Command line: debug_boot_weak_hash panic=-1 selinux=0 initcall_debug debug console=ttyS0 rcutorture.torture_type=srcud rcupdate.rcu_self_test=1 rcutorture.fwd_progress=3 srcutree.big_cpu_lim=5 rcutorture.onoff_interval=1000 rcutorture.onoff_holdoff=30 rcutorture.n_barrier_cbs=4 rcutorture.stat_interval=15 rcutorture.shutdown_secs=21600 rcutorture.test_no_idle_hz=1 rcutorture.verbose=1
[    0.000000] x86/fpu: x87 FPU will use FXSAVE
[    0.000000] signal: max sigframe size: 1440
[    0.000000] BIOS-provided physical RAM map:
[    0.000000] BIOS-e820: [mem 0x0000000000000000-0x000000000009fbff] usable
[    0.000000] BIOS-e820: [mem 0x000000000009fc00-0x000000000009ffff] reserved
[    0.000000] BIOS-e820: [mem 0x00000000000f0000-0x00000000000fffff] reserved
[    0.000000] BIOS-e820: [mem 0x0000000000100000-0x000000001ffdefff] usable
[    0.000000] BIOS-e820: [mem 0x000000001ffdf000-0x000000001fffffff] reserved
[    0.000000] BIOS-e820: [mem 0x00000000b0000000-0x00000000bfffffff] reserved
[    0.000000] BIOS-e820: [mem 0x00000000fed1c000-0x00000000fed1ffff] reserved
[    0.000000] BIOS-e820: [mem 0x00000000feffc000-0x00000000feffffff] reserved
[    0.000000] BIOS-e820: [mem 0x00000000fffc0000-0x00000000ffffffff] reserved
[    0.000000] debug_boot_weak_hash enabled
[    0.000000] NX (Execute Disable) protection: active
[    0.000000] SMBIOS 2.8 present.
[    0.000000] DMI: QEMU Standard PC (Q35 + ICH9, 2009), BIOS 1.16.0-debian-1.16.0-4 04/01/2014
[    0.000000] Hypervisor detected: KVM
[    0.000000] kvm-clock: Using msrs 4b564d01 and 4b564d00
[    0.000004] kvm-clock: using sched offset of 791076208 cycles
[    0.000015] clocksource: kvm-clock: mask: 0xffffffffffffffff max_cycles: 0x1cd42e4dffb, max_idle_ns: 881590591483 ns
[    0.000049] tsc: Detected 1999.999 MHz processor
[    0.003098] e820: update [mem 0x00000000-0x00000fff] usable ==> reserved
[    0.003105] e820: remove [mem 0x000a0000-0x000fffff] usable
[    0.003112] last_pfn = 0x1ffdf max_arch_pfn = 0x400000000
[    0.004035] x86/PAT: Configuration [0-7]: WB  WC  UC- UC  WB  WC  UC- UC  
[    0.013582] found SMP MP-table at [mem 0x000f5ba0-0x000f5baf]
[    0.017479] ACPI: Early table checksum verification disabled
[    0.017895] ACPI: RSDP 0x00000000000F59E0 000014 (v00 BOCHS )
[    0.018034] ACPI: RSDT 0x000000001FFE252A 000038 (v01 BOCHS  BXPC     00000001 BXPC 00000001)
[    0.018094] ACPI: FACP 0x000000001FFE22EA 0000F4 (v03 BOCHS  BXPC     00000001 BXPC 00000001)
[    0.018115] ACPI: DSDT 0x000000001FFE0040 0022AA (v01 BOCHS  BXPC     00000001 BXPC 00000001)
[    0.018125] ACPI: FACS 0x000000001FFE0000 000040
[    0.018129] ACPI: APIC 0x000000001FFE23DE 0000B0 (v01 BOCHS  BXPC     00000001 BXPC 00000001)
[    0.018134] ACPI: HPET 0x000000001FFE248E 000038 (v01 BOCHS  BXPC     00000001 BXPC 00000001)
[    0.018139] ACPI: MCFG 0x000000001FFE24C6 00003C (v01 BOCHS  BXPC     00000001 BXPC 00000001)
[    0.018144] ACPI: WAET 0x000000001FFE2502 000028 (v01 BOCHS  BXPC     00000001 BXPC 00000001)
[    0.018148] ACPI: Reserving FACP table memory at [mem 0x1ffe22ea-0x1ffe23dd]
[    0.018150] ACPI: Reserving DSDT table memory at [mem 0x1ffe0040-0x1ffe22e9]
[    0.018152] ACPI: Reserving FACS table memory at [mem 0x1ffe0000-0x1ffe003f]
[    0.018153] ACPI: Reserving APIC table memory at [mem 0x1ffe23de-0x1ffe248d]
[    0.018154] ACPI: Reserving HPET table memory at [mem 0x1ffe248e-0x1ffe24c5]
[    0.018155] ACPI: Reserving MCFG table memory at [mem 0x1ffe24c6-0x1ffe2501]
[    0.018156] ACPI: Reserving WAET table memory at [mem 0x1ffe2502-0x1ffe2529]
[    0.021152] No NUMA configuration found
[    0.021162] Faking a node at [mem 0x0000000000000000-0x000000001ffdefff]
[    0.021166] NODE_DATA(0) allocated [mem 0x1ffdb000-0x1ffdefff]
[    0.021284] Zone ranges:
[    0.021306]   DMA      [mem 0x0000000000001000-0x0000000000ffffff]
[    0.021316]   DMA32    [mem 0x0000000001000000-0x000000001ffdefff]
[    0.021328]   Normal   empty
[    0.021330] Movable zone start for each node
[    0.021347] Early memory node ranges
[    0.021347]   node   0: [mem 0x0000000000001000-0x000000000009efff]
[    0.021356]   node   0: [mem 0x0000000000100000-0x000000001ffdefff]
[    0.021359] Initmem setup node 0 [mem 0x0000000000001000-0x000000001ffdefff]
[    0.021952] On node 0, zone DMA: 1 pages in unavailable ranges
[    0.021982] On node 0, zone DMA: 97 pages in unavailable ranges
[    0.029414] On node 0, zone DMA32: 33 pages in unavailable ranges
[    0.033633] ACPI: PM-Timer IO Port: 0x608
[    0.033667] ACPI: LAPIC_NMI (acpi_id[0xff] dfl dfl lint[0x1])
[    0.034222] IOAPIC[0]: apic_id 0, version 17, address 0xfec00000, GSI 0-23
[    0.034265] ACPI: INT_SRC_OVR (bus 0 bus_irq 0 global_irq 2 dfl dfl)
[    0.034270] ACPI: INT_SRC_OVR (bus 0 bus_irq 5 global_irq 5 high level)
[    0.034289] ACPI: INT_SRC_OVR (bus 0 bus_irq 9 global_irq 9 high level)
[    0.034332] ACPI: INT_SRC_OVR (bus 0 bus_irq 10 global_irq 10 high level)
[    0.034335] ACPI: INT_SRC_OVR (bus 0 bus_irq 11 global_irq 11 high level)
[    0.034350] ACPI: Using ACPI (MADT) for SMP configuration information
[    0.034360] ACPI: HPET id: 0x8086a201 base: 0xfed00000
[    0.034449] smpboot: Allowing 8 CPUs, 0 hotplug CPUs
[    0.035184] PM: hibernation: Registered nosave memory: [mem 0x00000000-0x00000fff]
[    0.035210] PM: hibernation: Registered nosave memory: [mem 0x0009f000-0x0009ffff]
[    0.035212] PM: hibernation: Registered nosave memory: [mem 0x000a0000-0x000effff]
[    0.035214] PM: hibernation: Registered nosave memory: [mem 0x000f0000-0x000fffff]
[    0.035227] [mem 0x20000000-0xafffffff] available for PCI devices
[    0.035230] Booting paravirtualized kernel on KVM
[    0.035312] clocksource: refined-jiffies: mask: 0xffffffff max_cycles: 0xffffffff, max_idle_ns: 1910969940391419 ns
[    0.047240] setup_percpu: NR_CPUS:8 nr_cpumask_bits:8 nr_cpu_ids:8 nr_node_ids:1
[    0.051581] percpu: Embedded 55 pages/cpu s184352 r8192 d32736 u262144
[    0.051621] pcpu-alloc: s184352 r8192 d32736 u262144 alloc=1*2097152
[    0.051652] pcpu-alloc: [0] 0 1 2 3 4 5 6 7 
[    0.051942] Fallback order for Node 0: 0 
[    0.051966] Built 1 zonelists, mobility grouping on.  Total pages: 128735
[    0.051972] Policy zone: DMA32
[    0.051976] Kernel command line: debug_boot_weak_hash panic=-1 selinux=0 initcall_debug debug console=ttyS0 rcutorture.torture_type=srcud rcupdate.rcu_self_test=1 rcutorture.fwd_progress=3 srcutree.big_cpu_lim=5 rcutorture.onoff_interval=1000 rcutorture.onoff_holdoff=30 rcutorture.n_barrier_cbs=4 rcutorture.stat_interval=15 rcutorture.shutdown_secs=21600 rcutorture.test_no_idle_hz=1 rcutorture.verbose=1
[    0.052983] Dentry cache hash table entries: 65536 (order: 7, 524288 bytes, linear)
[    0.053038] Inode-cache hash table entries: 32768 (order: 6, 262144 bytes, linear)
[    0.053384] mem auto-init: stack:all(zero), heap alloc:off, heap free:off
[    0.055353] Memory: 462868K/523764K available (18445K kernel code, 2926K rwdata, 5328K rodata, 1548K init, 12776K bss, 60636K reserved, 0K cma-reserved)
[    0.055571] SLUB: HWalign=64, Order=0-3, MinObjects=0, CPUs=8, Nodes=1
[    0.055671] Kernel/User page tables isolation: enabled
[    0.056430] Dynamic Preempt: full
[    0.057336] Running RCU self tests
[    0.057563] rcu: Preemptible hierarchical RCU implementation.
[    0.057569] rcu: 	CONFIG_RCU_FANOUT set to non-default value of 2.
[    0.057571] rcu: 	RCU lockdep checking is enabled.
[    0.057571] rcu: 	Build-time adjustment of leaf fanout to 2.
[    0.057573] 	Trampoline variant of Tasks RCU enabled.
[    0.057593] rcu: RCU calculated value of scheduler-enlistment delay is 100 jiffies.
[    0.062488] NR_IRQS: 4352, nr_irqs: 488, preallocated irqs: 16
[    0.063048] rcu: srcu_init: Setting srcu_struct sizes to big.
[    0.063475] calling  con_init+0x0/0x24f @ 0
[    0.130930] Console: colour VGA+ 80x25
[    0.130983] initcall con_init+0x0/0x24f returned 0 after 0 usecs
[    0.130991] calling  hvc_console_init+0x0/0x13 @ 0
[    0.131003] initcall hvc_console_init+0x0/0x13 returned 0 after 0 usecs
[    0.131007] calling  univ8250_console_init+0x0/0x26 @ 0
[    0.872619] printk: console [ttyS0] enabled
[    0.876909] initcall univ8250_console_init+0x0/0x26 returned 0 after 0 usecs
[    0.883830] Lock dependency validator: Copyright (c) 2006 Red Hat, Inc., Ingo Molnar
[    0.891208] ... MAX_LOCKDEP_SUBCLASSES:  8
[    0.895171] ... MAX_LOCK_DEPTH:          48
[    0.899197] ... MAX_LOCKDEP_KEYS:        8192
[    0.903402] ... CLASSHASH_SIZE:          4096
[    0.907652] ... MAX_LOCKDEP_ENTRIES:     32768
[    0.912004] ... MAX_LOCKDEP_CHAINS:      65536
[    0.916327] ... CHAINHASH_SIZE:          32768
[    0.920642]  memory used by lock dependency info: 6365 kB
[    0.925863]  memory used for stack traces: 4224 kB
[    0.930502]  per task-struct memory footprint: 1920 bytes
[    0.938378] ACPI: Core revision 20220331
[    0.944839] clocksource: hpet: mask: 0xffffffff max_cycles: 0xffffffff, max_idle_ns: 19112604467 ns
[    0.957570] APIC: Switch to symmetric I/O mode setup
[    0.977540] ..TIMER: vector=0x30 apic1=0 pin1=2 apic2=-1 pin2=-1
[    0.983950] clocksource: tsc-early: mask: 0xffffffffffffffff max_cycles: 0x39a85afc727, max_idle_ns: 881590685098 ns
[    0.994941] Calibrating delay loop (skipped) preset value.. 3999.99 BogoMIPS (lpj=1999999)
[    0.995663] pid_max: default: 32768 minimum: 301
[    0.996879] LSM: Security Framework initializing
[    0.999196] Mount-cache hash table entries: 1024 (order: 1, 8192 bytes, linear)
[    0.999664] Mountpoint-cache hash table entries: 1024 (order: 1, 8192 bytes, linear)
[    1.007305] Last level iTLB entries: 4KB 0, 2MB 0, 4MB 0
[    1.007660] Last level dTLB entries: 4KB 0, 2MB 0, 4MB 0, 1GB 0
[    1.008695] Spectre V1 : Mitigation: usercopy/swapgs barriers and __user pointer sanitization
[    1.009663] Spectre V2 : Mitigation: Retpolines
[    1.010660] Spectre V2 : Spectre v2 / SpectreRSB mitigation: Filling RSB on context switch
[    1.011660] Spectre V2 : Spectre v2 / SpectreRSB : Filling RSB on VMEXIT
[    1.012660] Speculative Store Bypass: Vulnerable
[    1.013679] MDS: Vulnerable: Clear CPU buffers attempted, no microcode
[    1.014660] MMIO Stale Data: Unknown: No mitigations
[    1.058082] Freeing SMP alternatives memory: 44K
[    1.162356] smpboot: CPU0: Intel Common KVM processor (family: 0xf, model: 0x6, stepping: 0x1)
[    1.164061] cblist_init_generic: Setting adjustable number of callback queues.
[    1.164659] cblist_init_generic: Setting shift to 3 and lim to 1.
[    1.165743] RCU test callback executed 1
[    1.169662] Running RCU-tasks wait API self tests
[    1.278085] calling  init_hw_perf_events+0x0/0x606 @ 1
[    1.278663] Performance Events: unsupported Netburst CPU model 6 no PMU driver, software events only.
[    1.279674] initcall init_hw_perf_events+0x0/0x606 returned 0 after 1000 usecs
[    1.280764] calling  init_real_mode+0x0/0x1e6 @ 1
[    1.282939] initcall init_real_mode+0x0/0x1e6 returned 0 after 1000 usecs
[    1.283661] calling  trace_init_perf_perm_irq_work_exit+0x0/0x12 @ 1
[    1.284672] initcall trace_init_perf_perm_irq_work_exit+0x0/0x12 returned 0 after 0 usecs
[    1.285661] calling  bp_init_aperfmperf+0x0/0x261 @ 1
[    1.286661] initcall bp_init_aperfmperf+0x0/0x261 returned 0 after 0 usecs
[    1.287660] calling  validate_x2apic+0x0/0x47 @ 1
[    1.288684] initcall validate_x2apic+0x0/0x47 returned 0 after 0 usecs
[    1.290660] calling  register_nmi_cpu_backtrace_handler+0x0/0x15 @ 1
[    1.291733] initcall register_nmi_cpu_backtrace_handler+0x0/0x15 returned 0 after 0 usecs
[    1.292661] calling  kvm_setup_vsyscall_timeinfo+0x0/0xf5 @ 1
[    1.293679] initcall kvm_setup_vsyscall_timeinfo+0x0/0xf5 returned 0 after 0 usecs
[    1.294660] calling  spawn_ksoftirqd+0x0/0x38 @ 1
[    1.296069] initcall spawn_ksoftirqd+0x0/0x38 returned 0 after 0 usecs
[    1.296661] calling  migration_init+0x0/0x31 @ 1
[    1.297661] initcall migration_init+0x0/0x31 returned 0 after 0 usecs
[    1.298660] calling  srcu_bootup_announce+0x0/0x77 @ 1
[    1.299668] rcu: Hierarchical SRCU implementation.
[    1.300659] rcu: 	Max phase no-delay instances is 400.
[    1.301660] initcall srcu_bootup_announce+0x0/0x77 returned 0 after 2000 usecs
[    1.302660] calling  rcu_spawn_gp_kthread+0x0/0x1b6 @ 1
[    1.303943] initcall rcu_spawn_gp_kthread+0x0/0x1b6 returned 0 after 0 usecs
[    1.304660] calling  check_cpu_stall_init+0x0/0x1a @ 1
[    1.305678] initcall check_cpu_stall_init+0x0/0x1a returned 0 after 0 usecs
[    1.306663] calling  rcu_sysrq_init+0x0/0x21 @ 1
[    1.307721] initcall rcu_sysrq_init+0x0/0x21 returned 0 after 0 usecs
[    1.309697] RCU test callback executed 2
[    1.310686] calling  trace_init_flags_sys_enter+0x0/0xe @ 1
[    1.311663] initcall trace_init_flags_sys_enter+0x0/0xe returned 0 after 0 usecs
[    1.312660] calling  trace_init_flags_sys_exit+0x0/0xe @ 1
[    1.313661] initcall trace_init_flags_sys_exit+0x0/0xe returned 0 after 0 usecs
[    1.314660] calling  cpu_stop_init+0x0/0xa4 @ 1
[    1.316055] initcall cpu_stop_init+0x0/0xa4 returned 0 after 0 usecs
[    1.316660] calling  init_kprobes+0x0/0x13d @ 1
[    1.318775] initcall init_kprobes+0x0/0x13d returned 0 after 1000 usecs
[    1.319661] calling  init_events+0x0/0x4d @ 1
[    1.321992] initcall init_events+0x0/0x4d returned 0 after 1000 usecs
[    1.322661] calling  init_trace_printk+0x0/0xc @ 1
[    1.323661] initcall init_trace_printk+0x0/0xc returned 0 after 0 usecs
[    1.324660] calling  event_trace_enable_again+0x0/0x23 @ 1
[    1.325682] initcall event_trace_enable_again+0x0/0x23 returned 0 after 0 usecs
[    1.326660] calling  irq_work_init_threads+0x0/0x7 @ 1
[    1.327661] initcall irq_work_init_threads+0x0/0x7 returned 0 after 0 usecs
[    1.328660] calling  static_call_init+0x0/0x79 @ 1
[    1.329660] initcall static_call_init+0x0/0x79 returned 0 after 0 usecs
[    1.330659] calling  jump_label_init_module+0x0/0xc @ 1
[    1.331661] initcall jump_label_init_module+0x0/0xc returned 0 after 0 usecs
[    1.332664] calling  init_zero_pfn+0x0/0x37 @ 1
[    1.334662] initcall init_zero_pfn+0x0/0x37 returned 0 after 0 usecs
[    1.335660] calling  init_fs_inode_sysctls+0x0/0x21 @ 1
[    1.336669] initcall init_fs_inode_sysctls+0x0/0x21 returned 0 after 0 usecs
[    1.337661] calling  init_fs_locks_sysctls+0x0/0x21 @ 1
[    1.338667] initcall init_fs_locks_sysctls+0x0/0x21 returned 0 after 0 usecs
[    1.339660] calling  efi_memreserve_root_init+0x0/0x25 @ 1
[    1.340661] initcall efi_memreserve_root_init+0x0/0x25 returned 0 after 0 usecs
[    1.341663] calling  efi_earlycon_remap_fb+0x0/0x51 @ 1
[    1.342664] initcall efi_earlycon_remap_fb+0x0/0x51 returned 0 after 0 usecs
[    1.344918] smp: Bringing up secondary CPUs ...
[    1.347765] x86: Booting SMP configuration:
[    1.348674] .... node  #0, CPUs:      #1 #2
[    1.382591] Callback from call_rcu_tasks() invoked.
[    1.392099]  #3 #4 #5 #6 #7
[    1.493072] smp: Brought up 1 node, 8 CPUs
[    1.494663] smpboot: Max logical packages: 1
[    1.495663] smpboot: Total of 8 processors activated (31999.98 BogoMIPS)
[    1.505821] devtmpfs: initialized
[    1.509168] calling  ipc_ns_init+0x0/0x3d @ 1
[    1.509748] initcall ipc_ns_init+0x0/0x3d returned 0 after 0 usecs
[    1.510663] calling  init_mmap_min_addr+0x0/0x21 @ 1
[    1.511662] initcall init_mmap_min_addr+0x0/0x21 returned 0 after 0 usecs
[    1.512662] calling  pci_realloc_setup_params+0x0/0x3f @ 1
[    1.513661] initcall pci_realloc_setup_params+0x0/0x3f returned 0 after 0 usecs
[    1.514662] calling  inet_frag_wq_init+0x0/0x3c @ 1
[    1.517879] initcall inet_frag_wq_init+0x0/0x3c returned 0 after 2000 usecs
[    1.518687] calling  e820__register_nvs_regions+0x0/0x37 @ 1
[    1.519662] initcall e820__register_nvs_regions+0x0/0x37 returned 0 after 0 usecs
[    1.521660] calling  cpufreq_register_tsc_scaling+0x0/0x2e @ 1
[    1.522663] initcall cpufreq_register_tsc_scaling+0x0/0x2e returned 0 after 0 usecs
[    1.523661] calling  reboot_init+0x0/0x3c @ 1
[    1.525682] initcall reboot_init+0x0/0x3c returned 0 after 0 usecs
[    1.526661] calling  init_lapic_sysfs+0x0/0x20 @ 1
[    1.527678] initcall init_lapic_sysfs+0x0/0x20 returned 0 after 0 usecs
[    1.528661] calling  alloc_frozen_cpus+0x0/0x7 @ 1
[    1.529662] initcall alloc_frozen_cpus+0x0/0x7 returned 0 after 0 usecs
[    1.530661] calling  cpu_hotplug_pm_sync_init+0x0/0x13 @ 1
[    1.531733] initcall cpu_hotplug_pm_sync_init+0x0/0x13 returned 0 after 0 usecs
[    1.532668] calling  wq_sysfs_init+0x0/0x2a @ 1
[    1.533803] initcall wq_sysfs_init+0x0/0x2a returned 0 after 0 usecs
[    1.534661] calling  ksysfs_init+0x0/0x92 @ 1
[    1.535697] initcall ksysfs_init+0x0/0x92 returned 0 after 0 usecs
[    1.536661] calling  schedutil_gov_init+0x0/0xc @ 1
[    1.537795] initcall schedutil_gov_init+0x0/0xc returned 0 after 0 usecs
[    1.538661] calling  pm_init+0x0/0x76 @ 1
[    1.539791] initcall pm_init+0x0/0x76 returned 0 after 0 usecs
[    1.540661] calling  pm_disk_init+0x0/0x13 @ 1
[    1.541690] initcall pm_disk_init+0x0/0x13 returned 0 after 0 usecs
[    1.542661] calling  swsusp_header_init+0x0/0x2b @ 1
[    1.543676] initcall swsusp_header_init+0x0/0x2b returned 0 after 0 usecs
[    1.544662] calling  rcu_set_runtime_mode+0x0/0x2a @ 1
[    1.547838] initcall rcu_set_runtime_mode+0x0/0x2a returned 0 after 2000 usecs
[    1.548661] calling  init_jiffies_clocksource+0x0/0x13 @ 1
[    1.549682] clocksource: jiffies: mask: 0xffffffff max_cycles: 0xffffffff, max_idle_ns: 1911260446275000 ns
[    1.550666] initcall init_jiffies_clocksource+0x0/0x13 returned 0 after 1000 usecs
[    1.551661] calling  futex_init+0x0/0xfa @ 1
[    1.552667] futex hash table entries: 2048 (order: 6, 262144 bytes, linear)
[    1.555235] initcall futex_init+0x0/0xfa returned 0 after 2000 usecs
[    1.555662] calling  cgroup_wq_init+0x0/0x28 @ 1
[    1.556779] initcall cgroup_wq_init+0x0/0x28 returned 0 after 0 usecs
[    1.557662] calling  cgroup1_wq_init+0x0/0x28 @ 1
[    1.558697] initcall cgroup1_wq_init+0x0/0x28 returned 0 after 0 usecs
[    1.559661] calling  trace_events_eprobe_init_early+0x0/0x27 @ 1
[    1.561734] initcall trace_events_eprobe_init_early+0x0/0x27 returned 0 after 1000 usecs
[    1.562667] calling  init_kprobe_trace_early+0x0/0x2a @ 1
[    1.563665] initcall init_kprobe_trace_early+0x0/0x2a returned 0 after 0 usecs
[    1.564662] calling  fsnotify_init+0x0/0x56 @ 1
[    1.565688] initcall fsnotify_init+0x0/0x56 returned 0 after 0 usecs
[    1.566764] calling  filelock_init+0x0/0xcb @ 1
[    1.568781] initcall filelock_init+0x0/0xcb returned 0 after 0 usecs
[    1.569661] calling  init_misc_binfmt+0x0/0x2c @ 1
[    1.570704] initcall init_misc_binfmt+0x0/0x2c returned 0 after 0 usecs
[    1.571662] calling  init_script_binfmt+0x0/0x15 @ 1
[    1.572663] initcall init_script_binfmt+0x0/0x15 returned 0 after 0 usecs
[    1.573663] calling  init_elf_binfmt+0x0/0x15 @ 1
[    1.574663] initcall init_elf_binfmt+0x0/0x15 returned 0 after 0 usecs
[    1.575661] calling  init_compat_elf_binfmt+0x0/0x15 @ 1
[    1.576663] initcall init_compat_elf_binfmt+0x0/0x15 returned 0 after 0 usecs
[    1.577661] calling  debugfs_init+0x0/0x5c @ 1
[    1.578701] initcall debugfs_init+0x0/0x5c returned 0 after 0 usecs
[    1.579661] calling  tracefs_init+0x0/0x3a @ 1
[    1.580674] initcall tracefs_init+0x0/0x3a returned 0 after 0 usecs
[    1.581670] calling  virtio_init+0x0/0x20 @ 1
[    1.582811] initcall virtio_init+0x0/0x20 returned 0 after 0 usecs
[    1.583667] calling  iommu_init+0x0/0x2a @ 1
[    1.586486] initcall iommu_init+0x0/0x2a returned 0 after 0 usecs
[    1.587677] calling  component_debug_init+0x0/0x1c @ 1
[    1.591389] initcall component_debug_init+0x0/0x1c returned 0 after 2000 usecs
[    1.591661] calling  early_resume_init+0x0/0xd1 @ 1
[    1.593660] PM: RTC time: 03:37:16, date: 2022-12-18
[    1.595894] initcall early_resume_init+0x0/0xd1 returned 0 after 3000 usecs
[    1.596912] calling  cpufreq_core_init+0x0/0x62 @ 1
[    1.597737] initcall cpufreq_core_init+0x0/0x62 returned 0 after 0 usecs
[    1.598662] calling  cpufreq_gov_performance_init+0x0/0xc @ 1
[    1.599673] initcall cpufreq_gov_performance_init+0x0/0xc returned 0 after 0 usecs
[    1.600663] calling  cpufreq_gov_userspace_init+0x0/0xc @ 1
[    1.601667] initcall cpufreq_gov_userspace_init+0x0/0xc returned 0 after 0 usecs
[    1.602671] calling  CPU_FREQ_GOV_ONDEMAND_init+0x0/0xc @ 1
[    1.603665] initcall CPU_FREQ_GOV_ONDEMAND_init+0x0/0xc returned 0 after 0 usecs
[    1.604661] calling  cpuidle_init+0x0/0x1f @ 1
[    1.605736] initcall cpuidle_init+0x0/0x1f returned 0 after 0 usecs
[    1.606661] calling  sock_init+0x0/0x93 @ 1
[    1.610514] initcall sock_init+0x0/0x93 returned 0 after 2000 usecs
[    1.610661] calling  net_inuse_init+0x0/0x23 @ 1
[    1.611726] initcall net_inuse_init+0x0/0x23 returned 0 after 0 usecs
[    1.612661] calling  net_defaults_init+0x0/0x23 @ 1
[    1.613662] initcall net_defaults_init+0x0/0x23 returned 0 after 0 usecs
[    1.614661] calling  init_default_flow_dissectors+0x0/0x4f @ 1
[    1.615698] initcall init_default_flow_dissectors+0x0/0x4f returned 0 after 0 usecs
[    1.616660] calling  netpoll_init+0x0/0x44 @ 1
[    1.617662] initcall netpoll_init+0x0/0x44 returned 0 after 0 usecs
[    1.618660] calling  netlink_proto_init+0x0/0x14d @ 1
[    1.620050] NET: Registered PF_NETLINK/PF_ROUTE protocol family
[    1.621830] initcall netlink_proto_init+0x0/0x14d returned 0 after 2000 usecs
[    1.622661] calling  genl_init+0x0/0x35 @ 1
[    1.624806] initcall genl_init+0x0/0x35 returned 0 after 1000 usecs
[    1.625660] calling  bsp_pm_check_init+0x0/0x13 @ 1
[    1.626676] initcall bsp_pm_check_init+0x0/0x13 returned 0 after 0 usecs
[    1.629501] calling  irq_sysfs_init+0x0/0xb9 @ 1
[    1.630855] initcall irq_sysfs_init+0x0/0xb9 returned 0 after 1000 usecs
[    1.631661] calling  audit_init+0x0/0x127 @ 1
[    1.632708] audit: initializing netlink subsys (disabled)
[    1.636026] initcall audit_init+0x0/0x127 returned 0 after 3000 usecs
[    1.635886] audit: type=2000 audit(1671334634.930:1): state=initialized audit_enabled=0 res=1
[    1.636660] calling  release_early_probes+0x0/0x32 @ 1
[    1.638663] initcall release_early_probes+0x0/0x32 returned 0 after 0 usecs
[    1.639661] calling  bdi_class_init+0x0/0x48 @ 1
[    1.641681] initcall bdi_class_init+0x0/0x48 returned 0 after 1000 usecs
[    1.642661] calling  mm_sysfs_init+0x0/0x28 @ 1
[    1.643685] initcall mm_sysfs_init+0x0/0x28 returned 0 after 0 usecs
[    1.644662] calling  init_per_zone_wmark_min+0x0/0x25 @ 1
[    1.647674] initcall init_per_zone_wmark_min+0x0/0x25 returned 0 after 1000 usecs
[    1.648661] calling  mpi_init+0x0/0x3e @ 1
[    1.649721] initcall mpi_init+0x0/0x3e returned 0 after 0 usecs
[    1.650668] calling  kobject_uevent_init+0x0/0xc @ 1
[    1.651693] initcall kobject_uevent_init+0x0/0xc returned 0 after 0 usecs
[    1.652662] calling  pcibus_class_init+0x0/0x13 @ 1
[    1.653688] initcall pcibus_class_init+0x0/0x13 returned 0 after 0 usecs
[    1.654664] calling  pci_driver_init+0x0/0x21 @ 1
[    1.655831] initcall pci_driver_init+0x0/0x21 returned 0 after 0 usecs
[    1.656663] calling  backlight_class_init+0x0/0xa8 @ 1
[    1.657723] initcall backlight_class_init+0x0/0xa8 returned 0 after 0 usecs
[    1.658662] calling  tty_class_init+0x0/0x33 @ 1
[    1.659680] initcall tty_class_init+0x0/0x33 returned 0 after 0 usecs
[    1.660660] calling  vtconsole_class_init+0x0/0xb5 @ 1
[    1.662878] initcall vtconsole_class_init+0x0/0xb5 returned 0 after 1000 usecs
[    1.663661] calling  iommu_dev_init+0x0/0x13 @ 1
[    1.664697] initcall iommu_dev_init+0x0/0x13 returned 0 after 0 usecs
[    1.665662] calling  mipi_dsi_bus_init+0x0/0xc @ 1
[    1.666711] initcall mipi_dsi_bus_init+0x0/0xc returned 0 after 0 usecs
[    1.667660] calling  devlink_class_init+0x0/0x40 @ 1
[    1.668722] initcall devlink_class_init+0x0/0x40 returned 0 after 0 usecs
[    1.669661] calling  software_node_init+0x0/0x2a @ 1
[    1.670670] initcall software_node_init+0x0/0x2a returned 0 after 0 usecs
[    1.671661] calling  wakeup_sources_debugfs_init+0x0/0x23 @ 1
[    1.672688] initcall wakeup_sources_debugfs_init+0x0/0x23 returned 0 after 0 usecs
[    1.673661] calling  wakeup_sources_sysfs_init+0x0/0x2c @ 1
[    1.674685] initcall wakeup_sources_sysfs_init+0x0/0x2c returned 0 after 0 usecs
[    1.675664] calling  regmap_initcall+0x0/0xc @ 1
[    1.676754] initcall regmap_initcall+0x0/0xc returned 0 after 0 usecs
[    1.677661] calling  i2c_init+0x0/0xb3 @ 1
[    1.679660] initcall i2c_init+0x0/0xb3 returned 0 after 1000 usecs
[    1.680661] calling  thermal_init+0x0/0x10a @ 1
[    1.681734] thermal_sys: Registered thermal governor 'step_wise'
[    1.681746] thermal_sys: Registered thermal governor 'user_space'
[    1.682742] initcall thermal_init+0x0/0x10a returned 0 after 1000 usecs
[    1.684662] calling  init_menu+0x0/0xc @ 1
[    1.685924] cpuidle: using governor menu
[    1.686662] initcall init_menu+0x0/0xc returned 0 after 1000 usecs
[    1.687667] calling  pcc_init+0x0/0x4d @ 1
[    1.688772] initcall pcc_init+0x0/0x4d returned -19 after 0 usecs
[    1.689661] calling  amd_postcore_init+0x0/0x11e @ 1
[    1.690662] initcall amd_postcore_init+0x0/0x11e returned 0 after 0 usecs
[    1.691684] calling  bts_init+0x0/0xba @ 1
[    1.692661] initcall bts_init+0x0/0xba returned -19 after 0 usecs
[    1.693661] calling  pt_init+0x0/0x36a @ 1
[    1.694662] initcall pt_init+0x0/0x36a returned -19 after 0 usecs
[    1.695660] calling  boot_params_ksysfs_init+0x0/0x2ee @ 1
[    1.696726] initcall boot_params_ksysfs_init+0x0/0x2ee returned 0 after 0 usecs
[    1.697662] calling  sbf_init+0x0/0xea @ 1
[    1.698663] initcall sbf_init+0x0/0xea returned 0 after 0 usecs
[    1.699663] calling  arch_kdebugfs_init+0x0/0x219 @ 1
[    1.700749] initcall arch_kdebugfs_init+0x0/0x219 returned 0 after 0 usecs
[    1.701662] calling  xfd_update_static_branch+0x0/0x1d @ 1
[    1.702662] initcall xfd_update_static_branch+0x0/0x1d returned 0 after 0 usecs
[    1.703660] calling  intel_pconfig_init+0x0/0x85 @ 1
[    1.704661] initcall intel_pconfig_init+0x0/0x85 returned 0 after 0 usecs
[    1.705660] calling  mtrr_if_init+0x0/0x5d @ 1
[    1.706682] initcall mtrr_if_init+0x0/0x5d returned 0 after 0 usecs
[    1.707661] calling  activate_jump_labels+0x0/0x31 @ 1
[    1.708661] initcall activate_jump_labels+0x0/0x31 returned 0 after 0 usecs
[    1.709660] calling  init_s4_sigcheck+0x0/0x23 @ 1
[    1.710679] initcall init_s4_sigcheck+0x0/0x23 returned 0 after 0 usecs
[    1.711660] calling  ffh_cstate_init+0x0/0x30 @ 1
[    1.712668] initcall ffh_cstate_init+0x0/0x30 returned 0 after 0 usecs
[    1.713663] calling  kvm_alloc_cpumask+0x0/0x8b @ 1
[    1.714736] initcall kvm_alloc_cpumask+0x0/0x8b returned 0 after 0 usecs
[    1.715661] calling  activate_jump_labels+0x0/0x31 @ 1
[    1.718381] initcall activate_jump_labels+0x0/0x31 returned 0 after 1000 usecs
[    1.718661] calling  kcmp_cookies_init+0x0/0x37 @ 1
[    1.719667] initcall kcmp_cookies_init+0x0/0x37 returned 0 after 0 usecs
[    1.720660] calling  cryptomgr_init+0x0/0xc @ 1
[    1.721733] initcall cryptomgr_init+0x0/0xc returned 0 after 0 usecs
[    1.722662] calling  acpi_pci_init+0x0/0x3b @ 1
[    1.723661] initcall acpi_pci_init+0x0/0x3b returned 0 after 0 usecs
[    1.724660] calling  dma_channel_table_init+0x0/0xf4 @ 1
[    1.725678] initcall dma_channel_table_init+0x0/0xf4 returned 0 after 0 usecs
[    1.726661] calling  dma_bus_init+0x0/0xdc @ 1
[    1.727789] initcall dma_bus_init+0x0/0xdc returned 0 after 0 usecs
[    1.728661] calling  iommu_dma_init+0x0/0x20 @ 1
[    1.729879] initcall iommu_dma_init+0x0/0x20 returned 0 after 0 usecs
[    1.731661] calling  dmi_id_init+0x0/0x37c @ 1
[    1.733845] initcall dmi_id_init+0x0/0x37c returned 0 after 1000 usecs
[    1.734661] calling  pci_arch_init+0x0/0x71 @ 1
[    1.736441] PCI: MMCONFIG for domain 0000 [bus 00-ff] at [mem 0xb0000000-0xbfffffff] (base 0xb0000000)
[    1.736684] PCI: MMCONFIG at [mem 0xb0000000-0xbfffffff] reserved in E820
[    1.737964] PCI: Using configuration type 1 for base access
[    1.738664] initcall pci_arch_init+0x0/0x71 returned 0 after 3000 usecs
[    1.739684] calling  init_vdso+0x0/0x13 @ 1
[    1.740718] initcall init_vdso+0x0/0x13 returned 0 after 0 usecs
[    1.741661] calling  sysenter_setup+0x0/0x13 @ 1
[    1.742687] initcall sysenter_setup+0x0/0x13 returned 0 after 0 usecs
[    1.743660] calling  fixup_ht_bug+0x0/0xfe @ 1
[    1.744672] initcall fixup_ht_bug+0x0/0xfe returned 0 after 0 usecs
[    1.745661] calling  topology_init+0x0/0x4a @ 1
[    1.748154] initcall topology_init+0x0/0x4a returned 0 after 1000 usecs
[    1.748661] calling  intel_epb_init+0x0/0x83 @ 1
[    1.749681] initcall intel_epb_init+0x0/0x83 returned -19 after 0 usecs
[    1.750660] calling  mtrr_init_finialize+0x0/0x3e @ 1
[    1.751662] initcall mtrr_init_finialize+0x0/0x3e returned 0 after 0 usecs
[    1.752661] calling  uid_cache_init+0x0/0xaf @ 1
[    1.753730] initcall uid_cache_init+0x0/0xaf returned 0 after 0 usecs
[    1.755660] calling  param_sysfs_init+0x0/0x1b5 @ 1
[    1.772429] initcall param_sysfs_init+0x0/0x1b5 returned 0 after 14000 usecs
[    1.772662] calling  user_namespace_sysctl_init+0x0/0xbb @ 1
[    1.773678] initcall user_namespace_sysctl_init+0x0/0xbb returned 0 after 0 usecs
[    1.774661] calling  proc_schedstat_init+0x0/0x24 @ 1
[    1.775668] initcall proc_schedstat_init+0x0/0x24 returned 0 after 0 usecs
[    1.776661] calling  pm_sysrq_init+0x0/0x18 @ 1
[    1.778696] initcall pm_sysrq_init+0x0/0x18 returned 0 after 1000 usecs
[    1.779707] calling  create_proc_profile+0x0/0xd0 @ 1
[    1.780661] initcall create_proc_profile+0x0/0xd0 returned 0 after 0 usecs
[    1.781661] calling  crash_save_vmcoreinfo_init+0x0/0x6ed @ 1
[    1.782749] initcall crash_save_vmcoreinfo_init+0x0/0x6ed returned 0 after 0 usecs
[    1.783663] calling  crash_notes_memory_init+0x0/0x35 @ 1
[    1.784671] initcall crash_notes_memory_init+0x0/0x35 returned 0 after 0 usecs
[    1.785663] calling  cgroup_sysfs_init+0x0/0x13 @ 1
[    1.786700] initcall cgroup_sysfs_init+0x0/0x13 returned 0 after 0 usecs
[    1.787662] calling  cgroup_namespaces_init+0x0/0x7 @ 1
[    1.788661] initcall cgroup_namespaces_init+0x0/0x7 returned 0 after 0 usecs
[    1.789661] calling  init_optprobes+0x0/0x13 @ 1
[    1.790758] kprobes: kprobe jump-optimization is enabled. All kprobes are optimized if possible.
[    1.791662] initcall init_optprobes+0x0/0x13 returned 0 after 1000 usecs
[    1.792662] calling  trace_eval_init+0x0/0xb2 @ 1
[    1.793863] initcall trace_eval_init+0x0/0xb2 returned 0 after 0 usecs
[    1.794662] calling  oom_init+0x0/0x49 @ 1
[    1.796839] initcall oom_init+0x0/0x49 returned 0 after 1000 usecs
[    1.797818] calling  default_bdi_init+0x0/0x28 @ 1
[    1.799915] initcall default_bdi_init+0x0/0x28 returned 0 after 1000 usecs
[    1.800662] calling  percpu_enable_async+0x0/0xe @ 1
[    1.801662] initcall percpu_enable_async+0x0/0xe returned 0 after 0 usecs
[    1.802661] calling  kcompactd_init+0x0/0x8a @ 1
[    1.804663] initcall kcompactd_init+0x0/0x8a returned 0 after 1000 usecs
[    1.805661] calling  init_user_reserve+0x0/0x40 @ 1
[    1.807661] initcall init_user_reserve+0x0/0x40 returned 0 after 0 usecs
[    1.808660] calling  init_admin_reserve+0x0/0x40 @ 1
[    1.809663] initcall init_admin_reserve+0x0/0x40 returned 0 after 0 usecs
[    1.810660] calling  init_reserve_notifier+0x0/0x7 @ 1
[    1.811661] initcall init_reserve_notifier+0x0/0x7 returned 0 after 0 usecs
[    1.812660] calling  swap_init_sysfs+0x0/0x62 @ 1
[    1.813678] initcall swap_init_sysfs+0x0/0x62 returned 0 after 0 usecs
[    1.814661] calling  swapfile_init+0x0/0x91 @ 1
[    1.815663] initcall swapfile_init+0x0/0x91 returned 0 after 0 usecs
[    1.816660] calling  hugetlb_init+0x0/0x5a0 @ 1
[    1.817697] HugeTLB: registered 2.00 MiB page size, pre-allocated 0 pages
[    1.818661] HugeTLB: 28 KiB vmemmap can be freed for a 2.00 MiB page
[    1.819788] initcall hugetlb_init+0x0/0x5a0 returned 0 after 2000 usecs
[    1.820661] calling  numa_init_sysfs+0x0/0x62 @ 1
[    1.821676] initcall numa_init_sysfs+0x0/0x62 returned 0 after 0 usecs
[    1.822661] calling  seqiv_module_init+0x0/0xc @ 1
[    1.823755] initcall seqiv_module_init+0x0/0xc returned 0 after 0 usecs
[    1.824661] calling  echainiv_module_init+0x0/0xc @ 1
[    1.825663] initcall echainiv_module_init+0x0/0xc returned 0 after 0 usecs
[    1.826661] calling  rsa_init+0x0/0x50 @ 1
[    1.827718] initcall rsa_init+0x0/0x50 returned 0 after 0 usecs
[    1.828661] calling  crypto_cmac_module_init+0x0/0xc @ 1
[    1.829662] initcall crypto_cmac_module_init+0x0/0xc returned 0 after 0 usecs
[    1.830661] calling  hmac_module_init+0x0/0xc @ 1
[    1.831662] initcall hmac_module_init+0x0/0xc returned 0 after 0 usecs
[    1.832661] calling  crypto_null_mod_init+0x0/0x65 @ 1
[    1.833718] initcall crypto_null_mod_init+0x0/0x65 returned 0 after 0 usecs
[    1.834660] calling  md5_mod_init+0x0/0xc @ 1
[    1.835665] initcall md5_mod_init+0x0/0xc returned 0 after 0 usecs
[    1.836661] calling  sha256_generic_mod_init+0x0/0x11 @ 1
[    1.837667] initcall sha256_generic_mod_init+0x0/0x11 returned 0 after 0 usecs
[    1.838661] calling  sha512_generic_mod_init+0x0/0x11 @ 1
[    1.839667] initcall sha512_generic_mod_init+0x0/0x11 returned 0 after 0 usecs
[    1.840661] calling  crypto_cbc_module_init+0x0/0xc @ 1
[    1.841662] initcall crypto_cbc_module_init+0x0/0xc returned 0 after 0 usecs
[    1.842660] calling  crypto_ctr_module_init+0x0/0x11 @ 1
[    1.843676] initcall crypto_ctr_module_init+0x0/0x11 returned 0 after 0 usecs
[    1.844660] calling  crypto_gcm_module_init+0x0/0x64 @ 1
[    1.845687] initcall crypto_gcm_module_init+0x0/0x64 returned 0 after 0 usecs
[    1.846661] calling  crypto_ccm_module_init+0x0/0x11 @ 1
[    1.847663] initcall crypto_ccm_module_init+0x0/0x11 returned 0 after 0 usecs
[    1.848660] calling  aes_init+0x0/0xc @ 1
[    1.849667] initcall aes_init+0x0/0xc returned 0 after 0 usecs
[    1.850660] calling  crc32c_mod_init+0x0/0xc @ 1
[    1.851667] initcall crc32c_mod_init+0x0/0xc returned 0 after 0 usecs
[    1.852661] calling  crypto_authenc_module_init+0x0/0xc @ 1
[    1.853663] initcall crypto_authenc_module_init+0x0/0xc returned 0 after 0 usecs
[    1.854660] calling  crypto_authenc_esn_module_init+0x0/0xc @ 1
[    1.855663] initcall crypto_authenc_esn_module_init+0x0/0xc returned 0 after 0 usecs
[    1.856660] calling  drbg_init+0x0/0x7c @ 1
[    1.858725] initcall drbg_init+0x0/0x7c returned 0 after 0 usecs
[    1.859661] calling  ghash_mod_init+0x0/0xc @ 1
[    1.860668] initcall ghash_mod_init+0x0/0xc returned 0 after 0 usecs
[    1.861660] calling  init_bio+0x0/0x83 @ 1
[    1.862951] initcall init_bio+0x0/0x83 returned 0 after 0 usecs
[    1.863661] calling  blk_ioc_init+0x0/0x29 @ 1
[    1.864681] initcall blk_ioc_init+0x0/0x29 returned 0 after 0 usecs
[    1.865662] calling  blk_mq_init+0x0/0xd1 @ 1
[    1.866680] initcall blk_mq_init+0x0/0xd1 returned 0 after 0 usecs
[    1.867660] calling  genhd_device_init+0x0/0x5d @ 1
[    1.869957] initcall genhd_device_init+0x0/0x5d returned 0 after 1000 usecs
[    1.870667] calling  blkcg_init+0x0/0x28 @ 1
[    1.872881] initcall blkcg_init+0x0/0x28 returned 0 after 1000 usecs
[    1.873661] calling  io_wq_init+0x0/0x38 @ 1
[    1.874663] initcall io_wq_init+0x0/0x38 returned 0 after 0 usecs
[    1.875661] calling  pci_slot_init+0x0/0x40 @ 1
[    1.876711] initcall pci_slot_init+0x0/0x40 returned 0 after 0 usecs
[    1.877661] calling  acpi_init+0x0/0x485 @ 1
[    1.878993] ACPI: Added _OSI(Module Device)
[    1.879662] ACPI: Added _OSI(Processor Device)
[    1.880663] ACPI: Added _OSI(3.0 _SCP Extensions)
[    1.881661] ACPI: Added _OSI(Processor Aggregator Device)
[    1.882665] ACPI: Added _OSI(Linux-Dell-Video)
[    1.883664] ACPI: Added _OSI(Linux-Lenovo-NV-HDMI-Audio)
[    1.884666] ACPI: Added _OSI(Linux-HPI-Hybrid-Graphics)
[    1.893487] ACPI: 1 ACPI AML tables successfully acquired and loaded
[    1.901990] ACPI: Interpreter enabled
[    1.902827] ACPI: PM: (supports S0 S3 S4 S5)
[    1.903684] ACPI: Using IOAPIC for interrupt routing
[    1.904747] PCI: Using host bridge windows from ACPI; if necessary, use "pci=nocrs" and report a bug
[    1.905660] PCI: Using E820 reservations for host bridge windows
[    1.907881] ACPI: Enabled 2 GPEs in block 00 to 3F
[    1.920986] ACPI: PCI Root Bridge [PCI0] (domain 0000 [bus 00-ff])
[    1.921727] acpi PNP0A08:00: _OSC: OS supports [ExtendedConfig ASPM ClockPM Segments MSI HPX-Type3]
[    1.923845] acpi PNP0A08:00: _OSC: platform does not support [LTR]
[    1.924974] acpi PNP0A08:00: _OSC: OS now controls [PME PCIeCapability]
[    1.926891] PCI host bridge to bus 0000:00
[    1.927663] pci_bus 0000:00: root bus resource [io  0x0000-0x0cf7 window]
[    1.928663] pci_bus 0000:00: root bus resource [io  0x0d00-0xffff window]
[    1.929662] pci_bus 0000:00: root bus resource [mem 0x000a0000-0x000bffff window]
[    1.930662] pci_bus 0000:00: root bus resource [mem 0x20000000-0xafffffff window]
[    1.931664] pci_bus 0000:00: root bus resource [mem 0xc0000000-0xfebfffff window]
[    1.932663] pci_bus 0000:00: root bus resource [mem 0x100000000-0x8ffffffff window]
[    1.933665] pci_bus 0000:00: root bus resource [bus 00-ff]
[    1.935254] pci 0000:00:00.0: calling  quirk_mmio_always_on+0x0/0x10 @ 1
[    1.935673] pci 0000:00:00.0: quirk_mmio_always_on+0x0/0x10 took 0 usecs
[    1.936664] pci 0000:00:00.0: [8086:29c0] type 00 class 0x060000
[    1.941178] pci 0000:00:00.0: calling  quirk_igfx_skip_te_disable+0x0/0x80 @ 1
[    1.941703] pci 0000:00:00.0: quirk_igfx_skip_te_disable+0x0/0x80 took 0 usecs
[    1.945308] pci 0000:00:01.0: [1234:1111] type 00 class 0x030000
[    1.950733] pci 0000:00:01.0: reg 0x10: [mem 0xfd000000-0xfdffffff pref]
[    1.963078] pci 0000:00:01.0: reg 0x18: [mem 0xfebf0000-0xfebf0fff]
[    1.980993] pci 0000:00:01.0: reg 0x30: [mem 0xfebe0000-0xfebeffff pref]
[    1.983775] pci 0000:00:01.0: calling  pci_fixup_video+0x0/0xe0 @ 1
[    1.985669] pci 0000:00:01.0: Video device with shadowed ROM at [mem 0x000c0000-0x000dffff]
[    1.986663] pci 0000:00:01.0: pci_fixup_video+0x0/0xe0 took 1953 usecs
[    1.992937] pci 0000:00:1f.0: [8086:2918] type 00 class 0x060100
[    1.998674] pci 0000:00:1f.0: calling  quirk_ich7_lpc+0x0/0x60 @ 1
[    1.999855] pci 0000:00:1f.0: quirk: [io  0x0600-0x067f] claimed by ICH6 ACPI/GPIO/TCO
[    2.001729] pci 0000:00:1f.0: quirk_ich7_lpc+0x0/0x60 took 1953 usecs
[    2.002662] pci 0000:00:1f.0: calling  quirk_igfx_skip_te_disable+0x0/0x80 @ 1
[    2.003701] pci 0000:00:1f.0: quirk_igfx_skip_te_disable+0x0/0x80 took 0 usecs
[    2.006798] pci 0000:00:1f.2: [8086:2922] type 00 class 0x010601
[    2.016394] pci 0000:00:1f.2: reg 0x20: [io  0xc040-0xc05f]
[    2.018298] pci 0000:00:1f.2: reg 0x24: [mem 0xfebf1000-0xfebf1fff]
[    2.020192] pci 0000:00:1f.2: calling  quirk_igfx_skip_te_disable+0x0/0x80 @ 1
[    2.020663] pci 0000:00:1f.2: quirk_igfx_skip_te_disable+0x0/0x80 took 0 usecs
[    2.025876] pci 0000:00:1f.3: [8086:2930] type 00 class 0x0c0500
[    2.032462] pci 0000:00:1f.3: reg 0x20: [io  0x0700-0x073f]
[    2.034818] pci 0000:00:1f.3: calling  quirk_igfx_skip_te_disable+0x0/0x80 @ 1
[    2.035664] pci 0000:00:1f.3: quirk_igfx_skip_te_disable+0x0/0x80 took 0 usecs
[    2.041882] ACPI: PCI: Interrupt link LNKA configured for IRQ 10
[    2.043723] ACPI: PCI: Interrupt link LNKB configured for IRQ 10
[    2.045158] ACPI: PCI: Interrupt link LNKC configured for IRQ 11
[    2.046140] ACPI: PCI: Interrupt link LNKD configured for IRQ 11
[    2.047966] ACPI: PCI: Interrupt link LNKE configured for IRQ 10
[    2.049868] ACPI: PCI: Interrupt link LNKF configured for IRQ 10
[    2.051155] ACPI: PCI: Interrupt link LNKG configured for IRQ 11
[    2.052300] ACPI: PCI: Interrupt link LNKH configured for IRQ 11
[    2.052950] ACPI: PCI: Interrupt link GSIA configured for IRQ 16
[    2.053721] ACPI: PCI: Interrupt link GSIB configured for IRQ 17
[    2.055682] ACPI: PCI: Interrupt link GSIC configured for IRQ 18
[    2.056703] ACPI: PCI: Interrupt link GSID configured for IRQ 19
[    2.057714] ACPI: PCI: Interrupt link GSIE configured for IRQ 20
[    2.058718] ACPI: PCI: Interrupt link GSIF configured for IRQ 21
[    2.059710] ACPI: PCI: Interrupt link GSIG configured for IRQ 22
[    2.060717] ACPI: PCI: Interrupt link GSIH configured for IRQ 23
[    2.064843] initcall acpi_init+0x0/0x485 returned 0 after 186000 usecs
[    2.065680] calling  pnp_init+0x0/0xc @ 1
[    2.066701] initcall pnp_init+0x0/0xc returned 0 after 0 usecs
[    2.067661] calling  misc_init+0x0/0xbf @ 1
[    2.068874] initcall misc_init+0x0/0xbf returned 0 after 0 usecs
[    2.069661] calling  iommu_subsys_init+0x0/0xca @ 1
[    2.070672] iommu: Default domain type: Translated 
[    2.071660] iommu: DMA domain TLB invalidation policy: lazy mode 
[    2.072661] initcall iommu_subsys_init+0x0/0xca returned 0 after 2000 usecs
[    2.073661] calling  cn_init+0x0/0xf0 @ 1
[    2.075044] initcall cn_init+0x0/0xf0 returned 0 after 0 usecs
[    2.075660] calling  dma_buf_init+0x0/0xad @ 1
[    2.077158] initcall dma_buf_init+0x0/0xad returned 0 after 0 usecs
[    2.077661] calling  dma_resv_lockdep+0x0/0x2b0 @ 1
[    2.078958] initcall dma_resv_lockdep+0x0/0x2b0 returned 0 after 0 usecs
[    2.079663] calling  init_scsi+0x0/0x79 @ 1
[    2.081928] SCSI subsystem initialized
[    2.082661] initcall init_scsi+0x0/0x79 returned 0 after 2000 usecs
[    2.083661] calling  ata_init+0x0/0x332 @ 1
[    2.086880] libata version 3.00 loaded.
[    2.087661] initcall ata_init+0x0/0x332 returned 0 after 3000 usecs
[    2.088661] calling  phy_init+0x0/0x1e9 @ 1
[    2.089933] initcall phy_init+0x0/0x1e9 returned 0 after 0 usecs
[    2.090663] calling  init_pcmcia_cs+0x0/0x35 @ 1
[    2.091750] initcall init_pcmcia_cs+0x0/0x35 returned 0 after 0 usecs
[    2.092661] calling  usb_common_init+0x0/0x1c @ 1
[    2.093695] initcall usb_common_init+0x0/0x1c returned 0 after 0 usecs
[    2.094662] calling  usb_init+0x0/0x120 @ 1
[    2.096659] ACPI: bus type USB registered
[    2.098198] usbcore: registered new interface driver usbfs
[    2.098720] usbcore: registered new interface driver hub
[    2.099729] usbcore: registered new device driver usb
[    2.100662] initcall usb_init+0x0/0x120 returned 0 after 5000 usecs
[    2.101666] calling  serio_init+0x0/0x29 @ 1
[    2.102712] initcall serio_init+0x0/0x29 returned 0 after 0 usecs
[    2.103661] calling  input_init+0x0/0xf6 @ 1
[    2.104733] initcall input_init+0x0/0xf6 returned 0 after 0 usecs
[    2.105661] calling  rtc_init+0x0/0x4d @ 1
[    2.106699] initcall rtc_init+0x0/0x4d returned 0 after 0 usecs
[    2.107662] calling  pps_init+0x0/0xa9 @ 1
[    2.108688] pps_core: LinuxPPS API ver. 1 registered
[    2.109660] pps_core: Software ver. 5.3.6 - Copyright 2005-2007 Rodolfo Giometti <giometti@linux.it>
[    2.110660] initcall pps_init+0x0/0xa9 returned 0 after 2000 usecs
[    2.111661] calling  ptp_init+0x0/0x98 @ 1
[    2.112680] PTP clock support registered
[    2.113662] initcall ptp_init+0x0/0x98 returned 0 after 1000 usecs
[    2.114661] calling  power_supply_class_init+0x0/0x3f @ 1
[    2.116661] initcall power_supply_class_init+0x0/0x3f returned 0 after 1000 usecs
[    2.117662] calling  hwmon_init+0x0/0x104 @ 1
[    2.118684] initcall hwmon_init+0x0/0x104 returned 0 after 0 usecs
[    2.119661] calling  md_init+0x0/0x132 @ 1
[    2.125061] initcall md_init+0x0/0x132 returned 0 after 4000 usecs
[    2.126661] calling  leds_init+0x0/0x3b @ 1
[    2.127796] initcall leds_init+0x0/0x3b returned 0 after 0 usecs
[    2.128661] calling  dmi_init+0x0/0x113 @ 1
[    2.129808] initcall dmi_init+0x0/0x113 returned 0 after 0 usecs
[    2.130662] calling  efisubsys_init+0x0/0x554 @ 1
[    2.131662] initcall efisubsys_init+0x0/0x554 returned 0 after 0 usecs
[    2.132663] calling  nvmem_init+0x0/0xc @ 1
[    2.133772] initcall nvmem_init+0x0/0xc returned 0 after 0 usecs
[    2.134661] calling  init_soundcore+0x0/0x33 @ 1
[    2.136952] initcall init_soundcore+0x0/0x33 returned 0 after 1000 usecs
[    2.137662] calling  alsa_sound_init+0x0/0x8f @ 1
[    2.139904] Advanced Linux Sound Architecture Driver Initialized.
[    2.140662] initcall alsa_sound_init+0x0/0x8f returned 0 after 2000 usecs
[    2.141661] calling  alsa_seq_device_init+0x0/0x71 @ 1
[    2.142762] initcall alsa_seq_device_init+0x0/0x71 returned 0 after 0 usecs
[    2.143663] calling  hda_bus_init+0x0/0xc @ 1
[    2.144708] initcall hda_bus_init+0x0/0xc returned 0 after 0 usecs
[    2.145662] calling  proto_init+0x0/0xc @ 1
[    2.147681] initcall proto_init+0x0/0xc returned 0 after 1000 usecs
[    2.148661] calling  net_dev_init+0x0/0x2d4 @ 1
[    2.152789] initcall net_dev_init+0x0/0x2d4 returned 0 after 3000 usecs
[    2.153661] calling  neigh_init+0x0/0x84 @ 1
[    2.154671] initcall neigh_init+0x0/0x84 returned 0 after 0 usecs
[    2.155661] calling  fib_notifier_init+0x0/0xc @ 1
[    2.156701] initcall fib_notifier_init+0x0/0xc returned 0 after 0 usecs
[    2.157662] calling  fib_rules_init+0x0/0xab @ 1
[    2.158714] initcall fib_rules_init+0x0/0xab returned 0 after 0 usecs
[    2.159664] calling  init_cgroup_netprio+0x0/0x13 @ 1
[    2.161688] initcall init_cgroup_netprio+0x0/0x13 returned 0 after 1000 usecs
[    2.162664] calling  pktsched_init+0x0/0x10e @ 1
[    2.163787] initcall pktsched_init+0x0/0x10e returned 0 after 0 usecs
[    2.164662] calling  tc_filter_init+0x0/0xfa @ 1
[    2.165720] initcall tc_filter_init+0x0/0xfa returned 0 after 0 usecs
[    2.166661] calling  tc_action_init+0x0/0x54 @ 1
[    2.167670] initcall tc_action_init+0x0/0x54 returned 0 after 0 usecs
[    2.168661] calling  ethnl_init+0x0/0x52 @ 1
[    2.169805] initcall ethnl_init+0x0/0x52 returned 0 after 0 usecs
[    2.170661] calling  nexthop_init+0x0/0xf5 @ 1
[    2.171755] initcall nexthop_init+0x0/0xf5 returned 0 after 0 usecs
[    2.172662] calling  cipso_v4_init+0x0/0x86 @ 1
[    2.173715] initcall cipso_v4_init+0x0/0x86 returned 0 after 0 usecs
[    2.174661] calling  ieee80211_init+0x0/0x24 @ 1
[    2.175916] initcall ieee80211_init+0x0/0x24 returned 0 after 0 usecs
[    2.176662] calling  netlbl_init+0x0/0x78 @ 1
[    2.177661] NetLabel: Initializing
[    2.178663] NetLabel:  domain hash size = 128
[    2.179663] NetLabel:  protocols = UNLABELED CIPSOv4 CALIPSO
[    2.180928] NetLabel:  unlabeled traffic allowed by default
[    2.181663] initcall netlbl_init+0x0/0x78 returned 0 after 4000 usecs
[    2.182663] calling  rfkill_init+0x0/0x136 @ 1
[    2.185047] initcall rfkill_init+0x0/0x136 returned 0 after 1000 usecs
[    2.185662] calling  pci_subsys_init+0x0/0x66 @ 1
[    2.186662] PCI: Using ACPI for IRQ routing
[    2.803889] PCI: pci_cache_line_size set to 64 bytes
[    2.805932] e820: reserve RAM buffer [mem 0x0009fc00-0x0009ffff]
[    2.806666] e820: reserve RAM buffer [mem 0x1ffdf000-0x1fffffff]
[    2.807667] initcall pci_subsys_init+0x0/0x66 returned 0 after 621000 usecs
[    2.808661] calling  vga_arb_device_init+0x0/0x72 @ 1
[    2.809908] pci 0000:00:01.0: vgaarb: setting as boot VGA device
[    2.810656] pci 0000:00:01.0: vgaarb: bridge control possible
[    2.810656] pci 0000:00:01.0: vgaarb: VGA device added: decodes=io+mem,owns=io+mem,locks=none
[    2.810667] vgaarb: loaded
[    2.811661] initcall vga_arb_device_init+0x0/0x72 returned 0 after 2000 usecs
[    2.814375] calling  nmi_warning_debugfs+0x0/0x26 @ 1
[    2.814692] initcall nmi_warning_debugfs+0x0/0x26 returned 0 after 0 usecs
[    2.815660] calling  save_microcode_in_initrd+0x0/0x51 @ 1
[    2.817713] initcall save_microcode_in_initrd+0x0/0x51 returned 0 after 0 usecs
[    2.818661] calling  hpet_late_init+0x0/0x36a @ 1
[    2.819737] hpet: 3 channels of 0 reserved for per-cpu timers
[    2.820759] hpet0: at MMIO 0xfed00000, IRQs 2, 8, 0
[    2.821660] hpet0: 3 comparators, 64-bit 100.000000 MHz counter
[    2.827661] initcall hpet_late_init+0x0/0x36a returned 0 after 8000 usecs
[    2.828662] calling  init_amd_nbs+0x0/0x378 @ 1
[    2.829684] initcall init_amd_nbs+0x0/0x378 returned 0 after 0 usecs
[    2.830663] calling  iomem_init_inode+0x0/0x80 @ 1
[    2.832752] initcall iomem_init_inode+0x0/0x80 returned 0 after 1000 usecs
[    2.833663] calling  clocksource_done_booting+0x0/0x43 @ 1
[    2.842715] clocksource: Switched to clocksource kvm-clock
[    2.848899] initcall clocksource_done_booting+0x0/0x43 returned 0 after 14243 usecs
[    2.856433] calling  tracer_init_tracefs+0x0/0xf6 @ 1
[    2.861827] initcall tracer_init_tracefs+0x0/0xf6 returned 0 after 270 usecs
[    2.868868] calling  init_trace_printk_function_export+0x0/0x2c @ 1
[    2.875178] initcall init_trace_printk_function_export+0x0/0x2c returned 0 after 52 usecs
[    2.883190] calling  init_kprobe_trace+0x0/0x178 @ 1
[    2.984376] initcall init_kprobe_trace+0x0/0x178 returned 0 after 96145 usecs
[    2.991524] calling  init_dynamic_event+0x0/0x2c @ 1
[    2.997587] initcall init_dynamic_event+0x0/0x2c returned 0 after 20 usecs
[    3.004615] calling  init_uprobe_trace+0x0/0x5c @ 1
[    3.009542] initcall init_uprobe_trace+0x0/0x5c returned 0 after 117 usecs
[    3.016191] calling  secretmem_init+0x0/0x40 @ 1
[    3.021010] initcall secretmem_init+0x0/0x40 returned 0 after 0 usecs
[    3.027282] calling  init_fs_stat_sysctls+0x0/0x2d @ 1
[    3.032296] initcall init_fs_stat_sysctls+0x0/0x2d returned 0 after 24 usecs
[    3.039060] calling  init_fs_exec_sysctls+0x0/0x21 @ 1
[    3.044101] initcall init_fs_exec_sysctls+0x0/0x21 returned 0 after 6 usecs
[    3.050936] calling  init_pipe_fs+0x0/0x5e @ 1
[    3.055630] initcall init_pipe_fs+0x0/0x5e returned 0 after 223 usecs
[    3.061947] calling  init_fs_namei_sysctls+0x0/0x21 @ 1
[    3.067067] initcall init_fs_namei_sysctls+0x0/0x21 returned 0 after 7 usecs
[    3.073866] calling  init_fs_dcache_sysctls+0x0/0x21 @ 1
[    3.079063] initcall init_fs_dcache_sysctls+0x0/0x21 returned 0 after 6 usecs
[    3.085965] calling  init_fs_namespace_sysctls+0x0/0x21 @ 1
[    3.091510] initcall init_fs_namespace_sysctls+0x0/0x21 returned 0 after 6 usecs
[    3.098651] calling  inotify_user_setup+0x0/0xdc @ 1
[    3.103610] initcall inotify_user_setup+0x0/0xdc returned 0 after 60 usecs
[    3.110332] calling  eventpoll_init+0x0/0xeb @ 1
[    3.114949] initcall eventpoll_init+0x0/0xeb returned 0 after 17 usecs
[    3.121282] calling  anon_inode_init+0x0/0x58 @ 1
[    3.126195] initcall anon_inode_init+0x0/0x58 returned 0 after 166 usecs
[    3.132741] calling  proc_locks_init+0x0/0x27 @ 1
[    3.137393] initcall proc_locks_init+0x0/0x27 returned 0 after 7 usecs
[    3.143721] calling  init_fs_coredump_sysctls+0x0/0x21 @ 1
[    3.149079] initcall init_fs_coredump_sysctls+0x0/0x21 returned 0 after 21 usecs
[    3.156215] calling  iomap_init+0x0/0x1b @ 1
[    3.160900] initcall iomap_init+0x0/0x1b returned 0 after 298 usecs
[    3.166958] calling  dquot_init+0x0/0x10d @ 1
[    3.171249] VFS: Disk quotas dquot_6.6.0
[    3.175197] VFS: Dquot-cache hash table entries: 512 (order 0, 4096 bytes)
[    3.181851] initcall dquot_init+0x0/0x10d returned 0 after 10602 usecs
[    3.188243] calling  quota_init+0x0/0x23 @ 1
[    3.192444] initcall quota_init+0x0/0x23 returned 0 after 20 usecs
[    3.198535] calling  proc_cmdline_init+0x0/0x21 @ 1
[    3.203371] initcall proc_cmdline_init+0x0/0x21 returned 0 after 8 usecs
[    3.209836] calling  proc_consoles_init+0x0/0x24 @ 1
[    3.214663] initcall proc_consoles_init+0x0/0x24 returned 0 after 6 usecs
[    3.221190] calling  proc_cpuinfo_init+0x0/0x1e @ 1
[    3.226299] initcall proc_cpuinfo_init+0x0/0x1e returned 0 after 6 usecs
[    3.233083] calling  proc_devices_init+0x0/0x24 @ 1
[    3.239137] initcall proc_devices_init+0x0/0x24 returned 0 after 8 usecs
[    3.245891] calling  proc_interrupts_init+0x0/0x24 @ 1
[    3.250963] initcall proc_interrupts_init+0x0/0x24 returned 0 after 35 usecs
[    3.257825] calling  proc_loadavg_init+0x0/0x21 @ 1
[    3.262611] initcall proc_loadavg_init+0x0/0x21 returned 0 after 5 usecs
[    3.269267] calling  proc_meminfo_init+0x0/0x21 @ 1
[    3.274059] initcall proc_meminfo_init+0x0/0x21 returned 0 after 5 usecs
[    3.280908] calling  proc_stat_init+0x0/0x1e @ 1
[    3.285507] initcall proc_stat_init+0x0/0x1e returned 0 after 6 usecs
[    3.292719] calling  proc_uptime_init+0x0/0x21 @ 1
[    3.304209] initcall proc_uptime_init+0x0/0x21 returned 0 after 742 usecs
[    3.311176] calling  proc_version_init+0x0/0x21 @ 1
[    3.317129] initcall proc_version_init+0x0/0x21 returned 0 after 53 usecs
[    3.324292] calling  proc_softirqs_init+0x0/0x21 @ 1
[    3.329230] initcall proc_softirqs_init+0x0/0x21 returned 0 after 50 usecs
[    3.335814] calling  proc_kcore_init+0x0/0xea @ 1
[    3.342572] initcall proc_kcore_init+0x0/0xea returned 0 after 2147 usecs
[    3.349142] calling  vmcore_init+0x0/0x58f @ 1
[    3.353636] initcall vmcore_init+0x0/0x58f returned 0 after 23 usecs
[    3.359850] calling  proc_kmsg_init+0x0/0x21 @ 1
[    3.364424] initcall proc_kmsg_init+0x0/0x21 returned 0 after 6 usecs
[    3.370660] calling  proc_page_init+0x0/0x3b @ 1
[    3.375253] initcall proc_page_init+0x0/0x3b returned 0 after 54 usecs
[    3.381600] calling  init_ramfs_fs+0x0/0xc @ 1
[    3.386459] initcall init_ramfs_fs+0x0/0xc returned 0 after 320 usecs
[    3.392802] calling  init_hugetlbfs_fs+0x0/0xf6 @ 1
[    3.398876] initcall init_hugetlbfs_fs+0x0/0xf6 returned 0 after 1302 usecs
[    3.405628] calling  acpi_event_init+0x0/0x2c @ 1
[    3.410613] initcall acpi_event_init+0x0/0x2c returned 0 after 365 usecs
[    3.417136] calling  pnp_system_init+0x0/0xc @ 1
[    3.422164] initcall pnp_system_init+0x0/0xc returned 0 after 374 usecs
[    3.428574] calling  pnpacpi_init+0x0/0x69 @ 1
[    3.433019] pnp: PnP ACPI init
[    3.438516] system 00:05: [mem 0xb0000000-0xbfffffff window] has been reserved
[    3.447374] pnp: PnP ACPI: found 6 devices
[    3.451429] initcall pnpacpi_init+0x0/0x69 returned 0 after 18410 usecs
[    3.458380] calling  chr_dev_init+0x0/0xa6 @ 1
[    3.542582] initcall chr_dev_init+0x0/0xa6 returned 0 after 79848 usecs
[    3.549536] calling  hwrng_modinit+0x0/0x8a @ 1
[    3.555136] initcall hwrng_modinit+0x0/0x8a returned 0 after 1125 usecs
[    3.562990] calling  firmware_class_init+0x0/0x14a @ 1
[    3.568160] initcall firmware_class_init+0x0/0x14a returned 0 after 101 usecs
[    3.575195] calling  init_pcmcia_bus+0x0/0x5b @ 1
[    3.580144] initcall init_pcmcia_bus+0x0/0x5b returned 0 after 176 usecs
[    3.586926] calling  init_acpi_pm_clocksource+0x0/0xda @ 1
[    3.597843] clocksource: acpi_pm: mask: 0xffffff max_cycles: 0xffffff, max_idle_ns: 2085701024 ns
[    3.606494] initcall init_acpi_pm_clocksource+0x0/0xda returned 0 after 14153 usecs
[    3.613959] calling  sysctl_core_init+0x0/0x26 @ 1
[    3.618878] initcall sysctl_core_init+0x0/0x26 returned 0 after 146 usecs
[    3.625719] calling  eth_offload_init+0x0/0x13 @ 1
[    3.630585] initcall eth_offload_init+0x0/0x13 returned 0 after 149 usecs
[    3.637251] calling  ipv4_offload_init+0x0/0x73 @ 1
[    3.642131] initcall ipv4_offload_init+0x0/0x73 returned 0 after 39 usecs
[    3.648822] calling  inet_init+0x0/0x2b2 @ 1
[    3.653250] NET: Registered PF_INET protocol family
[    3.658958] IP idents hash table entries: 8192 (order: 4, 65536 bytes, linear)
[    3.668256] tcp_listen_portaddr_hash hash table entries: 256 (order: 2, 18432 bytes, linear)
[    3.676555] Table-perturb hash table entries: 65536 (order: 6, 262144 bytes, linear)
[    3.684185] TCP established hash table entries: 4096 (order: 3, 32768 bytes, linear)
[    3.692073] TCP bind hash table entries: 4096 (order: 6, 294912 bytes, linear)
[    3.699619] TCP: Hash tables configured (established 4096 bind 4096)
[    3.706556] UDP hash table entries: 256 (order: 3, 40960 bytes, linear)
[    3.714603] UDP-Lite hash table entries: 256 (order: 3, 40960 bytes, linear)
[    3.722336] initcall inet_init+0x0/0x2b2 returned 0 after 69244 usecs
[    3.728998] calling  af_unix_init+0x0/0xa4 @ 1
[    3.733624] NET: Registered PF_UNIX/PF_LOCAL protocol family
[    3.740078] initcall af_unix_init+0x0/0xa4 returned 0 after 6504 usecs
[    3.747200] calling  ipv6_offload_init+0x0/0x7e @ 1
[    3.752081] initcall ipv6_offload_init+0x0/0x7e returned 0 after 33 usecs
[    3.758710] calling  init_sunrpc+0x0/0x75 @ 1
[    3.768125] RPC: Registered named UNIX socket transport module.
[    3.774162] RPC: Registered udp transport module.
[    3.778850] RPC: Registered tcp transport module.
[    3.783492] RPC: Registered tcp NFSv4.1 backchannel transport module.
[    3.789841] initcall init_sunrpc+0x0/0x75 returned 0 after 26785 usecs
[    3.796280] calling  cfg80211_init+0x0/0xc5 @ 1
[    3.803196] initcall cfg80211_init+0x0/0xc5 returned 0 after 2245 usecs
[    3.810262] calling  pcibios_assign_resources+0x0/0xbf @ 1
[    3.815894] pci_bus 0000:00: resource 4 [io  0x0000-0x0cf7 window]
[    3.824869] pci_bus 0000:00: resource 5 [io  0x0d00-0xffff window]
[    3.832569] pci_bus 0000:00: resource 6 [mem 0x000a0000-0x000bffff window]
[    3.845608] pci_bus 0000:00: resource 7 [mem 0x20000000-0xafffffff window]
[    3.852412] pci_bus 0000:00: resource 8 [mem 0xc0000000-0xfebfffff window]
[    3.859703] pci_bus 0000:00: resource 9 [mem 0x100000000-0x8ffffffff window]
[    3.866896] initcall pcibios_assign_resources+0x0/0xbf returned 0 after 51131 usecs
[    3.874466] calling  pci_apply_final_quirks+0x0/0x124 @ 1
[    3.880321] PCI: CLS 0 bytes, default 64
[    3.884362] initcall pci_apply_final_quirks+0x0/0x124 returned 0 after 4507 usecs
[    3.891713] calling  acpi_reserve_resources+0x0/0xea @ 1
[    3.897134] initcall acpi_reserve_resources+0x0/0xea returned 0 after 21 usecs
[    3.904167] calling  populate_rootfs+0x0/0x3b @ 1
[    3.909090] initcall populate_rootfs+0x0/0x3b returned 0 after 181 usecs
[    3.919248] calling  pci_iommu_init+0x0/0x31 @ 1
[    3.924581] initcall pci_iommu_init+0x0/0x31 returned 0 after 1 usecs
[    3.933135] calling  ia32_binfmt_init+0x0/0x13 @ 1
[    3.939366] initcall ia32_binfmt_init+0x0/0x13 returned 0 after 27 usecs
[    3.947788] calling  rapl_pmu_init+0x0/0x264 @ 1
[    3.953820] initcall rapl_pmu_init+0x0/0x264 returned -19 after 16 usecs
[    3.961656] calling  amd_ibs_init+0x0/0x2bc @ 1
[    3.966195] initcall amd_ibs_init+0x0/0x2bc returned -19 after 0 usecs
[    3.972632] calling  amd_uncore_init+0x0/0x331 @ 1
[    3.977489] initcall amd_uncore_init+0x0/0x331 returned -19 after 0 usecs
[    3.984176] calling  amd_iommu_pc_init+0x0/0x22c @ 1
[    3.989272] initcall amd_iommu_pc_init+0x0/0x22c returned -19 after 18 usecs
[    3.996251] calling  msr_init+0x0/0x55 @ 1
[    4.000670] initcall msr_init+0x0/0x55 returned 0 after 90 usecs
[    4.006636] calling  intel_uncore_init+0x0/0x450 @ 1
[    4.011569] initcall intel_uncore_init+0x0/0x450 returned -19 after 0 usecs
[    4.018397] calling  cstate_pmu_init+0x0/0x1a1 @ 1
[    4.023191] initcall cstate_pmu_init+0x0/0x1a1 returned -19 after 0 usecs
[    4.030139] calling  register_kernel_offset_dumper+0x0/0x1a @ 1
[    4.036010] initcall register_kernel_offset_dumper+0x0/0x1a returned 0 after 24 usecs
[    4.043660] calling  i8259A_init_ops+0x0/0x20 @ 1
[    4.048312] initcall i8259A_init_ops+0x0/0x20 returned 0 after 2 usecs
[    4.054779] calling  init_tsc_clocksource+0x0/0xa4 @ 1
[    4.059827] clocksource: tsc: mask: 0xffffffffffffffff max_cycles: 0x39a85afc727, max_idle_ns: 881590685098 ns
[    4.069545] initcall init_tsc_clocksource+0x0/0xa4 returned 0 after 9720 usecs
[    4.076501] calling  add_rtc_cmos+0x0/0xb0 @ 1
[    4.081019] initcall add_rtc_cmos+0x0/0xb0 returned 0 after 3 usecs
[    4.087122] calling  i8237A_init_ops+0x0/0x3a @ 1
[    4.091801] initcall i8237A_init_ops+0x0/0x3a returned 0 after 61 usecs
[    4.098233] calling  umwait_init+0x0/0x91 @ 1
[    4.102673] initcall umwait_init+0x0/0x91 returned -19 after 0 usecs
[    4.108967] calling  msr_init+0x0/0xd7 @ 1
[    4.131478] initcall msr_init+0x0/0xd7 returned 0 after 18434 usecs
[    4.138016] calling  cpuid_init+0x0/0xd7 @ 1
[    4.154428] initcall cpuid_init+0x0/0xd7 returned 0 after 12166 usecs
[    4.161341] calling  ioapic_init_ops+0x0/0x13 @ 1
[    4.167292] initcall ioapic_init_ops+0x0/0x13 returned 0 after 2 usecs
[    4.175591] calling  add_pcspkr+0x0/0x6c @ 1
[    4.181211] initcall add_pcspkr+0x0/0x6c returned 0 after 92 usecs
[    4.188874] calling  start_periodic_check_for_corruption+0x0/0x30 @ 1
[    4.195671] initcall start_periodic_check_for_corruption+0x0/0x30 returned 0 after 0 usecs
[    4.203744] calling  audit_classes_init+0x0/0xae @ 1
[    4.208854] initcall audit_classes_init+0x0/0xae returned 0 after 9 usecs
[    4.215479] calling  iosf_mbi_init+0x0/0x24 @ 1
[    4.220234] initcall iosf_mbi_init+0x0/0x24 returned 0 after 241 usecs
[    4.226669] calling  proc_execdomains_init+0x0/0x21 @ 1
[    4.231846] initcall proc_execdomains_init+0x0/0x21 returned 0 after 8 usecs
[    4.238765] calling  register_warn_debugfs+0x0/0x23 @ 1
[    4.244051] initcall register_warn_debugfs+0x0/0x23 returned 0 after 21 usecs
[    4.251045] calling  cpuhp_sysfs_init+0x0/0x7d @ 1
[    4.255928] initcall cpuhp_sysfs_init+0x0/0x7d returned 0 after 148 usecs
[    4.262581] calling  ioresources_init+0x0/0x49 @ 1
[    4.267320] initcall ioresources_init+0x0/0x49 returned 0 after 13 usecs
[    4.273921] calling  lockdep_proc_init+0x0/0x64 @ 1
[    4.278925] initcall lockdep_proc_init+0x0/0x64 returned 0 after 22 usecs
[    4.285599] calling  snapshot_device_init+0x0/0xc @ 1
[    4.291902] initcall snapshot_device_init+0x0/0xc returned 0 after 1303 usecs
[    4.298935] calling  irq_pm_init_ops+0x0/0x13 @ 1
[    4.303616] initcall irq_pm_init_ops+0x0/0x13 returned 0 after 13 usecs
[    4.310070] calling  rcu_torture_init+0x0/0x124a @ 1
[    4.315549] srcud-torture:--- Start of test: nreaders=7 nfakewriters=4 stat_interval=15 verbose=1 test_no_idle_hz=1 shuffle_interval=3 stutter=5 irqreader=1 fqs_duration=0 fqs_holdoff=0 fqs_stutter=3 test_boost=1/0 test_boost_interval=7 test_boost_duration=4 shutdown_secs=21600 stall_cpu=0 stall_cpu_holdoff=10 stall_cpu_irqsoff=0 stall_cpu_block=0 n_barrier_cbs=4 onoff_interval=1000 onoff_holdoff=30 read_exit_delay=13 read_exit_burst=16 nocbs_nthreads=0 nocbs_toggle=1000
[    4.361731] srcud:  Start-test grace-period state: g0 f0x0
[    4.367170] rcu_torture_write_types: Testing expedited GPs.
[    4.372641] rcu_torture_write_types: Testing asynchronous GPs.
[    4.378393] rcu_torture_write_types: Testing normal GPs.
[    4.383725] srcud-torture: Creating rcu_torture_writer task
[    4.391076] srcud-torture: Creating rcu_torture_fakewriter task
[    4.391254] srcud-torture: rcu_torture_writer task started
[    4.399396] srcud-torture: Creating rcu_torture_fakewriter task
[    4.399923] srcud-torture: rcu_torture_fakewriter task started
[    4.403437] srcud-torture: GP expediting controlled from boot/sysfs for srcud.
[    4.425229] srcud-torture: Creating rcu_torture_fakewriter task
[    4.425261] srcud-torture: rcu_torture_fakewriter task started
[    4.433389] srcud-torture: Creating rcu_torture_fakewriter task
[    4.433823] srcud-torture: rcu_torture_fakewriter task started
[    4.452461] srcud-torture: Creating rcu_torture_reader task
[    4.452835] srcud-torture: rcu_torture_fakewriter task started
[    4.459499] srcud-torture: Creating rcu_torture_reader task
[    4.459867] srcud-torture: rcu_torture_reader task started
[    4.478039] srcud-torture: Creating rcu_torture_reader task
[    4.478521] srcud-torture: rcu_torture_reader task started
[    4.491186] srcud-torture: Creating rcu_torture_reader task
[    4.491300] srcud-torture: rcu_torture_reader task started
[    4.506636] srcud-torture: Creating rcu_torture_reader task
[    4.506968] srcud-torture: rcu_torture_reader task started
[    4.513359] srcud-torture: Creating rcu_torture_reader task
[    4.513424] srcud-torture: rcu_torture_reader task started
[    4.533470] srcud-torture: Creating rcu_torture_reader task
[    4.534029] srcud-torture: rcu_torture_reader task started
[    4.540814] srcud-torture: Creating rcu_torture_stats task
[    4.540893] srcud-torture: rcu_torture_reader task started
[    4.561840] srcud-torture: Creating torture_shuffle task
[    4.569175] srcud-torture: rcu_torture_stats task started
[    4.577629] srcud-torture: Creating torture_stutter task
[    4.577655] srcud-torture: torture_shuffle task started
[    4.587920] srcud-torture: Creating torture_shutdown task
[    4.590369] srcud-torture: torture_stutter task started
[    4.597021] srcud-torture: Creating torture_onoff task
[    4.597942] srcud-torture: torture_shutdown task started
[    4.597963] srcud-torture:torture_shutdown task: 21599989 ms remaining
[    4.624058] srcud-torture: torture_onoff task started
[    4.624164] srcud-torture: Creating rcu_torture_fwd_prog task
[    4.630110] srcud-torture: torture_onoff begin holdoff
[    4.643331] srcud-torture: Creating rcu_torture_fwd_prog task
[    4.643362] srcud-torture: rcu_torture_fwd_progress task started
[    4.651405] srcud-torture: Creating rcu_torture_fwd_prog task
[    4.651444] srcud-torture: rcu_torture_fwd_progress task started
[    4.670036] srcud-torture: Creating rcu_torture_barrier_cbs task
[    4.670145] srcud-torture: rcu_torture_fwd_progress task started
[    4.678004] srcud-torture: Creating rcu_torture_barrier_cbs task
[    4.678151] srcud-torture: rcu_torture_barrier_cbs task started
[    4.697351] srcud-torture: Creating rcu_torture_barrier_cbs task
[    4.697380] srcud-torture: rcu_torture_barrier_cbs task started
[    4.705187] srcud-torture: Creating rcu_torture_barrier_cbs task
[    4.705214] srcud-torture: rcu_torture_barrier_cbs task started
[    4.724869] srcud-torture: Creating rcu_torture_barrier task
[    4.725111] srcud-torture: rcu_torture_barrier_cbs task started
[    4.732544] srcud-torture: Creating rcu_torture_read_exit task
[    4.732570] srcud-torture: rcu_torture_barrier task starting
[    4.752359] initcall rcu_torture_init+0x0/0x124a returned 0 after 436986 usecs
[    4.752381] srcud-torture: rcu_torture_read_exit: Start of test
[    4.760873] calling  proc_modules_init+0x0/0x1e @ 1
[    4.767071] srcud-torture: rcu_torture_read_exit: Start of episode
[    4.772522] initcall proc_modules_init+0x0/0x1e returned 0 after 41 usecs
[    4.772531] calling  timer_sysctl_init+0x0/0x1a @ 1
[    4.772556] initcall timer_sysctl_init+0x0/0x1a returned 0 after 20 usecs
[    4.772572] calling  timekeeping_init_ops+0x0/0x13 @ 1
[    4.772579] initcall timekeeping_init_ops+0x0/0x13 returned 0 after 2 usecs
[    4.772583] calling  init_clocksource_sysfs+0x0/0x23 @ 1
[    4.772954] initcall init_clocksource_sysfs+0x0/0x23 returned 0 after 366 usecs
[    4.834484] calling  init_timer_list_procfs+0x0/0x31 @ 1
[    4.840459] initcall init_timer_list_procfs+0x0/0x31 returned 0 after 11 usecs
[    4.848854] calling  alarmtimer_init+0x0/0xf5 @ 1
[    4.854946] initcall alarmtimer_init+0x0/0xf5 returned 0 after 152 usecs
[    4.863367] calling  init_posix_timers+0x0/0x29 @ 1
[    4.869835] initcall init_posix_timers+0x0/0x29 returned 0 after 56 usecs
[    4.878518] calling  clockevents_init_sysfs+0x0/0xec @ 1
[    4.886392] initcall clockevents_init_sysfs+0x0/0xec returned 0 after 918 usecs
[    4.895716] calling  proc_dma_init+0x0/0x21 @ 1
[    4.901646] initcall proc_dma_init+0x0/0x21 returned 0 after 963 usecs
[    4.908277] calling  kallsyms_init+0x0/0x21 @ 1
[    4.913205] initcall kallsyms_init+0x0/0x21 returned 0 after 19 usecs
[    4.919782] calling  pid_namespaces_init+0x0/0x2c @ 1
[    4.926302] initcall pid_namespaces_init+0x0/0x2c returned 0 after 21 usecs
[    4.933738] calling  audit_watch_init+0x0/0x39 @ 1
[    4.938843] initcall audit_watch_init+0x0/0x39 returned 0 after 4 usecs
[    4.945921] calling  audit_fsnotify_init+0x0/0x3c @ 1
[    4.953528] initcall audit_fsnotify_init+0x0/0x3c returned 0 after 5 usecs
[    4.961365] calling  audit_tree_init+0x0/0x6f @ 1
[    4.966630] initcall audit_tree_init+0x0/0x6f returned 0 after 13 usecs
[    4.973994] calling  seccomp_sysctl_init+0x0/0x2b @ 1
[    4.979668] initcall seccomp_sysctl_init+0x0/0x2b returned 0 after 13 usecs
[    4.987014] calling  utsname_sysctl_init+0x0/0x13 @ 1
[    4.992546] initcall utsname_sysctl_init+0x0/0x13 returned 0 after 17 usecs
[    5.000006] calling  init_tracepoints+0x0/0x27 @ 1
[    5.005234] initcall init_tracepoints+0x0/0x27 returned 0 after 62 usecs
[    5.012355] calling  init_blk_tracer+0x0/0x50 @ 1
[    5.019161] initcall init_blk_tracer+0x0/0x50 returned 0 after 1170 usecs
[    5.026572] calling  perf_event_sysfs_init+0x0/0x83 @ 1
[    5.032903] initcall perf_event_sysfs_init+0x0/0x83 returned 0 after 603 usecs
[    5.040862] calling  system_trusted_keyring_init+0x0/0x60 @ 1
[    5.046975] Initialise system trusted keyrings
[    5.051943] initcall system_trusted_keyring_init+0x0/0x60 returned 0 after 4968 usecs
[    5.060238] calling  kswapd_init+0x0/0x59 @ 1
[    5.066179] initcall kswapd_init+0x0/0x59 returned 0 after 1271 usecs
[    5.073416] calling  extfrag_debug_init+0x0/0x54 @ 1
[    5.078901] initcall extfrag_debug_init+0x0/0x54 returned 0 after 59 usecs
[    5.086938] calling  mm_compute_batch_init+0x0/0x12 @ 1
[    5.092942] initcall mm_compute_batch_init+0x0/0x12 returned 0 after 1 usecs
[    5.100888] calling  slab_proc_init+0x0/0x21 @ 1
[    5.106113] initcall slab_proc_init+0x0/0x21 returned 0 after 24 usecs
[    5.113139] calling  workingset_init+0x0/0x93 @ 1
[    5.118353] workingset: timestamp_bits=56 max_order=17 bucket_order=0
[    5.125305] initcall workingset_init+0x0/0x93 returned 0 after 6952 usecs
[    5.132600] calling  proc_vmalloc_init+0x0/0x32 @ 1
[    5.137794] initcall proc_vmalloc_init+0x0/0x32 returned 0 after 10 usecs
[    5.145139] calling  procswaps_init+0x0/0x1e @ 1
[    5.150225] initcall procswaps_init+0x0/0x1e returned 0 after 10 usecs
[    5.157485] calling  slab_sysfs_init+0x0/0xec @ 1
[    5.173346] initcall slab_sysfs_init+0x0/0xec returned 0 after 10492 usecs
[    5.181159] calling  slab_debugfs_init+0x0/0x4d @ 1
[    5.187474] initcall slab_debugfs_init+0x0/0x4d returned 0 after 33 usecs
[    5.196261] calling  fcntl_init+0x0/0x29 @ 1
[    5.202502] initcall fcntl_init+0x0/0x29 returned 0 after 164 usecs
[    5.210753] calling  proc_filesystems_init+0x0/0x21 @ 1
[    5.216850] initcall proc_filesystems_init+0x0/0x21 returned 0 after 10 usecs
[    5.224705] calling  start_dirtytime_writeback+0x0/0x29 @ 1
[    5.230713] initcall start_dirtytime_writeback+0x0/0x29 returned 0 after 3 usecs
[    5.238872] calling  dio_init+0x0/0x2c @ 1
[    5.243387] initcall dio_init+0x0/0x2c returned 0 after 107 usecs
[    5.250244] calling  dnotify_init+0x0/0x97 @ 1
[    5.255268] initcall dnotify_init+0x0/0x97 returned 0 after 53 usecs
[    5.262232] calling  aio_setup+0x0/0x92 @ 1
[    5.267109] initcall aio_setup+0x0/0x92 returned 0 after 236 usecs
[    5.274080] calling  mbcache_init+0x0/0x30 @ 1
[    5.279278] initcall mbcache_init+0x0/0x30 returned 0 after 108 usecs
[    5.286360] calling  init_grace+0x0/0xc @ 1
[    5.290854] initcall init_grace+0x0/0xc returned 0 after 7 usecs
[    5.297417] calling  init_v2_quota_format+0x0/0x21 @ 1
[    5.303312] initcall init_v2_quota_format+0x0/0x21 returned 0 after 105 usecs
[    5.311293] calling  init_devpts_fs+0x0/0x27 @ 1
[    5.316786] initcall init_devpts_fs+0x0/0x27 returned 0 after 292 usecs
[    5.323957] calling  ext4_init_fs+0x0/0x1a8 @ 1
[    5.329871] initcall ext4_init_fs+0x0/0x1a8 returned 0 after 940 usecs
[    5.338441] calling  journal_init+0x0/0x11c @ 1
[    5.344042] initcall journal_init+0x0/0x11c returned 0 after 266 usecs
[    5.351358] calling  init_fat_fs+0x0/0x49 @ 1
[    5.356485] initcall init_fat_fs+0x0/0x49 returned 0 after 235 usecs
[    5.363755] calling  init_vfat_fs+0x0/0xc @ 1
[    5.368744] initcall init_vfat_fs+0x0/0xc returned 0 after 5 usecs
[    5.375546] calling  init_msdos_fs+0x0/0xc @ 1
[    5.380592] initcall init_msdos_fs+0x0/0xc returned 0 after 4 usecs
[    5.387259] calling  init_iso9660_fs+0x0/0x6c @ 1
[    5.392509] initcall init_iso9660_fs+0x0/0x6c returned 0 after 164 usecs
[    5.399601] calling  init_nfs_fs+0x0/0x13a @ 1
[    5.407034] initcall init_nfs_fs+0x0/0x13a returned 0 after 2512 usecs
[    5.413926] calling  init_nfs_v2+0x0/0x13 @ 1
[    5.418789] initcall init_nfs_v2+0x0/0x13 returned 0 after 115 usecs
[    5.425809] calling  init_nfs_v3+0x0/0x13 @ 1
[    5.430951] initcall init_nfs_v3+0x0/0x13 returned 0 after 303 usecs
[    5.437893] calling  init_nfs_v4+0x0/0x32 @ 1
[    5.442672] NFS: Registering the id_resolver key type
[    5.448862] Key type id_resolver registered
[    5.453539] Key type id_legacy registered
[    5.458109] initcall init_nfs_v4+0x0/0x32 returned 0 after 15488 usecs
[    5.465403] calling  init_nlm+0x0/0x5b @ 1
[    5.469918] initcall init_nlm+0x0/0x5b returned 0 after 72 usecs
[    5.476495] calling  init_nls_cp437+0x0/0xe @ 1
[    5.481677] initcall init_nls_cp437+0x0/0xe returned 0 after 127 usecs
[    5.488912] calling  init_nls_ascii+0x0/0xe @ 1
[    5.493916] initcall init_nls_ascii+0x0/0xe returned 0 after 1 usecs
[    5.500792] calling  init_nls_iso8859_1+0x0/0xe @ 1
[    5.506096] initcall init_nls_iso8859_1+0x0/0xe returned 0 after 1 usecs
[    5.513279] calling  init_nls_utf8+0x0/0x21 @ 1
[    5.518332] initcall init_nls_utf8+0x0/0x21 returned 0 after 1 usecs
[    5.525613] calling  init_autofs_fs+0x0/0x25 @ 1
[    5.538436] initcall init_autofs_fs+0x0/0x25 returned 0 after 7570 usecs
[    5.546334] calling  init_v9fs+0x0/0xe0 @ 1
[    5.551380] 9p: Installing v9fs 9p2000 file system support
[    5.558000] initcall init_v9fs+0x0/0xe0 returned 0 after 6620 usecs
[    5.564854] calling  ipc_init+0x0/0x24 @ 1
[    5.569415] initcall ipc_init+0x0/0x24 returned 0 after 143 usecs
[    5.576448] calling  ipc_sysctl_init+0x0/0x2a @ 1
[    5.581742] initcall ipc_sysctl_init+0x0/0x2a returned 0 after 42 usecs
[    5.589269] calling  init_mqueue_fs+0x0/0xb2 @ 1
[    5.594906] initcall init_mqueue_fs+0x0/0xb2 returned 0 after 466 usecs
[    5.601898] calling  key_proc_init+0x0/0x63 @ 1
[    5.606878] initcall key_proc_init+0x0/0x63 returned 0 after 9 usecs
[    5.613550] calling  selinux_nf_ip_init+0x0/0x2e @ 1
[    5.619175] initcall selinux_nf_ip_init+0x0/0x2e returned 0 after 1 usecs
[    5.626537] calling  init_sel_fs+0x0/0x116 @ 1
[    5.631564] initcall init_sel_fs+0x0/0x116 returned 0 after 1 usecs
[    5.638590] calling  selnl_init+0x0/0x7c @ 1
[    5.644864] initcall selnl_init+0x0/0x7c returned 0 after 1436 usecs
[    5.652049] calling  sel_netif_init+0x0/0x36 @ 1
[    5.658108] initcall sel_netif_init+0x0/0x36 returned 0 after 15 usecs
[    5.665420] calling  sel_netnode_init+0x0/0x33 @ 1
[    5.670997] initcall sel_netnode_init+0x0/0x33 returned 0 after 1 usecs
[    5.678311] calling  sel_netport_init+0x0/0x33 @ 1
[    5.683577] initcall sel_netport_init+0x0/0x33 returned 0 after 0 usecs
[    5.690735] calling  aurule_init+0x0/0x2a @ 1
[    5.695447] initcall aurule_init+0x0/0x2a returned 0 after 14 usecs
[    5.702260] calling  jent_mod_init+0x0/0x2d @ 1
[    5.718110] initcall jent_mod_init+0x0/0x2d returned 0 after 10818 usecs
[    5.726055] calling  asymmetric_key_init+0x0/0xc @ 1
[    5.731581] Key type asymmetric registered
[    5.736051] initcall asymmetric_key_init+0x0/0xc returned 0 after 4473 usecs
[    5.743496] calling  x509_key_init+0x0/0x18 @ 1
[    5.748940] Asymmetric key parser 'x509' registered
[    5.754227] initcall x509_key_init+0x0/0x18 returned 0 after 5684 usecs
[    5.761308] calling  blkdev_init+0x0/0x1b @ 1
[    5.766233] initcall blkdev_init+0x0/0x1b returned 0 after 227 usecs
[    5.773371] calling  proc_genhd_init+0x0/0x41 @ 1
[    5.778994] initcall proc_genhd_init+0x0/0x41 returned 0 after 21 usecs
[    5.786366] calling  bsg_init+0x0/0xaf @ 1
[    5.791051] Block layer SCSI generic (bsg) driver version 0.4 loaded (major 251)
[    5.799040] initcall bsg_init+0x0/0xaf returned 0 after 8043 usecs
[    5.805704] calling  ioprio_init+0x0/0xc @ 1
[    5.810823] initcall ioprio_init+0x0/0xc returned 0 after 435 usecs
[    5.817604] calling  iolatency_init+0x0/0xc @ 1
[    5.822471] initcall iolatency_init+0x0/0xc returned 0 after 9 usecs
[    5.829547] calling  ioc_init+0x0/0xc @ 1
[    5.834004] initcall ioc_init+0x0/0xc returned 0 after 70 usecs
[    5.840388] calling  deadline_init+0x0/0xc @ 1
[    5.845541] io scheduler mq-deadline registered
[    5.850332] initcall deadline_init+0x0/0xc returned 0 after 4857 usecs
[    5.857657] calling  kyber_init+0x0/0xc @ 1
[    5.862381] io scheduler kyber registered
[    5.866784] initcall kyber_init+0x0/0xc returned 0 after 4419 usecs
[    5.873717] calling  io_uring_init+0x0/0x31 @ 1
[    5.878640] initcall io_uring_init+0x0/0x31 returned 0 after 37 usecs
[    5.885575] calling  blake2s_mod_init+0x0/0x7 @ 1
[    5.890783] initcall blake2s_mod_init+0x0/0x7 returned 0 after 0 usecs
[    5.897892] calling  percpu_counter_startup+0x0/0x55 @ 1
[    5.907375] initcall percpu_counter_startup+0x0/0x55 returned 0 after 3770 usecs
[    5.915256] calling  sg_pool_init+0x0/0xb4 @ 1
[    5.920303] initcall sg_pool_init+0x0/0xb4 returned 0 after 276 usecs
[    5.927258] calling  pcie_portdrv_init+0x0/0x39 @ 1
[    5.932656] initcall pcie_portdrv_init+0x0/0x39 returned 0 after 152 usecs
[    5.940340] calling  pci_proc_init+0x0/0x68 @ 1
[    5.946155] initcall pci_proc_init+0x0/0x68 returned 0 after 61 usecs
[    5.952650] calling  pci_hotplug_init+0x0/0x7 @ 1
[    5.957983] initcall pci_hotplug_init+0x0/0x7 returned 0 after 0 usecs
[    5.965412] calling  ged_driver_init+0x0/0xe @ 1
[    5.970667] initcall ged_driver_init+0x0/0xe returned 0 after 58 usecs
[    5.977923] calling  acpi_ac_init+0x0/0x3f @ 1
[    5.983370] initcall acpi_ac_init+0x0/0x3f returned 0 after 205 usecs
[    5.990475] calling  acpi_button_driver_init+0x0/0x52 @ 1
[    5.997153] input: Power Button as /devices/LNXSYSTM:00/LNXPWRBN:00/input/input0
[    6.007350] ACPI: button: Power Button [PWRF]
[    6.013292] initcall acpi_button_driver_init+0x0/0x52 returned 0 after 16783 usecs
[    6.021569] calling  acpi_fan_driver_init+0x0/0xe @ 1
[    6.027135] initcall acpi_fan_driver_init+0x0/0xe returned 0 after 32 usecs
[    6.034744] calling  acpi_video_init+0x0/0xcb @ 1
[    6.040095] initcall acpi_video_init+0x0/0xcb returned 0 after 187 usecs
[    6.047398] calling  acpi_processor_driver_init+0x0/0xad @ 1
[    6.054974] initcall acpi_processor_driver_init+0x0/0xad returned 0 after 1366 usecs
[    6.063172] calling  acpi_thermal_init+0x0/0x71 @ 1
[    6.069912] initcall acpi_thermal_init+0x0/0x71 returned 0 after 1387 usecs
[    6.077515] calling  acpi_battery_init+0x0/0x32 @ 1
[    6.083013] initcall acpi_battery_init+0x0/0x32 returned 0 after 125 usecs
[    6.090226] calling  bgrt_init+0x0/0xb6 @ 1
[    6.094791] initcall bgrt_init+0x0/0xb6 returned -19 after 1 usecs
[    6.101469] calling  virtio_pci_driver_init+0x0/0x15 @ 1
[    6.107250] initcall virtio_pci_driver_init+0x0/0x15 returned 0 after 77 usecs
[    6.115090] calling  virtio_input_driver_init+0x0/0xc @ 1
[    6.121283] initcall virtio_input_driver_init+0x0/0xc returned 0 after 102 usecs
[    6.129548] calling  n_null_init+0x0/0x19 @ 1
[    6.134504] initcall n_null_init+0x0/0x19 returned 0 after 139 usecs
[    6.141403] calling  pty_init+0x0/0x1cc @ 1
[    6.146607] initcall pty_init+0x0/0x1cc returned 0 after 522 usecs
[    6.153627] calling  sysrq_init+0x0/0x62 @ 1
[    6.158410] initcall sysrq_init+0x0/0x62 returned 0 after 21 usecs
[    6.165253] calling  serial8250_init+0x0/0x17e @ 1
[    6.170374] Serial: 8250/16550 driver, 4 ports, IRQ sharing enabled
[    6.179369] 00:03: ttyS0 at I/O 0x3f8 (irq = 4, base_baud = 115200) is a 16550A
[    6.192017] initcall serial8250_init+0x0/0x17e returned 0 after 21644 usecs
[    6.199715] calling  serial_pci_driver_init+0x0/0x15 @ 1
[    6.206121] initcall serial_pci_driver_init+0x0/0x15 returned 0 after 95 usecs
[    6.214285] calling  exar_pci_driver_init+0x0/0x15 @ 1
[    6.220060] initcall exar_pci_driver_init+0x0/0x15 returned 0 after 69 usecs
[    6.227794] calling  lpss8250_pci_driver_init+0x0/0x15 @ 1
[    6.233939] initcall lpss8250_pci_driver_init+0x0/0x15 returned 0 after 39 usecs
[    6.242256] calling  mid8250_pci_driver_init+0x0/0x15 @ 1
[    6.248225] initcall mid8250_pci_driver_init+0x0/0x15 returned 0 after 70 usecs
[    6.256238] calling  pericom8250_pci_driver_init+0x0/0x15 @ 1
[    6.262578] initcall pericom8250_pci_driver_init+0x0/0x15 returned 0 after 40 usecs
[    6.270886] calling  random_sysctls_init+0x0/0x21 @ 1
[    6.276534] initcall random_sysctls_init+0x0/0x21 returned 0 after 15 usecs
[    6.284059] calling  virtio_console_init+0x0/0xee @ 1
[    6.290298] initcall virtio_console_init+0x0/0xee returned 0 after 664 usecs
[    6.297951] calling  hpet_init+0x0/0x6b @ 1
[    6.304234] initcall hpet_init+0x0/0x6b returned 0 after 1588 usecs
[    6.311317] calling  nvram_module_init+0x0/0x83 @ 1
[    6.318223] Non-volatile memory driver v1.3
[    6.323412] initcall nvram_module_init+0x0/0x83 returned 0 after 6665 usecs
[    6.331621] calling  via_rng_mod_init+0x0/0x48 @ 1
[    6.337943] initcall via_rng_mod_init+0x0/0x48 returned -19 after 0 usecs
[    6.345800] calling  agp_init+0x0/0x23 @ 1
[    6.350742] Linux agpgart interface v0.103
[    6.355459] initcall agp_init+0x0/0x23 returned 0 after 4718 usecs
[    6.362660] calling  agp_amd64_mod_init+0x0/0x5 @ 1
[    6.368430] initcall agp_amd64_mod_init+0x0/0x5 returned -19 after 180 usecs
[    6.376607] calling  agp_intel_init+0x0/0x28 @ 1
[    6.382350] initcall agp_intel_init+0x0/0x28 returned 0 after 459 usecs
[    6.389801] calling  drm_core_init+0x0/0xc2 @ 1
[    6.395258] ACPI: bus type drm_connector registered
[    6.401244] initcall drm_core_init+0x0/0xc2 returned 0 after 6110 usecs
[    6.408717] calling  drm_buddy_module_init+0x0/0x30 @ 1
[    6.414429] initcall drm_buddy_module_init+0x0/0x30 returned 0 after 35 usecs
[    6.422333] calling  drm_display_helper_module_init+0x0/0x7 @ 1
[    6.428740] initcall drm_display_helper_module_init+0x0/0x7 returned 0 after 1 usecs
[    6.437268] calling  i915_init+0x0/0x74 @ 1
[    6.445416] initcall i915_init+0x0/0x74 returned 0 after 2786 usecs
[    6.452620] calling  virtio_gpu_driver_init+0x0/0xc @ 1
[    6.458504] initcall virtio_gpu_driver_init+0x0/0xc returned 0 after 51 usecs
[    6.466799] calling  cn_proc_init+0x0/0x35 @ 1
[    6.471876] initcall cn_proc_init+0x0/0x35 returned 0 after 232 usecs
[    6.478986] calling  topology_sysfs_init+0x0/0x27 @ 1
[    6.485282] initcall topology_sysfs_init+0x0/0x27 returned 0 after 471 usecs
[    6.493561] calling  cacheinfo_sysfs_init+0x0/0x27 @ 1
[    6.509963] initcall cacheinfo_sysfs_init+0x0/0x27 returned 0 after 10312 usecs
[    6.518335] calling  loop_init+0x0/0xe6 @ 1
[    6.551226] loop: module loaded
[    6.554913] initcall loop_init+0x0/0xe6 returned 0 after 31508 usecs
[    6.562172] calling  virtio_blk_init+0x0/0x76 @ 1
[    6.567791] initcall virtio_blk_init+0x0/0x76 returned 0 after 66 usecs
[    6.575255] calling  mac_hid_init+0x0/0x28 @ 1
[    6.580242] initcall mac_hid_init+0x0/0x28 returned 0 after 12 usecs
[    6.587381] calling  spi_transport_init+0x0/0x74 @ 1
[    6.593124] initcall spi_transport_init+0x0/0x74 returned 0 after 90 usecs
[    6.600621] calling  virtio_scsi_init+0x0/0xb8 @ 1
[    6.606108] initcall virtio_scsi_init+0x0/0xb8 returned 0 after 150 usecs
[    6.613656] calling  init_sd+0x0/0x126 @ 1
[    6.618953] initcall init_sd+0x0/0x126 returned 0 after 112 usecs
[    6.626205] calling  init_sr+0x0/0x45 @ 1
[    6.631069] initcall init_sr+0x0/0x45 returned 0 after 77 usecs
[    6.637540] calling  init_sg+0x0/0x1e4 @ 1
[    6.642304] initcall init_sg+0x0/0x1e4 returned 0 after 118 usecs
[    6.648979] calling  ahci_pci_driver_init+0x0/0x15 @ 1
[    6.654844] ahci 0000:00:1f.2: version 3.0
[    6.662208] ACPI: \_SB_.GSIA: Enabled at IRQ 16
[    6.675517] ahci 0000:00:1f.2: AHCI 0001.0000 32 slots 6 ports 1.5 Gbps 0x3f impl SATA mode
[    6.684966] ahci 0000:00:1f.2: flags: 64bit ncq only 
[    6.705107] scsi host0: ahci
[    6.712666] scsi host1: ahci
[    6.719338] scsi host2: ahci
[    6.726033] scsi host3: ahci
[    6.732922] scsi host4: ahci
[    6.738462] scsi host5: ahci
[    6.742963] ata1: SATA max UDMA/133 abar m4096@0xfebf1000 port 0xfebf1100 irq 24
[    6.751605] ata2: SATA max UDMA/133 abar m4096@0xfebf1000 port 0xfebf1180 irq 24
[    6.760163] ata3: SATA max UDMA/133 abar m4096@0xfebf1000 port 0xfebf1200 irq 24
[    6.768930] ata4: SATA max UDMA/133 abar m4096@0xfebf1000 port 0xfebf1280 irq 24
[    6.777623] ata5: SATA max UDMA/133 abar m4096@0xfebf1000 port 0xfebf1300 irq 24
[    6.786192] ata6: SATA max UDMA/133 abar m4096@0xfebf1000 port 0xfebf1380 irq 24
[    6.795334] initcall ahci_pci_driver_init+0x0/0x15 returned 0 after 140632 usecs
[    6.804614] calling  piix_init+0x0/0x26 @ 1
[    6.809562] initcall piix_init+0x0/0x26 returned 0 after 82 usecs
[    6.816651] calling  amd_pci_driver_init+0x0/0x15 @ 1
[    6.823128] initcall amd_pci_driver_init+0x0/0x15 returned 0 after 67 usecs
[    6.831663] calling  oldpiix_pci_driver_init+0x0/0x15 @ 1
[    6.838159] initcall oldpiix_pci_driver_init+0x0/0x15 returned 0 after 72 usecs
[    6.847038] calling  sch_pci_driver_init+0x0/0x15 @ 1
[    6.853191] initcall sch_pci_driver_init+0x0/0x15 returned 0 after 80 usecs
[    6.861292] calling  blackhole_netdev_init+0x0/0x78 @ 1
[    6.867677] initcall blackhole_netdev_init+0x0/0x78 returned 0 after 139 usecs
[    6.876279] calling  fixed_mdio_bus_init+0x0/0x101 @ 1
[    6.883141] initcall fixed_mdio_bus_init+0x0/0x101 returned 0 after 790 usecs
[    6.891408] calling  phy_module_init+0x0/0x13 @ 1
[    6.897240] initcall phy_module_init+0x0/0x13 returned 0 after 313 usecs
[    6.905087] calling  virtio_net_driver_init+0x0/0x8f @ 1
[    6.911105] initcall virtio_net_driver_init+0x0/0x8f returned 0 after 41 usecs
[    6.919447] calling  tg3_driver_init+0x0/0x15 @ 1
[    6.924994] initcall tg3_driver_init+0x0/0x15 returned 0 after 75 usecs
[    6.932645] calling  e100_init_module+0x0/0x4c @ 1
[    6.938234] e100: Intel(R) PRO/100 Network Driver
[    6.943790] e100: Copyright(c) 1999-2006 Intel Corporation
[    6.950346] initcall e100_init_module+0x0/0x4c returned 0 after 12124 usecs
[    6.958308] calling  e1000_init_module+0x0/0x72 @ 1
[    6.964024] e1000: Intel(R) PRO/1000 Network Driver
[    6.969659] e1000: Copyright (c) 1999-2006 Intel Corporation.
[    6.976241] initcall e1000_init_module+0x0/0x72 returned 0 after 12217 usecs
[    6.984329] calling  e1000_init_module+0x0/0x2d @ 1
[    6.989954] e1000e: Intel(R) PRO/1000 Network Driver
[    6.995726] e1000e: Copyright(c) 1999 - 2015 Intel Corporation.
[    7.002647] initcall e1000_init_module+0x0/0x2d returned 0 after 12693 usecs
[    7.010913] calling  sky2_init_module+0x0/0x21 @ 1
[    7.016532] sky2: driver version 1.30
[    7.021004] initcall sky2_init_module+0x0/0x21 returned 0 after 4472 usecs
[    7.028955] calling  forcedeth_pci_driver_init+0x0/0x15 @ 1
[    7.035615] initcall forcedeth_pci_driver_init+0x0/0x15 returned 0 after 63 usecs
[    7.044546] calling  rtl8139_init_module+0x0/0x15 @ 1
[    7.050652] initcall rtl8139_init_module+0x0/0x15 returned 0 after 57 usecs
[    7.065149] calling  rtl8169_pci_driver_init+0x0/0x15 @ 1
[    7.074397] initcall rtl8169_pci_driver_init+0x0/0x15 returned 0 after 1617 usecs
[    7.082911] calling  net_failover_init+0x0/0x7 @ 1
[    7.088240] initcall net_failover_init+0x0/0x7 returned 0 after 1 usecs
[    7.095589] calling  cdrom_init+0x0/0xc @ 1
[    7.100335] initcall cdrom_init+0x0/0xc returned 0 after 174 usecs
[    7.107361] calling  nonstatic_sysfs_init+0x0/0xc @ 1
[    7.109545] ata2: SATA link down (SStatus 0 SControl 300)
[    7.113239] initcall nonstatic_sysfs_init+0x0/0xc returned 0 after 129 usecs
[    7.113249] calling  yenta_cardbus_driver_init+0x0/0x15 @ 1
[    7.113604] initcall yenta_cardbus_driver_init+0x0/0x15 returned 0 after 351 usecs
[    7.121282] ata4: SATA link down (SStatus 0 SControl 300)
[    7.127772] calling  mon_init+0x0/0x144 @ 1
[    7.135216] ata1: SATA link down (SStatus 0 SControl 300)
[    7.144843] initcall mon_init+0x0/0x144 returned 0 after 2812 usecs
[    7.149463] ata5: SATA link down (SStatus 0 SControl 300)
[    7.153169] calling  ehci_hcd_init+0x0/0x74 @ 1
[    7.160953] ata3: SATA link up 1.5 Gbps (SStatus 113 SControl 300)
[    7.166924] ehci_hcd: USB 2.0 'Enhanced' Host Controller (EHCI) Driver
[    7.166961] initcall ehci_hcd_init+0x0/0x74 returned 0 after 38 usecs
[    7.166971] calling  ehci_pci_init+0x0/0x64 @ 1
[    7.166975] ehci-pci: EHCI PCI platform driver
[    7.167071] initcall ehci_pci_init+0x0/0x64 returned 0 after 96 usecs
[    7.176463] ata6: SATA link down (SStatus 0 SControl 300)
[    7.180509] calling  ohci_hcd_mod_init+0x0/0x4e @ 1
[    7.188204] ata3.00: ATAPI: QEMU DVD-ROM, 2.5+, max UDMA/100
[    7.195179] ohci_hcd: USB 1.1 'Open' Host Controller (OHCI) Driver
[    7.202075] ata3.00: applying bridge limits
[    7.213412] ata3.00: configured for UDMA/100
[    7.220288] initcall ohci_hcd_mod_init+0x0/0x4e returned 0 after 25285 usecs
[    7.264123] calling  ohci_pci_init+0x0/0x64 @ 1
[    7.264288] scsi 2:0:0:0: CD-ROM            QEMU     QEMU DVD-ROM     2.5+ PQ: 0 ANSI: 5
[    7.269294] ohci-pci: OHCI PCI platform driver
[    7.269381] initcall ohci_pci_init+0x0/0x64 returned 0 after 87 usecs
[    7.269389] calling  uhci_hcd_init+0x0/0xa8 @ 1
[    7.269393] uhci_hcd: USB Universal Host Controller Interface driver
[    7.270075] initcall uhci_hcd_init+0x0/0xa8 returned 0 after 681 usecs
[    7.311177] calling  xhci_hcd_init+0x0/0x1e @ 1
[    7.316371] initcall xhci_hcd_init+0x0/0x1e returned 0 after 64 usecs
[    7.323809] calling  xhci_pci_init+0x0/0x49 @ 1
[    7.329885] initcall xhci_pci_init+0x0/0x49 returned 0 after 122 usecs
[    7.337508] calling  usblp_driver_init+0x0/0x15 @ 1
[    7.343317] usbcore: registered new interface driver usblp
[    7.349412] initcall usblp_driver_init+0x0/0x15 returned 0 after 6258 usecs
[    7.356939] calling  usb_storage_driver_init+0x0/0x2a @ 1
[    7.362860] usbcore: registered new interface driver usb-storage
[    7.370000] initcall usb_storage_driver_init+0x0/0x2a returned 0 after 7220 usecs
[    7.381027] calling  i8042_init+0x0/0x4a6 @ 1
[    7.387269] i8042: PNP: PS/2 Controller [PNP0303:KBD,PNP0f13:MOU] at 0x60,0x64 irq 1,12
[    7.401374] sr 2:0:0:0: [sr0] scsi3-mmc drive: 4x/4x cd/rw xa/form2 tray
[    7.405180] serio: i8042 KBD port at 0x60,0x64 irq 1
[    7.408875] cdrom: Uniform CD-ROM driver Revision: 3.20
[    7.424386] serio: i8042 AUX port at 0x60,0x64 irq 12
[    7.431257] initcall i8042_init+0x0/0x4a6 returned 0 after 44511 usecs
[    7.436028] sr 2:0:0:0: Attached scsi CD-ROM sr0
[    7.438801] calling  serport_init+0x0/0x27 @ 1
[    7.445972] sr 2:0:0:0: Attached scsi generic sg0 type 5
[    7.450480] initcall serport_init+0x0/0x27 returned 0 after 25 usecs
[    7.465094] calling  input_leds_init+0x0/0xc @ 1
[    7.470996] initcall input_leds_init+0x0/0xc returned 0 after 21 usecs
[    7.478599] calling  evdev_init+0x0/0xc @ 1
[    7.485148] initcall evdev_init+0x0/0xc returned 0 after 1680 usecs
[    7.492291] calling  atkbd_init+0x0/0x21 @ 1
[    7.497953] initcall atkbd_init+0x0/0x21 returned 0 after 726 usecs
[    7.503302] input: AT Translated Set 2 keyboard as /devices/platform/i8042/serio0/input/input1
[    7.504918] calling  psmouse_init+0x0/0x7f @ 1
[    7.519510] initcall psmouse_init+0x0/0x7f returned 0 after 523 usecs
[    7.528623] calling  cmos_init+0x0/0x73 @ 1
[    7.535405] rtc_cmos 00:04: RTC can wake from S4
[    7.549260] rtc_cmos 00:04: registered as rtc0
[    7.555521] rtc_cmos 00:04: alarms up to one day, y3k, 242 bytes nvram, hpet irqs
[    7.564429] initcall cmos_init+0x0/0x73 returned 0 after 30189 usecs
[    7.571769] calling  smbalert_driver_init+0x0/0xe @ 1
[    7.577491] initcall smbalert_driver_init+0x0/0xe returned 0 after 54 usecs
[    7.585621] calling  i2c_i801_init+0x0/0xc5 @ 1
[    7.595622] i801_smbus 0000:00:1f.3: SMBus using PCI interrupt
[    7.603266] i2c i2c-0: 1/1 memory slots populated (from DMI)
[    7.609593] i2c i2c-0: Memory type 0x07 not supported yet, not instantiating SPD
[    7.618348] initcall i2c_i801_init+0x0/0xc5 returned 0 after 27512 usecs
[    7.626517] calling  ptp_kvm_init+0x0/0xcc @ 1
[    7.632664] initcall ptp_kvm_init+0x0/0xcc returned 0 after 1372 usecs
[    7.640004] calling  thermal_throttle_init_device+0x0/0x3d @ 1
[    7.646497] initcall thermal_throttle_init_device+0x0/0x3d returned 0 after 1 usecs
[    7.654763] calling  dm_init+0x0/0x3c @ 1
[    7.661168] device-mapper: ioctl: 4.47.0-ioctl (2022-07-28) initialised: dm-devel@redhat.com
[    7.670516] initcall dm_init+0x0/0x3c returned 0 after 11313 usecs
[    7.677235] calling  dm_mirror_init+0x0/0x29 @ 1
[    7.682434] initcall dm_mirror_init+0x0/0x29 returned 0 after 15 usecs
[    7.689421] calling  dm_dirty_log_init+0x0/0x4f @ 1
[    7.695031] initcall dm_dirty_log_init+0x0/0x4f returned 0 after 73 usecs
[    7.703220] calling  dm_zero_init+0x0/0x29 @ 1
[    7.708407] initcall dm_zero_init+0x0/0x29 returned 0 after 3 usecs
[    7.715535] calling  intel_pstate_init+0x0/0x655 @ 1
[    7.721115] intel_pstate: CPU model not supported
[    7.726628] initcall intel_pstate_init+0x0/0x655 returned -19 after 5539 usecs
[    7.735970] calling  haltpoll_init+0x0/0xc0 @ 1
[    7.741455] initcall haltpoll_init+0x0/0xc0 returned -19 after 37 usecs
[    7.748873] calling  esrt_sysfs_init+0x0/0x292 @ 1
[    7.754349] initcall esrt_sysfs_init+0x0/0x292 returned -38 after 1 usecs
[    7.762012] calling  hid_init+0x0/0x5c @ 1
[    7.766925] hid: raw HID events driver (C) Jiri Kosina
[    7.772819] initcall hid_init+0x0/0x5c returned 0 after 6032 usecs
[    7.780027] calling  hid_generic_init+0x0/0x15 @ 1
[    7.785844] initcall hid_generic_init+0x0/0x15 returned 0 after 80 usecs
[    7.794363] calling  a4_driver_init+0x0/0x15 @ 1
[    7.799928] initcall a4_driver_init+0x0/0x15 returned 0 after 41 usecs
[    7.807121] calling  apple_driver_init+0x0/0x15 @ 1
[    7.813542] initcall apple_driver_init+0x0/0x15 returned 0 after 96 usecs
[    7.822427] calling  belkin_driver_init+0x0/0x15 @ 1
[    7.829093] initcall belkin_driver_init+0x0/0x15 returned 0 after 60 usecs
[    7.837846] calling  ch_driver_init+0x0/0x15 @ 1
[    7.842798] initcall ch_driver_init+0x0/0x15 returned 0 after 128 usecs
[    7.849806] calling  ch_driver_init+0x0/0x15 @ 1
[    7.854609] initcall ch_driver_init+0x0/0x15 returned 0 after 35 usecs
[    7.861378] calling  cp_driver_init+0x0/0x15 @ 1
[    7.866488] initcall cp_driver_init+0x0/0x15 returned 0 after 35 usecs
[    7.873502] calling  ez_driver_init+0x0/0x15 @ 1
[    7.878781] initcall ez_driver_init+0x0/0x15 returned 0 after 36 usecs
[    7.885919] calling  gyration_driver_init+0x0/0x15 @ 1
[    7.891556] initcall gyration_driver_init+0x0/0x15 returned 0 after 42 usecs
[    7.899235] calling  ite_driver_init+0x0/0x15 @ 1
[    7.904315] initcall ite_driver_init+0x0/0x15 returned 0 after 35 usecs
[    7.911222] calling  ks_driver_init+0x0/0x15 @ 1
[    7.916580] initcall ks_driver_init+0x0/0x15 returned 0 after 39 usecs
[    7.923633] calling  lg_driver_init+0x0/0x15 @ 1
[    7.928883] initcall lg_driver_init+0x0/0x15 returned 0 after 50 usecs
[    7.935698] calling  lg_g15_driver_init+0x0/0x15 @ 1
[    7.941200] initcall lg_g15_driver_init+0x0/0x15 returned 0 after 72 usecs
[    7.948554] calling  ms_driver_init+0x0/0x15 @ 1
[    7.953820] initcall ms_driver_init+0x0/0x15 returned 0 after 155 usecs
[    7.961019] calling  mr_driver_init+0x0/0x15 @ 1
[    7.966236] initcall mr_driver_init+0x0/0x15 returned 0 after 58 usecs
[    7.973196] calling  ntrig_driver_init+0x0/0x15 @ 1
[    7.978573] initcall ntrig_driver_init+0x0/0x15 returned 0 after 53 usecs
[    7.986183] calling  pl_driver_init+0x0/0x15 @ 1
[    7.991801] initcall pl_driver_init+0x0/0x15 returned 0 after 64 usecs
[    8.001447] calling  pl_driver_init+0x0/0x15 @ 1
[    8.007504] initcall pl_driver_init+0x0/0x15 returned 0 after 57 usecs
[    8.015501] calling  redragon_driver_init+0x0/0x15 @ 1
[    8.021456] initcall redragon_driver_init+0x0/0x15 returned 0 after 68 usecs
[    8.029314] calling  samsung_driver_init+0x0/0x15 @ 1
[    8.035155] initcall samsung_driver_init+0x0/0x15 returned 0 after 41 usecs
[    8.043000] calling  sony_init+0x0/0x38 @ 1
[    8.047629] initcall sony_init+0x0/0x38 returned 0 after 47 usecs
[    8.054863] calling  sp_driver_init+0x0/0x15 @ 1
[    8.060204] initcall sp_driver_init+0x0/0x15 returned 0 after 63 usecs
[    8.067373] calling  ts_driver_init+0x0/0x15 @ 1
[    8.072565] initcall ts_driver_init+0x0/0x15 returned 0 after 44 usecs
[    8.080128] calling  hid_init+0x0/0x58 @ 1
[    8.084868] usbcore: registered new interface driver usbhid
[    8.090965] usbhid: USB HID core driver
[    8.095135] initcall hid_init+0x0/0x58 returned 0 after 10314 usecs
[    8.101767] calling  eeepc_laptop_init+0x0/0x57 @ 1
[    8.107259] initcall eeepc_laptop_init+0x0/0x57 returned -19 after 197 usecs
[    8.114803] calling  alsa_hwdep_init+0x0/0x5e @ 1
[    8.120004] initcall alsa_hwdep_init+0x0/0x5e returned 0 after 149 usecs
[    8.127114] calling  alsa_timer_init+0x0/0x1f9 @ 1
[    8.133514] initcall alsa_timer_init+0x0/0x1f9 returned 0 after 1249 usecs
[    8.141067] calling  snd_hrtimer_init+0x0/0x117 @ 1
[    8.146617] initcall snd_hrtimer_init+0x0/0x117 returned 0 after 5 usecs
[    8.153697] calling  alsa_pcm_init+0x0/0x64 @ 1
