c[?7l[2J[0mSeaBIOS (version 1.16.0-debian-1.16.0-4)
Booting from ROM...
early console in setup code
c[?7l[2J[    0.000000] Linux version 5.10.155+ (root@joelboxx.c.googlers.com) (gcc (Debian 12.2.0-3) 12.2.0, GNU ld (GNU Binutils for Debian) 2.39) #16 Tue Dec 13 05:37:30 UTC 2022
[    0.000000] Command line: selinux=0 initcall_debug debug console=ttyS0 rcutorture.torture_type=tasks rcutorture.n_barrier_cbs=4 rcutorture.stat_interval=15 rcutorture.shutdown_secs=1800 rcutorture.test_no_idle_hz=1 rcutorture.verbose=1
[    0.000000] x86/fpu: x87 FPU will use FXSAVE
[    0.000000] BIOS-provided physical RAM map:
[    0.000000] BIOS-e820: [mem 0x0000000000000000-0x000000000009fbff] usable
[    0.000000] BIOS-e820: [mem 0x000000000009fc00-0x000000000009ffff] reserved
[    0.000000] BIOS-e820: [mem 0x00000000000f0000-0x00000000000fffff] reserved
[    0.000000] BIOS-e820: [mem 0x0000000000100000-0x000000001ffdefff] usable
[    0.000000] BIOS-e820: [mem 0x000000001ffdf000-0x000000001fffffff] reserved
[    0.000000] BIOS-e820: [mem 0x00000000b0000000-0x00000000bfffffff] reserved
[    0.000000] BIOS-e820: [mem 0x00000000fed1c000-0x00000000fed1ffff] reserved
[    0.000000] BIOS-e820: [mem 0x00000000feffc000-0x00000000feffffff] reserved
[    0.000000] BIOS-e820: [mem 0x00000000fffc0000-0x00000000ffffffff] reserved
[    0.000000] NX (Execute Disable) protection: active
[    0.000000] SMBIOS 2.8 present.
[    0.000000] DMI: QEMU Standard PC (Q35 + ICH9, 2009), BIOS 1.16.0-debian-1.16.0-4 04/01/2014
[    0.000000] Hypervisor detected: KVM
[    0.000000] kvm-clock: Using msrs 4b564d01 and 4b564d00
[    0.000000] kvm-clock: cpu 0, msr c043001, primary cpu clock
[    0.000001] kvm-clock: using sched offset of 806939218 cycles
[    0.000170] clocksource: kvm-clock: mask: 0xffffffffffffffff max_cycles: 0x1cd42e4dffb, max_idle_ns: 881590591483 ns
[    0.000223] tsc: Detected 1999.999 MHz processor
[    0.008169] e820: update [mem 0x00000000-0x00000fff] usable ==> reserved
[    0.008174] e820: remove [mem 0x000a0000-0x000fffff] usable
[    0.008180] last_pfn = 0x1ffdf max_arch_pfn = 0x400000000
[    0.008977] MTRR default type: write-back
[    0.009052] MTRR fixed ranges enabled:
[    0.009053]   00000-9FFFF write-back
[    0.009055]   A0000-BFFFF uncachable
[    0.009056]   C0000-FFFFF write-protect
[    0.009056] MTRR variable ranges enabled:
[    0.009058]   0 base 00C0000000 mask FFC0000000 uncachable
[    0.009059]   1 disabled
[    0.009060]   2 disabled
[    0.009060]   3 disabled
[    0.009061]   4 disabled
[    0.009061]   5 disabled
[    0.009062]   6 disabled
[    0.009063]   7 disabled
[    0.009407] x86/PAT: Configuration [0-7]: WB  WC  UC- UC  WB  WC  UC- UC  
[    0.019026] found SMP MP-table at [mem 0x000f5ba0-0x000f5baf]
[    0.025944] check: Scanning 1 areas for low memory corruption
[    0.037712] ACPI: Early table checksum verification disabled
[    0.039781] ACPI: RSDP 0x00000000000F59E0 000014 (v00 BOCHS )
[    0.040139] ACPI: RSDT 0x000000001FFE229A 000038 (v01 BOCHS  BXPC     00000001 BXPC 00000001)
[    0.040147] ACPI: FACP 0x000000001FFE2092 0000F4 (v03 BOCHS  BXPC     00000001 BXPC 00000001)
[    0.040199] ACPI: DSDT 0x000000001FFE0040 002052 (v01 BOCHS  BXPC     00000001 BXPC 00000001)
[    0.040203] ACPI: FACS 0x000000001FFE0000 000040
[    0.040207] ACPI: APIC 0x000000001FFE2186 000078 (v01 BOCHS  BXPC     00000001 BXPC 00000001)
[    0.040210] ACPI: HPET 0x000000001FFE21FE 000038 (v01 BOCHS  BXPC     00000001 BXPC 00000001)
[    0.040214] ACPI: MCFG 0x000000001FFE2236 00003C (v01 BOCHS  BXPC     00000001 BXPC 00000001)
[    0.040218] ACPI: WAET 0x000000001FFE2272 000028 (v01 BOCHS  BXPC     00000001 BXPC 00000001)
[    0.040221] ACPI: Reserving FACP table memory at [mem 0x1ffe2092-0x1ffe2185]
[    0.040223] ACPI: Reserving DSDT table memory at [mem 0x1ffe0040-0x1ffe2091]
[    0.040224] ACPI: Reserving FACS table memory at [mem 0x1ffe0000-0x1ffe003f]
[    0.040225] ACPI: Reserving APIC table memory at [mem 0x1ffe2186-0x1ffe21fd]
[    0.040226] ACPI: Reserving HPET table memory at [mem 0x1ffe21fe-0x1ffe2235]
[    0.040227] ACPI: Reserving MCFG table memory at [mem 0x1ffe2236-0x1ffe2271]
[    0.040228] ACPI: Reserving WAET table memory at [mem 0x1ffe2272-0x1ffe2299]
[    0.041126] ACPI: Local APIC address 0xfee00000
[    0.043017] Zone ranges:
[    0.043063]   DMA      [mem 0x0000000000001000-0x0000000000ffffff]
[    0.043209]   DMA32    [mem 0x0000000001000000-0x000000001ffdefff]
[    0.043255]   Normal   empty
[    0.043256] Movable zone start for each node
[    0.043257] Early memory node ranges
[    0.043258]   node   0: [mem 0x0000000000001000-0x000000000009efff]
[    0.043290]   node   0: [mem 0x0000000000100000-0x000000001ffdefff]
[    0.043350] Initmem setup node 0 [mem 0x0000000000001000-0x000000001ffdefff]
[    0.043351] On node 0 totalpages: 130941
[    0.043501]   DMA zone: 64 pages used for memmap
[    0.043503]   DMA zone: 21 pages reserved
[    0.043548]   DMA zone: 3998 pages, LIFO batch:0
[    0.043549]   DMA32 zone: 1984 pages used for memmap
[    0.043550]   DMA32 zone: 126943 pages, LIFO batch:31
[    0.044436] On node 0, zone DMA: 1 pages in unavailable ranges
[    0.044498] On node 0, zone DMA: 97 pages in unavailable ranges
[    0.125921] On node 0, zone DMA32: 33 pages in unavailable ranges
[    0.130145] ACPI: PM-Timer IO Port: 0x608
[    0.130150] ACPI: Local APIC address 0xfee00000
[    0.130280] ACPI: LAPIC_NMI (acpi_id[0xff] dfl dfl lint[0x1])
[    0.131484] IOAPIC[0]: apic_id 0, version 17, address 0xfec00000, GSI 0-23
[    0.131550] ACPI: INT_SRC_OVR (bus 0 bus_irq 0 global_irq 2 dfl dfl)
[    0.131629] ACPI: INT_SRC_OVR (bus 0 bus_irq 5 global_irq 5 high level)
[    0.131631] ACPI: INT_SRC_OVR (bus 0 bus_irq 9 global_irq 9 high level)
[    0.131700] ACPI: INT_SRC_OVR (bus 0 bus_irq 10 global_irq 10 high level)
[    0.131702] ACPI: INT_SRC_OVR (bus 0 bus_irq 11 global_irq 11 high level)
[    0.131703] ACPI: IRQ0 used by override.
[    0.131704] ACPI: IRQ5 used by override.
[    0.131705] ACPI: IRQ9 used by override.
[    0.131706] ACPI: IRQ10 used by override.
[    0.131707] ACPI: IRQ11 used by override.
[    0.131709] Using ACPI (MADT) for SMP configuration information
[    0.131754] ACPI: HPET id: 0x8086a201 base: 0xfed00000
[    0.133120] kvm-guest: stealtime: cpu 0, msr b84d780
[    0.134148] PM: hibernation: Registered nosave memory: [mem 0x00000000-0x00000fff]
[    0.134151] PM: hibernation: Registered nosave memory: [mem 0x0009f000-0x0009ffff]
[    0.134151] PM: hibernation: Registered nosave memory: [mem 0x000a0000-0x000effff]
[    0.134152] PM: hibernation: Registered nosave memory: [mem 0x000f0000-0x000fffff]
[    0.134154] [mem 0x20000000-0xafffffff] available for PCI devices
[    0.134235] Booting paravirtualized kernel on KVM
[    0.134719] clocksource: refined-jiffies: mask: 0xffffffff max_cycles: 0xffffffff, max_idle_ns: 1910969940391419 ns
[    0.149607] pcpu-alloc: s0 r0 d32768 u32768 alloc=1*32768
[    0.149704] pcpu-alloc: [0] 0 
[    0.150123] Built 1 zonelists, mobility grouping on.  Total pages: 128872
[    0.150223] Kernel command line: selinux=0 initcall_debug debug console=ttyS0 rcutorture.torture_type=tasks rcutorture.n_barrier_cbs=4 rcutorture.stat_interval=15 rcutorture.shutdown_secs=1800 rcutorture.test_no_idle_hz=1 rcutorture.verbose=1
[    0.157100] Dentry cache hash table entries: 65536 (order: 7, 524288 bytes, linear)
[    0.160510] Inode-cache hash table entries: 32768 (order: 6, 262144 bytes, linear)
[    0.161527] mem auto-init: stack:all(zero), heap alloc:off, heap free:off
[    0.174995] Memory: 481560K/523764K available (14349K kernel code, 2619K rwdata, 4608K rodata, 1252K init, 1876K bss, 41944K reserved, 0K cma-reserved)
[    0.175607] SLUB: HWalign=64, Order=0-3, MinObjects=0, CPUs=1, Nodes=1
[    0.175897] Kernel/User page tables isolation: enabled
[    0.188688] NR_IRQS: 4352, nr_irqs: 256, preallocated irqs: 16
[    0.191477] calling  con_init+0x0/0x22a @ 0
[    0.379942] Console: colour VGA+ 80x25
[    0.384570] initcall con_init+0x0/0x22a returned 0 after 0 usecs
[    0.384780] calling  hvc_console_init+0x0/0x13 @ 0
[    0.384881] initcall hvc_console_init+0x0/0x13 returned 0 after 0 usecs
[    0.384884] calling  univ8250_console_init+0x0/0x26 @ 0
[    1.174739] printk: console [ttyS0] enabled
[    1.179147] initcall univ8250_console_init+0x0/0x26 returned 0 after 0 usecs
[    1.188183] ACPI: Core revision 20200925
[    1.202298] clocksource: hpet: mask: 0xffffffff max_cycles: 0xffffffff, max_idle_ns: 19112604467 ns
[    1.219135] APIC: Switch to symmetric I/O mode setup
[    1.276732] ..TIMER: vector=0x30 apic1=0 pin1=2 apic2=-1 pin2=-1
[    1.291212] clocksource: tsc-early: mask: 0xffffffffffffffff max_cycles: 0x39a85afc727, max_idle_ns: 881590685098 ns
[    1.306099] Calibrating delay loop (skipped) preset value.. 3999.99 BogoMIPS (lpj=1999999)
[    1.307323] pid_max: default: 32768 minimum: 301
[    1.312234] LSM: Security Framework initializing
[    1.314721] Mount-cache hash table entries: 1024 (order: 1, 8192 bytes, linear)
[    1.315164] Mountpoint-cache hash table entries: 1024 (order: 1, 8192 bytes, linear)
[    1.329783] Last level iTLB entries: 4KB 0, 2MB 0, 4MB 0
[    1.330104] Last level dTLB entries: 4KB 0, 2MB 0, 4MB 0, 1GB 0
[    1.331182] CPU: Intel Common KVM processor (family: 0xf, model: 0x6, stepping: 0x1)
[    1.332103] Spectre V1 : Mitigation: usercopy/swapgs barriers and __user pointer sanitization
[    1.334159] Spectre V2 : Mitigation: Retpolines
[    1.335104] Spectre V2 : Spectre v2 / SpectreRSB mitigation: Filling RSB on context switch
[    1.336103] Spectre V2 : Spectre v2 / SpectreRSB : Filling RSB on VMEXIT
[    1.337105] Speculative Store Bypass: Vulnerable
[    1.338226] MDS: Vulnerable: Clear CPU buffers attempted, no microcode
[    1.340104] MMIO Stale Data: Unknown: No mitigations
[    1.521907] calling  init_hw_perf_events+0x0/0x6ce @ 1
[    1.522165] Performance Events: unsupported Netburst CPU model 6 no PMU driver, software events only.
[    1.523117] initcall init_hw_perf_events+0x0/0x6ce returned 0 after 976 usecs
[    1.524112] calling  init_real_mode+0x0/0x1e9 @ 1
[    1.528709] initcall init_real_mode+0x0/0x1e9 returned 0 after 1953 usecs
[    1.529109] calling  trace_init_perf_perm_irq_work_exit+0x0/0x12 @ 1
[    1.530107] initcall trace_init_perf_perm_irq_work_exit+0x0/0x12 returned 0 after 0 usecs
[    1.531166] calling  validate_x2apic+0x0/0x4a @ 1
[    1.532139] initcall validate_x2apic+0x0/0x4a returned 0 after 0 usecs
[    1.533107] calling  register_nmi_cpu_backtrace_handler+0x0/0x15 @ 1
[    1.534107] initcall register_nmi_cpu_backtrace_handler+0x0/0x15 returned 0 after 0 usecs
[    1.535107] calling  kvm_setup_vsyscall_timeinfo+0x0/0x34 @ 1
[    1.536106] initcall kvm_setup_vsyscall_timeinfo+0x0/0x34 returned 0 after 0 usecs
[    1.537203] calling  spawn_ksoftirqd+0x0/0x34 @ 1
[    1.539162] initcall spawn_ksoftirqd+0x0/0x34 returned 0 after 0 usecs
[    1.540173] calling  trace_init_flags_sys_enter+0x0/0xe @ 1
[    1.541108] initcall trace_init_flags_sys_enter+0x0/0xe returned 0 after 0 usecs
[    1.542107] calling  trace_init_flags_sys_exit+0x0/0xe @ 1
[    1.543106] initcall trace_init_flags_sys_exit+0x0/0xe returned 0 after 0 usecs
[    1.544106] calling  init_kprobes+0x0/0x14d @ 1
[    1.547373] initcall init_kprobes+0x0/0x14d returned 0 after 1953 usecs
[    1.549105] calling  init_events+0x0/0x3d @ 1
[    1.551186] initcall init_events+0x0/0x3d returned 0 after 976 usecs
[    1.552105] calling  init_trace_printk+0x0/0xc @ 1
[    1.553105] initcall init_trace_printk+0x0/0xc returned 0 after 0 usecs
[    1.554106] calling  event_trace_enable_again+0x0/0x23 @ 1
[    1.555108] initcall event_trace_enable_again+0x0/0x23 returned 0 after 0 usecs
[    1.556108] calling  static_call_init+0x0/0x6d @ 1
[    1.557107] initcall static_call_init+0x0/0x6d returned 0 after 0 usecs
[    1.558107] calling  jump_label_init_module+0x0/0xc @ 1
[    1.559107] initcall jump_label_init_module+0x0/0xc returned 0 after 0 usecs
[    1.560107] calling  init_zero_pfn+0x0/0x37 @ 1
[    1.561107] initcall init_zero_pfn+0x0/0x37 returned 0 after 0 usecs
[    1.562155] calling  initialize_ptr_random+0x0/0x54 @ 1
[    1.563106] initcall initialize_ptr_random+0x0/0x54 returned 0 after 0 usecs
[    1.564167] calling  efi_memreserve_root_init+0x0/0x25 @ 1
[    1.565172] initcall efi_memreserve_root_init+0x0/0x25 returned 0 after 0 usecs
[    1.566108] calling  efi_earlycon_remap_fb+0x0/0x51 @ 1
[    1.567106] initcall efi_earlycon_remap_fb+0x0/0x51 returned 0 after 0 usecs
[    1.690519] devtmpfs: initialized
[    1.692738] calling  ipc_ns_init+0x0/0x3d @ 1
[    1.693123] initcall ipc_ns_init+0x0/0x3d returned 0 after 0 usecs
[    1.694112] calling  init_mmap_min_addr+0x0/0x21 @ 1
[    1.695109] initcall init_mmap_min_addr+0x0/0x21 returned 0 after 0 usecs
[    1.696107] calling  pci_realloc_setup_params+0x0/0x3f @ 1
[    1.697106] initcall pci_realloc_setup_params+0x0/0x3f returned 0 after 0 usecs
[    1.699099] calling  net_ns_init+0x0/0x11c @ 1
[    1.701499] initcall net_ns_init+0x0/0x11c returned 0 after 0 usecs
[    1.702121] calling  e820__register_nvs_regions+0x0/0x37 @ 1
[    1.704106] initcall e820__register_nvs_regions+0x0/0x37 returned 0 after 0 usecs
[    1.705106] calling  cpufreq_register_tsc_scaling+0x0/0x2e @ 1
[    1.706107] initcall cpufreq_register_tsc_scaling+0x0/0x2e returned 0 after 0 usecs
[    1.707108] calling  reboot_init+0x0/0x3c @ 1
[    1.708500] initcall reboot_init+0x0/0x3c returned 0 after 0 usecs
[    1.709106] calling  init_lapic_sysfs+0x0/0x20 @ 1
[    1.710105] initcall init_lapic_sysfs+0x0/0x20 returned 0 after 0 usecs
[    1.711107] calling  wq_sysfs_init+0x0/0x2a @ 1
[    1.712256] initcall wq_sysfs_init+0x0/0x2a returned 0 after 0 usecs
[    1.713106] calling  ksysfs_init+0x0/0x92 @ 1
[    1.714113] initcall ksysfs_init+0x0/0x92 returned 0 after 0 usecs
[    1.715106] calling  pm_init+0x0/0x76 @ 1
[    1.716185] initcall pm_init+0x0/0x76 returned 0 after 0 usecs
[    1.717215] calling  pm_disk_init+0x0/0x13 @ 1
[    1.718198] initcall pm_disk_init+0x0/0x13 returned 0 after 0 usecs
[    1.719104] calling  swsusp_header_init+0x0/0x2b @ 1
[    1.720105] initcall swsusp_header_init+0x0/0x2b returned 0 after 0 usecs
[    1.721105] calling  rcu_set_runtime_mode+0x0/0x11 @ 1
[    1.722104] initcall rcu_set_runtime_mode+0x0/0x11 returned 0 after 0 usecs
[    1.723105] calling  init_jiffies_clocksource+0x0/0x13 @ 1
[    1.724104] clocksource: jiffies: mask: 0xffffffff max_cycles: 0xffffffff, max_idle_ns: 1911260446275000 ns
[    1.725105] initcall init_jiffies_clocksource+0x0/0x13 returned 0 after 976 usecs
[    1.726103] calling  futex_init+0x0/0xd5 @ 1
[    1.727106] futex hash table entries: 256 (order: 0, 6144 bytes, linear)
[    1.728108] initcall futex_init+0x0/0xd5 returned 0 after 976 usecs
[    1.729103] calling  cgroup_wq_init+0x0/0x28 @ 1
[    1.730108] initcall cgroup_wq_init+0x0/0x28 returned 0 after 0 usecs
[    1.731103] calling  cgroup1_wq_init+0x0/0x28 @ 1
[    1.732107] initcall cgroup1_wq_init+0x0/0x28 returned 0 after 0 usecs
[    1.733104] calling  init_kprobe_trace_early+0x0/0x2a @ 1
[    1.734159] initcall init_kprobe_trace_early+0x0/0x2a returned 0 after 0 usecs
[    1.735104] calling  fsnotify_init+0x0/0x48 @ 1
[    1.736111] initcall fsnotify_init+0x0/0x48 returned 0 after 0 usecs
[    1.737107] calling  filelock_init+0x0/0x60 @ 1
[    1.739153] initcall filelock_init+0x0/0x60 returned 0 after 976 usecs
[    1.740105] calling  init_misc_binfmt+0x0/0x2c @ 1
[    1.741179] initcall init_misc_binfmt+0x0/0x2c returned 0 after 0 usecs
[    1.742107] calling  init_script_binfmt+0x0/0x15 @ 1
[    1.743159] initcall init_script_binfmt+0x0/0x15 returned 0 after 0 usecs
[    1.744106] calling  init_elf_binfmt+0x0/0x15 @ 1
[    1.745107] initcall init_elf_binfmt+0x0/0x15 returned 0 after 0 usecs
[    1.746107] calling  init_compat_elf_binfmt+0x0/0x15 @ 1
[    1.747109] initcall init_compat_elf_binfmt+0x0/0x15 returned 0 after 0 usecs
[    1.748171] calling  debugfs_init+0x0/0x5c @ 1
[    1.749120] initcall debugfs_init+0x0/0x5c returned 0 after 0 usecs
[    1.750108] calling  tracefs_init+0x0/0x3a @ 1
[    1.751195] initcall tracefs_init+0x0/0x3a returned 0 after 0 usecs
[    1.752107] calling  prandom_init_early+0x0/0x111 @ 1
[    1.753107] initcall prandom_init_early+0x0/0x111 returned 0 after 0 usecs
[    1.754107] calling  virtio_init+0x0/0x20 @ 1
[    1.756118] initcall virtio_init+0x0/0x20 returned 0 after 976 usecs
[    1.757106] calling  iommu_init+0x0/0x2a @ 1
[    1.758128] initcall iommu_init+0x0/0x2a returned 0 after 0 usecs
[    1.759106] calling  component_debug_init+0x0/0x1c @ 1
[    1.760174] initcall component_debug_init+0x0/0x1c returned 0 after 0 usecs
[    1.761106] calling  early_resume_init+0x0/0xb9 @ 1
[    1.763773] PM: RTC time: 05:41:49, date: 2022-12-13
[    1.764106] initcall early_resume_init+0x0/0xb9 returned 0 after 976 usecs
[    1.765106] calling  cpufreq_core_init+0x0/0x62 @ 1
[    1.767134] initcall cpufreq_core_init+0x0/0x62 returned 0 after 976 usecs
[    1.768105] calling  cpufreq_gov_performance_init+0x0/0xc @ 1
[    1.769132] initcall cpufreq_gov_performance_init+0x0/0xc returned 0 after 0 usecs
[    1.770107] calling  cpufreq_gov_userspace_init+0x0/0xc @ 1
[    1.771107] initcall cpufreq_gov_userspace_init+0x0/0xc returned 0 after 0 usecs
[    1.772106] calling  CPU_FREQ_GOV_ONDEMAND_init+0x0/0xc @ 1
[    1.773105] initcall CPU_FREQ_GOV_ONDEMAND_init+0x0/0xc returned 0 after 0 usecs
[    1.774106] calling  cpuidle_init+0x0/0x1f @ 1
[    1.776107] initcall cpuidle_init+0x0/0x1f returned 0 after 976 usecs
[    1.777104] calling  capsule_reboot_register+0x0/0xc @ 1
[    1.778123] initcall capsule_reboot_register+0x0/0xc returned 0 after 0 usecs
[    1.779104] calling  sock_init+0x0/0x93 @ 1
[    1.781189] initcall sock_init+0x0/0x93 returned 0 after 976 usecs
[    1.782108] calling  net_inuse_init+0x0/0x23 @ 1
[    1.783113] initcall net_inuse_init+0x0/0x23 returned 0 after 0 usecs
[    1.784105] calling  net_defaults_init+0x0/0x23 @ 1
[    1.785105] initcall net_defaults_init+0x0/0x23 returned 0 after 0 usecs
[    1.786105] calling  init_default_flow_dissectors+0x0/0x4f @ 1
[    1.787106] initcall init_default_flow_dissectors+0x0/0x4f returned 0 after 0 usecs
[    1.788105] calling  netpoll_init+0x0/0x25 @ 1
[    1.789105] initcall netpoll_init+0x0/0x25 returned 0 after 0 usecs
[    1.790105] calling  netlink_proto_init+0x0/0x14f @ 1
[    1.791165] NET: Registered protocol family 16
[    1.792120] initcall netlink_proto_init+0x0/0x14f returned 0 after 976 usecs
[    1.793106] calling  genl_init+0x0/0x35 @ 1
[    1.794118] initcall genl_init+0x0/0x35 returned 0 after 0 usecs
[    1.795107] calling  bsp_pm_check_init+0x0/0x13 @ 1
[    1.796111] initcall bsp_pm_check_init+0x0/0x13 returned 0 after 0 usecs
[    1.797129] calling  irq_sysfs_init+0x0/0xb7 @ 1
[    1.798150] initcall irq_sysfs_init+0x0/0xb7 returned 0 after 0 usecs
[    1.799107] calling  audit_init+0x0/0x15d @ 1
[    1.800111] audit: initializing netlink subsys (disabled)
[    1.801153] initcall audit_init+0x0/0x15d returned 0 after 976 usecs
[    1.802107] calling  release_early_probes+0x0/0x32 @ 1
[    1.803106] initcall release_early_probes+0x0/0x32 returned 0 after 0 usecs
[    1.804106] calling  bdi_class_init+0x0/0x48 @ 1
[    1.805163] initcall bdi_class_init+0x0/0x48 returned 0 after 0 usecs
[    1.806110] calling  mm_sysfs_init+0x0/0x28 @ 1
[    1.807127] initcall mm_sysfs_init+0x0/0x28 returned 0 after 0 usecs
[    1.808109] calling  init_per_zone_wmark_min+0x0/0x5e @ 1
[    1.809106] initcall init_per_zone_wmark_min+0x0/0x5e returned 0 after 0 usecs
[    1.810107] calling  mpi_init+0x0/0x3e @ 1
[    1.811111] initcall mpi_init+0x0/0x3e returned 0 after 0 usecs
[    1.812104] calling  kobject_uevent_init+0x0/0xc @ 1
[    1.813112] initcall kobject_uevent_init+0x0/0xc returned 0 after 0 usecs
[    1.814105] calling  pcibus_class_init+0x0/0x13 @ 1
[    1.815117] initcall pcibus_class_init+0x0/0x13 returned 0 after 0 usecs
[    1.816133] calling  pci_driver_init+0x0/0x21 @ 1
[    1.817124] initcall pci_driver_init+0x0/0x21 returned 0 after 0 usecs
[    1.818105] calling  backlight_class_init+0x0/0xa8 @ 1
[    1.819129] initcall backlight_class_init+0x0/0xa8 returned 0 after 0 usecs
[    1.820115] calling  tty_class_init+0x0/0x33 @ 1
[    1.821122] initcall tty_class_init+0x0/0x33 returned 0 after 0 usecs
[    1.822107] calling  vtconsole_class_init+0x0/0xb5 @ 1
[    1.823194] initcall vtconsole_class_init+0x0/0xb5 returned 0 after 0 usecs
[    1.824106] calling  iommu_dev_init+0x0/0x13 @ 1
[    1.825141] initcall iommu_dev_init+0x0/0x13 returned 0 after 0 usecs
[    1.826105] calling  mipi_dsi_bus_init+0x0/0xc @ 1
[    1.827186] initcall mipi_dsi_bus_init+0x0/0xc returned 0 after 0 usecs
[    1.828105] calling  devlink_class_init+0x0/0x40 @ 1
[    1.829114] initcall devlink_class_init+0x0/0x40 returned 0 after 0 usecs
[    1.830104] calling  software_node_init+0x0/0x2a @ 1
[    1.831108] initcall software_node_init+0x0/0x2a returned 0 after 0 usecs
[    1.832105] calling  wakeup_sources_debugfs_init+0x0/0x23 @ 1
[    1.833116] initcall wakeup_sources_debugfs_init+0x0/0x23 returned 0 after 0 usecs
[    1.834105] calling  wakeup_sources_sysfs_init+0x0/0x2c @ 1
[    1.835117] initcall wakeup_sources_sysfs_init+0x0/0x2c returned 0 after 0 usecs
[    1.836105] calling  regmap_initcall+0x0/0xc @ 1
[    1.837148] initcall regmap_initcall+0x0/0xc returned 0 after 0 usecs
[    1.838105] calling  i2c_init+0x0/0xb3 @ 1
[    1.840246] initcall i2c_init+0x0/0xb3 returned 0 after 976 usecs
[    1.841107] calling  thermal_init+0x0/0xf2 @ 1
[    1.843135] thermal_sys: Registered thermal governor 'step_wise'
[    1.843136] thermal_sys: Registered thermal governor 'user_space'
[    1.844119] initcall thermal_init+0x0/0xf2 returned 0 after 1953 usecs
[    1.846107] calling  init_menu+0x0/0xc @ 1
[    1.847105] cpuidle: using governor menu
[    1.848106] initcall init_menu+0x0/0xc returned 0 after 976 usecs
[    1.849106] calling  pcc_init+0x0/0x4d @ 1
[    1.850125] initcall pcc_init+0x0/0x4d returned -19 after 0 usecs
[    1.851108] calling  amd_postcore_init+0x0/0x11e @ 1
[    1.852106] initcall amd_postcore_init+0x0/0x11e returned 0 after 0 usecs
[    1.853125] calling  bts_init+0x0/0xba @ 1
[    1.854106] initcall bts_init+0x0/0xba returned -19 after 0 usecs
[    1.855105] calling  pt_init+0x0/0x2ef @ 1
[    1.856105] initcall pt_init+0x0/0x2ef returned -19 after 0 usecs
[    1.857107] calling  boot_params_ksysfs_init+0x0/0x2ee @ 1
[    1.858134] initcall boot_params_ksysfs_init+0x0/0x2ee returned 0 after 0 usecs
[    1.859106] calling  sbf_init+0x0/0xb9 @ 1
[    1.860106] initcall sbf_init+0x0/0xb9 returned 0 after 0 usecs
[    1.861105] calling  arch_kdebugfs_init+0x0/0x219 @ 1
[    1.862273] initcall arch_kdebugfs_init+0x0/0x219 returned 0 after 0 usecs
[    1.863106] calling  intel_pconfig_init+0x0/0x85 @ 1
[    1.864120] initcall intel_pconfig_init+0x0/0x85 returned 0 after 0 usecs
[    1.866108] calling  mtrr_if_init+0x0/0x5d @ 1
[    1.867116] initcall mtrr_if_init+0x0/0x5d returned 0 after 0 usecs
[    1.868106] calling  activate_jump_labels+0x0/0x31 @ 1
[    1.870107] initcall activate_jump_labels+0x0/0x31 returned 0 after 0 usecs
[    1.871107] calling  ffh_cstate_init+0x0/0x29 @ 1
[    1.872112] initcall ffh_cstate_init+0x0/0x29 returned 0 after 0 usecs
[    1.873106] calling  activate_jump_labels+0x0/0x31 @ 1
[    1.875118] initcall activate_jump_labels+0x0/0x31 returned 0 after 976 usecs
[    1.876106] calling  kvm_alloc_cpumask+0x0/0x2b @ 1
[    1.877152] initcall kvm_alloc_cpumask+0x0/0x2b returned 0 after 0 usecs
[    1.878106] calling  kcmp_cookies_init+0x0/0x37 @ 1
[    1.879109] initcall kcmp_cookies_init+0x0/0x37 returned 0 after 0 usecs
[    1.880108] calling  cryptomgr_init+0x0/0xc @ 1
[    1.881172] initcall cryptomgr_init+0x0/0xc returned 0 after 0 usecs
[    1.882105] calling  acpi_pci_init+0x0/0x57 @ 1
[    1.883140] ACPI: bus type PCI registered
[    1.885779] initcall acpi_pci_init+0x0/0x57 returned 0 after 1953 usecs
[    1.887310] calling  dma_channel_table_init+0x0/0xce @ 1
[    1.889265] initcall dma_channel_table_init+0x0/0xce returned 0 after 976 usecs
[    1.890105] calling  dma_bus_init+0x0/0xdc @ 1
[    1.892657] initcall dma_bus_init+0x0/0xdc returned 0 after 976 usecs
[    1.893107] calling  iommu_dma_init+0x0/0x10 @ 1
[    1.894160] initcall iommu_dma_init+0x0/0x10 returned 0 after 0 usecs
[    1.895107] calling  dmi_id_init+0x0/0x37c @ 1
[    1.896626] initcall dmi_id_init+0x0/0x37c returned 0 after 0 usecs
[    1.897119] calling  pci_arch_init+0x0/0x71 @ 1
[    1.899728] PCI: MMCONFIG for domain 0000 [bus 00-ff] at [mem 0xb0000000-0xbfffffff] (base 0xb0000000)
[    1.900204] PCI: MMCONFIG at [mem 0xb0000000-0xbfffffff] reserved in E820
[    1.902263] PCI: Using configuration type 1 for base access
[    1.903194] initcall pci_arch_init+0x0/0x71 returned 0 after 4882 usecs
[    1.904218] calling  init_vdso+0x0/0x13 @ 1
[    1.905162] initcall init_vdso+0x0/0x13 returned 0 after 0 usecs
[    1.906105] calling  sysenter_setup+0x0/0x13 @ 1
[    1.907113] initcall sysenter_setup+0x0/0x13 returned 0 after 0 usecs
[    1.908106] calling  fixup_ht_bug+0x0/0x7f @ 1
[    1.909154] initcall fixup_ht_bug+0x0/0x7f returned 0 after 0 usecs
[    1.910106] calling  topology_init+0x0/0x15 @ 1
[    1.911274] initcall topology_init+0x0/0x15 returned 0 after 0 usecs
[    1.912155] calling  intel_epb_init+0x0/0x68 @ 1
[    1.913135] initcall intel_epb_init+0x0/0x68 returned -19 after 0 usecs
[    1.914106] calling  mtrr_init_finialize+0x0/0x3e @ 1
[    1.915142] initcall mtrr_init_finialize+0x0/0x3e returned 0 after 0 usecs
[    1.916121] calling  uid_cache_init+0x0/0x6f @ 1
[    1.917231] initcall uid_cache_init+0x0/0x6f returned 0 after 0 usecs
[    1.918107] calling  param_sysfs_init+0x0/0x1ba @ 1
[    1.921675] initcall param_sysfs_init+0x0/0x1ba returned 0 after 1953 usecs
[    1.922120] calling  user_namespace_sysctl_init+0x0/0x33 @ 1
[    1.924260] initcall user_namespace_sysctl_init+0x0/0x33 returned 0 after 976 usecs
[    1.925108] calling  proc_schedstat_init+0x0/0x24 @ 1
[    1.926196] initcall proc_schedstat_init+0x0/0x24 returned 0 after 0 usecs
[    1.927105] calling  pm_sysrq_init+0x0/0x18 @ 1
[    1.928105] initcall pm_sysrq_init+0x0/0x18 returned 0 after 0 usecs
[    1.929153] calling  create_proc_profile+0x0/0x50 @ 1
[    1.930107] initcall create_proc_profile+0x0/0x50 returned 0 after 0 usecs
[    1.931107] calling  time_ns_init+0x0/0x7 @ 1
[    1.932123] initcall time_ns_init+0x0/0x7 returned 0 after 0 usecs
[    1.933105] calling  crash_save_vmcoreinfo_init+0x0/0x756 @ 1
[    1.934503] initcall crash_save_vmcoreinfo_init+0x0/0x756 returned 0 after 0 usecs
[    1.935106] calling  crash_notes_memory_init+0x0/0x35 @ 1
[    1.936136] initcall crash_notes_memory_init+0x0/0x35 returned 0 after 0 usecs
[    1.937105] calling  cgroup_sysfs_init+0x0/0x13 @ 1
[    1.938150] initcall cgroup_sysfs_init+0x0/0x13 returned 0 after 0 usecs
[    1.939105] calling  cgroup_namespaces_init+0x0/0x7 @ 1
[    1.940105] initcall cgroup_namespaces_init+0x0/0x7 returned 0 after 0 usecs
[    1.941105] calling  init_optprobes+0x0/0x13 @ 1
[    1.942263] Kprobes globally optimized
[    1.943105] initcall init_optprobes+0x0/0x13 returned 0 after 976 usecs
[    1.944106] calling  oom_init+0x0/0x2f @ 1
[    1.946441] audit: type=2000 audit(1670910108.372:1): state=initialized audit_enabled=0 res=1
[    1.947292] initcall oom_init+0x0/0x2f returned 0 after 1953 usecs
[    1.948106] calling  default_bdi_init+0x0/0x35 @ 1
[    1.949586] initcall default_bdi_init+0x0/0x35 returned 0 after 0 usecs
[    1.950106] calling  percpu_enable_async+0x0/0xe @ 1
[    1.951141] initcall percpu_enable_async+0x0/0xe returned 0 after 0 usecs
[    1.952106] calling  kcompactd_init+0x0/0x46 @ 1
[    1.953321] initcall kcompactd_init+0x0/0x46 returned 0 after 0 usecs
[    1.954108] calling  init_user_reserve+0x0/0x30 @ 1
[    1.955151] initcall init_user_reserve+0x0/0x30 returned 0 after 0 usecs
[    1.956108] calling  init_admin_reserve+0x0/0x30 @ 1
[    1.957108] initcall init_admin_reserve+0x0/0x30 returned 0 after 0 usecs
[    1.958109] calling  init_reserve_notifier+0x0/0x7 @ 1
[    1.960107] initcall init_reserve_notifier+0x0/0x7 returned 0 after 976 usecs
[    1.961109] calling  swap_init_sysfs+0x0/0x62 @ 1
[    1.962141] initcall swap_init_sysfs+0x0/0x62 returned 0 after 0 usecs
[    1.963106] calling  swapfile_init+0x0/0x46 @ 1
[    1.964107] initcall swapfile_init+0x0/0x46 returned 0 after 0 usecs
[    1.965106] calling  hugetlb_init+0x0/0x411 @ 1
[    1.966213] HugeTLB registered 2.00 MiB page size, pre-allocated 0 pages
[    1.967134] initcall hugetlb_init+0x0/0x411 returned 0 after 976 usecs
[    1.968106] calling  io_wq_init+0x0/0x34 @ 1
[    1.969169] initcall io_wq_init+0x0/0x34 returned 0 after 0 usecs
[    1.970107] calling  seqiv_module_init+0x0/0xc @ 1
[    1.971192] initcall seqiv_module_init+0x0/0xc returned 0 after 0 usecs
[    1.972118] calling  echainiv_module_init+0x0/0xc @ 1
[    1.973105] initcall echainiv_module_init+0x0/0xc returned 0 after 0 usecs
[    1.974107] calling  rsa_init+0x0/0x50 @ 1
[    1.976823] cryptomgr_test (17) used greatest stack depth: 15544 bytes left
[    1.977159] initcall rsa_init+0x0/0x50 returned 0 after 1953 usecs
[    1.978106] calling  crypto_cmac_module_init+0x0/0xc @ 1
[    1.980106] initcall crypto_cmac_module_init+0x0/0xc returned 0 after 0 usecs
[    1.981106] calling  hmac_module_init+0x0/0xc @ 1
[    1.982105] initcall hmac_module_init+0x0/0xc returned 0 after 0 usecs
[    1.983105] calling  crypto_null_mod_init+0x0/0x65 @ 1
[    1.984242] initcall crypto_null_mod_init+0x0/0x65 returned 0 after 0 usecs
[    1.985146] calling  md5_mod_init+0x0/0xc @ 1
[    1.987159] initcall md5_mod_init+0x0/0xc returned 0 after 0 usecs
[    1.988106] calling  sha256_generic_mod_init+0x0/0x11 @ 1
[    1.989161] initcall sha256_generic_mod_init+0x0/0x11 returned 0 after 0 usecs
[    1.990106] calling  crypto_cbc_module_init+0x0/0xc @ 1
[    1.991106] initcall crypto_cbc_module_init+0x0/0xc returned 0 after 0 usecs
[    1.992105] calling  crypto_ctr_module_init+0x0/0x11 @ 1
[    1.993121] initcall crypto_ctr_module_init+0x0/0x11 returned 0 after 0 usecs
[    1.994105] calling  crypto_gcm_module_init+0x0/0x64 @ 1
[    1.995134] initcall crypto_gcm_module_init+0x0/0x64 returned 0 after 0 usecs
[    1.996106] calling  crypto_ccm_module_init+0x0/0x11 @ 1
[    1.997107] initcall crypto_ccm_module_init+0x0/0x11 returned 0 after 0 usecs
[    1.998105] calling  aes_init+0x0/0xc @ 1
[    1.999158] initcall aes_init+0x0/0xc returned 0 after 0 usecs
[    2.000105] calling  crc32c_mod_init+0x0/0xc @ 1
[    2.001138] initcall crc32c_mod_init+0x0/0xc returned 0 after 0 usecs
[    2.002105] calling  crypto_authenc_module_init+0x0/0xc @ 1
[    2.003106] initcall crypto_authenc_module_init+0x0/0xc returned 0 after 0 usecs
[    2.004104] calling  crypto_authenc_esn_module_init+0x0/0xc @ 1
[    2.005105] initcall crypto_authenc_esn_module_init+0x0/0xc returned 0 after 0 usecs
[    2.006105] calling  drbg_init+0x0/0x7c @ 1
[    2.007244] initcall drbg_init+0x0/0x7c returned 0 after 0 usecs
[    2.008105] calling  ghash_mod_init+0x0/0xc @ 1
[    2.009134] initcall ghash_mod_init+0x0/0xc returned 0 after 0 usecs
[    2.010105] calling  init_bio+0x0/0x9a @ 1
[    2.011228] initcall init_bio+0x0/0x9a returned 0 after 0 usecs
[    2.012105] calling  blk_settings_init+0x0/0x29 @ 1
[    2.013105] initcall blk_settings_init+0x0/0x29 returned 0 after 0 usecs
[    2.014104] calling  blk_ioc_init+0x0/0x29 @ 1
[    2.015108] initcall blk_ioc_init+0x0/0x29 returned 0 after 0 usecs
[    2.016105] calling  blk_mq_init+0x0/0x96 @ 1
[    2.017133] initcall blk_mq_init+0x0/0x96 returned 0 after 0 usecs
[    2.018105] calling  genhd_device_init+0x0/0x75 @ 1
[    2.020264] initcall genhd_device_init+0x0/0x75 returned 0 after 0 usecs
[    2.021106] calling  pci_slot_init+0x0/0x40 @ 1
[    2.022126] initcall pci_slot_init+0x0/0x40 returned 0 after 0 usecs
[    2.023105] calling  fbmem_init+0x0/0xd8 @ 1
[    2.024262] initcall fbmem_init+0x0/0xd8 returned 0 after 0 usecs
[    2.025104] calling  acpi_init+0x0/0x316 @ 1
[    2.026254] ACPI: Added _OSI(Module Device)
[    2.027118] ACPI: Added _OSI(Processor Device)
[    2.028103] ACPI: Added _OSI(3.0 _SCP Extensions)
[    2.029102] ACPI: Added _OSI(Processor Aggregator Device)
[    2.030105] ACPI: Added _OSI(Linux-Dell-Video)
[    2.031104] ACPI: Added _OSI(Linux-Lenovo-NV-HDMI-Audio)
[    2.032103] ACPI: Added _OSI(Linux-HPI-Hybrid-Graphics)
[    2.035726] ACPI: 1 ACPI AML tables successfully acquired and loaded
[    2.040300] ACPI: Interpreter enabled
[    2.042135] ACPI: (supports S0 S3 S4 S5)
[    2.043116] ACPI: Using IOAPIC for interrupt routing
[    2.044220] PCI: Using host bridge windows from ACPI; if necessary, use "pci=nocrs" and report a bug
[    2.045393] ACPI: Enabled 2 GPEs in block 00 to 3F
[    2.050559] ACPI: PCI Root Bridge [PCI0] (domain 0000 [bus 00-ff])
[    2.051225] acpi PNP0A08:00: _OSC: OS supports [ExtendedConfig ASPM ClockPM Segments MSI HPX-Type3]
[    2.052193] acpi PNP0A08:00: _OSC: platform does not support [LTR]
[    2.053162] acpi PNP0A08:00: _OSC: OS now controls [PME PCIeCapability]
[    2.054230] PCI host bridge to bus 0000:00
[    2.055117] pci_bus 0000:00: root bus resource [io  0x0000-0x0cf7 window]
[    2.056106] pci_bus 0000:00: root bus resource [io  0x0d00-0xffff window]
[    2.057106] pci_bus 0000:00: root bus resource [mem 0x000a0000-0x000bffff window]
[    2.058108] pci_bus 0000:00: root bus resource [mem 0x20000000-0xafffffff window]
[    2.059105] pci_bus 0000:00: root bus resource [mem 0xc0000000-0xfebfffff window]
[    2.060104] pci_bus 0000:00: root bus resource [mem 0x100000000-0x8ffffffff window]
[    2.061106] pci_bus 0000:00: root bus resource [bus 00-ff]
[    2.063143] pci 0000:00:00.0: calling  quirk_mmio_always_on+0x0/0x10 @ 1
[    2.064107] pci 0000:00:00.0: quirk_mmio_always_on+0x0/0x10 took 0 usecs
[    2.065123] pci 0000:00:00.0: [8086:29c0] type 00 class 0x060000
[    2.069458] pci 0000:00:00.0: calling  quirk_igfx_skip_te_disable+0x0/0x80 @ 1
[    2.070113] pci 0000:00:00.0: quirk_igfx_skip_te_disable+0x0/0x80 took 0 usecs
[    2.073266] pci 0000:00:01.0: [1234:1111] type 00 class 0x030000
[    2.078899] pci 0000:00:01.0: reg 0x10: [mem 0xfd000000-0xfdffffff pref]
[    2.088897] pci 0000:00:01.0: reg 0x18: [mem 0xfebf0000-0xfebf0fff]
[    2.108986] pci 0000:00:01.0: reg 0x30: [mem 0xfebe0000-0xfebeffff pref]
[    2.111884] pci 0000:00:01.0: calling  efifb_fixup_resources+0x0/0xf0 @ 1
[    2.112125] pci 0000:00:01.0: efifb_fixup_resources+0x0/0xf0 took 0 usecs
[    2.121048] pci 0000:00:1f.0: [8086:2918] type 00 class 0x060100
[    2.127878] pci 0000:00:1f.0: calling  quirk_ich7_lpc+0x0/0x60 @ 1
[    2.128357] pci 0000:00:1f.0: quirk: [io  0x0600-0x067f] claimed by ICH6 ACPI/GPIO/TCO
[    2.129508] pci 0000:00:1f.0: quirk_ich7_lpc+0x0/0x60 took 976 usecs
[    2.130110] pci 0000:00:1f.0: calling  quirk_igfx_skip_te_disable+0x0/0x80 @ 1
[    2.131106] pci 0000:00:1f.0: quirk_igfx_skip_te_disable+0x0/0x80 took 0 usecs
[    2.134763] pci 0000:00:1f.2: [8086:2922] type 00 class 0x010601
[    2.144863] pci 0000:00:1f.2: reg 0x20: [io  0xc040-0xc05f]
[    2.147105] pci 0000:00:1f.2: reg 0x24: [mem 0xfebf1000-0xfebf1fff]
[    2.149795] pci 0000:00:1f.2: calling  quirk_igfx_skip_te_disable+0x0/0x80 @ 1
[    2.150109] pci 0000:00:1f.2: quirk_igfx_skip_te_disable+0x0/0x80 took 0 usecs
[    2.154550] pci 0000:00:1f.3: [8086:2930] type 00 class 0x0c0500
[    2.160590] pci 0000:00:1f.3: reg 0x20: [io  0x0700-0x073f]
[    2.163819] pci 0000:00:1f.3: calling  quirk_igfx_skip_te_disable+0x0/0x80 @ 1
[    2.164112] pci 0000:00:1f.3: quirk_igfx_skip_te_disable+0x0/0x80 took 0 usecs
[    2.166857] pci_bus 0000:00: on NUMA node 0
[    2.169240] ACPI: PCI Interrupt Link [LNKA] (IRQs 5 *10 11)
[    2.170578] ACPI: PCI Interrupt Link [LNKB] (IRQs 5 *10 11)
[    2.172475] ACPI: PCI Interrupt Link [LNKC] (IRQs 5 10 *11)
[    2.173574] ACPI: PCI Interrupt Link [LNKD] (IRQs 5 10 *11)
[    2.174604] ACPI: PCI Interrupt Link [LNKE] (IRQs 5 *10 11)
[    2.175603] ACPI: PCI Interrupt Link [LNKF] (IRQs 5 *10 11)
[    2.177501] ACPI: PCI Interrupt Link [LNKG] (IRQs 5 10 *11)
[    2.178601] ACPI: PCI Interrupt Link [LNKH] (IRQs 5 10 *11)
[    2.180330] ACPI: PCI Interrupt Link [GSIA] (IRQs *16)
[    2.181136] ACPI: PCI Interrupt Link [GSIB] (IRQs *17)
[    2.182117] ACPI: PCI Interrupt Link [GSIC] (IRQs *18)
[    2.183151] ACPI: PCI Interrupt Link [GSID] (IRQs *19)
[    2.184117] ACPI: PCI Interrupt Link [GSIE] (IRQs *20)
[    2.185137] ACPI: PCI Interrupt Link [GSIF] (IRQs *21)
[    2.186117] ACPI: PCI Interrupt Link [GSIG] (IRQs *22)
[    2.187118] ACPI: PCI Interrupt Link [GSIH] (IRQs *23)
[    2.190904] initcall acpi_init+0x0/0x316 returned 0 after 160156 usecs
[    2.191329] calling  pnp_init+0x0/0xc @ 1
[    2.192150] initcall pnp_init+0x0/0xc returned 0 after 0 usecs
[    2.193108] calling  misc_init+0x0/0xbf @ 1
[    2.194231] initcall misc_init+0x0/0xbf returned 0 after 0 usecs
[    2.195106] calling  iommu_subsys_init+0x0/0x4e @ 1
[    2.196176] iommu: Default domain type: Translated 
[    2.197106] initcall iommu_subsys_init+0x0/0x4e returned 0 after 976 usecs
[    2.198106] calling  vga_arb_device_init+0x0/0x26c @ 1
[    2.199892] pci 0000:00:01.0: vgaarb: setting as boot VGA device
[    2.200099] pci 0000:00:01.0: vgaarb: VGA device added: decodes=io+mem,owns=io+mem,locks=none
[    2.200107] pci 0000:00:01.0: vgaarb: bridge control possible
[    2.201103] vgaarb: loaded
[    2.202107] initcall vga_arb_device_init+0x0/0x26c returned 0 after 2929 usecs
[    2.203109] calling  cn_init+0x0/0xf0 @ 1
[    2.204388] initcall cn_init+0x0/0xf0 returned 0 after 0 usecs
[    2.205106] calling  dma_buf_init+0x0/0xad @ 1
[    2.207200] initcall dma_buf_init+0x0/0xad returned 0 after 976 usecs
[    2.208107] calling  init_scsi+0x0/0x79 @ 1
[    2.210418] SCSI subsystem initialized
[    2.211121] initcall init_scsi+0x0/0x79 returned 0 after 1953 usecs
[    2.212120] calling  ata_init+0x0/0x332 @ 1
[    2.214406] libata version 3.00 loaded.
[    2.215106] initcall ata_init+0x0/0x332 returned 0 after 1953 usecs
[    2.216106] calling  phy_init+0x0/0x250 @ 1
[    2.217384] initcall phy_init+0x0/0x250 returned 0 after 0 usecs
[    2.218105] calling  init_pcmcia_cs+0x0/0x35 @ 1
[    2.219241] initcall init_pcmcia_cs+0x0/0x35 returned 0 after 0 usecs
[    2.220108] calling  usb_common_init+0x0/0x1c @ 1
[    2.221165] initcall usb_common_init+0x0/0x1c returned 0 after 0 usecs
[    2.222108] calling  usb_init+0x0/0x12e @ 1
[    2.223257] ACPI: bus type USB registered
[    2.224411] usbcore: registered new interface driver usbfs
[    2.225175] usbcore: registered new interface driver hub
[    2.226141] usbcore: registered new device driver usb
[    2.227107] initcall usb_init+0x0/0x12e returned 0 after 3906 usecs
[    2.228109] calling  serio_init+0x0/0x29 @ 1
[    2.229227] initcall serio_init+0x0/0x29 returned 0 after 0 usecs
[    2.230108] calling  input_init+0x0/0xf6 @ 1
[    2.231175] initcall input_init+0x0/0xf6 returned 0 after 0 usecs
[    2.232108] calling  rtc_init+0x0/0x4d @ 1
[    2.233142] initcall rtc_init+0x0/0x4d returned 0 after 0 usecs
[    2.234106] calling  pps_init+0x0/0xa9 @ 1
[    2.235138] pps_core: LinuxPPS API ver. 1 registered
[    2.236102] pps_core: Software ver. 5.3.6 - Copyright 2005-2007 Rodolfo Giometti <giometti@linux.it>
[    2.237106] initcall pps_init+0x0/0xa9 returned 0 after 1953 usecs
[    2.238107] calling  ptp_init+0x0/0x98 @ 1
[    2.239112] PTP clock support registered
[    2.240107] initcall ptp_init+0x0/0x98 returned 0 after 976 usecs
[    2.241106] calling  power_supply_class_init+0x0/0x3f @ 1
[    2.243122] initcall power_supply_class_init+0x0/0x3f returned 0 after 976 usecs
[    2.244106] calling  hwmon_init+0x0/0x104 @ 1
[    2.245152] initcall hwmon_init+0x0/0x104 returned 0 after 0 usecs
[    2.246105] calling  md_init+0x0/0x16b @ 1
[    2.248234] initcall md_init+0x0/0x16b returned 0 after 976 usecs
[    2.249106] calling  leds_init+0x0/0x3b @ 1
[    2.250204] initcall leds_init+0x0/0x3b returned 0 after 0 usecs
[    2.251105] calling  dmi_init+0x0/0x113 @ 1
[    2.252260] initcall dmi_init+0x0/0x113 returned 0 after 0 usecs
[    2.253106] calling  efisubsys_init+0x0/0x4e6 @ 1
[    2.254124] initcall efisubsys_init+0x0/0x4e6 returned 0 after 0 usecs
[    2.255119] calling  nvmem_init+0x0/0xc @ 1
[    2.256141] initcall nvmem_init+0x0/0xc returned 0 after 0 usecs
[    2.257105] calling  init_soundcore+0x0/0x33 @ 1
[    2.258150] initcall init_soundcore+0x0/0x33 returned 0 after 0 usecs
[    2.259104] calling  alsa_sound_init+0x0/0x8f @ 1
[    2.260194] Advanced Linux Sound Architecture Driver Initialized.
[    2.261106] initcall alsa_sound_init+0x0/0x8f returned 0 after 976 usecs
[    2.262122] calling  alsa_seq_device_init+0x0/0x71 @ 1
[    2.263195] initcall alsa_seq_device_init+0x0/0x71 returned 0 after 0 usecs
[    2.264107] calling  hda_bus_init+0x0/0xc @ 1
[    2.265155] initcall hda_bus_init+0x0/0xc returned 0 after 0 usecs
[    2.267106] calling  proto_init+0x0/0xc @ 1
[    2.268140] initcall proto_init+0x0/0xc returned 0 after 0 usecs
[    2.269106] calling  net_dev_init+0x0/0x1cc @ 1
[    2.272378] initcall net_dev_init+0x0/0x1cc returned 0 after 1953 usecs
[    2.273105] calling  neigh_init+0x0/0x84 @ 1
[    2.274109] initcall neigh_init+0x0/0x84 returned 0 after 0 usecs
[    2.275106] calling  fib_notifier_init+0x0/0xc @ 1
[    2.276108] initcall fib_notifier_init+0x0/0xc returned 0 after 0 usecs
[    2.278105] calling  fib_rules_init+0x0/0xab @ 1
[    2.279139] initcall fib_rules_init+0x0/0xab returned 0 after 0 usecs
[    2.280105] calling  pktsched_init+0x0/0x10e @ 1
[    2.281141] initcall pktsched_init+0x0/0x10e returned 0 after 0 usecs
[    2.282105] calling  tc_filter_init+0x0/0xfa @ 1
[    2.283139] initcall tc_filter_init+0x0/0xfa returned 0 after 0 usecs
[    2.284106] calling  tc_action_init+0x0/0x54 @ 1
[    2.285107] initcall tc_action_init+0x0/0x54 returned 0 after 0 usecs
[    2.286106] calling  ethnl_init+0x0/0x52 @ 1
[    2.287171] initcall ethnl_init+0x0/0x52 returned 0 after 0 usecs
[    2.288106] calling  nexthop_init+0x0/0xd8 @ 1
[    2.289163] initcall nexthop_init+0x0/0xd8 returned 0 after 0 usecs
[    2.290105] calling  cipso_v4_init+0x0/0x5a @ 1
[    2.291150] initcall cipso_v4_init+0x0/0x5a returned 0 after 0 usecs
[    2.292108] calling  ieee80211_init+0x0/0x24 @ 1
[    2.294381] initcall ieee80211_init+0x0/0x24 returned 0 after 976 usecs
[    2.295108] calling  netlbl_init+0x0/0x78 @ 1
[    2.296121] NetLabel: Initializing
[    2.297103] NetLabel:  domain hash size = 128
[    2.298102] NetLabel:  protocols = UNLABELED CIPSOv4 CALIPSO
[    2.299317] NetLabel:  unlabeled traffic allowed by default
[    2.300108] initcall netlbl_init+0x0/0x78 returned 0 after 3906 usecs
[    2.301110] calling  rfkill_init+0x0/0x111 @ 1
[    2.303285] initcall rfkill_init+0x0/0x111 returned 0 after 976 usecs
[    2.304108] calling  pci_subsys_init+0x0/0x66 @ 1
[    2.305156] PCI: Using ACPI for IRQ routing
[    3.051904] PCI: pci_cache_line_size set to 64 bytes
[    3.053277] e820: reserve RAM buffer [mem 0x0009fc00-0x0009ffff]
[    3.054139] e820: reserve RAM buffer [mem 0x1ffdf000-0x1fffffff]
[    3.055195] initcall pci_subsys_init+0x0/0x66 returned 0 after 732421 usecs
[    3.056172] calling  nmi_warning_debugfs+0x0/0x26 @ 1
[    3.057210] initcall nmi_warning_debugfs+0x0/0x26 returned 0 after 0 usecs
[    3.058128] calling  save_microcode_in_initrd+0x0/0x51 @ 1
[    3.059211] initcall save_microcode_in_initrd+0x0/0x51 returned 0 after 0 usecs
[    3.060121] calling  hpet_late_init+0x0/0x1f6 @ 1
[    3.061259] hpet: 3 channels of 0 reserved for per-cpu timers
[    3.064564] hpet0: at MMIO 0xfed00000, IRQs 2, 8, 0
[    3.065104] hpet0: 3 comparators, 64-bit 100.000000 MHz counter
[    3.070256] initcall hpet_late_init+0x0/0x1f6 returned 0 after 8789 usecs
[    3.071261] calling  init_amd_nbs+0x0/0x11c @ 1
[    3.072380] initcall init_amd_nbs+0x0/0x11c returned 0 after 0 usecs
[    3.073124] calling  clocksource_done_booting+0x0/0x41 @ 1
[    3.074311] clocksource: Switched to clocksource kvm-clock
[    3.080998] initcall clocksource_done_booting+0x0/0x41 returned 0 after 6732 usecs
[    3.089615] calling  tracer_init_tracefs+0x0/0x1fb @ 1
[    3.480854] initcall tracer_init_tracefs+0x0/0x1fb returned 0 after 376383 usecs
[    3.489828] calling  init_trace_printk_function_export+0x0/0x2c @ 1
[    3.496890] initcall init_trace_printk_function_export+0x0/0x2c returned 0 after 7 usecs
[    3.506056] calling  init_kprobe_trace+0x0/0x1a9 @ 1
[    3.511724] initcall init_kprobe_trace+0x0/0x1a9 returned 0 after 7 usecs
[    3.519455] calling  init_dynamic_event+0x0/0x3d @ 1
[    3.525103] initcall init_dynamic_event+0x0/0x3d returned 0 after 5 usecs
[    3.533064] calling  init_uprobe_trace+0x0/0x5c @ 1
[    3.538873] initcall init_uprobe_trace+0x0/0x5c returned 0 after 23 usecs
[    3.546743] calling  init_pipe_fs+0x0/0x44 @ 1
[    3.552315] initcall init_pipe_fs+0x0/0x44 returned 0 after 343 usecs
[    3.559812] calling  inotify_user_setup+0x0/0x47 @ 1
[    3.566498] initcall inotify_user_setup+0x0/0x47 returned 0 after 180 usecs
[    3.576658] calling  eventpoll_init+0x0/0xcc @ 1
[    3.582601] initcall eventpoll_init+0x0/0xcc returned 0 after 99 usecs
[    3.590284] calling  anon_inode_init+0x0/0x58 @ 1
[    3.596809] initcall anon_inode_init+0x0/0x58 returned 0 after 397 usecs
[    3.605211] calling  proc_locks_init+0x0/0x27 @ 1
[    3.611209] initcall proc_locks_init+0x0/0x27 returned 0 after 184 usecs
[    3.620711] calling  iomap_init+0x0/0x1b @ 1
[    3.632002] initcall iomap_init+0x0/0x1b returned 0 after 4582 usecs
[    3.639667] calling  dquot_init+0x0/0xd7 @ 1
[    3.644677] VFS: Disk quotas dquot_6.6.0
[    3.650112] VFS: Dquot-cache hash table entries: 512 (order 0, 4096 bytes)
[    3.658566] initcall dquot_init+0x0/0xd7 returned 0 after 13560 usecs
[    3.666707] calling  quota_init+0x0/0x23 @ 1
[    3.675086] initcall quota_init+0x0/0x23 returned 0 after 2721 usecs
[    3.683601] calling  proc_cmdline_init+0x0/0x21 @ 1
[    3.690780] initcall proc_cmdline_init+0x0/0x21 returned 0 after 319 usecs
[    3.701495] calling  proc_consoles_init+0x0/0x24 @ 1
[    3.709231] initcall proc_consoles_init+0x0/0x24 returned 0 after 138 usecs
[    3.719583] calling  proc_cpuinfo_init+0x0/0x1e @ 1
[    3.727153] initcall proc_cpuinfo_init+0x0/0x1e returned 0 after 4 usecs
[    3.737334] calling  proc_devices_init+0x0/0x24 @ 1
[    3.744668] initcall proc_devices_init+0x0/0x24 returned 0 after 33 usecs
[    3.754068] calling  proc_interrupts_init+0x0/0x24 @ 1
[    3.761699] initcall proc_interrupts_init+0x0/0x24 returned 0 after 4 usecs
[    3.771864] calling  proc_loadavg_init+0x0/0x21 @ 1
[    3.780850] initcall proc_loadavg_init+0x0/0x21 returned 0 after 3 usecs
[    3.789458] calling  proc_meminfo_init+0x0/0x21 @ 1
[    3.797690] initcall proc_meminfo_init+0x0/0x21 returned 0 after 3 usecs
[    3.805754] calling  proc_stat_init+0x0/0x1e @ 1
[    3.811389] initcall proc_stat_init+0x0/0x1e returned 0 after 3 usecs
[    3.819342] calling  proc_uptime_init+0x0/0x21 @ 1
[    3.825090] initcall proc_uptime_init+0x0/0x21 returned 0 after 3 usecs
[    3.833498] calling  proc_version_init+0x0/0x21 @ 1
[    3.839762] initcall proc_version_init+0x0/0x21 returned 0 after 3 usecs
[    3.847948] calling  proc_softirqs_init+0x0/0x21 @ 1
[    3.853987] initcall proc_softirqs_init+0x0/0x21 returned 0 after 66 usecs
[    3.862103] calling  proc_kcore_init+0x0/0xea @ 1
[    3.868593] initcall proc_kcore_init+0x0/0xea returned 0 after 627 usecs
[    3.876682] calling  vmcore_init+0x0/0x578 @ 1
[    3.882621] initcall vmcore_init+0x0/0x578 returned 0 after 132 usecs
[    3.890708] calling  proc_kmsg_init+0x0/0x21 @ 1
[    3.896457] initcall proc_kmsg_init+0x0/0x21 returned 0 after 3 usecs
[    3.904648] calling  proc_page_init+0x0/0x3b @ 1
[    3.910725] initcall proc_page_init+0x0/0x3b returned 0 after 4 usecs
[    3.918664] calling  init_ramfs_fs+0x0/0xc @ 1
[    3.923923] initcall init_ramfs_fs+0x0/0xc returned 0 after 28 usecs
[    3.931519] calling  init_hugetlbfs_fs+0x0/0xf6 @ 1
[    3.937382] initcall init_hugetlbfs_fs+0x0/0xf6 returned 0 after 167 usecs
[    3.945459] calling  blk_scsi_ioctl_init+0x0/0x2a5 @ 1
[    3.951583] initcall blk_scsi_ioctl_init+0x0/0x2a5 returned 0 after 81 usecs
[    3.959702] calling  acpi_event_init+0x0/0x2c @ 1
[    3.965192] initcall acpi_event_init+0x0/0x2c returned 0 after 97 usecs
[    3.972934] calling  pnp_system_init+0x0/0xc @ 1
[    3.985257] initcall pnp_system_init+0x0/0xc returned 0 after 6493 usecs
[    3.993306] calling  pnpacpi_init+0x0/0x69 @ 1
[    3.998547] pnp: PnP ACPI init
[    4.003332] pnp 00:00: Plug and Play ACPI device, IDs PNP0303 (active)
[    4.011608] pnp 00:01: Plug and Play ACPI device, IDs PNP0f13 (active)
[    4.019387] pnp 00:02: Plug and Play ACPI device, IDs PNP0400 (active)
[    4.027454] pnp 00:03: Plug and Play ACPI device, IDs PNP0501 (active)
[    4.035274] pnp 00:04: Plug and Play ACPI device, IDs PNP0b00 (active)
[    4.044723] system 00:05: [mem 0xb0000000-0xbfffffff window] has been reserved
[    4.053272] system 00:05: Plug and Play ACPI device, IDs PNP0c01 (active)
[    4.064710] pnp: PnP ACPI: found 6 devices
[    4.069836] initcall pnpacpi_init+0x0/0x69 returned 0 after 69647 usecs
[    4.077858] calling  chr_dev_init+0x0/0x14d @ 1
[    4.113785] initcall chr_dev_init+0x0/0x14d returned 0 after 29642 usecs
[    4.123612] calling  firmware_class_init+0x0/0xde @ 1
[    4.131143] initcall firmware_class_init+0x0/0xde returned 0 after 458 usecs
[    4.140989] calling  init_pcmcia_bus+0x0/0x5b @ 1
[    4.149101] initcall init_pcmcia_bus+0x0/0x5b returned 0 after 1000 usecs
[    4.157877] calling  init_acpi_pm_clocksource+0x0/0xda @ 1
[    4.173780] clocksource: acpi_pm: mask: 0xffffff max_cycles: 0xffffff, max_idle_ns: 2085701024 ns
[    4.186988] initcall init_acpi_pm_clocksource+0x0/0xda returned 0 after 19905 usecs
[    4.196851] calling  sysctl_core_init+0x0/0x26 @ 1
[    4.206709] initcall sysctl_core_init+0x0/0x26 returned 0 after 1567 usecs
[    4.218871] calling  eth_offload_init+0x0/0x13 @ 1
[    4.226292] initcall eth_offload_init+0x0/0x13 returned 0 after 286 usecs
[    4.236388] calling  ipv4_offload_init+0x0/0x73 @ 1
[    4.243387] initcall ipv4_offload_init+0x0/0x73 returned 0 after 645 usecs
[    4.252644] calling  inet_init+0x0/0x276 @ 1
[    4.260729] NET: Registered protocol family 2
[    4.279079] IP idents hash table entries: 8192 (order: 4, 65536 bytes, linear)
[    4.318771] tcp_listen_portaddr_hash hash table entries: 256 (order: 0, 4096 bytes, linear)
[    4.329827] TCP established hash table entries: 4096 (order: 3, 32768 bytes, linear)
[    4.341833] TCP bind hash table entries: 4096 (order: 3, 32768 bytes, linear)
[    4.355063] TCP: Hash tables configured (established 4096 bind 4096)
[    4.367896] UDP hash table entries: 256 (order: 1, 8192 bytes, linear)
[    4.375895] UDP-Lite hash table entries: 256 (order: 1, 8192 bytes, linear)
[    4.387609] initcall inet_init+0x0/0x276 returned 0 after 124966 usecs
[    4.395677] calling  af_unix_init+0x0/0x4d @ 1
[    4.401412] NET: Registered protocol family 1
[    4.407554] initcall af_unix_init+0x0/0x4d returned 0 after 5996 usecs
[    4.415736] calling  ipv6_offload_init+0x0/0x7e @ 1
[    4.422646] initcall ipv6_offload_init+0x0/0x7e returned 0 after 564 usecs
[    4.431311] calling  init_sunrpc+0x0/0x65 @ 1
[    4.446989] RPC: Registered named UNIX socket transport module.
[    4.454272] RPC: Registered udp transport module.
[    4.460477] RPC: Registered tcp transport module.
[    4.466263] RPC: Registered tcp NFSv4.1 backchannel transport module.
[    4.474007] initcall init_sunrpc+0x0/0x65 returned 0 after 36360 usecs
[    4.481613] calling  cfg80211_init+0x0/0xc5 @ 1
[    4.487585] initcall cfg80211_init+0x0/0xc5 returned 0 after 553 usecs
[    4.495419] calling  pcibios_assign_resources+0x0/0xa8 @ 1
[    4.501949] pci_bus 0000:00: resource 4 [io  0x0000-0x0cf7 window]
[    4.509428] pci_bus 0000:00: resource 5 [io  0x0d00-0xffff window]
[    4.516849] pci_bus 0000:00: resource 6 [mem 0x000a0000-0x000bffff window]
[    4.524943] pci_bus 0000:00: resource 7 [mem 0x20000000-0xafffffff window]
[    4.533759] pci_bus 0000:00: resource 8 [mem 0xc0000000-0xfebfffff window]
[    4.542259] pci_bus 0000:00: resource 9 [mem 0x100000000-0x8ffffffff window]
[    4.551392] initcall pcibios_assign_resources+0x0/0xa8 returned 0 after 48403 usecs
[    4.560168] calling  pci_apply_final_quirks+0x0/0x124 @ 1
[    4.566639] pci 0000:00:01.0: calling  pci_fixup_video+0x0/0xe0 @ 1
[    4.575553] pci 0000:00:01.0: Video device with shadowed ROM at [mem 0x000c0000-0x000dffff]
[    4.585815] pci 0000:00:01.0: pci_fixup_video+0x0/0xe0 took 10504 usecs
[    4.594660] PCI: CLS 0 bytes, default 64
[    4.599376] initcall pci_apply_final_quirks+0x0/0x124 returned 0 after 32096 usecs
[    4.608217] calling  acpi_reserve_resources+0x0/0xea @ 1
[    4.614787] initcall acpi_reserve_resources+0x0/0xea returned 0 after 43 usecs
[    4.623580] calling  populate_rootfs+0x0/0x102 @ 1
[    4.630791] initcall populate_rootfs+0x0/0x102 returned 0 after 1254 usecs
[    4.639415] calling  pci_iommu_init+0x0/0x3e @ 1
[    4.645487] initcall pci_iommu_init+0x0/0x3e returned 0 after 95 usecs
[    4.653780] calling  ia32_binfmt_init+0x0/0x13 @ 1
[    4.660202] initcall ia32_binfmt_init+0x0/0x13 returned 0 after 24 usecs
[    4.670027] calling  rapl_pmu_init+0x0/0x25f @ 1
[    4.677073] initcall rapl_pmu_init+0x0/0x25f returned -19 after 127 usecs
[    4.686879] calling  amd_uncore_init+0x0/0x310 @ 1
[    4.693844] initcall amd_uncore_init+0x0/0x310 returned -19 after 0 usecs
[    4.702227] calling  amd_ibs_init+0x0/0x233 @ 1
[    4.708456] initcall amd_ibs_init+0x0/0x233 returned -19 after 0 usecs
[    4.716899] calling  amd_iommu_pc_init+0x0/0x20c @ 1
[    4.723270] initcall amd_iommu_pc_init+0x0/0x20c returned -19 after 0 usecs
[    4.731644] calling  msr_init+0x0/0x55 @ 1
[    4.736800] initcall msr_init+0x0/0x55 returned 0 after 258 usecs
[    4.745628] calling  intel_uncore_init+0x0/0x31e @ 1
[    4.751873] initcall intel_uncore_init+0x0/0x31e returned -19 after 71 usecs
[    4.760740] calling  cstate_pmu_init+0x0/0x181 @ 1
[    4.766873] initcall cstate_pmu_init+0x0/0x181 returned -19 after 0 usecs
[    4.775660] calling  register_kernel_offset_dumper+0x0/0x1a @ 1
[    4.784787] initcall register_kernel_offset_dumper+0x0/0x1a returned 0 after 239 usecs
[    4.796789] calling  i8259A_init_ops+0x0/0x20 @ 1
[    4.803731] initcall i8259A_init_ops+0x0/0x20 returned 0 after 1 usecs
[    4.811616] calling  init_tsc_clocksource+0x0/0xa4 @ 1
[    4.818340] clocksource: tsc: mask: 0xffffffffffffffff max_cycles: 0x39a85afc727, max_idle_ns: 881590685098 ns
[    4.830531] initcall init_tsc_clocksource+0x0/0xa4 returned 0 after 11877 usecs
[    4.839612] calling  add_rtc_cmos+0x0/0xb0 @ 1
[    4.845168] initcall add_rtc_cmos+0x0/0xb0 returned 0 after 32 usecs
[    4.852593] calling  i8237A_init_ops+0x0/0x3a @ 1
[    4.858229] initcall i8237A_init_ops+0x0/0x3a returned 0 after 84 usecs
[    4.866044] calling  umwait_init+0x0/0x94 @ 1
[    4.871403] initcall umwait_init+0x0/0x94 returned -19 after 22 usecs
[    4.879084] calling  thermal_throttle_init_device+0x0/0x3d @ 1
[    4.885969] initcall thermal_throttle_init_device+0x0/0x3d returned 0 after 28 usecs
[    4.895002] calling  msr_init+0x0/0xd7 @ 1
[    4.899937] initcall msr_init+0x0/0xd7 returned 0 after 110 usecs
[    4.907194] calling  cpuid_init+0x0/0xd7 @ 1
[    4.912452] initcall cpuid_init+0x0/0xd7 returned 0 after 127 usecs
[    4.919982] calling  ioapic_init_ops+0x0/0x13 @ 1
[    4.927040] initcall ioapic_init_ops+0x0/0x13 returned 0 after 20 usecs
[    4.936744] calling  add_pcspkr+0x0/0x6c @ 1
[    4.943250] initcall add_pcspkr+0x0/0x6c returned 0 after 51 usecs
[    4.952012] calling  start_periodic_check_for_corruption+0x0/0x30 @ 1
[    4.959667] check: Scanning for low memory corruption every 60 seconds
[    4.967493] initcall start_periodic_check_for_corruption+0x0/0x30 returned 0 after 7639 usecs
[    4.977499] calling  sysfb_init+0x0/0x9c @ 1
[    4.983966] initcall sysfb_init+0x0/0x9c returned 0 after 93 usecs
[    4.993182] calling  audit_classes_init+0x0/0xae @ 1
[    5.000871] initcall audit_classes_init+0x0/0xae returned 0 after 24 usecs
[    5.010741] calling  iosf_mbi_init+0x0/0x24 @ 1
[    5.016391] initcall iosf_mbi_init+0x0/0x24 returned 0 after 189 usecs
[    5.024227] calling  proc_execdomains_init+0x0/0x21 @ 1
[    5.038215] initcall proc_execdomains_init+0x0/0x21 returned 0 after 1728 usecs
[    5.048464] calling  register_warn_debugfs+0x0/0x23 @ 1
[    5.055814] initcall register_warn_debugfs+0x0/0x23 returned 0 after 884 usecs
[    5.064688] calling  ioresources_init+0x0/0x49 @ 1
[    5.070723] initcall ioresources_init+0x0/0x49 returned 0 after 45 usecs
[    5.078950] calling  snapshot_device_init+0x0/0xc @ 1
[    5.090435] initcall snapshot_device_init+0x0/0xc returned 0 after 5124 usecs
[    5.101369] calling  irq_pm_init_ops+0x0/0x13 @ 1
[    5.108798] initcall irq_pm_init_ops+0x0/0x13 returned 0 after 178 usecs
[    5.116794] calling  rcu_torture_init+0x0/0x89f @ 1
[    5.122691] tasks-torture:--- Start of test: nreaders=1 nfakewriters=4 stat_interval=15 verbose=1 test_no_idle_hz=1 shuffle_interval=3 stutter=5 irqreader=1 fqs_duration=0 fqs_holdoff=0 fqs_stutter=3 test_boost=1/0 test_boost_interval=7 test_boost_duration=4 shutdown_secs=1800 stall_cpu=0 stall_cpu_holdoff=10 stall_cpu_irqsoff=0 stall_cpu_block=0 n_barrier_cbs=4 onoff_interval=0 onoff_holdoff=0 read_exit_delay=13 read_exit_burst=16
[    5.166372] tasks:  Start-test grace-period state: g0 f0x0
[    5.172909] tasks-torture: Creating rcu_torture_writer task
[    5.180689] tasks-torture: Creating rcu_torture_fakewriter task
[    5.187729] tasks-torture: rcu_torture_writer task started
[    5.194229] tasks-torture: GP expediting controlled from boot/sysfs for tasks.
[    5.202644] rcu_torture_writer: Testing expedited GPs.
[    5.208726] rcu_torture_writer: Testing asynchronous GPs.
[    5.215158] rcu_torture_writer: Testing normal GPs.
[    5.221109] tasks-torture: Creating rcu_torture_fakewriter task
[    5.228384] tasks-torture: rcu_torture_fakewriter task started
[    5.235364] tasks-torture: Creating rcu_torture_fakewriter task
[    5.242405] tasks-torture: rcu_torture_fakewriter task started
[    5.249625] tasks-torture: Creating rcu_torture_fakewriter task
[    5.256617] tasks-torture: rcu_torture_fakewriter task started
[    5.264498] tasks-torture: Creating rcu_torture_reader task
[    5.271114] tasks-torture: rcu_torture_fakewriter task started
[    5.279368] tasks-torture: Creating rcu_torture_stats task
[    5.285919] tasks-torture: rcu_torture_reader task started
[    5.293600] tasks-torture: Creating torture_shuffle task
[    5.299988] tasks-torture: rcu_torture_stats task started
[    5.308201] tasks-torture: Creating torture_stutter task
[    5.314673] tasks-torture: torture_shuffle task started
[    5.321036] tasks-torture: Creating torture_shutdown task
[    5.327609] tasks-torture: torture_stutter task started
[    5.334642] tasks-torture: rcu_torture_fwd_prog_init: Disabled, unsupported by RCU flavor under test
[    5.346116] tasks-torture: Creating rcu_torture_barrier_cbs task
[    5.353308] tasks-torture: torture_shutdown task started
[    5.360881] tasks-torture:torture_shutdown task: 1799960 ms remaining
[    5.370483] tasks-torture: Creating rcu_torture_barrier_cbs task
[    5.379462] tasks-torture: rcu_torture_barrier_cbs task started
[    5.387423] tasks-torture: Creating rcu_torture_barrier_cbs task
[    5.394532] tasks-torture: rcu_torture_barrier_cbs task started
[    5.401711] tasks-torture: Creating rcu_torture_barrier_cbs task
[    5.408877] tasks-torture: rcu_torture_barrier_cbs task started
[    5.416007] tasks-torture: Creating rcu_torture_barrier task
[    5.422729] tasks-torture: rcu_torture_barrier_cbs task started
[    5.430615] tasks-torture: Creating rcu_torture_read_exit task
[    5.437492] tasks-torture: rcu_torture_barrier task starting
[    5.447775] initcall rcu_torture_init+0x0/0x89f returned 0 after 317635 usecs
[    5.455995] calling  timekeeping_init_ops+0x0/0x13 @ 1
[    5.461975] initcall timekeeping_init_ops+0x0/0x13 returned 0 after 13 usecs
[    5.470072] calling  init_clocksource_sysfs+0x0/0x23 @ 1
[    5.476356] initcall init_clocksource_sysfs+0x0/0x23 returned 0 after 195 usecs
[    5.484651] calling  init_timer_list_procfs+0x0/0x31 @ 1
[    5.491470] initcall init_timer_list_procfs+0x0/0x31 returned 0 after 4 usecs
[    5.499561] calling  alarmtimer_init+0x0/0xb5 @ 1
[    5.505975] initcall alarmtimer_init+0x0/0xb5 returned 0 after 330 usecs
[    5.513579] calling  init_posix_timers+0x0/0x29 @ 1
[    5.524279] initcall init_posix_timers+0x0/0x29 returned 0 after 187 usecs
[    5.532221] calling  clockevents_init_sysfs+0x0/0x8b @ 1
[    5.545292] initcall clockevents_init_sysfs+0x0/0x8b returned 0 after 106 usecs
[    5.554864] calling  proc_dma_init+0x0/0x21 @ 1
[    5.561553] initcall proc_dma_init+0x0/0x21 returned 0 after 48 usecs
[    5.570746] calling  proc_modules_init+0x0/0x1e @ 1
[    5.576418] initcall proc_modules_init+0x0/0x1e returned 0 after 16 usecs
[    5.584290] calling  kallsyms_init+0x0/0x21 @ 1
[    5.589693] initcall kallsyms_init+0x0/0x21 returned 0 after 2 usecs
[    5.597396] calling  pid_namespaces_init+0x0/0x2c @ 1
[    5.603336] initcall pid_namespaces_init+0x0/0x2c returned 0 after 31 usecs
[    5.611947] calling  audit_watch_init+0x0/0x37 @ 1
[    5.618936] initcall audit_watch_init+0x0/0x37 returned 0 after 27 usecs
[    5.628256] calling  audit_fsnotify_init+0x0/0x37 @ 1
[    5.635384] initcall audit_fsnotify_init+0x0/0x37 returned 0 after 1 usecs
[    5.645256] calling  audit_tree_init+0x0/0x6d @ 1
[    5.651589] initcall audit_tree_init+0x0/0x6d returned 0 after 20 usecs
[    5.660137] calling  seccomp_sysctl_init+0x0/0x2b @ 1
[    5.666233] initcall seccomp_sysctl_init+0x0/0x2b returned 0 after 70 usecs
[    5.674164] calling  utsname_sysctl_init+0x0/0x13 @ 1
[    5.680008] initcall utsname_sysctl_init+0x0/0x13 returned 0 after 59 usecs
[    5.687882] calling  init_tracepoints+0x0/0x27 @ 1
[    5.694037] initcall init_tracepoints+0x0/0x27 returned 0 after 59 usecs
[    5.702820] calling  init_blk_tracer+0x0/0x50 @ 1
[    5.710414] initcall init_blk_tracer+0x0/0x50 returned 0 after 748 usecs
[    5.720188] calling  perf_event_sysfs_init+0x0/0x81 @ 1
[    5.728370] initcall perf_event_sysfs_init+0x0/0x81 returned 0 after 657 usecs
[    5.736690] calling  system_trusted_keyring_init+0x0/0x5f @ 1
[    5.743312] Initialise system trusted keyrings
[    5.748499] initcall system_trusted_keyring_init+0x0/0x5f returned 0 after 5063 usecs
[    5.757343] calling  kswapd_init+0x0/0x13 @ 1
[    5.762442] tasks-torture: rcu_torture_read_exit: Start of test
[    5.769574] initcall kswapd_init+0x0/0x13 returned 0 after 6970 usecs
[    5.776958] calling  extfrag_debug_init+0x0/0x54 @ 1
[    5.782691] initcall extfrag_debug_init+0x0/0x54 returned 0 after 90 usecs
[    5.790396] calling  slab_proc_init+0x0/0x21 @ 1
[    5.795775] initcall slab_proc_init+0x0/0x21 returned 0 after 84 usecs
[    5.803172] calling  workingset_init+0x0/0x8c @ 1
[    5.808694] workingset: timestamp_bits=62 max_order=17 bucket_order=0
[    5.817899] initcall workingset_init+0x0/0x8c returned 0 after 8996 usecs
[    5.827493] calling  proc_vmalloc_init+0x0/0x27 @ 1
[    5.834535] initcall proc_vmalloc_init+0x0/0x27 returned 0 after 32 usecs
[    5.843320] calling  procswaps_init+0x0/0x1e @ 1
[    5.848714] initcall procswaps_init+0x0/0x1e returned 0 after 43 usecs
[    5.856241] calling  slab_sysfs_init+0x0/0xea @ 1
[    5.866346] initcall slab_sysfs_init+0x0/0xea returned 0 after 4466 usecs
[    5.874065] calling  fcntl_init+0x0/0x29 @ 1
[    5.879035] initcall fcntl_init+0x0/0x29 returned 0 after 6 usecs
[    5.885997] calling  proc_filesystems_init+0x0/0x21 @ 1
[    5.891990] initcall proc_filesystems_init+0x0/0x21 returned 0 after 3 usecs
[    5.900482] calling  start_dirtytime_writeback+0x0/0x29 @ 1
[    5.906828] initcall start_dirtytime_writeback+0x0/0x29 returned 0 after 1 usecs
[    5.915262] calling  blkdev_init+0x0/0x1b @ 1
[    5.920571] initcall blkdev_init+0x0/0x1b returned 0 after 249 usecs
[    5.928077] calling  dio_init+0x0/0x2c @ 1
[    5.932790] initcall dio_init+0x0/0x2c returned 0 after 98 usecs
[    5.939681] calling  dnotify_init+0x0/0x78 @ 1
[    5.944795] initcall dnotify_init+0x0/0x78 returned 0 after 7 usecs
[    5.951887] calling  aio_setup+0x0/0x78 @ 1
[    5.956922] initcall aio_setup+0x0/0x78 returned 0 after 201 usecs
[    5.963871] calling  io_uring_init+0x0/0x2c @ 1
[    5.968986] initcall io_uring_init+0x0/0x2c returned 0 after 4 usecs
[    5.976043] calling  mbcache_init+0x0/0x30 @ 1
[    5.981179] initcall mbcache_init+0x0/0x30 returned 0 after 36 usecs
[    5.988492] calling  init_grace+0x0/0xc @ 1
[    5.993421] initcall init_grace+0x0/0xc returned 0 after 93 usecs
[    6.000278] calling  init_v2_quota_format+0x0/0x21 @ 1
[    6.006203] initcall init_v2_quota_format+0x0/0x21 returned 0 after 87 usecs
[    6.014105] calling  init_devpts_fs+0x0/0x27 @ 1
[    6.019365] initcall init_devpts_fs+0x0/0x27 returned 0 after 114 usecs
[    6.027476] calling  ext4_init_fs+0x0/0x1cb @ 1
[    6.032988] initcall ext4_init_fs+0x0/0x1cb returned 0 after 336 usecs
[    6.040232] calling  journal_init+0x0/0x11c @ 1
[    6.045352] initcall journal_init+0x0/0x11c returned 0 after 72 usecs
[    6.052467] calling  init_fat_fs+0x0/0x49 @ 1
[    6.057397] initcall init_fat_fs+0x0/0x49 returned 0 after 61 usecs
[    6.064248] calling  init_vfat_fs+0x0/0xc @ 1
[    6.069115] initcall init_vfat_fs+0x0/0xc returned 0 after 3 usecs
[    6.075985] calling  init_msdos_fs+0x0/0xc @ 1
[    6.080966] initcall init_msdos_fs+0x0/0xc returned 0 after 2 usecs
[    6.088099] calling  init_iso9660_fs+0x0/0x6c @ 1
[    6.093756] rcu_torture_rea (61) used greatest stack depth: 15536 bytes left
[    6.101637] initcall init_iso9660_fs+0x0/0x6c returned 0 after 8076 usecs
[    6.109189] calling  init_nfs_fs+0x0/0x13a @ 1
[    6.114898] initcall init_nfs_fs+0x0/0x13a returned 0 after 640 usecs
[    6.122259] calling  init_nfs_v2+0x0/0x13 @ 1
[    6.127269] initcall init_nfs_v2+0x0/0x13 returned 0 after 80 usecs
[    6.134437] calling  init_nfs_v3+0x0/0x13 @ 1
[    6.139538] initcall init_nfs_v3+0x0/0x13 returned 0 after 15 usecs
[    6.146723] calling  init_nfs_v4+0x0/0x32 @ 1
[    6.151840] NFS: Registering the id_resolver key type
[    6.157741] Key type id_resolver registered
[    6.162622] Key type id_legacy registered
[    6.167500] initcall init_nfs_v4+0x0/0x32 returned 0 after 15339 usecs
[    6.175076] calling  init_nlm+0x0/0x5b @ 1
[    6.180793] initcall init_nlm+0x0/0x5b returned 0 after 166 usecs
[    6.188237] calling  init_nls_cp437+0x0/0xe @ 1
[    6.193628] initcall init_nls_cp437+0x0/0xe returned 0 after 40 usecs
[    6.201071] calling  init_nls_ascii+0x0/0xe @ 1
[    6.206456] initcall init_nls_ascii+0x0/0xe returned 0 after 0 usecs
[    6.213794] calling  init_nls_iso8859_1+0x0/0xe @ 1
[    6.219500] initcall init_nls_iso8859_1+0x0/0xe returned 0 after 1 usecs
[    6.227215] calling  init_nls_utf8+0x0/0x21 @ 1
[    6.232501] initcall init_nls_utf8+0x0/0x21 returned 0 after 1 usecs
[    6.239816] calling  init_autofs_fs+0x0/0x25 @ 1
[    6.245471] initcall init_autofs_fs+0x0/0x25 returned 0 after 226 usecs
[    6.253368] calling  ipc_init+0x0/0x24 @ 1
[    6.258323] initcall ipc_init+0x0/0x24 returned 0 after 37 usecs
[    6.265334] calling  ipc_sysctl_init+0x0/0x13 @ 1
[    6.271000] initcall ipc_sysctl_init+0x0/0x13 returned 0 after 37 usecs
[    6.278568] calling  init_mqueue_fs+0x0/0x92 @ 1
[    6.284125] initcall init_mqueue_fs+0x0/0x92 returned 0 after 164 usecs
[    6.291762] calling  key_proc_init+0x0/0x63 @ 1
[    6.297069] initcall key_proc_init+0x0/0x63 returned 0 after 17 usecs
[    6.305297] calling  selinux_nf_ip_init+0x0/0x2e @ 1
[    6.311038] initcall selinux_nf_ip_init+0x0/0x2e returned 0 after 38 usecs
[    6.319031] calling  init_sel_fs+0x0/0x116 @ 1
[    6.324480] initcall init_sel_fs+0x0/0x116 returned 0 after 0 usecs
[    6.331738] calling  selnl_init+0x0/0x7c @ 1
[    6.337046] initcall selnl_init+0x0/0x7c returned 0 after 305 usecs
[    6.344254] calling  sel_netif_init+0x0/0x36 @ 1
[    6.350400] initcall sel_netif_init+0x0/0x36 returned 0 after 0 usecs
[    6.359070] calling  sel_netnode_init+0x0/0x33 @ 1
[    6.364519] initcall sel_netnode_init+0x0/0x33 returned 0 after 0 usecs
[    6.372082] calling  sel_netport_init+0x0/0x33 @ 1
[    6.377794] initcall sel_netport_init+0x0/0x33 returned 0 after 0 usecs
[    6.385417] calling  aurule_init+0x0/0x2a @ 1
[    6.391619] initcall aurule_init+0x0/0x2a returned 0 after 2 usecs
[    6.399598] calling  crypto_algapi_init+0x0/0xc @ 1
[    6.405355] initcall crypto_algapi_init+0x0/0xc returned 0 after 4 usecs
[    6.413253] calling  jent_mod_init+0x0/0x2d @ 1
[    6.427628] initcall jent_mod_init+0x0/0x2d returned 0 after 8861 usecs
[    6.435907] calling  asymmetric_key_init+0x0/0xc @ 1
[    6.443052] Key type asymmetric registered
[    6.449266] initcall asymmetric_key_init+0x0/0xc returned 0 after 6066 usecs
[    6.459408] calling  x509_key_init+0x0/0xc @ 1
[    6.465554] Asymmetric key parser 'x509' registered
[    6.471315] initcall x509_key_init+0x0/0xc returned 0 after 5664 usecs
[    6.478817] calling  proc_genhd_init+0x0/0x41 @ 1
[    6.485002] initcall proc_genhd_init+0x0/0x41 returned 0 after 25 usecs
[    6.492817] calling  bsg_init+0x0/0x113 @ 1
[    6.497912] Block layer SCSI generic (bsg) driver version 0.4 loaded (major 251)
[    6.506157] initcall bsg_init+0x0/0x113 returned 0 after 8387 usecs
[    6.513224] calling  deadline_init+0x0/0xc @ 1
[    6.518321] io scheduler mq-deadline registered
[    6.523471] initcall deadline_init+0x0/0xc returned 0 after 5048 usecs
[    6.530869] calling  kyber_init+0x0/0xc @ 1
[    6.535716] io scheduler kyber registered
[    6.540326] initcall kyber_init+0x0/0xc returned 0 after 4521 usecs
[    6.547376] calling  mod_init+0x0/0x7 @ 1
[    6.551949] initcall mod_init+0x0/0x7 returned 0 after 0 usecs
[    6.558587] calling  sg_pool_init+0x0/0xb4 @ 1
[    6.563749] initcall sg_pool_init+0x0/0xb4 returned 0 after 110 usecs
[    6.570984] calling  pcie_portdrv_init+0x0/0x39 @ 1
[    6.576997] initcall pcie_portdrv_init+0x0/0x39 returned 0 after 461 usecs
[    6.584735] calling  pci_proc_init+0x0/0x68 @ 1
[    6.589987] initcall pci_proc_init+0x0/0x68 returned 0 after 10 usecs
[    6.597269] calling  pci_hotplug_init+0x0/0x7 @ 1
[    6.602618] initcall pci_hotplug_init+0x0/0x7 returned 0 after 0 usecs
[    6.609990] calling  efifb_driver_init+0x0/0xe @ 1
[    6.615457] initcall efifb_driver_init+0x0/0xe returned 0 after 41 usecs
[    6.622988] calling  ged_driver_init+0x0/0xe @ 1
[    6.628372] initcall ged_driver_init+0x0/0xe returned 0 after 130 usecs
[    6.636019] calling  acpi_ac_init+0x0/0x92 @ 1
[    6.641519] initcall acpi_ac_init+0x0/0x92 returned 0 after 404 usecs
[    6.648865] calling  acpi_button_driver_init+0x0/0x52 @ 1
[    6.655553] input: Power Button as /devices/LNXSYSTM:00/LNXPWRBN:00/input/input0
[    6.664263] ACPI: Power Button [PWRF]
[    6.668843] initcall acpi_button_driver_init+0x0/0x52 returned 0 after 13490 usecs
[    6.677247] calling  acpi_fan_driver_init+0x0/0xe @ 1
[    6.683118] initcall acpi_fan_driver_init+0x0/0xe returned 0 after 11 usecs
[    6.690992] calling  acpi_video_init+0x0/0xcb @ 1
[    6.696501] initcall acpi_video_init+0x0/0xcb returned 0 after 41 usecs
[    6.704049] calling  acpi_processor_driver_init+0x0/0xad @ 1
[    6.710928] initcall acpi_processor_driver_init+0x0/0xad returned 0 after 363 usecs
[    6.719685] calling  acpi_thermal_init+0x0/0x71 @ 1
[    6.725466] initcall acpi_thermal_init+0x0/0x71 returned 0 after 113 usecs
[    6.733351] calling  acpi_battery_init+0x0/0x32 @ 1
[    6.739070] initcall acpi_battery_init+0x0/0x32 returned 0 after 3 usecs
[    6.747607] calling  bgrt_init+0x0/0xb6 @ 1
[    6.753750] initcall bgrt_init+0x0/0xb6 returned -19 after 0 usecs
[    6.762645] calling  gpio_clk_driver_init+0x0/0xe @ 1
[    6.770306] initcall gpio_clk_driver_init+0x0/0xe returned 0 after 51 usecs
[    6.780282] calling  plt_clk_driver_init+0x0/0xe @ 1
[    6.789146] initcall plt_clk_driver_init+0x0/0xe returned 0 after 23 usecs
[    6.799067] calling  virtio_pci_driver_init+0x0/0x15 @ 1
[    6.806861] initcall virtio_pci_driver_init+0x0/0x15 returned 0 after 53 usecs
[    6.817256] calling  n_null_init+0x0/0x1e @ 1
[    6.823629] initcall n_null_init+0x0/0x1e returned 0 after 1 usecs
[    6.832474] calling  pty_init+0x0/0x1e8 @ 1
[    6.839046] initcall pty_init+0x0/0x1e8 returned 0 after 474 usecs
[    6.847910] calling  sysrq_init+0x0/0x62 @ 1
[    6.854180] initcall sysrq_init+0x0/0x62 returned 0 after 5 usecs
[    6.861375] calling  serial8250_init+0x0/0x17e @ 1
[    6.867397] Serial: 8250/16550 driver, 4 ports, IRQ sharing enabled
[    6.875626] 00:03: ttyS0 at I/O 0x3f8 (irq = 4, base_baud = 115200) is a 16550A
[    6.885890] initcall serial8250_init+0x0/0x17e returned 0 after 18100 usecs
[    6.893898] calling  serial_pci_driver_init+0x0/0x15 @ 1
[    6.900042] initcall serial_pci_driver_init+0x0/0x15 returned 0 after 60 usecs
[    6.908780] calling  exar_pci_driver_init+0x0/0x15 @ 1
[    6.914723] initcall exar_pci_driver_init+0x0/0x15 returned 0 after 37 usecs
[    6.922686] calling  lpss8250_pci_driver_init+0x0/0x15 @ 1
[    6.929258] initcall lpss8250_pci_driver_init+0x0/0x15 returned 0 after 29 usecs
[    6.937473] calling  mid8250_pci_driver_init+0x0/0x15 @ 1
[    6.943859] initcall mid8250_pci_driver_init+0x0/0x15 returned 0 after 19 usecs
[    6.952459] calling  virtio_console_init+0x0/0xff @ 1
[    6.958630] initcall virtio_console_init+0x0/0xff returned 0 after 130 usecs
[    6.967143] calling  hpet_init+0x0/0x64 @ 1
[    6.973357] initcall hpet_init+0x0/0x64 returned 0 after 813 usecs
[    6.980563] calling  nvram_module_init+0x0/0x83 @ 1
[    6.986501] Non-volatile memory driver v1.3
[    6.991783] initcall nvram_module_init+0x0/0x83 returned 0 after 5261 usecs
[    6.999881] calling  hwrng_modinit+0x0/0x8a @ 1
[    7.005214] initcall hwrng_modinit+0x0/0x8a returned 0 after 163 usecs
[    7.012592] calling  mod_init+0x0/0x48 @ 1
[    7.017174] initcall mod_init+0x0/0x48 returned -19 after 0 usecs
[    7.023948] calling  agp_init+0x0/0x23 @ 1
[    7.028683] Linux agpgart interface v0.103
[    7.033372] initcall agp_init+0x0/0x23 returned 0 after 4576 usecs
[    7.040420] calling  agp_amd64_mod_init+0x0/0x5 @ 1
[    7.046298] initcall agp_amd64_mod_init+0x0/0x5 returned -19 after 158 usecs
[    7.055241] calling  agp_intel_init+0x0/0x28 @ 1
[    7.068689] initcall agp_intel_init+0x0/0x28 returned 0 after 2940 usecs
[    7.077263] calling  drm_kms_helper_init+0x0/0x7 @ 1
[    7.083432] initcall drm_kms_helper_init+0x0/0x7 returned 0 after 31 usecs
[    7.091989] calling  drm_core_init+0x0/0x9e @ 1
[    7.103014] initcall drm_core_init+0x0/0x9e returned 0 after 2552 usecs
[    7.112640] calling  i915_init+0x0/0x6b @ 1
[    7.122098] initcall i915_init+0x0/0x6b returned 0 after 3169 usecs
[    7.131333] calling  cn_proc_init+0x0/0x35 @ 1
[    7.137955] initcall cn_proc_init+0x0/0x35 returned 0 after 14 usecs
[    7.147126] calling  topology_sysfs_init+0x0/0x27 @ 1
[    7.153353] initcall topology_sysfs_init+0x0/0x27 returned 0 after 224 usecs
[    7.161425] calling  cacheinfo_sysfs_init+0x0/0x27 @ 1
[    7.168544] initcall cacheinfo_sysfs_init+0x0/0x27 returned 0 after 613 usecs
[    7.178171] calling  loop_init+0x0/0x168 @ 1
[    7.196898] loop: module loaded
[    7.200798] initcall loop_init+0x0/0x168 returned 0 after 17344 usecs
[    7.210863] calling  mac_hid_init+0x0/0x21 @ 1
[    7.217274] initcall mac_hid_init+0x0/0x21 returned 0 after 37 usecs
[    7.226251] calling  spi_transport_init+0x0/0x74 @ 1
[    7.233467] initcall spi_transport_init+0x0/0x74 returned 0 after 197 usecs
[    7.241792] calling  init_sd+0x0/0x18c @ 1
[    7.246777] initcall init_sd+0x0/0x18c returned 0 after 235 usecs
[    7.253564] calling  init_sr+0x0/0x43 @ 1
[    7.258198] initcall init_sr+0x0/0x43 returned 0 after 34 usecs
[    7.264798] calling  init_sg+0x0/0x1c0 @ 1
[    7.269787] initcall init_sg+0x0/0x1c0 returned 0 after 259 usecs
[    7.276746] calling  ahci_pci_driver_init+0x0/0x15 @ 1
[    7.283007] ahci 0000:00:1f.2: version 3.0
[    7.290003] PCI Interrupt Link [GSIA] enabled at IRQ 16
[    7.303446] ahci 0000:00:1f.2: AHCI 0001.0000 32 slots 6 ports 1.5 Gbps 0x3f impl SATA mode
[    7.312949] ahci 0000:00:1f.2: flags: 64bit ncq only 
[    7.328038] scsi host0: ahci
[    7.331989] scsi host1: ahci
[    7.336435] scsi host2: ahci
[    7.342246] scsi host3: ahci
[    7.346036] scsi host4: ahci
[    7.349982] scsi host5: ahci
[    7.353562] ata1: SATA max UDMA/133 abar m4096@0xfebf1000 port 0xfebf1100 irq 24
[    7.362117] ata2: SATA max UDMA/133 abar m4096@0xfebf1000 port 0xfebf1180 irq 24
[    7.370738] ata3: SATA max UDMA/133 abar m4096@0xfebf1000 port 0xfebf1200 irq 24
[    7.379273] ata4: SATA max UDMA/133 abar m4096@0xfebf1000 port 0xfebf1280 irq 24
[    7.387848] ata5: SATA max UDMA/133 abar m4096@0xfebf1000 port 0xfebf1300 irq 24
[    7.396666] ata6: SATA max UDMA/133 abar m4096@0xfebf1000 port 0xfebf1380 irq 24
[    7.405276] initcall ahci_pci_driver_init+0x0/0x15 returned 0 after 119714 usecs
[    7.414004] calling  piix_init+0x0/0x26 @ 1
[    7.419035] initcall piix_init+0x0/0x26 returned 0 after 113 usecs
[    7.426160] calling  amd_pci_driver_init+0x0/0x15 @ 1
[    7.432038] initcall amd_pci_driver_init+0x0/0x15 returned 0 after 13 usecs
[    7.440184] calling  oldpiix_pci_driver_init+0x0/0x15 @ 1
[    7.446547] initcall oldpiix_pci_driver_init+0x0/0x15 returned 0 after 28 usecs
[    7.455025] calling  sch_pci_driver_init+0x0/0x15 @ 1
[    7.461398] initcall sch_pci_driver_init+0x0/0x15 returned 0 after 454 usecs
[    7.470734] calling  net_olddevs_init+0x0/0x55 @ 1
[    7.476662] initcall net_olddevs_init+0x0/0x55 returned 0 after 117 usecs
[    7.485947] calling  blackhole_netdev_init+0x0/0x78 @ 1
[    7.492331] initcall blackhole_netdev_init+0x0/0x78 returned 0 after 313 usecs
[    7.500723] calling  phy_module_init+0x0/0x13 @ 1
[    7.506374] initcall phy_module_init+0x0/0x13 returned 0 after 152 usecs
[    7.514155] calling  tg3_driver_init+0x0/0x15 @ 1
[    7.519800] initcall tg3_driver_init+0x0/0x15 returned 0 after 42 usecs
[    7.527648] calling  e100_init_module+0x0/0x4c @ 1
[    7.533370] e100: Intel(R) PRO/100 Network Driver
[    7.538960] e100: Copyright(c) 1999-2006 Intel Corporation
[    7.545478] initcall e100_init_module+0x0/0x4c returned 0 after 11844 usecs
[    7.555095] calling  e1000_init_module+0x0/0x72 @ 1
[    7.561296] e1000: Intel(R) PRO/1000 Network Driver
[    7.567029] e1000: Copyright (c) 1999-2006 Intel Corporation.
[    7.573840] initcall e1000_init_module+0x0/0x72 returned 0 after 12248 usecs
[    7.582051] calling  e1000_init_module+0x0/0x2d @ 1
[    7.588732] e1000e: Intel(R) PRO/1000 Network Driver
[    7.595004] e1000e: Copyright(c) 1999 - 2015 Intel Corporation.
[    7.602708] initcall e1000_init_module+0x0/0x2d returned 0 after 13657 usecs
[    7.612889] calling  sky2_init_module+0x0/0x21 @ 1
[    7.619048] sky2: driver version 1.30
[    7.624256] initcall sky2_init_module+0x0/0x21 returned 0 after 5082 usecs
[    7.632232] calling  forcedeth_pci_driver_init+0x0/0x15 @ 1
[    7.639498] initcall forcedeth_pci_driver_init+0x0/0x15 returned 0 after 36 usecs
[    7.648171] calling  rtl8139_init_module+0x0/0x15 @ 1
[    7.654476] initcall rtl8139_init_module+0x0/0x15 returned 0 after 48 usecs
[    7.664737] calling  rtl8169_pci_driver_init+0x0/0x15 @ 1
[    7.672717] initcall rtl8169_pci_driver_init+0x0/0x15 returned 0 after 47 usecs
[    7.683303] calling  cdrom_init+0x0/0xc @ 1
[    7.689539] initcall cdrom_init+0x0/0xc returned 0 after 55 usecs
[    7.698360] calling  nonstatic_sysfs_init+0x0/0xc @ 1
[    7.705821] initcall nonstatic_sysfs_init+0x0/0xc returned 0 after 1 usecs
[    7.715807] calling  yenta_cardbus_driver_init+0x0/0x15 @ 1
[    7.722422] initcall yenta_cardbus_driver_init+0x0/0x15 returned 0 after 59 usecs
[    7.731597] calling  mon_init+0x0/0x123 @ 1
[    7.741426] initcall mon_init+0x0/0x123 returned 0 after 4400 usecs
[    7.749102] calling  ehci_hcd_init+0x0/0x55 @ 1
[    7.754793] ehci_hcd: USB 2.0 'Enhanced' Host Controller (EHCI) Driver
[    7.763162] initcall ehci_hcd_init+0x0/0x55 returned 0 after 8237 usecs
[    7.771507] calling  ehci_pci_init+0x0/0x64 @ 1
[    7.777413] ehci-pci: EHCI PCI platform driver
[    7.783332] initcall ehci_pci_init+0x0/0x64 returned 0 after 5778 usecs
[    7.791745] calling  ohci_hcd_mod_init+0x0/0x4d @ 1
[    7.797905] ohci_hcd: USB 1.1 'Open' Host Controller (OHCI) Driver
[    7.805843] initcall ohci_hcd_mod_init+0x0/0x4d returned 0 after 7749 usecs
[    7.815280] calling  ohci_pci_init+0x0/0x64 @ 1
[    7.821903] ohci-pci: OHCI PCI platform driver
[    7.828265] initcall ohci_pci_init+0x0/0x64 returned 0 after 6226 usecs
[    7.837414] calling  uhci_hcd_init+0x0/0xa6 @ 1
[    7.843797] uhci_hcd: USB Universal Host Controller Interface driver
[    7.852716] initcall uhci_hcd_init+0x0/0xa6 returned 0 after 8707 usecs
[    7.862074] calling  xhci_hcd_init+0x0/0x1e @ 1
[    7.869838] initcall xhci_hcd_init+0x0/0x1e returned 0 after 28 usecs
[    7.877413] calling  xhci_pci_init+0x0/0x49 @ 1
[    7.883022] initcall xhci_pci_init+0x0/0x49 returned 0 after 101 usecs
[    7.890835] calling  usblp_driver_init+0x0/0x15 @ 1
[    7.896812] usbcore: registered new interface driver usblp
[    7.903519] initcall usblp_driver_init+0x0/0x15 returned 0 after 6672 usecs
[    7.911921] calling  usb_storage_driver_init+0x0/0x2a @ 1
[    7.918662] usbcore: registered new interface driver usb-storage
[    7.926214] initcall usb_storage_driver_init+0x0/0x2a returned 0 after 7450 usecs
[    7.935436] calling  i8042_init+0x0/0x4c2 @ 1
[    7.941447] i8042: PNP: PS/2 Controller [PNP0303:KBD,PNP0f13:MOU] at 0x60,0x64 irq 1,12
[    7.959071] serio: i8042 KBD port at 0x60,0x64 irq 1
[    7.965287] serio: i8042 AUX port at 0x60,0x64 irq 12
[    7.971532] initcall i8042_init+0x0/0x4c2 returned 0 after 29882 usecs
[    7.979532] calling  serport_init+0x0/0x2c @ 1
[    7.985120] initcall serport_init+0x0/0x2c returned 0 after 0 usecs
[    7.992796] calling  input_leds_init+0x0/0xc @ 1
[    7.998623] initcall input_leds_init+0x0/0xc returned 0 after 66 usecs
[    8.006637] calling  evdev_init+0x0/0xc @ 1
[    8.012952] initcall evdev_init+0x0/0xc returned 0 after 1121 usecs
[    8.020502] calling  atkbd_init+0x0/0x21 @ 1
[    8.025750] initcall atkbd_init+0x0/0x21 returned 0 after 53 usecs
[    8.033214] calling  psmouse_init+0x0/0x7f @ 1
[    8.038824] initcall psmouse_init+0x0/0x7f returned 0 after 67 usecs
[    8.046656] calling  cmos_init+0x0/0x73 @ 1
[    8.052477] rtc_cmos 00:04: RTC can wake from S4
[    8.064930] input: AT Translated Set 2 keyboard as /devices/platform/i8042/serio0/input/input1
[    8.097796] rtc_cmos 00:04: registered as rtc0
[    8.103944] rtc_cmos 00:04: alarms up to one day, y3k, 242 bytes nvram, hpet irqs
[    8.113269] initcall cmos_init+0x0/0x73 returned 0 after 60025 usecs
[    8.120950] calling  smbalert_driver_init+0x0/0xe @ 1
[    8.127508] initcall smbalert_driver_init+0x0/0xe returned 0 after 84 usecs
[    8.136165] calling  i2c_i801_init+0x0/0xc5 @ 1
[    8.143911] i801_smbus 0000:00:1f.3: SMBus using PCI interrupt
[    8.152680] i2c i2c-0: 1/1 memory slots populated (from DMI)
[    8.160223] i2c i2c-0: Memory type 0x07 not supported yet, not instantiating SPD
[    8.169984] initcall i2c_i801_init+0x0/0xc5 returned 0 after 27512 usecs
[    8.179007] calling  ptp_kvm_init+0x0/0xf0 @ 1
[    8.186580] ata3: SATA link up 1.5 Gbps (SStatus 113 SControl 300)
[    8.196832] ata3.00: ATAPI: QEMU DVD-ROM, 2.5+, max UDMA/100
[    8.205419] ata3.00: applying bridge limits
[    8.212990] ata3.00: configured for UDMA/100
[    8.221384] ata2: SATA link down (SStatus 0 SControl 300)
[    8.229836] ata1: SATA link down (SStatus 0 SControl 300)
[    8.237870] ata4: SATA link down (SStatus 0 SControl 300)
[    8.246468] scsi 2:0:0:0: CD-ROM            QEMU     QEMU DVD-ROM     2.5+ PQ: 0 ANSI: 5
[    8.260302] initcall ptp_kvm_init+0x0/0xf0 returned 0 after 73647 usecs
[    8.268459] calling  dm_init+0x0/0x3c @ 1
[    8.275056] sr 2:0:0:0: [sr0] scsi3-mmc drive: 4x/4x cd/rw xa/form2 tray
[    8.283368] cdrom: Uniform CD-ROM driver Revision: 3.20
[    8.290841] device-mapper: ioctl: 4.43.0-ioctl (2020-10-01) initialised: dm-devel@redhat.com
[    8.301098] initcall dm_init+0x0/0x3c returned 0 after 27027 usecs
[    8.308830] calling  dm_mirror_init+0x0/0x29 @ 1
[    8.314602] initcall dm_mirror_init+0x0/0x29 returned 0 after 19 usecs
[    8.322781] calling  dm_dirty_log_init+0x0/0x4f @ 1
[    8.328820] initcall dm_dirty_log_init+0x0/0x4f returned 0 after 42 usecs
[    8.337837] calling  dm_zero_init+0x0/0x29 @ 1
[    8.344196] initcall dm_zero_init+0x0/0x29 returned 0 after 2 usecs
[    8.352933] calling  intel_pstate_init+0x0/0x4a2 @ 1
[    8.359159] intel_pstate: CPU model not supported
[    8.367090] initcall intel_pstate_init+0x0/0x4a2 returned -19 after 7741 usecs
[    8.376471] calling  haltpoll_init+0x0/0xc0 @ 1
[    8.382480] initcall haltpoll_init+0x0/0xc0 returned -19 after 30 usecs
[    8.391212] calling  efivars_sysfs_init+0x0/0x30 @ 1
[    8.397899] initcall efivars_sysfs_init+0x0/0x30 returned 0 after 31 usecs
[    8.406731] calling  esrt_sysfs_init+0x0/0x2a2 @ 1
[    8.412874] initcall esrt_sysfs_init+0x0/0x2a2 returned -38 after 39 usecs
[    8.421849] calling  hid_init+0x0/0x5c @ 1
[    8.427425] hid: raw HID events driver (C) Jiri Kosina
[    8.434583] initcall hid_init+0x0/0x5c returned 0 after 7068 usecs
[    8.443784] calling  hid_generic_init+0x0/0x15 @ 1
[    8.450041] initcall hid_generic_init+0x0/0x15 returned 0 after 63 usecs
[    8.458918] calling  a4_driver_init+0x0/0x15 @ 1
[    8.465810] initcall a4_driver_init+0x0/0x15 returned 0 after 19 usecs
[    8.474441] calling  apple_driver_init+0x0/0x15 @ 1
[    8.480957] initcall apple_driver_init+0x0/0x15 returned 0 after 116 usecs
[    8.490397] calling  belkin_driver_init+0x0/0x15 @ 1
[    8.497152] initcall belkin_driver_init+0x0/0x15 returned 0 after 20 usecs
[    8.506254] calling  ch_driver_init+0x0/0x15 @ 1
[    8.512788] initcall ch_driver_init+0x0/0x15 returned 0 after 20 usecs
[    8.522239] calling  ch_driver_init+0x0/0x15 @ 1
[    8.528781] initcall ch_driver_init+0x0/0x15 returned 0 after 21 usecs
[    8.537332] calling  cp_driver_init+0x0/0x15 @ 1
[    8.543656] initcall cp_driver_init+0x0/0x15 returned 0 after 22 usecs
[    8.553213] calling  ez_driver_init+0x0/0x15 @ 1
[    8.560186] initcall ez_driver_init+0x0/0x15 returned 0 after 19 usecs
[    8.570907] calling  gyration_driver_init+0x0/0x15 @ 1
[    8.580597] initcall gyration_driver_init+0x0/0x15 returned 0 after 80 usecs
[    8.591258] calling  ite_driver_init+0x0/0x15 @ 1
[    8.597861] initcall ite_driver_init+0x0/0x15 returned 0 after 17 usecs
[    8.607496] calling  ks_driver_init+0x0/0x15 @ 1
[    8.614023] initcall ks_driver_init+0x0/0x15 returned 0 after 19 usecs
[    8.623502] calling  lg_driver_init+0x0/0x15 @ 1
[    8.630469] initcall lg_driver_init+0x0/0x15 returned 0 after 56 usecs
[    8.640096] calling  lg_g15_driver_init+0x0/0x15 @ 1
[    8.647503] initcall lg_g15_driver_init+0x0/0x15 returned 0 after 45 usecs
[    8.657002] calling  ms_driver_init+0x0/0x15 @ 1
[    8.663756] initcall ms_driver_init+0x0/0x15 returned 0 after 22 usecs
[    8.672723] calling  mr_driver_init+0x0/0x15 @ 1
[    8.679040] initcall mr_driver_init+0x0/0x15 returned 0 after 32 usecs
[    8.688034] calling  ntrig_driver_init+0x0/0x15 @ 1
[    8.695793] initcall ntrig_driver_init+0x0/0x15 returned 0 after 25 usecs
[    8.706571] calling  pl_driver_init+0x0/0x15 @ 1
[    8.713959] initcall pl_driver_init+0x0/0x15 returned 0 after 23 usecs
[    8.724343] calling  pl_driver_init+0x0/0x15 @ 1
[    8.731807] initcall pl_driver_init+0x0/0x15 returned 0 after 20 usecs
[    8.742110] calling  redragon_driver_init+0x0/0x15 @ 1
[    8.750260] initcall redragon_driver_init+0x0/0x15 returned 0 after 22 usecs
[    8.761287] calling  samsung_driver_init+0x0/0x15 @ 1
[    8.769486] initcall samsung_driver_init+0x0/0x15 returned 0 after 24 usecs
[    8.780344] calling  sony_init+0x0/0x38 @ 1
[    8.787340] initcall sony_init+0x0/0x38 returned 0 after 66 usecs
[    8.796921] calling  sp_driver_init+0x0/0x15 @ 1
[    8.804221] initcall sp_driver_init+0x0/0x15 returned 0 after 122 usecs
[    8.814516] calling  ts_driver_init+0x0/0x15 @ 1
[    8.822812] initcall ts_driver_init+0x0/0x15 returned 0 after 21 usecs
[    8.833393] calling  hid_init+0x0/0x58 @ 1
[    8.839944] usbcore: registered new interface driver usbhid
[    8.848870] usbhid: USB HID core driver
[    8.854809] initcall hid_init+0x0/0x58 returned 0 after 14670 usecs
[    8.864303] calling  eeepc_laptop_init+0x0/0x57 @ 1
[    8.871847] initcall eeepc_laptop_init+0x0/0x57 returned -19 after 75 usecs
[    8.882444] calling  pmc_atom_init+0x0/0x27a @ 1
[    8.889748] initcall pmc_atom_init+0x0/0x27a returned -19 after 27 usecs
[    8.900185] calling  alsa_hwdep_init+0x0/0x5e @ 1
[    8.907963] initcall alsa_hwdep_init+0x0/0x5e returned 0 after 113 usecs
[    8.918612] calling  alsa_timer_init+0x0/0x1f0 @ 1
[    8.926074] ata5: SATA link down (SStatus 0 SControl 300)
[    8.934663] ata6: SATA link down (SStatus 0 SControl 300)
[    8.952986] sr 2:0:0:0: Attached scsi CD-ROM sr0
[    8.960562] sr 2:0:0:0: Attached scsi generic sg0 type 5
[    8.968256] initcall alsa_timer_init+0x0/0x1f0 returned 0 after 42373 usecs
[    8.977863] calling  snd_hrtimer_init+0x0/0x117 @ 1
[    8.984280] initcall snd_hrtimer_init+0x0/0x117 returned 0 after 3 usecs
[    8.993280] calling  alsa_pcm_init+0x0/0x64 @ 1
[    8.999649] initcall alsa_pcm_init+0x0/0x64 returned 0 after 10 usecs
[    9.008292] calling  alsa_seq_init+0x0/0x4a @ 1
[    9.014734] initcall alsa_seq_init+0x0/0x4a returned 0 after 348 usecs
[    9.023606] calling  alsa_seq_dummy_init+0x0/0x9c @ 1
[    9.030622] initcall alsa_seq_dummy_init+0x0/0x9c returned 0 after 126 usecs
[    9.040474] calling  azx_driver_init+0x0/0x15 @ 1
[    9.047647] initcall azx_driver_init+0x0/0x15 returned 0 after 76 usecs
[    9.056792] calling  sock_diag_init+0x0/0x2a @ 1
[    9.064731] initcall sock_diag_init+0x0/0x2a returned 0 after 492 usecs
[    9.073835] calling  blackhole_init+0x0/0xc @ 1
[    9.080090] initcall blackhole_init+0x0/0xc returned 0 after 1 usecs
[    9.088676] calling  nfnetlink_init+0x0/0x57 @ 1
[    9.094964] initcall nfnetlink_init+0x0/0x57 returned 0 after 72 usecs
[    9.103908] calling  nfnetlink_log_init+0x0/0x99 @ 1
[    9.111077] initcall nfnetlink_log_init+0x0/0x99 returned 0 after 106 usecs
[    9.120846] calling  nf_conntrack_standalone_init+0x0/0x87 @ 1
[    9.130619] initcall nf_conntrack_standalone_init+0x0/0x87 returned 0 after 1640 usecs
[    9.141419] calling  ctnetlink_init+0x0/0x83 @ 1
[    9.148032] initcall ctnetlink_init+0x0/0x83 returned 0 after 1 usecs
[    9.158818] calling  nf_conntrack_ftp_init+0x0/0x12c @ 1
[    9.166202] initcall nf_conntrack_ftp_init+0x0/0x12c returned 0 after 38 usecs
[    9.176057] calling  nf_conntrack_irc_init+0x0/0x129 @ 1
[    9.183653] initcall nf_conntrack_irc_init+0x0/0x129 returned 0 after 5 usecs
[    9.193352] calling  nf_conntrack_sip_init+0x0/0x172 @ 1
[    9.201432] initcall nf_conntrack_sip_init+0x0/0x172 returned 0 after 7 usecs
[    9.211440] calling  nf_nat_init+0x0/0xbb @ 1
[    9.218099] initcall nf_nat_init+0x0/0xbb returned 0 after 107 usecs
[    9.226787] calling  nf_nat_ftp_init+0x0/0x2a @ 1
[    9.233008] initcall nf_nat_ftp_init+0x0/0x2a returned 0 after 0 usecs
[    9.241944] calling  nf_nat_irc_init+0x0/0x2a @ 1
[    9.248450] initcall nf_nat_irc_init+0x0/0x2a returned 0 after 0 usecs
[    9.257249] calling  nf_nat_sip_init+0x0/0x36 @ 1
[    9.264431] initcall nf_nat_sip_init+0x0/0x36 returned 0 after 1 usecs
[    9.274020] calling  xt_init+0x0/0xcf @ 1
[    9.280012] initcall xt_init+0x0/0xcf returned 0 after 46 usecs
[    9.288457] calling  tcpudp_mt_init+0x0/0x11 @ 1
[    9.295479] initcall tcpudp_mt_init+0x0/0x11 returned 0 after 27 usecs
[    9.305038] calling  connsecmark_tg_init+0x0/0xc @ 1
[    9.312525] initcall connsecmark_tg_init+0x0/0xc returned 0 after 0 usecs
[    9.322174] calling  nflog_tg_init+0x0/0xc @ 1
[    9.328328] initcall nflog_tg_init+0x0/0xc returned 0 after 1 usecs
[    9.337581] calling  secmark_tg_init+0x0/0x11 @ 1
[    9.344216] initcall secmark_tg_init+0x0/0x11 returned 0 after 1 usecs
[    9.353134] calling  tcpmss_tg_init+0x0/0x11 @ 1
[    9.360112] initcall tcpmss_tg_init+0x0/0x11 returned 0 after 0 usecs
[    9.369751] calling  conntrack_mt_init+0x0/0x11 @ 1
[    9.376862] initcall conntrack_mt_init+0x0/0x11 returned 0 after 1 usecs
[    9.388275] calling  policy_mt_init+0x0/0x11 @ 1
[    9.395806] initcall policy_mt_init+0x0/0x11 returned 0 after 1 usecs
[    9.406899] calling  state_mt_init+0x0/0xc @ 1
[    9.414310] initcall state_mt_init+0x0/0xc returned 0 after 1 usecs
[    9.423316] calling  gre_offload_init+0x0/0x48 @ 1
[    9.430343] initcall gre_offload_init+0x0/0x48 returned 0 after 162 usecs
[    9.440206] calling  sysctl_ipv4_init+0x0/0x46 @ 1
[    9.448075] initcall sysctl_ipv4_init+0x0/0x46 returned 0 after 570 usecs
[    9.458414] calling  tunnel4_init+0x0/0x58 @ 1
[    9.465632] initcall tunnel4_init+0x0/0x58 returned 0 after 476 usecs
[    9.475100] calling  nf_defrag_init+0x0/0xc @ 1
[    9.481324] initcall nf_defrag_init+0x0/0xc returned 0 after 19 usecs
[    9.490228] calling  ip_tables_init+0x0/0x8d @ 1
[    9.496837] initcall ip_tables_init+0x0/0x8d returned 0 after 256 usecs
[    9.506157] calling  iptable_filter_init+0x0/0x4c @ 1
[    9.513935] initcall iptable_filter_init+0x0/0x4c returned 0 after 1017 usecs
[    9.525010] calling  iptable_mangle_init+0x0/0xb8 @ 1
[    9.533736] initcall iptable_mangle_init+0x0/0xb8 returned 0 after 120 usecs
[    9.545743] calling  reject_tg_init+0x0/0xc @ 1
[    9.553133] initcall reject_tg_init+0x0/0xc returned 0 after 1 usecs
[    9.562137] calling  cubictcp_register+0x0/0x53 @ 1
[    9.569494] initcall cubictcp_register+0x0/0x53 returned 0 after 62 usecs
[    9.579416] calling  xfrm_user_init+0x0/0x45 @ 1
[    9.586569] Initializing XFRM netlink socket
[    9.593261] initcall xfrm_user_init+0x0/0x45 returned 0 after 6557 usecs
[    9.603352] calling  inet6_init+0x0/0x35e @ 1
[    9.610484] NET: Registered protocol family 10
[    9.847589] input: ImExPS/2 Generic Explorer Mouse as /devices/platform/i8042/serio1/input/input3
[   10.314650] Segment Routing with IPv6
[   10.320993] initcall inet6_init+0x0/0x35e returned 0 after 694445 usecs
[   10.331827] calling  ah6_init+0x0/0x71 @ 1
[   10.338497] initcall ah6_init+0x0/0x71 returned 0 after 98 usecs
[   10.348353] calling  esp6_init+0x0/0x71 @ 1
[   10.355419] initcall esp6_init+0x0/0x71 returned 0 after 1 usecs
[   10.365237] calling  ip6_tables_init+0x0/0x8d @ 1
[   10.373138] initcall ip6_tables_init+0x0/0x8d returned 0 after 50 usecs
[   10.385080] calling  ip6table_filter_init+0x0/0x4c @ 1
[   10.395068] initcall ip6table_filter_init+0x0/0x4c returned 0 after 551 usecs
[   10.408570] calling  ip6table_mangle_init+0x0/0xb8 @ 1
[   10.416884] initcall ip6table_mangle_init+0x0/0xb8 returned 0 after 230 usecs
[   10.427635] calling  nf_defrag_init+0x0/0x45 @ 1
[   10.435560] initcall nf_defrag_init+0x0/0x45 returned 0 after 143 usecs
[   10.445991] calling  ipv6header_mt6_init+0x0/0xc @ 1
[   10.455391] initcall ipv6header_mt6_init+0x0/0xc returned 0 after 1 usecs
[   10.465372] calling  reject_tg6_init+0x0/0xc @ 1
[   10.472682] initcall reject_tg6_init+0x0/0xc returned 0 after 1 usecs
[   10.483218] calling  sit_init+0x0/0xc3 @ 1
[   10.490226] sit: IPv6, IPv4 and MPLS over IPv4 tunneling driver
[   10.506564] initcall sit_init+0x0/0xc3 returned 0 after 15948 usecs
[   10.518002] calling  packet_init+0x0/0x75 @ 1
[   10.525863] NET: Registered protocol family 17
[   10.532637] initcall packet_init+0x0/0x75 returned 0 after 6611 usecs
[   10.541585] calling  init_rpcsec_gss+0x0/0x60 @ 1
[   10.550233] initcall init_rpcsec_gss+0x0/0x60 returned 0 after 1711 usecs
[   10.559504] calling  init_dns_resolver+0x0/0xca @ 1
[   10.569286] Key type dns_resolver registered
[   10.575176] initcall init_dns_resolver+0x0/0xca returned 0 after 8644 usecs
[   10.585831] calling  pm_check_save_msr+0x0/0x80 @ 1
[   10.594686] initcall pm_check_save_msr+0x0/0x80 returned 0 after 657 usecs
[   10.606016] calling  mcheck_init_device+0x0/0x112 @ 1
[   10.616910] initcall mcheck_init_device+0x0/0x112 returned 0 after 1915 usecs
[   10.634395] calling  mcheck_late_init+0x0/0x58 @ 1
[   10.641944] initcall mcheck_late_init+0x0/0x58 returned 0 after 226 usecs
[   10.654791] calling  severities_debugfs_init+0x0/0x29 @ 1
[   10.663869] initcall severities_debugfs_init+0x0/0x29 returned 0 after 8 usecs
[   10.675010] calling  microcode_init+0x0/0x1bd @ 1
[   10.682589] initcall microcode_init+0x0/0x1bd returned -22 after 165 usecs
[   10.693497] calling  hpet_insert_resource+0x0/0x22 @ 1
[   10.702697] initcall hpet_insert_resource+0x0/0x22 returned 0 after 298 usecs
[   10.714991] calling  start_sync_check_timer+0x0/0x4f @ 1
[   10.723379] initcall start_sync_check_timer+0x0/0x4f returned 0 after 106 usecs
