c[?7l[2J[0mSeaBIOS (version 1.16.0-debian-1.16.0-4)
Booting from ROM...
early console in setup code
c[?7l[2J[    0.000000] Linux version 5.10.154+ (root@joelboxx.c.googlers.com) (gcc (Debian 12.2.0-3) 12.2.0, GNU ld (GNU Binutils for Debian) 2.39) #10 SMP PREEMPT Tue Dec 13 06:25:59 UTC 2022
[    0.000000] Command line: selinux=0 initcall_debug debug console=ttyS0 rcutorture.torture_type=tasks-tracing rcutorture.onoff_interval=1000 rcutorture.onoff_holdoff=30 rcutorture.n_barrier_cbs=4 rcutorture.stat_interval=15 rcutorture.shutdown_secs=1800 rcutorture.test_no_idle_hz=1 rcutorture.verbose=1
[    0.000000] x86/fpu: x87 FPU will use FXSAVE
[    0.000000] BIOS-provided physical RAM map:
[    0.000000] BIOS-e820: [mem 0x0000000000000000-0x000000000009fbff] usable
[    0.000000] BIOS-e820: [mem 0x000000000009fc00-0x000000000009ffff] reserved
[    0.000000] BIOS-e820: [mem 0x00000000000f0000-0x00000000000fffff] reserved
[    0.000000] BIOS-e820: [mem 0x0000000000100000-0x000000001ffdefff] usable
[    0.000000] BIOS-e820: [mem 0x000000001ffdf000-0x000000001fffffff] reserved
[    0.000000] BIOS-e820: [mem 0x00000000b0000000-0x00000000bfffffff] reserved
[    0.000000] BIOS-e820: [mem 0x00000000fed1c000-0x00000000fed1ffff] reserved
[    0.000000] BIOS-e820: [mem 0x00000000feffc000-0x00000000feffffff] reserved
[    0.000000] BIOS-e820: [mem 0x00000000fffc0000-0x00000000ffffffff] reserved
[    0.000000] NX (Execute Disable) protection: active
[    0.000000] SMBIOS 2.8 present.
[    0.000000] DMI: QEMU Standard PC (Q35 + ICH9, 2009), BIOS 1.16.0-debian-1.16.0-4 04/01/2014
[    0.000000] Hypervisor detected: KVM
[    0.000000] kvm-clock: Using msrs 4b564d01 and 4b564d00
[    0.000000] kvm-clock: cpu 0, msr 194b9001, primary cpu clock
[    0.000001] kvm-clock: using sched offset of 1922321832 cycles
[    0.000256] clocksource: kvm-clock: mask: 0xffffffffffffffff max_cycles: 0x1cd42e4dffb, max_idle_ns: 881590591483 ns
[    0.000450] tsc: Detected 1999.999 MHz processor
[    0.010405] e820: update [mem 0x00000000-0x00000fff] usable ==> reserved
[    0.010410] e820: remove [mem 0x000a0000-0x000fffff] usable
[    0.010417] last_pfn = 0x1ffdf max_arch_pfn = 0x400000000
[    0.011301] MTRR default type: write-back
[    0.011410] MTRR fixed ranges enabled:
[    0.011412]   00000-9FFFF write-back
[    0.011413]   A0000-BFFFF uncachable
[    0.011415]   C0000-FFFFF write-protect
[    0.011416] MTRR variable ranges enabled:
[    0.011418]   0 base 00C0000000 mask FFC0000000 uncachable
[    0.011419]   1 disabled
[    0.011420]   2 disabled
[    0.011421]   3 disabled
[    0.011422]   4 disabled
[    0.011423]   5 disabled
[    0.011424]   6 disabled
[    0.011424]   7 disabled
[    0.011896] x86/PAT: Configuration [0-7]: WB  WC  UC- UC  WB  WC  UC- UC  
[    0.021128] found SMP MP-table at [mem 0x000f5ba0-0x000f5baf]
[    0.024346] check: Scanning 1 areas for low memory corruption
[    0.033903] ACPI: Early table checksum verification disabled
[    0.035770] ACPI: RSDP 0x00000000000F59E0 000014 (v00 BOCHS )
[    0.036258] ACPI: RSDT 0x000000001FFE23B1 000038 (v01 BOCHS  BXPC     00000001 BXPC 00000001)
[    0.036595] ACPI: FACP 0x000000001FFE2191 0000F4 (v03 BOCHS  BXPC     00000001 BXPC 00000001)
[    0.036676] ACPI: DSDT 0x000000001FFE0040 002151 (v01 BOCHS  BXPC     00000001 BXPC 00000001)
[    0.036681] ACPI: FACS 0x000000001FFE0000 000040
[    0.036690] ACPI: APIC 0x000000001FFE2285 000090 (v01 BOCHS  BXPC     00000001 BXPC 00000001)
[    0.036695] ACPI: HPET 0x000000001FFE2315 000038 (v01 BOCHS  BXPC     00000001 BXPC 00000001)
[    0.036699] ACPI: MCFG 0x000000001FFE234D 00003C (v01 BOCHS  BXPC     00000001 BXPC 00000001)
[    0.036703] ACPI: WAET 0x000000001FFE2389 000028 (v01 BOCHS  BXPC     00000001 BXPC 00000001)
[    0.036707] ACPI: Reserving FACP table memory at [mem 0x1ffe2191-0x1ffe2284]
[    0.036709] ACPI: Reserving DSDT table memory at [mem 0x1ffe0040-0x1ffe2190]
[    0.036710] ACPI: Reserving FACS table memory at [mem 0x1ffe0000-0x1ffe003f]
[    0.036711] ACPI: Reserving APIC table memory at [mem 0x1ffe2285-0x1ffe2314]
[    0.036712] ACPI: Reserving HPET table memory at [mem 0x1ffe2315-0x1ffe234c]
[    0.036713] ACPI: Reserving MCFG table memory at [mem 0x1ffe234d-0x1ffe2388]
[    0.036715] ACPI: Reserving WAET table memory at [mem 0x1ffe2389-0x1ffe23b0]
[    0.037416] ACPI: Local APIC address 0xfee00000
[    0.042331] No NUMA configuration found
[    0.042333] Faking a node at [mem 0x0000000000000000-0x000000001ffdefff]
[    0.042666] NODE_DATA(0) allocated [mem 0x1ffdb000-0x1ffdefff]
[    0.044562] Zone ranges:
[    0.044648]   DMA      [mem 0x0000000000001000-0x0000000000ffffff]
[    0.044754]   DMA32    [mem 0x0000000001000000-0x000000001ffdefff]
[    0.044756]   Normal   empty
[    0.044757] Movable zone start for each node
[    0.044758] Early memory node ranges
[    0.044760]   node   0: [mem 0x0000000000001000-0x000000000009efff]
[    0.044850]   node   0: [mem 0x0000000000100000-0x000000001ffdefff]
[    0.044928] Initmem setup node 0 [mem 0x0000000000001000-0x000000001ffdefff]
[    0.044930] On node 0 totalpages: 130941
[    0.045082]   DMA zone: 64 pages used for memmap
[    0.045083]   DMA zone: 21 pages reserved
[    0.045164]   DMA zone: 3998 pages, LIFO batch:0
[    0.045165]   DMA32 zone: 1984 pages used for memmap
[    0.045167]   DMA32 zone: 126943 pages, LIFO batch:31
[    0.048443] On node 0, zone DMA: 1 pages in unavailable ranges
[    0.048465] On node 0, zone DMA: 97 pages in unavailable ranges
[    0.103269] On node 0, zone DMA32: 33 pages in unavailable ranges
[    0.106788] ACPI: PM-Timer IO Port: 0x608
[    0.106793] ACPI: Local APIC address 0xfee00000
[    0.106965] ACPI: LAPIC_NMI (acpi_id[0xff] dfl dfl lint[0x1])
[    0.108439] IOAPIC[0]: apic_id 0, version 17, address 0xfec00000, GSI 0-23
[    0.108443] ACPI: INT_SRC_OVR (bus 0 bus_irq 0 global_irq 2 dfl dfl)
[    0.108597] ACPI: INT_SRC_OVR (bus 0 bus_irq 5 global_irq 5 high level)
[    0.108599] ACPI: INT_SRC_OVR (bus 0 bus_irq 9 global_irq 9 high level)
[    0.108763] ACPI: INT_SRC_OVR (bus 0 bus_irq 10 global_irq 10 high level)
[    0.108764] ACPI: INT_SRC_OVR (bus 0 bus_irq 11 global_irq 11 high level)
[    0.108766] ACPI: IRQ0 used by override.
[    0.108767] ACPI: IRQ5 used by override.
[    0.108768] ACPI: IRQ9 used by override.
[    0.108769] ACPI: IRQ10 used by override.
[    0.108770] ACPI: IRQ11 used by override.
[    0.108857] Using ACPI (MADT) for SMP configuration information
[    0.108861] ACPI: HPET id: 0x8086a201 base: 0xfed00000
[    0.109350] smpboot: Allowing 4 CPUs, 0 hotplug CPUs
[    0.111154] PM: hibernation: Registered nosave memory: [mem 0x00000000-0x00000fff]
[    0.111157] PM: hibernation: Registered nosave memory: [mem 0x0009f000-0x0009ffff]
[    0.111158] PM: hibernation: Registered nosave memory: [mem 0x000a0000-0x000effff]
[    0.111159] PM: hibernation: Registered nosave memory: [mem 0x000f0000-0x000fffff]
[    0.111162] [mem 0x20000000-0xafffffff] available for PCI devices
[    0.111245] Booting paravirtualized kernel on KVM
[    0.111948] clocksource: refined-jiffies: mask: 0xffffffff max_cycles: 0xffffffff, max_idle_ns: 1910969940391419 ns
[    0.170029] setup_percpu: NR_CPUS:4 nr_cpumask_bits:4 nr_cpu_ids:4 nr_node_ids:1
[    0.230681] percpu: Embedded 56 pages/cpu s191128 r8192 d30056 u524288
[    0.230840] pcpu-alloc: s191128 r8192 d30056 u524288 alloc=1*2097152
[    0.230970] pcpu-alloc: [0] 0 1 2 3 
[    0.232379] kvm-guest: stealtime: cpu 0, msr 1f41b600
[    0.233939] Built 1 zonelists, mobility grouping on.  Total pages: 128872
[    0.234069] Policy zone: DMA32
[    0.234604] Kernel command line: selinux=0 initcall_debug debug console=ttyS0 rcutorture.torture_type=tasks-tracing rcutorture.onoff_interval=1000 rcutorture.onoff_holdoff=30 rcutorture.n_barrier_cbs=4 rcutorture.stat_interval=15 rcutorture.shutdown_secs=1800 rcutorture.test_no_idle_hz=1 rcutorture.verbose=1
[    0.247603] Dentry cache hash table entries: 65536 (order: 7, 524288 bytes, linear)
[    0.254124] Inode-cache hash table entries: 32768 (order: 6, 262144 bytes, linear)
[    0.255537] mem auto-init: stack:all(zero), heap alloc:off, heap free:off
[    0.328452] Memory: 478632K/523764K available (16397K kernel code, 2542K rwdata, 4700K rodata, 1504K init, 1412K bss, 44872K reserved, 0K cma-reserved)
[    0.330123] SLUB: HWalign=64, Order=0-3, MinObjects=0, CPUs=4, Nodes=1
[    0.331103] Kernel/User page tables isolation: enabled
[    0.344514] rcu: Preemptible hierarchical RCU implementation.
[    0.344519] rcu: 	RCU event tracing is enabled.
[    0.344905] 	Trampoline variant of Tasks RCU enabled.
[    0.344906] 	Rude variant of Tasks RCU enabled.
[    0.344907] 	Tracing variant of Tasks RCU enabled.
[    0.345005] rcu: RCU calculated value of scheduler-enlistment delay is 100 jiffies.
[    0.370396] NR_IRQS: 4352, nr_irqs: 456, preallocated irqs: 16
[    0.373938] calling  con_init+0x0/0x22a @ 0
[    0.573463] Console: colour VGA+ 80x25
[    0.573478] initcall con_init+0x0/0x22a returned 0 after 0 usecs
[    0.573481] calling  hvc_console_init+0x0/0x13 @ 0
[    0.573582] initcall hvc_console_init+0x0/0x13 returned 0 after 0 usecs
[    0.573584] calling  univ8250_console_init+0x0/0x26 @ 0
[    1.527418] printk: console [ttyS0] enabled
[    1.532377] initcall univ8250_console_init+0x0/0x26 returned 0 after 0 usecs
[    1.542010] ACPI: Core revision 20200925
[    1.548778] clocksource: hpet: mask: 0xffffffff max_cycles: 0xffffffff, max_idle_ns: 19112604467 ns
[    1.561285] APIC: Switch to symmetric I/O mode setup
[    1.588572] ..TIMER: vector=0x30 apic1=0 pin1=2 apic2=-1 pin2=-1
[    1.595561] clocksource: tsc-early: mask: 0xffffffffffffffff max_cycles: 0x39a85afc727, max_idle_ns: 881590685098 ns
[    1.607482] Calibrating delay loop (skipped) preset value.. 3999.99 BogoMIPS (lpj=1999999)
[    1.609302] pid_max: default: 32768 minimum: 301
[    1.610622] LSM: Security Framework initializing
[    1.611515] Mount-cache hash table entries: 1024 (order: 1, 8192 bytes, linear)
[    1.612304] Mountpoint-cache hash table entries: 1024 (order: 1, 8192 bytes, linear)
[    1.618802] Last level iTLB entries: 4KB 0, 2MB 0, 4MB 0
[    1.619286] Last level dTLB entries: 4KB 0, 2MB 0, 4MB 0, 1GB 0
[    1.620352] Spectre V1 : Mitigation: usercopy/swapgs barriers and __user pointer sanitization
[    1.621297] Spectre V2 : Mitigation: Retpolines
[    1.622274] Spectre V2 : Spectre v2 / SpectreRSB mitigation: Filling RSB on context switch
[    1.623275] Spectre V2 : Spectre v2 / SpectreRSB : Filling RSB on VMEXIT
[    1.624277] Speculative Store Bypass: Vulnerable
[    1.625338] MDS: Vulnerable: Clear CPU buffers attempted, no microcode
[    1.626275] MMIO Stale Data: Unknown: No mitigations
[    1.668012] Freeing SMP alternatives memory: 40K
[    1.772916] smpboot: CPU0: Intel Common KVM processor (family: 0xf, model: 0x6, stepping: 0x1)
[    1.774813] calling  init_hw_perf_events+0x0/0x6ce @ 1
[    1.775275] Performance Events: unsupported Netburst CPU model 6 no PMU driver, software events only.
[    1.776279] initcall init_hw_perf_events+0x0/0x6ce returned 0 after 976 usecs
[    1.777278] calling  init_real_mode+0x0/0x1e9 @ 1
[    1.780036] initcall init_real_mode+0x0/0x1e9 returned 0 after 976 usecs
[    1.780277] calling  trace_init_perf_perm_irq_work_exit+0x0/0x12 @ 1
[    1.781277] initcall trace_init_perf_perm_irq_work_exit+0x0/0x12 returned 0 after 0 usecs
[    1.782293] calling  validate_x2apic+0x0/0x4a @ 1
[    1.783300] initcall validate_x2apic+0x0/0x4a returned 0 after 0 usecs
[    1.784277] calling  register_nmi_cpu_backtrace_handler+0x0/0x15 @ 1
[    1.785279] initcall register_nmi_cpu_backtrace_handler+0x0/0x15 returned 0 after 0 usecs
[    1.786276] calling  kvm_setup_vsyscall_timeinfo+0x0/0xd1 @ 1
[    1.787276] initcall kvm_setup_vsyscall_timeinfo+0x0/0xd1 returned 0 after 0 usecs
[    1.788289] calling  spawn_ksoftirqd+0x0/0x38 @ 1
[    1.789433] initcall spawn_ksoftirqd+0x0/0x38 returned 0 after 0 usecs
[    1.790276] calling  migration_init+0x0/0x31 @ 1
[    1.791275] initcall migration_init+0x0/0x31 returned 0 after 0 usecs
[    1.792276] calling  srcu_bootup_announce+0x0/0x2f @ 1
[    1.793332] rcu: Hierarchical SRCU implementation.
[    1.795276] initcall srcu_bootup_announce+0x0/0x2f returned 0 after 1953 usecs
[    1.796275] calling  rcu_spawn_gp_kthread+0x0/0x1b0 @ 1
[    1.797368] initcall rcu_spawn_gp_kthread+0x0/0x1b0 returned 0 after 0 usecs
[    1.798275] calling  check_cpu_stall_init+0x0/0x1a @ 1
[    1.799277] initcall check_cpu_stall_init+0x0/0x1a returned 0 after 0 usecs
[    1.800291] calling  rcu_sysrq_init+0x0/0x21 @ 1
[    1.801295] initcall rcu_sysrq_init+0x0/0x21 returned 0 after 0 usecs
[    1.802281] calling  trace_init_flags_sys_enter+0x0/0xe @ 1
[    1.803277] initcall trace_init_flags_sys_enter+0x0/0xe returned 0 after 0 usecs
[    1.804275] calling  trace_init_flags_sys_exit+0x0/0xe @ 1
[    1.805276] initcall trace_init_flags_sys_exit+0x0/0xe returned 0 after 0 usecs
[    1.806275] calling  cpu_stop_init+0x0/0x6e @ 1
[    1.807390] initcall cpu_stop_init+0x0/0x6e returned 0 after 0 usecs
[    1.808275] calling  init_kprobes+0x0/0x165 @ 1
[    1.809486] initcall init_kprobes+0x0/0x165 returned 0 after 0 usecs
[    1.810279] calling  init_events+0x0/0x3d @ 1
[    1.811689] initcall init_events+0x0/0x3d returned 0 after 0 usecs
[    1.812275] calling  init_trace_printk+0x0/0xc @ 1
[    1.814275] initcall init_trace_printk+0x0/0xc returned 0 after 0 usecs
[    1.815278] calling  event_trace_enable_again+0x0/0x23 @ 1
[    1.816278] initcall event_trace_enable_again+0x0/0x23 returned 0 after 0 usecs
[    1.817276] calling  static_call_init+0x0/0x77 @ 1
[    1.818276] initcall static_call_init+0x0/0x77 returned 0 after 0 usecs
[    1.819275] calling  jump_label_init_module+0x0/0xc @ 1
[    1.820276] initcall jump_label_init_module+0x0/0xc returned 0 after 0 usecs
[    1.821309] calling  init_zero_pfn+0x0/0x37 @ 1
[    1.822275] initcall init_zero_pfn+0x0/0x37 returned 0 after 0 usecs
[    1.824275] calling  initialize_ptr_random+0x0/0x54 @ 1
[    1.825278] initcall initialize_ptr_random+0x0/0x54 returned 0 after 0 usecs
[    1.826289] calling  efi_memreserve_root_init+0x0/0x25 @ 1
[    1.827277] initcall efi_memreserve_root_init+0x0/0x25 returned 0 after 0 usecs
[    1.828277] calling  efi_earlycon_remap_fb+0x0/0x51 @ 1
[    1.829276] initcall efi_earlycon_remap_fb+0x0/0x51 returned 0 after 0 usecs
[    1.830851] smp: Bringing up secondary CPUs ...
[    1.832275] x86: Booting SMP configuration:
[    1.833313] .... node  #0, CPUs:      #1
[    1.231553] kvm-clock: cpu 1, msr 194b9041, secondary cpu clock
[    1.857485] kvm-guest: stealtime: cpu 1, msr 1f49b600
[    1.871668]  #2
[    1.231553] kvm-clock: cpu 2, msr 194b9081, secondary cpu clock
[    1.893413] kvm-guest: stealtime: cpu 2, msr 1f51b600
[    1.907998]  #3
[    1.231553] kvm-clock: cpu 3, msr 194b90c1, secondary cpu clock
[    1.930271] kvm-guest: stealtime: cpu 3, msr 1f59b600
[    1.943771] smp: Brought up 1 node, 4 CPUs
[    1.945276] smpboot: Max logical packages: 1
[    1.946275] smpboot: Total of 4 processors activated (15999.99 BogoMIPS)
[    1.958417] devtmpfs: initialized
[    1.959870] calling  ipc_ns_init+0x0/0x3d @ 1
[    1.960283] initcall ipc_ns_init+0x0/0x3d returned 0 after 0 usecs
[    1.961278] calling  init_mmap_min_addr+0x0/0x21 @ 1
[    1.962288] initcall init_mmap_min_addr+0x0/0x21 returned 0 after 0 usecs
[    1.963277] calling  pci_realloc_setup_params+0x0/0x3f @ 1
[    1.964278] initcall pci_realloc_setup_params+0x0/0x3f returned 0 after 0 usecs
[    1.965278] calling  net_ns_init+0x0/0x140 @ 1
[    1.967482] initcall net_ns_init+0x0/0x140 returned 0 after 976 usecs
[    1.968295] calling  e820__register_nvs_regions+0x0/0x37 @ 1
[    1.969277] initcall e820__register_nvs_regions+0x0/0x37 returned 0 after 0 usecs
[    1.970278] calling  cpufreq_register_tsc_scaling+0x0/0x2e @ 1
[    1.971277] initcall cpufreq_register_tsc_scaling+0x0/0x2e returned 0 after 0 usecs
[    1.972280] calling  reboot_init+0x0/0x3c @ 1
[    1.973283] initcall reboot_init+0x0/0x3c returned 0 after 0 usecs
[    1.974280] calling  init_lapic_sysfs+0x0/0x20 @ 1
[    1.975281] initcall init_lapic_sysfs+0x0/0x20 returned 0 after 0 usecs
[    1.976279] calling  alloc_frozen_cpus+0x0/0x7 @ 1
[    1.977277] initcall alloc_frozen_cpus+0x0/0x7 returned 0 after 0 usecs
[    1.978278] calling  cpu_hotplug_pm_sync_init+0x0/0x13 @ 1
[    1.979280] initcall cpu_hotplug_pm_sync_init+0x0/0x13 returned 0 after 0 usecs
[    1.980279] calling  wq_sysfs_init+0x0/0x2a @ 1
[    1.982351] initcall wq_sysfs_init+0x0/0x2a returned 0 after 976 usecs
[    1.983277] calling  ksysfs_init+0x0/0x92 @ 1
[    1.984288] initcall ksysfs_init+0x0/0x92 returned 0 after 0 usecs
[    1.985277] calling  schedutil_gov_init+0x0/0xc @ 1
[    1.986291] initcall schedutil_gov_init+0x0/0xc returned 0 after 0 usecs
[    1.987276] calling  pm_init+0x0/0x76 @ 1
[    1.988333] initcall pm_init+0x0/0x76 returned 0 after 0 usecs
[    1.989276] calling  pm_disk_init+0x0/0x13 @ 1
[    1.990298] initcall pm_disk_init+0x0/0x13 returned 0 after 0 usecs
[    1.991276] calling  swsusp_header_init+0x0/0x2b @ 1
[    1.992280] initcall swsusp_header_init+0x0/0x2b returned 0 after 0 usecs
[    1.993277] calling  rcu_set_runtime_mode+0x0/0x16 @ 1
[    1.994280] initcall rcu_set_runtime_mode+0x0/0x16 returned 0 after 0 usecs
[    1.995278] calling  init_jiffies_clocksource+0x0/0x13 @ 1
[    1.996279] clocksource: jiffies: mask: 0xffffffff max_cycles: 0xffffffff, max_idle_ns: 1911260446275000 ns
[    1.997285] initcall init_jiffies_clocksource+0x0/0x13 returned 0 after 976 usecs
[    1.998283] calling  futex_init+0x0/0xfa @ 1
[    1.999282] futex hash table entries: 1024 (order: 4, 65536 bytes, linear)
[    2.000549] initcall futex_init+0x0/0xfa returned 0 after 976 usecs
[    2.001279] calling  cgroup_wq_init+0x0/0x28 @ 1
[    2.002284] initcall cgroup_wq_init+0x0/0x28 returned 0 after 0 usecs
[    2.003278] calling  cgroup1_wq_init+0x0/0x28 @ 1
[    2.004283] initcall cgroup1_wq_init+0x0/0x28 returned 0 after 0 usecs
[    2.005278] calling  init_kprobe_trace_early+0x0/0x2a @ 1
[    2.006307] initcall init_kprobe_trace_early+0x0/0x2a returned 0 after 0 usecs
[    2.007278] calling  fsnotify_init+0x0/0x48 @ 1
[    2.008288] initcall fsnotify_init+0x0/0x48 returned 0 after 0 usecs
[    2.009276] calling  filelock_init+0x0/0x96 @ 1
[    2.010298] initcall filelock_init+0x0/0x96 returned 0 after 0 usecs
[    2.011329] calling  init_misc_binfmt+0x0/0x2c @ 1
[    2.013294] initcall init_misc_binfmt+0x0/0x2c returned 0 after 0 usecs
[    2.014277] calling  init_script_binfmt+0x0/0x15 @ 1
[    2.015277] initcall init_script_binfmt+0x0/0x15 returned 0 after 0 usecs
[    2.016276] calling  init_elf_binfmt+0x0/0x15 @ 1
[    2.017289] initcall init_elf_binfmt+0x0/0x15 returned 0 after 0 usecs
[    2.018276] calling  init_compat_elf_binfmt+0x0/0x15 @ 1
[    2.019276] initcall init_compat_elf_binfmt+0x0/0x15 returned 0 after 0 usecs
[    2.020278] calling  debugfs_init+0x0/0x5c @ 1
[    2.021282] initcall debugfs_init+0x0/0x5c returned 0 after 0 usecs
[    2.022275] calling  tracefs_init+0x0/0x3a @ 1
[    2.023298] initcall tracefs_init+0x0/0x3a returned 0 after 0 usecs
[    2.024277] calling  prandom_init_early+0x0/0x15d @ 1
[    2.025278] initcall prandom_init_early+0x0/0x15d returned 0 after 0 usecs
[    2.027310] calling  virtio_init+0x0/0x20 @ 1
[    2.028335] initcall virtio_init+0x0/0x20 returned 0 after 0 usecs
[    2.029278] calling  iommu_init+0x0/0x2a @ 1
[    2.030319] initcall iommu_init+0x0/0x2a returned 0 after 0 usecs
[    2.031277] calling  component_debug_init+0x0/0x1c @ 1
[    2.032353] initcall component_debug_init+0x0/0x1c returned 0 after 0 usecs
[    2.033279] calling  early_resume_init+0x0/0xb9 @ 1
[    2.034896] PM: RTC time: 06:38:13, date: 2022-12-13
[    2.035278] initcall early_resume_init+0x0/0xb9 returned 0 after 976 usecs
[    2.036278] calling  cpufreq_core_init+0x0/0x62 @ 1
[    2.037298] initcall cpufreq_core_init+0x0/0x62 returned 0 after 0 usecs
[    2.038279] calling  cpufreq_gov_performance_init+0x0/0xc @ 1
[    2.039277] initcall cpufreq_gov_performance_init+0x0/0xc returned 0 after 0 usecs
[    2.040276] calling  cpufreq_gov_userspace_init+0x0/0xc @ 1
[    2.041276] initcall cpufreq_gov_userspace_init+0x0/0xc returned 0 after 0 usecs
[    2.042276] calling  CPU_FREQ_GOV_ONDEMAND_init+0x0/0xc @ 1
[    2.043290] initcall CPU_FREQ_GOV_ONDEMAND_init+0x0/0xc returned 0 after 0 usecs
[    2.044276] calling  cpuidle_init+0x0/0x1f @ 1
[    2.045293] initcall cpuidle_init+0x0/0x1f returned 0 after 0 usecs
[    2.046276] calling  capsule_reboot_register+0x0/0xc @ 1
[    2.047291] initcall capsule_reboot_register+0x0/0xc returned 0 after 0 usecs
[    2.048276] calling  sock_init+0x0/0x93 @ 1
[    2.050443] initcall sock_init+0x0/0x93 returned 0 after 976 usecs
[    2.051277] calling  net_inuse_init+0x0/0x23 @ 1
[    2.052279] initcall net_inuse_init+0x0/0x23 returned 0 after 0 usecs
[    2.053276] calling  net_defaults_init+0x0/0x23 @ 1
[    2.054276] initcall net_defaults_init+0x0/0x23 returned 0 after 0 usecs
[    2.055276] calling  init_default_flow_dissectors+0x0/0x4f @ 1
[    2.056276] initcall init_default_flow_dissectors+0x0/0x4f returned 0 after 0 usecs
[    2.057276] calling  netpoll_init+0x0/0x26 @ 1
[    2.058293] initcall netpoll_init+0x0/0x26 returned 0 after 0 usecs
[    2.059276] calling  netlink_proto_init+0x0/0x14f @ 1
[    2.060511] NET: Registered protocol family 16
[    2.061291] initcall netlink_proto_init+0x0/0x14f returned 0 after 976 usecs
[    2.062275] calling  genl_init+0x0/0x35 @ 1
[    2.063304] initcall genl_init+0x0/0x35 returned 0 after 0 usecs
[    2.064315] calling  bsp_pm_check_init+0x0/0x13 @ 1
[    2.065277] initcall bsp_pm_check_init+0x0/0x13 returned 0 after 0 usecs
[    2.066295] calling  irq_sysfs_init+0x0/0xb7 @ 1
[    2.067420] initcall irq_sysfs_init+0x0/0xb7 returned 0 after 0 usecs
[    2.068278] calling  audit_init+0x0/0x160 @ 1
[    2.069278] audit: initializing netlink subsys (disabled)
[    2.071674] initcall audit_init+0x0/0x160 returned 0 after 1953 usecs
[    2.071536] audit: type=2000 audit(1670913492.327:1): state=initialized audit_enabled=0 res=1
[    2.072280] calling  release_early_probes+0x0/0x32 @ 1
[    2.072284] initcall release_early_probes+0x0/0x32 returned 0 after 0 usecs
[    2.072288] calling  bdi_class_init+0x0/0x48 @ 1
[    2.077323] initcall bdi_class_init+0x0/0x48 returned 0 after 976 usecs
[    2.078276] calling  mm_sysfs_init+0x0/0x28 @ 1
[    2.079282] initcall mm_sysfs_init+0x0/0x28 returned 0 after 0 usecs
[    2.080276] calling  init_per_zone_wmark_min+0x0/0x6d @ 1
[    2.081280] initcall init_per_zone_wmark_min+0x0/0x6d returned 0 after 0 usecs
[    2.082277] calling  mpi_init+0x0/0x3e @ 1
[    2.083276] initcall mpi_init+0x0/0x3e returned 0 after 0 usecs
[    2.084275] calling  kobject_uevent_init+0x0/0xc @ 1
[    2.085284] initcall kobject_uevent_init+0x0/0xc returned 0 after 0 usecs
[    2.086275] calling  pcibus_class_init+0x0/0x13 @ 1
[    2.087298] initcall pcibus_class_init+0x0/0x13 returned 0 after 0 usecs
[    2.088281] calling  pci_driver_init+0x0/0x21 @ 1
[    2.089336] initcall pci_driver_init+0x0/0x21 returned 0 after 0 usecs
[    2.090278] calling  backlight_class_init+0x0/0xa8 @ 1
[    2.091323] initcall backlight_class_init+0x0/0xa8 returned 0 after 0 usecs
[    2.092278] calling  tty_class_init+0x0/0x33 @ 1
[    2.093286] initcall tty_class_init+0x0/0x33 returned 0 after 0 usecs
[    2.094276] calling  vtconsole_class_init+0x0/0xb5 @ 1
[    2.095472] initcall vtconsole_class_init+0x0/0xb5 returned 0 after 0 usecs
[    2.096279] calling  iommu_dev_init+0x0/0x13 @ 1
[    2.097330] initcall iommu_dev_init+0x0/0x13 returned 0 after 0 usecs
[    2.098277] calling  mipi_dsi_bus_init+0x0/0xc @ 1
[    2.099321] initcall mipi_dsi_bus_init+0x0/0xc returned 0 after 0 usecs
[    2.100277] calling  devlink_class_init+0x0/0x40 @ 1
[    2.101288] initcall devlink_class_init+0x0/0x40 returned 0 after 0 usecs
[    2.102278] calling  software_node_init+0x0/0x2a @ 1
[    2.103282] initcall software_node_init+0x0/0x2a returned 0 after 0 usecs
[    2.104277] calling  wakeup_sources_debugfs_init+0x0/0x23 @ 1
[    2.105310] initcall wakeup_sources_debugfs_init+0x0/0x23 returned 0 after 0 usecs
[    2.106277] calling  wakeup_sources_sysfs_init+0x0/0x2c @ 1
[    2.108281] initcall wakeup_sources_sysfs_init+0x0/0x2c returned 0 after 976 usecs
[    2.109278] calling  register_node_type+0x0/0x13 @ 1
[    2.110350] initcall register_node_type+0x0/0x13 returned 0 after 0 usecs
[    2.112277] calling  regmap_initcall+0x0/0xc @ 1
[    2.113311] initcall regmap_initcall+0x0/0xc returned 0 after 0 usecs
[    2.114278] calling  i2c_init+0x0/0xb3 @ 1
[    2.115386] initcall i2c_init+0x0/0xb3 returned 0 after 0 usecs
[    2.116278] calling  thermal_init+0x0/0xf2 @ 1
[    2.117309] thermal_sys: Registered thermal governor 'step_wise'
[    2.117310] thermal_sys: Registered thermal governor 'user_space'
[    2.118291] initcall thermal_init+0x0/0xf2 returned 0 after 976 usecs
[    2.120278] calling  init_menu+0x0/0xc @ 1
[    2.122418] cpuidle: using governor menu
[    2.127283] initcall init_menu+0x0/0xc returned 0 after 5859 usecs
[    2.135281] calling  pcc_init+0x0/0x4d @ 1
[    2.140282] initcall pcc_init+0x0/0x4d returned -19 after 0 usecs
[    2.147281] calling  amd_postcore_init+0x0/0x11e @ 1
[    2.153279] initcall amd_postcore_init+0x0/0x11e returned 0 after 0 usecs
[    2.162298] calling  bts_init+0x0/0xba @ 1
[    2.167278] initcall bts_init+0x0/0xba returned -19 after 0 usecs
[    2.175278] calling  pt_init+0x0/0x341 @ 1
[    2.180278] initcall pt_init+0x0/0x341 returned -19 after 0 usecs
[    2.188278] calling  boot_params_ksysfs_init+0x0/0x2ee @ 1
[    2.195357] initcall boot_params_ksysfs_init+0x0/0x2ee returned 0 after 0 usecs
[    2.204278] calling  sbf_init+0x0/0xea @ 1
[    2.209278] initcall sbf_init+0x0/0xea returned 0 after 0 usecs
[    2.216277] calling  arch_kdebugfs_init+0x0/0x219 @ 1
[    2.223554] initcall arch_kdebugfs_init+0x0/0x219 returned 0 after 0 usecs
[    2.231279] calling  intel_pconfig_init+0x0/0x85 @ 1
[    2.237278] initcall intel_pconfig_init+0x0/0x85 returned 0 after 0 usecs
[    2.245279] calling  mtrr_if_init+0x0/0x5d @ 1
[    2.251327] initcall mtrr_if_init+0x0/0x5d returned 0 after 0 usecs
[    2.259278] calling  activate_jump_labels+0x0/0x31 @ 1
[    2.265279] initcall activate_jump_labels+0x0/0x31 returned 0 after 0 usecs
[    2.274277] calling  ffh_cstate_init+0x0/0x29 @ 1
[    2.279282] initcall ffh_cstate_init+0x0/0x29 returned 0 after 0 usecs
[    2.289285] calling  activate_jump_labels+0x0/0x31 @ 1
[    2.296545] initcall activate_jump_labels+0x0/0x31 returned 0 after 976 usecs
[    2.305284] calling  kvm_alloc_cpumask+0x0/0x74 @ 1
[    2.311334] initcall kvm_alloc_cpumask+0x0/0x74 returned 0 after 0 usecs
[    2.319279] calling  kcmp_cookies_init+0x0/0x37 @ 1
[    2.325283] initcall kcmp_cookies_init+0x0/0x37 returned 0 after 0 usecs
[    2.333278] calling  cryptomgr_init+0x0/0xc @ 1
[    2.339420] initcall cryptomgr_init+0x0/0xc returned 0 after 0 usecs
[    2.347278] calling  acpi_pci_init+0x0/0x57 @ 1
[    2.352276] ACPI: bus type PCI registered
[    2.357279] initcall acpi_pci_init+0x0/0x57 returned 0 after 4882 usecs
[    2.366280] calling  dma_channel_table_init+0x0/0xd1 @ 1
[    2.372287] initcall dma_channel_table_init+0x0/0xd1 returned 0 after 0 usecs
[    2.381303] calling  dma_bus_init+0x0/0xdc @ 1
[    2.387478] initcall dma_bus_init+0x0/0xdc returned 0 after 976 usecs
[    2.396281] calling  iommu_dma_init+0x0/0x10 @ 1
[    2.403287] initcall iommu_dma_init+0x0/0x10 returned 0 after 0 usecs
[    2.413280] calling  dmi_id_init+0x0/0x37c @ 1
[    2.419506] initcall dmi_id_init+0x0/0x37c returned 0 after 0 usecs
[    2.427279] calling  pci_arch_init+0x0/0x71 @ 1
[    2.433329] PCI: MMCONFIG for domain 0000 [bus 00-ff] at [mem 0xb0000000-0xbfffffff] (base 0xb0000000)
[    2.444281] PCI: MMCONFIG at [mem 0xb0000000-0xbfffffff] reserved in E820
[    2.452297] PCI: Using configuration type 1 for base access
[    2.459282] initcall pci_arch_init+0x0/0x71 returned 0 after 26367 usecs
[    2.467299] calling  init_vdso+0x0/0x13 @ 1
[    2.472304] initcall init_vdso+0x0/0x13 returned 0 after 0 usecs
[    2.479276] calling  sysenter_setup+0x0/0x13 @ 1
[    2.484325] initcall sysenter_setup+0x0/0x13 returned 0 after 0 usecs
[    2.492276] calling  fixup_ht_bug+0x0/0xe5 @ 1
[    2.497276] initcall fixup_ht_bug+0x0/0xe5 returned 0 after 0 usecs
[    2.505278] calling  topology_init+0x0/0x88 @ 1
[    2.511302] initcall topology_init+0x0/0x88 returned 0 after 0 usecs
[    2.519278] calling  intel_epb_init+0x0/0x68 @ 1
[    2.525279] initcall intel_epb_init+0x0/0x68 returned -19 after 0 usecs
[    2.533279] calling  mtrr_init_finialize+0x0/0x3e @ 1
[    2.539279] initcall mtrr_init_finialize+0x0/0x3e returned 0 after 0 usecs
[    2.547278] calling  uid_cache_init+0x0/0x85 @ 1
[    2.553284] initcall uid_cache_init+0x0/0x85 returned 0 after 0 usecs
[    2.559278] calling  param_sysfs_init+0x0/0x1ba @ 1
[    2.576668] initcall param_sysfs_init+0x0/0x1ba returned 0 after 10742 usecs
[    2.585278] calling  user_namespace_sysctl_init+0x0/0x33 @ 1
[    2.592399] initcall user_namespace_sysctl_init+0x0/0x33 returned 0 after 0 usecs
[    2.602278] calling  proc_schedstat_init+0x0/0x24 @ 1
[    2.608284] initcall proc_schedstat_init+0x0/0x24 returned 0 after 0 usecs
[    2.617282] calling  pm_sysrq_init+0x0/0x18 @ 1
[    2.623450] initcall pm_sysrq_init+0x0/0x18 returned 0 after 0 usecs
[    2.631532] calling  create_proc_profile+0x0/0xd0 @ 1
[    2.638279] initcall create_proc_profile+0x0/0xd0 returned 0 after 0 usecs
[    2.647280] calling  time_ns_init+0x0/0x7 @ 1
[    2.652279] initcall time_ns_init+0x0/0x7 returned 0 after 0 usecs
[    2.659279] calling  crash_save_vmcoreinfo_init+0x0/0x722 @ 1
[    2.667801] initcall crash_save_vmcoreinfo_init+0x0/0x722 returned 0 after 976 usecs
[    2.677279] calling  crash_notes_memory_init+0x0/0x35 @ 1
[    2.684284] initcall crash_notes_memory_init+0x0/0x35 returned 0 after 0 usecs
[    2.692278] calling  cgroup_sysfs_init+0x0/0x13 @ 1
[    2.698402] initcall cgroup_sysfs_init+0x0/0x13 returned 0 after 0 usecs
[    2.707283] calling  cgroup_namespaces_init+0x0/0x7 @ 1
[    2.713280] initcall cgroup_namespaces_init+0x0/0x7 returned 0 after 0 usecs
[    2.723282] calling  init_optprobes+0x0/0x13 @ 1
[    2.729294] Kprobes globally optimized
[    2.733278] initcall init_optprobes+0x0/0x13 returned 0 after 3906 usecs
[    2.741277] calling  oom_init+0x0/0x2f @ 1
[    2.747705] initcall oom_init+0x0/0x2f returned 0 after 976 usecs
[    2.755278] calling  default_bdi_init+0x0/0xb3 @ 1
[    2.762648] initcall default_bdi_init+0x0/0xb3 returned 0 after 976 usecs
[    2.770277] calling  percpu_enable_async+0x0/0xe @ 1
[    2.776276] initcall percpu_enable_async+0x0/0xe returned 0 after 0 usecs
[    2.784277] calling  kcompactd_init+0x0/0x8d @ 1
[    2.791278] initcall kcompactd_init+0x0/0x8d returned 0 after 976 usecs
[    2.801279] calling  init_user_reserve+0x0/0x40 @ 1
[    2.806278] initcall init_user_reserve+0x0/0x40 returned 0 after 0 usecs
[    2.815280] calling  init_admin_reserve+0x0/0x40 @ 1
[    2.822280] initcall init_admin_reserve+0x0/0x40 returned 0 after 0 usecs
[    2.832284] calling  init_reserve_notifier+0x0/0x7 @ 1
[    2.840281] initcall init_reserve_notifier+0x0/0x7 returned 0 after 0 usecs
[    2.849280] calling  swap_init_sysfs+0x0/0x62 @ 1
[    2.855285] initcall swap_init_sysfs+0x0/0x62 returned 0 after 0 usecs
[    2.862276] calling  swapfile_init+0x0/0x94 @ 1
[    2.868277] initcall swapfile_init+0x0/0x94 returned 0 after 0 usecs
[    2.876279] calling  hugetlb_init+0x0/0x499 @ 1
[    2.881278] HugeTLB registered 2.00 MiB page size, pre-allocated 0 pages
[    2.889338] initcall hugetlb_init+0x0/0x499 returned 0 after 7812 usecs
[    2.897277] calling  io_wq_init+0x0/0x34 @ 1
[    2.902278] initcall io_wq_init+0x0/0x34 returned 0 after 0 usecs
[    2.910277] calling  seqiv_module_init+0x0/0xc @ 1
[    2.916278] initcall seqiv_module_init+0x0/0xc returned 0 after 0 usecs
[    2.924277] calling  echainiv_module_init+0x0/0xc @ 1
[    2.930301] initcall echainiv_module_init+0x0/0xc returned 0 after 0 usecs
[    2.939277] calling  rsa_init+0x0/0x50 @ 1
[    2.945534] cryptomgr_test (39) used greatest stack depth: 15504 bytes left
[    2.946282] initcall rsa_init+0x0/0x50 returned 0 after 1953 usecs
[    2.964278] calling  crypto_cmac_module_init+0x0/0xc @ 1
[    2.971277] initcall crypto_cmac_module_init+0x0/0xc returned 0 after 0 usecs
[    2.980277] calling  hmac_module_init+0x0/0xc @ 1
[    2.986277] initcall hmac_module_init+0x0/0xc returned 0 after 0 usecs
[    2.994277] calling  crypto_null_mod_init+0x0/0x65 @ 1
[    3.007614] initcall crypto_null_mod_init+0x0/0x65 returned 0 after 6835 usecs
[    3.008278] calling  md5_mod_init+0x0/0xc @ 1
[    3.010557] initcall md5_mod_init+0x0/0xc returned 0 after 976 usecs
[    3.011278] calling  sha256_generic_mod_init+0x0/0x11 @ 1
[    3.015449] initcall sha256_generic_mod_init+0x0/0x11 returned 0 after 2929 usecs
[    3.016282] calling  crypto_cbc_module_init+0x0/0xc @ 1
[    3.017280] initcall crypto_cbc_module_init+0x0/0xc returned 0 after 0 usecs
[    3.018279] calling  crypto_ctr_module_init+0x0/0x11 @ 1
[    3.019278] initcall crypto_ctr_module_init+0x0/0x11 returned 0 after 0 usecs
[    3.020276] calling  crypto_gcm_module_init+0x0/0x64 @ 1
[    3.021296] initcall crypto_gcm_module_init+0x0/0x64 returned 0 after 0 usecs
[    3.022277] calling  crypto_ccm_module_init+0x0/0x11 @ 1
[    3.023280] initcall crypto_ccm_module_init+0x0/0x11 returned 0 after 0 usecs
[    3.024279] calling  aes_init+0x0/0xc @ 1
[    3.026640] initcall aes_init+0x0/0xc returned 0 after 976 usecs
[    3.027278] calling  crc32c_mod_init+0x0/0xc @ 1
[    3.029526] initcall crc32c_mod_init+0x0/0xc returned 0 after 976 usecs
[    3.030279] calling  crypto_authenc_module_init+0x0/0xc @ 1
[    3.031278] initcall crypto_authenc_module_init+0x0/0xc returned 0 after 0 usecs
[    3.032277] calling  crypto_authenc_esn_module_init+0x0/0xc @ 1
[    3.033277] initcall crypto_authenc_esn_module_init+0x0/0xc returned 0 after 0 usecs
[    3.034277] calling  drbg_init+0x0/0x7c @ 1
[    3.044630] initcall drbg_init+0x0/0x7c returned 0 after 8789 usecs
[    3.045280] calling  ghash_mod_init+0x0/0xc @ 1
[    3.047593] initcall ghash_mod_init+0x0/0xc returned 0 after 976 usecs
[    3.048278] calling  init_bio+0x0/0x9a @ 1
[    3.049408] initcall init_bio+0x0/0x9a returned 0 after 0 usecs
[    3.050276] calling  blk_settings_init+0x0/0x29 @ 1
[    3.051276] initcall blk_settings_init+0x0/0x29 returned 0 after 0 usecs
[    3.052276] calling  blk_ioc_init+0x0/0x29 @ 1
[    3.053295] initcall blk_ioc_init+0x0/0x29 returned 0 after 0 usecs
[    3.054275] calling  blk_mq_init+0x0/0xb9 @ 1
[    3.055276] initcall blk_mq_init+0x0/0xb9 returned 0 after 0 usecs
[    3.056275] calling  genhd_device_init+0x0/0x75 @ 1
[    3.058703] initcall genhd_device_init+0x0/0x75 returned 0 after 976 usecs
[    3.059280] calling  pci_slot_init+0x0/0x40 @ 1
[    3.060281] initcall pci_slot_init+0x0/0x40 returned 0 after 0 usecs
[    3.061277] calling  fbmem_init+0x0/0xd8 @ 1
[    3.062328] initcall fbmem_init+0x0/0xd8 returned 0 after 0 usecs
[    3.063277] calling  acpi_init+0x0/0x319 @ 1
[    3.064351] ACPI: Added _OSI(Module Device)
[    3.065275] ACPI: Added _OSI(Processor Device)
[    3.066274] ACPI: Added _OSI(3.0 _SCP Extensions)
[    3.067275] ACPI: Added _OSI(Processor Aggregator Device)
[    3.068275] ACPI: Added _OSI(Linux-Dell-Video)
[    3.069275] ACPI: Added _OSI(Linux-Lenovo-NV-HDMI-Audio)
[    3.070276] ACPI: Added _OSI(Linux-HPI-Hybrid-Graphics)
[    3.073105] ACPI: 1 ACPI AML tables successfully acquired and loaded
[    3.079128] ACPI: Interpreter enabled
[    3.079291] ACPI: (supports S0 S3 S4 S5)
[    3.080277] ACPI: Using IOAPIC for interrupt routing
[    3.081351] PCI: Using host bridge windows from ACPI; if necessary, use "pci=nocrs" and report a bug
[    3.082650] ACPI: Enabled 2 GPEs in block 00 to 3F
[    3.090339] ACPI: PCI Root Bridge [PCI0] (domain 0000 [bus 00-ff])
[    3.092276] acpi PNP0A08:00: _OSC: OS supports [ExtendedConfig ASPM ClockPM Segments MSI HPX-Type3]
[    3.093360] acpi PNP0A08:00: _OSC: platform does not support [LTR]
[    3.094440] acpi PNP0A08:00: _OSC: OS now controls [PME PCIeCapability]
[    3.095467] PCI host bridge to bus 0000:00
[    3.096643] pci_bus 0000:00: root bus resource [io  0x0000-0x0cf7 window]
[    3.097278] pci_bus 0000:00: root bus resource [io  0x0d00-0xffff window]
[    3.098277] pci_bus 0000:00: root bus resource [mem 0x000a0000-0x000bffff window]
[    3.099277] pci_bus 0000:00: root bus resource [mem 0x20000000-0xafffffff window]
[    3.100277] pci_bus 0000:00: root bus resource [mem 0xc0000000-0xfebfffff window]
[    3.101277] pci_bus 0000:00: root bus resource [mem 0x100000000-0x8ffffffff window]
[    3.102277] pci_bus 0000:00: root bus resource [bus 00-ff]
[    3.104350] pci 0000:00:00.0: calling  quirk_mmio_always_on+0x0/0x10 @ 1
[    3.105394] pci 0000:00:00.0: quirk_mmio_always_on+0x0/0x10 took 0 usecs
[    3.106277] pci 0000:00:00.0: [8086:29c0] type 00 class 0x060000
[    3.111500] pci 0000:00:00.0: calling  quirk_igfx_skip_te_disable+0x0/0x80 @ 1
[    3.112283] pci 0000:00:00.0: quirk_igfx_skip_te_disable+0x0/0x80 took 0 usecs
[    3.115777] pci 0000:00:01.0: [1234:1111] type 00 class 0x030000
[    3.128270] pci 0000:00:01.0: reg 0x10: [mem 0xfd000000-0xfdffffff pref]
[    3.143138] pci 0000:00:01.0: reg 0x18: [mem 0xfebf0000-0xfebf0fff]
[    3.161857] pci 0000:00:01.0: reg 0x30: [mem 0xfebe0000-0xfebeffff pref]
[    3.164890] pci 0000:00:01.0: calling  efifb_fixup_resources+0x0/0xf0 @ 1
[    3.165313] pci 0000:00:01.0: efifb_fixup_resources+0x0/0xf0 took 0 usecs
[    3.174902] pci 0000:00:1f.0: [8086:2918] type 00 class 0x060100
[    3.181903] pci 0000:00:1f.0: calling  quirk_ich7_lpc+0x0/0x60 @ 1
[    3.183584] pci 0000:00:1f.0: quirk: [io  0x0600-0x067f] claimed by ICH6 ACPI/GPIO/TCO
[    3.184802] pci 0000:00:1f.0: quirk_ich7_lpc+0x0/0x60 took 976 usecs
[    3.185283] pci 0000:00:1f.0: calling  quirk_igfx_skip_te_disable+0x0/0x80 @ 1
[    3.186314] pci 0000:00:1f.0: quirk_igfx_skip_te_disable+0x0/0x80 took 0 usecs
[    3.190277] pci 0000:00:1f.2: [8086:2922] type 00 class 0x010601
[    3.202278] pci 0000:00:1f.2: reg 0x20: [io  0xc040-0xc05f]
[    3.204603] pci 0000:00:1f.2: reg 0x24: [mem 0xfebf1000-0xfebf1fff]
[    3.207373] pci 0000:00:1f.2: calling  quirk_igfx_skip_te_disable+0x0/0x80 @ 1
[    3.208280] pci 0000:00:1f.2: quirk_igfx_skip_te_disable+0x0/0x80 took 0 usecs
[    3.213532] pci 0000:00:1f.3: [8086:2930] type 00 class 0x0c0500
[    3.220745] pci 0000:00:1f.3: reg 0x20: [io  0x0700-0x073f]
[    3.224026] pci 0000:00:1f.3: calling  quirk_igfx_skip_te_disable+0x0/0x80 @ 1
[    3.224279] pci 0000:00:1f.3: quirk_igfx_skip_te_disable+0x0/0x80 took 0 usecs
[    3.230300] ACPI: PCI Interrupt Link [LNKA] (IRQs 5 *10 11)
[    3.231859] ACPI: PCI Interrupt Link [LNKB] (IRQs 5 *10 11)
[    3.232743] ACPI: PCI Interrupt Link [LNKC] (IRQs 5 10 *11)
[    3.233743] ACPI: PCI Interrupt Link [LNKD] (IRQs 5 10 *11)
[    3.234676] ACPI: PCI Interrupt Link [LNKE] (IRQs 5 *10 11)
[    3.236402] ACPI: PCI Interrupt Link [LNKF] (IRQs 5 *10 11)
[    3.237746] ACPI: PCI Interrupt Link [LNKG] (IRQs 5 10 *11)
[    3.239499] ACPI: PCI Interrupt Link [LNKH] (IRQs 5 10 *11)
[    3.240602] ACPI: PCI Interrupt Link [GSIA] (IRQs *16)
[    3.241295] ACPI: PCI Interrupt Link [GSIB] (IRQs *17)
[    3.242320] ACPI: PCI Interrupt Link [GSIC] (IRQs *18)
[    3.243300] ACPI: PCI Interrupt Link [GSID] (IRQs *19)
[    3.244472] ACPI: PCI Interrupt Link [GSIE] (IRQs *20)
[    3.245302] ACPI: PCI Interrupt Link [GSIF] (IRQs *21)
[    3.246655] ACPI: PCI Interrupt Link [GSIG] (IRQs *22)
[    3.247293] ACPI: PCI Interrupt Link [GSIH] (IRQs *23)
[    3.251722] initcall acpi_init+0x0/0x319 returned 0 after 182617 usecs
[    3.253346] calling  pnp_init+0x0/0xc @ 1
[    3.254348] initcall pnp_init+0x0/0xc returned 0 after 0 usecs
[    3.255278] calling  misc_init+0x0/0xbf @ 1
[    3.256726] initcall misc_init+0x0/0xbf returned 0 after 0 usecs
[    3.257279] calling  iommu_subsys_init+0x0/0x4e @ 1
[    3.258491] iommu: Default domain type: Translated 
[    3.259280] initcall iommu_subsys_init+0x0/0x4e returned 0 after 976 usecs
[    3.260281] calling  vga_arb_device_init+0x0/0x261 @ 1
[    3.263476] pci 0000:00:01.0: vgaarb: setting as boot VGA device
[    3.264270] pci 0000:00:01.0: vgaarb: VGA device added: decodes=io+mem,owns=io+mem,locks=none
[    3.264280] pci 0000:00:01.0: vgaarb: bridge control possible
[    3.265276] vgaarb: loaded
[    3.266280] initcall vga_arb_device_init+0x0/0x261 returned 0 after 4882 usecs
[    3.267279] calling  cn_init+0x0/0xf0 @ 1
[    3.270045] initcall cn_init+0x0/0xf0 returned 0 after 976 usecs
[    3.271284] calling  dma_buf_init+0x0/0xad @ 1
[    3.273427] initcall dma_buf_init+0x0/0xad returned 0 after 976 usecs
[    3.274279] calling  init_scsi+0x0/0x79 @ 1
[    3.276874] SCSI subsystem initialized
[    3.277279] initcall init_scsi+0x0/0x79 returned 0 after 1953 usecs
[    3.278280] calling  ata_init+0x0/0x332 @ 1
[    3.298422] libata version 3.00 loaded.
[    3.299283] initcall ata_init+0x0/0x332 returned 0 after 19531 usecs
[    3.300280] calling  phy_init+0x0/0x250 @ 1
[    3.303652] initcall phy_init+0x0/0x250 returned 0 after 1953 usecs
[    3.305373] calling  init_pcmcia_cs+0x0/0x35 @ 1
[    3.306599] initcall init_pcmcia_cs+0x0/0x35 returned 0 after 0 usecs
[    3.307278] calling  usb_common_init+0x0/0x1c @ 1
[    3.309586] initcall usb_common_init+0x0/0x1c returned 0 after 976 usecs
[    3.310279] calling  usb_init+0x0/0x12e @ 1
[    3.311423] ACPI: bus type USB registered
[    3.312691] usbcore: registered new interface driver usbfs
[    3.313805] usbcore: registered new interface driver hub
[    3.314298] usbcore: registered new device driver usb
[    3.315281] initcall usb_init+0x0/0x12e returned 0 after 3906 usecs
[    3.316280] calling  serio_init+0x0/0x29 @ 1
[    3.317566] initcall serio_init+0x0/0x29 returned 0 after 0 usecs
[    3.318280] calling  input_init+0x0/0xf6 @ 1
[    3.320282] initcall input_init+0x0/0xf6 returned 0 after 976 usecs
[    3.321279] calling  rtc_init+0x0/0x4d @ 1
[    3.322437] initcall rtc_init+0x0/0x4d returned 0 after 0 usecs
[    3.323446] calling  pps_init+0x0/0xa9 @ 1
[    3.324500] pps_core: LinuxPPS API ver. 1 registered
[    3.325275] pps_core: Software ver. 5.3.6 - Copyright 2005-2007 Rodolfo Giometti <giometti@linux.it>
[    3.326281] initcall pps_init+0x0/0xa9 returned 0 after 1953 usecs
[    3.327280] calling  ptp_init+0x0/0x98 @ 1
[    3.328315] PTP clock support registered
[    3.329280] initcall ptp_init+0x0/0x98 returned 0 after 976 usecs
[    3.330280] calling  power_supply_class_init+0x0/0x3f @ 1
[    3.331562] initcall power_supply_class_init+0x0/0x3f returned 0 after 0 usecs
[    3.332278] calling  hwmon_init+0x0/0x104 @ 1
[    3.333305] initcall hwmon_init+0x0/0x104 returned 0 after 0 usecs
[    3.334276] calling  md_init+0x0/0x16b @ 1
[    3.337377] initcall md_init+0x0/0x16b returned 0 after 1953 usecs
[    3.338294] calling  leds_init+0x0/0x3b @ 1
[    3.339347] initcall leds_init+0x0/0x3b returned 0 after 0 usecs
[    3.340276] calling  dmi_init+0x0/0x113 @ 1
[    3.342312] initcall dmi_init+0x0/0x113 returned 0 after 976 usecs
[    3.343277] calling  efisubsys_init+0x0/0x4e7 @ 1
[    3.344301] initcall efisubsys_init+0x0/0x4e7 returned 0 after 0 usecs
[    3.345277] calling  nvmem_init+0x0/0xc @ 1
[    3.346385] initcall nvmem_init+0x0/0xc returned 0 after 0 usecs
[    3.347276] calling  init_soundcore+0x0/0x33 @ 1
[    3.348298] initcall init_soundcore+0x0/0x33 returned 0 after 0 usecs
[    3.349276] calling  alsa_sound_init+0x0/0x8f @ 1
[    3.350397] Advanced Linux Sound Architecture Driver Initialized.
[    3.351276] initcall alsa_sound_init+0x0/0x8f returned 0 after 976 usecs
[    3.352275] calling  alsa_seq_device_init+0x0/0x71 @ 1
[    3.353357] initcall alsa_seq_device_init+0x0/0x71 returned 0 after 0 usecs
[    3.354276] calling  hda_bus_init+0x0/0xc @ 1
[    3.355304] initcall hda_bus_init+0x0/0xc returned 0 after 0 usecs
[    3.356275] calling  proto_init+0x0/0xc @ 1
[    3.357353] initcall proto_init+0x0/0xc returned 0 after 0 usecs
[    3.358279] calling  net_dev_init+0x0/0x209 @ 1
[    3.360532] initcall net_dev_init+0x0/0x209 returned 0 after 976 usecs
[    3.361279] calling  neigh_init+0x0/0x84 @ 1
[    3.362280] initcall neigh_init+0x0/0x84 returned 0 after 0 usecs
[    3.363856] calling  fib_notifier_init+0x0/0xc @ 1
[    3.369304] initcall fib_notifier_init+0x0/0xc returned 0 after 0 usecs
[    3.378281] calling  fib_rules_init+0x0/0xab @ 1
[    3.384321] initcall fib_rules_init+0x0/0xab returned 0 after 0 usecs
[    3.393281] calling  pktsched_init+0x0/0x10e @ 1
[    3.398354] initcall pktsched_init+0x0/0x10e returned 0 after 0 usecs
[    3.406279] calling  tc_filter_init+0x0/0xfa @ 1
[    3.413404] initcall tc_filter_init+0x0/0xfa returned 0 after 0 usecs
[    3.422281] calling  tc_action_init+0x0/0x54 @ 1
[    3.427283] initcall tc_action_init+0x0/0x54 returned 0 after 0 usecs
[    3.435280] calling  ethnl_init+0x0/0x52 @ 1
[    3.441297] initcall ethnl_init+0x0/0x52 returned 0 after 976 usecs
[    3.448277] calling  nexthop_init+0x0/0xd8 @ 1
[    3.454394] initcall nexthop_init+0x0/0xd8 returned 0 after 0 usecs
[    3.462279] calling  cipso_v4_init+0x0/0x5d @ 1
[    3.469309] initcall cipso_v4_init+0x0/0x5d returned 0 after 0 usecs
[    3.479280] calling  ieee80211_init+0x0/0x24 @ 1
[    3.486333] initcall ieee80211_init+0x0/0x24 returned 0 after 0 usecs
[    3.494277] calling  netlbl_init+0x0/0x78 @ 1
[    3.499288] NetLabel: Initializing
[    3.503274] NetLabel:  domain hash size = 128
[    3.509274] NetLabel:  protocols = UNLABELED CIPSOv4 CALIPSO
[    3.515349] NetLabel:  unlabeled traffic allowed by default
[    3.522278] initcall netlbl_init+0x0/0x78 returned 0 after 22460 usecs
[    3.529278] calling  rfkill_init+0x0/0x111 @ 1
[    3.536286] initcall rfkill_init+0x0/0x111 returned 0 after 976 usecs
[    3.543292] calling  pci_subsys_init+0x0/0x66 @ 1
[    3.549322] PCI: Using ACPI for IRQ routing
[    4.301179] PCI: pci_cache_line_size set to 64 bytes
[    4.308135] e820: reserve RAM buffer [mem 0x0009fc00-0x0009ffff]
[    4.314333] e820: reserve RAM buffer [mem 0x1ffdf000-0x1fffffff]
[    4.321297] initcall pci_subsys_init+0x0/0x66 returned 0 after 753906 usecs
[    4.329524] calling  nmi_warning_debugfs+0x0/0x26 @ 1
[    4.336386] initcall nmi_warning_debugfs+0x0/0x26 returned 0 after 976 usecs
[    4.345298] calling  save_microcode_in_initrd+0x0/0x51 @ 1
[    4.352365] initcall save_microcode_in_initrd+0x0/0x51 returned 0 after 0 usecs
[    4.360278] calling  hpet_late_init+0x0/0x20a @ 1
[    4.365416] hpet: 3 channels of 0 reserved for per-cpu timers
[    4.371426] hpet0: at MMIO 0xfed00000, IRQs 2, 8, 0
[    4.377275] hpet0: 3 comparators, 64-bit 100.000000 MHz counter
[    4.387279] initcall hpet_late_init+0x0/0x20a returned 0 after 21484 usecs
[    4.395278] calling  init_amd_nbs+0x0/0x11c @ 1
[    4.400299] initcall init_amd_nbs+0x0/0x11c returned 0 after 0 usecs
[    4.407293] calling  clocksource_done_booting+0x0/0x41 @ 1
[    4.415434] clocksource: Switched to clocksource kvm-clock
[    4.422101] initcall clocksource_done_booting+0x0/0x41 returned 0 after 7641 usecs
[    4.430717] calling  tracer_init_tracefs+0x0/0x242 @ 1
[    4.642695] initcall tracer_init_tracefs+0x0/0x242 returned 0 after 200979 usecs
[    4.651440] calling  init_trace_printk_function_export+0x0/0x2c @ 1
[    4.658628] initcall init_trace_printk_function_export+0x0/0x2c returned 0 after 61 usecs
[    4.668196] calling  init_kprobe_trace+0x0/0x1a9 @ 1
[    4.674365] initcall init_kprobe_trace+0x0/0x1a9 returned 0 after 166 usecs
[    4.682210] calling  init_dynamic_event+0x0/0x3d @ 1
[    4.687960] initcall init_dynamic_event+0x0/0x3d returned 0 after 58 usecs
[    4.695660] calling  init_uprobe_trace+0x0/0x5c @ 1
[    4.701540] initcall init_uprobe_trace+0x0/0x5c returned 0 after 143 usecs
[    4.709238] calling  init_pipe_fs+0x0/0x44 @ 1
[    4.715000] initcall init_pipe_fs+0x0/0x44 returned 0 after 582 usecs
[    4.722377] calling  inotify_user_setup+0x0/0x47 @ 1
[    4.729664] initcall inotify_user_setup+0x0/0x47 returned 0 after 122 usecs
[    4.739761] calling  eventpoll_init+0x0/0xd4 @ 1
[    4.746513] initcall eventpoll_init+0x0/0xd4 returned 0 after 118 usecs
[    4.755965] calling  anon_inode_init+0x0/0x58 @ 1
[    4.762856] initcall anon_inode_init+0x0/0x58 returned 0 after 26 usecs
[    4.772387] calling  proc_locks_init+0x0/0x27 @ 1
[    4.779236] initcall proc_locks_init+0x0/0x27 returned 0 after 21 usecs
[    4.788165] calling  iomap_init+0x0/0x1b @ 1
[    4.795038] initcall iomap_init+0x0/0x1b returned 0 after 741 usecs
[    4.802234] calling  dquot_init+0x0/0x106 @ 1
[    4.807275] VFS: Disk quotas dquot_6.6.0
[    4.812092] VFS: Dquot-cache hash table entries: 512 (order 0, 4096 bytes)
[    4.819948] initcall dquot_init+0x0/0x106 returned 0 after 12386 usecs
[    4.827392] calling  quota_init+0x0/0x23 @ 1
[    4.833133] initcall quota_init+0x0/0x23 returned 0 after 788 usecs
[    4.840428] calling  proc_cmdline_init+0x0/0x21 @ 1
[    4.846287] initcall proc_cmdline_init+0x0/0x21 returned 0 after 24 usecs
[    4.854381] calling  proc_consoles_init+0x0/0x24 @ 1
[    4.860514] initcall proc_consoles_init+0x0/0x24 returned 0 after 22 usecs
[    4.868719] calling  proc_cpuinfo_init+0x0/0x1e @ 1
[    4.874381] initcall proc_cpuinfo_init+0x0/0x1e returned 0 after 6 usecs
[    4.882290] calling  proc_devices_init+0x0/0x24 @ 1
[    4.888139] initcall proc_devices_init+0x0/0x24 returned 0 after 41 usecs
[    4.895966] calling  proc_interrupts_init+0x0/0x24 @ 1
[    4.902222] initcall proc_interrupts_init+0x0/0x24 returned 0 after 4 usecs
[    4.910394] calling  proc_loadavg_init+0x0/0x21 @ 1
[    4.916180] initcall proc_loadavg_init+0x0/0x21 returned 0 after 3 usecs
[    4.923782] calling  proc_meminfo_init+0x0/0x21 @ 1
[    4.929372] initcall proc_meminfo_init+0x0/0x21 returned 0 after 4 usecs
[    4.937188] calling  proc_stat_init+0x0/0x1e @ 1
[    4.942593] initcall proc_stat_init+0x0/0x1e returned 0 after 4 usecs
[    4.950048] calling  proc_uptime_init+0x0/0x21 @ 1
[    4.955594] initcall proc_uptime_init+0x0/0x21 returned 0 after 21 usecs
[    4.963133] calling  proc_version_init+0x0/0x21 @ 1
[    4.968656] initcall proc_version_init+0x0/0x21 returned 0 after 3 usecs
[    4.976330] calling  proc_softirqs_init+0x0/0x21 @ 1
[    4.981959] initcall proc_softirqs_init+0x0/0x21 returned 0 after 4 usecs
[    4.990089] calling  proc_kcore_init+0x0/0xea @ 1
[    4.995771] initcall proc_kcore_init+0x0/0xea returned 0 after 62 usecs
[    5.003635] calling  vmcore_init+0x0/0x578 @ 1
[    5.008788] initcall vmcore_init+0x0/0x578 returned 0 after 16 usecs
[    5.015993] calling  proc_kmsg_init+0x0/0x21 @ 1
[    5.021958] initcall proc_kmsg_init+0x0/0x21 returned 0 after 6 usecs
[    5.029962] calling  proc_page_init+0x0/0x3b @ 1
[    5.035760] initcall proc_page_init+0x0/0x3b returned 0 after 7 usecs
[    5.043655] calling  init_ramfs_fs+0x0/0xc @ 1
[    5.049023] initcall init_ramfs_fs+0x0/0xc returned 0 after 46 usecs
[    5.057034] calling  init_hugetlbfs_fs+0x0/0xf6 @ 1
[    5.063672] initcall init_hugetlbfs_fs+0x0/0xf6 returned 0 after 507 usecs
[    5.072100] calling  blk_scsi_ioctl_init+0x0/0x2a5 @ 1
[    5.078502] initcall blk_scsi_ioctl_init+0x0/0x2a5 returned 0 after 22 usecs
[    5.087062] calling  acpi_event_init+0x0/0x2c @ 1
[    5.092823] initcall acpi_event_init+0x0/0x2c returned 0 after 43 usecs
[    5.100895] calling  pnp_system_init+0x0/0xc @ 1
[    5.107416] initcall pnp_system_init+0x0/0xc returned 0 after 826 usecs
[    5.115416] calling  pnpacpi_init+0x0/0x69 @ 1
[    5.120846] pnp: PnP ACPI init
[    5.126221] pnp 00:00: Plug and Play ACPI device, IDs PNP0303 (active)
[    5.134225] pnp 00:01: Plug and Play ACPI device, IDs PNP0f13 (active)
[    5.143529] pnp 00:02: Plug and Play ACPI device, IDs PNP0400 (active)
[    5.153478] pnp 00:03: Plug and Play ACPI device, IDs PNP0501 (active)
[    5.163250] pnp 00:04: Plug and Play ACPI device, IDs PNP0b00 (active)
[    5.172974] system 00:05: [mem 0xb0000000-0xbfffffff window] has been reserved
[    5.182461] system 00:05: Plug and Play ACPI device, IDs PNP0c01 (active)
[    5.194520] pnp: PnP ACPI: found 6 devices
[    5.200661] initcall pnpacpi_init+0x0/0x69 returned 0 after 77949 usecs
[    5.210454] calling  chr_dev_init+0x0/0x14d @ 1
[    5.299032] initcall chr_dev_init+0x0/0x14d returned 0 after 80620 usecs
[    5.306962] calling  firmware_class_init+0x0/0xe7 @ 1
[    5.313199] initcall firmware_class_init+0x0/0xe7 returned 0 after 319 usecs
[    5.322196] calling  init_pcmcia_bus+0x0/0x5b @ 1
[    5.328773] initcall init_pcmcia_bus+0x0/0x5b returned 0 after 128 usecs
[    5.336446] calling  init_acpi_pm_clocksource+0x0/0xda @ 1
[    5.348583] clocksource: acpi_pm: mask: 0xffffff max_cycles: 0xffffff, max_idle_ns: 2085701024 ns
[    5.358879] initcall init_acpi_pm_clocksource+0x0/0xda returned 0 after 15440 usecs
[    5.367809] calling  sysctl_core_init+0x0/0x26 @ 1
[    5.373559] initcall sysctl_core_init+0x0/0x26 returned 0 after 172 usecs
[    5.381488] calling  eth_offload_init+0x0/0x13 @ 1
[    5.387109] initcall eth_offload_init+0x0/0x13 returned 0 after 18 usecs
[    5.394844] calling  ipv4_offload_init+0x0/0x73 @ 1
[    5.400646] initcall ipv4_offload_init+0x0/0x73 returned 0 after 59 usecs
[    5.408479] calling  inet_init+0x0/0x276 @ 1
[    5.413579] NET: Registered protocol family 2
[    5.419619] IP idents hash table entries: 8192 (order: 4, 65536 bytes, linear)
[    5.430240] tcp_listen_portaddr_hash hash table entries: 256 (order: 0, 4096 bytes, linear)
[    5.440170] TCP established hash table entries: 4096 (order: 3, 32768 bytes, linear)
[    5.448975] TCP bind hash table entries: 4096 (order: 4, 65536 bytes, linear)
[    5.457117] TCP: Hash tables configured (established 4096 bind 4096)
[    5.465283] UDP hash table entries: 256 (order: 1, 8192 bytes, linear)
[    5.473223] UDP-Lite hash table entries: 256 (order: 1, 8192 bytes, linear)
[    5.483749] initcall inet_init+0x0/0x276 returned 0 after 68646 usecs
[    5.492917] calling  af_unix_init+0x0/0x4d @ 1
[    5.499252] NET: Registered protocol family 1
[    5.505681] initcall af_unix_init+0x0/0x4d returned 0 after 6281 usecs
[    5.514945] calling  ipv6_offload_init+0x0/0x7e @ 1
[    5.521856] initcall ipv6_offload_init+0x0/0x7e returned 0 after 20 usecs
[    5.530134] calling  init_sunrpc+0x0/0x65 @ 1
[    5.540128] RPC: Registered named UNIX socket transport module.
[    5.551260] RPC: Registered udp transport module.
[    5.556676] RPC: Registered tcp transport module.
[    5.562154] RPC: Registered tcp NFSv4.1 backchannel transport module.
[    5.570508] initcall init_sunrpc+0x0/0x65 returned 0 after 35116 usecs
[    5.579206] calling  cfg80211_init+0x0/0xc5 @ 1
[    5.590666] initcall cfg80211_init+0x0/0xc5 returned 0 after 6128 usecs
[    5.598188] calling  pcibios_assign_resources+0x0/0xbf @ 1
[    5.607838] pci_bus 0000:00: resource 4 [io  0x0000-0x0cf7 window]
[    5.615112] pci_bus 0000:00: resource 5 [io  0x0d00-0xffff window]
[    5.622207] pci_bus 0000:00: resource 6 [mem 0x000a0000-0x000bffff window]
[    5.630185] pci_bus 0000:00: resource 7 [mem 0x20000000-0xafffffff window]
[    5.638277] pci_bus 0000:00: resource 8 [mem 0xc0000000-0xfebfffff window]
[    5.646362] pci_bus 0000:00: resource 9 [mem 0x100000000-0x8ffffffff window]
[    5.655137] initcall pcibios_assign_resources+0x0/0xbf returned 0 after 49437 usecs
[    5.664034] calling  pci_apply_final_quirks+0x0/0x124 @ 1
[    5.671926] pci 0000:00:01.0: calling  pci_fixup_video+0x0/0xe0 @ 1
[    5.679486] pci 0000:00:01.0: Video device with shadowed ROM at [mem 0x000c0000-0x000dffff]
[    5.689878] pci 0000:00:01.0: pci_fixup_video+0x0/0xe0 took 10497 usecs
[    5.698048] PCI: CLS 0 bytes, default 64
[    5.702666] initcall pci_apply_final_quirks+0x0/0x124 returned 0 after 30950 usecs
[    5.711291] calling  acpi_reserve_resources+0x0/0xea @ 1
[    5.717423] initcall acpi_reserve_resources+0x0/0xea returned 0 after 26 usecs
[    5.726451] calling  populate_rootfs+0x0/0x102 @ 1
[    5.734170] initcall populate_rootfs+0x0/0x102 returned 0 after 1297 usecs
[    5.742558] calling  pci_iommu_init+0x0/0x3e @ 1
[    5.748141] initcall pci_iommu_init+0x0/0x3e returned 0 after 181 usecs
[    5.755850] calling  ia32_binfmt_init+0x0/0x13 @ 1
[    5.761489] initcall ia32_binfmt_init+0x0/0x13 returned 0 after 51 usecs
[    5.769077] calling  rapl_pmu_init+0x0/0x267 @ 1
[    5.774448] initcall rapl_pmu_init+0x0/0x267 returned -19 after 59 usecs
[    5.782116] calling  amd_uncore_init+0x0/0x310 @ 1
[    5.787599] initcall amd_uncore_init+0x0/0x310 returned -19 after 0 usecs
[    5.795287] calling  amd_ibs_init+0x0/0x27b @ 1
[    5.800440] initcall amd_ibs_init+0x0/0x27b returned -19 after 0 usecs
[    5.807883] calling  amd_iommu_pc_init+0x0/0x215 @ 1
[    5.813624] initcall amd_iommu_pc_init+0x0/0x215 returned -19 after 37 usecs
[    5.821545] calling  msr_init+0x0/0x55 @ 1
[    5.826638] initcall msr_init+0x0/0x55 returned 0 after 402 usecs
[    5.833487] calling  intel_uncore_init+0x0/0x36f @ 1
[    5.839289] initcall intel_uncore_init+0x0/0x36f returned -19 after 31 usecs
[    5.847453] calling  cstate_pmu_init+0x0/0x1a1 @ 1
[    5.852864] initcall cstate_pmu_init+0x0/0x1a1 returned -19 after 0 usecs
[    5.861028] calling  register_kernel_offset_dumper+0x0/0x1a @ 1
[    5.867854] initcall register_kernel_offset_dumper+0x0/0x1a returned 0 after 50 usecs
[    5.876607] calling  i8259A_init_ops+0x0/0x20 @ 1
[    5.882126] initcall i8259A_init_ops+0x0/0x20 returned 0 after 1 usecs
[    5.889506] calling  init_tsc_clocksource+0x0/0xa4 @ 1
[    5.895339] clocksource: tsc: mask: 0xffffffffffffffff max_cycles: 0x39a85afc727, max_idle_ns: 881590685098 ns
[    5.906462] initcall init_tsc_clocksource+0x0/0xa4 returned 0 after 10883 usecs
[    5.914828] calling  add_rtc_cmos+0x0/0xb0 @ 1
[    5.919974] initcall add_rtc_cmos+0x0/0xb0 returned 0 after 53 usecs
[    5.927186] calling  i8237A_init_ops+0x0/0x3a @ 1
[    5.935790] initcall i8237A_init_ops+0x0/0x3a returned 0 after 94 usecs
[    5.943671] calling  umwait_init+0x0/0x94 @ 1
[    5.949423] initcall umwait_init+0x0/0x94 returned -19 after 17 usecs
[    5.957337] calling  thermal_throttle_init_device+0x0/0x3d @ 1
[    5.964617] initcall thermal_throttle_init_device+0x0/0x3d returned 0 after 37 usecs
[    5.974125] calling  msr_init+0x0/0xd7 @ 1
[    5.986254] initcall msr_init+0x0/0xd7 returned 0 after 7223 usecs
[    5.993390] calling  cpuid_init+0x0/0xd7 @ 1
[    6.004159] initcall cpuid_init+0x0/0xd7 returned 0 after 5642 usecs
[    6.011394] calling  ioapic_init_ops+0x0/0x13 @ 1
[    6.016799] initcall ioapic_init_ops+0x0/0x13 returned 0 after 25 usecs
[    6.024117] calling  add_pcspkr+0x0/0x6c @ 1
[    6.029916] initcall add_pcspkr+0x0/0x6c returned 0 after 81 usecs
[    6.038573] calling  start_periodic_check_for_corruption+0x0/0x30 @ 1
[    6.045764] check: Scanning for low memory corruption every 60 seconds
[    6.052990] initcall start_periodic_check_for_corruption+0x0/0x30 returned 0 after 7053 usecs
[    6.063481] calling  sysfb_init+0x0/0x9c @ 1
[    6.068929] initcall sysfb_init+0x0/0x9c returned 0 after 72 usecs
[    6.076422] calling  audit_classes_init+0x0/0xae @ 1
[    6.082882] initcall audit_classes_init+0x0/0xae returned 0 after 77 usecs
[    6.091142] calling  iosf_mbi_init+0x0/0x24 @ 1
[    6.097212] initcall iosf_mbi_init+0x0/0x24 returned 0 after 209 usecs
[    6.105187] calling  proc_execdomains_init+0x0/0x21 @ 1
[    6.111671] initcall proc_execdomains_init+0x0/0x21 returned 0 after 141 usecs
[    6.120729] calling  register_warn_debugfs+0x0/0x23 @ 1
[    6.127287] initcall register_warn_debugfs+0x0/0x23 returned 0 after 72 usecs
[    6.136432] calling  cpuhp_sysfs_init+0x0/0x79 @ 1
[    6.142719] initcall cpuhp_sysfs_init+0x0/0x79 returned 0 after 284 usecs
[    6.151399] calling  ioresources_init+0x0/0x49 @ 1
[    6.157164] initcall ioresources_init+0x0/0x49 returned 0 after 6 usecs
[    6.165868] calling  snapshot_device_init+0x0/0xc @ 1
[    6.173203] initcall snapshot_device_init+0x0/0xc returned 0 after 1199 usecs
[    6.181553] calling  irq_pm_init_ops+0x0/0x13 @ 1
[    6.187171] initcall irq_pm_init_ops+0x0/0x13 returned 0 after 13 usecs
[    6.195062] calling  rcu_torture_init+0x0/0x9a6 @ 1
[    6.200883] tasks-tracing-torture:--- Start of test: nreaders=3 nfakewriters=4 stat_interval=15 verbose=1 test_no_idle_hz=1 shuffle_interval=3 stutter=5 irqreader=1 fqs_duration=0 fqs_holdoff=0 fqs_stutter=3 test_boost=1/0 test_boost_interval=7 test_boost_duration=4 shutdown_secs=1800 stall_cpu=0 stall_cpu_holdoff=10 stall_cpu_irqsoff=0 stall_cpu_block=0 n_barrier_cbs=4 onoff_interval=1000 onoff_holdoff=30 read_exit_delay=13 read_exit_burst=16
[    6.246258] tasks-tracing:  Start-test grace-period state: g0 f0x0
[    6.253743] tasks-tracing-torture: Creating rcu_torture_writer task
[    6.263038] tasks-tracing-torture: Creating rcu_torture_fakewriter task
[    6.263488] tasks-tracing-torture: rcu_torture_writer task started
[    6.273560] tasks-tracing-torture: Creating rcu_torture_fakewriter task
[    6.273783] tasks-tracing-torture: rcu_torture_fakewriter task started
[    6.278628] tasks-tracing-torture: GP expediting controlled from boot/sysfs for tasks-tracing.
[    6.288140] tasks-tracing-torture: Creating rcu_torture_fakewriter task
[    6.288537] tasks-tracing-torture: rcu_torture_fakewriter task started
[    6.294420] rcu_torture_writer: Testing expedited GPs.
[    6.305753] tasks-tracing-torture: Creating rcu_torture_fakewriter task
[    6.306079] tasks-tracing-torture: rcu_torture_fakewriter task started
[    6.311947] rcu_torture_writer: Testing asynchronous GPs.
[    6.311949] rcu_torture_writer: Testing normal GPs.
[    6.356195] tasks-tracing-torture: Creating rcu_torture_reader task
[    6.356599] tasks-tracing-torture: rcu_torture_fakewriter task started
[    6.365523] tasks-tracing-torture: Creating rcu_torture_reader task
[    6.365746] tasks-tracing-torture: rcu_torture_reader task started
[    6.387866] tasks-tracing-torture: Creating rcu_torture_reader task
[    6.388286] tasks-tracing-torture: rcu_torture_reader task started
[    6.395832] tasks-tracing-torture: Creating rcu_torture_stats task
[    6.396820] tasks-tracing-torture: rcu_torture_reader task started
[    6.421186] tasks-tracing-torture: Creating torture_shuffle task
[    6.421189] tasks-tracing-torture: rcu_torture_stats task started
[    6.435850] tasks-tracing-torture: Creating torture_stutter task
[    6.436374] tasks-tracing-torture: torture_shuffle task started
[    6.454839] tasks-tracing-torture: Creating torture_shutdown task
[    6.461870] tasks-tracing-torture: torture_stutter task started
[    6.470044] tasks-tracing-torture: Creating torture_onoff task
[    6.470549] tasks-tracing-torture: torture_shutdown task started
[    6.478079] tasks-tracing-torture: rcu_torture_fwd_prog_init: Disabled, unsupported by RCU flavor under test
[    6.478649] tasks-tracing-torture: torture_onoff task started
[    6.478651] tasks-tracing-torture: torture_onoff begin holdoff
[    6.484036] tasks-tracing-torture:torture_shutdown task: 1799970 ms remaining
[    6.519603] tasks-tracing-torture: Creating rcu_torture_barrier_cbs task
[    6.529472] tasks-tracing-torture: Creating rcu_torture_barrier_cbs task
[    6.529518] tasks-tracing-torture: rcu_torture_barrier_cbs task started
[    6.537785] tasks-tracing-torture: Creating rcu_torture_barrier_cbs task
[    6.538429] tasks-tracing-torture: rcu_torture_barrier_cbs task started
[    6.564166] tasks-tracing-torture: Creating rcu_torture_barrier_cbs task
[    6.564187] tasks-tracing-torture: rcu_torture_barrier_cbs task started
[    6.573172] tasks-tracing-torture: Creating rcu_torture_barrier task
[    6.573264] tasks-tracing-torture: rcu_torture_barrier_cbs task started
[    6.598707] tasks-tracing-torture: Creating rcu_torture_read_exit task
[    6.598761] tasks-tracing-torture: rcu_torture_barrier task starting
[    6.608612] initcall rcu_torture_init+0x0/0x9a6 returned 0 after 398215 usecs
[    6.608621] tasks-tracing-torture: rcu_torture_read_exit: Start of test
[    6.632556] calling  timekeeping_init_ops+0x0/0x13 @ 1
[    6.638669] initcall timekeeping_init_ops+0x0/0x13 returned 0 after 17 usecs
[    6.647026] calling  init_clocksource_sysfs+0x0/0x23 @ 1
[    6.653741] initcall init_clocksource_sysfs+0x0/0x23 returned 0 after 321 usecs
[    6.664168] calling  init_timer_list_procfs+0x0/0x31 @ 1
[    6.670561] initcall init_timer_list_procfs+0x0/0x31 returned 0 after 5 usecs
[    6.679063] calling  alarmtimer_init+0x0/0xc7 @ 1
[    6.684785] initcall alarmtimer_init+0x0/0xc7 returned 0 after 174 usecs
[    6.692662] calling  init_posix_timers+0x0/0x29 @ 1
[    6.698432] initcall init_posix_timers+0x0/0x29 returned 0 after 38 usecs
[    6.706437] calling  clockevents_init_sysfs+0x0/0xbf @ 1
[    6.712931] initcall clockevents_init_sysfs+0x0/0xbf returned 0 after 219 usecs
[    6.721461] calling  proc_dma_init+0x0/0x21 @ 1
[    6.726896] initcall proc_dma_init+0x0/0x21 returned 0 after 22 usecs
[    6.734711] calling  proc_modules_init+0x0/0x1e @ 1
[    6.740723] initcall proc_modules_init+0x0/0x1e returned 0 after 4 usecs
[    6.748738] calling  kallsyms_init+0x0/0x21 @ 1
[    6.754171] initcall kallsyms_init+0x0/0x21 returned 0 after 3 usecs
[    6.761805] calling  pid_namespaces_init+0x0/0x2c @ 1
[    6.768075] initcall pid_namespaces_init+0x0/0x2c returned 0 after 137 usecs
[    6.776898] calling  audit_watch_init+0x0/0x37 @ 1
[    6.782751] initcall audit_watch_init+0x0/0x37 returned 0 after 1 usecs
[    6.790571] calling  audit_fsnotify_init+0x0/0x37 @ 1
[    6.796724] initcall audit_fsnotify_init+0x0/0x37 returned 0 after 175 usecs
[    6.804967] calling  audit_tree_init+0x0/0x6d @ 1
[    6.810487] initcall audit_tree_init+0x0/0x6d returned 0 after 7 usecs
[    6.818056] calling  seccomp_sysctl_init+0x0/0x2b @ 1
[    6.823952] initcall seccomp_sysctl_init+0x0/0x2b returned 0 after 38 usecs
[    6.833248] calling  utsname_sysctl_init+0x0/0x13 @ 1
[    6.840748] initcall utsname_sysctl_init+0x0/0x13 returned 0 after 100 usecs
[    6.850728] calling  init_tracepoints+0x0/0x27 @ 1
[    6.857673] initcall init_tracepoints+0x0/0x27 returned 0 after 17 usecs
[    6.866170] calling  init_blk_tracer+0x0/0x50 @ 1
[    6.872445] initcall init_blk_tracer+0x0/0x50 returned 0 after 627 usecs
[    6.880278] calling  perf_event_sysfs_init+0x0/0x81 @ 1
[    6.928133] initcall perf_event_sysfs_init+0x0/0x81 returned 0 after 40122 usecs
[    6.937576] calling  system_trusted_keyring_init+0x0/0x60 @ 1
[    6.944453] Initialise system trusted keyrings
[    6.951237] initcall system_trusted_keyring_init+0x0/0x60 returned 0 after 6647 usecs
[    6.960766] calling  kswapd_init+0x0/0x5c @ 1
[    6.968822] initcall kswapd_init+0x0/0x5c returned 0 after 2631 usecs
[    6.976366] calling  extfrag_debug_init+0x0/0x54 @ 1
[    6.982992] initcall extfrag_debug_init+0x0/0x54 returned 0 after 776 usecs
[    6.991230] calling  mm_compute_batch_init+0x0/0x12 @ 1
[    6.998072] initcall mm_compute_batch_init+0x0/0x12 returned 0 after 58 usecs
[    7.006628] calling  slab_proc_init+0x0/0x21 @ 1
[    7.012744] initcall slab_proc_init+0x0/0x21 returned 0 after 152 usecs
[    7.020955] calling  workingset_init+0x0/0x8c @ 1
[    7.026932] workingset: timestamp_bits=56 max_order=17 bucket_order=0
[    7.035299] initcall workingset_init+0x0/0x8c returned 0 after 8181 usecs
[    7.044746] calling  proc_vmalloc_init+0x0/0x32 @ 1
[    7.052021] initcall proc_vmalloc_init+0x0/0x32 returned 0 after 59 usecs
[    7.062196] calling  procswaps_init+0x0/0x1e @ 1
[    7.068917] initcall procswaps_init+0x0/0x1e returned 0 after 44 usecs
[    7.078148] calling  slab_sysfs_init+0x0/0xea @ 1
[    7.090958] initcall slab_sysfs_init+0x0/0xea returned 0 after 5428 usecs
[    7.099948] calling  fcntl_init+0x0/0x29 @ 1
[    7.105289] initcall fcntl_init+0x0/0x29 returned 0 after 183 usecs
[    7.112805] calling  proc_filesystems_init+0x0/0x21 @ 1
[    7.118937] initcall proc_filesystems_init+0x0/0x21 returned 0 after 4 usecs
[    7.127732] calling  start_dirtytime_writeback+0x0/0x29 @ 1
[    7.134344] initcall start_dirtytime_writeback+0x0/0x29 returned 0 after 1 usecs
[    7.143827] calling  blkdev_init+0x0/0x1b @ 1
[    7.149555] initcall blkdev_init+0x0/0x1b returned 0 after 402 usecs
[    7.157357] calling  dio_init+0x0/0x2c @ 1
[    7.162780] initcall dio_init+0x0/0x2c returned 0 after 219 usecs
[    7.170121] calling  dnotify_init+0x0/0x78 @ 1
[    7.175530] initcall dnotify_init+0x0/0x78 returned 0 after 12 usecs
[    7.183212] calling  aio_setup+0x0/0x78 @ 1
[    7.188910] initcall aio_setup+0x0/0x78 returned 0 after 613 usecs
[    7.196557] calling  io_uring_init+0x0/0x2c @ 1
[    7.203142] initcall io_uring_init+0x0/0x2c returned 0 after 8 usecs
[    7.212482] calling  mbcache_init+0x0/0x30 @ 1
[    7.219116] initcall mbcache_init+0x0/0x30 returned 0 after 75 usecs
[    7.229373] calling  init_grace+0x0/0xc @ 1
[    7.236974] initcall init_grace+0x0/0xc returned 0 after 1770 usecs
[    7.244756] calling  init_v2_quota_format+0x0/0x21 @ 1
[    7.251207] initcall init_v2_quota_format+0x0/0x21 returned 0 after 29 usecs
[    7.259802] calling  init_devpts_fs+0x0/0x27 @ 1
[    7.266028] initcall init_devpts_fs+0x0/0x27 returned 0 after 255 usecs
[    7.274195] calling  ext4_init_fs+0x0/0x1d0 @ 1
[    7.281834] initcall ext4_init_fs+0x0/0x1d0 returned 0 after 1553 usecs
[    7.290558] calling  journal_init+0x0/0x11c @ 1
[    7.297625] initcall journal_init+0x0/0x11c returned 0 after 313 usecs
[    7.307089] calling  init_fat_fs+0x0/0x49 @ 1
[    7.313248] initcall init_fat_fs+0x0/0x49 returned 0 after 128 usecs
[    7.322558] calling  init_vfat_fs+0x0/0xc @ 1
[    7.328251] initcall init_vfat_fs+0x0/0xc returned 0 after 5 usecs
[    7.338091] calling  init_msdos_fs+0x0/0xc @ 1
[    7.343900] initcall init_msdos_fs+0x0/0xc returned 0 after 4 usecs
[    7.351901] calling  init_iso9660_fs+0x0/0x6c @ 1
[    7.357916] initcall init_iso9660_fs+0x0/0x6c returned 0 after 87 usecs
[    7.366082] calling  init_nfs_fs+0x0/0x13a @ 1
[    7.373929] initcall init_nfs_fs+0x0/0x13a returned 0 after 2207 usecs
[    7.382101] calling  init_nfs_v2+0x0/0x13 @ 1
[    7.387700] initcall init_nfs_v2+0x0/0x13 returned 0 after 29 usecs
[    7.395582] calling  init_nfs_v3+0x0/0x13 @ 1
[    7.401106] initcall init_nfs_v3+0x0/0x13 returned 0 after 1 usecs
[    7.409110] calling  init_nfs_v4+0x0/0x32 @ 1
[    7.414822] NFS: Registering the id_resolver key type
[    7.421061] Key type id_resolver registered
[    7.426975] Key type id_legacy registered
[    7.432428] initcall init_nfs_v4+0x0/0x32 returned 0 after 17188 usecs
[    7.440740] calling  init_nlm+0x0/0x5b @ 1
[    7.446033] initcall init_nlm+0x0/0x5b returned 0 after 44 usecs
[    7.453691] calling  init_nls_cp437+0x0/0xe @ 1
[    7.459734] initcall init_nls_cp437+0x0/0xe returned 0 after 35 usecs
[    7.468988] calling  init_nls_ascii+0x0/0xe @ 1
[    7.474692] initcall init_nls_ascii+0x0/0xe returned 0 after 0 usecs
[    7.482500] calling  init_nls_iso8859_1+0x0/0xe @ 1
[    7.489413] initcall init_nls_iso8859_1+0x0/0xe returned 0 after 1 usecs
[    7.499625] calling  init_nls_utf8+0x0/0x21 @ 1
[    7.506644] initcall init_nls_utf8+0x0/0x21 returned 0 after 1 usecs
[    7.516725] calling  init_autofs_fs+0x0/0x25 @ 1
[    7.524144] initcall init_autofs_fs+0x0/0x25 returned 0 after 1409 usecs
[    7.532716] calling  ipc_init+0x0/0x24 @ 1
[    7.538618] initcall ipc_init+0x0/0x24 returned 0 after 503 usecs
[    7.546539] calling  ipc_sysctl_init+0x0/0x13 @ 1
[    7.552860] initcall ipc_sysctl_init+0x0/0x13 returned 0 after 39 usecs
[    7.561790] calling  init_mqueue_fs+0x0/0x9a @ 1
[    7.568250] initcall init_mqueue_fs+0x0/0x9a returned 0 after 419 usecs
[    7.577012] calling  key_proc_init+0x0/0x63 @ 1
[    7.582762] initcall key_proc_init+0x0/0x63 returned 0 after 29 usecs
[    7.591037] calling  selinux_nf_ip_init+0x0/0x2e @ 1
[    7.597562] initcall selinux_nf_ip_init+0x0/0x2e returned 0 after 18 usecs
[    7.606708] calling  init_sel_fs+0x0/0x116 @ 1
[    7.612709] initcall init_sel_fs+0x0/0x116 returned 0 after 0 usecs
[    7.620745] calling  selnl_init+0x0/0x7c @ 1
[    7.626747] initcall selnl_init+0x0/0x7c returned 0 after 360 usecs
[    7.634711] calling  sel_netif_init+0x0/0x36 @ 1
[    7.640819] initcall sel_netif_init+0x0/0x36 returned 0 after 0 usecs
[    7.649319] calling  sel_netnode_init+0x0/0x33 @ 1
[    7.657098] initcall sel_netnode_init+0x0/0x33 returned 0 after 0 usecs
[    7.667760] calling  sel_netport_init+0x0/0x33 @ 1
[    7.675569] initcall sel_netport_init+0x0/0x33 returned 0 after 0 usecs
[    7.685143] calling  aurule_init+0x0/0x2a @ 1
[    7.691880] initcall aurule_init+0x0/0x2a returned 0 after 6 usecs
[    7.699829] calling  crypto_algapi_init+0x0/0xc @ 1
[    7.706136] initcall crypto_algapi_init+0x0/0xc returned 0 after 4 usecs
[    7.714894] calling  jent_mod_init+0x0/0x2d @ 1
[    7.731605] initcall jent_mod_init+0x0/0x2d returned 0 after 10647 usecs
[    7.740433] calling  asymmetric_key_init+0x0/0xc @ 1
[    7.746739] Key type asymmetric registered
[    7.751948] initcall asymmetric_key_init+0x0/0xc returned 0 after 5086 usecs
[    7.760765] calling  x509_key_init+0x0/0xc @ 1
[    7.767021] Asymmetric key parser 'x509' registered
[    7.774406] initcall x509_key_init+0x0/0xc returned 0 after 7210 usecs
[    7.782853] calling  proc_genhd_init+0x0/0x41 @ 1
[    7.789102] initcall proc_genhd_init+0x0/0x41 returned 0 after 7 usecs
[    7.797614] calling  bsg_init+0x0/0x113 @ 1
[    7.803353] Block layer SCSI generic (bsg) driver version 0.4 loaded (major 251)
[    7.814210] initcall bsg_init+0x0/0x113 returned 0 after 10633 usecs
[    7.823503] calling  deadline_init+0x0/0xc @ 1
[    7.829479] io scheduler mq-deadline registered
[    7.835949] initcall deadline_init+0x0/0xc returned 0 after 6434 usecs
[    7.845588] calling  kyber_init+0x0/0xc @ 1
[    7.850964] io scheduler kyber registered
[    7.856057] initcall kyber_init+0x0/0xc returned 0 after 5001 usecs
[    7.864070] calling  mod_init+0x0/0x7 @ 1
[    7.869165] initcall mod_init+0x0/0x7 returned 0 after 0 usecs
[    7.876321] calling  percpu_counter_startup+0x0/0x55 @ 1
[    7.885560] initcall percpu_counter_startup+0x0/0x55 returned 0 after 2218 usecs
[    7.895124] calling  sg_pool_init+0x0/0xb4 @ 1
[    7.901285] initcall sg_pool_init+0x0/0xb4 returned 0 after 193 usecs
[    7.909668] calling  pcie_portdrv_init+0x0/0x39 @ 1
[    7.916501] initcall pcie_portdrv_init+0x0/0x39 returned 0 after 509 usecs
[    7.925951] calling  pci_proc_init+0x0/0x68 @ 1
[    7.931999] initcall pci_proc_init+0x0/0x68 returned 0 after 44 usecs
[    7.940706] calling  pci_hotplug_init+0x0/0x7 @ 1
[    7.947017] initcall pci_hotplug_init+0x0/0x7 returned 0 after 0 usecs
[    7.955187] calling  efifb_driver_init+0x0/0xe @ 1
[    7.961496] initcall efifb_driver_init+0x0/0xe returned 0 after 234 usecs
[    7.970439] calling  ged_driver_init+0x0/0xe @ 1
[    7.976631] initcall ged_driver_init+0x0/0xe returned 0 after 214 usecs
[    7.985505] calling  acpi_ac_init+0x0/0x92 @ 1
[    7.991980] initcall acpi_ac_init+0x0/0x92 returned 0 after 334 usecs
[    8.000581] calling  acpi_button_driver_init+0x0/0x52 @ 1
[    8.009118] input: Power Button as /devices/LNXSYSTM:00/LNXPWRBN:00/input/input0
[    8.021636] ACPI: Power Button [PWRF]
[    8.028696] initcall acpi_button_driver_init+0x0/0x52 returned 0 after 20532 usecs
[    8.039107] calling  acpi_fan_driver_init+0x0/0xe @ 1
[    8.046372] initcall acpi_fan_driver_init+0x0/0xe returned 0 after 42 usecs
[    8.056136] calling  acpi_video_init+0x0/0xcb @ 1
[    8.062798] initcall acpi_video_init+0x0/0xcb returned 0 after 67 usecs
[    8.072075] calling  acpi_processor_driver_init+0x0/0xad @ 1
[    8.081219] initcall acpi_processor_driver_init+0x0/0xad returned 0 after 1126 usecs
[    8.093476] calling  acpi_thermal_init+0x0/0x71 @ 1
[    8.102802] initcall acpi_thermal_init+0x0/0x71 returned 0 after 1340 usecs
[    8.113889] calling  acpi_battery_init+0x0/0x32 @ 1
[    8.120395] initcall acpi_battery_init+0x0/0x32 returned 0 after 45 usecs
[    8.129546] calling  bgrt_init+0x0/0xb6 @ 1
[    8.135539] initcall bgrt_init+0x0/0xb6 returned -19 after 0 usecs
[    8.144575] calling  gpio_clk_driver_init+0x0/0xe @ 1
[    8.153083] initcall gpio_clk_driver_init+0x0/0xe returned 0 after 319 usecs
[    8.164173] calling  plt_clk_driver_init+0x0/0xe @ 1
[    8.172429] initcall plt_clk_driver_init+0x0/0xe returned 0 after 27 usecs
[    8.181585] calling  virtio_pci_driver_init+0x0/0x15 @ 1
[    8.191811] initcall virtio_pci_driver_init+0x0/0x15 returned 0 after 57 usecs
[    8.203149] calling  n_null_init+0x0/0x1e @ 1
[    8.210269] initcall n_null_init+0x0/0x1e returned 0 after 18 usecs
[    8.220247] calling  pty_init+0x0/0x1e8 @ 1
[    8.228715] initcall pty_init+0x0/0x1e8 returned 0 after 1678 usecs
[    8.238817] calling  sysrq_init+0x0/0x62 @ 1
[    8.245640] initcall sysrq_init+0x0/0x62 returned 0 after 7 usecs
[    8.255454] calling  serial8250_init+0x0/0x17e @ 1
[    8.263201] Serial: 8250/16550 driver, 4 ports, IRQ sharing enabled
[    8.275648] 00:03: ttyS0 at I/O 0x3f8 (irq = 4, base_baud = 115200) is a 16550A
[    8.293808] initcall serial8250_init+0x0/0x17e returned 0 after 29969 usecs
[    8.305104] calling  serial_pci_driver_init+0x0/0x15 @ 1
[    8.313761] initcall serial_pci_driver_init+0x0/0x15 returned 0 after 68 usecs
[    8.325293] calling  exar_pci_driver_init+0x0/0x15 @ 1
[    8.333087] initcall exar_pci_driver_init+0x0/0x15 returned 0 after 31 usecs
[    8.344476] calling  lpss8250_pci_driver_init+0x0/0x15 @ 1
[    8.353677] initcall lpss8250_pci_driver_init+0x0/0x15 returned 0 after 27 usecs
[    8.364108] calling  mid8250_pci_driver_init+0x0/0x15 @ 1
[    8.371812] initcall mid8250_pci_driver_init+0x0/0x15 returned 0 after 20 usecs
[    8.382559] calling  virtio_console_init+0x0/0xff @ 1
[    8.389876] initcall virtio_console_init+0x0/0xff returned 0 after 180 usecs
[    8.399968] calling  hpet_init+0x0/0x64 @ 1
[    8.407727] initcall hpet_init+0x0/0x64 returned 0 after 1434 usecs
[    8.416426] calling  nvram_module_init+0x0/0x83 @ 1
[    8.426098] Non-volatile memory driver v1.3
[    8.432260] initcall nvram_module_init+0x0/0x83 returned 0 after 8424 usecs
[    8.441618] calling  hwrng_modinit+0x0/0x8a @ 1
[    8.450046] initcall hwrng_modinit+0x0/0x8a returned 0 after 2277 usecs
[    8.458803] calling  mod_init+0x0/0x48 @ 1
[    8.463919] initcall mod_init+0x0/0x48 returned -19 after 0 usecs
[    8.471430] calling  agp_init+0x0/0x23 @ 1
[    8.476890] Linux agpgart interface v0.103
[    8.482030] initcall agp_init+0x0/0x23 returned 0 after 5018 usecs
[    8.490155] calling  agp_amd64_mod_init+0x0/0x5 @ 1
[    8.496651] initcall agp_amd64_mod_init+0x0/0x5 returned -19 after 57 usecs
[    8.505511] calling  agp_intel_init+0x0/0x28 @ 1
[    8.512932] initcall agp_intel_init+0x0/0x28 returned 0 after 994 usecs
[    8.522613] calling  drm_kms_helper_init+0x0/0x7 @ 1
[    8.529575] initcall drm_kms_helper_init+0x0/0x7 returned 0 after 28 usecs
[    8.539854] calling  drm_core_init+0x0/0xa4 @ 1
[    8.546977] initcall drm_core_init+0x0/0xa4 returned 0 after 755 usecs
[    8.556054] calling  i915_init+0x0/0x6b @ 1
[    8.562711] initcall i915_init+0x0/0x6b returned 0 after 503 usecs
[    8.571856] calling  cn_proc_init+0x0/0x35 @ 1
[    8.578818] initcall cn_proc_init+0x0/0x35 returned 0 after 3 usecs
[    8.588470] calling  topology_sysfs_init+0x0/0x27 @ 1
[    8.596781] initcall topology_sysfs_init+0x0/0x27 returned 0 after 161 usecs
[    8.608123] calling  cacheinfo_sysfs_init+0x0/0x27 @ 1
[    8.619035] initcall cacheinfo_sysfs_init+0x0/0x27 returned 0 after 2899 usecs
[    8.630764] calling  loop_init+0x0/0x168 @ 1
[    8.729830] loop: module loaded
[    8.735298] initcall loop_init+0x0/0x168 returned 0 after 95442 usecs
[    8.745230] calling  mac_hid_init+0x0/0x21 @ 1
[    8.751632] initcall mac_hid_init+0x0/0x21 returned 0 after 271 usecs
[    8.760247] calling  spi_transport_init+0x0/0x74 @ 1
[    8.767889] initcall spi_transport_init+0x0/0x74 returned 0 after 1005 usecs
[    8.777412] calling  init_sd+0x0/0x18c @ 1
[    8.783929] initcall init_sd+0x0/0x18c returned 0 after 826 usecs
[    8.792106] calling  init_sr+0x0/0x43 @ 1
[    8.797722] initcall init_sr+0x0/0x43 returned 0 after 83 usecs
[    8.806081] calling  init_sg+0x0/0x1c0 @ 1
[    8.812723] initcall init_sg+0x0/0x1c0 returned 0 after 143 usecs
[    8.823000] calling  ahci_pci_driver_init+0x0/0x15 @ 1
[    8.831745] ahci 0000:00:1f.2: version 3.0
[    8.842284] PCI Interrupt Link [GSIA] enabled at IRQ 16
[    8.868864] ahci 0000:00:1f.2: AHCI 0001.0000 32 slots 6 ports 1.5 Gbps 0x3f impl SATA mode
[    8.882123] ahci 0000:00:1f.2: flags: 64bit ncq only 
[    8.920082] scsi host0: ahci
[    8.932138] scsi host1: ahci
[    8.943827] scsi host2: ahci
[    8.957753] scsi host3: ahci
[    8.969546] scsi host4: ahci
[    8.980265] scsi host5: ahci
[    8.986814] ata1: SATA max UDMA/133 abar m4096@0xfebf1000 port 0xfebf1100 irq 24
[    8.999607] ata2: SATA max UDMA/133 abar m4096@0xfebf1000 port 0xfebf1180 irq 24
[    9.011568] ata3: SATA max UDMA/133 abar m4096@0xfebf1000 port 0xfebf1200 irq 24
[    9.023757] ata4: SATA max UDMA/133 abar m4096@0xfebf1000 port 0xfebf1280 irq 24
[    9.036820] ata5: SATA max UDMA/133 abar m4096@0xfebf1000 port 0xfebf1300 irq 24
[    9.049885] ata6: SATA max UDMA/133 abar m4096@0xfebf1000 port 0xfebf1380 irq 24
[    9.063923] initcall ahci_pci_driver_init+0x0/0x15 returned 0 after 226866 usecs
[    9.078076] calling  piix_init+0x0/0x26 @ 1
[    9.086236] initcall piix_init+0x0/0x26 returned 0 after 180 usecs
[    9.097804] calling  amd_pci_driver_init+0x0/0x15 @ 1
[    9.107388] initcall amd_pci_driver_init+0x0/0x15 returned 0 after 30 usecs
[    9.119237] calling  oldpiix_pci_driver_init+0x0/0x15 @ 1
[    9.126820] initcall oldpiix_pci_driver_init+0x0/0x15 returned 0 after 25 usecs
[    9.137164] calling  sch_pci_driver_init+0x0/0x15 @ 1
[    9.145357] initcall sch_pci_driver_init+0x0/0x15 returned 0 after 22 usecs
[    9.156479] calling  net_olddevs_init+0x0/0x55 @ 1
[    9.163897] initcall net_olddevs_init+0x0/0x55 returned 0 after 246 usecs
[    9.173938] calling  blackhole_netdev_init+0x0/0x78 @ 1
[    9.183644] initcall blackhole_netdev_init+0x0/0x78 returned 0 after 1684 usecs
[    9.195538] calling  phy_module_init+0x0/0x13 @ 1
[    9.205211] initcall phy_module_init+0x0/0x13 returned 0 after 1948 usecs
[    9.215366] calling  tg3_driver_init+0x0/0x15 @ 1
[    9.223194] initcall tg3_driver_init+0x0/0x15 returned 0 after 34 usecs
[    9.233944] calling  e100_init_module+0x0/0x4c @ 1
[    9.242573] e100: Intel(R) PRO/100 Network Driver
[    9.251127] e100: Copyright(c) 1999-2006 Intel Corporation
[    9.261807] initcall e100_init_module+0x0/0x4c returned 0 after 18810 usecs
[    9.273357] calling  e1000_init_module+0x0/0x72 @ 1
[    9.281093] e1000: Intel(R) PRO/1000 Network Driver
[    9.289580] e1000: Copyright (c) 1999-2006 Intel Corporation.
[    9.298851] initcall e1000_init_module+0x0/0x72 returned 0 after 17337 usecs
[    9.310437] calling  e1000_init_module+0x0/0x2d @ 1
[    9.318713] e1000e: Intel(R) PRO/1000 Network Driver
[    9.327218] e1000e: Copyright(c) 1999 - 2015 Intel Corporation.
[    9.338014] initcall e1000_init_module+0x0/0x2d returned 0 after 18876 usecs
[    9.348089] calling  sky2_init_module+0x0/0x21 @ 1
[    9.355880] sky2: driver version 1.30
[    9.361596] initcall sky2_init_module+0x0/0x21 returned 0 after 5577 usecs
[    9.373096] calling  forcedeth_pci_driver_init+0x0/0x15 @ 1
[    9.377559] ata3: SATA link up 1.5 Gbps (SStatus 113 SControl 300)
[    9.382960] initcall forcedeth_pci_driver_init+0x0/0x15 returned 0 after 37 usecs
[    9.398151] ata4: SATA link down (SStatus 0 SControl 300)
[    9.406707] calling  rtl8139_init_module+0x0/0x15 @ 1
[    9.419884] ata1: SATA link down (SStatus 0 SControl 300)
[    9.425927] initcall rtl8139_init_module+0x0/0x15 returned 0 after 606 usecs
[    9.443790] ata6: SATA link down (SStatus 0 SControl 300)
[    9.444484] calling  rtl8169_pci_driver_init+0x0/0x15 @ 1
[    9.460257] initcall rtl8169_pci_driver_init+0x0/0x15 returned 0 after 31 usecs
[    9.461297] ata5: SATA link down (SStatus 0 SControl 300)
[    9.470816] calling  cdrom_init+0x0/0xc @ 1
[    9.471212] initcall cdrom_init+0x0/0xc returned 0 after 382 usecs
[    9.488046] ata2: SATA link down (SStatus 0 SControl 300)
[    9.495206] calling  nonstatic_sysfs_init+0x0/0xc @ 1
[    9.503926] ata3.00: ATAPI: QEMU DVD-ROM, 2.5+, max UDMA/100
[    9.510459] initcall nonstatic_sysfs_init+0x0/0xc returned 0 after 140 usecs
[    9.518746] ata3.00: applying bridge limits
[    9.530659] calling  yenta_cardbus_driver_init+0x0/0x15 @ 1
[    9.544639] ata3.00: configured for UDMA/100
[    9.547637] initcall yenta_cardbus_driver_init+0x0/0x15 returned 0 after 133 usecs
[    9.565080] scsi 2:0:0:0: CD-ROM            QEMU     QEMU DVD-ROM     2.5+ PQ: 0 ANSI: 5
[    9.567177] calling  mon_init+0x0/0x12d @ 1
[    9.590684] initcall mon_init+0x0/0x12d returned 0 after 2563 usecs
[    9.600890] calling  ehci_hcd_init+0x0/0x56 @ 1
[    9.608840] ehci_hcd: USB 2.0 'Enhanced' Host Controller (EHCI) Driver
[    9.619827] initcall ehci_hcd_init+0x0/0x56 returned 0 after 10818 usecs
[    9.630987] calling  ehci_pci_init+0x0/0x64 @ 1
[    9.638882] ehci-pci: EHCI PCI platform driver
[    9.640153] sr 2:0:0:0: [sr0] scsi3-mmc drive: 4x/4x cd/rw xa/form2 tray
[    9.645886] initcall ehci_pci_init+0x0/0x64 returned 0 after 6837 usecs
[    9.656847] cdrom: Uniform CD-ROM driver Revision: 3.20
[    9.667762] calling  ohci_hcd_mod_init+0x0/0x4e @ 1
[    9.684659] ohci_hcd: USB 1.1 'Open' Host Controller (OHCI) Driver
[    9.695095] initcall ohci_hcd_mod_init+0x0/0x4e returned 0 after 10187 usecs
[    9.707115] calling  ohci_pci_init+0x0/0x64 @ 1
[    9.715368] ohci-pci: OHCI PCI platform driver
[    9.723828] initcall ohci_pci_init+0x0/0x64 returned 0 after 8344 usecs
[    9.734197] calling  uhci_hcd_init+0x0/0xa8 @ 1
[    9.743248] uhci_hcd: USB Universal Host Controller Interface driver
[    9.754161] initcall uhci_hcd_init+0x0/0xa8 returned 0 after 11021 usecs
[    9.765361] calling  xhci_hcd_init+0x0/0x1e @ 1
[    9.772879] sr 2:0:0:0: Attached scsi CD-ROM sr0
[    9.775935] sr 2:0:0:0: Attached scsi generic sg0 type 5
[    9.784088] initcall xhci_hcd_init+0x0/0x1e returned 0 after 850 usecs
[    9.803264] calling  xhci_pci_init+0x0/0x49 @ 1
[    9.811186] initcall xhci_pci_init+0x0/0x49 returned 0 after 124 usecs
[    9.821853] calling  usblp_driver_init+0x0/0x15 @ 1
[    9.830800] usbcore: registered new interface driver usblp
[    9.840179] initcall usblp_driver_init+0x0/0x15 returned 0 after 9327 usecs
[    9.852141] calling  usb_storage_driver_init+0x0/0x2a @ 1
[    9.861165] usbcore: registered new interface driver usb-storage
[    9.871644] initcall usb_storage_driver_init+0x0/0x2a returned 0 after 10358 usecs
[    9.883415] calling  i8042_init+0x0/0x4c2 @ 1
[    9.893469] i8042: PNP: PS/2 Controller [PNP0303:KBD,PNP0f13:MOU] at 0x60,0x64 irq 1,12
[    9.919061] serio: i8042 KBD port at 0x60,0x64 irq 1
[    9.927990] serio: i8042 AUX port at 0x60,0x64 irq 12
[    9.937685] initcall i8042_init+0x0/0x4c2 returned 0 after 43445 usecs
[    9.949137] calling  serport_init+0x0/0x2c @ 1
[    9.956607] initcall serport_init+0x0/0x2c returned 0 after 1 usecs
[    9.966593] calling  input_leds_init+0x0/0xc @ 1
[    9.974807] initcall input_leds_init+0x0/0xc returned 0 after 2 usecs
[    9.985225] calling  evdev_init+0x0/0xc @ 1
[    9.993958] initcall evdev_init+0x0/0xc returned 0 after 2258 usecs
[   10.003930] calling  atkbd_init+0x0/0x21 @ 1
[   10.013019] initcall atkbd_init+0x0/0x21 returned 0 after 2414 usecs
[   10.021810] input: AT Translated Set 2 keyboard as /devices/platform/i8042/serio0/input/input1
[   10.022845] calling  psmouse_init+0x0/0x7f @ 1
[   10.044274] initcall psmouse_init+0x0/0x7f returned 0 after 459 usecs
[   10.054949] calling  cmos_init+0x0/0x73 @ 1
[   10.064112] rtc_cmos 00:04: RTC can wake from S4
[   10.079799] rtc_cmos 00:04: registered as rtc0
[   10.086787] rtc_cmos 00:04: alarms up to one day, y3k, 242 bytes nvram, hpet irqs
[   10.097927] initcall cmos_init+0x0/0x73 returned 0 after 35324 usecs
[   10.108042] calling  smbalert_driver_init+0x0/0xe @ 1
[   10.117263] initcall smbalert_driver_init+0x0/0xe returned 0 after 127 usecs
[   10.128782] calling  i2c_i801_init+0x0/0xc5 @ 1
[   10.140819] i801_smbus 0000:00:1f.3: SMBus using PCI interrupt
[   10.151360] i2c i2c-0: 1/1 memory slots populated (from DMI)
[   10.160518] i2c i2c-0: Memory type 0x07 not supported yet, not instantiating SPD
[   10.172964] initcall i2c_i801_init+0x0/0xc5 returned 0 after 35415 usecs
[   10.183687] calling  ptp_kvm_init+0x0/0xf0 @ 1
[   10.193543] initcall ptp_kvm_init+0x0/0xf0 returned 0 after 2306 usecs
[   10.204602] calling  dm_init+0x0/0x3c @ 1
[   10.216713] device-mapper: ioctl: 4.43.0-ioctl (2020-10-01) initialised: dm-devel@redhat.com
[   10.231291] initcall dm_init+0x0/0x3c returned 0 after 19840 usecs
[   10.243378] calling  dm_mirror_init+0x0/0x29 @ 1
[   10.251750] initcall dm_mirror_init+0x0/0x29 returned 0 after 2 usecs
[   10.261106] calling  dm_dirty_log_init+0x0/0x4f @ 1
[   10.269757] initcall dm_dirty_log_init+0x0/0x4f returned 0 after 94 usecs
[   10.280806] calling  dm_zero_init+0x0/0x29 @ 1
[   10.288284] initcall dm_zero_init+0x0/0x29 returned 0 after 2 usecs
[   10.298739] calling  intel_pstate_init+0x0/0x510 @ 1
[   10.306777] intel_pstate: CPU model not supported
[   10.314498] initcall intel_pstate_init+0x0/0x510 returned -19 after 7536 usecs
[   10.327285] calling  haltpoll_init+0x0/0xc0 @ 1
[   10.336007] initcall haltpoll_init+0x0/0xc0 returned -19 after 62 usecs
[   10.348785] calling  efivars_sysfs_init+0x0/0x30 @ 1
[   10.358944] initcall efivars_sysfs_init+0x0/0x30 returned 0 after 344 usecs
[   10.371396] calling  esrt_sysfs_init+0x0/0x2a2 @ 1
[   10.380630] initcall esrt_sysfs_init+0x0/0x2a2 returned -38 after 79 usecs
[   10.394261] calling  hid_init+0x0/0x5c @ 1
[   10.401099] hid: raw HID events driver (C) Jiri Kosina
[   10.409170] initcall hid_init+0x0/0x5c returned 0 after 8113 usecs
[   10.419321] calling  hid_generic_init+0x0/0x15 @ 1
[   10.427343] initcall hid_generic_init+0x0/0x15 returned 0 after 215 usecs
[   10.439033] calling  a4_driver_init+0x0/0x15 @ 1
[   10.449222] initcall a4_driver_init+0x0/0x15 returned 0 after 24 usecs
[   10.459870] calling  apple_driver_init+0x0/0x15 @ 1
[   10.469759] initcall apple_driver_init+0x0/0x15 returned 0 after 24 usecs
[   10.481942] calling  belkin_driver_init+0x0/0x15 @ 1
[   10.490507] initcall belkin_driver_init+0x0/0x15 returned 0 after 72 usecs
[   10.501861] calling  ch_driver_init+0x0/0x15 @ 1
[   10.509154] initcall ch_driver_init+0x0/0x15 returned 0 after 19 usecs
[   10.520560] calling  ch_driver_init+0x0/0x15 @ 1
[   10.529758] initcall ch_driver_init+0x0/0x15 returned 0 after 566 usecs
[   10.540736] calling  cp_driver_init+0x0/0x15 @ 1
[   10.549032] initcall cp_driver_init+0x0/0x15 returned 0 after 22 usecs
[   10.559836] calling  ez_driver_init+0x0/0x15 @ 1
[   10.567844] initcall ez_driver_init+0x0/0x15 returned 0 after 24 usecs
[   10.581314] calling  gyration_driver_init+0x0/0x15 @ 1
[   10.592574] initcall gyration_driver_init+0x0/0x15 returned 0 after 247 usecs
[   10.608357] hrtimer: interrupt took 4397571 ns
[   10.618547] calling  ite_driver_init+0x0/0x15 @ 1
[   10.626555] initcall ite_driver_init+0x0/0x15 returned 0 after 66 usecs
[   10.637894] calling  ks_driver_init+0x0/0x15 @ 1
[   10.645910] initcall ks_driver_init+0x0/0x15 returned 0 after 81 usecs
[   10.656236] calling  lg_driver_init+0x0/0x15 @ 1
[   10.664561] initcall lg_driver_init+0x0/0x15 returned 0 after 579 usecs
[   10.675131] calling  lg_g15_driver_init+0x0/0x15 @ 1
[   10.722397] initcall lg_g15_driver_init+0x0/0x15 returned 0 after 18170 usecs
[   10.736130] calling  ms_driver_init+0x0/0x15 @ 1
[   10.743486] initcall ms_driver_init+0x0/0x15 returned 0 after 27 usecs
[   10.753834] calling  mr_driver_init+0x0/0x15 @ 1
[   10.761260] initcall mr_driver_init+0x0/0x15 returned 0 after 398 usecs
[   10.771380] calling  ntrig_driver_init+0x0/0x15 @ 1
[   10.781819] initcall ntrig_driver_init+0x0/0x15 returned 0 after 2094 usecs
[   10.792959] calling  pl_driver_init+0x0/0x15 @ 1
[   10.801732] initcall pl_driver_init+0x0/0x15 returned 0 after 436 usecs
[   10.814314] calling  pl_driver_init+0x0/0x15 @ 1
[   10.821169] initcall pl_driver_init+0x0/0x15 returned 0 after 24 usecs
[   10.831388] calling  redragon_driver_init+0x0/0x15 @ 1
[   10.839629] initcall redragon_driver_init+0x0/0x15 returned 0 after 24 usecs
[   10.852074] calling  samsung_driver_init+0x0/0x15 @ 1
[   10.861202] initcall samsung_driver_init+0x0/0x15 returned 0 after 134 usecs
[   10.873636] calling  sony_init+0x0/0x38 @ 1
[   10.881058] initcall sony_init+0x0/0x38 returned 0 after 112 usecs
[   10.891008] calling  sp_driver_init+0x0/0x15 @ 1
[   10.901169] initcall sp_driver_init+0x0/0x15 returned 0 after 1055 usecs
[   10.911621] calling  ts_driver_init+0x0/0x15 @ 1
[   10.919643] initcall ts_driver_init+0x0/0x15 returned 0 after 201 usecs
[   10.933938] calling  hid_init+0x0/0x58 @ 1
[   10.945164] usbcore: registered new interface driver usbhid
[   10.957902] usbhid: USB HID core driver
[   10.965245] initcall hid_init+0x0/0x58 returned 0 after 23671 usecs
[   10.975550] calling  eeepc_laptop_init+0x0/0x57 @ 1
[   10.999835] initcall eeepc_laptop_init+0x0/0x57 returned -19 after 15362 usecs
[   11.003279] input: ImExPS/2 Generic Explorer Mouse as /devices/platform/i8042/serio1/input/input3
[   11.011439] calling  pmc_atom_init+0x0/0x27a @ 1
[   11.011830] initcall pmc_atom_init+0x0/0x27a returned -19 after 377 usecs
[   11.011832] calling  alsa_hwdep_init+0x0/0x5e @ 1
[   11.013158] initcall alsa_hwdep_init+0x0/0x5e returned 0 after 1288 usecs
[   11.071249] calling  alsa_timer_init+0x0/0x1f0 @ 1
[   11.083260] initcall alsa_timer_init+0x0/0x1f0 returned 0 after 3546 usecs
[   11.094899] calling  snd_hrtimer_init+0x0/0x117 @ 1
[   11.103123] initcall snd_hrtimer_init+0x0/0x117 returned 0 after 2 usecs
[   11.114329] calling  alsa_pcm_init+0x0/0x64 @ 1
[   11.122812] initcall alsa_pcm_init+0x0/0x64 returned 0 after 468 usecs
[   11.133781] calling  alsa_seq_init+0x0/0x4a @ 1
[   11.144224] initcall alsa_seq_init+0x0/0x4a returned 0 after 2405 usecs
[   11.156505] calling  alsa_seq_dummy_init+0x0/0x9c @ 1
[   11.167681] initcall alsa_seq_dummy_init+0x0/0x9c returned 0 after 1932 usecs
[   11.182107] calling  azx_driver_init+0x0/0x15 @ 1
[   11.190704] initcall azx_driver_init+0x0/0x15 returned 0 after 869 usecs
[   11.202910] calling  sock_diag_init+0x0/0x2a @ 1
[   11.213919] initcall sock_diag_init+0x0/0x2a returned 0 after 3338 usecs
[   11.224928] calling  blackhole_init+0x0/0xc @ 1
[   11.232231] initcall blackhole_init+0x0/0xc returned 0 after 71 usecs
[   11.243255] calling  nfnetlink_init+0x0/0x57 @ 1
[   11.251710] initcall nfnetlink_init+0x0/0x57 returned 0 after 94 usecs
[   11.263737] calling  nfnetlink_log_init+0x0/0x99 @ 1
[   11.273060] initcall nfnetlink_log_init+0x0/0x99 returned 0 after 477 usecs
[   11.285966] calling  nf_conntrack_standalone_init+0x0/0x87 @ 1
[   11.300021] initcall nf_conntrack_standalone_init+0x0/0x87 returned 0 after 4223 usecs
[   11.316204] calling  ctnetlink_init+0x0/0x83 @ 1
[   11.324026] initcall ctnetlink_init+0x0/0x83 returned 0 after 13 usecs
[   11.335113] calling  nf_conntrack_ftp_init+0x0/0x12c @ 1
[   11.347279] initcall nf_conntrack_ftp_init+0x0/0x12c returned 0 after 2620 usecs
[   11.360181] calling  nf_conntrack_irc_init+0x0/0x129 @ 1
[   11.370073] initcall nf_conntrack_irc_init+0x0/0x129 returned 0 after 910 usecs
[   11.379953] calling  nf_conntrack_sip_init+0x0/0x172 @ 1
[   11.387337] initcall nf_conntrack_sip_init+0x0/0x172 returned 0 after 7 usecs
[   11.397180] calling  nf_nat_init+0x0/0xd2 @ 1
[   11.406392] initcall nf_nat_init+0x0/0xd2 returned 0 after 3060 usecs
[   11.418450] calling  nf_nat_ftp_init+0x0/0x2a @ 1
[   11.426988] initcall nf_nat_ftp_init+0x0/0x2a returned 0 after 934 usecs
[   11.437793] calling  nf_nat_irc_init+0x0/0x2a @ 1
[   11.445531] initcall nf_nat_irc_init+0x0/0x2a returned 0 after 14 usecs
[   11.456376] calling  nf_nat_sip_init+0x0/0x36 @ 1
[   11.464010] initcall nf_nat_sip_init+0x0/0x36 returned 0 after 1 usecs
[   11.474530] calling  xt_init+0x0/0xf8 @ 1
[   11.481545] initcall xt_init+0x0/0xf8 returned 0 after 119 usecs
[   11.491856] calling  tcpudp_mt_init+0x0/0x11 @ 1
[   11.498668] initcall tcpudp_mt_init+0x0/0x11 returned 0 after 44 usecs
[   11.504501] rcu_torture_rea (114) used greatest stack depth: 15408 bytes left
[   11.508237] calling  connsecmark_tg_init+0x0/0xc @ 1
[   11.508243] initcall connsecmark_tg_init+0x0/0xc returned 0 after 0 usecs
[   11.519771] rcu_torture_rea (115) used greatest stack depth: 15184 bytes left
[   11.526859] calling  nflog_tg_init+0x0/0xc @ 1
[   11.526863] initcall nflog_tg_init+0x0/0xc returned 0 after 0 usecs
[   11.526865] calling  secmark_tg_init+0x0/0x11 @ 1
[   11.526868] initcall secmark_tg_init+0x0/0x11 returned 0 after 0 usecs
[   11.526870] calling  tcpmss_tg_init+0x0/0x11 @ 1
[   11.526872] initcall tcpmss_tg_init+0x0/0x11 returned 0 after 0 usecs
[   11.526874] calling  conntrack_mt_init+0x0/0x11 @ 1
