c[?7l[2J[0mSeaBIOS (version 1.16.0-debian-1.16.0-4)
Booting from ROM...
early console in setup code
c[?7l[2J[    0.000000] Linux version 5.10.157+ (root@joelboxx.c.googlers.com) (gcc (Debian 12.2.0-3) 12.2.0, GNU ld (GNU Binutils for Debian) 2.39) #13 SMP PREEMPT Tue Dec 13 03:40:30 UTC 2022
[    0.000000] Command line: selinux=0 initcall_debug debug console=ttyS0 rcutorture.torture_type=tasks nohz_full=1 rcutorture.onoff_interval=1000 rcutorture.onoff_holdoff=30 rcutorture.n_barrier_cbs=4 rcutorture.stat_interval=15 rcutorture.shutdown_secs=1800 rcutorture.test_no_idle_hz=1 rcutorture.verbose=1
[    0.000000] x86/fpu: x87 FPU will use FXSAVE
[    0.000000] BIOS-provided physical RAM map:
[    0.000000] BIOS-e820: [mem 0x0000000000000000-0x000000000009fbff] usable
[    0.000000] BIOS-e820: [mem 0x000000000009fc00-0x000000000009ffff] reserved
[    0.000000] BIOS-e820: [mem 0x00000000000f0000-0x00000000000fffff] reserved
[    0.000000] BIOS-e820: [mem 0x0000000000100000-0x000000001ffdefff] usable
[    0.000000] BIOS-e820: [mem 0x000000001ffdf000-0x000000001fffffff] reserved
[    0.000000] BIOS-e820: [mem 0x00000000b0000000-0x00000000bfffffff] reserved
[    0.000000] BIOS-e820: [mem 0x00000000fed1c000-0x00000000fed1ffff] reserved
[    0.000000] BIOS-e820: [mem 0x00000000feffc000-0x00000000feffffff] reserved
[    0.000000] BIOS-e820: [mem 0x00000000fffc0000-0x00000000ffffffff] reserved
[    0.000000] NX (Execute Disable) protection: active
[    0.000000] SMBIOS 2.8 present.
[    0.000000] DMI: QEMU Standard PC (Q35 + ICH9, 2009), BIOS 1.16.0-debian-1.16.0-4 04/01/2014
[    0.000000] Hypervisor detected: KVM
[    0.000000] kvm-clock: Using msrs 4b564d01 and 4b564d00
[    0.000000] kvm-clock: cpu 0, msr 180bd001, primary cpu clock
[    0.000001] kvm-clock: using sched offset of 1989567787 cycles
[    0.000281] clocksource: kvm-clock: mask: 0xffffffffffffffff max_cycles: 0x1cd42e4dffb, max_idle_ns: 881590591483 ns
[    0.000433] tsc: Detected 1999.999 MHz processor
[    0.008896] e820: update [mem 0x00000000-0x00000fff] usable ==> reserved
[    0.008901] e820: remove [mem 0x000a0000-0x000fffff] usable
[    0.008908] last_pfn = 0x1ffdf max_arch_pfn = 0x400000000
[    0.009968] MTRR default type: write-back
[    0.010074] MTRR fixed ranges enabled:
[    0.010076]   00000-9FFFF write-back
[    0.010078]   A0000-BFFFF uncachable
[    0.010079]   C0000-FFFFF write-protect
[    0.010081] MTRR variable ranges enabled:
[    0.010083]   0 base 00C0000000 mask FFC0000000 uncachable
[    0.010084]   1 disabled
[    0.010085]   2 disabled
[    0.010086]   3 disabled
[    0.010086]   4 disabled
[    0.010087]   5 disabled
[    0.010088]   6 disabled
[    0.010089]   7 disabled
[    0.010708] x86/PAT: Configuration [0-7]: WB  WC  UC- UC  WB  WC  UC- UC  
[    0.020051] found SMP MP-table at [mem 0x000f5ba0-0x000f5baf]
[    0.023383] check: Scanning 1 areas for low memory corruption
[    0.038162] ACPI: Early table checksum verification disabled
[    0.041221] ACPI: RSDP 0x00000000000F59E0 000014 (v00 BOCHS )
[    0.041686] ACPI: RSDT 0x000000001FFE22F5 000038 (v01 BOCHS  BXPC     00000001 BXPC 00000001)
[    0.042169] ACPI: FACP 0x000000001FFE20E5 0000F4 (v03 BOCHS  BXPC     00000001 BXPC 00000001)
[    0.042291] ACPI: DSDT 0x000000001FFE0040 0020A5 (v01 BOCHS  BXPC     00000001 BXPC 00000001)
[    0.042296] ACPI: FACS 0x000000001FFE0000 000040
[    0.042300] ACPI: APIC 0x000000001FFE21D9 000080 (v01 BOCHS  BXPC     00000001 BXPC 00000001)
[    0.042305] ACPI: HPET 0x000000001FFE2259 000038 (v01 BOCHS  BXPC     00000001 BXPC 00000001)
[    0.042309] ACPI: MCFG 0x000000001FFE2291 00003C (v01 BOCHS  BXPC     00000001 BXPC 00000001)
[    0.042313] ACPI: WAET 0x000000001FFE22CD 000028 (v01 BOCHS  BXPC     00000001 BXPC 00000001)
[    0.042318] ACPI: Reserving FACP table memory at [mem 0x1ffe20e5-0x1ffe21d8]
[    0.042320] ACPI: Reserving DSDT table memory at [mem 0x1ffe0040-0x1ffe20e4]
[    0.042321] ACPI: Reserving FACS table memory at [mem 0x1ffe0000-0x1ffe003f]
[    0.042322] ACPI: Reserving APIC table memory at [mem 0x1ffe21d9-0x1ffe2258]
[    0.042323] ACPI: Reserving HPET table memory at [mem 0x1ffe2259-0x1ffe2290]
[    0.042324] ACPI: Reserving MCFG table memory at [mem 0x1ffe2291-0x1ffe22cc]
[    0.042325] ACPI: Reserving WAET table memory at [mem 0x1ffe22cd-0x1ffe22f4]
[    0.043762] ACPI: Local APIC address 0xfee00000
[    0.049160] No NUMA configuration found
[    0.049163] Faking a node at [mem 0x0000000000000000-0x000000001ffdefff]
[    0.049516] NODE_DATA(0) allocated [mem 0x1ffdb000-0x1ffdefff]
[    0.050907] Zone ranges:
[    0.051063]   DMA      [mem 0x0000000000001000-0x0000000000ffffff]
[    0.051132]   DMA32    [mem 0x0000000001000000-0x000000001ffdefff]
[    0.051134]   Normal   empty
[    0.051136] Movable zone start for each node
[    0.051190] Early memory node ranges
[    0.051193]   node   0: [mem 0x0000000000001000-0x000000000009efff]
[    0.051281]   node   0: [mem 0x0000000000100000-0x000000001ffdefff]
[    0.051424] Initmem setup node 0 [mem 0x0000000000001000-0x000000001ffdefff]
[    0.051426] On node 0 totalpages: 130941
[    0.051620]   DMA zone: 64 pages used for memmap
[    0.051622]   DMA zone: 21 pages reserved
[    0.051623]   DMA zone: 3998 pages, LIFO batch:0
[    0.051625]   DMA32 zone: 1984 pages used for memmap
[    0.051626]   DMA32 zone: 126943 pages, LIFO batch:31
[    0.053904] On node 0, zone DMA: 1 pages in unavailable ranges
[    0.058818] On node 0, zone DMA: 97 pages in unavailable ranges
[    0.235371] On node 0, zone DMA32: 33 pages in unavailable ranges
[    0.243127] ACPI: PM-Timer IO Port: 0x608
[    0.243212] ACPI: Local APIC address 0xfee00000
[    0.243961] ACPI: LAPIC_NMI (acpi_id[0xff] dfl dfl lint[0x1])
[    0.245808] IOAPIC[0]: apic_id 0, version 17, address 0xfec00000, GSI 0-23
[    0.245814] ACPI: INT_SRC_OVR (bus 0 bus_irq 0 global_irq 2 dfl dfl)
[    0.246174] ACPI: INT_SRC_OVR (bus 0 bus_irq 5 global_irq 5 high level)
[    0.246178] ACPI: INT_SRC_OVR (bus 0 bus_irq 9 global_irq 9 high level)
[    0.246360] ACPI: INT_SRC_OVR (bus 0 bus_irq 10 global_irq 10 high level)
[    0.246362] ACPI: INT_SRC_OVR (bus 0 bus_irq 11 global_irq 11 high level)
[    0.246365] ACPI: IRQ0 used by override.
[    0.246367] ACPI: IRQ5 used by override.
[    0.246368] ACPI: IRQ9 used by override.
[    0.246370] ACPI: IRQ10 used by override.
[    0.246371] ACPI: IRQ11 used by override.
[    0.246475] Using ACPI (MADT) for SMP configuration information
[    0.246579] ACPI: HPET id: 0x8086a201 base: 0xfed00000
[    0.248174] smpboot: Allowing 2 CPUs, 0 hotplug CPUs
[    0.251554] PM: hibernation: Registered nosave memory: [mem 0x00000000-0x00000fff]
[    0.251558] PM: hibernation: Registered nosave memory: [mem 0x0009f000-0x0009ffff]
[    0.251559] PM: hibernation: Registered nosave memory: [mem 0x000a0000-0x000effff]
[    0.251560] PM: hibernation: Registered nosave memory: [mem 0x000f0000-0x000fffff]
[    0.251708] [mem 0x20000000-0xafffffff] available for PCI devices
[    0.251925] Booting paravirtualized kernel on KVM
[    0.252733] clocksource: refined-jiffies: mask: 0xffffffff max_cycles: 0xffffffff, max_idle_ns: 1910969940391419 ns
[    0.296237] setup_percpu: NR_CPUS:2 nr_cpumask_bits:2 nr_cpu_ids:2 nr_node_ids:1
[    0.399706] percpu: Embedded 56 pages/cpu s191448 r8192 d29736 u1048576
[    0.399797] pcpu-alloc: s191448 r8192 d29736 u1048576 alloc=1*2097152
[    0.399881] pcpu-alloc: [0] 0 1 
[    0.400763] kvm-guest: stealtime: cpu 0, msr 1f41b600
[    0.401194] Built 1 zonelists, mobility grouping on.  Total pages: 128872
[    0.401196] Policy zone: DMA32
[    0.401341] Kernel command line: selinux=0 initcall_debug debug console=ttyS0 rcutorture.torture_type=tasks nohz_full=1 rcutorture.onoff_interval=1000 rcutorture.onoff_holdoff=30 rcutorture.n_barrier_cbs=4 rcutorture.stat_interval=15 rcutorture.shutdown_secs=1800 rcutorture.test_no_idle_hz=1 rcutorture.verbose=1
[    0.409574] Dentry cache hash table entries: 65536 (order: 7, 524288 bytes, linear)
[    0.409647] Inode-cache hash table entries: 32768 (order: 6, 262144 bytes, linear)
[    0.413049] mem auto-init: stack:all(zero), heap alloc:off, heap free:off
[    0.438785] Memory: 479080K/523764K available (16397K kernel code, 2543K rwdata, 4708K rodata, 1508K init, 1396K bss, 44424K reserved, 0K cma-reserved)
[    0.440636] SLUB: HWalign=64, Order=0-3, MinObjects=0, CPUs=2, Nodes=1
[    0.441566] Kernel/User page tables isolation: enabled
[    0.467510] rcu: Preemptible hierarchical RCU implementation.
[    0.467515] rcu: 	RCU event tracing is enabled.
[    0.467630] 	Trampoline variant of Tasks RCU enabled.
[    0.467631] 	Rude variant of Tasks RCU enabled.
[    0.467633] 	Tracing variant of Tasks RCU enabled.
[    0.467737] rcu: RCU calculated value of scheduler-enlistment delay is 100 jiffies.
[    0.502205] NR_IRQS: 4352, nr_irqs: 440, preallocated irqs: 16
[    0.507894] NO_HZ: Full dynticks CPUs: 1.
[    0.507898] rcu: 	Offload RCU callbacks from CPUs: 1.
[    0.512262] calling  con_init+0x0/0x22a @ 0
[    0.721294] Console: colour VGA+ 80x25
[    0.721308] initcall con_init+0x0/0x22a returned 0 after 0 usecs
[    0.721395] calling  hvc_console_init+0x0/0x13 @ 0
[    0.721562] initcall hvc_console_init+0x0/0x13 returned 0 after 0 usecs
[    0.721564] calling  univ8250_console_init+0x0/0x26 @ 0
[    1.684180] printk: console [ttyS0] enabled
[    1.690793] initcall univ8250_console_init+0x0/0x26 returned 0 after 0 usecs
[    1.705662] ACPI: Core revision 20200925
[    1.722108] clocksource: hpet: mask: 0xffffffff max_cycles: 0xffffffff, max_idle_ns: 19112604467 ns
[    1.739742] APIC: Switch to symmetric I/O mode setup
[    1.793809] ..TIMER: vector=0x30 apic1=0 pin1=2 apic2=-1 pin2=-1
[    1.802113] clocksource: tsc-early: mask: 0xffffffffffffffff max_cycles: 0x39a85afc727, max_idle_ns: 881590685098 ns
[    1.814502] Calibrating delay loop (skipped) preset value.. 3999.99 BogoMIPS (lpj=1999999)
[    1.815738] pid_max: default: 32768 minimum: 301
[    1.820962] LSM: Security Framework initializing
[    1.824102] Mount-cache hash table entries: 1024 (order: 1, 8192 bytes, linear)
[    1.825039] Mountpoint-cache hash table entries: 1024 (order: 1, 8192 bytes, linear)
[    1.849217] Last level iTLB entries: 4KB 0, 2MB 0, 4MB 0
[    1.849571] Last level dTLB entries: 4KB 0, 2MB 0, 4MB 0, 1GB 0
[    1.851022] Spectre V1 : Mitigation: usercopy/swapgs barriers and __user pointer sanitization
[    1.851612] Spectre V2 : Mitigation: Retpolines
[    1.852569] Spectre V2 : Spectre v2 / SpectreRSB mitigation: Filling RSB on context switch
[    1.853570] Spectre V2 : Spectre v2 / SpectreRSB : Filling RSB on VMEXIT
[    1.854570] Speculative Store Bypass: Vulnerable
[    1.855699] MDS: Vulnerable: Clear CPU buffers attempted, no microcode
[    1.856569] MMIO Stale Data: Unknown: No mitigations
[    1.999786] Freeing SMP alternatives memory: 40K
[    2.108447] smpboot: CPU0: Intel Common KVM processor (family: 0xf, model: 0x6, stepping: 0x1)
[    2.111601] calling  init_hw_perf_events+0x0/0x6ce @ 1
[    2.112570] Performance Events: unsupported Netburst CPU model 6 no PMU driver, software events only.
[    2.113577] initcall init_hw_perf_events+0x0/0x6ce returned 0 after 976 usecs
[    2.114575] calling  init_real_mode+0x0/0x1e9 @ 1
[    2.115984] initcall init_real_mode+0x0/0x1e9 returned 0 after 0 usecs
[    2.116573] calling  trace_init_perf_perm_irq_work_exit+0x0/0x12 @ 1
[    2.117572] initcall trace_init_perf_perm_irq_work_exit+0x0/0x12 returned 0 after 0 usecs
[    2.118587] calling  validate_x2apic+0x0/0x4a @ 1
[    2.119595] initcall validate_x2apic+0x0/0x4a returned 0 after 0 usecs
[    2.120573] calling  register_nmi_cpu_backtrace_handler+0x0/0x15 @ 1
[    2.121573] initcall register_nmi_cpu_backtrace_handler+0x0/0x15 returned 0 after 0 usecs
[    2.122572] calling  kvm_setup_vsyscall_timeinfo+0x0/0xd1 @ 1
[    2.123572] initcall kvm_setup_vsyscall_timeinfo+0x0/0xd1 returned 0 after 0 usecs
[    2.124583] calling  spawn_ksoftirqd+0x0/0x38 @ 1
[    2.125816] initcall spawn_ksoftirqd+0x0/0x38 returned 0 after 0 usecs
[    2.126573] calling  migration_init+0x0/0x3d @ 1
[    2.127571] initcall migration_init+0x0/0x3d returned 0 after 0 usecs
[    2.128572] calling  srcu_bootup_announce+0x0/0x2f @ 1
[    2.129587] rcu: Hierarchical SRCU implementation.
[    2.130571] initcall srcu_bootup_announce+0x0/0x2f returned 0 after 976 usecs
[    2.131571] calling  rcu_spawn_gp_kthread+0x0/0x1dd @ 1
[    2.132895] initcall rcu_spawn_gp_kthread+0x0/0x1dd returned 0 after 0 usecs
[    2.133582] calling  check_cpu_stall_init+0x0/0x1a @ 1
[    2.134574] initcall check_cpu_stall_init+0x0/0x1a returned 0 after 0 usecs
[    2.135571] calling  rcu_sysrq_init+0x0/0x21 @ 1
[    2.136579] initcall rcu_sysrq_init+0x0/0x21 returned 0 after 0 usecs
[    2.137583] calling  trace_init_flags_sys_enter+0x0/0xe @ 1
[    2.138572] initcall trace_init_flags_sys_enter+0x0/0xe returned 0 after 0 usecs
[    2.139570] calling  trace_init_flags_sys_exit+0x0/0xe @ 1
[    2.140572] initcall trace_init_flags_sys_exit+0x0/0xe returned 0 after 0 usecs
[    2.141572] calling  cpu_stop_init+0x0/0x6e @ 1
[    2.142875] initcall cpu_stop_init+0x0/0x6e returned 0 after 0 usecs
[    2.143571] calling  init_kprobes+0x0/0x165 @ 1
[    2.145924] initcall init_kprobes+0x0/0x165 returned 0 after 976 usecs
[    2.146572] calling  init_events+0x0/0x3d @ 1
[    2.148022] initcall init_events+0x0/0x3d returned 0 after 0 usecs
[    2.148571] calling  init_trace_printk+0x0/0xc @ 1
[    2.149585] initcall init_trace_printk+0x0/0xc returned 0 after 0 usecs
[    2.150571] calling  event_trace_enable_again+0x0/0x23 @ 1
[    2.151571] initcall event_trace_enable_again+0x0/0x23 returned 0 after 0 usecs
[    2.152570] calling  static_call_init+0x0/0x77 @ 1
[    2.153583] initcall static_call_init+0x0/0x77 returned 0 after 0 usecs
[    2.154570] calling  jump_label_init_module+0x0/0xc @ 1
[    2.155571] initcall jump_label_init_module+0x0/0xc returned 0 after 0 usecs
[    2.156585] calling  init_zero_pfn+0x0/0x37 @ 1
[    2.157570] initcall init_zero_pfn+0x0/0x37 returned 0 after 0 usecs
[    2.158572] calling  initialize_ptr_random+0x0/0x54 @ 1
[    2.159574] initcall initialize_ptr_random+0x0/0x54 returned 0 after 0 usecs
[    2.160590] calling  efi_memreserve_root_init+0x0/0x25 @ 1
[    2.161625] initcall efi_memreserve_root_init+0x0/0x25 returned 0 after 0 usecs
[    2.162576] calling  efi_earlycon_remap_fb+0x0/0x51 @ 1
[    2.163576] initcall efi_earlycon_remap_fb+0x0/0x51 returned 0 after 0 usecs
[    2.165715] smp: Bringing up secondary CPUs ...
[    2.169648] x86: Booting SMP configuration:
[    2.170608] .... node  #0, CPUs:      #1
[    1.300227] kvm-clock: cpu 1, msr 180bd041, secondary cpu clock
[    2.198028] kvm-guest: stealtime: cpu 1, msr 1f51b600
[    2.214594] smp: Brought up 1 node, 2 CPUs
[    2.215571] smpboot: Max logical packages: 1
[    2.216570] smpboot: Total of 2 processors activated (7999.99 BogoMIPS)
[    2.226145] devtmpfs: initialized
[    2.229029] calling  ipc_ns_init+0x0/0x3d @ 1
[    2.229630] initcall ipc_ns_init+0x0/0x3d returned 0 after 0 usecs
[    2.230573] calling  init_mmap_min_addr+0x0/0x21 @ 1
[    2.231572] initcall init_mmap_min_addr+0x0/0x21 returned 0 after 0 usecs
[    2.232584] calling  pci_realloc_setup_params+0x0/0x3f @ 1
[    2.233574] initcall pci_realloc_setup_params+0x0/0x3f returned 0 after 0 usecs
[    2.234573] calling  net_ns_init+0x0/0x140 @ 1
[    2.236675] initcall net_ns_init+0x0/0x140 returned 0 after 976 usecs
[    2.237592] calling  e820__register_nvs_regions+0x0/0x37 @ 1
[    2.238573] initcall e820__register_nvs_regions+0x0/0x37 returned 0 after 0 usecs
[    2.239574] calling  cpufreq_register_tsc_scaling+0x0/0x2e @ 1
[    2.240575] initcall cpufreq_register_tsc_scaling+0x0/0x2e returned 0 after 0 usecs
[    2.241576] calling  reboot_init+0x0/0x3c @ 1
[    2.242634] initcall reboot_init+0x0/0x3c returned 0 after 0 usecs
[    2.243575] calling  init_lapic_sysfs+0x0/0x20 @ 1
[    2.244574] initcall init_lapic_sysfs+0x0/0x20 returned 0 after 0 usecs
[    2.245573] calling  alloc_frozen_cpus+0x0/0x7 @ 1
[    2.246572] initcall alloc_frozen_cpus+0x0/0x7 returned 0 after 0 usecs
[    2.247572] calling  cpu_hotplug_pm_sync_init+0x0/0x13 @ 1
[    2.248573] initcall cpu_hotplug_pm_sync_init+0x0/0x13 returned 0 after 0 usecs
[    2.249574] calling  wq_sysfs_init+0x0/0x2a @ 1
[    2.250635] initcall wq_sysfs_init+0x0/0x2a returned 0 after 0 usecs
[    2.251571] calling  ksysfs_init+0x0/0x92 @ 1
[    2.252649] initcall ksysfs_init+0x0/0x92 returned 0 after 0 usecs
[    2.253571] calling  schedutil_gov_init+0x0/0xc @ 1
[    2.254635] initcall schedutil_gov_init+0x0/0xc returned 0 after 0 usecs
[    2.255573] calling  pm_init+0x0/0x76 @ 1
[    2.256675] initcall pm_init+0x0/0x76 returned 0 after 0 usecs
[    2.257573] calling  pm_disk_init+0x0/0x13 @ 1
[    2.258631] initcall pm_disk_init+0x0/0x13 returned 0 after 0 usecs
[    2.259574] calling  swsusp_header_init+0x0/0x2b @ 1
[    2.260577] initcall swsusp_header_init+0x0/0x2b returned 0 after 0 usecs
[    2.261573] calling  rcu_set_runtime_mode+0x0/0x16 @ 1
[    2.262728] initcall rcu_set_runtime_mode+0x0/0x16 returned 0 after 0 usecs
[    2.263573] calling  init_jiffies_clocksource+0x0/0x13 @ 1
[    2.264571] clocksource: jiffies: mask: 0xffffffff max_cycles: 0xffffffff, max_idle_ns: 1911260446275000 ns
[    2.265574] initcall init_jiffies_clocksource+0x0/0x13 returned 0 after 976 usecs
[    2.266572] calling  futex_init+0x0/0xfa @ 1
[    2.267574] futex hash table entries: 512 (order: 3, 32768 bytes, linear)
[    2.269052] initcall futex_init+0x0/0xfa returned 0 after 976 usecs
[    2.269573] calling  cgroup_wq_init+0x0/0x28 @ 1
[    2.270578] initcall cgroup_wq_init+0x0/0x28 returned 0 after 0 usecs
[    2.271572] calling  cgroup1_wq_init+0x0/0x28 @ 1
[    2.272575] initcall cgroup1_wq_init+0x0/0x28 returned 0 after 0 usecs
[    2.274594] calling  init_kprobe_trace_early+0x0/0x2a @ 1
[    2.275606] initcall init_kprobe_trace_early+0x0/0x2a returned 0 after 0 usecs
[    2.276573] calling  fsnotify_init+0x0/0x48 @ 1
[    2.277584] initcall fsnotify_init+0x0/0x48 returned 0 after 0 usecs
[    2.278572] calling  filelock_init+0x0/0x96 @ 1
[    2.279581] initcall filelock_init+0x0/0x96 returned 0 after 0 usecs
[    2.280572] calling  init_misc_binfmt+0x0/0x2c @ 1
[    2.281586] initcall init_misc_binfmt+0x0/0x2c returned 0 after 0 usecs
[    2.282572] calling  init_script_binfmt+0x0/0x15 @ 1
[    2.283573] initcall init_script_binfmt+0x0/0x15 returned 0 after 0 usecs
[    2.284585] calling  init_elf_binfmt+0x0/0x15 @ 1
[    2.285575] initcall init_elf_binfmt+0x0/0x15 returned 0 after 0 usecs
[    2.286573] calling  init_compat_elf_binfmt+0x0/0x15 @ 1
[    2.287574] initcall init_compat_elf_binfmt+0x0/0x15 returned 0 after 0 usecs
[    2.288573] calling  debugfs_init+0x0/0x5c @ 1
[    2.290575] initcall debugfs_init+0x0/0x5c returned 0 after 976 usecs
[    2.291573] calling  tracefs_init+0x0/0x3a @ 1
[    2.292579] initcall tracefs_init+0x0/0x3a returned 0 after 0 usecs
[    2.293572] calling  prandom_init_early+0x0/0x15d @ 1
[    2.294572] initcall prandom_init_early+0x0/0x15d returned 0 after 0 usecs
[    2.295681] calling  virtio_init+0x0/0x20 @ 1
[    2.297686] initcall virtio_init+0x0/0x20 returned 0 after 976 usecs
[    2.298573] calling  iommu_init+0x0/0x2a @ 1
[    2.299621] initcall iommu_init+0x0/0x2a returned 0 after 0 usecs
[    2.300572] calling  component_debug_init+0x0/0x1c @ 1
[    2.301619] initcall component_debug_init+0x0/0x1c returned 0 after 0 usecs
[    2.302572] calling  early_resume_init+0x0/0xb9 @ 1
[    2.304569] PM: RTC time: 03:48:45, date: 2022-12-13
[    2.305574] initcall early_resume_init+0x0/0xb9 returned 0 after 1953 usecs
[    2.306573] calling  cpufreq_core_init+0x0/0x62 @ 1
[    2.308610] initcall cpufreq_core_init+0x0/0x62 returned 0 after 0 usecs
[    2.309573] calling  cpufreq_gov_performance_init+0x0/0xc @ 1
[    2.310573] initcall cpufreq_gov_performance_init+0x0/0xc returned 0 after 0 usecs
[    2.311575] calling  cpufreq_gov_userspace_init+0x0/0xc @ 1
[    2.313580] initcall cpufreq_gov_userspace_init+0x0/0xc returned 0 after 0 usecs
[    2.314575] calling  CPU_FREQ_GOV_ONDEMAND_init+0x0/0xc @ 1
[    2.315574] initcall CPU_FREQ_GOV_ONDEMAND_init+0x0/0xc returned 0 after 0 usecs
[    2.316575] calling  cpuidle_init+0x0/0x1f @ 1
[    2.317601] initcall cpuidle_init+0x0/0x1f returned 0 after 0 usecs
[    2.318574] calling  capsule_reboot_register+0x0/0xc @ 1
[    2.319598] initcall capsule_reboot_register+0x0/0xc returned 0 after 0 usecs
[    2.320577] calling  sock_init+0x0/0x93 @ 1
[    2.322852] initcall sock_init+0x0/0x93 returned 0 after 976 usecs
[    2.323574] calling  net_inuse_init+0x0/0x23 @ 1
[    2.324577] initcall net_inuse_init+0x0/0x23 returned 0 after 0 usecs
[    2.325572] calling  net_defaults_init+0x0/0x23 @ 1
[    2.326573] initcall net_defaults_init+0x0/0x23 returned 0 after 0 usecs
[    2.327574] calling  init_default_flow_dissectors+0x0/0x4f @ 1
[    2.328574] initcall init_default_flow_dissectors+0x0/0x4f returned 0 after 0 usecs
[    2.329572] calling  netpoll_init+0x0/0x26 @ 1
[    2.330572] initcall netpoll_init+0x0/0x26 returned 0 after 0 usecs
[    2.331572] calling  netlink_proto_init+0x0/0x14f @ 1
[    2.334701] NET: Registered protocol family 16
[    2.336592] initcall netlink_proto_init+0x0/0x14f returned 0 after 3906 usecs
[    2.337601] calling  genl_init+0x0/0x35 @ 1
[    2.338613] initcall genl_init+0x0/0x35 returned 0 after 0 usecs
[    2.339630] calling  bsp_pm_check_init+0x0/0x13 @ 1
[    2.340577] initcall bsp_pm_check_init+0x0/0x13 returned 0 after 0 usecs
[    2.341592] calling  irq_sysfs_init+0x0/0xb7 @ 1
[    2.343170] initcall irq_sysfs_init+0x0/0xb7 returned 0 after 0 usecs
[    2.343573] calling  audit_init+0x0/0x160 @ 1
[    2.344574] audit: initializing netlink subsys (disabled)
[    2.346120] initcall audit_init+0x0/0x160 returned 0 after 976 usecs
[    2.346573] calling  release_early_probes+0x0/0x32 @ 1
[    2.348571] initcall release_early_probes+0x0/0x32 returned 0 after 0 usecs
[    2.349573] calling  bdi_class_init+0x0/0x48 @ 1
[    2.350591] initcall bdi_class_init+0x0/0x48 returned 0 after 0 usecs
[    2.351586] calling  mm_sysfs_init+0x0/0x28 @ 1
[    2.352577] audit: type=2000 audit(1670903323.184:1): state=initialized audit_enabled=0 res=1
[    2.352756] initcall mm_sysfs_init+0x0/0x28 returned 0 after 0 usecs
[    2.360577] calling  init_per_zone_wmark_min+0x0/0x6d @ 1
[    2.366579] initcall init_per_zone_wmark_min+0x0/0x6d returned 0 after 0 usecs
[    2.373574] calling  mpi_init+0x0/0x3e @ 1
[    2.380577] initcall mpi_init+0x0/0x3e returned 0 after 976 usecs
[    2.387583] calling  kobject_uevent_init+0x0/0xc @ 1
[    2.393904] initcall kobject_uevent_init+0x0/0xc returned 0 after 0 usecs
[    2.401576] calling  pcibus_class_init+0x0/0x13 @ 1
[    2.407718] initcall pcibus_class_init+0x0/0x13 returned 0 after 0 usecs
[    2.414573] calling  pci_driver_init+0x0/0x21 @ 1
[    2.420635] initcall pci_driver_init+0x0/0x21 returned 0 after 0 usecs
[    2.427574] calling  backlight_class_init+0x0/0xa8 @ 1
[    2.433636] initcall backlight_class_init+0x0/0xa8 returned 0 after 0 usecs
[    2.441574] calling  tty_class_init+0x0/0x33 @ 1
[    2.447578] initcall tty_class_init+0x0/0x33 returned 0 after 0 usecs
[    2.454576] calling  vtconsole_class_init+0x0/0xb5 @ 1
[    2.461680] initcall vtconsole_class_init+0x0/0xb5 returned 0 after 976 usecs
[    2.470576] calling  iommu_dev_init+0x0/0x13 @ 1
[    2.475598] initcall iommu_dev_init+0x0/0x13 returned 0 after 0 usecs
[    2.483572] calling  mipi_dsi_bus_init+0x0/0xc @ 1
[    2.489625] initcall mipi_dsi_bus_init+0x0/0xc returned 0 after 0 usecs
[    2.497573] calling  devlink_class_init+0x0/0x40 @ 1
[    2.502579] initcall devlink_class_init+0x0/0x40 returned 0 after 0 usecs
[    2.510573] calling  software_node_init+0x0/0x2a @ 1
[    2.515577] initcall software_node_init+0x0/0x2a returned 0 after 0 usecs
[    2.523578] calling  wakeup_sources_debugfs_init+0x0/0x23 @ 1
[    2.530959] initcall wakeup_sources_debugfs_init+0x0/0x23 returned 0 after 0 usecs
[    2.539576] calling  wakeup_sources_sysfs_init+0x0/0x2c @ 1
[    2.546588] initcall wakeup_sources_sysfs_init+0x0/0x2c returned 0 after 0 usecs
[    2.554574] calling  register_node_type+0x0/0x13 @ 1
[    2.560638] initcall register_node_type+0x0/0x13 returned 0 after 0 usecs
[    2.568574] calling  regmap_initcall+0x0/0xc @ 1
[    2.574602] initcall regmap_initcall+0x0/0xc returned 0 after 0 usecs
[    2.581574] calling  i2c_init+0x0/0xb3 @ 1
[    2.586749] initcall i2c_init+0x0/0xb3 returned 0 after 976 usecs
[    2.594574] calling  thermal_init+0x0/0xf2 @ 1
[    2.599614] thermal_sys: Registered thermal governor 'step_wise'
[    2.599615] thermal_sys: Registered thermal governor 'user_space'
[    2.606585] initcall thermal_init+0x0/0xf2 returned 0 after 6835 usecs
[    2.620573] calling  init_menu+0x0/0xc @ 1
[    2.626973] cpuidle: using governor menu
[    2.628577] initcall init_menu+0x0/0xc returned 0 after 2929 usecs
[    2.629575] calling  pcc_init+0x0/0x4d @ 1
[    2.630590] initcall pcc_init+0x0/0x4d returned -19 after 0 usecs
[    2.631577] calling  amd_postcore_init+0x0/0x11e @ 1
[    2.632574] initcall amd_postcore_init+0x0/0x11e returned 0 after 0 usecs
[    2.633610] calling  bts_init+0x0/0xba @ 1
[    2.634574] initcall bts_init+0x0/0xba returned -19 after 0 usecs
[    2.635575] calling  pt_init+0x0/0x341 @ 1
[    2.636574] initcall pt_init+0x0/0x341 returned -19 after 0 usecs
[    2.637574] calling  boot_params_ksysfs_init+0x0/0x2ee @ 1
[    2.638648] initcall boot_params_ksysfs_init+0x0/0x2ee returned 0 after 0 usecs
[    2.639573] calling  sbf_init+0x0/0xea @ 1
[    2.640575] initcall sbf_init+0x0/0xea returned 0 after 0 usecs
[    2.642574] calling  arch_kdebugfs_init+0x0/0x219 @ 1
[    2.643611] initcall arch_kdebugfs_init+0x0/0x219 returned 0 after 0 usecs
[    2.644575] calling  intel_pconfig_init+0x0/0x85 @ 1
[    2.645574] initcall intel_pconfig_init+0x0/0x85 returned 0 after 0 usecs
[    2.646575] calling  mtrr_if_init+0x0/0x5d @ 1
[    2.647609] initcall mtrr_if_init+0x0/0x5d returned 0 after 0 usecs
[    2.648574] calling  activate_jump_labels+0x0/0x31 @ 1
[    2.649574] initcall activate_jump_labels+0x0/0x31 returned 0 after 0 usecs
[    2.650574] calling  ffh_cstate_init+0x0/0x29 @ 1
[    2.652577] initcall ffh_cstate_init+0x0/0x29 returned 0 after 0 usecs
[    2.653575] calling  activate_jump_labels+0x0/0x31 @ 1
[    2.655899] initcall activate_jump_labels+0x0/0x31 returned 0 after 976 usecs
[    2.656592] calling  kvm_alloc_cpumask+0x0/0x74 @ 1
[    2.657622] initcall kvm_alloc_cpumask+0x0/0x74 returned 0 after 0 usecs
[    2.658573] calling  kcmp_cookies_init+0x0/0x37 @ 1
[    2.659582] initcall kcmp_cookies_init+0x0/0x37 returned 0 after 0 usecs
[    2.660578] calling  cryptomgr_init+0x0/0xc @ 1
[    2.661654] initcall cryptomgr_init+0x0/0xc returned 0 after 0 usecs
[    2.662579] calling  acpi_pci_init+0x0/0x57 @ 1
[    2.663572] ACPI: bus type PCI registered
[    2.664574] initcall acpi_pci_init+0x0/0x57 returned 0 after 976 usecs
[    2.665574] calling  dma_channel_table_init+0x0/0xd1 @ 1
[    2.666580] initcall dma_channel_table_init+0x0/0xd1 returned 0 after 0 usecs
[    2.667573] calling  dma_bus_init+0x0/0xdc @ 1
[    2.669617] initcall dma_bus_init+0x0/0xdc returned 0 after 976 usecs
[    2.670642] calling  iommu_dma_init+0x0/0x10 @ 1
[    2.671605] initcall iommu_dma_init+0x0/0x10 returned 0 after 0 usecs
[    2.672598] calling  dmi_id_init+0x0/0x37c @ 1
[    2.674633] initcall dmi_id_init+0x0/0x37c returned 0 after 976 usecs
[    2.675574] calling  pci_arch_init+0x0/0x71 @ 1
[    2.677701] PCI: MMCONFIG for domain 0000 [bus 00-ff] at [mem 0xb0000000-0xbfffffff] (base 0xb0000000)
[    2.678576] PCI: MMCONFIG at [mem 0xb0000000-0xbfffffff] reserved in E820
[    2.679623] PCI: Using configuration type 1 for base access
[    2.680626] initcall pci_arch_init+0x0/0x71 returned 0 after 3906 usecs
[    2.681603] calling  init_vdso+0x0/0x13 @ 1
[    2.683582] initcall init_vdso+0x0/0x13 returned 0 after 976 usecs
[    2.684576] calling  sysenter_setup+0x0/0x13 @ 1
[    2.685630] initcall sysenter_setup+0x0/0x13 returned 0 after 0 usecs
[    2.686577] calling  fixup_ht_bug+0x0/0xe5 @ 1
[    2.687575] initcall fixup_ht_bug+0x0/0xe5 returned 0 after 0 usecs
[    2.688574] calling  topology_init+0x0/0x88 @ 1
[    2.689978] initcall topology_init+0x0/0x88 returned 0 after 0 usecs
[    2.690576] calling  intel_epb_init+0x0/0x68 @ 1
[    2.691574] initcall intel_epb_init+0x0/0x68 returned -19 after 0 usecs
[    2.692576] calling  mtrr_init_finialize+0x0/0x3e @ 1
[    2.693575] initcall mtrr_init_finialize+0x0/0x3e returned 0 after 0 usecs
[    2.694575] calling  uid_cache_init+0x0/0x85 @ 1
[    2.695577] initcall uid_cache_init+0x0/0x85 returned 0 after 0 usecs
[    2.696572] calling  param_sysfs_init+0x0/0x1ba @ 1
[    2.703151] initcall param_sysfs_init+0x0/0x1ba returned 0 after 4882 usecs
[    2.703585] calling  user_namespace_sysctl_init+0x0/0x33 @ 1
[    2.704649] initcall user_namespace_sysctl_init+0x0/0x33 returned 0 after 0 usecs
[    2.705571] calling  proc_schedstat_init+0x0/0x24 @ 1
[    2.706575] initcall proc_schedstat_init+0x0/0x24 returned 0 after 0 usecs
[    2.707583] calling  pm_sysrq_init+0x0/0x18 @ 1
[    2.708825] initcall pm_sysrq_init+0x0/0x18 returned 0 after 0 usecs
[    2.716663] calling  create_proc_profile+0x0/0xd0 @ 1
[    2.722576] initcall create_proc_profile+0x0/0xd0 returned 0 after 0 usecs
[    2.730575] calling  time_ns_init+0x0/0x7 @ 1
[    2.735575] initcall time_ns_init+0x0/0x7 returned 0 after 0 usecs
[    2.742576] calling  crash_save_vmcoreinfo_init+0x0/0x722 @ 1
[    2.749603] initcall crash_save_vmcoreinfo_init+0x0/0x722 returned 0 after 976 usecs
[    2.757571] calling  crash_notes_memory_init+0x0/0x35 @ 1
[    2.764578] initcall crash_notes_memory_init+0x0/0x35 returned 0 after 0 usecs
[    2.772578] calling  cgroup_sysfs_init+0x0/0x13 @ 1
[    2.778601] initcall cgroup_sysfs_init+0x0/0x13 returned 0 after 0 usecs
[    2.785573] calling  cgroup_namespaces_init+0x0/0x7 @ 1
[    2.791574] initcall cgroup_namespaces_init+0x0/0x7 returned 0 after 0 usecs
[    2.800574] calling  init_optprobes+0x0/0x13 @ 1
[    2.806572] Kprobes globally optimized
[    2.810573] initcall init_optprobes+0x0/0x13 returned 0 after 3906 usecs
[    2.818579] calling  oom_init+0x0/0x2f @ 1
[    2.823804] initcall oom_init+0x0/0x2f returned 0 after 0 usecs
[    2.830597] calling  default_bdi_init+0x0/0xb3 @ 1
[    2.836843] initcall default_bdi_init+0x0/0xb3 returned 0 after 976 usecs
[    2.844574] calling  percpu_enable_async+0x0/0xe @ 1
[    2.850574] initcall percpu_enable_async+0x0/0xe returned 0 after 0 usecs
[    2.858573] calling  kcompactd_init+0x0/0x8d @ 1
[    2.865141] initcall kcompactd_init+0x0/0x8d returned 0 after 976 usecs
[    2.872863] calling  init_user_reserve+0x0/0x40 @ 1
[    2.878593] initcall init_user_reserve+0x0/0x40 returned 0 after 0 usecs
[    2.885575] calling  init_admin_reserve+0x0/0x40 @ 1
[    2.891574] initcall init_admin_reserve+0x0/0x40 returned 0 after 0 usecs
[    2.899576] calling  init_reserve_notifier+0x0/0x7 @ 1
[    2.905574] initcall init_reserve_notifier+0x0/0x7 returned 0 after 0 usecs
[    2.913574] calling  swap_init_sysfs+0x0/0x62 @ 1
[    2.918584] initcall swap_init_sysfs+0x0/0x62 returned 0 after 0 usecs
[    2.926573] calling  swapfile_init+0x0/0x94 @ 1
[    2.931578] initcall swapfile_init+0x0/0x94 returned 0 after 0 usecs
[    2.938573] calling  hugetlb_init+0x0/0x499 @ 1
[    2.943635] HugeTLB registered 2.00 MiB page size, pre-allocated 0 pages
[    2.951619] initcall hugetlb_init+0x0/0x499 returned 0 after 7812 usecs
[    2.958573] calling  io_wq_init+0x0/0x34 @ 1
[    2.963574] initcall io_wq_init+0x0/0x34 returned 0 after 0 usecs
[    2.970573] calling  seqiv_module_init+0x0/0xc @ 1
[    2.975577] initcall seqiv_module_init+0x0/0xc returned 0 after 0 usecs
[    2.983572] calling  echainiv_module_init+0x0/0xc @ 1
[    2.988573] initcall echainiv_module_init+0x0/0xc returned 0 after 0 usecs
[    2.996641] calling  rsa_init+0x0/0x50 @ 1
[    3.002093] initcall rsa_init+0x0/0x50 returned 0 after 976 usecs
[    3.002633] cryptomgr_test (31) used greatest stack depth: 15184 bytes left
[    3.002588] calling  crypto_cmac_module_init+0x0/0xc @ 1
[    3.002595] initcall crypto_cmac_module_init+0x0/0xc returned 0 after 0 usecs
[    3.018574] calling  hmac_module_init+0x0/0xc @ 1
[    3.023573] initcall hmac_module_init+0x0/0xc returned 0 after 0 usecs
[    3.031572] calling  crypto_null_mod_init+0x0/0x65 @ 1
[    3.038589] cryptomgr_test (32) used greatest stack depth: 15136 bytes left
[    3.041856] initcall crypto_null_mod_init+0x0/0x65 returned 0 after 5859 usecs
[    3.050708] calling  md5_mod_init+0x0/0xc @ 1
[    3.056575] initcall md5_mod_init+0x0/0xc returned 0 after 976 usecs
[    3.064579] calling  sha256_generic_mod_init+0x0/0x11 @ 1
[    3.074873] initcall sha256_generic_mod_init+0x0/0x11 returned 0 after 1953 usecs
[    3.085577] calling  crypto_cbc_module_init+0x0/0xc @ 1
[    3.093574] initcall crypto_cbc_module_init+0x0/0xc returned 0 after 0 usecs
[    3.101573] calling  crypto_ctr_module_init+0x0/0x11 @ 1
[    3.108574] initcall crypto_ctr_module_init+0x0/0x11 returned 0 after 0 usecs
[    3.116573] calling  crypto_gcm_module_init+0x0/0x64 @ 1
[    3.123619] initcall crypto_gcm_module_init+0x0/0x64 returned 0 after 0 usecs
[    3.131574] calling  crypto_ccm_module_init+0x0/0x11 @ 1
[    3.138579] initcall crypto_ccm_module_init+0x0/0x11 returned 0 after 0 usecs
[    3.146591] calling  aes_init+0x0/0xc @ 1
[    3.152931] initcall aes_init+0x0/0xc returned 0 after 976 usecs
[    3.160576] calling  crc32c_mod_init+0x0/0xc @ 1
[    3.167036] initcall crc32c_mod_init+0x0/0xc returned 0 after 976 usecs
[    3.175574] calling  crypto_authenc_module_init+0x0/0xc @ 1
[    3.181575] initcall crypto_authenc_module_init+0x0/0xc returned 0 after 0 usecs
[    3.190573] calling  crypto_authenc_esn_module_init+0x0/0xc @ 1
[    3.198611] initcall crypto_authenc_esn_module_init+0x0/0xc returned 0 after 0 usecs
[    3.207573] calling  drbg_init+0x0/0x7c @ 1
[    3.221577] initcall drbg_init+0x0/0x7c returned 0 after 8789 usecs
[    3.229739] calling  ghash_mod_init+0x0/0xc @ 1
[    3.236775] initcall ghash_mod_init+0x0/0xc returned 0 after 976 usecs
[    3.245578] calling  init_bio+0x0/0x9a @ 1
[    3.251107] initcall init_bio+0x0/0x9a returned 0 after 976 usecs
[    3.260575] calling  blk_settings_init+0x0/0x29 @ 1
[    3.266574] initcall blk_settings_init+0x0/0x29 returned 0 after 0 usecs
[    3.275574] calling  blk_ioc_init+0x0/0x29 @ 1
[    3.281581] initcall blk_ioc_init+0x0/0x29 returned 0 after 0 usecs
[    3.290576] calling  blk_mq_init+0x0/0xb9 @ 1
[    3.296579] initcall blk_mq_init+0x0/0xb9 returned 0 after 0 usecs
[    3.304575] calling  genhd_device_init+0x0/0x75 @ 1
[    3.311788] initcall genhd_device_init+0x0/0x75 returned 0 after 976 usecs
[    3.319604] calling  pci_slot_init+0x0/0x40 @ 1
[    3.328275] initcall pci_slot_init+0x0/0x40 returned 0 after 976 usecs
[    3.335575] calling  fbmem_init+0x0/0xd8 @ 1
[    3.342610] initcall fbmem_init+0x0/0xd8 returned 0 after 976 usecs
[    3.349574] calling  acpi_init+0x0/0x319 @ 1
[    3.355907] ACPI: Added _OSI(Module Device)
[    3.360572] ACPI: Added _OSI(Processor Device)
[    3.366572] ACPI: Added _OSI(3.0 _SCP Extensions)
[    3.372572] ACPI: Added _OSI(Processor Aggregator Device)
[    3.379573] ACPI: Added _OSI(Linux-Dell-Video)
[    3.385574] ACPI: Added _OSI(Linux-Lenovo-NV-HDMI-Audio)
[    3.392573] ACPI: Added _OSI(Linux-HPI-Hybrid-Graphics)
[    3.401131] ACPI: 1 ACPI AML tables successfully acquired and loaded
[    3.413755] ACPI: Interpreter enabled
[    3.418652] ACPI: (supports S0 S3 S4 S5)
[    3.424580] ACPI: Using IOAPIC for interrupt routing
[    3.430961] PCI: Using host bridge windows from ACPI; if necessary, use "pci=nocrs" and report a bug
[    3.445192] ACPI: Enabled 2 GPEs in block 00 to 3F
[    3.456441] ACPI: PCI Root Bridge [PCI0] (domain 0000 [bus 00-ff])
[    3.463579] acpi PNP0A08:00: _OSC: OS supports [ExtendedConfig ASPM ClockPM Segments MSI HPX-Type3]
[    3.474657] acpi PNP0A08:00: _OSC: platform does not support [LTR]
[    3.482668] acpi PNP0A08:00: _OSC: OS now controls [PME PCIeCapability]
[    3.490687] PCI host bridge to bus 0000:00
[    3.495592] pci_bus 0000:00: root bus resource [io  0x0000-0x0cf7 window]
[    3.503590] pci_bus 0000:00: root bus resource [io  0x0d00-0xffff window]
[    3.512572] pci_bus 0000:00: root bus resource [mem 0x000a0000-0x000bffff window]
[    3.520572] pci_bus 0000:00: root bus resource [mem 0x20000000-0xafffffff window]
[    3.529577] pci_bus 0000:00: root bus resource [mem 0xc0000000-0xfebfffff window]
[    3.538572] pci_bus 0000:00: root bus resource [mem 0x100000000-0x8ffffffff window]
[    3.547573] pci_bus 0000:00: root bus resource [bus 00-ff]
[    3.555623] pci 0000:00:00.0: calling  quirk_mmio_always_on+0x0/0x10 @ 1
[    3.563577] pci 0000:00:00.0: quirk_mmio_always_on+0x0/0x10 took 0 usecs
[    3.571602] pci 0000:00:00.0: [8086:29c0] type 00 class 0x060000
[    3.582137] pci 0000:00:00.0: calling  quirk_igfx_skip_te_disable+0x0/0x80 @ 1
[    3.590576] pci 0000:00:00.0: quirk_igfx_skip_te_disable+0x0/0x80 took 0 usecs
[    3.600825] pci 0000:00:01.0: [1234:1111] type 00 class 0x030000
[    3.614124] pci 0000:00:01.0: reg 0x10: [mem 0xfd000000-0xfdffffff pref]
[    3.631996] pci 0000:00:01.0: reg 0x18: [mem 0xfebf0000-0xfebf0fff]
[    3.656269] pci 0000:00:01.0: reg 0x30: [mem 0xfebe0000-0xfebeffff pref]
[    3.666566] pci 0000:00:01.0: calling  efifb_fixup_resources+0x0/0xf0 @ 1
[    3.674600] pci 0000:00:01.0: efifb_fixup_resources+0x0/0xf0 took 0 usecs
[    3.691788] pci 0000:00:1f.0: [8086:2918] type 00 class 0x060100
[    3.704885] pci 0000:00:1f.0: calling  quirk_ich7_lpc+0x0/0x60 @ 1
[    3.712885] pci 0000:00:1f.0: quirk: [io  0x0600-0x067f] claimed by ICH6 ACPI/GPIO/TCO
[    3.723780] pci 0000:00:1f.0: quirk_ich7_lpc+0x0/0x60 took 10742 usecs
[    3.731747] pci 0000:00:1f.0: calling  quirk_igfx_skip_te_disable+0x0/0x80 @ 1
[    3.741635] pci 0000:00:1f.0: quirk_igfx_skip_te_disable+0x0/0x80 took 0 usecs
[    3.752846] pci 0000:00:1f.2: [8086:2922] type 00 class 0x010601
[    3.769573] pci 0000:00:1f.2: reg 0x20: [io  0xc040-0xc05f]
[    3.778575] pci 0000:00:1f.2: reg 0x24: [mem 0xfebf1000-0xfebf1fff]
[    3.789821] pci 0000:00:1f.2: calling  quirk_igfx_skip_te_disable+0x0/0x80 @ 1
[    3.800585] pci 0000:00:1f.2: quirk_igfx_skip_te_disable+0x0/0x80 took 0 usecs
[    3.815375] pci 0000:00:1f.3: [8086:2930] type 00 class 0x0c0500
[    3.828155] pci 0000:00:1f.3: reg 0x20: [io  0x0700-0x073f]
[    3.837599] pci 0000:00:1f.3: calling  quirk_igfx_skip_te_disable+0x0/0x80 @ 1
[    3.846579] pci 0000:00:1f.3: quirk_igfx_skip_te_disable+0x0/0x80 took 0 usecs
[    3.859917] ACPI: PCI Interrupt Link [LNKA] (IRQs 5 *10 11)
[    3.867015] ACPI: PCI Interrupt Link [LNKB] (IRQs 5 *10 11)
[    3.875070] ACPI: PCI Interrupt Link [LNKC] (IRQs 5 10 *11)
[    3.882589] ACPI: PCI Interrupt Link [LNKD] (IRQs 5 10 *11)
[    3.889996] ACPI: PCI Interrupt Link [LNKE] (IRQs 5 *10 11)
[    3.897933] ACPI: PCI Interrupt Link [LNKF] (IRQs 5 *10 11)
[    3.905012] ACPI: PCI Interrupt Link [LNKG] (IRQs 5 10 *11)
[    3.913978] ACPI: PCI Interrupt Link [LNKH] (IRQs 5 10 *11)
[    3.920800] ACPI: PCI Interrupt Link [GSIA] (IRQs *16)
[    3.926585] ACPI: PCI Interrupt Link [GSIB] (IRQs *17)
[    3.933611] ACPI: PCI Interrupt Link [GSIC] (IRQs *18)
[    3.939591] ACPI: PCI Interrupt Link [GSID] (IRQs *19)
[    3.945635] ACPI: PCI Interrupt Link [GSIE] (IRQs *20)
[    3.952601] ACPI: PCI Interrupt Link [GSIF] (IRQs *21)
[    3.958602] ACPI: PCI Interrupt Link [GSIG] (IRQs *22)
[    3.965620] ACPI: PCI Interrupt Link [GSIH] (IRQs *23)
[    3.975900] initcall acpi_init+0x0/0x319 returned 0 after 605468 usecs
[    3.983727] calling  pnp_init+0x0/0xc @ 1
[    3.988680] initcall pnp_init+0x0/0xc returned 0 after 0 usecs
[    3.996574] calling  misc_init+0x0/0xbf @ 1
[    4.002110] initcall misc_init+0x0/0xbf returned 0 after 0 usecs
[    4.009576] calling  iommu_subsys_init+0x0/0x4e @ 1
[    4.014867] iommu: Default domain type: Translated 
[    4.021575] initcall iommu_subsys_init+0x0/0x4e returned 0 after 6835 usecs
[    4.030575] calling  vga_arb_device_init+0x0/0x261 @ 1
[    4.038940] pci 0000:00:01.0: vgaarb: setting as boot VGA device
[    4.039566] pci 0000:00:01.0: vgaarb: VGA device added: decodes=io+mem,owns=io+mem,locks=none
[    4.057582] pci 0000:00:01.0: vgaarb: bridge control possible
[    4.064572] vgaarb: loaded
[    4.067577] initcall vga_arb_device_init+0x0/0x261 returned 0 after 30273 usecs
[    4.077650] calling  cn_init+0x0/0xf0 @ 1
[    4.083109] initcall cn_init+0x0/0xf0 returned 0 after 0 usecs
[    4.090576] calling  dma_buf_init+0x0/0xad @ 1
[    4.096054] initcall dma_buf_init+0x0/0xad returned 0 after 976 usecs
[    4.104610] calling  init_scsi+0x0/0x79 @ 1
[    4.110576] SCSI subsystem initialized
[    4.114574] initcall init_scsi+0x0/0x79 returned 0 after 4882 usecs
[    4.122574] calling  ata_init+0x0/0x332 @ 1
[    4.131037] libata version 3.00 loaded.
[    4.135574] initcall ata_init+0x0/0x332 returned 0 after 7812 usecs
[    4.143576] calling  phy_init+0x0/0x250 @ 1
[    4.149824] initcall phy_init+0x0/0x250 returned 0 after 976 usecs
[    4.157576] calling  init_pcmcia_cs+0x0/0x35 @ 1
[    4.163659] initcall init_pcmcia_cs+0x0/0x35 returned 0 after 0 usecs
[    4.171574] calling  usb_common_init+0x0/0x1c @ 1
[    4.177680] initcall usb_common_init+0x0/0x1c returned 0 after 0 usecs
[    4.185576] calling  usb_init+0x0/0x12e @ 1
[    4.191665] ACPI: bus type USB registered
[    4.197137] usbcore: registered new interface driver usbfs
[    4.203682] usbcore: registered new interface driver hub
[    4.210588] usbcore: registered new device driver usb
[    4.216578] initcall usb_init+0x0/0x12e returned 0 after 24414 usecs
[    4.224600] calling  serio_init+0x0/0x29 @ 1
[    4.231626] initcall serio_init+0x0/0x29 returned 0 after 0 usecs
[    4.240578] calling  input_init+0x0/0xf6 @ 1
[    4.247695] initcall input_init+0x0/0xf6 returned 0 after 0 usecs
[    4.255577] calling  rtc_init+0x0/0x4d @ 1
[    4.259627] initcall rtc_init+0x0/0x4d returned 0 after 0 usecs
[    4.267575] calling  pps_init+0x0/0xa9 @ 1
[    4.272583] pps_core: LinuxPPS API ver. 1 registered
[    4.279571] pps_core: Software ver. 5.3.6 - Copyright 2005-2007 Rodolfo Giometti <giometti@linux.it>
[    4.290608] initcall pps_init+0x0/0xa9 returned 0 after 17578 usecs
[    4.298579] calling  ptp_init+0x0/0x98 @ 1
[    4.304595] PTP clock support registered
[    4.309576] initcall ptp_init+0x0/0x98 returned 0 after 4882 usecs
[    4.317575] calling  power_supply_class_init+0x0/0x3f @ 1
[    4.324645] initcall power_supply_class_init+0x0/0x3f returned 0 after 976 usecs
[    4.333580] calling  hwmon_init+0x0/0x104 @ 1
[    4.338606] initcall hwmon_init+0x0/0x104 returned 0 after 0 usecs
[    4.346574] calling  md_init+0x0/0x16b @ 1
[    4.354361] initcall md_init+0x0/0x16b returned 0 after 3906 usecs
[    4.361575] calling  leds_init+0x0/0x3b @ 1
[    4.366633] initcall leds_init+0x0/0x3b returned 0 after 0 usecs
[    4.374573] calling  dmi_init+0x0/0x113 @ 1
[    4.380996] initcall dmi_init+0x0/0x113 returned 0 after 976 usecs
[    4.387577] calling  efisubsys_init+0x0/0x4e7 @ 1
[    4.393646] initcall efisubsys_init+0x0/0x4e7 returned 0 after 0 usecs
[    4.401577] calling  nvmem_init+0x0/0xc @ 1
[    4.407596] initcall nvmem_init+0x0/0xc returned 0 after 976 usecs
[    4.414586] calling  init_soundcore+0x0/0x33 @ 1
[    4.419698] initcall init_soundcore+0x0/0x33 returned 0 after 0 usecs
[    4.429580] calling  alsa_sound_init+0x0/0x8f @ 1
[    4.437571] Advanced Linux Sound Architecture Driver Initialized.
[    4.444582] initcall alsa_sound_init+0x0/0x8f returned 0 after 8789 usecs
[    4.454584] calling  alsa_seq_device_init+0x0/0x71 @ 1
[    4.460186] initcall alsa_seq_device_init+0x0/0x71 returned 0 after 0 usecs
[    4.467739] calling  hda_bus_init+0x0/0xc @ 1
[    4.473725] initcall hda_bus_init+0x0/0xc returned 0 after 0 usecs
[    4.479579] calling  proto_init+0x0/0xc @ 1
[    4.487026] initcall proto_init+0x0/0xc returned 0 after 0 usecs
[    4.494626] calling  net_dev_init+0x0/0x209 @ 1
[    4.508048] initcall net_dev_init+0x0/0x209 returned 0 after 7812 usecs
[    4.515579] calling  neigh_init+0x0/0x84 @ 1
[    4.521579] initcall neigh_init+0x0/0x84 returned 0 after 0 usecs
[    4.527577] calling  fib_notifier_init+0x0/0xc @ 1
[    4.538799] initcall fib_notifier_init+0x0/0xc returned 0 after 976 usecs
[    4.546576] calling  fib_rules_init+0x0/0xab @ 1
[    4.551649] initcall fib_rules_init+0x0/0xab returned 0 after 0 usecs
[    4.561576] calling  pktsched_init+0x0/0x10e @ 1
[    4.567683] initcall pktsched_init+0x0/0x10e returned 0 after 1953 usecs
[    4.575575] calling  tc_filter_init+0x0/0xfa @ 1
[    4.581620] initcall tc_filter_init+0x0/0xfa returned 0 after 0 usecs
[    4.588573] calling  tc_action_init+0x0/0x54 @ 1
[    4.594577] initcall tc_action_init+0x0/0x54 returned 0 after 0 usecs
[    4.601575] calling  ethnl_init+0x0/0x52 @ 1
[    4.608181] initcall ethnl_init+0x0/0x52 returned 0 after 0 usecs
[    4.616575] calling  nexthop_init+0x0/0xd8 @ 1
[    4.621983] initcall nexthop_init+0x0/0xd8 returned 0 after 0 usecs
[    4.629663] calling  cipso_v4_init+0x0/0x5d @ 1
[    4.635641] initcall cipso_v4_init+0x0/0x5d returned 0 after 0 usecs
[    4.643579] calling  ieee80211_init+0x0/0x24 @ 1
[    4.649801] initcall ieee80211_init+0x0/0x24 returned 0 after 976 usecs
[    4.657574] calling  netlbl_init+0x0/0x78 @ 1
[    4.662708] NetLabel: Initializing
[    4.667570] NetLabel:  domain hash size = 128
[    4.672570] NetLabel:  protocols = UNLABELED CIPSOv4 CALIPSO
[    4.679743] NetLabel:  unlabeled traffic allowed by default
[    4.686576] initcall netlbl_init+0x0/0x78 returned 0 after 23437 usecs
[    4.693575] calling  rfkill_init+0x0/0x111 @ 1
[    4.700618] initcall rfkill_init+0x0/0x111 returned 0 after 976 usecs
[    4.708575] calling  pci_subsys_init+0x0/0x66 @ 1
[    4.713632] PCI: Using ACPI for IRQ routing
[    5.384243] PCI: pci_cache_line_size set to 64 bytes
[    5.389822] e820: reserve RAM buffer [mem 0x0009fc00-0x0009ffff]
[    5.393925] e820: reserve RAM buffer [mem 0x1ffdf000-0x1fffffff]
[    5.395580] initcall pci_subsys_init+0x0/0x66 returned 0 after 666015 usecs
[    5.417889] calling  nmi_warning_debugfs+0x0/0x26 @ 1
[    5.421587] initcall nmi_warning_debugfs+0x0/0x26 returned 0 after 0 usecs
[    5.429036] calling  save_microcode_in_initrd+0x0/0x51 @ 1
[    5.433577] initcall save_microcode_in_initrd+0x0/0x51 returned 0 after 2929 usecs
[    5.441576] calling  hpet_late_init+0x0/0x20a @ 1
[    5.448944] hpet: 3 channels of 0 reserved for per-cpu timers
[    5.455892] hpet0: at MMIO 0xfed00000, IRQs 2, 8, 0
[    5.459572] hpet0: 3 comparators, 64-bit 100.000000 MHz counter
[    5.469577] initcall hpet_late_init+0x0/0x20a returned 0 after 23437 usecs
[    5.472577] calling  init_amd_nbs+0x0/0x11c @ 1
[    5.475578] initcall init_amd_nbs+0x0/0x11c returned 0 after 0 usecs
[    5.480898] calling  clocksource_done_booting+0x0/0x41 @ 1
[    5.492262] clocksource: Switched to clocksource kvm-clock
[    5.495546] initcall clocksource_done_booting+0x0/0x41 returned 0 after 17764 usecs
[    5.495546] calling  tracer_init_tracefs+0x0/0x242 @ 1
[    5.819643] initcall tracer_init_tracefs+0x0/0x242 returned 0 after 299450 usecs
[    5.819643] calling  init_trace_printk_function_export+0x0/0x2c @ 1
[    5.819643] initcall init_trace_printk_function_export+0x0/0x2c returned 0 after 10 usecs
[    5.819643] calling  init_kprobe_trace+0x0/0x1a9 @ 1
[    5.819643] initcall init_kprobe_trace+0x0/0x1a9 returned 0 after 11 usecs
[    5.819643] calling  init_dynamic_event+0x0/0x3d @ 1
[    5.819643] initcall init_dynamic_event+0x0/0x3d returned 0 after 20 usecs
[    5.819643] calling  init_uprobe_trace+0x0/0x5c @ 1
[    5.819643] initcall init_uprobe_trace+0x0/0x5c returned 0 after 279 usecs
[    5.819643] calling  init_pipe_fs+0x0/0x44 @ 1
[    5.819643] initcall init_pipe_fs+0x0/0x44 returned 0 after 221 usecs
[    5.819643] calling  inotify_user_setup+0x0/0x47 @ 1
[    5.819643] initcall inotify_user_setup+0x0/0x47 returned 0 after 313 usecs
[    5.819643] calling  eventpoll_init+0x0/0xd4 @ 1
[    5.819643] initcall eventpoll_init+0x0/0xd4 returned 0 after 945 usecs
[    5.819643] calling  anon_inode_init+0x0/0x58 @ 1
[    5.819643] initcall anon_inode_init+0x0/0x58 returned 0 after 125 usecs
[    5.819643] calling  proc_locks_init+0x0/0x27 @ 1
[    5.819643] initcall proc_locks_init+0x0/0x27 returned 0 after 6 usecs
[    5.819643] calling  iomap_init+0x0/0x1b @ 1
[    5.819643] initcall iomap_init+0x0/0x1b returned 0 after 1643 usecs
[    5.819643] calling  dquot_init+0x0/0x106 @ 1
[    5.819643] VFS: Disk quotas dquot_6.6.0
[    5.819643] VFS: Dquot-cache hash table entries: 512 (order 0, 4096 bytes)
[    5.819643] initcall dquot_init+0x0/0x106 returned 0 after 13972 usecs
[    5.819643] calling  quota_init+0x0/0x23 @ 1
[    5.819643] initcall quota_init+0x0/0x23 returned 0 after 21 usecs
[    5.819643] calling  proc_cmdline_init+0x0/0x21 @ 1
[    5.819643] initcall proc_cmdline_init+0x0/0x21 returned 0 after 5 usecs
[    5.819643] calling  proc_consoles_init+0x0/0x24 @ 1
[    5.819643] initcall proc_consoles_init+0x0/0x24 returned 0 after 5 usecs
[    5.819643] calling  proc_cpuinfo_init+0x0/0x1e @ 1
[    5.819643] initcall proc_cpuinfo_init+0x0/0x1e returned 0 after 4 usecs
[    5.819643] calling  proc_devices_init+0x0/0x24 @ 1
[    5.819643] initcall proc_devices_init+0x0/0x24 returned 0 after 3 usecs
[    5.819643] calling  proc_interrupts_init+0x0/0x24 @ 1
[    5.819643] initcall proc_interrupts_init+0x0/0x24 returned 0 after 3 usecs
[    5.819643] calling  proc_loadavg_init+0x0/0x21 @ 1
[    5.819643] initcall proc_loadavg_init+0x0/0x21 returned 0 after 4 usecs
[    5.819643] calling  proc_meminfo_init+0x0/0x21 @ 1
[    5.819643] initcall proc_meminfo_init+0x0/0x21 returned 0 after 4 usecs
[    5.819643] calling  proc_stat_init+0x0/0x1e @ 1
[    5.819643] initcall proc_stat_init+0x0/0x1e returned 0 after 4 usecs
[    5.819643] calling  proc_uptime_init+0x0/0x21 @ 1
[    5.819643] initcall proc_uptime_init+0x0/0x21 returned 0 after 4 usecs
[    5.819643] calling  proc_version_init+0x0/0x21 @ 1
[    5.819643] initcall proc_version_init+0x0/0x21 returned 0 after 6 usecs
[    5.819643] calling  proc_softirqs_init+0x0/0x21 @ 1
[    5.819643] initcall proc_softirqs_init+0x0/0x21 returned 0 after 8751 usecs
[    5.819643] calling  proc_kcore_init+0x0/0xea @ 1
[    5.819643] initcall proc_kcore_init+0x0/0xea returned 0 after 838 usecs
[    5.819643] calling  vmcore_init+0x0/0x578 @ 1
[    5.819643] initcall vmcore_init+0x0/0x578 returned 0 after 82 usecs
[    5.819643] calling  proc_kmsg_init+0x0/0x21 @ 1
[    5.819643] initcall proc_kmsg_init+0x0/0x21 returned 0 after 48 usecs
[    5.819643] calling  proc_page_init+0x0/0x3b @ 1
[    5.819643] initcall proc_page_init+0x0/0x3b returned 0 after 21 usecs
[    5.819643] calling  init_ramfs_fs+0x0/0xc @ 1
[    5.819643] initcall init_ramfs_fs+0x0/0xc returned 0 after 704 usecs
[    5.819643] calling  init_hugetlbfs_fs+0x0/0xf6 @ 1
[    5.819643] initcall init_hugetlbfs_fs+0x0/0xf6 returned 0 after 1071 usecs
[    5.819643] calling  blk_scsi_ioctl_init+0x0/0x2a5 @ 1
[    5.819643] initcall blk_scsi_ioctl_init+0x0/0x2a5 returned 0 after 54 usecs
[    5.819643] calling  acpi_event_init+0x0/0x2c @ 1
[    6.321180] initcall acpi_event_init+0x0/0x2c returned 0 after 656 usecs
[    6.321180] calling  pnp_system_init+0x0/0xc @ 1
[    6.321180] initcall pnp_system_init+0x0/0xc returned 0 after 999 usecs
[    6.321180] calling  pnpacpi_init+0x0/0x69 @ 1
[    6.321180] pnp: PnP ACPI init
[    6.321180] pnp 00:00: Plug and Play ACPI device, IDs PNP0303 (active)
[    6.321180] pnp 00:01: Plug and Play ACPI device, IDs PNP0f13 (active)
[    6.321180] pnp 00:02: Plug and Play ACPI device, IDs PNP0400 (active)
[    6.321180] pnp 00:03: Plug and Play ACPI device, IDs PNP0501 (active)
[    6.321180] pnp 00:04: Plug and Play ACPI device, IDs PNP0b00 (active)
[    6.321180] system 00:05: [mem 0xb0000000-0xbfffffff window] has been reserved
[    6.321180] system 00:05: Plug and Play ACPI device, IDs PNP0c01 (active)
[    6.321180] pnp: PnP ACPI: found 6 devices
[    6.321180] initcall pnpacpi_init+0x0/0x69 returned 0 after 70663 usecs
[    6.321180] calling  chr_dev_init+0x0/0x14d @ 1
[    6.517284] initcall chr_dev_init+0x0/0x14d returned 0 after 77659 usecs
[    6.525859] calling  firmware_class_init+0x0/0xe7 @ 1
[    6.526740] initcall firmware_class_init+0x0/0xe7 returned 0 after 376 usecs
[    6.526740] calling  init_pcmcia_bus+0x0/0x5b @ 1
[    6.526740] initcall init_pcmcia_bus+0x0/0x5b returned 0 after 307 usecs
[    6.526740] calling  init_acpi_pm_clocksource+0x0/0xda @ 1
[    6.526740] clocksource: acpi_pm: mask: 0xffffff max_cycles: 0xffffff, max_idle_ns: 2085701024 ns
[    6.526740] initcall init_acpi_pm_clocksource+0x0/0xda returned 0 after 16818 usecs
[    6.526740] calling  sysctl_core_init+0x0/0x26 @ 1
[    6.526740] initcall sysctl_core_init+0x0/0x26 returned 0 after 424 usecs
[    6.526740] calling  eth_offload_init+0x0/0x13 @ 1
[    6.526740] initcall eth_offload_init+0x0/0x13 returned 0 after 40 usecs
[    6.526740] calling  ipv4_offload_init+0x0/0x73 @ 1
[    6.526740] initcall ipv4_offload_init+0x0/0x73 returned 0 after 151 usecs
[    6.526740] calling  inet_init+0x0/0x276 @ 1
[    6.526740] NET: Registered protocol family 2
[    6.526740] IP idents hash table entries: 8192 (order: 4, 65536 bytes, linear)
[    6.664106] tcp_listen_portaddr_hash hash table entries: 256 (order: 0, 4096 bytes, linear)
[    6.675706] TCP established hash table entries: 4096 (order: 3, 32768 bytes, linear)
[    6.687533] TCP bind hash table entries: 4096 (order: 4, 65536 bytes, linear)
[    6.701944] TCP: Hash tables configured (established 4096 bind 4096)
[    6.712343] UDP hash table entries: 256 (order: 1, 8192 bytes, linear)
[    6.722283] UDP-Lite hash table entries: 256 (order: 1, 8192 bytes, linear)
[    6.733182] initcall inet_init+0x0/0x276 returned 0 after 89494 usecs
[    6.743659] calling  af_unix_init+0x0/0x4d @ 1
[    6.750604] NET: Registered protocol family 1
[    6.757926] initcall af_unix_init+0x0/0x4d returned 0 after 7168 usecs
[    6.766499] calling  ipv6_offload_init+0x0/0x7e @ 1
[    6.773008] initcall ipv6_offload_init+0x0/0x7e returned 0 after 98 usecs
[    6.781545] calling  init_sunrpc+0x0/0x65 @ 1
[    6.788496] RPC: Registered named UNIX socket transport module.
[    6.796018] RPC: Registered udp transport module.
[    6.802057] RPC: Registered tcp transport module.
[    6.808046] RPC: Registered tcp NFSv4.1 backchannel transport module.
[    6.816365] initcall init_sunrpc+0x0/0x65 returned 0 after 28581 usecs
[    6.824774] calling  cfg80211_init+0x0/0xc5 @ 1
[    6.832218] initcall cfg80211_init+0x0/0xc5 returned 0 after 1421 usecs
[    6.840734] calling  pcibios_assign_resources+0x0/0xbf @ 1
[    6.848199] pci_bus 0000:00: resource 4 [io  0x0000-0x0cf7 window]
[    6.856837] pci_bus 0000:00: resource 5 [io  0x0d00-0xffff window]
[    6.864960] pci_bus 0000:00: resource 6 [mem 0x000a0000-0x000bffff window]
[    6.875886] pci_bus 0000:00: resource 7 [mem 0x20000000-0xafffffff window]
[    6.886429] pci_bus 0000:00: resource 8 [mem 0xc0000000-0xfebfffff window]
[    6.896565] pci_bus 0000:00: resource 9 [mem 0x100000000-0x8ffffffff window]
[    6.905515] initcall pcibios_assign_resources+0x0/0xbf returned 0 after 56255 usecs
[    6.914859] calling  pci_apply_final_quirks+0x0/0x124 @ 1
[    6.922166] pci 0000:00:01.0: calling  pci_fixup_video+0x0/0xe0 @ 1
[    6.930341] pci 0000:00:01.0: Video device with shadowed ROM at [mem 0x000c0000-0x000dffff]
[    6.940632] pci 0000:00:01.0: pci_fixup_video+0x0/0xe0 took 10434 usecs
[    6.949282] PCI: CLS 0 bytes, default 64
[    6.954328] initcall pci_apply_final_quirks+0x0/0x124 returned 0 after 31786 usecs
[    6.963628] calling  acpi_reserve_resources+0x0/0xea @ 1
[    6.970254] initcall acpi_reserve_resources+0x0/0xea returned 0 after 36 usecs
[    6.979238] calling  populate_rootfs+0x0/0x102 @ 1
[    6.987296] initcall populate_rootfs+0x0/0x102 returned 0 after 1858 usecs
[    6.995865] calling  pci_iommu_init+0x0/0x3e @ 1
[    7.002431] initcall pci_iommu_init+0x0/0x3e returned 0 after 474 usecs
[    7.038144] calling  ia32_binfmt_init+0x0/0x13 @ 1
[    7.044387] initcall ia32_binfmt_init+0x0/0x13 returned 0 after 111 usecs
[    7.052771] calling  rapl_pmu_init+0x0/0x267 @ 1
[    7.058694] initcall rapl_pmu_init+0x0/0x267 returned -19 after 62 usecs
[    7.067602] calling  amd_uncore_init+0x0/0x310 @ 1
[    7.073793] initcall amd_uncore_init+0x0/0x310 returned -19 after 1 usecs
[    7.083762] calling  amd_ibs_init+0x0/0x27b @ 1
[    7.090771] initcall amd_ibs_init+0x0/0x27b returned -19 after 1 usecs
[    7.100657] calling  amd_iommu_pc_init+0x0/0x215 @ 1
[    7.108506] initcall amd_iommu_pc_init+0x0/0x215 returned -19 after 135 usecs
[    7.117989] calling  msr_init+0x0/0x55 @ 1
[    7.123887] initcall msr_init+0x0/0x55 returned 0 after 301 usecs
[    7.131539] calling  intel_uncore_init+0x0/0x36f @ 1
[    7.137699] initcall intel_uncore_init+0x0/0x36f returned -19 after 66 usecs
[    7.147392] calling  cstate_pmu_init+0x0/0x1a1 @ 1
[    7.154684] initcall cstate_pmu_init+0x0/0x1a1 returned -19 after 1 usecs
[    7.164953] calling  register_kernel_offset_dumper+0x0/0x1a @ 1
[    7.173949] initcall register_kernel_offset_dumper+0x0/0x1a returned 0 after 39 usecs
[    7.183555] calling  i8259A_init_ops+0x0/0x20 @ 1
[    7.189366] initcall i8259A_init_ops+0x0/0x20 returned 0 after 1 usecs
[    7.197310] calling  init_tsc_clocksource+0x0/0xa4 @ 1
[    7.203626] clocksource: tsc: mask: 0xffffffffffffffff max_cycles: 0x39a85afc727, max_idle_ns: 881590685098 ns
[    7.215651] initcall init_tsc_clocksource+0x0/0xa4 returned 0 after 11743 usecs
[    7.224529] calling  add_rtc_cmos+0x0/0xb0 @ 1
[    7.231130] initcall add_rtc_cmos+0x0/0xb0 returned 0 after 113 usecs
[    7.240551] calling  i8237A_init_ops+0x0/0x3a @ 1
[    7.247750] initcall i8237A_init_ops+0x0/0x3a returned 0 after 246 usecs
[    7.257575] calling  umwait_init+0x0/0x94 @ 1
[    7.264065] initcall umwait_init+0x0/0x94 returned -19 after 29 usecs
[    7.273444] calling  thermal_throttle_init_device+0x0/0x3d @ 1
[    7.281947] initcall thermal_throttle_init_device+0x0/0x3d returned 0 after 46 usecs
[    7.293014] calling  msr_init+0x0/0xd7 @ 1
[    7.301206] initcall msr_init+0x0/0xd7 returned 0 after 2152 usecs
[    7.310280] calling  cpuid_init+0x0/0xd7 @ 1
[    7.318768] initcall cpuid_init+0x0/0xd7 returned 0 after 2188 usecs
[    7.328162] calling  ioapic_init_ops+0x0/0x13 @ 1
[    7.335299] initcall ioapic_init_ops+0x0/0x13 returned 0 after 30 usecs
[    7.344945] calling  add_pcspkr+0x0/0x6c @ 1
[    7.351364] initcall add_pcspkr+0x0/0x6c returned 0 after 100 usecs
[    7.359809] calling  start_periodic_check_for_corruption+0x0/0x30 @ 1
[    7.367595] check: Scanning for low memory corruption every 60 seconds
[    7.375386] initcall start_periodic_check_for_corruption+0x0/0x30 returned 0 after 7700 usecs
[    7.386450] calling  sysfb_init+0x0/0x9c @ 1
[    7.391822] initcall sysfb_init+0x0/0x9c returned 0 after 147 usecs
[    7.399360] calling  audit_classes_init+0x0/0xae @ 1
[    7.406236] initcall audit_classes_init+0x0/0xae returned 0 after 33 usecs
[    7.416513] calling  iosf_mbi_init+0x0/0x24 @ 1
[    7.423584] initcall iosf_mbi_init+0x0/0x24 returned 0 after 255 usecs
[    7.433250] calling  proc_execdomains_init+0x0/0x21 @ 1
[    7.441121] initcall proc_execdomains_init+0x0/0x21 returned 0 after 6 usecs
[    7.451410] calling  register_warn_debugfs+0x0/0x23 @ 1
[    7.459223] initcall register_warn_debugfs+0x0/0x23 returned 0 after 13 usecs
[    7.469650] calling  cpuhp_sysfs_init+0x0/0x79 @ 1
[    7.476933] initcall cpuhp_sysfs_init+0x0/0x79 returned 0 after 164 usecs
[    7.486926] calling  ioresources_init+0x0/0x49 @ 1
[    7.494055] initcall ioresources_init+0x0/0x49 returned 0 after 8 usecs
[    7.503773] calling  snapshot_device_init+0x0/0xc @ 1
[    7.511003] initcall snapshot_device_init+0x0/0xc returned 0 after 102 usecs
[    7.519460] calling  irq_pm_init_ops+0x0/0x13 @ 1
[    7.525152] initcall irq_pm_init_ops+0x0/0x13 returned 0 after 18 usecs
[    7.533042] calling  rcu_torture_init+0x0/0x9a6 @ 1
[    7.539099] tasks-torture:--- Start of test: nreaders=1 nfakewriters=4 stat_interval=15 verbose=1 test_no_idle_hz=1 shuffle_interval=3 stutter=5 irqreader=1 fqs_duration=0 fqs_holdoff=0 fqs_stutter=3 test_boost=1/0 test_boost_interval=7 test_boost_duration=4 shutdown_secs=1800 stall_cpu=0 stall_cpu_holdoff=10 stall_cpu_irqsoff=0 stall_cpu_block=0 n_barrier_cbs=4 onoff_interval=1000 onoff_holdoff=30 read_exit_delay=13 read_exit_burst=16
[    7.582963] tasks:  Start-test grace-period state: g0 f0x0
[    7.589567] tasks-torture: Creating rcu_torture_writer task
[    7.598065] tasks-torture: Creating rcu_torture_fakewriter task
[    7.604995] tasks-torture: rcu_torture_writer task started
[    7.611581] tasks-torture: GP expediting controlled from boot/sysfs for tasks.
[    7.612180] tasks-torture: Creating rcu_torture_fakewriter task
[    7.620290] tasks-torture: rcu_torture_fakewriter task started
[    7.620296] rcu_torture_writer: Testing expedited GPs.
[    7.620330] rcu_torture_writer: Testing asynchronous GPs.
[    7.620331] rcu_torture_writer: Testing normal GPs.
[    7.655461] tasks-torture: Creating rcu_torture_fakewriter task
[    7.655769] tasks-torture: rcu_torture_fakewriter task started
[    7.671035] tasks-torture: Creating rcu_torture_fakewriter task
[    7.671061] tasks-torture: rcu_torture_fakewriter task started
[    7.686212] tasks-torture: rcu_torture_fakewriter task started
[    7.686216] tasks-torture: Creating rcu_torture_reader task
[    7.700744] tasks-torture: rcu_torture_reader task started
[    7.700776] tasks-torture: Creating rcu_torture_stats task
[    7.714523] tasks-torture: Creating torture_shuffle task
[    7.714543] tasks-torture: rcu_torture_stats task started
[    7.728310] tasks-torture: Creating torture_stutter task
[    7.728341] tasks-torture: torture_shuffle task started
[    7.743357] tasks-torture: Creating torture_shutdown task
[    7.743375] tasks-torture: torture_stutter task started
[    7.756877] tasks-torture: Creating torture_onoff task
[    7.756906] tasks-torture: torture_shutdown task started
[    7.769736] tasks-torture:torture_shutdown task: 1799973 ms remaining
[    7.770303] tasks-torture: rcu_torture_fwd_prog_init: Disabled, unsupported by RCU flavor under test
[    7.777479] tasks-torture: torture_onoff task started
[    7.778317] tasks-torture: Creating rcu_torture_barrier_cbs task
[    7.801504] tasks-torture: torture_onoff begin holdoff
[    7.802185] tasks-torture: Creating rcu_torture_barrier_cbs task
[    7.807542] tasks-torture: rcu_torture_barrier_cbs task started
[    7.822003] tasks-torture: Creating rcu_torture_barrier_cbs task
[    7.822027] tasks-torture: rcu_torture_barrier_cbs task started
[    7.836798] tasks-torture: rcu_torture_barrier_cbs task started
[    7.836902] tasks-torture: Creating rcu_torture_barrier_cbs task
[    7.852460] tasks-torture: Creating rcu_torture_barrier task
[    7.852497] tasks-torture: rcu_torture_barrier_cbs task started
[    7.867959] tasks-torture: Creating rcu_torture_read_exit task
[    7.867998] tasks-torture: rcu_torture_barrier task starting
[    7.922492] tasks-torture: rcu_torture_read_exit: Start of test
[    7.923149] initcall rcu_torture_init+0x0/0x9a6 returned 0 after 374931 usecs
[    7.923637] calling  timekeeping_init_ops+0x0/0x13 @ 1
[    7.923637] initcall timekeeping_init_ops+0x0/0x13 returned 0 after 45 usecs
[    7.923637] calling  init_clocksource_sysfs+0x0/0x23 @ 1
[    7.923637] initcall init_clocksource_sysfs+0x0/0x23 returned 0 after 2304 usecs
[    7.923637] calling  init_timer_list_procfs+0x0/0x31 @ 1
[    7.923637] initcall init_timer_list_procfs+0x0/0x31 returned 0 after 197 usecs
[    7.923637] calling  alarmtimer_init+0x0/0xc7 @ 1
[    7.923637] initcall alarmtimer_init+0x0/0xc7 returned 0 after 1141 usecs
[    7.923637] calling  init_posix_timers+0x0/0x29 @ 1
[    8.011168] initcall init_posix_timers+0x0/0x29 returned 0 after 129 usecs
[    8.020262] calling  clockevents_init_sysfs+0x0/0xbf @ 1
[    8.027721] initcall clockevents_init_sysfs+0x0/0xbf returned 0 after 533 usecs
[    8.027721] calling  proc_dma_init+0x0/0x21 @ 1
[    8.027721] initcall proc_dma_init+0x0/0x21 returned 0 after 24 usecs
[    8.027721] calling  proc_modules_init+0x0/0x1e @ 1
[    8.027721] initcall proc_modules_init+0x0/0x1e returned 0 after 22 usecs
[    8.027721] calling  kallsyms_init+0x0/0x21 @ 1
[    8.027721] initcall kallsyms_init+0x0/0x21 returned 0 after 3 usecs
[    8.027721] calling  pid_namespaces_init+0x0/0x2c @ 1
[    8.027721] initcall pid_namespaces_init+0x0/0x2c returned 0 after 463 usecs
[    8.027721] calling  audit_watch_init+0x0/0x37 @ 1
[    8.027721] initcall audit_watch_init+0x0/0x37 returned 0 after 69 usecs
[    8.027721] calling  audit_fsnotify_init+0x0/0x37 @ 1
[    8.027721] initcall audit_fsnotify_init+0x0/0x37 returned 0 after 1 usecs
[    8.132104] calling  audit_tree_init+0x0/0x6d @ 1
[    8.138585] initcall audit_tree_init+0x0/0x6d returned 0 after 119 usecs
[    8.138585] calling  seccomp_sysctl_init+0x0/0x2b @ 1
[    8.138585] initcall seccomp_sysctl_init+0x0/0x2b returned 0 after 491 usecs
[    8.138585] calling  utsname_sysctl_init+0x0/0x13 @ 1
[    8.138585] initcall utsname_sysctl_init+0x0/0x13 returned 0 after 151 usecs
[    8.138585] calling  init_tracepoints+0x0/0x27 @ 1
[    8.138585] initcall init_tracepoints+0x0/0x27 returned 0 after 35 usecs
[    8.138585] calling  init_blk_tracer+0x0/0x50 @ 1
[    8.138585] initcall init_blk_tracer+0x0/0x50 returned 0 after 1039 usecs
[    8.138585] calling  perf_event_sysfs_init+0x0/0x81 @ 1
[    8.138585] initcall perf_event_sysfs_init+0x0/0x81 returned 0 after 424 usecs
[    8.138585] calling  system_trusted_keyring_init+0x0/0x60 @ 1
[    8.138585] Initialise system trusted keyrings
[    8.138585] initcall system_trusted_keyring_init+0x0/0x60 returned 0 after 5291 usecs
[    8.138585] calling  kswapd_init+0x0/0x5c @ 1
[    8.251276] initcall kswapd_init+0x0/0x5c returned 0 after 815 usecs
[    8.259084] calling  extfrag_debug_init+0x0/0x54 @ 1
[    8.265281] initcall extfrag_debug_init+0x0/0x54 returned 0 after 227 usecs
[    8.275465] calling  mm_compute_batch_init+0x0/0x12 @ 1
[    8.283317] initcall mm_compute_batch_init+0x0/0x12 returned 0 after 0 usecs
[    8.293536] calling  slab_proc_init+0x0/0x21 @ 1
[    8.299721] initcall slab_proc_init+0x0/0x21 returned 0 after 166 usecs
[    8.307622] calling  workingset_init+0x0/0x8c @ 1
[    8.313221] workingset: timestamp_bits=56 max_order=17 bucket_order=0
[    8.321052] initcall workingset_init+0x0/0x8c returned 0 after 7686 usecs
[    8.329143] calling  proc_vmalloc_init+0x0/0x32 @ 1
[    8.335418] initcall proc_vmalloc_init+0x0/0x32 returned 0 after 4 usecs
[    8.343441] calling  procswaps_init+0x0/0x1e @ 1
[    8.350267] initcall procswaps_init+0x0/0x1e returned 0 after 265 usecs
[    8.360079] calling  slab_sysfs_init+0x0/0xea @ 1
[    8.370023] initcall slab_sysfs_init+0x0/0xea returned 0 after 2864 usecs
[    8.379502] calling  fcntl_init+0x0/0x29 @ 1
[    8.384790] initcall fcntl_init+0x0/0x29 returned 0 after 9 usecs
[    8.392292] calling  proc_filesystems_init+0x0/0x21 @ 1
[    8.398698] initcall proc_filesystems_init+0x0/0x21 returned 0 after 5 usecs
[    8.407256] calling  start_dirtytime_writeback+0x0/0x29 @ 1
[    8.414112] initcall start_dirtytime_writeback+0x0/0x29 returned 0 after 22 usecs
[    8.423219] calling  blkdev_init+0x0/0x1b @ 1
[    8.429010] initcall blkdev_init+0x0/0x1b returned 0 after 396 usecs
[    8.436666] calling  dio_init+0x0/0x2c @ 1
[    8.441917] initcall dio_init+0x0/0x2c returned 0 after 51 usecs
[    8.449003] calling  dnotify_init+0x0/0x78 @ 1
[    8.454272] initcall dnotify_init+0x0/0x78 returned 0 after 10 usecs
[    8.461880] calling  aio_setup+0x0/0x78 @ 1
[    8.468336] initcall aio_setup+0x0/0x78 returned 0 after 621 usecs
[    8.477451] calling  io_uring_init+0x0/0x2c @ 1
[    8.484160] initcall io_uring_init+0x0/0x2c returned 0 after 9 usecs
[    8.493387] calling  mbcache_init+0x0/0x30 @ 1
[    8.499503] initcall mbcache_init+0x0/0x30 returned 0 after 35 usecs
[    8.507203] calling  init_grace+0x0/0xc @ 1
[    8.513225] initcall init_grace+0x0/0xc returned 0 after 208 usecs
[    8.522430] calling  init_v2_quota_format+0x0/0x21 @ 1
[    8.530243] initcall init_v2_quota_format+0x0/0x21 returned 0 after 63 usecs
[    8.540635] calling  init_devpts_fs+0x0/0x27 @ 1
[    8.546513] initcall init_devpts_fs+0x0/0x27 returned 0 after 190 usecs
[    8.554549] calling  ext4_init_fs+0x0/0x1d0 @ 1
[    8.560881] initcall ext4_init_fs+0x0/0x1d0 returned 0 after 790 usecs
[    8.568678] calling  journal_init+0x0/0x11c @ 1
[    8.574374] initcall journal_init+0x0/0x11c returned 0 after 51 usecs
[    8.582260] calling  init_fat_fs+0x0/0x49 @ 1
[    8.587698] initcall init_fat_fs+0x0/0x49 returned 0 after 32 usecs
[    8.595339] calling  init_vfat_fs+0x0/0xc @ 1
[    8.600750] initcall init_vfat_fs+0x0/0xc returned 0 after 3 usecs
[    8.608306] calling  init_msdos_fs+0x0/0xc @ 1
[    8.614108] initcall init_msdos_fs+0x0/0xc returned 0 after 3 usecs
[    8.622592] calling  init_iso9660_fs+0x0/0x6c @ 1
[    8.628779] initcall init_iso9660_fs+0x0/0x6c returned 0 after 201 usecs
[    8.638146] calling  init_nfs_fs+0x0/0x13a @ 1
[    8.647149] initcall init_nfs_fs+0x0/0x13a returned 0 after 2338 usecs
[    8.657358] calling  init_nfs_v2+0x0/0x13 @ 1
[    8.664255] initcall init_nfs_v2+0x0/0x13 returned 0 after 109 usecs
[    8.673945] calling  init_nfs_v3+0x0/0x13 @ 1
[    8.680716] initcall init_nfs_v3+0x0/0x13 returned 0 after 15 usecs
[    8.690470] calling  init_nfs_v4+0x0/0x32 @ 1
[    8.697251] NFS: Registering the id_resolver key type
[    8.704431] Key type id_resolver registered
[    8.709701] Key type id_legacy registered
[    8.714849] initcall init_nfs_v4+0x0/0x32 returned 0 after 17250 usecs
[    8.722832] calling  init_nlm+0x0/0x5b @ 1
[    8.728036] initcall init_nlm+0x0/0x5b returned 0 after 86 usecs
[    8.736007] calling  init_nls_cp437+0x0/0xe @ 1
[    8.742004] initcall init_nls_cp437+0x0/0xe returned 0 after 18 usecs
[    8.750173] calling  init_nls_ascii+0x0/0xe @ 1
[    8.755881] initcall init_nls_ascii+0x0/0xe returned 0 after 1 usecs
[    8.764007] calling  init_nls_iso8859_1+0x0/0xe @ 1
[    8.770255] initcall init_nls_iso8859_1+0x0/0xe returned 0 after 1 usecs
[    8.778535] calling  init_nls_utf8+0x0/0x21 @ 1
[    8.784288] initcall init_nls_utf8+0x0/0x21 returned 0 after 1 usecs
[    8.792199] calling  init_autofs_fs+0x0/0x25 @ 1
[    8.800373] initcall init_autofs_fs+0x0/0x25 returned 0 after 2175 usecs
[    8.808753] calling  ipc_init+0x0/0x24 @ 1
[    8.814040] initcall ipc_init+0x0/0x24 returned 0 after 60 usecs
[    8.821528] calling  ipc_sysctl_init+0x0/0x13 @ 1
[    8.827712] initcall ipc_sysctl_init+0x0/0x13 returned 0 after 27 usecs
[    8.836668] calling  init_mqueue_fs+0x0/0x9a @ 1
[    8.843110] initcall init_mqueue_fs+0x0/0x9a returned 0 after 113 usecs
[    8.851013] calling  key_proc_init+0x0/0x63 @ 1
[    8.858862] initcall key_proc_init+0x0/0x63 returned 0 after 6 usecs
[    8.866494] calling  selinux_nf_ip_init+0x0/0x2e @ 1
[    8.872602] initcall selinux_nf_ip_init+0x0/0x2e returned 0 after 67 usecs
[    8.881049] calling  init_sel_fs+0x0/0x116 @ 1
[    8.886560] initcall init_sel_fs+0x0/0x116 returned 0 after 17 usecs
[    8.894240] calling  selnl_init+0x0/0x7c @ 1
[    8.899816] initcall selnl_init+0x0/0x7c returned 0 after 254 usecs
[    8.907828] calling  sel_netif_init+0x0/0x36 @ 1
[    8.913560] initcall sel_netif_init+0x0/0x36 returned 0 after 0 usecs
[    8.922382] calling  sel_netnode_init+0x0/0x33 @ 1
[    8.929709] initcall sel_netnode_init+0x0/0x33 returned 0 after 0 usecs
[    8.937650] calling  sel_netport_init+0x0/0x33 @ 1
[    8.943486] initcall sel_netport_init+0x0/0x33 returned 0 after 0 usecs
[    8.951567] calling  aurule_init+0x0/0x2a @ 1
[    8.956915] initcall aurule_init+0x0/0x2a returned 0 after 1 usecs
[    8.964428] calling  crypto_algapi_init+0x0/0xc @ 1
[    8.970475] initcall crypto_algapi_init+0x0/0xc returned 0 after 5 usecs
[    8.979493] calling  jent_mod_init+0x0/0x2d @ 1
[    8.999831] initcall jent_mod_init+0x0/0x2d returned 0 after 13091 usecs
[    9.008321] calling  asymmetric_key_init+0x0/0xc @ 1
[    9.008944] Key type asymmetric registered
[    9.018715] initcall asymmetric_key_init+0x0/0xc returned 0 after 5101 usecs
[    9.018715] calling  x509_key_init+0x0/0xc @ 1
[    9.018715] Asymmetric key parser 'x509' registered
[    9.018715] initcall x509_key_init+0x0/0xc returned 0 after 5750 usecs
[    9.018715] calling  proc_genhd_init+0x0/0x41 @ 1
[    9.018715] initcall proc_genhd_init+0x0/0x41 returned 0 after 6 usecs
[    9.018715] calling  bsg_init+0x0/0x113 @ 1
[    9.018715] Block layer SCSI generic (bsg) driver version 0.4 loaded (major 251)
[    9.018715] initcall bsg_init+0x0/0x113 returned 0 after 8898 usecs
[    9.018715] calling  deadline_init+0x0/0xc @ 1
[    9.018715] io scheduler mq-deadline registered
[    9.018715] initcall deadline_init+0x0/0xc returned 0 after 5446 usecs
[    9.018715] calling  kyber_init+0x0/0xc @ 1
[    9.018715] io scheduler kyber registered
[    9.018715] initcall kyber_init+0x0/0xc returned 0 after 4650 usecs
[    9.018715] calling  mod_init+0x0/0x7 @ 1
[    9.018715] initcall mod_init+0x0/0x7 returned 0 after 0 usecs
[    9.018715] calling  percpu_counter_startup+0x0/0x55 @ 1
[    9.137909] initcall percpu_counter_startup+0x0/0x55 returned 0 after 1041 usecs
[    9.147111] calling  sg_pool_init+0x0/0xb4 @ 1
[    9.147908] initcall sg_pool_init+0x0/0xb4 returned 0 after 76 usecs
[    9.147908] calling  pcie_portdrv_init+0x0/0x39 @ 1
[    9.147908] initcall pcie_portdrv_init+0x0/0x39 returned 0 after 716 usecs
[    9.147908] calling  pci_proc_init+0x0/0x68 @ 1
[    9.147908] initcall pci_proc_init+0x0/0x68 returned 0 after 35 usecs
[    9.147908] calling  pci_hotplug_init+0x0/0x7 @ 1
[    9.147908] initcall pci_hotplug_init+0x0/0x7 returned 0 after 0 usecs
[    9.147908] calling  efifb_driver_init+0x0/0xe @ 1
[    9.147908] initcall efifb_driver_init+0x0/0xe returned 0 after 70 usecs
[    9.147908] calling  ged_driver_init+0x0/0xe @ 1
[    9.234642] initcall ged_driver_init+0x0/0xe returned 0 after 336 usecs
[    9.234642] calling  acpi_ac_init+0x0/0x92 @ 1
[    9.234642] initcall acpi_ac_init+0x0/0x92 returned 0 after 851 usecs
[    9.234642] calling  acpi_button_driver_init+0x0/0x52 @ 1
[    9.234642] input: Power Button as /devices/LNXSYSTM:00/LNXPWRBN:00/input/input0
[    9.276978] ACPI: Power Button [PWRF]
[    9.282071] initcall acpi_button_driver_init+0x0/0x52 returned 0 after 17562 usecs
[    9.292070] calling  acpi_fan_driver_init+0x0/0xe @ 1
[    9.298829] initcall acpi_fan_driver_init+0x0/0xe returned 0 after 44 usecs
[    9.308167] calling  acpi_video_init+0x0/0xcb @ 1
[    9.314441] initcall acpi_video_init+0x0/0xcb returned 0 after 106 usecs
[    9.323485] calling  acpi_processor_driver_init+0x0/0xad @ 1
[    9.332794] initcall acpi_processor_driver_init+0x0/0xad returned 0 after 1279 usecs
[    9.344866] calling  acpi_thermal_init+0x0/0x71 @ 1
[    9.352981] initcall acpi_thermal_init+0x0/0x71 returned 0 after 454 usecs
[    9.362700] calling  acpi_battery_init+0x0/0x32 @ 1
[    9.368861] initcall acpi_battery_init+0x0/0x32 returned 0 after 7 usecs
[    9.377459] calling  bgrt_init+0x0/0xb6 @ 1
[    9.382983] initcall bgrt_init+0x0/0xb6 returned -19 after 8 usecs
[    9.390694] calling  gpio_clk_driver_init+0x0/0xe @ 1
[    9.397176] initcall gpio_clk_driver_init+0x0/0xe returned 0 after 71 usecs
[    9.406313] calling  plt_clk_driver_init+0x0/0xe @ 1
[    9.412709] initcall plt_clk_driver_init+0x0/0xe returned 0 after 24 usecs
[    9.421699] calling  virtio_pci_driver_init+0x0/0x15 @ 1
[    9.429420] initcall virtio_pci_driver_init+0x0/0x15 returned 0 after 652 usecs
[    9.439691] calling  n_null_init+0x0/0x1e @ 1
[    9.445962] initcall n_null_init+0x0/0x1e returned 0 after 175 usecs
[    9.454494] calling  pty_init+0x0/0x1e8 @ 1
[    9.460479] initcall pty_init+0x0/0x1e8 returned 0 after 420 usecs
[    9.469629] calling  sysrq_init+0x0/0x62 @ 1
[    9.475515] initcall sysrq_init+0x0/0x62 returned 0 after 16 usecs
[    9.484102] calling  serial8250_init+0x0/0x17e @ 1
[    9.490794] Serial: 8250/16550 driver, 4 ports, IRQ sharing enabled
[    9.501770] 00:03: ttyS0 at I/O 0x3f8 (irq = 4, base_baud = 115200) is a 16550A
[    9.513418] initcall serial8250_init+0x0/0x17e returned 0 after 22153 usecs
[    9.522242] calling  serial_pci_driver_init+0x0/0x15 @ 1
[    9.529021] initcall serial_pci_driver_init+0x0/0x15 returned 0 after 181 usecs
[    9.538199] calling  exar_pci_driver_init+0x0/0x15 @ 1
[    9.544509] initcall exar_pci_driver_init+0x0/0x15 returned 0 after 36 usecs
[    9.553064] calling  lpss8250_pci_driver_init+0x0/0x15 @ 1
[    9.560128] initcall lpss8250_pci_driver_init+0x0/0x15 returned 0 after 50 usecs
[    9.570520] calling  mid8250_pci_driver_init+0x0/0x15 @ 1
[    9.577552] initcall mid8250_pci_driver_init+0x0/0x15 returned 0 after 30 usecs
[    9.587178] calling  virtio_console_init+0x0/0xff @ 1
[    9.595286] initcall virtio_console_init+0x0/0xff returned 0 after 231 usecs
[    9.604123] calling  hpet_init+0x0/0x64 @ 1
[    9.609880] initcall hpet_init+0x0/0x64 returned 0 after 703 usecs
[    9.617457] calling  nvram_module_init+0x0/0x83 @ 1
[    9.623762] Non-volatile memory driver v1.3
[    9.629092] initcall nvram_module_init+0x0/0x83 returned 0 after 5256 usecs
[    9.637684] calling  hwrng_modinit+0x0/0x8a @ 1
[    9.643889] initcall hwrng_modinit+0x0/0x8a returned 0 after 104 usecs
[    9.652820] calling  mod_init+0x0/0x48 @ 1
[    9.657963] initcall mod_init+0x0/0x48 returned -19 after 10 usecs
[    9.666696] calling  agp_init+0x0/0x23 @ 1
[    9.672129] Linux agpgart interface v0.103
[    9.677353] initcall agp_init+0x0/0x23 returned 0 after 5102 usecs
[    9.686667] calling  agp_amd64_mod_init+0x0/0x5 @ 1
[    9.694772] initcall agp_amd64_mod_init+0x0/0x5 returned -19 after 198 usecs
[    9.705730] calling  agp_intel_init+0x0/0x28 @ 1
[    9.712532] initcall agp_intel_init+0x0/0x28 returned 0 after 444 usecs
[    9.720822] calling  drm_kms_helper_init+0x0/0x7 @ 1
[    9.727307] initcall drm_kms_helper_init+0x0/0x7 returned 0 after 89 usecs
[    9.735908] calling  drm_core_init+0x0/0xa4 @ 1
[    9.742067] initcall drm_core_init+0x0/0xa4 returned 0 after 321 usecs
[    9.750274] calling  i915_init+0x0/0x6b @ 1
[    9.755950] initcall i915_init+0x0/0x6b returned 0 after 258 usecs
[    9.763948] calling  cn_proc_init+0x0/0x35 @ 1
[    9.769705] initcall cn_proc_init+0x0/0x35 returned 0 after 11 usecs
[    9.777700] calling  topology_sysfs_init+0x0/0x27 @ 1
[    9.784246] initcall topology_sysfs_init+0x0/0x27 returned 0 after 66 usecs
[    9.793011] calling  cacheinfo_sysfs_init+0x0/0x27 @ 1
[    9.801432] initcall cacheinfo_sysfs_init+0x0/0x27 returned 0 after 1855 usecs
[    9.811370] calling  loop_init+0x0/0x168 @ 1
[    9.837714] loop: module loaded
[    9.842816] initcall loop_init+0x0/0x168 returned 0 after 25052 usecs
[    9.852462] calling  mac_hid_init+0x0/0x21 @ 1
[    9.859571] initcall mac_hid_init+0x0/0x21 returned 0 after 12 usecs
[    9.869696] calling  spi_transport_init+0x0/0x74 @ 1
[    9.877817] initcall spi_transport_init+0x0/0x74 returned 0 after 157 usecs
[    9.888814] calling  init_sd+0x0/0x18c @ 1
[    9.894730] initcall init_sd+0x0/0x18c returned 0 after 391 usecs
[    9.902647] calling  init_sr+0x0/0x43 @ 1
[    9.907910] initcall init_sr+0x0/0x43 returned 0 after 63 usecs
[    9.915728] calling  init_sg+0x0/0x1c0 @ 1
[    9.921243] initcall init_sg+0x0/0x1c0 returned 0 after 155 usecs
[    9.929099] calling  ahci_pci_driver_init+0x0/0x15 @ 1
[    9.936129] ahci 0000:00:1f.2: version 3.0
[    9.943552] PCI Interrupt Link [GSIA] enabled at IRQ 16
[    9.962245] ahci 0000:00:1f.2: AHCI 0001.0000 32 slots 6 ports 1.5 Gbps 0x3f impl SATA mode
[    9.979491] ahci 0000:00:1f.2: flags: 64bit ncq only 
[   10.017395] scsi host0: ahci
[   10.023773] scsi host1: ahci
[   10.029739] scsi host2: ahci
[   10.034298] scsi host3: ahci
[   10.038921] scsi host4: ahci
[   10.043728] scsi host5: ahci
[   10.048249] ata1: SATA max UDMA/133 abar m4096@0xfebf1000 port 0xfebf1100 irq 24
[   10.059528] ata2: SATA max UDMA/133 abar m4096@0xfebf1000 port 0xfebf1180 irq 24
[   10.070724] ata3: SATA max UDMA/133 abar m4096@0xfebf1000 port 0xfebf1200 irq 24
[   10.081876] ata4: SATA max UDMA/133 abar m4096@0xfebf1000 port 0xfebf1280 irq 24
[   10.093410] ata5: SATA max UDMA/133 abar m4096@0xfebf1000 port 0xfebf1300 irq 24
[   10.104143] ata6: SATA max UDMA/133 abar m4096@0xfebf1000 port 0xfebf1380 irq 24
[   10.115041] initcall ahci_pci_driver_init+0x0/0x15 returned 0 after 175005 usecs
[   10.129909] calling  piix_init+0x0/0x26 @ 1
[   10.137266] initcall piix_init+0x0/0x26 returned 0 after 1372 usecs
[   10.146459] calling  amd_pci_driver_init+0x0/0x15 @ 1
[   10.155866] initcall amd_pci_driver_init+0x0/0x15 returned 0 after 79 usecs
[   10.165585] calling  oldpiix_pci_driver_init+0x0/0x15 @ 1
[   10.173883] initcall oldpiix_pci_driver_init+0x0/0x15 returned 0 after 177 usecs
[   10.185424] calling  sch_pci_driver_init+0x0/0x15 @ 1
[   10.193131] initcall sch_pci_driver_init+0x0/0x15 returned 0 after 378 usecs
[   10.202014] calling  net_olddevs_init+0x0/0x55 @ 1
[   10.208429] initcall net_olddevs_init+0x0/0x55 returned 0 after 265 usecs
[   10.217520] calling  blackhole_netdev_init+0x0/0x78 @ 1
[   10.224923] initcall blackhole_netdev_init+0x0/0x78 returned 0 after 435 usecs
[   10.234732] calling  phy_module_init+0x0/0x13 @ 1
[   10.241525] initcall phy_module_init+0x0/0x13 returned 0 after 293 usecs
[   10.252120] calling  tg3_driver_init+0x0/0x15 @ 1
[   10.258632] initcall tg3_driver_init+0x0/0x15 returned 0 after 202 usecs
[   10.267925] calling  e100_init_module+0x0/0x4c @ 1
[   10.275530] e100: Intel(R) PRO/100 Network Driver
[   10.282587] e100: Copyright(c) 1999-2006 Intel Corporation
[   10.290098] initcall e100_init_module+0x0/0x4c returned 0 after 14265 usecs
[   10.299492] calling  e1000_init_module+0x0/0x72 @ 1
[   10.306138] e1000: Intel(R) PRO/1000 Network Driver
[   10.312726] e1000: Copyright (c) 1999-2006 Intel Corporation.
[   10.320522] initcall e1000_init_module+0x0/0x72 returned 0 after 14078 usecs
[   10.330182] calling  e1000_init_module+0x0/0x2d @ 1
[   10.337412] e1000e: Intel(R) PRO/1000 Network Driver
[   10.345242] e1000e: Copyright(c) 1999 - 2015 Intel Corporation.
[   10.355017] initcall e1000_init_module+0x0/0x2d returned 0 after 17732 usecs
[   10.365984] calling  sky2_init_module+0x0/0x21 @ 1
[   10.373594] sky2: driver version 1.30
[   10.379923] initcall sky2_init_module+0x0/0x21 returned 0 after 6717 usecs
[   10.391222] calling  forcedeth_pci_driver_init+0x0/0x15 @ 1
[   10.400297] initcall forcedeth_pci_driver_init+0x0/0x15 returned 0 after 491 usecs
[   10.411826] calling  rtl8139_init_module+0x0/0x15 @ 1
[   10.420741] initcall rtl8139_init_module+0x0/0x15 returned 0 after 865 usecs
[   10.431792] calling  rtl8169_pci_driver_init+0x0/0x15 @ 1
[   10.442140] ata3: SATA link up 1.5 Gbps (SStatus 113 SControl 300)
[   10.451482] initcall rtl8169_pci_driver_init+0x0/0x15 returned 0 after 11350 usecs
[   10.463795] calling  cdrom_init+0x0/0xc @ 1
[   10.465569] ata2: SATA link down (SStatus 0 SControl 300)
[   10.464698] initcall cdrom_init+0x0/0xc returned 0 after 80 usecs
[   10.464698] calling  nonstatic_sysfs_init+0x0/0xc @ 1
[   10.464698] initcall nonstatic_sysfs_init+0x0/0xc returned 0 after 76 usecs
[   10.480750] ata1: SATA link down (SStatus 0 SControl 300)
[   10.464698] calling  yenta_cardbus_driver_init+0x0/0x15 @ 1
[   10.464698] initcall yenta_cardbus_driver_init+0x0/0x15 returned 0 after 143 usecs
[   10.497952] ata4: SATA link down (SStatus 0 SControl 300)
[   10.464698] calling  mon_init+0x0/0x12d @ 1
[   10.550817] initcall mon_init+0x0/0x12d returned 0 after 43256 usecs
[   10.551797] ata6: SATA link down (SStatus 0 SControl 300)
[   10.559886] calling  ehci_hcd_init+0x0/0x56 @ 1
[   10.559975] ehci_hcd: USB 2.0 'Enhanced' Host Controller (EHCI) Driver
[   10.570015] ata5: SATA link down (SStatus 0 SControl 300)
[   10.574811] initcall ehci_hcd_init+0x0/0x56 returned 0 after 14567 usecs
[   10.585406] ata3.00: ATAPI: QEMU DVD-ROM, 2.5+, max UDMA/100
[   10.594072] calling  ehci_pci_init+0x0/0x64 @ 1
[   10.622891] ata3.00: applying bridge limits
[   10.625232] ehci-pci: EHCI PCI platform driver
[   10.636230] ata3.00: configured for UDMA/100
[   10.646710] initcall ehci_pci_init+0x0/0x64 returned 0 after 20585 usecs
[   10.666852] calling  ohci_hcd_mod_init+0x0/0x4e @ 1
[   10.668342] scsi 2:0:0:0: CD-ROM            QEMU     QEMU DVD-ROM     2.5+ PQ: 0 ANSI: 5
[   10.674736] ohci_hcd: USB 1.1 'Open' Host Controller (OHCI) Driver
[   10.677362] initcall ohci_hcd_mod_init+0x0/0x4e returned 0 after 2560 usecs
[   10.708029] calling  ohci_pci_init+0x0/0x64 @ 1
[   10.715420] ohci-pci: OHCI PCI platform driver
[   10.723047] initcall ohci_pci_init+0x0/0x64 returned 0 after 7444 usecs
[   10.734053] calling  uhci_hcd_init+0x0/0xa8 @ 1
[   10.742001] uhci_hcd: USB Universal Host Controller Interface driver
[   10.753201] initcall uhci_hcd_init+0x0/0xa8 returned 0 after 11173 usecs
[   10.755588] sr 2:0:0:0: [sr0] scsi3-mmc drive: 4x/4x cd/rw xa/form2 tray
[   10.753688] calling  xhci_hcd_init+0x0/0x1e @ 1
[   10.753688] initcall xhci_hcd_init+0x0/0x1e returned 0 after 76 usecs
[   10.753688] calling  xhci_pci_init+0x0/0x49 @ 1
[   10.753688] initcall xhci_pci_init+0x0/0x49 returned 0 after 241 usecs
[   10.774193] cdrom: Uniform CD-ROM driver Revision: 3.20
[   10.753688] calling  usblp_driver_init+0x0/0x15 @ 1
[   10.753688] usbcore: registered new interface driver usblp
[   10.834849] initcall usblp_driver_init+0x0/0x15 returned 0 after 52625 usecs
[   10.848248] calling  usb_storage_driver_init+0x0/0x2a @ 1
[   10.858377] usbcore: registered new interface driver usb-storage
[   10.869286] sr 2:0:0:0: Attached scsi CD-ROM sr0
[   10.869917] initcall usb_storage_driver_init+0x0/0x2a returned 0 after 11724 usecs
[   10.878777] sr 2:0:0:0: Attached scsi generic sg0 type 5
[   10.888916] calling  i8042_init+0x0/0x4c2 @ 1
[   10.904847] i8042: PNP: PS/2 Controller [PNP0303:KBD,PNP0f13:MOU] at 0x60,0x64 irq 1,12
[   10.931829] serio: i8042 KBD port at 0x60,0x64 irq 1
[   10.939818] serio: i8042 AUX port at 0x60,0x64 irq 12
[   10.947951] initcall i8042_init+0x0/0x4c2 returned 0 after 43534 usecs
[   10.957825] calling  serport_init+0x0/0x2c @ 1
[   10.965848] initcall serport_init+0x0/0x2c returned 0 after 108 usecs
[   10.977309] calling  input_leds_init+0x0/0xc @ 1
[   10.986239] initcall input_leds_init+0x0/0xc returned 0 after 208 usecs
[   10.998368] calling  evdev_init+0x0/0xc @ 1
[   11.006433] initcall evdev_init+0x0/0xc returned 0 after 275 usecs
[   11.017316] calling  atkbd_init+0x0/0x21 @ 1
[   11.027401] initcall atkbd_init+0x0/0x21 returned 0 after 2245 usecs
[   11.031823] input: AT Translated Set 2 keyboard as /devices/platform/i8042/serio0/input/input1
[   11.037372] calling  psmouse_init+0x0/0x7f @ 1
[   11.058362] initcall psmouse_init+0x0/0x7f returned 0 after 341 usecs
[   11.069213] calling  cmos_init+0x0/0x73 @ 1
[   11.080026] rtc_cmos 00:04: RTC can wake from S4
[   11.102368] rtc_cmos 00:04: registered as rtc0
[   11.111214] rtc_cmos 00:04: alarms up to one day, y3k, 242 bytes nvram, hpet irqs
[   11.124136] initcall cmos_init+0x0/0x73 returned 0 after 46619 usecs
[   11.134585] calling  smbalert_driver_init+0x0/0xe @ 1
[   11.143535] initcall smbalert_driver_init+0x0/0xe returned 0 after 464 usecs
[   11.156106] calling  i2c_i801_init+0x0/0xc5 @ 1
[   11.179101] i801_smbus 0000:00:1f.3: SMBus using PCI interrupt
[   11.191164] i2c i2c-0: 1/1 memory slots populated (from DMI)
[   11.202044] i2c i2c-0: Memory type 0x07 not supported yet, not instantiating SPD
[   11.214843] initcall i2c_i801_init+0x0/0xc5 returned 0 after 49856 usecs
[   11.226014] calling  ptp_kvm_init+0x0/0xf0 @ 1
[   11.234137] initcall ptp_kvm_init+0x0/0xf0 returned 0 after 764 usecs
[   11.244991] calling  dm_init+0x0/0x3c @ 1
[   11.253283] device-mapper: ioctl: 4.43.0-ioctl (2020-10-01) initialised: dm-devel@redhat.com
[   11.266548] initcall dm_init+0x0/0x3c returned 0 after 14192 usecs
[   11.276396] calling  dm_mirror_init+0x0/0x29 @ 1
[   11.283518] initcall dm_mirror_init+0x0/0x29 returned 0 after 23 usecs
[   11.293314] calling  dm_dirty_log_init+0x0/0x4f @ 1
[   11.301176] initcall dm_dirty_log_init+0x0/0x4f returned 0 after 139 usecs
[   11.312296] calling  dm_zero_init+0x0/0x29 @ 1
[   11.319458] initcall dm_zero_init+0x0/0x29 returned 0 after 9 usecs
[   11.330954] calling  intel_pstate_init+0x0/0x510 @ 1
[   11.340561] intel_pstate: CPU model not supported
[   11.350530] initcall intel_pstate_init+0x0/0x510 returned -19 after 9933 usecs
[   11.361766] calling  haltpoll_init+0x0/0xc0 @ 1
[   11.369325] initcall haltpoll_init+0x0/0xc0 returned -19 after 97 usecs
[   11.379746] calling  efivars_sysfs_init+0x0/0x30 @ 1
[   11.388051] initcall efivars_sysfs_init+0x0/0x30 returned 0 after 28 usecs
[   11.399095] calling  esrt_sysfs_init+0x0/0x2a2 @ 1
[   11.407467] initcall esrt_sysfs_init+0x0/0x2a2 returned -38 after 92 usecs
[   11.418758] calling  hid_init+0x0/0x5c @ 1
[   11.426054] hid: raw HID events driver (C) Jiri Kosina
[   11.435896] initcall hid_init+0x0/0x5c returned 0 after 9838 usecs
[   11.446499] calling  hid_generic_init+0x0/0x15 @ 1
[   11.455948] initcall hid_generic_init+0x0/0x15 returned 0 after 839 usecs
[   11.469330] calling  a4_driver_init+0x0/0x15 @ 1
[   11.480857] initcall a4_driver_init+0x0/0x15 returned 0 after 456 usecs
[   11.492639] calling  apple_driver_init+0x0/0x15 @ 1
[   11.502198] initcall apple_driver_init+0x0/0x15 returned 0 after 381 usecs
[   11.515566] calling  belkin_driver_init+0x0/0x15 @ 1
[   11.525164] initcall belkin_driver_init+0x0/0x15 returned 0 after 293 usecs
[   11.536555] calling  ch_driver_init+0x0/0x15 @ 1
[   11.545634] initcall ch_driver_init+0x0/0x15 returned 0 after 368 usecs
[   11.557549] calling  ch_driver_init+0x0/0x15 @ 1
[   11.566408] initcall ch_driver_init+0x0/0x15 returned 0 after 292 usecs
[   11.577545] calling  cp_driver_init+0x0/0x15 @ 1
[   11.586998] initcall cp_driver_init+0x0/0x15 returned 0 after 618 usecs
[   11.599844] calling  ez_driver_init+0x0/0x15 @ 1
[   11.608616] initcall ez_driver_init+0x0/0x15 returned 0 after 277 usecs
[   11.621228] calling  gyration_driver_init+0x0/0x15 @ 1
[   11.630191] initcall gyration_driver_init+0x0/0x15 returned 0 after 29 usecs
[   11.642543] calling  ite_driver_init+0x0/0x15 @ 1
[   11.650789] initcall ite_driver_init+0x0/0x15 returned 0 after 214 usecs
[   11.661443] calling  ks_driver_init+0x0/0x15 @ 1
[   11.669675] initcall ks_driver_init+0x0/0x15 returned 0 after 24 usecs
[   11.681162] calling  lg_driver_init+0x0/0x15 @ 1
[   11.689421] initcall lg_driver_init+0x0/0x15 returned 0 after 80 usecs
[   11.700584] calling  lg_g15_driver_init+0x0/0x15 @ 1
[   11.708791] initcall lg_g15_driver_init+0x0/0x15 returned 0 after 41 usecs
[   11.722425] calling  ms_driver_init+0x0/0x15 @ 1
[   11.731040] initcall ms_driver_init+0x0/0x15 returned 0 after 24 usecs
[   11.741493] calling  mr_driver_init+0x0/0x15 @ 1
[   11.748891] initcall mr_driver_init+0x0/0x15 returned 0 after 23 usecs
[   11.760250] calling  ntrig_driver_init+0x0/0x15 @ 1
[   11.770257] initcall ntrig_driver_init+0x0/0x15 returned 0 after 116 usecs
[   11.781508] calling  pl_driver_init+0x0/0x15 @ 1
[   11.789007] initcall pl_driver_init+0x0/0x15 returned 0 after 68 usecs
[   11.799553] calling  pl_driver_init+0x0/0x15 @ 1
[   11.806902] initcall pl_driver_init+0x0/0x15 returned 0 after 88 usecs
[   11.817284] calling  redragon_driver_init+0x0/0x15 @ 1
[   11.826066] initcall redragon_driver_init+0x0/0x15 returned 0 after 304 usecs
[   11.837892] calling  samsung_driver_init+0x0/0x15 @ 1
[   11.846194] initcall samsung_driver_init+0x0/0x15 returned 0 after 332 usecs
[   11.857898] calling  sony_init+0x0/0x38 @ 1
[   11.864781] initcall sony_init+0x0/0x38 returned 0 after 375 usecs
[   11.875104] calling  sp_driver_init+0x0/0x15 @ 1
[   11.882990] initcall sp_driver_init+0x0/0x15 returned 0 after 387 usecs
[   11.894034] calling  ts_driver_init+0x0/0x15 @ 1
[   11.902244] initcall ts_driver_init+0x0/0x15 returned 0 after 360 usecs
[   11.912991] calling  hid_init+0x0/0x58 @ 1
[   11.920472] usbcore: registered new interface driver usbhid
[   11.930044] usbhid: USB HID core driver
[   11.936318] initcall hid_init+0x0/0x58 returned 0 after 16001 usecs
[   11.947278] calling  eeepc_laptop_init+0x0/0x57 @ 1
[   11.955306] initcall eeepc_laptop_init+0x0/0x57 returned -19 after 385 usecs
[   11.965382] calling  pmc_atom_init+0x0/0x27a @ 1
[   11.972297] initcall pmc_atom_init+0x0/0x27a returned -19 after 5 usecs
[   11.982733] calling  alsa_hwdep_init+0x0/0x5e @ 1
[   11.990868] initcall alsa_hwdep_init+0x0/0x5e returned 0 after 483 usecs
[   12.001387] calling  alsa_timer_init+0x0/0x1f0 @ 1
[   12.009454] initcall alsa_timer_init+0x0/0x1f0 returned 0 after 220 usecs
[   12.024044] calling  snd_hrtimer_init+0x0/0x117 @ 1
[   12.032142] initcall snd_hrtimer_init+0x0/0x117 returned 0 after 8 usecs
[   12.042848] calling  alsa_pcm_init+0x0/0x64 @ 1
[   12.049797] initcall alsa_pcm_init+0x0/0x64 returned 0 after 8 usecs
[   12.060789] calling  alsa_seq_init+0x0/0x4a @ 1
[   12.068866] initcall alsa_seq_init+0x0/0x4a returned 0 after 531 usecs
[   12.079316] calling  alsa_seq_dummy_init+0x0/0x9c @ 1
[   12.087952] initcall alsa_seq_dummy_init+0x0/0x9c returned 0 after 115 usecs
[   12.098902] calling  azx_driver_init+0x0/0x15 @ 1
[   12.106954] initcall azx_driver_init+0x0/0x15 returned 0 after 387 usecs
[   12.118568] calling  sock_diag_init+0x0/0x2a @ 1
[   12.128408] initcall sock_diag_init+0x0/0x2a returned 0 after 2056 usecs
[   12.140795] calling  blackhole_init+0x0/0xc @ 1
[   12.148848] initcall blackhole_init+0x0/0xc returned 0 after 444 usecs
[   12.160818] calling  nfnetlink_init+0x0/0x57 @ 1
[   12.168376] initcall nfnetlink_init+0x0/0x57 returned 0 after 597 usecs
[   12.179511] calling  nfnetlink_log_init+0x0/0x99 @ 1
[   12.188465] initcall nfnetlink_log_init+0x0/0x99 returned 0 after 1379 usecs
[   12.201512] calling  nf_conntrack_standalone_init+0x0/0x87 @ 1
[   12.217989] initcall nf_conntrack_standalone_init+0x0/0x87 returned 0 after 6386 usecs
[   12.230955] calling  ctnetlink_init+0x0/0x83 @ 1
[   12.239018] initcall ctnetlink_init+0x0/0x83 returned 0 after 223 usecs
[   12.249931] calling  nf_conntrack_ftp_init+0x0/0x12c @ 1
[   12.259447] initcall nf_conntrack_ftp_init+0x0/0x12c returned 0 after 805 usecs
[   12.271196] calling  nf_conntrack_irc_init+0x0/0x129 @ 1
[   12.280365] initcall nf_conntrack_irc_init+0x0/0x129 returned 0 after 550 usecs
[   12.292295] calling  nf_conntrack_sip_init+0x0/0x172 @ 1
[   12.300917] initcall nf_conntrack_sip_init+0x0/0x172 returned 0 after 225 usecs
[   12.312949] calling  nf_nat_init+0x0/0xd2 @ 1
[   12.323090] input: ImExPS/2 Generic Explorer Mouse as /devices/platform/i8042/serio1/input/input3
[   12.323787] initcall nf_nat_init+0x0/0xd2 returned 0 after 3502 usecs
[   12.348605] calling  nf_nat_ftp_init+0x0/0x2a @ 1
[   12.356753] initcall nf_nat_ftp_init+0x0/0x2a returned 0 after 7 usecs
[   12.367818] calling  nf_nat_irc_init+0x0/0x2a @ 1
[   12.376907] initcall nf_nat_irc_init+0x0/0x2a returned 0 after 1 usecs
[   12.388060] calling  nf_nat_sip_init+0x0/0x36 @ 1
[   12.396329] initcall nf_nat_sip_init+0x0/0x36 returned 0 after 1 usecs
[   12.407310] calling  xt_init+0x0/0xf8 @ 1
[   12.414404] initcall xt_init+0x0/0xf8 returned 0 after 499 usecs
[   12.423535] calling  tcpudp_mt_init+0x0/0x11 @ 1
[   12.431527] initcall tcpudp_mt_init+0x0/0x11 returned 0 after 117 usecs
[   12.440478] calling  connsecmark_tg_init+0x0/0xc @ 1
[   12.450761] initcall connsecmark_tg_init+0x0/0xc returned 0 after 1 usecs
[   12.461245] calling  nflog_tg_init+0x0/0xc @ 1
[   12.469936] initcall nflog_tg_init+0x0/0xc returned 0 after 9 usecs
[   12.480803] calling  secmark_tg_init+0x0/0x11 @ 1
[   12.489159] initcall secmark_tg_init+0x0/0x11 returned 0 after 2 usecs
[   12.500511] calling  tcpmss_tg_init+0x0/0x11 @ 1
[   12.508489] initcall tcpmss_tg_init+0x0/0x11 returned 0 after 1 usecs
[   12.519345] calling  conntrack_mt_init+0x0/0x11 @ 1
[   12.527797] initcall conntrack_mt_init+0x0/0x11 returned 0 after 2 usecs
[   12.538548] calling  policy_mt_init+0x0/0x11 @ 1
[   12.545707] initcall policy_mt_init+0x0/0x11 returned 0 after 1 usecs
[   12.555725] calling  state_mt_init+0x0/0xc @ 1
[   12.562740] initcall state_mt_init+0x0/0xc returned 0 after 1 usecs
[   12.572265] calling  gre_offload_init+0x0/0x48 @ 1
[   12.579908] initcall gre_offload_init+0x0/0x48 returned 0 after 221 usecs
[   12.590112] calling  sysctl_ipv4_init+0x0/0x46 @ 1
[   12.598390] initcall sysctl_ipv4_init+0x0/0x46 returned 0 after 808 usecs
[   12.609405] calling  tunnel4_init+0x0/0x58 @ 1
[   12.616609] initcall tunnel4_init+0x0/0x58 returned 0 after 72 usecs
[   12.626460] calling  nf_defrag_init+0x0/0xc @ 1
[   12.633773] initcall nf_defrag_init+0x0/0xc returned 0 after 82 usecs
[   12.643303] calling  ip_tables_init+0x0/0x8d @ 1
