c[?7l[2J[0mSeaBIOS (version 1.16.0-debian-1.16.0-4)
Booting from ROM...
early console in setup code
c[?7l[2J[    0.000000] Linux version 5.10.157+ (root@joelboxx.c.googlers.com) (gcc (Debian 12.2.0-3) 12.2.0, GNU ld (GNU Binutils for Debian) 2.39) #17 Tue Dec 13 03:45:41 UTC 2022
[    0.000000] Command line: selinux=0 initcall_debug debug console=ttyS0 rcutorture.n_barrier_cbs=4 rcutorture.stat_interval=15 rcutorture.shutdown_secs=1800 rcutorture.test_no_idle_hz=1 rcutorture.verbose=1
[    0.000000] x86/fpu: x87 FPU will use FXSAVE
[    0.000000] BIOS-provided physical RAM map:
[    0.000000] BIOS-e820: [mem 0x0000000000000000-0x000000000009fbff] usable
[    0.000000] BIOS-e820: [mem 0x000000000009fc00-0x000000000009ffff] reserved
[    0.000000] BIOS-e820: [mem 0x00000000000f0000-0x00000000000fffff] reserved
[    0.000000] BIOS-e820: [mem 0x0000000000100000-0x000000001ffdefff] usable
[    0.000000] BIOS-e820: [mem 0x000000001ffdf000-0x000000001fffffff] reserved
[    0.000000] BIOS-e820: [mem 0x00000000b0000000-0x00000000bfffffff] reserved
[    0.000000] BIOS-e820: [mem 0x00000000fed1c000-0x00000000fed1ffff] reserved
[    0.000000] BIOS-e820: [mem 0x00000000feffc000-0x00000000feffffff] reserved
[    0.000000] BIOS-e820: [mem 0x00000000fffc0000-0x00000000ffffffff] reserved
[    0.000000] NX (Execute Disable) protection: active
[    0.000000] SMBIOS 2.8 present.
[    0.000000] DMI: QEMU Standard PC (Q35 + ICH9, 2009), BIOS 1.16.0-debian-1.16.0-4 04/01/2014
[    0.000000] Hypervisor detected: KVM
[    0.000000] kvm-clock: Using msrs 4b564d01 and 4b564d00
[    0.000000] kvm-clock: cpu 0, msr 1b63f001, primary cpu clock
[    0.000001] kvm-clock: using sched offset of 3033720039 cycles
[    0.000322] clocksource: kvm-clock: mask: 0xffffffffffffffff max_cycles: 0x1cd42e4dffb, max_idle_ns: 881590591483 ns
[    0.000427] tsc: Detected 1999.999 MHz processor
[    0.009057] e820: update [mem 0x00000000-0x00000fff] usable ==> reserved
[    0.009061] e820: remove [mem 0x000a0000-0x000fffff] usable
[    0.009072] last_pfn = 0x1ffdf max_arch_pfn = 0x400000000
[    0.009906] MTRR default type: write-back
[    0.009979] MTRR fixed ranges enabled:
[    0.009981]   00000-9FFFF write-back
[    0.009982]   A0000-BFFFF uncachable
[    0.009983]   C0000-FFFFF write-protect
[    0.009984] MTRR variable ranges enabled:
[    0.009985]   0 base 00C0000000 mask FFC0000000 uncachable
[    0.009986]   1 disabled
[    0.009987]   2 disabled
[    0.009987]   3 disabled
[    0.009988]   4 disabled
[    0.009989]   5 disabled
[    0.009989]   6 disabled
[    0.009990]   7 disabled
[    0.010486] x86/PAT: Configuration [0-7]: WB  WC  UC- UC  WB  WC  UC- UC  
[    0.019820] found SMP MP-table at [mem 0x000f5ba0-0x000f5baf]
[    0.022514] check: Scanning 1 areas for low memory corruption
[    0.036016] ACPI: Early table checksum verification disabled
[    0.038527] ACPI: RSDP 0x00000000000F59E0 000014 (v00 BOCHS )
[    0.038942] ACPI: RSDT 0x000000001FFE229A 000038 (v01 BOCHS  BXPC     00000001 BXPC 00000001)
[    0.039252] ACPI: FACP 0x000000001FFE2092 0000F4 (v03 BOCHS  BXPC     00000001 BXPC 00000001)
[    0.039459] ACPI: DSDT 0x000000001FFE0040 002052 (v01 BOCHS  BXPC     00000001 BXPC 00000001)
[    0.039464] ACPI: FACS 0x000000001FFE0000 000040
[    0.039468] ACPI: APIC 0x000000001FFE2186 000078 (v01 BOCHS  BXPC     00000001 BXPC 00000001)
[    0.039472] ACPI: HPET 0x000000001FFE21FE 000038 (v01 BOCHS  BXPC     00000001 BXPC 00000001)
[    0.039475] ACPI: MCFG 0x000000001FFE2236 00003C (v01 BOCHS  BXPC     00000001 BXPC 00000001)
[    0.039479] ACPI: WAET 0x000000001FFE2272 000028 (v01 BOCHS  BXPC     00000001 BXPC 00000001)
[    0.039483] ACPI: Reserving FACP table memory at [mem 0x1ffe2092-0x1ffe2185]
[    0.039484] ACPI: Reserving DSDT table memory at [mem 0x1ffe0040-0x1ffe2091]
[    0.039485] ACPI: Reserving FACS table memory at [mem 0x1ffe0000-0x1ffe003f]
[    0.039486] ACPI: Reserving APIC table memory at [mem 0x1ffe2186-0x1ffe21fd]
[    0.039487] ACPI: Reserving HPET table memory at [mem 0x1ffe21fe-0x1ffe2235]
[    0.039488] ACPI: Reserving MCFG table memory at [mem 0x1ffe2236-0x1ffe2271]
[    0.039489] ACPI: Reserving WAET table memory at [mem 0x1ffe2272-0x1ffe2299]
[    0.040559] ACPI: Local APIC address 0xfee00000
[    0.043660] Zone ranges:
[    0.043970]   DMA      [mem 0x0000000000001000-0x0000000000ffffff]
[    0.044151]   DMA32    [mem 0x0000000001000000-0x000000001ffdefff]
[    0.044222]   Normal   empty
[    0.044224] Movable zone start for each node
[    0.044225] Early memory node ranges
[    0.044227]   node   0: [mem 0x0000000000001000-0x000000000009efff]
[    0.044303]   node   0: [mem 0x0000000000100000-0x000000001ffdefff]
[    0.044394] Initmem setup node 0 [mem 0x0000000000001000-0x000000001ffdefff]
[    0.044397] On node 0 totalpages: 130941
[    0.044697]   DMA zone: 64 pages used for memmap
[    0.044699]   DMA zone: 21 pages reserved
[    0.044777]   DMA zone: 3998 pages, LIFO batch:0
[    0.044779]   DMA32 zone: 1984 pages used for memmap
[    0.044781]   DMA32 zone: 126943 pages, LIFO batch:31
[    0.048493] On node 0, zone DMA: 1 pages in unavailable ranges
[    0.055305] On node 0, zone DMA: 97 pages in unavailable ranges
[    0.131520] On node 0, zone DMA32: 33 pages in unavailable ranges
[    0.135283] ACPI: PM-Timer IO Port: 0x608
[    0.135288] ACPI: Local APIC address 0xfee00000
[    0.135570] ACPI: LAPIC_NMI (acpi_id[0xff] dfl dfl lint[0x1])
[    0.136765] IOAPIC[0]: apic_id 0, version 17, address 0xfec00000, GSI 0-23
[    0.136830] ACPI: INT_SRC_OVR (bus 0 bus_irq 0 global_irq 2 dfl dfl)
[    0.136967] ACPI: INT_SRC_OVR (bus 0 bus_irq 5 global_irq 5 high level)
[    0.136969] ACPI: INT_SRC_OVR (bus 0 bus_irq 9 global_irq 9 high level)
[    0.137061] ACPI: INT_SRC_OVR (bus 0 bus_irq 10 global_irq 10 high level)
[    0.137063] ACPI: INT_SRC_OVR (bus 0 bus_irq 11 global_irq 11 high level)
[    0.137065] ACPI: IRQ0 used by override.
[    0.137066] ACPI: IRQ5 used by override.
[    0.137067] ACPI: IRQ9 used by override.
[    0.137068] ACPI: IRQ10 used by override.
[    0.137068] ACPI: IRQ11 used by override.
[    0.137071] Using ACPI (MADT) for SMP configuration information
[    0.137073] ACPI: HPET id: 0x8086a201 base: 0xfed00000
[    0.138139] kvm-guest: stealtime: cpu 0, msr 1ae4d780
[    0.139205] PM: hibernation: Registered nosave memory: [mem 0x00000000-0x00000fff]
[    0.139207] PM: hibernation: Registered nosave memory: [mem 0x0009f000-0x0009ffff]
[    0.139208] PM: hibernation: Registered nosave memory: [mem 0x000a0000-0x000effff]
[    0.139209] PM: hibernation: Registered nosave memory: [mem 0x000f0000-0x000fffff]
[    0.139291] [mem 0x20000000-0xafffffff] available for PCI devices
[    0.139364] Booting paravirtualized kernel on KVM
[    0.140057] clocksource: refined-jiffies: mask: 0xffffffff max_cycles: 0xffffffff, max_idle_ns: 1910969940391419 ns
[    0.173113] pcpu-alloc: s0 r0 d32768 u32768 alloc=1*32768
[    0.173169] pcpu-alloc: [0] 0 
[    0.173623] Built 1 zonelists, mobility grouping on.  Total pages: 128872
[    0.173807] Kernel command line: selinux=0 initcall_debug debug console=ttyS0 rcutorture.n_barrier_cbs=4 rcutorture.stat_interval=15 rcutorture.shutdown_secs=1800 rcutorture.test_no_idle_hz=1 rcutorture.verbose=1
[    0.188844] Dentry cache hash table entries: 65536 (order: 7, 524288 bytes, linear)
[    0.191621] Inode-cache hash table entries: 32768 (order: 6, 262144 bytes, linear)
[    0.192439] mem auto-init: stack:all(zero), heap alloc:off, heap free:off
[    0.201599] Memory: 481560K/523764K available (14349K kernel code, 2612K rwdata, 4608K rodata, 1248K init, 1892K bss, 41944K reserved, 0K cma-reserved)
[    0.202460] SLUB: HWalign=64, Order=0-3, MinObjects=0, CPUs=1, Nodes=1
[    0.203113] Kernel/User page tables isolation: enabled
[    0.227650] NR_IRQS: 4352, nr_irqs: 256, preallocated irqs: 16
[    0.231381] calling  con_init+0x0/0x22a @ 0
[    0.355510] Console: colour VGA+ 80x25
[    0.355520] initcall con_init+0x0/0x22a returned 0 after 0 usecs
[    0.355523] calling  hvc_console_init+0x0/0x13 @ 0
[    0.355542] initcall hvc_console_init+0x0/0x13 returned 0 after 0 usecs
[    0.355544] calling  univ8250_console_init+0x0/0x26 @ 0
[    1.156998] printk: console [ttyS0] enabled
[    1.161640] initcall univ8250_console_init+0x0/0x26 returned 0 after 0 usecs
[    1.169428] ACPI: Core revision 20200925
[    1.175006] clocksource: hpet: mask: 0xffffffff max_cycles: 0xffffffff, max_idle_ns: 19112604467 ns
[    1.186270] APIC: Switch to symmetric I/O mode setup
[    1.207216] ..TIMER: vector=0x30 apic1=0 pin1=2 apic2=-1 pin2=-1
[    1.214093] clocksource: tsc-early: mask: 0xffffffffffffffff max_cycles: 0x39a85afc727, max_idle_ns: 881590685098 ns
[    1.225554] Calibrating delay loop (skipped) preset value.. 3999.99 BogoMIPS (lpj=1999999)
[    1.226534] pid_max: default: 32768 minimum: 301
[    1.228635] LSM: Security Framework initializing
[    1.229728] Mount-cache hash table entries: 1024 (order: 1, 8192 bytes, linear)
[    1.231565] Mountpoint-cache hash table entries: 1024 (order: 1, 8192 bytes, linear)
[    1.238897] Last level iTLB entries: 4KB 0, 2MB 0, 4MB 0
[    1.239533] Last level dTLB entries: 4KB 0, 2MB 0, 4MB 0, 1GB 0
[    1.241532] CPU: Intel Common KVM processor (family: 0xf, model: 0x6, stepping: 0x1)
[    1.242578] Spectre V1 : Mitigation: usercopy/swapgs barriers and __user pointer sanitization
[    1.243535] Spectre V2 : Mitigation: Retpolines
[    1.244533] Spectre V2 : Spectre v2 / SpectreRSB mitigation: Filling RSB on context switch
[    1.245534] Spectre V2 : Spectre v2 / SpectreRSB : Filling RSB on VMEXIT
[    1.246536] Speculative Store Bypass: Vulnerable
[    1.247602] MDS: Vulnerable: Clear CPU buffers attempted, no microcode
[    1.249534] MMIO Stale Data: Unknown: No mitigations
[    1.314299] calling  init_hw_perf_events+0x0/0x6ce @ 1
[    1.314535] Performance Events: unsupported Netburst CPU model 6 no PMU driver, software events only.
[    1.316543] initcall init_hw_perf_events+0x0/0x6ce returned 0 after 1953 usecs
[    1.317555] calling  init_real_mode+0x0/0x1e9 @ 1
[    1.318901] initcall init_real_mode+0x0/0x1e9 returned 0 after 0 usecs
[    1.319538] calling  trace_init_perf_perm_irq_work_exit+0x0/0x12 @ 1
[    1.320537] initcall trace_init_perf_perm_irq_work_exit+0x0/0x12 returned 0 after 0 usecs
[    1.321537] calling  validate_x2apic+0x0/0x4a @ 1
[    1.322558] initcall validate_x2apic+0x0/0x4a returned 0 after 0 usecs
[    1.323536] calling  register_nmi_cpu_backtrace_handler+0x0/0x15 @ 1
[    1.324537] initcall register_nmi_cpu_backtrace_handler+0x0/0x15 returned 0 after 0 usecs
[    1.325552] calling  kvm_setup_vsyscall_timeinfo+0x0/0x34 @ 1
[    1.326536] initcall kvm_setup_vsyscall_timeinfo+0x0/0x34 returned 0 after 0 usecs
[    1.327538] calling  spawn_ksoftirqd+0x0/0x34 @ 1
[    1.328719] initcall spawn_ksoftirqd+0x0/0x34 returned 0 after 0 usecs
[    1.329557] calling  trace_init_flags_sys_enter+0x0/0xe @ 1
[    1.330537] initcall trace_init_flags_sys_enter+0x0/0xe returned 0 after 0 usecs
[    1.331537] calling  trace_init_flags_sys_exit+0x0/0xe @ 1
[    1.332539] initcall trace_init_flags_sys_exit+0x0/0xe returned 0 after 0 usecs
[    1.333538] calling  init_kprobes+0x0/0x14d @ 1
[    1.336777] initcall init_kprobes+0x0/0x14d returned 0 after 1953 usecs
[    1.337552] calling  init_events+0x0/0x3d @ 1
[    1.338543] initcall init_events+0x0/0x3d returned 0 after 0 usecs
[    1.339535] calling  init_trace_printk+0x0/0xc @ 1
[    1.340536] initcall init_trace_printk+0x0/0xc returned 0 after 0 usecs
[    1.341535] calling  event_trace_enable_again+0x0/0x23 @ 1
[    1.342536] initcall event_trace_enable_again+0x0/0x23 returned 0 after 0 usecs
[    1.343535] calling  static_call_init+0x0/0x6d @ 1
[    1.344535] initcall static_call_init+0x0/0x6d returned 0 after 0 usecs
[    1.345535] calling  jump_label_init_module+0x0/0xc @ 1
[    1.346536] initcall jump_label_init_module+0x0/0xc returned 0 after 0 usecs
[    1.347552] calling  init_zero_pfn+0x0/0x37 @ 1
[    1.348536] initcall init_zero_pfn+0x0/0x37 returned 0 after 0 usecs
[    1.349537] calling  initialize_ptr_random+0x0/0x54 @ 1
[    1.350537] initcall initialize_ptr_random+0x0/0x54 returned 0 after 0 usecs
[    1.351551] calling  efi_memreserve_root_init+0x0/0x25 @ 1
[    1.352556] initcall efi_memreserve_root_init+0x0/0x25 returned 0 after 0 usecs
[    1.353535] calling  efi_earlycon_remap_fb+0x0/0x51 @ 1
[    1.354535] initcall efi_earlycon_remap_fb+0x0/0x51 returned 0 after 0 usecs
[    1.458530] devtmpfs: initialized
[    1.458859] calling  ipc_ns_init+0x0/0x3d @ 1
[    1.459580] initcall ipc_ns_init+0x0/0x3d returned 0 after 0 usecs
[    1.460534] calling  init_mmap_min_addr+0x0/0x21 @ 1
[    1.461541] initcall init_mmap_min_addr+0x0/0x21 returned 0 after 0 usecs
[    1.462538] calling  pci_realloc_setup_params+0x0/0x3f @ 1
[    1.463536] initcall pci_realloc_setup_params+0x0/0x3f returned 0 after 0 usecs
[    1.464536] calling  net_ns_init+0x0/0x11c @ 1
[    1.465709] initcall net_ns_init+0x0/0x11c returned 0 after 0 usecs
[    1.466563] calling  e820__register_nvs_regions+0x0/0x37 @ 1
[    1.468536] initcall e820__register_nvs_regions+0x0/0x37 returned 0 after 0 usecs
[    1.469537] calling  cpufreq_register_tsc_scaling+0x0/0x2e @ 1
[    1.470536] initcall cpufreq_register_tsc_scaling+0x0/0x2e returned 0 after 0 usecs
[    1.471536] calling  reboot_init+0x0/0x3c @ 1
[    1.472614] initcall reboot_init+0x0/0x3c returned 0 after 0 usecs
[    1.473535] calling  init_lapic_sysfs+0x0/0x20 @ 1
[    1.474536] initcall init_lapic_sysfs+0x0/0x20 returned 0 after 0 usecs
[    1.475536] calling  wq_sysfs_init+0x0/0x2a @ 1
[    1.476636] initcall wq_sysfs_init+0x0/0x2a returned 0 after 0 usecs
[    1.477540] calling  ksysfs_init+0x0/0x92 @ 1
[    1.478551] initcall ksysfs_init+0x0/0x92 returned 0 after 0 usecs
[    1.479539] calling  pm_init+0x0/0x76 @ 1
[    1.480603] initcall pm_init+0x0/0x76 returned 0 after 0 usecs
[    1.481554] calling  pm_disk_init+0x0/0x13 @ 1
[    1.482562] initcall pm_disk_init+0x0/0x13 returned 0 after 0 usecs
[    1.483562] calling  swsusp_header_init+0x0/0x2b @ 1
[    1.484539] initcall swsusp_header_init+0x0/0x2b returned 0 after 0 usecs
[    1.485536] calling  rcu_set_runtime_mode+0x0/0x11 @ 1
[    1.486536] initcall rcu_set_runtime_mode+0x0/0x11 returned 0 after 0 usecs
[    1.487537] calling  init_jiffies_clocksource+0x0/0x13 @ 1
[    1.488535] clocksource: jiffies: mask: 0xffffffff max_cycles: 0xffffffff, max_idle_ns: 1911260446275000 ns
[    1.489538] initcall init_jiffies_clocksource+0x0/0x13 returned 0 after 976 usecs
[    1.490536] calling  futex_init+0x0/0xd5 @ 1
[    1.492535] futex hash table entries: 256 (order: 0, 6144 bytes, linear)
[    1.493587] initcall futex_init+0x0/0xd5 returned 0 after 1953 usecs
[    1.494536] calling  cgroup_wq_init+0x0/0x28 @ 1
[    1.495546] initcall cgroup_wq_init+0x0/0x28 returned 0 after 0 usecs
[    1.496538] calling  cgroup1_wq_init+0x0/0x28 @ 1
[    1.497545] initcall cgroup1_wq_init+0x0/0x28 returned 0 after 0 usecs
[    1.498538] calling  init_kprobe_trace_early+0x0/0x2a @ 1
[    1.499538] initcall init_kprobe_trace_early+0x0/0x2a returned 0 after 0 usecs
[    1.500538] calling  fsnotify_init+0x0/0x48 @ 1
[    1.501546] initcall fsnotify_init+0x0/0x48 returned 0 after 0 usecs
[    1.503537] calling  filelock_init+0x0/0x60 @ 1
[    1.504546] initcall filelock_init+0x0/0x60 returned 0 after 0 usecs
[    1.505538] calling  init_misc_binfmt+0x0/0x2c @ 1
[    1.506538] initcall init_misc_binfmt+0x0/0x2c returned 0 after 0 usecs
[    1.507537] calling  init_script_binfmt+0x0/0x15 @ 1
[    1.508536] initcall init_script_binfmt+0x0/0x15 returned 0 after 0 usecs
[    1.509553] calling  init_elf_binfmt+0x0/0x15 @ 1
[    1.510536] initcall init_elf_binfmt+0x0/0x15 returned 0 after 0 usecs
[    1.511535] calling  init_compat_elf_binfmt+0x0/0x15 @ 1
[    1.512536] initcall init_compat_elf_binfmt+0x0/0x15 returned 0 after 0 usecs
[    1.513552] calling  debugfs_init+0x0/0x5c @ 1
[    1.514541] initcall debugfs_init+0x0/0x5c returned 0 after 0 usecs
[    1.515534] calling  tracefs_init+0x0/0x3a @ 1
[    1.516538] initcall tracefs_init+0x0/0x3a returned 0 after 0 usecs
[    1.517534] calling  prandom_init_early+0x0/0x111 @ 1
[    1.518535] initcall prandom_init_early+0x0/0x111 returned 0 after 0 usecs
[    1.519643] calling  virtio_init+0x0/0x20 @ 1
[    1.520550] initcall virtio_init+0x0/0x20 returned 0 after 0 usecs
[    1.521536] calling  iommu_init+0x0/0x2a @ 1
[    1.522567] initcall iommu_init+0x0/0x2a returned 0 after 0 usecs
[    1.524535] calling  component_debug_init+0x0/0x1c @ 1
[    1.525708] initcall component_debug_init+0x0/0x1c returned 0 after 0 usecs
[    1.526536] calling  early_resume_init+0x0/0xb9 @ 1
[    1.528136] PM: RTC time: 03:48:45, date: 2022-12-13
[    1.528536] initcall early_resume_init+0x0/0xb9 returned 0 after 976 usecs
[    1.529534] calling  cpufreq_core_init+0x0/0x62 @ 1
[    1.530594] initcall cpufreq_core_init+0x0/0x62 returned 0 after 0 usecs
[    1.531534] calling  cpufreq_gov_performance_init+0x0/0xc @ 1
[    1.532534] initcall cpufreq_gov_performance_init+0x0/0xc returned 0 after 0 usecs
[    1.533536] calling  cpufreq_gov_userspace_init+0x0/0xc @ 1
[    1.534536] initcall cpufreq_gov_userspace_init+0x0/0xc returned 0 after 0 usecs
[    1.535534] calling  CPU_FREQ_GOV_ONDEMAND_init+0x0/0xc @ 1
[    1.536535] initcall CPU_FREQ_GOV_ONDEMAND_init+0x0/0xc returned 0 after 0 usecs
[    1.537535] calling  cpuidle_init+0x0/0x1f @ 1
[    1.538594] initcall cpuidle_init+0x0/0x1f returned 0 after 0 usecs
[    1.539535] calling  capsule_reboot_register+0x0/0xc @ 1
[    1.540551] initcall capsule_reboot_register+0x0/0xc returned 0 after 0 usecs
[    1.541536] calling  sock_init+0x0/0x93 @ 1
[    1.542855] initcall sock_init+0x0/0x93 returned 0 after 0 usecs
[    1.543537] calling  net_inuse_init+0x0/0x23 @ 1
[    1.544541] initcall net_inuse_init+0x0/0x23 returned 0 after 0 usecs
[    1.545535] calling  net_defaults_init+0x0/0x23 @ 1
[    1.546535] initcall net_defaults_init+0x0/0x23 returned 0 after 0 usecs
[    1.547537] calling  init_default_flow_dissectors+0x0/0x4f @ 1
[    1.548535] initcall init_default_flow_dissectors+0x0/0x4f returned 0 after 0 usecs
[    1.549534] calling  netpoll_init+0x0/0x25 @ 1
[    1.550534] initcall netpoll_init+0x0/0x25 returned 0 after 0 usecs
[    1.551535] calling  netlink_proto_init+0x0/0x14f @ 1
[    1.553073] NET: Registered protocol family 16
[    1.553653] initcall netlink_proto_init+0x0/0x14f returned 0 after 976 usecs
[    1.554536] calling  genl_init+0x0/0x35 @ 1
[    1.555547] initcall genl_init+0x0/0x35 returned 0 after 0 usecs
[    1.556587] calling  bsp_pm_check_init+0x0/0x13 @ 1
[    1.557537] initcall bsp_pm_check_init+0x0/0x13 returned 0 after 0 usecs
[    1.558551] calling  irq_sysfs_init+0x0/0xb7 @ 1
[    1.559634] initcall irq_sysfs_init+0x0/0xb7 returned 0 after 0 usecs
[    1.560537] calling  audit_init+0x0/0x15d @ 1
[    1.561542] audit: initializing netlink subsys (disabled)
[    1.563599] initcall audit_init+0x0/0x15d returned 0 after 1953 usecs
[    1.564537] calling  release_early_probes+0x0/0x32 @ 1
[    1.565536] initcall release_early_probes+0x0/0x32 returned 0 after 0 usecs
[    1.566535] calling  bdi_class_init+0x0/0x48 @ 1
[    1.567554] initcall bdi_class_init+0x0/0x48 returned 0 after 0 usecs
[    1.568536] calling  mm_sysfs_init+0x0/0x28 @ 1
[    1.569542] initcall mm_sysfs_init+0x0/0x28 returned 0 after 0 usecs
[    1.570537] calling  init_per_zone_wmark_min+0x0/0x5e @ 1
[    1.571539] initcall init_per_zone_wmark_min+0x0/0x5e returned 0 after 0 usecs
[    1.572538] calling  mpi_init+0x0/0x3e @ 1
[    1.574601] initcall mpi_init+0x0/0x3e returned 0 after 0 usecs
[    1.575536] calling  kobject_uevent_init+0x0/0xc @ 1
[    1.576639] initcall kobject_uevent_init+0x0/0xc returned 0 after 0 usecs
[    1.577537] calling  pcibus_class_init+0x0/0x13 @ 1
[    1.578568] initcall pcibus_class_init+0x0/0x13 returned 0 after 0 usecs
[    1.579548] calling  pci_driver_init+0x0/0x21 @ 1
[    1.580591] initcall pci_driver_init+0x0/0x21 returned 0 after 0 usecs
[    1.581535] calling  backlight_class_init+0x0/0xa8 @ 1
[    1.582569] initcall backlight_class_init+0x0/0xa8 returned 0 after 0 usecs
[    1.583536] calling  tty_class_init+0x0/0x33 @ 1
[    1.584542] initcall tty_class_init+0x0/0x33 returned 0 after 0 usecs
[    1.585538] calling  vtconsole_class_init+0x0/0xb5 @ 1
[    1.586632] initcall vtconsole_class_init+0x0/0xb5 returned 0 after 0 usecs
[    1.587537] calling  iommu_dev_init+0x0/0x13 @ 1
[    1.588567] initcall iommu_dev_init+0x0/0x13 returned 0 after 0 usecs
[    1.589537] calling  mipi_dsi_bus_init+0x0/0xc @ 1
[    1.590599] initcall mipi_dsi_bus_init+0x0/0xc returned 0 after 0 usecs
[    1.591535] calling  devlink_class_init+0x0/0x40 @ 1
[    1.592542] initcall devlink_class_init+0x0/0x40 returned 0 after 0 usecs
[    1.593536] calling  software_node_init+0x0/0x2a @ 1
[    1.594540] initcall software_node_init+0x0/0x2a returned 0 after 0 usecs
[    1.595536] calling  wakeup_sources_debugfs_init+0x0/0x23 @ 1
[    1.596544] initcall wakeup_sources_debugfs_init+0x0/0x23 returned 0 after 0 usecs
[    1.597536] calling  wakeup_sources_sysfs_init+0x0/0x2c @ 1
[    1.598549] initcall wakeup_sources_sysfs_init+0x0/0x2c returned 0 after 0 usecs
[    1.599536] calling  regmap_initcall+0x0/0xc @ 1
[    1.600544] initcall regmap_initcall+0x0/0xc returned 0 after 0 usecs
[    1.601536] calling  i2c_init+0x0/0xb3 @ 1
[    1.602623] initcall i2c_init+0x0/0xb3 returned 0 after 0 usecs
[    1.603536] calling  thermal_init+0x0/0xf2 @ 1
[    1.604553] thermal_sys: Registered thermal governor 'step_wise'
[    1.604554] thermal_sys: Registered thermal governor 'user_space'
[    1.605548] initcall thermal_init+0x0/0xf2 returned 0 after 976 usecs
[    1.607538] calling  init_menu+0x0/0xc @ 1
[    1.608535] cpuidle: using governor menu
[    1.609536] initcall init_menu+0x0/0xc returned 0 after 976 usecs
[    1.610537] calling  pcc_init+0x0/0x4d @ 1
[    1.611538] initcall pcc_init+0x0/0x4d returned -19 after 0 usecs
[    1.612537] calling  amd_postcore_init+0x0/0x11e @ 1
[    1.613537] initcall amd_postcore_init+0x0/0x11e returned 0 after 0 usecs
[    1.614569] calling  bts_init+0x0/0xba @ 1
[    1.615538] initcall bts_init+0x0/0xba returned -19 after 0 usecs
[    1.616587] calling  pt_init+0x0/0x2ef @ 1
[    1.617535] initcall pt_init+0x0/0x2ef returned -19 after 0 usecs
[    1.618537] calling  boot_params_ksysfs_init+0x0/0x2ee @ 1
[    1.619563] initcall boot_params_ksysfs_init+0x0/0x2ee returned 0 after 0 usecs
[    1.620537] calling  sbf_init+0x0/0xb9 @ 1
[    1.621536] initcall sbf_init+0x0/0xb9 returned 0 after 0 usecs
[    1.622537] calling  arch_kdebugfs_init+0x0/0x219 @ 1
[    1.623553] initcall arch_kdebugfs_init+0x0/0x219 returned 0 after 0 usecs
[    1.624539] calling  intel_pconfig_init+0x0/0x85 @ 1
[    1.625562] initcall intel_pconfig_init+0x0/0x85 returned 0 after 0 usecs
[    1.626538] calling  mtrr_if_init+0x0/0x5d @ 1
[    1.627541] initcall mtrr_if_init+0x0/0x5d returned 0 after 0 usecs
[    1.628536] calling  activate_jump_labels+0x0/0x31 @ 1
[    1.629536] initcall activate_jump_labels+0x0/0x31 returned 0 after 0 usecs
[    1.630536] calling  ffh_cstate_init+0x0/0x29 @ 1
[    1.631539] initcall ffh_cstate_init+0x0/0x29 returned 0 after 0 usecs
[    1.632536] calling  activate_jump_labels+0x0/0x31 @ 1
[    1.633580] initcall activate_jump_labels+0x0/0x31 returned 0 after 0 usecs
[    1.634538] calling  kvm_alloc_cpumask+0x0/0x2b @ 1
[    1.635607] initcall kvm_alloc_cpumask+0x0/0x2b returned 0 after 0 usecs
[    1.636538] calling  kcmp_cookies_init+0x0/0x37 @ 1
[    1.637541] initcall kcmp_cookies_init+0x0/0x37 returned 0 after 0 usecs
[    1.638537] calling  cryptomgr_init+0x0/0xc @ 1
[    1.639553] initcall cryptomgr_init+0x0/0xc returned 0 after 0 usecs
[    1.640537] calling  acpi_pci_init+0x0/0x57 @ 1
[    1.641534] ACPI: bus type PCI registered
[    1.642537] initcall acpi_pci_init+0x0/0x57 returned 0 after 976 usecs
[    1.643537] calling  dma_channel_table_init+0x0/0xce @ 1
[    1.644541] initcall dma_channel_table_init+0x0/0xce returned 0 after 0 usecs
[    1.645536] calling  dma_bus_init+0x0/0xdc @ 1
[    1.646618] initcall dma_bus_init+0x0/0xdc returned 0 after 0 usecs
[    1.647754] calling  iommu_dma_init+0x0/0x10 @ 1
[    1.649555] initcall iommu_dma_init+0x0/0x10 returned 0 after 0 usecs
[    1.650554] calling  dmi_id_init+0x0/0x37c @ 1
[    1.651697] initcall dmi_id_init+0x0/0x37c returned 0 after 0 usecs
[    1.652537] calling  pci_arch_init+0x0/0x71 @ 1
[    1.654258] PCI: MMCONFIG for domain 0000 [bus 00-ff] at [mem 0xb0000000-0xbfffffff] (base 0xb0000000)
[    1.654539] PCI: MMCONFIG at [mem 0xb0000000-0xbfffffff] reserved in E820
[    1.655553] PCI: Using configuration type 1 for base access
[    1.656764] initcall pci_arch_init+0x0/0x71 returned 0 after 2929 usecs
[    1.657578] calling  init_vdso+0x0/0x13 @ 1
[    1.659542] initcall init_vdso+0x0/0x13 returned 0 after 976 usecs
[    1.660537] calling  sysenter_setup+0x0/0x13 @ 1
[    1.661642] initcall sysenter_setup+0x0/0x13 returned 0 after 0 usecs
[    1.662538] calling  fixup_ht_bug+0x0/0x7f @ 1
[    1.663536] initcall fixup_ht_bug+0x0/0x7f returned 0 after 0 usecs
[    1.664537] calling  topology_init+0x0/0x15 @ 1
[    1.665601] initcall topology_init+0x0/0x15 returned 0 after 0 usecs
[    1.666536] calling  intel_epb_init+0x0/0x68 @ 1
[    1.668536] initcall intel_epb_init+0x0/0x68 returned -19 after 0 usecs
[    1.669536] calling  mtrr_init_finialize+0x0/0x3e @ 1
[    1.670536] initcall mtrr_init_finialize+0x0/0x3e returned 0 after 0 usecs
[    1.671537] calling  uid_cache_init+0x0/0x6f @ 1
[    1.672541] initcall uid_cache_init+0x0/0x6f returned 0 after 0 usecs
[    1.673536] calling  param_sysfs_init+0x0/0x1ba @ 1
[    1.679653] initcall param_sysfs_init+0x0/0x1ba returned 0 after 4882 usecs
[    1.680568] calling  user_namespace_sysctl_init+0x0/0x33 @ 1
[    1.681623] initcall user_namespace_sysctl_init+0x0/0x33 returned 0 after 0 usecs
[    1.682549] calling  proc_schedstat_init+0x0/0x24 @ 1
[    1.684543] initcall proc_schedstat_init+0x0/0x24 returned 0 after 0 usecs
[    1.685538] calling  pm_sysrq_init+0x0/0x18 @ 1
[    1.686536] initcall pm_sysrq_init+0x0/0x18 returned 0 after 0 usecs
[    1.687636] calling  create_proc_profile+0x0/0x50 @ 1
[    1.688539] initcall create_proc_profile+0x0/0x50 returned 0 after 0 usecs
[    1.689536] calling  time_ns_init+0x0/0x7 @ 1
[    1.690535] initcall time_ns_init+0x0/0x7 returned 0 after 0 usecs
[    1.691535] calling  crash_save_vmcoreinfo_init+0x0/0x756 @ 1
[    1.692661] initcall crash_save_vmcoreinfo_init+0x0/0x756 returned 0 after 0 usecs
[    1.693535] calling  crash_notes_memory_init+0x0/0x35 @ 1
[    1.694538] initcall crash_notes_memory_init+0x0/0x35 returned 0 after 0 usecs
[    1.695534] calling  cgroup_sysfs_init+0x0/0x13 @ 1
[    1.696578] initcall cgroup_sysfs_init+0x0/0x13 returned 0 after 0 usecs
[    1.697535] calling  cgroup_namespaces_init+0x0/0x7 @ 1
[    1.698535] initcall cgroup_namespaces_init+0x0/0x7 returned 0 after 0 usecs
[    1.699534] calling  init_optprobes+0x0/0x13 @ 1
[    1.700533] Kprobes globally optimized
[    1.701535] initcall init_optprobes+0x0/0x13 returned 0 after 976 usecs
[    1.702534] calling  oom_init+0x0/0x2f @ 1
[    1.703752] audit: type=2000 audit(1670903324.438:1): state=initialized audit_enabled=0 res=1
[    1.704544] initcall oom_init+0x0/0x2f returned 0 after 976 usecs
[    1.705534] calling  default_bdi_init+0x0/0x35 @ 1
[    1.706731] initcall default_bdi_init+0x0/0x35 returned 0 after 0 usecs
[    1.707536] calling  percpu_enable_async+0x0/0xe @ 1
[    1.708535] initcall percpu_enable_async+0x0/0xe returned 0 after 0 usecs
[    1.709536] calling  kcompactd_init+0x0/0x46 @ 1
[    1.711641] initcall kcompactd_init+0x0/0x46 returned 0 after 976 usecs
[    1.712794] calling  init_user_reserve+0x0/0x30 @ 1
[    1.713539] initcall init_user_reserve+0x0/0x30 returned 0 after 0 usecs
[    1.714539] calling  init_admin_reserve+0x0/0x30 @ 1
[    1.715538] initcall init_admin_reserve+0x0/0x30 returned 0 after 0 usecs
[    1.716538] calling  init_reserve_notifier+0x0/0x7 @ 1
[    1.717537] initcall init_reserve_notifier+0x0/0x7 returned 0 after 0 usecs
[    1.718538] calling  swap_init_sysfs+0x0/0x62 @ 1
[    1.719582] initcall swap_init_sysfs+0x0/0x62 returned 0 after 0 usecs
[    1.720537] calling  swapfile_init+0x0/0x46 @ 1
[    1.721537] initcall swapfile_init+0x0/0x46 returned 0 after 0 usecs
[    1.722537] calling  hugetlb_init+0x0/0x411 @ 1
[    1.723537] HugeTLB registered 2.00 MiB page size, pre-allocated 0 pages
[    1.724605] initcall hugetlb_init+0x0/0x411 returned 0 after 976 usecs
[    1.725542] calling  io_wq_init+0x0/0x34 @ 1
[    1.726557] initcall io_wq_init+0x0/0x34 returned 0 after 0 usecs
[    1.727538] calling  seqiv_module_init+0x0/0xc @ 1
[    1.728537] initcall seqiv_module_init+0x0/0xc returned 0 after 0 usecs
[    1.729560] calling  echainiv_module_init+0x0/0xc @ 1
[    1.730537] initcall echainiv_module_init+0x0/0xc returned 0 after 0 usecs
[    1.731656] calling  rsa_init+0x0/0x50 @ 1
[    1.733657] cryptomgr_test (17) used greatest stack depth: 15544 bytes left
[    1.734579] initcall rsa_init+0x0/0x50 returned 0 after 976 usecs
[    1.735537] calling  crypto_cmac_module_init+0x0/0xc @ 1
[    1.736537] initcall crypto_cmac_module_init+0x0/0xc returned 0 after 0 usecs
[    1.737537] calling  hmac_module_init+0x0/0xc @ 1
[    1.738537] initcall hmac_module_init+0x0/0xc returned 0 after 0 usecs
[    1.739537] calling  crypto_null_mod_init+0x0/0x65 @ 1
[    1.740646] initcall crypto_null_mod_init+0x0/0x65 returned 0 after 0 usecs
[    1.741536] calling  md5_mod_init+0x0/0xc @ 1
[    1.742572] initcall md5_mod_init+0x0/0xc returned 0 after 0 usecs
[    1.743536] calling  sha256_generic_mod_init+0x0/0x11 @ 1
[    1.745582] initcall sha256_generic_mod_init+0x0/0x11 returned 0 after 0 usecs
[    1.746536] calling  crypto_cbc_module_init+0x0/0xc @ 1
[    1.747538] initcall crypto_cbc_module_init+0x0/0xc returned 0 after 0 usecs
[    1.748536] calling  crypto_ctr_module_init+0x0/0x11 @ 1
[    1.749537] initcall crypto_ctr_module_init+0x0/0x11 returned 0 after 0 usecs
[    1.750538] calling  crypto_gcm_module_init+0x0/0x64 @ 1
[    1.751584] initcall crypto_gcm_module_init+0x0/0x64 returned 0 after 0 usecs
[    1.752536] calling  crypto_ccm_module_init+0x0/0x11 @ 1
[    1.753539] initcall crypto_ccm_module_init+0x0/0x11 returned 0 after 0 usecs
[    1.754535] calling  aes_init+0x0/0xc @ 1
[    1.755584] initcall aes_init+0x0/0xc returned 0 after 0 usecs
[    1.756536] calling  crc32c_mod_init+0x0/0xc @ 1
[    1.757571] initcall crc32c_mod_init+0x0/0xc returned 0 after 0 usecs
[    1.758536] calling  crypto_authenc_module_init+0x0/0xc @ 1
[    1.759537] initcall crypto_authenc_module_init+0x0/0xc returned 0 after 0 usecs
[    1.760537] calling  crypto_authenc_esn_module_init+0x0/0xc @ 1
[    1.761539] initcall crypto_authenc_esn_module_init+0x0/0xc returned 0 after 0 usecs
[    1.762537] calling  drbg_init+0x0/0x7c @ 1
[    1.763784] initcall drbg_init+0x0/0x7c returned 0 after 0 usecs
[    1.764536] calling  ghash_mod_init+0x0/0xc @ 1
[    1.765576] initcall ghash_mod_init+0x0/0xc returned 0 after 0 usecs
[    1.766537] calling  init_bio+0x0/0x9a @ 1
[    1.767826] initcall init_bio+0x0/0x9a returned 0 after 0 usecs
[    1.768538] calling  blk_settings_init+0x0/0x29 @ 1
[    1.769537] initcall blk_settings_init+0x0/0x29 returned 0 after 0 usecs
[    1.770539] calling  blk_ioc_init+0x0/0x29 @ 1
[    1.771562] initcall blk_ioc_init+0x0/0x29 returned 0 after 0 usecs
[    1.772538] calling  blk_mq_init+0x0/0x96 @ 1
[    1.773538] initcall blk_mq_init+0x0/0x96 returned 0 after 0 usecs
[    1.774536] calling  genhd_device_init+0x0/0x75 @ 1
[    1.775595] initcall genhd_device_init+0x0/0x75 returned 0 after 0 usecs
[    1.776622] calling  pci_slot_init+0x0/0x40 @ 1
[    1.777584] initcall pci_slot_init+0x0/0x40 returned 0 after 0 usecs
[    1.778536] calling  fbmem_init+0x0/0xd8 @ 1
[    1.779588] initcall fbmem_init+0x0/0xd8 returned 0 after 0 usecs
[    1.780535] calling  acpi_init+0x0/0x316 @ 1
[    1.781546] ACPI: Added _OSI(Module Device)
[    1.782533] ACPI: Added _OSI(Processor Device)
[    1.783533] ACPI: Added _OSI(3.0 _SCP Extensions)
[    1.784533] ACPI: Added _OSI(Processor Aggregator Device)
[    1.785534] ACPI: Added _OSI(Linux-Dell-Video)
[    1.786533] ACPI: Added _OSI(Linux-Lenovo-NV-HDMI-Audio)
[    1.787533] ACPI: Added _OSI(Linux-HPI-Hybrid-Graphics)
[    1.791551] ACPI: 1 ACPI AML tables successfully acquired and loaded
[    1.796679] ACPI: Interpreter enabled
[    1.797563] ACPI: (supports S0 S3 S4 S5)
[    1.798533] ACPI: Using IOAPIC for interrupt routing
[    1.799560] PCI: Using host bridge windows from ACPI; if necessary, use "pci=nocrs" and report a bug
[    1.800811] ACPI: Enabled 2 GPEs in block 00 to 3F
[    1.806352] ACPI: PCI Root Bridge [PCI0] (domain 0000 [bus 00-ff])
[    1.806538] acpi PNP0A08:00: _OSC: OS supports [ExtendedConfig ASPM ClockPM Segments MSI HPX-Type3]
[    1.807716] acpi PNP0A08:00: _OSC: platform does not support [LTR]
[    1.808630] acpi PNP0A08:00: _OSC: OS now controls [PME PCIeCapability]
[    1.809637] PCI host bridge to bus 0000:00
[    1.811530] pci_bus 0000:00: root bus resource [io  0x0000-0x0cf7 window]
[    1.812534] pci_bus 0000:00: root bus resource [io  0x0d00-0xffff window]
[    1.813534] pci_bus 0000:00: root bus resource [mem 0x000a0000-0x000bffff window]
[    1.814534] pci_bus 0000:00: root bus resource [mem 0x20000000-0xafffffff window]
[    1.815534] pci_bus 0000:00: root bus resource [mem 0xc0000000-0xfebfffff window]
[    1.816534] pci_bus 0000:00: root bus resource [mem 0x100000000-0x8ffffffff window]
[    1.817534] pci_bus 0000:00: root bus resource [bus 00-ff]
[    1.819066] pci 0000:00:00.0: calling  quirk_mmio_always_on+0x0/0x10 @ 1
[    1.819535] pci 0000:00:00.0: quirk_mmio_always_on+0x0/0x10 took 0 usecs
[    1.820534] pci 0000:00:00.0: [8086:29c0] type 00 class 0x060000
[    1.825810] pci 0000:00:00.0: calling  quirk_igfx_skip_te_disable+0x0/0x80 @ 1
[    1.826539] pci 0000:00:00.0: quirk_igfx_skip_te_disable+0x0/0x80 took 0 usecs
[    1.829399] pci 0000:00:01.0: [1234:1111] type 00 class 0x030000
[    1.835530] pci 0000:00:01.0: reg 0x10: [mem 0xfd000000-0xfdffffff pref]
[    1.848530] pci 0000:00:01.0: reg 0x18: [mem 0xfebf0000-0xfebf0fff]
[    1.876530] pci 0000:00:01.0: reg 0x30: [mem 0xfebe0000-0xfebeffff pref]
[    1.887530] pci 0000:00:01.0: calling  efifb_fixup_resources+0x0/0xf0 @ 1
[    1.888753] pci 0000:00:01.0: efifb_fixup_resources+0x0/0xf0 took 0 usecs
[    1.911733] pci 0000:00:1f.0: [8086:2918] type 00 class 0x060100
[    1.919518] pci 0000:00:1f.0: calling  quirk_ich7_lpc+0x0/0x60 @ 1
[    1.921737] pci 0000:00:1f.0: quirk: [io  0x0600-0x067f] claimed by ICH6 ACPI/GPIO/TCO
[    1.923996] pci 0000:00:1f.0: quirk_ich7_lpc+0x0/0x60 took 2929 usecs
[    1.925530] pci 0000:00:1f.0: calling  quirk_igfx_skip_te_disable+0x0/0x80 @ 1
[    1.926629] pci 0000:00:1f.0: quirk_igfx_skip_te_disable+0x0/0x80 took 0 usecs
[    1.930010] pci 0000:00:1f.2: [8086:2922] type 00 class 0x010601
[    1.940491] pci 0000:00:1f.2: reg 0x20: [io  0xc040-0xc05f]
[    1.943245] pci 0000:00:1f.2: reg 0x24: [mem 0xfebf1000-0xfebf1fff]
[    1.945554] pci 0000:00:1f.2: calling  quirk_igfx_skip_te_disable+0x0/0x80 @ 1
[    1.946541] pci 0000:00:1f.2: quirk_igfx_skip_te_disable+0x0/0x80 took 0 usecs
[    1.952065] pci 0000:00:1f.3: [8086:2930] type 00 class 0x0c0500
[    1.960045] pci 0000:00:1f.3: reg 0x20: [io  0x0700-0x073f]
[    1.963554] pci 0000:00:1f.3: calling  quirk_igfx_skip_te_disable+0x0/0x80 @ 1
[    1.964541] pci 0000:00:1f.3: quirk_igfx_skip_te_disable+0x0/0x80 took 0 usecs
[    1.967099] pci_bus 0000:00: on NUMA node 0
[    1.969466] ACPI: PCI Interrupt Link [LNKA] (IRQs 5 *10 11)
[    1.971867] ACPI: PCI Interrupt Link [LNKB] (IRQs 5 *10 11)
[    1.972946] ACPI: PCI Interrupt Link [LNKC] (IRQs 5 10 *11)
[    1.974247] ACPI: PCI Interrupt Link [LNKD] (IRQs 5 10 *11)
[    1.975081] ACPI: PCI Interrupt Link [LNKE] (IRQs 5 *10 11)
[    1.976927] ACPI: PCI Interrupt Link [LNKF] (IRQs 5 *10 11)
[    1.978919] ACPI: PCI Interrupt Link [LNKG] (IRQs 5 10 *11)
[    1.980109] ACPI: PCI Interrupt Link [LNKH] (IRQs 5 10 *11)
[    1.980791] ACPI: PCI Interrupt Link [GSIA] (IRQs *16)
[    1.981555] ACPI: PCI Interrupt Link [GSIB] (IRQs *17)
[    1.982549] ACPI: PCI Interrupt Link [GSIC] (IRQs *18)
[    1.983548] ACPI: PCI Interrupt Link [GSID] (IRQs *19)
[    1.984548] ACPI: PCI Interrupt Link [GSIE] (IRQs *20)
[    1.985544] ACPI: PCI Interrupt Link [GSIF] (IRQs *21)
[    1.986552] ACPI: PCI Interrupt Link [GSIG] (IRQs *22)
[    1.987549] ACPI: PCI Interrupt Link [GSIH] (IRQs *23)
[    1.991359] initcall acpi_init+0x0/0x316 returned 0 after 204101 usecs
[    1.992645] calling  pnp_init+0x0/0xc @ 1
[    1.993746] initcall pnp_init+0x0/0xc returned 0 after 0 usecs
[    1.994539] calling  misc_init+0x0/0xbf @ 1
[    1.998235] initcall misc_init+0x0/0xbf returned 0 after 1953 usecs
[    1.998540] calling  iommu_subsys_init+0x0/0x4e @ 1
[    2.000715] iommu: Default domain type: Translated 
[    2.001539] initcall iommu_subsys_init+0x0/0x4e returned 0 after 1953 usecs
[    2.002540] calling  vga_arb_device_init+0x0/0x26c @ 1
[    2.007023] pci 0000:00:01.0: vgaarb: setting as boot VGA device
[    2.007530] pci 0000:00:01.0: vgaarb: VGA device added: decodes=io+mem,owns=io+mem,locks=none
[    2.007536] pci 0000:00:01.0: vgaarb: bridge control possible
[    2.008534] vgaarb: loaded
[    2.009542] initcall vga_arb_device_init+0x0/0x26c returned 0 after 5859 usecs
[    2.011044] calling  cn_init+0x0/0xf0 @ 1
[    2.013122] initcall cn_init+0x0/0xf0 returned 0 after 976 usecs
[    2.013540] calling  dma_buf_init+0x0/0xad @ 1
[    2.015621] initcall dma_buf_init+0x0/0xad returned 0 after 976 usecs
[    2.016538] calling  init_scsi+0x0/0x79 @ 1
[    2.018725] SCSI subsystem initialized
[    2.019551] initcall init_scsi+0x0/0x79 returned 0 after 1953 usecs
[    2.020553] calling  ata_init+0x0/0x332 @ 1
[    2.023662] libata version 3.00 loaded.
[    2.024536] initcall ata_init+0x0/0x332 returned 0 after 2929 usecs
[    2.025536] calling  phy_init+0x0/0x250 @ 1
[    2.027859] initcall phy_init+0x0/0x250 returned 0 after 976 usecs
[    2.028536] calling  init_pcmcia_cs+0x0/0x35 @ 1
[    2.029678] initcall init_pcmcia_cs+0x0/0x35 returned 0 after 0 usecs
[    2.030536] calling  usb_common_init+0x0/0x1c @ 1
[    2.031616] initcall usb_common_init+0x0/0x1c returned 0 after 0 usecs
[    2.032535] calling  usb_init+0x0/0x12e @ 1
[    2.034729] ACPI: bus type USB registered
[    2.037530] usbcore: registered new interface driver usbfs
[    2.038583] usbcore: registered new interface driver hub
[    2.039563] usbcore: registered new device driver usb
[    2.040536] initcall usb_init+0x0/0x12e returned 0 after 6835 usecs
[    2.041536] calling  serio_init+0x0/0x29 @ 1
[    2.042586] initcall serio_init+0x0/0x29 returned 0 after 0 usecs
[    2.043536] calling  input_init+0x0/0xf6 @ 1
[    2.044854] initcall input_init+0x0/0xf6 returned 0 after 0 usecs
[    2.045738] calling  rtc_init+0x0/0x4d @ 1
[    2.048547] initcall rtc_init+0x0/0x4d returned 0 after 976 usecs
[    2.049544] calling  pps_init+0x0/0xa9 @ 1
[    2.051533] pps_core: LinuxPPS API ver. 1 registered
[    2.052534] pps_core: Software ver. 5.3.6 - Copyright 2005-2007 Rodolfo Giometti <giometti@linux.it>
[    2.053539] initcall pps_init+0x0/0xa9 returned 0 after 2929 usecs
[    2.054538] calling  ptp_init+0x0/0x98 @ 1
[    2.055547] PTP clock support registered
[    2.056536] initcall ptp_init+0x0/0x98 returned 0 after 976 usecs
[    2.058536] calling  power_supply_class_init+0x0/0x3f @ 1
[    2.061099] initcall power_supply_class_init+0x0/0x3f returned 0 after 976 usecs
[    2.061538] calling  hwmon_init+0x0/0x104 @ 1
[    2.062833] initcall hwmon_init+0x0/0x104 returned 0 after 0 usecs
[    2.063537] calling  md_init+0x0/0x16b @ 1
[    2.066537] initcall md_init+0x0/0x16b returned 0 after 1953 usecs
[    2.067538] calling  leds_init+0x0/0x3b @ 1
[    2.069541] initcall leds_init+0x0/0x3b returned 0 after 976 usecs
[    2.070538] calling  dmi_init+0x0/0x113 @ 1
[    2.075539] initcall dmi_init+0x0/0x113 returned 0 after 3906 usecs
[    2.076538] calling  efisubsys_init+0x0/0x4e6 @ 1
[    2.077821] initcall efisubsys_init+0x0/0x4e6 returned 0 after 0 usecs
[    2.078539] calling  nvmem_init+0x0/0xc @ 1
[    2.080552] initcall nvmem_init+0x0/0xc returned 0 after 976 usecs
[    2.081538] calling  init_soundcore+0x0/0x33 @ 1
[    2.082793] initcall init_soundcore+0x0/0x33 returned 0 after 0 usecs
[    2.083537] calling  alsa_sound_init+0x0/0x8f @ 1
[    2.086386] Advanced Linux Sound Architecture Driver Initialized.
[    2.086538] initcall alsa_sound_init+0x0/0x8f returned 0 after 1953 usecs
[    2.087841] calling  alsa_seq_device_init+0x0/0x71 @ 1
[    2.090849] initcall alsa_seq_device_init+0x0/0x71 returned 0 after 976 usecs
[    2.091590] calling  hda_bus_init+0x0/0xc @ 1
[    2.093547] initcall hda_bus_init+0x0/0xc returned 0 after 976 usecs
[    2.094536] calling  proto_init+0x0/0xc @ 1
[    2.096539] initcall proto_init+0x0/0xc returned 0 after 976 usecs
[    2.097537] calling  net_dev_init+0x0/0x1cc @ 1
[    2.114136] initcall net_dev_init+0x0/0x1cc returned 0 after 14648 usecs
[    2.114539] calling  neigh_init+0x0/0x84 @ 1
[    2.115540] initcall neigh_init+0x0/0x84 returned 0 after 0 usecs
[    2.116539] calling  fib_notifier_init+0x0/0xc @ 1
[    2.117921] initcall fib_notifier_init+0x0/0xc returned 0 after 0 usecs
[    2.118538] calling  fib_rules_init+0x0/0xab @ 1
[    2.119787] initcall fib_rules_init+0x0/0xab returned 0 after 0 usecs
[    2.120540] calling  pktsched_init+0x0/0x10e @ 1
[    2.123740] initcall pktsched_init+0x0/0x10e returned 0 after 976 usecs
[    2.124804] calling  tc_filter_init+0x0/0xfa @ 1
[    2.126538] initcall tc_filter_init+0x0/0xfa returned 0 after 976 usecs
[    2.127537] calling  tc_action_init+0x0/0x54 @ 1
[    2.128537] initcall tc_action_init+0x0/0x54 returned 0 after 0 usecs
[    2.129538] calling  ethnl_init+0x0/0x52 @ 1
[    2.132548] initcall ethnl_init+0x0/0x52 returned 0 after 1953 usecs
[    2.134537] calling  nexthop_init+0x0/0xd8 @ 1
[    2.137539] initcall nexthop_init+0x0/0xd8 returned 0 after 1953 usecs
[    2.138536] calling  cipso_v4_init+0x0/0x5a @ 1
[    2.140536] initcall cipso_v4_init+0x0/0x5a returned 0 after 976 usecs
[    2.141537] calling  ieee80211_init+0x0/0x24 @ 1
[    2.145981] initcall ieee80211_init+0x0/0x24 returned 0 after 2929 usecs
[    2.146535] calling  netlbl_init+0x0/0x78 @ 1
[    2.147877] NetLabel: Initializing
[    2.148533] NetLabel:  domain hash size = 128
[    2.149533] NetLabel:  protocols = UNLABELED CIPSOv4 CALIPSO
[    2.153157] NetLabel:  unlabeled traffic allowed by default
[    2.153578] initcall netlbl_init+0x0/0x78 returned 0 after 5859 usecs
[    2.155539] calling  rfkill_init+0x0/0x111 @ 1
[    2.158851] initcall rfkill_init+0x0/0x111 returned 0 after 1953 usecs
[    2.159537] calling  pci_subsys_init+0x0/0x66 @ 1
[    2.162260] PCI: Using ACPI for IRQ routing
[    2.934530] PCI: pci_cache_line_size set to 64 bytes
[    2.938009] e820: reserve RAM buffer [mem 0x0009fc00-0x0009ffff]
[    2.939800] e820: reserve RAM buffer [mem 0x1ffdf000-0x1fffffff]
[    2.940986] initcall pci_subsys_init+0x0/0x66 returned 0 after 761718 usecs
[    2.947077] calling  nmi_warning_debugfs+0x0/0x26 @ 1
[    2.948868] initcall nmi_warning_debugfs+0x0/0x26 returned 0 after 976 usecs
[    2.949537] calling  save_microcode_in_initrd+0x0/0x51 @ 1
[    2.950861] initcall save_microcode_in_initrd+0x0/0x51 returned 0 after 0 usecs
[    2.951570] calling  hpet_late_init+0x0/0x1f6 @ 1
[    2.953978] hpet: 3 channels of 0 reserved for per-cpu timers
[    2.954967] hpet0: at MMIO 0xfed00000, IRQs 2, 8, 0
[    2.956534] hpet0: 3 comparators, 64-bit 100.000000 MHz counter
[    2.963539] initcall hpet_late_init+0x0/0x1f6 returned 0 after 10742 usecs
[    2.964539] calling  init_amd_nbs+0x0/0x11c @ 1
[    2.965722] initcall init_amd_nbs+0x0/0x11c returned 0 after 0 usecs
[    2.967538] calling  clocksource_done_booting+0x0/0x41 @ 1
[    2.969678] clocksource: Switched to clocksource kvm-clock
[    2.977328] initcall clocksource_done_booting+0x0/0x41 returned 0 after 7610 usecs
[    2.986902] calling  tracer_init_tracefs+0x0/0x1fb @ 1
[    3.215259] initcall tracer_init_tracefs+0x0/0x1fb returned 0 after 216552 usecs
[    3.224114] calling  init_trace_printk_function_export+0x0/0x2c @ 1
[    3.231645] initcall init_trace_printk_function_export+0x0/0x2c returned 0 after 7 usecs
[    3.241341] calling  init_kprobe_trace+0x0/0x1a9 @ 1
[    3.247407] initcall init_kprobe_trace+0x0/0x1a9 returned 0 after 6 usecs
[    3.255670] calling  init_dynamic_event+0x0/0x3d @ 1
[    3.261800] initcall init_dynamic_event+0x0/0x3d returned 0 after 70 usecs
[    3.270149] calling  init_uprobe_trace+0x0/0x5c @ 1
[    3.276311] initcall init_uprobe_trace+0x0/0x5c returned 0 after 59 usecs
[    3.284508] calling  init_pipe_fs+0x0/0x44 @ 1
[    3.290428] initcall init_pipe_fs+0x0/0x44 returned 0 after 471 usecs
[    3.298286] calling  inotify_user_setup+0x0/0x47 @ 1
[    3.304433] initcall inotify_user_setup+0x0/0x47 returned 0 after 100 usecs
[    3.312807] calling  eventpoll_init+0x0/0xcc @ 1
[    3.318483] initcall eventpoll_init+0x0/0xcc returned 0 after 67 usecs
[    3.326391] calling  anon_inode_init+0x0/0x58 @ 1
[    3.332228] initcall anon_inode_init+0x0/0x58 returned 0 after 75 usecs
[    3.340245] calling  proc_locks_init+0x0/0x27 @ 1
[    3.346179] initcall proc_locks_init+0x0/0x27 returned 0 after 170 usecs
[    3.354240] calling  iomap_init+0x0/0x1b @ 1
[    3.359958] initcall iomap_init+0x0/0x1b returned 0 after 402 usecs
[    3.367627] calling  dquot_init+0x0/0xd7 @ 1
[    3.372834] VFS: Disk quotas dquot_6.6.0
[    3.377945] VFS: Dquot-cache hash table entries: 512 (order 0, 4096 bytes)
[    3.386191] initcall dquot_init+0x0/0xd7 returned 0 after 13041 usecs
[    3.393941] calling  quota_init+0x0/0x23 @ 1
[    3.399731] initcall quota_init+0x0/0x23 returned 0 after 453 usecs
[    3.407327] calling  proc_cmdline_init+0x0/0x21 @ 1
[    3.413324] initcall proc_cmdline_init+0x0/0x21 returned 0 after 27 usecs
[    3.421430] calling  proc_consoles_init+0x0/0x24 @ 1
[    3.427485] initcall proc_consoles_init+0x0/0x24 returned 0 after 16 usecs
[    3.435777] calling  proc_cpuinfo_init+0x0/0x1e @ 1
[    3.441865] initcall proc_cpuinfo_init+0x0/0x1e returned 0 after 2 usecs
[    3.450047] calling  proc_devices_init+0x0/0x24 @ 1
[    3.456044] initcall proc_devices_init+0x0/0x24 returned 0 after 17 usecs
[    3.464263] calling  proc_interrupts_init+0x0/0x24 @ 1
[    3.470641] initcall proc_interrupts_init+0x0/0x24 returned 0 after 3 usecs
[    3.479160] calling  proc_loadavg_init+0x0/0x21 @ 1
[    3.485191] initcall proc_loadavg_init+0x0/0x21 returned 0 after 2 usecs
[    3.493426] calling  proc_meminfo_init+0x0/0x21 @ 1
[    3.503677] initcall proc_meminfo_init+0x0/0x21 returned 0 after 4 usecs
[    3.511688] calling  proc_stat_init+0x0/0x1e @ 1
[    3.517428] initcall proc_stat_init+0x0/0x1e returned 0 after 4 usecs
[    3.525795] calling  proc_uptime_init+0x0/0x21 @ 1
[    3.532208] initcall proc_uptime_init+0x0/0x21 returned 0 after 3 usecs
[    3.541459] calling  proc_version_init+0x0/0x21 @ 1
[    3.547603] initcall proc_version_init+0x0/0x21 returned 0 after 3 usecs
[    3.557040] calling  proc_softirqs_init+0x0/0x21 @ 1
[    3.563431] initcall proc_softirqs_init+0x0/0x21 returned 0 after 3 usecs
[    3.571654] calling  proc_kcore_init+0x0/0xea @ 1
[    3.577465] initcall proc_kcore_init+0x0/0xea returned 0 after 66 usecs
[    3.585415] calling  vmcore_init+0x0/0x578 @ 1
[    3.590905] initcall vmcore_init+0x0/0x578 returned 0 after 18 usecs
[    3.598564] calling  proc_kmsg_init+0x0/0x21 @ 1
[    3.604273] initcall proc_kmsg_init+0x0/0x21 returned 0 after 3 usecs
[    3.612074] calling  proc_page_init+0x0/0x3b @ 1
[    3.617740] initcall proc_page_init+0x0/0x3b returned 0 after 4 usecs
[    3.625600] calling  init_ramfs_fs+0x0/0xc @ 1
[    3.631289] initcall init_ramfs_fs+0x0/0xc returned 0 after 29 usecs
[    3.639915] calling  init_hugetlbfs_fs+0x0/0xf6 @ 1
[    3.647222] initcall init_hugetlbfs_fs+0x0/0xf6 returned 0 after 183 usecs
[    3.655391] calling  blk_scsi_ioctl_init+0x0/0x2a5 @ 1
[    3.661704] initcall blk_scsi_ioctl_init+0x0/0x2a5 returned 0 after 151 usecs
[    3.670220] calling  acpi_event_init+0x0/0x2c @ 1
[    3.675969] initcall acpi_event_init+0x0/0x2c returned 0 after 50 usecs
[    3.683953] calling  pnp_system_init+0x0/0xc @ 1
[    3.690173] initcall pnp_system_init+0x0/0xc returned 0 after 550 usecs
[    3.698271] calling  pnpacpi_init+0x0/0x69 @ 1
[    3.703764] pnp: PnP ACPI init
[    3.711274] pnp 00:00: Plug and Play ACPI device, IDs PNP0303 (active)
[    3.719556] pnp 00:01: Plug and Play ACPI device, IDs PNP0f13 (active)
[    3.728474] pnp 00:02: Plug and Play ACPI device, IDs PNP0400 (active)
[    3.737423] pnp 00:03: Plug and Play ACPI device, IDs PNP0501 (active)
[    3.747802] pnp 00:04: Plug and Play ACPI device, IDs PNP0b00 (active)
[    3.755509] system 00:05: [mem 0xb0000000-0xbfffffff window] has been reserved
[    3.763937] system 00:05: Plug and Play ACPI device, IDs PNP0c01 (active)
[    3.773154] pnp: PnP ACPI: found 6 devices
[    3.778057] initcall pnpacpi_init+0x0/0x69 returned 0 after 72604 usecs
[    3.785653] calling  chr_dev_init+0x0/0x14d @ 1
[    3.794758] initcall chr_dev_init+0x0/0x14d returned 0 after 3794 usecs
[    3.802183] calling  firmware_class_init+0x0/0xde @ 1
[    3.807978] initcall firmware_class_init+0x0/0xde returned 0 after 49 usecs
[    3.815970] calling  init_pcmcia_bus+0x0/0x5b @ 1
[    3.821709] initcall init_pcmcia_bus+0x0/0x5b returned 0 after 181 usecs
[    3.829833] calling  init_acpi_pm_clocksource+0x0/0xda @ 1
[    3.842781] clocksource: acpi_pm: mask: 0xffffff max_cycles: 0xffffff, max_idle_ns: 2085701024 ns
[    3.853184] initcall init_acpi_pm_clocksource+0x0/0xda returned 0 after 15950 usecs
[    3.862087] calling  sysctl_core_init+0x0/0x26 @ 1
[    3.868088] initcall sysctl_core_init+0x0/0x26 returned 0 after 316 usecs
[    3.876086] calling  eth_offload_init+0x0/0x13 @ 1
[    3.881844] initcall eth_offload_init+0x0/0x13 returned 0 after 31 usecs
[    3.889806] calling  ipv4_offload_init+0x0/0x73 @ 1
[    3.895716] initcall ipv4_offload_init+0x0/0x73 returned 0 after 66 usecs
[    3.903752] calling  inet_init+0x0/0x276 @ 1
[    3.909182] NET: Registered protocol family 2
[    3.915008] IP idents hash table entries: 8192 (order: 4, 65536 bytes, linear)
[    3.924939] tcp_listen_portaddr_hash hash table entries: 256 (order: 0, 4096 bytes, linear)
[    3.935116] TCP established hash table entries: 4096 (order: 3, 32768 bytes, linear)
[    3.944665] TCP bind hash table entries: 4096 (order: 3, 32768 bytes, linear)
[    3.954982] TCP: Hash tables configured (established 4096 bind 4096)
[    3.962943] UDP hash table entries: 256 (order: 1, 8192 bytes, linear)
[    3.970539] UDP-Lite hash table entries: 256 (order: 1, 8192 bytes, linear)
[    3.978929] initcall inet_init+0x0/0x276 returned 0 after 68348 usecs
[    3.986409] calling  af_unix_init+0x0/0x4d @ 1
[    3.991747] NET: Registered protocol family 1
[    3.996991] initcall af_unix_init+0x0/0x4d returned 0 after 5122 usecs
[    4.004597] calling  ipv6_offload_init+0x0/0x7e @ 1
[    4.010418] initcall ipv6_offload_init+0x0/0x7e returned 0 after 116 usecs
[    4.018381] calling  init_sunrpc+0x0/0x65 @ 1
[    4.024124] RPC: Registered named UNIX socket transport module.
[    4.031141] RPC: Registered udp transport module.
[    4.036769] RPC: Registered tcp transport module.
[    4.042341] RPC: Registered tcp NFSv4.1 backchannel transport module.
[    4.049930] initcall init_sunrpc+0x0/0x65 returned 0 after 25830 usecs
[    4.057641] calling  cfg80211_init+0x0/0xc5 @ 1
[    4.063810] initcall cfg80211_init+0x0/0xc5 returned 0 after 690 usecs
[    4.071690] calling  pcibios_assign_resources+0x0/0xa8 @ 1
[    4.078530] pci_bus 0000:00: resource 4 [io  0x0000-0x0cf7 window]
[    4.085922] pci_bus 0000:00: resource 5 [io  0x0d00-0xffff window]
[    4.094224] pci_bus 0000:00: resource 6 [mem 0x000a0000-0x000bffff window]
[    4.104089] pci_bus 0000:00: resource 7 [mem 0x20000000-0xafffffff window]
[    4.116009] pci_bus 0000:00: resource 8 [mem 0xc0000000-0xfebfffff window]
[    4.125156] pci_bus 0000:00: resource 9 [mem 0x100000000-0x8ffffffff window]
[    4.133175] initcall pcibios_assign_resources+0x0/0xa8 returned 0 after 53614 usecs
[    4.141884] calling  pci_apply_final_quirks+0x0/0x124 @ 1
[    4.148663] pci 0000:00:01.0: calling  pci_fixup_video+0x0/0xe0 @ 1
[    4.156665] pci 0000:00:01.0: Video device with shadowed ROM at [mem 0x000c0000-0x000dffff]
[    4.166394] pci 0000:00:01.0: pci_fixup_video+0x0/0xe0 took 9924 usecs
[    4.174389] PCI: CLS 0 bytes, default 64
[    4.180150] initcall pci_apply_final_quirks+0x0/0x124 returned 0 after 31144 usecs
[    4.189597] calling  acpi_reserve_resources+0x0/0xea @ 1
[    4.195810] initcall acpi_reserve_resources+0x0/0xea returned 0 after 30 usecs
[    4.204035] calling  populate_rootfs+0x0/0x102 @ 1
[    4.211207] initcall populate_rootfs+0x0/0x102 returned 0 after 1710 usecs
[    4.219120] calling  pci_iommu_init+0x0/0x3e @ 1
[    4.224555] initcall pci_iommu_init+0x0/0x3e returned 0 after 122 usecs
[    4.232129] calling  ia32_binfmt_init+0x0/0x13 @ 1
[    4.237774] initcall ia32_binfmt_init+0x0/0x13 returned 0 after 25 usecs
[    4.245279] calling  rapl_pmu_init+0x0/0x25f @ 1
[    4.250667] initcall rapl_pmu_init+0x0/0x25f returned -19 after 91 usecs
[    4.258229] calling  amd_uncore_init+0x0/0x310 @ 1
[    4.263674] initcall amd_uncore_init+0x0/0x310 returned -19 after 0 usecs
[    4.271399] calling  amd_ibs_init+0x0/0x233 @ 1
[    4.276629] initcall amd_ibs_init+0x0/0x233 returned -19 after 0 usecs
[    4.284001] calling  amd_iommu_pc_init+0x0/0x20c @ 1
[    4.289688] initcall amd_iommu_pc_init+0x0/0x20c returned -19 after 59 usecs
[    4.297758] calling  msr_init+0x0/0x55 @ 1
[    4.302760] initcall msr_init+0x0/0x55 returned 0 after 108 usecs
[    4.309689] calling  intel_uncore_init+0x0/0x31e @ 1
[    4.315693] initcall intel_uncore_init+0x0/0x31e returned -19 after 124 usecs
[    4.323658] calling  cstate_pmu_init+0x0/0x181 @ 1
[    4.329043] initcall cstate_pmu_init+0x0/0x181 returned -19 after 0 usecs
[    4.336646] calling  register_kernel_offset_dumper+0x0/0x1a @ 1
[    4.343277] initcall register_kernel_offset_dumper+0x0/0x1a returned 0 after 12 usecs
[    4.351981] calling  i8259A_init_ops+0x0/0x20 @ 1
[    4.357204] initcall i8259A_init_ops+0x0/0x20 returned 0 after 1 usecs
[    4.364408] calling  init_tsc_clocksource+0x0/0xa4 @ 1
[    4.370190] clocksource: tsc: mask: 0xffffffffffffffff max_cycles: 0x39a85afc727, max_idle_ns: 881590685098 ns
[    4.381195] initcall init_tsc_clocksource+0x0/0xa4 returned 0 after 10743 usecs
[    4.389106] calling  add_rtc_cmos+0x0/0xb0 @ 1
[    4.394090] initcall add_rtc_cmos+0x0/0xb0 returned 0 after 1 usecs
[    4.401052] calling  i8237A_init_ops+0x0/0x3a @ 1
[    4.406481] initcall i8237A_init_ops+0x0/0x3a returned 0 after 135 usecs
[    4.414676] calling  umwait_init+0x0/0x94 @ 1
[    4.420093] initcall umwait_init+0x0/0x94 returned -19 after 173 usecs
[    4.430040] calling  thermal_throttle_init_device+0x0/0x3d @ 1
[    4.438298] initcall thermal_throttle_init_device+0x0/0x3d returned 0 after 14 usecs
[    4.449072] calling  msr_init+0x0/0xd7 @ 1
[    4.454486] initcall msr_init+0x0/0xd7 returned 0 after 121 usecs
[    4.461415] calling  cpuid_init+0x0/0xd7 @ 1
[    4.466290] initcall cpuid_init+0x0/0xd7 returned 0 after 46 usecs
[    4.473284] calling  ioapic_init_ops+0x0/0x13 @ 1
[    4.478635] initcall ioapic_init_ops+0x0/0x13 returned 0 after 15 usecs
[    4.486180] calling  add_pcspkr+0x0/0x6c @ 1
[    4.491256] initcall add_pcspkr+0x0/0x6c returned 0 after 39 usecs
[    4.498696] calling  start_periodic_check_for_corruption+0x0/0x30 @ 1
[    4.506153] check: Scanning for low memory corruption every 60 seconds
[    4.513590] initcall start_periodic_check_for_corruption+0x0/0x30 returned 0 after 7258 usecs
[    4.523271] calling  sysfb_init+0x0/0x9c @ 1
[    4.528436] initcall sysfb_init+0x0/0x9c returned 0 after 170 usecs
[    4.535843] calling  audit_classes_init+0x0/0xae @ 1
[    4.541663] initcall audit_classes_init+0x0/0xae returned 0 after 4 usecs
[    4.549586] calling  iosf_mbi_init+0x0/0x24 @ 1
[    4.555287] initcall iosf_mbi_init+0x0/0x24 returned 0 after 166 usecs
[    4.563093] calling  proc_execdomains_init+0x0/0x21 @ 1
[    4.569326] initcall proc_execdomains_init+0x0/0x21 returned 0 after 4 usecs
[    4.577608] calling  register_warn_debugfs+0x0/0x23 @ 1
[    4.583947] initcall register_warn_debugfs+0x0/0x23 returned 0 after 7 usecs
[    4.592177] calling  ioresources_init+0x0/0x49 @ 1
[    4.597973] initcall ioresources_init+0x0/0x49 returned 0 after 5 usecs
[    4.610817] calling  snapshot_device_init+0x0/0xc @ 1
[    4.623479] initcall snapshot_device_init+0x0/0xc returned 0 after 5345 usecs
[    4.631950] calling  irq_pm_init_ops+0x0/0x13 @ 1
[    4.637687] initcall irq_pm_init_ops+0x0/0x13 returned 0 after 49 usecs
[    4.645453] calling  rcu_torture_init+0x0/0x89f @ 1
[    4.651698] rcu-torture:--- Start of test: nreaders=1 nfakewriters=4 stat_interval=15 verbose=1 test_no_idle_hz=1 shuffle_interval=3 stutter=5 irqreader=1 fqs_duration=0 fqs_holdoff=0 fqs_stutter=3 test_boost=1/0 test_boost_interval=7 test_boost_duration=4 shutdown_secs=1800 stall_cpu=0 stall_cpu_holdoff=10 stall_cpu_irqsoff=0 stall_cpu_block=0 n_barrier_cbs=4 onoff_interval=0 onoff_holdoff=0 read_exit_delay=13 read_exit_burst=16
[    4.697595] rcu:  Start-test grace-period state: g0 f0x0
[    4.703874] rcu-torture: Creating rcu_torture_writer task
[    4.710820] rcu-torture: Creating rcu_torture_fakewriter task
[    4.717808] rcu-torture: rcu_torture_writer task started
[    4.724007] rcu-torture: GP expediting controlled from boot/sysfs for rcu.
[    4.731831] rcu_torture_writer: Testing conditional GPs.
[    4.737974] rcu_torture_writer: Testing expedited GPs.
[    4.743870] rcu_torture_writer: Testing asynchronous GPs.
[    4.750095] rcu_torture_writer: Testing normal GPs.
[    4.755980] rcu-torture: Creating rcu_torture_fakewriter task
[    4.762759] rcu-torture: rcu_torture_fakewriter task started
[    4.769408] rcu-torture: Creating rcu_torture_fakewriter task
[    4.776095] rcu-torture: rcu_torture_fakewriter task started
[    4.783031] rcu-torture: Creating rcu_torture_fakewriter task
[    4.789771] rcu-torture: rcu_torture_fakewriter task started
[    4.796552] rcu-torture: Creating rcu_torture_reader task
[    4.803895] rcu-torture: rcu_torture_fakewriter task started
[    4.813964] rcu-torture: Creating rcu_torture_stats task
[    4.820357] rcu-torture: rcu_torture_reader task started
[    4.827841] rcu-torture: Creating torture_shuffle task
[    4.833801] rcu-torture: rcu_torture_stats task started
[    4.840081] rcu-torture: Creating torture_stutter task
[    4.846095] rcu-torture: torture_shuffle task started
[    4.852979] rcu-torture: Creating torture_shutdown task
[    4.859137] rcu-torture: torture_stutter task started
[    4.865282] rcu-torture: Creating rcu_torture_fwd_prog task
[    4.871773] rcu-torture: torture_shutdown task started
[    4.877821] rcu-torture:torture_shutdown task: 1799975 ms remaining
[    4.885120] rcu-torture: Creating rcu_torture_barrier_cbs task
[    4.892735] rcu-torture: rcu_torture_fwd_progress task started
[    4.899813] rcu-torture: Creating rcu_torture_barrier_cbs task
[    4.906523] rcu-torture: rcu_torture_barrier_cbs task started
[    4.913239] rcu-torture: Creating rcu_torture_barrier_cbs task
[    4.920133] rcu-torture: rcu_torture_barrier_cbs task started
[    4.927139] rcu-torture: Creating rcu_torture_barrier_cbs task
[    4.933966] rcu-torture: rcu_torture_barrier_cbs task started
[    4.940716] rcu-torture: Creating rcu_torture_barrier task
[    4.947068] rcu-torture: rcu_torture_barrier_cbs task started
[    4.957434] rcu-torture: Creating rcu_torture_read_exit task
[    4.964126] rcu-torture: rcu_torture_barrier task starting
[    4.971252] initcall rcu_torture_init+0x0/0x89f returned 0 after 312475 usecs
[    4.979391] calling  timekeeping_init_ops+0x0/0x13 @ 1
[    4.985401] initcall timekeeping_init_ops+0x0/0x13 returned 0 after 22 usecs
[    4.993543] calling  init_clocksource_sysfs+0x0/0x23 @ 1
[    5.000167] initcall init_clocksource_sysfs+0x0/0x23 returned 0 after 387 usecs
[    5.008518] calling  init_timer_list_procfs+0x0/0x31 @ 1
[    5.014859] initcall init_timer_list_procfs+0x0/0x31 returned 0 after 26 usecs
[    5.023415] calling  alarmtimer_init+0x0/0xb5 @ 1
[    5.029339] initcall alarmtimer_init+0x0/0xb5 returned 0 after 214 usecs
[    5.037255] calling  init_posix_timers+0x0/0x29 @ 1
[    5.043156] initcall init_posix_timers+0x0/0x29 returned 0 after 58 usecs
[    5.051152] calling  clockevents_init_sysfs+0x0/0x8b @ 1
[    5.057647] initcall clockevents_init_sysfs+0x0/0x8b returned 0 after 150 usecs
[    5.066203] calling  proc_dma_init+0x0/0x21 @ 1
[    5.071731] initcall proc_dma_init+0x0/0x21 returned 0 after 42 usecs
[    5.079308] calling  proc_modules_init+0x0/0x1e @ 1
[    5.085218] initcall proc_modules_init+0x0/0x1e returned 0 after 132 usecs
[    5.093404] calling  kallsyms_init+0x0/0x21 @ 1
[    5.098995] initcall kallsyms_init+0x0/0x21 returned 0 after 3 usecs
[    5.106665] calling  pid_namespaces_init+0x0/0x2c @ 1
[    5.112752] initcall pid_namespaces_init+0x0/0x2c returned 0 after 44 usecs
[    5.121054] calling  audit_watch_init+0x0/0x37 @ 1
[    5.126909] initcall audit_watch_init+0x0/0x37 returned 0 after 16 usecs
[    5.135075] calling  audit_fsnotify_init+0x0/0x37 @ 1
[    5.141226] initcall audit_fsnotify_init+0x0/0x37 returned 0 after 1 usecs
[    5.149725] calling  audit_tree_init+0x0/0x6d @ 1
[    5.155666] initcall audit_tree_init+0x0/0x6d returned 0 after 104 usecs
[    5.165149] calling  seccomp_sysctl_init+0x0/0x2b @ 1
[    5.171691] initcall seccomp_sysctl_init+0x0/0x2b returned 0 after 213 usecs
[    5.180186] calling  utsname_sysctl_init+0x0/0x13 @ 1
[    5.186482] initcall utsname_sysctl_init+0x0/0x13 returned 0 after 208 usecs
[    5.194849] calling  init_tracepoints+0x0/0x27 @ 1
[    5.200678] initcall init_tracepoints+0x0/0x27 returned 0 after 52 usecs
[    5.208663] calling  init_blk_tracer+0x0/0x50 @ 1
[    5.215302] initcall init_blk_tracer+0x0/0x50 returned 0 after 917 usecs
[    5.223354] calling  perf_event_sysfs_init+0x0/0x81 @ 1
[    5.230300] initcall perf_event_sysfs_init+0x0/0x81 returned 0 after 509 usecs
[    5.239053] calling  system_trusted_keyring_init+0x0/0x5f @ 1
[    5.245979] Initialise system trusted keyrings
[    5.251543] initcall system_trusted_keyring_init+0x0/0x5f returned 0 after 5430 usecs
[    5.260966] calling  kswapd_init+0x0/0x13 @ 1
[    5.266184] rcu-torture: rcu_torture_read_exit: Start of test
[    5.273480] initcall kswapd_init+0x0/0x13 returned 0 after 7130 usecs
[    5.281279] calling  extfrag_debug_init+0x0/0x54 @ 1
[    5.287858] initcall extfrag_debug_init+0x0/0x54 returned 0 after 378 usecs
[    5.297439] calling  slab_proc_init+0x0/0x21 @ 1
[    5.304375] initcall slab_proc_init+0x0/0x21 returned 0 after 50 usecs
[    5.314066] calling  workingset_init+0x0/0x8c @ 1
[    5.321130] workingset: timestamp_bits=62 max_order=17 bucket_order=0
[    5.330775] initcall workingset_init+0x0/0x8c returned 0 after 9415 usecs
[    5.340831] calling  proc_vmalloc_init+0x0/0x27 @ 1
[    5.348244] initcall proc_vmalloc_init+0x0/0x27 returned 0 after 91 usecs
[    5.358059] calling  procswaps_init+0x0/0x1e @ 1
[    5.363829] initcall procswaps_init+0x0/0x1e returned 0 after 143 usecs
[    5.371684] calling  slab_sysfs_init+0x0/0xea @ 1
[    5.383376] initcall slab_sysfs_init+0x0/0xea returned 0 after 2817 usecs
[    5.391497] calling  fcntl_init+0x0/0x29 @ 1
[    5.396729] initcall fcntl_init+0x0/0x29 returned 0 after 7 usecs
[    5.404028] calling  proc_filesystems_init+0x0/0x21 @ 1
[    5.410304] initcall proc_filesystems_init+0x0/0x21 returned 0 after 4 usecs
[    5.418783] calling  start_dirtytime_writeback+0x0/0x29 @ 1
[    5.426566] initcall start_dirtytime_writeback+0x0/0x29 returned 0 after 2 usecs
[    5.436698] calling  blkdev_init+0x0/0x1b @ 1
[    5.442814] initcall blkdev_init+0x0/0x1b returned 0 after 125 usecs
[    5.452129] calling  dio_init+0x0/0x2c @ 1
[    5.458296] initcall dio_init+0x0/0x2c returned 0 after 66 usecs
[    5.467305] calling  dnotify_init+0x0/0x78 @ 1
[    5.474220] initcall dnotify_init+0x0/0x78 returned 0 after 12 usecs
[    5.484680] calling  aio_setup+0x0/0x78 @ 1
[    5.490114] initcall aio_setup+0x0/0x78 returned 0 after 263 usecs
[    5.497998] calling  io_uring_init+0x0/0x2c @ 1
[    5.503408] initcall io_uring_init+0x0/0x2c returned 0 after 5 usecs
[    5.510817] calling  mbcache_init+0x0/0x30 @ 1
[    5.516275] initcall mbcache_init+0x0/0x30 returned 0 after 69 usecs
[    5.523987] calling  init_grace+0x0/0xc @ 1
[    5.529309] initcall init_grace+0x0/0xc returned 0 after 131 usecs
[    5.536590] calling  init_v2_quota_format+0x0/0x21 @ 1
[    5.542903] initcall init_v2_quota_format+0x0/0x21 returned 0 after 20 usecs
[    5.551402] calling  init_devpts_fs+0x0/0x27 @ 1
[    5.557400] initcall init_devpts_fs+0x0/0x27 returned 0 after 331 usecs
[    5.565359] calling  ext4_init_fs+0x0/0x1cb @ 1
[    5.571648] initcall ext4_init_fs+0x0/0x1cb returned 0 after 577 usecs
[    5.579435] calling  journal_init+0x0/0x11c @ 1
[    5.584955] initcall journal_init+0x0/0x11c returned 0 after 77 usecs
[    5.592625] calling  init_fat_fs+0x0/0x49 @ 1
[    5.597985] initcall init_fat_fs+0x0/0x49 returned 0 after 90 usecs
[    5.605355] calling  init_vfat_fs+0x0/0xc @ 1
[    5.610610] initcall init_vfat_fs+0x0/0xc returned 0 after 2 usecs
[    5.617883] calling  init_msdos_fs+0x0/0xc @ 1
[    5.623178] initcall init_msdos_fs+0x0/0xc returned 0 after 3 usecs
[    5.630531] calling  init_iso9660_fs+0x0/0x6c @ 1
[    5.636460] rcu_torture_rea (62) used greatest stack depth: 15512 bytes left
[    5.645369] initcall init_iso9660_fs+0x0/0x6c returned 0 after 9069 usecs
[    5.653531] calling  init_nfs_fs+0x0/0x13a @ 1
[    5.660544] initcall init_nfs_fs+0x0/0x13a returned 0 after 878 usecs
[    5.668396] calling  init_nfs_v2+0x0/0x13 @ 1
[    5.677407] initcall init_nfs_v2+0x0/0x13 returned 0 after 115 usecs
[    5.685547] calling  init_nfs_v3+0x0/0x13 @ 1
[    5.692373] initcall init_nfs_v3+0x0/0x13 returned 0 after 122 usecs
[    5.700621] calling  init_nfs_v4+0x0/0x32 @ 1
[    5.706180] NFS: Registering the id_resolver key type
[    5.712639] Key type id_resolver registered
[    5.717906] Key type id_legacy registered
[    5.723446] initcall init_nfs_v4+0x0/0x32 returned 0 after 16904 usecs
[    5.731725] calling  init_nlm+0x0/0x5b @ 1
[    5.737154] initcall init_nlm+0x0/0x5b returned 0 after 144 usecs
[    5.744793] calling  init_nls_cp437+0x0/0xe @ 1
[    5.750721] initcall init_nls_cp437+0x0/0xe returned 0 after 54 usecs
[    5.759172] calling  init_nls_ascii+0x0/0xe @ 1
[    5.765013] initcall init_nls_ascii+0x0/0xe returned 0 after 0 usecs
[    5.773203] calling  init_nls_iso8859_1+0x0/0xe @ 1
[    5.780035] initcall init_nls_iso8859_1+0x0/0xe returned 0 after 0 usecs
[    5.788906] calling  init_nls_utf8+0x0/0x21 @ 1
[    5.794939] initcall init_nls_utf8+0x0/0x21 returned 0 after 1 usecs
[    5.802932] calling  init_autofs_fs+0x0/0x25 @ 1
[    5.808868] initcall init_autofs_fs+0x0/0x25 returned 0 after 214 usecs
[    5.817040] calling  ipc_init+0x0/0x24 @ 1
[    5.822149] initcall ipc_init+0x0/0x24 returned 0 after 29 usecs
[    5.829346] calling  ipc_sysctl_init+0x0/0x13 @ 1
[    5.835285] initcall ipc_sysctl_init+0x0/0x13 returned 0 after 66 usecs
[    5.844080] calling  init_mqueue_fs+0x0/0x92 @ 1
[    5.850325] initcall init_mqueue_fs+0x0/0x92 returned 0 after 199 usecs
[    5.858811] calling  key_proc_init+0x0/0x63 @ 1
[    5.864793] initcall key_proc_init+0x0/0x63 returned 0 after 6 usecs
[    5.873255] calling  selinux_nf_ip_init+0x0/0x2e @ 1
[    5.879949] initcall selinux_nf_ip_init+0x0/0x2e returned 0 after 66 usecs
[    5.889135] calling  init_sel_fs+0x0/0x116 @ 1
[    5.895489] initcall init_sel_fs+0x0/0x116 returned 0 after 1 usecs
[    5.903769] calling  selnl_init+0x0/0x7c @ 1
[    5.909911] initcall selnl_init+0x0/0x7c returned 0 after 364 usecs
[    5.918347] calling  sel_netif_init+0x0/0x36 @ 1
[    5.924830] initcall sel_netif_init+0x0/0x36 returned 0 after 0 usecs
[    5.933619] calling  sel_netnode_init+0x0/0x33 @ 1
[    5.941054] initcall sel_netnode_init+0x0/0x33 returned 0 after 0 usecs
[    5.950785] calling  sel_netport_init+0x0/0x33 @ 1
[    5.958031] initcall sel_netport_init+0x0/0x33 returned 0 after 1 usecs
[    5.967401] calling  aurule_init+0x0/0x2a @ 1
[    5.973960] initcall aurule_init+0x0/0x2a returned 0 after 1 usecs
[    5.982134] calling  crypto_algapi_init+0x0/0xc @ 1
[    5.988264] initcall crypto_algapi_init+0x0/0xc returned 0 after 5 usecs
[    5.996882] calling  jent_mod_init+0x0/0x2d @ 1
[    6.012366] initcall jent_mod_init+0x0/0x2d returned 0 after 9496 usecs
[    6.021076] calling  asymmetric_key_init+0x0/0xc @ 1
[    6.027812] Key type asymmetric registered
[    6.033390] initcall asymmetric_key_init+0x0/0xc returned 0 after 5444 usecs
[    6.042663] calling  x509_key_init+0x0/0xc @ 1
[    6.048710] Asymmetric key parser 'x509' registered
[    6.055179] initcall x509_key_init+0x0/0xc returned 0 after 6549 usecs
[    6.063550] calling  proc_genhd_init+0x0/0x41 @ 1
[    6.069520] initcall proc_genhd_init+0x0/0x41 returned 0 after 6 usecs
[    6.078683] calling  bsg_init+0x0/0x113 @ 1
[    6.085348] Block layer SCSI generic (bsg) driver version 0.4 loaded (major 251)
[    6.094301] initcall bsg_init+0x0/0x113 returned 0 after 8834 usecs
[    6.102071] calling  deadline_init+0x0/0xc @ 1
[    6.107979] io scheduler mq-deadline registered
[    6.113955] initcall deadline_init+0x0/0xc returned 0 after 5897 usecs
[    6.122339] calling  kyber_init+0x0/0xc @ 1
[    6.127722] io scheduler kyber registered
[    6.132876] initcall kyber_init+0x0/0xc returned 0 after 5048 usecs
[    6.141138] calling  mod_init+0x0/0x7 @ 1
[    6.146423] initcall mod_init+0x0/0x7 returned 0 after 0 usecs
[    6.153735] calling  sg_pool_init+0x0/0xb4 @ 1
[    6.159710] initcall sg_pool_init+0x0/0xb4 returned 0 after 206 usecs
[    6.169063] calling  pcie_portdrv_init+0x0/0x39 @ 1
[    6.175738] initcall pcie_portdrv_init+0x0/0x39 returned 0 after 612 usecs
[    6.184652] calling  pci_proc_init+0x0/0x68 @ 1
[    6.190545] initcall pci_proc_init+0x0/0x68 returned 0 after 93 usecs
[    6.199027] calling  pci_hotplug_init+0x0/0x7 @ 1
[    6.204992] initcall pci_hotplug_init+0x0/0x7 returned 0 after 0 usecs
[    6.214210] calling  efifb_driver_init+0x0/0xe @ 1
[    6.221677] initcall efifb_driver_init+0x0/0xe returned 0 after 63 usecs
[    6.231716] calling  ged_driver_init+0x0/0xe @ 1
[    6.239025] initcall ged_driver_init+0x0/0xe returned 0 after 192 usecs
[    6.247245] calling  acpi_ac_init+0x0/0x92 @ 1
[    6.253084] initcall acpi_ac_init+0x0/0x92 returned 0 after 316 usecs
[    6.261039] calling  acpi_button_driver_init+0x0/0x52 @ 1
[    6.268298] input: Power Button as /devices/LNXSYSTM:00/LNXPWRBN:00/input/input0
[    6.278054] ACPI: Power Button [PWRF]
[    6.283344] initcall acpi_button_driver_init+0x0/0x52 returned 0 after 15193 usecs
[    6.293186] calling  acpi_fan_driver_init+0x0/0xe @ 1
[    6.300147] initcall acpi_fan_driver_init+0x0/0xe returned 0 after 16 usecs
[    6.310397] calling  acpi_video_init+0x0/0xcb @ 1
[    6.317962] initcall acpi_video_init+0x0/0xcb returned 0 after 138 usecs
[    6.328334] calling  acpi_processor_driver_init+0x0/0xad @ 1
[    6.337181] initcall acpi_processor_driver_init+0x0/0xad returned 0 after 815 usecs
[    6.346747] calling  acpi_thermal_init+0x0/0x71 @ 1
[    6.353097] initcall acpi_thermal_init+0x0/0x71 returned 0 after 145 usecs
[    6.361765] calling  acpi_battery_init+0x0/0x32 @ 1
[    6.368049] initcall acpi_battery_init+0x0/0x32 returned 0 after 30 usecs
[    6.376581] calling  bgrt_init+0x0/0xb6 @ 1
[    6.381846] initcall bgrt_init+0x0/0xb6 returned -19 after 0 usecs
[    6.389748] calling  gpio_clk_driver_init+0x0/0xe @ 1
[    6.396457] initcall gpio_clk_driver_init+0x0/0xe returned 0 after 170 usecs
[    6.406054] calling  plt_clk_driver_init+0x0/0xe @ 1
[    6.412933] initcall plt_clk_driver_init+0x0/0xe returned 0 after 51 usecs
[    6.422397] calling  virtio_pci_driver_init+0x0/0x15 @ 1
[    6.430000] initcall virtio_pci_driver_init+0x0/0x15 returned 0 after 102 usecs
[    6.439830] calling  n_null_init+0x0/0x1e @ 1
[    6.445683] initcall n_null_init+0x0/0x1e returned 0 after 14 usecs
[    6.454392] calling  pty_init+0x0/0x1e8 @ 1
[    6.460892] initcall pty_init+0x0/0x1e8 returned 0 after 733 usecs
[    6.469336] calling  sysrq_init+0x0/0x62 @ 1
[    6.475473] initcall sysrq_init+0x0/0x62 returned 0 after 67 usecs
[    6.483503] calling  serial8250_init+0x0/0x17e @ 1
[    6.490247] Serial: 8250/16550 driver, 4 ports, IRQ sharing enabled
[    6.504037] 00:03: ttyS0 at I/O 0x3f8 (irq = 4, base_baud = 115200) is a 16550A
[    6.515799] initcall serial8250_init+0x0/0x17e returned 0 after 24988 usecs
[    6.524772] calling  serial_pci_driver_init+0x0/0x15 @ 1
[    6.531997] initcall serial_pci_driver_init+0x0/0x15 returned 0 after 282 usecs
[    6.540997] calling  exar_pci_driver_init+0x0/0x15 @ 1
[    6.547677] initcall exar_pci_driver_init+0x0/0x15 returned 0 after 43 usecs
[    6.556823] calling  lpss8250_pci_driver_init+0x0/0x15 @ 1
[    6.564019] initcall lpss8250_pci_driver_init+0x0/0x15 returned 0 after 78 usecs
[    6.573208] calling  mid8250_pci_driver_init+0x0/0x15 @ 1
[    6.580533] initcall mid8250_pci_driver_init+0x0/0x15 returned 0 after 21 usecs
[    6.590102] calling  virtio_console_init+0x0/0xff @ 1
[    6.596769] initcall virtio_console_init+0x0/0xff returned 0 after 65 usecs
[    6.605980] calling  hpet_init+0x0/0x64 @ 1
[    6.612328] initcall hpet_init+0x0/0x64 returned 0 after 640 usecs
[    6.625722] calling  nvram_module_init+0x0/0x83 @ 1
[    6.642219] Non-volatile memory driver v1.3
[    6.647982] initcall nvram_module_init+0x0/0x83 returned 0 after 15063 usecs
[    6.657200] calling  hwrng_modinit+0x0/0x8a @ 1
[    6.663389] initcall hwrng_modinit+0x0/0x8a returned 0 after 156 usecs
[    6.672578] calling  mod_init+0x0/0x48 @ 1
[    6.678745] initcall mod_init+0x0/0x48 returned -19 after 19 usecs
[    6.688073] calling  agp_init+0x0/0x23 @ 1
[    6.693934] Linux agpgart interface v0.103
[    6.700114] initcall agp_init+0x0/0x23 returned 0 after 6031 usecs
[    6.709722] calling  agp_amd64_mod_init+0x0/0x5 @ 1
[    6.722716] initcall agp_amd64_mod_init+0x0/0x5 returned -19 after 6174 usecs
[    6.732323] calling  agp_intel_init+0x0/0x28 @ 1
[    6.739674] initcall agp_intel_init+0x0/0x28 returned 0 after 862 usecs
[    6.748707] calling  drm_kms_helper_init+0x0/0x7 @ 1
[    6.755609] initcall drm_kms_helper_init+0x0/0x7 returned 0 after 42 usecs
[    6.765218] calling  drm_core_init+0x0/0x9e @ 1
[    6.773345] initcall drm_core_init+0x0/0x9e returned 0 after 1894 usecs
[    6.782370] calling  i915_init+0x0/0x6b @ 1
[    6.790966] initcall i915_init+0x0/0x6b returned 0 after 2862 usecs
[    6.799454] calling  cn_proc_init+0x0/0x35 @ 1
[    6.805370] initcall cn_proc_init+0x0/0x35 returned 0 after 17 usecs
[    6.814001] calling  topology_sysfs_init+0x0/0x27 @ 1
[    6.820979] initcall topology_sysfs_init+0x0/0x27 returned 0 after 196 usecs
[    6.830316] calling  cacheinfo_sysfs_init+0x0/0x27 @ 1
[    6.839347] initcall cacheinfo_sysfs_init+0x0/0x27 returned 0 after 960 usecs
[    6.848954] calling  loop_init+0x0/0x168 @ 1
[    6.883368] loop: module loaded
[    6.887773] initcall loop_init+0x0/0x168 returned 0 after 32144 usecs
[    6.896458] calling  mac_hid_init+0x0/0x21 @ 1
[    6.902830] initcall mac_hid_init+0x0/0x21 returned 0 after 47 usecs
[    6.911868] calling  spi_transport_init+0x0/0x74 @ 1
[    6.919084] initcall spi_transport_init+0x0/0x74 returned 0 after 265 usecs
[    6.928739] calling  init_sd+0x0/0x18c @ 1
[    6.934953] initcall init_sd+0x0/0x18c returned 0 after 200 usecs
[    6.945130] calling  init_sr+0x0/0x43 @ 1
[    6.951987] initcall init_sr+0x0/0x43 returned 0 after 59 usecs
[    6.961737] calling  init_sg+0x0/0x1c0 @ 1
[    6.968107] initcall init_sg+0x0/0x1c0 returned 0 after 105 usecs
[    6.976377] calling  ahci_pci_driver_init+0x0/0x15 @ 1
[    6.984070] ahci 0000:00:1f.2: version 3.0
[    6.992361] PCI Interrupt Link [GSIA] enabled at IRQ 16
[    7.013910] ahci 0000:00:1f.2: AHCI 0001.0000 32 slots 6 ports 1.5 Gbps 0x3f impl SATA mode
[    7.026654] ahci 0000:00:1f.2: flags: 64bit ncq only 
[    7.060021] scsi host0: ahci
[    7.064961] scsi host1: ahci
[    7.070154] scsi host2: ahci
[    7.078154] scsi host3: ahci
[    7.082896] scsi host4: ahci
[    7.087490] scsi host5: ahci
[    7.092444] ata1: SATA max UDMA/133 abar m4096@0xfebf1000 port 0xfebf1100 irq 24
[    7.102777] ata2: SATA max UDMA/133 abar m4096@0xfebf1000 port 0xfebf1180 irq 24
[    7.113566] ata3: SATA max UDMA/133 abar m4096@0xfebf1000 port 0xfebf1200 irq 24
[    7.124201] ata4: SATA max UDMA/133 abar m4096@0xfebf1000 port 0xfebf1280 irq 24
[    7.134841] ata5: SATA max UDMA/133 abar m4096@0xfebf1000 port 0xfebf1300 irq 24
[    7.145779] ata6: SATA max UDMA/133 abar m4096@0xfebf1000 port 0xfebf1380 irq 24
[    7.157189] initcall ahci_pci_driver_init+0x0/0x15 returned 0 after 169768 usecs
[    7.168411] calling  piix_init+0x0/0x26 @ 1
[    7.174528] initcall piix_init+0x0/0x26 returned 0 after 295 usecs
[    7.183441] calling  amd_pci_driver_init+0x0/0x15 @ 1
[    7.190902] initcall amd_pci_driver_init+0x0/0x15 returned 0 after 25 usecs
[    7.200896] calling  oldpiix_pci_driver_init+0x0/0x15 @ 1
[    7.209313] initcall oldpiix_pci_driver_init+0x0/0x15 returned 0 after 216 usecs
[    7.220249] calling  sch_pci_driver_init+0x0/0x15 @ 1
[    7.227818] initcall sch_pci_driver_init+0x0/0x15 returned 0 after 70 usecs
[    7.237761] calling  net_olddevs_init+0x0/0x55 @ 1
[    7.245850] initcall net_olddevs_init+0x0/0x55 returned 0 after 634 usecs
[    7.256136] calling  blackhole_netdev_init+0x0/0x78 @ 1
[    7.264397] initcall blackhole_netdev_init+0x0/0x78 returned 0 after 604 usecs
[    7.274339] calling  phy_module_init+0x0/0x13 @ 1
[    7.281158] initcall phy_module_init+0x0/0x13 returned 0 after 320 usecs
[    7.291163] calling  tg3_driver_init+0x0/0x15 @ 1
[    7.298738] initcall tg3_driver_init+0x0/0x15 returned 0 after 454 usecs
[    7.308560] calling  e100_init_module+0x0/0x4c @ 1
[    7.316031] e100: Intel(R) PRO/100 Network Driver
[    7.323117] e100: Copyright(c) 1999-2006 Intel Corporation
[    7.331055] initcall e100_init_module+0x0/0x4c returned 0 after 14692 usecs
[    7.341161] calling  e1000_init_module+0x0/0x72 @ 1
[    7.348371] e1000: Intel(R) PRO/1000 Network Driver
[    7.356033] e1000: Copyright (c) 1999-2006 Intel Corporation.
[    7.364046] initcall e1000_init_module+0x0/0x72 returned 0 after 15326 usecs
[    7.374319] calling  e1000_init_module+0x0/0x2d @ 1
[    7.381904] e1000e: Intel(R) PRO/1000 Network Driver
[    7.389747] e1000e: Copyright(c) 1999 - 2015 Intel Corporation.
[    7.398784] initcall e1000_init_module+0x0/0x2d returned 0 after 16553 usecs
[    7.408869] calling  sky2_init_module+0x0/0x21 @ 1
[    7.416132] sky2: driver version 1.30
[    7.421844] initcall sky2_init_module+0x0/0x21 returned 0 after 5575 usecs
[    7.431367] calling  forcedeth_pci_driver_init+0x0/0x15 @ 1
[    7.439317] initcall forcedeth_pci_driver_init+0x0/0x15 returned 0 after 77 usecs
[    7.451019] calling  rtl8139_init_module+0x0/0x15 @ 1
[    7.458439] initcall rtl8139_init_module+0x0/0x15 returned 0 after 134 usecs
[    7.469023] calling  rtl8169_pci_driver_init+0x0/0x15 @ 1
[    7.477845] initcall rtl8169_pci_driver_init+0x0/0x15 returned 0 after 148 usecs
[    7.488441] calling  cdrom_init+0x0/0xc @ 1
[    7.494805] initcall cdrom_init+0x0/0xc returned 0 after 74 usecs
[    7.503726] calling  nonstatic_sysfs_init+0x0/0xc @ 1
[    7.511079] initcall nonstatic_sysfs_init+0x0/0xc returned 0 after 35 usecs
[    7.521032] calling  yenta_cardbus_driver_init+0x0/0x15 @ 1
[    7.529151] initcall yenta_cardbus_driver_init+0x0/0x15 returned 0 after 168 usecs
[    7.539906] calling  mon_init+0x0/0x123 @ 1
[    7.556213] initcall mon_init+0x0/0x123 returned 0 after 9062 usecs
[    7.566759] calling  ehci_hcd_init+0x0/0x55 @ 1
[    7.574528] ehci_hcd: USB 2.0 'Enhanced' Host Controller (EHCI) Driver
[    7.584005] initcall ehci_hcd_init+0x0/0x55 returned 0 after 9466 usecs
[    7.592889] calling  ehci_pci_init+0x0/0x64 @ 1
[    7.599265] ehci-pci: EHCI PCI platform driver
[    7.605788] initcall ehci_pci_init+0x0/0x64 returned 0 after 6368 usecs
[    7.615232] calling  ohci_hcd_mod_init+0x0/0x4d @ 1
[    7.622261] ohci_hcd: USB 1.1 'Open' Host Controller (OHCI) Driver
[    7.631219] initcall ohci_hcd_mod_init+0x0/0x4d returned 0 after 8771 usecs
[    7.641126] calling  ohci_pci_init+0x0/0x64 @ 1
[    7.647535] ohci-pci: OHCI PCI platform driver
[    7.653996] initcall ohci_pci_init+0x0/0x64 returned 0 after 6385 usecs
[    7.663248] calling  uhci_hcd_init+0x0/0xa6 @ 1
[    7.670678] uhci_hcd: USB Universal Host Controller Interface driver
[    7.679902] initcall uhci_hcd_init+0x0/0xa6 returned 0 after 9005 usecs
[    7.689425] calling  xhci_hcd_init+0x0/0x1e @ 1
[    7.696455] initcall xhci_hcd_init+0x0/0x1e returned 0 after 26 usecs
[    7.705997] calling  xhci_pci_init+0x0/0x49 @ 1
[    7.712985] initcall xhci_pci_init+0x0/0x49 returned 0 after 218 usecs
[    7.722817] calling  usblp_driver_init+0x0/0x15 @ 1
[    7.730537] usbcore: registered new interface driver usblp
[    7.738857] initcall usblp_driver_init+0x0/0x15 returned 0 after 8326 usecs
[    7.749269] calling  usb_storage_driver_init+0x0/0x2a @ 1
[    7.757787] usbcore: registered new interface driver usb-storage
[    7.766846] initcall usb_storage_driver_init+0x0/0x2a returned 0 after 9106 usecs
[    7.778433] calling  i8042_init+0x0/0x4c2 @ 1
[    7.786201] i8042: PNP: PS/2 Controller [PNP0303:KBD,PNP0f13:MOU] at 0x60,0x64 irq 1,12
[    7.806392] serio: i8042 KBD port at 0x60,0x64 irq 1
[    7.813813] serio: i8042 AUX port at 0x60,0x64 irq 12
[    7.821146] initcall i8042_init+0x0/0x4c2 returned 0 after 35185 usecs
[    7.830974] calling  serport_init+0x0/0x2c @ 1
[    7.837514] initcall serport_init+0x0/0x2c returned 0 after 46 usecs
[    7.847237] calling  input_leds_init+0x0/0xc @ 1
[    7.856185] initcall input_leds_init+0x0/0xc returned 0 after 1658 usecs
[    7.866307] calling  evdev_init+0x0/0xc @ 1
[    7.874986] initcall evdev_init+0x0/0xc returned 0 after 2425 usecs
[    7.885101] calling  atkbd_init+0x0/0x21 @ 1
[    7.892437] initcall atkbd_init+0x0/0x21 returned 0 after 165 usecs
[    7.902207] calling  psmouse_init+0x0/0x7f @ 1
[    7.909482] initcall psmouse_init+0x0/0x7f returned 0 after 290 usecs
[    7.919318] calling  cmos_init+0x0/0x73 @ 1
[    7.927321] rtc_cmos 00:04: RTC can wake from S4
[    7.944578] input: AT Translated Set 2 keyboard as /devices/platform/i8042/serio0/input/input1
[    7.986916] ata2: SATA link down (SStatus 0 SControl 300)
[    8.001573] ata3: SATA link up 1.5 Gbps (SStatus 113 SControl 300)
[    8.013148] ata3.00: ATAPI: QEMU DVD-ROM, 2.5+, max UDMA/100
[    8.022451] ata3.00: applying bridge limits
[    8.031435] ata3.00: configured for UDMA/100
[    8.044126] ata1: SATA link down (SStatus 0 SControl 300)
[    8.057248] ata5: SATA link down (SStatus 0 SControl 300)
[    8.069401] ata4: SATA link down (SStatus 0 SControl 300)
[    8.081900] scsi 2:0:0:0: CD-ROM            QEMU     QEMU DVD-ROM     2.5+ PQ: 0 ANSI: 5
[    8.099176] rtc_cmos 00:04: registered as rtc0
[    8.107056] rtc_cmos 00:04: alarms up to one day, y3k, 242 bytes nvram, hpet irqs
[    8.119965] initcall cmos_init+0x0/0x73 returned 0 after 189238 usecs
[    8.130486] calling  smbalert_driver_init+0x0/0xe @ 1
[    8.138229] initcall smbalert_driver_init+0x0/0xe returned 0 after 274 usecs
[    8.149779] calling  i2c_i801_init+0x0/0xc5 @ 1
[    8.161112] i801_smbus 0000:00:1f.3: SMBus using PCI interrupt
[    8.173862] i2c i2c-0: 1/1 memory slots populated (from DMI)
[    8.182159] i2c i2c-0: Memory type 0x07 not supported yet, not instantiating SPD
[    8.193491] initcall i2c_i801_init+0x0/0xc5 returned 0 after 35125 usecs
[    8.204915] calling  ptp_kvm_init+0x0/0xf0 @ 1
[    8.216118] ata6: SATA link down (SStatus 0 SControl 300)
[    8.240908] sr 2:0:0:0: [sr0] scsi3-mmc drive: 4x/4x cd/rw xa/form2 tray
[    8.250299] cdrom: Uniform CD-ROM driver Revision: 3.20
[    8.261712] initcall ptp_kvm_init+0x0/0xf0 returned 0 after 48411 usecs
[    8.272166] calling  dm_init+0x0/0x3c @ 1
[    8.284328] sr 2:0:0:0: Attached scsi CD-ROM sr0
[    8.292774] sr 2:0:0:0: Attached scsi generic sg0 type 5
[    8.301513] device-mapper: ioctl: 4.43.0-ioctl (2020-10-01) initialised: dm-devel@redhat.com
[    8.314560] initcall dm_init+0x0/0x3c returned 0 after 34242 usecs
[    8.324333] calling  dm_mirror_init+0x0/0x29 @ 1
[    8.332183] initcall dm_mirror_init+0x0/0x29 returned 0 after 58 usecs
[    8.343696] calling  dm_dirty_log_init+0x0/0x4f @ 1
[    8.352747] initcall dm_dirty_log_init+0x0/0x4f returned 0 after 207 usecs
[    8.365105] calling  dm_zero_init+0x0/0x29 @ 1
[    8.373039] initcall dm_zero_init+0x0/0x29 returned 0 after 57 usecs
[    8.382387] calling  intel_pstate_init+0x0/0x4a2 @ 1
[    8.390262] intel_pstate: CPU model not supported
[    8.398180] initcall intel_pstate_init+0x0/0x4a2 returned -19 after 7750 usecs
[    8.409224] calling  haltpoll_init+0x0/0xc0 @ 1
[    8.416513] initcall haltpoll_init+0x0/0xc0 returned -19 after 93 usecs
[    8.428020] calling  efivars_sysfs_init+0x0/0x30 @ 1
[    8.436307] initcall efivars_sysfs_init+0x0/0x30 returned 0 after 115 usecs
[    8.447451] calling  esrt_sysfs_init+0x0/0x2a2 @ 1
[    8.455234] initcall esrt_sysfs_init+0x0/0x2a2 returned -38 after 89 usecs
[    8.465784] calling  hid_init+0x0/0x5c @ 1
[    8.472377] hid: raw HID events driver (C) Jiri Kosina
[    8.479652] initcall hid_init+0x0/0x5c returned 0 after 7585 usecs
[    8.488513] calling  hid_generic_init+0x0/0x15 @ 1
[    8.496190] initcall hid_generic_init+0x0/0x15 returned 0 after 324 usecs
[    8.506647] calling  a4_driver_init+0x0/0x15 @ 1
[    8.513810] initcall a4_driver_init+0x0/0x15 returned 0 after 22 usecs
[    8.523905] calling  apple_driver_init+0x0/0x15 @ 1
[    8.531824] initcall apple_driver_init+0x0/0x15 returned 0 after 87 usecs
[    8.545638] calling  belkin_driver_init+0x0/0x15 @ 1
[    8.553823] initcall belkin_driver_init+0x0/0x15 returned 0 after 21 usecs
[    8.564726] calling  ch_driver_init+0x0/0x15 @ 1
[    8.572151] initcall ch_driver_init+0x0/0x15 returned 0 after 70 usecs
[    8.582456] calling  ch_driver_init+0x0/0x15 @ 1
[    8.590184] initcall ch_driver_init+0x0/0x15 returned 0 after 47 usecs
[    8.599991] calling  cp_driver_init+0x0/0x15 @ 1
[    8.607446] initcall cp_driver_init+0x0/0x15 returned 0 after 18 usecs
[    8.617645] calling  ez_driver_init+0x0/0x15 @ 1
[    8.626050] initcall ez_driver_init+0x0/0x15 returned 0 after 21 usecs
[    8.637646] calling  gyration_driver_init+0x0/0x15 @ 1
[    8.646906] initcall gyration_driver_init+0x0/0x15 returned 0 after 107 usecs
[    8.659656] calling  ite_driver_init+0x0/0x15 @ 1
[    8.668361] initcall ite_driver_init+0x0/0x15 returned 0 after 21 usecs
[    8.680027] calling  ks_driver_init+0x0/0x15 @ 1
[    8.687900] initcall ks_driver_init+0x0/0x15 returned 0 after 22 usecs
[    8.699033] calling  lg_driver_init+0x0/0x15 @ 1
[    8.707266] initcall lg_driver_init+0x0/0x15 returned 0 after 61 usecs
[    8.719273] calling  lg_g15_driver_init+0x0/0x15 @ 1
[    8.728548] initcall lg_g15_driver_init+0x0/0x15 returned 0 after 98 usecs
[    8.740543] calling  ms_driver_init+0x0/0x15 @ 1
[    8.749054] initcall ms_driver_init+0x0/0x15 returned 0 after 24 usecs
[    8.760435] calling  mr_driver_init+0x0/0x15 @ 1
[    8.767891] initcall mr_driver_init+0x0/0x15 returned 0 after 20 usecs
[    8.778416] calling  ntrig_driver_init+0x0/0x15 @ 1
[    8.786348] initcall ntrig_driver_init+0x0/0x15 returned 0 after 22 usecs
[    8.796539] calling  pl_driver_init+0x0/0x15 @ 1
[    8.803771] initcall pl_driver_init+0x0/0x15 returned 0 after 182 usecs
[    8.815014] calling  pl_driver_init+0x0/0x15 @ 1
[    8.823254] initcall pl_driver_init+0x0/0x15 returned 0 after 108 usecs
[    8.834849] calling  redragon_driver_init+0x0/0x15 @ 1
[    8.844017] initcall redragon_driver_init+0x0/0x15 returned 0 after 93 usecs
[    8.856725] calling  samsung_driver_init+0x0/0x15 @ 1
[    8.865699] initcall samsung_driver_init+0x0/0x15 returned 0 after 44 usecs
[    8.878035] calling  sony_init+0x0/0x38 @ 1
[    8.885471] initcall sony_init+0x0/0x38 returned 0 after 40 usecs
[    8.896249] calling  sp_driver_init+0x0/0x15 @ 1
[    8.904593] initcall sp_driver_init+0x0/0x15 returned 0 after 251 usecs
[    8.916657] calling  ts_driver_init+0x0/0x15 @ 1
[    8.924759] initcall ts_driver_init+0x0/0x15 returned 0 after 173 usecs
[    8.936698] calling  hid_init+0x0/0x58 @ 1
[    8.943935] usbcore: registered new interface driver usbhid
[    8.952568] usbhid: USB HID core driver
[    8.958643] initcall hid_init+0x0/0x58 returned 0 after 14725 usecs
[    8.968071] calling  eeepc_laptop_init+0x0/0x57 @ 1
[    8.977013] initcall eeepc_laptop_init+0x0/0x57 returned -19 after 591 usecs
[    8.989184] calling  pmc_atom_init+0x0/0x27a @ 1
[    8.998027] initcall pmc_atom_init+0x0/0x27a returned -19 after 563 usecs
[    9.009943] calling  alsa_hwdep_init+0x0/0x5e @ 1
[    9.019118] initcall alsa_hwdep_init+0x0/0x5e returned 0 after 272 usecs
[    9.031039] calling  alsa_timer_init+0x0/0x1f0 @ 1
[    9.268532] input: ImExPS/2 Generic Explorer Mouse as /devices/platform/i8042/serio1/input/input3
[    9.884533] initcall alsa_timer_init+0x0/0x1f0 returned 0 after 826049 usecs
[    9.893854] calling  snd_hrtimer_init+0x0/0x117 @ 1
[    9.900465] initcall snd_hrtimer_init+0x0/0x117 returned 0 after 3 usecs
[    9.910077] calling  alsa_pcm_init+0x0/0x64 @ 1
[    9.917329] initcall alsa_pcm_init+0x0/0x64 returned 0 after 45 usecs
[    9.926889] calling  alsa_seq_init+0x0/0x4a @ 1
[    9.983924] initcall alsa_seq_init+0x0/0x4a returned 0 after 48506 usecs
[    9.994650] calling  alsa_seq_dummy_init+0x0/0x9c @ 1
[   10.003393] initcall alsa_seq_dummy_init+0x0/0x9c returned 0 after 51 usecs
[   10.015317] calling  azx_driver_init+0x0/0x15 @ 1
[   10.024058] initcall azx_driver_init+0x0/0x15 returned 0 after 588 usecs
[   10.034839] calling  sock_diag_init+0x0/0x2a @ 1
[   10.043146] initcall sock_diag_init+0x0/0x2a returned 0 after 967 usecs
[   10.052804] calling  blackhole_init+0x0/0xc @ 1
[   10.059090] initcall blackhole_init+0x0/0xc returned 0 after 1 usecs
[   10.068894] calling  nfnetlink_init+0x0/0x57 @ 1
[   10.077075] initcall nfnetlink_init+0x0/0x57 returned 0 after 256 usecs
[   10.087781] calling  nfnetlink_log_init+0x0/0x99 @ 1
[   10.095326] initcall nfnetlink_log_init+0x0/0x99 returned 0 after 144 usecs
[   10.105664] calling  nf_conntrack_standalone_init+0x0/0x87 @ 1
[   10.116076] initcall nf_conntrack_standalone_init+0x0/0x87 returned 0 after 1349 usecs
[   10.128643] calling  ctnetlink_init+0x0/0x83 @ 1
[   10.135950] initcall ctnetlink_init+0x0/0x83 returned 0 after 2 usecs
[   10.146398] calling  nf_conntrack_ftp_init+0x0/0x12c @ 1
[   10.154984] initcall nf_conntrack_ftp_init+0x0/0x12c returned 0 after 141 usecs
[   10.166299] calling  nf_conntrack_irc_init+0x0/0x129 @ 1
[   10.174794] initcall nf_conntrack_irc_init+0x0/0x129 returned 0 after 295 usecs
[   10.186335] calling  nf_conntrack_sip_init+0x0/0x172 @ 1
[   10.194880] initcall nf_conntrack_sip_init+0x0/0x172 returned 0 after 7 usecs
[   10.206473] calling  nf_nat_init+0x0/0xbb @ 1
[   10.214557] initcall nf_nat_init+0x0/0xbb returned 0 after 996 usecs
[   10.223941] calling  nf_nat_ftp_init+0x0/0x2a @ 1
[   10.231020] initcall nf_nat_ftp_init+0x0/0x2a returned 0 after 0 usecs
[   10.241970] calling  nf_nat_irc_init+0x0/0x2a @ 1
[   10.250127] initcall nf_nat_irc_init+0x0/0x2a returned 0 after 0 usecs
[   10.265033] calling  nf_nat_sip_init+0x0/0x36 @ 1
[   10.273130] initcall nf_nat_sip_init+0x0/0x36 returned 0 after 1 usecs
[   10.284958] calling  xt_init+0x0/0xcf @ 1
[   10.294781] initcall xt_init+0x0/0xcf returned 0 after 218 usecs
[   10.305551] calling  tcpudp_mt_init+0x0/0x11 @ 1
[   10.313726] initcall tcpudp_mt_init+0x0/0x11 returned 0 after 55 usecs
[   10.325343] calling  connsecmark_tg_init+0x0/0xc @ 1
[   10.334120] initcall connsecmark_tg_init+0x0/0xc returned 0 after 1 usecs
[   10.346078] calling  nflog_tg_init+0x0/0xc @ 1
[   10.353824] initcall nflog_tg_init+0x0/0xc returned 0 after 0 usecs
[   10.364970] calling  secmark_tg_init+0x0/0x11 @ 1
[   10.372638] initcall secmark_tg_init+0x0/0x11 returned 0 after 0 usecs
[   10.381550] calling  tcpmss_tg_init+0x0/0x11 @ 1
[   10.388065] initcall tcpmss_tg_init+0x0/0x11 returned 0 after 36 usecs
[   10.397612] calling  conntrack_mt_init+0x0/0x11 @ 1
[   10.405043] initcall conntrack_mt_init+0x0/0x11 returned 0 after 1 usecs
[   10.415899] calling  policy_mt_init+0x0/0x11 @ 1
[   10.423515] initcall policy_mt_init+0x0/0x11 returned 0 after 1 usecs
[   10.434111] calling  state_mt_init+0x0/0xc @ 1
[   10.441033] initcall state_mt_init+0x0/0xc returned 0 after 1 usecs
[   10.451381] calling  gre_offload_init+0x0/0x48 @ 1
[   10.459730] initcall gre_offload_init+0x0/0x48 returned 0 after 678 usecs
[   10.470637] calling  sysctl_ipv4_init+0x0/0x46 @ 1
[   10.480090] initcall sysctl_ipv4_init+0x0/0x46 returned 0 after 1292 usecs
[   10.490985] calling  tunnel4_init+0x0/0x58 @ 1
[   10.498561] initcall tunnel4_init+0x0/0x58 returned 0 after 356 usecs
[   10.508520] calling  nf_defrag_init+0x0/0xc @ 1
[   10.515030] initcall nf_defrag_init+0x0/0xc returned 0 after 73 usecs
[   10.524218] calling  ip_tables_init+0x0/0x8d @ 1
[   10.531169] initcall ip_tables_init+0x0/0x8d returned 0 after 243 usecs
[   10.540405] calling  iptable_filter_init+0x0/0x4c @ 1
[   10.550513] initcall iptable_filter_init+0x0/0x4c returned 0 after 3125 usecs
[   10.561117] calling  iptable_mangle_init+0x0/0xb8 @ 1
[   10.568980] initcall iptable_mangle_init+0x0/0xb8 returned 0 after 79 usecs
[   10.580035] calling  reject_tg_init+0x0/0xc @ 1
[   10.587500] initcall reject_tg_init+0x0/0xc returned 0 after 1 usecs
[   10.596014] calling  cubictcp_register+0x0/0x53 @ 1
[   10.603592] initcall cubictcp_register+0x0/0x53 returned 0 after 44 usecs
[   10.614121] calling  xfrm_user_init+0x0/0x45 @ 1
[   10.621773] Initializing XFRM netlink socket
[   10.628555] initcall xfrm_user_init+0x0/0x45 returned 0 after 6662 usecs
[   10.637821] calling  inet6_init+0x0/0x35e @ 1
[   10.663274] NET: Registered protocol family 10
[   10.689334] rcu-torture: rcu_torture_read_exit: End of episode
[   10.701467] Segment Routing with IPv6
[   10.708079] initcall inet6_init+0x0/0x35e returned 0 after 61039 usecs
[   10.720324] calling  ah6_init+0x0/0x71 @ 1
[   10.726247] initcall ah6_init+0x0/0x71 returned 0 after 216 usecs
[   10.734926] calling  esp6_init+0x0/0x71 @ 1
[   10.741088] initcall esp6_init+0x0/0x71 returned 0 after 1 usecs
[   10.749697] calling  ip6_tables_init+0x0/0x8d @ 1
[   10.756740] initcall ip6_tables_init+0x0/0x8d returned 0 after 255 usecs
[   10.765730] calling  ip6table_filter_init+0x0/0x4c @ 1
[   10.774042] initcall ip6table_filter_init+0x0/0x4c returned 0 after 647 usecs
[   10.783759] calling  ip6table_mangle_init+0x0/0xb8 @ 1
[   10.793489] initcall ip6table_mangle_init+0x0/0xb8 returned 0 after 104 usecs
[   10.803646] calling  nf_defrag_init+0x0/0x45 @ 1
[   10.810718] initcall nf_defrag_init+0x0/0x45 returned 0 after 124 usecs
[   10.819683] calling  ipv6header_mt6_init+0x0/0xc @ 1
[   10.826540] initcall ipv6header_mt6_init+0x0/0xc returned 0 after 1 usecs
[   10.836672] calling  reject_tg6_init+0x0/0xc @ 1
[   10.844056] initcall reject_tg6_init+0x0/0xc returned 0 after 0 usecs
[   10.853311] calling  sit_init+0x0/0xc3 @ 1
[   10.858924] sit: IPv6, IPv4 and MPLS over IPv4 tunneling driver
[   10.871410] initcall sit_init+0x0/0xc3 returned 0 after 12190 usecs
[   10.884799] calling  packet_init+0x0/0x75 @ 1
[   10.890873] NET: Registered protocol family 17
[   10.910075] initcall packet_init+0x0/0x75 returned 0 after 18795 usecs
[   10.919489] calling  init_rpcsec_gss+0x0/0x60 @ 1
[   10.934004] initcall init_rpcsec_gss+0x0/0x60 returned 0 after 816 usecs
[   10.944072] calling  init_dns_resolver+0x0/0xca @ 1
[   10.951538] Key type dns_resolver registered
[   10.957302] initcall init_dns_resolver+0x0/0xca returned 0 after 5964 usecs
[   10.967900] calling  pm_check_save_msr+0x0/0x80 @ 1
[   10.978507] initcall pm_check_save_msr+0x0/0x80 returned 0 after 1173 usecs
[   10.988552] calling  mcheck_init_device+0x0/0x112 @ 1
[   10.998978] initcall mcheck_init_device+0x0/0x112 returned 0 after 2563 usecs
[   11.019491] calling  mcheck_late_init+0x0/0x58 @ 1
[   11.028218] initcall mcheck_late_init+0x0/0x58 returned 0 after 1882 usecs
[   11.037681] calling  severities_debugfs_init+0x0/0x29 @ 1
[   11.045755] initcall severities_debugfs_init+0x0/0x29 returned 0 after 53 usecs
[   11.056751] calling  microcode_init+0x0/0x1bd @ 1
[   11.063696] initcall microcode_init+0x0/0x1bd returned -22 after 23 usecs
[   11.078321] calling  hpet_insert_resource+0x0/0x22 @ 1
[   11.085955] initcall hpet_insert_resource+0x0/0x22 returned 0 after 71 usecs
[   11.095960] calling  start_sync_check_timer+0x0/0x4f @ 1
