c[?7l[2J[0mSeaBIOS (version 1.16.0-debian-1.16.0-4)
Booting from ROM...
early console in setup code
c[?7l[2J[    0.000000] Linux version 5.10.156+ (root@joelboxx.c.googlers.com) (gcc (Debian 12.2.0-3) 12.2.0, GNU ld (GNU Binutils for Debian) 2.39) #8 SMP Tue Dec 13 04:30:19 UTC 2022
[    0.000000] Command line: selinux=0 initcall_debug debug console=ttyS0 rcutorture.torture_type=srcu rcutorture.onoff_interval=1000 rcutorture.onoff_holdoff=30 rcutorture.n_barrier_cbs=4 rcutorture.stat_interval=15 rcutorture.shutdown_secs=1800 rcutorture.test_no_idle_hz=1 rcutorture.verbose=1
[    0.000000] x86/fpu: x87 FPU will use FXSAVE
[    0.000000] BIOS-provided physical RAM map:
[    0.000000] BIOS-e820: [mem 0x0000000000000000-0x000000000009fbff] usable
[    0.000000] BIOS-e820: [mem 0x000000000009fc00-0x000000000009ffff] reserved
[    0.000000] BIOS-e820: [mem 0x00000000000f0000-0x00000000000fffff] reserved
[    0.000000] BIOS-e820: [mem 0x0000000000100000-0x000000001ffdefff] usable
[    0.000000] BIOS-e820: [mem 0x000000001ffdf000-0x000000001fffffff] reserved
[    0.000000] BIOS-e820: [mem 0x00000000b0000000-0x00000000bfffffff] reserved
[    0.000000] BIOS-e820: [mem 0x00000000fed1c000-0x00000000fed1ffff] reserved
[    0.000000] BIOS-e820: [mem 0x00000000feffc000-0x00000000feffffff] reserved
[    0.000000] BIOS-e820: [mem 0x00000000fffc0000-0x00000000ffffffff] reserved
[    0.000000] NX (Execute Disable) protection: active
[    0.000000] SMBIOS 2.8 present.
[    0.000000] DMI: QEMU Standard PC (Q35 + ICH9, 2009), BIOS 1.16.0-debian-1.16.0-4 04/01/2014
[    0.000000] Hypervisor detected: KVM
[    0.000000] kvm-clock: Using msrs 4b564d01 and 4b564d00
[    0.000000] kvm-clock: cpu 0, msr 11a9e001, primary cpu clock
[    0.000001] kvm-clock: using sched offset of 2589834338 cycles
[    0.000250] clocksource: kvm-clock: mask: 0xffffffffffffffff max_cycles: 0x1cd42e4dffb, max_idle_ns: 881590591483 ns
[    0.000488] tsc: Detected 1999.999 MHz processor
[    0.007018] e820: update [mem 0x00000000-0x00000fff] usable ==> reserved
[    0.007023] e820: remove [mem 0x000a0000-0x000fffff] usable
[    0.007030] last_pfn = 0x1ffdf max_arch_pfn = 0x400000000
[    0.007898] MTRR default type: write-back
[    0.007966] MTRR fixed ranges enabled:
[    0.007967]   00000-9FFFF write-back
[    0.007968]   A0000-BFFFF uncachable
[    0.007970]   C0000-FFFFF write-protect
[    0.007971] MTRR variable ranges enabled:
[    0.007973]   0 base 00C0000000 mask FFC0000000 uncachable
[    0.007974]   1 disabled
[    0.007974]   2 disabled
[    0.007975]   3 disabled
[    0.007976]   4 disabled
[    0.007976]   5 disabled
[    0.007977]   6 disabled
[    0.007978]   7 disabled
[    0.008398] x86/PAT: Configuration [0-7]: WB  WC  UC- UC  WB  WC  UC- UC  
[    0.016889] found SMP MP-table at [mem 0x000f5ba0-0x000f5baf]
[    0.018879] check: Scanning 1 areas for low memory corruption
[    0.025081] ACPI: Early table checksum verification disabled
[    0.026197] ACPI: RSDP 0x00000000000F59E0 000014 (v00 BOCHS )
[    0.026509] ACPI: RSDT 0x000000001FFE23B1 000038 (v01 BOCHS  BXPC     00000001 BXPC 00000001)
[    0.026682] ACPI: FACP 0x000000001FFE2191 0000F4 (v03 BOCHS  BXPC     00000001 BXPC 00000001)
[    0.026796] ACPI: DSDT 0x000000001FFE0040 002151 (v01 BOCHS  BXPC     00000001 BXPC 00000001)
[    0.026800] ACPI: FACS 0x000000001FFE0000 000040
[    0.026804] ACPI: APIC 0x000000001FFE2285 000090 (v01 BOCHS  BXPC     00000001 BXPC 00000001)
[    0.026808] ACPI: HPET 0x000000001FFE2315 000038 (v01 BOCHS  BXPC     00000001 BXPC 00000001)
[    0.026812] ACPI: MCFG 0x000000001FFE234D 00003C (v01 BOCHS  BXPC     00000001 BXPC 00000001)
[    0.026816] ACPI: WAET 0x000000001FFE2389 000028 (v01 BOCHS  BXPC     00000001 BXPC 00000001)
[    0.026820] ACPI: Reserving FACP table memory at [mem 0x1ffe2191-0x1ffe2284]
[    0.026822] ACPI: Reserving DSDT table memory at [mem 0x1ffe0040-0x1ffe2190]
[    0.026823] ACPI: Reserving FACS table memory at [mem 0x1ffe0000-0x1ffe003f]
[    0.026824] ACPI: Reserving APIC table memory at [mem 0x1ffe2285-0x1ffe2314]
[    0.026825] ACPI: Reserving HPET table memory at [mem 0x1ffe2315-0x1ffe234c]
[    0.026826] ACPI: Reserving MCFG table memory at [mem 0x1ffe234d-0x1ffe2388]
[    0.026827] ACPI: Reserving WAET table memory at [mem 0x1ffe2389-0x1ffe23b0]
[    0.027525] ACPI: Local APIC address 0xfee00000
[    0.030942] No NUMA configuration found
[    0.030944] Faking a node at [mem 0x0000000000000000-0x000000001ffdefff]
[    0.031136] NODE_DATA(0) allocated [mem 0x1ffdb000-0x1ffdefff]
[    0.032680] Zone ranges:
[    0.032804]   DMA      [mem 0x0000000000001000-0x0000000000ffffff]
[    0.032877]   DMA32    [mem 0x0000000001000000-0x000000001ffdefff]
[    0.032879]   Normal   empty
[    0.032880] Movable zone start for each node
[    0.032881] Early memory node ranges
[    0.032882]   node   0: [mem 0x0000000000001000-0x000000000009efff]
[    0.032927]   node   0: [mem 0x0000000000100000-0x000000001ffdefff]
[    0.032968] Initmem setup node 0 [mem 0x0000000000001000-0x000000001ffdefff]
[    0.032969] On node 0 totalpages: 130941
[    0.033119]   DMA zone: 64 pages used for memmap
[    0.033121]   DMA zone: 21 pages reserved
[    0.033122]   DMA zone: 3998 pages, LIFO batch:0
[    0.033123]   DMA32 zone: 1984 pages used for memmap
[    0.033124]   DMA32 zone: 126943 pages, LIFO batch:31
[    0.036030] On node 0, zone DMA: 1 pages in unavailable ranges
[    0.039149] On node 0, zone DMA: 97 pages in unavailable ranges
[    0.126988] On node 0, zone DMA32: 33 pages in unavailable ranges
[    0.130629] ACPI: PM-Timer IO Port: 0x608
[    0.130634] ACPI: Local APIC address 0xfee00000
[    0.130781] ACPI: LAPIC_NMI (acpi_id[0xff] dfl dfl lint[0x1])
[    0.131645] IOAPIC[0]: apic_id 0, version 17, address 0xfec00000, GSI 0-23
[    0.131649] ACPI: INT_SRC_OVR (bus 0 bus_irq 0 global_irq 2 dfl dfl)
[    0.131679] ACPI: INT_SRC_OVR (bus 0 bus_irq 5 global_irq 5 high level)
[    0.131681] ACPI: INT_SRC_OVR (bus 0 bus_irq 9 global_irq 9 high level)
[    0.131739] ACPI: INT_SRC_OVR (bus 0 bus_irq 10 global_irq 10 high level)
[    0.131741] ACPI: INT_SRC_OVR (bus 0 bus_irq 11 global_irq 11 high level)
[    0.131743] ACPI: IRQ0 used by override.
[    0.131744] ACPI: IRQ5 used by override.
[    0.131745] ACPI: IRQ9 used by override.
[    0.131746] ACPI: IRQ10 used by override.
[    0.131747] ACPI: IRQ11 used by override.
[    0.131788] Using ACPI (MADT) for SMP configuration information
[    0.131857] ACPI: HPET id: 0x8086a201 base: 0xfed00000
[    0.132198] smpboot: Allowing 4 CPUs, 0 hotplug CPUs
[    0.133109] PM: hibernation: Registered nosave memory: [mem 0x00000000-0x00000fff]
[    0.133112] PM: hibernation: Registered nosave memory: [mem 0x0009f000-0x0009ffff]
[    0.133113] PM: hibernation: Registered nosave memory: [mem 0x000a0000-0x000effff]
[    0.133114] PM: hibernation: Registered nosave memory: [mem 0x000f0000-0x000fffff]
[    0.133117] [mem 0x20000000-0xafffffff] available for PCI devices
[    0.133148] Booting paravirtualized kernel on KVM
[    0.133505] clocksource: refined-jiffies: mask: 0xffffffff max_cycles: 0xffffffff, max_idle_ns: 1910969940391419 ns
[    0.143124] setup_percpu: NR_CPUS:4 nr_cpumask_bits:4 nr_cpu_ids:4 nr_node_ids:1
[    0.162546] percpu: Embedded 56 pages/cpu s191128 r8192 d30056 u524288
[    0.162597] pcpu-alloc: s191128 r8192 d30056 u524288 alloc=1*2097152
[    0.162630] pcpu-alloc: [0] 0 1 2 3 
[    0.162949] kvm-guest: stealtime: cpu 0, msr 1f41b600
[    0.163131] Built 1 zonelists, mobility grouping on.  Total pages: 128872
[    0.163132] Policy zone: DMA32
[    0.163134] Kernel command line: selinux=0 initcall_debug debug console=ttyS0 rcutorture.torture_type=srcu rcutorture.onoff_interval=1000 rcutorture.onoff_holdoff=30 rcutorture.n_barrier_cbs=4 rcutorture.stat_interval=15 rcutorture.shutdown_secs=1800 rcutorture.test_no_idle_hz=1 rcutorture.verbose=1
[    0.169505] Dentry cache hash table entries: 65536 (order: 7, 524288 bytes, linear)
[    0.170749] Inode-cache hash table entries: 32768 (order: 6, 262144 bytes, linear)
[    0.171156] mem auto-init: stack:all(zero), heap alloc:off, heap free:off
[    0.174904] Memory: 480680K/523764K available (14349K kernel code, 2529K rwdata, 4688K rodata, 1500K init, 1520K bss, 42824K reserved, 0K cma-reserved)
[    0.175309] SLUB: HWalign=64, Order=0-3, MinObjects=0, CPUs=4, Nodes=1
[    0.175414] Kernel/User page tables isolation: enabled
[    0.179667] rcu: Hierarchical RCU implementation.
[    0.179714] 	Trampoline variant of Tasks RCU enabled.
[    0.179715] 	Rude variant of Tasks RCU enabled.
[    0.179716] 	Tracing variant of Tasks RCU enabled.
[    0.179807] rcu: RCU calculated value of scheduler-enlistment delay is 100 jiffies.
[    0.182402] NR_IRQS: 4352, nr_irqs: 456, preallocated irqs: 16
[    0.183789] calling  con_init+0x0/0x22a @ 0
[    0.272337] Console: colour VGA+ 80x25
[    0.272348] initcall con_init+0x0/0x22a returned 0 after 0 usecs
[    0.272350] calling  hvc_console_init+0x0/0x13 @ 0
[    0.272352] initcall hvc_console_init+0x0/0x13 returned 0 after 0 usecs
[    0.272354] calling  univ8250_console_init+0x0/0x26 @ 0
[    1.185422] printk: console [ttyS0] enabled
[    1.190543] initcall univ8250_console_init+0x0/0x26 returned 0 after 0 usecs
[    1.199771] ACPI: Core revision 20200925
[    1.206292] clocksource: hpet: mask: 0xffffffff max_cycles: 0xffffffff, max_idle_ns: 19112604467 ns
[    1.219068] APIC: Switch to symmetric I/O mode setup
[    1.241609] ..TIMER: vector=0x30 apic1=0 pin1=2 apic2=-1 pin2=-1
[    1.248924] clocksource: tsc-early: mask: 0xffffffffffffffff max_cycles: 0x39a85afc727, max_idle_ns: 881590685098 ns
[    1.261547] Calibrating delay loop (skipped) preset value.. 3999.99 BogoMIPS (lpj=1999999)
[    1.262114] pid_max: default: 32768 minimum: 301
[    1.264109] LSM: Security Framework initializing
[    1.265354] Mount-cache hash table entries: 1024 (order: 1, 8192 bytes, linear)
[    1.266098] Mountpoint-cache hash table entries: 1024 (order: 1, 8192 bytes, linear)
[    1.274856] Last level iTLB entries: 4KB 0, 2MB 0, 4MB 0
[    1.275091] Last level dTLB entries: 4KB 0, 2MB 0, 4MB 0, 1GB 0
[    1.277115] Spectre V1 : Mitigation: usercopy/swapgs barriers and __user pointer sanitization
[    1.278093] Spectre V2 : Mitigation: Retpolines
[    1.279090] Spectre V2 : Spectre v2 / SpectreRSB mitigation: Filling RSB on context switch
[    1.280090] Spectre V2 : Spectre v2 / SpectreRSB : Filling RSB on VMEXIT
[    1.281091] Speculative Store Bypass: Vulnerable
[    1.282120] MDS: Vulnerable: Clear CPU buffers attempted, no microcode
[    1.283090] MMIO Stale Data: Unknown: No mitigations
[    1.334002] Freeing SMP alternatives memory: 44K
[    1.437932] smpboot: CPU0: Intel Common KVM processor (family: 0xf, model: 0x6, stepping: 0x1)
[    1.439220] calling  init_hw_perf_events+0x0/0x6ce @ 1
[    1.440130] Performance Events: unsupported Netburst CPU model 6 no PMU driver, software events only.
[    1.442096] initcall init_hw_perf_events+0x0/0x6ce returned 0 after 1953 usecs
[    1.443113] calling  init_real_mode+0x0/0x1e9 @ 1
[    1.445389] initcall init_real_mode+0x0/0x1e9 returned 0 after 976 usecs
[    1.446093] calling  trace_init_perf_perm_irq_work_exit+0x0/0x12 @ 1
[    1.447093] initcall trace_init_perf_perm_irq_work_exit+0x0/0x12 returned 0 after 0 usecs
[    1.448138] calling  validate_x2apic+0x0/0x4a @ 1
[    1.450115] initcall validate_x2apic+0x0/0x4a returned 0 after 0 usecs
[    1.451093] calling  register_nmi_cpu_backtrace_handler+0x0/0x15 @ 1
[    1.452093] initcall register_nmi_cpu_backtrace_handler+0x0/0x15 returned 0 after 0 usecs
[    1.453093] calling  kvm_setup_vsyscall_timeinfo+0x0/0xd1 @ 1
[    1.455094] initcall kvm_setup_vsyscall_timeinfo+0x0/0xd1 returned 0 after 0 usecs
[    1.456092] calling  spawn_ksoftirqd+0x0/0x38 @ 1
[    1.457166] initcall spawn_ksoftirqd+0x0/0x38 returned 0 after 0 usecs
[    1.458096] calling  migration_init+0x0/0x33 @ 1
[    1.459096] initcall migration_init+0x0/0x33 returned 0 after 0 usecs
[    1.460096] calling  srcu_bootup_announce+0x0/0x2f @ 1
[    1.461092] rcu: Hierarchical SRCU implementation.
[    1.462095] initcall srcu_bootup_announce+0x0/0x2f returned 0 after 976 usecs
[    1.463096] calling  rcu_spawn_gp_kthread+0x0/0x1b0 @ 1
[    1.464194] initcall rcu_spawn_gp_kthread+0x0/0x1b0 returned 0 after 0 usecs
[    1.465095] calling  check_cpu_stall_init+0x0/0x1a @ 1
[    1.466095] initcall check_cpu_stall_init+0x0/0x1a returned 0 after 0 usecs
[    1.467094] calling  rcu_sysrq_init+0x0/0x21 @ 1
[    1.468093] initcall rcu_sysrq_init+0x0/0x21 returned 0 after 0 usecs
[    1.469094] calling  trace_init_flags_sys_enter+0x0/0xe @ 1
[    1.470095] initcall trace_init_flags_sys_enter+0x0/0xe returned 0 after 0 usecs
[    1.471093] calling  trace_init_flags_sys_exit+0x0/0xe @ 1
[    1.472093] initcall trace_init_flags_sys_exit+0x0/0xe returned 0 after 0 usecs
[    1.473117] calling  cpu_stop_init+0x0/0x6e @ 1
[    1.474147] initcall cpu_stop_init+0x0/0x6e returned 0 after 0 usecs
[    1.475097] calling  init_kprobes+0x0/0x165 @ 1
[    1.477507] initcall init_kprobes+0x0/0x165 returned 0 after 976 usecs
[    1.478096] calling  init_events+0x0/0x3d @ 1
[    1.479128] initcall init_events+0x0/0x3d returned 0 after 0 usecs
[    1.480097] calling  init_trace_printk+0x0/0xc @ 1
[    1.481098] initcall init_trace_printk+0x0/0xc returned 0 after 0 usecs
[    1.482096] calling  event_trace_enable_again+0x0/0x23 @ 1
[    1.484096] initcall event_trace_enable_again+0x0/0x23 returned 0 after 0 usecs
[    1.485095] calling  static_call_init+0x0/0x77 @ 1
[    1.486093] initcall static_call_init+0x0/0x77 returned 0 after 0 usecs
[    1.487094] calling  jump_label_init_module+0x0/0xc @ 1
[    1.488094] initcall jump_label_init_module+0x0/0xc returned 0 after 0 usecs
[    1.489094] calling  init_zero_pfn+0x0/0x37 @ 1
[    1.490092] initcall init_zero_pfn+0x0/0x37 returned 0 after 0 usecs
[    1.491094] calling  initialize_ptr_random+0x0/0x54 @ 1
[    1.492094] initcall initialize_ptr_random+0x0/0x54 returned 0 after 0 usecs
[    1.493125] calling  efi_memreserve_root_init+0x0/0x25 @ 1
[    1.494135] initcall efi_memreserve_root_init+0x0/0x25 returned 0 after 0 usecs
[    1.495093] calling  efi_earlycon_remap_fb+0x0/0x51 @ 1
[    1.496092] initcall efi_earlycon_remap_fb+0x0/0x51 returned 0 after 0 usecs
[    1.497190] smp: Bringing up secondary CPUs ...
[    1.498444] x86: Booting SMP configuration:
[    1.499107] .... node  #0, CPUs:      #1
[    1.071953] kvm-clock: cpu 1, msr 11a9e041, secondary cpu clock
[    1.526234] kvm-guest: stealtime: cpu 1, msr 1f49b600
[    1.543095]  #2
[    1.071953] kvm-clock: cpu 2, msr 11a9e081, secondary cpu clock
[    1.564225] kvm-guest: stealtime: cpu 2, msr 1f51b600
[    1.580420]  #3
[    1.071953] kvm-clock: cpu 3, msr 11a9e0c1, secondary cpu clock
[    1.602268] kvm-guest: stealtime: cpu 3, msr 1f59b600
[    1.616384] smp: Brought up 1 node, 4 CPUs
[    1.617092] smpboot: Max logical packages: 1
[    1.618092] smpboot: Total of 4 processors activated (15999.99 BogoMIPS)
[    1.629091] devtmpfs: initialized
[    1.632158] calling  ipc_ns_init+0x0/0x3d @ 1
[    1.633152] initcall ipc_ns_init+0x0/0x3d returned 0 after 0 usecs
[    1.634096] calling  init_mmap_min_addr+0x0/0x21 @ 1
[    1.635097] initcall init_mmap_min_addr+0x0/0x21 returned 0 after 0 usecs
[    1.636099] calling  pci_realloc_setup_params+0x0/0x3f @ 1
[    1.637097] initcall pci_realloc_setup_params+0x0/0x3f returned 0 after 0 usecs
[    1.638096] calling  net_ns_init+0x0/0x11c @ 1
[    1.639293] initcall net_ns_init+0x0/0x11c returned 0 after 0 usecs
[    1.640112] calling  e820__register_nvs_regions+0x0/0x37 @ 1
[    1.641096] initcall e820__register_nvs_regions+0x0/0x37 returned 0 after 0 usecs
[    1.642095] calling  cpufreq_register_tsc_scaling+0x0/0x2e @ 1
[    1.643096] initcall cpufreq_register_tsc_scaling+0x0/0x2e returned 0 after 0 usecs
[    1.644100] calling  reboot_init+0x0/0x3c @ 1
[    1.645156] initcall reboot_init+0x0/0x3c returned 0 after 0 usecs
[    1.646095] calling  init_lapic_sysfs+0x0/0x20 @ 1
[    1.647095] initcall init_lapic_sysfs+0x0/0x20 returned 0 after 0 usecs
[    1.648096] calling  alloc_frozen_cpus+0x0/0x7 @ 1
[    1.649094] initcall alloc_frozen_cpus+0x0/0x7 returned 0 after 0 usecs
[    1.650095] calling  cpu_hotplug_pm_sync_init+0x0/0x13 @ 1
[    1.651095] initcall cpu_hotplug_pm_sync_init+0x0/0x13 returned 0 after 0 usecs
[    1.652094] calling  wq_sysfs_init+0x0/0x2a @ 1
[    1.653216] initcall wq_sysfs_init+0x0/0x2a returned 0 after 0 usecs
[    1.654096] calling  ksysfs_init+0x0/0x92 @ 1
[    1.655103] initcall ksysfs_init+0x0/0x92 returned 0 after 0 usecs
[    1.656094] calling  schedutil_gov_init+0x0/0xc @ 1
[    1.657093] initcall schedutil_gov_init+0x0/0xc returned 0 after 0 usecs
[    1.658093] calling  pm_init+0x0/0x76 @ 1
[    1.659167] initcall pm_init+0x0/0x76 returned 0 after 0 usecs
[    1.660093] calling  pm_disk_init+0x0/0x13 @ 1
[    1.661118] initcall pm_disk_init+0x0/0x13 returned 0 after 0 usecs
[    1.662093] calling  swsusp_header_init+0x0/0x2b @ 1
[    1.663097] initcall swsusp_header_init+0x0/0x2b returned 0 after 0 usecs
[    1.664094] calling  rcu_set_runtime_mode+0x0/0x16 @ 1
[    1.665097] initcall rcu_set_runtime_mode+0x0/0x16 returned 0 after 0 usecs
[    1.666098] calling  init_jiffies_clocksource+0x0/0x13 @ 1
[    1.667098] clocksource: jiffies: mask: 0xffffffff max_cycles: 0xffffffff, max_idle_ns: 1911260446275000 ns
[    1.668097] initcall init_jiffies_clocksource+0x0/0x13 returned 0 after 976 usecs
[    1.669096] calling  futex_init+0x0/0xfa @ 1
[    1.670099] futex hash table entries: 1024 (order: 4, 65536 bytes, linear)
[    1.672110] initcall futex_init+0x0/0xfa returned 0 after 1953 usecs
[    1.673097] calling  cgroup_wq_init+0x0/0x28 @ 1
[    1.674106] initcall cgroup_wq_init+0x0/0x28 returned 0 after 0 usecs
[    1.675095] calling  cgroup1_wq_init+0x0/0x28 @ 1
[    1.676099] initcall cgroup1_wq_init+0x0/0x28 returned 0 after 0 usecs
[    1.677094] calling  init_kprobe_trace_early+0x0/0x2a @ 1
[    1.678094] initcall init_kprobe_trace_early+0x0/0x2a returned 0 after 0 usecs
[    1.679094] calling  fsnotify_init+0x0/0x48 @ 1
[    1.680105] initcall fsnotify_init+0x0/0x48 returned 0 after 0 usecs
[    1.681093] calling  filelock_init+0x0/0x96 @ 1
[    1.682120] initcall filelock_init+0x0/0x96 returned 0 after 0 usecs
[    1.683095] calling  init_misc_binfmt+0x0/0x2c @ 1
[    1.684094] initcall init_misc_binfmt+0x0/0x2c returned 0 after 0 usecs
[    1.686092] calling  init_script_binfmt+0x0/0x15 @ 1
[    1.687092] initcall init_script_binfmt+0x0/0x15 returned 0 after 0 usecs
[    1.688092] calling  init_elf_binfmt+0x0/0x15 @ 1
[    1.689093] initcall init_elf_binfmt+0x0/0x15 returned 0 after 0 usecs
[    1.690092] calling  init_compat_elf_binfmt+0x0/0x15 @ 1
[    1.691092] initcall init_compat_elf_binfmt+0x0/0x15 returned 0 after 0 usecs
[    1.692093] calling  debugfs_init+0x0/0x5c @ 1
[    1.693098] initcall debugfs_init+0x0/0x5c returned 0 after 0 usecs
[    1.694093] calling  tracefs_init+0x0/0x3a @ 1
[    1.695116] initcall tracefs_init+0x0/0x3a returned 0 after 0 usecs
[    1.696093] calling  prandom_init_early+0x0/0x15d @ 1
[    1.697093] initcall prandom_init_early+0x0/0x15d returned 0 after 0 usecs
[    1.698210] calling  virtio_init+0x0/0x20 @ 1
[    1.699107] initcall virtio_init+0x0/0x20 returned 0 after 0 usecs
[    1.700094] calling  iommu_init+0x0/0x2a @ 1
[    1.701116] initcall iommu_init+0x0/0x2a returned 0 after 0 usecs
[    1.702092] calling  component_debug_init+0x0/0x1c @ 1
[    1.703193] initcall component_debug_init+0x0/0x1c returned 0 after 0 usecs
[    1.704098] calling  early_resume_init+0x0/0xb9 @ 1
[    1.706771] PM: RTC time: 04:45:32, date: 2022-12-13
[    1.707097] initcall early_resume_init+0x0/0xb9 returned 0 after 1953 usecs
[    1.708095] calling  cpufreq_core_init+0x0/0x62 @ 1
[    1.709114] initcall cpufreq_core_init+0x0/0x62 returned 0 after 0 usecs
[    1.710094] calling  cpufreq_gov_performance_init+0x0/0xc @ 1
[    1.711096] initcall cpufreq_gov_performance_init+0x0/0xc returned 0 after 0 usecs
[    1.712094] calling  cpufreq_gov_userspace_init+0x0/0xc @ 1
[    1.713096] initcall cpufreq_gov_userspace_init+0x0/0xc returned 0 after 0 usecs
[    1.715094] calling  CPU_FREQ_GOV_ONDEMAND_init+0x0/0xc @ 1
[    1.716094] initcall CPU_FREQ_GOV_ONDEMAND_init+0x0/0xc returned 0 after 0 usecs
[    1.717093] calling  cpuidle_init+0x0/0x1f @ 1
[    1.718119] initcall cpuidle_init+0x0/0x1f returned 0 after 0 usecs
[    1.719094] calling  capsule_reboot_register+0x0/0xc @ 1
[    1.720095] initcall capsule_reboot_register+0x0/0xc returned 0 after 0 usecs
[    1.721094] calling  sock_init+0x0/0x93 @ 1
[    1.723523] initcall sock_init+0x0/0x93 returned 0 after 976 usecs
[    1.724094] calling  net_inuse_init+0x0/0x23 @ 1
[    1.725099] initcall net_inuse_init+0x0/0x23 returned 0 after 0 usecs
[    1.726093] calling  net_defaults_init+0x0/0x23 @ 1
[    1.727094] initcall net_defaults_init+0x0/0x23 returned 0 after 0 usecs
[    1.728096] calling  init_default_flow_dissectors+0x0/0x4f @ 1
[    1.729097] initcall init_default_flow_dissectors+0x0/0x4f returned 0 after 0 usecs
[    1.731095] calling  netpoll_init+0x0/0x26 @ 1
[    1.732096] initcall netpoll_init+0x0/0x26 returned 0 after 0 usecs
[    1.733095] calling  netlink_proto_init+0x0/0x14f @ 1
[    1.735258] NET: Registered protocol family 16
[    1.736109] initcall netlink_proto_init+0x0/0x14f returned 0 after 1953 usecs
[    1.737095] calling  genl_init+0x0/0x35 @ 1
[    1.738103] initcall genl_init+0x0/0x35 returned 0 after 0 usecs
[    1.739116] calling  bsp_pm_check_init+0x0/0x13 @ 1
[    1.740097] initcall bsp_pm_check_init+0x0/0x13 returned 0 after 0 usecs
[    1.741122] calling  irq_sysfs_init+0x0/0xb7 @ 1
[    1.742240] initcall irq_sysfs_init+0x0/0xb7 returned 0 after 0 usecs
[    1.743095] calling  audit_init+0x0/0x160 @ 1
[    1.744095] audit: initializing netlink subsys (disabled)
[    1.746278] initcall audit_init+0x0/0x160 returned 0 after 1953 usecs
[    1.746121] audit: type=2000 audit(1670906730.727:1): state=initialized audit_enabled=0 res=1
[    1.747101] calling  release_early_probes+0x0/0x32 @ 1
[    1.749098] initcall release_early_probes+0x0/0x32 returned 0 after 0 usecs
[    1.750094] calling  bdi_class_init+0x0/0x48 @ 1
[    1.752100] initcall bdi_class_init+0x0/0x48 returned 0 after 976 usecs
[    1.753093] calling  mm_sysfs_init+0x0/0x28 @ 1
[    1.754098] initcall mm_sysfs_init+0x0/0x28 returned 0 after 0 usecs
[    1.755102] calling  init_per_zone_wmark_min+0x0/0x6d @ 1
[    1.756096] initcall init_per_zone_wmark_min+0x0/0x6d returned 0 after 0 usecs
[    1.757095] calling  mpi_init+0x0/0x3e @ 1
[    1.758109] initcall mpi_init+0x0/0x3e returned 0 after 0 usecs
[    1.759096] calling  kobject_uevent_init+0x0/0xc @ 1
[    1.761106] initcall kobject_uevent_init+0x0/0xc returned 0 after 0 usecs
[    1.762097] calling  pcibus_class_init+0x0/0x13 @ 1
[    1.763130] initcall pcibus_class_init+0x0/0x13 returned 0 after 0 usecs
[    1.764094] calling  pci_driver_init+0x0/0x21 @ 1
[    1.765140] initcall pci_driver_init+0x0/0x21 returned 0 after 0 usecs
[    1.766099] calling  backlight_class_init+0x0/0xa8 @ 1
[    1.767124] initcall backlight_class_init+0x0/0xa8 returned 0 after 0 usecs
[    1.768095] calling  tty_class_init+0x0/0x33 @ 1
[    1.769107] initcall tty_class_init+0x0/0x33 returned 0 after 0 usecs
[    1.770125] calling  vtconsole_class_init+0x0/0xb5 @ 1
[    1.772160] initcall vtconsole_class_init+0x0/0xb5 returned 0 after 0 usecs
[    1.773097] calling  iommu_dev_init+0x0/0x13 @ 1
[    1.774233] initcall iommu_dev_init+0x0/0x13 returned 0 after 0 usecs
[    1.775095] calling  mipi_dsi_bus_init+0x0/0xc @ 1
[    1.776187] initcall mipi_dsi_bus_init+0x0/0xc returned 0 after 0 usecs
[    1.777095] calling  devlink_class_init+0x0/0x40 @ 1
[    1.778107] initcall devlink_class_init+0x0/0x40 returned 0 after 0 usecs
[    1.779100] calling  software_node_init+0x0/0x2a @ 1
[    1.780102] initcall software_node_init+0x0/0x2a returned 0 after 0 usecs
[    1.781097] calling  wakeup_sources_debugfs_init+0x0/0x23 @ 1
[    1.783106] initcall wakeup_sources_debugfs_init+0x0/0x23 returned 0 after 976 usecs
[    1.784096] calling  wakeup_sources_sysfs_init+0x0/0x2c @ 1
[    1.785112] initcall wakeup_sources_sysfs_init+0x0/0x2c returned 0 after 0 usecs
[    1.786096] calling  register_node_type+0x0/0x13 @ 1
[    1.787128] initcall register_node_type+0x0/0x13 returned 0 after 0 usecs
[    1.788096] calling  regmap_initcall+0x0/0xc @ 1
[    1.789136] initcall regmap_initcall+0x0/0xc returned 0 after 0 usecs
[    1.790105] calling  i2c_init+0x0/0xb3 @ 1
[    1.791169] initcall i2c_init+0x0/0xb3 returned 0 after 0 usecs
[    1.792094] calling  thermal_init+0x0/0xf2 @ 1
[    1.793092] thermal_sys: Registered thermal governor 'step_wise'
[    1.793092] thermal_sys: Registered thermal governor 'user_space'
[    1.794105] initcall thermal_init+0x0/0xf2 returned 0 after 976 usecs
[    1.796093] calling  init_menu+0x0/0xc @ 1
[    1.798305] cpuidle: using governor menu
[    1.803121] initcall init_menu+0x0/0xc returned 0 after 5859 usecs
[    1.811097] calling  pcc_init+0x0/0x4d @ 1
[    1.817098] initcall pcc_init+0x0/0x4d returned -19 after 0 usecs
[    1.827099] calling  amd_postcore_init+0x0/0x11e @ 1
[    1.834096] initcall amd_postcore_init+0x0/0x11e returned 0 after 0 usecs
[    1.844128] calling  bts_init+0x0/0xba @ 1
[    1.850098] initcall bts_init+0x0/0xba returned -19 after 0 usecs
[    1.858095] calling  pt_init+0x0/0x341 @ 1
[    1.864095] initcall pt_init+0x0/0x341 returned -19 after 0 usecs
[    1.873098] calling  boot_params_ksysfs_init+0x0/0x2ee @ 1
[    1.880122] initcall boot_params_ksysfs_init+0x0/0x2ee returned 0 after 0 usecs
[    1.889102] calling  sbf_init+0x0/0xea @ 1
[    1.894095] initcall sbf_init+0x0/0xea returned 0 after 0 usecs
[    1.901095] calling  arch_kdebugfs_init+0x0/0x219 @ 1
[    1.907257] initcall arch_kdebugfs_init+0x0/0x219 returned 0 after 0 usecs
[    1.916096] calling  intel_pconfig_init+0x0/0x85 @ 1
[    1.922098] initcall intel_pconfig_init+0x0/0x85 returned 0 after 0 usecs
[    1.930096] calling  mtrr_if_init+0x0/0x5d @ 1
[    1.935142] initcall mtrr_if_init+0x0/0x5d returned 0 after 0 usecs
[    1.942095] calling  activate_jump_labels+0x0/0x31 @ 1
[    1.948093] initcall activate_jump_labels+0x0/0x31 returned 0 after 0 usecs
[    1.956094] calling  ffh_cstate_init+0x0/0x29 @ 1
[    1.962097] initcall ffh_cstate_init+0x0/0x29 returned 0 after 0 usecs
[    1.969095] calling  activate_jump_labels+0x0/0x31 @ 1
[    1.976243] initcall activate_jump_labels+0x0/0x31 returned 0 after 976 usecs
[    1.984093] calling  kvm_alloc_cpumask+0x0/0x74 @ 1
[    1.989144] initcall kvm_alloc_cpumask+0x0/0x74 returned 0 after 976 usecs
[    1.997094] calling  kcmp_cookies_init+0x0/0x37 @ 1
[    2.003099] initcall kcmp_cookies_init+0x0/0x37 returned 0 after 0 usecs
[    2.009094] calling  cryptomgr_init+0x0/0xc @ 1
[    2.015092] initcall cryptomgr_init+0x0/0xc returned 0 after 0 usecs
[    2.022095] calling  acpi_pci_init+0x0/0x57 @ 1
[    2.028092] ACPI: bus type PCI registered
[    2.033096] initcall acpi_pci_init+0x0/0x57 returned 0 after 4882 usecs
[    2.040094] calling  dma_channel_table_init+0x0/0xd1 @ 1
[    2.046100] initcall dma_channel_table_init+0x0/0xd1 returned 0 after 0 usecs
[    2.053097] calling  dma_bus_init+0x0/0xdc @ 1
[    2.060097] initcall dma_bus_init+0x0/0xdc returned 0 after 976 usecs
[    2.067157] calling  iommu_dma_init+0x0/0x10 @ 1
[    2.074110] initcall iommu_dma_init+0x0/0x10 returned 0 after 0 usecs
[    2.082095] calling  dmi_id_init+0x0/0x37c @ 1
[    2.087309] initcall dmi_id_init+0x0/0x37c returned 0 after 0 usecs
[    2.096097] calling  pci_arch_init+0x0/0x71 @ 1
[    2.102336] PCI: MMCONFIG for domain 0000 [bus 00-ff] at [mem 0xb0000000-0xbfffffff] (base 0xb0000000)
[    2.113097] PCI: MMCONFIG at [mem 0xb0000000-0xbfffffff] reserved in E820
[    2.121117] PCI: Using configuration type 1 for base access
[    2.127101] initcall pci_arch_init+0x0/0x71 returned 0 after 25390 usecs
[    2.135118] calling  init_vdso+0x0/0x13 @ 1
[    2.140125] initcall init_vdso+0x0/0x13 returned 0 after 0 usecs
[    2.147093] calling  sysenter_setup+0x0/0x13 @ 1
[    2.152124] initcall sysenter_setup+0x0/0x13 returned 0 after 0 usecs
[    2.160093] calling  fixup_ht_bug+0x0/0xe5 @ 1
[    2.165094] initcall fixup_ht_bug+0x0/0xe5 returned 0 after 0 usecs
[    2.172094] calling  topology_init+0x0/0x88 @ 1
[    2.177225] initcall topology_init+0x0/0x88 returned 0 after 0 usecs
[    2.185101] calling  intel_epb_init+0x0/0x68 @ 1
[    2.192099] initcall intel_epb_init+0x0/0x68 returned -19 after 0 usecs
[    2.201101] calling  mtrr_init_finialize+0x0/0x3e @ 1
[    2.208100] initcall mtrr_init_finialize+0x0/0x3e returned 0 after 0 usecs
[    2.218099] calling  uid_cache_init+0x0/0x81 @ 1
[    2.225105] initcall uid_cache_init+0x0/0x81 returned 0 after 0 usecs
[    2.234097] calling  param_sysfs_init+0x0/0x1ba @ 1
[    2.246612] initcall param_sysfs_init+0x0/0x1ba returned 0 after 3906 usecs
[    2.255095] calling  user_namespace_sysctl_init+0x0/0x33 @ 1
[    2.262173] initcall user_namespace_sysctl_init+0x0/0x33 returned 0 after 0 usecs
[    2.271095] calling  proc_schedstat_init+0x0/0x24 @ 1
[    2.277098] initcall proc_schedstat_init+0x0/0x24 returned 0 after 0 usecs
[    2.285095] calling  pm_sysrq_init+0x0/0x18 @ 1
[    2.293112] initcall pm_sysrq_init+0x0/0x18 returned 0 after 1953 usecs
[    2.303163] calling  create_proc_profile+0x0/0xd0 @ 1
[    2.310098] initcall create_proc_profile+0x0/0xd0 returned 0 after 0 usecs
[    2.320098] calling  time_ns_init+0x0/0x7 @ 1
[    2.326098] initcall time_ns_init+0x0/0x7 returned 0 after 0 usecs
[    2.334100] calling  crash_save_vmcoreinfo_init+0x0/0x722 @ 1
[    2.342171] initcall crash_save_vmcoreinfo_init+0x0/0x722 returned 0 after 0 usecs
[    2.352098] calling  crash_notes_memory_init+0x0/0x35 @ 1
[    2.359101] initcall crash_notes_memory_init+0x0/0x35 returned 0 after 0 usecs
[    2.367095] calling  cgroup_sysfs_init+0x0/0x13 @ 1
[    2.373145] initcall cgroup_sysfs_init+0x0/0x13 returned 0 after 0 usecs
[    2.383098] calling  cgroup_namespaces_init+0x0/0x7 @ 1
[    2.391099] initcall cgroup_namespaces_init+0x0/0x7 returned 0 after 0 usecs
[    2.401100] calling  init_optprobes+0x0/0x13 @ 1
[    2.407093] Kprobes globally optimized
[    2.411096] initcall init_optprobes+0x0/0x13 returned 0 after 3906 usecs
[    2.419098] calling  oom_init+0x0/0x2f @ 1
[    2.424238] initcall oom_init+0x0/0x2f returned 0 after 976 usecs
[    2.432096] calling  default_bdi_init+0x0/0xb3 @ 1
[    2.438283] initcall default_bdi_init+0x0/0xb3 returned 0 after 976 usecs
[    2.446095] calling  percpu_enable_async+0x0/0xe @ 1
[    2.452094] initcall percpu_enable_async+0x0/0xe returned 0 after 0 usecs
[    2.461099] calling  kcompactd_init+0x0/0x8d @ 1
[    2.468288] initcall kcompactd_init+0x0/0x8d returned 0 after 0 usecs
[    2.478212] calling  init_user_reserve+0x0/0x40 @ 1
[    2.485104] initcall init_user_reserve+0x0/0x40 returned 0 after 0 usecs
[    2.493099] calling  init_admin_reserve+0x0/0x40 @ 1
[    2.499097] initcall init_admin_reserve+0x0/0x40 returned 0 after 0 usecs
[    2.507100] calling  init_reserve_notifier+0x0/0x7 @ 1
[    2.513097] initcall init_reserve_notifier+0x0/0x7 returned 0 after 0 usecs
[    2.522097] calling  swap_init_sysfs+0x0/0x62 @ 1
[    2.528108] initcall swap_init_sysfs+0x0/0x62 returned 0 after 0 usecs
[    2.535095] calling  swapfile_init+0x0/0x94 @ 1
[    2.541096] initcall swapfile_init+0x0/0x94 returned 0 after 0 usecs
[    2.549097] calling  hugetlb_init+0x0/0x499 @ 1
[    2.555097] HugeTLB registered 2.00 MiB page size, pre-allocated 0 pages
[    2.564158] initcall hugetlb_init+0x0/0x499 returned 0 after 8789 usecs
[    2.574099] calling  io_wq_init+0x0/0x34 @ 1
[    2.580096] initcall io_wq_init+0x0/0x34 returned 0 after 0 usecs
[    2.590097] calling  seqiv_module_init+0x0/0xc @ 1
[    2.597100] initcall seqiv_module_init+0x0/0xc returned 0 after 0 usecs
[    2.606095] calling  echainiv_module_init+0x0/0xc @ 1
[    2.614096] initcall echainiv_module_init+0x0/0xc returned 0 after 0 usecs
[    2.624165] calling  rsa_init+0x0/0x50 @ 1
[    2.631300] initcall rsa_init+0x0/0x50 returned 0 after 1953 usecs
[    2.632119] cryptomgr_test (39) used greatest stack depth: 15512 bytes left
[    2.633096] calling  crypto_cmac_module_init+0x0/0xc @ 1
[    2.633099] initcall crypto_cmac_module_init+0x0/0xc returned 0 after 0 usecs
[    2.633100] calling  hmac_module_init+0x0/0xc @ 1
[    2.633103] initcall hmac_module_init+0x0/0xc returned 0 after 0 usecs
[    2.633104] calling  crypto_null_mod_init+0x0/0x65 @ 1
[    2.639338] cryptomgr_test (40) used greatest stack depth: 15496 bytes left
[    2.641270] initcall crypto_null_mod_init+0x0/0x65 returned 0 after 7812 usecs
[    2.643105] calling  md5_mod_init+0x0/0xc @ 1
[    2.645418] initcall md5_mod_init+0x0/0xc returned 0 after 976 usecs
[    2.646110] calling  sha256_generic_mod_init+0x0/0x11 @ 1
[    2.657102] initcall sha256_generic_mod_init+0x0/0x11 returned 0 after 9765 usecs
[    2.658104] calling  crypto_cbc_module_init+0x0/0xc @ 1
[    2.659099] initcall crypto_cbc_module_init+0x0/0xc returned 0 after 0 usecs
[    2.660097] calling  crypto_ctr_module_init+0x0/0x11 @ 1
[    2.661099] initcall crypto_ctr_module_init+0x0/0x11 returned 0 after 0 usecs
[    2.662097] calling  crypto_gcm_module_init+0x0/0x64 @ 1
[    2.663097] initcall crypto_gcm_module_init+0x0/0x64 returned 0 after 0 usecs
[    2.664096] calling  crypto_ccm_module_init+0x0/0x11 @ 1
[    2.665099] initcall crypto_ccm_module_init+0x0/0x11 returned 0 after 0 usecs
[    2.666097] calling  aes_init+0x0/0xc @ 1
[    2.669098] initcall aes_init+0x0/0xc returned 0 after 1953 usecs
[    2.670097] calling  crc32c_mod_init+0x0/0xc @ 1
[    2.679131] initcall crc32c_mod_init+0x0/0xc returned 0 after 7812 usecs
[    2.681098] calling  crypto_authenc_module_init+0x0/0xc @ 1
[    2.682097] initcall crypto_authenc_module_init+0x0/0xc returned 0 after 0 usecs
[    2.683095] calling  crypto_authenc_esn_module_init+0x0/0xc @ 1
[    2.684097] initcall crypto_authenc_esn_module_init+0x0/0xc returned 0 after 0 usecs
[    2.685094] calling  drbg_init+0x0/0x7c @ 1
[    2.700107] cryptomgr_test (51) used greatest stack depth: 15184 bytes left
[    2.750107] initcall drbg_init+0x0/0x7c returned 0 after 62500 usecs
[    2.759802] calling  ghash_mod_init+0x0/0xc @ 1
[    2.772104] initcall ghash_mod_init+0x0/0xc returned 0 after 6835 usecs
[    2.779098] calling  init_bio+0x0/0x9a @ 1
[    2.785868] initcall init_bio+0x0/0x9a returned 0 after 1953 usecs
[    2.794095] calling  blk_settings_init+0x0/0x29 @ 1
[    2.800095] initcall blk_settings_init+0x0/0x29 returned 0 after 0 usecs
[    2.807087] calling  blk_ioc_init+0x0/0x29 @ 1
[    2.821342] initcall blk_ioc_init+0x0/0x29 returned 0 after 2929 usecs
[    2.831097] calling  blk_mq_init+0x0/0xb9 @ 1
[    2.837254] initcall blk_mq_init+0x0/0xb9 returned 0 after 0 usecs
[    2.847099] calling  genhd_device_init+0x0/0x75 @ 1
[    2.890103] initcall genhd_device_init+0x0/0x75 returned 0 after 36132 usecs
[    2.899861] calling  pci_slot_init+0x0/0x40 @ 1
[    2.906529] initcall pci_slot_init+0x0/0x40 returned 0 after 976 usecs
[    2.918099] calling  fbmem_init+0x0/0xd8 @ 1
[    2.927605] initcall fbmem_init+0x0/0xd8 returned 0 after 3906 usecs
[    2.936097] calling  acpi_init+0x0/0x319 @ 1
[    2.941091] ACPI: Added _OSI(Module Device)
[    2.946092] ACPI: Added _OSI(Processor Device)
[    2.952092] ACPI: Added _OSI(3.0 _SCP Extensions)
[    2.958092] ACPI: Added _OSI(Processor Aggregator Device)
[    2.965093] ACPI: Added _OSI(Linux-Dell-Video)
[    2.970093] ACPI: Added _OSI(Linux-Lenovo-NV-HDMI-Audio)
[    2.976093] ACPI: Added _OSI(Linux-HPI-Hybrid-Graphics)
[    2.993672] ACPI: 1 ACPI AML tables successfully acquired and loaded
[    3.017409] ACPI: Interpreter enabled
[    3.023093] ACPI: (supports S0 S3 S4 S5)
[    3.028093] ACPI: Using IOAPIC for interrupt routing
[    3.035093] PCI: Using host bridge windows from ACPI; if necessary, use "pci=nocrs" and report a bug
[    3.047722] ACPI: Enabled 2 GPEs in block 00 to 3F
[    3.081753] ACPI: PCI Root Bridge [PCI0] (domain 0000 [bus 00-ff])
[    3.092091] acpi PNP0A08:00: _OSC: OS supports [ExtendedConfig ASPM ClockPM Segments MSI HPX-Type3]
[    3.103150] acpi PNP0A08:00: _OSC: platform does not support [LTR]
[    3.110192] acpi PNP0A08:00: _OSC: OS now controls [PME PCIeCapability]
[    3.120610] PCI host bridge to bus 0000:00
[    3.125342] pci_bus 0000:00: root bus resource [io  0x0000-0x0cf7 window]
[    3.137101] pci_bus 0000:00: root bus resource [io  0x0d00-0xffff window]
[    3.146096] pci_bus 0000:00: root bus resource [mem 0x000a0000-0x000bffff window]
[    3.156096] pci_bus 0000:00: root bus resource [mem 0x20000000-0xafffffff window]
[    3.167097] pci_bus 0000:00: root bus resource [mem 0xc0000000-0xfebfffff window]
[    3.176097] pci_bus 0000:00: root bus resource [mem 0x100000000-0x8ffffffff window]
[    3.189097] pci_bus 0000:00: root bus resource [bus 00-ff]
[    3.197250] pci 0000:00:00.0: calling  quirk_mmio_always_on+0x0/0x10 @ 1
[    3.207099] pci 0000:00:00.0: quirk_mmio_always_on+0x0/0x10 took 0 usecs
[    3.215319] pci 0000:00:00.0: [8086:29c0] type 00 class 0x060000
[    3.231091] pci 0000:00:00.0: calling  quirk_igfx_skip_te_disable+0x0/0x80 @ 1
[    3.241219] pci 0000:00:00.0: quirk_igfx_skip_te_disable+0x0/0x80 took 976 usecs
[    3.260091] pci 0000:00:01.0: [1234:1111] type 00 class 0x030000
[    3.284087] pci 0000:00:01.0: reg 0x10: [mem 0xfd000000-0xfdffffff pref]
[    3.318091] pci 0000:00:01.0: reg 0x18: [mem 0xfebf0000-0xfebf0fff]
[    3.355004] pci 0000:00:01.0: reg 0x30: [mem 0xfebe0000-0xfebeffff pref]
[    3.366087] pci 0000:00:01.0: calling  efifb_fixup_resources+0x0/0xf0 @ 1
[    3.374122] pci 0000:00:01.0: efifb_fixup_resources+0x0/0xf0 took 0 usecs
[    3.389631] pci 0000:00:1f.0: [8086:2918] type 00 class 0x060100
[    3.401653] pci 0000:00:1f.0: calling  quirk_ich7_lpc+0x0/0x60 @ 1
[    3.409257] pci 0000:00:1f.0: quirk: [io  0x0600-0x067f] claimed by ICH6 ACPI/GPIO/TCO
[    3.420184] pci 0000:00:1f.0: quirk_ich7_lpc+0x0/0x60 took 10742 usecs
[    3.428227] pci 0000:00:1f.0: calling  quirk_igfx_skip_te_disable+0x0/0x80 @ 1
[    3.436116] pci 0000:00:1f.0: quirk_igfx_skip_te_disable+0x0/0x80 took 0 usecs
[    3.447438] pci 0000:00:1f.2: [8086:2922] type 00 class 0x010601
[    3.463840] pci 0000:00:1f.2: reg 0x20: [io  0xc040-0xc05f]
[    3.472095] pci 0000:00:1f.2: reg 0x24: [mem 0xfebf1000-0xfebf1fff]
[    3.481294] pci 0000:00:1f.2: calling  quirk_igfx_skip_te_disable+0x0/0x80 @ 1
[    3.490099] pci 0000:00:1f.2: quirk_igfx_skip_te_disable+0x0/0x80 took 0 usecs
[    3.502449] pci 0000:00:1f.3: [8086:2930] type 00 class 0x0c0500
[    3.515440] pci 0000:00:1f.3: reg 0x20: [io  0x0700-0x073f]
[    3.526127] pci 0000:00:1f.3: calling  quirk_igfx_skip_te_disable+0x0/0x80 @ 1
[    3.535131] pci 0000:00:1f.3: quirk_igfx_skip_te_disable+0x0/0x80 took 0 usecs
[    3.546439] ACPI: PCI Interrupt Link [LNKA] (IRQs 5 *10 11)
[    3.554236] ACPI: PCI Interrupt Link [LNKB] (IRQs 5 *10 11)
[    3.561421] ACPI: PCI Interrupt Link [LNKC] (IRQs 5 10 *11)
[    3.568382] ACPI: PCI Interrupt Link [LNKD] (IRQs 5 10 *11)
[    3.575425] ACPI: PCI Interrupt Link [LNKE] (IRQs 5 *10 11)
[    3.582379] ACPI: PCI Interrupt Link [LNKF] (IRQs 5 *10 11)
[    3.589319] ACPI: PCI Interrupt Link [LNKG] (IRQs 5 10 *11)
[    3.596091] ACPI: PCI Interrupt Link [LNKH] (IRQs 5 10 *11)
[    3.603091] ACPI: PCI Interrupt Link [GSIA] (IRQs *16)
[    3.607106] ACPI: PCI Interrupt Link [GSIB] (IRQs *17)
[    3.615247] ACPI: PCI Interrupt Link [GSIC] (IRQs *18)
[    3.622124] ACPI: PCI Interrupt Link [GSID] (IRQs *19)
[    3.629188] ACPI: PCI Interrupt Link [GSIE] (IRQs *20)
[    3.637178] ACPI: PCI Interrupt Link [GSIF] (IRQs *21)
[    3.645286] ACPI: PCI Interrupt Link [GSIG] (IRQs *22)
[    3.652118] ACPI: PCI Interrupt Link [GSIH] (IRQs *23)
[    3.671092] initcall acpi_init+0x0/0x319 returned 0 after 714843 usecs
[    3.682223] calling  pnp_init+0x0/0xc @ 1
[    3.688336] initcall pnp_init+0x0/0xc returned 0 after 0 usecs
[    3.697104] calling  misc_init+0x0/0xbf @ 1
[    3.706098] initcall misc_init+0x0/0xbf returned 0 after 976 usecs
[    3.714202] calling  iommu_subsys_init+0x0/0x4e @ 1
[    3.721123] iommu: Default domain type: Translated 
[    3.727096] initcall iommu_subsys_init+0x0/0x4e returned 0 after 6835 usecs
[    3.736097] calling  vga_arb_device_init+0x0/0x261 @ 1
[    3.752697] pci 0000:00:01.0: vgaarb: setting as boot VGA device
[    3.758090] pci 0000:00:01.0: vgaarb: VGA device added: decodes=io+mem,owns=io+mem,locks=none
[    3.772100] pci 0000:00:01.0: vgaarb: bridge control possible
[    3.779092] vgaarb: loaded
[    3.782097] initcall vga_arb_device_init+0x0/0x261 returned 0 after 38085 usecs
[    3.791173] calling  cn_init+0x0/0xf0 @ 1
[    3.796473] initcall cn_init+0x0/0xf0 returned 0 after 0 usecs
[    3.802097] calling  dma_buf_init+0x0/0xad @ 1
[    3.810097] initcall dma_buf_init+0x0/0xad returned 0 after 976 usecs
[    3.818096] calling  init_scsi+0x0/0x79 @ 1
[    3.824090] SCSI subsystem initialized
[    3.828095] initcall init_scsi+0x0/0x79 returned 0 after 4882 usecs
[    3.836095] calling  ata_init+0x0/0x332 @ 1
[    3.842371] libata version 3.00 loaded.
[    3.847096] initcall ata_init+0x0/0x332 returned 0 after 5859 usecs
[    3.855096] calling  phy_init+0x0/0x250 @ 1
[    3.862107] initcall phy_init+0x0/0x250 returned 0 after 976 usecs
[    3.870096] calling  init_pcmcia_cs+0x0/0x35 @ 1
[    3.876162] initcall init_pcmcia_cs+0x0/0x35 returned 0 after 0 usecs
[    3.884096] calling  usb_common_init+0x0/0x1c @ 1
[    3.890229] initcall usb_common_init+0x0/0x1c returned 0 after 0 usecs
[    3.898096] calling  usb_init+0x0/0x12e @ 1
[    3.904437] ACPI: bus type USB registered
[    3.911700] usbcore: registered new interface driver usbfs
[    3.920328] usbcore: registered new interface driver hub
[    3.928113] usbcore: registered new device driver usb
[    3.935099] initcall usb_init+0x0/0x12e returned 0 after 30273 usecs
[    3.943097] calling  serio_init+0x0/0x29 @ 1
[    3.949224] initcall serio_init+0x0/0x29 returned 0 after 0 usecs
[    3.958098] calling  input_init+0x0/0xf6 @ 1
[    3.964311] initcall input_init+0x0/0xf6 returned 0 after 0 usecs
[    3.974097] calling  rtc_init+0x0/0x4d @ 1
[    3.980204] initcall rtc_init+0x0/0x4d returned 0 after 976 usecs
[    3.988096] calling  pps_init+0x0/0xa9 @ 1
[    3.993229] pps_core: LinuxPPS API ver. 1 registered
[    4.000092] pps_core: Software ver. 5.3.6 - Copyright 2005-2007 Rodolfo Giometti <giometti@linux.it>
[    4.012100] initcall pps_init+0x0/0xa9 returned 0 after 18554 usecs
[    4.016099] calling  ptp_init+0x0/0x98 @ 1
[    4.021106] PTP clock support registered
[    4.024096] initcall ptp_init+0x0/0x98 returned 0 after 2929 usecs
[    4.028096] calling  power_supply_class_init+0x0/0x3f @ 1
[    4.037537] initcall power_supply_class_init+0x0/0x3f returned 0 after 0 usecs
[    4.046098] calling  hwmon_init+0x0/0x104 @ 1
[    4.053203] initcall hwmon_init+0x0/0x104 returned 0 after 0 usecs
[    4.062097] calling  md_init+0x0/0x16b @ 1
[    4.071249] initcall md_init+0x0/0x16b returned 0 after 4882 usecs
[    4.077096] calling  leds_init+0x0/0x3b @ 1
[    4.081289] initcall leds_init+0x0/0x3b returned 0 after 0 usecs
[    4.091097] calling  dmi_init+0x0/0x113 @ 1
[    4.096241] initcall dmi_init+0x0/0x113 returned 0 after 0 usecs
[    4.105095] calling  efisubsys_init+0x0/0x4e7 @ 1
[    4.111145] initcall efisubsys_init+0x0/0x4e7 returned 0 after 0 usecs
[    4.119096] calling  nvmem_init+0x0/0xc @ 1
[    4.125115] initcall nvmem_init+0x0/0xc returned 0 after 0 usecs
[    4.132097] calling  init_soundcore+0x0/0x33 @ 1
[    4.138111] initcall init_soundcore+0x0/0x33 returned 0 after 0 usecs
[    4.145096] calling  alsa_sound_init+0x0/0x8f @ 1
[    4.153337] Advanced Linux Sound Architecture Driver Initialized.
[    4.160099] initcall alsa_sound_init+0x0/0x8f returned 0 after 6835 usecs
[    4.169097] calling  alsa_seq_device_init+0x0/0x71 @ 1
[    4.176172] initcall alsa_seq_device_init+0x0/0x71 returned 0 after 0 usecs
[    4.184096] calling  hda_bus_init+0x0/0xc @ 1
[    4.189265] initcall hda_bus_init+0x0/0xc returned 0 after 0 usecs
[    4.197100] calling  proto_init+0x0/0xc @ 1
[    4.201583] initcall proto_init+0x0/0xc returned 0 after 1953 usecs
[    4.212096] calling  net_dev_init+0x0/0x209 @ 1
[    4.218864] initcall net_dev_init+0x0/0x209 returned 0 after 1953 usecs
[    4.227096] calling  neigh_init+0x0/0x84 @ 1
[    4.232097] initcall neigh_init+0x0/0x84 returned 0 after 0 usecs
[    4.240095] calling  fib_notifier_init+0x0/0xc @ 1
[    4.245099] initcall fib_notifier_init+0x0/0xc returned 0 after 0 usecs
[    4.253094] calling  fib_rules_init+0x0/0xab @ 1
[    4.259161] initcall fib_rules_init+0x0/0xab returned 0 after 0 usecs
[    4.267096] calling  pktsched_init+0x0/0x10e @ 1
[    4.273157] initcall pktsched_init+0x0/0x10e returned 0 after 0 usecs
[    4.281100] calling  tc_filter_init+0x0/0xfa @ 1
[    4.288216] initcall tc_filter_init+0x0/0xfa returned 0 after 976 usecs
[    4.299099] calling  tc_action_init+0x0/0x54 @ 1
[    4.306103] initcall tc_action_init+0x0/0x54 returned 0 after 0 usecs
[    4.314097] calling  ethnl_init+0x0/0x52 @ 1
[    4.319205] initcall ethnl_init+0x0/0x52 returned 0 after 0 usecs
[    4.326115] calling  nexthop_init+0x0/0xd8 @ 1
[    4.332187] initcall nexthop_init+0x0/0xd8 returned 0 after 0 usecs
[    4.339096] calling  cipso_v4_init+0x0/0x5d @ 1
[    4.344118] initcall cipso_v4_init+0x0/0x5d returned 0 after 976 usecs
[    4.354096] calling  ieee80211_init+0x0/0x24 @ 1
[    4.359253] initcall ieee80211_init+0x0/0x24 returned 0 after 0 usecs
[    4.369100] calling  netlbl_init+0x0/0x78 @ 1
[    4.375139] NetLabel: Initializing
[    4.380093] NetLabel:  domain hash size = 128
[    4.387092] NetLabel:  protocols = UNLABELED CIPSOv4 CALIPSO
[    4.395286] NetLabel:  unlabeled traffic allowed by default
[    4.402098] initcall netlbl_init+0x0/0x78 returned 0 after 26367 usecs
[    4.409096] calling  rfkill_init+0x0/0x111 @ 1
[    4.416131] initcall rfkill_init+0x0/0x111 returned 0 after 976 usecs
[    4.425131] calling  pci_subsys_init+0x0/0x66 @ 1
[    4.432090] PCI: Using ACPI for IRQ routing
[    5.162091] PCI: pci_cache_line_size set to 64 bytes
[    5.170090] e820: reserve RAM buffer [mem 0x0009fc00-0x0009ffff]
[    5.177178] e820: reserve RAM buffer [mem 0x1ffdf000-0x1fffffff]
[    5.184607] initcall pci_subsys_init+0x0/0x66 returned 0 after 734375 usecs
[    5.196090] calling  nmi_warning_debugfs+0x0/0x26 @ 1
[    5.202243] initcall nmi_warning_debugfs+0x0/0x26 returned 0 after 0 usecs
[    5.211099] calling  save_microcode_in_initrd+0x0/0x51 @ 1
[    5.220265] initcall save_microcode_in_initrd+0x0/0x51 returned 0 after 0 usecs
[    5.231131] calling  hpet_late_init+0x0/0x20a @ 1
[    5.238142] hpet: 3 channels of 0 reserved for per-cpu timers
[    5.246091] hpet0: at MMIO 0xfed00000, IRQs 2, 8, 0
[    5.252093] hpet0: 3 comparators, 64-bit 100.000000 MHz counter
[    5.263095] initcall hpet_late_init+0x0/0x20a returned 0 after 25390 usecs
[    5.271095] calling  init_amd_nbs+0x0/0x11c @ 1
[    5.277360] initcall init_amd_nbs+0x0/0x11c returned 0 after 0 usecs
[    5.285101] calling  clocksource_done_booting+0x0/0x41 @ 1
[    5.292583] clocksource: Switched to clocksource kvm-clock
[    5.300733] initcall clocksource_done_booting+0x0/0x41 returned 0 after 8399 usecs
[    5.310865] calling  tracer_init_tracefs+0x0/0x242 @ 1
[    5.495144] initcall tracer_init_tracefs+0x0/0x242 returned 0 after 173890 usecs
[    5.503661] calling  init_trace_printk_function_export+0x0/0x2c @ 1
[    5.510833] initcall init_trace_printk_function_export+0x0/0x2c returned 0 after 7 usecs
[    5.519926] calling  init_kprobe_trace+0x0/0x1a9 @ 1
[    5.525501] initcall init_kprobe_trace+0x0/0x1a9 returned 0 after 24 usecs
[    5.533272] calling  init_dynamic_event+0x0/0x3d @ 1
[    5.539039] initcall init_dynamic_event+0x0/0x3d returned 0 after 6 usecs
[    5.546682] calling  init_uprobe_trace+0x0/0x5c @ 1
[    5.552256] initcall init_uprobe_trace+0x0/0x5c returned 0 after 47 usecs
[    5.559804] calling  init_pipe_fs+0x0/0x44 @ 1
[    5.565020] initcall init_pipe_fs+0x0/0x44 returned 0 after 172 usecs
[    5.572245] calling  inotify_user_setup+0x0/0x47 @ 1
[    5.577868] initcall inotify_user_setup+0x0/0x47 returned 0 after 28 usecs
[    5.585744] calling  eventpoll_init+0x0/0xd4 @ 1
[    5.590957] initcall eventpoll_init+0x0/0xd4 returned 0 after 38 usecs
[    5.598427] calling  anon_inode_init+0x0/0x58 @ 1
[    5.603845] initcall anon_inode_init+0x0/0x58 returned 0 after 82 usecs
[    5.611676] calling  proc_locks_init+0x0/0x27 @ 1
[    5.618637] initcall proc_locks_init+0x0/0x27 returned 0 after 77 usecs
[    5.628090] calling  iomap_init+0x0/0x1b @ 1
[    5.635006] initcall iomap_init+0x0/0x1b returned 0 after 738 usecs
[    5.642648] calling  dquot_init+0x0/0x106 @ 1
[    5.647623] VFS: Disk quotas dquot_6.6.0
[    5.652865] VFS: Dquot-cache hash table entries: 512 (order 0, 4096 bytes)
[    5.660681] initcall dquot_init+0x0/0x106 returned 0 after 12747 usecs
[    5.668237] calling  quota_init+0x0/0x23 @ 1
[    5.673408] initcall quota_init+0x0/0x23 returned 0 after 245 usecs
[    5.680643] calling  proc_cmdline_init+0x0/0x21 @ 1
[    5.686347] initcall proc_cmdline_init+0x0/0x21 returned 0 after 18 usecs
[    5.694169] calling  proc_consoles_init+0x0/0x24 @ 1
[    5.699942] initcall proc_consoles_init+0x0/0x24 returned 0 after 18 usecs
[    5.707834] calling  proc_cpuinfo_init+0x0/0x1e @ 1
[    5.713598] initcall proc_cpuinfo_init+0x0/0x1e returned 0 after 3 usecs
[    5.721389] calling  proc_devices_init+0x0/0x24 @ 1
[    5.727180] initcall proc_devices_init+0x0/0x24 returned 0 after 82 usecs
[    5.735153] calling  proc_interrupts_init+0x0/0x24 @ 1
[    5.741153] initcall proc_interrupts_init+0x0/0x24 returned 0 after 2 usecs
[    5.749174] calling  proc_loadavg_init+0x0/0x21 @ 1
[    5.754848] initcall proc_loadavg_init+0x0/0x21 returned 0 after 2 usecs
[    5.762777] calling  proc_meminfo_init+0x0/0x21 @ 1
[    5.768622] initcall proc_meminfo_init+0x0/0x21 returned 0 after 2 usecs
[    5.776504] calling  proc_stat_init+0x0/0x1e @ 1
[    5.781896] initcall proc_stat_init+0x0/0x1e returned 0 after 3 usecs
[    5.789293] calling  proc_uptime_init+0x0/0x21 @ 1
[    5.794852] initcall proc_uptime_init+0x0/0x21 returned 0 after 2 usecs
[    5.802254] calling  proc_version_init+0x0/0x21 @ 1
[    5.807846] initcall proc_version_init+0x0/0x21 returned 0 after 2 usecs
[    5.816468] calling  proc_softirqs_init+0x0/0x21 @ 1
[    5.822218] initcall proc_softirqs_init+0x0/0x21 returned 0 after 2 usecs
[    5.830014] calling  proc_kcore_init+0x0/0xea @ 1
[    5.835574] initcall proc_kcore_init+0x0/0xea returned 0 after 37 usecs
[    5.842997] calling  vmcore_init+0x0/0x578 @ 1
[    5.848176] initcall vmcore_init+0x0/0x578 returned 0 after 12 usecs
[    5.855361] calling  proc_kmsg_init+0x0/0x21 @ 1
[    5.860717] initcall proc_kmsg_init+0x0/0x21 returned 0 after 3 usecs
[    5.868250] calling  proc_page_init+0x0/0x3b @ 1
[    5.873614] initcall proc_page_init+0x0/0x3b returned 0 after 3 usecs
[    5.881068] calling  init_ramfs_fs+0x0/0xc @ 1
[    5.886202] initcall init_ramfs_fs+0x0/0xc returned 0 after 23 usecs
[    5.893563] calling  init_hugetlbfs_fs+0x0/0xf6 @ 1
[    5.901042] initcall init_hugetlbfs_fs+0x0/0xf6 returned 0 after 1494 usecs
[    5.909210] calling  blk_scsi_ioctl_init+0x0/0x2a5 @ 1
[    5.915269] initcall blk_scsi_ioctl_init+0x0/0x2a5 returned 0 after 11 usecs
[    5.923364] calling  acpi_event_init+0x0/0x2c @ 1
[    5.928759] initcall acpi_event_init+0x0/0x2c returned 0 after 50 usecs
[    5.936188] calling  pnp_system_init+0x0/0xc @ 1
[    5.941649] initcall pnp_system_init+0x0/0xc returned 0 after 296 usecs
[    5.949389] calling  pnpacpi_init+0x0/0x69 @ 1
[    5.954604] pnp: PnP ACPI init
[    5.959365] pnp 00:00: Plug and Play ACPI device, IDs PNP0303 (active)
[    5.968618] pnp 00:01: Plug and Play ACPI device, IDs PNP0f13 (active)
[    5.977696] pnp 00:02: Plug and Play ACPI device, IDs PNP0400 (active)
[    5.986973] pnp 00:03: Plug and Play ACPI device, IDs PNP0501 (active)
[    5.996284] pnp 00:04: Plug and Play ACPI device, IDs PNP0b00 (active)
[    6.005817] system 00:05: [mem 0xb0000000-0xbfffffff window] has been reserved
[    6.015104] system 00:05: Plug and Play ACPI device, IDs PNP0c01 (active)
[    6.024331] pnp: PnP ACPI: found 6 devices
[    6.029081] initcall pnpacpi_init+0x0/0x69 returned 0 after 72824 usecs
[    6.036664] calling  chr_dev_init+0x0/0x14d @ 1
[    6.131891] initcall chr_dev_init+0x0/0x14d returned 0 after 87842 usecs
[    6.139916] calling  firmware_class_init+0x0/0xe7 @ 1
[    6.146443] initcall firmware_class_init+0x0/0xe7 returned 0 after 161 usecs
[    6.154691] calling  init_pcmcia_bus+0x0/0x5b @ 1
[    6.160470] initcall init_pcmcia_bus+0x0/0x5b returned 0 after 112 usecs
[    6.168374] calling  init_acpi_pm_clocksource+0x0/0xda @ 1
[    6.180320] clocksource: acpi_pm: mask: 0xffffff max_cycles: 0xffffff, max_idle_ns: 2085701024 ns
[    6.190611] initcall init_acpi_pm_clocksource+0x0/0xda returned 0 after 15328 usecs
[    6.199494] calling  sysctl_core_init+0x0/0x26 @ 1
[    6.205309] initcall sysctl_core_init+0x0/0x26 returned 0 after 135 usecs
[    6.213169] calling  eth_offload_init+0x0/0x13 @ 1
[    6.218841] initcall eth_offload_init+0x0/0x13 returned 0 after 16 usecs
[    6.226642] calling  ipv4_offload_init+0x0/0x73 @ 1
[    6.232412] initcall ipv4_offload_init+0x0/0x73 returned 0 after 27 usecs
[    6.240303] calling  inet_init+0x0/0x276 @ 1
[    6.245578] NET: Registered protocol family 2
[    6.251563] IP idents hash table entries: 8192 (order: 4, 65536 bytes, linear)
[    6.261544] tcp_listen_portaddr_hash hash table entries: 256 (order: 0, 4096 bytes, linear)
[    6.271343] TCP established hash table entries: 4096 (order: 3, 32768 bytes, linear)
[    6.280534] TCP bind hash table entries: 4096 (order: 4, 65536 bytes, linear)
[    6.289094] TCP: Hash tables configured (established 4096 bind 4096)
[    6.296900] UDP hash table entries: 256 (order: 1, 8192 bytes, linear)
[    6.304579] UDP-Lite hash table entries: 256 (order: 1, 8192 bytes, linear)
[    6.313608] initcall inet_init+0x0/0x276 returned 0 after 66615 usecs
[    6.321224] calling  af_unix_init+0x0/0x4d @ 1
[    6.326555] NET: Registered protocol family 1
[    6.331970] initcall af_unix_init+0x0/0x4d returned 0 after 5287 usecs
[    6.339641] calling  ipv6_offload_init+0x0/0x7e @ 1
[    6.345555] initcall ipv6_offload_init+0x0/0x7e returned 0 after 60 usecs
[    6.353486] calling  init_sunrpc+0x0/0x65 @ 1
[    6.364833] RPC: Registered named UNIX socket transport module.
[    6.371740] RPC: Registered udp transport module.
[    6.377261] RPC: Registered tcp transport module.
[    6.382760] RPC: Registered tcp NFSv4.1 backchannel transport module.
[    6.390060] initcall init_sunrpc+0x0/0x65 returned 0 after 30562 usecs
[    6.397453] calling  cfg80211_init+0x0/0xc5 @ 1
[    6.405498] initcall cfg80211_init+0x0/0xc5 returned 0 after 2561 usecs
[    6.412953] calling  pcibios_assign_resources+0x0/0xbf @ 1
[    6.421355] pci_bus 0000:00: resource 4 [io  0x0000-0x0cf7 window]
[    6.430164] pci_bus 0000:00: resource 5 [io  0x0d00-0xffff window]
[    6.439082] pci_bus 0000:00: resource 6 [mem 0x000a0000-0x000bffff window]
[    6.448865] pci_bus 0000:00: resource 7 [mem 0x20000000-0xafffffff window]
[    6.457274] pci_bus 0000:00: resource 8 [mem 0xc0000000-0xfebfffff window]
[    6.465230] pci_bus 0000:00: resource 9 [mem 0x100000000-0x8ffffffff window]
[    6.473276] initcall pcibios_assign_resources+0x0/0xbf returned 0 after 51048 usecs
[    6.481926] calling  pci_apply_final_quirks+0x0/0x124 @ 1
[    6.488519] pci 0000:00:01.0: calling  pci_fixup_video+0x0/0xe0 @ 1
[    6.496078] pci 0000:00:01.0: Video device with shadowed ROM at [mem 0x000c0000-0x000dffff]
[    6.505796] pci 0000:00:01.0: pci_fixup_video+0x0/0xe0 took 9826 usecs
[    6.513584] PCI: CLS 0 bytes, default 64
[    6.520717] initcall pci_apply_final_quirks+0x0/0x124 returned 0 after 31863 usecs
[    6.529270] calling  acpi_reserve_resources+0x0/0xea @ 1
[    6.535333] initcall acpi_reserve_resources+0x0/0xea returned 0 after 14 usecs
[    6.543508] calling  populate_rootfs+0x0/0x102 @ 1
[    6.551331] initcall populate_rootfs+0x0/0x102 returned 0 after 2089 usecs
[    6.561975] calling  pci_iommu_init+0x0/0x3e @ 1
[    6.568793] initcall pci_iommu_init+0x0/0x3e returned 0 after 15 usecs
[    6.578228] calling  ia32_binfmt_init+0x0/0x13 @ 1
[    6.583889] initcall ia32_binfmt_init+0x0/0x13 returned 0 after 96 usecs
[    6.591519] calling  rapl_pmu_init+0x0/0x267 @ 1
[    6.596936] initcall rapl_pmu_init+0x0/0x267 returned -19 after 28 usecs
[    6.604719] calling  amd_uncore_init+0x0/0x310 @ 1
[    6.610337] initcall amd_uncore_init+0x0/0x310 returned -19 after 0 usecs
[    6.618150] calling  amd_ibs_init+0x0/0x243 @ 1
[    6.623490] initcall amd_ibs_init+0x0/0x243 returned -19 after 0 usecs
[    6.630952] calling  amd_iommu_pc_init+0x0/0x215 @ 1
[    6.636830] initcall amd_iommu_pc_init+0x0/0x215 returned -19 after 31 usecs
[    6.644925] calling  msr_init+0x0/0x55 @ 1
[    6.649989] initcall msr_init+0x0/0x55 returned 0 after 155 usecs
[    6.657150] calling  intel_uncore_init+0x0/0x36f @ 1
[    6.663032] initcall intel_uncore_init+0x0/0x36f returned -19 after 41 usecs
[    6.671184] calling  cstate_pmu_init+0x0/0x1a1 @ 1
[    6.676830] initcall cstate_pmu_init+0x0/0x1a1 returned -19 after 0 usecs
[    6.684620] calling  register_kernel_offset_dumper+0x0/0x1a @ 1
[    6.692956] initcall register_kernel_offset_dumper+0x0/0x1a returned 0 after 1 usecs
[    6.701956] calling  i8259A_init_ops+0x0/0x20 @ 1
[    6.707449] initcall i8259A_init_ops+0x0/0x20 returned 0 after 1 usecs
[    6.714852] calling  init_tsc_clocksource+0x0/0xa4 @ 1
[    6.720781] clocksource: tsc: mask: 0xffffffffffffffff max_cycles: 0x39a85afc727, max_idle_ns: 881590685098 ns
[    6.732060] initcall init_tsc_clocksource+0x0/0xa4 returned 0 after 11013 usecs
[    6.740229] calling  add_rtc_cmos+0x0/0xb0 @ 1
[    6.745338] initcall add_rtc_cmos+0x0/0xb0 returned 0 after 18 usecs
[    6.752532] calling  i8237A_init_ops+0x0/0x3a @ 1
[    6.758022] initcall i8237A_init_ops+0x0/0x3a returned 0 after 55 usecs
[    6.766177] calling  umwait_init+0x0/0x94 @ 1
[    6.772243] initcall umwait_init+0x0/0x94 returned -19 after 12 usecs
[    6.780230] calling  thermal_throttle_init_device+0x0/0x3d @ 1
[    6.787452] initcall thermal_throttle_init_device+0x0/0x3d returned 0 after 15 usecs
[    6.796956] calling  msr_init+0x0/0xd7 @ 1
[    6.805958] initcall msr_init+0x0/0xd7 returned 0 after 3472 usecs
[    6.813927] calling  cpuid_init+0x0/0xd7 @ 1
[    6.823792] initcall cpuid_init+0x0/0xd7 returned 0 after 4481 usecs
[    6.833326] calling  ioapic_init_ops+0x0/0x13 @ 1
[    6.841141] initcall ioapic_init_ops+0x0/0x13 returned 0 after 22 usecs
[    6.850155] calling  add_pcspkr+0x0/0x6c @ 1
[    6.855791] initcall add_pcspkr+0x0/0x6c returned 0 after 102 usecs
[    6.864021] calling  start_periodic_check_for_corruption+0x0/0x30 @ 1
[    6.872179] check: Scanning for low memory corruption every 60 seconds
[    6.880406] initcall start_periodic_check_for_corruption+0x0/0x30 returned 0 after 8028 usecs
[    6.891066] calling  sysfb_init+0x0/0x9c @ 1
[    6.896829] initcall sysfb_init+0x0/0x9c returned 0 after 152 usecs
[    6.904978] calling  audit_classes_init+0x0/0xae @ 1
[    6.911414] initcall audit_classes_init+0x0/0xae returned 0 after 3 usecs
[    6.920062] calling  iosf_mbi_init+0x0/0x24 @ 1
[    6.926606] initcall iosf_mbi_init+0x0/0x24 returned 0 after 599 usecs
[    6.934954] calling  proc_execdomains_init+0x0/0x21 @ 1
[    6.941564] initcall proc_execdomains_init+0x0/0x21 returned 0 after 5 usecs
[    6.950211] calling  register_warn_debugfs+0x0/0x23 @ 1
[    6.956517] initcall register_warn_debugfs+0x0/0x23 returned 0 after 11 usecs
[    6.964814] calling  cpuhp_sysfs_init+0x0/0x79 @ 1
[    6.976121] initcall cpuhp_sysfs_init+0x0/0x79 returned 0 after 1219 usecs
[    6.984287] calling  ioresources_init+0x0/0x49 @ 1
[    6.990207] initcall ioresources_init+0x0/0x49 returned 0 after 205 usecs
[    6.998550] calling  snapshot_device_init+0x0/0xc @ 1
[    7.008956] initcall snapshot_device_init+0x0/0xc returned 0 after 4430 usecs
[    7.017167] calling  irq_pm_init_ops+0x0/0x13 @ 1
[    7.023578] initcall irq_pm_init_ops+0x0/0x13 returned 0 after 17 usecs
[    7.032873] calling  rcu_torture_init+0x0/0x9a6 @ 1
[    7.040061] srcu-torture:--- Start of test: nreaders=3 nfakewriters=4 stat_interval=15 verbose=1 test_no_idle_hz=1 shuffle_interval=3 stutter=5 irqreader=1 fqs_duration=0 fqs_holdoff=0 fqs_stutter=3 test_boost=1/0 test_boost_interval=7 test_boost_duration=4 shutdown_secs=1800 stall_cpu=0 stall_cpu_holdoff=10 stall_cpu_irqsoff=0 stall_cpu_block=0 n_barrier_cbs=4 onoff_interval=1000 onoff_holdoff=30 read_exit_delay=13 read_exit_burst=16
[    7.084296] srcu:  Start-test grace-period state: g0 f0x0
[    7.090461] srcu-torture: Creating rcu_torture_writer task
[    7.100238] srcu-torture: Creating rcu_torture_fakewriter task
[    7.100459] srcu-torture: rcu_torture_writer task started
[    7.110337] srcu-torture: Creating rcu_torture_fakewriter task
[    7.110713] srcu-torture: rcu_torture_fakewriter task started
[    7.115537] srcu-torture: GP expediting controlled from boot/sysfs for srcu.
[    7.124568] srcu-torture: Creating rcu_torture_fakewriter task
[    7.124966] srcu-torture: rcu_torture_fakewriter task started
[    7.130401] rcu_torture_writer: Testing expedited GPs.
[    7.130403] rcu_torture_writer: Testing asynchronous GPs.
[    7.130403] rcu_torture_writer: Testing normal GPs.
[    7.174988] srcu-torture: Creating rcu_torture_fakewriter task
[    7.175022] srcu-torture: rcu_torture_fakewriter task started
[    7.183075] srcu-torture: Creating rcu_torture_reader task
[    7.183664] srcu-torture: rcu_torture_fakewriter task started
[    7.205311] srcu-torture: rcu_torture_reader task started
[    7.205407] srcu-torture: Creating rcu_torture_reader task
[    7.221443] srcu-torture: Creating rcu_torture_reader task
[    7.221852] srcu-torture: rcu_torture_reader task started
[    7.229746] srcu-torture: Creating rcu_torture_stats task
[    7.230062] srcu-torture: rcu_torture_reader task started
[    7.251009] srcu-torture: Creating torture_shuffle task
[    7.251027] srcu-torture: rcu_torture_stats task started
[    7.259599] srcu-torture: Creating torture_stutter task
[    7.259613] srcu-torture: torture_shuffle task started
[    7.286862] srcu-torture: Creating torture_shutdown task
[    7.292076] srcu-torture: torture_stutter task started
[    7.299149] srcu-torture: Creating torture_onoff task
[    7.299429] srcu-torture: torture_shutdown task started
[    7.299431] srcu-torture:torture_shutdown task: 1799987 ms remaining
[    7.324321] srcu-torture: torture_onoff task started
[    7.324376] srcu-torture: rcu_torture_fwd_prog_init: Disabled, unsupported by RCU flavor under test
[    7.332064] srcu-torture: torture_onoff begin holdoff
[    7.344179] srcu-torture: Creating rcu_torture_barrier_cbs task
[    7.360798] srcu-torture: Creating rcu_torture_barrier_cbs task
[    7.360812] srcu-torture: rcu_torture_barrier_cbs task started
[    7.369323] srcu-torture: Creating rcu_torture_barrier_cbs task
[    7.369334] srcu-torture: rcu_torture_barrier_cbs task started
[    7.390452] srcu-torture: Creating rcu_torture_barrier_cbs task
[    7.390490] srcu-torture: rcu_torture_barrier_cbs task started
[    7.398300] srcu-torture: Creating rcu_torture_barrier task
[    7.398465] srcu-torture: rcu_torture_barrier_cbs task started
[    7.420045] srcu-torture: Creating rcu_torture_read_exit task
[    7.420463] srcu-torture: rcu_torture_barrier task starting
[    7.428427] initcall rcu_torture_init+0x0/0x9a6 returned 0 after 379380 usecs
[    7.428503] srcu-torture: rcu_torture_read_exit: Start of test
[    7.450803] calling  timekeeping_init_ops+0x0/0x13 @ 1
[    7.457005] initcall timekeeping_init_ops+0x0/0x13 returned 0 after 18 usecs
[    7.465260] calling  init_clocksource_sysfs+0x0/0x23 @ 1
[    7.473471] initcall init_clocksource_sysfs+0x0/0x23 returned 0 after 550 usecs
[    7.482319] calling  init_timer_list_procfs+0x0/0x31 @ 1
[    7.488706] initcall init_timer_list_procfs+0x0/0x31 returned 0 after 4 usecs
[    7.497178] calling  alarmtimer_init+0x0/0xc7 @ 1
[    7.503204] initcall alarmtimer_init+0x0/0xc7 returned 0 after 459 usecs
[    7.511596] calling  init_posix_timers+0x0/0x29 @ 1
[    7.517906] initcall init_posix_timers+0x0/0x29 returned 0 after 92 usecs
[    7.526039] calling  clockevents_init_sysfs+0x0/0xbf @ 1
[    7.532771] initcall clockevents_init_sysfs+0x0/0xbf returned 0 after 262 usecs
[    7.541309] calling  proc_dma_init+0x0/0x21 @ 1
[    7.546836] initcall proc_dma_init+0x0/0x21 returned 0 after 55 usecs
[    7.554552] calling  proc_modules_init+0x0/0x1e @ 1
[    7.560372] initcall proc_modules_init+0x0/0x1e returned 0 after 20 usecs
[    7.568649] calling  kallsyms_init+0x0/0x21 @ 1
[    7.574160] initcall kallsyms_init+0x0/0x21 returned 0 after 3 usecs
[    7.581814] calling  pid_namespaces_init+0x0/0x2c @ 1
[    7.588557] initcall pid_namespaces_init+0x0/0x2c returned 0 after 314 usecs
[    7.596998] calling  audit_watch_init+0x0/0x37 @ 1
[    7.602744] initcall audit_watch_init+0x0/0x37 returned 0 after 15 usecs
[    7.610833] calling  audit_fsnotify_init+0x0/0x37 @ 1
[    7.617137] initcall audit_fsnotify_init+0x0/0x37 returned 0 after 1 usecs
[    7.625079] calling  audit_tree_init+0x0/0x6d @ 1
[    7.630839] initcall audit_tree_init+0x0/0x6d returned 0 after 24 usecs
[    7.638695] calling  seccomp_sysctl_init+0x0/0x2b @ 1
[    7.644848] initcall seccomp_sysctl_init+0x0/0x2b returned 0 after 73 usecs
[    7.653361] calling  utsname_sysctl_init+0x0/0x13 @ 1
[    7.659508] initcall utsname_sysctl_init+0x0/0x13 returned 0 after 76 usecs
[    7.667887] calling  init_tracepoints+0x0/0x27 @ 1
[    7.673674] initcall init_tracepoints+0x0/0x27 returned 0 after 16 usecs
[    7.681926] calling  init_blk_tracer+0x0/0x50 @ 1
[    7.688478] initcall init_blk_tracer+0x0/0x50 returned 0 after 761 usecs
[    7.696561] calling  perf_event_sysfs_init+0x0/0x81 @ 1
[    7.704287] initcall perf_event_sysfs_init+0x0/0x81 returned 0 after 704 usecs
[    7.713471] calling  system_trusted_keyring_init+0x0/0x60 @ 1
[    7.721078] Initialise system trusted keyrings
[    7.726998] initcall system_trusted_keyring_init+0x0/0x60 returned 0 after 5777 usecs
[    7.737067] calling  kswapd_init+0x0/0x5c @ 1
[    7.743751] initcall kswapd_init+0x0/0x5c returned 0 after 1182 usecs
[    7.752170] calling  extfrag_debug_init+0x0/0x54 @ 1
[    7.758916] initcall extfrag_debug_init+0x0/0x54 returned 0 after 206 usecs
[    7.768051] calling  mm_compute_batch_init+0x0/0x12 @ 1
[    7.776053] initcall mm_compute_batch_init+0x0/0x12 returned 0 after 1 usecs
[    7.786943] calling  slab_proc_init+0x0/0x21 @ 1
[    7.794328] initcall slab_proc_init+0x0/0x21 returned 0 after 54 usecs
[    7.803571] calling  workingset_init+0x0/0x8c @ 1
[    7.809252] workingset: timestamp_bits=56 max_order=17 bucket_order=0
[    7.817232] initcall workingset_init+0x0/0x8c returned 0 after 7810 usecs
[    7.825747] calling  proc_vmalloc_init+0x0/0x32 @ 1
[    7.832597] initcall proc_vmalloc_init+0x0/0x32 returned 0 after 262 usecs
[    7.841529] calling  procswaps_init+0x0/0x1e @ 1
[    7.848292] initcall procswaps_init+0x0/0x1e returned 0 after 83 usecs
[    7.857356] calling  slab_sysfs_init+0x0/0xea @ 1
[    7.898404] initcall slab_sysfs_init+0x0/0xea returned 0 after 34144 usecs
[    7.907578] calling  fcntl_init+0x0/0x29 @ 1
[    7.913222] initcall fcntl_init+0x0/0x29 returned 0 after 32 usecs
[    7.921422] calling  proc_filesystems_init+0x0/0x21 @ 1
[    7.929595] initcall proc_filesystems_init+0x0/0x21 returned 0 after 7 usecs
[    7.941402] calling  start_dirtytime_writeback+0x0/0x29 @ 1
[    7.950494] initcall start_dirtytime_writeback+0x0/0x29 returned 0 after 2 usecs
[    7.962153] calling  blkdev_init+0x0/0x1b @ 1
[    7.968632] initcall blkdev_init+0x0/0x1b returned 0 after 399 usecs
[    7.977095] calling  dio_init+0x0/0x2c @ 1
[    7.982555] initcall dio_init+0x0/0x2c returned 0 after 89 usecs
[    7.990446] calling  dnotify_init+0x0/0x78 @ 1
[    7.996442] initcall dnotify_init+0x0/0x78 returned 0 after 16 usecs
[    8.004210] calling  aio_setup+0x0/0x78 @ 1
[    8.010343] initcall aio_setup+0x0/0x78 returned 0 after 827 usecs
[    8.018334] calling  io_uring_init+0x0/0x2c @ 1
[    8.024156] initcall io_uring_init+0x0/0x2c returned 0 after 8 usecs
[    8.032519] calling  mbcache_init+0x0/0x30 @ 1
[    8.038248] initcall mbcache_init+0x0/0x30 returned 0 after 138 usecs
[    8.046394] calling  init_grace+0x0/0xc @ 1
[    8.051769] initcall init_grace+0x0/0xc returned 0 after 64 usecs
[    8.059347] calling  init_v2_quota_format+0x0/0x21 @ 1
[    8.065535] initcall init_v2_quota_format+0x0/0x21 returned 0 after 53 usecs
[    8.074145] calling  init_devpts_fs+0x0/0x27 @ 1
[    8.080111] initcall init_devpts_fs+0x0/0x27 returned 0 after 179 usecs
[    8.088372] calling  ext4_init_fs+0x0/0x1d0 @ 1
[    8.094891] initcall ext4_init_fs+0x0/0x1d0 returned 0 after 364 usecs
[    8.103549] calling  journal_init+0x0/0x11c @ 1
[    8.110319] initcall journal_init+0x0/0x11c returned 0 after 126 usecs
[    8.120054] calling  init_fat_fs+0x0/0x49 @ 1
[    8.126352] initcall init_fat_fs+0x0/0x49 returned 0 after 94 usecs
[    8.134754] calling  init_vfat_fs+0x0/0xc @ 1
[    8.140861] initcall init_vfat_fs+0x0/0xc returned 0 after 4 usecs
[    8.148945] calling  init_msdos_fs+0x0/0xc @ 1
[    8.154920] initcall init_msdos_fs+0x0/0xc returned 0 after 3 usecs
[    8.163569] calling  init_iso9660_fs+0x0/0x6c @ 1
[    8.170461] initcall init_iso9660_fs+0x0/0x6c returned 0 after 254 usecs
[    8.179726] calling  init_nfs_fs+0x0/0x13a @ 1
[    8.191523] initcall init_nfs_fs+0x0/0x13a returned 0 after 5362 usecs
[    8.201260] calling  init_nfs_v2+0x0/0x13 @ 1
[    8.208748] initcall init_nfs_v2+0x0/0x13 returned 0 after 97 usecs
[    8.219461] calling  init_nfs_v3+0x0/0x13 @ 1
[    8.229108] initcall init_nfs_v3+0x0/0x13 returned 0 after 19 usecs
[    8.238827] calling  init_nfs_v4+0x0/0x32 @ 1
[    8.244889] NFS: Registering the id_resolver key type
[    8.252289] Key type id_resolver registered
[    8.258197] Key type id_legacy registered
[    8.263695] initcall init_nfs_v4+0x0/0x32 returned 0 after 18376 usecs
[    8.271686] calling  init_nlm+0x0/0x5b @ 1
[    8.277336] initcall init_nlm+0x0/0x5b returned 0 after 109 usecs
[    8.286352] calling  init_nls_cp437+0x0/0xe @ 1
[    8.293601] initcall init_nls_cp437+0x0/0xe returned 0 after 88 usecs
[    8.302770] calling  init_nls_ascii+0x0/0xe @ 1
[    8.309883] initcall init_nls_ascii+0x0/0xe returned 0 after 1 usecs
[    8.319845] calling  init_nls_iso8859_1+0x0/0xe @ 1
[    8.327420] initcall init_nls_iso8859_1+0x0/0xe returned 0 after 1 usecs
[    8.337128] calling  init_nls_utf8+0x0/0x21 @ 1
[    8.343696] initcall init_nls_utf8+0x0/0x21 returned 0 after 1 usecs
[    8.352053] calling  init_autofs_fs+0x0/0x25 @ 1
[    8.361594] initcall init_autofs_fs+0x0/0x25 returned 0 after 2603 usecs
[    8.370503] calling  ipc_init+0x0/0x24 @ 1
[    8.377240] initcall ipc_init+0x0/0x24 returned 0 after 364 usecs
[    8.385536] calling  ipc_sysctl_init+0x0/0x13 @ 1
[    8.392009] initcall ipc_sysctl_init+0x0/0x13 returned 0 after 40 usecs
[    8.401010] calling  init_mqueue_fs+0x0/0x9a @ 1
[    8.407661] initcall init_mqueue_fs+0x0/0x9a returned 0 after 255 usecs
[    8.417118] calling  key_proc_init+0x0/0x63 @ 1
[    8.424850] initcall key_proc_init+0x0/0x63 returned 0 after 28 usecs
[    8.433612] calling  selinux_nf_ip_init+0x0/0x2e @ 1
[    8.440602] initcall selinux_nf_ip_init+0x0/0x2e returned 0 after 69 usecs
[    8.450957] calling  init_sel_fs+0x0/0x116 @ 1
[    8.457681] initcall init_sel_fs+0x0/0x116 returned 0 after 0 usecs
[    8.467277] calling  selnl_init+0x0/0x7c @ 1
[    8.473531] initcall selnl_init+0x0/0x7c returned 0 after 298 usecs
[    8.482554] calling  sel_netif_init+0x0/0x36 @ 1
[    8.489044] initcall sel_netif_init+0x0/0x36 returned 0 after 0 usecs
[    8.498414] calling  sel_netnode_init+0x0/0x33 @ 1
[    8.505251] initcall sel_netnode_init+0x0/0x33 returned 0 after 0 usecs
[    8.514282] calling  sel_netport_init+0x0/0x33 @ 1
[    8.521045] initcall sel_netport_init+0x0/0x33 returned 0 after 0 usecs
[    8.531585] calling  aurule_init+0x0/0x2a @ 1
[    8.537988] initcall aurule_init+0x0/0x2a returned 0 after 2 usecs
[    8.547501] calling  crypto_algapi_init+0x0/0xc @ 1
[    8.555056] initcall crypto_algapi_init+0x0/0xc returned 0 after 31 usecs
[    8.564672] calling  jent_mod_init+0x0/0x2d @ 1
[    8.587385] initcall jent_mod_init+0x0/0x2d returned 0 after 15616 usecs
[    8.597273] calling  asymmetric_key_init+0x0/0xc @ 1
[    8.604120] Key type asymmetric registered
[    8.610016] initcall asymmetric_key_init+0x0/0xc returned 0 after 5754 usecs
[    8.620565] calling  x509_key_init+0x0/0xc @ 1
[    8.627301] Asymmetric key parser 'x509' registered
[    8.634734] initcall x509_key_init+0x0/0xc returned 0 after 7356 usecs
[    8.644114] calling  proc_genhd_init+0x0/0x41 @ 1
[    8.651078] initcall proc_genhd_init+0x0/0x41 returned 0 after 7 usecs
[    8.661648] calling  bsg_init+0x0/0x113 @ 1
[    8.669551] Block layer SCSI generic (bsg) driver version 0.4 loaded (major 251)
[    8.680436] initcall bsg_init+0x0/0x113 returned 0 after 11264 usecs
[    8.689762] calling  deadline_init+0x0/0xc @ 1
[    8.696799] io scheduler mq-deadline registered
[    8.703860] initcall deadline_init+0x0/0xc returned 0 after 6966 usecs
[    8.714794] calling  kyber_init+0x0/0xc @ 1
[    8.721371] io scheduler kyber registered
[    8.727509] initcall kyber_init+0x0/0xc returned 0 after 6236 usecs
[    8.737482] calling  mod_init+0x0/0x7 @ 1
[    8.744339] initcall mod_init+0x0/0x7 returned 0 after 0 usecs
[    8.755365] calling  percpu_counter_startup+0x0/0x55 @ 1
[    8.770865] initcall percpu_counter_startup+0x0/0x55 returned 0 after 5595 usecs
[    8.782199] calling  sg_pool_init+0x0/0xb4 @ 1
[    8.789667] initcall sg_pool_init+0x0/0xb4 returned 0 after 1073 usecs
[    8.799384] calling  pcie_portdrv_init+0x0/0x39 @ 1
[    8.809580] initcall pcie_portdrv_init+0x0/0x39 returned 0 after 3068 usecs
[    8.819696] calling  pci_proc_init+0x0/0x68 @ 1
[    8.825728] initcall pci_proc_init+0x0/0x68 returned 0 after 78 usecs
[    8.834378] calling  pci_hotplug_init+0x0/0x7 @ 1
[    8.840849] initcall pci_hotplug_init+0x0/0x7 returned 0 after 0 usecs
[    8.849805] calling  efifb_driver_init+0x0/0xe @ 1
[    8.857389] initcall efifb_driver_init+0x0/0xe returned 0 after 87 usecs
[    8.866746] calling  ged_driver_init+0x0/0xe @ 1
[    8.874022] initcall ged_driver_init+0x0/0xe returned 0 after 451 usecs
[    8.883519] calling  acpi_ac_init+0x0/0x92 @ 1
[    8.892816] initcall acpi_ac_init+0x0/0x92 returned 0 after 2794 usecs
[    8.903925] calling  acpi_button_driver_init+0x0/0x52 @ 1
[    8.913111] input: Power Button as /devices/LNXSYSTM:00/LNXPWRBN:00/input/input0
[    8.927097] ACPI: Power Button [PWRF]
[    8.934828] initcall acpi_button_driver_init+0x0/0x52 returned 0 after 22059 usecs
[    8.946054] calling  acpi_fan_driver_init+0x0/0xe @ 1
[    8.953457] initcall acpi_fan_driver_init+0x0/0xe returned 0 after 28 usecs
[    8.964394] calling  acpi_video_init+0x0/0xcb @ 1
[    8.971811] initcall acpi_video_init+0x0/0xcb returned 0 after 93 usecs
[    8.981033] calling  acpi_processor_driver_init+0x0/0xad @ 1
[    8.992751] initcall acpi_processor_driver_init+0x0/0xad returned 0 after 3498 usecs
[    9.003772] calling  acpi_thermal_init+0x0/0x71 @ 1
[    9.012057] initcall acpi_thermal_init+0x0/0x71 returned 0 after 1214 usecs
[    9.022485] calling  acpi_battery_init+0x0/0x32 @ 1
[    9.030814] initcall acpi_battery_init+0x0/0x32 returned 0 after 296 usecs
[    9.040665] calling  bgrt_init+0x0/0xb6 @ 1
[    9.047366] initcall bgrt_init+0x0/0xb6 returned -19 after 1 usecs
[    9.056648] calling  gpio_clk_driver_init+0x0/0xe @ 1
[    9.064317] initcall gpio_clk_driver_init+0x0/0xe returned 0 after 107 usecs
[    9.074969] calling  plt_clk_driver_init+0x0/0xe @ 1
[    9.082441] initcall plt_clk_driver_init+0x0/0xe returned 0 after 109 usecs
[    9.092724] calling  virtio_pci_driver_init+0x0/0x15 @ 1
[    9.101115] initcall virtio_pci_driver_init+0x0/0x15 returned 0 after 107 usecs
[    9.112459] calling  n_null_init+0x0/0x1e @ 1
[    9.119197] initcall n_null_init+0x0/0x1e returned 0 after 29 usecs
[    9.128518] calling  pty_init+0x0/0x1e8 @ 1
[    9.135954] initcall pty_init+0x0/0x1e8 returned 0 after 1119 usecs
[    9.145051] calling  sysrq_init+0x0/0x62 @ 1
[    9.151724] initcall sysrq_init+0x0/0x62 returned 0 after 7 usecs
[    9.161002] calling  serial8250_init+0x0/0x17e @ 1
[    9.167879] Serial: 8250/16550 driver, 4 ports, IRQ sharing enabled
[    9.179277] 00:03: ttyS0 at I/O 0x3f8 (irq = 4, base_baud = 115200) is a 16550A
[    9.198646] initcall serial8250_init+0x0/0x17e returned 0 after 30102 usecs
[    9.208553] calling  serial_pci_driver_init+0x0/0x15 @ 1
[    9.217921] initcall serial_pci_driver_init+0x0/0x15 returned 0 after 155 usecs
[    9.230640] calling  exar_pci_driver_init+0x0/0x15 @ 1
[    9.239852] initcall exar_pci_driver_init+0x0/0x15 returned 0 after 259 usecs
[    9.250433] calling  lpss8250_pci_driver_init+0x0/0x15 @ 1
[    9.258352] initcall lpss8250_pci_driver_init+0x0/0x15 returned 0 after 49 usecs
[    9.269177] calling  mid8250_pci_driver_init+0x0/0x15 @ 1
[    9.281700] initcall mid8250_pci_driver_init+0x0/0x15 returned 0 after 23 usecs
[    9.293736] calling  virtio_console_init+0x0/0xff @ 1
[    9.302737] initcall virtio_console_init+0x0/0xff returned 0 after 139 usecs
[    9.314598] calling  hpet_init+0x0/0x64 @ 1
[    9.326865] initcall hpet_init+0x0/0x64 returned 0 after 5728 usecs
[    9.337335] calling  nvram_module_init+0x0/0x83 @ 1
[    9.346956] Non-volatile memory driver v1.3
[    9.355048] initcall nvram_module_init+0x0/0x83 returned 0 after 9884 usecs
[    9.366911] calling  hwrng_modinit+0x0/0x8a @ 1
[    9.375639] initcall hwrng_modinit+0x0/0x8a returned 0 after 1602 usecs
[    9.385922] calling  mod_init+0x0/0x48 @ 1
[    9.392596] initcall mod_init+0x0/0x48 returned -19 after 15 usecs
[    9.402063] calling  agp_init+0x0/0x23 @ 1
[    9.409047] Linux agpgart interface v0.103
[    9.415949] initcall agp_init+0x0/0x23 returned 0 after 6738 usecs
[    9.425667] calling  agp_amd64_mod_init+0x0/0x5 @ 1
[    9.433487] initcall agp_amd64_mod_init+0x0/0x5 returned -19 after 82 usecs
[    9.444314] calling  agp_intel_init+0x0/0x28 @ 1
[    9.452453] initcall agp_intel_init+0x0/0x28 returned 0 after 783 usecs
[    9.463238] calling  drm_kms_helper_init+0x0/0x7 @ 1
[    9.470631] initcall drm_kms_helper_init+0x0/0x7 returned 0 after 32 usecs
[    9.481081] calling  drm_core_init+0x0/0xa4 @ 1
[    9.488575] initcall drm_core_init+0x0/0xa4 returned 0 after 483 usecs
[    9.498771] calling  i915_init+0x0/0x6b @ 1
[    9.507642] initcall i915_init+0x0/0x6b returned 0 after 1135 usecs
[    9.516933] calling  cn_proc_init+0x0/0x35 @ 1
[    9.523579] initcall cn_proc_init+0x0/0x35 returned 0 after 2 usecs
[    9.533538] calling  topology_sysfs_init+0x0/0x27 @ 1
[    9.541645] initcall topology_sysfs_init+0x0/0x27 returned 0 after 112 usecs
[    9.552702] calling  cacheinfo_sysfs_init+0x0/0x27 @ 1
[    9.565413] initcall cacheinfo_sysfs_init+0x0/0x27 returned 0 after 4373 usecs
[    9.577057] calling  loop_init+0x0/0x168 @ 1
[    9.656960] loop: module loaded
[    9.662657] initcall loop_init+0x0/0x168 returned 0 after 76778 usecs
[    9.673502] calling  mac_hid_init+0x0/0x21 @ 1
[    9.680652] initcall mac_hid_init+0x0/0x21 returned 0 after 7 usecs
[    9.689981] calling  spi_transport_init+0x0/0x74 @ 1
[    9.697636] initcall spi_transport_init+0x0/0x74 returned 0 after 200 usecs
[    9.714254] calling  init_sd+0x0/0x18c @ 1
[    9.730628] initcall init_sd+0x0/0x18c returned 0 after 8634 usecs
[    9.740010] calling  init_sr+0x0/0x43 @ 1
[    9.747429] initcall init_sr+0x0/0x43 returned 0 after 319 usecs
[    9.758409] calling  init_sg+0x0/0x1c0 @ 1
[    9.766636] initcall init_sg+0x0/0x1c0 returned 0 after 1488 usecs
[    9.776023] calling  ahci_pci_driver_init+0x0/0x15 @ 1
[    9.787687] ahci 0000:00:1f.2: version 3.0
[    9.803760] PCI Interrupt Link [GSIA] enabled at IRQ 16
[    9.830616] ahci 0000:00:1f.2: AHCI 0001.0000 32 slots 6 ports 1.5 Gbps 0x3f impl SATA mode
[    9.844007] ahci 0000:00:1f.2: flags: 64bit ncq only 
[    9.895865] scsi host0: ahci
[    9.915719] scsi host1: ahci
[    9.932071] scsi host2: ahci
[    9.942683] scsi host3: ahci
[    9.955418] scsi host4: ahci
[    9.968923] scsi host5: ahci
[    9.974606] ata1: SATA max UDMA/133 abar m4096@0xfebf1000 port 0xfebf1100 irq 24
[    9.986309] ata2: SATA max UDMA/133 abar m4096@0xfebf1000 port 0xfebf1180 irq 24
[    9.998122] ata3: SATA max UDMA/133 abar m4096@0xfebf1000 port 0xfebf1200 irq 24
[   10.010514] ata4: SATA max UDMA/133 abar m4096@0xfebf1000 port 0xfebf1280 irq 24
[   10.022748] ata5: SATA max UDMA/133 abar m4096@0xfebf1000 port 0xfebf1300 irq 24
[   10.036538] ata6: SATA max UDMA/133 abar m4096@0xfebf1000 port 0xfebf1380 irq 24
[   10.052809] initcall ahci_pci_driver_init+0x0/0x15 returned 0 after 262570 usecs
[   10.065147] calling  piix_init+0x0/0x26 @ 1
[   10.073062] initcall piix_init+0x0/0x26 returned 0 after 400 usecs
[   10.084099] calling  amd_pci_driver_init+0x0/0x15 @ 1
[   10.093129] initcall amd_pci_driver_init+0x0/0x15 returned 0 after 32 usecs
[   10.104419] calling  oldpiix_pci_driver_init+0x0/0x15 @ 1
[   10.112870] initcall oldpiix_pci_driver_init+0x0/0x15 returned 0 after 30 usecs
[   10.124247] calling  sch_pci_driver_init+0x0/0x15 @ 1
[   10.132341] initcall sch_pci_driver_init+0x0/0x15 returned 0 after 214 usecs
[   10.143825] calling  net_olddevs_init+0x0/0x55 @ 1
[   10.152179] initcall net_olddevs_init+0x0/0x55 returned 0 after 375 usecs
[   10.163533] calling  blackhole_netdev_init+0x0/0x78 @ 1
[   10.174721] initcall blackhole_netdev_init+0x0/0x78 returned 0 after 2074 usecs
[   10.187288] calling  phy_module_init+0x0/0x13 @ 1
[   10.194716] initcall phy_module_init+0x0/0x13 returned 0 after 161 usecs
[   10.205546] calling  tg3_driver_init+0x0/0x15 @ 1
[   10.214012] initcall tg3_driver_init+0x0/0x15 returned 0 after 115 usecs
[   10.224734] calling  e100_init_module+0x0/0x4c @ 1
[   10.232649] e100: Intel(R) PRO/100 Network Driver
[   10.239520] e100: Copyright(c) 1999-2006 Intel Corporation
[   10.247895] initcall e100_init_module+0x0/0x4c returned 0 after 14899 usecs
[   10.258666] calling  e1000_init_module+0x0/0x72 @ 1
[   10.266858] e1000: Intel(R) PRO/1000 Network Driver
[   10.275349] e1000: Copyright (c) 1999-2006 Intel Corporation.
[   10.284584] initcall e1000_init_module+0x0/0x72 returned 0 after 17304 usecs
[   10.295731] calling  e1000_init_module+0x0/0x2d @ 1
[   10.302851] e1000e: Intel(R) PRO/1000 Network Driver
[   10.310927] e1000e: Copyright(c) 1999 - 2015 Intel Corporation.
[   10.320651] initcall e1000_init_module+0x0/0x2d returned 0 after 17419 usecs
[   10.331588] calling  sky2_init_module+0x0/0x21 @ 1
[   10.339358] sky2: driver version 1.30
[   10.345690] initcall sky2_init_module+0x0/0x21 returned 0 after 6179 usecs
[   10.357674] calling  forcedeth_pci_driver_init+0x0/0x15 @ 1
[   10.366820] ata1: SATA link down (SStatus 0 SControl 300)
[   10.367216] initcall forcedeth_pci_driver_init+0x0/0x15 returned 0 after 31 usecs
[   10.377841] ata2: SATA link down (SStatus 0 SControl 300)
[   10.386049] calling  rtl8139_init_module+0x0/0x15 @ 1
[   10.386145] initcall rtl8139_init_module+0x0/0x15 returned 0 after 90 usecs
[   10.399373] ata3: SATA link up 1.5 Gbps (SStatus 113 SControl 300)
[   10.402557] calling  rtl8169_pci_driver_init+0x0/0x15 @ 1
[   10.414009] ata3.00: ATAPI: QEMU DVD-ROM, 2.5+, max UDMA/100
[   10.423141] initcall rtl8169_pci_driver_init+0x0/0x15 returned 0 after 140 usecs
[   10.431339] ata3.00: applying bridge limits
[   10.440375] calling  cdrom_init+0x0/0xc @ 1
[   10.454939] ata6: SATA link down (SStatus 0 SControl 300)
[   10.460448] initcall cdrom_init+0x0/0xc returned 0 after 246 usecs
[   10.470507] ata5: SATA link down (SStatus 0 SControl 300)
[   10.476803] calling  nonstatic_sysfs_init+0x0/0xc @ 1
[   10.476808] initcall nonstatic_sysfs_init+0x0/0xc returned 0 after 1 usecs
[   10.491553] ata4: SATA link down (SStatus 0 SControl 300)
[   10.496849] calling  yenta_cardbus_driver_init+0x0/0x15 @ 1
[   10.497095] initcall yenta_cardbus_driver_init+0x0/0x15 returned 0 after 236 usecs
[   10.497096] calling  mon_init+0x0/0x12d @ 1
[   10.507953] initcall mon_init+0x0/0x12d returned 0 after 10593 usecs
[   10.520071] ata3.00: configured for UDMA/100
[   10.526880] calling  ehci_hcd_init+0x0/0x56 @ 1
[   10.544613] scsi 2:0:0:0: CD-ROM            QEMU     QEMU DVD-ROM     2.5+ PQ: 0 ANSI: 5
[   10.550878] ehci_hcd: USB 2.0 'Enhanced' Host Controller (EHCI) Driver
[   10.602425] initcall ehci_hcd_init+0x0/0x56 returned 0 after 50540 usecs
[   10.613016] calling  ehci_pci_init+0x0/0x64 @ 1
[   10.621871] ehci-pci: EHCI PCI platform driver
[   10.628853] initcall ehci_pci_init+0x0/0x64 returned 0 after 6814 usecs
[   10.639210] calling  ohci_hcd_mod_init+0x0/0x4e @ 1
[   10.647510] ohci_hcd: USB 1.1 'Open' Host Controller (OHCI) Driver
[   10.657466] initcall ohci_hcd_mod_init+0x0/0x4e returned 0 after 9718 usecs
[   10.668710] calling  ohci_pci_init+0x0/0x64 @ 1
[   10.676435] ohci-pci: OHCI PCI platform driver
[   10.684006] initcall ohci_pci_init+0x0/0x64 returned 0 after 7390 usecs
[   10.696147] calling  uhci_hcd_init+0x0/0xa8 @ 1
[   10.703591] uhci_hcd: USB Universal Host Controller Interface driver
[   10.714278] initcall uhci_hcd_init+0x0/0xa8 returned 0 after 10530 usecs
[   10.724807] calling  xhci_hcd_init+0x0/0x1e @ 1
[   10.732137] initcall xhci_hcd_init+0x0/0x1e returned 0 after 1447 usecs
[   10.740812] calling  xhci_pci_init+0x0/0x49 @ 1
[   10.748460] initcall xhci_pci_init+0x0/0x49 returned 0 after 455 usecs
[   10.758594] calling  usblp_driver_init+0x0/0x15 @ 1
[   10.766892] usbcore: registered new interface driver usblp
[   10.775563] initcall usblp_driver_init+0x0/0x15 returned 0 after 8899 usecs
[   10.786542] calling  usb_storage_driver_init+0x0/0x2a @ 1
[   10.795600] usbcore: registered new interface driver usb-storage
[   10.804438] initcall usb_storage_driver_init+0x0/0x2a returned 0 after 9010 usecs
[   10.815519] calling  i8042_init+0x0/0x4c2 @ 1
[   10.824561] i8042: PNP: PS/2 Controller [PNP0303:KBD,PNP0f13:MOU] at 0x60,0x64 irq 1,12
[   10.854060] serio: i8042 KBD port at 0x60,0x64 irq 1
[   10.856354] sr 2:0:0:0: [sr0] scsi3-mmc drive: 4x/4x cd/rw xa/form2 tray
[   10.861781] serio: i8042 AUX port at 0x60,0x64 irq 12
[   10.874449] cdrom: Uniform CD-ROM driver Revision: 3.20
[   10.882314] initcall i8042_init+0x0/0x4c2 returned 0 after 58805 usecs
[   10.882317] calling  serport_init+0x0/0x2c @ 1
[   10.882382] initcall serport_init+0x0/0x2c returned 0 after 60 usecs
[   10.882384] calling  input_leds_init+0x0/0xc @ 1
[   10.882645] initcall input_leds_init+0x0/0xc returned 0 after 253 usecs
[   10.935574] calling  evdev_init+0x0/0xc @ 1
[   10.945697] initcall evdev_init+0x0/0xc returned 0 after 2689 usecs
[   10.956996] calling  atkbd_init+0x0/0x21 @ 1
[   10.965432] initcall atkbd_init+0x0/0x21 returned 0 after 31 usecs
[   10.974809] calling  psmouse_init+0x0/0x7f @ 1
[   10.982571] initcall psmouse_init+0x0/0x7f returned 0 after 37 usecs
[   10.992914] calling  cmos_init+0x0/0x73 @ 1
[   11.000864] rtc_cmos 00:04: RTC can wake from S4
[   11.020343] rtc_cmos 00:04: registered as rtc0
[   11.029955] rtc_cmos 00:04: alarms up to one day, y3k, 242 bytes nvram, hpet irqs
[   11.043148] initcall cmos_init+0x0/0x73 returned 0 after 42644 usecs
[   11.054297] calling  smbalert_driver_init+0x0/0xe @ 1
[   11.066555] initcall smbalert_driver_init+0x0/0xe returned 0 after 96 usecs
[   11.089595] calling  i2c_i801_init+0x0/0xc5 @ 1
[   11.102708] i801_smbus 0000:00:1f.3: SMBus using PCI interrupt
[   11.113533] i2c i2c-0: 1/1 memory slots populated (from DMI)
[   11.123859] i2c i2c-0: Memory type 0x07 not supported yet, not instantiating SPD
[   11.136096] initcall i2c_i801_init+0x0/0xc5 returned 0 after 36629 usecs
[   11.146704] calling  ptp_kvm_init+0x0/0xf0 @ 1
[   11.157736] initcall ptp_kvm_init+0x0/0xf0 returned 0 after 3385 usecs
[   11.168988] calling  dm_init+0x0/0x3c @ 1
[   11.177032] sr 2:0:0:0: Attached scsi CD-ROM sr0
[   11.180907] device-mapper: ioctl: 4.43.0-ioctl (2020-10-01) initialised: dm-devel@redhat.com
[   11.186974] sr 2:0:0:0: Attached scsi generic sg0 type 5
[   11.200535] initcall dm_init+0x0/0x3c returned 0 after 24019 usecs
[   11.220060] calling  dm_mirror_init+0x0/0x29 @ 1
[   11.227824] initcall dm_mirror_init+0x0/0x29 returned 0 after 82 usecs
[   11.229882] input: AT Translated Set 2 keyboard as /devices/platform/i8042/serio0/input/input1
[   11.238892] calling  dm_dirty_log_init+0x0/0x4f @ 1
[   11.238987] initcall dm_dirty_log_init+0x0/0x4f returned 0 after 87 usecs
[   11.238989] calling  dm_zero_init+0x0/0x29 @ 1
[   11.238991] initcall dm_zero_init+0x0/0x29 returned 0 after 1 usecs
[   11.238993] calling  intel_pstate_init+0x0/0x510 @ 1
[   11.239432] intel_pstate: CPU model not supported
[   11.239437] initcall intel_pstate_init+0x0/0x510 returned -19 after 429 usecs
[   11.315965] calling  haltpoll_init+0x0/0xc0 @ 1
[   11.323215] initcall haltpoll_init+0x0/0xc0 returned -19 after 31 usecs
[   11.334007] calling  efivars_sysfs_init+0x0/0x30 @ 1
[   11.341741] initcall efivars_sysfs_init+0x0/0x30 returned 0 after 34 usecs
[   11.352761] calling  esrt_sysfs_init+0x0/0x2a2 @ 1
[   11.361459] initcall esrt_sysfs_init+0x0/0x2a2 returned -38 after 50 usecs
[   11.372781] calling  hid_init+0x0/0x5c @ 1
[   11.394057] hid: raw HID events driver (C) Jiri Kosina
[   11.404198] initcall hid_init+0x0/0x5c returned 0 after 16068 usecs
[   11.416378] calling  hid_generic_init+0x0/0x15 @ 1
[   11.428355] initcall hid_generic_init+0x0/0x15 returned 0 after 2015 usecs
[   11.440655] calling  a4_driver_init+0x0/0x15 @ 1
[   11.448079] initcall a4_driver_init+0x0/0x15 returned 0 after 28 usecs
[   11.458477] calling  apple_driver_init+0x0/0x15 @ 1
[   11.466521] initcall apple_driver_init+0x0/0x15 returned 0 after 389 usecs
[   11.477397] calling  belkin_driver_init+0x0/0x15 @ 1
[   11.485441] initcall belkin_driver_init+0x0/0x15 returned 0 after 19 usecs
[   11.496394] calling  ch_driver_init+0x0/0x15 @ 1
[   11.503773] initcall ch_driver_init+0x0/0x15 returned 0 after 24 usecs
[   11.514330] calling  ch_driver_init+0x0/0x15 @ 1
[   11.521950] initcall ch_driver_init+0x0/0x15 returned 0 after 20 usecs
[   11.532485] calling  cp_driver_init+0x0/0x15 @ 1
[   11.539941] initcall cp_driver_init+0x0/0x15 returned 0 after 48 usecs
[   11.550207] calling  ez_driver_init+0x0/0x15 @ 1
[   11.557325] initcall ez_driver_init+0x0/0x15 returned 0 after 17 usecs
[   11.567788] calling  gyration_driver_init+0x0/0x15 @ 1
[   11.576786] initcall gyration_driver_init+0x0/0x15 returned 0 after 218 usecs
[   11.588264] calling  ite_driver_init+0x0/0x15 @ 1
[   11.595525] initcall ite_driver_init+0x0/0x15 returned 0 after 19 usecs
[   11.605751] calling  ks_driver_init+0x0/0x15 @ 1
[   11.612657] initcall ks_driver_init+0x0/0x15 returned 0 after 18 usecs
[   11.622257] calling  lg_driver_init+0x0/0x15 @ 1
[   11.629056] initcall lg_driver_init+0x0/0x15 returned 0 after 23 usecs
[   11.637844] calling  lg_g15_driver_init+0x0/0x15 @ 1
[   11.645404] initcall lg_g15_driver_init+0x0/0x15 returned 0 after 46 usecs
[   11.656084] calling  ms_driver_init+0x0/0x15 @ 1
[   11.663275] initcall ms_driver_init+0x0/0x15 returned 0 after 83 usecs
[   11.673321] calling  mr_driver_init+0x0/0x15 @ 1
[   11.680571] initcall mr_driver_init+0x0/0x15 returned 0 after 28 usecs
[   11.690679] calling  ntrig_driver_init+0x0/0x15 @ 1
[   11.698449] initcall ntrig_driver_init+0x0/0x15 returned 0 after 77 usecs
[   11.708899] calling  pl_driver_init+0x0/0x15 @ 1
[   11.716066] initcall pl_driver_init+0x0/0x15 returned 0 after 20 usecs
[   11.726113] calling  pl_driver_init+0x0/0x15 @ 1
[   11.733289] initcall pl_driver_init+0x0/0x15 returned 0 after 20 usecs
[   11.743728] calling  redragon_driver_init+0x0/0x15 @ 1
[   11.752127] initcall redragon_driver_init+0x0/0x15 returned 0 after 23 usecs
[   11.762913] calling  samsung_driver_init+0x0/0x15 @ 1
[   11.770381] initcall samsung_driver_init+0x0/0x15 returned 0 after 38 usecs
[   11.780051] calling  sony_init+0x0/0x38 @ 1
[   11.786088] initcall sony_init+0x0/0x38 returned 0 after 29 usecs
[   11.797462] calling  sp_driver_init+0x0/0x15 @ 1
[   11.806729] initcall sp_driver_init+0x0/0x15 returned 0 after 67 usecs
[   11.819368] calling  ts_driver_init+0x0/0x15 @ 1
[   11.827347] initcall ts_driver_init+0x0/0x15 returned 0 after 23 usecs
[   11.837011] calling  hid_init+0x0/0x58 @ 1
[   11.843624] usbcore: registered new interface driver usbhid
[   11.857879] usbhid: USB HID core driver
[   11.863694] initcall hid_init+0x0/0x58 returned 0 after 19995 usecs
[   11.873155] calling  eeepc_laptop_init+0x0/0x57 @ 1
[   11.882778] initcall eeepc_laptop_init+0x0/0x57 returned -19 after 2191 usecs
[   11.893696] calling  pmc_atom_init+0x0/0x27a @ 1
[   11.901603] initcall pmc_atom_init+0x0/0x27a returned -19 after 191 usecs
[   11.914093] calling  alsa_hwdep_init+0x0/0x5e @ 1
[   11.921296] initcall alsa_hwdep_init+0x0/0x5e returned 0 after 262 usecs
[   11.931664] calling  alsa_timer_init+0x0/0x1f0 @ 1
[   11.943853] initcall alsa_timer_init+0x0/0x1f0 returned 0 after 2474 usecs
[   11.959436] calling  snd_hrtimer_init+0x0/0x117 @ 1
[   11.971302] initcall snd_hrtimer_init+0x0/0x117 returned 0 after 3 usecs
[   12.006626] calling  alsa_pcm_init+0x0/0x64 @ 1
[   12.018362] initcall alsa_pcm_init+0x0/0x64 returned 0 after 7 usecs
[   12.028335] calling  alsa_seq_init+0x0/0x4a @ 1
[   12.038723] initcall alsa_seq_init+0x0/0x4a returned 0 after 3203 usecs
[   12.064578] calling  alsa_seq_dummy_init+0x0/0x9c @ 1
[   12.073896] initcall alsa_seq_dummy_init+0x0/0x9c returned 0 after 151 usecs
[   12.084590] calling  azx_driver_init+0x0/0x15 @ 1
[   12.092585] initcall azx_driver_init+0x0/0x15 returned 0 after 700 usecs
[   12.102843] calling  sock_diag_init+0x0/0x2a @ 1
[   12.111343] initcall sock_diag_init+0x0/0x2a returned 0 after 1113 usecs
[   12.122098] calling  blackhole_init+0x0/0xc @ 1
[   12.129301] initcall blackhole_init+0x0/0xc returned 0 after 62 usecs
[   12.132371] input: ImExPS/2 Generic Explorer Mouse as /devices/platform/i8042/serio1/input/input3
[   12.139624] calling  nfnetlink_init+0x0/0x57 @ 1
[   12.160733] initcall nfnetlink_init+0x0/0x57 returned 0 after 604 usecs
[   12.170563] calling  nfnetlink_log_init+0x0/0x99 @ 1
[   12.178496] initcall nfnetlink_log_init+0x0/0x99 returned 0 after 83 usecs
[   12.188910] calling  nf_conntrack_standalone_init+0x0/0x87 @ 1
[   12.204658] initcall nf_conntrack_standalone_init+0x0/0x87 returned 0 after 1691 usecs
[   12.217803] calling  ctnetlink_init+0x0/0x83 @ 1
[   12.224884] initcall ctnetlink_init+0x0/0x83 returned 0 after 38 usecs
[   12.234355] calling  nf_conntrack_ftp_init+0x0/0x12c @ 1
[   12.242348] initcall nf_conntrack_ftp_init+0x0/0x12c returned 0 after 43 usecs
[   12.253147] calling  nf_conntrack_irc_init+0x0/0x129 @ 1
[   12.261297] initcall nf_conntrack_irc_init+0x0/0x129 returned 0 after 8 usecs
[   12.270972] calling  nf_conntrack_sip_init+0x0/0x172 @ 1
[   12.278859] initcall nf_conntrack_sip_init+0x0/0x172 returned 0 after 9 usecs
[   12.289281] calling  nf_nat_init+0x0/0xd2 @ 1
[   12.295921] initcall nf_nat_init+0x0/0xd2 returned 0 after 243 usecs
[   12.305208] calling  nf_nat_ftp_init+0x0/0x2a @ 1
[   12.312301] initcall nf_nat_ftp_init+0x0/0x2a returned 0 after 1 usecs
[   12.321901] calling  nf_nat_irc_init+0x0/0x2a @ 1
[   12.329056] initcall nf_nat_irc_init+0x0/0x2a returned 0 after 1 usecs
[   12.338595] calling  nf_nat_sip_init+0x0/0x36 @ 1
[   12.345787] initcall nf_nat_sip_init+0x0/0x36 returned 0 after 1 usecs
[   12.356022] calling  xt_init+0x0/0xf8 @ 1
[   12.364764] initcall xt_init+0x0/0xf8 returned 0 after 325 usecs
[   12.373497] calling  tcpudp_mt_init+0x0/0x11 @ 1
[   12.380670] initcall tcpudp_mt_init+0x0/0x11 returned 0 after 97 usecs
[   12.390365] calling  connsecmark_tg_init+0x0/0xc @ 1
[   12.398272] initcall connsecmark_tg_init+0x0/0xc returned 0 after 0 usecs
[   12.408520] calling  nflog_tg_init+0x0/0xc @ 1
[   12.415531] initcall nflog_tg_init+0x0/0xc returned 0 after 1 usecs
[   12.424934] calling  secmark_tg_init+0x0/0x11 @ 1
[   12.432523] initcall secmark_tg_init+0x0/0x11 returned 0 after 1 usecs
[   12.442561] calling  tcpmss_tg_init+0x0/0x11 @ 1
[   12.449749] initcall tcpmss_tg_init+0x0/0x11 returned 0 after 1 usecs
[   12.459987] calling  conntrack_mt_init+0x0/0x11 @ 1
[   12.467714] initcall conntrack_mt_init+0x0/0x11 returned 0 after 1 usecs
[   12.478595] calling  policy_mt_init+0x0/0x11 @ 1
[   12.485850] initcall policy_mt_init+0x0/0x11 returned 0 after 1 usecs
[   12.495822] calling  state_mt_init+0x0/0xc @ 1
[   12.502979] initcall state_mt_init+0x0/0xc returned 0 after 1 usecs
[   12.512663] calling  gre_offload_init+0x0/0x48 @ 1
[   12.520273] initcall gre_offload_init+0x0/0x48 returned 0 after 77 usecs
[   12.534392] calling  sysctl_ipv4_init+0x0/0x46 @ 1
