c[?7l[2J[0mSeaBIOS (version 1.16.0-debian-1.16.0-4)
Booting from ROM...
early console in setup code
c[?7l[2J[    0.000000] Linux version 5.10.153+ (root@joelboxx.c.googlers.com) (gcc (Debian 12.2.0-3) 12.2.0, GNU ld (GNU Binutils for Debian) 2.39) #10 SMP PREEMPT Tue Dec 13 07:22:17 UTC 2022
[    0.000000] Command line: selinux=0 initcall_debug debug console=ttyS0 rcutorture.torture_type=tasks-tracing rcutorture.onoff_interval=1000 rcutorture.onoff_holdoff=30 rcutorture.n_barrier_cbs=4 rcutorture.stat_interval=15 rcutorture.shutdown_secs=1800 rcutorture.test_no_idle_hz=1 rcutorture.verbose=1
[    0.000000] x86/fpu: x87 FPU will use FXSAVE
[    0.000000] BIOS-provided physical RAM map:
[    0.000000] BIOS-e820: [mem 0x0000000000000000-0x000000000009fbff] usable
[    0.000000] BIOS-e820: [mem 0x000000000009fc00-0x000000000009ffff] reserved
[    0.000000] BIOS-e820: [mem 0x00000000000f0000-0x00000000000fffff] reserved
[    0.000000] BIOS-e820: [mem 0x0000000000100000-0x000000001ffdefff] usable
[    0.000000] BIOS-e820: [mem 0x000000001ffdf000-0x000000001fffffff] reserved
[    0.000000] BIOS-e820: [mem 0x00000000b0000000-0x00000000bfffffff] reserved
[    0.000000] BIOS-e820: [mem 0x00000000fed1c000-0x00000000fed1ffff] reserved
[    0.000000] BIOS-e820: [mem 0x00000000feffc000-0x00000000feffffff] reserved
[    0.000000] BIOS-e820: [mem 0x00000000fffc0000-0x00000000ffffffff] reserved
[    0.000000] NX (Execute Disable) protection: active
[    0.000000] SMBIOS 2.8 present.
[    0.000000] DMI: QEMU Standard PC (Q35 + ICH9, 2009), BIOS 1.16.0-debian-1.16.0-4 04/01/2014
[    0.000000] Hypervisor detected: KVM
[    0.000000] kvm-clock: Using msrs 4b564d01 and 4b564d00
[    0.000000] kvm-clock: cpu 0, msr 132b9001, primary cpu clock
[    0.000001] kvm-clock: using sched offset of 2845363471 cycles
[    0.000229] clocksource: kvm-clock: mask: 0xffffffffffffffff max_cycles: 0x1cd42e4dffb, max_idle_ns: 881590591483 ns
[    0.000351] tsc: Detected 1999.999 MHz processor
[    0.012476] e820: update [mem 0x00000000-0x00000fff] usable ==> reserved
[    0.012482] e820: remove [mem 0x000a0000-0x000fffff] usable
[    0.012490] last_pfn = 0x1ffdf max_arch_pfn = 0x400000000
[    0.013544] MTRR default type: write-back
[    0.013627] MTRR fixed ranges enabled:
[    0.013629]   00000-9FFFF write-back
[    0.013630]   A0000-BFFFF uncachable
[    0.013631]   C0000-FFFFF write-protect
[    0.013633] MTRR variable ranges enabled:
[    0.013635]   0 base 00C0000000 mask FFC0000000 uncachable
[    0.013636]   1 disabled
[    0.013637]   2 disabled
[    0.013638]   3 disabled
[    0.013638]   4 disabled
[    0.013639]   5 disabled
[    0.013640]   6 disabled
[    0.013641]   7 disabled
[    0.014053] x86/PAT: Configuration [0-7]: WB  WC  UC- UC  WB  WC  UC- UC  
[    0.023202] found SMP MP-table at [mem 0x000f5ba0-0x000f5baf]
[    0.026427] check: Scanning 1 areas for low memory corruption
[    0.040472] ACPI: Early table checksum verification disabled
[    0.042656] ACPI: RSDP 0x00000000000F59E0 000014 (v00 BOCHS )
[    0.043181] ACPI: RSDT 0x000000001FFE23B1 000038 (v01 BOCHS  BXPC     00000001 BXPC 00000001)
[    0.043191] ACPI: FACP 0x000000001FFE2191 0000F4 (v03 BOCHS  BXPC     00000001 BXPC 00000001)
[    0.043202] ACPI: DSDT 0x000000001FFE0040 002151 (v01 BOCHS  BXPC     00000001 BXPC 00000001)
[    0.043207] ACPI: FACS 0x000000001FFE0000 000040
[    0.043212] ACPI: APIC 0x000000001FFE2285 000090 (v01 BOCHS  BXPC     00000001 BXPC 00000001)
[    0.043219] ACPI: HPET 0x000000001FFE2315 000038 (v01 BOCHS  BXPC     00000001 BXPC 00000001)
[    0.043224] ACPI: MCFG 0x000000001FFE234D 00003C (v01 BOCHS  BXPC     00000001 BXPC 00000001)
[    0.043228] ACPI: WAET 0x000000001FFE2389 000028 (v01 BOCHS  BXPC     00000001 BXPC 00000001)
[    0.043233] ACPI: Reserving FACP table memory at [mem 0x1ffe2191-0x1ffe2284]
[    0.043235] ACPI: Reserving DSDT table memory at [mem 0x1ffe0040-0x1ffe2190]
[    0.043240] ACPI: Reserving FACS table memory at [mem 0x1ffe0000-0x1ffe003f]
[    0.043241] ACPI: Reserving APIC table memory at [mem 0x1ffe2285-0x1ffe2314]
[    0.043243] ACPI: Reserving HPET table memory at [mem 0x1ffe2315-0x1ffe234c]
[    0.043244] ACPI: Reserving MCFG table memory at [mem 0x1ffe234d-0x1ffe2388]
[    0.043245] ACPI: Reserving WAET table memory at [mem 0x1ffe2389-0x1ffe23b0]
[    0.044290] ACPI: Local APIC address 0xfee00000
[    0.049456] No NUMA configuration found
[    0.049459] Faking a node at [mem 0x0000000000000000-0x000000001ffdefff]
[    0.049728] NODE_DATA(0) allocated [mem 0x1ffdb000-0x1ffdefff]
[    0.050881] Zone ranges:
[    0.050959]   DMA      [mem 0x0000000000001000-0x0000000000ffffff]
[    0.051047]   DMA32    [mem 0x0000000001000000-0x000000001ffdefff]
[    0.051050]   Normal   empty
[    0.051139] Movable zone start for each node
[    0.051213] Early memory node ranges
[    0.051214]   node   0: [mem 0x0000000000001000-0x000000000009efff]
[    0.051216]   node   0: [mem 0x0000000000100000-0x000000001ffdefff]
[    0.051287] Initmem setup node 0 [mem 0x0000000000001000-0x000000001ffdefff]
[    0.051289] On node 0 totalpages: 130941
[    0.051421]   DMA zone: 64 pages used for memmap
[    0.051423]   DMA zone: 21 pages reserved
[    0.051498]   DMA zone: 3998 pages, LIFO batch:0
[    0.051500]   DMA32 zone: 1984 pages used for memmap
[    0.051501]   DMA32 zone: 126943 pages, LIFO batch:31
[    0.055052] On node 0, zone DMA: 1 pages in unavailable ranges
[    0.059242] On node 0, zone DMA: 97 pages in unavailable ranges
[    0.167730] On node 0, zone DMA32: 33 pages in unavailable ranges
[    0.171319] ACPI: PM-Timer IO Port: 0x608
[    0.171324] ACPI: Local APIC address 0xfee00000
[    0.171652] ACPI: LAPIC_NMI (acpi_id[0xff] dfl dfl lint[0x1])
[    0.172976] IOAPIC[0]: apic_id 0, version 17, address 0xfec00000, GSI 0-23
[    0.172981] ACPI: INT_SRC_OVR (bus 0 bus_irq 0 global_irq 2 dfl dfl)
[    0.173085] ACPI: INT_SRC_OVR (bus 0 bus_irq 5 global_irq 5 high level)
[    0.173088] ACPI: INT_SRC_OVR (bus 0 bus_irq 9 global_irq 9 high level)
[    0.173204] ACPI: INT_SRC_OVR (bus 0 bus_irq 10 global_irq 10 high level)
[    0.173206] ACPI: INT_SRC_OVR (bus 0 bus_irq 11 global_irq 11 high level)
[    0.173209] ACPI: IRQ0 used by override.
[    0.173210] ACPI: IRQ5 used by override.
[    0.173212] ACPI: IRQ9 used by override.
[    0.173212] ACPI: IRQ10 used by override.
[    0.173213] ACPI: IRQ11 used by override.
[    0.173271] Using ACPI (MADT) for SMP configuration information
[    0.174523] ACPI: HPET id: 0x8086a201 base: 0xfed00000
[    0.175116] smpboot: Allowing 4 CPUs, 0 hotplug CPUs
[    0.176969] PM: hibernation: Registered nosave memory: [mem 0x00000000-0x00000fff]
[    0.176971] PM: hibernation: Registered nosave memory: [mem 0x0009f000-0x0009ffff]
[    0.176973] PM: hibernation: Registered nosave memory: [mem 0x000a0000-0x000effff]
[    0.176974] PM: hibernation: Registered nosave memory: [mem 0x000f0000-0x000fffff]
[    0.176977] [mem 0x20000000-0xafffffff] available for PCI devices
[    0.177117] Booting paravirtualized kernel on KVM
[    0.178068] clocksource: refined-jiffies: mask: 0xffffffff max_cycles: 0xffffffff, max_idle_ns: 1910969940391419 ns
[    0.228876] setup_percpu: NR_CPUS:4 nr_cpumask_bits:4 nr_cpu_ids:4 nr_node_ids:1
[    0.276232] percpu: Embedded 56 pages/cpu s191128 r8192 d30056 u524288
[    0.276310] pcpu-alloc: s191128 r8192 d30056 u524288 alloc=1*2097152
[    0.276392] pcpu-alloc: [0] 0 1 2 3 
[    0.277447] kvm-guest: stealtime: cpu 0, msr 1f41b600
[    0.278682] Built 1 zonelists, mobility grouping on.  Total pages: 128872
[    0.278877] Policy zone: DMA32
[    0.279423] Kernel command line: selinux=0 initcall_debug debug console=ttyS0 rcutorture.torture_type=tasks-tracing rcutorture.onoff_interval=1000 rcutorture.onoff_holdoff=30 rcutorture.n_barrier_cbs=4 rcutorture.stat_interval=15 rcutorture.shutdown_secs=1800 rcutorture.test_no_idle_hz=1 rcutorture.verbose=1
[    0.282268] Dentry cache hash table entries: 65536 (order: 7, 524288 bytes, linear)
[    0.282308] Inode-cache hash table entries: 32768 (order: 6, 262144 bytes, linear)
[    0.283594] mem auto-init: stack:all(zero), heap alloc:off, heap free:off
[    0.402850] Memory: 478632K/523764K available (16397K kernel code, 2542K rwdata, 4700K rodata, 1504K init, 1412K bss, 44872K reserved, 0K cma-reserved)
[    0.404212] SLUB: HWalign=64, Order=0-3, MinObjects=0, CPUs=4, Nodes=1
[    0.405197] Kernel/User page tables isolation: enabled
[    0.413508] rcu: Preemptible hierarchical RCU implementation.
[    0.413510] rcu: 	RCU event tracing is enabled.
[    0.413622] 	Trampoline variant of Tasks RCU enabled.
[    0.413624] 	Rude variant of Tasks RCU enabled.
[    0.413625] 	Tracing variant of Tasks RCU enabled.
[    0.413803] rcu: RCU calculated value of scheduler-enlistment delay is 100 jiffies.
[    0.435679] NR_IRQS: 4352, nr_irqs: 456, preallocated irqs: 16
[    0.439500] calling  con_init+0x0/0x22a @ 0
[    0.588908] Console: colour VGA+ 80x25
[    0.588919] initcall con_init+0x0/0x22a returned 0 after 0 usecs
[    0.588922] calling  hvc_console_init+0x0/0x13 @ 0
[    0.589073] initcall hvc_console_init+0x0/0x13 returned 0 after 0 usecs
[    0.589144] calling  univ8250_console_init+0x0/0x26 @ 0
[    1.549152] printk: console [ttyS0] enabled
[    1.553835] initcall univ8250_console_init+0x0/0x26 returned 0 after 0 usecs
[    1.561823] ACPI: Core revision 20200925
[    1.567565] clocksource: hpet: mask: 0xffffffff max_cycles: 0xffffffff, max_idle_ns: 19112604467 ns
[    1.580681] APIC: Switch to symmetric I/O mode setup
[    1.605202] ..TIMER: vector=0x30 apic1=0 pin1=2 apic2=-1 pin2=-1
[    1.612332] clocksource: tsc-early: mask: 0xffffffffffffffff max_cycles: 0x39a85afc727, max_idle_ns: 881590685098 ns
[    1.624195] Calibrating delay loop (skipped) preset value.. 3999.99 BogoMIPS (lpj=1999999)
[    1.625169] pid_max: default: 32768 minimum: 301
[    1.626255] LSM: Security Framework initializing
[    1.627377] Mount-cache hash table entries: 1024 (order: 1, 8192 bytes, linear)
[    1.628203] Mountpoint-cache hash table entries: 1024 (order: 1, 8192 bytes, linear)
[    1.634476] Last level iTLB entries: 4KB 0, 2MB 0, 4MB 0
[    1.635163] Last level dTLB entries: 4KB 0, 2MB 0, 4MB 0, 1GB 0
[    1.636205] Spectre V1 : Mitigation: usercopy/swapgs barriers and __user pointer sanitization
[    1.637179] Spectre V2 : Mitigation: Retpolines
[    1.638163] Spectre V2 : Spectre v2 / SpectreRSB mitigation: Filling RSB on context switch
[    1.639163] Spectre V2 : Spectre v2 / SpectreRSB : Filling RSB on VMEXIT
[    1.640164] Speculative Store Bypass: Vulnerable
[    1.641212] MDS: Vulnerable: Clear CPU buffers attempted, no microcode
[    1.642164] MMIO Stale Data: Unknown: No mitigations
[    1.701885] Freeing SMP alternatives memory: 40K
[    1.807159] smpboot: CPU0: Intel Common KVM processor (family: 0xf, model: 0x6, stepping: 0x1)
[    1.809369] calling  init_hw_perf_events+0x0/0x6ce @ 1
[    1.810164] Performance Events: unsupported Netburst CPU model 6 no PMU driver, software events only.
[    1.811169] initcall init_hw_perf_events+0x0/0x6ce returned 0 after 976 usecs
[    1.812166] calling  init_real_mode+0x0/0x1e9 @ 1
[    1.813694] initcall init_real_mode+0x0/0x1e9 returned 0 after 0 usecs
[    1.814165] calling  trace_init_perf_perm_irq_work_exit+0x0/0x12 @ 1
[    1.815165] initcall trace_init_perf_perm_irq_work_exit+0x0/0x12 returned 0 after 0 usecs
[    1.816186] calling  validate_x2apic+0x0/0x4a @ 1
[    1.817193] initcall validate_x2apic+0x0/0x4a returned 0 after 0 usecs
[    1.818166] calling  register_nmi_cpu_backtrace_handler+0x0/0x15 @ 1
[    1.819219] initcall register_nmi_cpu_backtrace_handler+0x0/0x15 returned 0 after 0 usecs
[    1.820188] calling  kvm_setup_vsyscall_timeinfo+0x0/0xd1 @ 1
[    1.821171] initcall kvm_setup_vsyscall_timeinfo+0x0/0xd1 returned 0 after 0 usecs
[    1.822169] calling  spawn_ksoftirqd+0x0/0x38 @ 1
[    1.823264] initcall spawn_ksoftirqd+0x0/0x38 returned 0 after 0 usecs
[    1.824166] calling  migration_init+0x0/0x31 @ 1
[    1.825166] initcall migration_init+0x0/0x31 returned 0 after 0 usecs
[    1.826166] calling  srcu_bootup_announce+0x0/0x2f @ 1
[    1.827169] rcu: Hierarchical SRCU implementation.
[    1.828166] initcall srcu_bootup_announce+0x0/0x2f returned 0 after 976 usecs
[    1.829165] calling  rcu_spawn_gp_kthread+0x0/0x1b0 @ 1
[    1.830380] initcall rcu_spawn_gp_kthread+0x0/0x1b0 returned 0 after 0 usecs
[    1.831167] calling  check_cpu_stall_init+0x0/0x1a @ 1
[    1.832167] initcall check_cpu_stall_init+0x0/0x1a returned 0 after 0 usecs
[    1.833166] calling  rcu_sysrq_init+0x0/0x21 @ 1
[    1.834189] initcall rcu_sysrq_init+0x0/0x21 returned 0 after 0 usecs
[    1.835208] calling  trace_init_flags_sys_enter+0x0/0xe @ 1
[    1.836166] initcall trace_init_flags_sys_enter+0x0/0xe returned 0 after 0 usecs
[    1.837166] calling  trace_init_flags_sys_exit+0x0/0xe @ 1
[    1.838167] initcall trace_init_flags_sys_exit+0x0/0xe returned 0 after 0 usecs
[    1.839166] calling  cpu_stop_init+0x0/0x6e @ 1
[    1.840294] initcall cpu_stop_init+0x0/0x6e returned 0 after 0 usecs
[    1.841167] calling  init_kprobes+0x0/0x165 @ 1
[    1.842393] initcall init_kprobes+0x0/0x165 returned 0 after 0 usecs
[    1.843179] calling  init_events+0x0/0x3d @ 1
[    1.844206] initcall init_events+0x0/0x3d returned 0 after 0 usecs
[    1.845164] calling  init_trace_printk+0x0/0xc @ 1
[    1.846165] initcall init_trace_printk+0x0/0xc returned 0 after 0 usecs
[    1.848164] calling  event_trace_enable_again+0x0/0x23 @ 1
[    1.849182] initcall event_trace_enable_again+0x0/0x23 returned 0 after 0 usecs
[    1.850164] calling  static_call_init+0x0/0x77 @ 1
[    1.851165] initcall static_call_init+0x0/0x77 returned 0 after 0 usecs
[    1.852165] calling  jump_label_init_module+0x0/0xc @ 1
[    1.853169] initcall jump_label_init_module+0x0/0xc returned 0 after 0 usecs
[    1.854167] calling  init_zero_pfn+0x0/0x37 @ 1
[    1.855166] initcall init_zero_pfn+0x0/0x37 returned 0 after 0 usecs
[    1.856166] calling  initialize_ptr_random+0x0/0x54 @ 1
[    1.857168] initcall initialize_ptr_random+0x0/0x54 returned 0 after 0 usecs
[    1.858227] calling  efi_memreserve_root_init+0x0/0x25 @ 1
[    1.859181] initcall efi_memreserve_root_init+0x0/0x25 returned 0 after 0 usecs
[    1.860166] calling  efi_earlycon_remap_fb+0x0/0x51 @ 1
[    1.861169] initcall efi_earlycon_remap_fb+0x0/0x51 returned 0 after 0 usecs
[    1.862654] smp: Bringing up secondary CPUs ...
[    1.864818] x86: Booting SMP configuration:
[    1.865169] .... node  #0, CPUs:      #1
[    1.182839] kvm-clock: cpu 1, msr 132b9041, secondary cpu clock
[    1.889330] kvm-guest: stealtime: cpu 1, msr 1f49b600
[    1.904176]  #2
[    1.182839] kvm-clock: cpu 2, msr 132b9081, secondary cpu clock
[    1.927322] kvm-guest: stealtime: cpu 2, msr 1f51b600
[    1.944956]  #3
[    1.182839] kvm-clock: cpu 3, msr 132b90c1, secondary cpu clock
[    1.966296] kvm-guest: stealtime: cpu 3, msr 1f59b600
[    1.979574] smp: Brought up 1 node, 4 CPUs
[    1.980174] smpboot: Max logical packages: 1
[    1.981166] smpboot: Total of 4 processors activated (15999.99 BogoMIPS)
[    1.987163] devtmpfs: initialized
[    1.988627] calling  ipc_ns_init+0x0/0x3d @ 1
[    1.989173] initcall ipc_ns_init+0x0/0x3d returned 0 after 0 usecs
[    1.990166] calling  init_mmap_min_addr+0x0/0x21 @ 1
[    1.991166] initcall init_mmap_min_addr+0x0/0x21 returned 0 after 0 usecs
[    1.992167] calling  pci_realloc_setup_params+0x0/0x3f @ 1
[    1.993168] initcall pci_realloc_setup_params+0x0/0x3f returned 0 after 0 usecs
[    1.994186] calling  net_ns_init+0x0/0x140 @ 1
[    1.996545] initcall net_ns_init+0x0/0x140 returned 0 after 976 usecs
[    1.997186] calling  e820__register_nvs_regions+0x0/0x37 @ 1
[    1.998167] initcall e820__register_nvs_regions+0x0/0x37 returned 0 after 0 usecs
[    1.999169] calling  cpufreq_register_tsc_scaling+0x0/0x2e @ 1
[    2.000166] initcall cpufreq_register_tsc_scaling+0x0/0x2e returned 0 after 0 usecs
[    2.001165] calling  reboot_init+0x0/0x3c @ 1
[    2.002208] initcall reboot_init+0x0/0x3c returned 0 after 0 usecs
[    2.003166] calling  init_lapic_sysfs+0x0/0x20 @ 1
[    2.004165] initcall init_lapic_sysfs+0x0/0x20 returned 0 after 0 usecs
[    2.005166] calling  alloc_frozen_cpus+0x0/0x7 @ 1
[    2.006165] initcall alloc_frozen_cpus+0x0/0x7 returned 0 after 0 usecs
[    2.007165] calling  cpu_hotplug_pm_sync_init+0x0/0x13 @ 1
[    2.008166] initcall cpu_hotplug_pm_sync_init+0x0/0x13 returned 0 after 0 usecs
[    2.009165] calling  wq_sysfs_init+0x0/0x2a @ 1
[    2.010226] initcall wq_sysfs_init+0x0/0x2a returned 0 after 0 usecs
[    2.011164] calling  ksysfs_init+0x0/0x92 @ 1
[    2.012176] initcall ksysfs_init+0x0/0x92 returned 0 after 0 usecs
[    2.013168] calling  schedutil_gov_init+0x0/0xc @ 1
[    2.014196] initcall schedutil_gov_init+0x0/0xc returned 0 after 0 usecs
[    2.015168] calling  pm_init+0x0/0x76 @ 1
[    2.016271] initcall pm_init+0x0/0x76 returned 0 after 0 usecs
[    2.017166] calling  pm_disk_init+0x0/0x13 @ 1
[    2.018193] initcall pm_disk_init+0x0/0x13 returned 0 after 0 usecs
[    2.019167] calling  swsusp_header_init+0x0/0x2b @ 1
[    2.020175] initcall swsusp_header_init+0x0/0x2b returned 0 after 0 usecs
[    2.021169] calling  rcu_set_runtime_mode+0x0/0x16 @ 1
[    2.022170] initcall rcu_set_runtime_mode+0x0/0x16 returned 0 after 0 usecs
[    2.023167] calling  init_jiffies_clocksource+0x0/0x13 @ 1
[    2.024166] clocksource: jiffies: mask: 0xffffffff max_cycles: 0xffffffff, max_idle_ns: 1911260446275000 ns
[    2.025174] initcall init_jiffies_clocksource+0x0/0x13 returned 0 after 976 usecs
[    2.026169] calling  futex_init+0x0/0xfa @ 1
[    2.027169] futex hash table entries: 1024 (order: 4, 65536 bytes, linear)
[    2.028413] initcall futex_init+0x0/0xfa returned 0 after 976 usecs
[    2.029169] calling  cgroup_wq_init+0x0/0x28 @ 1
[    2.030202] initcall cgroup_wq_init+0x0/0x28 returned 0 after 0 usecs
[    2.031171] calling  cgroup1_wq_init+0x0/0x28 @ 1
[    2.032182] initcall cgroup1_wq_init+0x0/0x28 returned 0 after 0 usecs
[    2.033172] calling  init_kprobe_trace_early+0x0/0x2a @ 1
[    2.034188] initcall init_kprobe_trace_early+0x0/0x2a returned 0 after 0 usecs
[    2.035168] calling  fsnotify_init+0x0/0x48 @ 1
[    2.036182] initcall fsnotify_init+0x0/0x48 returned 0 after 0 usecs
[    2.037168] calling  filelock_init+0x0/0x96 @ 1
[    2.038179] initcall filelock_init+0x0/0x96 returned 0 after 0 usecs
[    2.039166] calling  init_misc_binfmt+0x0/0x2c @ 1
[    2.040168] initcall init_misc_binfmt+0x0/0x2c returned 0 after 0 usecs
[    2.041184] calling  init_script_binfmt+0x0/0x15 @ 1
[    2.042171] initcall init_script_binfmt+0x0/0x15 returned 0 after 0 usecs
[    2.043171] calling  init_elf_binfmt+0x0/0x15 @ 1
[    2.044173] initcall init_elf_binfmt+0x0/0x15 returned 0 after 0 usecs
[    2.045171] calling  init_compat_elf_binfmt+0x0/0x15 @ 1
[    2.046170] initcall init_compat_elf_binfmt+0x0/0x15 returned 0 after 0 usecs
[    2.047172] calling  debugfs_init+0x0/0x5c @ 1
[    2.048190] initcall debugfs_init+0x0/0x5c returned 0 after 0 usecs
[    2.049165] calling  tracefs_init+0x0/0x3a @ 1
[    2.050195] initcall tracefs_init+0x0/0x3a returned 0 after 0 usecs
[    2.051166] calling  prandom_init_early+0x0/0x15d @ 1
[    2.052168] initcall prandom_init_early+0x0/0x15d returned 0 after 0 usecs
[    2.053170] calling  virtio_init+0x0/0x20 @ 1
[    2.054183] initcall virtio_init+0x0/0x20 returned 0 after 0 usecs
[    2.055169] calling  iommu_init+0x0/0x2a @ 1
[    2.056175] initcall iommu_init+0x0/0x2a returned 0 after 0 usecs
[    2.057169] calling  component_debug_init+0x0/0x1c @ 1
[    2.058268] initcall component_debug_init+0x0/0x1c returned 0 after 0 usecs
[    2.059168] calling  early_resume_init+0x0/0xb9 @ 1
[    2.061828] PM: RTC time: 07:34:33, date: 2022-12-13
[    2.062170] initcall early_resume_init+0x0/0xb9 returned 0 after 976 usecs
[    2.063168] calling  cpufreq_core_init+0x0/0x62 @ 1
[    2.064212] initcall cpufreq_core_init+0x0/0x62 returned 0 after 0 usecs
[    2.065168] calling  cpufreq_gov_performance_init+0x0/0xc @ 1
[    2.066171] initcall cpufreq_gov_performance_init+0x0/0xc returned 0 after 0 usecs
[    2.067170] calling  cpufreq_gov_userspace_init+0x0/0xc @ 1
[    2.068172] initcall cpufreq_gov_userspace_init+0x0/0xc returned 0 after 0 usecs
[    2.069169] calling  CPU_FREQ_GOV_ONDEMAND_init+0x0/0xc @ 1
[    2.070209] initcall CPU_FREQ_GOV_ONDEMAND_init+0x0/0xc returned 0 after 0 usecs
[    2.071170] calling  cpuidle_init+0x0/0x1f @ 1
[    2.072319] initcall cpuidle_init+0x0/0x1f returned 0 after 0 usecs
[    2.073170] calling  capsule_reboot_register+0x0/0xc @ 1
[    2.074187] initcall capsule_reboot_register+0x0/0xc returned 0 after 0 usecs
[    2.075169] calling  sock_init+0x0/0x93 @ 1
[    2.077416] initcall sock_init+0x0/0x93 returned 0 after 976 usecs
[    2.078170] calling  net_inuse_init+0x0/0x23 @ 1
[    2.079179] initcall net_inuse_init+0x0/0x23 returned 0 after 0 usecs
[    2.080168] calling  net_defaults_init+0x0/0x23 @ 1
[    2.081168] initcall net_defaults_init+0x0/0x23 returned 0 after 0 usecs
[    2.082167] calling  init_default_flow_dissectors+0x0/0x4f @ 1
[    2.083166] initcall init_default_flow_dissectors+0x0/0x4f returned 0 after 0 usecs
[    2.084167] calling  netpoll_init+0x0/0x26 @ 1
[    2.085166] initcall netpoll_init+0x0/0x26 returned 0 after 0 usecs
[    2.086169] calling  netlink_proto_init+0x0/0x14f @ 1
[    2.088451] NET: Registered protocol family 16
[    2.089186] initcall netlink_proto_init+0x0/0x14f returned 0 after 1953 usecs
[    2.090168] calling  genl_init+0x0/0x35 @ 1
[    2.091206] initcall genl_init+0x0/0x35 returned 0 after 0 usecs
[    2.092186] calling  bsp_pm_check_init+0x0/0x13 @ 1
[    2.093170] initcall bsp_pm_check_init+0x0/0x13 returned 0 after 0 usecs
[    2.094197] calling  irq_sysfs_init+0x0/0xb7 @ 1
[    2.095324] initcall irq_sysfs_init+0x0/0xb7 returned 0 after 0 usecs
[    2.096170] calling  audit_init+0x0/0x160 @ 1
[    2.097172] audit: initializing netlink subsys (disabled)
[    2.099732] initcall audit_init+0x0/0x160 returned 0 after 1953 usecs
[    2.099544] audit: type=2000 audit(1670916872.176:1): state=initialized audit_enabled=0 res=1
[    2.100187] calling  release_early_probes+0x0/0x32 @ 1
[    2.102169] initcall release_early_probes+0x0/0x32 returned 0 after 0 usecs
[    2.103167] calling  bdi_class_init+0x0/0x48 @ 1
[    2.104186] initcall bdi_class_init+0x0/0x48 returned 0 after 0 usecs
[    2.105165] calling  mm_sysfs_init+0x0/0x28 @ 1
[    2.106171] initcall mm_sysfs_init+0x0/0x28 returned 0 after 0 usecs
[    2.107170] calling  init_per_zone_wmark_min+0x0/0x6d @ 1
[    2.108173] initcall init_per_zone_wmark_min+0x0/0x6d returned 0 after 0 usecs
[    2.109167] calling  mpi_init+0x0/0x3e @ 1
[    2.110169] initcall mpi_init+0x0/0x3e returned 0 after 0 usecs
[    2.112167] calling  kobject_uevent_init+0x0/0xc @ 1
[    2.113179] initcall kobject_uevent_init+0x0/0xc returned 0 after 0 usecs
[    2.114168] calling  pcibus_class_init+0x0/0x13 @ 1
[    2.115195] initcall pcibus_class_init+0x0/0x13 returned 0 after 0 usecs
[    2.116167] calling  pci_driver_init+0x0/0x21 @ 1
[    2.117232] initcall pci_driver_init+0x0/0x21 returned 0 after 0 usecs
[    2.118170] calling  backlight_class_init+0x0/0xa8 @ 1
[    2.119219] initcall backlight_class_init+0x0/0xa8 returned 0 after 0 usecs
[    2.120169] calling  tty_class_init+0x0/0x33 @ 1
[    2.121182] initcall tty_class_init+0x0/0x33 returned 0 after 0 usecs
[    2.122167] calling  vtconsole_class_init+0x0/0xb5 @ 1
[    2.123295] initcall vtconsole_class_init+0x0/0xb5 returned 0 after 0 usecs
[    2.124167] calling  iommu_dev_init+0x0/0x13 @ 1
[    2.125221] initcall iommu_dev_init+0x0/0x13 returned 0 after 0 usecs
[    2.126166] calling  mipi_dsi_bus_init+0x0/0xc @ 1
[    2.127227] initcall mipi_dsi_bus_init+0x0/0xc returned 0 after 0 usecs
[    2.128166] calling  devlink_class_init+0x0/0x40 @ 1
[    2.129180] initcall devlink_class_init+0x0/0x40 returned 0 after 0 usecs
[    2.130169] calling  software_node_init+0x0/0x2a @ 1
[    2.131192] initcall software_node_init+0x0/0x2a returned 0 after 0 usecs
[    2.132193] calling  wakeup_sources_debugfs_init+0x0/0x23 @ 1
[    2.134180] initcall wakeup_sources_debugfs_init+0x0/0x23 returned 0 after 0 usecs
[    2.136167] calling  wakeup_sources_sysfs_init+0x0/0x2c @ 1
[    2.137184] initcall wakeup_sources_sysfs_init+0x0/0x2c returned 0 after 0 usecs
[    2.138171] calling  register_node_type+0x0/0x13 @ 1
[    2.139197] initcall register_node_type+0x0/0x13 returned 0 after 0 usecs
[    2.140168] calling  regmap_initcall+0x0/0xc @ 1
[    2.141196] initcall regmap_initcall+0x0/0xc returned 0 after 0 usecs
[    2.142166] calling  i2c_init+0x0/0xb3 @ 1
[    2.143262] initcall i2c_init+0x0/0xb3 returned 0 after 0 usecs
[    2.144166] calling  thermal_init+0x0/0xf2 @ 1
[    2.145195] thermal_sys: Registered thermal governor 'step_wise'
[    2.145196] thermal_sys: Registered thermal governor 'user_space'
[    2.146184] initcall thermal_init+0x0/0xf2 returned 0 after 976 usecs
[    2.148169] calling  init_menu+0x0/0xc @ 1
[    2.150286] cpuidle: using governor menu
[    2.155174] initcall init_menu+0x0/0xc returned 0 after 5859 usecs
[    2.162172] calling  pcc_init+0x0/0x4d @ 1
[    2.167171] initcall pcc_init+0x0/0x4d returned -19 after 0 usecs
[    2.174170] calling  amd_postcore_init+0x0/0x11e @ 1
[    2.180170] initcall amd_postcore_init+0x0/0x11e returned 0 after 0 usecs
[    2.188173] calling  bts_init+0x0/0xba @ 1
[    2.193165] initcall bts_init+0x0/0xba returned -19 after 0 usecs
[    2.200167] calling  pt_init+0x0/0x341 @ 1
[    2.205167] initcall pt_init+0x0/0x341 returned -19 after 0 usecs
[    2.213171] calling  boot_params_ksysfs_init+0x0/0x2ee @ 1
[    2.221203] initcall boot_params_ksysfs_init+0x0/0x2ee returned 0 after 976 usecs
[    2.232169] calling  sbf_init+0x0/0xea @ 1
[    2.238170] initcall sbf_init+0x0/0xea returned 0 after 0 usecs
[    2.245169] calling  arch_kdebugfs_init+0x0/0x219 @ 1
[    2.251280] initcall arch_kdebugfs_init+0x0/0x219 returned 0 after 0 usecs
[    2.259168] calling  intel_pconfig_init+0x0/0x85 @ 1
[    2.265168] initcall intel_pconfig_init+0x0/0x85 returned 0 after 0 usecs
[    2.273171] calling  mtrr_if_init+0x0/0x5d @ 1
[    2.277206] initcall mtrr_if_init+0x0/0x5d returned 0 after 0 usecs
[    2.285169] calling  activate_jump_labels+0x0/0x31 @ 1
[    2.291169] initcall activate_jump_labels+0x0/0x31 returned 0 after 0 usecs
[    2.299169] calling  ffh_cstate_init+0x0/0x29 @ 1
[    2.304171] initcall ffh_cstate_init+0x0/0x29 returned 0 after 0 usecs
[    2.312186] calling  activate_jump_labels+0x0/0x31 @ 1
[    2.319325] initcall activate_jump_labels+0x0/0x31 returned 0 after 976 usecs
[    2.328167] calling  kvm_alloc_cpumask+0x0/0x74 @ 1
[    2.333217] initcall kvm_alloc_cpumask+0x0/0x74 returned 0 after 976 usecs
[    2.341169] calling  kcmp_cookies_init+0x0/0x37 @ 1
[    2.347190] initcall kcmp_cookies_init+0x0/0x37 returned 0 after 0 usecs
[    2.355169] calling  cryptomgr_init+0x0/0xc @ 1
[    2.360247] initcall cryptomgr_init+0x0/0xc returned 0 after 976 usecs
[    2.368168] calling  acpi_pci_init+0x0/0x57 @ 1
[    2.374172] ACPI: bus type PCI registered
[    2.380171] initcall acpi_pci_init+0x0/0x57 returned 0 after 5859 usecs
[    2.388168] calling  dma_channel_table_init+0x0/0xd1 @ 1
[    2.394178] initcall dma_channel_table_init+0x0/0xd1 returned 0 after 0 usecs
[    2.402171] calling  dma_bus_init+0x0/0xdc @ 1
[    2.407698] initcall dma_bus_init+0x0/0xdc returned 0 after 976 usecs
[    2.415184] calling  iommu_dma_init+0x0/0x10 @ 1
[    2.421169] initcall iommu_dma_init+0x0/0x10 returned 0 after 0 usecs
[    2.428166] calling  dmi_id_init+0x0/0x37c @ 1
[    2.432652] initcall dmi_id_init+0x0/0x37c returned 0 after 0 usecs
[    2.440173] calling  pci_arch_init+0x0/0x71 @ 1
[    2.447810] PCI: MMCONFIG for domain 0000 [bus 00-ff] at [mem 0xb0000000-0xbfffffff] (base 0xb0000000)
[    2.459174] PCI: MMCONFIG at [mem 0xb0000000-0xbfffffff] reserved in E820
[    2.470193] PCI: Using configuration type 1 for base access
[    2.477243] initcall pci_arch_init+0x0/0x71 returned 0 after 29296 usecs
[    2.485187] calling  init_vdso+0x0/0x13 @ 1
[    2.490172] initcall init_vdso+0x0/0x13 returned 0 after 0 usecs
[    2.497166] calling  sysenter_setup+0x0/0x13 @ 1
[    2.503217] initcall sysenter_setup+0x0/0x13 returned 0 after 0 usecs
[    2.510166] calling  fixup_ht_bug+0x0/0xe5 @ 1
[    2.516165] initcall fixup_ht_bug+0x0/0xe5 returned 0 after 0 usecs
[    2.523169] calling  topology_init+0x0/0x88 @ 1
[    2.529307] initcall topology_init+0x0/0x88 returned 0 after 0 usecs
[    2.536168] calling  intel_epb_init+0x0/0x68 @ 1
[    2.542167] initcall intel_epb_init+0x0/0x68 returned -19 after 0 usecs
[    2.550166] calling  mtrr_init_finialize+0x0/0x3e @ 1
[    2.556166] initcall mtrr_init_finialize+0x0/0x3e returned 0 after 0 usecs
[    2.564166] calling  uid_cache_init+0x0/0x85 @ 1
[    2.570175] initcall uid_cache_init+0x0/0x85 returned 0 after 0 usecs
[    2.578171] calling  param_sysfs_init+0x0/0x1ba @ 1
[    2.588652] initcall param_sysfs_init+0x0/0x1ba returned 0 after 2929 usecs
[    2.597182] calling  user_namespace_sysctl_init+0x0/0x33 @ 1
[    2.603203] initcall user_namespace_sysctl_init+0x0/0x33 returned 0 after 0 usecs
[    2.612166] calling  proc_schedstat_init+0x0/0x24 @ 1
[    2.618170] initcall proc_schedstat_init+0x0/0x24 returned 0 after 0 usecs
[    2.626167] calling  pm_sysrq_init+0x0/0x18 @ 1
[    2.633170] initcall pm_sysrq_init+0x0/0x18 returned 0 after 976 usecs
[    2.641456] calling  create_proc_profile+0x0/0xd0 @ 1
[    2.647168] initcall create_proc_profile+0x0/0xd0 returned 0 after 0 usecs
[    2.656170] calling  time_ns_init+0x0/0x7 @ 1
[    2.663169] initcall time_ns_init+0x0/0x7 returned 0 after 0 usecs
[    2.670168] calling  crash_save_vmcoreinfo_init+0x0/0x722 @ 1
[    2.678350] initcall crash_save_vmcoreinfo_init+0x0/0x722 returned 0 after 0 usecs
[    2.688171] calling  crash_notes_memory_init+0x0/0x35 @ 1
[    2.695173] initcall crash_notes_memory_init+0x0/0x35 returned 0 after 0 usecs
[    2.703166] calling  cgroup_sysfs_init+0x0/0x13 @ 1
[    2.709172] initcall cgroup_sysfs_init+0x0/0x13 returned 0 after 0 usecs
[    2.717168] calling  cgroup_namespaces_init+0x0/0x7 @ 1
[    2.723167] initcall cgroup_namespaces_init+0x0/0x7 returned 0 after 0 usecs
[    2.731167] calling  init_optprobes+0x0/0x13 @ 1
[    2.737185] Kprobes globally optimized
[    2.741166] initcall init_optprobes+0x0/0x13 returned 0 after 3906 usecs
[    2.749180] calling  oom_init+0x0/0x2f @ 1
[    2.755303] initcall oom_init+0x0/0x2f returned 0 after 976 usecs
[    2.762169] calling  default_bdi_init+0x0/0xb3 @ 1
[    2.768547] initcall default_bdi_init+0x0/0xb3 returned 0 after 976 usecs
[    2.777167] calling  percpu_enable_async+0x0/0xe @ 1
[    2.782165] initcall percpu_enable_async+0x0/0xe returned 0 after 0 usecs
[    2.789320] calling  kcompactd_init+0x0/0x8d @ 1
[    2.798556] initcall kcompactd_init+0x0/0x8d returned 0 after 2929 usecs
[    2.807170] calling  init_user_reserve+0x0/0x40 @ 1
[    2.813168] initcall init_user_reserve+0x0/0x40 returned 0 after 0 usecs
[    2.821168] calling  init_admin_reserve+0x0/0x40 @ 1
[    2.827167] initcall init_admin_reserve+0x0/0x40 returned 0 after 0 usecs
[    2.835171] calling  init_reserve_notifier+0x0/0x7 @ 1
[    2.841170] initcall init_reserve_notifier+0x0/0x7 returned 0 after 0 usecs
[    2.850169] calling  swap_init_sysfs+0x0/0x62 @ 1
[    2.856179] initcall swap_init_sysfs+0x0/0x62 returned 0 after 0 usecs
[    2.864169] calling  swapfile_init+0x0/0x94 @ 1
[    2.869169] initcall swapfile_init+0x0/0x94 returned 0 after 0 usecs
[    2.877168] calling  hugetlb_init+0x0/0x499 @ 1
[    2.884209] HugeTLB registered 2.00 MiB page size, pre-allocated 0 pages
[    2.892213] initcall hugetlb_init+0x0/0x499 returned 0 after 7812 usecs
[    2.900167] calling  io_wq_init+0x0/0x34 @ 1
[    2.905168] initcall io_wq_init+0x0/0x34 returned 0 after 0 usecs
[    2.912168] calling  seqiv_module_init+0x0/0xc @ 1
[    2.918169] initcall seqiv_module_init+0x0/0xc returned 0 after 0 usecs
[    2.926172] calling  echainiv_module_init+0x0/0xc @ 1
[    2.932170] initcall echainiv_module_init+0x0/0xc returned 0 after 0 usecs
[    2.940168] calling  rsa_init+0x0/0x50 @ 1
[    2.948169] initcall rsa_init+0x0/0x50 returned 0 after 1953 usecs
[    2.947827] cryptomgr_test (39) used greatest stack depth: 15504 bytes left
[    2.955173] calling  crypto_cmac_module_init+0x0/0xc @ 1
[    2.955177] initcall crypto_cmac_module_init+0x0/0xc returned 0 after 0 usecs
[    2.955179] calling  hmac_module_init+0x0/0xc @ 1
[    2.955181] initcall hmac_module_init+0x0/0xc returned 0 after 0 usecs
[    2.955343] calling  crypto_null_mod_init+0x0/0x65 @ 1
[    3.001531] cryptomgr_test (41) used greatest stack depth: 15440 bytes left
[    3.002330] initcall crypto_null_mod_init+0x0/0x65 returned 0 after 45898 usecs
[    3.010482] cryptomgr_test (42) used greatest stack depth: 15184 bytes left
[    3.027172] calling  md5_mod_init+0x0/0xc @ 1
[    3.034206] initcall md5_mod_init+0x0/0xc returned 0 after 1953 usecs
[    3.041172] calling  sha256_generic_mod_init+0x0/0x11 @ 1
[    3.051481] initcall sha256_generic_mod_init+0x0/0x11 returned 0 after 2929 usecs
[    3.059410] calling  crypto_cbc_module_init+0x0/0xc @ 1
[    3.066168] initcall crypto_cbc_module_init+0x0/0xc returned 0 after 0 usecs
[    3.074167] calling  crypto_ctr_module_init+0x0/0x11 @ 1
[    3.080168] initcall crypto_ctr_module_init+0x0/0x11 returned 0 after 0 usecs
[    3.088167] calling  crypto_gcm_module_init+0x0/0x64 @ 1
[    3.094200] initcall crypto_gcm_module_init+0x0/0x64 returned 0 after 0 usecs
[    3.102167] calling  crypto_ccm_module_init+0x0/0x11 @ 1
[    3.108167] initcall crypto_ccm_module_init+0x0/0x11 returned 0 after 0 usecs
[    3.116195] calling  aes_init+0x0/0xc @ 1
[    3.121569] initcall aes_init+0x0/0xc returned 0 after 976 usecs
[    3.128168] calling  crc32c_mod_init+0x0/0xc @ 1
[    3.136514] initcall crc32c_mod_init+0x0/0xc returned 0 after 976 usecs
[    3.144168] calling  crypto_authenc_module_init+0x0/0xc @ 1
[    3.150168] initcall crypto_authenc_module_init+0x0/0xc returned 0 after 0 usecs
[    3.158167] calling  crypto_authenc_esn_module_init+0x0/0xc @ 1
[    3.164169] initcall crypto_authenc_esn_module_init+0x0/0xc returned 0 after 0 usecs
[    3.173167] calling  drbg_init+0x0/0x7c @ 1
[    3.190176] initcall drbg_init+0x0/0x7c returned 0 after 11718 usecs
[    3.199197] calling  ghash_mod_init+0x0/0xc @ 1
[    3.207171] initcall ghash_mod_init+0x0/0xc returned 0 after 976 usecs
[    3.216174] calling  init_bio+0x0/0x9a @ 1
[    3.222374] initcall init_bio+0x0/0x9a returned 0 after 0 usecs
[    3.229168] calling  blk_settings_init+0x0/0x29 @ 1
[    3.235166] initcall blk_settings_init+0x0/0x29 returned 0 after 0 usecs
[    3.241169] calling  blk_ioc_init+0x0/0x29 @ 1
[    3.247180] initcall blk_ioc_init+0x0/0x29 returned 0 after 0 usecs
[    3.256175] calling  blk_mq_init+0x0/0xb9 @ 1
[    3.262171] initcall blk_mq_init+0x0/0xb9 returned 0 after 0 usecs
[    3.270168] calling  genhd_device_init+0x0/0x75 @ 1
[    3.277488] initcall genhd_device_init+0x0/0x75 returned 0 after 976 usecs
[    3.286171] calling  pci_slot_init+0x0/0x40 @ 1
[    3.292191] initcall pci_slot_init+0x0/0x40 returned 0 after 0 usecs
[    3.300169] calling  fbmem_init+0x0/0xd8 @ 1
[    3.306338] initcall fbmem_init+0x0/0xd8 returned 0 after 0 usecs
[    3.314849] calling  acpi_init+0x0/0x319 @ 1
[    3.322304] ACPI: Added _OSI(Module Device)
[    3.327165] ACPI: Added _OSI(Processor Device)
[    3.333165] ACPI: Added _OSI(3.0 _SCP Extensions)
[    3.338165] ACPI: Added _OSI(Processor Aggregator Device)
[    3.345166] ACPI: Added _OSI(Linux-Dell-Video)
[    3.348165] ACPI: Added _OSI(Linux-Lenovo-NV-HDMI-Audio)
[    3.356166] ACPI: Added _OSI(Linux-HPI-Hybrid-Graphics)
[    3.364309] ACPI: 1 ACPI AML tables successfully acquired and loaded
[    3.379413] ACPI: Interpreter enabled
[    3.384369] ACPI: (supports S0 S3 S4 S5)
[    3.389256] ACPI: Using IOAPIC for interrupt routing
[    3.396686] PCI: Using host bridge windows from ACPI; if necessary, use "pci=nocrs" and report a bug
[    3.409577] ACPI: Enabled 2 GPEs in block 00 to 3F
[    3.424662] ACPI: PCI Root Bridge [PCI0] (domain 0000 [bus 00-ff])
[    3.430671] acpi PNP0A08:00: _OSC: OS supports [ExtendedConfig ASPM ClockPM Segments MSI HPX-Type3]
[    3.442265] acpi PNP0A08:00: _OSC: platform does not support [LTR]
[    3.450299] acpi PNP0A08:00: _OSC: OS now controls [PME PCIeCapability]
[    3.458504] PCI host bridge to bus 0000:00
[    3.463186] pci_bus 0000:00: root bus resource [io  0x0000-0x0cf7 window]
[    3.472167] pci_bus 0000:00: root bus resource [io  0x0d00-0xffff window]
[    3.480170] pci_bus 0000:00: root bus resource [mem 0x000a0000-0x000bffff window]
[    3.485168] pci_bus 0000:00: root bus resource [mem 0x20000000-0xafffffff window]
[    3.494169] pci_bus 0000:00: root bus resource [mem 0xc0000000-0xfebfffff window]
[    3.504169] pci_bus 0000:00: root bus resource [mem 0x100000000-0x8ffffffff window]
[    3.514168] pci_bus 0000:00: root bus resource [bus 00-ff]
[    3.523013] pci 0000:00:00.0: calling  quirk_mmio_always_on+0x0/0x10 @ 1
[    3.530461] pci 0000:00:00.0: quirk_mmio_always_on+0x0/0x10 took 0 usecs
[    3.536170] pci 0000:00:00.0: [8086:29c0] type 00 class 0x060000
[    3.547393] pci 0000:00:00.0: calling  quirk_igfx_skip_te_disable+0x0/0x80 @ 1
[    3.558173] pci 0000:00:00.0: quirk_igfx_skip_te_disable+0x0/0x80 took 0 usecs
[    3.570166] pci 0000:00:01.0: [1234:1111] type 00 class 0x030000
[    3.589159] pci 0000:00:01.0: reg 0x10: [mem 0xfd000000-0xfdffffff pref]
[    3.618159] pci 0000:00:01.0: reg 0x18: [mem 0xfebf0000-0xfebf0fff]
[    3.656159] pci 0000:00:01.0: reg 0x30: [mem 0xfebe0000-0xfebeffff pref]
[    3.672978] pci 0000:00:01.0: calling  efifb_fixup_resources+0x0/0xf0 @ 1
[    3.681256] pci 0000:00:01.0: efifb_fixup_resources+0x0/0xf0 took 0 usecs
[    3.707806] pci 0000:00:1f.0: [8086:2918] type 00 class 0x060100
[    3.720429] pci 0000:00:1f.0: calling  quirk_ich7_lpc+0x0/0x60 @ 1
[    3.728414] pci 0000:00:1f.0: quirk: [io  0x0600-0x067f] claimed by ICH6 ACPI/GPIO/TCO
[    3.739171] pci 0000:00:1f.0: quirk_ich7_lpc+0x0/0x60 took 10742 usecs
[    3.746173] pci 0000:00:1f.0: calling  quirk_igfx_skip_te_disable+0x0/0x80 @ 1
[    3.754170] pci 0000:00:1f.0: quirk_igfx_skip_te_disable+0x0/0x80 took 0 usecs
[    3.767422] pci 0000:00:1f.2: [8086:2922] type 00 class 0x010601
[    3.782974] pci 0000:00:1f.2: reg 0x20: [io  0xc040-0xc05f]
[    3.792692] pci 0000:00:1f.2: reg 0x24: [mem 0xfebf1000-0xfebf1fff]
[    3.803298] pci 0000:00:1f.2: calling  quirk_igfx_skip_te_disable+0x0/0x80 @ 1
[    3.813178] pci 0000:00:1f.2: quirk_igfx_skip_te_disable+0x0/0x80 took 0 usecs
[    3.822509] pci 0000:00:1f.3: [8086:2930] type 00 class 0x0c0500
[    3.830777] pci 0000:00:1f.3: reg 0x20: [io  0x0700-0x073f]
[    3.841859] pci 0000:00:1f.3: calling  quirk_igfx_skip_te_disable+0x0/0x80 @ 1
[    3.847174] pci 0000:00:1f.3: quirk_igfx_skip_te_disable+0x0/0x80 took 0 usecs
[    3.865586] ACPI: PCI Interrupt Link [LNKA] (IRQs 5 *10 11)
[    3.874676] ACPI: PCI Interrupt Link [LNKB] (IRQs 5 *10 11)
[    3.881649] ACPI: PCI Interrupt Link [LNKC] (IRQs 5 10 *11)
[    3.889184] ACPI: PCI Interrupt Link [LNKD] (IRQs 5 10 *11)
[    3.897600] ACPI: PCI Interrupt Link [LNKE] (IRQs 5 *10 11)
[    3.904485] ACPI: PCI Interrupt Link [LNKF] (IRQs 5 *10 11)
[    3.912845] ACPI: PCI Interrupt Link [LNKG] (IRQs 5 10 *11)
[    3.915375] ACPI: PCI Interrupt Link [LNKH] (IRQs 5 10 *11)
[    3.924523] ACPI: PCI Interrupt Link [GSIA] (IRQs *16)
[    3.931184] ACPI: PCI Interrupt Link [GSIB] (IRQs *17)
[    3.937194] ACPI: PCI Interrupt Link [GSIC] (IRQs *18)
[    3.943180] ACPI: PCI Interrupt Link [GSID] (IRQs *19)
[    3.951280] ACPI: PCI Interrupt Link [GSIE] (IRQs *20)
[    3.957167] ACPI: PCI Interrupt Link [GSIF] (IRQs *21)
[    3.963204] ACPI: PCI Interrupt Link [GSIG] (IRQs *22)
[    3.969226] ACPI: PCI Interrupt Link [GSIH] (IRQs *23)
[    3.978428] initcall acpi_init+0x0/0x319 returned 0 after 642578 usecs
[    3.986309] calling  pnp_init+0x0/0xc @ 1
[    3.991242] initcall pnp_init+0x0/0xc returned 0 after 0 usecs
[    3.998168] calling  misc_init+0x0/0xbf @ 1
[    4.003468] initcall misc_init+0x0/0xbf returned 0 after 0 usecs
[    4.010187] calling  iommu_subsys_init+0x0/0x4e @ 1
[    4.017293] iommu: Default domain type: Translated 
[    4.022175] initcall iommu_subsys_init+0x0/0x4e returned 0 after 4882 usecs
[    4.031174] calling  vga_arb_device_init+0x0/0x261 @ 1
[    4.040308] pci 0000:00:01.0: vgaarb: setting as boot VGA device
[    4.041159] pci 0000:00:01.0: vgaarb: VGA device added: decodes=io+mem,owns=io+mem,locks=none
[    4.059177] pci 0000:00:01.0: vgaarb: bridge control possible
[    4.066169] vgaarb: loaded
[    4.070181] initcall vga_arb_device_init+0x0/0x261 returned 0 after 30273 usecs
[    4.079177] calling  cn_init+0x0/0xf0 @ 1
[    4.087737] initcall cn_init+0x0/0xf0 returned 0 after 2929 usecs
[    4.095307] calling  dma_buf_init+0x0/0xad @ 1
[    4.102733] initcall dma_buf_init+0x0/0xad returned 0 after 976 usecs
[    4.111175] calling  init_scsi+0x0/0x79 @ 1
[    4.121785] SCSI subsystem initialized
[    4.128175] initcall init_scsi+0x0/0x79 returned 0 after 10742 usecs
[    4.134173] calling  ata_init+0x0/0x332 @ 1
[    4.150039] libata version 3.00 loaded.
[    4.155175] initcall ata_init+0x0/0x332 returned 0 after 14648 usecs
[    4.162171] calling  phy_init+0x0/0x250 @ 1
[    4.169964] initcall phy_init+0x0/0x250 returned 0 after 1953 usecs
[    4.177169] calling  init_pcmcia_cs+0x0/0x35 @ 1
[    4.182252] initcall init_pcmcia_cs+0x0/0x35 returned 0 after 1953 usecs
[    4.191167] calling  usb_common_init+0x0/0x1c @ 1
[    4.198289] initcall usb_common_init+0x0/0x1c returned 0 after 0 usecs
[    4.205165] calling  usb_init+0x0/0x12e @ 1
[    4.211464] ACPI: bus type USB registered
[    4.217904] usbcore: registered new interface driver usbfs
[    4.225644] usbcore: registered new interface driver hub
[    4.232170] usbcore: registered new device driver usb
[    4.238168] initcall usb_init+0x0/0x12e returned 0 after 26367 usecs
[    4.242170] calling  serio_init+0x0/0x29 @ 1
[    4.246342] initcall serio_init+0x0/0x29 returned 0 after 0 usecs
[    4.253167] calling  input_init+0x0/0xf6 @ 1
[    4.259528] initcall input_init+0x0/0xf6 returned 0 after 0 usecs
[    4.265168] calling  rtc_init+0x0/0x4d @ 1
[    4.271177] initcall rtc_init+0x0/0x4d returned 0 after 0 usecs
[    4.278184] calling  pps_init+0x0/0xa9 @ 1
[    4.283318] pps_core: LinuxPPS API ver. 1 registered
[    4.290164] pps_core: Software ver. 5.3.6 - Copyright 2005-2007 Rodolfo Giometti <giometti@linux.it>
[    4.302171] initcall pps_init+0x0/0xa9 returned 0 after 18554 usecs
[    4.309167] calling  ptp_init+0x0/0x98 @ 1
[    4.314309] PTP clock support registered
[    4.319165] initcall ptp_init+0x0/0x98 returned 0 after 4882 usecs
[    4.326166] calling  power_supply_class_init+0x0/0x3f @ 1
[    4.333481] initcall power_supply_class_init+0x0/0x3f returned 0 after 976 usecs
[    4.343421] calling  hwmon_init+0x0/0x104 @ 1
[    4.349470] initcall hwmon_init+0x0/0x104 returned 0 after 0 usecs
[    4.357168] calling  md_init+0x0/0x16b @ 1
[    4.366263] initcall md_init+0x0/0x16b returned 0 after 3906 usecs
[    4.374169] calling  leds_init+0x0/0x3b @ 1
[    4.379298] initcall leds_init+0x0/0x3b returned 0 after 0 usecs
[    4.387168] calling  dmi_init+0x0/0x113 @ 1
[    4.393780] initcall dmi_init+0x0/0x113 returned 0 after 976 usecs
[    4.401168] calling  efisubsys_init+0x0/0x4e7 @ 1
[    4.408315] initcall efisubsys_init+0x0/0x4e7 returned 0 after 0 usecs
[    4.418300] calling  nvmem_init+0x0/0xc @ 1
[    4.425231] initcall nvmem_init+0x0/0xc returned 0 after 0 usecs
[    4.434168] calling  init_soundcore+0x0/0x33 @ 1
[    4.441255] initcall init_soundcore+0x0/0x33 returned 0 after 0 usecs
[    4.451168] calling  alsa_sound_init+0x0/0x8f @ 1
[    4.456821] Advanced Linux Sound Architecture Driver Initialized.
[    4.467170] initcall alsa_sound_init+0x0/0x8f returned 0 after 10742 usecs
[    4.476170] calling  alsa_seq_device_init+0x0/0x71 @ 1
[    4.484393] initcall alsa_seq_device_init+0x0/0x71 returned 0 after 0 usecs
[    4.492173] calling  hda_bus_init+0x0/0xc @ 1
[    4.498178] initcall hda_bus_init+0x0/0xc returned 0 after 0 usecs
[    4.506171] calling  proto_init+0x0/0xc @ 1
[    4.510172] initcall proto_init+0x0/0xc returned 0 after 1953 usecs
[    4.518171] calling  net_dev_init+0x0/0x209 @ 1
[    4.532868] initcall net_dev_init+0x0/0x209 returned 0 after 8789 usecs
[    4.542169] calling  neigh_init+0x0/0x84 @ 1
[    4.548172] initcall neigh_init+0x0/0x84 returned 0 after 0 usecs
[    4.557169] calling  fib_notifier_init+0x0/0xc @ 1
[    4.561382] initcall fib_notifier_init+0x0/0xc returned 0 after 0 usecs
[    4.569169] calling  fib_rules_init+0x0/0xab @ 1
[    4.575166] initcall fib_rules_init+0x0/0xab returned 0 after 0 usecs
[    4.580168] calling  pktsched_init+0x0/0x10e @ 1
[    4.585474] initcall pktsched_init+0x0/0x10e returned 0 after 0 usecs
[    4.592168] calling  tc_filter_init+0x0/0xfa @ 1
[    4.599287] initcall tc_filter_init+0x0/0xfa returned 0 after 0 usecs
[    4.606166] calling  tc_action_init+0x0/0x54 @ 1
[    4.613167] initcall tc_action_init+0x0/0x54 returned 0 after 0 usecs
[    4.617167] calling  ethnl_init+0x0/0x52 @ 1
[    4.622798] initcall ethnl_init+0x0/0x52 returned 0 after 0 usecs
[    4.630169] calling  nexthop_init+0x0/0xd8 @ 1
[    4.635165] initcall nexthop_init+0x0/0xd8 returned 0 after 0 usecs
[    4.643167] calling  cipso_v4_init+0x0/0x5d @ 1
[    4.645766] initcall cipso_v4_init+0x0/0x5d returned 0 after 2929 usecs
[    4.655433] calling  ieee80211_init+0x0/0x24 @ 1
[    4.660167] initcall ieee80211_init+0x0/0x24 returned 0 after 0 usecs
[    4.670175] calling  netlbl_init+0x0/0x78 @ 1
[    4.675326] NetLabel: Initializing
[    4.678164] NetLabel:  domain hash size = 128
[    4.682163] NetLabel:  protocols = UNLABELED CIPSOv4 CALIPSO
[    4.691162] NetLabel:  unlabeled traffic allowed by default
[    4.698170] initcall netlbl_init+0x0/0x78 returned 0 after 22460 usecs
[    4.705169] calling  rfkill_init+0x0/0x111 @ 1
[    4.714320] initcall rfkill_init+0x0/0x111 returned 0 after 5859 usecs
[    4.722177] calling  pci_subsys_init+0x0/0x66 @ 1
[    4.728570] PCI: Using ACPI for IRQ routing
[    5.476688] PCI: pci_cache_line_size set to 64 bytes
[    5.479243] e820: reserve RAM buffer [mem 0x0009fc00-0x0009ffff]
[    5.480360] e820: reserve RAM buffer [mem 0x1ffdf000-0x1fffffff]
[    5.482551] initcall pci_subsys_init+0x0/0x66 returned 0 after 736328 usecs
[    5.484351] calling  nmi_warning_debugfs+0x0/0x26 @ 1
[    5.486246] initcall nmi_warning_debugfs+0x0/0x26 returned 0 after 976 usecs
[    5.487188] calling  save_microcode_in_initrd+0x0/0x51 @ 1
[    5.489309] initcall save_microcode_in_initrd+0x0/0x51 returned 0 after 976 usecs
[    5.490167] calling  hpet_late_init+0x0/0x20a @ 1
[    5.491660] hpet: 3 channels of 0 reserved for per-cpu timers
[    5.492454] hpet0: at MMIO 0xfed00000, IRQs 2, 8, 0
[    5.493164] hpet0: 3 comparators, 64-bit 100.000000 MHz counter
[    5.496168] initcall hpet_late_init+0x0/0x20a returned 0 after 4882 usecs
[    5.497167] calling  init_amd_nbs+0x0/0x11c @ 1
[    5.499280] initcall init_amd_nbs+0x0/0x11c returned 0 after 976 usecs
[    5.500185] calling  clocksource_done_booting+0x0/0x41 @ 1
[    5.502477] clocksource: Switched to clocksource kvm-clock
[    5.511618] initcall clocksource_done_booting+0x0/0x41 returned 0 after 10206 usecs
[    5.523485] calling  tracer_init_tracefs+0x0/0x242 @ 1
[    5.734064] initcall tracer_init_tracefs+0x0/0x242 returned 0 after 197556 usecs
[    5.743707] calling  init_trace_printk_function_export+0x0/0x2c @ 1
[    5.751317] initcall init_trace_printk_function_export+0x0/0x2c returned 0 after 9 usecs
[    5.760991] calling  init_kprobe_trace+0x0/0x1a9 @ 1
[    5.767313] initcall init_kprobe_trace+0x0/0x1a9 returned 0 after 10 usecs
[    5.775685] calling  init_dynamic_event+0x0/0x3d @ 1
[    5.781743] initcall init_dynamic_event+0x0/0x3d returned 0 after 8 usecs
[    5.789841] calling  init_uprobe_trace+0x0/0x5c @ 1
[    5.795868] initcall init_uprobe_trace+0x0/0x5c returned 0 after 46 usecs
[    5.804233] calling  init_pipe_fs+0x0/0x44 @ 1
[    5.809856] initcall init_pipe_fs+0x0/0x44 returned 0 after 247 usecs
[    5.817901] calling  inotify_user_setup+0x0/0x47 @ 1
[    5.824096] initcall inotify_user_setup+0x0/0x47 returned 0 after 80 usecs
[    5.832934] calling  eventpoll_init+0x0/0xd4 @ 1
[    5.840811] initcall eventpoll_init+0x0/0xd4 returned 0 after 135 usecs
[    5.848698] calling  anon_inode_init+0x0/0x58 @ 1
[    5.854862] initcall anon_inode_init+0x0/0x58 returned 0 after 73 usecs
[    5.862771] calling  proc_locks_init+0x0/0x27 @ 1
[    5.868600] initcall proc_locks_init+0x0/0x27 returned 0 after 209 usecs
[    5.876537] calling  iomap_init+0x0/0x1b @ 1
[    5.883533] initcall iomap_init+0x0/0x1b returned 0 after 1793 usecs
[    5.891259] calling  dquot_init+0x0/0x106 @ 1
[    5.896567] VFS: Disk quotas dquot_6.6.0
[    5.901530] VFS: Dquot-cache hash table entries: 512 (order 0, 4096 bytes)
[    5.909620] initcall dquot_init+0x0/0x106 returned 0 after 12744 usecs
[    5.917215] calling  quota_init+0x0/0x23 @ 1
[    5.922829] initcall quota_init+0x0/0x23 returned 0 after 549 usecs
[    5.930412] calling  proc_cmdline_init+0x0/0x21 @ 1
[    5.936153] initcall proc_cmdline_init+0x0/0x21 returned 0 after 17 usecs
[    5.944107] calling  proc_consoles_init+0x0/0x24 @ 1
[    5.949981] initcall proc_consoles_init+0x0/0x24 returned 0 after 35 usecs
[    5.957998] calling  proc_cpuinfo_init+0x0/0x1e @ 1
[    5.963880] initcall proc_cpuinfo_init+0x0/0x1e returned 0 after 2 usecs
[    5.971699] calling  proc_devices_init+0x0/0x24 @ 1
[    5.977469] initcall proc_devices_init+0x0/0x24 returned 0 after 24 usecs
[    5.985439] calling  proc_interrupts_init+0x0/0x24 @ 1
[    5.991568] initcall proc_interrupts_init+0x0/0x24 returned 0 after 3 usecs
[    5.999866] calling  proc_loadavg_init+0x0/0x21 @ 1
[    6.005595] initcall proc_loadavg_init+0x0/0x21 returned 0 after 2 usecs
[    6.014070] calling  proc_meminfo_init+0x0/0x21 @ 1
[    6.020311] initcall proc_meminfo_init+0x0/0x21 returned 0 after 3 usecs
[    6.028521] calling  proc_stat_init+0x0/0x1e @ 1
[    6.034029] initcall proc_stat_init+0x0/0x1e returned 0 after 4 usecs
[    6.041627] calling  proc_uptime_init+0x0/0x21 @ 1
[    6.047478] initcall proc_uptime_init+0x0/0x21 returned 0 after 3 usecs
[    6.056192] calling  proc_version_init+0x0/0x21 @ 1
[    6.062148] initcall proc_version_init+0x0/0x21 returned 0 after 4 usecs
[    6.070068] calling  proc_softirqs_init+0x0/0x21 @ 1
[    6.075982] initcall proc_softirqs_init+0x0/0x21 returned 0 after 3 usecs
[    6.084133] calling  proc_kcore_init+0x0/0xea @ 1
[    6.090978] initcall proc_kcore_init+0x0/0xea returned 0 after 31 usecs
[    6.099539] calling  vmcore_init+0x0/0x578 @ 1
[    6.105273] initcall vmcore_init+0x0/0x578 returned 0 after 108 usecs
[    6.113259] calling  proc_kmsg_init+0x0/0x21 @ 1
[    6.118984] initcall proc_kmsg_init+0x0/0x21 returned 0 after 6 usecs
[    6.126859] calling  proc_page_init+0x0/0x3b @ 1
[    6.132881] initcall proc_page_init+0x0/0x3b returned 0 after 5 usecs
[    6.141026] calling  init_ramfs_fs+0x0/0xc @ 1
[    6.146414] initcall init_ramfs_fs+0x0/0xc returned 0 after 255 usecs
[    6.154328] calling  init_hugetlbfs_fs+0x0/0xf6 @ 1
[    6.162713] initcall init_hugetlbfs_fs+0x0/0xf6 returned 0 after 2351 usecs
[    6.171508] calling  blk_scsi_ioctl_init+0x0/0x2a5 @ 1
[    6.177785] initcall blk_scsi_ioctl_init+0x0/0x2a5 returned 0 after 34 usecs
[    6.186084] calling  acpi_event_init+0x0/0x2c @ 1
[    6.191859] initcall acpi_event_init+0x0/0x2c returned 0 after 72 usecs
[    6.199773] calling  pnp_system_init+0x0/0xc @ 1
[    6.205727] initcall pnp_system_init+0x0/0xc returned 0 after 412 usecs
[    6.213591] calling  pnpacpi_init+0x0/0x69 @ 1
[    6.219976] pnp: PnP ACPI init
[    6.229817] pnp 00:00: Plug and Play ACPI device, IDs PNP0303 (active)
[    6.239350] pnp 00:01: Plug and Play ACPI device, IDs PNP0f13 (active)
[    6.248878] pnp 00:02: Plug and Play ACPI device, IDs PNP0400 (active)
[    6.258476] pnp 00:03: Plug and Play ACPI device, IDs PNP0501 (active)
[    6.267163] pnp 00:04: Plug and Play ACPI device, IDs PNP0b00 (active)
[    6.274999] system 00:05: [mem 0xb0000000-0xbfffffff window] has been reserved
[    6.283348] system 00:05: Plug and Play ACPI device, IDs PNP0c01 (active)
[    6.292426] pnp: PnP ACPI: found 6 devices
[    6.297386] initcall pnpacpi_init+0x0/0x69 returned 0 after 75638 usecs
[    6.305309] calling  chr_dev_init+0x0/0x14d @ 1
[    6.404477] initcall chr_dev_init+0x0/0x14d returned 0 after 91523 usecs
[    6.412576] calling  firmware_class_init+0x0/0xe7 @ 1
[    6.419414] initcall firmware_class_init+0x0/0xe7 returned 0 after 553 usecs
[    6.428904] calling  init_pcmcia_bus+0x0/0x5b @ 1
[    6.434382] initcall init_pcmcia_bus+0x0/0x5b returned 0 after 105 usecs
[    6.442316] calling  init_acpi_pm_clocksource+0x0/0xda @ 1
[    6.454353] clocksource: acpi_pm: mask: 0xffffff max_cycles: 0xffffff, max_idle_ns: 2085701024 ns
[    6.464702] initcall init_acpi_pm_clocksource+0x0/0xda returned 0 after 15673 usecs
[    6.473428] calling  sysctl_core_init+0x0/0x26 @ 1
[    6.479412] initcall sysctl_core_init+0x0/0x26 returned 0 after 225 usecs
[    6.487222] calling  eth_offload_init+0x0/0x13 @ 1
[    6.492863] initcall eth_offload_init+0x0/0x13 returned 0 after 62 usecs
[    6.500789] calling  ipv4_offload_init+0x0/0x73 @ 1
[    6.506646] initcall ipv4_offload_init+0x0/0x73 returned 0 after 86 usecs
[    6.514425] calling  inet_init+0x0/0x276 @ 1
[    6.519682] NET: Registered protocol family 2
[    6.525524] IP idents hash table entries: 8192 (order: 4, 65536 bytes, linear)
[    6.536453] tcp_listen_portaddr_hash hash table entries: 256 (order: 0, 4096 bytes, linear)
[    6.547353] TCP established hash table entries: 4096 (order: 3, 32768 bytes, linear)
[    6.556773] TCP bind hash table entries: 4096 (order: 4, 65536 bytes, linear)
[    6.566592] TCP: Hash tables configured (established 4096 bind 4096)
[    6.576978] UDP hash table entries: 256 (order: 1, 8192 bytes, linear)
[    6.584484] UDP-Lite hash table entries: 256 (order: 1, 8192 bytes, linear)
[    6.592868] initcall inet_init+0x0/0x276 returned 0 after 71641 usecs
[    6.600386] calling  af_unix_init+0x0/0x4d @ 1
[    6.605693] NET: Registered protocol family 1
[    6.611393] initcall af_unix_init+0x0/0x4d returned 0 after 5581 usecs
[    6.621038] calling  ipv6_offload_init+0x0/0x7e @ 1
[    6.628310] initcall ipv6_offload_init+0x0/0x7e returned 0 after 46 usecs
[    6.638350] calling  init_sunrpc+0x0/0x65 @ 1
[    6.650120] RPC: Registered named UNIX socket transport module.
[    6.658506] RPC: Registered udp transport module.
[    6.664081] RPC: Registered tcp transport module.
[    6.669635] RPC: Registered tcp NFSv4.1 backchannel transport module.
[    6.677343] initcall init_sunrpc+0x0/0x65 returned 0 after 32634 usecs
[    6.685464] calling  cfg80211_init+0x0/0xc5 @ 1
[    6.693682] initcall cfg80211_init+0x0/0xc5 returned 0 after 2524 usecs
[    6.702139] calling  pcibios_assign_resources+0x0/0xbf @ 1
[    6.709091] pci_bus 0000:00: resource 4 [io  0x0000-0x0cf7 window]
[    6.716569] pci_bus 0000:00: resource 5 [io  0x0d00-0xffff window]
[    6.723842] pci_bus 0000:00: resource 6 [mem 0x000a0000-0x000bffff window]
[    6.732797] pci_bus 0000:00: resource 7 [mem 0x20000000-0xafffffff window]
[    6.741159] pci_bus 0000:00: resource 8 [mem 0xc0000000-0xfebfffff window]
[    6.749758] pci_bus 0000:00: resource 9 [mem 0x100000000-0x8ffffffff window]
[    6.758111] initcall pcibios_assign_resources+0x0/0xbf returned 0 after 48020 usecs
[    6.767835] calling  pci_apply_final_quirks+0x0/0x124 @ 1
[    6.775055] pci 0000:00:01.0: calling  pci_fixup_video+0x0/0xe0 @ 1
[    6.783029] pci 0000:00:01.0: Video device with shadowed ROM at [mem 0x000c0000-0x000dffff]
[    6.793079] pci 0000:00:01.0: pci_fixup_video+0x0/0xe0 took 10120 usecs
[    6.801477] PCI: CLS 0 bytes, default 64
[    6.806150] initcall pci_apply_final_quirks+0x0/0x124 returned 0 after 30661 usecs
[    6.815121] calling  acpi_reserve_resources+0x0/0xea @ 1
[    6.821494] initcall acpi_reserve_resources+0x0/0xea returned 0 after 36 usecs
[    6.830162] calling  populate_rootfs+0x0/0x102 @ 1
[    6.836930] initcall populate_rootfs+0x0/0x102 returned 0 after 864 usecs
[    6.845142] calling  pci_iommu_init+0x0/0x3e @ 1
[    6.850793] initcall pci_iommu_init+0x0/0x3e returned 0 after 34 usecs
[    6.858507] calling  ia32_binfmt_init+0x0/0x13 @ 1
[    6.864231] initcall ia32_binfmt_init+0x0/0x13 returned 0 after 5 usecs
[    6.871998] calling  rapl_pmu_init+0x0/0x267 @ 1
[    6.877476] initcall rapl_pmu_init+0x0/0x267 returned -19 after 40 usecs
[    6.885226] calling  amd_uncore_init+0x0/0x310 @ 1
[    6.891859] initcall amd_uncore_init+0x0/0x310 returned -19 after 0 usecs
[    6.900921] calling  amd_ibs_init+0x0/0x27b @ 1
[    6.906171] initcall amd_ibs_init+0x0/0x27b returned -19 after 0 usecs
[    6.913716] calling  amd_iommu_pc_init+0x0/0x215 @ 1
[    6.919562] initcall amd_iommu_pc_init+0x0/0x215 returned -19 after 0 usecs
[    6.927600] calling  msr_init+0x0/0x55 @ 1
[    6.932408] initcall msr_init+0x0/0x55 returned 0 after 81 usecs
[    6.940034] calling  intel_uncore_init+0x0/0x36f @ 1
[    6.945900] initcall intel_uncore_init+0x0/0x36f returned -19 after 26 usecs
[    6.955370] calling  cstate_pmu_init+0x0/0x1a1 @ 1
[    6.962611] initcall cstate_pmu_init+0x0/0x1a1 returned -19 after 2 usecs
[    6.972509] calling  register_kernel_offset_dumper+0x0/0x1a @ 1
[    6.981100] initcall register_kernel_offset_dumper+0x0/0x1a returned 0 after 1 usecs
[    6.989953] calling  i8259A_init_ops+0x0/0x20 @ 1
[    6.995482] initcall i8259A_init_ops+0x0/0x20 returned 0 after 1 usecs
[    7.003068] calling  init_tsc_clocksource+0x0/0xa4 @ 1
[    7.009056] clocksource: tsc: mask: 0xffffffffffffffff max_cycles: 0x39a85afc727, max_idle_ns: 881590685098 ns
[    7.020743] initcall init_tsc_clocksource+0x0/0xa4 returned 0 after 11411 usecs
[    7.029066] calling  add_rtc_cmos+0x0/0xb0 @ 1
[    7.034314] initcall add_rtc_cmos+0x0/0xb0 returned 0 after 48 usecs
[    7.041718] calling  i8237A_init_ops+0x0/0x3a @ 1
[    7.047382] initcall i8237A_init_ops+0x0/0x3a returned 0 after 71 usecs
[    7.055326] calling  umwait_init+0x0/0x94 @ 1
[    7.060519] initcall umwait_init+0x0/0x94 returned -19 after 14 usecs
[    7.068327] calling  thermal_throttle_init_device+0x0/0x3d @ 1
[    7.075366] initcall thermal_throttle_init_device+0x0/0x3d returned 0 after 26 usecs
[    7.084593] calling  msr_init+0x0/0xd7 @ 1
[    7.096419] initcall msr_init+0x0/0xd7 returned 0 after 6531 usecs
[    7.104128] calling  cpuid_init+0x0/0xd7 @ 1
[    7.129312] initcall cpuid_init+0x0/0xd7 returned 0 after 13254 usecs
[    7.137106] calling  ioapic_init_ops+0x0/0x13 @ 1
[    7.142738] initcall ioapic_init_ops+0x0/0x13 returned 0 after 41 usecs
[    7.150574] calling  add_pcspkr+0x0/0x6c @ 1
[    7.156076] initcall add_pcspkr+0x0/0x6c returned 0 after 272 usecs
[    7.163717] calling  start_periodic_check_for_corruption+0x0/0x30 @ 1
[    7.171539] check: Scanning for low memory corruption every 60 seconds
[    7.179515] initcall start_periodic_check_for_corruption+0x0/0x30 returned 0 after 7809 usecs
[    7.191163] calling  sysfb_init+0x0/0x9c @ 1
[    7.196530] initcall sysfb_init+0x0/0x9c returned 0 after 271 usecs
[    7.204110] calling  audit_classes_init+0x0/0xae @ 1
[    7.210143] initcall audit_classes_init+0x0/0xae returned 0 after 102 usecs
[    7.218481] calling  iosf_mbi_init+0x0/0x24 @ 1
[    7.224944] initcall iosf_mbi_init+0x0/0x24 returned 0 after 776 usecs
[    7.232767] calling  proc_execdomains_init+0x0/0x21 @ 1
[    7.239471] initcall proc_execdomains_init+0x0/0x21 returned 0 after 178 usecs
[    7.248126] calling  register_warn_debugfs+0x0/0x23 @ 1
[    7.254766] initcall register_warn_debugfs+0x0/0x23 returned 0 after 256 usecs
[    7.263704] calling  cpuhp_sysfs_init+0x0/0x79 @ 1
[    7.269827] initcall cpuhp_sysfs_init+0x0/0x79 returned 0 after 269 usecs
[    7.278761] calling  ioresources_init+0x0/0x49 @ 1
[    7.284270] initcall ioresources_init+0x0/0x49 returned 0 after 5 usecs
[    7.293331] calling  snapshot_device_init+0x0/0xc @ 1
[    7.301142] initcall snapshot_device_init+0x0/0xc returned 0 after 1360 usecs
[    7.310293] calling  irq_pm_init_ops+0x0/0x13 @ 1
[    7.315878] initcall irq_pm_init_ops+0x0/0x13 returned 0 after 17 usecs
[    7.323802] calling  rcu_torture_init+0x0/0x9a6 @ 1
[    7.331793] tasks-tracing-torture:--- Start of test: nreaders=3 nfakewriters=4 stat_interval=15 verbose=1 test_no_idle_hz=1 shuffle_interval=3 stutter=5 irqreader=1 fqs_duration=0 fqs_holdoff=0 fqs_stutter=3 test_boost=1/0 test_boost_interval=7 test_boost_duration=4 shutdown_secs=1800 stall_cpu=0 stall_cpu_holdoff=10 stall_cpu_irqsoff=0 stall_cpu_block=0 n_barrier_cbs=4 onoff_interval=1000 onoff_holdoff=30 read_exit_delay=13 read_exit_burst=16
[    7.391916] tasks-tracing:  Start-test grace-period state: g0 f0x0
[    7.401459] tasks-tracing-torture: Creating rcu_torture_writer task
[    7.412121] tasks-tracing-torture: Creating rcu_torture_fakewriter task
[    7.412605] tasks-tracing-torture: rcu_torture_writer task started
[    7.421717] tasks-tracing-torture: Creating rcu_torture_fakewriter task
[    7.421919] tasks-tracing-torture: rcu_torture_fakewriter task started
[    7.427582] tasks-tracing-torture: GP expediting controlled from boot/sysfs for tasks-tracing.
[    7.437174] tasks-tracing-torture: Creating rcu_torture_fakewriter task
[    7.437527] tasks-tracing-torture: rcu_torture_fakewriter task started
[    7.443555] rcu_torture_writer: Testing expedited GPs.
[    7.455643] tasks-tracing-torture: Creating rcu_torture_fakewriter task
[    7.455961] tasks-tracing-torture: rcu_torture_fakewriter task started
[    7.461587] rcu_torture_writer: Testing asynchronous GPs.
[    7.461588] rcu_torture_writer: Testing normal GPs.
[    7.505140] tasks-tracing-torture: Creating rcu_torture_reader task
[    7.505489] tasks-tracing-torture: rcu_torture_fakewriter task started
[    7.515331] tasks-tracing-torture: Creating rcu_torture_reader task
[    7.515576] tasks-tracing-torture: rcu_torture_reader task started
[    7.537398] tasks-tracing-torture: Creating rcu_torture_reader task
[    7.537698] tasks-tracing-torture: rcu_torture_reader task started
[    7.545572] tasks-tracing-torture: Creating rcu_torture_stats task
[    7.545602] tasks-tracing-torture: rcu_torture_reader task started
[    7.567595] tasks-tracing-torture: Creating torture_shuffle task
[    7.573288] tasks-tracing-torture: rcu_torture_stats task started
[    7.574971] tasks-tracing-torture: Creating torture_stutter task
[    7.581335] tasks-tracing-torture: torture_shuffle task started
[    7.600807] tasks-tracing-torture: Creating torture_shutdown task
[    7.600816] tasks-tracing-torture: torture_stutter task started
[    7.609906] tasks-tracing-torture: Creating torture_onoff task
[    7.610510] tasks-tracing-torture: torture_shutdown task started
[    7.610512] tasks-tracing-torture:torture_shutdown task: 1799990 ms remaining
[    7.641746] tasks-tracing-torture: rcu_torture_fwd_prog_init: Disabled, unsupported by RCU flavor under test
[    7.642139] tasks-tracing-torture: torture_onoff task started
[    7.653358] tasks-tracing-torture: Creating rcu_torture_barrier_cbs task
[    7.660266] tasks-tracing-torture: torture_onoff begin holdoff
[    7.676589] tasks-tracing-torture: Creating rcu_torture_barrier_cbs task
[    7.676609] tasks-tracing-torture: rcu_torture_barrier_cbs task started
[    7.684839] tasks-tracing-torture: Creating rcu_torture_barrier_cbs task
[    7.684876] tasks-tracing-torture: rcu_torture_barrier_cbs task started
[    7.710109] tasks-tracing-torture: Creating rcu_torture_barrier_cbs task
[    7.710137] tasks-tracing-torture: rcu_torture_barrier_cbs task started
[    7.720540] tasks-tracing-torture: Creating rcu_torture_barrier task
[    7.720568] tasks-tracing-torture: rcu_torture_barrier_cbs task started
[    7.742638] tasks-tracing-torture: Creating rcu_torture_read_exit task
[    7.742755] tasks-tracing-torture: rcu_torture_barrier task starting
[    7.751767] tasks-tracing-torture: rcu_torture_read_exit: Start of test
[    7.751786] initcall rcu_torture_init+0x0/0x9a6 returned 0 after 410727 usecs
[    7.751790] calling  timekeeping_init_ops+0x0/0x13 @ 1
[    7.751804] initcall timekeeping_init_ops+0x0/0x13 returned 0 after 10 usecs
[    7.751806] calling  init_clocksource_sysfs+0x0/0x23 @ 1
[    7.752004] initcall init_clocksource_sysfs+0x0/0x23 returned 0 after 190 usecs
[    7.752007] calling  init_timer_list_procfs+0x0/0x31 @ 1
[    7.752038] initcall init_timer_list_procfs+0x0/0x31 returned 0 after 27 usecs
[    7.752040] calling  alarmtimer_init+0x0/0xc7 @ 1
[    7.752262] initcall alarmtimer_init+0x0/0xc7 returned 0 after 213 usecs
[    7.752264] calling  init_posix_timers+0x0/0x29 @ 1
[    7.752324] initcall init_posix_timers+0x0/0x29 returned 0 after 55 usecs
[    7.752326] calling  clockevents_init_sysfs+0x0/0xbf @ 1
[    7.752447] initcall clockevents_init_sysfs+0x0/0xbf returned 0 after 115 usecs
[    7.752449] calling  proc_dma_init+0x0/0x21 @ 1
[    7.752463] initcall proc_dma_init+0x0/0x21 returned 0 after 11 usecs
[    7.752465] calling  proc_modules_init+0x0/0x1e @ 1
[    7.752469] initcall proc_modules_init+0x0/0x1e returned 0 after 1 usecs
[    7.752471] calling  kallsyms_init+0x0/0x21 @ 1
[    7.752486] initcall kallsyms_init+0x0/0x21 returned 0 after 1 usecs
[    7.752489] calling  pid_namespaces_init+0x0/0x2c @ 1
[    7.752655] initcall pid_namespaces_init+0x0/0x2c returned 0 after 159 usecs
[    7.752657] calling  audit_watch_init+0x0/0x37 @ 1
[    7.752660] initcall audit_watch_init+0x0/0x37 returned 0 after 0 usecs
[    7.752663] calling  audit_fsnotify_init+0x0/0x37 @ 1
[    7.752665] initcall audit_fsnotify_init+0x0/0x37 returned 0 after 0 usecs
[    7.752667] calling  audit_tree_init+0x0/0x6d @ 1
[    7.752692] initcall audit_tree_init+0x0/0x6d returned 0 after 22 usecs
[    7.752694] calling  seccomp_sysctl_init+0x0/0x2b @ 1
[    7.752747] initcall seccomp_sysctl_init+0x0/0x2b returned 0 after 49 usecs
[    7.752749] calling  utsname_sysctl_init+0x0/0x13 @ 1
[    7.752820] initcall utsname_sysctl_init+0x0/0x13 returned 0 after 66 usecs
[    7.752822] calling  init_tracepoints+0x0/0x27 @ 1
[    7.752856] initcall init_tracepoints+0x0/0x27 returned 0 after 30 usecs
[    7.752878] calling  init_blk_tracer+0x0/0x50 @ 1
[    7.753707] initcall init_blk_tracer+0x0/0x50 returned 0 after 806 usecs
[    7.753709] calling  perf_event_sysfs_init+0x0/0x81 @ 1
[    7.754039] initcall perf_event_sysfs_init+0x0/0x81 returned 0 after 319 usecs
[    7.754040] calling  system_trusted_keyring_init+0x0/0x60 @ 1
[    7.754042] Initialise system trusted keyrings
[    7.754088] initcall system_trusted_keyring_init+0x0/0x60 returned 0 after 44 usecs
[    7.754089] calling  kswapd_init+0x0/0x5c @ 1
[    7.755352] initcall kswapd_init+0x0/0x5c returned 0 after 1224 usecs
[    7.755356] calling  extfrag_debug_init+0x0/0x54 @ 1
[    7.755369] initcall extfrag_debug_init+0x0/0x54 returned 0 after 11 usecs
[    7.755371] calling  mm_compute_batch_init+0x0/0x12 @ 1
[    7.755387] initcall mm_compute_batch_init+0x0/0x12 returned 0 after 14 usecs
[    7.755401] calling  slab_proc_init+0x0/0x21 @ 1
[    7.755428] initcall slab_proc_init+0x0/0x21 returned 0 after 25 usecs
[    7.755430] calling  workingset_init+0x0/0x8c @ 1
[    7.755431] workingset: timestamp_bits=56 max_order=17 bucket_order=0
[    7.755533] initcall workingset_init+0x0/0x8c returned 0 after 98 usecs
[    7.755534] calling  proc_vmalloc_init+0x0/0x32 @ 1
[    7.755564] initcall proc_vmalloc_init+0x0/0x32 returned 0 after 27 usecs
[    7.755566] calling  procswaps_init+0x0/0x1e @ 1
[    7.755595] initcall procswaps_init+0x0/0x1e returned 0 after 26 usecs
[    7.755597] calling  slab_sysfs_init+0x0/0xea @ 1
[    7.759426] initcall slab_sysfs_init+0x0/0xea returned 0 after 3733 usecs
[    7.759429] calling  fcntl_init+0x0/0x29 @ 1
[    7.759447] initcall fcntl_init+0x0/0x29 returned 0 after 15 usecs
[    7.759449] calling  proc_filesystems_init+0x0/0x21 @ 1
[    7.759453] initcall proc_filesystems_init+0x0/0x21 returned 0 after 2 usecs
[    7.759455] calling  start_dirtytime_writeback+0x0/0x29 @ 1
[    7.759457] initcall start_dirtytime_writeback+0x0/0x29 returned 0 after 1 usecs
[    7.759459] calling  blkdev_init+0x0/0x1b @ 1
[    7.759740] initcall blkdev_init+0x0/0x1b returned 0 after 271 usecs
[    7.759743] calling  dio_init+0x0/0x2c @ 1
[    7.759782] initcall dio_init+0x0/0x2c returned 0 after 34 usecs
[    7.759784] calling  dnotify_init+0x0/0x78 @ 1
[    7.759790] initcall dnotify_init+0x0/0x78 returned 0 after 4 usecs
[    7.759792] calling  aio_setup+0x0/0x78 @ 1
[    7.760098] initcall aio_setup+0x0/0x78 returned 0 after 295 usecs
[    8.361731] calling  io_uring_init+0x0/0x2c @ 1
[    8.368073] initcall io_uring_init+0x0/0x2c returned 0 after 11 usecs
[    8.377659] calling  mbcache_init+0x0/0x30 @ 1
[    8.384573] initcall mbcache_init+0x0/0x30 returned 0 after 598 usecs
[    8.393226] calling  init_grace+0x0/0xc @ 1
[    8.401467] initcall init_grace+0x0/0xc returned 0 after 301 usecs
[    8.409474] calling  init_v2_quota_format+0x0/0x21 @ 1
[    8.416332] initcall init_v2_quota_format+0x0/0x21 returned 0 after 36 usecs
[    8.425692] calling  init_devpts_fs+0x0/0x27 @ 1
[    8.433736] initcall init_devpts_fs+0x0/0x27 returned 0 after 459 usecs
[    8.442177] calling  ext4_init_fs+0x0/0x1d0 @ 1
[    8.448743] initcall ext4_init_fs+0x0/0x1d0 returned 0 after 598 usecs
[    8.457795] calling  journal_init+0x0/0x11c @ 1
[    8.464438] initcall journal_init+0x0/0x11c returned 0 after 92 usecs
[    8.473554] calling  init_fat_fs+0x0/0x49 @ 1
[    8.480565] initcall init_fat_fs+0x0/0x49 returned 0 after 512 usecs
[    8.489404] calling  init_vfat_fs+0x0/0xc @ 1
[    8.495727] initcall init_vfat_fs+0x0/0xc returned 0 after 4 usecs
[    8.504135] calling  init_msdos_fs+0x0/0xc @ 1
[    8.510270] initcall init_msdos_fs+0x0/0xc returned 0 after 3 usecs
[    8.518942] calling  init_iso9660_fs+0x0/0x6c @ 1
[    8.526396] initcall init_iso9660_fs+0x0/0x6c returned 0 after 487 usecs
[    8.535793] calling  init_nfs_fs+0x0/0x13a @ 1
[    8.546650] initcall init_nfs_fs+0x0/0x13a returned 0 after 4152 usecs
[    8.556090] calling  init_nfs_v2+0x0/0x13 @ 1
[    8.562668] initcall init_nfs_v2+0x0/0x13 returned 0 after 72 usecs
[    8.572183] calling  init_nfs_v3+0x0/0x13 @ 1
[    8.579517] initcall init_nfs_v3+0x0/0x13 returned 0 after 1 usecs
[    8.589457] calling  init_nfs_v4+0x0/0x32 @ 1
[    8.596728] NFS: Registering the id_resolver key type
[    8.605050] Key type id_resolver registered
[    8.611784] Key type id_legacy registered
[    8.617572] initcall init_nfs_v4+0x0/0x32 returned 0 after 20396 usecs
[    8.627968] calling  init_nlm+0x0/0x5b @ 1
[    8.634629] initcall init_nlm+0x0/0x5b returned 0 after 52 usecs
[    8.644187] calling  init_nls_cp437+0x0/0xe @ 1
[    8.651759] initcall init_nls_cp437+0x0/0xe returned 0 after 153 usecs
[    8.662479] calling  init_nls_ascii+0x0/0xe @ 1
[    8.669789] initcall init_nls_ascii+0x0/0xe returned 0 after 1 usecs
[    8.680492] calling  init_nls_iso8859_1+0x0/0xe @ 1
[    8.688784] initcall init_nls_iso8859_1+0x0/0xe returned 0 after 1 usecs
[    8.700428] calling  init_nls_utf8+0x0/0x21 @ 1
[    8.708310] initcall init_nls_utf8+0x0/0x21 returned 0 after 1 usecs
[    8.719055] calling  init_autofs_fs+0x0/0x25 @ 1
[    8.729032] initcall init_autofs_fs+0x0/0x25 returned 0 after 1848 usecs
[    8.739124] calling  ipc_init+0x0/0x24 @ 1
[    8.745455] initcall ipc_init+0x0/0x24 returned 0 after 99 usecs
[    8.754457] calling  ipc_sysctl_init+0x0/0x13 @ 1
[    8.761543] initcall ipc_sysctl_init+0x0/0x13 returned 0 after 153 usecs
[    8.771252] calling  init_mqueue_fs+0x0/0x9a @ 1
[    8.778877] initcall init_mqueue_fs+0x0/0x9a returned 0 after 624 usecs
[    8.788673] calling  key_proc_init+0x0/0x63 @ 1
[    8.795145] initcall key_proc_init+0x0/0x63 returned 0 after 7 usecs
[    8.804265] calling  selinux_nf_ip_init+0x0/0x2e @ 1
[    8.811920] initcall selinux_nf_ip_init+0x0/0x2e returned 0 after 262 usecs
[    8.821843] calling  init_sel_fs+0x0/0x116 @ 1
[    8.828867] initcall init_sel_fs+0x0/0x116 returned 0 after 1 usecs
[    8.840084] calling  selnl_init+0x0/0x7c @ 1
[    8.846099] initcall selnl_init+0x0/0x7c returned 0 after 472 usecs
[    8.854858] calling  sel_netif_init+0x0/0x36 @ 1
[    8.861251] initcall sel_netif_init+0x0/0x36 returned 0 after 0 usecs
[    8.870349] calling  sel_netnode_init+0x0/0x33 @ 1
[    8.877247] initcall sel_netnode_init+0x0/0x33 returned 0 after 1 usecs
[    8.886797] calling  sel_netport_init+0x0/0x33 @ 1
[    8.893472] initcall sel_netport_init+0x0/0x33 returned 0 after 0 usecs
[    8.902722] calling  aurule_init+0x0/0x2a @ 1
[    8.908734] initcall aurule_init+0x0/0x2a returned 0 after 1 usecs
[    8.917426] calling  crypto_algapi_init+0x0/0xc @ 1
[    8.924318] initcall crypto_algapi_init+0x0/0xc returned 0 after 6 usecs
[    8.933832] calling  jent_mod_init+0x0/0x2d @ 1
[    8.953683] initcall jent_mod_init+0x0/0x2d returned 0 after 12591 usecs
[    8.963153] calling  asymmetric_key_init+0x0/0xc @ 1
[    8.970133] Key type asymmetric registered
[    8.975673] initcall asymmetric_key_init+0x0/0xc returned 0 after 5571 usecs
[    8.985065] calling  x509_key_init+0x0/0xc @ 1
[    8.991652] Asymmetric key parser 'x509' registered
[    8.998571] initcall x509_key_init+0x0/0xc returned 0 after 7216 usecs
[    9.007487] calling  proc_genhd_init+0x0/0x41 @ 1
[    9.013810] initcall proc_genhd_init+0x0/0x41 returned 0 after 6 usecs
[    9.022493] calling  bsg_init+0x0/0x113 @ 1
[    9.028913] Block layer SCSI generic (bsg) driver version 0.4 loaded (major 251)
[    9.038954] initcall bsg_init+0x0/0x113 returned 0 after 10510 usecs
[    9.048275] calling  deadline_init+0x0/0xc @ 1
[    9.056166] io scheduler mq-deadline registered
[    9.063834] initcall deadline_init+0x0/0xc returned 0 after 7653 usecs
[    9.074565] calling  kyber_init+0x0/0xc @ 1
[    9.080840] io scheduler kyber registered
[    9.086413] initcall kyber_init+0x0/0xc returned 0 after 5428 usecs
[    9.094970] calling  mod_init+0x0/0x7 @ 1
[    9.100565] initcall mod_init+0x0/0x7 returned 0 after 0 usecs
[    9.109333] calling  percpu_counter_startup+0x0/0x55 @ 1
[    9.122080] initcall percpu_counter_startup+0x0/0x55 returned 0 after 4524 usecs
[    9.132417] calling  sg_pool_init+0x0/0xb4 @ 1
[    9.140759] initcall sg_pool_init+0x0/0xb4 returned 0 after 1395 usecs
[    9.149695] calling  pcie_portdrv_init+0x0/0x39 @ 1
[    9.157955] initcall pcie_portdrv_init+0x0/0x39 returned 0 after 979 usecs
[    9.167414] calling  pci_proc_init+0x0/0x68 @ 1
[    9.173867] initcall pci_proc_init+0x0/0x68 returned 0 after 98 usecs
[    9.184497] calling  pci_hotplug_init+0x0/0x7 @ 1
[    9.192594] initcall pci_hotplug_init+0x0/0x7 returned 0 after 1 usecs
[    9.203446] calling  efifb_driver_init+0x0/0xe @ 1
[    9.211153] initcall efifb_driver_init+0x0/0xe returned 0 after 35 usecs
[    9.221720] calling  ged_driver_init+0x0/0xe @ 1
[    9.231233] initcall ged_driver_init+0x0/0xe returned 0 after 1202 usecs
[    9.251298] calling  acpi_ac_init+0x0/0x92 @ 1
[    9.274563] initcall acpi_ac_init+0x0/0x92 returned 0 after 14190 usecs
[    9.285559] calling  acpi_button_driver_init+0x0/0x52 @ 1
[    9.302676] input: Power Button as /devices/LNXSYSTM:00/LNXPWRBN:00/input/input0
[    9.319549] ACPI: Power Button [PWRF]
[    9.325968] initcall acpi_button_driver_init+0x0/0x52 returned 0 after 31111 usecs
[    9.336922] calling  acpi_fan_driver_init+0x0/0xe @ 1
[    9.345071] initcall acpi_fan_driver_init+0x0/0xe returned 0 after 602 usecs
[    9.355567] calling  acpi_video_init+0x0/0xcb @ 1
[    9.362795] initcall acpi_video_init+0x0/0xcb returned 0 after 273 usecs
[    9.371558] calling  acpi_processor_driver_init+0x0/0xad @ 1
[    9.383784] initcall acpi_processor_driver_init+0x0/0xad returned 0 after 5097 usecs
[    9.394235] calling  acpi_thermal_init+0x0/0x71 @ 1
[    9.416236] initcall acpi_thermal_init+0x0/0x71 returned 0 after 14257 usecs
[    9.425929] calling  acpi_battery_init+0x0/0x32 @ 1
[    9.434090] initcall acpi_battery_init+0x0/0x32 returned 0 after 1064 usecs
[    9.443517] calling  bgrt_init+0x0/0xb6 @ 1
[    9.449698] initcall bgrt_init+0x0/0xb6 returned -19 after 0 usecs
[    9.457971] calling  gpio_clk_driver_init+0x0/0xe @ 1
[    9.464768] initcall gpio_clk_driver_init+0x0/0xe returned 0 after 145 usecs
[    9.474104] calling  plt_clk_driver_init+0x0/0xe @ 1
[    9.480935] initcall plt_clk_driver_init+0x0/0xe returned 0 after 22 usecs
[    9.490481] calling  virtio_pci_driver_init+0x0/0x15 @ 1
[    9.498583] initcall virtio_pci_driver_init+0x0/0x15 returned 0 after 654 usecs
[    9.508525] calling  n_null_init+0x0/0x1e @ 1
[    9.514483] initcall n_null_init+0x0/0x1e returned 0 after 1 usecs
[    9.523235] calling  pty_init+0x0/0x1e8 @ 1
[    9.542582] initcall pty_init+0x0/0x1e8 returned 0 after 13197 usecs
[    9.554186] calling  sysrq_init+0x0/0x62 @ 1
[    9.561683] initcall sysrq_init+0x0/0x62 returned 0 after 418 usecs
[    9.571359] calling  serial8250_init+0x0/0x17e @ 1
[    9.578560] Serial: 8250/16550 driver, 4 ports, IRQ sharing enabled
[    9.590666] 00:03: ttyS0 at I/O 0x3f8 (irq = 4, base_baud = 115200) is a 16550A
[    9.613774] initcall serial8250_init+0x0/0x17e returned 0 after 34484 usecs
[    9.624217] calling  serial_pci_driver_init+0x0/0x15 @ 1
[    9.633134] initcall serial_pci_driver_init+0x0/0x15 returned 0 after 471 usecs
[    9.644244] calling  exar_pci_driver_init+0x0/0x15 @ 1
[    9.652402] initcall exar_pci_driver_init+0x0/0x15 returned 0 after 216 usecs
[    9.663329] calling  lpss8250_pci_driver_init+0x0/0x15 @ 1
[    9.671560] initcall lpss8250_pci_driver_init+0x0/0x15 returned 0 after 27 usecs
[    9.683109] calling  mid8250_pci_driver_init+0x0/0x15 @ 1
[    9.691694] initcall mid8250_pci_driver_init+0x0/0x15 returned 0 after 29 usecs
[    9.702687] calling  virtio_console_init+0x0/0xff @ 1
[    9.711743] initcall virtio_console_init+0x0/0xff returned 0 after 1185 usecs
[    9.722872] calling  hpet_init+0x0/0x64 @ 1
[    9.731604] initcall hpet_init+0x0/0x64 returned 0 after 2519 usecs
[    9.740697] calling  nvram_module_init+0x0/0x83 @ 1
[    9.752548] Non-volatile memory driver v1.3
[    9.759157] initcall nvram_module_init+0x0/0x83 returned 0 after 10796 usecs
[    9.769923] calling  hwrng_modinit+0x0/0x8a @ 1
[    9.778650] initcall hwrng_modinit+0x0/0x8a returned 0 after 1607 usecs
[    9.788523] calling  mod_init+0x0/0x48 @ 1
[    9.795138] initcall mod_init+0x0/0x48 returned -19 after 0 usecs
[    9.804653] calling  agp_init+0x0/0x23 @ 1
[    9.811079] Linux agpgart interface v0.103
[    9.817807] initcall agp_init+0x0/0x23 returned 0 after 6567 usecs
[    9.827120] calling  agp_amd64_mod_init+0x0/0x5 @ 1
[    9.834808] initcall agp_amd64_mod_init+0x0/0x5 returned -19 after 198 usecs
[    9.847659] calling  agp_intel_init+0x0/0x28 @ 1
[    9.857118] initcall agp_intel_init+0x0/0x28 returned 0 after 781 usecs
[    9.869013] calling  drm_kms_helper_init+0x0/0x7 @ 1
[    9.878873] initcall drm_kms_helper_init+0x0/0x7 returned 0 after 363 usecs
[    9.891606] calling  drm_core_init+0x0/0xa4 @ 1
[    9.900998] initcall drm_core_init+0x0/0xa4 returned 0 after 720 usecs
[    9.913369] calling  i915_init+0x0/0x6b @ 1
[    9.931816] initcall i915_init+0x0/0x6b returned 0 after 10952 usecs
[    9.943934] calling  cn_proc_init+0x0/0x35 @ 1
[    9.951993] initcall cn_proc_init+0x0/0x35 returned 0 after 4 usecs
[    9.963379] calling  topology_sysfs_init+0x0/0x27 @ 1
[    9.972410] initcall topology_sysfs_init+0x0/0x27 returned 0 after 245 usecs
[    9.984447] calling  cacheinfo_sysfs_init+0x0/0x27 @ 1
[   10.001833] initcall cacheinfo_sysfs_init+0x0/0x27 returned 0 after 7826 usecs
[   10.013920] calling  loop_init+0x0/0x168 @ 1
[   10.156336] loop: module loaded
[   10.161898] initcall loop_init+0x0/0x168 returned 0 after 137769 usecs
[   10.173080] calling  mac_hid_init+0x0/0x21 @ 1
[   10.182001] initcall mac_hid_init+0x0/0x21 returned 0 after 303 usecs
[   10.193835] calling  spi_transport_init+0x0/0x74 @ 1
[   10.203408] initcall spi_transport_init+0x0/0x74 returned 0 after 722 usecs
[   10.214701] calling  init_sd+0x0/0x18c @ 1
[   10.222611] initcall init_sd+0x0/0x18c returned 0 after 771 usecs
[   10.232484] calling  init_sr+0x0/0x43 @ 1
[   10.239735] initcall init_sr+0x0/0x43 returned 0 after 150 usecs
[   10.249987] calling  init_sg+0x0/0x1c0 @ 1
[   10.256673] initcall init_sg+0x0/0x1c0 returned 0 after 23 usecs
[   10.266265] calling  ahci_pci_driver_init+0x0/0x15 @ 1
[   10.275176] ahci 0000:00:1f.2: version 3.0
[   10.284653] PCI Interrupt Link [GSIA] enabled at IRQ 16
[   10.313753] ahci 0000:00:1f.2: AHCI 0001.0000 32 slots 6 ports 1.5 Gbps 0x3f impl SATA mode
[   10.328906] ahci 0000:00:1f.2: flags: 64bit ncq only 
[   10.408805] scsi host0: ahci
[   10.420041] scsi host1: ahci
[   10.434882] scsi host2: ahci
[   10.447970] scsi host3: ahci
[   10.457931] scsi host4: ahci
[   10.476633] scsi host5: ahci
[   10.483160] ata1: SATA max UDMA/133 abar m4096@0xfebf1000 port 0xfebf1100 irq 24
[   10.495942] ata2: SATA max UDMA/133 abar m4096@0xfebf1000 port 0xfebf1180 irq 24
[   10.507886] ata3: SATA max UDMA/133 abar m4096@0xfebf1000 port 0xfebf1200 irq 24
[   10.520025] ata4: SATA max UDMA/133 abar m4096@0xfebf1000 port 0xfebf1280 irq 24
[   10.532163] ata5: SATA max UDMA/133 abar m4096@0xfebf1000 port 0xfebf1300 irq 24
[   10.543858] ata6: SATA max UDMA/133 abar m4096@0xfebf1000 port 0xfebf1380 irq 24
[   10.556207] initcall ahci_pci_driver_init+0x0/0x15 returned 0 after 274921 usecs
[   10.568075] calling  piix_init+0x0/0x26 @ 1
[   10.575263] initcall piix_init+0x0/0x26 returned 0 after 78 usecs
[   10.585308] calling  amd_pci_driver_init+0x0/0x15 @ 1
[   10.593194] initcall amd_pci_driver_init+0x0/0x15 returned 0 after 27 usecs
[   10.603992] calling  oldpiix_pci_driver_init+0x0/0x15 @ 1
[   10.613246] initcall oldpiix_pci_driver_init+0x0/0x15 returned 0 after 229 usecs
[   10.624808] calling  sch_pci_driver_init+0x0/0x15 @ 1
[   10.632906] initcall sch_pci_driver_init+0x0/0x15 returned 0 after 53 usecs
[   10.643996] calling  net_olddevs_init+0x0/0x55 @ 1
[   10.653178] initcall net_olddevs_init+0x0/0x55 returned 0 after 468 usecs
[   10.664165] calling  blackhole_netdev_init+0x0/0x78 @ 1
[   10.673457] initcall blackhole_netdev_init+0x0/0x78 returned 0 after 1264 usecs
[   10.685175] calling  phy_module_init+0x0/0x13 @ 1
[   10.710380] initcall phy_module_init+0x0/0x13 returned 0 after 9274 usecs
[   10.721742] calling  tg3_driver_init+0x0/0x15 @ 1
[   10.735685] initcall tg3_driver_init+0x0/0x15 returned 0 after 5866 usecs
[   10.747003] calling  e100_init_module+0x0/0x4c @ 1
[   10.755743] e100: Intel(R) PRO/100 Network Driver
[   10.764356] e100: Copyright(c) 1999-2006 Intel Corporation
[   10.775308] initcall e100_init_module+0x0/0x4c returned 0 after 19053 usecs
[   10.787085] calling  e1000_init_module+0x0/0x72 @ 1
[   10.794951] e1000: Intel(R) PRO/1000 Network Driver
[   10.803492] e1000: Copyright (c) 1999-2006 Intel Corporation.
[   10.813536] initcall e1000_init_module+0x0/0x72 returned 0 after 18146 usecs
[   10.824810] calling  e1000_init_module+0x0/0x2d @ 1
[   10.833015] e1000e: Intel(R) PRO/1000 Network Driver
[   10.840915] e1000e: Copyright(c) 1999 - 2015 Intel Corporation.
[   10.850814] initcall e1000_init_module+0x0/0x2d returned 0 after 17693 usecs
[   10.862949] calling  sky2_init_module+0x0/0x21 @ 1
[   10.871244] sky2: driver version 1.30
[   10.878939] initcall sky2_init_module+0x0/0x21 returned 0 after 7510 usecs
[   10.881137] ata3: SATA link up 1.5 Gbps (SStatus 113 SControl 300)
[   10.889947] calling  forcedeth_pci_driver_init+0x0/0x15 @ 1
[   10.903827] ata4: SATA link down (SStatus 0 SControl 300)
[   10.910927] initcall forcedeth_pci_driver_init+0x0/0x15 returned 0 after 28 usecs
[   10.922721] ata6: SATA link down (SStatus 0 SControl 300)
[   10.931625] calling  rtl8139_init_module+0x0/0x15 @ 1
[   10.931730] initcall rtl8139_init_module+0x0/0x15 returned 0 after 98 usecs
[   10.931732] calling  rtl8169_pci_driver_init+0x0/0x15 @ 1
[   10.931837] initcall rtl8169_pci_driver_init+0x0/0x15 returned 0 after 99 usecs
[   10.931839] calling  cdrom_init+0x0/0xc @ 1
[   10.932728] initcall cdrom_init+0x0/0xc returned 0 after 861 usecs
[   10.945831] ata2: SATA link down (SStatus 0 SControl 300)
[   10.949410] calling  nonstatic_sysfs_init+0x0/0xc @ 1
[   10.949491] initcall nonstatic_sysfs_init+0x0/0xc returned 0 after 74 usecs
[   10.949494] calling  yenta_cardbus_driver_init+0x0/0x15 @ 1
[   10.949598] initcall yenta_cardbus_driver_init+0x0/0x15 returned 0 after 99 usecs
[   10.949622] calling  mon_init+0x0/0x12d @ 1
[   10.957385] initcall mon_init+0x0/0x12d returned 0 after 7575 usecs
[   10.962113] ata5: SATA link down (SStatus 0 SControl 300)
[   10.968285] calling  ehci_hcd_init+0x0/0x56 @ 1
[   10.968379] ehci_hcd: USB 2.0 'Enhanced' Host Controller (EHCI) Driver
[   10.968382] initcall ehci_hcd_init+0x0/0x56 returned 0 after 91 usecs
[   10.968383] calling  ehci_pci_init+0x0/0x64 @ 1
[   10.968384] ehci-pci: EHCI PCI platform driver
[   10.968614] initcall ehci_pci_init+0x0/0x64 returned 0 after 223 usecs
[   10.968615] calling  ohci_hcd_mod_init+0x0/0x4e @ 1
[   10.968616] ohci_hcd: USB 1.1 'Open' Host Controller (OHCI) Driver
[   10.968877] initcall ohci_hcd_mod_init+0x0/0x4e returned 0 after 253 usecs
[   10.968878] calling  ohci_pci_init+0x0/0x64 @ 1
[   10.968934] ohci-pci: OHCI PCI platform driver
[   10.969044] initcall ohci_pci_init+0x0/0x64 returned 0 after 160 usecs
[   10.982710] ata1: SATA link down (SStatus 0 SControl 300)
[   10.986785] calling  uhci_hcd_init+0x0/0xa8 @ 1
[   10.999109] ata3.00: ATAPI: QEMU DVD-ROM, 2.5+, max UDMA/100
[   11.006641] uhci_hcd: USB Universal Host Controller Interface driver
[   11.015042] ata3.00: applying bridge limits
[   11.029102] initcall uhci_hcd_init+0x0/0xa8 returned 0 after 21933 usecs
[   11.038378] ata3.00: configured for UDMA/100
[   11.048154] calling  xhci_hcd_init+0x0/0x1e @ 1
[   11.070987] scsi 2:0:0:0: CD-ROM            QEMU     QEMU DVD-ROM     2.5+ PQ: 0 ANSI: 5
[   11.073967] initcall xhci_hcd_init+0x0/0x1e returned 0 after 315 usecs
[   11.264868] calling  xhci_pci_init+0x0/0x49 @ 1
[   11.275564] initcall xhci_pci_init+0x0/0x49 returned 0 after 2459 usecs
[   11.285272] calling  usblp_driver_init+0x0/0x15 @ 1
[   11.293541] usbcore: registered new interface driver usblp
[   11.295686] sr 2:0:0:0: [sr0] scsi3-mmc drive: 4x/4x cd/rw xa/form2 tray
[   11.301688] initcall usblp_driver_init+0x0/0x15 returned 0 after 8728 usecs
[   11.301691] calling  usb_storage_driver_init+0x0/0x2a @ 1
[   11.301936] usbcore: registered new interface driver usb-storage
[   11.301938] initcall usb_storage_driver_init+0x0/0x2a returned 0 after 239 usecs
[   11.301939] calling  i8042_init+0x0/0x4c2 @ 1
[   11.304783] i8042: PNP: PS/2 Controller [PNP0303:KBD,PNP0f13:MOU] at 0x60,0x64 irq 1,12
[   11.311131] cdrom: Uniform CD-ROM driver Revision: 3.20
[   11.344147] serio: i8042 KBD port at 0x60,0x64 irq 1
[   11.383964] serio: i8042 AUX port at 0x60,0x64 irq 12
[   11.391086] initcall i8042_init+0x0/0x4c2 returned 0 after 87048 usecs
[   11.400811] calling  serport_init+0x0/0x2c @ 1
[   11.407408] initcall serport_init+0x0/0x2c returned 0 after 388 usecs
[   11.415867] calling  input_leds_init+0x0/0xc @ 1
[   11.418785] sr 2:0:0:0: Attached scsi CD-ROM sr0
[   11.422486] initcall input_leds_init+0x0/0xc returned 0 after 216 usecs
[   11.433720] sr 2:0:0:0: Attached scsi generic sg0 type 5
[   11.438492] calling  evdev_init+0x0/0xc @ 1
[   11.456676] initcall evdev_init+0x0/0xc returned 0 after 4911 usecs
[   11.465955] calling  atkbd_init+0x0/0x21 @ 1
[   11.473976] initcall atkbd_init+0x0/0x21 returned 0 after 1414 usecs
[   11.483834] calling  psmouse_init+0x0/0x7f @ 1
[   11.492842] initcall psmouse_init+0x0/0x7f returned 0 after 2268 usecs
[   11.503586] calling  cmos_init+0x0/0x73 @ 1
[   11.507775] input: AT Translated Set 2 keyboard as /devices/platform/i8042/serio0/input/input1
[   11.512922] rtc_cmos 00:04: RTC can wake from S4
[   11.550573] rtc_cmos 00:04: registered as rtc0
[   11.559421] rtc_cmos 00:04: alarms up to one day, y3k, 242 bytes nvram, hpet irqs
[   11.571229] initcall cmos_init+0x0/0x73 returned 0 after 58815 usecs
[   11.580631] calling  smbalert_driver_init+0x0/0xe @ 1
[   11.590576] initcall smbalert_driver_init+0x0/0xe returned 0 after 1848 usecs
[   11.601021] calling  i2c_i801_init+0x0/0xc5 @ 1
[   11.631110] i801_smbus 0000:00:1f.3: SMBus using PCI interrupt
[   11.668700] i2c i2c-0: 1/1 memory slots populated (from DMI)
[   11.677060] i2c i2c-0: Memory type 0x07 not supported yet, not instantiating SPD
[   11.692159] initcall i2c_i801_init+0x0/0xc5 returned 0 after 80451 usecs
[   11.701004] calling  ptp_kvm_init+0x0/0xf0 @ 1
[   11.713955] initcall ptp_kvm_init+0x0/0xf0 returned 0 after 6697 usecs
[   11.722779] calling  dm_init+0x0/0x3c @ 1
[   11.736606] device-mapper: ioctl: 4.43.0-ioctl (2020-10-01) initialised: dm-devel@redhat.com
[   11.747826] initcall dm_init+0x0/0x3c returned 0 after 19011 usecs
[   11.760918] calling  dm_mirror_init+0x0/0x29 @ 1
[   11.768036] initcall dm_mirror_init+0x0/0x29 returned 0 after 105 usecs
[   11.777063] calling  dm_dirty_log_init+0x0/0x4f @ 1
[   11.784429] initcall dm_dirty_log_init+0x0/0x4f returned 0 after 74 usecs
[   11.793602] calling  dm_zero_init+0x0/0x29 @ 1
[   11.800594] initcall dm_zero_init+0x0/0x29 returned 0 after 3 usecs
[   11.809107] calling  intel_pstate_init+0x0/0x510 @ 1
[   11.817095] intel_pstate: CPU model not supported
[   11.824520] initcall intel_pstate_init+0x0/0x510 returned -19 after 7404 usecs
[   11.835963] calling  haltpoll_init+0x0/0xc0 @ 1
[   11.843217] initcall haltpoll_init+0x0/0xc0 returned -19 after 40 usecs
[   11.852767] calling  efivars_sysfs_init+0x0/0x30 @ 1
[   11.859866] initcall efivars_sysfs_init+0x0/0x30 returned 0 after 132 usecs
[   11.869374] calling  esrt_sysfs_init+0x0/0x2a2 @ 1
[   11.876477] initcall esrt_sysfs_init+0x0/0x2a2 returned -38 after 283 usecs
[   11.890851] calling  hid_init+0x0/0x5c @ 1
[   11.897876] hid: raw HID events driver (C) Jiri Kosina
[   11.905591] initcall hid_init+0x0/0x5c returned 0 after 8505 usecs
[   11.914823] calling  hid_generic_init+0x0/0x15 @ 1
[   11.922504] initcall hid_generic_init+0x0/0x15 returned 0 after 253 usecs
[   11.932902] calling  a4_driver_init+0x0/0x15 @ 1
[   11.940163] initcall a4_driver_init+0x0/0x15 returned 0 after 95 usecs
[   11.949414] calling  apple_driver_init+0x0/0x15 @ 1
[   11.956021] initcall apple_driver_init+0x0/0x15 returned 0 after 63 usecs
[   11.965490] calling  belkin_driver_init+0x0/0x15 @ 1
[   11.972299] initcall belkin_driver_init+0x0/0x15 returned 0 after 25 usecs
[   11.981614] calling  ch_driver_init+0x0/0x15 @ 1
[   11.987994] initcall ch_driver_init+0x0/0x15 returned 0 after 77 usecs
[   11.997440] calling  ch_driver_init+0x0/0x15 @ 1
[   12.004090] initcall ch_driver_init+0x0/0x15 returned 0 after 28 usecs
[   12.016823] calling  cp_driver_init+0x0/0x15 @ 1
[   12.023868] initcall cp_driver_init+0x0/0x15 returned 0 after 47 usecs
[   12.033752] calling  ez_driver_init+0x0/0x15 @ 1
[   12.043852] initcall ez_driver_init+0x0/0x15 returned 0 after 3227 usecs
[   12.053876] calling  gyration_driver_init+0x0/0x15 @ 1
[   12.064116] initcall gyration_driver_init+0x0/0x15 returned 0 after 1893 usecs
[   12.075763] calling  ite_driver_init+0x0/0x15 @ 1
[   12.083771] initcall ite_driver_init+0x0/0x15 returned 0 after 667 usecs
[   12.093378] calling  ks_driver_init+0x0/0x15 @ 1
[   12.100336] initcall ks_driver_init+0x0/0x15 returned 0 after 81 usecs
[   12.109701] calling  lg_driver_init+0x0/0x15 @ 1
[   12.116279] initcall lg_driver_init+0x0/0x15 returned 0 after 38 usecs
[   12.125531] calling  lg_g15_driver_init+0x0/0x15 @ 1
[   12.132181] initcall lg_g15_driver_init+0x0/0x15 returned 0 after 60 usecs
[   12.141792] calling  ms_driver_init+0x0/0x15 @ 1
[   12.148437] initcall ms_driver_init+0x0/0x15 returned 0 after 35 usecs
[   12.157562] calling  mr_driver_init+0x0/0x15 @ 1
[   12.163922] initcall mr_driver_init+0x0/0x15 returned 0 after 26 usecs
[   12.179300] calling  ntrig_driver_init+0x0/0x15 @ 1
[   12.203994] initcall ntrig_driver_init+0x0/0x15 returned 0 after 17022 usecs
[   12.213727] calling  pl_driver_init+0x0/0x15 @ 1
[   12.221767] initcall pl_driver_init+0x0/0x15 returned 0 after 1531 usecs
[   12.231402] calling  pl_driver_init+0x0/0x15 @ 1
[   12.238339] initcall pl_driver_init+0x0/0x15 returned 0 after 380 usecs
[   12.247744] calling  redragon_driver_init+0x0/0x15 @ 1
[   12.254942] initcall redragon_driver_init+0x0/0x15 returned 0 after 28 usecs
[   12.264520] calling  samsung_driver_init+0x0/0x15 @ 1
[   12.271539] initcall samsung_driver_init+0x0/0x15 returned 0 after 183 usecs
[   12.281006] calling  sony_init+0x0/0x38 @ 1
[   12.286774] initcall sony_init+0x0/0x38 returned 0 after 108 usecs
[   12.294938] calling  sp_driver_init+0x0/0x15 @ 1
[   12.301141] initcall sp_driver_init+0x0/0x15 returned 0 after 52 usecs
[   12.311737] calling  ts_driver_init+0x0/0x15 @ 1
[   12.319955] initcall ts_driver_init+0x0/0x15 returned 0 after 52 usecs
[   12.328678] calling  hid_init+0x0/0x58 @ 1
[   12.332608] input: ImExPS/2 Generic Explorer Mouse as /devices/platform/i8042/serio1/input/input3
[   12.334815] usbcore: registered new interface driver usbhid
[   12.353781] usbhid: USB HID core driver
[   12.358829] initcall hid_init+0x0/0x58 returned 0 after 24157 usecs
[   12.367201] calling  eeepc_laptop_init+0x0/0x57 @ 1
[   12.374993] initcall eeepc_laptop_init+0x0/0x57 returned -19 after 1386 usecs
[   12.384425] calling  pmc_atom_init+0x0/0x27a @ 1
[   12.390593] initcall pmc_atom_init+0x0/0x27a returned -19 after 44 usecs
[   12.398976] calling  alsa_hwdep_init+0x0/0x5e @ 1
[   12.405342] initcall alsa_hwdep_init+0x0/0x5e returned 0 after 348 usecs
[   12.414685] calling  alsa_timer_init+0x0/0x1f0 @ 1
[   12.423760] initcall alsa_timer_init+0x0/0x1f0 returned 0 after 2087 usecs
[   12.440752] calling  snd_hrtimer_init+0x0/0x117 @ 1
[   12.446687] initcall snd_hrtimer_init+0x0/0x117 returned 0 after 3 usecs
[   12.455182] calling  alsa_pcm_init+0x0/0x64 @ 1
[   12.461015] initcall alsa_pcm_init+0x0/0x64 returned 0 after 8 usecs
[   12.468941] calling  alsa_seq_init+0x0/0x4a @ 1
[   12.475591] initcall alsa_seq_init+0x0/0x4a returned 0 after 773 usecs
[   12.484888] calling  alsa_seq_dummy_init+0x0/0x9c @ 1
[   12.494140] initcall alsa_seq_dummy_init+0x0/0x9c returned 0 after 244 usecs
[   12.502825] calling  azx_driver_init+0x0/0x15 @ 1
[   12.509689] initcall azx_driver_init+0x0/0x15 returned 0 after 793 usecs
[   12.518436] calling  sock_diag_init+0x0/0x2a @ 1
[   12.526666] initcall sock_diag_init+0x0/0x2a returned 0 after 1304 usecs
[   12.536318] calling  blackhole_init+0x0/0xc @ 1
[   12.542796] initcall blackhole_init+0x0/0xc returned 0 after 49 usecs
[   12.551450] calling  nfnetlink_init+0x0/0x57 @ 1
[   12.557982] initcall nfnetlink_init+0x0/0x57 returned 0 after 136 usecs
[   12.566827] calling  nfnetlink_log_init+0x0/0x99 @ 1
[   12.573160] initcall nfnetlink_log_init+0x0/0x99 returned 0 after 293 usecs
[   12.582266] calling  nf_conntrack_standalone_init+0x0/0x87 @ 1
[   12.591978] initcall nf_conntrack_standalone_init+0x0/0x87 returned 0 after 1960 usecs
[   12.602168] calling  ctnetlink_init+0x0/0x83 @ 1
[   12.607813] initcall ctnetlink_init+0x0/0x83 returned 0 after 2 usecs
[   12.615824] calling  nf_conntrack_ftp_init+0x0/0x12c @ 1
[   12.622459] initcall nf_conntrack_ftp_init+0x0/0x12c returned 0 after 9 usecs
[   12.631287] calling  nf_conntrack_irc_init+0x0/0x129 @ 1
[   12.638858] initcall nf_conntrack_irc_init+0x0/0x129 returned 0 after 32 usecs
[   12.649596] calling  nf_conntrack_sip_init+0x0/0x172 @ 1
[   12.656789] initcall nf_conntrack_sip_init+0x0/0x172 returned 0 after 8 usecs
[   12.667364] calling  nf_nat_init+0x0/0xd2 @ 1
[   12.672958] initcall nf_nat_init+0x0/0xd2 returned 0 after 222 usecs
[   12.681068] calling  nf_nat_ftp_init+0x0/0x2a @ 1
[   12.687419] initcall nf_nat_ftp_init+0x0/0x2a returned 0 after 1 usecs
[   12.696011] calling  nf_nat_irc_init+0x0/0x2a @ 1
[   12.702817] initcall nf_nat_irc_init+0x0/0x2a returned 0 after 1 usecs
[   12.703067] tasks-tracing-torture: rcu_torture_read_exit: End of episode
[   12.711518] calling  nf_nat_sip_init+0x0/0x36 @ 1
[   12.711523] initcall nf_nat_sip_init+0x0/0x36 returned 0 after 0 usecs
[   12.711525] calling  xt_init+0x0/0xf8 @ 1
[   12.711600] initcall xt_init+0x0/0xf8 returned 0 after 70 usecs
[   12.748067] calling  tcpudp_mt_init+0x0/0x11 @ 1
[   12.754295] initcall tcpudp_mt_init+0x0/0x11 returned 0 after 97 usecs
[   12.762904] calling  connsecmark_tg_init+0x0/0xc @ 1
[   12.769465] initcall connsecmark_tg_init+0x0/0xc returned 0 after 18 usecs
[   12.778334] calling  nflog_tg_init+0x0/0xc @ 1
[   12.784625] initcall nflog_tg_init+0x0/0xc returned 0 after 2 usecs
[   12.792774] calling  secmark_tg_init+0x0/0x11 @ 1
[   12.799131] initcall secmark_tg_init+0x0/0x11 returned 0 after 1 usecs
[   12.807900] calling  tcpmss_tg_init+0x0/0x11 @ 1
[   12.814127] initcall tcpmss_tg_init+0x0/0x11 returned 0 after 3 usecs
[   12.822610] calling  conntrack_mt_init+0x0/0x11 @ 1
