c[?7l[2J[0mSeaBIOS (version 1.16.0-debian-1.16.0-4)
Booting from ROM...
early console in setup code
c[?7l[2J[    0.000000] Linux version 5.10.158+ (root@joelboxx.c.googlers.com) (gcc (Debian 12.2.0-3) 12.2.0, GNU ld (GNU Binutils for Debian) 2.39) #15 Tue Dec 13 22:55:39 UTC 2022
[    0.000000] Command line: selinux=0 initcall_debug debug console=ttyS0 rcutorture.torture_type=srcud rcupdate.rcu_self_test=1 rcutorture.n_barrier_cbs=4 rcutorture.stat_interval=15 rcutorture.shutdown_secs=3600 rcutorture.test_no_idle_hz=1 rcutorture.verbose=1
[    0.000000] x86/fpu: x87 FPU will use FXSAVE
[    0.000000] BIOS-provided physical RAM map:
[    0.000000] BIOS-e820: [mem 0x0000000000000000-0x000000000009fbff] usable
[    0.000000] BIOS-e820: [mem 0x000000000009fc00-0x000000000009ffff] reserved
[    0.000000] BIOS-e820: [mem 0x00000000000f0000-0x00000000000fffff] reserved
[    0.000000] BIOS-e820: [mem 0x0000000000100000-0x000000001ffdefff] usable
[    0.000000] BIOS-e820: [mem 0x000000001ffdf000-0x000000001fffffff] reserved
[    0.000000] BIOS-e820: [mem 0x00000000b0000000-0x00000000bfffffff] reserved
[    0.000000] BIOS-e820: [mem 0x00000000fed1c000-0x00000000fed1ffff] reserved
[    0.000000] BIOS-e820: [mem 0x00000000feffc000-0x00000000feffffff] reserved
[    0.000000] BIOS-e820: [mem 0x00000000fffc0000-0x00000000ffffffff] reserved
[    0.000000] NX (Execute Disable) protection: active
[    0.000000] SMBIOS 2.8 present.
[    0.000000] DMI: QEMU Standard PC (Q35 + ICH9, 2009), BIOS 1.16.0-debian-1.16.0-4 04/01/2014
[    0.000000] Hypervisor detected: KVM
[    0.000000] kvm-clock: Using msrs 4b564d01 and 4b564d00
[    0.000000] kvm-clock: cpu 0, msr 1ccb3001, primary cpu clock
[    0.000076] kvm-clock: using sched offset of 4120220938 cycles
[    0.000331] clocksource: kvm-clock: mask: 0xffffffffffffffff max_cycles: 0x1cd42e4dffb, max_idle_ns: 881590591483 ns
[    0.000474] tsc: Detected 1999.999 MHz processor
[    0.009248] e820: update [mem 0x00000000-0x00000fff] usable ==> reserved
[    0.009261] e820: remove [mem 0x000a0000-0x000fffff] usable
[    0.009274] last_pfn = 0x1ffdf max_arch_pfn = 0x400000000
[    0.010287] MTRR default type: write-back
[    0.010416] MTRR fixed ranges enabled:
[    0.010420]   00000-9FFFF write-back
[    0.010423]   A0000-BFFFF uncachable
[    0.010426]   C0000-FFFFF write-protect
[    0.010429] MTRR variable ranges enabled:
[    0.010432]   0 base 00C0000000 mask FFC0000000 uncachable
[    0.010435]   1 disabled
[    0.010438]   2 disabled
[    0.010440]   3 disabled
[    0.010442]   4 disabled
[    0.010445]   5 disabled
[    0.010501]   6 disabled
[    0.010505]   7 disabled
[    0.010929] x86/PAT: Configuration [0-7]: WB  WC  UC- UC  WB  WC  UC- UC  
[    0.023883] found SMP MP-table at [mem 0x000f5ba0-0x000f5baf]
[    0.026926] check: Scanning 1 areas for low memory corruption
[    0.050074] ACPI: Early table checksum verification disabled
[    0.052526] ACPI: RSDP 0x00000000000F59E0 000014 (v00 BOCHS )
[    0.052932] ACPI: RSDT 0x000000001FFE229A 000038 (v01 BOCHS  BXPC     00000001 BXPC 00000001)
[    0.053192] ACPI: FACP 0x000000001FFE2092 0000F4 (v03 BOCHS  BXPC     00000001 BXPC 00000001)
[    0.053332] ACPI: DSDT 0x000000001FFE0040 002052 (v01 BOCHS  BXPC     00000001 BXPC 00000001)
[    0.053344] ACPI: FACS 0x000000001FFE0000 000040
[    0.053354] ACPI: APIC 0x000000001FFE2186 000078 (v01 BOCHS  BXPC     00000001 BXPC 00000001)
[    0.053366] ACPI: HPET 0x000000001FFE21FE 000038 (v01 BOCHS  BXPC     00000001 BXPC 00000001)
[    0.053375] ACPI: MCFG 0x000000001FFE2236 00003C (v01 BOCHS  BXPC     00000001 BXPC 00000001)
[    0.053385] ACPI: WAET 0x000000001FFE2272 000028 (v01 BOCHS  BXPC     00000001 BXPC 00000001)
[    0.053394] ACPI: Reserving FACP table memory at [mem 0x1ffe2092-0x1ffe2185]
[    0.053398] ACPI: Reserving DSDT table memory at [mem 0x1ffe0040-0x1ffe2091]
[    0.053401] ACPI: Reserving FACS table memory at [mem 0x1ffe0000-0x1ffe003f]
[    0.053451] ACPI: Reserving APIC table memory at [mem 0x1ffe2186-0x1ffe21fd]
[    0.053511] ACPI: Reserving HPET table memory at [mem 0x1ffe21fe-0x1ffe2235]
[    0.053514] ACPI: Reserving MCFG table memory at [mem 0x1ffe2236-0x1ffe2271]
[    0.053518] ACPI: Reserving WAET table memory at [mem 0x1ffe2272-0x1ffe2299]
[    0.055657] ACPI: Local APIC address 0xfee00000
[    0.058780] Zone ranges:
[    0.058911]   DMA      [mem 0x0000000000001000-0x0000000000ffffff]
[    0.058950]   DMA32    [mem 0x0000000001000000-0x000000001ffdefff]
[    0.058955]   Normal   empty
[    0.058959] Movable zone start for each node
[    0.058962] Early memory node ranges
[    0.058966]   node   0: [mem 0x0000000000001000-0x000000000009efff]
[    0.059011]   node   0: [mem 0x0000000000100000-0x000000001ffdefff]
[    0.059174] Initmem setup node 0 [mem 0x0000000000001000-0x000000001ffdefff]
[    0.059308] On node 0 totalpages: 130941
[    0.059616]   DMA zone: 64 pages used for memmap
[    0.059619]   DMA zone: 21 pages reserved
[    0.059686]   DMA zone: 3998 pages, LIFO batch:0
[    0.059690]   DMA32 zone: 1984 pages used for memmap
[    0.059693]   DMA32 zone: 126943 pages, LIFO batch:31
[    0.087358] On node 0, zone DMA: 1 pages in unavailable ranges
[    0.092074] On node 0, zone DMA: 97 pages in unavailable ranges
[    0.325733] On node 0, zone DMA32: 33 pages in unavailable ranges
[    0.329546] ACPI: PM-Timer IO Port: 0x608
[    0.329554] ACPI: Local APIC address 0xfee00000
[    0.329766] ACPI: LAPIC_NMI (acpi_id[0xff] dfl dfl lint[0x1])
[    0.330933] IOAPIC[0]: apic_id 0, version 17, address 0xfec00000, GSI 0-23
[    0.331259] ACPI: INT_SRC_OVR (bus 0 bus_irq 0 global_irq 2 dfl dfl)
[    0.331408] ACPI: INT_SRC_OVR (bus 0 bus_irq 5 global_irq 5 high level)
[    0.331411] ACPI: INT_SRC_OVR (bus 0 bus_irq 9 global_irq 9 high level)
[    0.331608] ACPI: INT_SRC_OVR (bus 0 bus_irq 10 global_irq 10 high level)
[    0.331611] ACPI: INT_SRC_OVR (bus 0 bus_irq 11 global_irq 11 high level)
[    0.331614] ACPI: IRQ0 used by override.
[    0.331616] ACPI: IRQ5 used by override.
[    0.331618] ACPI: IRQ9 used by override.
[    0.331620] ACPI: IRQ10 used by override.
[    0.331622] ACPI: IRQ11 used by override.
[    0.331626] Using ACPI (MADT) for SMP configuration information
[    0.331630] ACPI: HPET id: 0x8086a201 base: 0xfed00000
[    0.333431] kvm-guest: stealtime: cpu 0, msr 1c45b4c0
[    0.335029] PM: hibernation: Registered nosave memory: [mem 0x00000000-0x00000fff]
[    0.335034] PM: hibernation: Registered nosave memory: [mem 0x0009f000-0x0009ffff]
[    0.335036] PM: hibernation: Registered nosave memory: [mem 0x000a0000-0x000effff]
[    0.335038] PM: hibernation: Registered nosave memory: [mem 0x000f0000-0x000fffff]
[    0.335042] [mem 0x20000000-0xafffffff] available for PCI devices
[    0.335123] Booting paravirtualized kernel on KVM
[    0.335940] clocksource: refined-jiffies: mask: 0xffffffff max_cycles: 0xffffffff, max_idle_ns: 1910969940391419 ns
[    0.369777] pcpu-alloc: s0 r0 d32768 u32768 alloc=1*32768
[    0.369848] pcpu-alloc: [0] 0 
[    0.371721] Built 1 zonelists, mobility grouping on.  Total pages: 128872
[    0.371877] Kernel command line: selinux=0 initcall_debug debug console=ttyS0 rcutorture.torture_type=srcud rcupdate.rcu_self_test=1 rcutorture.n_barrier_cbs=4 rcutorture.stat_interval=15 rcutorture.shutdown_secs=3600 rcutorture.test_no_idle_hz=1 rcutorture.verbose=1
[    0.384750] Dentry cache hash table entries: 65536 (order: 7, 524288 bytes, linear)
[    0.387214] Inode-cache hash table entries: 32768 (order: 6, 262144 bytes, linear)
[    0.387935] mem auto-init: stack:all(zero), heap alloc:off, heap free:off
[    0.401322] Memory: 469272K/523764K available (16397K kernel code, 2822K rwdata, 4728K rodata, 1236K init, 11688K bss, 54232K reserved, 0K cma-reserved)
[    0.401853] SLUB: HWalign=64, Order=0-3, MinObjects=0, CPUs=1, Nodes=1
[    0.402489] Kernel/User page tables isolation: enabled
[    0.423508] Running RCU self tests
[    0.436329] NR_IRQS: 4352, nr_irqs: 256, preallocated irqs: 16
[    0.439774] calling  con_init+0x0/0x24f @ 0
[    0.545165] Console: colour VGA+ 80x25
[    0.545210] initcall con_init+0x0/0x24f returned 0 after 0 usecs
[    0.545214] calling  hvc_console_init+0x0/0x13 @ 0
[    0.545235] initcall hvc_console_init+0x0/0x13 returned 0 after 0 usecs
[    0.545238] calling  univ8250_console_init+0x0/0x26 @ 0
[    1.373325] printk: console [ttyS0] enabled
[    1.379135] initcall univ8250_console_init+0x0/0x26 returned 0 after 0 usecs
[    1.386870] Lock dependency validator: Copyright (c) 2006 Red Hat, Inc., Ingo Molnar
[    1.395331] ... MAX_LOCKDEP_SUBCLASSES:  8
[    1.399842] ... MAX_LOCK_DEPTH:          48
[    1.404441] ... MAX_LOCKDEP_KEYS:        8192
[    1.409231] ... CLASSHASH_SIZE:          4096
[    1.414033] ... MAX_LOCKDEP_ENTRIES:     32768
[    1.418938] ... MAX_LOCKDEP_CHAINS:      65536
[    1.423728] ... CHAINHASH_SIZE:          32768
[    1.428374]  memory used by lock dependency info: 6365 kB
[    1.434766]  memory used for stack traces: 4224 kB
[    1.439993]  per task-struct memory footprint: 1920 bytes
[    1.450788] ACPI: Core revision 20200925
[    1.469317] clocksource: hpet: mask: 0xffffffff max_cycles: 0xffffffff, max_idle_ns: 19112604467 ns
[    1.488127] APIC: Switch to symmetric I/O mode setup
[    1.515314] ..TIMER: vector=0x30 apic1=0 pin1=2 apic2=-1 pin2=-1
[    1.522278] clocksource: tsc-early: mask: 0xffffffffffffffff max_cycles: 0x39a85afc727, max_idle_ns: 881590685098 ns
[    1.534490] Calibrating delay loop (skipped) preset value.. 3999.99 BogoMIPS (lpj=1999999)
[    1.536015] pid_max: default: 32768 minimum: 301
[    1.538565] LSM: Security Framework initializing
[    1.540153] Mount-cache hash table entries: 1024 (order: 1, 8192 bytes, linear)
[    1.540989] Mountpoint-cache hash table entries: 1024 (order: 1, 8192 bytes, linear)
[    1.551163] Last level iTLB entries: 4KB 0, 2MB 0, 4MB 0
[    1.551985] Last level dTLB entries: 4KB 0, 2MB 0, 4MB 0, 1GB 0
[    1.554000] CPU: Intel Common KVM processor (family: 0xf, model: 0x6, stepping: 0x1)
[    1.556007] Spectre V1 : Mitigation: usercopy/swapgs barriers and __user pointer sanitization
[    1.556987] Spectre V2 : Mitigation: Retpolines
[    1.557985] Spectre V2 : Spectre v2 / SpectreRSB mitigation: Filling RSB on context switch
[    1.559004] Spectre V2 : Spectre v2 / SpectreRSB : Filling RSB on VMEXIT
[    1.559984] Speculative Store Bypass: Vulnerable
[    1.561089] MDS: Vulnerable: Clear CPU buffers attempted, no microcode
[    1.562983] MMIO Stale Data: Unknown: No mitigations
[    1.697500] RCU test callback executed 1
[    1.699876] RCU test callback executed 2
[    1.701443] calling  init_hw_perf_events+0x0/0x6ce @ 1
[    1.701985] Performance Events: unsupported Netburst CPU model 6 no PMU driver, software events only.
[    1.702991] initcall init_hw_perf_events+0x0/0x6ce returned 0 after 976 usecs
[    1.703989] calling  init_real_mode+0x0/0x1e9 @ 1
[    1.706809] initcall init_real_mode+0x0/0x1e9 returned 0 after 976 usecs
[    1.706989] calling  trace_init_perf_perm_irq_work_exit+0x0/0x12 @ 1
[    1.708026] initcall trace_init_perf_perm_irq_work_exit+0x0/0x12 returned 0 after 0 usecs
[    1.709055] calling  validate_x2apic+0x0/0x4a @ 1
[    1.710019] initcall validate_x2apic+0x0/0x4a returned 0 after 0 usecs
[    1.710992] calling  register_nmi_cpu_backtrace_handler+0x0/0x15 @ 1
[    1.712010] initcall register_nmi_cpu_backtrace_handler+0x0/0x15 returned 0 after 0 usecs
[    1.712989] calling  kvm_setup_vsyscall_timeinfo+0x0/0x34 @ 1
[    1.713989] initcall kvm_setup_vsyscall_timeinfo+0x0/0x34 returned 0 after 0 usecs
[    1.715003] calling  spawn_ksoftirqd+0x0/0x34 @ 1
[    1.716349] initcall spawn_ksoftirqd+0x0/0x34 returned 0 after 0 usecs
[    1.716989] calling  trace_init_flags_sys_enter+0x0/0xe @ 1
[    1.717989] initcall trace_init_flags_sys_enter+0x0/0xe returned 0 after 0 usecs
[    1.719039] calling  trace_init_flags_sys_exit+0x0/0xe @ 1
[    1.719995] initcall trace_init_flags_sys_exit+0x0/0xe returned 0 after 0 usecs
[    1.720989] calling  init_kprobes+0x0/0x16e @ 1
[    1.723000] initcall init_kprobes+0x0/0x16e returned 0 after 976 usecs
[    1.723988] calling  init_events+0x0/0x3d @ 1
[    1.727045] initcall init_events+0x0/0x3d returned 0 after 1953 usecs
[    1.727989] calling  init_trace_printk+0x0/0xc @ 1
[    1.728990] initcall init_trace_printk+0x0/0xc returned 0 after 0 usecs
[    1.729988] calling  event_trace_enable_again+0x0/0x23 @ 1
[    1.730988] initcall event_trace_enable_again+0x0/0x23 returned 0 after 0 usecs
[    1.731987] calling  static_call_init+0x0/0x6f @ 1
[    1.732990] initcall static_call_init+0x0/0x6f returned 0 after 0 usecs
[    1.734010] calling  jump_label_init_module+0x0/0xc @ 1
[    1.734990] initcall jump_label_init_module+0x0/0xc returned 0 after 0 usecs
[    1.736990] calling  init_zero_pfn+0x0/0x37 @ 1
[    1.737992] initcall init_zero_pfn+0x0/0x37 returned 0 after 0 usecs
[    1.739005] calling  initialize_ptr_random+0x0/0x54 @ 1
[    1.740190] initcall initialize_ptr_random+0x0/0x54 returned 0 after 0 usecs
[    1.741010] calling  efi_memreserve_root_init+0x0/0x25 @ 1
[    1.742128] initcall efi_memreserve_root_init+0x0/0x25 returned 0 after 0 usecs
[    1.742993] calling  efi_earlycon_remap_fb+0x0/0x51 @ 1
[    1.743994] initcall efi_earlycon_remap_fb+0x0/0x51 returned 0 after 0 usecs
[    1.862166] devtmpfs: initialized
[    1.868133] calling  ipc_ns_init+0x0/0x3d @ 1
[    1.869074] initcall ipc_ns_init+0x0/0x3d returned 0 after 0 usecs
[    1.869989] calling  init_mmap_min_addr+0x0/0x21 @ 1
[    1.870987] initcall init_mmap_min_addr+0x0/0x21 returned 0 after 0 usecs
[    1.871987] calling  pci_realloc_setup_params+0x0/0x3f @ 1
[    1.872988] initcall pci_realloc_setup_params+0x0/0x3f returned 0 after 0 usecs
[    1.873987] calling  net_ns_init+0x0/0x128 @ 1
[    1.875991] initcall net_ns_init+0x0/0x128 returned 0 after 976 usecs
[    1.877003] calling  e820__register_nvs_regions+0x0/0x37 @ 1
[    1.877988] initcall e820__register_nvs_regions+0x0/0x37 returned 0 after 0 usecs
[    1.878988] calling  cpufreq_register_tsc_scaling+0x0/0x2e @ 1
[    1.879990] initcall cpufreq_register_tsc_scaling+0x0/0x2e returned 0 after 0 usecs
[    1.880987] calling  reboot_init+0x0/0x3c @ 1
[    1.882169] initcall reboot_init+0x0/0x3c returned 0 after 0 usecs
[    1.882986] calling  init_lapic_sysfs+0x0/0x20 @ 1
[    1.883998] initcall init_lapic_sysfs+0x0/0x20 returned 0 after 0 usecs
[    1.884985] calling  wq_sysfs_init+0x0/0x2a @ 1
[    1.886085] initcall wq_sysfs_init+0x0/0x2a returned 0 after 0 usecs
[    1.886985] calling  ksysfs_init+0x0/0x92 @ 1
[    1.888016] initcall ksysfs_init+0x0/0x92 returned 0 after 0 usecs
[    1.888984] calling  pm_init+0x0/0x76 @ 1
[    1.890061] initcall pm_init+0x0/0x76 returned 0 after 0 usecs
[    1.890984] calling  pm_disk_init+0x0/0x13 @ 1
[    1.892009] initcall pm_disk_init+0x0/0x13 returned 0 after 0 usecs
[    1.893984] calling  swsusp_header_init+0x0/0x2b @ 1
[    1.894986] initcall swsusp_header_init+0x0/0x2b returned 0 after 0 usecs
[    1.895984] calling  rcu_set_runtime_mode+0x0/0x25 @ 1
[    1.896985] initcall rcu_set_runtime_mode+0x0/0x25 returned 0 after 0 usecs
[    1.897985] calling  init_jiffies_clocksource+0x0/0x13 @ 1
[    1.898985] clocksource: jiffies: mask: 0xffffffff max_cycles: 0xffffffff, max_idle_ns: 1911260446275000 ns
[    1.899988] initcall init_jiffies_clocksource+0x0/0x13 returned 0 after 976 usecs
[    1.900993] calling  futex_init+0x0/0xf8 @ 1
[    1.901989] futex hash table entries: 256 (order: 2, 22528 bytes, linear)
[    1.903053] initcall futex_init+0x0/0xf8 returned 0 after 976 usecs
[    1.903996] calling  cgroup_wq_init+0x0/0x28 @ 1
[    1.905013] initcall cgroup_wq_init+0x0/0x28 returned 0 after 0 usecs
[    1.905993] calling  cgroup1_wq_init+0x0/0x28 @ 1
[    1.907003] initcall cgroup1_wq_init+0x0/0x28 returned 0 after 0 usecs
[    1.908987] calling  init_kprobe_trace_early+0x0/0x2a @ 1
[    1.910119] initcall init_kprobe_trace_early+0x0/0x2a returned 0 after 0 usecs
[    1.910989] calling  fsnotify_init+0x0/0x56 @ 1
[    1.912000] initcall fsnotify_init+0x0/0x56 returned 0 after 0 usecs
[    1.912988] calling  filelock_init+0x0/0x7f @ 1
[    1.914052] initcall filelock_init+0x0/0x7f returned 0 after 0 usecs
[    1.914987] calling  init_misc_binfmt+0x0/0x2c @ 1
[    1.916048] initcall init_misc_binfmt+0x0/0x2c returned 0 after 0 usecs
[    1.916987] calling  init_script_binfmt+0x0/0x15 @ 1
[    1.918014] initcall init_script_binfmt+0x0/0x15 returned 0 after 0 usecs
[    1.918986] calling  init_elf_binfmt+0x0/0x15 @ 1
[    1.919988] initcall init_elf_binfmt+0x0/0x15 returned 0 after 0 usecs
[    1.920987] calling  init_compat_elf_binfmt+0x0/0x15 @ 1
[    1.921988] initcall init_compat_elf_binfmt+0x0/0x15 returned 0 after 0 usecs
[    1.922989] calling  debugfs_init+0x0/0x5c @ 1
[    1.924987] initcall debugfs_init+0x0/0x5c returned 0 after 976 usecs
[    1.925986] calling  tracefs_init+0x0/0x3a @ 1
[    1.927028] initcall tracefs_init+0x0/0x3a returned 0 after 0 usecs
[    1.928978] calling  prandom_init_early+0x0/0x111 @ 1
[    1.929989] initcall prandom_init_early+0x0/0x111 returned 0 after 0 usecs
[    1.931137] calling  virtio_init+0x0/0x20 @ 1
[    1.932053] initcall virtio_init+0x0/0x20 returned 0 after 0 usecs
[    1.932988] calling  iommu_init+0x0/0x2a @ 1
[    1.934038] initcall iommu_init+0x0/0x2a returned 0 after 0 usecs
[    1.934988] calling  component_debug_init+0x0/0x1c @ 1
[    1.937031] initcall component_debug_init+0x0/0x1c returned 0 after 976 usecs
[    1.937989] calling  early_resume_init+0x0/0xb9 @ 1
[    1.939984] PM: RTC time: 23:01:23, date: 2022-12-13
[    1.941007] initcall early_resume_init+0x0/0xb9 returned 0 after 1953 usecs
[    1.941993] calling  cpufreq_core_init+0x0/0x62 @ 1
[    1.943059] initcall cpufreq_core_init+0x0/0x62 returned 0 after 0 usecs
[    1.943992] calling  cpufreq_gov_performance_init+0x0/0xc @ 1
[    1.945167] initcall cpufreq_gov_performance_init+0x0/0xc returned 0 after 0 usecs
[    1.945992] calling  cpufreq_gov_userspace_init+0x0/0xc @ 1
[    1.947991] initcall cpufreq_gov_userspace_init+0x0/0xc returned 0 after 0 usecs
[    1.948990] calling  CPU_FREQ_GOV_ONDEMAND_init+0x0/0xc @ 1
[    1.949991] initcall CPU_FREQ_GOV_ONDEMAND_init+0x0/0xc returned 0 after 0 usecs
[    1.950990] calling  cpuidle_init+0x0/0x1f @ 1
[    1.952028] initcall cpuidle_init+0x0/0x1f returned 0 after 0 usecs
[    1.952991] calling  capsule_reboot_register+0x0/0xc @ 1
[    1.954987] initcall capsule_reboot_register+0x0/0xc returned 0 after 976 usecs
[    1.955990] calling  sock_init+0x0/0x93 @ 1
[    1.957772] initcall sock_init+0x0/0x93 returned 0 after 0 usecs
[    1.957990] calling  net_inuse_init+0x0/0x23 @ 1
[    1.959133] initcall net_inuse_init+0x0/0x23 returned 0 after 0 usecs
[    1.959996] calling  net_defaults_init+0x0/0x23 @ 1
[    1.960997] initcall net_defaults_init+0x0/0x23 returned 0 after 0 usecs
[    1.961992] calling  init_default_flow_dissectors+0x0/0x4f @ 1
[    1.963013] initcall init_default_flow_dissectors+0x0/0x4f returned 0 after 0 usecs
[    1.963991] calling  netpoll_init+0x0/0x44 @ 1
[    1.965017] initcall netpoll_init+0x0/0x44 returned 0 after 0 usecs
[    1.966987] calling  netlink_proto_init+0x0/0x154 @ 1
[    1.968249] NET: Registered protocol family 16
[    1.969293] initcall netlink_proto_init+0x0/0x154 returned 0 after 976 usecs
[    1.969988] calling  genl_init+0x0/0x35 @ 1
[    1.972072] initcall genl_init+0x0/0x35 returned 0 after 976 usecs
[    1.973003] calling  bsp_pm_check_init+0x0/0x13 @ 1
[    1.973990] initcall bsp_pm_check_init+0x0/0x13 returned 0 after 0 usecs
[    1.975002] calling  irq_sysfs_init+0x0/0xb9 @ 1
[    1.976200] initcall irq_sysfs_init+0x0/0xb9 returned 0 after 0 usecs
[    1.976989] calling  audit_init+0x0/0x127 @ 1
[    1.978000] audit: initializing netlink subsys (disabled)
[    1.979108] initcall audit_init+0x0/0x127 returned 0 after 976 usecs
[    1.979990] calling  release_early_probes+0x0/0x32 @ 1
[    1.980990] initcall release_early_probes+0x0/0x32 returned 0 after 0 usecs
[    1.981989] calling  bdi_class_init+0x0/0x48 @ 1
[    1.983067] initcall bdi_class_init+0x0/0x48 returned 0 after 0 usecs
[    1.983988] calling  mm_sysfs_init+0x0/0x28 @ 1
[    1.984999] initcall mm_sysfs_init+0x0/0x28 returned 0 after 0 usecs
[    1.986014] calling  init_per_zone_wmark_min+0x0/0x5e @ 1
[    1.987017] initcall init_per_zone_wmark_min+0x0/0x5e returned 0 after 0 usecs
[    1.987989] calling  mpi_init+0x0/0x3e @ 1
[    1.989012] initcall mpi_init+0x0/0x3e returned 0 after 0 usecs
[    1.989988] calling  kobject_uevent_init+0x0/0xc @ 1
[    1.991020] initcall kobject_uevent_init+0x0/0xc returned 0 after 0 usecs
[    1.991990] calling  pcibus_class_init+0x0/0x13 @ 1
[    1.993011] initcall pcibus_class_init+0x0/0x13 returned 0 after 0 usecs
[    1.993989] calling  pci_driver_init+0x0/0x21 @ 1
[    1.995076] initcall pci_driver_init+0x0/0x21 returned 0 after 0 usecs
[    1.995988] calling  backlight_class_init+0x0/0xa8 @ 1
[    1.997021] initcall backlight_class_init+0x0/0xa8 returned 0 after 0 usecs
[    1.997989] calling  tty_class_init+0x0/0x33 @ 1
[    1.999006] initcall tty_class_init+0x0/0x33 returned 0 after 0 usecs
[    1.999993] calling  vtconsole_class_init+0x0/0xb5 @ 1
[    2.002160] initcall vtconsole_class_init+0x0/0xb5 returned 0 after 976 usecs
[    2.002992] calling  iommu_dev_init+0x0/0x13 @ 1
[    2.004482] initcall iommu_dev_init+0x0/0x13 returned 0 after 0 usecs
[    2.005990] calling  mipi_dsi_bus_init+0x0/0xc @ 1
[    2.007548] initcall mipi_dsi_bus_init+0x0/0xc returned 0 after 0 usecs
[    2.007991] calling  devlink_class_init+0x0/0x40 @ 1
[    2.009997] initcall devlink_class_init+0x0/0x40 returned 0 after 976 usecs
[    2.010989] calling  software_node_init+0x0/0x2a @ 1
[    2.012005] initcall software_node_init+0x0/0x2a returned 0 after 0 usecs
[    2.012989] calling  wakeup_sources_debugfs_init+0x0/0x23 @ 1
[    2.014145] initcall wakeup_sources_debugfs_init+0x0/0x23 returned 0 after 0 usecs
[    2.014996] calling  wakeup_sources_sysfs_init+0x0/0x2c @ 1
[    2.016012] initcall wakeup_sources_sysfs_init+0x0/0x2c returned 0 after 0 usecs
[    2.016988] calling  regmap_initcall+0x0/0xc @ 1
[    2.018206] initcall regmap_initcall+0x0/0xc returned 0 after 0 usecs
[    2.018992] calling  i2c_init+0x0/0xb3 @ 1
[    2.021282] initcall i2c_init+0x0/0xb3 returned 0 after 976 usecs
[    2.021991] calling  thermal_init+0x0/0x116 @ 1
[    2.024111] thermal_sys: Registered thermal governor 'step_wise'
[    2.024210] thermal_sys: Registered thermal governor 'user_space'
[    2.025010] initcall thermal_init+0x0/0x116 returned 0 after 1953 usecs
[    2.026988] calling  init_menu+0x0/0xc @ 1
[    2.028252] cpuidle: using governor menu
[    2.028989] initcall init_menu+0x0/0xc returned 0 after 976 usecs
[    2.029988] calling  pcc_init+0x0/0x4d @ 1
[    2.030990] initcall pcc_init+0x0/0x4d returned -19 after 0 usecs
[    2.031987] calling  amd_postcore_init+0x0/0x11e @ 1
[    2.032987] initcall amd_postcore_init+0x0/0x11e returned 0 after 0 usecs
[    2.034008] calling  bts_init+0x0/0xba @ 1
[    2.034988] initcall bts_init+0x0/0xba returned -19 after 0 usecs
[    2.035986] calling  pt_init+0x0/0x2f7 @ 1
[    2.036986] initcall pt_init+0x0/0x2f7 returned -19 after 0 usecs
[    2.037986] calling  boot_params_ksysfs_init+0x0/0x2ee @ 1
[    2.039039] initcall boot_params_ksysfs_init+0x0/0x2ee returned 0 after 0 usecs
[    2.039986] calling  sbf_init+0x0/0xea @ 1
[    2.041117] initcall sbf_init+0x0/0xea returned 0 after 0 usecs
[    2.041987] calling  arch_kdebugfs_init+0x0/0x219 @ 1
[    2.043990] initcall arch_kdebugfs_init+0x0/0x219 returned 0 after 976 usecs
[    2.044986] calling  intel_pconfig_init+0x0/0x85 @ 1
[    2.045985] initcall intel_pconfig_init+0x0/0x85 returned 0 after 0 usecs
[    2.046985] calling  mtrr_if_init+0x0/0x5d @ 1
[    2.047992] initcall mtrr_if_init+0x0/0x5d returned 0 after 0 usecs
[    2.048985] calling  activate_jump_labels+0x0/0x31 @ 1
[    2.049985] initcall activate_jump_labels+0x0/0x31 returned 0 after 0 usecs
[    2.050988] calling  ffh_cstate_init+0x0/0x29 @ 1
[    2.051993] initcall ffh_cstate_init+0x0/0x29 returned 0 after 0 usecs
[    2.052988] calling  activate_jump_labels+0x0/0x31 @ 1
[    2.054157] initcall activate_jump_labels+0x0/0x31 returned 0 after 0 usecs
[    2.054987] calling  kvm_alloc_cpumask+0x0/0x2b @ 1
[    2.056031] initcall kvm_alloc_cpumask+0x0/0x2b returned 0 after 0 usecs
[    2.056990] calling  kcmp_cookies_init+0x0/0x37 @ 1
[    2.058000] initcall kcmp_cookies_init+0x0/0x37 returned 0 after 0 usecs
[    2.058993] calling  cryptomgr_init+0x0/0xc @ 1
[    2.060353] initcall cryptomgr_init+0x0/0xc returned 0 after 0 usecs
[    2.060991] calling  acpi_pci_init+0x0/0x57 @ 1
[    2.062106] ACPI: bus type PCI registered
[    2.062990] initcall acpi_pci_init+0x0/0x57 returned 0 after 976 usecs
[    2.063989] calling  dma_channel_table_init+0x0/0xce @ 1
[    2.065001] initcall dma_channel_table_init+0x0/0xce returned 0 after 0 usecs
[    2.065988] calling  dma_bus_init+0x0/0xdc @ 1
[    2.067274] initcall dma_bus_init+0x0/0xdc returned 0 after 0 usecs
[    2.068092] calling  iommu_dma_init+0x0/0x10 @ 1
[    2.069165] initcall iommu_dma_init+0x0/0x10 returned 0 after 0 usecs
[    2.069991] calling  dmi_id_init+0x0/0x37c @ 1
[    2.071336] initcall dmi_id_init+0x0/0x37c returned 0 after 0 usecs
[    2.072014] calling  pci_arch_init+0x0/0x71 @ 1
[    2.074295] PCI: MMCONFIG for domain 0000 [bus 00-ff] at [mem 0xb0000000-0xbfffffff] (base 0xb0000000)
[    2.074991] PCI: MMCONFIG at [mem 0xb0000000-0xbfffffff] reserved in E820
[    2.076117] PCI: Using configuration type 1 for base access
[    2.077145] initcall pci_arch_init+0x0/0x71 returned 0 after 3906 usecs
[    2.078005] calling  init_vdso+0x0/0x13 @ 1
[    2.079034] initcall init_vdso+0x0/0x13 returned 0 after 0 usecs
[    2.079991] calling  sysenter_setup+0x0/0x13 @ 1
[    2.081037] initcall sysenter_setup+0x0/0x13 returned 0 after 0 usecs
[    2.081993] calling  fixup_ht_bug+0x0/0x7f @ 1
[    2.083056] initcall fixup_ht_bug+0x0/0x7f returned 0 after 0 usecs
[    2.083991] calling  topology_init+0x0/0x15 @ 1
[    2.085215] initcall topology_init+0x0/0x15 returned 0 after 0 usecs
[    2.085989] calling  intel_epb_init+0x0/0x68 @ 1
[    2.086991] initcall intel_epb_init+0x0/0x68 returned -19 after 0 usecs
[    2.087993] calling  mtrr_init_finialize+0x0/0x3e @ 1
[    2.089993] initcall mtrr_init_finialize+0x0/0x3e returned 0 after 0 usecs
[    2.090994] calling  uid_cache_init+0x0/0x85 @ 1
[    2.092025] initcall uid_cache_init+0x0/0x85 returned 0 after 0 usecs
[    2.092991] calling  param_sysfs_init+0x0/0x1ba @ 1
[    2.106126] initcall param_sysfs_init+0x0/0x1ba returned 0 after 11718 usecs
[    2.106996] calling  user_namespace_sysctl_init+0x0/0x33 @ 1
[    2.108015] initcall user_namespace_sysctl_init+0x0/0x33 returned 0 after 0 usecs
[    2.108996] calling  proc_schedstat_init+0x0/0x24 @ 1
[    2.110001] initcall proc_schedstat_init+0x0/0x24 returned 0 after 0 usecs
[    2.110996] calling  pm_sysrq_init+0x0/0x18 @ 1
[    2.112431] initcall pm_sysrq_init+0x0/0x18 returned 0 after 0 usecs
[    2.113122] calling  create_proc_profile+0x0/0x50 @ 1
[    2.113991] initcall create_proc_profile+0x0/0x50 returned 0 after 0 usecs
[    2.114991] calling  time_ns_init+0x0/0x7 @ 1
[    2.115989] initcall time_ns_init+0x0/0x7 returned 0 after 0 usecs
[    2.116988] calling  crash_save_vmcoreinfo_init+0x0/0x756 @ 1
[    2.118048] initcall crash_save_vmcoreinfo_init+0x0/0x756 returned 0 after 0 usecs
[    2.118989] calling  crash_notes_memory_init+0x0/0x35 @ 1
[    2.119993] initcall crash_notes_memory_init+0x0/0x35 returned 0 after 0 usecs
[    2.120988] calling  cgroup_sysfs_init+0x0/0x13 @ 1
[    2.122102] initcall cgroup_sysfs_init+0x0/0x13 returned 0 after 0 usecs
[    2.122988] calling  cgroup_namespaces_init+0x0/0x7 @ 1
[    2.123988] initcall cgroup_namespaces_init+0x0/0x7 returned 0 after 0 usecs
[    2.124986] calling  init_optprobes+0x0/0x13 @ 1
[    2.126074] Kprobes globally optimized
[    2.126988] initcall init_optprobes+0x0/0x13 returned 0 after 976 usecs
[    2.127986] calling  oom_init+0x0/0x2f @ 1
[    2.129236] audit: type=2000 audit(1670972482.869:1): state=initialized audit_enabled=0 res=1
[    2.130063] initcall oom_init+0x0/0x2f returned 0 after 976 usecs
[    2.130987] calling  default_bdi_init+0x0/0xb3 @ 1
[    2.133225] initcall default_bdi_init+0x0/0xb3 returned 0 after 0 usecs
[    2.134011] calling  percpu_enable_async+0x0/0xe @ 1
[    2.134986] initcall percpu_enable_async+0x0/0xe returned 0 after 0 usecs
[    2.135987] calling  kcompactd_init+0x0/0x46 @ 1
[    2.137064] initcall kcompactd_init+0x0/0x46 returned 0 after 0 usecs
[    2.138078] calling  init_user_reserve+0x0/0x30 @ 1
[    2.138987] initcall init_user_reserve+0x0/0x30 returned 0 after 0 usecs
[    2.139985] calling  init_admin_reserve+0x0/0x30 @ 1
[    2.140985] initcall init_admin_reserve+0x0/0x30 returned 0 after 0 usecs
[    2.141987] calling  init_reserve_notifier+0x0/0x7 @ 1
[    2.142985] initcall init_reserve_notifier+0x0/0x7 returned 0 after 0 usecs
[    2.143986] calling  swap_init_sysfs+0x0/0x62 @ 1
[    2.145016] initcall swap_init_sysfs+0x0/0x62 returned 0 after 0 usecs
[    2.145985] calling  swapfile_init+0x0/0x46 @ 1
[    2.146986] initcall swapfile_init+0x0/0x46 returned 0 after 0 usecs
[    2.147984] calling  hugetlb_init+0x0/0x42c @ 1
[    2.148987] HugeTLB registered 2.00 MiB page size, pre-allocated 0 pages
[    2.150039] initcall hugetlb_init+0x0/0x42c returned 0 after 976 usecs
[    2.150986] calling  io_wq_init+0x0/0x34 @ 1
[    2.151986] initcall io_wq_init+0x0/0x34 returned 0 after 0 usecs
[    2.152984] calling  seqiv_module_init+0x0/0xc @ 1
[    2.154984] initcall seqiv_module_init+0x0/0xc returned 0 after 976 usecs
[    2.155988] calling  echainiv_module_init+0x0/0xc @ 1
[    2.157986] initcall echainiv_module_init+0x0/0xc returned 0 after 0 usecs
[    2.159118] calling  rsa_init+0x0/0x50 @ 1
[    2.161440] cryptomgr_test (18) used greatest stack depth: 14864 bytes left
[    2.162029] initcall rsa_init+0x0/0x50 returned 0 after 1953 usecs
[    2.163012] calling  crypto_cmac_module_init+0x0/0xc @ 1
[    2.163991] initcall crypto_cmac_module_init+0x0/0xc returned 0 after 0 usecs
[    2.164989] calling  hmac_module_init+0x0/0xc @ 1
[    2.165998] initcall hmac_module_init+0x0/0xc returned 0 after 0 usecs
[    2.166989] calling  crypto_null_mod_init+0x0/0x65 @ 1
[    2.168239] initcall crypto_null_mod_init+0x0/0x65 returned 0 after 0 usecs
[    2.168989] calling  md5_mod_init+0x0/0xc @ 1
[    2.170087] initcall md5_mod_init+0x0/0xc returned 0 after 0 usecs
[    2.170988] calling  sha256_generic_mod_init+0x0/0x11 @ 1
[    2.172135] initcall sha256_generic_mod_init+0x0/0x11 returned 0 after 0 usecs
[    2.172990] calling  crypto_cbc_module_init+0x0/0xc @ 1
[    2.173991] initcall crypto_cbc_module_init+0x0/0xc returned 0 after 0 usecs
[    2.174988] calling  crypto_ctr_module_init+0x0/0x11 @ 1
[    2.176009] initcall crypto_ctr_module_init+0x0/0x11 returned 0 after 0 usecs
[    2.176986] calling  crypto_gcm_module_init+0x0/0x64 @ 1
[    2.178069] initcall crypto_gcm_module_init+0x0/0x64 returned 0 after 0 usecs
[    2.178993] calling  crypto_ccm_module_init+0x0/0x11 @ 1
[    2.179996] initcall crypto_ccm_module_init+0x0/0x11 returned 0 after 0 usecs
[    2.180991] calling  aes_init+0x0/0xc @ 1
[    2.182104] initcall aes_init+0x0/0xc returned 0 after 0 usecs
[    2.183008] calling  crc32c_mod_init+0x0/0xc @ 1
[    2.185079] initcall crc32c_mod_init+0x0/0xc returned 0 after 976 usecs
[    2.185989] calling  crypto_authenc_module_init+0x0/0xc @ 1
[    2.186993] initcall crypto_authenc_module_init+0x0/0xc returned 0 after 0 usecs
[    2.187994] calling  crypto_authenc_esn_module_init+0x0/0xc @ 1
[    2.188993] initcall crypto_authenc_esn_module_init+0x0/0xc returned 0 after 0 usecs
[    2.190987] calling  drbg_init+0x0/0x7c @ 1
[    2.193484] initcall drbg_init+0x0/0x7c returned 0 after 976 usecs
[    2.193992] calling  ghash_mod_init+0x0/0xc @ 1
[    2.195135] initcall ghash_mod_init+0x0/0xc returned 0 after 0 usecs
[    2.195992] calling  init_bio+0x0/0x9a @ 1
[    2.197165] initcall init_bio+0x0/0x9a returned 0 after 0 usecs
[    2.197990] calling  blk_settings_init+0x0/0x29 @ 1
[    2.198989] initcall blk_settings_init+0x0/0x29 returned 0 after 0 usecs
[    2.199990] calling  blk_ioc_init+0x0/0x29 @ 1
[    2.200995] initcall blk_ioc_init+0x0/0x29 returned 0 after 0 usecs
[    2.201988] calling  blk_mq_init+0x0/0x96 @ 1
[    2.203009] initcall blk_mq_init+0x0/0x96 returned 0 after 0 usecs
[    2.203988] calling  genhd_device_init+0x0/0x75 @ 1
[    2.206330] initcall genhd_device_init+0x0/0x75 returned 0 after 976 usecs
[    2.207074] calling  pci_slot_init+0x0/0x40 @ 1
[    2.208001] initcall pci_slot_init+0x0/0x40 returned 0 after 0 usecs
[    2.208990] calling  fbmem_init+0x0/0xd8 @ 1
[    2.211050] initcall fbmem_init+0x0/0xd8 returned 0 after 976 usecs
[    2.211990] calling  acpi_init+0x0/0x316 @ 1
[    2.214435] ACPI: Added _OSI(Module Device)
[    2.214990] ACPI: Added _OSI(Processor Device)
[    2.215991] ACPI: Added _OSI(3.0 _SCP Extensions)
[    2.216988] ACPI: Added _OSI(Processor Aggregator Device)
[    2.217991] ACPI: Added _OSI(Linux-Dell-Video)
[    2.218989] ACPI: Added _OSI(Linux-Lenovo-NV-HDMI-Audio)
[    2.219990] ACPI: Added _OSI(Linux-HPI-Hybrid-Graphics)
[    2.225206] ACPI: 1 ACPI AML tables successfully acquired and loaded
[    2.234005] ACPI: Interpreter enabled
[    2.236674] ACPI: (supports S0 S3 S4 S5)
[    2.236989] ACPI: Using IOAPIC for interrupt routing
[    2.238068] PCI: Using host bridge windows from ACPI; if necessary, use "pci=nocrs" and report a bug
[    2.239978] ACPI: Enabled 2 GPEs in block 00 to 3F
[    2.248833] ACPI: PCI Root Bridge [PCI0] (domain 0000 [bus 00-ff])
[    2.249996] acpi PNP0A08:00: _OSC: OS supports [ExtendedConfig ASPM ClockPM Segments MSI HPX-Type3]
[    2.252978] acpi PNP0A08:00: _OSC: platform does not support [LTR]
[    2.254212] acpi PNP0A08:00: _OSC: OS now controls [PME PCIeCapability]
[    2.257992] PCI host bridge to bus 0000:00
[    2.259067] pci_bus 0000:00: root bus resource [io  0x0000-0x0cf7 window]
[    2.259993] pci_bus 0000:00: root bus resource [io  0x0d00-0xffff window]
[    2.260992] pci_bus 0000:00: root bus resource [mem 0x000a0000-0x000bffff window]
[    2.261989] pci_bus 0000:00: root bus resource [mem 0x20000000-0xafffffff window]
[    2.263763] pci_bus 0000:00: root bus resource [mem 0xc0000000-0xfebfffff window]
[    2.264992] pci_bus 0000:00: root bus resource [mem 0x100000000-0x8ffffffff window]
[    2.265996] pci_bus 0000:00: root bus resource [bus 00-ff]
[    2.270300] pci 0000:00:00.0: calling  quirk_mmio_always_on+0x0/0x10 @ 1
[    2.271438] pci 0000:00:00.0: quirk_mmio_always_on+0x0/0x10 took 0 usecs
[    2.272994] pci 0000:00:00.0: [8086:29c0] type 00 class 0x060000
[    2.279539] pci 0000:00:00.0: calling  quirk_igfx_skip_te_disable+0x0/0x80 @ 1
[    2.280000] pci 0000:00:00.0: quirk_igfx_skip_te_disable+0x0/0x80 took 0 usecs
[    2.284630] pci 0000:00:01.0: [1234:1111] type 00 class 0x030000
[    2.299978] pci 0000:00:01.0: reg 0x10: [mem 0xfd000000-0xfdffffff pref]
[    2.328978] pci 0000:00:01.0: reg 0x18: [mem 0xfebf0000-0xfebf0fff]
[    2.360978] pci 0000:00:01.0: reg 0x30: [mem 0xfebe0000-0xfebeffff pref]
[    2.372978] pci 0000:00:01.0: calling  efifb_fixup_resources+0x0/0xf0 @ 1
[    2.375224] pci 0000:00:01.0: efifb_fixup_resources+0x0/0xf0 took 0 usecs
[    2.399377] pci 0000:00:1f.0: [8086:2918] type 00 class 0x060100
[    2.407646] pci 0000:00:1f.0: calling  quirk_ich7_lpc+0x0/0x60 @ 1
[    2.410386] pci 0000:00:1f.0: quirk: [io  0x0600-0x067f] claimed by ICH6 ACPI/GPIO/TCO
[    2.412247] pci 0000:00:1f.0: quirk_ich7_lpc+0x0/0x60 took 3906 usecs
[    2.413978] pci 0000:00:1f.0: calling  quirk_igfx_skip_te_disable+0x0/0x80 @ 1
[    2.416181] pci 0000:00:1f.0: quirk_igfx_skip_te_disable+0x0/0x80 took 0 usecs
[    2.420094] pci 0000:00:1f.2: [8086:2922] type 00 class 0x010601
[    2.432988] pci 0000:00:1f.2: reg 0x20: [io  0xc040-0xc05f]
[    2.435988] pci 0000:00:1f.2: reg 0x24: [mem 0xfebf1000-0xfebf1fff]
[    2.441016] pci 0000:00:1f.2: calling  quirk_igfx_skip_te_disable+0x0/0x80 @ 1
[    2.441996] pci 0000:00:1f.2: quirk_igfx_skip_te_disable+0x0/0x80 took 0 usecs
[    2.447351] pci 0000:00:1f.3: [8086:2930] type 00 class 0x0c0500
[    2.456690] pci 0000:00:1f.3: reg 0x20: [io  0x0700-0x073f]
[    2.459736] pci 0000:00:1f.3: calling  quirk_igfx_skip_te_disable+0x0/0x80 @ 1
[    2.459992] pci 0000:00:1f.3: quirk_igfx_skip_te_disable+0x0/0x80 took 0 usecs
[    2.462978] pci_bus 0000:00: on NUMA node 0
[    2.485978] ACPI: PCI Interrupt Link [LNKA] (IRQs 5 *10 11)
[    2.488476] ACPI: PCI Interrupt Link [LNKB] (IRQs 5 *10 11)
[    2.490033] ACPI: PCI Interrupt Link [LNKC] (IRQs 5 10 *11)
[    2.491533] ACPI: PCI Interrupt Link [LNKD] (IRQs 5 10 *11)
[    2.492555] ACPI: PCI Interrupt Link [LNKE] (IRQs 5 *10 11)
[    2.494420] ACPI: PCI Interrupt Link [LNKF] (IRQs 5 *10 11)
[    2.496427] ACPI: PCI Interrupt Link [LNKG] (IRQs 5 10 *11)
[    2.498516] ACPI: PCI Interrupt Link [LNKH] (IRQs 5 10 *11)
[    2.499263] ACPI: PCI Interrupt Link [GSIA] (IRQs *16)
[    2.500037] ACPI: PCI Interrupt Link [GSIB] (IRQs *17)
[    2.501036] ACPI: PCI Interrupt Link [GSIC] (IRQs *18)
[    2.502023] ACPI: PCI Interrupt Link [GSID] (IRQs *19)
[    2.503020] ACPI: PCI Interrupt Link [GSIE] (IRQs *20)
[    2.504018] ACPI: PCI Interrupt Link [GSIF] (IRQs *21)
[    2.505025] ACPI: PCI Interrupt Link [GSIG] (IRQs *22)
[    2.506013] ACPI: PCI Interrupt Link [GSIH] (IRQs *23)
[    2.522978] initcall acpi_init+0x0/0x316 returned 0 after 300781 usecs
[    2.524987] calling  pnp_init+0x0/0xc @ 1
[    2.527183] initcall pnp_init+0x0/0xc returned 0 after 976 usecs
[    2.527989] calling  misc_init+0x0/0xbf @ 1
[    2.531221] initcall misc_init+0x0/0xbf returned 0 after 1953 usecs
[    2.531990] calling  iommu_subsys_init+0x0/0x4e @ 1
[    2.534199] iommu: Default domain type: Translated 
[    2.534990] initcall iommu_subsys_init+0x0/0x4e returned 0 after 1953 usecs
[    2.535990] calling  vga_arb_device_init+0x0/0x261 @ 1
[    2.552978] pci 0000:00:01.0: vgaarb: setting as boot VGA device
[    2.552978] pci 0000:00:01.0: vgaarb: VGA device added: decodes=io+mem,owns=io+mem,locks=none
[    2.552989] pci 0000:00:01.0: vgaarb: bridge control possible
[    2.553985] vgaarb: loaded
[    2.554991] initcall vga_arb_device_init+0x0/0x261 returned 0 after 15625 usecs
[    2.556349] calling  cn_init+0x0/0xf0 @ 1
[    2.560342] initcall cn_init+0x0/0xf0 returned 0 after 1953 usecs
[    2.560991] calling  dma_buf_init+0x0/0xad @ 1
[    2.565846] initcall dma_buf_init+0x0/0xad returned 0 after 2929 usecs
[    2.565991] calling  dma_resv_lockdep+0x0/0x27f @ 1
[    2.569614] initcall dma_resv_lockdep+0x0/0x27f returned 0 after 1953 usecs
[    2.569993] calling  init_scsi+0x0/0x79 @ 1
[    2.573547] SCSI subsystem initialized
[    2.573990] initcall init_scsi+0x0/0x79 returned 0 after 2929 usecs
[    2.574989] calling  ata_init+0x0/0x332 @ 1
[    2.582316] libata version 3.00 loaded.
[    2.583989] initcall ata_init+0x0/0x332 returned 0 after 7812 usecs
[    2.584991] calling  phy_init+0x0/0x250 @ 1
[    2.591026] initcall phy_init+0x0/0x250 returned 0 after 4882 usecs
[    2.591990] calling  init_pcmcia_cs+0x0/0x35 @ 1
[    2.595002] initcall init_pcmcia_cs+0x0/0x35 returned 0 after 1953 usecs
[    2.595989] calling  usb_common_init+0x0/0x1c @ 1
[    2.597408] initcall usb_common_init+0x0/0x1c returned 0 after 0 usecs
[    2.597987] calling  usb_init+0x0/0x12e @ 1
[    2.599656] ACPI: bus type USB registered
[    2.605511] usbcore: registered new interface driver usbfs
[    2.607308] usbcore: registered new interface driver hub
[    2.609474] usbcore: registered new device driver usb
[    2.609989] initcall usb_init+0x0/0x12e returned 0 after 10742 usecs
[    2.610989] calling  serio_init+0x0/0x29 @ 1
[    2.613411] initcall serio_init+0x0/0x29 returned 0 after 976 usecs
[    2.613988] calling  input_init+0x0/0xf6 @ 1
[    2.616225] initcall input_init+0x0/0xf6 returned 0 after 976 usecs
[    2.616990] calling  rtc_init+0x0/0x4d @ 1
[    2.618266] initcall rtc_init+0x0/0x4d returned 0 after 0 usecs
[    2.618989] calling  pps_init+0x0/0xa9 @ 1
[    2.620453] pps_core: LinuxPPS API ver. 1 registered
[    2.620987] pps_core: Software ver. 5.3.6 - Copyright 2005-2007 Rodolfo Giometti <giometti@linux.it>
[    2.622078] initcall pps_init+0x0/0xa9 returned 0 after 1953 usecs
[    2.622994] calling  ptp_init+0x0/0x98 @ 1
[    2.624014] PTP clock support registered
[    2.624993] initcall ptp_init+0x0/0x98 returned 0 after 976 usecs
[    2.625998] calling  power_supply_class_init+0x0/0x3f @ 1
[    2.630240] initcall power_supply_class_init+0x0/0x3f returned 0 after 2929 usecs
[    2.630991] calling  hwmon_init+0x0/0x104 @ 1
[    2.632027] initcall hwmon_init+0x0/0x104 returned 0 after 0 usecs
[    2.632991] calling  md_init+0x0/0x16b @ 1
[    2.637990] initcall md_init+0x0/0x16b returned 0 after 3906 usecs
[    2.639185] calling  leds_init+0x0/0x3b @ 1
[    2.641010] initcall leds_init+0x0/0x3b returned 0 after 976 usecs
[    2.641991] calling  dmi_init+0x0/0x113 @ 1
[    2.646166] initcall dmi_init+0x0/0x113 returned 0 after 2929 usecs
[    2.646990] calling  efisubsys_init+0x0/0x4e6 @ 1
[    2.649693] initcall efisubsys_init+0x0/0x4e6 returned 0 after 0 usecs
[    2.649991] calling  nvmem_init+0x0/0xc @ 1
[    2.652611] initcall nvmem_init+0x0/0xc returned 0 after 976 usecs
[    2.652990] calling  init_soundcore+0x0/0x33 @ 1
[    2.654251] initcall init_soundcore+0x0/0x33 returned 0 after 0 usecs
[    2.654988] calling  alsa_sound_init+0x0/0x8f @ 1
[    2.657186] Advanced Linux Sound Architecture Driver Initialized.
[    2.657990] initcall alsa_sound_init+0x0/0x8f returned 0 after 1953 usecs
[    2.659990] calling  alsa_seq_device_init+0x0/0x71 @ 1
[    2.661992] initcall alsa_seq_device_init+0x0/0x71 returned 0 after 976 usecs
[    2.662990] calling  hda_bus_init+0x0/0xc @ 1
[    2.664070] initcall hda_bus_init+0x0/0xc returned 0 after 0 usecs
[    2.666001] calling  proto_init+0x0/0xc @ 1
[    2.667053] initcall proto_init+0x0/0xc returned 0 after 0 usecs
[    2.667990] calling  net_dev_init+0x0/0x231 @ 1
[    2.674681] initcall net_dev_init+0x0/0x231 returned 0 after 4882 usecs
[    2.674991] calling  neigh_init+0x0/0x84 @ 1
[    2.675997] initcall neigh_init+0x0/0x84 returned 0 after 0 usecs
[    2.676990] calling  fib_notifier_init+0x0/0xc @ 1
[    2.678115] initcall fib_notifier_init+0x0/0xc returned 0 after 0 usecs
[    2.678990] calling  fib_rules_init+0x0/0xab @ 1
[    2.680024] initcall fib_rules_init+0x0/0xab returned 0 after 0 usecs
[    2.680989] calling  pktsched_init+0x0/0x10e @ 1
[    2.683884] initcall pktsched_init+0x0/0x10e returned 0 after 976 usecs
[    2.683988] calling  tc_filter_init+0x0/0xfa @ 1
[    2.685157] initcall tc_filter_init+0x0/0xfa returned 0 after 0 usecs
[    2.685991] calling  tc_action_init+0x0/0x54 @ 1
[    2.686994] initcall tc_action_init+0x0/0x54 returned 0 after 0 usecs
[    2.687989] calling  ethnl_init+0x0/0x52 @ 1
[    2.689141] initcall ethnl_init+0x0/0x52 returned 0 after 0 usecs
[    2.689989] calling  nexthop_init+0x0/0xd8 @ 1
[    2.692636] initcall nexthop_init+0x0/0xd8 returned 0 after 976 usecs
[    2.692990] calling  cipso_v4_init+0x0/0x8d @ 1
[    2.695301] initcall cipso_v4_init+0x0/0x8d returned 0 after 976 usecs
[    2.695993] calling  ieee80211_init+0x0/0x24 @ 1
[    2.699990] initcall ieee80211_init+0x0/0x24 returned 0 after 2929 usecs
[    2.700988] calling  netlbl_init+0x0/0x78 @ 1
[    2.702282] NetLabel: Initializing
[    2.703286] NetLabel:  domain hash size = 128
[    2.703986] NetLabel:  protocols = UNLABELED CIPSOv4 CALIPSO
[    2.706181] NetLabel:  unlabeled traffic allowed by default
[    2.706991] initcall netlbl_init+0x0/0x78 returned 0 after 4882 usecs
[    2.707989] calling  rfkill_init+0x0/0x136 @ 1
[    2.712162] initcall rfkill_init+0x0/0x136 returned 0 after 2929 usecs
[    2.712988] calling  pci_subsys_init+0x0/0x66 @ 1
[    2.714665] PCI: Using ACPI for IRQ routing
[    3.489782] PCI: pci_cache_line_size set to 64 bytes
[    3.491742] e820: reserve RAM buffer [mem 0x0009fc00-0x0009ffff]
[    3.493984] e820: reserve RAM buffer [mem 0x1ffdf000-0x1fffffff]
[    3.495943] initcall pci_subsys_init+0x0/0x66 returned 0 after 762695 usecs
[    3.501976] calling  nmi_warning_debugfs+0x0/0x26 @ 1
[    3.503778] initcall nmi_warning_debugfs+0x0/0x26 returned 0 after 0 usecs
[    3.504009] calling  save_microcode_in_initrd+0x0/0x51 @ 1
[    3.506061] initcall save_microcode_in_initrd+0x0/0x51 returned 0 after 976 usecs
[    3.506990] calling  hpet_late_init+0x0/0x1f6 @ 1
[    3.509080] hpet: 3 channels of 0 reserved for per-cpu timers
[    3.511248] hpet0: at MMIO 0xfed00000, IRQs 2, 8, 0
[    3.511985] hpet0: 3 comparators, 64-bit 100.000000 MHz counter
[    3.516989] initcall hpet_late_init+0x0/0x1f6 returned 0 after 8789 usecs
[    3.517991] calling  init_amd_nbs+0x0/0x11c @ 1
[    3.519135] initcall init_amd_nbs+0x0/0x11c returned 0 after 0 usecs
[    3.520007] calling  clocksource_done_booting+0x0/0x43 @ 1
[    3.521350] clocksource: Switched to clocksource kvm-clock
[    3.529240] initcall clocksource_done_booting+0x0/0x43 returned 0 after 8061 usecs
[    3.538157] calling  tracer_init_tracefs+0x0/0x201 @ 1
[    3.921629] initcall tracer_init_tracefs+0x0/0x201 returned 0 after 368550 usecs
[    3.930165] calling  init_trace_printk_function_export+0x0/0x2c @ 1
[    3.937426] initcall init_trace_printk_function_export+0x0/0x2c returned 0 after 17 usecs
[    3.946696] calling  init_kprobe_trace+0x0/0x1ab @ 1
[    3.952551] initcall init_kprobe_trace+0x0/0x1ab returned 0 after 126 usecs
[    3.960571] calling  init_dynamic_event+0x0/0x3d @ 1
[    3.966261] initcall init_dynamic_event+0x0/0x3d returned 0 after 36 usecs
[    3.973891] calling  init_uprobe_trace+0x0/0x5c @ 1
[    3.979504] initcall init_uprobe_trace+0x0/0x5c returned 0 after 103 usecs
[    3.987217] calling  init_pipe_fs+0x0/0x44 @ 1
[    3.992753] initcall init_pipe_fs+0x0/0x44 returned 0 after 544 usecs
[    4.000162] calling  inotify_user_setup+0x0/0x47 @ 1
[    4.006167] initcall inotify_user_setup+0x0/0x47 returned 0 after 160 usecs
[    4.013973] calling  eventpoll_init+0x0/0xeb @ 1
[    4.019237] initcall eventpoll_init+0x0/0xeb returned 0 after 48 usecs
[    4.026478] calling  anon_inode_init+0x0/0x58 @ 1
[    4.032010] initcall anon_inode_init+0x0/0x58 returned 0 after 260 usecs
[    4.039569] calling  proc_locks_init+0x0/0x27 @ 1
[    4.044950] initcall proc_locks_init+0x0/0x27 returned 0 after 17 usecs
[    4.052458] calling  iomap_init+0x0/0x1b @ 1
[    4.057646] initcall iomap_init+0x0/0x1b returned 0 after 346 usecs
[    4.064689] calling  dquot_init+0x0/0xd7 @ 1
[    4.069519] VFS: Disk quotas dquot_6.6.0
[    4.074135] VFS: Dquot-cache hash table entries: 512 (order 0, 4096 bytes)
[    4.081827] initcall dquot_init+0x0/0xd7 returned 0 after 12028 usecs
[    4.089087] calling  quota_init+0x0/0x23 @ 1
[    4.094591] initcall quota_init+0x0/0x23 returned 0 after 461 usecs
[    4.101873] calling  proc_cmdline_init+0x0/0x21 @ 1
[    4.107463] initcall proc_cmdline_init+0x0/0x21 returned 0 after 22 usecs
[    4.115175] calling  proc_consoles_init+0x0/0x24 @ 1
[    4.120961] initcall proc_consoles_init+0x0/0x24 returned 0 after 6 usecs
[    4.129032] calling  proc_cpuinfo_init+0x0/0x1e @ 1
[    4.134769] initcall proc_cpuinfo_init+0x0/0x1e returned 0 after 7 usecs
[    4.143686] calling  proc_devices_init+0x0/0x24 @ 1
[    4.149495] initcall proc_devices_init+0x0/0x24 returned 0 after 8 usecs
[    4.158760] calling  proc_interrupts_init+0x0/0x24 @ 1
[    4.165742] initcall proc_interrupts_init+0x0/0x24 returned 0 after 9 usecs
[    4.173778] calling  proc_loadavg_init+0x0/0x21 @ 1
[    4.179450] initcall proc_loadavg_init+0x0/0x21 returned 0 after 7 usecs
[    4.187196] calling  proc_meminfo_init+0x0/0x21 @ 1
[    4.192935] initcall proc_meminfo_init+0x0/0x21 returned 0 after 6 usecs
[    4.201708] calling  proc_stat_init+0x0/0x1e @ 1
[    4.207878] initcall proc_stat_init+0x0/0x1e returned 0 after 7 usecs
[    4.215936] calling  proc_uptime_init+0x0/0x21 @ 1
[    4.223222] initcall proc_uptime_init+0x0/0x21 returned 0 after 8 usecs
[    4.231081] calling  proc_version_init+0x0/0x21 @ 1
[    4.237099] initcall proc_version_init+0x0/0x21 returned 0 after 8 usecs
[    4.244971] calling  proc_softirqs_init+0x0/0x21 @ 1
[    4.251934] initcall proc_softirqs_init+0x0/0x21 returned 0 after 8 usecs
[    4.260849] calling  proc_kcore_init+0x0/0xea @ 1
[    4.266512] initcall proc_kcore_init+0x0/0xea returned 0 after 196 usecs
[    4.274263] calling  vmcore_init+0x0/0x57b @ 1
[    4.279558] initcall vmcore_init+0x0/0x57b returned 0 after 54 usecs
[    4.286922] calling  proc_kmsg_init+0x0/0x21 @ 1
[    4.292324] initcall proc_kmsg_init+0x0/0x21 returned 0 after 8 usecs
[    4.299755] calling  proc_page_init+0x0/0x3b @ 1
[    4.305208] initcall proc_page_init+0x0/0x3b returned 0 after 11 usecs
[    4.312746] calling  init_ramfs_fs+0x0/0xc @ 1
[    4.319119] initcall init_ramfs_fs+0x0/0xc returned 0 after 108 usecs
[    4.328500] calling  init_hugetlbfs_fs+0x0/0xf6 @ 1
[    4.336389] initcall init_hugetlbfs_fs+0x0/0xf6 returned 0 after 783 usecs
[    4.346212] calling  blk_scsi_ioctl_init+0x0/0x2a5 @ 1
[    4.352603] initcall blk_scsi_ioctl_init+0x0/0x2a5 returned 0 after 79 usecs
[    4.360831] calling  acpi_event_init+0x0/0x2c @ 1
[    4.366541] initcall acpi_event_init+0x0/0x2c returned 0 after 107 usecs
[    4.374474] calling  pnp_system_init+0x0/0xc @ 1
[    4.380560] initcall pnp_system_init+0x0/0xc returned 0 after 495 usecs
[    4.388370] calling  pnpacpi_init+0x0/0x69 @ 1
[    4.393794] pnp: PnP ACPI init
[    4.399450] pnp 00:00: Plug and Play ACPI device, IDs PNP0303 (active)
[    4.407480] pnp 00:01: Plug and Play ACPI device, IDs PNP0f13 (active)
[    4.415460] pnp 00:02: Plug and Play ACPI device, IDs PNP0400 (active)
[    4.423246] pnp 00:03: Plug and Play ACPI device, IDs PNP0501 (active)
[    4.431211] pnp 00:04: Plug and Play ACPI device, IDs PNP0b00 (active)
[    4.439399] system 00:05: [mem 0xb0000000-0xbfffffff window] has been reserved
[    4.448040] system 00:05: Plug and Play ACPI device, IDs PNP0c01 (active)
[    4.457731] pnp: PnP ACPI: found 6 devices
[    4.462582] initcall pnpacpi_init+0x0/0x69 returned 0 after 67234 usecs
[    4.470153] calling  chr_dev_init+0x0/0x14d @ 1
[    4.482585] initcall chr_dev_init+0x0/0x14d returned 0 after 7047 usecs
[    4.490354] calling  firmware_class_init+0x0/0x14a @ 1
[    4.496691] initcall firmware_class_init+0x0/0x14a returned 0 after 150 usecs
[    4.505106] calling  init_pcmcia_bus+0x0/0x5b @ 1
[    4.511281] initcall init_pcmcia_bus+0x0/0x5b returned 0 after 603 usecs
[    4.518953] calling  init_acpi_pm_clocksource+0x0/0xda @ 1
[    4.531139] clocksource: acpi_pm: mask: 0xffffff max_cycles: 0xffffff, max_idle_ns: 2085701024 ns
[    4.541483] initcall init_acpi_pm_clocksource+0x0/0xda returned 0 after 15793 usecs
[    4.550161] calling  sysctl_core_init+0x0/0x26 @ 1
[    4.557318] initcall sysctl_core_init+0x0/0x26 returned 0 after 498 usecs
[    4.566661] calling  eth_offload_init+0x0/0x13 @ 1
[    4.573902] initcall eth_offload_init+0x0/0x13 returned 0 after 359 usecs
[    4.583554] calling  ipv4_offload_init+0x0/0x73 @ 1
[    4.590675] initcall ipv4_offload_init+0x0/0x73 returned 0 after 142 usecs
[    4.599168] calling  inet_init+0x0/0x276 @ 1
[    4.604313] NET: Registered protocol family 2
[    4.610642] IP idents hash table entries: 8192 (order: 4, 65536 bytes, linear)
[    4.621859] tcp_listen_portaddr_hash hash table entries: 256 (order: 2, 20480 bytes, linear)
[    4.631638] TCP established hash table entries: 4096 (order: 3, 32768 bytes, linear)
[    4.640651] TCP bind hash table entries: 4096 (order: 6, 294912 bytes, linear)
[    4.669948] TCP: Hash tables configured (established 4096 bind 4096)
[    4.677926] UDP hash table entries: 256 (order: 3, 40960 bytes, linear)
[    4.686812] UDP-Lite hash table entries: 256 (order: 3, 40960 bytes, linear)
[    4.697052] initcall inet_init+0x0/0x276 returned 0 after 90812 usecs
[    4.705371] calling  af_unix_init+0x0/0x4d @ 1
[    4.711641] NET: Registered protocol family 1
[    4.716862] initcall af_unix_init+0x0/0x4d returned 0 after 5127 usecs
[    4.724203] calling  ipv6_offload_init+0x0/0x7e @ 1
[    4.729832] initcall ipv6_offload_init+0x0/0x7e returned 0 after 81 usecs
[    4.737449] calling  init_sunrpc+0x0/0x65 @ 1
[    4.747821] RPC: Registered named UNIX socket transport module.
[    4.755071] RPC: Registered udp transport module.
[    4.760485] RPC: Registered tcp transport module.
[    4.765961] RPC: Registered tcp NFSv4.1 backchannel transport module.
[    4.773387] initcall init_sunrpc+0x0/0x65 returned 0 after 30218 usecs
[    4.780740] calling  cfg80211_init+0x0/0xc5 @ 1
[    4.787154] initcall cfg80211_init+0x0/0xc5 returned 0 after 1239 usecs
[    4.795816] calling  pcibios_assign_resources+0x0/0xbf @ 1
[    4.802505] pci_bus 0000:00: resource 4 [io  0x0000-0x0cf7 window]
[    4.809326] pci_bus 0000:00: resource 5 [io  0x0d00-0xffff window]
[    4.816305] pci_bus 0000:00: resource 6 [mem 0x000a0000-0x000bffff window]
[    4.825561] pci_bus 0000:00: resource 7 [mem 0x20000000-0xafffffff window]
[    4.835186] pci_bus 0000:00: resource 8 [mem 0xc0000000-0xfebfffff window]
[    4.847778] pci_bus 0000:00: resource 9 [mem 0x100000000-0x8ffffffff window]
[    4.856387] initcall pcibios_assign_resources+0x0/0xbf returned 0 after 52717 usecs
[    4.865368] calling  pci_apply_final_quirks+0x0/0x124 @ 1
[    4.872312] pci 0000:00:01.0: calling  pci_fixup_video+0x0/0xe0 @ 1
[    4.880502] pci 0000:00:01.0: Video device with shadowed ROM at [mem 0x000c0000-0x000dffff]
[    4.890589] pci 0000:00:01.0: pci_fixup_video+0x0/0xe0 took 10077 usecs
[    4.899397] PCI: CLS 0 bytes, default 64
[    4.903989] initcall pci_apply_final_quirks+0x0/0x124 returned 0 after 31372 usecs
[    4.912696] calling  acpi_reserve_resources+0x0/0xea @ 1
[    4.918796] initcall acpi_reserve_resources+0x0/0xea returned 0 after 63 usecs
[    4.927187] calling  populate_rootfs+0x0/0x102 @ 1
[    4.935750] initcall populate_rootfs+0x0/0x102 returned 0 after 2853 usecs
[    4.944449] calling  pci_iommu_init+0x0/0x3e @ 1
[    4.951450] initcall pci_iommu_init+0x0/0x3e returned 0 after 159 usecs
[    4.961265] calling  ia32_binfmt_init+0x0/0x13 @ 1
[    4.968233] initcall ia32_binfmt_init+0x0/0x13 returned 0 after 10 usecs
[    4.977951] calling  rapl_pmu_init+0x0/0x25f @ 1
[    4.984874] initcall rapl_pmu_init+0x0/0x25f returned -19 after 121 usecs
[    4.995049] calling  amd_uncore_init+0x0/0x310 @ 1
[    5.001949] initcall amd_uncore_init+0x0/0x310 returned -19 after 1 usecs
[    5.011500] calling  amd_ibs_init+0x0/0x24b @ 1
[    5.018198] initcall amd_ibs_init+0x0/0x24b returned -19 after 1 usecs
[    5.028186] calling  amd_iommu_pc_init+0x0/0x22b @ 1
[    5.038674] initcall amd_iommu_pc_init+0x0/0x22b returned -19 after 60 usecs
[    5.049150] calling  msr_init+0x0/0x55 @ 1
[    5.056033] initcall msr_init+0x0/0x55 returned 0 after 1075 usecs
[    5.064606] calling  intel_uncore_init+0x0/0x322 @ 1
[    5.071201] initcall intel_uncore_init+0x0/0x322 returned -19 after 323 usecs
[    5.079624] calling  cstate_pmu_init+0x0/0x181 @ 1
[    5.085347] initcall cstate_pmu_init+0x0/0x181 returned -19 after 0 usecs
[    5.093299] calling  register_kernel_offset_dumper+0x0/0x1a @ 1
[    5.112125] initcall register_kernel_offset_dumper+0x0/0x1a returned 0 after 394 usecs
[    5.122471] calling  i8259A_init_ops+0x0/0x20 @ 1
[    5.128310] initcall i8259A_init_ops+0x0/0x20 returned 0 after 139 usecs
[    5.136235] calling  init_tsc_clocksource+0x0/0xa4 @ 1
[    5.142695] clocksource: tsc: mask: 0xffffffffffffffff max_cycles: 0x39a85afc727, max_idle_ns: 881590685098 ns
[    5.154386] initcall init_tsc_clocksource+0x0/0xa4 returned 0 after 11705 usecs
[    5.162870] calling  add_rtc_cmos+0x0/0xb0 @ 1
[    5.168280] initcall add_rtc_cmos+0x0/0xb0 returned 0 after 104 usecs
[    5.176190] calling  i8237A_init_ops+0x0/0x3a @ 1
[    5.185489] initcall i8237A_init_ops+0x0/0x3a returned 0 after 1441 usecs
[    5.194587] calling  umwait_init+0x0/0x94 @ 1
[    5.201139] initcall umwait_init+0x0/0x94 returned -19 after 194 usecs
[    5.210631] calling  thermal_throttle_init_device+0x0/0x3d @ 1
[    5.219937] initcall thermal_throttle_init_device+0x0/0x3d returned 0 after 118 usecs
[    5.230774] calling  msr_init+0x0/0xd7 @ 1
[    5.259409] initcall msr_init+0x0/0xd7 returned 0 after 21980 usecs
[    5.267118] calling  cpuid_init+0x0/0xd7 @ 1
[    5.274350] initcall cpuid_init+0x0/0xd7 returned 0 after 1401 usecs
[    5.282313] calling  ioapic_init_ops+0x0/0x13 @ 1
[    5.288544] initcall ioapic_init_ops+0x0/0x13 returned 0 after 67 usecs
[    5.296261] calling  add_pcspkr+0x0/0x6c @ 1
[    5.301665] initcall add_pcspkr+0x0/0x6c returned 0 after 337 usecs
[    5.309350] calling  start_periodic_check_for_corruption+0x0/0x30 @ 1
[    5.316930] check: Scanning for low memory corruption every 60 seconds
[    5.324619] initcall start_periodic_check_for_corruption+0x0/0x30 returned 0 after 7686 usecs
[    5.334460] calling  sysfb_init+0x0/0x9c @ 1
[    5.340848] initcall sysfb_init+0x0/0x9c returned 0 after 313 usecs
[    5.348843] calling  audit_classes_init+0x0/0xae @ 1
[    5.355325] initcall audit_classes_init+0x0/0xae returned 0 after 145 usecs
[    5.363542] calling  iosf_mbi_init+0x0/0x24 @ 1
[    5.370172] initcall iosf_mbi_init+0x0/0x24 returned 0 after 1233 usecs
[    5.378737] calling  proc_execdomains_init+0x0/0x21 @ 1
[    5.385969] initcall proc_execdomains_init+0x0/0x21 returned 0 after 288 usecs
[    5.395368] calling  register_warn_debugfs+0x0/0x23 @ 1
[    5.402344] initcall register_warn_debugfs+0x0/0x23 returned 0 after 339 usecs
[    5.410944] calling  ioresources_init+0x0/0x49 @ 1
[    5.416565] initcall ioresources_init+0x0/0x49 returned 0 after 73 usecs
[    5.424471] calling  lockdep_proc_init+0x0/0x64 @ 1
[    5.430686] initcall lockdep_proc_init+0x0/0x64 returned 0 after 118 usecs
[    5.439949] calling  snapshot_device_init+0x0/0xc @ 1
[    5.447752] initcall snapshot_device_init+0x0/0xc returned 0 after 1395 usecs
[    5.456584] calling  irq_pm_init_ops+0x0/0x13 @ 1
[    5.462355] initcall irq_pm_init_ops+0x0/0x13 returned 0 after 84 usecs
[    5.470840] calling  rcu_torture_init+0x0/0x8bd @ 1
[    5.477549] srcud-torture:--- Start of test: nreaders=1 nfakewriters=4 stat_interval=15 verbose=1 test_no_idle_hz=1 shuffle_interval=3 stutter=5 irqreader=1 fqs_duration=0 fqs_holdoff=0 fqs_stutter=3 test_boost=1/0 test_boost_interval=7 test_boost_duration=4 shutdown_secs=3600 stall_cpu=0 stall_cpu_holdoff=10 stall_cpu_irqsoff=0 stall_cpu_block=0 n_barrier_cbs=4 onoff_interval=0 onoff_holdoff=0 read_exit_delay=13 read_exit_burst=16
[    5.523529] srcud:  Start-test grace-period state: g0 f0x0
[    5.530351] srcud-torture: Creating rcu_torture_writer task
[    5.539161] srcud-torture: Creating rcu_torture_fakewriter task
[    5.548006] srcud-torture: rcu_torture_writer task started
[    5.554749] srcud-torture: GP expediting controlled from boot/sysfs for srcud.
[    5.564208] rcu_torture_writer: Testing expedited GPs.
[    5.571076] rcu_torture_writer: Testing asynchronous GPs.
[    5.578334] rcu_torture_writer: Testing normal GPs.
[    5.584355] srcud-torture: Creating rcu_torture_fakewriter task
[    5.591508] srcud-torture: rcu_torture_fakewriter task started
[    5.599176] srcud-torture: Creating rcu_torture_fakewriter task
[    5.606428] srcud-torture: rcu_torture_fakewriter task started
[    5.614782] srcud-torture: Creating rcu_torture_fakewriter task
[    5.622249] srcud-torture: rcu_torture_fakewriter task started
[    5.630777] srcud-torture: Creating rcu_torture_reader task
[    5.637655] srcud-torture: rcu_torture_fakewriter task started
[    5.650503] srcud-torture: Creating rcu_torture_stats task
[    5.657208] srcud-torture: rcu_torture_reader task started
[    5.666228] srcud-torture: Creating torture_shuffle task
[    5.672826] srcud-torture: rcu_torture_stats task started
[    5.680588] srcud-torture: Creating torture_stutter task
[    5.687240] srcud-torture: torture_shuffle task started
[    5.694443] srcud-torture: Creating torture_shutdown task
[    5.701147] srcud-torture: torture_stutter task started
[    5.708342] srcud-torture: rcu_torture_fwd_prog_init: Disabled, unsupported by RCU flavor under test
[    5.719499] srcud-torture: Creating rcu_torture_barrier_cbs task
[    5.726790] srcud-torture: torture_shutdown task started
[    5.733408] srcud-torture:torture_shutdown task: 3599961 ms remaining
[    5.741282] srcud-torture: Creating rcu_torture_barrier_cbs task
[    5.748701] srcud-torture: rcu_torture_barrier_cbs task started
[    5.756813] srcud-torture: Creating rcu_torture_barrier_cbs task
[    5.764298] srcud-torture: rcu_torture_barrier_cbs task started
[    5.771722] srcud-torture: Creating rcu_torture_barrier_cbs task
[    5.779262] srcud-torture: rcu_torture_barrier_cbs task started
[    5.786667] srcud-torture: Creating rcu_torture_barrier task
[    5.793732] srcud-torture: rcu_torture_barrier_cbs task started
[    5.804672] srcud-torture: Creating rcu_torture_read_exit task
[    5.812605] srcud-torture: rcu_torture_barrier task starting
[    5.820851] initcall rcu_torture_init+0x0/0x8bd returned 0 after 335713 usecs
[    5.831615] calling  timekeeping_init_ops+0x0/0x13 @ 1
[    5.838851] initcall timekeeping_init_ops+0x0/0x13 returned 0 after 2 usecs
[    5.848599] calling  init_clocksource_sysfs+0x0/0x23 @ 1
[    5.857911] initcall init_clocksource_sysfs+0x0/0x23 returned 0 after 1101 usecs
[    5.868424] calling  init_timer_list_procfs+0x0/0x31 @ 1
[    5.876660] initcall init_timer_list_procfs+0x0/0x31 returned 0 after 9 usecs
[    5.886700] calling  alarmtimer_init+0x0/0xf5 @ 1
[    5.893401] initcall alarmtimer_init+0x0/0xf5 returned 0 after 535 usecs
[    5.903164] calling  init_posix_timers+0x0/0x29 @ 1
[    5.911353] initcall init_posix_timers+0x0/0x29 returned 0 after 811 usecs
[    5.922151] calling  clockevents_init_sysfs+0x0/0x8b @ 1
[    5.931664] initcall clockevents_init_sysfs+0x0/0x8b returned 0 after 882 usecs
[    5.940555] calling  proc_dma_init+0x0/0x21 @ 1
[    5.947794] initcall proc_dma_init+0x0/0x21 returned 0 after 24 usecs
[    5.956141] calling  proc_modules_init+0x0/0x1e @ 1
[    5.962357] initcall proc_modules_init+0x0/0x1e returned 0 after 68 usecs
[    5.970710] calling  kallsyms_init+0x0/0x21 @ 1
[    5.976297] initcall kallsyms_init+0x0/0x21 returned 0 after 7 usecs
[    5.989235] calling  pid_namespaces_init+0x0/0x2c @ 1
[    6.003423] initcall pid_namespaces_init+0x0/0x2c returned 0 after 16 usecs
[    6.012102] calling  audit_watch_init+0x0/0x37 @ 1
[    6.017864] initcall audit_watch_init+0x0/0x37 returned 0 after 161 usecs
[    6.026009] calling  audit_fsnotify_init+0x0/0x37 @ 1
[    6.032192] initcall audit_fsnotify_init+0x0/0x37 returned 0 after 4 usecs
[    6.041224] calling  audit_tree_init+0x0/0x6d @ 1
[    6.047080] initcall audit_tree_init+0x0/0x6d returned 0 after 11 usecs
[    6.055350] calling  seccomp_sysctl_init+0x0/0x2b @ 1
[    6.062520] initcall seccomp_sysctl_init+0x0/0x2b returned 0 after 1021 usecs
[    6.070898] calling  utsname_sysctl_init+0x0/0x13 @ 1
[    6.077180] initcall utsname_sysctl_init+0x0/0x13 returned 0 after 247 usecs
[    6.085927] calling  init_tracepoints+0x0/0x27 @ 1
[    6.092392] initcall init_tracepoints+0x0/0x27 returned 0 after 196 usecs
[    6.101269] calling  init_blk_tracer+0x0/0x50 @ 1
[    6.111828] initcall init_blk_tracer+0x0/0x50 returned 0 after 3883 usecs
[    6.121154] calling  perf_event_sysfs_init+0x0/0x83 @ 1
[    6.132591] initcall perf_event_sysfs_init+0x0/0x83 returned 0 after 3721 usecs
[    6.143289] calling  system_trusted_keyring_init+0x0/0x5f @ 1
[    6.151732] Initialise system trusted keyrings
[    6.158484] initcall system_trusted_keyring_init+0x0/0x5f returned 0 after 6590 usecs
[    6.168328] calling  kswapd_init+0x0/0x13 @ 1
[    6.174329] srcud-torture: rcu_torture_read_exit: Start of test
[    6.184588] initcall kswapd_init+0x0/0x13 returned 0 after 10035 usecs
[    6.193024] calling  extfrag_debug_init+0x0/0x54 @ 1
[    6.200100] initcall extfrag_debug_init+0x0/0x54 returned 0 after 393 usecs
[    6.209668] calling  slab_proc_init+0x0/0x21 @ 1
[    6.216186] initcall slab_proc_init+0x0/0x21 returned 0 after 213 usecs
[    6.225229] calling  workingset_init+0x0/0x8c @ 1
[    6.231793] workingset: timestamp_bits=62 max_order=17 bucket_order=0
[    6.242196] initcall workingset_init+0x0/0x8c returned 0 after 10154 usecs
[    6.252804] calling  proc_vmalloc_init+0x0/0x27 @ 1
[    6.260321] initcall proc_vmalloc_init+0x0/0x27 returned 0 after 9 usecs
[    6.270576] calling  procswaps_init+0x0/0x1e @ 1
[    6.277766] initcall procswaps_init+0x0/0x1e returned 0 after 395 usecs
[    6.288268] calling  slab_sysfs_init+0x0/0xec @ 1
[    6.318919] initcall slab_sysfs_init+0x0/0xec returned 0 after 22835 usecs
[    6.329860] calling  fcntl_init+0x0/0x29 @ 1
[    6.336691] initcall fcntl_init+0x0/0x29 returned 0 after 33 usecs
[    6.346700] calling  proc_filesystems_init+0x0/0x21 @ 1
[    6.355190] initcall proc_filesystems_init+0x0/0x21 returned 0 after 167 usecs
[    6.366619] calling  start_dirtytime_writeback+0x0/0x29 @ 1
[    6.375545] initcall start_dirtytime_writeback+0x0/0x29 returned 0 after 2 usecs
[    6.386989] calling  blkdev_init+0x0/0x1b @ 1
[    6.394781] initcall blkdev_init+0x0/0x1b returned 0 after 943 usecs
[    6.405335] calling  dio_init+0x0/0x2c @ 1
[    6.414827] initcall dio_init+0x0/0x2c returned 0 after 551 usecs
[    6.423202] calling  dnotify_init+0x0/0x78 @ 1
[    6.429654] initcall dnotify_init+0x0/0x78 returned 0 after 471 usecs
[    6.438311] calling  aio_setup+0x0/0x78 @ 1
[    6.445546] initcall aio_setup+0x0/0x78 returned 0 after 1562 usecs
[    6.453696] calling  io_uring_init+0x0/0x2c @ 1
[    6.459578] initcall io_uring_init+0x0/0x2c returned 0 after 15 usecs
[    6.467958] calling  mbcache_init+0x0/0x30 @ 1
[    6.474252] initcall mbcache_init+0x0/0x30 returned 0 after 355 usecs
[    6.482614] calling  init_grace+0x0/0xc @ 1
[    6.488306] initcall init_grace+0x0/0xc returned 0 after 317 usecs
[    6.497046] calling  init_v2_quota_format+0x0/0x21 @ 1
[    6.505286] initcall init_v2_quota_format+0x0/0x21 returned 0 after 184 usecs
[    6.516572] calling  init_devpts_fs+0x0/0x27 @ 1
[    6.524210] initcall init_devpts_fs+0x0/0x27 returned 0 after 373 usecs
[    6.533861] calling  ext4_init_fs+0x0/0x1c2 @ 1
[    6.542497] initcall ext4_init_fs+0x0/0x1c2 returned 0 after 2623 usecs
[    6.551258] calling  journal_init+0x0/0x11c @ 1
[    6.557387] initcall journal_init+0x0/0x11c returned 0 after 284 usecs
[    6.565468] calling  init_fat_fs+0x0/0x49 @ 1
[    6.571734] initcall init_fat_fs+0x0/0x49 returned 0 after 709 usecs
[    6.580049] calling  init_vfat_fs+0x0/0xc @ 1
[    6.585893] initcall init_vfat_fs+0x0/0xc returned 0 after 29 usecs
[    6.594205] calling  init_msdos_fs+0x0/0xc @ 1
[    6.600325] initcall init_msdos_fs+0x0/0xc returned 0 after 3 usecs
[    6.608730] calling  init_iso9660_fs+0x0/0x6c @ 1
[    6.616996] initcall init_iso9660_fs+0x0/0x6c returned 0 after 1746 usecs
[    6.626356] calling  init_nfs_fs+0x0/0x13a @ 1
[    6.649425] initcall init_nfs_fs+0x0/0x13a returned 0 after 16636 usecs
[    6.660055] calling  init_nfs_v2+0x0/0x13 @ 1
[    6.666962] initcall init_nfs_v2+0x0/0x13 returned 0 after 128 usecs
[    6.675108] calling  init_nfs_v3+0x0/0x13 @ 1
[    6.680767] initcall init_nfs_v3+0x0/0x13 returned 0 after 1 usecs
[    6.688916] calling  init_nfs_v4+0x0/0x32 @ 1
[    6.694658] NFS: Registering the id_resolver key type
[    6.701341] Key type id_resolver registered
[    6.706699] Key type id_legacy registered
[    6.711950] initcall init_nfs_v4+0x0/0x32 returned 0 after 16943 usecs
[    6.720399] calling  init_nlm+0x0/0x5b @ 1
[    6.725929] initcall init_nlm+0x0/0x5b returned 0 after 187 usecs
[    6.733753] calling  init_nls_cp437+0x0/0xe @ 1
[    6.739668] initcall init_nls_cp437+0x0/0xe returned 0 after 92 usecs
[    6.749219] calling  init_nls_ascii+0x0/0xe @ 1
[    6.758139] initcall init_nls_ascii+0x0/0xe returned 0 after 2 usecs
[    6.766568] calling  init_nls_iso8859_1+0x0/0xe @ 1
[    6.773014] initcall init_nls_iso8859_1+0x0/0xe returned 0 after 1 usecs
[    6.781758] calling  init_nls_utf8+0x0/0x21 @ 1
[    6.788210] initcall init_nls_utf8+0x0/0x21 returned 0 after 2 usecs
[    6.796905] calling  init_autofs_fs+0x0/0x25 @ 1
[    6.803642] initcall init_autofs_fs+0x0/0x25 returned 0 after 244 usecs
[    6.812634] calling  ipc_init+0x0/0x24 @ 1
[    6.818438] initcall ipc_init+0x0/0x24 returned 0 after 58 usecs
[    6.826708] calling  ipc_sysctl_init+0x0/0x13 @ 1
[    6.833367] initcall ipc_sysctl_init+0x0/0x13 returned 0 after 29 usecs
[    6.842459] calling  init_mqueue_fs+0x0/0xb1 @ 1
[    6.849690] initcall init_mqueue_fs+0x0/0xb1 returned 0 after 769 usecs
[    6.858448] calling  key_proc_init+0x0/0x63 @ 1
[    6.865128] initcall key_proc_init+0x0/0x63 returned 0 after 201 usecs
[    6.873914] calling  selinux_nf_ip_init+0x0/0x2e @ 1
[    6.880806] initcall selinux_nf_ip_init+0x0/0x2e returned 0 after 53 usecs
[    6.890145] calling  init_sel_fs+0x0/0x116 @ 1
[    6.896309] initcall init_sel_fs+0x0/0x116 returned 0 after 0 usecs
[    6.905687] calling  selnl_init+0x0/0x7c @ 1
[    6.928079] initcall selnl_init+0x0/0x7c returned 0 after 2179 usecs
[    6.938135] calling  sel_netif_init+0x0/0x36 @ 1
[    6.945471] initcall sel_netif_init+0x0/0x36 returned 0 after 1 usecs
[    6.955692] calling  sel_netnode_init+0x0/0x33 @ 1
[    6.962750] initcall sel_netnode_init+0x0/0x33 returned 0 after 0 usecs
[    6.971726] calling  sel_netport_init+0x0/0x33 @ 1
[    6.978269] initcall sel_netport_init+0x0/0x33 returned 0 after 1 usecs
[    6.987316] calling  aurule_init+0x0/0x2a @ 1
[    6.993646] initcall aurule_init+0x0/0x2a returned 0 after 3 usecs
[    7.002229] calling  crypto_algapi_init+0x0/0xc @ 1
[    7.008996] initcall crypto_algapi_init+0x0/0xc returned 0 after 8 usecs
[    7.018208] calling  jent_mod_init+0x0/0x2d @ 1
[    7.036791] initcall jent_mod_init+0x0/0x2d returned 0 after 11825 usecs
[    7.046584] calling  asymmetric_key_init+0x0/0xc @ 1
[    7.053228] Key type asymmetric registered
[    7.058790] initcall asymmetric_key_init+0x0/0xc returned 0 after 5430 usecs
[    7.068305] calling  x509_key_init+0x0/0xc @ 1
[    7.075354] Asymmetric key parser 'x509' registered
[    7.082184] initcall x509_key_init+0x0/0xc returned 0 after 7564 usecs
[    7.091262] calling  proc_genhd_init+0x0/0x41 @ 1
[    7.098272] initcall proc_genhd_init+0x0/0x41 returned 0 after 325 usecs
[    7.107825] calling  bsg_init+0x0/0x113 @ 1
[    7.113827] Block layer SCSI generic (bsg) driver version 0.4 loaded (major 251)
[    7.125632] initcall bsg_init+0x0/0x113 returned 0 after 11608 usecs
[    7.136414] calling  deadline_init+0x0/0xc @ 1
[    7.143941] io scheduler mq-deadline registered
[    7.151439] initcall deadline_init+0x0/0xc returned 0 after 7440 usecs
[    7.161120] calling  kyber_init+0x0/0xc @ 1
[    7.166770] io scheduler kyber registered
[    7.172503] initcall kyber_init+0x0/0xc returned 0 after 5612 usecs
[    7.180993] calling  mod_init+0x0/0x7 @ 1
[    7.186533] initcall mod_init+0x0/0x7 returned 0 after 0 usecs
[    7.194758] calling  sg_pool_init+0x0/0xb4 @ 1
[    7.201435] initcall sg_pool_init+0x0/0xb4 returned 0 after 144 usecs
[    7.210562] calling  pcie_portdrv_init+0x0/0x39 @ 1
[    7.217688] initcall pcie_portdrv_init+0x0/0x39 returned 0 after 357 usecs
[    7.227233] calling  pci_proc_init+0x0/0x68 @ 1
[    7.233689] initcall pci_proc_init+0x0/0x68 returned 0 after 70 usecs
[    7.242813] calling  pci_hotplug_init+0x0/0x7 @ 1
[    7.249391] initcall pci_hotplug_init+0x0/0x7 returned 0 after 0 usecs
[    7.258471] calling  efifb_driver_init+0x0/0xe @ 1
[    7.266429] initcall efifb_driver_init+0x0/0xe returned 0 after 34 usecs
[    7.277447] calling  ged_driver_init+0x0/0xe @ 1
[    7.284686] initcall ged_driver_init+0x0/0xe returned 0 after 281 usecs
[    7.294796] calling  acpi_ac_init+0x0/0x92 @ 1
[    7.301735] initcall acpi_ac_init+0x0/0x92 returned 0 after 266 usecs
[    7.311219] calling  acpi_button_driver_init+0x0/0x52 @ 1
[    7.320725] input: Power Button as /devices/LNXSYSTM:00/LNXPWRBN:00/input/input0
[    7.332867] ACPI: Power Button [PWRF]
[    7.340304] initcall acpi_button_driver_init+0x0/0x52 returned 0 after 21103 usecs
[    7.351746] calling  acpi_fan_driver_init+0x0/0xe @ 1
[    7.366607] initcall acpi_fan_driver_init+0x0/0xe returned 0 after 34 usecs
[    7.392437] calling  acpi_video_init+0x0/0xcb @ 1
[    7.400950] initcall acpi_video_init+0x0/0xcb returned 0 after 723 usecs
[    7.410901] calling  acpi_processor_driver_init+0x0/0xad @ 1
[    7.420983] initcall acpi_processor_driver_init+0x0/0xad returned 0 after 1821 usecs
[    7.432439] calling  acpi_thermal_init+0x0/0x71 @ 1
[    7.440450] initcall acpi_thermal_init+0x0/0x71 returned 0 after 704 usecs
[    7.450457] calling  acpi_battery_init+0x0/0x32 @ 1
[    7.457995] initcall acpi_battery_init+0x0/0x32 returned 0 after 81 usecs
[    7.468231] calling  bgrt_init+0x0/0xb6 @ 1
[    7.474448] initcall bgrt_init+0x0/0xb6 returned -19 after 1 usecs
[    7.485612] calling  gpio_clk_driver_init+0x0/0xe @ 1
[    7.494592] initcall gpio_clk_driver_init+0x0/0xe returned 0 after 260 usecs
[    7.506043] calling  plt_clk_driver_init+0x0/0xe @ 1
[    7.514444] initcall plt_clk_driver_init+0x0/0xe returned 0 after 34 usecs
[    7.526479] calling  virtio_pci_driver_init+0x0/0x15 @ 1
[    7.535842] initcall virtio_pci_driver_init+0x0/0x15 returned 0 after 104 usecs
[    7.548553] calling  n_null_init+0x0/0x1e @ 1
[    7.555826] initcall n_null_init+0x0/0x1e returned 0 after 63 usecs
[    7.564985] calling  pty_init+0x0/0x1e8 @ 1
[    7.573302] initcall pty_init+0x0/0x1e8 returned 0 after 1026 usecs
[    7.584464] calling  sysrq_init+0x0/0x62 @ 1
[    7.591847] initcall sysrq_init+0x0/0x62 returned 0 after 13 usecs
[    7.602431] calling  serial8250_init+0x0/0x17e @ 1
[    7.610774] Serial: 8250/16550 driver, 4 ports, IRQ sharing enabled
[    7.624975] 00:03: ttyS0 at I/O 0x3f8 (irq = 4, base_baud = 115200) is a 16550A
[    7.639827] initcall serial8250_init+0x0/0x17e returned 0 after 28471 usecs
[    7.651811] calling  serial_pci_driver_init+0x0/0x15 @ 1
[    7.660782] initcall serial_pci_driver_init+0x0/0x15 returned 0 after 160 usecs
[    7.673483] calling  exar_pci_driver_init+0x0/0x15 @ 1
[    7.682638] initcall exar_pci_driver_init+0x0/0x15 returned 0 after 71 usecs
[    7.694813] calling  lpss8250_pci_driver_init+0x0/0x15 @ 1
[    7.704255] initcall lpss8250_pci_driver_init+0x0/0x15 returned 0 after 334 usecs
[    7.716272] calling  mid8250_pci_driver_init+0x0/0x15 @ 1
[    7.724531] initcall mid8250_pci_driver_init+0x0/0x15 returned 0 after 39 usecs
[    7.736197] calling  virtio_console_init+0x0/0xff @ 1
[    7.745026] initcall virtio_console_init+0x0/0xff returned 0 after 223 usecs
[    7.757339] calling  hpet_init+0x0/0x64 @ 1
[    7.765643] initcall hpet_init+0x0/0x64 returned 0 after 1075 usecs
[    7.776378] calling  nvram_module_init+0x0/0x83 @ 1
[    7.785295] Non-volatile memory driver v1.3
[    7.791887] initcall nvram_module_init+0x0/0x83 returned 0 after 6812 usecs
[    7.803011] calling  hwrng_modinit+0x0/0x8a @ 1
[    7.810328] initcall hwrng_modinit+0x0/0x8a returned 0 after 313 usecs
[    7.820288] calling  mod_init+0x0/0x48 @ 1
[    7.827385] initcall mod_init+0x0/0x48 returned -19 after 0 usecs
[    7.839576] calling  agp_init+0x0/0x23 @ 1
[    7.845769] Linux agpgart interface v0.103
[    7.852220] initcall agp_init+0x0/0x23 returned 0 after 6296 usecs
[    7.861831] calling  agp_amd64_mod_init+0x0/0x5 @ 1
[    7.870698] initcall agp_amd64_mod_init+0x0/0x5 returned -19 after 839 usecs
[    7.881231] calling  agp_intel_init+0x0/0x28 @ 1
[    7.890501] initcall agp_intel_init+0x0/0x28 returned 0 after 2406 usecs
[    7.900239] calling  drm_kms_helper_init+0x0/0x7 @ 1
[    7.908339] initcall drm_kms_helper_init+0x0/0x7 returned 0 after 566 usecs
[    7.918502] calling  drm_core_init+0x0/0xbd @ 1
[    7.926795] initcall drm_core_init+0x0/0xbd returned 0 after 1238 usecs
[    7.936929] calling  i915_init+0x0/0x6b @ 1
[    7.945341] initcall i915_init+0x0/0x6b returned 0 after 1990 usecs
[    7.954592] calling  cn_proc_init+0x0/0x35 @ 1
[    7.962030] initcall cn_proc_init+0x0/0x35 returned 0 after 506 usecs
[    7.971719] calling  topology_sysfs_init+0x0/0x27 @ 1
[    7.979061] initcall topology_sysfs_init+0x0/0x27 returned 0 after 176 usecs
[    7.989260] calling  cacheinfo_sysfs_init+0x0/0x27 @ 1
[    7.997846] initcall cacheinfo_sysfs_init+0x0/0x27 returned 0 after 679 usecs
[    8.008733] calling  loop_init+0x0/0x16a @ 1
[    8.115931] loop: module loaded
[    8.120648] initcall loop_init+0x0/0x16a returned 0 after 102647 usecs
[    8.129933] calling  mac_hid_init+0x0/0x21 @ 1
[    8.136685] initcall mac_hid_init+0x0/0x21 returned 0 after 119 usecs
[    8.146049] calling  spi_transport_init+0x0/0x74 @ 1
[    8.154348] initcall spi_transport_init+0x0/0x74 returned 0 after 863 usecs
[    8.164145] calling  init_sd+0x0/0x18c @ 1
[    8.171653] initcall init_sd+0x0/0x18c returned 0 after 765 usecs
[    8.181365] calling  init_sr+0x0/0x43 @ 1
[    8.188364] initcall init_sr+0x0/0x43 returned 0 after 95 usecs
[    8.198456] calling  init_sg+0x0/0x1c0 @ 1
[    8.205883] initcall init_sg+0x0/0x1c0 returned 0 after 307 usecs
[    8.216919] calling  ahci_pci_driver_init+0x0/0x15 @ 1
[    8.226741] ahci 0000:00:1f.2: version 3.0
[    8.238990] PCI Interrupt Link [GSIA] enabled at IRQ 16
[    8.283014] ahci 0000:00:1f.2: AHCI 0001.0000 32 slots 6 ports 1.5 Gbps 0x3f impl SATA mode
[    8.295358] ahci 0000:00:1f.2: flags: 64bit ncq only 
[    8.344408] scsi host0: ahci
[    8.353898] scsi host1: ahci
[    8.362983] scsi host2: ahci
[    8.376123] scsi host3: ahci
[    8.388053] scsi host4: ahci
[    8.396669] scsi host5: ahci
[    8.514999] ata1: SATA max UDMA/133 abar m4096@0xfebf1000 port 0xfebf1100 irq 24
[    8.525752] ata2: SATA max UDMA/133 abar m4096@0xfebf1000 port 0xfebf1180 irq 24
[    8.535987] ata3: SATA max UDMA/133 abar m4096@0xfebf1000 port 0xfebf1200 irq 24
[    8.546623] ata4: SATA max UDMA/133 abar m4096@0xfebf1000 port 0xfebf1280 irq 24
[    8.558596] ata5: SATA max UDMA/133 abar m4096@0xfebf1000 port 0xfebf1300 irq 24
[    8.570803] ata6: SATA max UDMA/133 abar m4096@0xfebf1000 port 0xfebf1380 irq 24
[    8.582019] initcall ahci_pci_driver_init+0x0/0x15 returned 0 after 347782 usecs
[    8.592775] calling  piix_init+0x0/0x26 @ 1
[    8.599612] initcall piix_init+0x0/0x26 returned 0 after 410 usecs
[    8.609141] calling  amd_pci_driver_init+0x0/0x15 @ 1
[    8.617428] initcall amd_pci_driver_init+0x0/0x15 returned 0 after 227 usecs
[    8.628315] calling  oldpiix_pci_driver_init+0x0/0x15 @ 1
[    8.636916] initcall oldpiix_pci_driver_init+0x0/0x15 returned 0 after 169 usecs
[    8.651637] calling  sch_pci_driver_init+0x0/0x15 @ 1
[    8.659162] initcall sch_pci_driver_init+0x0/0x15 returned 0 after 87 usecs
[    8.670207] calling  net_olddevs_init+0x0/0x55 @ 1
[    8.679464] initcall net_olddevs_init+0x0/0x55 returned 0 after 1224 usecs
[    8.690660] calling  blackhole_netdev_init+0x0/0x78 @ 1
[    8.701902] initcall blackhole_netdev_init+0x0/0x78 returned 0 after 2200 usecs
[    8.713787] calling  phy_module_init+0x0/0x13 @ 1
[    8.723497] initcall phy_module_init+0x0/0x13 returned 0 after 1410 usecs
[    8.736138] calling  tg3_driver_init+0x0/0x15 @ 1
[    8.743507] initcall tg3_driver_init+0x0/0x15 returned 0 after 508 usecs
[    8.753918] calling  e100_init_module+0x0/0x4c @ 1
[    8.761367] e100: Intel(R) PRO/100 Network Driver
[    8.768745] e100: Copyright(c) 1999-2006 Intel Corporation
[    8.777620] initcall e100_init_module+0x0/0x4c returned 0 after 15969 usecs
[    8.788936] calling  e1000_init_module+0x0/0x72 @ 1
[    8.796516] e1000: Intel(R) PRO/1000 Network Driver
[    8.804261] e1000: Copyright (c) 1999-2006 Intel Corporation.
[    8.813658] initcall e1000_init_module+0x0/0x72 returned 0 after 16736 usecs
[    8.824811] calling  e1000_init_module+0x0/0x2d @ 1
[    8.832703] e1000e: Intel(R) PRO/1000 Network Driver
[    8.840521] e1000e: Copyright(c) 1999 - 2015 Intel Corporation.
[    8.850275] initcall e1000_init_module+0x0/0x2d returned 0 after 17237 usecs
[    8.860701] calling  sky2_init_module+0x0/0x21 @ 1
[    8.867511] sky2: driver version 1.30
[    8.873310] initcall sky2_init_module+0x0/0x21 returned 0 after 5659 usecs
[    8.884051] calling  forcedeth_pci_driver_init+0x0/0x15 @ 1
[    8.896851] initcall forcedeth_pci_driver_init+0x0/0x15 returned 0 after 4164 usecs
[    8.908391] calling  rtl8139_init_module+0x0/0x15 @ 1
[    8.917102] initcall rtl8139_init_module+0x0/0x15 returned 0 after 1429 usecs
[    8.927104] calling  rtl8169_pci_driver_init+0x0/0x15 @ 1
[    8.934932] initcall rtl8169_pci_driver_init+0x0/0x15 returned 0 after 166 usecs
[    8.946002] calling  cdrom_init+0x0/0xc @ 1
[    8.952526] initcall cdrom_init+0x0/0xc returned 0 after 308 usecs
[    8.962243] calling  nonstatic_sysfs_init+0x0/0xc @ 1
[    8.970356] initcall nonstatic_sysfs_init+0x0/0xc returned 0 after 103 usecs
[    8.980709] calling  yenta_cardbus_driver_init+0x0/0x15 @ 1
[    8.990202] initcall yenta_cardbus_driver_init+0x0/0x15 returned 0 after 349 usecs
[    9.001142] calling  mon_init+0x0/0x144 @ 1
[    9.028823] initcall mon_init+0x0/0x144 returned 0 after 20099 usecs
[    9.038406] calling  ehci_hcd_init+0x0/0x55 @ 1
[    9.046992] ehci_hcd: USB 2.0 'Enhanced' Host Controller (EHCI) Driver
[    9.058324] initcall ehci_hcd_init+0x0/0x55 returned 0 after 12024 usecs
[    9.071745] calling  ehci_pci_init+0x0/0x64 @ 1
[    9.079463] ehci-pci: EHCI PCI platform driver
[    9.087303] initcall ehci_pci_init+0x0/0x64 returned 0 after 7654 usecs
[    9.098573] calling  ohci_hcd_mod_init+0x0/0x4d @ 1
[    9.106316] ohci_hcd: USB 1.1 'Open' Host Controller (OHCI) Driver
[    9.116532] initcall ohci_hcd_mod_init+0x0/0x4d returned 0 after 9974 usecs
[    9.127732] calling  ohci_pci_init+0x0/0x64 @ 1
[    9.135200] ohci-pci: OHCI PCI platform driver
[    9.142590] initcall ohci_pci_init+0x0/0x64 returned 0 after 7304 usecs
[    9.153963] calling  uhci_hcd_init+0x0/0xa6 @ 1
[    9.161137] uhci_hcd: USB Universal Host Controller Interface driver
[    9.171576] initcall uhci_hcd_init+0x0/0xa6 returned 0 after 10161 usecs
[    9.182888] calling  xhci_hcd_init+0x0/0x1e @ 1
[    9.189979] initcall xhci_hcd_init+0x0/0x1e returned 0 after 132 usecs
[    9.200182] calling  xhci_pci_init+0x0/0x49 @ 1
[    9.208509] initcall xhci_pci_init+0x0/0x49 returned 0 after 529 usecs
[    9.219623] calling  usblp_driver_init+0x0/0x15 @ 1
[    9.228486] usbcore: registered new interface driver usblp
[    9.237751] initcall usblp_driver_init+0x0/0x15 returned 0 after 9751 usecs
[    9.249051] calling  usb_storage_driver_init+0x0/0x2a @ 1
[    9.258501] usbcore: registered new interface driver usb-storage
[    9.269598] initcall usb_storage_driver_init+0x0/0x2a returned 0 after 11003 usecs
[    9.283942] calling  i8042_init+0x0/0x4c2 @ 1
[    9.292900] i8042: PNP: PS/2 Controller [PNP0303:KBD,PNP0f13:MOU] at 0x60,0x64 irq 1,12
[    9.324696] serio: i8042 KBD port at 0x60,0x64 irq 1
[    9.332642] serio: i8042 AUX port at 0x60,0x64 irq 12
[    9.339972] initcall i8042_init+0x0/0x4c2 returned 0 after 47179 usecs
[    9.349686] calling  serport_init+0x0/0x2c @ 1
[    9.356256] initcall serport_init+0x0/0x2c returned 0 after 1 usecs
[    9.365290] calling  input_leds_init+0x0/0xc @ 1
[    9.373321] initcall input_leds_init+0x0/0xc returned 0 after 266 usecs
[    9.384015] calling  evdev_init+0x0/0xc @ 1
[    9.398603] initcall evdev_init+0x0/0xc returned 0 after 7092 usecs
[    9.409351] calling  atkbd_init+0x0/0x21 @ 1
[    9.418055] initcall atkbd_init+0x0/0x21 returned 0 after 517 usecs
[    9.428098] calling  psmouse_init+0x0/0x7f @ 1
[    9.436505] initcall psmouse_init+0x0/0x7f returned 0 after 1008 usecs
[    9.447588] calling  cmos_init+0x0/0x73 @ 1
[    9.455937] rtc_cmos 00:04: RTC can wake from S4
[    9.489579] input: AT Translated Set 2 keyboard as /devices/platform/i8042/serio0/input/input1
[    9.512594] ata5: SATA link down (SStatus 0 SControl 300)
[    9.527751] ata3: SATA link up 1.5 Gbps (SStatus 113 SControl 300)
[    9.542728] ata3.00: ATAPI: QEMU DVD-ROM, 2.5+, max UDMA/100
[    9.550468] ata3.00: applying bridge limits
[    9.559653] ata3.00: configured for UDMA/100
[    9.573495] ata4: SATA link down (SStatus 0 SControl 300)
[    9.586611] ata1: SATA link down (SStatus 0 SControl 300)
[    9.610804] ata2: SATA link down (SStatus 0 SControl 300)
[    9.632236] scsi 2:0:0:0: CD-ROM            QEMU     QEMU DVD-ROM     2.5+ PQ: 0 ANSI: 5
[    9.698648] sr 2:0:0:0: [sr0] scsi3-mmc drive: 4x/4x cd/rw xa/form2 tray
[    9.710557] cdrom: Uniform CD-ROM driver Revision: 3.20
[    9.728893] ata6: SATA link down (SStatus 0 SControl 300)
[    9.741546] rtc_cmos 00:04: registered as rtc0
[    9.750441] rtc_cmos 00:04: alarms up to one day, y3k, 242 bytes nvram, hpet irqs
[    9.761869] initcall cmos_init+0x0/0x73 returned 0 after 300148 usecs
[    9.771949] calling  smbalert_driver_init+0x0/0xe @ 1
[    9.779683] initcall smbalert_driver_init+0x0/0xe returned 0 after 128 usecs
[    9.790319] calling  i2c_i801_init+0x0/0xc5 @ 1
[    9.802687] i801_smbus 0000:00:1f.3: SMBus using PCI interrupt
[    9.814083] i2c i2c-0: 1/1 memory slots populated (from DMI)
[    9.822860] i2c i2c-0: Memory type 0x07 not supported yet, not instantiating SPD
[    9.833745] initcall i2c_i801_init+0x0/0xc5 returned 0 after 35777 usecs
[    9.843118] calling  ptp_kvm_init+0x0/0xf0 @ 1
[    9.888877] sr 2:0:0:0: Attached scsi CD-ROM sr0
[    9.928378] sr 2:0:0:0: Attached scsi generic sg0 type 5
[   10.035913] initcall ptp_kvm_init+0x0/0xf0 returned 0 after 182017 usecs
[   10.046315] calling  dm_init+0x0/0x3c @ 1
[   10.104313] device-mapper: ioctl: 4.43.0-ioctl (2020-10-01) initialised: dm-devel@redhat.com
[   10.117484] initcall dm_init+0x0/0x3c returned 0 after 51438 usecs
[   10.126650] calling  dm_mirror_init+0x0/0x29 @ 1
[   10.133219] initcall dm_mirror_init+0x0/0x29 returned 0 after 3 usecs
[   10.142695] calling  dm_dirty_log_init+0x0/0x4f @ 1
[   10.151072] initcall dm_dirty_log_init+0x0/0x4f returned 0 after 409 usecs
[   10.161536] calling  dm_zero_init+0x0/0x29 @ 1
[   10.168251] initcall dm_zero_init+0x0/0x29 returned 0 after 3 usecs
[   10.178305] calling  intel_pstate_init+0x0/0x4a4 @ 1
[   10.186885] intel_pstate: CPU model not supported
[   10.194793] initcall intel_pstate_init+0x0/0x4a4 returned -19 after 7719 usecs
[   10.204931] calling  haltpoll_init+0x0/0xc0 @ 1
[   10.225664] initcall haltpoll_init+0x0/0xc0 returned -19 after 34 usecs
[   10.236352] calling  efivars_sysfs_init+0x0/0x30 @ 1
[   10.244821] initcall efivars_sysfs_init+0x0/0x30 returned 0 after 162 usecs
[   10.255705] calling  esrt_sysfs_init+0x0/0x2a2 @ 1
[   10.263824] initcall esrt_sysfs_init+0x0/0x2a2 returned -38 after 380 usecs
[   10.273788] calling  hid_init+0x0/0x5c @ 1
[   10.279516] hid: raw HID events driver (C) Jiri Kosina
[   10.286552] initcall hid_init+0x0/0x5c returned 0 after 7100 usecs
[   10.295386] calling  hid_generic_init+0x0/0x15 @ 1
[   10.302610] initcall hid_generic_init+0x0/0x15 returned 0 after 453 usecs
[   10.311641] calling  a4_driver_init+0x0/0x15 @ 1
[   10.318239] initcall a4_driver_init+0x0/0x15 returned 0 after 224 usecs
[   10.327058] calling  apple_driver_init+0x0/0x15 @ 1
[   10.333764] initcall apple_driver_init+0x0/0x15 returned 0 after 40 usecs
[   10.342792] calling  belkin_driver_init+0x0/0x15 @ 1
[   10.349915] initcall belkin_driver_init+0x0/0x15 returned 0 after 239 usecs
[   10.359441] calling  ch_driver_init+0x0/0x15 @ 1
[   10.366166] initcall ch_driver_init+0x0/0x15 returned 0 after 41 usecs
[   10.375819] calling  ch_driver_init+0x0/0x15 @ 1
[   10.382697] initcall ch_driver_init+0x0/0x15 returned 0 after 38 usecs
[   10.392529] calling  cp_driver_init+0x0/0x15 @ 1
[   10.399587] initcall cp_driver_init+0x0/0x15 returned 0 after 36 usecs
[   10.409224] calling  ez_driver_init+0x0/0x15 @ 1
[   10.416491] initcall ez_driver_init+0x0/0x15 returned 0 after 41 usecs
[   10.426214] calling  gyration_driver_init+0x0/0x15 @ 1
[   10.434294] initcall gyration_driver_init+0x0/0x15 returned 0 after 285 usecs
[   10.444709] calling  ite_driver_init+0x0/0x15 @ 1
[   10.451706] initcall ite_driver_init+0x0/0x15 returned 0 after 35 usecs
[   10.460776] calling  ks_driver_init+0x0/0x15 @ 1
[   10.467437] initcall ks_driver_init+0x0/0x15 returned 0 after 33 usecs
[   10.477103] calling  lg_driver_init+0x0/0x15 @ 1
[   10.485672] initcall lg_driver_init+0x0/0x15 returned 0 after 155 usecs
[   10.495788] calling  lg_g15_driver_init+0x0/0x15 @ 1
[   10.503691] initcall lg_g15_driver_init+0x0/0x15 returned 0 after 91 usecs
[   10.515174] calling  ms_driver_init+0x0/0x15 @ 1
[   10.522636] initcall ms_driver_init+0x0/0x15 returned 0 after 41 usecs
[   10.533715] calling  mr_driver_init+0x0/0x15 @ 1
[   10.541380] initcall mr_driver_init+0x0/0x15 returned 0 after 42 usecs
[   10.556185] calling  ntrig_driver_init+0x0/0x15 @ 1
[   10.565703] initcall ntrig_driver_init+0x0/0x15 returned 0 after 58 usecs
[   10.580601] calling  pl_driver_init+0x0/0x15 @ 1
[   10.587258] initcall pl_driver_init+0x0/0x15 returned 0 after 73 usecs
[   10.598600] calling  pl_driver_init+0x0/0x15 @ 1
[   10.605608] initcall pl_driver_init+0x0/0x15 returned 0 after 153 usecs
[   10.615654] calling  redragon_driver_init+0x0/0x15 @ 1
[   10.623957] initcall redragon_driver_init+0x0/0x15 returned 0 after 46 usecs
[   10.635332] calling  samsung_driver_init+0x0/0x15 @ 1
[   10.643531] initcall samsung_driver_init+0x0/0x15 returned 0 after 44 usecs
[   10.654831] calling  sony_init+0x0/0x38 @ 1
[   10.661884] initcall sony_init+0x0/0x38 returned 0 after 49 usecs
[   10.671548] calling  sp_driver_init+0x0/0x15 @ 1
[   10.678908] initcall sp_driver_init+0x0/0x15 returned 0 after 147 usecs
[   10.689588] calling  ts_driver_init+0x0/0x15 @ 1
[   10.697832] initcall ts_driver_init+0x0/0x15 returned 0 after 42 usecs
[   10.707899] calling  hid_init+0x0/0x58 @ 1
[   10.714474] usbcore: registered new interface driver usbhid
[   10.724262] usbhid: USB HID core driver
[   10.730339] initcall hid_init+0x0/0x58 returned 0 after 15569 usecs
[   10.740048] calling  eeepc_laptop_init+0x0/0x57 @ 1
[   10.747948] initcall eeepc_laptop_init+0x0/0x57 returned -19 after 121 usecs
[   10.758202] calling  pmc_atom_init+0x0/0x27a @ 1
[   10.765295] initcall pmc_atom_init+0x0/0x27a returned -19 after 8 usecs
[   10.774866] calling  alsa_hwdep_init+0x0/0x5e @ 1
[   10.782839] initcall alsa_hwdep_init+0x0/0x5e returned 0 after 580 usecs
[   10.792955] calling  alsa_timer_init+0x0/0x1f9 @ 1
[   10.906819] srcud-torture: rcu_torture_read_exit: End of episode
[   10.926284] initcall alsa_timer_init+0x0/0x1f9 returned 0 after 122974 usecs
[   10.936655] calling  snd_hrtimer_init+0x0/0x117 @ 1
[   10.943722] initcall snd_hrtimer_init+0x0/0x117 returned 0 after 6 usecs
[   10.952898] calling  alsa_pcm_init+0x0/0x64 @ 1
[   10.959289] initcall alsa_pcm_init+0x0/0x64 returned 0 after 209 usecs
[   10.967946] calling  alsa_seq_init+0x0/0x4a @ 1
[   10.979183] initcall alsa_seq_init+0x0/0x4a returned 0 after 4633 usecs
[   10.988724] calling  alsa_seq_dummy_init+0x0/0x9c @ 1
[   10.996981] initcall alsa_seq_dummy_init+0x0/0x9c returned 0 after 373 usecs
[   11.007838] calling  azx_driver_init+0x0/0x15 @ 1
[   11.017577] initcall azx_driver_init+0x0/0x15 returned 0 after 734 usecs
[   11.027808] calling  sock_diag_init+0x0/0x2a @ 1
[   11.035383] initcall sock_diag_init+0x0/0x2a returned 0 after 406 usecs
[   11.045393] calling  blackhole_init+0x0/0xc @ 1
[   11.052610] initcall blackhole_init+0x0/0xc returned 0 after 21 usecs
[   11.062675] calling  nfnetlink_init+0x0/0x61 @ 1
[   11.070976] initcall nfnetlink_init+0x0/0x61 returned 0 after 945 usecs
[   11.081622] calling  nfnetlink_log_init+0x0/0x99 @ 1
[   11.090710] initcall nfnetlink_log_init+0x0/0x99 returned 0 after 692 usecs
[   11.101557] calling  nf_conntrack_standalone_init+0x0/0x87 @ 1
[   11.122645] initcall nf_conntrack_standalone_init+0x0/0x87 returned 0 after 5047 usecs
[   11.135544] calling  ctnetlink_init+0x0/0x83 @ 1
[   11.142447] initcall ctnetlink_init+0x0/0x83 returned 0 after 107 usecs
[   11.151961] calling  nf_conntrack_ftp_init+0x0/0x12c @ 1
[   11.159920] initcall nf_conntrack_ftp_init+0x0/0x12c returned 0 after 78 usecs
[   11.169896] calling  nf_conntrack_irc_init+0x0/0x129 @ 1
[   11.177398] initcall nf_conntrack_irc_init+0x0/0x129 returned 0 after 33 usecs
[   11.187395] calling  nf_conntrack_sip_init+0x0/0x172 @ 1
[   11.194697] initcall nf_conntrack_sip_init+0x0/0x172 returned 0 after 12 usecs
[   11.205250] calling  nf_nat_init+0x0/0xf0 @ 1
[   11.213703] initcall nf_nat_init+0x0/0xf0 returned 0 after 2074 usecs
[   11.223220] calling  nf_nat_ftp_init+0x0/0x2a @ 1
[   11.230221] initcall nf_nat_ftp_init+0x0/0x2a returned 0 after 39 usecs
[   11.239966] calling  nf_nat_irc_init+0x0/0x2a @ 1
[   11.246796] initcall nf_nat_irc_init+0x0/0x2a returned 0 after 3 usecs
[   11.256513] calling  nf_nat_sip_init+0x0/0x36 @ 1
[   11.263500] initcall nf_nat_sip_init+0x0/0x36 returned 0 after 3 usecs
[   11.275144] calling  xt_init+0x0/0x113 @ 1
[   11.282488] initcall xt_init+0x0/0x113 returned 0 after 834 usecs
[   11.292152] calling  tcpudp_mt_init+0x0/0x11 @ 1
[   11.299397] initcall tcpudp_mt_init+0x0/0x11 returned 0 after 420 usecs
[   11.309234] calling  connsecmark_tg_init+0x0/0xc @ 1
[   11.316488] initcall connsecmark_tg_init+0x0/0xc returned 0 after 3 usecs
[   11.325783] calling  nflog_tg_init+0x0/0xc @ 1
[   11.332554] initcall nflog_tg_init+0x0/0xc returned 0 after 2 usecs
[   11.341199] calling  secmark_tg_init+0x0/0x11 @ 1
[   11.347790] initcall secmark_tg_init+0x0/0x11 returned 0 after 2 usecs
[   11.356567] calling  tcpmss_tg_init+0x0/0x11 @ 1
[   11.363271] initcall tcpmss_tg_init+0x0/0x11 returned 0 after 3 usecs
[   11.372706] calling  conntrack_mt_init+0x0/0x11 @ 1
[   11.380323] initcall conntrack_mt_init+0x0/0x11 returned 0 after 2 usecs
[   11.389807] calling  policy_mt_init+0x0/0x11 @ 1
[   11.396733] initcall policy_mt_init+0x0/0x11 returned 0 after 3 usecs
[   11.406233] calling  state_mt_init+0x0/0xc @ 1
[   11.413158] initcall state_mt_init+0x0/0xc returned 0 after 2 usecs
[   11.422752] calling  gre_offload_init+0x0/0x48 @ 1
[   11.429915] initcall gre_offload_init+0x0/0x48 returned 0 after 72 usecs
[   11.466195] calling  sysctl_ipv4_init+0x0/0x46 @ 1
[   11.479485] initcall sysctl_ipv4_init+0x0/0x46 returned 0 after 4198 usecs
[   11.489735] calling  tunnel4_init+0x0/0x58 @ 1
[   11.496321] initcall tunnel4_init+0x0/0x58 returned 0 after 123 usecs
[   11.505235] calling  nf_defrag_init+0x0/0xc @ 1
[   11.512236] initcall nf_defrag_init+0x0/0xc returned 0 after 22 usecs
[   11.523719] calling  ip_tables_init+0x0/0x8d @ 1
[   11.533367] initcall ip_tables_init+0x0/0x8d returned 0 after 2592 usecs
[   11.543724] calling  iptable_filter_init+0x0/0x4c @ 1
[   11.569226] initcall iptable_filter_init+0x0/0x4c returned 0 after 17954 usecs
[   11.579979] calling  iptable_mangle_init+0x0/0xb8 @ 1
[   11.590868] initcall iptable_mangle_init+0x0/0xb8 returned 0 after 2938 usecs
[   11.601332] calling  reject_tg_init+0x0/0xc @ 1
[   11.607502] initcall reject_tg_init+0x0/0xc returned 0 after 2 usecs
[   11.616366] calling  cubictcp_register+0x0/0x53 @ 1
[   11.623378] initcall cubictcp_register+0x0/0x53 returned 0 after 71 usecs
[   11.633288] calling  xfrm_user_init+0x0/0x45 @ 1
[   11.639978] Initializing XFRM netlink socket
[   11.647880] initcall xfrm_user_init+0x0/0x45 returned 0 after 7711 usecs
[   11.657407] calling  inet6_init+0x0/0x35e @ 1
[   11.671594] NET: Registered protocol family 10
[   11.747346] input: ImExPS/2 Generic Explorer Mouse as /devices/platform/i8042/serio1/input/input3
[   11.810432] Segment Routing with IPv6
[   11.816929] initcall inet6_init+0x0/0x35e returned 0 after 149354 usecs
[   11.826773] calling  ah6_init+0x0/0x71 @ 1
[   11.834293] initcall ah6_init+0x0/0x71 returned 0 after 156 usecs
[   11.847078] calling  esp6_init+0x0/0x71 @ 1
[   11.853542] initcall esp6_init+0x0/0x71 returned 0 after 4 usecs
[   11.863126] calling  ip6_tables_init+0x0/0x8d @ 1
[   11.877967] initcall ip6_tables_init+0x0/0x8d returned 0 after 108 usecs
[   11.889685] calling  ip6table_filter_init+0x0/0x4c @ 1
[   11.898799] initcall ip6table_filter_init+0x0/0x4c returned 0 after 1429 usecs
[   11.909133] calling  ip6table_mangle_init+0x0/0xb8 @ 1
[   11.916675] initcall ip6table_mangle_init+0x0/0xb8 returned 0 after 172 usecs
[   11.926484] calling  nf_defrag_init+0x0/0x45 @ 1
[   11.933232] initcall nf_defrag_init+0x0/0x45 returned 0 after 232 usecs
[   11.942245] calling  ipv6header_mt6_init+0x0/0xc @ 1
[   11.948549] initcall ipv6header_mt6_init+0x0/0xc returned 0 after 3 usecs
[   11.958412] calling  reject_tg6_init+0x0/0xc @ 1
[   11.965393] initcall reject_tg6_init+0x0/0xc returned 0 after 3 usecs
[   11.974932] calling  sit_init+0x0/0xc3 @ 1
[   11.981820] sit: IPv6, IPv4 and MPLS over IPv4 tunneling driver
[   11.994405] initcall sit_init+0x0/0xc3 returned 0 after 12286 usecs
[   12.004435] calling  packet_init+0x0/0x75 @ 1
[   12.011387] NET: Registered protocol family 17
[   12.019181] initcall packet_init+0x0/0x75 returned 0 after 7656 usecs
[   12.029169] calling  init_rpcsec_gss+0x0/0x60 @ 1
