c[?7l[2J[0mSeaBIOS (version 1.16.0-debian-1.16.0-4)
Booting from ROM...
early console in setup code
c[?7l[2J[    0.000000] Linux version 5.10.153+ (root@joelboxx.c.googlers.com) (gcc (Debian 12.2.0-3) 12.2.0, GNU ld (GNU Binutils for Debian) 2.39) #8 SMP Tue Dec 13 07:19:36 UTC 2022
[    0.000000] Command line: selinux=0 initcall_debug debug console=ttyS0 rcutorture.torture_type=srcu rcutorture.onoff_interval=1000 rcutorture.onoff_holdoff=30 rcutorture.n_barrier_cbs=4 rcutorture.stat_interval=15 rcutorture.shutdown_secs=1800 rcutorture.test_no_idle_hz=1 rcutorture.verbose=1
[    0.000000] x86/fpu: x87 FPU will use FXSAVE
[    0.000000] BIOS-provided physical RAM map:
[    0.000000] BIOS-e820: [mem 0x0000000000000000-0x000000000009fbff] usable
[    0.000000] BIOS-e820: [mem 0x000000000009fc00-0x000000000009ffff] reserved
[    0.000000] BIOS-e820: [mem 0x00000000000f0000-0x00000000000fffff] reserved
[    0.000000] BIOS-e820: [mem 0x0000000000100000-0x000000001ffdefff] usable
[    0.000000] BIOS-e820: [mem 0x000000001ffdf000-0x000000001fffffff] reserved
[    0.000000] BIOS-e820: [mem 0x00000000b0000000-0x00000000bfffffff] reserved
[    0.000000] BIOS-e820: [mem 0x00000000fed1c000-0x00000000fed1ffff] reserved
[    0.000000] BIOS-e820: [mem 0x00000000feffc000-0x00000000feffffff] reserved
[    0.000000] BIOS-e820: [mem 0x00000000fffc0000-0x00000000ffffffff] reserved
[    0.000000] NX (Execute Disable) protection: active
[    0.000000] SMBIOS 2.8 present.
[    0.000000] DMI: QEMU Standard PC (Q35 + ICH9, 2009), BIOS 1.16.0-debian-1.16.0-4 04/01/2014
[    0.000000] Hypervisor detected: KVM
[    0.000000] kvm-clock: Using msrs 4b564d01 and 4b564d00
[    0.000000] kvm-clock: cpu 0, msr 15c9e001, primary cpu clock
[    0.000001] kvm-clock: using sched offset of 2797949569 cycles
[    0.000203] clocksource: kvm-clock: mask: 0xffffffffffffffff max_cycles: 0x1cd42e4dffb, max_idle_ns: 881590591483 ns
[    0.000391] tsc: Detected 1999.999 MHz processor
[    0.007189] e820: update [mem 0x00000000-0x00000fff] usable ==> reserved
[    0.007194] e820: remove [mem 0x000a0000-0x000fffff] usable
[    0.007201] last_pfn = 0x1ffdf max_arch_pfn = 0x400000000
[    0.008099] MTRR default type: write-back
[    0.008177] MTRR fixed ranges enabled:
[    0.008179]   00000-9FFFF write-back
[    0.008181]   A0000-BFFFF uncachable
[    0.008182]   C0000-FFFFF write-protect
[    0.008183] MTRR variable ranges enabled:
[    0.008185]   0 base 00C0000000 mask FFC0000000 uncachable
[    0.008186]   1 disabled
[    0.008187]   2 disabled
[    0.008187]   3 disabled
[    0.008188]   4 disabled
[    0.008189]   5 disabled
[    0.008190]   6 disabled
[    0.008190]   7 disabled
[    0.009233] x86/PAT: Configuration [0-7]: WB  WC  UC- UC  WB  WC  UC- UC  
[    0.018642] found SMP MP-table at [mem 0x000f5ba0-0x000f5baf]
[    0.021256] check: Scanning 1 areas for low memory corruption
[    0.031963] ACPI: Early table checksum verification disabled
[    0.034208] ACPI: RSDP 0x00000000000F59E0 000014 (v00 BOCHS )
[    0.034475] ACPI: RSDT 0x000000001FFE23B1 000038 (v01 BOCHS  BXPC     00000001 BXPC 00000001)
[    0.034652] ACPI: FACP 0x000000001FFE2191 0000F4 (v03 BOCHS  BXPC     00000001 BXPC 00000001)
[    0.034746] ACPI: DSDT 0x000000001FFE0040 002151 (v01 BOCHS  BXPC     00000001 BXPC 00000001)
[    0.034751] ACPI: FACS 0x000000001FFE0000 000040
[    0.034755] ACPI: APIC 0x000000001FFE2285 000090 (v01 BOCHS  BXPC     00000001 BXPC 00000001)
[    0.034760] ACPI: HPET 0x000000001FFE2315 000038 (v01 BOCHS  BXPC     00000001 BXPC 00000001)
[    0.034792] ACPI: MCFG 0x000000001FFE234D 00003C (v01 BOCHS  BXPC     00000001 BXPC 00000001)
[    0.034797] ACPI: WAET 0x000000001FFE2389 000028 (v01 BOCHS  BXPC     00000001 BXPC 00000001)
[    0.034802] ACPI: Reserving FACP table memory at [mem 0x1ffe2191-0x1ffe2284]
[    0.034804] ACPI: Reserving DSDT table memory at [mem 0x1ffe0040-0x1ffe2190]
[    0.034805] ACPI: Reserving FACS table memory at [mem 0x1ffe0000-0x1ffe003f]
[    0.034806] ACPI: Reserving APIC table memory at [mem 0x1ffe2285-0x1ffe2314]
[    0.034807] ACPI: Reserving HPET table memory at [mem 0x1ffe2315-0x1ffe234c]
[    0.034808] ACPI: Reserving MCFG table memory at [mem 0x1ffe234d-0x1ffe2388]
[    0.034810] ACPI: Reserving WAET table memory at [mem 0x1ffe2389-0x1ffe23b0]
[    0.035683] ACPI: Local APIC address 0xfee00000
[    0.040505] No NUMA configuration found
[    0.040509] Faking a node at [mem 0x0000000000000000-0x000000001ffdefff]
[    0.040739] NODE_DATA(0) allocated [mem 0x1ffdb000-0x1ffdefff]
[    0.042201] Zone ranges:
[    0.042307]   DMA      [mem 0x0000000000001000-0x0000000000ffffff]
[    0.042364]   DMA32    [mem 0x0000000001000000-0x000000001ffdefff]
[    0.042366]   Normal   empty
[    0.042368] Movable zone start for each node
[    0.042369] Early memory node ranges
[    0.042401]   node   0: [mem 0x0000000000001000-0x000000000009efff]
[    0.042431]   node   0: [mem 0x0000000000100000-0x000000001ffdefff]
[    0.042461] Initmem setup node 0 [mem 0x0000000000001000-0x000000001ffdefff]
[    0.042463] On node 0 totalpages: 130941
[    0.042552]   DMA zone: 64 pages used for memmap
[    0.042553]   DMA zone: 21 pages reserved
[    0.042554]   DMA zone: 3998 pages, LIFO batch:0
[    0.042556]   DMA32 zone: 1984 pages used for memmap
[    0.042557]   DMA32 zone: 126943 pages, LIFO batch:31
[    0.044851] On node 0, zone DMA: 1 pages in unavailable ranges
[    0.048186] On node 0, zone DMA: 97 pages in unavailable ranges
[    0.163043] On node 0, zone DMA32: 33 pages in unavailable ranges
[    0.166877] ACPI: PM-Timer IO Port: 0x608
[    0.166884] ACPI: Local APIC address 0xfee00000
[    0.167081] ACPI: LAPIC_NMI (acpi_id[0xff] dfl dfl lint[0x1])
[    0.168295] IOAPIC[0]: apic_id 0, version 17, address 0xfec00000, GSI 0-23
[    0.168300] ACPI: INT_SRC_OVR (bus 0 bus_irq 0 global_irq 2 dfl dfl)
[    0.168334] ACPI: INT_SRC_OVR (bus 0 bus_irq 5 global_irq 5 high level)
[    0.168336] ACPI: INT_SRC_OVR (bus 0 bus_irq 9 global_irq 9 high level)
[    0.168466] ACPI: INT_SRC_OVR (bus 0 bus_irq 10 global_irq 10 high level)
[    0.168505] ACPI: INT_SRC_OVR (bus 0 bus_irq 11 global_irq 11 high level)
[    0.168507] ACPI: IRQ0 used by override.
[    0.168509] ACPI: IRQ5 used by override.
[    0.168510] ACPI: IRQ9 used by override.
[    0.168511] ACPI: IRQ10 used by override.
[    0.168511] ACPI: IRQ11 used by override.
[    0.168548] Using ACPI (MADT) for SMP configuration information
[    0.168576] ACPI: HPET id: 0x8086a201 base: 0xfed00000
[    0.168982] smpboot: Allowing 4 CPUs, 0 hotplug CPUs
[    0.170433] PM: hibernation: Registered nosave memory: [mem 0x00000000-0x00000fff]
[    0.170437] PM: hibernation: Registered nosave memory: [mem 0x0009f000-0x0009ffff]
[    0.170439] PM: hibernation: Registered nosave memory: [mem 0x000a0000-0x000effff]
[    0.170440] PM: hibernation: Registered nosave memory: [mem 0x000f0000-0x000fffff]
[    0.170444] [mem 0x20000000-0xafffffff] available for PCI devices
[    0.170544] Booting paravirtualized kernel on KVM
[    0.171470] clocksource: refined-jiffies: mask: 0xffffffff max_cycles: 0xffffffff, max_idle_ns: 1910969940391419 ns
[    0.202354] setup_percpu: NR_CPUS:4 nr_cpumask_bits:4 nr_cpu_ids:4 nr_node_ids:1
[    0.224196] percpu: Embedded 56 pages/cpu s191128 r8192 d30056 u524288
[    0.224274] pcpu-alloc: s191128 r8192 d30056 u524288 alloc=1*2097152
[    0.224338] pcpu-alloc: [0] 0 1 2 3 
[    0.224749] kvm-guest: stealtime: cpu 0, msr 1f41b600
[    0.224909] Built 1 zonelists, mobility grouping on.  Total pages: 128872
[    0.224911] Policy zone: DMA32
[    0.224944] Kernel command line: selinux=0 initcall_debug debug console=ttyS0 rcutorture.torture_type=srcu rcutorture.onoff_interval=1000 rcutorture.onoff_holdoff=30 rcutorture.n_barrier_cbs=4 rcutorture.stat_interval=15 rcutorture.shutdown_secs=1800 rcutorture.test_no_idle_hz=1 rcutorture.verbose=1
[    0.232837] Dentry cache hash table entries: 65536 (order: 7, 524288 bytes, linear)
[    0.234897] Inode-cache hash table entries: 32768 (order: 6, 262144 bytes, linear)
[    0.235574] mem auto-init: stack:all(zero), heap alloc:off, heap free:off
[    0.242051] Memory: 480680K/523764K available (14349K kernel code, 2529K rwdata, 4688K rodata, 1500K init, 1520K bss, 42824K reserved, 0K cma-reserved)
[    0.242522] SLUB: HWalign=64, Order=0-3, MinObjects=0, CPUs=4, Nodes=1
[    0.242756] Kernel/User page tables isolation: enabled
[    0.249579] rcu: Hierarchical RCU implementation.
[    0.249603] 	Trampoline variant of Tasks RCU enabled.
[    0.249604] 	Rude variant of Tasks RCU enabled.
[    0.249605] 	Tracing variant of Tasks RCU enabled.
[    0.249683] rcu: RCU calculated value of scheduler-enlistment delay is 100 jiffies.
[    0.257209] NR_IRQS: 4352, nr_irqs: 456, preallocated irqs: 16
[    0.259024] calling  con_init+0x0/0x22a @ 0
[    0.358398] Console: colour VGA+ 80x25
[    0.358414] initcall con_init+0x0/0x22a returned 0 after 0 usecs
[    0.358418] calling  hvc_console_init+0x0/0x13 @ 0
[    0.358473] initcall hvc_console_init+0x0/0x13 returned 0 after 0 usecs
[    0.358475] calling  univ8250_console_init+0x0/0x26 @ 0
[    1.325535] printk: console [ttyS0] enabled
[    1.331669] initcall univ8250_console_init+0x0/0x26 returned 0 after 0 usecs
[    1.343711] ACPI: Core revision 20200925
[    1.351324] clocksource: hpet: mask: 0xffffffff max_cycles: 0xffffffff, max_idle_ns: 19112604467 ns
[    1.363376] APIC: Switch to symmetric I/O mode setup
[    1.386389] ..TIMER: vector=0x30 apic1=0 pin1=2 apic2=-1 pin2=-1
[    1.393587] clocksource: tsc-early: mask: 0xffffffffffffffff max_cycles: 0x39a85afc727, max_idle_ns: 881590685098 ns
[    1.405814] Calibrating delay loop (skipped) preset value.. 3999.99 BogoMIPS (lpj=1999999)
[    1.406527] pid_max: default: 32768 minimum: 301
[    1.407887] LSM: Security Framework initializing
[    1.409037] Mount-cache hash table entries: 1024 (order: 1, 8192 bytes, linear)
[    1.411523] Mountpoint-cache hash table entries: 1024 (order: 1, 8192 bytes, linear)
[    1.419503] Last level iTLB entries: 4KB 0, 2MB 0, 4MB 0
[    1.420503] Last level dTLB entries: 4KB 0, 2MB 0, 4MB 0, 1GB 0
[    1.421609] Spectre V1 : Mitigation: usercopy/swapgs barriers and __user pointer sanitization
[    1.422505] Spectre V2 : Mitigation: Retpolines
[    1.423502] Spectre V2 : Spectre v2 / SpectreRSB mitigation: Filling RSB on context switch
[    1.424502] Spectre V2 : Spectre v2 / SpectreRSB : Filling RSB on VMEXIT
[    1.425503] Speculative Store Bypass: Vulnerable
[    1.426572] MDS: Vulnerable: Clear CPU buffers attempted, no microcode
[    1.427502] MMIO Stale Data: Unknown: No mitigations
[    1.481837] Freeing SMP alternatives memory: 44K
[    1.587222] smpboot: CPU0: Intel Common KVM processor (family: 0xf, model: 0x6, stepping: 0x1)
[    1.589756] calling  init_hw_perf_events+0x0/0x6ce @ 1
[    1.590521] Performance Events: unsupported Netburst CPU model 6 no PMU driver, software events only.
[    1.592508] initcall init_hw_perf_events+0x0/0x6ce returned 0 after 1953 usecs
[    1.593506] calling  init_real_mode+0x0/0x1e9 @ 1
[    1.594865] initcall init_real_mode+0x0/0x1e9 returned 0 after 0 usecs
[    1.595506] calling  trace_init_perf_perm_irq_work_exit+0x0/0x12 @ 1
[    1.596557] initcall trace_init_perf_perm_irq_work_exit+0x0/0x12 returned 0 after 0 usecs
[    1.597533] calling  validate_x2apic+0x0/0x4a @ 1
[    1.598529] initcall validate_x2apic+0x0/0x4a returned 0 after 0 usecs
[    1.599505] calling  register_nmi_cpu_backtrace_handler+0x0/0x15 @ 1
[    1.600505] initcall register_nmi_cpu_backtrace_handler+0x0/0x15 returned 0 after 0 usecs
[    1.601506] calling  kvm_setup_vsyscall_timeinfo+0x0/0xd1 @ 1
[    1.602505] initcall kvm_setup_vsyscall_timeinfo+0x0/0xd1 returned 0 after 0 usecs
[    1.603508] calling  spawn_ksoftirqd+0x0/0x38 @ 1
[    1.604663] initcall spawn_ksoftirqd+0x0/0x38 returned 0 after 0 usecs
[    1.605506] calling  migration_init+0x0/0x33 @ 1
[    1.606504] initcall migration_init+0x0/0x33 returned 0 after 0 usecs
[    1.607523] calling  srcu_bootup_announce+0x0/0x2f @ 1
[    1.608502] rcu: Hierarchical SRCU implementation.
[    1.609506] initcall srcu_bootup_announce+0x0/0x2f returned 0 after 976 usecs
[    1.610506] calling  rcu_spawn_gp_kthread+0x0/0x1b0 @ 1
[    1.611598] initcall rcu_spawn_gp_kthread+0x0/0x1b0 returned 0 after 0 usecs
[    1.612506] calling  check_cpu_stall_init+0x0/0x1a @ 1
[    1.613506] initcall check_cpu_stall_init+0x0/0x1a returned 0 after 0 usecs
[    1.614505] calling  rcu_sysrq_init+0x0/0x21 @ 1
[    1.615504] initcall rcu_sysrq_init+0x0/0x21 returned 0 after 0 usecs
[    1.616537] calling  trace_init_flags_sys_enter+0x0/0xe @ 1
[    1.617519] initcall trace_init_flags_sys_enter+0x0/0xe returned 0 after 0 usecs
[    1.618521] calling  trace_init_flags_sys_exit+0x0/0xe @ 1
[    1.619509] initcall trace_init_flags_sys_exit+0x0/0xe returned 0 after 0 usecs
[    1.620511] calling  cpu_stop_init+0x0/0x6e @ 1
[    1.621641] initcall cpu_stop_init+0x0/0x6e returned 0 after 0 usecs
[    1.622515] calling  init_kprobes+0x0/0x165 @ 1
[    1.624940] initcall init_kprobes+0x0/0x165 returned 0 after 976 usecs
[    1.625508] calling  init_events+0x0/0x3d @ 1
[    1.627971] initcall init_events+0x0/0x3d returned 0 after 976 usecs
[    1.628506] calling  init_trace_printk+0x0/0xc @ 1
[    1.629506] initcall init_trace_printk+0x0/0xc returned 0 after 0 usecs
[    1.630506] calling  event_trace_enable_again+0x0/0x23 @ 1
[    1.632505] initcall event_trace_enable_again+0x0/0x23 returned 0 after 0 usecs
[    1.633559] calling  static_call_init+0x0/0x77 @ 1
[    1.634536] initcall static_call_init+0x0/0x77 returned 0 after 0 usecs
[    1.635505] calling  jump_label_init_module+0x0/0xc @ 1
[    1.636505] initcall jump_label_init_module+0x0/0xc returned 0 after 0 usecs
[    1.637504] calling  init_zero_pfn+0x0/0x37 @ 1
[    1.638503] initcall init_zero_pfn+0x0/0x37 returned 0 after 0 usecs
[    1.639504] calling  initialize_ptr_random+0x0/0x54 @ 1
[    1.640505] initcall initialize_ptr_random+0x0/0x54 returned 0 after 0 usecs
[    1.641506] calling  efi_memreserve_root_init+0x0/0x25 @ 1
[    1.642549] initcall efi_memreserve_root_init+0x0/0x25 returned 0 after 0 usecs
[    1.644504] calling  efi_earlycon_remap_fb+0x0/0x51 @ 1
[    1.645505] initcall efi_earlycon_remap_fb+0x0/0x51 returned 0 after 0 usecs
[    1.646947] smp: Bringing up secondary CPUs ...
[    1.649043] x86: Booting SMP configuration:
[    1.649525] .... node  #0, CPUs:      #1
[    1.143252] kvm-clock: cpu 1, msr 15c9e041, secondary cpu clock
[    1.674639] kvm-guest: stealtime: cpu 1, msr 1f49b600
[    1.688507]  #2
[    1.143252] kvm-clock: cpu 2, msr 15c9e081, secondary cpu clock
[    1.710714] kvm-guest: stealtime: cpu 2, msr 1f51b600
[    1.725974]  #3
[    1.143252] kvm-clock: cpu 3, msr 15c9e0c1, secondary cpu clock
[    1.748654] kvm-guest: stealtime: cpu 3, msr 1f59b600
[    1.763047] smp: Brought up 1 node, 4 CPUs
[    1.763507] smpboot: Max logical packages: 1
[    1.764504] smpboot: Total of 4 processors activated (15999.99 BogoMIPS)
[    1.779503] devtmpfs: initialized
[    1.782214] calling  ipc_ns_init+0x0/0x3d @ 1
[    1.783505] initcall ipc_ns_init+0x0/0x3d returned 0 after 976 usecs
[    1.784506] calling  init_mmap_min_addr+0x0/0x21 @ 1
[    1.785504] initcall init_mmap_min_addr+0x0/0x21 returned 0 after 0 usecs
[    1.786505] calling  pci_realloc_setup_params+0x0/0x3f @ 1
[    1.787505] initcall pci_realloc_setup_params+0x0/0x3f returned 0 after 0 usecs
[    1.788507] calling  net_ns_init+0x0/0x11c @ 1
[    1.790723] initcall net_ns_init+0x0/0x11c returned 0 after 976 usecs
[    1.791523] calling  e820__register_nvs_regions+0x0/0x37 @ 1
[    1.792505] initcall e820__register_nvs_regions+0x0/0x37 returned 0 after 0 usecs
[    1.793508] calling  cpufreq_register_tsc_scaling+0x0/0x2e @ 1
[    1.794509] initcall cpufreq_register_tsc_scaling+0x0/0x2e returned 0 after 0 usecs
[    1.795511] calling  reboot_init+0x0/0x3c @ 1
[    1.796579] initcall reboot_init+0x0/0x3c returned 0 after 0 usecs
[    1.797510] calling  init_lapic_sysfs+0x0/0x20 @ 1
[    1.798511] initcall init_lapic_sysfs+0x0/0x20 returned 0 after 0 usecs
[    1.799511] calling  alloc_frozen_cpus+0x0/0x7 @ 1
[    1.800509] initcall alloc_frozen_cpus+0x0/0x7 returned 0 after 0 usecs
[    1.801508] calling  cpu_hotplug_pm_sync_init+0x0/0x13 @ 1
[    1.802508] initcall cpu_hotplug_pm_sync_init+0x0/0x13 returned 0 after 0 usecs
[    1.803506] calling  wq_sysfs_init+0x0/0x2a @ 1
[    1.804616] initcall wq_sysfs_init+0x0/0x2a returned 0 after 0 usecs
[    1.805507] calling  ksysfs_init+0x0/0x92 @ 1
[    1.806521] initcall ksysfs_init+0x0/0x92 returned 0 after 0 usecs
[    1.807508] calling  schedutil_gov_init+0x0/0xc @ 1
[    1.808534] initcall schedutil_gov_init+0x0/0xc returned 0 after 0 usecs
[    1.809507] calling  pm_init+0x0/0x76 @ 1
[    1.810592] initcall pm_init+0x0/0x76 returned 0 after 0 usecs
[    1.811507] calling  pm_disk_init+0x0/0x13 @ 1
[    1.812539] initcall pm_disk_init+0x0/0x13 returned 0 after 0 usecs
[    1.813507] calling  swsusp_header_init+0x0/0x2b @ 1
[    1.814514] initcall swsusp_header_init+0x0/0x2b returned 0 after 0 usecs
[    1.815508] calling  rcu_set_runtime_mode+0x0/0x16 @ 1
[    1.816508] initcall rcu_set_runtime_mode+0x0/0x16 returned 0 after 0 usecs
[    1.817508] calling  init_jiffies_clocksource+0x0/0x13 @ 1
[    1.818505] clocksource: jiffies: mask: 0xffffffff max_cycles: 0xffffffff, max_idle_ns: 1911260446275000 ns
[    1.819510] initcall init_jiffies_clocksource+0x0/0x13 returned 0 after 976 usecs
[    1.820510] calling  futex_init+0x0/0xfa @ 1
[    1.821511] futex hash table entries: 1024 (order: 4, 65536 bytes, linear)
[    1.823525] initcall futex_init+0x0/0xfa returned 0 after 1953 usecs
[    1.824509] calling  cgroup_wq_init+0x0/0x28 @ 1
[    1.825514] initcall cgroup_wq_init+0x0/0x28 returned 0 after 0 usecs
[    1.826509] calling  cgroup1_wq_init+0x0/0x28 @ 1
[    1.827532] initcall cgroup1_wq_init+0x0/0x28 returned 0 after 0 usecs
[    1.829559] calling  init_kprobe_trace_early+0x0/0x2a @ 1
[    1.830545] initcall init_kprobe_trace_early+0x0/0x2a returned 0 after 0 usecs
[    1.831507] calling  fsnotify_init+0x0/0x48 @ 1
[    1.832520] initcall fsnotify_init+0x0/0x48 returned 0 after 0 usecs
[    1.833506] calling  filelock_init+0x0/0x96 @ 1
[    1.834535] initcall filelock_init+0x0/0x96 returned 0 after 0 usecs
[    1.835506] calling  init_misc_binfmt+0x0/0x2c @ 1
[    1.836525] initcall init_misc_binfmt+0x0/0x2c returned 0 after 0 usecs
[    1.837505] calling  init_script_binfmt+0x0/0x15 @ 1
[    1.838504] initcall init_script_binfmt+0x0/0x15 returned 0 after 0 usecs
[    1.839531] calling  init_elf_binfmt+0x0/0x15 @ 1
[    1.840504] initcall init_elf_binfmt+0x0/0x15 returned 0 after 0 usecs
[    1.841506] calling  init_compat_elf_binfmt+0x0/0x15 @ 1
[    1.842508] initcall init_compat_elf_binfmt+0x0/0x15 returned 0 after 0 usecs
[    1.843505] calling  debugfs_init+0x0/0x5c @ 1
[    1.844523] initcall debugfs_init+0x0/0x5c returned 0 after 0 usecs
[    1.845510] calling  tracefs_init+0x0/0x3a @ 1
[    1.846536] initcall tracefs_init+0x0/0x3a returned 0 after 0 usecs
[    1.847510] calling  prandom_init_early+0x0/0x15d @ 1
[    1.848512] initcall prandom_init_early+0x0/0x15d returned 0 after 0 usecs
[    1.849618] calling  virtio_init+0x0/0x20 @ 1
[    1.850537] initcall virtio_init+0x0/0x20 returned 0 after 0 usecs
[    1.851513] calling  iommu_init+0x0/0x2a @ 1
[    1.852533] initcall iommu_init+0x0/0x2a returned 0 after 0 usecs
[    1.853505] calling  component_debug_init+0x0/0x1c @ 1
[    1.854633] initcall component_debug_init+0x0/0x1c returned 0 after 0 usecs
[    1.855510] calling  early_resume_init+0x0/0xb9 @ 1
[    1.857505] PM: RTC time: 07:34:33, date: 2022-12-13
[    1.858545] initcall early_resume_init+0x0/0xb9 returned 0 after 1953 usecs
[    1.859507] calling  cpufreq_core_init+0x0/0x62 @ 1
[    1.860531] initcall cpufreq_core_init+0x0/0x62 returned 0 after 0 usecs
[    1.861506] calling  cpufreq_gov_performance_init+0x0/0xc @ 1
[    1.862507] initcall cpufreq_gov_performance_init+0x0/0xc returned 0 after 0 usecs
[    1.863506] calling  cpufreq_gov_userspace_init+0x0/0xc @ 1
[    1.864508] initcall cpufreq_gov_userspace_init+0x0/0xc returned 0 after 0 usecs
[    1.865506] calling  CPU_FREQ_GOV_ONDEMAND_init+0x0/0xc @ 1
[    1.866505] initcall CPU_FREQ_GOV_ONDEMAND_init+0x0/0xc returned 0 after 0 usecs
[    1.867505] calling  cpuidle_init+0x0/0x1f @ 1
[    1.869551] initcall cpuidle_init+0x0/0x1f returned 0 after 0 usecs
[    1.870506] calling  capsule_reboot_register+0x0/0xc @ 1
[    1.871525] initcall capsule_reboot_register+0x0/0xc returned 0 after 0 usecs
[    1.872507] calling  sock_init+0x0/0x93 @ 1
[    1.874152] initcall sock_init+0x0/0x93 returned 0 after 0 usecs
[    1.874506] calling  net_inuse_init+0x0/0x23 @ 1
[    1.875511] initcall net_inuse_init+0x0/0x23 returned 0 after 0 usecs
[    1.876508] calling  net_defaults_init+0x0/0x23 @ 1
[    1.877508] initcall net_defaults_init+0x0/0x23 returned 0 after 0 usecs
[    1.878506] calling  init_default_flow_dissectors+0x0/0x4f @ 1
[    1.879508] initcall init_default_flow_dissectors+0x0/0x4f returned 0 after 0 usecs
[    1.880506] calling  netpoll_init+0x0/0x26 @ 1
[    1.881507] initcall netpoll_init+0x0/0x26 returned 0 after 0 usecs
[    1.882507] calling  netlink_proto_init+0x0/0x14f @ 1
[    1.883999] NET: Registered protocol family 16
[    1.885531] initcall netlink_proto_init+0x0/0x14f returned 0 after 1953 usecs
[    1.886510] calling  genl_init+0x0/0x35 @ 1
[    1.887556] initcall genl_init+0x0/0x35 returned 0 after 0 usecs
[    1.888541] calling  bsp_pm_check_init+0x0/0x13 @ 1
[    1.889509] initcall bsp_pm_check_init+0x0/0x13 returned 0 after 0 usecs
[    1.890523] calling  irq_sysfs_init+0x0/0xb7 @ 1
[    1.892601] initcall irq_sysfs_init+0x0/0xb7 returned 0 after 976 usecs
[    1.893506] calling  audit_init+0x0/0x160 @ 1
[    1.894528] audit: initializing netlink subsys (disabled)
[    1.897161] initcall audit_init+0x0/0x160 returned 0 after 1953 usecs
[    1.896998] audit: type=2000 audit(1670916872.422:1): state=initialized audit_enabled=0 res=1
[    1.897507] calling  release_early_probes+0x0/0x32 @ 1
[    1.897511] initcall release_early_probes+0x0/0x32 returned 0 after 0 usecs
[    1.900527] calling  bdi_class_init+0x0/0x48 @ 1
[    1.901583] initcall bdi_class_init+0x0/0x48 returned 0 after 0 usecs
[    1.903509] calling  mm_sysfs_init+0x0/0x28 @ 1
[    1.904515] initcall mm_sysfs_init+0x0/0x28 returned 0 after 0 usecs
[    1.905508] calling  init_per_zone_wmark_min+0x0/0x6d @ 1
[    1.906512] initcall init_per_zone_wmark_min+0x0/0x6d returned 0 after 0 usecs
[    1.907508] calling  mpi_init+0x0/0x3e @ 1
[    1.908527] initcall mpi_init+0x0/0x3e returned 0 after 0 usecs
[    1.909507] calling  kobject_uevent_init+0x0/0xc @ 1
[    1.910532] initcall kobject_uevent_init+0x0/0xc returned 0 after 0 usecs
[    1.911508] calling  pcibus_class_init+0x0/0x13 @ 1
[    1.912606] initcall pcibus_class_init+0x0/0x13 returned 0 after 0 usecs
[    1.914507] calling  pci_driver_init+0x0/0x21 @ 1
[    1.916592] initcall pci_driver_init+0x0/0x21 returned 0 after 976 usecs
[    1.917512] calling  backlight_class_init+0x0/0xa8 @ 1
[    1.918534] initcall backlight_class_init+0x0/0xa8 returned 0 after 0 usecs
[    1.919506] calling  tty_class_init+0x0/0x33 @ 1
[    1.920512] initcall tty_class_init+0x0/0x33 returned 0 after 0 usecs
[    1.921506] calling  vtconsole_class_init+0x0/0xb5 @ 1
[    1.922599] initcall vtconsole_class_init+0x0/0xb5 returned 0 after 0 usecs
[    1.923506] calling  iommu_dev_init+0x0/0x13 @ 1
[    1.924614] initcall iommu_dev_init+0x0/0x13 returned 0 after 0 usecs
[    1.925507] calling  mipi_dsi_bus_init+0x0/0xc @ 1
[    1.926619] initcall mipi_dsi_bus_init+0x0/0xc returned 0 after 0 usecs
[    1.927505] calling  devlink_class_init+0x0/0x40 @ 1
[    1.928512] initcall devlink_class_init+0x0/0x40 returned 0 after 0 usecs
[    1.929504] calling  software_node_init+0x0/0x2a @ 1
[    1.930515] initcall software_node_init+0x0/0x2a returned 0 after 0 usecs
[    1.931511] calling  wakeup_sources_debugfs_init+0x0/0x23 @ 1
[    1.932567] initcall wakeup_sources_debugfs_init+0x0/0x23 returned 0 after 0 usecs
[    1.933511] calling  wakeup_sources_sysfs_init+0x0/0x2c @ 1
[    1.934522] initcall wakeup_sources_sysfs_init+0x0/0x2c returned 0 after 0 usecs
[    1.935507] calling  register_node_type+0x0/0x13 @ 1
[    1.936533] initcall register_node_type+0x0/0x13 returned 0 after 0 usecs
[    1.937508] calling  regmap_initcall+0x0/0xc @ 1
[    1.938584] initcall regmap_initcall+0x0/0xc returned 0 after 0 usecs
[    1.939512] calling  i2c_init+0x0/0xb3 @ 1
[    1.940650] initcall i2c_init+0x0/0xb3 returned 0 after 0 usecs
[    1.941549] calling  thermal_init+0x0/0xf2 @ 1
[    1.943505] thermal_sys: Registered thermal governor 'step_wise'
[    1.943506] thermal_sys: Registered thermal governor 'user_space'
[    1.944522] initcall thermal_init+0x0/0xf2 returned 0 after 976 usecs
[    1.946507] calling  init_menu+0x0/0xc @ 1
[    1.948700] cpuidle: using governor menu
[    1.953512] initcall init_menu+0x0/0xc returned 0 after 5859 usecs
[    1.961510] calling  pcc_init+0x0/0x4d @ 1
[    1.968512] initcall pcc_init+0x0/0x4d returned -19 after 0 usecs
[    1.975508] calling  amd_postcore_init+0x0/0x11e @ 1
[    1.981510] initcall amd_postcore_init+0x0/0x11e returned 0 after 0 usecs
[    1.989529] calling  bts_init+0x0/0xba @ 1
[    1.994507] initcall bts_init+0x0/0xba returned -19 after 0 usecs
[    2.001505] calling  pt_init+0x0/0x341 @ 1
[    2.006505] initcall pt_init+0x0/0x341 returned -19 after 0 usecs
[    2.013506] calling  boot_params_ksysfs_init+0x0/0x2ee @ 1
[    2.021674] initcall boot_params_ksysfs_init+0x0/0x2ee returned 0 after 976 usecs
[    2.031506] calling  sbf_init+0x0/0xea @ 1
[    2.036507] initcall sbf_init+0x0/0xea returned 0 after 0 usecs
[    2.043506] calling  arch_kdebugfs_init+0x0/0x219 @ 1
[    2.049801] initcall arch_kdebugfs_init+0x0/0x219 returned 0 after 0 usecs
[    2.057506] calling  intel_pconfig_init+0x0/0x85 @ 1
[    2.063505] initcall intel_pconfig_init+0x0/0x85 returned 0 after 0 usecs
[    2.070509] calling  mtrr_if_init+0x0/0x5d @ 1
[    2.076604] initcall mtrr_if_init+0x0/0x5d returned 0 after 0 usecs
[    2.084506] calling  activate_jump_labels+0x0/0x31 @ 1
[    2.090507] initcall activate_jump_labels+0x0/0x31 returned 0 after 0 usecs
[    2.098506] calling  ffh_cstate_init+0x0/0x29 @ 1
[    2.104510] initcall ffh_cstate_init+0x0/0x29 returned 0 after 0 usecs
[    2.112506] calling  activate_jump_labels+0x0/0x31 @ 1
[    2.119751] initcall activate_jump_labels+0x0/0x31 returned 0 after 976 usecs
[    2.127506] calling  kvm_alloc_cpumask+0x0/0x74 @ 1
[    2.133558] initcall kvm_alloc_cpumask+0x0/0x74 returned 0 after 0 usecs
[    2.141507] calling  kcmp_cookies_init+0x0/0x37 @ 1
[    2.147511] initcall kcmp_cookies_init+0x0/0x37 returned 0 after 0 usecs
[    2.155506] calling  cryptomgr_init+0x0/0xc @ 1
[    2.161592] initcall cryptomgr_init+0x0/0xc returned 0 after 0 usecs
[    2.170507] calling  acpi_pci_init+0x0/0x57 @ 1
[    2.175518] ACPI: bus type PCI registered
[    2.180508] initcall acpi_pci_init+0x0/0x57 returned 0 after 4882 usecs
[    2.188506] calling  dma_channel_table_init+0x0/0xd1 @ 1
[    2.195515] initcall dma_channel_table_init+0x0/0xd1 returned 0 after 0 usecs
[    2.203509] calling  dma_bus_init+0x0/0xdc @ 1
[    2.209668] initcall dma_bus_init+0x0/0xdc returned 0 after 976 usecs
[    2.217608] calling  iommu_dma_init+0x0/0x10 @ 1
[    2.222532] initcall iommu_dma_init+0x0/0x10 returned 0 after 0 usecs
[    2.230506] calling  dmi_id_init+0x0/0x37c @ 1
[    2.236661] initcall dmi_id_init+0x0/0x37c returned 0 after 976 usecs
[    2.244506] calling  pci_arch_init+0x0/0x71 @ 1
[    2.250848] PCI: MMCONFIG for domain 0000 [bus 00-ff] at [mem 0xb0000000-0xbfffffff] (base 0xb0000000)
[    2.261508] PCI: MMCONFIG at [mem 0xb0000000-0xbfffffff] reserved in E820
[    2.269545] PCI: Using configuration type 1 for base access
[    2.276558] initcall pci_arch_init+0x0/0x71 returned 0 after 26367 usecs
[    2.284538] calling  init_vdso+0x0/0x13 @ 1
[    2.290546] initcall init_vdso+0x0/0x13 returned 0 after 0 usecs
[    2.297506] calling  sysenter_setup+0x0/0x13 @ 1
[    2.303544] initcall sysenter_setup+0x0/0x13 returned 0 after 0 usecs
[    2.310508] calling  fixup_ht_bug+0x0/0xe5 @ 1
[    2.316510] initcall fixup_ht_bug+0x0/0xe5 returned 0 after 0 usecs
[    2.323508] calling  topology_init+0x0/0x88 @ 1
[    2.329685] initcall topology_init+0x0/0x88 returned 0 after 0 usecs
[    2.336511] calling  intel_epb_init+0x0/0x68 @ 1
[    2.342508] initcall intel_epb_init+0x0/0x68 returned -19 after 0 usecs
[    2.350509] calling  mtrr_init_finialize+0x0/0x3e @ 1
[    2.356507] initcall mtrr_init_finialize+0x0/0x3e returned 0 after 0 usecs
[    2.365506] calling  uid_cache_init+0x0/0x81 @ 1
[    2.370512] initcall uid_cache_init+0x0/0x81 returned 0 after 0 usecs
[    2.377505] calling  param_sysfs_init+0x0/0x1ba @ 1
[    2.393916] initcall param_sysfs_init+0x0/0x1ba returned 0 after 8789 usecs
[    2.403510] calling  user_namespace_sysctl_init+0x0/0x33 @ 1
[    2.411559] initcall user_namespace_sysctl_init+0x0/0x33 returned 0 after 0 usecs
[    2.421509] calling  proc_schedstat_init+0x0/0x24 @ 1
[    2.427512] initcall proc_schedstat_init+0x0/0x24 returned 0 after 0 usecs
[    2.436508] calling  pm_sysrq_init+0x0/0x18 @ 1
[    2.444514] initcall pm_sysrq_init+0x0/0x18 returned 0 after 976 usecs
[    2.452599] calling  create_proc_profile+0x0/0xd0 @ 1
[    2.458508] initcall create_proc_profile+0x0/0xd0 returned 0 after 0 usecs
[    2.466509] calling  time_ns_init+0x0/0x7 @ 1
[    2.471507] initcall time_ns_init+0x0/0x7 returned 0 after 0 usecs
[    2.478507] calling  crash_save_vmcoreinfo_init+0x0/0x722 @ 1
[    2.485645] initcall crash_save_vmcoreinfo_init+0x0/0x722 returned 0 after 0 usecs
[    2.493506] calling  crash_notes_memory_init+0x0/0x35 @ 1
[    2.500511] initcall crash_notes_memory_init+0x0/0x35 returned 0 after 0 usecs
[    2.508505] calling  cgroup_sysfs_init+0x0/0x13 @ 1
[    2.514546] initcall cgroup_sysfs_init+0x0/0x13 returned 0 after 0 usecs
[    2.522506] calling  cgroup_namespaces_init+0x0/0x7 @ 1
[    2.528505] initcall cgroup_namespaces_init+0x0/0x7 returned 0 after 0 usecs
[    2.536505] calling  init_optprobes+0x0/0x13 @ 1
[    2.541503] Kprobes globally optimized
[    2.546506] initcall init_optprobes+0x0/0x13 returned 0 after 4882 usecs
[    2.555511] calling  oom_init+0x0/0x2f @ 1
[    2.564510] initcall oom_init+0x0/0x2f returned 0 after 2929 usecs
[    2.573577] calling  default_bdi_init+0x0/0xb3 @ 1
[    2.582651] initcall default_bdi_init+0x0/0xb3 returned 0 after 3906 usecs
[    2.591509] calling  percpu_enable_async+0x0/0xe @ 1
[    2.596536] initcall percpu_enable_async+0x0/0xe returned 0 after 0 usecs
[    2.604505] calling  kcompactd_init+0x0/0x8d @ 1
[    2.614503] initcall kcompactd_init+0x0/0x8d returned 0 after 3906 usecs
[    2.623737] calling  init_user_reserve+0x0/0x40 @ 1
[    2.629510] initcall init_user_reserve+0x0/0x40 returned 0 after 0 usecs
[    2.638509] calling  init_admin_reserve+0x0/0x40 @ 1
[    2.644507] initcall init_admin_reserve+0x0/0x40 returned 0 after 0 usecs
[    2.652508] calling  init_reserve_notifier+0x0/0x7 @ 1
[    2.658507] initcall init_reserve_notifier+0x0/0x7 returned 0 after 0 usecs
[    2.666507] calling  swap_init_sysfs+0x0/0x62 @ 1
[    2.672517] initcall swap_init_sysfs+0x0/0x62 returned 0 after 0 usecs
[    2.680506] calling  swapfile_init+0x0/0x94 @ 1
[    2.686507] initcall swapfile_init+0x0/0x94 returned 0 after 0 usecs
[    2.693505] calling  hugetlb_init+0x0/0x499 @ 1
[    2.699525] HugeTLB registered 2.00 MiB page size, pre-allocated 0 pages
[    2.707554] initcall hugetlb_init+0x0/0x499 returned 0 after 7812 usecs
[    2.715506] calling  io_wq_init+0x0/0x34 @ 1
[    2.720507] initcall io_wq_init+0x0/0x34 returned 0 after 0 usecs
[    2.727506] calling  seqiv_module_init+0x0/0xc @ 1
[    2.733506] initcall seqiv_module_init+0x0/0xc returned 0 after 0 usecs
[    2.742511] calling  echainiv_module_init+0x0/0xc @ 1
[    2.748509] initcall echainiv_module_init+0x0/0xc returned 0 after 0 usecs
[    2.756563] calling  rsa_init+0x0/0x50 @ 1
[    2.762674] cryptomgr_test (39) used greatest stack depth: 15512 bytes left
[    2.762659] initcall rsa_init+0x0/0x50 returned 0 after 976 usecs
[    2.780517] calling  crypto_cmac_module_init+0x0/0xc @ 1
[    2.787512] initcall crypto_cmac_module_init+0x0/0xc returned 0 after 0 usecs
[    2.796533] calling  hmac_module_init+0x0/0xc @ 1
[    2.801506] initcall hmac_module_init+0x0/0xc returned 0 after 0 usecs
[    2.809506] calling  crypto_null_mod_init+0x0/0x65 @ 1
[    2.820649] initcall crypto_null_mod_init+0x0/0x65 returned 0 after 4882 usecs
[    2.829510] calling  md5_mod_init+0x0/0xc @ 1
[    2.840513] initcall md5_mod_init+0x0/0xc returned 0 after 5859 usecs
[    2.849534] calling  sha256_generic_mod_init+0x0/0x11 @ 1
[    2.858864] initcall sha256_generic_mod_init+0x0/0x11 returned 0 after 2929 usecs
[    2.867509] calling  crypto_cbc_module_init+0x0/0xc @ 1
[    2.873508] initcall crypto_cbc_module_init+0x0/0xc returned 0 after 0 usecs
[    2.882506] calling  crypto_ctr_module_init+0x0/0x11 @ 1
[    2.888507] initcall crypto_ctr_module_init+0x0/0x11 returned 0 after 0 usecs
[    2.897510] calling  crypto_gcm_module_init+0x0/0x64 @ 1
[    2.904815] initcall crypto_gcm_module_init+0x0/0x64 returned 0 after 0 usecs
[    2.917516] calling  crypto_ccm_module_init+0x0/0x11 @ 1
[    2.923507] initcall crypto_ccm_module_init+0x0/0x11 returned 0 after 0 usecs
[    2.932505] calling  aes_init+0x0/0xc @ 1
[    2.938679] initcall aes_init+0x0/0xc returned 0 after 976 usecs
[    2.945506] calling  crc32c_mod_init+0x0/0xc @ 1
[    2.951508] initcall crc32c_mod_init+0x0/0xc returned 0 after 1953 usecs
[    2.959661] calling  crypto_authenc_module_init+0x0/0xc @ 1
[    2.966510] initcall crypto_authenc_module_init+0x0/0xc returned 0 after 0 usecs
[    2.975508] calling  crypto_authenc_esn_module_init+0x0/0xc @ 1
[    2.983510] initcall crypto_authenc_esn_module_init+0x0/0xc returned 0 after 0 usecs
[    2.993512] calling  drbg_init+0x0/0x7c @ 1
[    3.013889] initcall drbg_init+0x0/0x7c returned 0 after 13671 usecs
[    3.022510] calling  ghash_mod_init+0x0/0xc @ 1
[    3.031514] initcall ghash_mod_init+0x0/0xc returned 0 after 4882 usecs
[    3.039512] calling  init_bio+0x0/0x9a @ 1
[    3.045956] initcall init_bio+0x0/0x9a returned 0 after 0 usecs
[    3.053511] calling  blk_settings_init+0x0/0x29 @ 1
[    3.060507] initcall blk_settings_init+0x0/0x29 returned 0 after 0 usecs
[    3.068506] calling  blk_ioc_init+0x0/0x29 @ 1
[    3.075510] initcall blk_ioc_init+0x0/0x29 returned 0 after 0 usecs
[    3.083512] calling  blk_mq_init+0x0/0xb9 @ 1
[    3.085508] initcall blk_mq_init+0x0/0xb9 returned 0 after 0 usecs
[    3.093509] calling  genhd_device_init+0x0/0x75 @ 1
[    3.105903] initcall genhd_device_init+0x0/0x75 returned 0 after 5859 usecs
[    3.115168] calling  pci_slot_init+0x0/0x40 @ 1
[    3.120519] initcall pci_slot_init+0x0/0x40 returned 0 after 0 usecs
[    3.127510] calling  fbmem_init+0x0/0xd8 @ 1
[    3.130051] initcall fbmem_init+0x0/0xd8 returned 0 after 1953 usecs
[    3.137508] calling  acpi_init+0x0/0x319 @ 1
[    3.141959] ACPI: Added _OSI(Module Device)
[    3.146683] ACPI: Added _OSI(Processor Device)
[    3.152504] ACPI: Added _OSI(3.0 _SCP Extensions)
[    3.159504] ACPI: Added _OSI(Processor Aggregator Device)
[    3.165506] ACPI: Added _OSI(Linux-Dell-Video)
[    3.171505] ACPI: Added _OSI(Linux-Lenovo-NV-HDMI-Audio)
[    3.176507] ACPI: Added _OSI(Linux-HPI-Hybrid-Graphics)
[    3.190899] ACPI: 1 ACPI AML tables successfully acquired and loaded
[    3.205947] ACPI: Interpreter enabled
[    3.210633] ACPI: (supports S0 S3 S4 S5)
[    3.216510] ACPI: Using IOAPIC for interrupt routing
[    3.220563] PCI: Using host bridge windows from ACPI; if necessary, use "pci=nocrs" and report a bug
[    3.235966] ACPI: Enabled 2 GPEs in block 00 to 3F
[    3.252328] ACPI: PCI Root Bridge [PCI0] (domain 0000 [bus 00-ff])
[    3.261585] acpi PNP0A08:00: _OSC: OS supports [ExtendedConfig ASPM ClockPM Segments MSI HPX-Type3]
[    3.275613] acpi PNP0A08:00: _OSC: platform does not support [LTR]
[    3.280602] acpi PNP0A08:00: _OSC: OS now controls [PME PCIeCapability]
[    3.290967] PCI host bridge to bus 0000:00
[    3.295642] pci_bus 0000:00: root bus resource [io  0x0000-0x0cf7 window]
[    3.303511] pci_bus 0000:00: root bus resource [io  0x0d00-0xffff window]
[    3.310678] pci_bus 0000:00: root bus resource [mem 0x000a0000-0x000bffff window]
[    3.319506] pci_bus 0000:00: root bus resource [mem 0x20000000-0xafffffff window]
[    3.329511] pci_bus 0000:00: root bus resource [mem 0xc0000000-0xfebfffff window]
[    3.340505] pci_bus 0000:00: root bus resource [mem 0x100000000-0x8ffffffff window]
[    3.349511] pci_bus 0000:00: root bus resource [bus 00-ff]
[    3.358175] pci 0000:00:00.0: calling  quirk_mmio_always_on+0x0/0x10 @ 1
[    3.366629] pci 0000:00:00.0: quirk_mmio_always_on+0x0/0x10 took 0 usecs
[    3.372645] pci 0000:00:00.0: [8086:29c0] type 00 class 0x060000
[    3.383510] pci 0000:00:00.0: calling  quirk_igfx_skip_te_disable+0x0/0x80 @ 1
[    3.393510] pci 0000:00:00.0: quirk_igfx_skip_te_disable+0x0/0x80 took 0 usecs
[    3.404502] pci 0000:00:01.0: [1234:1111] type 00 class 0x030000
[    3.423504] pci 0000:00:01.0: reg 0x10: [mem 0xfd000000-0xfdffffff pref]
[    3.448503] pci 0000:00:01.0: reg 0x18: [mem 0xfebf0000-0xfebf0fff]
[    3.492502] pci 0000:00:01.0: reg 0x30: [mem 0xfebe0000-0xfebeffff pref]
[    3.512503] pci 0000:00:01.0: calling  efifb_fixup_resources+0x0/0xf0 @ 1
[    3.521741] pci 0000:00:01.0: efifb_fixup_resources+0x0/0xf0 took 0 usecs
[    3.559636] pci 0000:00:1f.0: [8086:2918] type 00 class 0x060100
[    3.576631] pci 0000:00:1f.0: calling  quirk_ich7_lpc+0x0/0x60 @ 1
[    3.585221] pci 0000:00:1f.0: quirk: [io  0x0600-0x067f] claimed by ICH6 ACPI/GPIO/TCO
[    3.596727] pci 0000:00:1f.0: quirk_ich7_lpc+0x0/0x60 took 12695 usecs
[    3.605601] pci 0000:00:1f.0: calling  quirk_igfx_skip_te_disable+0x0/0x80 @ 1
[    3.613530] pci 0000:00:1f.0: quirk_igfx_skip_te_disable+0x0/0x80 took 0 usecs
[    3.626502] pci 0000:00:1f.2: [8086:2922] type 00 class 0x010601
[    3.646513] pci 0000:00:1f.2: reg 0x20: [io  0xc040-0xc05f]
[    3.655503] pci 0000:00:1f.2: reg 0x24: [mem 0xfebf1000-0xfebf1fff]
[    3.667540] pci 0000:00:1f.2: calling  quirk_igfx_skip_te_disable+0x0/0x80 @ 1
[    3.678519] pci 0000:00:1f.2: quirk_igfx_skip_te_disable+0x0/0x80 took 0 usecs
[    3.693511] pci 0000:00:1f.3: [8086:2930] type 00 class 0x0c0500
[    3.709167] pci 0000:00:1f.3: reg 0x20: [io  0x0700-0x073f]
[    3.720503] pci 0000:00:1f.3: calling  quirk_igfx_skip_te_disable+0x0/0x80 @ 1
[    3.730519] pci 0000:00:1f.3: quirk_igfx_skip_te_disable+0x0/0x80 took 0 usecs
[    3.752327] ACPI: PCI Interrupt Link [LNKA] (IRQs 5 *10 11)
[    3.761014] ACPI: PCI Interrupt Link [LNKB] (IRQs 5 *10 11)
[    3.768889] ACPI: PCI Interrupt Link [LNKC] (IRQs 5 10 *11)
[    3.776653] ACPI: PCI Interrupt Link [LNKD] (IRQs 5 10 *11)
[    3.784568] ACPI: PCI Interrupt Link [LNKE] (IRQs 5 *10 11)
[    3.791524] ACPI: PCI Interrupt Link [LNKF] (IRQs 5 *10 11)
[    3.799994] ACPI: PCI Interrupt Link [LNKG] (IRQs 5 10 *11)
[    3.807800] ACPI: PCI Interrupt Link [LNKH] (IRQs 5 10 *11)
[    3.816876] ACPI: PCI Interrupt Link [GSIA] (IRQs *16)
[    3.823522] ACPI: PCI Interrupt Link [GSIB] (IRQs *17)
[    3.829521] ACPI: PCI Interrupt Link [GSIC] (IRQs *18)
[    3.836523] ACPI: PCI Interrupt Link [GSID] (IRQs *19)
[    3.842528] ACPI: PCI Interrupt Link [GSIE] (IRQs *20)
[    3.849597] ACPI: PCI Interrupt Link [GSIF] (IRQs *21)
[    3.856521] ACPI: PCI Interrupt Link [GSIG] (IRQs *22)
[    3.861521] ACPI: PCI Interrupt Link [GSIH] (IRQs *23)
[    3.880502] initcall acpi_init+0x0/0x319 returned 0 after 718750 usecs
[    3.888889] calling  pnp_init+0x0/0xc @ 1
[    3.894697] initcall pnp_init+0x0/0xc returned 0 after 0 usecs
[    3.902598] calling  misc_init+0x0/0xbf @ 1
[    3.908505] initcall misc_init+0x0/0xbf returned 0 after 0 usecs
[    3.915507] calling  iommu_subsys_init+0x0/0x4e @ 1
[    3.924039] iommu: Default domain type: Translated 
[    3.931512] initcall iommu_subsys_init+0x0/0x4e returned 0 after 7812 usecs
[    3.939505] calling  vga_arb_device_init+0x0/0x261 @ 1
[    3.949498] pci 0000:00:01.0: vgaarb: setting as boot VGA device
[    3.949498] pci 0000:00:01.0: vgaarb: VGA device added: decodes=io+mem,owns=io+mem,locks=none
[    3.949507] pci 0000:00:01.0: vgaarb: bridge control possible
[    3.950503] vgaarb: loaded
[    3.951508] initcall vga_arb_device_init+0x0/0x261 returned 0 after 6835 usecs
[    3.952746] calling  cn_init+0x0/0xf0 @ 1
[    3.955510] initcall cn_init+0x0/0xf0 returned 0 after 1953 usecs
[    3.956508] calling  dma_buf_init+0x0/0xad @ 1
[    3.960080] initcall dma_buf_init+0x0/0xad returned 0 after 1953 usecs
[    3.960509] calling  init_scsi+0x0/0x79 @ 1
[    3.966240] SCSI subsystem initialized
[    3.966509] initcall init_scsi+0x0/0x79 returned 0 after 4882 usecs
[    3.967507] calling  ata_init+0x0/0x332 @ 1
[    3.971053] libata version 3.00 loaded.
[    3.971507] initcall ata_init+0x0/0x332 returned 0 after 2929 usecs
[    3.972506] calling  phy_init+0x0/0x250 @ 1
[    3.974763] initcall phy_init+0x0/0x250 returned 0 after 976 usecs
[    3.975509] calling  init_pcmcia_cs+0x0/0x35 @ 1
[    3.976900] initcall init_pcmcia_cs+0x0/0x35 returned 0 after 0 usecs
[    3.977509] calling  usb_common_init+0x0/0x1c @ 1
[    3.978695] initcall usb_common_init+0x0/0x1c returned 0 after 0 usecs
[    3.979507] calling  usb_init+0x0/0x12e @ 1
[    3.982008] ACPI: bus type USB registered
[    3.987725] usbcore: registered new interface driver usbfs
[    3.989270] usbcore: registered new interface driver hub
[    3.990512] usbcore: registered new device driver usb
[    3.991548] initcall usb_init+0x0/0x12e returned 0 after 10742 usecs
[    3.993513] calling  serio_init+0x0/0x29 @ 1
[    3.995661] initcall serio_init+0x0/0x29 returned 0 after 976 usecs
[    3.996506] calling  input_init+0x0/0xf6 @ 1
[    3.998638] initcall input_init+0x0/0xf6 returned 0 after 976 usecs
[    3.999505] calling  rtc_init+0x0/0x4d @ 1
[    4.002506] initcall rtc_init+0x0/0x4d returned 0 after 1953 usecs
[    4.003507] calling  pps_init+0x0/0xa9 @ 1
[    4.004772] pps_core: LinuxPPS API ver. 1 registered
[    4.005502] pps_core: Software ver. 5.3.6 - Copyright 2005-2007 Rodolfo Giometti <giometti@linux.it>
[    4.006508] initcall pps_init+0x0/0xa9 returned 0 after 1953 usecs
[    4.007778] calling  ptp_init+0x0/0x98 @ 1
[    4.008519] PTP clock support registered
[    4.009507] initcall ptp_init+0x0/0x98 returned 0 after 976 usecs
[    4.010505] calling  power_supply_class_init+0x0/0x3f @ 1
[    4.012597] initcall power_supply_class_init+0x0/0x3f returned 0 after 976 usecs
[    4.013506] calling  hwmon_init+0x0/0x104 @ 1
[    4.014791] initcall hwmon_init+0x0/0x104 returned 0 after 0 usecs
[    4.015507] calling  md_init+0x0/0x16b @ 1
[    4.025739] initcall md_init+0x0/0x16b returned 0 after 8789 usecs
[    4.026507] calling  leds_init+0x0/0x3b @ 1
[    4.028520] initcall leds_init+0x0/0x3b returned 0 after 976 usecs
[    4.029507] calling  dmi_init+0x0/0x113 @ 1
[    4.032138] initcall dmi_init+0x0/0x113 returned 0 after 976 usecs
[    4.032508] calling  efisubsys_init+0x0/0x4e7 @ 1
[    4.033741] initcall efisubsys_init+0x0/0x4e7 returned 0 after 0 usecs
[    4.034507] calling  nvmem_init+0x0/0xc @ 1
[    4.036650] initcall nvmem_init+0x0/0xc returned 0 after 976 usecs
[    4.037507] calling  init_soundcore+0x0/0x33 @ 1
[    4.038881] initcall init_soundcore+0x0/0x33 returned 0 after 0 usecs
[    4.039506] calling  alsa_sound_init+0x0/0x8f @ 1
[    4.041792] Advanced Linux Sound Architecture Driver Initialized.
[    4.042532] initcall alsa_sound_init+0x0/0x8f returned 0 after 1953 usecs
[    4.043508] calling  alsa_seq_device_init+0x0/0x71 @ 1
[    4.044570] initcall alsa_seq_device_init+0x0/0x71 returned 0 after 0 usecs
[    4.045529] calling  hda_bus_init+0x0/0xc @ 1
[    4.046575] initcall hda_bus_init+0x0/0xc returned 0 after 0 usecs
[    4.047505] calling  proto_init+0x0/0xc @ 1
[    4.049506] initcall proto_init+0x0/0xc returned 0 after 976 usecs
[    4.050506] calling  net_dev_init+0x0/0x209 @ 1
[    4.053174] initcall net_dev_init+0x0/0x209 returned 0 after 976 usecs
[    4.053505] calling  neigh_init+0x0/0x84 @ 1
[    4.054509] initcall neigh_init+0x0/0x84 returned 0 after 0 usecs
[    4.055507] calling  fib_notifier_init+0x0/0xc @ 1
[    4.056510] initcall fib_notifier_init+0x0/0xc returned 0 after 0 usecs
[    4.057505] calling  fib_rules_init+0x0/0xab @ 1
[    4.058510] initcall fib_rules_init+0x0/0xab returned 0 after 0 usecs
[    4.059506] calling  pktsched_init+0x0/0x10e @ 1
[    4.060534] initcall pktsched_init+0x0/0x10e returned 0 after 0 usecs
[    4.061506] calling  tc_filter_init+0x0/0xfa @ 1
[    4.062542] initcall tc_filter_init+0x0/0xfa returned 0 after 0 usecs
[    4.063504] calling  tc_action_init+0x0/0x54 @ 1
[    4.064505] initcall tc_action_init+0x0/0x54 returned 0 after 0 usecs
[    4.065504] calling  ethnl_init+0x0/0x52 @ 1
[    4.066566] initcall ethnl_init+0x0/0x52 returned 0 after 0 usecs
[    4.067520] calling  nexthop_init+0x0/0xd8 @ 1
[    4.068634] initcall nexthop_init+0x0/0xd8 returned 0 after 0 usecs
[    4.069505] calling  cipso_v4_init+0x0/0x5d @ 1
[    4.071535] initcall cipso_v4_init+0x0/0x5d returned 0 after 976 usecs
[    4.072504] calling  ieee80211_init+0x0/0x24 @ 1
[    4.073656] initcall ieee80211_init+0x0/0x24 returned 0 after 0 usecs
[    4.074504] calling  netlbl_init+0x0/0x78 @ 1
[    4.075534] NetLabel: Initializing
[    4.076501] NetLabel:  domain hash size = 128
[    4.077501] NetLabel:  protocols = UNLABELED CIPSOv4 CALIPSO
[    4.078698] NetLabel:  unlabeled traffic allowed by default
[    4.079506] initcall netlbl_init+0x0/0x78 returned 0 after 3906 usecs
[    4.080505] calling  rfkill_init+0x0/0x111 @ 1
[    4.082584] initcall rfkill_init+0x0/0x111 returned 0 after 976 usecs
[    4.083505] calling  pci_subsys_init+0x0/0x66 @ 1
[    4.085501] PCI: Using ACPI for IRQ routing
[    4.877498] PCI: pci_cache_line_size set to 64 bytes
[    4.880649] e820: reserve RAM buffer [mem 0x0009fc00-0x0009ffff]
[    4.882502] e820: reserve RAM buffer [mem 0x1ffdf000-0x1fffffff]
[    4.885267] initcall pci_subsys_init+0x0/0x66 returned 0 after 780273 usecs
[    4.890015] calling  nmi_warning_debugfs+0x0/0x26 @ 1
[    4.892196] initcall nmi_warning_debugfs+0x0/0x26 returned 0 after 976 usecs
[    4.892509] calling  save_microcode_in_initrd+0x0/0x51 @ 1
[    4.893678] initcall save_microcode_in_initrd+0x0/0x51 returned 0 after 0 usecs
[    4.894545] calling  hpet_late_init+0x0/0x20a @ 1
[    4.896007] hpet: 3 channels of 0 reserved for per-cpu timers
[    4.897645] hpet0: at MMIO 0xfed00000, IRQs 2, 8, 0
[    4.898503] hpet0: 3 comparators, 64-bit 100.000000 MHz counter
[    4.902508] initcall hpet_late_init+0x0/0x20a returned 0 after 6835 usecs
[    4.903508] calling  init_amd_nbs+0x0/0x11c @ 1
[    4.904652] initcall init_amd_nbs+0x0/0x11c returned 0 after 0 usecs
[    4.905524] calling  clocksource_done_booting+0x0/0x41 @ 1
[    4.908793] clocksource: Switched to clocksource kvm-clock
[    4.916966] initcall clocksource_done_booting+0x0/0x41 returned 0 after 10212 usecs
[    4.926592] calling  tracer_init_tracefs+0x0/0x242 @ 1
[    5.139255] initcall tracer_init_tracefs+0x0/0x242 returned 0 after 201739 usecs
[    5.147820] calling  init_trace_printk_function_export+0x0/0x2c @ 1
[    5.155151] initcall init_trace_printk_function_export+0x0/0x2c returned 0 after 8 usecs
[    5.166158] calling  init_kprobe_trace+0x0/0x1a9 @ 1
[    5.172286] initcall init_kprobe_trace+0x0/0x1a9 returned 0 after 65 usecs
[    5.180550] calling  init_dynamic_event+0x0/0x3d @ 1
[    5.186550] initcall init_dynamic_event+0x0/0x3d returned 0 after 9 usecs
[    5.194630] calling  init_uprobe_trace+0x0/0x5c @ 1
[    5.200478] initcall init_uprobe_trace+0x0/0x5c returned 0 after 44 usecs
[    5.208596] calling  init_pipe_fs+0x0/0x44 @ 1
[    5.214831] initcall init_pipe_fs+0x0/0x44 returned 0 after 777 usecs
[    5.222548] calling  inotify_user_setup+0x0/0x47 @ 1
[    5.229562] initcall inotify_user_setup+0x0/0x47 returned 0 after 560 usecs
[    5.237850] calling  eventpoll_init+0x0/0xd4 @ 1
[    5.243757] initcall eventpoll_init+0x0/0xd4 returned 0 after 36 usecs
[    5.251395] calling  anon_inode_init+0x0/0x58 @ 1
[    5.257056] initcall anon_inode_init+0x0/0x58 returned 0 after 22 usecs
[    5.264664] calling  proc_locks_init+0x0/0x27 @ 1
[    5.270305] initcall proc_locks_init+0x0/0x27 returned 0 after 38 usecs
[    5.278119] calling  iomap_init+0x0/0x1b @ 1
[    5.283452] initcall iomap_init+0x0/0x1b returned 0 after 264 usecs
[    5.290743] calling  dquot_init+0x0/0x106 @ 1
[    5.295862] VFS: Disk quotas dquot_6.6.0
[    5.303840] VFS: Dquot-cache hash table entries: 512 (order 0, 4096 bytes)
[    5.311841] initcall dquot_init+0x0/0x106 returned 0 after 15600 usecs
[    5.319348] calling  quota_init+0x0/0x23 @ 1
[    5.324718] initcall quota_init+0x0/0x23 returned 0 after 247 usecs
[    5.332008] calling  proc_cmdline_init+0x0/0x21 @ 1
[    5.337822] initcall proc_cmdline_init+0x0/0x21 returned 0 after 34 usecs
[    5.345876] calling  proc_consoles_init+0x0/0x24 @ 1
[    5.351762] initcall proc_consoles_init+0x0/0x24 returned 0 after 18 usecs
[    5.359833] calling  proc_cpuinfo_init+0x0/0x1e @ 1
[    5.365675] initcall proc_cpuinfo_init+0x0/0x1e returned 0 after 3 usecs
[    5.373610] calling  proc_devices_init+0x0/0x24 @ 1
[    5.379376] initcall proc_devices_init+0x0/0x24 returned 0 after 15 usecs
[    5.387297] calling  proc_interrupts_init+0x0/0x24 @ 1
[    5.393554] initcall proc_interrupts_init+0x0/0x24 returned 0 after 3 usecs
[    5.402414] calling  proc_loadavg_init+0x0/0x21 @ 1
[    5.409140] initcall proc_loadavg_init+0x0/0x21 returned 0 after 3 usecs
[    5.417090] calling  proc_meminfo_init+0x0/0x21 @ 1
[    5.423419] initcall proc_meminfo_init+0x0/0x21 returned 0 after 4 usecs
[    5.433369] calling  proc_stat_init+0x0/0x1e @ 1
[    5.440336] initcall proc_stat_init+0x0/0x1e returned 0 after 4 usecs
[    5.449887] calling  proc_uptime_init+0x0/0x21 @ 1
[    5.455946] initcall proc_uptime_init+0x0/0x21 returned 0 after 3 usecs
[    5.463691] calling  proc_version_init+0x0/0x21 @ 1
[    5.469612] initcall proc_version_init+0x0/0x21 returned 0 after 3 usecs
[    5.477439] calling  proc_softirqs_init+0x0/0x21 @ 1
[    5.483778] initcall proc_softirqs_init+0x0/0x21 returned 0 after 2 usecs
[    5.492189] calling  proc_kcore_init+0x0/0xea @ 1
[    5.498573] initcall proc_kcore_init+0x0/0xea returned 0 after 138 usecs
[    5.506501] calling  vmcore_init+0x0/0x578 @ 1
[    5.511756] initcall vmcore_init+0x0/0x578 returned 0 after 13 usecs
[    5.519178] calling  proc_kmsg_init+0x0/0x21 @ 1
[    5.524591] initcall proc_kmsg_init+0x0/0x21 returned 0 after 3 usecs
[    5.532059] calling  proc_page_init+0x0/0x3b @ 1
[    5.537522] initcall proc_page_init+0x0/0x3b returned 0 after 4 usecs
[    5.544930] calling  init_ramfs_fs+0x0/0xc @ 1
[    5.550227] initcall init_ramfs_fs+0x0/0xc returned 0 after 18 usecs
[    5.557639] calling  init_hugetlbfs_fs+0x0/0xf6 @ 1
[    5.563790] initcall init_hugetlbfs_fs+0x0/0xf6 returned 0 after 94 usecs
[    5.571647] calling  blk_scsi_ioctl_init+0x0/0x2a5 @ 1
[    5.578708] initcall blk_scsi_ioctl_init+0x0/0x2a5 returned 0 after 46 usecs
[    5.589011] calling  acpi_event_init+0x0/0x2c @ 1
[    5.596161] initcall acpi_event_init+0x0/0x2c returned 0 after 97 usecs
[    5.605809] calling  pnp_system_init+0x0/0xc @ 1
[    5.612037] initcall pnp_system_init+0x0/0xc returned 0 after 679 usecs
[    5.619777] calling  pnpacpi_init+0x0/0x69 @ 1
[    5.625849] pnp: PnP ACPI init
[    5.632143] pnp 00:00: Plug and Play ACPI device, IDs PNP0303 (active)
[    5.641985] pnp 00:01: Plug and Play ACPI device, IDs PNP0f13 (active)
[    5.651531] pnp 00:02: Plug and Play ACPI device, IDs PNP0400 (active)
[    5.660169] pnp 00:03: Plug and Play ACPI device, IDs PNP0501 (active)
[    5.667899] pnp 00:04: Plug and Play ACPI device, IDs PNP0b00 (active)
[    5.675955] system 00:05: [mem 0xb0000000-0xbfffffff window] has been reserved
[    5.684532] system 00:05: Plug and Play ACPI device, IDs PNP0c01 (active)
[    5.694010] pnp: PnP ACPI: found 6 devices
[    5.698985] initcall pnpacpi_init+0x0/0x69 returned 0 after 71443 usecs
[    5.706769] calling  chr_dev_init+0x0/0x14d @ 1
[    5.808062] initcall chr_dev_init+0x0/0x14d returned 0 after 93397 usecs
[    5.816300] calling  firmware_class_init+0x0/0xe7 @ 1
[    5.829562] initcall firmware_class_init+0x0/0xe7 returned 0 after 872 usecs
[    5.839267] calling  init_pcmcia_bus+0x0/0x5b @ 1
[    5.846823] initcall init_pcmcia_bus+0x0/0x5b returned 0 after 1443 usecs
[    5.854883] calling  init_acpi_pm_clocksource+0x0/0xda @ 1
[    5.867771] clocksource: acpi_pm: mask: 0xffffff max_cycles: 0xffffff, max_idle_ns: 2085701024 ns
[    5.878863] initcall init_acpi_pm_clocksource+0x0/0xda returned 0 after 16469 usecs
[    5.888628] calling  sysctl_core_init+0x0/0x26 @ 1
[    5.895229] initcall sysctl_core_init+0x0/0x26 returned 0 after 373 usecs
[    5.903852] calling  eth_offload_init+0x0/0x13 @ 1
[    5.910094] initcall eth_offload_init+0x0/0x13 returned 0 after 40 usecs
[    5.918577] calling  ipv4_offload_init+0x0/0x73 @ 1
[    5.924944] initcall ipv4_offload_init+0x0/0x73 returned 0 after 54 usecs
[    5.933517] calling  inet_init+0x0/0x276 @ 1
[    5.939830] NET: Registered protocol family 2
[    5.946375] IP idents hash table entries: 8192 (order: 4, 65536 bytes, linear)
[    5.956724] tcp_listen_portaddr_hash hash table entries: 256 (order: 0, 4096 bytes, linear)
[    5.967666] TCP established hash table entries: 4096 (order: 3, 32768 bytes, linear)
[    5.976623] TCP bind hash table entries: 4096 (order: 4, 65536 bytes, linear)
[    5.984383] TCP: Hash tables configured (established 4096 bind 4096)
[    5.991676] UDP hash table entries: 256 (order: 1, 8192 bytes, linear)
[    5.999124] UDP-Lite hash table entries: 256 (order: 1, 8192 bytes, linear)
[    6.007682] initcall inet_init+0x0/0x276 returned 0 after 67047 usecs
[    6.015775] calling  af_unix_init+0x0/0x4d @ 1
[    6.021172] NET: Registered protocol family 1
[    6.026758] initcall af_unix_init+0x0/0x4d returned 0 after 5479 usecs
[    6.034774] calling  ipv6_offload_init+0x0/0x7e @ 1
[    6.041124] initcall ipv6_offload_init+0x0/0x7e returned 0 after 122 usecs
[    6.050393] calling  init_sunrpc+0x0/0x65 @ 1
[    6.063456] RPC: Registered named UNIX socket transport module.
[    6.070725] RPC: Registered udp transport module.
[    6.076375] RPC: Registered tcp transport module.
[    6.082073] RPC: Registered tcp NFSv4.1 backchannel transport module.
[    6.089819] initcall init_sunrpc+0x0/0x65 returned 0 after 33370 usecs
[    6.097588] calling  cfg80211_init+0x0/0xc5 @ 1
[    6.107670] initcall cfg80211_init+0x0/0xc5 returned 0 after 4009 usecs
[    6.115458] calling  pcibios_assign_resources+0x0/0xbf @ 1
[    6.122493] pci_bus 0000:00: resource 4 [io  0x0000-0x0cf7 window]
[    6.129978] pci_bus 0000:00: resource 5 [io  0x0d00-0xffff window]
[    6.137585] pci_bus 0000:00: resource 6 [mem 0x000a0000-0x000bffff window]
[    6.145938] pci_bus 0000:00: resource 7 [mem 0x20000000-0xafffffff window]
[    6.154247] pci_bus 0000:00: resource 8 [mem 0xc0000000-0xfebfffff window]
[    6.162554] pci_bus 0000:00: resource 9 [mem 0x100000000-0x8ffffffff window]
[    6.171398] initcall pcibios_assign_resources+0x0/0xbf returned 0 after 48161 usecs
[    6.180487] calling  pci_apply_final_quirks+0x0/0x124 @ 1
[    6.189613] pci 0000:00:01.0: calling  pci_fixup_video+0x0/0xe0 @ 1
[    6.199381] pci 0000:00:01.0: Video device with shadowed ROM at [mem 0x000c0000-0x000dffff]
[    6.211804] pci 0000:00:01.0: pci_fixup_video+0x0/0xe0 took 12629 usecs
[    6.220080] PCI: CLS 0 bytes, default 64
[    6.225042] initcall pci_apply_final_quirks+0x0/0x124 returned 0 after 35923 usecs
[    6.234166] calling  acpi_reserve_resources+0x0/0xea @ 1
[    6.240819] initcall acpi_reserve_resources+0x0/0xea returned 0 after 104 usecs
[    6.249719] calling  populate_rootfs+0x0/0x102 @ 1
[    6.257736] initcall populate_rootfs+0x0/0x102 returned 0 after 2088 usecs
[    6.265972] calling  pci_iommu_init+0x0/0x3e @ 1
[    6.271464] initcall pci_iommu_init+0x0/0x3e returned 0 after 81 usecs
[    6.280895] calling  ia32_binfmt_init+0x0/0x13 @ 1
[    6.286780] initcall ia32_binfmt_init+0x0/0x13 returned 0 after 82 usecs
[    6.295022] calling  rapl_pmu_init+0x0/0x267 @ 1
[    6.300884] initcall rapl_pmu_init+0x0/0x267 returned -19 after 55 usecs
[    6.309067] calling  amd_uncore_init+0x0/0x310 @ 1
[    6.315007] initcall amd_uncore_init+0x0/0x310 returned -19 after 0 usecs
[    6.323222] calling  amd_ibs_init+0x0/0x243 @ 1
[    6.328802] initcall amd_ibs_init+0x0/0x243 returned -19 after 0 usecs
[    6.336630] calling  amd_iommu_pc_init+0x0/0x215 @ 1
[    6.342701] initcall amd_iommu_pc_init+0x0/0x215 returned -19 after 28 usecs
[    6.352420] calling  msr_init+0x0/0x55 @ 1
[    6.357997] initcall msr_init+0x0/0x55 returned 0 after 501 usecs
[    6.364948] calling  intel_uncore_init+0x0/0x36f @ 1
[    6.371245] initcall intel_uncore_init+0x0/0x36f returned -19 after 39 usecs
[    6.380318] calling  cstate_pmu_init+0x0/0x1a1 @ 1
[    6.386266] initcall cstate_pmu_init+0x0/0x1a1 returned -19 after 0 usecs
[    6.394387] calling  register_kernel_offset_dumper+0x0/0x1a @ 1
[    6.401528] initcall register_kernel_offset_dumper+0x0/0x1a returned 0 after 24 usecs
[    6.410695] calling  i8259A_init_ops+0x0/0x20 @ 1
[    6.416404] initcall i8259A_init_ops+0x0/0x20 returned 0 after 1 usecs
[    6.424073] calling  init_tsc_clocksource+0x0/0xa4 @ 1
[    6.430278] clocksource: tsc: mask: 0xffffffffffffffff max_cycles: 0x39a85afc727, max_idle_ns: 881590685098 ns
[    6.441876] initcall init_tsc_clocksource+0x0/0xa4 returned 0 after 11324 usecs
[    6.450581] calling  add_rtc_cmos+0x0/0xb0 @ 1
[    6.456062] initcall add_rtc_cmos+0x0/0xb0 returned 0 after 77 usecs
[    6.463617] calling  i8237A_init_ops+0x0/0x3a @ 1
[    6.469411] initcall i8237A_init_ops+0x0/0x3a returned 0 after 98 usecs
[    6.477279] calling  umwait_init+0x0/0x94 @ 1
[    6.482630] initcall umwait_init+0x0/0x94 returned -19 after 22 usecs
[    6.490703] calling  thermal_throttle_init_device+0x0/0x3d @ 1
[    6.497826] initcall thermal_throttle_init_device+0x0/0x3d returned 0 after 43 usecs
[    6.507081] calling  msr_init+0x0/0xd7 @ 1
[    6.519080] initcall msr_init+0x0/0xd7 returned 0 after 6535 usecs
[    6.526666] calling  cpuid_init+0x0/0xd7 @ 1
[    6.535948] initcall cpuid_init+0x0/0xd7 returned 0 after 4036 usecs
[    6.543761] calling  ioapic_init_ops+0x0/0x13 @ 1
[    6.549333] initcall ioapic_init_ops+0x0/0x13 returned 0 after 33 usecs
[    6.556905] calling  add_pcspkr+0x0/0x6c @ 1
[    6.562039] initcall add_pcspkr+0x0/0x6c returned 0 after 150 usecs
[    6.570284] calling  start_periodic_check_for_corruption+0x0/0x30 @ 1
[    6.577867] check: Scanning for low memory corruption every 60 seconds
[    6.585827] initcall start_periodic_check_for_corruption+0x0/0x30 returned 0 after 7789 usecs
[    6.595953] calling  sysfb_init+0x0/0x9c @ 1
[    6.601386] initcall sysfb_init+0x0/0x9c returned 0 after 189 usecs
[    6.608995] calling  audit_classes_init+0x0/0xae @ 1
[    6.614960] initcall audit_classes_init+0x0/0xae returned 0 after 39 usecs
[    6.623282] calling  iosf_mbi_init+0x0/0x24 @ 1
[    6.631620] initcall iosf_mbi_init+0x0/0x24 returned 0 after 2076 usecs
[    6.639625] calling  proc_execdomains_init+0x0/0x21 @ 1
[    6.645925] initcall proc_execdomains_init+0x0/0x21 returned 0 after 68 usecs
[    6.654070] calling  register_warn_debugfs+0x0/0x23 @ 1
[    6.660251] initcall register_warn_debugfs+0x0/0x23 returned 0 after 68 usecs
[    6.668462] calling  cpuhp_sysfs_init+0x0/0x79 @ 1
[    6.674552] initcall cpuhp_sysfs_init+0x0/0x79 returned 0 after 337 usecs
[    6.682574] calling  ioresources_init+0x0/0x49 @ 1
[    6.689733] initcall ioresources_init+0x0/0x49 returned 0 after 6 usecs
[    6.699247] calling  snapshot_device_init+0x0/0xc @ 1
[    6.707986] initcall snapshot_device_init+0x0/0xc returned 0 after 1306 usecs
[    6.716916] calling  irq_pm_init_ops+0x0/0x13 @ 1
[    6.722572] initcall irq_pm_init_ops+0x0/0x13 returned 0 after 15 usecs
[    6.730503] calling  rcu_torture_init+0x0/0x9a6 @ 1
[    6.736753] srcu-torture:--- Start of test: nreaders=3 nfakewriters=4 stat_interval=15 verbose=1 test_no_idle_hz=1 shuffle_interval=3 stutter=5 irqreader=1 fqs_duration=0 fqs_holdoff=0 fqs_stutter=3 test_boost=1/0 test_boost_interval=7 test_boost_duration=4 shutdown_secs=1800 stall_cpu=0 stall_cpu_holdoff=10 stall_cpu_irqsoff=0 stall_cpu_block=0 n_barrier_cbs=4 onoff_interval=1000 onoff_holdoff=30 read_exit_delay=13 read_exit_burst=16
[    6.783200] srcu:  Start-test grace-period state: g0 f0x0
[    6.789750] srcu-torture: Creating rcu_torture_writer task
[    6.798423] srcu-torture: Creating rcu_torture_fakewriter task
[    6.798932] srcu-torture: rcu_torture_writer task started
[    6.807776] srcu-torture: Creating rcu_torture_fakewriter task
[    6.807847] srcu-torture: rcu_torture_fakewriter task started
[    6.813995] srcu-torture: GP expediting controlled from boot/sysfs for srcu.
[    6.822884] srcu-torture: Creating rcu_torture_fakewriter task
[    6.823219] srcu-torture: rcu_torture_fakewriter task started
[    6.829258] rcu_torture_writer: Testing expedited GPs.
[    6.829259] rcu_torture_writer: Testing asynchronous GPs.
[    6.829260] rcu_torture_writer: Testing normal GPs.
[    6.871422] srcu-torture: Creating rcu_torture_fakewriter task
[    6.871811] srcu-torture: rcu_torture_fakewriter task started
[    6.879401] srcu-torture: Creating rcu_torture_reader task
[    6.879431] srcu-torture: rcu_torture_fakewriter task started
[    6.901663] srcu-torture: Creating rcu_torture_reader task
[    6.902001] srcu-torture: rcu_torture_reader task started
[    6.909133] srcu-torture: Creating rcu_torture_reader task
[    6.909152] srcu-torture: rcu_torture_reader task started
[    6.931405] srcu-torture: Creating rcu_torture_stats task
[    6.931435] srcu-torture: rcu_torture_reader task started
[    6.938450] srcu-torture: Creating torture_shuffle task
[    6.938857] srcu-torture: rcu_torture_stats task started
[    6.964978] srcu-torture: Creating torture_stutter task
[    6.972469] srcu-torture: torture_shuffle task started
[    6.974758] srcu-torture: Creating torture_shutdown task
[    6.975717] srcu-torture: torture_stutter task started
[    6.992752] srcu-torture: Creating torture_onoff task
[    6.992762] srcu-torture: torture_shutdown task started
[    7.000027] srcu-torture: rcu_torture_fwd_prog_init: Disabled, unsupported by RCU flavor under test
[    7.000445] srcu-torture: torture_onoff task started
[    7.000446] srcu-torture: torture_onoff begin holdoff
[    7.005372] srcu-torture:torture_shutdown task: 1799969 ms remaining
[    7.039255] srcu-torture: Creating rcu_torture_barrier_cbs task
[    7.049583] srcu-torture: rcu_torture_barrier_cbs task started
[    7.049663] srcu-torture: Creating rcu_torture_barrier_cbs task
[    7.065693] srcu-torture: Creating rcu_torture_barrier_cbs task
[    7.065736] srcu-torture: rcu_torture_barrier_cbs task started
[    7.074879] srcu-torture: Creating rcu_torture_barrier_cbs task
[    7.074932] srcu-torture: rcu_torture_barrier_cbs task started
[    7.097760] srcu-torture: Creating rcu_torture_barrier task
[    7.098004] srcu-torture: rcu_torture_barrier_cbs task started
[    7.106984] srcu-torture: Creating rcu_torture_read_exit task
[    7.106999] srcu-torture: rcu_torture_barrier task starting
[    7.131680] initcall rcu_torture_init+0x0/0x9a6 returned 0 after 385929 usecs
[    7.131906] srcu-torture: rcu_torture_read_exit: Start of test
[    7.140801] calling  timekeeping_init_ops+0x0/0x13 @ 1
[    7.140839] initcall timekeeping_init_ops+0x0/0x13 returned 0 after 33 usecs
[    7.140857] calling  init_clocksource_sysfs+0x0/0x23 @ 1
[    7.140952] initcall init_clocksource_sysfs+0x0/0x23 returned 0 after 90 usecs
[    7.152342] rcu_torture_rea (87) used greatest stack depth: 15184 bytes left
[    7.156485] calling  init_timer_list_procfs+0x0/0x31 @ 1
[    7.156492] initcall init_timer_list_procfs+0x0/0x31 returned 0 after 4 usecs
[    7.156493] calling  alarmtimer_init+0x0/0xc7 @ 1
[    7.156828] initcall alarmtimer_init+0x0/0xc7 returned 0 after 322 usecs
[    7.156831] calling  init_posix_timers+0x0/0x29 @ 1
[    7.156838] initcall init_posix_timers+0x0/0x29 returned 0 after 4 usecs
[    7.236988] calling  clockevents_init_sysfs+0x0/0xbf @ 1
[    7.245089] initcall clockevents_init_sysfs+0x0/0xbf returned 0 after 232 usecs
[    7.255398] calling  proc_dma_init+0x0/0x21 @ 1
[    7.262271] initcall proc_dma_init+0x0/0x21 returned 0 after 29 usecs
[    7.271792] calling  proc_modules_init+0x0/0x1e @ 1
[    7.278331] initcall proc_modules_init+0x0/0x1e returned 0 after 5 usecs
[    7.286487] calling  kallsyms_init+0x0/0x21 @ 1
[    7.293422] initcall kallsyms_init+0x0/0x21 returned 0 after 6 usecs
[    7.302838] calling  pid_namespaces_init+0x0/0x2c @ 1
[    7.310074] initcall pid_namespaces_init+0x0/0x2c returned 0 after 87 usecs
[    7.319422] calling  audit_watch_init+0x0/0x37 @ 1
[    7.325346] initcall audit_watch_init+0x0/0x37 returned 0 after 2 usecs
[    7.333151] calling  audit_fsnotify_init+0x0/0x37 @ 1
[    7.339232] initcall audit_fsnotify_init+0x0/0x37 returned 0 after 1 usecs
[    7.347396] calling  audit_tree_init+0x0/0x6d @ 1
[    7.353110] initcall audit_tree_init+0x0/0x6d returned 0 after 17 usecs
[    7.360977] calling  seccomp_sysctl_init+0x0/0x2b @ 1
[    7.367079] initcall seccomp_sysctl_init+0x0/0x2b returned 0 after 23 usecs
[    7.375365] calling  utsname_sysctl_init+0x0/0x13 @ 1
[    7.381664] initcall utsname_sysctl_init+0x0/0x13 returned 0 after 139 usecs
[    7.389989] calling  init_tracepoints+0x0/0x27 @ 1
[    7.395925] initcall init_tracepoints+0x0/0x27 returned 0 after 54 usecs
[    7.403850] calling  init_blk_tracer+0x0/0x50 @ 1
[    7.410331] initcall init_blk_tracer+0x0/0x50 returned 0 after 742 usecs
[    7.418342] calling  perf_event_sysfs_init+0x0/0x81 @ 1
[    7.424831] initcall perf_event_sysfs_init+0x0/0x81 returned 0 after 343 usecs
[    7.435036] calling  system_trusted_keyring_init+0x0/0x60 @ 1
[    7.442585] Initialise system trusted keyrings
[    7.448441] initcall system_trusted_keyring_init+0x0/0x60 returned 0 after 5782 usecs
[    7.457850] calling  kswapd_init+0x0/0x5c @ 1
[    7.464182] initcall kswapd_init+0x0/0x5c returned 0 after 1028 usecs
[    7.474937] calling  extfrag_debug_init+0x0/0x54 @ 1
[    7.482966] initcall extfrag_debug_init+0x0/0x54 returned 0 after 214 usecs
[    7.494415] calling  mm_compute_batch_init+0x0/0x12 @ 1
[    7.503104] initcall mm_compute_batch_init+0x0/0x12 returned 0 after 0 usecs
[    7.513720] calling  slab_proc_init+0x0/0x21 @ 1
[    7.519938] initcall slab_proc_init+0x0/0x21 returned 0 after 37 usecs
[    7.528503] calling  workingset_init+0x0/0x8c @ 1
[    7.534843] workingset: timestamp_bits=56 max_order=17 bucket_order=0
[    7.543986] initcall workingset_init+0x0/0x8c returned 0 after 8945 usecs
[    7.553983] calling  proc_vmalloc_init+0x0/0x32 @ 1
[    7.566629] initcall proc_vmalloc_init+0x0/0x32 returned 0 after 1155 usecs
[    7.578252] calling  procswaps_init+0x0/0x1e @ 1
[    7.585790] initcall procswaps_init+0x0/0x1e returned 0 after 141 usecs
[    7.594859] calling  slab_sysfs_init+0x0/0xea @ 1
[    7.610128] initcall slab_sysfs_init+0x0/0xea returned 0 after 8912 usecs
[    7.619848] calling  fcntl_init+0x0/0x29 @ 1
[    7.626171] initcall fcntl_init+0x0/0x29 returned 0 after 66 usecs
[    7.635125] calling  proc_filesystems_init+0x0/0x21 @ 1
[    7.642960] initcall proc_filesystems_init+0x0/0x21 returned 0 after 37 usecs
[    7.652871] calling  start_dirtytime_writeback+0x0/0x29 @ 1
[    7.662889] initcall start_dirtytime_writeback+0x0/0x29 returned 0 after 66 usecs
[    7.674482] calling  blkdev_init+0x0/0x1b @ 1
[    7.682112] initcall blkdev_init+0x0/0x1b returned 0 after 238 usecs
[    7.692598] calling  dio_init+0x0/0x2c @ 1
[    7.700165] initcall dio_init+0x0/0x2c returned 0 after 744 usecs
[    7.709000] calling  dnotify_init+0x0/0x78 @ 1
[    7.714982] initcall dnotify_init+0x0/0x78 returned 0 after 32 usecs
[    7.724193] calling  aio_setup+0x0/0x78 @ 1
[    7.732422] initcall aio_setup+0x0/0x78 returned 0 after 1487 usecs
[    7.742904] calling  io_uring_init+0x0/0x2c @ 1
[    7.750447] initcall io_uring_init+0x0/0x2c returned 0 after 10 usecs
[    7.760749] calling  mbcache_init+0x0/0x30 @ 1
[    7.767451] initcall mbcache_init+0x0/0x30 returned 0 after 77 usecs
[    7.776684] calling  init_grace+0x0/0xc @ 1
[    7.783127] initcall init_grace+0x0/0xc returned 0 after 215 usecs
[    7.791944] calling  init_v2_quota_format+0x0/0x21 @ 1
[    7.799617] initcall init_v2_quota_format+0x0/0x21 returned 0 after 55 usecs
[    7.810863] calling  init_devpts_fs+0x0/0x27 @ 1
[    7.819691] initcall init_devpts_fs+0x0/0x27 returned 0 after 1021 usecs
[    7.829717] calling  ext4_init_fs+0x0/0x1d0 @ 1
[    7.837277] initcall ext4_init_fs+0x0/0x1d0 returned 0 after 980 usecs
[    7.847520] calling  journal_init+0x0/0x11c @ 1
[    7.854944] initcall journal_init+0x0/0x11c returned 0 after 110 usecs
[    7.864946] calling  init_fat_fs+0x0/0x49 @ 1
[    7.871743] initcall init_fat_fs+0x0/0x49 returned 0 after 253 usecs
[    7.881903] calling  init_vfat_fs+0x0/0xc @ 1
[    7.889745] initcall init_vfat_fs+0x0/0xc returned 0 after 4 usecs
[    7.900119] calling  init_msdos_fs+0x0/0xc @ 1
[    7.907268] initcall init_msdos_fs+0x0/0xc returned 0 after 3 usecs
[    7.915906] calling  init_iso9660_fs+0x0/0x6c @ 1
[    7.924354] initcall init_iso9660_fs+0x0/0x6c returned 0 after 1422 usecs
[    7.934050] calling  init_nfs_fs+0x0/0x13a @ 1
[    7.947518] initcall init_nfs_fs+0x0/0x13a returned 0 after 6256 usecs
[    7.958107] calling  init_nfs_v2+0x0/0x13 @ 1
[    7.965634] initcall init_nfs_v2+0x0/0x13 returned 0 after 113 usecs
[    7.976335] calling  init_nfs_v3+0x0/0x13 @ 1
[    7.983802] initcall init_nfs_v3+0x0/0x13 returned 0 after 90 usecs
[    7.993974] calling  init_nfs_v4+0x0/0x32 @ 1
[    8.001094] NFS: Registering the id_resolver key type
[    8.009257] Key type id_resolver registered
[    8.015660] Key type id_legacy registered
[    8.022118] initcall init_nfs_v4+0x0/0x32 returned 0 after 20569 usecs
[    8.032275] calling  init_nlm+0x0/0x5b @ 1
[    8.039158] initcall init_nlm+0x0/0x5b returned 0 after 169 usecs
[    8.048680] calling  init_nls_cp437+0x0/0xe @ 1
[    8.056019] initcall init_nls_cp437+0x0/0xe returned 0 after 54 usecs
[    8.066524] calling  init_nls_ascii+0x0/0xe @ 1
[    8.074100] initcall init_nls_ascii+0x0/0xe returned 0 after 0 usecs
[    8.083990] calling  init_nls_iso8859_1+0x0/0xe @ 1
[    8.091719] initcall init_nls_iso8859_1+0x0/0xe returned 0 after 0 usecs
[    8.101829] calling  init_nls_utf8+0x0/0x21 @ 1
[    8.108464] initcall init_nls_utf8+0x0/0x21 returned 0 after 1 usecs
[    8.118254] calling  init_autofs_fs+0x0/0x25 @ 1
[    8.134261] initcall init_autofs_fs+0x0/0x25 returned 0 after 8081 usecs
[    8.145110] calling  ipc_init+0x0/0x24 @ 1
[    8.152460] initcall ipc_init+0x0/0x24 returned 0 after 326 usecs
[    8.162113] calling  ipc_sysctl_init+0x0/0x13 @ 1
[    8.169937] initcall ipc_sysctl_init+0x0/0x13 returned 0 after 88 usecs
[    8.180227] calling  init_mqueue_fs+0x0/0x9a @ 1
[    8.188924] initcall init_mqueue_fs+0x0/0x9a returned 0 after 961 usecs
[    8.200095] calling  key_proc_init+0x0/0x63 @ 1
[    8.207116] initcall key_proc_init+0x0/0x63 returned 0 after 82 usecs
[    8.216633] calling  selinux_nf_ip_init+0x0/0x2e @ 1
[    8.223663] initcall selinux_nf_ip_init+0x0/0x2e returned 0 after 368 usecs
[    8.233313] calling  init_sel_fs+0x0/0x116 @ 1
[    8.240141] initcall init_sel_fs+0x0/0x116 returned 0 after 0 usecs
[    8.250182] calling  selnl_init+0x0/0x7c @ 1
[    8.258085] initcall selnl_init+0x0/0x7c returned 0 after 1030 usecs
[    8.268746] calling  sel_netif_init+0x0/0x36 @ 1
[    8.275642] initcall sel_netif_init+0x0/0x36 returned 0 after 0 usecs
[    8.285018] calling  sel_netnode_init+0x0/0x33 @ 1
[    8.294332] initcall sel_netnode_init+0x0/0x33 returned 0 after 0 usecs
[    8.304550] calling  sel_netport_init+0x0/0x33 @ 1
[    8.310968] initcall sel_netport_init+0x0/0x33 returned 0 after 0 usecs
[    8.320400] calling  aurule_init+0x0/0x2a @ 1
[    8.327101] initcall aurule_init+0x0/0x2a returned 0 after 1 usecs
[    8.337171] calling  crypto_algapi_init+0x0/0xc @ 1
[    8.344075] initcall crypto_algapi_init+0x0/0xc returned 0 after 4 usecs
[    8.354403] calling  jent_mod_init+0x0/0x2d @ 1
[    8.382997] initcall jent_mod_init+0x0/0x2d returned 0 after 20984 usecs
[    8.394206] calling  asymmetric_key_init+0x0/0xc @ 1
[    8.401934] Key type asymmetric registered
[    8.408895] initcall asymmetric_key_init+0x0/0xc returned 0 after 6882 usecs
[    8.419570] calling  x509_key_init+0x0/0xc @ 1
[    8.426382] Asymmetric key parser 'x509' registered
[    8.434774] initcall x509_key_init+0x0/0xc returned 0 after 8234 usecs
[    8.445116] calling  proc_genhd_init+0x0/0x41 @ 1
[    8.452536] initcall proc_genhd_init+0x0/0x41 returned 0 after 131 usecs
[    8.462731] calling  bsg_init+0x0/0x113 @ 1
[    8.470402] Block layer SCSI generic (bsg) driver version 0.4 loaded (major 251)
[    8.481602] initcall bsg_init+0x0/0x113 returned 0 after 12166 usecs
[    8.491135] calling  deadline_init+0x0/0xc @ 1
[    8.498483] io scheduler mq-deadline registered
[    8.505555] initcall deadline_init+0x0/0xc returned 0 after 7166 usecs
[    8.516025] calling  kyber_init+0x0/0xc @ 1
[    8.523294] io scheduler kyber registered
[    8.529964] initcall kyber_init+0x0/0xc returned 0 after 6608 usecs
[    8.540038] calling  mod_init+0x0/0x7 @ 1
[    8.547389] initcall mod_init+0x0/0x7 returned 0 after 0 usecs
[    8.557864] calling  percpu_counter_startup+0x0/0x55 @ 1
[    8.577743] initcall percpu_counter_startup+0x0/0x55 returned 0 after 10249 usecs
[    8.592339] calling  sg_pool_init+0x0/0xb4 @ 1
[    8.601349] initcall sg_pool_init+0x0/0xb4 returned 0 after 1273 usecs
[    8.611466] calling  pcie_portdrv_init+0x0/0x39 @ 1
[    8.622511] initcall pcie_portdrv_init+0x0/0x39 returned 0 after 3151 usecs
[    8.634271] calling  pci_proc_init+0x0/0x68 @ 1
[    8.642174] initcall pci_proc_init+0x0/0x68 returned 0 after 49 usecs
[    8.655200] calling  pci_hotplug_init+0x0/0x7 @ 1
[    8.664641] initcall pci_hotplug_init+0x0/0x7 returned 0 after 0 usecs
[    8.675666] calling  efifb_driver_init+0x0/0xe @ 1
[    8.684385] initcall efifb_driver_init+0x0/0xe returned 0 after 843 usecs
[    8.695438] calling  ged_driver_init+0x0/0xe @ 1
[    8.703363] initcall ged_driver_init+0x0/0xe returned 0 after 434 usecs
[    8.714079] calling  acpi_ac_init+0x0/0x92 @ 1
[    8.724444] initcall acpi_ac_init+0x0/0x92 returned 0 after 2220 usecs
[    8.735205] calling  acpi_button_driver_init+0x0/0x52 @ 1
[    8.746088] input: Power Button as /devices/LNXSYSTM:00/LNXPWRBN:00/input/input0
[    8.761262] ACPI: Power Button [PWRF]
[    8.769981] initcall acpi_button_driver_init+0x0/0x52 returned 0 after 24530 usecs
[    8.782047] calling  acpi_fan_driver_init+0x0/0xe @ 1
[    8.790413] initcall acpi_fan_driver_init+0x0/0xe returned 0 after 20 usecs
[    8.801896] calling  acpi_video_init+0x0/0xcb @ 1
[    8.809950] initcall acpi_video_init+0x0/0xcb returned 0 after 548 usecs
[    8.821087] calling  acpi_processor_driver_init+0x0/0xad @ 1
[    8.833086] initcall acpi_processor_driver_init+0x0/0xad returned 0 after 2746 usecs
[    8.846421] calling  acpi_thermal_init+0x0/0x71 @ 1
[    8.856424] initcall acpi_thermal_init+0x0/0x71 returned 0 after 1225 usecs
[    8.867755] calling  acpi_battery_init+0x0/0x32 @ 1
[    8.876766] initcall acpi_battery_init+0x0/0x32 returned 0 after 562 usecs
[    8.888323] calling  bgrt_init+0x0/0xb6 @ 1
[    8.895186] initcall bgrt_init+0x0/0xb6 returned -19 after 0 usecs
[    8.905453] calling  gpio_clk_driver_init+0x0/0xe @ 1
[    8.914239] initcall gpio_clk_driver_init+0x0/0xe returned 0 after 138 usecs
[    8.925888] calling  plt_clk_driver_init+0x0/0xe @ 1
[    8.933872] initcall plt_clk_driver_init+0x0/0xe returned 0 after 21 usecs
[    8.944465] calling  virtio_pci_driver_init+0x0/0x15 @ 1
[    8.953516] initcall virtio_pci_driver_init+0x0/0x15 returned 0 after 168 usecs
[    8.965262] calling  n_null_init+0x0/0x1e @ 1
[    8.972667] initcall n_null_init+0x0/0x1e returned 0 after 35 usecs
[    8.983155] calling  pty_init+0x0/0x1e8 @ 1
[    8.998641] initcall pty_init+0x0/0x1e8 returned 0 after 8006 usecs
[    9.009216] calling  sysrq_init+0x0/0x62 @ 1
[    9.016515] initcall sysrq_init+0x0/0x62 returned 0 after 6 usecs
[    9.026189] calling  serial8250_init+0x0/0x17e @ 1
[    9.034079] Serial: 8250/16550 driver, 4 ports, IRQ sharing enabled
[    9.049104] 00:03: ttyS0 at I/O 0x3f8 (irq = 4, base_baud = 115200) is a 16550A
[    9.074965] initcall serial8250_init+0x0/0x17e returned 0 after 40050 usecs
[    9.086313] calling  serial_pci_driver_init+0x0/0x15 @ 1
[    9.095756] initcall serial_pci_driver_init+0x0/0x15 returned 0 after 562 usecs
[    9.107597] calling  exar_pci_driver_init+0x0/0x15 @ 1
[    9.117138] initcall exar_pci_driver_init+0x0/0x15 returned 0 after 103 usecs
[    9.129676] calling  lpss8250_pci_driver_init+0x0/0x15 @ 1
[    9.140134] initcall lpss8250_pci_driver_init+0x0/0x15 returned 0 after 236 usecs
[    9.153324] calling  mid8250_pci_driver_init+0x0/0x15 @ 1
[    9.162886] initcall mid8250_pci_driver_init+0x0/0x15 returned 0 after 32 usecs
[    9.175861] calling  virtio_console_init+0x0/0xff @ 1
[    9.186444] initcall virtio_console_init+0x0/0xff returned 0 after 1105 usecs
[    9.199149] calling  hpet_init+0x0/0x64 @ 1
[    9.214858] initcall hpet_init+0x0/0x64 returned 0 after 8573 usecs
[    9.223957] calling  nvram_module_init+0x0/0x83 @ 1
[    9.234635] Non-volatile memory driver v1.3
[    9.241337] initcall nvram_module_init+0x0/0x83 returned 0 after 9853 usecs
[    9.251783] calling  hwrng_modinit+0x0/0x8a @ 1
[    9.263224] initcall hwrng_modinit+0x0/0x8a returned 0 after 3443 usecs
[    9.274297] calling  mod_init+0x0/0x48 @ 1
[    9.281170] initcall mod_init+0x0/0x48 returned -19 after 82 usecs
[    9.291791] calling  agp_init+0x0/0x23 @ 1
[    9.299015] Linux agpgart interface v0.103
[    9.306217] initcall agp_init+0x0/0x23 returned 0 after 7028 usecs
[    9.316714] calling  agp_amd64_mod_init+0x0/0x5 @ 1
[    9.325215] initcall agp_amd64_mod_init+0x0/0x5 returned -19 after 239 usecs
[    9.337690] calling  agp_intel_init+0x0/0x28 @ 1
[    9.347148] initcall agp_intel_init+0x0/0x28 returned 0 after 1210 usecs
[    9.358658] calling  drm_kms_helper_init+0x0/0x7 @ 1
[    9.367821] initcall drm_kms_helper_init+0x0/0x7 returned 0 after 93 usecs
[    9.379757] calling  drm_core_init+0x0/0xa4 @ 1
[    9.389245] initcall drm_core_init+0x0/0xa4 returned 0 after 1844 usecs
[    9.400480] calling  i915_init+0x0/0x6b @ 1
[    9.408486] initcall i915_init+0x0/0x6b returned 0 after 727 usecs
[    9.418459] calling  cn_proc_init+0x0/0x35 @ 1
[    9.425463] initcall cn_proc_init+0x0/0x35 returned 0 after 3 usecs
[    9.435717] calling  topology_sysfs_init+0x0/0x27 @ 1
[    9.445153] initcall topology_sysfs_init+0x0/0x27 returned 0 after 156 usecs
[    9.457097] calling  cacheinfo_sysfs_init+0x0/0x27 @ 1
[    9.475878] initcall cacheinfo_sysfs_init+0x0/0x27 returned 0 after 10138 usecs
[    9.487928] calling  loop_init+0x0/0x168 @ 1
[    9.630036] loop: module loaded
[    9.635337] initcall loop_init+0x0/0x168 returned 0 after 136979 usecs
[    9.646154] calling  mac_hid_init+0x0/0x21 @ 1
[    9.654382] initcall mac_hid_init+0x0/0x21 returned 0 after 81 usecs
[    9.664757] calling  spi_transport_init+0x0/0x74 @ 1
[    9.674142] initcall spi_transport_init+0x0/0x74 returned 0 after 763 usecs
[    9.686098] calling  init_sd+0x0/0x18c @ 1
[    9.693868] initcall init_sd+0x0/0x18c returned 0 after 617 usecs
[    9.703161] calling  init_sr+0x0/0x43 @ 1
[    9.709469] initcall init_sr+0x0/0x43 returned 0 after 52 usecs
[    9.719314] calling  init_sg+0x0/0x1c0 @ 1
[    9.726258] initcall init_sg+0x0/0x1c0 returned 0 after 104 usecs
[    9.736257] calling  ahci_pci_driver_init+0x0/0x15 @ 1
[    9.746991] ahci 0000:00:1f.2: version 3.0
[    9.760138] PCI Interrupt Link [GSIA] enabled at IRQ 16
[    9.798526] ahci 0000:00:1f.2: AHCI 0001.0000 32 slots 6 ports 1.5 Gbps 0x3f impl SATA mode
[    9.811853] ahci 0000:00:1f.2: flags: 64bit ncq only 
[    9.861802] scsi host0: ahci
[    9.876102] scsi host1: ahci
[    9.891334] scsi host2: ahci
[    9.908641] scsi host3: ahci
[    9.927260] scsi host4: ahci
[    9.947409] scsi host5: ahci
[    9.954196] ata1: SATA max UDMA/133 abar m4096@0xfebf1000 port 0xfebf1100 irq 24
[    9.967008] ata2: SATA max UDMA/133 abar m4096@0xfebf1000 port 0xfebf1180 irq 24
[    9.978279] ata3: SATA max UDMA/133 abar m4096@0xfebf1000 port 0xfebf1200 irq 24
[    9.989907] ata4: SATA max UDMA/133 abar m4096@0xfebf1000 port 0xfebf1280 irq 24
[   10.002435] ata5: SATA max UDMA/133 abar m4096@0xfebf1000 port 0xfebf1300 irq 24
[   10.014954] ata6: SATA max UDMA/133 abar m4096@0xfebf1000 port 0xfebf1380 irq 24
[   10.027776] initcall ahci_pci_driver_init+0x0/0x15 returned 0 after 275947 usecs
[   10.040015] calling  piix_init+0x0/0x26 @ 1
[   10.047354] initcall piix_init+0x0/0x26 returned 0 after 305 usecs
[   10.057187] calling  amd_pci_driver_init+0x0/0x15 @ 1
[   10.065689] initcall amd_pci_driver_init+0x0/0x15 returned 0 after 168 usecs
[   10.077752] calling  oldpiix_pci_driver_init+0x0/0x15 @ 1
[   10.086246] initcall oldpiix_pci_driver_init+0x0/0x15 returned 0 after 30 usecs
[   10.098786] calling  sch_pci_driver_init+0x0/0x15 @ 1
[   10.107200] initcall sch_pci_driver_init+0x0/0x15 returned 0 after 100 usecs
[   10.119059] calling  net_olddevs_init+0x0/0x55 @ 1
[   10.127048] initcall net_olddevs_init+0x0/0x55 returned 0 after 156 usecs
[   10.138071] calling  blackhole_netdev_init+0x0/0x78 @ 1
[   10.147527] initcall blackhole_netdev_init+0x0/0x78 returned 0 after 900 usecs
[   10.160308] calling  phy_module_init+0x0/0x13 @ 1
[   10.170166] initcall phy_module_init+0x0/0x13 returned 0 after 798 usecs
[   10.181422] calling  tg3_driver_init+0x0/0x15 @ 1
[   10.189328] initcall tg3_driver_init+0x0/0x15 returned 0 after 112 usecs
[   10.202223] calling  e100_init_module+0x0/0x4c @ 1
[   10.211295] e100: Intel(R) PRO/100 Network Driver
[   10.218581] e100: Copyright(c) 1999-2006 Intel Corporation
[   10.227400] initcall e100_init_module+0x0/0x4c returned 0 after 15824 usecs
[   10.238671] calling  e1000_init_module+0x0/0x72 @ 1
[   10.246564] e1000: Intel(R) PRO/1000 Network Driver
[   10.254887] e1000: Copyright (c) 1999-2006 Intel Corporation.
[   10.264194] initcall e1000_init_module+0x0/0x72 returned 0 after 17212 usecs
[   10.274953] calling  e1000_init_module+0x0/0x2d @ 1
[   10.281804] e1000e: Intel(R) PRO/1000 Network Driver
[   10.290222] e1000e: Copyright(c) 1999 - 2015 Intel Corporation.
[   10.300195] initcall e1000_init_module+0x0/0x2d returned 0 after 18028 usecs
[   10.310162] calling  sky2_init_module+0x0/0x21 @ 1
[   10.317499] sky2: driver version 1.30
[   10.323723] initcall sky2_init_module+0x0/0x21 returned 0 after 6087 usecs
[   10.334596] calling  forcedeth_pci_driver_init+0x0/0x15 @ 1
[   10.341950] initcall forcedeth_pci_driver_init+0x0/0x15 returned 0 after 24 usecs
[   10.351665] calling  rtl8139_init_module+0x0/0x15 @ 1
[   10.358103] ata2: SATA link down (SStatus 0 SControl 300)
[   10.360192] initcall rtl8139_init_module+0x0/0x15 returned 0 after 865 usecs
[   10.372085] ata6: SATA link down (SStatus 0 SControl 300)
[   10.377505] calling  rtl8169_pci_driver_init+0x0/0x15 @ 1
[   10.394302] ata5: SATA link down (SStatus 0 SControl 300)
[   10.395423] initcall rtl8169_pci_driver_init+0x0/0x15 returned 0 after 125 usecs
[   10.410340] ata1: SATA link down (SStatus 0 SControl 300)
[   10.415900] calling  cdrom_init+0x0/0xc @ 1
[   10.430350] ata4: SATA link down (SStatus 0 SControl 300)
[   10.434764] ata3: SATA link up 1.5 Gbps (SStatus 113 SControl 300)
[   10.440503] initcall cdrom_init+0x0/0xc returned 0 after 309 usecs
[   10.453179] ata3.00: ATAPI: QEMU DVD-ROM, 2.5+, max UDMA/100
[   10.462234] calling  nonstatic_sysfs_init+0x0/0xc @ 1
[   10.471318] ata3.00: applying bridge limits
[   10.481088] initcall nonstatic_sysfs_init+0x0/0xc returned 0 after 95 usecs
[   10.496780] ata3.00: configured for UDMA/100
[   10.503634] calling  yenta_cardbus_driver_init+0x0/0x15 @ 1
[   10.512916] scsi 2:0:0:0: CD-ROM            QEMU     QEMU DVD-ROM     2.5+ PQ: 0 ANSI: 5
[   10.512944] initcall yenta_cardbus_driver_init+0x0/0x15 returned 0 after 189 usecs
[   10.540790] calling  mon_init+0x0/0x12d @ 1
[   10.551279] initcall mon_init+0x0/0x12d returned 0 after 3182 usecs
[   10.561333] calling  ehci_hcd_init+0x0/0x56 @ 1
[   10.568963] ehci_hcd: USB 2.0 'Enhanced' Host Controller (EHCI) Driver
[   10.579653] initcall ehci_hcd_init+0x0/0x56 returned 0 after 10552 usecs
[   10.591493] calling  ehci_pci_init+0x0/0x64 @ 1
[   10.598868] ehci-pci: EHCI PCI platform driver
[   10.605950] initcall ehci_pci_init+0x0/0x64 returned 0 after 6911 usecs
[   10.615968] calling  ohci_hcd_mod_init+0x0/0x4e @ 1
[   10.624253] ohci_hcd: USB 1.1 'Open' Host Controller (OHCI) Driver
[   10.635067] initcall ohci_hcd_mod_init+0x0/0x4e returned 0 after 10555 usecs
[   10.646128] calling  ohci_pci_init+0x0/0x64 @ 1
[   10.653847] ohci-pci: OHCI PCI platform driver
[   10.661257] initcall ohci_pci_init+0x0/0x64 returned 0 after 7300 usecs
[   10.671085] calling  uhci_hcd_init+0x0/0xa8 @ 1
[   10.678670] uhci_hcd: USB Universal Host Controller Interface driver
[   10.688580] initcall uhci_hcd_init+0x0/0xa8 returned 0 after 9674 usecs
[   10.699400] calling  xhci_hcd_init+0x0/0x1e @ 1
[   10.707263] initcall xhci_hcd_init+0x0/0x1e returned 0 after 679 usecs
[   10.717101] calling  xhci_pci_init+0x0/0x49 @ 1
[   10.725134] initcall xhci_pci_init+0x0/0x49 returned 0 after 859 usecs
[   10.734578] calling  usblp_driver_init+0x0/0x15 @ 1
[   10.742690] usbcore: registered new interface driver usblp
[   10.751896] initcall usblp_driver_init+0x0/0x15 returned 0 after 10381 usecs
[   10.761805] calling  usb_storage_driver_init+0x0/0x2a @ 1
[   10.769313] usbcore: registered new interface driver usb-storage
[   10.778324] initcall usb_storage_driver_init+0x0/0x2a returned 0 after 9179 usecs
[   10.788889] calling  i8042_init+0x0/0x4c2 @ 1
[   10.797020] i8042: PNP: PS/2 Controller [PNP0303:KBD,PNP0f13:MOU] at 0x60,0x64 irq 1,12
[   10.856318] serio: i8042 KBD port at 0x60,0x64 irq 1
[   10.865474] serio: i8042 AUX port at 0x60,0x64 irq 12
[   10.876663] initcall i8042_init+0x0/0x4c2 returned 0 after 77514 usecs
[   10.889483] calling  serport_init+0x0/0x2c @ 1
[   10.897159] initcall serport_init+0x0/0x2c returned 0 after 245 usecs
[   10.907973] calling  input_leds_init+0x0/0xc @ 1
[   10.916163] initcall input_leds_init+0x0/0xc returned 0 after 123 usecs
[   10.927022] calling  evdev_init+0x0/0xc @ 1
[   10.944321] initcall evdev_init+0x0/0xc returned 0 after 9890 usecs
[   10.956096] calling  atkbd_init+0x0/0x21 @ 1
[   10.964455] initcall atkbd_init+0x0/0x21 returned 0 after 1931 usecs
[   10.965310] sr 2:0:0:0: [sr0] scsi3-mmc drive: 4x/4x cd/rw xa/form2 tray
[   10.974501] calling  psmouse_init+0x0/0x7f @ 1
[   10.986351] cdrom: Uniform CD-ROM driver Revision: 3.20
[   10.993926] initcall psmouse_init+0x0/0x7f returned 0 after 787 usecs
[   11.014139] calling  cmos_init+0x0/0x73 @ 1
[   11.023193] rtc_cmos 00:04: RTC can wake from S4
[   11.045277] input: AT Translated Set 2 keyboard as /devices/platform/i8042/serio0/input/input1
[   11.071229] rtc_cmos 00:04: registered as rtc0
[   11.077868] sr 2:0:0:0: Attached scsi CD-ROM sr0
[   11.079971] rtc_cmos 00:04: alarms up to one day, y3k, 242 bytes nvram, hpet irqs
[   11.088587] sr 2:0:0:0: Attached scsi generic sg0 type 5
[   11.099944] initcall cmos_init+0x0/0x73 returned 0 after 76775 usecs
[   11.119174] calling  smbalert_driver_init+0x0/0xe @ 1
[   11.127584] initcall smbalert_driver_init+0x0/0xe returned 0 after 112 usecs
[   11.138818] calling  i2c_i801_init+0x0/0xc5 @ 1
[   11.153888] i801_smbus 0000:00:1f.3: SMBus using PCI interrupt
[   11.163078] i2c i2c-0: 1/1 memory slots populated (from DMI)
[   11.171852] i2c i2c-0: Memory type 0x07 not supported yet, not instantiating SPD
[   11.182802] initcall i2c_i801_init+0x0/0xc5 returned 0 after 35941 usecs
[   11.192678] calling  ptp_kvm_init+0x0/0xf0 @ 1
[   11.203444] initcall ptp_kvm_init+0x0/0xf0 returned 0 after 3886 usecs
[   11.213665] calling  dm_init+0x0/0x3c @ 1
[   11.222298] device-mapper: ioctl: 4.43.0-ioctl (2020-10-01) initialised: dm-devel@redhat.com
[   11.234869] initcall dm_init+0x0/0x3c returned 0 after 14628 usecs
[   11.243519] calling  dm_mirror_init+0x0/0x29 @ 1
[   11.250468] initcall dm_mirror_init+0x0/0x29 returned 0 after 83 usecs
[   11.260154] calling  dm_dirty_log_init+0x0/0x4f @ 1
[   11.267361] initcall dm_dirty_log_init+0x0/0x4f returned 0 after 29 usecs
[   11.280245] calling  dm_zero_init+0x0/0x29 @ 1
[   11.286959] initcall dm_zero_init+0x0/0x29 returned 0 after 1 usecs
[   11.296162] calling  intel_pstate_init+0x0/0x510 @ 1
[   11.304212] intel_pstate: CPU model not supported
[   11.311378] initcall intel_pstate_init+0x0/0x510 returned -19 after 7065 usecs
[   11.322135] calling  haltpoll_init+0x0/0xc0 @ 1
[   11.328804] initcall haltpoll_init+0x0/0xc0 returned -19 after 32 usecs
[   11.338316] calling  efivars_sysfs_init+0x0/0x30 @ 1
[   11.345107] initcall efivars_sysfs_init+0x0/0x30 returned 0 after 1 usecs
[   11.354410] calling  esrt_sysfs_init+0x0/0x2a2 @ 1
[   11.361052] initcall esrt_sysfs_init+0x0/0x2a2 returned -38 after 55 usecs
[   11.370475] calling  hid_init+0x0/0x5c @ 1
[   11.376695] hid: raw HID events driver (C) Jiri Kosina
[   11.389133] initcall hid_init+0x0/0x5c returned 0 after 12700 usecs
[   11.398581] calling  hid_generic_init+0x0/0x15 @ 1
[   11.406767] initcall hid_generic_init+0x0/0x15 returned 0 after 255 usecs
[   11.417987] calling  a4_driver_init+0x0/0x15 @ 1
[   11.426145] initcall a4_driver_init+0x0/0x15 returned 0 after 39 usecs
[   11.439964] calling  apple_driver_init+0x0/0x15 @ 1
[   11.447484] initcall apple_driver_init+0x0/0x15 returned 0 after 70 usecs
[   11.457605] calling  belkin_driver_init+0x0/0x15 @ 1
[   11.463974] initcall belkin_driver_init+0x0/0x15 returned 0 after 22 usecs
[   11.473430] calling  ch_driver_init+0x0/0x15 @ 1
[   11.479397] initcall ch_driver_init+0x0/0x15 returned 0 after 19 usecs
[   11.487726] calling  ch_driver_init+0x0/0x15 @ 1
[   11.494196] initcall ch_driver_init+0x0/0x15 returned 0 after 20 usecs
[   11.516136] calling  cp_driver_init+0x0/0x15 @ 1
[   11.525349] initcall cp_driver_init+0x0/0x15 returned 0 after 42 usecs
[   11.537126] calling  ez_driver_init+0x0/0x15 @ 1
[   11.543520] initcall ez_driver_init+0x0/0x15 returned 0 after 25 usecs
[   11.553243] calling  gyration_driver_init+0x0/0x15 @ 1
[   11.564761] initcall gyration_driver_init+0x0/0x15 returned 0 after 24 usecs
[   11.575761] calling  ite_driver_init+0x0/0x15 @ 1
[   11.582871] initcall ite_driver_init+0x0/0x15 returned 0 after 30 usecs
[   11.596905] calling  ks_driver_init+0x0/0x15 @ 1
[   11.604323] initcall ks_driver_init+0x0/0x15 returned 0 after 26 usecs
[   11.621749] calling  lg_driver_init+0x0/0x15 @ 1
[   11.628813] initcall lg_driver_init+0x0/0x15 returned 0 after 31 usecs
[   11.638405] calling  lg_g15_driver_init+0x0/0x15 @ 1
[   11.645694] initcall lg_g15_driver_init+0x0/0x15 returned 0 after 240 usecs
[   11.655977] calling  ms_driver_init+0x0/0x15 @ 1
[   11.662698] initcall ms_driver_init+0x0/0x15 returned 0 after 25 usecs
[   11.672127] calling  mr_driver_init+0x0/0x15 @ 1
[   11.678894] initcall mr_driver_init+0x0/0x15 returned 0 after 24 usecs
[   11.688904] calling  ntrig_driver_init+0x0/0x15 @ 1
[   11.696454] initcall ntrig_driver_init+0x0/0x15 returned 0 after 126 usecs
[   11.706841] calling  pl_driver_init+0x0/0x15 @ 1
[   11.713990] initcall pl_driver_init+0x0/0x15 returned 0 after 23 usecs
[   11.726064] calling  pl_driver_init+0x0/0x15 @ 1
[   11.733920] initcall pl_driver_init+0x0/0x15 returned 0 after 51 usecs
[   11.743875] calling  redragon_driver_init+0x0/0x15 @ 1
[   11.752005] initcall redragon_driver_init+0x0/0x15 returned 0 after 26 usecs
[   11.762937] calling  samsung_driver_init+0x0/0x15 @ 1
[   11.771202] initcall samsung_driver_init+0x0/0x15 returned 0 after 27 usecs
[   11.782344] calling  sony_init+0x0/0x38 @ 1
[   11.788850] initcall sony_init+0x0/0x38 returned 0 after 118 usecs
[   11.797302] calling  sp_driver_init+0x0/0x15 @ 1
[   11.804101] initcall sp_driver_init+0x0/0x15 returned 0 after 41 usecs
[   11.813262] calling  ts_driver_init+0x0/0x15 @ 1
[   11.820196] initcall ts_driver_init+0x0/0x15 returned 0 after 23 usecs
[   11.830486] calling  hid_init+0x0/0x58 @ 1
[   11.837165] usbcore: registered new interface driver usbhid
[   11.845652] usbhid: USB HID core driver
[   11.851728] initcall hid_init+0x0/0x58 returned 0 after 14440 usecs
[   11.864245] calling  eeepc_laptop_init+0x0/0x57 @ 1
[   11.871276] initcall eeepc_laptop_init+0x0/0x57 returned -19 after 195 usecs
[   11.881906] calling  pmc_atom_init+0x0/0x27a @ 1
[   11.888686] initcall pmc_atom_init+0x0/0x27a returned -19 after 5 usecs
[   11.897814] calling  alsa_hwdep_init+0x0/0x5e @ 1
[   11.904875] initcall alsa_hwdep_init+0x0/0x5e returned 0 after 41 usecs
[   11.914330] calling  alsa_timer_init+0x0/0x1f0 @ 1
[   11.922172] initcall alsa_timer_init+0x0/0x1f0 returned 0 after 856 usecs
[   11.933006] calling  snd_hrtimer_init+0x0/0x117 @ 1
[   11.940098] initcall snd_hrtimer_init+0x0/0x117 returned 0 after 2 usecs
[   11.949907] calling  alsa_pcm_init+0x0/0x64 @ 1
[   11.956626] initcall alsa_pcm_init+0x0/0x64 returned 0 after 6 usecs
[   11.966588] calling  alsa_seq_init+0x0/0x4a @ 1
[   11.976397] initcall alsa_seq_init+0x0/0x4a returned 0 after 3271 usecs
[   11.986217] calling  alsa_seq_dummy_init+0x0/0x9c @ 1
[   12.005653] initcall alsa_seq_dummy_init+0x0/0x9c returned 0 after 8 usecs
[   12.027197] calling  azx_driver_init+0x0/0x15 @ 1
[   12.034952] initcall azx_driver_init+0x0/0x15 returned 0 after 220 usecs
[   12.045293] calling  sock_diag_init+0x0/0x2a @ 1
[   12.052843] initcall sock_diag_init+0x0/0x2a returned 0 after 245 usecs
[   12.068969] calling  blackhole_init+0x0/0xc @ 1
[   12.076863] initcall blackhole_init+0x0/0xc returned 0 after 1 usecs
[   12.086455] calling  nfnetlink_init+0x0/0x57 @ 1
[   12.093705] initcall nfnetlink_init+0x0/0x57 returned 0 after 112 usecs
[   12.103482] calling  nfnetlink_log_init+0x0/0x99 @ 1
[   12.110751] initcall nfnetlink_log_init+0x0/0x99 returned 0 after 52 usecs
[   12.120580] calling  nf_conntrack_standalone_init+0x0/0x87 @ 1
[   12.129422] initcall nf_conntrack_standalone_init+0x0/0x87 returned 0 after 673 usecs
[   12.138144] srcu-torture: rcu_torture_read_exit: End of episode
[   12.140337] calling  ctnetlink_init+0x0/0x83 @ 1
[   12.164478] initcall ctnetlink_init+0x0/0x83 returned 0 after 22 usecs
[   12.178710] calling  nf_conntrack_ftp_init+0x0/0x12c @ 1
[   12.186139] initcall nf_conntrack_ftp_init+0x0/0x12c returned 0 after 9 usecs
[   12.197664] calling  nf_conntrack_irc_init+0x0/0x129 @ 1
[   12.206304] initcall nf_conntrack_irc_init+0x0/0x129 returned 0 after 60 usecs
[   12.217498] calling  nf_conntrack_sip_init+0x0/0x172 @ 1
[   12.230067] initcall nf_conntrack_sip_init+0x0/0x172 returned 0 after 10 usecs
[   12.244383] calling  nf_nat_init+0x0/0xd2 @ 1
[   12.251207] initcall nf_nat_init+0x0/0xd2 returned 0 after 227 usecs
[   12.261962] calling  nf_nat_ftp_init+0x0/0x2a @ 1
[   12.269079] initcall nf_nat_ftp_init+0x0/0x2a returned 0 after 1 usecs
[   12.281604] calling  nf_nat_irc_init+0x0/0x2a @ 1
[   12.292904] initcall nf_nat_irc_init+0x0/0x2a returned 0 after 1 usecs
[   12.302806] calling  nf_nat_sip_init+0x0/0x36 @ 1
[   12.309936] initcall nf_nat_sip_init+0x0/0x36 returned 0 after 1 usecs
[   12.319528] calling  xt_init+0x0/0xf8 @ 1
[   12.337481] initcall xt_init+0x0/0xf8 returned 0 after 3 usecs
[   12.345898] calling  tcpudp_mt_init+0x0/0x11 @ 1
[   12.364877] initcall tcpudp_mt_init+0x0/0x11 returned 0 after 28 usecs
[   12.374393] calling  connsecmark_tg_init+0x0/0xc @ 1
[   12.399320] initcall connsecmark_tg_init+0x0/0xc returned 0 after 1 usecs
[   12.408932] calling  nflog_tg_init+0x0/0xc @ 1
[   12.415217] initcall nflog_tg_init+0x0/0xc returned 0 after 0 usecs
[   12.423995] calling  secmark_tg_init+0x0/0x11 @ 1
[   12.431571] initcall secmark_tg_init+0x0/0x11 returned 0 after 1 usecs
[   12.440845] calling  tcpmss_tg_init+0x0/0x11 @ 1
[   12.451823] initcall tcpmss_tg_init+0x0/0x11 returned 0 after 0 usecs
[   12.460964] calling  conntrack_mt_init+0x0/0x11 @ 1
[   12.469505] initcall conntrack_mt_init+0x0/0x11 returned 0 after 0 usecs
[   12.479059] calling  policy_mt_init+0x0/0x11 @ 1
[   12.485405] initcall policy_mt_init+0x0/0x11 returned 0 after 0 usecs
[   12.494576] calling  state_mt_init+0x0/0xc @ 1
[   12.501008] initcall state_mt_init+0x0/0xc returned 0 after 1 usecs
[   12.510057] calling  gre_offload_init+0x0/0x48 @ 1
[   12.516839] initcall gre_offload_init+0x0/0x48 returned 0 after 187 usecs
[   12.526396] calling  sysctl_ipv4_init+0x0/0x46 @ 1
[   12.533745] initcall sysctl_ipv4_init+0x0/0x46 returned 0 after 271 usecs
[   12.548525] calling  tunnel4_init+0x0/0x58 @ 1
