c[?7l[2J[0mSeaBIOS (version 1.16.0-debian-1.16.0-4)
Booting from ROM...
early console in setup code
c[?7l[2J[    0.000000] Linux version 5.10.158+ (root@joelboxx.c.googlers.com) (gcc (Debian 12.2.0-3) 12.2.0, GNU ld (GNU Binutils for Debian) 2.39) #10 SMP PREEMPT Tue Dec 13 02:39:59 UTC 2022
[    0.000000] Command line: selinux=0 initcall_debug debug console=ttyS0 rcutorture.torture_type=tasks-tracing rcutorture.onoff_interval=1000 rcutorture.onoff_holdoff=30 rcutorture.n_barrier_cbs=4 rcutorture.stat_interval=15 rcutorture.shutdown_secs=1800 rcutorture.test_no_idle_hz=1 rcutorture.verbose=1
[    0.000000] x86/fpu: x87 FPU will use FXSAVE
[    0.000000] BIOS-provided physical RAM map:
[    0.000000] BIOS-e820: [mem 0x0000000000000000-0x000000000009fbff] usable
[    0.000000] BIOS-e820: [mem 0x000000000009fc00-0x000000000009ffff] reserved
[    0.000000] BIOS-e820: [mem 0x00000000000f0000-0x00000000000fffff] reserved
[    0.000000] BIOS-e820: [mem 0x0000000000100000-0x000000001ffdefff] usable
[    0.000000] BIOS-e820: [mem 0x000000001ffdf000-0x000000001fffffff] reserved
[    0.000000] BIOS-e820: [mem 0x00000000b0000000-0x00000000bfffffff] reserved
[    0.000000] BIOS-e820: [mem 0x00000000fed1c000-0x00000000fed1ffff] reserved
[    0.000000] BIOS-e820: [mem 0x00000000feffc000-0x00000000feffffff] reserved
[    0.000000] BIOS-e820: [mem 0x00000000fffc0000-0x00000000ffffffff] reserved
[    0.000000] NX (Execute Disable) protection: active
[    0.000000] SMBIOS 2.8 present.
[    0.000000] DMI: QEMU Standard PC (Q35 + ICH9, 2009), BIOS 1.16.0-debian-1.16.0-4 04/01/2014
[    0.000000] Hypervisor detected: KVM
[    0.000000] kvm-clock: Using msrs 4b564d01 and 4b564d00
[    0.000000] kvm-clock: cpu 0, msr 1dab5001, primary cpu clock
[    0.000001] kvm-clock: using sched offset of 3432751596 cycles
[    0.000146] clocksource: kvm-clock: mask: 0xffffffffffffffff max_cycles: 0x1cd42e4dffb, max_idle_ns: 881590591483 ns
[    0.000223] tsc: Detected 1999.999 MHz processor
[    0.003645] e820: update [mem 0x00000000-0x00000fff] usable ==> reserved
[    0.003649] e820: remove [mem 0x000a0000-0x000fffff] usable
[    0.003656] last_pfn = 0x1ffdf max_arch_pfn = 0x400000000
[    0.004515] MTRR default type: write-back
[    0.004536] MTRR fixed ranges enabled:
[    0.004537]   00000-9FFFF write-back
[    0.004538]   A0000-BFFFF uncachable
[    0.004540]   C0000-FFFFF write-protect
[    0.004541] MTRR variable ranges enabled:
[    0.004542]   0 base 00C0000000 mask FFC0000000 uncachable
[    0.004544]   1 disabled
[    0.004545]   2 disabled
[    0.004545]   3 disabled
[    0.004546]   4 disabled
[    0.004547]   5 disabled
[    0.004548]   6 disabled
[    0.004548]   7 disabled
[    0.004874] x86/PAT: Configuration [0-7]: WB  WC  UC- UC  WB  WC  UC- UC  
[    0.013795] found SMP MP-table at [mem 0x000f5ba0-0x000f5baf]
[    0.014451] check: Scanning 1 areas for low memory corruption
[    0.017984] ACPI: Early table checksum verification disabled
[    0.018710] ACPI: RSDP 0x00000000000F59E0 000014 (v00 BOCHS )
[    0.018825] ACPI: RSDT 0x000000001FFE23B1 000038 (v01 BOCHS  BXPC     00000001 BXPC 00000001)
[    0.018970] ACPI: FACP 0x000000001FFE2191 0000F4 (v03 BOCHS  BXPC     00000001 BXPC 00000001)
[    0.019010] ACPI: DSDT 0x000000001FFE0040 002151 (v01 BOCHS  BXPC     00000001 BXPC 00000001)
[    0.019014] ACPI: FACS 0x000000001FFE0000 000040
[    0.019018] ACPI: APIC 0x000000001FFE2285 000090 (v01 BOCHS  BXPC     00000001 BXPC 00000001)
[    0.019022] ACPI: HPET 0x000000001FFE2315 000038 (v01 BOCHS  BXPC     00000001 BXPC 00000001)
[    0.019027] ACPI: MCFG 0x000000001FFE234D 00003C (v01 BOCHS  BXPC     00000001 BXPC 00000001)
[    0.019031] ACPI: WAET 0x000000001FFE2389 000028 (v01 BOCHS  BXPC     00000001 BXPC 00000001)
[    0.019035] ACPI: Reserving FACP table memory at [mem 0x1ffe2191-0x1ffe2284]
[    0.019037] ACPI: Reserving DSDT table memory at [mem 0x1ffe0040-0x1ffe2190]
[    0.019038] ACPI: Reserving FACS table memory at [mem 0x1ffe0000-0x1ffe003f]
[    0.019039] ACPI: Reserving APIC table memory at [mem 0x1ffe2285-0x1ffe2314]
[    0.019040] ACPI: Reserving HPET table memory at [mem 0x1ffe2315-0x1ffe234c]
[    0.019041] ACPI: Reserving MCFG table memory at [mem 0x1ffe234d-0x1ffe2388]
[    0.019042] ACPI: Reserving WAET table memory at [mem 0x1ffe2389-0x1ffe23b0]
[    0.019432] ACPI: Local APIC address 0xfee00000
[    0.022403] No NUMA configuration found
[    0.022405] Faking a node at [mem 0x0000000000000000-0x000000001ffdefff]
[    0.022499] NODE_DATA(0) allocated [mem 0x1ffdb000-0x1ffdefff]
[    0.023023] Zone ranges:
[    0.023069]   DMA      [mem 0x0000000000001000-0x0000000000ffffff]
[    0.023077]   DMA32    [mem 0x0000000001000000-0x000000001ffdefff]
[    0.023078]   Normal   empty
[    0.023080] Movable zone start for each node
[    0.023096] Early memory node ranges
[    0.023098]   node   0: [mem 0x0000000000001000-0x000000000009efff]
[    0.023156]   node   0: [mem 0x0000000000100000-0x000000001ffdefff]
[    0.023167] Initmem setup node 0 [mem 0x0000000000001000-0x000000001ffdefff]
[    0.023168] On node 0 totalpages: 130941
[    0.023235]   DMA zone: 64 pages used for memmap
[    0.023237]   DMA zone: 21 pages reserved
[    0.023271]   DMA zone: 3998 pages, LIFO batch:0
[    0.023273]   DMA32 zone: 1984 pages used for memmap
[    0.023275]   DMA32 zone: 126943 pages, LIFO batch:31
[    0.032825] On node 0, zone DMA: 1 pages in unavailable ranges
[    0.033350] On node 0, zone DMA: 97 pages in unavailable ranges
[    0.081311] On node 0, zone DMA32: 33 pages in unavailable ranges
[    0.084866] ACPI: PM-Timer IO Port: 0x608
[    0.084871] ACPI: Local APIC address 0xfee00000
[    0.085028] ACPI: LAPIC_NMI (acpi_id[0xff] dfl dfl lint[0x1])
[    0.085617] IOAPIC[0]: apic_id 0, version 17, address 0xfec00000, GSI 0-23
[    0.085622] ACPI: INT_SRC_OVR (bus 0 bus_irq 0 global_irq 2 dfl dfl)
[    0.085666] ACPI: INT_SRC_OVR (bus 0 bus_irq 5 global_irq 5 high level)
[    0.085667] ACPI: INT_SRC_OVR (bus 0 bus_irq 9 global_irq 9 high level)
[    0.085754] ACPI: INT_SRC_OVR (bus 0 bus_irq 10 global_irq 10 high level)
[    0.085756] ACPI: INT_SRC_OVR (bus 0 bus_irq 11 global_irq 11 high level)
[    0.085758] ACPI: IRQ0 used by override.
[    0.085760] ACPI: IRQ5 used by override.
[    0.085761] ACPI: IRQ9 used by override.
[    0.085762] ACPI: IRQ10 used by override.
[    0.085763] ACPI: IRQ11 used by override.
[    0.085790] Using ACPI (MADT) for SMP configuration information
[    0.085793] ACPI: HPET id: 0x8086a201 base: 0xfed00000
[    0.085955] smpboot: Allowing 4 CPUs, 0 hotplug CPUs
[    0.086870] PM: hibernation: Registered nosave memory: [mem 0x00000000-0x00000fff]
[    0.086873] PM: hibernation: Registered nosave memory: [mem 0x0009f000-0x0009ffff]
[    0.086874] PM: hibernation: Registered nosave memory: [mem 0x000a0000-0x000effff]
[    0.086875] PM: hibernation: Registered nosave memory: [mem 0x000f0000-0x000fffff]
[    0.086878] [mem 0x20000000-0xafffffff] available for PCI devices
[    0.086922] Booting paravirtualized kernel on KVM
[    0.087320] clocksource: refined-jiffies: mask: 0xffffffff max_cycles: 0xffffffff, max_idle_ns: 1910969940391419 ns
[    0.099293] setup_percpu: NR_CPUS:4 nr_cpumask_bits:4 nr_cpu_ids:4 nr_node_ids:1
[    0.106715] percpu: Embedded 56 pages/cpu s191128 r8192 d30056 u524288
[    0.106736] pcpu-alloc: s191128 r8192 d30056 u524288 alloc=1*2097152
[    0.106745] pcpu-alloc: [0] 0 1 2 3 
[    0.107075] kvm-guest: stealtime: cpu 0, msr 1f41b600
[    0.107178] Built 1 zonelists, mobility grouping on.  Total pages: 128872
[    0.107180] Policy zone: DMA32
[    0.107207] Kernel command line: selinux=0 initcall_debug debug console=ttyS0 rcutorture.torture_type=tasks-tracing rcutorture.onoff_interval=1000 rcutorture.onoff_holdoff=30 rcutorture.n_barrier_cbs=4 rcutorture.stat_interval=15 rcutorture.shutdown_secs=1800 rcutorture.test_no_idle_hz=1 rcutorture.verbose=1
[    0.110267] Dentry cache hash table entries: 65536 (order: 7, 524288 bytes, linear)
[    0.110928] Inode-cache hash table entries: 32768 (order: 6, 262144 bytes, linear)
[    0.111601] mem auto-init: stack:all(zero), heap alloc:off, heap free:off
[    0.125216] Memory: 478632K/523764K available (16397K kernel code, 2542K rwdata, 4676K rodata, 1488K init, 1428K bss, 44872K reserved, 0K cma-reserved)
[    0.125668] SLUB: HWalign=64, Order=0-3, MinObjects=0, CPUs=4, Nodes=1
[    0.125933] Kernel/User page tables isolation: enabled
[    0.131003] rcu: Preemptible hierarchical RCU implementation.
[    0.131005] rcu: 	RCU event tracing is enabled.
[    0.131027] 	Trampoline variant of Tasks RCU enabled.
[    0.131028] 	Rude variant of Tasks RCU enabled.
[    0.131029] 	Tracing variant of Tasks RCU enabled.
[    0.131145] rcu: RCU calculated value of scheduler-enlistment delay is 100 jiffies.
[    0.137264] NR_IRQS: 4352, nr_irqs: 456, preallocated irqs: 16
[    0.139042] calling  con_init+0x0/0x22a @ 0
[    0.219390] Console: colour VGA+ 80x25
[    0.219401] initcall con_init+0x0/0x22a returned 0 after 0 usecs
[    0.219403] calling  hvc_console_init+0x0/0x13 @ 0
[    0.219417] initcall hvc_console_init+0x0/0x13 returned 0 after 0 usecs
[    0.219430] calling  univ8250_console_init+0x0/0x26 @ 0
[    1.154290] printk: console [ttyS0] enabled
[    1.158966] initcall univ8250_console_init+0x0/0x26 returned 0 after 0 usecs
[    1.166774] ACPI: Core revision 20200925
[    1.175752] clocksource: hpet: mask: 0xffffffff max_cycles: 0xffffffff, max_idle_ns: 19112604467 ns
[    1.187545] APIC: Switch to symmetric I/O mode setup
[    1.208382] ..TIMER: vector=0x30 apic1=0 pin1=2 apic2=-1 pin2=-1
[    1.215520] clocksource: tsc-early: mask: 0xffffffffffffffff max_cycles: 0x39a85afc727, max_idle_ns: 881590685098 ns
[    1.227224] Calibrating delay loop (skipped) preset value.. 3999.99 BogoMIPS (lpj=1999999)
[    1.228226] pid_max: default: 32768 minimum: 301
[    1.229354] LSM: Security Framework initializing
[    1.230474] Mount-cache hash table entries: 1024 (order: 1, 8192 bytes, linear)
[    1.231305] Mountpoint-cache hash table entries: 1024 (order: 1, 8192 bytes, linear)
[    1.240287] Last level iTLB entries: 4KB 0, 2MB 0, 4MB 0
[    1.241241] Last level dTLB entries: 4KB 0, 2MB 0, 4MB 0, 1GB 0
[    1.242301] Spectre V1 : Mitigation: usercopy/swapgs barriers and __user pointer sanitization
[    1.244225] Spectre V2 : Mitigation: Retpolines
[    1.245223] Spectre V2 : Spectre v2 / SpectreRSB mitigation: Filling RSB on context switch
[    1.246223] Spectre V2 : Spectre v2 / SpectreRSB : Filling RSB on VMEXIT
[    1.247223] Speculative Store Bypass: Vulnerable
[    1.248228] MDS: Vulnerable: Clear CPU buffers attempted, no microcode
[    1.249223] MMIO Stale Data: Unknown: No mitigations
[    1.366641] Freeing SMP alternatives memory: 40K
[    1.471219] smpboot: CPU0: Intel Common KVM processor (family: 0xf, model: 0x6, stepping: 0x1)
[    1.473188] calling  init_hw_perf_events+0x0/0x6ce @ 1
[    1.474223] Performance Events: unsupported Netburst CPU model 6 no PMU driver, software events only.
[    1.475230] initcall init_hw_perf_events+0x0/0x6ce returned 0 after 976 usecs
[    1.476234] calling  init_real_mode+0x0/0x1e9 @ 1
[    1.478314] initcall init_real_mode+0x0/0x1e9 returned 0 after 976 usecs
[    1.479228] calling  trace_init_perf_perm_irq_work_exit+0x0/0x12 @ 1
[    1.480226] initcall trace_init_perf_perm_irq_work_exit+0x0/0x12 returned 0 after 0 usecs
[    1.481243] calling  validate_x2apic+0x0/0x4a @ 1
[    1.482251] initcall validate_x2apic+0x0/0x4a returned 0 after 0 usecs
[    1.483227] calling  register_nmi_cpu_backtrace_handler+0x0/0x15 @ 1
[    1.484227] initcall register_nmi_cpu_backtrace_handler+0x0/0x15 returned 0 after 0 usecs
[    1.485227] calling  kvm_setup_vsyscall_timeinfo+0x0/0xd1 @ 1
[    1.486228] initcall kvm_setup_vsyscall_timeinfo+0x0/0xd1 returned 0 after 0 usecs
[    1.487226] calling  spawn_ksoftirqd+0x0/0x38 @ 1
[    1.488324] initcall spawn_ksoftirqd+0x0/0x38 returned 0 after 0 usecs
[    1.489244] calling  migration_init+0x0/0x31 @ 1
[    1.490225] initcall migration_init+0x0/0x31 returned 0 after 0 usecs
[    1.491228] calling  srcu_bootup_announce+0x0/0x2f @ 1
[    1.492229] rcu: Hierarchical SRCU implementation.
[    1.493226] initcall srcu_bootup_announce+0x0/0x2f returned 0 after 976 usecs
[    1.494227] calling  rcu_spawn_gp_kthread+0x0/0x1b0 @ 1
[    1.496268] initcall rcu_spawn_gp_kthread+0x0/0x1b0 returned 0 after 976 usecs
[    1.497227] calling  check_cpu_stall_init+0x0/0x1a @ 1
[    1.498227] initcall check_cpu_stall_init+0x0/0x1a returned 0 after 0 usecs
[    1.499245] calling  rcu_sysrq_init+0x0/0x21 @ 1
[    1.500296] initcall rcu_sysrq_init+0x0/0x21 returned 0 after 0 usecs
[    1.501234] calling  trace_init_flags_sys_enter+0x0/0xe @ 1
[    1.502228] initcall trace_init_flags_sys_enter+0x0/0xe returned 0 after 0 usecs
[    1.503226] calling  trace_init_flags_sys_exit+0x0/0xe @ 1
[    1.504227] initcall trace_init_flags_sys_exit+0x0/0xe returned 0 after 0 usecs
[    1.505228] calling  cpu_stop_init+0x0/0x6e @ 1
[    1.506340] initcall cpu_stop_init+0x0/0x6e returned 0 after 0 usecs
[    1.507229] calling  init_kprobes+0x0/0x165 @ 1
[    1.509391] initcall init_kprobes+0x0/0x165 returned 0 after 976 usecs
[    1.510227] calling  init_events+0x0/0x3d @ 1
[    1.511252] initcall init_events+0x0/0x3d returned 0 after 0 usecs
[    1.512226] calling  init_trace_printk+0x0/0xc @ 1
[    1.513226] initcall init_trace_printk+0x0/0xc returned 0 after 0 usecs
[    1.514242] calling  event_trace_enable_again+0x0/0x23 @ 1
[    1.515227] initcall event_trace_enable_again+0x0/0x23 returned 0 after 0 usecs
[    1.516230] calling  static_call_init+0x0/0x77 @ 1
[    1.517225] initcall static_call_init+0x0/0x77 returned 0 after 0 usecs
[    1.518225] calling  jump_label_init_module+0x0/0xc @ 1
[    1.519234] initcall jump_label_init_module+0x0/0xc returned 0 after 0 usecs
[    1.520226] calling  init_zero_pfn+0x0/0x37 @ 1
[    1.521225] initcall init_zero_pfn+0x0/0x37 returned 0 after 0 usecs
[    1.522227] calling  initialize_ptr_random+0x0/0x54 @ 1
[    1.523227] initcall initialize_ptr_random+0x0/0x54 returned 0 after 0 usecs
[    1.524227] calling  efi_memreserve_root_init+0x0/0x25 @ 1
[    1.525243] initcall efi_memreserve_root_init+0x0/0x25 returned 0 after 0 usecs
[    1.526228] calling  efi_earlycon_remap_fb+0x0/0x51 @ 1
[    1.527228] initcall efi_earlycon_remap_fb+0x0/0x51 returned 0 after 0 usecs
[    1.528604] smp: Bringing up secondary CPUs ...
[    1.530900] x86: Booting SMP configuration:
[    1.531224] .... node  #0, CPUs:      #1
[    1.086994] kvm-clock: cpu 1, msr 1dab5041, secondary cpu clock
[    1.560386] kvm-guest: stealtime: cpu 1, msr 1f49b600
[    1.575231]  #2
[    1.086994] kvm-clock: cpu 2, msr 1dab5081, secondary cpu clock
[    1.599427] kvm-guest: stealtime: cpu 2, msr 1f51b600
[    1.614906]  #3
[    1.086994] kvm-clock: cpu 3, msr 1dab50c1, secondary cpu clock
[    1.639463] kvm-guest: stealtime: cpu 3, msr 1f59b600
[    1.653763] smp: Brought up 1 node, 4 CPUs
[    1.654228] smpboot: Max logical packages: 1
[    1.655226] smpboot: Total of 4 processors activated (15999.99 BogoMIPS)
[    1.661223] devtmpfs: initialized
[    1.662694] calling  ipc_ns_init+0x0/0x3d @ 1
[    1.663293] initcall ipc_ns_init+0x0/0x3d returned 0 after 0 usecs
[    1.664228] calling  init_mmap_min_addr+0x0/0x21 @ 1
[    1.665248] initcall init_mmap_min_addr+0x0/0x21 returned 0 after 0 usecs
[    1.666229] calling  pci_realloc_setup_params+0x0/0x3f @ 1
[    1.667236] initcall pci_realloc_setup_params+0x0/0x3f returned 0 after 0 usecs
[    1.668250] calling  net_ns_init+0x0/0x140 @ 1
[    1.670714] initcall net_ns_init+0x0/0x140 returned 0 after 976 usecs
[    1.671297] calling  e820__register_nvs_regions+0x0/0x37 @ 1
[    1.672231] initcall e820__register_nvs_regions+0x0/0x37 returned 0 after 0 usecs
[    1.673230] calling  cpufreq_register_tsc_scaling+0x0/0x2e @ 1
[    1.674228] initcall cpufreq_register_tsc_scaling+0x0/0x2e returned 0 after 0 usecs
[    1.675228] calling  reboot_init+0x0/0x3c @ 1
[    1.676281] initcall reboot_init+0x0/0x3c returned 0 after 0 usecs
[    1.677229] calling  init_lapic_sysfs+0x0/0x20 @ 1
[    1.678230] initcall init_lapic_sysfs+0x0/0x20 returned 0 after 0 usecs
[    1.679228] calling  alloc_frozen_cpus+0x0/0x7 @ 1
[    1.680227] initcall alloc_frozen_cpus+0x0/0x7 returned 0 after 0 usecs
[    1.681226] calling  cpu_hotplug_pm_sync_init+0x0/0x13 @ 1
[    1.682225] initcall cpu_hotplug_pm_sync_init+0x0/0x13 returned 0 after 0 usecs
[    1.683225] calling  wq_sysfs_init+0x0/0x2a @ 1
[    1.684303] initcall wq_sysfs_init+0x0/0x2a returned 0 after 0 usecs
[    1.685232] calling  ksysfs_init+0x0/0x92 @ 1
[    1.686237] initcall ksysfs_init+0x0/0x92 returned 0 after 0 usecs
[    1.687227] calling  schedutil_gov_init+0x0/0xc @ 1
[    1.688287] initcall schedutil_gov_init+0x0/0xc returned 0 after 0 usecs
[    1.689228] calling  pm_init+0x0/0x76 @ 1
[    1.690392] initcall pm_init+0x0/0x76 returned 0 after 0 usecs
[    1.691227] calling  pm_disk_init+0x0/0x13 @ 1
[    1.692251] initcall pm_disk_init+0x0/0x13 returned 0 after 0 usecs
[    1.693228] calling  swsusp_header_init+0x0/0x2b @ 1
[    1.694234] initcall swsusp_header_init+0x0/0x2b returned 0 after 0 usecs
[    1.695228] calling  rcu_set_runtime_mode+0x0/0x16 @ 1
[    1.696230] initcall rcu_set_runtime_mode+0x0/0x16 returned 0 after 0 usecs
[    1.697228] calling  init_jiffies_clocksource+0x0/0x13 @ 1
[    1.698227] clocksource: jiffies: mask: 0xffffffff max_cycles: 0xffffffff, max_idle_ns: 1911260446275000 ns
[    1.699231] initcall init_jiffies_clocksource+0x0/0x13 returned 0 after 976 usecs
[    1.700229] calling  futex_init+0x0/0xfa @ 1
[    1.701234] futex hash table entries: 1024 (order: 4, 65536 bytes, linear)
[    1.702444] initcall futex_init+0x0/0xfa returned 0 after 976 usecs
[    1.703228] calling  cgroup_wq_init+0x0/0x28 @ 1
[    1.704251] initcall cgroup_wq_init+0x0/0x28 returned 0 after 0 usecs
[    1.705227] calling  cgroup1_wq_init+0x0/0x28 @ 1
[    1.707236] initcall cgroup1_wq_init+0x0/0x28 returned 0 after 0 usecs
[    1.708228] calling  init_kprobe_trace_early+0x0/0x2a @ 1
[    1.709228] initcall init_kprobe_trace_early+0x0/0x2a returned 0 after 0 usecs
[    1.710228] calling  fsnotify_init+0x0/0x48 @ 1
[    1.711245] initcall fsnotify_init+0x0/0x48 returned 0 after 0 usecs
[    1.712228] calling  filelock_init+0x0/0x96 @ 1
[    1.713239] initcall filelock_init+0x0/0x96 returned 0 after 0 usecs
[    1.714244] calling  init_misc_binfmt+0x0/0x2c @ 1
[    1.715230] initcall init_misc_binfmt+0x0/0x2c returned 0 after 0 usecs
[    1.716229] calling  init_script_binfmt+0x0/0x15 @ 1
[    1.717227] initcall init_script_binfmt+0x0/0x15 returned 0 after 0 usecs
[    1.718228] calling  init_elf_binfmt+0x0/0x15 @ 1
[    1.719228] initcall init_elf_binfmt+0x0/0x15 returned 0 after 0 usecs
[    1.720230] calling  init_compat_elf_binfmt+0x0/0x15 @ 1
[    1.721234] initcall init_compat_elf_binfmt+0x0/0x15 returned 0 after 0 usecs
[    1.723226] calling  debugfs_init+0x0/0x5c @ 1
[    1.724248] initcall debugfs_init+0x0/0x5c returned 0 after 0 usecs
[    1.725226] calling  tracefs_init+0x0/0x3a @ 1
[    1.726231] initcall tracefs_init+0x0/0x3a returned 0 after 0 usecs
[    1.727228] calling  prandom_init_early+0x0/0x15d @ 1
[    1.728230] initcall prandom_init_early+0x0/0x15d returned 0 after 0 usecs
[    1.729328] calling  virtio_init+0x0/0x20 @ 1
[    1.730247] initcall virtio_init+0x0/0x20 returned 0 after 0 usecs
[    1.731228] calling  iommu_init+0x0/0x2a @ 1
[    1.732235] initcall iommu_init+0x0/0x2a returned 0 after 0 usecs
[    1.733227] calling  component_debug_init+0x0/0x1c @ 1
[    1.735262] initcall component_debug_init+0x0/0x1c returned 0 after 976 usecs
[    1.736227] calling  early_resume_init+0x0/0xb9 @ 1
[    1.738755] PM: RTC time: 02:52:22, date: 2022-12-13
[    1.739228] initcall early_resume_init+0x0/0xb9 returned 0 after 1953 usecs
[    1.740226] calling  cpufreq_core_init+0x0/0x62 @ 1
[    1.741247] initcall cpufreq_core_init+0x0/0x62 returned 0 after 0 usecs
[    1.742228] calling  cpufreq_gov_performance_init+0x0/0xc @ 1
[    1.743230] initcall cpufreq_gov_performance_init+0x0/0xc returned 0 after 0 usecs
[    1.744229] calling  cpufreq_gov_userspace_init+0x0/0xc @ 1
[    1.745229] initcall cpufreq_gov_userspace_init+0x0/0xc returned 0 after 0 usecs
[    1.746230] calling  CPU_FREQ_GOV_ONDEMAND_init+0x0/0xc @ 1
[    1.747245] initcall CPU_FREQ_GOV_ONDEMAND_init+0x0/0xc returned 0 after 0 usecs
[    1.749228] calling  cpuidle_init+0x0/0x1f @ 1
[    1.750262] initcall cpuidle_init+0x0/0x1f returned 0 after 0 usecs
[    1.751227] calling  capsule_reboot_register+0x0/0xc @ 1
[    1.752228] initcall capsule_reboot_register+0x0/0xc returned 0 after 0 usecs
[    1.753230] calling  sock_init+0x0/0x93 @ 1
[    1.755226] initcall sock_init+0x0/0x93 returned 0 after 976 usecs
[    1.756227] calling  net_inuse_init+0x0/0x23 @ 1
[    1.757263] initcall net_inuse_init+0x0/0x23 returned 0 after 0 usecs
[    1.758226] calling  net_defaults_init+0x0/0x23 @ 1
[    1.759226] initcall net_defaults_init+0x0/0x23 returned 0 after 0 usecs
[    1.760226] calling  init_default_flow_dissectors+0x0/0x4f @ 1
[    1.761226] initcall init_default_flow_dissectors+0x0/0x4f returned 0 after 0 usecs
[    1.762226] calling  netpoll_init+0x0/0x26 @ 1
[    1.763238] initcall netpoll_init+0x0/0x26 returned 0 after 0 usecs
[    1.764225] calling  netlink_proto_init+0x0/0x14f @ 1
[    1.765497] NET: Registered protocol family 16
[    1.767235] initcall netlink_proto_init+0x0/0x14f returned 0 after 1953 usecs
[    1.768261] calling  genl_init+0x0/0x35 @ 1
[    1.769240] initcall genl_init+0x0/0x35 returned 0 after 0 usecs
[    1.770227] calling  bsp_pm_check_init+0x0/0x13 @ 1
[    1.771228] initcall bsp_pm_check_init+0x0/0x13 returned 0 after 0 usecs
[    1.772244] calling  irq_sysfs_init+0x0/0xb7 @ 1
[    1.773334] initcall irq_sysfs_init+0x0/0xb7 returned 0 after 0 usecs
[    1.774253] calling  audit_init+0x0/0x160 @ 1
[    1.776229] audit: initializing netlink subsys (disabled)
[    1.778752] initcall audit_init+0x0/0x160 returned 0 after 1953 usecs
[    1.778613] audit: type=2000 audit(1670899940.329:1): state=initialized audit_enabled=0 res=1
[    1.779243] calling  release_early_probes+0x0/0x32 @ 1
[    1.781228] initcall release_early_probes+0x0/0x32 returned 0 after 0 usecs
[    1.782226] calling  bdi_class_init+0x0/0x48 @ 1
[    1.783250] initcall bdi_class_init+0x0/0x48 returned 0 after 0 usecs
[    1.784226] calling  mm_sysfs_init+0x0/0x28 @ 1
[    1.785231] initcall mm_sysfs_init+0x0/0x28 returned 0 after 0 usecs
[    1.786227] calling  init_per_zone_wmark_min+0x0/0x6d @ 1
[    1.787230] initcall init_per_zone_wmark_min+0x0/0x6d returned 0 after 0 usecs
[    1.788226] calling  mpi_init+0x0/0x3e @ 1
[    1.789261] initcall mpi_init+0x0/0x3e returned 0 after 0 usecs
[    1.790226] calling  kobject_uevent_init+0x0/0xc @ 1
[    1.791234] initcall kobject_uevent_init+0x0/0xc returned 0 after 0 usecs
[    1.792226] calling  pcibus_class_init+0x0/0x13 @ 1
[    1.793258] initcall pcibus_class_init+0x0/0x13 returned 0 after 0 usecs
[    1.794225] calling  pci_driver_init+0x0/0x21 @ 1
[    1.795265] initcall pci_driver_init+0x0/0x21 returned 0 after 0 usecs
[    1.796226] calling  backlight_class_init+0x0/0xa8 @ 1
[    1.797241] initcall backlight_class_init+0x0/0xa8 returned 0 after 0 usecs
[    1.798225] calling  tty_class_init+0x0/0x33 @ 1
[    1.799244] initcall tty_class_init+0x0/0x33 returned 0 after 0 usecs
[    1.800225] calling  vtconsole_class_init+0x0/0xb5 @ 1
[    1.801286] initcall vtconsole_class_init+0x0/0xb5 returned 0 after 0 usecs
[    1.802228] calling  iommu_dev_init+0x0/0x13 @ 1
[    1.803277] initcall iommu_dev_init+0x0/0x13 returned 0 after 0 usecs
[    1.805225] calling  mipi_dsi_bus_init+0x0/0xc @ 1
[    1.806277] initcall mipi_dsi_bus_init+0x0/0xc returned 0 after 0 usecs
[    1.807227] calling  devlink_class_init+0x0/0x40 @ 1
[    1.808233] initcall devlink_class_init+0x0/0x40 returned 0 after 0 usecs
[    1.809226] calling  software_node_init+0x0/0x2a @ 1
[    1.810230] initcall software_node_init+0x0/0x2a returned 0 after 0 usecs
[    1.811228] calling  wakeup_sources_debugfs_init+0x0/0x23 @ 1
[    1.812238] initcall wakeup_sources_debugfs_init+0x0/0x23 returned 0 after 0 usecs
[    1.813226] calling  wakeup_sources_sysfs_init+0x0/0x2c @ 1
[    1.814237] initcall wakeup_sources_sysfs_init+0x0/0x2c returned 0 after 0 usecs
[    1.815224] calling  register_node_type+0x0/0x13 @ 1
[    1.816272] initcall register_node_type+0x0/0x13 returned 0 after 0 usecs
[    1.817230] calling  regmap_initcall+0x0/0xc @ 1
[    1.818243] initcall regmap_initcall+0x0/0xc returned 0 after 0 usecs
[    1.819229] calling  i2c_init+0x0/0xb3 @ 1
[    1.820291] initcall i2c_init+0x0/0xb3 returned 0 after 0 usecs
[    1.821227] calling  thermal_init+0x0/0xf2 @ 1
[    1.822247] thermal_sys: Registered thermal governor 'step_wise'
[    1.822248] thermal_sys: Registered thermal governor 'user_space'
[    1.823312] initcall thermal_init+0x0/0xf2 returned 0 after 976 usecs
[    1.825227] calling  init_menu+0x0/0xc @ 1
[    1.827236] cpuidle: using governor menu
[    1.832233] initcall init_menu+0x0/0xc returned 0 after 5859 usecs
[    1.840230] calling  pcc_init+0x0/0x4d @ 1
[    1.845231] initcall pcc_init+0x0/0x4d returned -19 after 0 usecs
[    1.853237] calling  amd_postcore_init+0x0/0x11e @ 1
[    1.859228] initcall amd_postcore_init+0x0/0x11e returned 0 after 0 usecs
[    1.867247] calling  bts_init+0x0/0xba @ 1
[    1.872227] initcall bts_init+0x0/0xba returned -19 after 0 usecs
[    1.879226] calling  pt_init+0x0/0x341 @ 1
[    1.884227] initcall pt_init+0x0/0x341 returned -19 after 0 usecs
[    1.892228] calling  boot_params_ksysfs_init+0x0/0x2ee @ 1
[    1.899256] initcall boot_params_ksysfs_init+0x0/0x2ee returned 0 after 0 usecs
[    1.905227] calling  sbf_init+0x0/0xea @ 1
[    1.910227] initcall sbf_init+0x0/0xea returned 0 after 0 usecs
[    1.918229] calling  arch_kdebugfs_init+0x0/0x219 @ 1
[    1.925268] initcall arch_kdebugfs_init+0x0/0x219 returned 0 after 0 usecs
[    1.936230] calling  intel_pconfig_init+0x0/0x85 @ 1
[    1.943230] initcall intel_pconfig_init+0x0/0x85 returned 0 after 0 usecs
[    1.951232] calling  mtrr_if_init+0x0/0x5d @ 1
[    1.957268] initcall mtrr_if_init+0x0/0x5d returned 0 after 0 usecs
[    1.964227] calling  activate_jump_labels+0x0/0x31 @ 1
[    1.970227] initcall activate_jump_labels+0x0/0x31 returned 0 after 0 usecs
[    1.978225] calling  ffh_cstate_init+0x0/0x29 @ 1
[    1.984246] initcall ffh_cstate_init+0x0/0x29 returned 0 after 0 usecs
[    1.991228] calling  activate_jump_labels+0x0/0x31 @ 1
[    1.998791] initcall activate_jump_labels+0x0/0x31 returned 0 after 0 usecs
[    2.006227] calling  kvm_alloc_cpumask+0x0/0x74 @ 1
[    2.012276] initcall kvm_alloc_cpumask+0x0/0x74 returned 0 after 0 usecs
[    2.021229] calling  kcmp_cookies_init+0x0/0x37 @ 1
[    2.027234] initcall kcmp_cookies_init+0x0/0x37 returned 0 after 0 usecs
[    2.035227] calling  cryptomgr_init+0x0/0xc @ 1
[    2.040295] initcall cryptomgr_init+0x0/0xc returned 0 after 0 usecs
[    2.048231] calling  acpi_pci_init+0x0/0x57 @ 1
[    2.054226] ACPI: bus type PCI registered
[    2.059228] initcall acpi_pci_init+0x0/0x57 returned 0 after 4882 usecs
[    2.067228] calling  dma_channel_table_init+0x0/0xd1 @ 1
[    2.073240] initcall dma_channel_table_init+0x0/0xd1 returned 0 after 0 usecs
[    2.083250] calling  dma_bus_init+0x0/0xdc @ 1
[    2.088462] initcall dma_bus_init+0x0/0xdc returned 0 after 0 usecs
[    2.096281] calling  iommu_dma_init+0x0/0x10 @ 1
[    2.101233] initcall iommu_dma_init+0x0/0x10 returned 0 after 0 usecs
[    2.109227] calling  dmi_id_init+0x0/0x37c @ 1
[    2.114237] initcall dmi_id_init+0x0/0x37c returned 0 after 0 usecs
[    2.121228] calling  pci_arch_init+0x0/0x71 @ 1
[    2.127571] PCI: MMCONFIG for domain 0000 [bus 00-ff] at [mem 0xb0000000-0xbfffffff] (base 0xb0000000)
[    2.139229] PCI: MMCONFIG at [mem 0xb0000000-0xbfffffff] reserved in E820
[    2.147246] PCI: Using configuration type 1 for base access
[    2.153465] initcall pci_arch_init+0x0/0x71 returned 0 after 25390 usecs
[    2.162247] calling  init_vdso+0x0/0x13 @ 1
[    2.166234] initcall init_vdso+0x0/0x13 returned 0 after 0 usecs
[    2.175227] calling  sysenter_setup+0x0/0x13 @ 1
[    2.180235] initcall sysenter_setup+0x0/0x13 returned 0 after 0 usecs
[    2.188227] calling  fixup_ht_bug+0x0/0xe5 @ 1
[    2.193226] initcall fixup_ht_bug+0x0/0xe5 returned 0 after 0 usecs
[    2.201227] calling  topology_init+0x0/0x88 @ 1
[    2.206361] initcall topology_init+0x0/0x88 returned 0 after 0 usecs
[    2.214233] calling  intel_epb_init+0x0/0x68 @ 1
[    2.219227] initcall intel_epb_init+0x0/0x68 returned -19 after 0 usecs
[    2.228227] calling  mtrr_init_finialize+0x0/0x3e @ 1
[    2.232231] initcall mtrr_init_finialize+0x0/0x3e returned 0 after 0 usecs
[    2.240229] calling  uid_cache_init+0x0/0x85 @ 1
[    2.247239] initcall uid_cache_init+0x0/0x85 returned 0 after 0 usecs
[    2.254230] calling  param_sysfs_init+0x0/0x1ba @ 1
[    2.268578] initcall param_sysfs_init+0x0/0x1ba returned 0 after 6835 usecs
[    2.277243] calling  user_namespace_sysctl_init+0x0/0x33 @ 1
[    2.284280] initcall user_namespace_sysctl_init+0x0/0x33 returned 0 after 0 usecs
[    2.293229] calling  proc_schedstat_init+0x0/0x24 @ 1
[    2.300236] initcall proc_schedstat_init+0x0/0x24 returned 0 after 0 usecs
[    2.307229] calling  pm_sysrq_init+0x0/0x18 @ 1
[    2.314739] initcall pm_sysrq_init+0x0/0x18 returned 0 after 3906 usecs
[    2.324353] calling  create_proc_profile+0x0/0xd0 @ 1
[    2.330229] initcall create_proc_profile+0x0/0xd0 returned 0 after 0 usecs
[    2.338233] calling  time_ns_init+0x0/0x7 @ 1
[    2.345231] initcall time_ns_init+0x0/0x7 returned 0 after 0 usecs
[    2.353229] calling  crash_save_vmcoreinfo_init+0x0/0x722 @ 1
[    2.360547] initcall crash_save_vmcoreinfo_init+0x0/0x722 returned 0 after 0 usecs
[    2.369229] calling  crash_notes_memory_init+0x0/0x35 @ 1
[    2.375232] initcall crash_notes_memory_init+0x0/0x35 returned 0 after 0 usecs
[    2.384229] calling  cgroup_sysfs_init+0x0/0x13 @ 1
[    2.391245] initcall cgroup_sysfs_init+0x0/0x13 returned 0 after 0 usecs
[    2.401230] calling  cgroup_namespaces_init+0x0/0x7 @ 1
[    2.409229] initcall cgroup_namespaces_init+0x0/0x7 returned 0 after 0 usecs
[    2.418230] calling  init_optprobes+0x0/0x13 @ 1
[    2.425271] Kprobes globally optimized
[    2.429229] initcall init_optprobes+0x0/0x13 returned 0 after 3906 usecs
[    2.437230] calling  oom_init+0x0/0x2f @ 1
[    2.444587] initcall oom_init+0x0/0x2f returned 0 after 1953 usecs
[    2.452230] calling  default_bdi_init+0x0/0xb3 @ 1
[    2.468813] initcall default_bdi_init+0x0/0xb3 returned 0 after 13671 usecs
[    2.477229] calling  percpu_enable_async+0x0/0xe @ 1
[    2.483227] initcall percpu_enable_async+0x0/0xe returned 0 after 0 usecs
[    2.492368] calling  kcompactd_init+0x0/0x8d @ 1
[    2.498363] initcall kcompactd_init+0x0/0x8d returned 0 after 976 usecs
[    2.506370] calling  init_user_reserve+0x0/0x40 @ 1
[    2.513228] initcall init_user_reserve+0x0/0x40 returned 0 after 0 usecs
[    2.521228] calling  init_admin_reserve+0x0/0x40 @ 1
[    2.527228] initcall init_admin_reserve+0x0/0x40 returned 0 after 0 usecs
[    2.536232] calling  init_reserve_notifier+0x0/0x7 @ 1
[    2.543231] initcall init_reserve_notifier+0x0/0x7 returned 0 after 0 usecs
[    2.552231] calling  swap_init_sysfs+0x0/0x62 @ 1
[    2.559244] initcall swap_init_sysfs+0x0/0x62 returned 0 after 0 usecs
[    2.564228] calling  swapfile_init+0x0/0x94 @ 1
[    2.570231] initcall swapfile_init+0x0/0x94 returned 0 after 0 usecs
[    2.581230] calling  hugetlb_init+0x0/0x499 @ 1
[    2.588263] HugeTLB registered 2.00 MiB page size, pre-allocated 0 pages
[    2.596437] initcall hugetlb_init+0x0/0x499 returned 0 after 8789 usecs
[    2.603230] calling  io_wq_init+0x0/0x34 @ 1
[    2.609231] initcall io_wq_init+0x0/0x34 returned 0 after 0 usecs
[    2.616228] calling  seqiv_module_init+0x0/0xc @ 1
[    2.621228] initcall seqiv_module_init+0x0/0xc returned 0 after 0 usecs
[    2.628232] calling  echainiv_module_init+0x0/0xc @ 1
[    2.635383] initcall echainiv_module_init+0x0/0xc returned 0 after 0 usecs
[    2.643441] calling  rsa_init+0x0/0x50 @ 1
[    2.650608] initcall rsa_init+0x0/0x50 returned 0 after 1953 usecs
[    2.650560] cryptomgr_test (39) used greatest stack depth: 15504 bytes left
[    2.659229] calling  crypto_cmac_module_init+0x0/0xc @ 1
[    2.659233] initcall crypto_cmac_module_init+0x0/0xc returned 0 after 0 usecs
[    2.659235] calling  hmac_module_init+0x0/0xc @ 1
[    2.659236] initcall hmac_module_init+0x0/0xc returned 0 after 0 usecs
[    2.659238] calling  crypto_null_mod_init+0x0/0x65 @ 1
[    2.704545] cryptomgr_test (42) used greatest stack depth: 15440 bytes left
[    2.709267] initcall crypto_null_mod_init+0x0/0x65 returned 0 after 48828 usecs
[    2.722237] calling  md5_mod_init+0x0/0xc @ 1
[    2.735219] initcall md5_mod_init+0x0/0xc returned 0 after 7812 usecs
[    2.743020] calling  sha256_generic_mod_init+0x0/0x11 @ 1
[    2.755808] initcall sha256_generic_mod_init+0x0/0x11 returned 0 after 3906 usecs
[    2.764235] calling  crypto_cbc_module_init+0x0/0xc @ 1
[    2.770229] initcall crypto_cbc_module_init+0x0/0xc returned 0 after 0 usecs
[    2.780227] calling  crypto_ctr_module_init+0x0/0x11 @ 1
[    2.787226] initcall crypto_ctr_module_init+0x0/0x11 returned 0 after 0 usecs
[    2.796379] calling  crypto_gcm_module_init+0x0/0x64 @ 1
[    2.802403] initcall crypto_gcm_module_init+0x0/0x64 returned 0 after 0 usecs
[    2.812228] calling  crypto_ccm_module_init+0x0/0x11 @ 1
[    2.818229] initcall crypto_ccm_module_init+0x0/0x11 returned 0 after 0 usecs
[    2.828227] calling  aes_init+0x0/0xc @ 1
[    2.841246] cryptomgr_test (47) used greatest stack depth: 15184 bytes left
[    2.840409] initcall aes_init+0x0/0xc returned 0 after 6835 usecs
[    2.846231] calling  crc32c_mod_init+0x0/0xc @ 1
[    2.856169] initcall crc32c_mod_init+0x0/0xc returned 0 after 7812 usecs
[    2.866230] calling  crypto_authenc_module_init+0x0/0xc @ 1
[    2.870231] initcall crypto_authenc_module_init+0x0/0xc returned 0 after 0 usecs
[    2.880232] calling  crypto_authenc_esn_module_init+0x0/0xc @ 1
[    2.888232] initcall crypto_authenc_esn_module_init+0x0/0xc returned 0 after 0 usecs
[    2.897229] calling  drbg_init+0x0/0x7c @ 1
[    2.933391] initcall drbg_init+0x0/0x7c returned 0 after 28320 usecs
[    2.940517] calling  ghash_mod_init+0x0/0xc @ 1
[    2.948235] initcall ghash_mod_init+0x0/0xc returned 0 after 976 usecs
[    2.956234] calling  init_bio+0x0/0x9a @ 1
[    2.962436] initcall init_bio+0x0/0x9a returned 0 after 0 usecs
[    2.970229] calling  blk_settings_init+0x0/0x29 @ 1
[    2.976229] initcall blk_settings_init+0x0/0x29 returned 0 after 0 usecs
[    2.986459] calling  blk_ioc_init+0x0/0x29 @ 1
[    2.993407] initcall blk_ioc_init+0x0/0x29 returned 0 after 0 usecs
[    3.001372] calling  blk_mq_init+0x0/0xb9 @ 1
[    3.007231] initcall blk_mq_init+0x0/0xb9 returned 0 after 0 usecs
[    3.015229] calling  genhd_device_init+0x0/0x75 @ 1
[    3.022426] initcall genhd_device_init+0x0/0x75 returned 0 after 976 usecs
[    3.031334] calling  pci_slot_init+0x0/0x40 @ 1
[    3.037249] initcall pci_slot_init+0x0/0x40 returned 0 after 0 usecs
[    3.045229] calling  fbmem_init+0x0/0xd8 @ 1
[    3.103685] initcall fbmem_init+0x0/0xd8 returned 0 after 50781 usecs
[    3.112234] calling  acpi_init+0x0/0x319 @ 1
[    3.117230] ACPI: Added _OSI(Module Device)
[    3.123225] ACPI: Added _OSI(Processor Device)
[    3.129226] ACPI: Added _OSI(3.0 _SCP Extensions)
[    3.132262] ACPI: Added _OSI(Processor Aggregator Device)
[    3.141232] ACPI: Added _OSI(Linux-Dell-Video)
[    3.147227] ACPI: Added _OSI(Linux-Lenovo-NV-HDMI-Audio)
[    3.153224] ACPI: Added _OSI(Linux-HPI-Hybrid-Graphics)
[    3.174611] ACPI: 1 ACPI AML tables successfully acquired and loaded
[    3.189787] ACPI: Interpreter enabled
[    3.194983] ACPI: (supports S0 S3 S4 S5)
[    3.199225] ACPI: Using IOAPIC for interrupt routing
[    3.205270] PCI: Using host bridge windows from ACPI; if necessary, use "pci=nocrs" and report a bug
[    3.218779] ACPI: Enabled 2 GPEs in block 00 to 3F
[    3.240464] ACPI: PCI Root Bridge [PCI0] (domain 0000 [bus 00-ff])
[    3.250577] acpi PNP0A08:00: _OSC: OS supports [ExtendedConfig ASPM ClockPM Segments MSI HPX-Type3]
[    3.263302] acpi PNP0A08:00: _OSC: platform does not support [LTR]
[    3.270300] acpi PNP0A08:00: _OSC: OS now controls [PME PCIeCapability]
[    3.280408] PCI host bridge to bus 0000:00
[    3.285405] pci_bus 0000:00: root bus resource [io  0x0000-0x0cf7 window]
[    3.294226] pci_bus 0000:00: root bus resource [io  0x0d00-0xffff window]
[    3.302226] pci_bus 0000:00: root bus resource [mem 0x000a0000-0x000bffff window]
[    3.309226] pci_bus 0000:00: root bus resource [mem 0x20000000-0xafffffff window]
[    3.319226] pci_bus 0000:00: root bus resource [mem 0xc0000000-0xfebfffff window]
[    3.327227] pci_bus 0000:00: root bus resource [mem 0x100000000-0x8ffffffff window]
[    3.337227] pci_bus 0000:00: root bus resource [bus 00-ff]
[    3.346235] pci 0000:00:00.0: calling  quirk_mmio_always_on+0x0/0x10 @ 1
[    3.354233] pci 0000:00:00.0: quirk_mmio_always_on+0x0/0x10 took 0 usecs
[    3.363231] pci 0000:00:00.0: [8086:29c0] type 00 class 0x060000
[    3.373179] pci 0000:00:00.0: calling  quirk_igfx_skip_te_disable+0x0/0x80 @ 1
[    3.382229] pci 0000:00:00.0: quirk_igfx_skip_te_disable+0x0/0x80 took 0 usecs
[    3.393671] pci 0000:00:01.0: [1234:1111] type 00 class 0x030000
[    3.410219] pci 0000:00:01.0: reg 0x10: [mem 0xfd000000-0xfdffffff pref]
[    3.429966] pci 0000:00:01.0: reg 0x18: [mem 0xfebf0000-0xfebf0fff]
[    3.458923] pci 0000:00:01.0: reg 0x30: [mem 0xfebe0000-0xfebeffff pref]
[    3.470219] pci 0000:00:01.0: calling  efifb_fixup_resources+0x0/0xf0 @ 1
[    3.479317] pci 0000:00:01.0: efifb_fixup_resources+0x0/0xf0 took 0 usecs
[    3.498314] pci 0000:00:1f.0: [8086:2918] type 00 class 0x060100
[    3.511213] pci 0000:00:1f.0: calling  quirk_ich7_lpc+0x0/0x60 @ 1
[    3.521432] pci 0000:00:1f.0: quirk: [io  0x0600-0x067f] claimed by ICH6 ACPI/GPIO/TCO
[    3.533316] pci 0000:00:1f.0: quirk_ich7_lpc+0x0/0x60 took 13671 usecs
[    3.542382] pci 0000:00:1f.0: calling  quirk_igfx_skip_te_disable+0x0/0x80 @ 1
[    3.549592] pci 0000:00:1f.0: quirk_igfx_skip_te_disable+0x0/0x80 took 976 usecs
[    3.564393] pci 0000:00:1f.2: [8086:2922] type 00 class 0x010601
[    3.577233] pci 0000:00:1f.2: reg 0x20: [io  0xc040-0xc05f]
[    3.586229] pci 0000:00:1f.2: reg 0x24: [mem 0xfebf1000-0xfebf1fff]
[    3.596467] pci 0000:00:1f.2: calling  quirk_igfx_skip_te_disable+0x0/0x80 @ 1
[    3.605232] pci 0000:00:1f.2: quirk_igfx_skip_te_disable+0x0/0x80 took 0 usecs
[    3.615719] pci 0000:00:1f.3: [8086:2930] type 00 class 0x0c0500
[    3.629742] pci 0000:00:1f.3: reg 0x20: [io  0x0700-0x073f]
[    3.637467] pci 0000:00:1f.3: calling  quirk_igfx_skip_te_disable+0x0/0x80 @ 1
[    3.647232] pci 0000:00:1f.3: quirk_igfx_skip_te_disable+0x0/0x80 took 0 usecs
[    3.686780] ACPI: PCI Interrupt Link [LNKA] (IRQs 5 *10 11)
[    3.693750] ACPI: PCI Interrupt Link [LNKB] (IRQs 5 *10 11)
[    3.703405] ACPI: PCI Interrupt Link [LNKC] (IRQs 5 10 *11)
[    3.711633] ACPI: PCI Interrupt Link [LNKD] (IRQs 5 10 *11)
[    3.720480] ACPI: PCI Interrupt Link [LNKE] (IRQs 5 *10 11)
[    3.726665] ACPI: PCI Interrupt Link [LNKF] (IRQs 5 *10 11)
[    3.733576] ACPI: PCI Interrupt Link [LNKG] (IRQs 5 10 *11)
[    3.742231] ACPI: PCI Interrupt Link [LNKH] (IRQs 5 10 *11)
[    3.750219] ACPI: PCI Interrupt Link [GSIA] (IRQs *16)
[    3.758245] ACPI: PCI Interrupt Link [GSIB] (IRQs *17)
[    3.764444] ACPI: PCI Interrupt Link [GSIC] (IRQs *18)
[    3.771250] ACPI: PCI Interrupt Link [GSID] (IRQs *19)
[    3.778266] ACPI: PCI Interrupt Link [GSIE] (IRQs *20)
[    3.785250] ACPI: PCI Interrupt Link [GSIF] (IRQs *21)
[    3.792237] ACPI: PCI Interrupt Link [GSIG] (IRQs *22)
[    3.799297] ACPI: PCI Interrupt Link [GSIH] (IRQs *23)
[    3.814219] initcall acpi_init+0x0/0x319 returned 0 after 680664 usecs
[    3.823396] calling  pnp_init+0x0/0xc @ 1
[    3.829307] initcall pnp_init+0x0/0xc returned 0 after 0 usecs
[    3.836228] calling  misc_init+0x0/0xbf @ 1
[    3.842050] initcall misc_init+0x0/0xbf returned 0 after 976 usecs
[    3.850227] calling  iommu_subsys_init+0x0/0x4e @ 1
[    3.856350] iommu: Default domain type: Translated 
[    3.863228] initcall iommu_subsys_init+0x0/0x4e returned 0 after 6835 usecs
[    3.872364] calling  vga_arb_device_init+0x0/0x261 @ 1
[    3.897219] pci 0000:00:01.0: vgaarb: setting as boot VGA device
[    3.897219] pci 0000:00:01.0: vgaarb: VGA device added: decodes=io+mem,owns=io+mem,locks=none
[    3.917230] pci 0000:00:01.0: vgaarb: bridge control possible
[    3.926225] vgaarb: loaded
[    3.929231] initcall vga_arb_device_init+0x0/0x261 returned 0 after 49804 usecs
[    3.939552] calling  cn_init+0x0/0xf0 @ 1
[    3.948791] initcall cn_init+0x0/0xf0 returned 0 after 3906 usecs
[    3.957234] calling  dma_buf_init+0x0/0xad @ 1
[    3.964519] initcall dma_buf_init+0x0/0xad returned 0 after 1953 usecs
[    3.973229] calling  init_scsi+0x0/0x79 @ 1
[    3.990564] SCSI subsystem initialized
[    3.996228] initcall init_scsi+0x0/0x79 returned 0 after 15625 usecs
[    4.004228] calling  ata_init+0x0/0x332 @ 1
[    4.028365] libata version 3.00 loaded.
[    4.035235] initcall ata_init+0x0/0x332 returned 0 after 24414 usecs
[    4.044236] calling  phy_init+0x0/0x250 @ 1
[    4.050856] initcall phy_init+0x0/0x250 returned 0 after 976 usecs
[    4.059229] calling  init_pcmcia_cs+0x0/0x35 @ 1
[    4.064747] initcall init_pcmcia_cs+0x0/0x35 returned 0 after 976 usecs
[    4.073234] calling  usb_common_init+0x0/0x1c @ 1
[    4.079289] initcall usb_common_init+0x0/0x1c returned 0 after 0 usecs
[    4.089233] calling  usb_init+0x0/0x12e @ 1
[    4.095427] ACPI: bus type USB registered
[    4.102976] usbcore: registered new interface driver usbfs
[    4.111370] usbcore: registered new interface driver hub
[    4.118240] usbcore: registered new device driver usb
[    4.124229] initcall usb_init+0x0/0x12e returned 0 after 28320 usecs
[    4.132227] calling  serio_init+0x0/0x29 @ 1
[    4.137387] initcall serio_init+0x0/0x29 returned 0 after 0 usecs
[    4.146233] calling  input_init+0x0/0xf6 @ 1
[    4.152498] initcall input_init+0x0/0xf6 returned 0 after 0 usecs
[    4.161246] calling  rtc_init+0x0/0x4d @ 1
[    4.166257] initcall rtc_init+0x0/0x4d returned 0 after 0 usecs
[    4.173227] calling  pps_init+0x0/0xa9 @ 1
[    4.178249] pps_core: LinuxPPS API ver. 1 registered
[    4.184223] pps_core: Software ver. 5.3.6 - Copyright 2005-2007 Rodolfo Giometti <giometti@linux.it>
[    4.195228] initcall pps_init+0x0/0xa9 returned 0 after 16601 usecs
[    4.202227] calling  ptp_init+0x0/0x98 @ 1
[    4.207252] PTP clock support registered
[    4.212226] initcall ptp_init+0x0/0x98 returned 0 after 4882 usecs
[    4.219226] calling  power_supply_class_init+0x0/0x3f @ 1
[    4.225473] initcall power_supply_class_init+0x0/0x3f returned 0 after 0 usecs
[    4.234226] calling  hwmon_init+0x0/0x104 @ 1
[    4.240271] initcall hwmon_init+0x0/0x104 returned 0 after 0 usecs
[    4.247241] calling  md_init+0x0/0x16b @ 1
[    4.253668] initcall md_init+0x0/0x16b returned 0 after 976 usecs
[    4.261233] calling  leds_init+0x0/0x3b @ 1
[    4.267256] initcall leds_init+0x0/0x3b returned 0 after 0 usecs
[    4.275228] calling  dmi_init+0x0/0x113 @ 1
[    4.280576] initcall dmi_init+0x0/0x113 returned 0 after 0 usecs
[    4.287227] calling  efisubsys_init+0x0/0x4e7 @ 1
[    4.293255] initcall efisubsys_init+0x0/0x4e7 returned 0 after 0 usecs
[    4.301239] calling  nvmem_init+0x0/0xc @ 1
[    4.306275] initcall nvmem_init+0x0/0xc returned 0 after 0 usecs
[    4.313226] calling  init_soundcore+0x0/0x33 @ 1
[    4.318273] initcall init_soundcore+0x0/0x33 returned 0 after 0 usecs
[    4.326226] calling  alsa_sound_init+0x0/0x8f @ 1
[    4.332426] Advanced Linux Sound Architecture Driver Initialized.
[    4.340227] initcall alsa_sound_init+0x0/0x8f returned 0 after 7812 usecs
[    4.348227] calling  alsa_seq_device_init+0x0/0x71 @ 1
[    4.354262] initcall alsa_seq_device_init+0x0/0x71 returned 0 after 0 usecs
[    4.364228] calling  hda_bus_init+0x0/0xc @ 1
[    4.369255] initcall hda_bus_init+0x0/0xc returned 0 after 0 usecs
[    4.376226] calling  proto_init+0x0/0xc @ 1
[    4.381404] initcall proto_init+0x0/0xc returned 0 after 976 usecs
[    4.389227] calling  net_dev_init+0x0/0x209 @ 1
[    4.396361] initcall net_dev_init+0x0/0x209 returned 0 after 2929 usecs
[    4.404228] calling  neigh_init+0x0/0x84 @ 1
[    4.410228] initcall neigh_init+0x0/0x84 returned 0 after 0 usecs
[    4.417226] calling  fib_notifier_init+0x0/0xc @ 1
[    4.423229] initcall fib_notifier_init+0x0/0xc returned 0 after 0 usecs
[    4.431227] calling  fib_rules_init+0x0/0xab @ 1
[    4.437256] initcall fib_rules_init+0x0/0xab returned 0 after 0 usecs
[    4.444227] calling  pktsched_init+0x0/0x10e @ 1
[    4.450355] initcall pktsched_init+0x0/0x10e returned 0 after 0 usecs
[    4.458226] calling  tc_filter_init+0x0/0xfa @ 1
[    4.463255] initcall tc_filter_init+0x0/0xfa returned 0 after 0 usecs
[    4.471226] calling  tc_action_init+0x0/0x54 @ 1
[    4.477242] initcall tc_action_init+0x0/0x54 returned 0 after 0 usecs
[    4.485226] calling  ethnl_init+0x0/0x52 @ 1
[    4.490229] initcall ethnl_init+0x0/0x52 returned 0 after 0 usecs
[    4.498225] calling  nexthop_init+0x0/0xd8 @ 1
[    4.503344] initcall nexthop_init+0x0/0xd8 returned 0 after 0 usecs
[    4.511229] calling  cipso_v4_init+0x0/0x5d @ 1
[    4.517265] initcall cipso_v4_init+0x0/0x5d returned 0 after 0 usecs
[    4.525232] calling  ieee80211_init+0x0/0x24 @ 1
[    4.530399] initcall ieee80211_init+0x0/0x24 returned 0 after 976 usecs
[    4.539226] calling  netlbl_init+0x0/0x78 @ 1
[    4.544223] NetLabel: Initializing
[    4.548222] NetLabel:  domain hash size = 128
[    4.554223] NetLabel:  protocols = UNLABELED CIPSOv4 CALIPSO
[    4.562222] NetLabel:  unlabeled traffic allowed by default
[    4.569229] initcall netlbl_init+0x0/0x78 returned 0 after 24414 usecs
[    4.579230] calling  rfkill_init+0x0/0x111 @ 1
[    4.586607] initcall rfkill_init+0x0/0x111 returned 0 after 976 usecs
[    4.596230] calling  pci_subsys_init+0x0/0x66 @ 1
[    4.604485] PCI: Using ACPI for IRQ routing
[    5.330577] PCI: pci_cache_line_size set to 64 bytes
[    5.339549] e820: reserve RAM buffer [mem 0x0009fc00-0x0009ffff]
[    5.348342] e820: reserve RAM buffer [mem 0x1ffdf000-0x1fffffff]
[    5.355873] initcall pci_subsys_init+0x0/0x66 returned 0 after 733398 usecs
[    5.367994] calling  nmi_warning_debugfs+0x0/0x26 @ 1
[    5.375631] initcall nmi_warning_debugfs+0x0/0x26 returned 0 after 1953 usecs
[    5.385236] calling  save_microcode_in_initrd+0x0/0x51 @ 1
[    5.392715] initcall save_microcode_in_initrd+0x0/0x51 returned 0 after 0 usecs
[    5.402303] calling  hpet_late_init+0x0/0x20a @ 1
[    5.409756] hpet: 3 channels of 0 reserved for per-cpu timers
[    5.418044] hpet0: at MMIO 0xfed00000, IRQs 2, 8, 0
[    5.424225] hpet0: 3 comparators, 64-bit 100.000000 MHz counter
[    5.441234] initcall hpet_late_init+0x0/0x20a returned 0 after 33203 usecs
[    5.451234] calling  init_amd_nbs+0x0/0x11c @ 1
[    5.456324] initcall init_amd_nbs+0x0/0x11c returned 0 after 0 usecs
[    5.465272] calling  clocksource_done_booting+0x0/0x41 @ 1
[    5.474650] clocksource: Switched to clocksource kvm-clock
[    5.482740] initcall clocksource_done_booting+0x0/0x41 returned 0 after 10265 usecs
[    5.492735] calling  tracer_init_tracefs+0x0/0x242 @ 1
[    5.783033] initcall tracer_init_tracefs+0x0/0x242 returned 0 after 276933 usecs
[    5.791803] calling  init_trace_printk_function_export+0x0/0x2c @ 1
[    5.799509] initcall init_trace_printk_function_export+0x0/0x2c returned 0 after 11 usecs
[    5.809019] calling  init_kprobe_trace+0x0/0x1a9 @ 1
[    5.815410] initcall init_kprobe_trace+0x0/0x1a9 returned 0 after 201 usecs
[    5.823374] calling  init_dynamic_event+0x0/0x3d @ 1
[    5.829833] initcall init_dynamic_event+0x0/0x3d returned 0 after 10 usecs
[    5.837814] calling  init_uprobe_trace+0x0/0x5c @ 1
[    5.843955] initcall init_uprobe_trace+0x0/0x5c returned 0 after 115 usecs
[    5.852135] calling  init_pipe_fs+0x0/0x44 @ 1
[    5.859805] initcall init_pipe_fs+0x0/0x44 returned 0 after 726 usecs
[    5.867249] calling  inotify_user_setup+0x0/0x47 @ 1
[    5.873799] initcall inotify_user_setup+0x0/0x47 returned 0 after 673 usecs
[    5.881769] calling  eventpoll_init+0x0/0xd4 @ 1
[    5.887249] initcall eventpoll_init+0x0/0xd4 returned 0 after 135 usecs
[    5.894827] calling  anon_inode_init+0x0/0x58 @ 1
[    5.900660] initcall anon_inode_init+0x0/0x58 returned 0 after 210 usecs
[    5.908463] calling  proc_locks_init+0x0/0x27 @ 1
[    5.915107] initcall proc_locks_init+0x0/0x27 returned 0 after 1201 usecs
[    5.922842] calling  iomap_init+0x0/0x1b @ 1
[    5.930794] initcall iomap_init+0x0/0x1b returned 0 after 2738 usecs
[    5.938088] calling  dquot_init+0x0/0x106 @ 1
[    5.943117] VFS: Disk quotas dquot_6.6.0
[    5.948107] VFS: Dquot-cache hash table entries: 512 (order 0, 4096 bytes)
[    5.956105] initcall dquot_init+0x0/0x106 returned 0 after 12677 usecs
[    5.963543] calling  quota_init+0x0/0x23 @ 1
[    5.968829] initcall quota_init+0x0/0x23 returned 0 after 310 usecs
[    5.976152] calling  proc_cmdline_init+0x0/0x21 @ 1
[    5.981843] initcall proc_cmdline_init+0x0/0x21 returned 0 after 26 usecs
[    5.990427] calling  proc_consoles_init+0x0/0x24 @ 1
[    5.996801] initcall proc_consoles_init+0x0/0x24 returned 0 after 21 usecs
[    6.005505] calling  proc_cpuinfo_init+0x0/0x1e @ 1
[    6.011697] initcall proc_cpuinfo_init+0x0/0x1e returned 0 after 6 usecs
[    6.021084] calling  proc_devices_init+0x0/0x24 @ 1
[    6.027996] initcall proc_devices_init+0x0/0x24 returned 0 after 38 usecs
[    6.038368] calling  proc_interrupts_init+0x0/0x24 @ 1
[    6.046214] initcall proc_interrupts_init+0x0/0x24 returned 0 after 6 usecs
[    6.056740] calling  proc_loadavg_init+0x0/0x21 @ 1
[    6.063663] initcall proc_loadavg_init+0x0/0x21 returned 0 after 5 usecs
[    6.071837] calling  proc_meminfo_init+0x0/0x21 @ 1
[    6.077891] initcall proc_meminfo_init+0x0/0x21 returned 0 after 5 usecs
[    6.086107] calling  proc_stat_init+0x0/0x1e @ 1
[    6.091716] initcall proc_stat_init+0x0/0x1e returned 0 after 5 usecs
[    6.099669] calling  proc_uptime_init+0x0/0x21 @ 1
[    6.105522] initcall proc_uptime_init+0x0/0x21 returned 0 after 5 usecs
[    6.113531] calling  proc_version_init+0x0/0x21 @ 1
[    6.119486] initcall proc_version_init+0x0/0x21 returned 0 after 4 usecs
[    6.127621] calling  proc_softirqs_init+0x0/0x21 @ 1
[    6.133786] initcall proc_softirqs_init+0x0/0x21 returned 0 after 4 usecs
[    6.141973] calling  proc_kcore_init+0x0/0xea @ 1
[    6.147905] initcall proc_kcore_init+0x0/0xea returned 0 after 129 usecs
[    6.155974] calling  vmcore_init+0x0/0x578 @ 1
[    6.161444] initcall vmcore_init+0x0/0x578 returned 0 after 68 usecs
[    6.169226] calling  proc_kmsg_init+0x0/0x21 @ 1
[    6.174878] initcall proc_kmsg_init+0x0/0x21 returned 0 after 6 usecs
[    6.182671] calling  proc_page_init+0x0/0x3b @ 1
[    6.188397] initcall proc_page_init+0x0/0x3b returned 0 after 5 usecs
[    6.196228] calling  init_ramfs_fs+0x0/0xc @ 1
[    6.201712] initcall init_ramfs_fs+0x0/0xc returned 0 after 28 usecs
[    6.209369] calling  init_hugetlbfs_fs+0x0/0xf6 @ 1
[    6.215655] initcall init_hugetlbfs_fs+0x0/0xf6 returned 0 after 383 usecs
[    6.223958] calling  blk_scsi_ioctl_init+0x0/0x2a5 @ 1
[    6.230360] initcall blk_scsi_ioctl_init+0x0/0x2a5 returned 0 after 137 usecs
[    6.239235] calling  acpi_event_init+0x0/0x2c @ 1
[    6.245063] initcall acpi_event_init+0x0/0x2c returned 0 after 52 usecs
[    6.253155] calling  pnp_system_init+0x0/0xc @ 1
[    6.259640] initcall pnp_system_init+0x0/0xc returned 0 after 699 usecs
[    6.267653] calling  pnpacpi_init+0x0/0x69 @ 1
[    6.273332] pnp: PnP ACPI init
[    6.278797] pnp 00:00: Plug and Play ACPI device, IDs PNP0303 (active)
[    6.287056] pnp 00:01: Plug and Play ACPI device, IDs PNP0f13 (active)
[    6.294493] pnp 00:02: Plug and Play ACPI device, IDs PNP0400 (active)
[    6.301967] pnp 00:03: Plug and Play ACPI device, IDs PNP0501 (active)
[    6.309509] pnp 00:04: Plug and Play ACPI device, IDs PNP0b00 (active)
[    6.317571] system 00:05: [mem 0xb0000000-0xbfffffff window] has been reserved
[    6.325843] system 00:05: Plug and Play ACPI device, IDs PNP0c01 (active)
[    6.335460] pnp: PnP ACPI: found 6 devices
[    6.340157] initcall pnpacpi_init+0x0/0x69 returned 0 after 65364 usecs
[    6.347556] calling  chr_dev_init+0x0/0x14d @ 1
[    6.433568] initcall chr_dev_init+0x0/0x14d returned 0 after 78955 usecs
[    6.441721] calling  firmware_class_init+0x0/0xe7 @ 1
[    6.447726] initcall firmware_class_init+0x0/0xe7 returned 0 after 105 usecs
[    6.455889] calling  init_pcmcia_bus+0x0/0x5b @ 1
[    6.461654] initcall init_pcmcia_bus+0x0/0x5b returned 0 after 222 usecs
[    6.479356] calling  init_acpi_pm_clocksource+0x0/0xda @ 1
[    6.493086] clocksource: acpi_pm: mask: 0xffffff max_cycles: 0xffffff, max_idle_ns: 2085701024 ns
[    6.503377] initcall init_acpi_pm_clocksource+0x0/0xda returned 0 after 15908 usecs
[    6.512319] calling  sysctl_core_init+0x0/0x26 @ 1
[    6.519729] initcall sysctl_core_init+0x0/0x26 returned 0 after 1759 usecs
[    6.527686] calling  eth_offload_init+0x0/0x13 @ 1
[    6.533358] initcall eth_offload_init+0x0/0x13 returned 0 after 49 usecs
[    6.541002] calling  ipv4_offload_init+0x0/0x73 @ 1
[    6.546756] initcall ipv4_offload_init+0x0/0x73 returned 0 after 63 usecs
[    6.555946] calling  inet_init+0x0/0x276 @ 1
[    6.563024] NET: Registered protocol family 2
[    6.571185] IP idents hash table entries: 8192 (order: 4, 65536 bytes, linear)
[    6.584485] tcp_listen_portaddr_hash hash table entries: 256 (order: 0, 4096 bytes, linear)
[    6.594883] TCP established hash table entries: 4096 (order: 3, 32768 bytes, linear)
[    6.604217] TCP bind hash table entries: 4096 (order: 4, 65536 bytes, linear)
[    6.614028] TCP: Hash tables configured (established 4096 bind 4096)
[    6.625162] UDP hash table entries: 256 (order: 1, 8192 bytes, linear)
[    6.632919] UDP-Lite hash table entries: 256 (order: 1, 8192 bytes, linear)
[    6.641558] initcall inet_init+0x0/0x276 returned 0 after 78673 usecs
[    6.649244] calling  af_unix_init+0x0/0x4d @ 1
[    6.654495] NET: Registered protocol family 1
[    6.659683] initcall af_unix_init+0x0/0x4d returned 0 after 5081 usecs
[    6.667302] calling  ipv6_offload_init+0x0/0x7e @ 1
[    6.673057] initcall ipv6_offload_init+0x0/0x7e returned 0 after 40 usecs
[    6.680883] calling  init_sunrpc+0x0/0x65 @ 1
[    6.695192] RPC: Registered named UNIX socket transport module.
[    6.702033] RPC: Registered udp transport module.
[    6.707549] RPC: Registered tcp transport module.
[    6.713038] RPC: Registered tcp NFSv4.1 backchannel transport module.
[    6.720617] initcall init_sunrpc+0x0/0x65 returned 0 after 33250 usecs
[    6.728132] calling  cfg80211_init+0x0/0xc5 @ 1
[    6.739070] initcall cfg80211_init+0x0/0xc5 returned 0 after 5537 usecs
[    6.747056] calling  pcibios_assign_resources+0x0/0xbf @ 1
[    6.754625] pci_bus 0000:00: resource 4 [io  0x0000-0x0cf7 window]
[    6.761893] pci_bus 0000:00: resource 5 [io  0x0d00-0xffff window]
[    6.769100] pci_bus 0000:00: resource 6 [mem 0x000a0000-0x000bffff window]
[    6.777080] pci_bus 0000:00: resource 7 [mem 0x20000000-0xafffffff window]
[    6.785362] pci_bus 0000:00: resource 8 [mem 0xc0000000-0xfebfffff window]
[    6.793723] pci_bus 0000:00: resource 9 [mem 0x100000000-0x8ffffffff window]
[    6.802915] initcall pcibios_assign_resources+0x0/0xbf returned 0 after 48067 usecs
[    6.811895] calling  pci_apply_final_quirks+0x0/0x124 @ 1
[    6.818682] pci 0000:00:01.0: calling  pci_fixup_video+0x0/0xe0 @ 1
[    6.826409] pci 0000:00:01.0: Video device with shadowed ROM at [mem 0x000c0000-0x000dffff]
[    6.838186] pci 0000:00:01.0: pci_fixup_video+0x0/0xe0 took 11870 usecs
[    6.846505] PCI: CLS 0 bytes, default 64
[    6.851171] initcall pci_apply_final_quirks+0x0/0x124 returned 0 after 32111 usecs
[    6.859884] calling  acpi_reserve_resources+0x0/0xea @ 1
[    6.866388] initcall acpi_reserve_resources+0x0/0xea returned 0 after 225 usecs
[    6.875271] calling  populate_rootfs+0x0/0x102 @ 1
[    6.887347] initcall populate_rootfs+0x0/0x102 returned 0 after 6219 usecs
[    6.895770] calling  pci_iommu_init+0x0/0x3e @ 1
[    6.901493] initcall pci_iommu_init+0x0/0x3e returned 0 after 127 usecs
[    6.911025] calling  ia32_binfmt_init+0x0/0x13 @ 1
[    6.916715] initcall ia32_binfmt_init+0x0/0x13 returned 0 after 17 usecs
[    6.924641] calling  rapl_pmu_init+0x0/0x267 @ 1
[    6.930611] initcall rapl_pmu_init+0x0/0x267 returned -19 after 256 usecs
[    6.938653] calling  amd_uncore_init+0x0/0x310 @ 1
[    6.944456] initcall amd_uncore_init+0x0/0x310 returned -19 after 0 usecs
[    6.952558] calling  amd_ibs_init+0x0/0x27b @ 1
[    6.957872] initcall amd_ibs_init+0x0/0x27b returned -19 after 0 usecs
[    6.965486] calling  amd_iommu_pc_init+0x0/0x215 @ 1
[    6.971329] initcall amd_iommu_pc_init+0x0/0x215 returned -19 after 61 usecs
[    6.979418] calling  msr_init+0x0/0x55 @ 1
[    6.984479] initcall msr_init+0x0/0x55 returned 0 after 317 usecs
[    6.991370] calling  intel_uncore_init+0x0/0x36f @ 1
[    6.997085] initcall intel_uncore_init+0x0/0x36f returned -19 after 60 usecs
[    7.005311] calling  cstate_pmu_init+0x0/0x1a1 @ 1
[    7.010999] initcall cstate_pmu_init+0x0/0x1a1 returned -19 after 0 usecs
[    7.018755] calling  register_kernel_offset_dumper+0x0/0x1a @ 1
[    7.025710] initcall register_kernel_offset_dumper+0x0/0x1a returned 0 after 36 usecs
[    7.034647] calling  i8259A_init_ops+0x0/0x20 @ 1
[    7.043850] initcall i8259A_init_ops+0x0/0x20 returned 0 after 1 usecs
[    7.051470] calling  init_tsc_clocksource+0x0/0xa4 @ 1
[    7.057403] clocksource: tsc: mask: 0xffffffffffffffff max_cycles: 0x39a85afc727, max_idle_ns: 881590685098 ns
[    7.069033] initcall init_tsc_clocksource+0x0/0xa4 returned 0 after 11355 usecs
[    7.077426] calling  add_rtc_cmos+0x0/0xb0 @ 1
[    7.082716] initcall add_rtc_cmos+0x0/0xb0 returned 0 after 132 usecs
[    7.090203] calling  i8237A_init_ops+0x0/0x3a @ 1
[    7.095841] initcall i8237A_init_ops+0x0/0x3a returned 0 after 102 usecs
[    7.103771] calling  umwait_init+0x0/0x94 @ 1
[    7.109642] initcall umwait_init+0x0/0x94 returned -19 after 14 usecs
[    7.117542] calling  thermal_throttle_init_device+0x0/0x3d @ 1
[    7.124507] initcall thermal_throttle_init_device+0x0/0x3d returned 0 after 58 usecs
[    7.133522] calling  msr_init+0x0/0xd7 @ 1
[    7.148649] initcall msr_init+0x0/0xd7 returned 0 after 9938 usecs
[    7.155572] calling  cpuid_init+0x0/0xd7 @ 1
[    7.166725] initcall cpuid_init+0x0/0xd7 returned 0 after 6080 usecs
[    7.175615] calling  ioapic_init_ops+0x0/0x13 @ 1
[    7.180988] initcall ioapic_init_ops+0x0/0x13 returned 0 after 27 usecs
[    7.188381] calling  add_pcspkr+0x0/0x6c @ 1
[    7.193422] initcall add_pcspkr+0x0/0x6c returned 0 after 217 usecs
[    7.201081] calling  start_periodic_check_for_corruption+0x0/0x30 @ 1
[    7.208334] check: Scanning for low memory corruption every 60 seconds
[    7.215721] initcall start_periodic_check_for_corruption+0x0/0x30 returned 0 after 7222 usecs
[    7.226270] calling  sysfb_init+0x0/0x9c @ 1
[    7.231610] initcall sysfb_init+0x0/0x9c returned 0 after 306 usecs
[    7.238768] calling  audit_classes_init+0x0/0xae @ 1
[    7.244452] initcall audit_classes_init+0x0/0xae returned 0 after 100 usecs
[    7.252207] calling  iosf_mbi_init+0x0/0x24 @ 1
[    7.257752] initcall iosf_mbi_init+0x0/0x24 returned 0 after 541 usecs
[    7.265148] calling  proc_execdomains_init+0x0/0x21 @ 1
[    7.270982] initcall proc_execdomains_init+0x0/0x21 returned 0 after 79 usecs
[    7.278773] calling  register_warn_debugfs+0x0/0x23 @ 1
[    7.284641] initcall register_warn_debugfs+0x0/0x23 returned 0 after 38 usecs
[    7.293335] calling  cpuhp_sysfs_init+0x0/0x79 @ 1
[    7.300924] initcall cpuhp_sysfs_init+0x0/0x79 returned 0 after 1469 usecs
[    7.309559] calling  ioresources_init+0x0/0x49 @ 1
[    7.315976] initcall ioresources_init+0x0/0x49 returned 0 after 6 usecs
[    7.324562] calling  snapshot_device_init+0x0/0xc @ 1
[    7.334656] initcall snapshot_device_init+0x0/0xc returned 0 after 3378 usecs
[    7.342747] calling  irq_pm_init_ops+0x0/0x13 @ 1
[    7.349013] initcall irq_pm_init_ops+0x0/0x13 returned 0 after 22 usecs
[    7.357171] calling  rcu_torture_init+0x0/0x9a6 @ 1
[    7.363027] tasks-tracing-torture:--- Start of test: nreaders=3 nfakewriters=4 stat_interval=15 verbose=1 test_no_idle_hz=1 shuffle_interval=3 stutter=5 irqreader=1 fqs_duration=0 fqs_holdoff=0 fqs_stutter=3 test_boost=1/0 test_boost_interval=7 test_boost_duration=4 shutdown_secs=1800 stall_cpu=0 stall_cpu_holdoff=10 stall_cpu_irqsoff=0 stall_cpu_block=0 n_barrier_cbs=4 onoff_interval=1000 onoff_holdoff=30 read_exit_delay=13 read_exit_burst=16
[    7.410456] tasks-tracing:  Start-test grace-period state: g0 f0x0
[    7.417704] tasks-tracing-torture: Creating rcu_torture_writer task
[    7.427795] tasks-tracing-torture: Creating rcu_torture_fakewriter task
[    7.428783] tasks-tracing-torture: rcu_torture_writer task started
[    7.439562] tasks-tracing-torture: Creating rcu_torture_fakewriter task
[    7.440078] tasks-tracing-torture: rcu_torture_fakewriter task started
[    7.446439] tasks-tracing-torture: GP expediting controlled from boot/sysfs for tasks-tracing.
[    7.456102] tasks-tracing-torture: Creating rcu_torture_fakewriter task
[    7.456543] tasks-tracing-torture: rcu_torture_fakewriter task started
[    7.464676] rcu_torture_writer: Testing expedited GPs.
[    7.477184] tasks-tracing-torture: Creating rcu_torture_fakewriter task
[    7.477490] tasks-tracing-torture: rcu_torture_fakewriter task started
[    7.485066] rcu_torture_writer: Testing asynchronous GPs.
[    7.494890] tasks-tracing-torture: Creating rcu_torture_reader task
[    7.495224] tasks-tracing-torture: rcu_torture_fakewriter task started
[    7.499215] rcu_torture_writer: Testing normal GPs.
[    7.521690] tasks-tracing-torture: Creating rcu_torture_reader task
[    7.522293] tasks-tracing-torture: rcu_torture_reader task started
[    7.570203] tasks-tracing-torture: Creating rcu_torture_reader task
[    7.570548] tasks-tracing-torture: rcu_torture_reader task started
[    7.580580] tasks-tracing-torture: Creating rcu_torture_stats task
[    7.580682] tasks-tracing-torture: rcu_torture_reader task started
[    7.609894] tasks-tracing-torture: Creating torture_shuffle task
[    7.610134] tasks-tracing-torture: rcu_torture_stats task started
[    7.622916] tasks-tracing-torture: Creating torture_stutter task
[    7.624347] tasks-tracing-torture: torture_shuffle task started
[    7.646891] tasks-tracing-torture: Creating torture_shutdown task
[    7.647528] tasks-tracing-torture: torture_stutter task started
[    7.664455] tasks-tracing-torture: torture_shutdown task started
[    7.664508] tasks-tracing-torture: Creating torture_onoff task
[    7.673731] tasks-tracing-torture:torture_shutdown task: 1799973 ms remaining
[    7.694100] tasks-tracing-torture: rcu_torture_fwd_prog_init: Disabled, unsupported by RCU flavor under test
[    7.694167] tasks-tracing-torture: torture_onoff task started
[    7.706847] tasks-tracing-torture: Creating rcu_torture_barrier_cbs task
[    7.714460] tasks-tracing-torture: torture_onoff begin holdoff
[    7.726591] tasks-tracing-torture: Creating rcu_torture_barrier_cbs task
[    7.726654] tasks-tracing-torture: rcu_torture_barrier_cbs task started
[    7.755565] tasks-tracing-torture: Creating rcu_torture_barrier_cbs task
[    7.755574] tasks-tracing-torture: rcu_torture_barrier_cbs task started
[    7.767024] tasks-tracing-torture: Creating rcu_torture_barrier_cbs task
[    7.767055] tasks-tracing-torture: rcu_torture_barrier_cbs task started
[    7.796971] tasks-tracing-torture: Creating rcu_torture_barrier task
[    7.797065] tasks-tracing-torture: rcu_torture_barrier_cbs task started
[    7.806525] tasks-tracing-torture: Creating rcu_torture_read_exit task
[    7.806584] tasks-tracing-torture: rcu_torture_barrier task starting
[    7.834692] tasks-tracing-torture: rcu_torture_read_exit: Start of test
[    7.835178] initcall rcu_torture_init+0x0/0x9a6 returned 0 after 461085 usecs
[    7.852446] calling  timekeeping_init_ops+0x0/0x13 @ 1
[    7.858836] initcall timekeeping_init_ops+0x0/0x13 returned 0 after 186 usecs
[    7.867656] calling  init_clocksource_sysfs+0x0/0x23 @ 1
[    7.876215] initcall init_clocksource_sysfs+0x0/0x23 returned 0 after 1959 usecs
[    7.886192] calling  init_timer_list_procfs+0x0/0x31 @ 1
[    7.893835] initcall init_timer_list_procfs+0x0/0x31 returned 0 after 742 usecs
[    7.903068] calling  alarmtimer_init+0x0/0xc7 @ 1
[    7.911206] initcall alarmtimer_init+0x0/0xc7 returned 0 after 1597 usecs
[    7.920704] calling  init_posix_timers+0x0/0x29 @ 1
[    7.929623] initcall init_posix_timers+0x0/0x29 returned 0 after 200 usecs
[    7.940135] calling  clockevents_init_sysfs+0x0/0xbf @ 1
[    7.950492] initcall clockevents_init_sysfs+0x0/0xbf returned 0 after 1055 usecs
[    7.961834] calling  proc_dma_init+0x0/0x21 @ 1
[    7.968401] initcall proc_dma_init+0x0/0x21 returned 0 after 39 usecs
[    7.977404] calling  proc_modules_init+0x0/0x1e @ 1
[    7.984893] initcall proc_modules_init+0x0/0x1e returned 0 after 9 usecs
[    7.999434] calling  kallsyms_init+0x0/0x21 @ 1
[    8.006024] initcall kallsyms_init+0x0/0x21 returned 0 after 5 usecs
[    8.014589] calling  pid_namespaces_init+0x0/0x2c @ 1
[    8.022178] initcall pid_namespaces_init+0x0/0x2c returned 0 after 297 usecs
[    8.031414] calling  audit_watch_init+0x0/0x37 @ 1
[    8.037618] initcall audit_watch_init+0x0/0x37 returned 0 after 36 usecs
[    8.046440] calling  audit_fsnotify_init+0x0/0x37 @ 1
[    8.053030] initcall audit_fsnotify_init+0x0/0x37 returned 0 after 1 usecs
[    8.062285] calling  audit_tree_init+0x0/0x6d @ 1
[    8.068709] initcall audit_tree_init+0x0/0x6d returned 0 after 18 usecs
[    8.077953] calling  seccomp_sysctl_init+0x0/0x2b @ 1
[    8.086573] initcall seccomp_sysctl_init+0x0/0x2b returned 0 after 210 usecs
[    8.098168] calling  utsname_sysctl_init+0x0/0x13 @ 1
[    8.106675] initcall utsname_sysctl_init+0x0/0x13 returned 0 after 119 usecs
[    8.116345] calling  init_tracepoints+0x0/0x27 @ 1
[    8.122966] initcall init_tracepoints+0x0/0x27 returned 0 after 210 usecs
[    8.132677] calling  init_blk_tracer+0x0/0x50 @ 1
[    8.145206] initcall init_blk_tracer+0x0/0x50 returned 0 after 5392 usecs
[    8.155233] calling  perf_event_sysfs_init+0x0/0x81 @ 1
[    8.165739] initcall perf_event_sysfs_init+0x0/0x81 returned 0 after 2081 usecs
[    8.175289] calling  system_trusted_keyring_init+0x0/0x60 @ 1
[    8.182889] Initialise system trusted keyrings
[    8.189232] initcall system_trusted_keyring_init+0x0/0x60 returned 0 after 6191 usecs
[    8.199651] calling  kswapd_init+0x0/0x5c @ 1
[    8.208924] initcall kswapd_init+0x0/0x5c returned 0 after 2639 usecs
[    8.218664] calling  extfrag_debug_init+0x0/0x54 @ 1
[    8.226839] initcall extfrag_debug_init+0x0/0x54 returned 0 after 657 usecs
[    8.237568] calling  mm_compute_batch_init+0x0/0x12 @ 1
[    8.245736] initcall mm_compute_batch_init+0x0/0x12 returned 0 after 1 usecs
[    8.256678] calling  slab_proc_init+0x0/0x21 @ 1
[    8.263954] initcall slab_proc_init+0x0/0x21 returned 0 after 215 usecs
[    8.272771] calling  workingset_init+0x0/0x8c @ 1
[    8.279622] workingset: timestamp_bits=56 max_order=17 bucket_order=0
[    8.292927] initcall workingset_init+0x0/0x8c returned 0 after 12989 usecs
[    8.303316] calling  proc_vmalloc_init+0x0/0x32 @ 1
[    8.310240] initcall proc_vmalloc_init+0x0/0x32 returned 0 after 35 usecs
[    8.319425] calling  procswaps_init+0x0/0x1e @ 1
[    8.326043] initcall procswaps_init+0x0/0x1e returned 0 after 72 usecs
[    8.335214] calling  slab_sysfs_init+0x0/0xea @ 1
[    8.346211] initcall slab_sysfs_init+0x0/0xea returned 0 after 4527 usecs
[    8.355596] calling  fcntl_init+0x0/0x29 @ 1
[    8.362253] initcall fcntl_init+0x0/0x29 returned 0 after 26 usecs
[    8.371634] calling  proc_filesystems_init+0x0/0x21 @ 1
[    8.379840] initcall proc_filesystems_init+0x0/0x21 returned 0 after 4 usecs
[    8.389352] calling  start_dirtytime_writeback+0x0/0x29 @ 1
[    8.396890] initcall start_dirtytime_writeback+0x0/0x29 returned 0 after 2 usecs
[    8.407112] calling  blkdev_init+0x0/0x1b @ 1
[    8.413697] initcall blkdev_init+0x0/0x1b returned 0 after 465 usecs
[    8.422756] calling  dio_init+0x0/0x2c @ 1
[    8.428973] initcall dio_init+0x0/0x2c returned 0 after 96 usecs
[    8.437700] calling  dnotify_init+0x0/0x78 @ 1
[    8.444382] initcall dnotify_init+0x0/0x78 returned 0 after 281 usecs
[    8.453504] calling  aio_setup+0x0/0x78 @ 1
[    8.461819] initcall aio_setup+0x0/0x78 returned 0 after 2248 usecs
[    8.470906] calling  io_uring_init+0x0/0x2c @ 1
[    8.477496] initcall io_uring_init+0x0/0x2c returned 0 after 7 usecs
[    8.486462] calling  mbcache_init+0x0/0x30 @ 1
[    8.493041] initcall mbcache_init+0x0/0x30 returned 0 after 54 usecs
[    8.502661] calling  init_grace+0x0/0xc @ 1
[    8.509860] initcall init_grace+0x0/0xc returned 0 after 611 usecs
[    8.520566] calling  init_v2_quota_format+0x0/0x21 @ 1
[    8.529684] initcall init_v2_quota_format+0x0/0x21 returned 0 after 167 usecs
[    8.541361] calling  init_devpts_fs+0x0/0x27 @ 1
[    8.547779] initcall init_devpts_fs+0x0/0x27 returned 0 after 162 usecs
[    8.557528] calling  ext4_init_fs+0x0/0x1d0 @ 1
[    8.564916] initcall ext4_init_fs+0x0/0x1d0 returned 0 after 394 usecs
[    8.575117] calling  journal_init+0x0/0x11c @ 1
[    8.582243] initcall journal_init+0x0/0x11c returned 0 after 107 usecs
[    8.592223] calling  init_fat_fs+0x0/0x49 @ 1
[    8.599239] initcall init_fat_fs+0x0/0x49 returned 0 after 101 usecs
[    8.608610] calling  init_vfat_fs+0x0/0xc @ 1
[    8.615444] initcall init_vfat_fs+0x0/0xc returned 0 after 4 usecs
[    8.625198] calling  init_msdos_fs+0x0/0xc @ 1
[    8.632767] initcall init_msdos_fs+0x0/0xc returned 0 after 4 usecs
[    8.642008] calling  init_iso9660_fs+0x0/0x6c @ 1
[    8.649810] initcall init_iso9660_fs+0x0/0x6c returned 0 after 171 usecs
[    8.660294] calling  init_nfs_fs+0x0/0x13a @ 1
[    8.673997] initcall init_nfs_fs+0x0/0x13a returned 0 after 6636 usecs
[    8.683447] calling  init_nfs_v2+0x0/0x13 @ 1
[    8.690820] initcall init_nfs_v2+0x0/0x13 returned 0 after 183 usecs
[    8.700436] calling  init_nfs_v3+0x0/0x13 @ 1
[    8.707228] initcall init_nfs_v3+0x0/0x13 returned 0 after 18 usecs
[    8.716845] calling  init_nfs_v4+0x0/0x32 @ 1
[    8.724160] NFS: Registering the id_resolver key type
[    8.733606] Key type id_resolver registered
[    8.741459] Key type id_legacy registered
[    8.748763] initcall init_nfs_v4+0x0/0x32 returned 0 after 24049 usecs
[    8.759905] calling  init_nlm+0x0/0x5b @ 1
[    8.767509] initcall init_nlm+0x0/0x5b returned 0 after 514 usecs
[    8.778047] calling  init_nls_cp437+0x0/0xe @ 1
[    8.786715] initcall init_nls_cp437+0x0/0xe returned 0 after 211 usecs
[    8.798606] calling  init_nls_ascii+0x0/0xe @ 1
[    8.806453] initcall init_nls_ascii+0x0/0xe returned 0 after 1 usecs
[    8.816545] calling  init_nls_iso8859_1+0x0/0xe @ 1
[    8.826648] initcall init_nls_iso8859_1+0x0/0xe returned 0 after 0 usecs
[    8.835995] calling  init_nls_utf8+0x0/0x21 @ 1
[    8.843933] initcall init_nls_utf8+0x0/0x21 returned 0 after 1 usecs
[    8.855141] calling  init_autofs_fs+0x0/0x25 @ 1
[    8.867924] initcall init_autofs_fs+0x0/0x25 returned 0 after 4031 usecs
[    8.879596] calling  ipc_init+0x0/0x24 @ 1
[    8.887274] initcall ipc_init+0x0/0x24 returned 0 after 88 usecs
[    8.897059] calling  ipc_sysctl_init+0x0/0x13 @ 1
[    8.905809] initcall ipc_sysctl_init+0x0/0x13 returned 0 after 316 usecs
[    8.915505] calling  init_mqueue_fs+0x0/0x9a @ 1
[    8.924170] initcall init_mqueue_fs+0x0/0x9a returned 0 after 1826 usecs
[    8.933970] calling  key_proc_init+0x0/0x63 @ 1
[    8.941435] initcall key_proc_init+0x0/0x63 returned 0 after 203 usecs
[    8.952382] calling  selinux_nf_ip_init+0x0/0x2e @ 1
[    8.961583] initcall selinux_nf_ip_init+0x0/0x2e returned 0 after 96 usecs
[    8.973847] calling  init_sel_fs+0x0/0x116 @ 1
[    8.981414] initcall init_sel_fs+0x0/0x116 returned 0 after 1 usecs
[    8.992715] calling  selnl_init+0x0/0x7c @ 1
[    9.001073] initcall selnl_init+0x0/0x7c returned 0 after 325 usecs
[    9.010939] calling  sel_netif_init+0x0/0x36 @ 1
[    9.018609] initcall sel_netif_init+0x0/0x36 returned 0 after 0 usecs
[    9.029653] calling  sel_netnode_init+0x0/0x33 @ 1
[    9.037408] initcall sel_netnode_init+0x0/0x33 returned 0 after 0 usecs
[    9.046344] calling  sel_netport_init+0x0/0x33 @ 1
[    9.054884] initcall sel_netport_init+0x0/0x33 returned 0 after 895 usecs
[    9.065315] calling  aurule_init+0x0/0x2a @ 1
[    9.072213] initcall aurule_init+0x0/0x2a returned 0 after 1 usecs
[    9.081970] calling  crypto_algapi_init+0x0/0xc @ 1
[    9.090144] initcall crypto_algapi_init+0x0/0xc returned 0 after 5 usecs
[    9.100384] calling  jent_mod_init+0x0/0x2d @ 1
[    9.120697] initcall jent_mod_init+0x0/0x2d returned 0 after 12886 usecs
[    9.131067] calling  asymmetric_key_init+0x0/0xc @ 1
[    9.139583] Key type asymmetric registered
[    9.146192] initcall asymmetric_key_init+0x0/0xc returned 0 after 6452 usecs
[    9.158238] calling  x509_key_init+0x0/0xc @ 1
[    9.166163] Asymmetric key parser 'x509' registered
[    9.173779] initcall x509_key_init+0x0/0xc returned 0 after 7470 usecs
[    9.183216] calling  proc_genhd_init+0x0/0x41 @ 1
[    9.190571] initcall proc_genhd_init+0x0/0x41 returned 0 after 7 usecs
[    9.201201] calling  bsg_init+0x0/0x113 @ 1
[    9.209094] Block layer SCSI generic (bsg) driver version 0.4 loaded (major 251)
[    9.222548] initcall bsg_init+0x0/0x113 returned 0 after 13893 usecs
[    9.234089] calling  deadline_init+0x0/0xc @ 1
[    9.241145] io scheduler mq-deadline registered
[    9.248622] initcall deadline_init+0x0/0xc returned 0 after 7550 usecs
[    9.260389] calling  kyber_init+0x0/0xc @ 1
[    9.268018] io scheduler kyber registered
[    9.275582] initcall kyber_init+0x0/0xc returned 0 after 7447 usecs
[    9.286250] calling  mod_init+0x0/0x7 @ 1
[    9.293681] initcall mod_init+0x0/0x7 returned 0 after 0 usecs
[    9.303868] calling  percpu_counter_startup+0x0/0x55 @ 1
[    9.319596] initcall percpu_counter_startup+0x0/0x55 returned 0 after 6179 usecs
[    9.332432] calling  sg_pool_init+0x0/0xb4 @ 1
[    9.341631] initcall sg_pool_init+0x0/0xb4 returned 0 after 1359 usecs
[    9.353759] calling  pcie_portdrv_init+0x0/0x39 @ 1
[    9.366798] initcall pcie_portdrv_init+0x0/0x39 returned 0 after 3797 usecs
[    9.379320] calling  pci_proc_init+0x0/0x68 @ 1
[    9.388114] initcall pci_proc_init+0x0/0x68 returned 0 after 339 usecs
[    9.399300] calling  pci_hotplug_init+0x0/0x7 @ 1
[    9.407683] initcall pci_hotplug_init+0x0/0x7 returned 0 after 1 usecs
[    9.420055] calling  efifb_driver_init+0x0/0xe @ 1
[    9.429778] initcall efifb_driver_init+0x0/0xe returned 0 after 59 usecs
[    9.440852] calling  ged_driver_init+0x0/0xe @ 1
[    9.447921] initcall ged_driver_init+0x0/0xe returned 0 after 277 usecs
[    9.458614] calling  acpi_ac_init+0x0/0x92 @ 1
[    9.468542] initcall acpi_ac_init+0x0/0x92 returned 0 after 1967 usecs
[    9.479646] calling  acpi_button_driver_init+0x0/0x52 @ 1
[    9.492202] input: Power Button as /devices/LNXSYSTM:00/LNXPWRBN:00/input/input0
[    9.513269] ACPI: Power Button [PWRF]
[    9.526214] initcall acpi_button_driver_init+0x0/0x52 returned 0 after 35838 usecs
[    9.537253] calling  acpi_fan_driver_init+0x0/0xe @ 1
[    9.544825] initcall acpi_fan_driver_init+0x0/0xe returned 0 after 24 usecs
[    9.561058] calling  acpi_video_init+0x0/0xcb @ 1
[    9.570258] initcall acpi_video_init+0x0/0xcb returned 0 after 618 usecs
[    9.581712] calling  acpi_processor_driver_init+0x0/0xad @ 1
[    9.603670] initcall acpi_processor_driver_init+0x0/0xad returned 0 after 12251 usecs
[    9.615560] calling  acpi_thermal_init+0x0/0x71 @ 1
[    9.629714] initcall acpi_thermal_init+0x0/0x71 returned 0 after 6245 usecs
[    9.658799] calling  acpi_battery_init+0x0/0x32 @ 1
[    9.668339] initcall acpi_battery_init+0x0/0x32 returned 0 after 660 usecs
[    9.681087] calling  bgrt_init+0x0/0xb6 @ 1
[    9.689289] initcall bgrt_init+0x0/0xb6 returned -19 after 0 usecs
[    9.700309] calling  gpio_clk_driver_init+0x0/0xe @ 1
[    9.712136] initcall gpio_clk_driver_init+0x0/0xe returned 0 after 630 usecs
[    9.724141] calling  plt_clk_driver_init+0x0/0xe @ 1
[    9.734564] initcall plt_clk_driver_init+0x0/0xe returned 0 after 29 usecs
[    9.747828] calling  virtio_pci_driver_init+0x0/0x15 @ 1
[    9.759921] initcall virtio_pci_driver_init+0x0/0x15 returned 0 after 114 usecs
[    9.774678] calling  n_null_init+0x0/0x1e @ 1
[    9.792964] initcall n_null_init+0x0/0x1e returned 0 after 342 usecs
[    9.808493] calling  pty_init+0x0/0x1e8 @ 1
[    9.821311] initcall pty_init+0x0/0x1e8 returned 0 after 5658 usecs
[    9.837808] calling  sysrq_init+0x0/0x62 @ 1
[    9.844940] initcall sysrq_init+0x0/0x62 returned 0 after 7 usecs
[    9.855421] calling  serial8250_init+0x0/0x17e @ 1
[    9.865108] Serial: 8250/16550 driver, 4 ports, IRQ sharing enabled
[    9.889153] 00:03: ttyS0 at I/O 0x3f8 (irq = 4, base_baud = 115200) is a 16550A
[    9.961635] initcall serial8250_init+0x0/0x17e returned 0 after 94602 usecs
[    9.980926] calling  serial_pci_driver_init+0x0/0x15 @ 1
[    9.992789] initcall serial_pci_driver_init+0x0/0x15 returned 0 after 311 usecs
[   10.006489] calling  exar_pci_driver_init+0x0/0x15 @ 1
[   10.015529] initcall exar_pci_driver_init+0x0/0x15 returned 0 after 29 usecs
[   10.027237] calling  lpss8250_pci_driver_init+0x0/0x15 @ 1
[   10.037232] initcall lpss8250_pci_driver_init+0x0/0x15 returned 0 after 912 usecs
[   10.051975] calling  mid8250_pci_driver_init+0x0/0x15 @ 1
[   10.062295] initcall mid8250_pci_driver_init+0x0/0x15 returned 0 after 29 usecs
[   10.079815] calling  virtio_console_init+0x0/0xff @ 1
[   10.092158] initcall virtio_console_init+0x0/0xff returned 0 after 1865 usecs
[   10.103306] calling  hpet_init+0x0/0x64 @ 1
[   10.130581] initcall hpet_init+0x0/0x64 returned 0 after 20045 usecs
[   10.141772] calling  nvram_module_init+0x0/0x83 @ 1
[   10.155777] Non-volatile memory driver v1.3
[   10.162130] initcall nvram_module_init+0x0/0x83 returned 0 after 12354 usecs
[   10.175576] calling  hwrng_modinit+0x0/0x8a @ 1
[   10.196667] initcall hwrng_modinit+0x0/0x8a returned 0 after 4726 usecs
[   10.222538] calling  mod_init+0x0/0x48 @ 1
[   10.228936] initcall mod_init+0x0/0x48 returned -19 after 0 usecs
[   10.239783] calling  agp_init+0x0/0x23 @ 1
[   10.245781] Linux agpgart interface v0.103
[   10.253045] initcall agp_init+0x0/0x23 returned 0 after 6863 usecs
[   10.274873] calling  agp_amd64_mod_init+0x0/0x5 @ 1
[   10.281882] initcall agp_amd64_mod_init+0x0/0x5 returned -19 after 508 usecs
[   10.294226] calling  agp_intel_init+0x0/0x28 @ 1
[   10.308896] initcall agp_intel_init+0x0/0x28 returned 0 after 6171 usecs
[   10.320545] calling  drm_kms_helper_init+0x0/0x7 @ 1
[   10.328149] initcall drm_kms_helper_init+0x0/0x7 returned 0 after 84 usecs
[   10.338817] calling  drm_core_init+0x0/0xa4 @ 1
[   10.350003] initcall drm_core_init+0x0/0xa4 returned 0 after 2262 usecs
[   10.360631] calling  i915_init+0x0/0x6b @ 1
[   10.380657] initcall i915_init+0x0/0x6b returned 0 after 10918 usecs
[   10.392187] calling  cn_proc_init+0x0/0x35 @ 1
[   10.406166] initcall cn_proc_init+0x0/0x35 returned 0 after 3 usecs
[   10.415626] calling  topology_sysfs_init+0x0/0x27 @ 1
[   10.423806] initcall topology_sysfs_init+0x0/0x27 returned 0 after 697 usecs
[   10.435454] calling  cacheinfo_sysfs_init+0x0/0x27 @ 1
[   10.463446] initcall cacheinfo_sysfs_init+0x0/0x27 returned 0 after 20247 usecs
[   10.476130] calling  loop_init+0x0/0x168 @ 1
[   10.677355] loop: module loaded
[   10.682293] initcall loop_init+0x0/0x168 returned 0 after 195258 usecs
[   10.692693] calling  mac_hid_init+0x0/0x21 @ 1
[   10.699793] initcall mac_hid_init+0x0/0x21 returned 0 after 38 usecs
[   10.709571] calling  spi_transport_init+0x0/0x74 @ 1
[   10.717717] initcall spi_transport_init+0x0/0x74 returned 0 after 388 usecs
[   10.728347] calling  init_sd+0x0/0x18c @ 1
[   10.736285] initcall init_sd+0x0/0x18c returned 0 after 1510 usecs
[   10.746828] calling  init_sr+0x0/0x43 @ 1
[   10.753209] initcall init_sr+0x0/0x43 returned 0 after 114 usecs
[   10.762295] calling  init_sg+0x0/0x1c0 @ 1
[   10.768901] initcall init_sg+0x0/0x1c0 returned 0 after 485 usecs
[   10.777962] calling  ahci_pci_driver_init+0x0/0x15 @ 1
[   10.791104] ahci 0000:00:1f.2: version 3.0
[   10.808057] PCI Interrupt Link [GSIA] enabled at IRQ 16
[   10.835407] ahci 0000:00:1f.2: AHCI 0001.0000 32 slots 6 ports 1.5 Gbps 0x3f impl SATA mode
[   10.848275] ahci 0000:00:1f.2: flags: 64bit ncq only 
[   10.889051] scsi host0: ahci
[   10.900796] scsi host1: ahci
[   10.918668] scsi host2: ahci
[   10.930140] scsi host3: ahci
[   10.941734] scsi host4: ahci
[   10.955964] scsi host5: ahci
[   10.961810] ata1: SATA max UDMA/133 abar m4096@0xfebf1000 port 0xfebf1100 irq 24
[   10.972727] ata2: SATA max UDMA/133 abar m4096@0xfebf1000 port 0xfebf1180 irq 24
[   10.984999] ata3: SATA max UDMA/133 abar m4096@0xfebf1000 port 0xfebf1200 irq 24
[   10.999812] ata4: SATA max UDMA/133 abar m4096@0xfebf1000 port 0xfebf1280 irq 24
[   11.011623] ata5: SATA max UDMA/133 abar m4096@0xfebf1000 port 0xfebf1300 irq 24
[   11.023886] ata6: SATA max UDMA/133 abar m4096@0xfebf1000 port 0xfebf1380 irq 24
[   11.036953] initcall ahci_pci_driver_init+0x0/0x15 returned 0 after 244621 usecs
[   11.048748] calling  piix_init+0x0/0x26 @ 1
[   11.055255] initcall piix_init+0x0/0x26 returned 0 after 103 usecs
[   11.065005] calling  amd_pci_driver_init+0x0/0x15 @ 1
[   11.073811] initcall amd_pci_driver_init+0x0/0x15 returned 0 after 1168 usecs
[   11.085395] calling  oldpiix_pci_driver_init+0x0/0x15 @ 1
[   11.095199] initcall oldpiix_pci_driver_init+0x0/0x15 returned 0 after 471 usecs
[   11.107755] calling  sch_pci_driver_init+0x0/0x15 @ 1
[   11.116414] initcall sch_pci_driver_init+0x0/0x15 returned 0 after 41 usecs
[   11.128887] calling  net_olddevs_init+0x0/0x55 @ 1
[   11.138050] initcall net_olddevs_init+0x0/0x55 returned 0 after 591 usecs
[   11.149084] calling  blackhole_netdev_init+0x0/0x78 @ 1
[   11.159626] initcall blackhole_netdev_init+0x0/0x78 returned 0 after 1434 usecs
[   11.170524] calling  phy_module_init+0x0/0x13 @ 1
[   11.178757] initcall phy_module_init+0x0/0x13 returned 0 after 652 usecs
[   11.188605] calling  tg3_driver_init+0x0/0x15 @ 1
[   11.195854] initcall tg3_driver_init+0x0/0x15 returned 0 after 99 usecs
[   11.206118] calling  e100_init_module+0x0/0x4c @ 1
[   11.213468] e100: Intel(R) PRO/100 Network Driver
[   11.221110] e100: Copyright(c) 1999-2006 Intel Corporation
[   11.230298] initcall e100_init_module+0x0/0x4c returned 0 after 16423 usecs
[   11.241010] calling  e1000_init_module+0x0/0x72 @ 1
[   11.248774] e1000: Intel(R) PRO/1000 Network Driver
[   11.257103] e1000: Copyright (c) 1999-2006 Intel Corporation.
[   11.266134] initcall e1000_init_module+0x0/0x72 returned 0 after 16948 usecs
[   11.276782] calling  e1000_init_module+0x0/0x2d @ 1
[   11.284785] e1000e: Intel(R) PRO/1000 Network Driver
[   11.292329] e1000e: Copyright(c) 1999 - 2015 Intel Corporation.
[   11.301633] initcall e1000_init_module+0x0/0x2d returned 0 after 16734 usecs
[   11.312809] calling  sky2_init_module+0x0/0x21 @ 1
[   11.320449] sky2: driver version 1.30
[   11.326880] initcall sky2_init_module+0x0/0x21 returned 0 after 6276 usecs
[   11.337961] calling  forcedeth_pci_driver_init+0x0/0x15 @ 1
[   11.346565] initcall forcedeth_pci_driver_init+0x0/0x15 returned 0 after 32 usecs
[   11.353948] ata2: SATA link down (SStatus 0 SControl 300)
[   11.358220] calling  rtl8139_init_module+0x0/0x15 @ 1
[   11.358426] initcall rtl8139_init_module+0x0/0x15 returned 0 after 196 usecs
[   11.371398] ata3: SATA link up 1.5 Gbps (SStatus 113 SControl 300)
[   11.375015] calling  rtl8169_pci_driver_init+0x0/0x15 @ 1
[   11.375130] initcall rtl8169_pci_driver_init+0x0/0x15 returned 0 after 109 usecs
[   11.393227] ata5: SATA link down (SStatus 0 SControl 300)
[   11.400227] calling  cdrom_init+0x0/0xc @ 1
[   11.417830] ata4: SATA link down (SStatus 0 SControl 300)
[   11.422845] initcall cdrom_init+0x0/0xc returned 0 after 87 usecs
[   11.436014] ata1: SATA link down (SStatus 0 SControl 300)
[   11.439619] calling  nonstatic_sysfs_init+0x0/0xc @ 1
[   11.453038] ata6: SATA link down (SStatus 0 SControl 300)
[   11.461835] initcall nonstatic_sysfs_init+0x0/0xc returned 0 after 689 usecs
[   11.473623] ata3.00: ATAPI: QEMU DVD-ROM, 2.5+, max UDMA/100
[   11.477555] calling  yenta_cardbus_driver_init+0x0/0x15 @ 1
[   11.486305] ata3.00: applying bridge limits
[   11.500529] ata3.00: configured for UDMA/100
[   11.509563] initcall yenta_cardbus_driver_init+0x0/0x15 returned 0 after 358 usecs
[   11.546922] calling  mon_init+0x0/0x12d @ 1
[   11.547796] scsi 2:0:0:0: CD-ROM            QEMU     QEMU DVD-ROM     2.5+ PQ: 0 ANSI: 5
[   11.558028] initcall mon_init+0x0/0x12d returned 0 after 4682 usecs
[   11.576825] calling  ehci_hcd_init+0x0/0x56 @ 1
[   11.583260] ehci_hcd: USB 2.0 'Enhanced' Host Controller (EHCI) Driver
[   11.594310] initcall ehci_hcd_init+0x0/0x56 returned 0 after 10882 usecs
[   11.606447] calling  ehci_pci_init+0x0/0x64 @ 1
[   11.613778] ehci-pci: EHCI PCI platform driver
[   11.621760] initcall ehci_pci_init+0x0/0x64 returned 0 after 7808 usecs
[   11.634769] calling  ohci_hcd_mod_init+0x0/0x4e @ 1
[   11.642703] ohci_hcd: USB 1.1 'Open' Host Controller (OHCI) Driver
[   11.651994] initcall ohci_hcd_mod_init+0x0/0x4e returned 0 after 9069 usecs
[   11.662981] calling  ohci_pci_init+0x0/0x64 @ 1
[   11.670528] ohci-pci: OHCI PCI platform driver
[   11.677818] initcall ohci_pci_init+0x0/0x64 returned 0 after 7156 usecs
[   11.688511] calling  uhci_hcd_init+0x0/0xa8 @ 1
[   11.697498] uhci_hcd: USB Universal Host Controller Interface driver
[   11.729336] initcall uhci_hcd_init+0x0/0xa8 returned 0 after 30842 usecs
[   11.734756] sr 2:0:0:0: [sr0] scsi3-mmc drive: 4x/4x cd/rw xa/form2 tray
[   11.742133] calling  xhci_hcd_init+0x0/0x1e @ 1
[   11.766797] initcall xhci_hcd_init+0x0/0x1e returned 0 after 1735 usecs
[   11.779861] calling  xhci_pci_init+0x0/0x49 @ 1
[   11.782367] cdrom: Uniform CD-ROM driver Revision: 3.20
[   11.787448] initcall xhci_pci_init+0x0/0x49 returned 0 after 773 usecs
[   11.812492] calling  usblp_driver_init+0x0/0x15 @ 1
[   11.822015] usbcore: registered new interface driver usblp
[   11.830873] initcall usblp_driver_init+0x0/0x15 returned 0 after 9264 usecs
[   11.847083] calling  usb_storage_driver_init+0x0/0x2a @ 1
[   11.856942] usbcore: registered new interface driver usb-storage
[   11.869619] initcall usb_storage_driver_init+0x0/0x2a returned 0 after 12814 usecs
[   11.882967] calling  i8042_init+0x0/0x4c2 @ 1
[   11.891136] i8042: PNP: PS/2 Controller [PNP0303:KBD,PNP0f13:MOU] at 0x60,0x64 irq 1,12
[   11.941000] serio: i8042 KBD port at 0x60,0x64 irq 1
[   11.961176] serio: i8042 AUX port at 0x60,0x64 irq 12
[   11.968530] initcall i8042_init+0x0/0x4c2 returned 0 after 77162 usecs
[   11.978342] calling  serport_init+0x0/0x2c @ 1
[   11.986896] initcall serport_init+0x0/0x2c returned 0 after 98 usecs
[   11.996861] calling  input_leds_init+0x0/0xc @ 1
[   11.997041] sr 2:0:0:0: Attached scsi CD-ROM sr0
[   12.006771] initcall input_leds_init+0x0/0xc returned 0 after 381 usecs
[   12.016542] sr 2:0:0:0: Attached scsi generic sg0 type 5
[   12.033144] calling  evdev_init+0x0/0xc @ 1
[   12.048939] initcall evdev_init+0x0/0xc returned 0 after 15418 usecs
[   12.064385] calling  atkbd_init+0x0/0x21 @ 1
[   12.075571] input: AT Translated Set 2 keyboard as /devices/platform/i8042/serio0/input/input1
[   12.099357] initcall atkbd_init+0x0/0x21 returned 0 after 27150 usecs
[   12.114530] calling  psmouse_init+0x0/0x7f @ 1
[   12.121672] initcall psmouse_init+0x0/0x7f returned 0 after 570 usecs
[   12.131163] calling  cmos_init+0x0/0x73 @ 1
[   12.146447] rtc_cmos 00:04: RTC can wake from S4
[   12.170917] rtc_cmos 00:04: registered as rtc0
[   12.180198] rtc_cmos 00:04: alarms up to one day, y3k, 242 bytes nvram, hpet irqs
[   12.195178] initcall cmos_init+0x0/0x73 returned 0 after 50638 usecs
[   12.208821] calling  smbalert_driver_init+0x0/0xe @ 1
[   12.219081] initcall smbalert_driver_init+0x0/0xe returned 0 after 337 usecs
[   12.246411] calling  i2c_i801_init+0x0/0xc5 @ 1
[   12.276076] i801_smbus 0000:00:1f.3: SMBus using PCI interrupt
[   12.287449] i2c i2c-0: 1/1 memory slots populated (from DMI)
[   12.296490] i2c i2c-0: Memory type 0x07 not supported yet, not instantiating SPD
[   12.310735] initcall i2c_i801_init+0x0/0xc5 returned 0 after 48007 usecs
[   12.320891] calling  ptp_kvm_init+0x0/0xf0 @ 1
[   12.328822] initcall ptp_kvm_init+0x0/0xf0 returned 0 after 941 usecs
[   12.338807] calling  dm_init+0x0/0x3c @ 1
[   12.346572] device-mapper: ioctl: 4.43.0-ioctl (2020-10-01) initialised: dm-devel@redhat.com
[   12.359212] initcall dm_init+0x0/0x3c returned 0 after 13737 usecs
[   12.369221] calling  dm_mirror_init+0x0/0x29 @ 1
[   12.376144] initcall dm_mirror_init+0x0/0x29 returned 0 after 15 usecs
[   12.389590] calling  dm_dirty_log_init+0x0/0x4f @ 1
[   12.396765] initcall dm_dirty_log_init+0x0/0x4f returned 0 after 69 usecs
[   12.408393] calling  dm_zero_init+0x0/0x29 @ 1
[   12.415442] initcall dm_zero_init+0x0/0x29 returned 0 after 3 usecs
[   12.425337] calling  intel_pstate_init+0x0/0x510 @ 1
[   12.433188] intel_pstate: CPU model not supported
[   12.440528] initcall intel_pstate_init+0x0/0x510 returned -19 after 7201 usecs
[   12.452016] calling  haltpoll_init+0x0/0xc0 @ 1
[   12.459158] initcall haltpoll_init+0x0/0xc0 returned -19 after 35 usecs
[   12.469518] calling  efivars_sysfs_init+0x0/0x30 @ 1
[   12.477656] initcall efivars_sysfs_init+0x0/0x30 returned 0 after 60 usecs
[   12.488606] calling  esrt_sysfs_init+0x0/0x2a2 @ 1
[   12.496533] initcall esrt_sysfs_init+0x0/0x2a2 returned -38 after 400 usecs
[   12.507432] calling  hid_init+0x0/0x5c @ 1
[   12.514230] hid: raw HID events driver (C) Jiri Kosina
[   12.522092] initcall hid_init+0x0/0x5c returned 0 after 8023 usecs
[   12.531829] calling  hid_generic_init+0x0/0x15 @ 1
[   12.539977] initcall hid_generic_init+0x0/0x15 returned 0 after 373 usecs
[   12.550399] calling  a4_driver_init+0x0/0x15 @ 1
[   12.557948] initcall a4_driver_init+0x0/0x15 returned 0 after 248 usecs
[   12.568498] calling  apple_driver_init+0x0/0x15 @ 1
[   12.576954] initcall apple_driver_init+0x0/0x15 returned 0 after 441 usecs
[   12.588222] calling  belkin_driver_init+0x0/0x15 @ 1
[   12.596094] initcall belkin_driver_init+0x0/0x15 returned 0 after 296 usecs
[   12.607483] calling  ch_driver_init+0x0/0x15 @ 1
[   12.626431] initcall ch_driver_init+0x0/0x15 returned 0 after 926 usecs
[   12.637572] calling  ch_driver_init+0x0/0x15 @ 1
[   12.644483] initcall ch_driver_init+0x0/0x15 returned 0 after 30 usecs
[   12.654943] calling  cp_driver_init+0x0/0x15 @ 1
[   12.677872] initcall cp_driver_init+0x0/0x15 returned 0 after 40 usecs
[   12.687233] calling  ez_driver_init+0x0/0x15 @ 1
[   12.705278] initcall ez_driver_init+0x0/0x15 returned 0 after 28 usecs
[   12.730753] tasks-tracing-torture: rcu_torture_read_exit: End of episode
[   12.730994] calling  gyration_driver_init+0x0/0x15 @ 1
[   12.756527] initcall gyration_driver_init+0x0/0x15 returned 0 after 294 usecs
[   12.787837] calling  ite_driver_init+0x0/0x15 @ 1
[   12.795099] initcall ite_driver_init+0x0/0x15 returned 0 after 66 usecs
[   12.817214] calling  ks_driver_init+0x0/0x15 @ 1
[   12.824184] initcall ks_driver_init+0x0/0x15 returned 0 after 30 usecs
[   12.854116] calling  lg_driver_init+0x0/0x15 @ 1
[   12.861454] initcall lg_driver_init+0x0/0x15 returned 0 after 357 usecs
[   12.872158] calling  lg_g15_driver_init+0x0/0x15 @ 1
[   12.893712] initcall lg_g15_driver_init+0x0/0x15 returned 0 after 269 usecs
[   12.904232] calling  ms_driver_init+0x0/0x15 @ 1
[   12.923645] initcall ms_driver_init+0x0/0x15 returned 0 after 497 usecs
[   12.944682] calling  mr_driver_init+0x0/0x15 @ 1
[   12.963458] initcall mr_driver_init+0x0/0x15 returned 0 after 208 usecs
[   12.973217] calling  ntrig_driver_init+0x0/0x15 @ 1
[   12.980771] initcall ntrig_driver_init+0x0/0x15 returned 0 after 72 usecs
[   12.992629] calling  pl_driver_init+0x0/0x15 @ 1
[   12.999427] initcall pl_driver_init+0x0/0x15 returned 0 after 80 usecs
[   13.020561] calling  pl_driver_init+0x0/0x15 @ 1
[   13.027957] initcall pl_driver_init+0x0/0x15 returned 0 after 248 usecs
[   13.038129] calling  redragon_driver_init+0x0/0x15 @ 1
[   13.057280] initcall redragon_driver_init+0x0/0x15 returned 0 after 48 usecs
[   13.079845] calling  samsung_driver_init+0x0/0x15 @ 1
[   13.087938] initcall samsung_driver_init+0x0/0x15 returned 0 after 38 usecs
[   13.098384] calling  sony_init+0x0/0x38 @ 1
[   13.104886] initcall sony_init+0x0/0x38 returned 0 after 35 usecs
[   13.121275] calling  sp_driver_init+0x0/0x15 @ 1
[   13.128160] initcall sp_driver_init+0x0/0x15 returned 0 after 62 usecs
[   13.140878] calling  ts_driver_init+0x0/0x15 @ 1
[   13.147612] initcall ts_driver_init+0x0/0x15 returned 0 after 109 usecs
[   13.157229] calling  hid_init+0x0/0x58 @ 1
[   13.163559] usbcore: registered new interface driver usbhid
[   13.171323] usbhid: USB HID core driver
[   13.180374] initcall hid_init+0x0/0x58 returned 0 after 16988 usecs
[   13.188192] calling  eeepc_laptop_init+0x0/0x57 @ 1
[   13.196387] initcall eeepc_laptop_init+0x0/0x57 returned -19 after 406 usecs
[   13.206377] calling  pmc_atom_init+0x0/0x27a @ 1
[   13.213190] initcall pmc_atom_init+0x0/0x27a returned -19 after 7 usecs
[   13.223099] calling  alsa_hwdep_init+0x0/0x5e @ 1
[   13.230419] initcall alsa_hwdep_init+0x0/0x5e returned 0 after 405 usecs
[   13.241548] calling  alsa_timer_init+0x0/0x1f0 @ 1
[   13.254817] initcall alsa_timer_init+0x0/0x1f0 returned 0 after 4771 usecs
[   13.265316] calling  snd_hrtimer_init+0x0/0x117 @ 1
[   13.273133] initcall snd_hrtimer_init+0x0/0x117 returned 0 after 3 usecs
[   13.283003] calling  alsa_pcm_init+0x0/0x64 @ 1
[   13.290346] initcall alsa_pcm_init+0x0/0x64 returned 0 after 503 usecs
[   13.302713] calling  alsa_seq_init+0x0/0x4a @ 1
[   13.317613] initcall alsa_seq_init+0x0/0x4a returned 0 after 427 usecs
[   13.328851] input: ImExPS/2 Generic Explorer Mouse as /devices/platform/i8042/serio1/input/input3
[   13.342467] calling  alsa_seq_dummy_init+0x0/0x9c @ 1
[   13.377736] initcall alsa_seq_dummy_init+0x0/0x9c returned 0 after 29 usecs
[   13.398824] calling  azx_driver_init+0x0/0x15 @ 1
[   13.405495] initcall azx_driver_init+0x0/0x15 returned 0 after 102 usecs
[   13.429684] calling  sock_diag_init+0x0/0x2a @ 1
[   13.437521] initcall sock_diag_init+0x0/0x2a returned 0 after 1128 usecs
[   13.446436] calling  blackhole_init+0x0/0xc @ 1
[   13.452923] initcall blackhole_init+0x0/0xc returned 0 after 30 usecs
[   13.461846] calling  nfnetlink_init+0x0/0x57 @ 1
[   13.468579] initcall nfnetlink_init+0x0/0x57 returned 0 after 131 usecs
[   13.477917] calling  nfnetlink_log_init+0x0/0x99 @ 1
[   13.485006] initcall nfnetlink_log_init+0x0/0x99 returned 0 after 173 usecs
[   13.495178] calling  nf_conntrack_standalone_init+0x0/0x87 @ 1
[   13.505653] initcall nf_conntrack_standalone_init+0x0/0x87 returned 0 after 1314 usecs
[   13.517513] calling  ctnetlink_init+0x0/0x83 @ 1
[   13.525119] initcall ctnetlink_init+0x0/0x83 returned 0 after 21 usecs
[   13.534707] calling  nf_conntrack_ftp_init+0x0/0x12c @ 1
[   13.547075] initcall nf_conntrack_ftp_init+0x0/0x12c returned 0 after 172 usecs
[   13.562009] calling  nf_conntrack_irc_init+0x0/0x129 @ 1
[   13.569650] initcall nf_conntrack_irc_init+0x0/0x129 returned 0 after 37 usecs
[   13.591150] calling  nf_conntrack_sip_init+0x0/0x172 @ 1
[   13.598517] initcall nf_conntrack_sip_init+0x0/0x172 returned 0 after 10 usecs
[   13.608340] calling  nf_nat_init+0x0/0xd2 @ 1
[   13.614719] initcall nf_nat_init+0x0/0xd2 returned 0 after 293 usecs
[   13.623565] calling  nf_nat_ftp_init+0x0/0x2a @ 1
[   13.630350] initcall nf_nat_ftp_init+0x0/0x2a returned 0 after 1 usecs
[   13.655682] calling  nf_nat_irc_init+0x0/0x2a @ 1
[   13.662718] initcall nf_nat_irc_init+0x0/0x2a returned 0 after 1 usecs
[   13.672286] calling  nf_nat_sip_init+0x0/0x36 @ 1
[   13.679425] initcall nf_nat_sip_init+0x0/0x36 returned 0 after 148 usecs
[   13.701013] calling  xt_init+0x0/0xf8 @ 1
[   13.709539] initcall xt_init+0x0/0xf8 returned 0 after 3252 usecs
[   13.732288] calling  tcpudp_mt_init+0x0/0x11 @ 1
[   13.753306] initcall tcpudp_mt_init+0x0/0x11 returned 0 after 601 usecs
[   13.779926] calling  connsecmark_tg_init+0x0/0xc @ 1
[   13.786794] initcall connsecmark_tg_init+0x0/0xc returned 0 after 1 usecs
[   13.813168] calling  nflog_tg_init+0x0/0xc @ 1
[   13.831834] initcall nflog_tg_init+0x0/0xc returned 0 after 1 usecs
[   13.841254] calling  secmark_tg_init+0x0/0x11 @ 1
[   13.864392] initcall secmark_tg_init+0x0/0x11 returned 0 after 1 usecs
[   13.873881] calling  tcpmss_tg_init+0x0/0x11 @ 1
[   13.896801] initcall tcpmss_tg_init+0x0/0x11 returned 0 after 4 usecs
