c[?7l[2J[0mSeaBIOS (version 1.16.0-debian-1.16.0-4)
Booting from ROM...
early console in setup code
c[?7l[2J[    0.000000] Linux version 5.10.155+ (root@joelboxx.c.googlers.com) (gcc (Debian 12.2.0-3) 12.2.0, GNU ld (GNU Binutils for Debian) 2.39) #11 SMP PREEMPT Tue Dec 13 05:30:55 UTC 2022
[    0.000000] Command line: selinux=0 initcall_debug debug console=ttyS0 rcutorture.torture_type=tasks-rude rcutorture.onoff_interval=1000 rcutorture.onoff_holdoff=30 rcutorture.n_barrier_cbs=4 rcutorture.stat_interval=15 rcutorture.shutdown_secs=1800 rcutorture.test_no_idle_hz=1 rcutorture.verbose=1
[    0.000000] x86/fpu: x87 FPU will use FXSAVE
[    0.000000] BIOS-provided physical RAM map:
[    0.000000] BIOS-e820: [mem 0x0000000000000000-0x000000000009fbff] usable
[    0.000000] BIOS-e820: [mem 0x000000000009fc00-0x000000000009ffff] reserved
[    0.000000] BIOS-e820: [mem 0x00000000000f0000-0x00000000000fffff] reserved
[    0.000000] BIOS-e820: [mem 0x0000000000100000-0x000000001ffdefff] usable
[    0.000000] BIOS-e820: [mem 0x000000001ffdf000-0x000000001fffffff] reserved
[    0.000000] BIOS-e820: [mem 0x00000000b0000000-0x00000000bfffffff] reserved
[    0.000000] BIOS-e820: [mem 0x00000000fed1c000-0x00000000fed1ffff] reserved
[    0.000000] BIOS-e820: [mem 0x00000000feffc000-0x00000000feffffff] reserved
[    0.000000] BIOS-e820: [mem 0x00000000fffc0000-0x00000000ffffffff] reserved
[    0.000000] NX (Execute Disable) protection: active
[    0.000000] SMBIOS 2.8 present.
[    0.000000] DMI: QEMU Standard PC (Q35 + ICH9, 2009), BIOS 1.16.0-debian-1.16.0-4 04/01/2014
[    0.000000] Hypervisor detected: KVM
[    0.000000] kvm-clock: Using msrs 4b564d01 and 4b564d00
[    0.000000] kvm-clock: cpu 0, msr c729001, primary cpu clock
[    0.000013] kvm-clock: using sched offset of 2503204213 cycles
[    0.000094] clocksource: kvm-clock: mask: 0xffffffffffffffff max_cycles: 0x1cd42e4dffb, max_idle_ns: 881590591483 ns
[    0.000140] tsc: Detected 1999.999 MHz processor
[    0.002927] e820: update [mem 0x00000000-0x00000fff] usable ==> reserved
[    0.002935] e820: remove [mem 0x000a0000-0x000fffff] usable
[    0.002945] last_pfn = 0x1ffdf max_arch_pfn = 0x400000000
[    0.003710] MTRR default type: write-back
[    0.003745] MTRR fixed ranges enabled:
[    0.003748]   00000-9FFFF write-back
[    0.003750]   A0000-BFFFF uncachable
[    0.003753]   C0000-FFFFF write-protect
[    0.003755] MTRR variable ranges enabled:
[    0.003758]   0 base 00C0000000 mask FFC0000000 uncachable
[    0.003760]   1 disabled
[    0.003763]   2 disabled
[    0.003765]   3 disabled
[    0.003767]   4 disabled
[    0.003769]   5 disabled
[    0.003771]   6 disabled
[    0.003773]   7 disabled
[    0.004004] x86/PAT: Configuration [0-7]: WB  WC  UC- UC  WB  WC  UC- UC  
[    0.012720] found SMP MP-table at [mem 0x000f5ba0-0x000f5baf]
[    0.013386] check: Scanning 1 areas for low memory corruption
[    0.023797] ACPI: Early table checksum verification disabled
[    0.024868] ACPI: RSDP 0x00000000000F59E0 000014 (v00 BOCHS )
[    0.025002] ACPI: RSDT 0x000000001FFE22F5 000038 (v01 BOCHS  BXPC     00000001 BXPC 00000001)
[    0.025096] ACPI: FACP 0x000000001FFE20E5 0000F4 (v03 BOCHS  BXPC     00000001 BXPC 00000001)
[    0.025151] ACPI: DSDT 0x000000001FFE0040 0020A5 (v01 BOCHS  BXPC     00000001 BXPC 00000001)
[    0.025161] ACPI: FACS 0x000000001FFE0000 000040
[    0.025169] ACPI: APIC 0x000000001FFE21D9 000080 (v01 BOCHS  BXPC     00000001 BXPC 00000001)
[    0.025191] ACPI: HPET 0x000000001FFE2259 000038 (v01 BOCHS  BXPC     00000001 BXPC 00000001)
[    0.025200] ACPI: MCFG 0x000000001FFE2291 00003C (v01 BOCHS  BXPC     00000001 BXPC 00000001)
[    0.025208] ACPI: WAET 0x000000001FFE22CD 000028 (v01 BOCHS  BXPC     00000001 BXPC 00000001)
[    0.025216] ACPI: Reserving FACP table memory at [mem 0x1ffe20e5-0x1ffe21d8]
[    0.025219] ACPI: Reserving DSDT table memory at [mem 0x1ffe0040-0x1ffe20e4]
[    0.025222] ACPI: Reserving FACS table memory at [mem 0x1ffe0000-0x1ffe003f]
[    0.025224] ACPI: Reserving APIC table memory at [mem 0x1ffe21d9-0x1ffe2258]
[    0.025227] ACPI: Reserving HPET table memory at [mem 0x1ffe2259-0x1ffe2290]
[    0.025229] ACPI: Reserving MCFG table memory at [mem 0x1ffe2291-0x1ffe22cc]
[    0.025232] ACPI: Reserving WAET table memory at [mem 0x1ffe22cd-0x1ffe22f4]
[    0.025545] ACPI: Local APIC address 0xfee00000
[    0.028772] No NUMA configuration found
[    0.028777] Faking a node at [mem 0x0000000000000000-0x000000001ffdefff]
[    0.028831] NODE_DATA(0) allocated [mem 0x1ffdb000-0x1ffdefff]
[    0.029186] Zone ranges:
[    0.029237]   DMA      [mem 0x0000000000001000-0x0000000000ffffff]
[    0.029251]   DMA32    [mem 0x0000000001000000-0x000000001ffdefff]
[    0.029255]   Normal   empty
[    0.029259] Movable zone start for each node
[    0.029261] Early memory node ranges
[    0.029264]   node   0: [mem 0x0000000000001000-0x000000000009efff]
[    0.029275]   node   0: [mem 0x0000000000100000-0x000000001ffdefff]
[    0.029290] Initmem setup node 0 [mem 0x0000000000001000-0x000000001ffdefff]
[    0.029299] On node 0 totalpages: 130941
[    0.029353]   DMA zone: 64 pages used for memmap
[    0.029356]   DMA zone: 21 pages reserved
[    0.029358]   DMA zone: 3998 pages, LIFO batch:0
[    0.029362]   DMA32 zone: 1984 pages used for memmap
[    0.029364]   DMA32 zone: 126943 pages, LIFO batch:31
[    0.047579] On node 0, zone DMA: 1 pages in unavailable ranges
[    0.048143] On node 0, zone DMA: 97 pages in unavailable ranges
[    0.086213] On node 0, zone DMA32: 33 pages in unavailable ranges
[    0.089721] ACPI: PM-Timer IO Port: 0x608
[    0.089729] ACPI: Local APIC address 0xfee00000
[    0.089796] ACPI: LAPIC_NMI (acpi_id[0xff] dfl dfl lint[0x1])
[    0.090237] IOAPIC[0]: apic_id 0, version 17, address 0xfec00000, GSI 0-23
[    0.090262] ACPI: INT_SRC_OVR (bus 0 bus_irq 0 global_irq 2 dfl dfl)
[    0.090280] ACPI: INT_SRC_OVR (bus 0 bus_irq 5 global_irq 5 high level)
[    0.090283] ACPI: INT_SRC_OVR (bus 0 bus_irq 9 global_irq 9 high level)
[    0.090316] ACPI: INT_SRC_OVR (bus 0 bus_irq 10 global_irq 10 high level)
[    0.090320] ACPI: INT_SRC_OVR (bus 0 bus_irq 11 global_irq 11 high level)
[    0.090323] ACPI: IRQ0 used by override.
[    0.090336] ACPI: IRQ5 used by override.
[    0.090339] ACPI: IRQ9 used by override.
[    0.090341] ACPI: IRQ10 used by override.
[    0.090344] ACPI: IRQ11 used by override.
[    0.090364] Using ACPI (MADT) for SMP configuration information
[    0.090388] ACPI: HPET id: 0x8086a201 base: 0xfed00000
[    0.090555] smpboot: Allowing 2 CPUs, 0 hotplug CPUs
[    0.091129] PM: hibernation: Registered nosave memory: [mem 0x00000000-0x00000fff]
[    0.091133] PM: hibernation: Registered nosave memory: [mem 0x0009f000-0x0009ffff]
[    0.091136] PM: hibernation: Registered nosave memory: [mem 0x000a0000-0x000effff]
[    0.091138] PM: hibernation: Registered nosave memory: [mem 0x000f0000-0x000fffff]
[    0.091144] [mem 0x20000000-0xafffffff] available for PCI devices
[    0.091164] Booting paravirtualized kernel on KVM
[    0.091313] clocksource: refined-jiffies: mask: 0xffffffff max_cycles: 0xffffffff, max_idle_ns: 1910969940391419 ns
[    0.102418] setup_percpu: NR_CPUS:2 nr_cpumask_bits:2 nr_cpu_ids:2 nr_node_ids:1
[    0.103519] percpu: Embedded 58 pages/cpu s198480 r8192 d30896 u1048576
[    0.103537] pcpu-alloc: s198480 r8192 d30896 u1048576 alloc=1*2097152
[    0.103551] pcpu-alloc: [0] 0 1 
[    0.103747] kvm-guest: stealtime: cpu 0, msr 1f41bb40
[    0.104338] Built 1 zonelists, mobility grouping on.  Total pages: 128872
[    0.104342] Policy zone: DMA32
[    0.104362] Kernel command line: selinux=0 initcall_debug debug console=ttyS0 rcutorture.torture_type=tasks-rude rcutorture.onoff_interval=1000 rcutorture.onoff_holdoff=30 rcutorture.n_barrier_cbs=4 rcutorture.stat_interval=15 rcutorture.shutdown_secs=1800 rcutorture.test_no_idle_hz=1 rcutorture.verbose=1
[    0.106988] Dentry cache hash table entries: 65536 (order: 7, 524288 bytes, linear)
[    0.107566] Inode-cache hash table entries: 32768 (order: 6, 262144 bytes, linear)
[    0.107975] mem auto-init: stack:all(zero), heap alloc:off, heap free:off
[    0.110924] Memory: 466776K/523764K available (16398K kernel code, 2805K rwdata, 4836K rodata, 1516K init, 13268K bss, 56728K reserved, 0K cma-reserved)
[    0.111281] SLUB: HWalign=64, Order=0-3, MinObjects=0, CPUs=2, Nodes=1
[    0.111429] Kernel/User page tables isolation: enabled
[    0.114073] Running RCU self tests
[    0.114199] rcu: Preemptible hierarchical RCU implementation.
[    0.114202] rcu: 	RCU event tracing is enabled.
[    0.114205] rcu: 	RCU lockdep checking is enabled.
[    0.114221] 	Trampoline variant of Tasks RCU enabled.
[    0.114224] 	Rude variant of Tasks RCU enabled.
[    0.114226] 	Tracing variant of Tasks RCU enabled.
[    0.114258] rcu: RCU calculated value of scheduler-enlistment delay is 100 jiffies.
[    0.118839] NR_IRQS: 4352, nr_irqs: 440, preallocated irqs: 16
[    0.120462] calling  con_init+0x0/0x24f @ 0
[    0.199770] Console: colour VGA+ 80x25
[    0.199880] initcall con_init+0x0/0x24f returned 0 after 0 usecs
[    0.199886] calling  hvc_console_init+0x0/0x13 @ 0
[    0.199901] initcall hvc_console_init+0x0/0x13 returned 0 after 0 usecs
[    0.199905] calling  univ8250_console_init+0x0/0x26 @ 0
[    1.110373] printk: console [ttyS0] enabled
[    1.117578] initcall univ8250_console_init+0x0/0x26 returned 0 after 0 usecs
[    1.127475] Lock dependency validator: Copyright (c) 2006 Red Hat, Inc., Ingo Molnar
[    1.138122] ... MAX_LOCKDEP_SUBCLASSES:  8
[    1.143975] ... MAX_LOCK_DEPTH:          48
[    1.149775] ... MAX_LOCKDEP_KEYS:        8192
[    1.155777] ... CLASSHASH_SIZE:          4096
[    1.160815] ... MAX_LOCKDEP_ENTRIES:     32768
[    1.165819] ... MAX_LOCKDEP_CHAINS:      65536
[    1.170670] ... CHAINHASH_SIZE:          32768
[    1.175523]  memory used by lock dependency info: 6365 kB
[    1.181584]  memory used for stack traces: 4224 kB
[    1.186872]  per task-struct memory footprint: 1920 bytes
[    1.197224] ACPI: Core revision 20200925
[    1.205630] clocksource: hpet: mask: 0xffffffff max_cycles: 0xffffffff, max_idle_ns: 19112604467 ns
[    1.218508] APIC: Switch to symmetric I/O mode setup
[    1.239857] ..TIMER: vector=0x30 apic1=0 pin1=2 apic2=-1 pin2=-1
[    1.246984] clocksource: tsc-early: mask: 0xffffffffffffffff max_cycles: 0x39a85afc727, max_idle_ns: 881590685098 ns
[    1.259006] Calibrating delay loop (skipped) preset value.. 3999.99 BogoMIPS (lpj=1999999)
[    1.259712] pid_max: default: 32768 minimum: 301
[    1.262455] LSM: Security Framework initializing
[    1.263128] Mount-cache hash table entries: 1024 (order: 1, 8192 bytes, linear)
[    1.264752] Mountpoint-cache hash table entries: 1024 (order: 1, 8192 bytes, linear)
[    1.275353] Last level iTLB entries: 4KB 0, 2MB 0, 4MB 0
[    1.275699] Last level dTLB entries: 4KB 0, 2MB 0, 4MB 0, 1GB 0
[    1.276923] Spectre V1 : Mitigation: usercopy/swapgs barriers and __user pointer sanitization
[    1.277699] Spectre V2 : Mitigation: Retpolines
[    1.278697] Spectre V2 : Spectre v2 / SpectreRSB mitigation: Filling RSB on context switch
[    1.279697] Spectre V2 : Spectre v2 / SpectreRSB : Filling RSB on VMEXIT
[    1.280700] Speculative Store Bypass: Vulnerable
[    1.281729] MDS: Vulnerable: Clear CPU buffers attempted, no microcode
[    1.282697] MMIO Stale Data: Unknown: No mitigations
[    1.341598] Freeing SMP alternatives memory: 40K
[    1.445692] smpboot: CPU0: Intel Common KVM processor (family: 0xf, model: 0x6, stepping: 0x1)
[    1.448426] calling  init_hw_perf_events+0x0/0x6ce @ 1
[    1.448719] Performance Events: unsupported Netburst CPU model 6 no PMU driver, software events only.
[    1.449713] initcall init_hw_perf_events+0x0/0x6ce returned 0 after 976 usecs
[    1.450711] calling  init_real_mode+0x0/0x1e9 @ 1
[    1.453106] initcall init_real_mode+0x0/0x1e9 returned 0 after 976 usecs
[    1.453704] calling  trace_init_perf_perm_irq_work_exit+0x0/0x12 @ 1
[    1.454721] initcall trace_init_perf_perm_irq_work_exit+0x0/0x12 returned 0 after 0 usecs
[    1.455721] calling  validate_x2apic+0x0/0x4a @ 1
[    1.456724] initcall validate_x2apic+0x0/0x4a returned 0 after 0 usecs
[    1.457702] calling  register_nmi_cpu_backtrace_handler+0x0/0x15 @ 1
[    1.458720] initcall register_nmi_cpu_backtrace_handler+0x0/0x15 returned 0 after 0 usecs
[    1.459702] calling  kvm_setup_vsyscall_timeinfo+0x0/0xd1 @ 1
[    1.460702] initcall kvm_setup_vsyscall_timeinfo+0x0/0xd1 returned 0 after 0 usecs
[    1.461715] calling  spawn_ksoftirqd+0x0/0x38 @ 1
[    1.462928] initcall spawn_ksoftirqd+0x0/0x38 returned 0 after 0 usecs
[    1.463700] calling  migration_init+0x0/0x31 @ 1
[    1.464700] initcall migration_init+0x0/0x31 returned 0 after 0 usecs
[    1.465701] calling  srcu_bootup_announce+0x0/0x2f @ 1
[    1.466712] rcu: Hierarchical SRCU implementation.
[    1.467719] initcall srcu_bootup_announce+0x0/0x2f returned 0 after 976 usecs
[    1.468703] calling  rcu_spawn_gp_kthread+0x0/0x1b0 @ 1
[    1.470871] initcall rcu_spawn_gp_kthread+0x0/0x1b0 returned 0 after 0 usecs
[    1.471702] calling  check_cpu_stall_init+0x0/0x1a @ 1
[    1.472704] initcall check_cpu_stall_init+0x0/0x1a returned 0 after 0 usecs
[    1.473701] calling  rcu_sysrq_init+0x0/0x21 @ 1
[    1.474770] initcall rcu_sysrq_init+0x0/0x21 returned 0 after 0 usecs
[    1.475925] calling  trace_init_flags_sys_enter+0x0/0xe @ 1
[    1.476741] initcall trace_init_flags_sys_enter+0x0/0xe returned 0 after 0 usecs
[    1.477702] calling  trace_init_flags_sys_exit+0x0/0xe @ 1
[    1.478703] initcall trace_init_flags_sys_exit+0x0/0xe returned 0 after 0 usecs
[    1.479700] calling  cpu_stop_init+0x0/0x8d @ 1
[    1.480924] initcall cpu_stop_init+0x0/0x8d returned 0 after 0 usecs
[    1.481703] calling  init_kprobes+0x0/0x16e @ 1
[    1.483618] initcall init_kprobes+0x0/0x16e returned 0 after 0 usecs
[    1.483702] calling  init_events+0x0/0x3d @ 1
[    1.485131] initcall init_events+0x0/0x3d returned 0 after 0 usecs
[    1.485701] calling  init_trace_printk+0x0/0xc @ 1
[    1.486703] initcall init_trace_printk+0x0/0xc returned 0 after 0 usecs
[    1.487730] calling  event_trace_enable_again+0x0/0x23 @ 1
[    1.489701] initcall event_trace_enable_again+0x0/0x23 returned 0 after 0 usecs
[    1.490701] calling  static_call_init+0x0/0x79 @ 1
[    1.491700] initcall static_call_init+0x0/0x79 returned 0 after 0 usecs
[    1.492701] calling  jump_label_init_module+0x0/0xc @ 1
[    1.493701] initcall jump_label_init_module+0x0/0xc returned 0 after 0 usecs
[    1.494702] calling  init_zero_pfn+0x0/0x37 @ 1
[    1.495702] initcall init_zero_pfn+0x0/0x37 returned 0 after 0 usecs
[    1.496707] calling  initialize_ptr_random+0x0/0x54 @ 1
[    1.497848] initcall initialize_ptr_random+0x0/0x54 returned 0 after 0 usecs
[    1.499707] calling  efi_memreserve_root_init+0x0/0x25 @ 1
[    1.500773] initcall efi_memreserve_root_init+0x0/0x25 returned 0 after 0 usecs
[    1.501723] calling  efi_earlycon_remap_fb+0x0/0x51 @ 1
[    1.502706] initcall efi_earlycon_remap_fb+0x0/0x51 returned 0 after 0 usecs
[    1.504989] smp: Bringing up secondary CPUs ...
[    1.508460] x86: Booting SMP configuration:
[    1.508728] .... node  #0, CPUs:      #1
[    1.136015] kvm-clock: cpu 1, msr c729041, secondary cpu clock
[    1.541190] kvm-guest: stealtime: cpu 1, msr 1f51bb40
[    1.555914] smp: Brought up 1 node, 2 CPUs
[    1.556707] smpboot: Max logical packages: 1
[    1.557700] smpboot: Total of 2 processors activated (7999.99 BogoMIPS)
[    1.580521] devtmpfs: initialized
[    1.590264] calling  ipc_ns_init+0x0/0x3d @ 1
[    1.596713] initcall ipc_ns_init+0x0/0x3d returned 0 after 0 usecs
[    1.605706] calling  init_mmap_min_addr+0x0/0x21 @ 1
[    1.613706] initcall init_mmap_min_addr+0x0/0x21 returned 0 after 0 usecs
[    1.623706] calling  pci_realloc_setup_params+0x0/0x3f @ 1
[    1.631722] initcall pci_realloc_setup_params+0x0/0x3f returned 0 after 0 usecs
[    1.641713] calling  net_ns_init+0x0/0x140 @ 1
[    1.650113] initcall net_ns_init+0x0/0x140 returned 0 after 976 usecs
[    1.650726] calling  e820__register_nvs_regions+0x0/0x37 @ 1
[    1.651705] initcall e820__register_nvs_regions+0x0/0x37 returned 0 after 0 usecs
[    1.652706] calling  cpufreq_register_tsc_scaling+0x0/0x2e @ 1
[    1.653705] initcall cpufreq_register_tsc_scaling+0x0/0x2e returned 0 after 0 usecs
[    1.655705] calling  reboot_init+0x0/0x3c @ 1
[    1.656771] initcall reboot_init+0x0/0x3c returned 0 after 0 usecs
[    1.657703] calling  init_lapic_sysfs+0x0/0x20 @ 1
[    1.658718] initcall init_lapic_sysfs+0x0/0x20 returned 0 after 0 usecs
[    1.659703] calling  alloc_frozen_cpus+0x0/0x7 @ 1
[    1.660703] initcall alloc_frozen_cpus+0x0/0x7 returned 0 after 0 usecs
[    1.661703] calling  cpu_hotplug_pm_sync_init+0x0/0x13 @ 1
[    1.662736] initcall cpu_hotplug_pm_sync_init+0x0/0x13 returned 0 after 0 usecs
[    1.663703] calling  wq_sysfs_init+0x0/0x2a @ 1
[    1.664853] initcall wq_sysfs_init+0x0/0x2a returned 0 after 0 usecs
[    1.665702] calling  ksysfs_init+0x0/0x92 @ 1
[    1.666747] initcall ksysfs_init+0x0/0x92 returned 0 after 0 usecs
[    1.667703] calling  schedutil_gov_init+0x0/0xc @ 1
[    1.669832] initcall schedutil_gov_init+0x0/0xc returned 0 after 976 usecs
[    1.670705] calling  pm_init+0x0/0x76 @ 1
[    1.671857] initcall pm_init+0x0/0x76 returned 0 after 0 usecs
[    1.672703] calling  pm_disk_init+0x0/0x13 @ 1
[    1.673756] initcall pm_disk_init+0x0/0x13 returned 0 after 0 usecs
[    1.674703] calling  swsusp_header_init+0x0/0x2b @ 1
[    1.675707] initcall swsusp_header_init+0x0/0x2b returned 0 after 0 usecs
[    1.676703] calling  rcu_set_runtime_mode+0x0/0x2a @ 1
[    1.679719] initcall rcu_set_runtime_mode+0x0/0x2a returned 0 after 1953 usecs
[    1.680703] calling  init_jiffies_clocksource+0x0/0x13 @ 1
[    1.681702] clocksource: jiffies: mask: 0xffffffff max_cycles: 0xffffffff, max_idle_ns: 1911260446275000 ns
[    1.682707] initcall init_jiffies_clocksource+0x0/0x13 returned 0 after 976 usecs
[    1.683703] calling  futex_init+0x0/0x11b @ 1
[    1.684711] futex hash table entries: 512 (order: 4, 65536 bytes, linear)
[    1.686750] initcall futex_init+0x0/0x11b returned 0 after 1953 usecs
[    1.687705] calling  cgroup_wq_init+0x0/0x28 @ 1
[    1.688751] initcall cgroup_wq_init+0x0/0x28 returned 0 after 0 usecs
[    1.689706] calling  cgroup1_wq_init+0x0/0x28 @ 1
[    1.690726] initcall cgroup1_wq_init+0x0/0x28 returned 0 after 0 usecs
[    1.692705] calling  init_kprobe_trace_early+0x0/0x2a @ 1
[    1.694780] initcall init_kprobe_trace_early+0x0/0x2a returned 0 after 976 usecs
[    1.695707] calling  fsnotify_init+0x0/0x56 @ 1
[    1.696750] initcall fsnotify_init+0x0/0x56 returned 0 after 0 usecs
[    1.697704] calling  filelock_init+0x0/0xb3 @ 1
[    1.698753] initcall filelock_init+0x0/0xb3 returned 0 after 0 usecs
[    1.699703] calling  init_misc_binfmt+0x0/0x2c @ 1
[    1.700764] initcall init_misc_binfmt+0x0/0x2c returned 0 after 0 usecs
[    1.701702] calling  init_script_binfmt+0x0/0x15 @ 1
[    1.702718] initcall init_script_binfmt+0x0/0x15 returned 0 after 0 usecs
[    1.703702] calling  init_elf_binfmt+0x0/0x15 @ 1
[    1.704702] initcall init_elf_binfmt+0x0/0x15 returned 0 after 0 usecs
[    1.705719] calling  init_compat_elf_binfmt+0x0/0x15 @ 1
[    1.706702] initcall init_compat_elf_binfmt+0x0/0x15 returned 0 after 0 usecs
[    1.707701] calling  debugfs_init+0x0/0x5c @ 1
[    1.708714] initcall debugfs_init+0x0/0x5c returned 0 after 0 usecs
[    1.709701] calling  tracefs_init+0x0/0x3a @ 1
[    1.710708] initcall tracefs_init+0x0/0x3a returned 0 after 0 usecs
[    1.711700] calling  prandom_init_early+0x0/0x15d @ 1
[    1.712701] initcall prandom_init_early+0x0/0x15d returned 0 after 0 usecs
[    1.714779] calling  virtio_init+0x0/0x20 @ 1
[    1.715787] initcall virtio_init+0x0/0x20 returned 0 after 0 usecs
[    1.716702] calling  iommu_init+0x0/0x2a @ 1
[    1.717762] initcall iommu_init+0x0/0x2a returned 0 after 0 usecs
[    1.718701] calling  component_debug_init+0x0/0x1c @ 1
[    1.719987] initcall component_debug_init+0x0/0x1c returned 0 after 0 usecs
[    1.720704] calling  early_resume_init+0x0/0xb9 @ 1
[    1.722703] PM: RTC time: 05:41:52, date: 2022-12-13
[    1.724010] initcall early_resume_init+0x0/0xb9 returned 0 after 1953 usecs
[    1.724701] calling  cpufreq_core_init+0x0/0x62 @ 1
[    1.725713] initcall cpufreq_core_init+0x0/0x62 returned 0 after 0 usecs
[    1.726703] calling  cpufreq_gov_performance_init+0x0/0xc @ 1
[    1.727709] initcall cpufreq_gov_performance_init+0x0/0xc returned 0 after 0 usecs
[    1.728708] calling  cpufreq_gov_userspace_init+0x0/0xc @ 1
[    1.729711] initcall cpufreq_gov_userspace_init+0x0/0xc returned 0 after 0 usecs
[    1.730709] calling  CPU_FREQ_GOV_ONDEMAND_init+0x0/0xc @ 1
[    1.731723] initcall CPU_FREQ_GOV_ONDEMAND_init+0x0/0xc returned 0 after 0 usecs
[    1.732703] calling  cpuidle_init+0x0/0x1f @ 1
[    1.733738] initcall cpuidle_init+0x0/0x1f returned 0 after 0 usecs
[    1.734702] calling  capsule_reboot_register+0x0/0xc @ 1
[    1.735740] initcall capsule_reboot_register+0x0/0xc returned 0 after 0 usecs
[    1.736702] calling  sock_init+0x0/0x93 @ 1
[    1.739807] initcall sock_init+0x0/0x93 returned 0 after 1953 usecs
[    1.740703] calling  net_inuse_init+0x0/0x23 @ 1
[    1.741750] initcall net_inuse_init+0x0/0x23 returned 0 after 0 usecs
[    1.742709] calling  net_defaults_init+0x0/0x23 @ 1
[    1.743703] initcall net_defaults_init+0x0/0x23 returned 0 after 0 usecs
[    1.744701] calling  init_default_flow_dissectors+0x0/0x4f @ 1
[    1.745732] initcall init_default_flow_dissectors+0x0/0x4f returned 0 after 0 usecs
[    1.746701] calling  netpoll_init+0x0/0x44 @ 1
[    1.747703] initcall netpoll_init+0x0/0x44 returned 0 after 0 usecs
[    1.748701] calling  netlink_proto_init+0x0/0x154 @ 1
[    1.750884] NET: Registered protocol family 16
[    1.751926] initcall netlink_proto_init+0x0/0x154 returned 0 after 1953 usecs
[    1.752707] calling  genl_init+0x0/0x35 @ 1
[    1.753819] initcall genl_init+0x0/0x35 returned 0 after 0 usecs
[    1.754737] calling  bsp_pm_check_init+0x0/0x13 @ 1
[    1.755705] initcall bsp_pm_check_init+0x0/0x13 returned 0 after 0 usecs
[    1.756720] calling  irq_sysfs_init+0x0/0xb9 @ 1
[    1.758706] initcall irq_sysfs_init+0x0/0xb9 returned 0 after 976 usecs
[    1.759703] calling  audit_init+0x0/0x127 @ 1
[    1.760708] audit: initializing netlink subsys (disabled)
[    1.762846] initcall audit_init+0x0/0x127 returned 0 after 2929 usecs
[    1.763752] audit: type=2000 audit(1670910110.868:1): state=initialized audit_enabled=0 res=1
[    1.763705] calling  release_early_probes+0x0/0x32 @ 1
[    1.763711] initcall release_early_probes+0x0/0x32 returned 0 after 0 usecs
[    1.779708] calling  bdi_class_init+0x0/0x48 @ 1
[    1.784969] initcall bdi_class_init+0x0/0x48 returned 0 after 0 usecs
[    1.792704] calling  mm_sysfs_init+0x0/0x28 @ 1
[    1.798716] initcall mm_sysfs_init+0x0/0x28 returned 0 after 0 usecs
[    1.805705] calling  init_per_zone_wmark_min+0x0/0x6d @ 1
[    1.812742] initcall init_per_zone_wmark_min+0x0/0x6d returned 0 after 0 usecs
[    1.820705] calling  mpi_init+0x0/0x3e @ 1
[    1.825753] initcall mpi_init+0x0/0x3e returned 0 after 0 usecs
[    1.831704] calling  kobject_uevent_init+0x0/0xc @ 1
[    1.837839] initcall kobject_uevent_init+0x0/0xc returned 0 after 0 usecs
[    1.845703] calling  pcibus_class_init+0x0/0x13 @ 1
[    1.851702] initcall pcibus_class_init+0x0/0x13 returned 0 after 0 usecs
[    1.859700] calling  pci_driver_init+0x0/0x21 @ 1
[    1.865813] initcall pci_driver_init+0x0/0x21 returned 0 after 0 usecs
[    1.873915] calling  backlight_class_init+0x0/0xa8 @ 1
[    1.880750] initcall backlight_class_init+0x0/0xa8 returned 0 after 0 usecs
[    1.888712] calling  tty_class_init+0x0/0x33 @ 1
[    1.893724] initcall tty_class_init+0x0/0x33 returned 0 after 0 usecs
[    1.902708] calling  vtconsole_class_init+0x0/0xb5 @ 1
[    1.908937] initcall vtconsole_class_init+0x0/0xb5 returned 0 after 0 usecs
[    1.916705] calling  iommu_dev_init+0x0/0x13 @ 1
[    1.922821] initcall iommu_dev_init+0x0/0x13 returned 0 after 0 usecs
[    1.930704] calling  mipi_dsi_bus_init+0x0/0xc @ 1
[    1.936811] initcall mipi_dsi_bus_init+0x0/0xc returned 0 after 0 usecs
[    1.944704] calling  devlink_class_init+0x0/0x40 @ 1
[    1.951838] initcall devlink_class_init+0x0/0x40 returned 0 after 0 usecs
[    1.959703] calling  software_node_init+0x0/0x2a @ 1
[    1.965712] initcall software_node_init+0x0/0x2a returned 0 after 0 usecs
[    1.974704] calling  wakeup_sources_debugfs_init+0x0/0x23 @ 1
[    1.981809] initcall wakeup_sources_debugfs_init+0x0/0x23 returned 0 after 0 usecs
[    1.991704] calling  wakeup_sources_sysfs_init+0x0/0x2c @ 1
[    1.998726] initcall wakeup_sources_sysfs_init+0x0/0x2c returned 0 after 0 usecs
[    2.008704] calling  register_node_type+0x0/0x13 @ 1
[    2.016048] initcall register_node_type+0x0/0x13 returned 0 after 0 usecs
[    2.023703] calling  regmap_initcall+0x0/0xc @ 1
[    2.028800] initcall regmap_initcall+0x0/0xc returned 0 after 976 usecs
[    2.036716] calling  i2c_init+0x0/0xb3 @ 1
[    2.041976] initcall i2c_init+0x0/0xb3 returned 0 after 0 usecs
[    2.048705] calling  thermal_init+0x0/0x116 @ 1
[    2.053820] thermal_sys: Registered thermal governor 'step_wise'
[    2.053824] thermal_sys: Registered thermal governor 'user_space'
[    2.061720] initcall thermal_init+0x0/0x116 returned 0 after 7812 usecs
[    2.077703] calling  init_menu+0x0/0xc @ 1
[    2.081873] cpuidle: using governor menu
[    2.086703] initcall init_menu+0x0/0xc returned 0 after 4882 usecs
[    2.093702] calling  pcc_init+0x0/0x4d @ 1
[    2.098726] initcall pcc_init+0x0/0x4d returned -19 after 0 usecs
[    2.105703] calling  amd_postcore_init+0x0/0x11e @ 1
[    2.110703] initcall amd_postcore_init+0x0/0x11e returned 0 after 0 usecs
[    2.118722] calling  bts_init+0x0/0xba @ 1
[    2.123704] initcall bts_init+0x0/0xba returned -19 after 0 usecs
[    2.131707] calling  pt_init+0x0/0x34d @ 1
[    2.136705] initcall pt_init+0x0/0x34d returned -19 after 0 usecs
[    2.143703] calling  boot_params_ksysfs_init+0x0/0x2ee @ 1
[    2.149781] initcall boot_params_ksysfs_init+0x0/0x2ee returned 0 after 0 usecs
[    2.158701] calling  sbf_init+0x0/0xea @ 1
[    2.162702] initcall sbf_init+0x0/0xea returned 0 after 0 usecs
[    2.169702] calling  arch_kdebugfs_init+0x0/0x219 @ 1
[    2.175811] initcall arch_kdebugfs_init+0x0/0x219 returned 0 after 0 usecs
[    2.183703] calling  intel_pconfig_init+0x0/0x85 @ 1
[    2.188703] initcall intel_pconfig_init+0x0/0x85 returned 0 after 0 usecs
[    2.196702] calling  mtrr_if_init+0x0/0x5d @ 1
[    2.201712] initcall mtrr_if_init+0x0/0x5d returned 0 after 0 usecs
[    2.210707] calling  activate_jump_labels+0x0/0x31 @ 1
[    2.216711] initcall activate_jump_labels+0x0/0x31 returned 0 after 0 usecs
[    2.224704] calling  ffh_cstate_init+0x0/0x29 @ 1
[    2.230712] initcall ffh_cstate_init+0x0/0x29 returned 0 after 0 usecs
[    2.237704] calling  activate_jump_labels+0x0/0x31 @ 1
[    2.246389] initcall activate_jump_labels+0x0/0x31 returned 0 after 2929 usecs
[    2.255706] calling  kvm_alloc_cpumask+0x0/0x74 @ 1
[    2.260755] initcall kvm_alloc_cpumask+0x0/0x74 returned 0 after 0 usecs
[    2.268716] calling  kcmp_cookies_init+0x0/0x37 @ 1
[    2.274711] initcall kcmp_cookies_init+0x0/0x37 returned 0 after 0 usecs
[    2.281714] calling  cryptomgr_init+0x0/0xc @ 1
[    2.287796] initcall cryptomgr_init+0x0/0xc returned 0 after 0 usecs
[    2.294702] calling  acpi_pci_init+0x0/0x57 @ 1
[    2.299738] ACPI: bus type PCI registered
[    2.304704] initcall acpi_pci_init+0x0/0x57 returned 0 after 4882 usecs
[    2.312704] calling  dma_channel_table_init+0x0/0xd1 @ 1
[    2.318722] initcall dma_channel_table_init+0x0/0xd1 returned 0 after 0 usecs
[    2.327704] calling  dma_bus_init+0x0/0xdc @ 1
[    2.332893] initcall dma_bus_init+0x0/0xdc returned 0 after 0 usecs
[    2.339787] calling  iommu_dma_init+0x0/0x10 @ 1
[    2.345942] initcall iommu_dma_init+0x0/0x10 returned 0 after 0 usecs
[    2.352703] calling  dmi_id_init+0x0/0x37c @ 1
[    2.358926] initcall dmi_id_init+0x0/0x37c returned 0 after 0 usecs
[    2.365704] calling  pci_arch_init+0x0/0x71 @ 1
[    2.372351] PCI: MMCONFIG for domain 0000 [bus 00-ff] at [mem 0xb0000000-0xbfffffff] (base 0xb0000000)
[    2.380712] PCI: MMCONFIG at [mem 0xb0000000-0xbfffffff] reserved in E820
[    2.388863] PCI: Using configuration type 1 for base access
[    2.397752] initcall pci_arch_init+0x0/0x71 returned 0 after 26367 usecs
[    2.407747] calling  init_vdso+0x0/0x13 @ 1
[    2.413760] initcall init_vdso+0x0/0x13 returned 0 after 0 usecs
[    2.421709] calling  sysenter_setup+0x0/0x13 @ 1
[    2.428748] initcall sysenter_setup+0x0/0x13 returned 0 after 0 usecs
[    2.437706] calling  fixup_ht_bug+0x0/0xe5 @ 1
[    2.444708] initcall fixup_ht_bug+0x0/0xe5 returned 0 after 0 usecs
[    2.452705] calling  topology_init+0x0/0x88 @ 1
[    2.457824] initcall topology_init+0x0/0x88 returned 0 after 976 usecs
[    2.465704] calling  intel_epb_init+0x0/0x68 @ 1
[    2.470703] initcall intel_epb_init+0x0/0x68 returned -19 after 0 usecs
[    2.478711] calling  mtrr_init_finialize+0x0/0x3e @ 1
[    2.484703] initcall mtrr_init_finialize+0x0/0x3e returned 0 after 0 usecs
[    2.492704] calling  uid_cache_init+0x0/0x85 @ 1
[    2.497740] initcall uid_cache_init+0x0/0x85 returned 0 after 0 usecs
[    2.504702] calling  param_sysfs_init+0x0/0x1ba @ 1
[    2.523990] initcall param_sysfs_init+0x0/0x1ba returned 0 after 13671 usecs
[    2.532706] calling  user_namespace_sysctl_init+0x0/0x33 @ 1
[    2.538721] initcall user_namespace_sysctl_init+0x0/0x33 returned 0 after 0 usecs
[    2.547708] calling  proc_schedstat_init+0x0/0x24 @ 1
[    2.552712] initcall proc_schedstat_init+0x0/0x24 returned 0 after 0 usecs
[    2.561706] calling  pm_sysrq_init+0x0/0x18 @ 1
[    2.568779] initcall pm_sysrq_init+0x0/0x18 returned 0 after 976 usecs
[    2.577930] calling  create_proc_profile+0x0/0xd0 @ 1
[    2.585748] initcall create_proc_profile+0x0/0xd0 returned 0 after 0 usecs
[    2.593705] calling  time_ns_init+0x0/0x7 @ 1
[    2.598702] initcall time_ns_init+0x0/0x7 returned 0 after 0 usecs
[    2.605705] calling  crash_save_vmcoreinfo_init+0x0/0x722 @ 1
[    2.612838] initcall crash_save_vmcoreinfo_init+0x0/0x722 returned 0 after 0 usecs
[    2.620701] calling  crash_notes_memory_init+0x0/0x35 @ 1
[    2.627710] initcall crash_notes_memory_init+0x0/0x35 returned 0 after 0 usecs
[    2.635703] calling  cgroup_sysfs_init+0x0/0x13 @ 1
[    2.640849] initcall cgroup_sysfs_init+0x0/0x13 returned 0 after 0 usecs
[    2.648702] calling  cgroup_namespaces_init+0x0/0x7 @ 1
[    2.654702] initcall cgroup_namespaces_init+0x0/0x7 returned 0 after 0 usecs
[    2.662703] calling  init_optprobes+0x0/0x13 @ 1
[    2.667785] Kprobes globally optimized
[    2.672704] initcall init_optprobes+0x0/0x13 returned 0 after 4882 usecs
[    2.679710] calling  oom_init+0x0/0x2f @ 1
[    2.685720] initcall oom_init+0x0/0x2f returned 0 after 976 usecs
[    2.693767] calling  default_bdi_init+0x0/0xb3 @ 1
[    2.702035] initcall default_bdi_init+0x0/0xb3 returned 0 after 976 usecs
[    2.702710] calling  percpu_enable_async+0x0/0xe @ 1
[    2.703715] initcall percpu_enable_async+0x0/0xe returned 0 after 0 usecs
[    2.704704] calling  kcompactd_init+0x0/0x8d @ 1
[    2.706914] initcall kcompactd_init+0x0/0x8d returned 0 after 976 usecs
[    2.713837] calling  init_user_reserve+0x0/0x40 @ 1
[    2.721707] initcall init_user_reserve+0x0/0x40 returned 0 after 0 usecs
[    2.729705] calling  init_admin_reserve+0x0/0x40 @ 1
[    2.734704] initcall init_admin_reserve+0x0/0x40 returned 0 after 0 usecs
[    2.742706] calling  init_reserve_notifier+0x0/0x7 @ 1
[    2.748706] initcall init_reserve_notifier+0x0/0x7 returned 0 after 0 usecs
[    2.756705] calling  swap_init_sysfs+0x0/0x62 @ 1
[    2.762728] initcall swap_init_sysfs+0x0/0x62 returned 0 after 0 usecs
[    2.771711] calling  swapfile_init+0x0/0x94 @ 1
[    2.776771] initcall swapfile_init+0x0/0x94 returned 0 after 0 usecs
[    2.780704] calling  hugetlb_init+0x0/0x49c @ 1
[    2.787708] HugeTLB registered 2.00 MiB page size, pre-allocated 0 pages
[    2.794756] initcall hugetlb_init+0x0/0x49c returned 0 after 6835 usecs
[    2.802925] calling  io_wq_init+0x0/0x34 @ 1
[    2.808715] initcall io_wq_init+0x0/0x34 returned 0 after 0 usecs
[    2.816709] calling  seqiv_module_init+0x0/0xc @ 1
[    2.823702] initcall seqiv_module_init+0x0/0xc returned 0 after 976 usecs
[    2.830702] calling  echainiv_module_init+0x0/0xc @ 1
[    2.835718] initcall echainiv_module_init+0x0/0xc returned 0 after 0 usecs
[    2.843115] calling  rsa_init+0x0/0x50 @ 1
[    2.858730] initcall rsa_init+0x0/0x50 returned 0 after 9765 usecs
[    2.858055] cryptomgr_test (29) used greatest stack depth: 14864 bytes left
[    2.859710] calling  crypto_cmac_module_init+0x0/0xc @ 1
[    2.859716] initcall crypto_cmac_module_init+0x0/0xc returned 0 after 0 usecs
[    2.859719] calling  hmac_module_init+0x0/0xc @ 1
[    2.859724] initcall hmac_module_init+0x0/0xc returned 0 after 0 usecs
[    2.859728] calling  crypto_null_mod_init+0x0/0x65 @ 1
[    2.909717] initcall crypto_null_mod_init+0x0/0x65 returned 0 after 48828 usecs
[    2.910715] calling  md5_mod_init+0x0/0xc @ 1
[    2.916706] initcall md5_mod_init+0x0/0xc returned 0 after 4882 usecs
[    2.918707] calling  sha256_generic_mod_init+0x0/0x11 @ 1
[    2.925755] initcall sha256_generic_mod_init+0x0/0x11 returned 0 after 5859 usecs
[    2.935708] calling  crypto_cbc_module_init+0x0/0xc @ 1
[    2.941705] initcall crypto_cbc_module_init+0x0/0xc returned 0 after 0 usecs
[    2.950707] calling  crypto_ctr_module_init+0x0/0x11 @ 1
[    2.956719] initcall crypto_ctr_module_init+0x0/0x11 returned 0 after 0 usecs
[    2.965705] calling  crypto_gcm_module_init+0x0/0x64 @ 1
[    2.971845] initcall crypto_gcm_module_init+0x0/0x64 returned 0 after 976 usecs
[    2.980704] calling  crypto_ccm_module_init+0x0/0x11 @ 1
[    2.987711] initcall crypto_ccm_module_init+0x0/0x11 returned 0 after 0 usecs
[    2.996719] calling  aes_init+0x0/0xc @ 1
[    3.001944] initcall aes_init+0x0/0xc returned 0 after 976 usecs
[    3.009713] calling  crc32c_mod_init+0x0/0xc @ 1
[    3.016797] initcall crc32c_mod_init+0x0/0xc returned 0 after 1953 usecs
[    3.017717] calling  crypto_authenc_module_init+0x0/0xc @ 1
[    3.018710] initcall crypto_authenc_module_init+0x0/0xc returned 0 after 0 usecs
[    3.019709] calling  crypto_authenc_esn_module_init+0x0/0xc @ 1
[    3.020940] initcall crypto_authenc_esn_module_init+0x0/0xc returned 0 after 0 usecs
[    3.022713] calling  drbg_init+0x0/0x7c @ 1
[    3.030870] initcall drbg_init+0x0/0x7c returned 0 after 6835 usecs
[    3.031712] calling  ghash_mod_init+0x0/0xc @ 1
[    3.034718] initcall ghash_mod_init+0x0/0xc returned 0 after 1953 usecs
[    3.044187] calling  init_bio+0x0/0x9a @ 1
[    3.054218] initcall init_bio+0x0/0x9a returned 0 after 1953 usecs
[    3.062707] calling  blk_settings_init+0x0/0x29 @ 1
[    3.069706] initcall blk_settings_init+0x0/0x29 returned 0 after 0 usecs
[    3.080706] calling  blk_ioc_init+0x0/0x29 @ 1
[    3.086713] initcall blk_ioc_init+0x0/0x29 returned 0 after 0 usecs
[    3.095707] calling  blk_mq_init+0x0/0xb9 @ 1
[    3.100709] initcall blk_mq_init+0x0/0xb9 returned 0 after 0 usecs
[    3.107702] calling  genhd_device_init+0x0/0x75 @ 1
[    3.115705] initcall genhd_device_init+0x0/0x75 returned 0 after 976 usecs
[    3.123784] calling  pci_slot_init+0x0/0x40 @ 1
[    3.127715] initcall pci_slot_init+0x0/0x40 returned 0 after 0 usecs
[    3.133703] calling  fbmem_init+0x0/0xd8 @ 1
[    3.139172] initcall fbmem_init+0x0/0xd8 returned 0 after 0 usecs
[    3.147704] calling  acpi_init+0x0/0x319 @ 1
[    3.152077] ACPI: Added _OSI(Module Device)
[    3.157702] ACPI: Added _OSI(Processor Device)
[    3.163706] ACPI: Added _OSI(3.0 _SCP Extensions)
[    3.170701] ACPI: Added _OSI(Processor Aggregator Device)
[    3.177705] ACPI: Added _OSI(Linux-Dell-Video)
[    3.182703] ACPI: Added _OSI(Linux-Lenovo-NV-HDMI-Audio)
[    3.189708] ACPI: Added _OSI(Linux-HPI-Hybrid-Graphics)
[    3.204714] ACPI: 1 ACPI AML tables successfully acquired and loaded
[    3.220799] ACPI: Interpreter enabled
[    3.225858] ACPI: (supports S0 S3 S4 S5)
[    3.230706] ACPI: Using IOAPIC for interrupt routing
[    3.236782] PCI: Using host bridge windows from ACPI; if necessary, use "pci=nocrs" and report a bug
[    3.250321] ACPI: Enabled 2 GPEs in block 00 to 3F
[    3.278554] ACPI: PCI Root Bridge [PCI0] (domain 0000 [bus 00-ff])
[    3.286711] acpi PNP0A08:00: _OSC: OS supports [ExtendedConfig ASPM ClockPM Segments MSI HPX-Type3]
[    3.298692] acpi PNP0A08:00: _OSC: platform does not support [LTR]
[    3.307043] acpi PNP0A08:00: _OSC: OS now controls [PME PCIeCapability]
[    3.315960] PCI host bridge to bus 0000:00
[    3.321707] pci_bus 0000:00: root bus resource [io  0x0000-0x0cf7 window]
[    3.331734] pci_bus 0000:00: root bus resource [io  0x0d00-0xffff window]
[    3.341709] pci_bus 0000:00: root bus resource [mem 0x000a0000-0x000bffff window]
[    3.352707] pci_bus 0000:00: root bus resource [mem 0x20000000-0xafffffff window]
[    3.362709] pci_bus 0000:00: root bus resource [mem 0xc0000000-0xfebfffff window]
[    3.371703] pci_bus 0000:00: root bus resource [mem 0x100000000-0x8ffffffff window]
[    3.380704] pci_bus 0000:00: root bus resource [bus 00-ff]
[    3.387354] pci 0000:00:00.0: calling  quirk_mmio_always_on+0x0/0x10 @ 1
[    3.395736] pci 0000:00:00.0: quirk_mmio_always_on+0x0/0x10 took 0 usecs
[    3.403779] pci 0000:00:00.0: [8086:29c0] type 00 class 0x060000
[    3.413244] pci 0000:00:00.0: calling  quirk_igfx_skip_te_disable+0x0/0x80 @ 1
[    3.421705] pci 0000:00:00.0: quirk_igfx_skip_te_disable+0x0/0x80 took 0 usecs
[    3.431614] pci 0000:00:01.0: [1234:1111] type 00 class 0x030000
[    3.444692] pci 0000:00:01.0: reg 0x10: [mem 0xfd000000-0xfdffffff pref]
[    3.464603] pci 0000:00:01.0: reg 0x18: [mem 0xfebf0000-0xfebf0fff]
[    3.490295] pci 0000:00:01.0: reg 0x30: [mem 0xfebe0000-0xfebeffff pref]
[    3.505692] pci 0000:00:01.0: calling  efifb_fixup_resources+0x0/0xf0 @ 1
[    3.511692] pci 0000:00:01.0: efifb_fixup_resources+0x0/0xf0 took 0 usecs
[    3.547037] pci 0000:00:1f.0: [8086:2918] type 00 class 0x060100
[    3.561067] pci 0000:00:1f.0: calling  quirk_ich7_lpc+0x0/0x60 @ 1
[    3.569344] pci 0000:00:1f.0: quirk: [io  0x0600-0x067f] claimed by ICH6 ACPI/GPIO/TCO
[    3.579962] pci 0000:00:1f.0: quirk_ich7_lpc+0x0/0x60 took 12695 usecs
[    3.590107] pci 0000:00:1f.0: calling  quirk_igfx_skip_te_disable+0x0/0x80 @ 1
[    3.597868] pci 0000:00:1f.0: quirk_igfx_skip_te_disable+0x0/0x80 took 0 usecs
[    3.608950] pci 0000:00:1f.2: [8086:2922] type 00 class 0x010601
[    3.625481] pci 0000:00:1f.2: reg 0x20: [io  0xc040-0xc05f]
[    3.636275] pci 0000:00:1f.2: reg 0x24: [mem 0xfebf1000-0xfebf1fff]
[    3.644919] pci 0000:00:1f.2: calling  quirk_igfx_skip_te_disable+0x0/0x80 @ 1
[    3.653712] pci 0000:00:1f.2: quirk_igfx_skip_te_disable+0x0/0x80 took 0 usecs
[    3.665212] pci 0000:00:1f.3: [8086:2930] type 00 class 0x0c0500
[    3.676185] pci 0000:00:1f.3: reg 0x20: [io  0x0700-0x073f]
[    3.684732] pci 0000:00:1f.3: calling  quirk_igfx_skip_te_disable+0x0/0x80 @ 1
[    3.694709] pci 0000:00:1f.3: quirk_igfx_skip_te_disable+0x0/0x80 took 0 usecs
[    3.770637] ACPI: PCI Interrupt Link [LNKA] (IRQs 5 *10 11)
[    3.779300] ACPI: PCI Interrupt Link [LNKB] (IRQs 5 *10 11)
[    3.787473] ACPI: PCI Interrupt Link [LNKC] (IRQs 5 10 *11)
[    3.794253] ACPI: PCI Interrupt Link [LNKD] (IRQs 5 10 *11)
[    3.800894] ACPI: PCI Interrupt Link [LNKE] (IRQs 5 *10 11)
[    3.808411] ACPI: PCI Interrupt Link [LNKF] (IRQs 5 *10 11)
[    3.815186] ACPI: PCI Interrupt Link [LNKG] (IRQs 5 10 *11)
[    3.821900] ACPI: PCI Interrupt Link [LNKH] (IRQs 5 10 *11)
[    3.829080] ACPI: PCI Interrupt Link [GSIA] (IRQs *16)
[    3.835872] ACPI: PCI Interrupt Link [GSIB] (IRQs *17)
[    3.840895] ACPI: PCI Interrupt Link [GSIC] (IRQs *18)
[    3.847945] ACPI: PCI Interrupt Link [GSID] (IRQs *19)
[    3.854848] ACPI: PCI Interrupt Link [GSIE] (IRQs *20)
[    3.861719] ACPI: PCI Interrupt Link [GSIF] (IRQs *21)
[    3.866862] ACPI: PCI Interrupt Link [GSIG] (IRQs *22)
[    3.873813] ACPI: PCI Interrupt Link [GSIH] (IRQs *23)
[    3.882440] initcall acpi_init+0x0/0x319 returned 0 after 713867 usecs
[    3.892739] calling  pnp_init+0x0/0xc @ 1
[    3.897728] initcall pnp_init+0x0/0xc returned 0 after 0 usecs
[    3.904710] calling  misc_init+0x0/0xbf @ 1
[    3.910277] initcall misc_init+0x0/0xbf returned 0 after 976 usecs
[    3.917704] calling  iommu_subsys_init+0x0/0x4e @ 1
[    3.923787] iommu: Default domain type: Translated 
[    3.929708] initcall iommu_subsys_init+0x0/0x4e returned 0 after 5859 usecs
[    3.937705] calling  vga_arb_device_init+0x0/0x261 @ 1
[    3.946466] pci 0000:00:01.0: vgaarb: setting as boot VGA device
[    3.946692] pci 0000:00:01.0: vgaarb: VGA device added: decodes=io+mem,owns=io+mem,locks=none
[    3.963709] pci 0000:00:01.0: vgaarb: bridge control possible
[    3.969701] vgaarb: loaded
[    3.973707] initcall vga_arb_device_init+0x0/0x261 returned 0 after 29296 usecs
[    3.981880] calling  cn_init+0x0/0xf0 @ 1
[    3.987314] initcall cn_init+0x0/0xf0 returned 0 after 976 usecs
[    3.994711] calling  dma_buf_init+0x0/0xad @ 1
[    4.000544] initcall dma_buf_init+0x0/0xad returned 0 after 976 usecs
[    4.008717] calling  dma_resv_lockdep+0x0/0x281 @ 1
[    4.014763] initcall dma_resv_lockdep+0x0/0x281 returned 0 after 0 usecs
[    4.022704] calling  init_scsi+0x0/0x79 @ 1
[    4.028464] SCSI subsystem initialized
[    4.033704] initcall init_scsi+0x0/0x79 returned 0 after 5859 usecs
[    4.040704] calling  ata_init+0x0/0x332 @ 1
[    4.049060] libata version 3.00 loaded.
[    4.049708] initcall ata_init+0x0/0x332 returned 0 after 3906 usecs
[    4.050703] calling  phy_init+0x0/0x250 @ 1
[    4.052184] initcall phy_init+0x0/0x250 returned 0 after 0 usecs
[    4.052702] calling  init_pcmcia_cs+0x0/0x35 @ 1
[    4.053790] initcall init_pcmcia_cs+0x0/0x35 returned 0 after 0 usecs
[    4.054703] calling  usb_common_init+0x0/0x1c @ 1
[    4.055790] initcall usb_common_init+0x0/0x1c returned 0 after 0 usecs
[    4.056705] calling  usb_init+0x0/0x12e @ 1
[    4.058808] ACPI: bus type USB registered
[    4.063809] usbcore: registered new interface driver usbfs
[    4.064906] usbcore: registered new interface driver hub
[    4.066784] usbcore: registered new device driver usb
[    4.067706] initcall usb_init+0x0/0x12e returned 0 after 9765 usecs
[    4.069705] calling  serio_init+0x0/0x29 @ 1
[    4.071829] initcall serio_init+0x0/0x29 returned 0 after 976 usecs
[    4.073701] calling  input_init+0x0/0xf6 @ 1
[    4.074832] initcall input_init+0x0/0xf6 returned 0 after 0 usecs
[    4.075702] calling  rtc_init+0x0/0x4d @ 1
[    4.076949] initcall rtc_init+0x0/0x4d returned 0 after 0 usecs
[    4.077705] calling  pps_init+0x0/0xa9 @ 1
[    4.079849] pps_core: LinuxPPS API ver. 1 registered
[    4.080711] pps_core: Software ver. 5.3.6 - Copyright 2005-2007 Rodolfo Giometti <giometti@linux.it>
[    4.081711] initcall pps_init+0x0/0xa9 returned 0 after 2929 usecs
[    4.082709] calling  ptp_init+0x0/0x98 @ 1
[    4.083961] PTP clock support registered
[    4.084707] initcall ptp_init+0x0/0x98 returned 0 after 976 usecs
[    4.085703] calling  power_supply_class_init+0x0/0x3f @ 1
[    4.086820] initcall power_supply_class_init+0x0/0x3f returned 0 after 0 usecs
[    4.087701] calling  hwmon_init+0x0/0x104 @ 1
[    4.088722] initcall hwmon_init+0x0/0x104 returned 0 after 0 usecs
[    4.089701] calling  md_init+0x0/0x16b @ 1
[    4.091890] initcall md_init+0x0/0x16b returned 0 after 1953 usecs
[    4.099712] calling  leds_init+0x0/0x3b @ 1
[    4.104742] initcall leds_init+0x0/0x3b returned 0 after 0 usecs
[    4.111705] calling  dmi_init+0x0/0x113 @ 1
[    4.117938] initcall dmi_init+0x0/0x113 returned 0 after 0 usecs
[    4.125706] calling  efisubsys_init+0x0/0x4e7 @ 1
[    4.131729] initcall efisubsys_init+0x0/0x4e7 returned 0 after 0 usecs
[    4.140731] calling  nvmem_init+0x0/0xc @ 1
[    4.146760] initcall nvmem_init+0x0/0xc returned 0 after 976 usecs
[    4.156718] calling  init_soundcore+0x0/0x33 @ 1
[    4.163775] initcall init_soundcore+0x0/0x33 returned 0 after 0 usecs
[    4.173709] calling  alsa_sound_init+0x0/0x8f @ 1
[    4.180761] Advanced Linux Sound Architecture Driver Initialized.
[    4.187704] initcall alsa_sound_init+0x0/0x8f returned 0 after 7812 usecs
[    4.195705] calling  alsa_seq_device_init+0x0/0x71 @ 1
[    4.201786] initcall alsa_seq_device_init+0x0/0x71 returned 0 after 0 usecs
[    4.209716] calling  hda_bus_init+0x0/0xc @ 1
[    4.215787] initcall hda_bus_init+0x0/0xc returned 0 after 0 usecs
[    4.223708] calling  proto_init+0x0/0xc @ 1
[    4.229782] initcall proto_init+0x0/0xc returned 0 after 0 usecs
[    4.236703] calling  net_dev_init+0x0/0x27f @ 1
[    4.244959] initcall net_dev_init+0x0/0x27f returned 0 after 2929 usecs
[    4.252703] calling  neigh_init+0x0/0x84 @ 1
[    4.257726] initcall neigh_init+0x0/0x84 returned 0 after 0 usecs
[    4.265720] calling  fib_notifier_init+0x0/0xc @ 1
[    4.270721] initcall fib_notifier_init+0x0/0xc returned 0 after 0 usecs
[    4.279708] calling  fib_rules_init+0x0/0xab @ 1
[    4.286782] initcall fib_rules_init+0x0/0xab returned 0 after 0 usecs
[    4.294806] calling  pktsched_init+0x0/0x10e @ 1
[    4.299296] initcall pktsched_init+0x0/0x10e returned 0 after 1953 usecs
[    4.307708] calling  tc_filter_init+0x0/0xfa @ 1
[    4.313944] initcall tc_filter_init+0x0/0xfa returned 0 after 0 usecs
[    4.321705] calling  tc_action_init+0x0/0x54 @ 1
[    4.326709] initcall tc_action_init+0x0/0x54 returned 0 after 0 usecs
[    4.334703] calling  ethnl_init+0x0/0x52 @ 1
[    4.338853] initcall ethnl_init+0x0/0x52 returned 0 after 0 usecs
[    4.346740] calling  nexthop_init+0x0/0xd8 @ 1
[    4.351820] initcall nexthop_init+0x0/0xd8 returned 0 after 0 usecs
[    4.358702] calling  cipso_v4_init+0x0/0x8d @ 1
[    4.364952] initcall cipso_v4_init+0x0/0x8d returned 0 after 0 usecs
[    4.372704] calling  ieee80211_init+0x0/0x24 @ 1
[    4.377944] initcall ieee80211_init+0x0/0x24 returned 0 after 0 usecs
[    4.386707] calling  netlbl_init+0x0/0x78 @ 1
[    4.393692] NetLabel: Initializing
[    4.398703] NetLabel:  domain hash size = 128
[    4.404702] NetLabel:  protocols = UNLABELED CIPSOv4 CALIPSO
[    4.413091] NetLabel:  unlabeled traffic allowed by default
[    4.419712] initcall netlbl_init+0x0/0x78 returned 0 after 26367 usecs
[    4.426703] calling  rfkill_init+0x0/0x136 @ 1
[    4.433769] initcall rfkill_init+0x0/0x136 returned 0 after 1953 usecs
[    4.434710] calling  pci_subsys_init+0x0/0x66 @ 1
[    4.436697] PCI: Using ACPI for IRQ routing
[    5.182428] PCI: pci_cache_line_size set to 64 bytes
[    5.184575] e820: reserve RAM buffer [mem 0x0009fc00-0x0009ffff]
[    5.184840] e820: reserve RAM buffer [mem 0x1ffdf000-0x1fffffff]
[    5.185750] initcall pci_subsys_init+0x0/0x66 returned 0 after 732421 usecs
[    5.188769] calling  nmi_warning_debugfs+0x0/0x26 @ 1
[    5.190751] initcall nmi_warning_debugfs+0x0/0x26 returned 0 after 976 usecs
[    5.191704] calling  save_microcode_in_initrd+0x0/0x51 @ 1
[    5.192813] initcall save_microcode_in_initrd+0x0/0x51 returned 0 after 0 usecs
[    5.193731] calling  hpet_late_init+0x0/0x20a @ 1
[    5.194829] hpet: 3 channels of 0 reserved for per-cpu timers
[    5.195820] hpet0: at MMIO 0xfed00000, IRQs 2, 8, 0
[    5.196699] hpet0: 3 comparators, 64-bit 100.000000 MHz counter
[    5.207706] initcall hpet_late_init+0x0/0x20a returned 0 after 12695 usecs
[    5.208706] calling  init_amd_nbs+0x0/0x11c @ 1
[    5.209777] initcall init_amd_nbs+0x0/0x11c returned 0 after 0 usecs
[    5.210722] calling  clocksource_done_booting+0x0/0x43 @ 1
[    5.212876] clocksource: Switched to clocksource kvm-clock
[    5.220049] initcall clocksource_done_booting+0x0/0x43 returned 0 after 8155 usecs
[    5.234875] calling  tracer_init_tracefs+0x0/0x248 @ 1
[    5.530639] initcall tracer_init_tracefs+0x0/0x248 returned 0 after 281902 usecs
[    5.540055] calling  init_trace_printk_function_export+0x0/0x2c @ 1
[    5.548084] initcall init_trace_printk_function_export+0x0/0x2c returned 0 after 43 usecs
[    5.558590] calling  init_kprobe_trace+0x0/0x1ab @ 1
[    5.564967] initcall init_kprobe_trace+0x0/0x1ab returned 0 after 45 usecs
[    5.574547] calling  init_dynamic_event+0x0/0x3d @ 1
[    5.580772] initcall init_dynamic_event+0x0/0x3d returned 0 after 21 usecs
[    5.589172] calling  init_uprobe_trace+0x0/0x5c @ 1
[    5.595352] initcall init_uprobe_trace+0x0/0x5c returned 0 after 110 usecs
[    5.603536] calling  init_pipe_fs+0x0/0x44 @ 1
[    5.609193] initcall init_pipe_fs+0x0/0x44 returned 0 after 467 usecs
[    5.616631] calling  inotify_user_setup+0x0/0x47 @ 1
[    5.622599] initcall inotify_user_setup+0x0/0x47 returned 0 after 143 usecs
[    5.630607] calling  eventpoll_init+0x0/0xeb @ 1
[    5.636082] initcall eventpoll_init+0x0/0xeb returned 0 after 119 usecs
[    5.643775] calling  anon_inode_init+0x0/0x58 @ 1
[    5.649530] initcall anon_inode_init+0x0/0x58 returned 0 after 270 usecs
[    5.659112] calling  proc_locks_init+0x0/0x27 @ 1
[    5.665951] initcall proc_locks_init+0x0/0x27 returned 0 after 124 usecs
[    5.675420] calling  iomap_init+0x0/0x1b @ 1
[    5.683569] initcall iomap_init+0x0/0x1b returned 0 after 1869 usecs
[    5.692597] calling  dquot_init+0x0/0x106 @ 1
[    5.698899] VFS: Disk quotas dquot_6.6.0
[    5.704900] VFS: Dquot-cache hash table entries: 512 (order 0, 4096 bytes)
[    5.714619] initcall dquot_init+0x0/0x106 returned 0 after 15362 usecs
[    5.722431] calling  quota_init+0x0/0x23 @ 1
[    5.727961] initcall quota_init+0x0/0x23 returned 0 after 534 usecs
[    5.735233] calling  proc_cmdline_init+0x0/0x21 @ 1
[    5.741041] initcall proc_cmdline_init+0x0/0x21 returned 0 after 18 usecs
[    5.749131] calling  proc_consoles_init+0x0/0x24 @ 1
[    5.755313] initcall proc_consoles_init+0x0/0x24 returned 0 after 6 usecs
[    5.763283] calling  proc_cpuinfo_init+0x0/0x1e @ 1
[    5.769024] initcall proc_cpuinfo_init+0x0/0x1e returned 0 after 6 usecs
[    5.776612] calling  proc_devices_init+0x0/0x24 @ 1
[    5.782205] initcall proc_devices_init+0x0/0x24 returned 0 after 6 usecs
[    5.790316] calling  proc_interrupts_init+0x0/0x24 @ 1
[    5.796370] initcall proc_interrupts_init+0x0/0x24 returned 0 after 7 usecs
[    5.804585] calling  proc_loadavg_init+0x0/0x21 @ 1
[    5.810373] initcall proc_loadavg_init+0x0/0x21 returned 0 after 7 usecs
[    5.818347] calling  proc_meminfo_init+0x0/0x21 @ 1
[    5.824351] initcall proc_meminfo_init+0x0/0x21 returned 0 after 40 usecs
[    5.832739] calling  proc_stat_init+0x0/0x1e @ 1
[    5.838301] initcall proc_stat_init+0x0/0x1e returned 0 after 7 usecs
[    5.846184] calling  proc_uptime_init+0x0/0x21 @ 1
[    5.851895] initcall proc_uptime_init+0x0/0x21 returned 0 after 7 usecs
[    5.859920] calling  proc_version_init+0x0/0x21 @ 1
[    5.867012] initcall proc_version_init+0x0/0x21 returned 0 after 9 usecs
[    5.874920] calling  proc_softirqs_init+0x0/0x21 @ 1
[    5.882111] initcall proc_softirqs_init+0x0/0x21 returned 0 after 9 usecs
[    5.891851] calling  proc_kcore_init+0x0/0xea @ 1
[    5.899119] initcall proc_kcore_init+0x0/0xea returned 0 after 444 usecs
[    5.908764] calling  vmcore_init+0x0/0x57b @ 1
[    5.915162] initcall vmcore_init+0x0/0x57b returned 0 after 1 usecs
[    5.924081] calling  proc_kmsg_init+0x0/0x21 @ 1
[    5.930784] initcall proc_kmsg_init+0x0/0x21 returned 0 after 11 usecs
[    5.940137] calling  proc_page_init+0x0/0x3b @ 1
[    5.946878] initcall proc_page_init+0x0/0x3b returned 0 after 26 usecs
[    5.956052] calling  init_ramfs_fs+0x0/0xc @ 1
[    5.962409] initcall init_ramfs_fs+0x0/0xc returned 0 after 23 usecs
[    5.971414] calling  init_hugetlbfs_fs+0x0/0xf6 @ 1
[    5.979119] initcall init_hugetlbfs_fs+0x0/0xf6 returned 0 after 705 usecs
[    5.988865] calling  blk_scsi_ioctl_init+0x0/0x2a5 @ 1
[    5.996203] initcall blk_scsi_ioctl_init+0x0/0x2a5 returned 0 after 59 usecs
[    6.006063] calling  acpi_event_init+0x0/0x2c @ 1
[    6.012877] initcall acpi_event_init+0x0/0x2c returned 0 after 253 usecs
[    6.021568] calling  pnp_system_init+0x0/0xc @ 1
[    6.027500] initcall pnp_system_init+0x0/0xc returned 0 after 601 usecs
[    6.035130] calling  pnpacpi_init+0x0/0x69 @ 1
[    6.040537] pnp: PnP ACPI init
[    6.046046] pnp 00:00: Plug and Play ACPI device, IDs PNP0303 (active)
[    6.053933] pnp 00:01: Plug and Play ACPI device, IDs PNP0f13 (active)
[    6.061485] pnp 00:02: Plug and Play ACPI device, IDs PNP0400 (active)
[    6.069066] pnp 00:03: Plug and Play ACPI device, IDs PNP0501 (active)
[    6.076706] pnp 00:04: Plug and Play ACPI device, IDs PNP0b00 (active)
[    6.084383] system 00:05: [mem 0xb0000000-0xbfffffff window] has been reserved
[    6.092656] system 00:05: Plug and Play ACPI device, IDs PNP0c01 (active)
[    6.102163] pnp: PnP ACPI: found 6 devices
[    6.106847] initcall pnpacpi_init+0x0/0x69 returned 0 after 64785 usecs
[    6.115806] calling  chr_dev_init+0x0/0x14d @ 1
[    6.231934] initcall chr_dev_init+0x0/0x14d returned 0 after 107072 usecs
[    6.239783] calling  firmware_class_init+0x0/0x14a @ 1
[    6.245706] initcall firmware_class_init+0x0/0x14a returned 0 after 100 usecs
[    6.253668] calling  init_pcmcia_bus+0x0/0x5b @ 1
[    6.259185] initcall init_pcmcia_bus+0x0/0x5b returned 0 after 155 usecs
[    6.266621] calling  init_acpi_pm_clocksource+0x0/0xda @ 1
[    6.278279] clocksource: acpi_pm: mask: 0xffffff max_cycles: 0xffffff, max_idle_ns: 2085701024 ns
[    6.288297] initcall init_acpi_pm_clocksource+0x0/0xda returned 0 after 15089 usecs
[    6.297625] calling  sysctl_core_init+0x0/0x26 @ 1
[    6.303272] initcall sysctl_core_init+0x0/0x26 returned 0 after 258 usecs
[    6.310780] calling  eth_offload_init+0x0/0x13 @ 1
[    6.316372] initcall eth_offload_init+0x0/0x13 returned 0 after 201 usecs
[    6.324047] calling  ipv4_offload_init+0x0/0x73 @ 1
[    6.329612] initcall ipv4_offload_init+0x0/0x73 returned 0 after 73 usecs
[    6.337102] calling  inet_init+0x0/0x276 @ 1
[    6.342030] NET: Registered protocol family 2
[    6.347865] IP idents hash table entries: 8192 (order: 4, 65536 bytes, linear)
[    6.360090] tcp_listen_portaddr_hash hash table entries: 256 (order: 2, 20480 bytes, linear)
[    6.371489] TCP established hash table entries: 4096 (order: 3, 32768 bytes, linear)
[    6.380211] TCP bind hash table entries: 4096 (order: 6, 294912 bytes, linear)
[    6.389487] TCP: Hash tables configured (established 4096 bind 4096)
[    6.397591] UDP hash table entries: 256 (order: 3, 40960 bytes, linear)
[    6.405271] UDP-Lite hash table entries: 256 (order: 3, 40960 bytes, linear)
[    6.413578] initcall inet_init+0x0/0x276 returned 0 after 70024 usecs
[    6.429624] calling  af_unix_init+0x0/0x4d @ 1
[    6.436567] NET: Registered protocol family 1
[    6.443222] initcall af_unix_init+0x0/0x4d returned 0 after 8092 usecs
[    6.450881] calling  ipv6_offload_init+0x0/0x7e @ 1
[    6.456833] initcall ipv6_offload_init+0x0/0x7e returned 0 after 263 usecs
[    6.467353] calling  init_sunrpc+0x0/0x65 @ 1
[    6.484094] RPC: Registered named UNIX socket transport module.
[    6.491053] RPC: Registered udp transport module.
[    6.496468] RPC: Registered tcp transport module.
[    6.501837] RPC: Registered tcp NFSv4.1 backchannel transport module.
[    6.509050] initcall init_sunrpc+0x0/0x65 returned 0 after 35606 usecs
[    6.516386] calling  cfg80211_init+0x0/0xc5 @ 1
[    6.527124] initcall cfg80211_init+0x0/0xc5 returned 0 after 5411 usecs
[    6.534951] calling  pcibios_assign_resources+0x0/0xbf @ 1
[    6.546534] pci_bus 0000:00: resource 4 [io  0x0000-0x0cf7 window]
[    6.554133] pci_bus 0000:00: resource 5 [io  0x0d00-0xffff window]
[    6.561749] pci_bus 0000:00: resource 6 [mem 0x000a0000-0x000bffff window]
[    6.570552] pci_bus 0000:00: resource 7 [mem 0x20000000-0xafffffff window]
[    6.578646] pci_bus 0000:00: resource 8 [mem 0xc0000000-0xfebfffff window]
[    6.586560] pci_bus 0000:00: resource 9 [mem 0x100000000-0x8ffffffff window]
[    6.595300] initcall pcibios_assign_resources+0x0/0xbf returned 0 after 52748 usecs
[    6.604256] calling  pci_apply_final_quirks+0x0/0x124 @ 1
[    6.611339] pci 0000:00:01.0: calling  pci_fixup_video+0x0/0xe0 @ 1
[    6.619258] pci 0000:00:01.0: Video device with shadowed ROM at [mem 0x000c0000-0x000dffff]
[    6.629423] pci 0000:00:01.0: pci_fixup_video+0x0/0xe0 took 10265 usecs
[    6.638112] PCI: CLS 0 bytes, default 64
[    6.642947] initcall pci_apply_final_quirks+0x0/0x124 returned 0 after 31738 usecs
[    6.652821] calling  acpi_reserve_resources+0x0/0xea @ 1
[    6.659115] initcall acpi_reserve_resources+0x0/0xea returned 0 after 36 usecs
[    6.667684] calling  populate_rootfs+0x0/0x102 @ 1
[    6.676260] initcall populate_rootfs+0x0/0x102 returned 0 after 2762 usecs
[    6.684531] calling  pci_iommu_init+0x0/0x3e @ 1
[    6.690173] initcall pci_iommu_init+0x0/0x3e returned 0 after 100 usecs
[    6.699608] calling  ia32_binfmt_init+0x0/0x13 @ 1
[    6.705462] initcall ia32_binfmt_init+0x0/0x13 returned 0 after 56 usecs
[    6.713156] calling  rapl_pmu_init+0x0/0x267 @ 1
[    6.718660] initcall rapl_pmu_init+0x0/0x267 returned -19 after 68 usecs
[    6.726579] calling  amd_uncore_init+0x0/0x310 @ 1
[    6.732080] initcall amd_uncore_init+0x0/0x310 returned -19 after 0 usecs
[    6.740098] calling  amd_ibs_init+0x0/0x27b @ 1
[    6.745438] initcall amd_ibs_init+0x0/0x27b returned -19 after 0 usecs
[    6.753206] calling  amd_iommu_pc_init+0x0/0x22c @ 1
[    6.759904] initcall amd_iommu_pc_init+0x0/0x22c returned -19 after 55 usecs
[    6.770351] calling  msr_init+0x0/0x55 @ 1
[    6.776917] initcall msr_init+0x0/0x55 returned 0 after 266 usecs
[    6.785802] calling  intel_uncore_init+0x0/0x36f @ 1
[    6.793193] initcall intel_uncore_init+0x0/0x36f returned -19 after 52 usecs
[    6.803458] calling  cstate_pmu_init+0x0/0x1a1 @ 1
[    6.810709] initcall cstate_pmu_init+0x0/0x1a1 returned -19 after 1 usecs
[    6.820626] calling  register_kernel_offset_dumper+0x0/0x1a @ 1
[    6.829328] initcall register_kernel_offset_dumper+0x0/0x1a returned 0 after 29 usecs
[    6.839608] calling  i8259A_init_ops+0x0/0x20 @ 1
[    6.845272] initcall i8259A_init_ops+0x0/0x20 returned 0 after 17 usecs
[    6.853064] calling  init_tsc_clocksource+0x0/0xa4 @ 1
[    6.859177] clocksource: tsc: mask: 0xffffffffffffffff max_cycles: 0x39a85afc727, max_idle_ns: 881590685098 ns
[    6.870817] initcall init_tsc_clocksource+0x0/0xa4 returned 0 after 11419 usecs
[    6.879527] calling  add_rtc_cmos+0x0/0xb0 @ 1
[    6.884927] initcall add_rtc_cmos+0x0/0xb0 returned 0 after 89 usecs
[    6.892390] calling  i8237A_init_ops+0x0/0x3a @ 1
[    6.898105] initcall i8237A_init_ops+0x0/0x3a returned 0 after 121 usecs
[    6.906027] calling  umwait_init+0x0/0x94 @ 1
[    6.911340] initcall umwait_init+0x0/0x94 returned -19 after 25 usecs
[    6.919086] calling  thermal_throttle_init_device+0x0/0x3d @ 1
[    6.926028] initcall thermal_throttle_init_device+0x0/0x3d returned 0 after 43 usecs
[    6.935079] calling  msr_init+0x0/0xd7 @ 1
[    6.943390] initcall msr_init+0x0/0xd7 returned 0 after 3289 usecs
[    6.951171] calling  cpuid_init+0x0/0xd7 @ 1
[    6.959974] initcall cpuid_init+0x0/0xd7 returned 0 after 3005 usecs
[    6.968808] calling  ioapic_init_ops+0x0/0x13 @ 1
[    6.975172] initcall ioapic_init_ops+0x0/0x13 returned 0 after 32 usecs
[    6.983908] calling  add_pcspkr+0x0/0x6c @ 1
[    6.989920] initcall add_pcspkr+0x0/0x6c returned 0 after 387 usecs
[    6.998606] calling  start_periodic_check_for_corruption+0x0/0x30 @ 1
[    7.007829] check: Scanning for low memory corruption every 60 seconds
[    7.015549] initcall start_periodic_check_for_corruption+0x0/0x30 returned 0 after 7587 usecs
[    7.026640] calling  sysfb_init+0x0/0x9c @ 1
[    7.031993] initcall sysfb_init+0x0/0x9c returned 0 after 178 usecs
[    7.039513] calling  audit_classes_init+0x0/0xae @ 1
[    7.045582] initcall audit_classes_init+0x0/0xae returned 0 after 39 usecs
[    7.053883] calling  iosf_mbi_init+0x0/0x24 @ 1
[    7.060133] initcall iosf_mbi_init+0x0/0x24 returned 0 after 659 usecs
[    7.067695] calling  proc_execdomains_init+0x0/0x21 @ 1
[    7.073885] initcall proc_execdomains_init+0x0/0x21 returned 0 after 47 usecs
[    7.082150] calling  register_warn_debugfs+0x0/0x23 @ 1
[    7.088345] initcall register_warn_debugfs+0x0/0x23 returned 0 after 117 usecs
[    7.096917] calling  cpuhp_sysfs_init+0x0/0x79 @ 1
[    7.102822] initcall cpuhp_sysfs_init+0x0/0x79 returned 0 after 241 usecs
[    7.110650] calling  ioresources_init+0x0/0x49 @ 1
[    7.116252] initcall ioresources_init+0x0/0x49 returned 0 after 12 usecs
[    7.124050] calling  lockdep_proc_init+0x0/0x64 @ 1
[    7.130049] initcall lockdep_proc_init+0x0/0x64 returned 0 after 319 usecs
[    7.138029] calling  snapshot_device_init+0x0/0xc @ 1
[    7.145496] initcall snapshot_device_init+0x0/0xc returned 0 after 1573 usecs
[    7.153789] calling  irq_pm_init_ops+0x0/0x13 @ 1
[    7.159376] initcall irq_pm_init_ops+0x0/0x13 returned 0 after 17 usecs
[    7.167247] calling  rcu_torture_init+0x0/0x9be @ 1
[    7.173555] tasks-rude-torture:--- Start of test: nreaders=1 nfakewriters=4 stat_interval=15 verbose=1 test_no_idle_hz=1 shuffle_interval=3 stutter=5 irqreader=1 fqs_duration=0 fqs_holdoff=0 fqs_stutter=3 test_boost=1/0 test_boost_interval=7 test_boost_duration=4 shutdown_secs=1800 stall_cpu=0 stall_cpu_holdoff=10 stall_cpu_irqsoff=0 stall_cpu_block=0 n_barrier_cbs=4 onoff_interval=1000 onoff_holdoff=30 read_exit_delay=13 read_exit_burst=16
[    7.218481] tasks-rude:  Start-test grace-period state: g0 f0x0
[    7.225638] tasks-rude-torture: Creating rcu_torture_writer task
[    7.235388] tasks-rude-torture: Creating rcu_torture_fakewriter task
[    7.235691] tasks-rude-torture: rcu_torture_writer task started
[    7.244585] tasks-rude-torture: Creating rcu_torture_fakewriter task
[    7.251109] tasks-rude-torture: GP expediting controlled from boot/sysfs for tasks-rude.
[    7.251294] rcu_torture_writer: Testing expedited GPs.
[    7.259482] tasks-rude-torture: rcu_torture_fakewriter task started
[    7.268873] rcu_torture_writer: Testing asynchronous GPs.
[    7.275667] tasks-rude-torture: Creating rcu_torture_fakewriter task
[    7.282560] rcu_torture_writer: Testing normal GPs.
[    7.282580] tasks-rude-torture: rcu_torture_fakewriter task started
[    7.291160] tasks-rude-torture: Creating rcu_torture_fakewriter task
[    7.298111] tasks-rude-torture: rcu_torture_fakewriter task started
[    7.303269] tasks-rude-torture: Creating rcu_torture_reader task
[    7.312461] tasks-rude-torture: rcu_torture_fakewriter task started
[    7.318518] tasks-rude-torture: Creating rcu_torture_stats task
[    7.326660] tasks-rude-torture: rcu_torture_reader task started
[    7.333651] tasks-rude-torture: Creating torture_shuffle task
[    7.340875] tasks-rude-torture: rcu_torture_stats task started
[    7.348540] tasks-rude-torture: Creating torture_stutter task
[    7.365800] tasks-rude-torture: torture_shuffle task started
[    7.370242] tasks-rude-torture: Creating torture_shutdown task
[    7.387807] tasks-rude-torture: torture_stutter task started
[    7.391287] tasks-rude-torture: Creating torture_onoff task
[    7.397846] tasks-rude-torture: torture_shutdown task started
[    7.405048] tasks-rude-torture: rcu_torture_fwd_prog_init: Disabled, unsupported by RCU flavor under test
[    7.411663] tasks-rude-torture:torture_shutdown task: 1799958 ms remaining
[    7.423855] tasks-rude-torture: torture_onoff task started
[    7.431587] tasks-rude-torture: Creating rcu_torture_barrier_cbs task
[    7.438584] tasks-rude-torture: torture_onoff begin holdoff
[    7.459445] tasks-rude-torture: Creating rcu_torture_barrier_cbs task
[    7.459492] tasks-rude-torture: rcu_torture_barrier_cbs task started
[    7.467432] tasks-rude-torture: Creating rcu_torture_barrier_cbs task
[    7.477311] tasks-rude-torture: rcu_torture_barrier_cbs task started
[    7.485387] tasks-rude-torture: Creating rcu_torture_barrier_cbs task
[    7.494908] tasks-rude-torture: rcu_torture_barrier_cbs task started
[    7.512422] tasks-rude-torture: Creating rcu_torture_barrier task
[    7.512477] tasks-rude-torture: rcu_torture_barrier_cbs task started
[    7.522127] tasks-rude-torture: Creating rcu_torture_read_exit task
[    7.530090] tasks-rude-torture: rcu_torture_barrier task starting
[    7.540168] initcall rcu_torture_init+0x0/0x9be returned 0 after 358215 usecs
[    7.557330] tasks-rude-torture: rcu_torture_read_exit: Start of test
[    7.566193] calling  timekeeping_init_ops+0x0/0x13 @ 1
[    7.575012] initcall timekeeping_init_ops+0x0/0x13 returned 0 after 279 usecs
[    7.586024] calling  init_clocksource_sysfs+0x0/0x23 @ 1
[    7.594790] initcall init_clocksource_sysfs+0x0/0x23 returned 0 after 299 usecs
[    7.606072] calling  init_timer_list_procfs+0x0/0x31 @ 1
[    7.612811] initcall init_timer_list_procfs+0x0/0x31 returned 0 after 95 usecs
[    7.621790] calling  alarmtimer_init+0x0/0xf5 @ 1
[    7.628016] initcall alarmtimer_init+0x0/0xf5 returned 0 after 466 usecs
[    7.636655] calling  init_posix_timers+0x0/0x29 @ 1
[    7.642834] initcall init_posix_timers+0x0/0x29 returned 0 after 21 usecs
[    7.651247] calling  clockevents_init_sysfs+0x0/0xbf @ 1
[    7.658811] initcall clockevents_init_sysfs+0x0/0xbf returned 0 after 415 usecs
[    7.670197] calling  proc_dma_init+0x0/0x21 @ 1
[    7.676693] initcall proc_dma_init+0x0/0x21 returned 0 after 94 usecs
[    7.685618] calling  proc_modules_init+0x0/0x1e @ 1
[    7.692099] initcall proc_modules_init+0x0/0x1e returned 0 after 10 usecs
[    7.700999] calling  kallsyms_init+0x0/0x21 @ 1
[    7.706982] initcall kallsyms_init+0x0/0x21 returned 0 after 30 usecs
[    7.715452] calling  pid_namespaces_init+0x0/0x2c @ 1
[    7.722584] initcall pid_namespaces_init+0x0/0x2c returned 0 after 20 usecs
[    7.732537] calling  audit_watch_init+0x0/0x37 @ 1
[    7.739103] initcall audit_watch_init+0x0/0x37 returned 0 after 22 usecs
[    7.747894] calling  audit_fsnotify_init+0x0/0x37 @ 1
[    7.754598] initcall audit_fsnotify_init+0x0/0x37 returned 0 after 3 usecs
[    7.763870] calling  audit_tree_init+0x0/0x6d @ 1
[    7.770152] initcall audit_tree_init+0x0/0x6d returned 0 after 14 usecs
[    7.786803] calling  seccomp_sysctl_init+0x0/0x2b @ 1
[    7.797151] initcall seccomp_sysctl_init+0x0/0x2b returned 0 after 1482 usecs
[    7.807097] calling  utsname_sysctl_init+0x0/0x13 @ 1
[    7.814102] initcall utsname_sysctl_init+0x0/0x13 returned 0 after 82 usecs
[    7.823384] calling  init_tracepoints+0x0/0x27 @ 1
[    7.830991] initcall init_tracepoints+0x0/0x27 returned 0 after 89 usecs
[    7.841339] calling  init_blk_tracer+0x0/0x50 @ 1
[    7.851885] initcall init_blk_tracer+0x0/0x50 returned 0 after 2989 usecs
[    7.860946] calling  perf_event_sysfs_init+0x0/0x83 @ 1
[    7.877579] initcall perf_event_sysfs_init+0x0/0x83 returned 0 after 9806 usecs
[    7.886607] calling  system_trusted_keyring_init+0x0/0x60 @ 1
[    7.893815] Initialise system trusted keyrings
[    7.900076] initcall system_trusted_keyring_init+0x0/0x60 returned 0 after 6129 usecs
[    7.909925] calling  kswapd_init+0x0/0x5c @ 1
[    7.920404] initcall kswapd_init+0x0/0x5c returned 0 after 4542 usecs
[    7.928660] calling  extfrag_debug_init+0x0/0x54 @ 1
[    7.935616] initcall extfrag_debug_init+0x0/0x54 returned 0 after 359 usecs
[    7.944316] calling  mm_compute_batch_init+0x0/0x12 @ 1
[    7.950941] initcall mm_compute_batch_init+0x0/0x12 returned 0 after 21 usecs
[    7.959799] calling  slab_proc_init+0x0/0x21 @ 1
[    7.966047] initcall slab_proc_init+0x0/0x21 returned 0 after 252 usecs
[    7.974298] calling  workingset_init+0x0/0x8c @ 1
[    7.980535] workingset: timestamp_bits=56 max_order=17 bucket_order=0
[    7.989026] initcall workingset_init+0x0/0x8c returned 0 after 8306 usecs
[    7.997828] calling  proc_vmalloc_init+0x0/0x32 @ 1
[    8.004385] initcall proc_vmalloc_init+0x0/0x32 returned 0 after 80 usecs
[    8.013062] calling  procswaps_init+0x0/0x1e @ 1
[    8.019254] initcall procswaps_init+0x0/0x1e returned 0 after 96 usecs
[    8.027897] calling  slab_sysfs_init+0x0/0xec @ 1
[    8.044992] initcall slab_sysfs_init+0x0/0xec returned 0 after 10327 usecs
[    8.054270] calling  fcntl_init+0x0/0x29 @ 1
[    8.060210] initcall fcntl_init+0x0/0x29 returned 0 after 182 usecs
[    8.068460] calling  proc_filesystems_init+0x0/0x21 @ 1
[    8.075239] initcall proc_filesystems_init+0x0/0x21 returned 0 after 27 usecs
[    8.084878] calling  start_dirtytime_writeback+0x0/0x29 @ 1
[    8.092047] initcall start_dirtytime_writeback+0x0/0x29 returned 0 after 20 usecs
[    8.102003] calling  blkdev_init+0x0/0x1b @ 1
[    8.108505] initcall blkdev_init+0x0/0x1b returned 0 after 688 usecs
[    8.116933] calling  dio_init+0x0/0x2c @ 1
[    8.123102] initcall dio_init+0x0/0x2c returned 0 after 410 usecs
[    8.131572] calling  dnotify_init+0x0/0x78 @ 1
[    8.138347] initcall dnotify_init+0x0/0x78 returned 0 after 397 usecs
[    8.147111] calling  aio_setup+0x0/0x78 @ 1
[    8.154171] initcall aio_setup+0x0/0x78 returned 0 after 1278 usecs
[    8.163396] calling  io_uring_init+0x0/0x2c @ 1
[    8.169893] initcall io_uring_init+0x0/0x2c returned 0 after 17 usecs
[    8.178469] calling  mbcache_init+0x0/0x30 @ 1
[    8.185054] initcall mbcache_init+0x0/0x30 returned 0 after 111 usecs
[    8.193765] calling  init_grace+0x0/0xc @ 1
[    8.200135] initcall init_grace+0x0/0xc returned 0 after 225 usecs
[    8.208765] calling  init_v2_quota_format+0x0/0x21 @ 1
[    8.216245] initcall init_v2_quota_format+0x0/0x21 returned 0 after 393 usecs
[    8.225986] calling  init_devpts_fs+0x0/0x27 @ 1
[    8.233193] initcall init_devpts_fs+0x0/0x27 returned 0 after 194 usecs
[    8.242717] calling  ext4_init_fs+0x0/0x1c2 @ 1
[    8.250893] initcall ext4_init_fs+0x0/0x1c2 returned 0 after 1697 usecs
[    8.259618] calling  journal_init+0x0/0x11c @ 1
[    8.265936] initcall journal_init+0x0/0x11c returned 0 after 362 usecs
[    8.274332] calling  init_fat_fs+0x0/0x49 @ 1
[    8.280625] initcall init_fat_fs+0x0/0x49 returned 0 after 379 usecs
[    8.289411] calling  init_vfat_fs+0x0/0xc @ 1
[    8.295445] initcall init_vfat_fs+0x0/0xc returned 0 after 4 usecs
[    8.303830] calling  init_msdos_fs+0x0/0xc @ 1
[    8.309881] initcall init_msdos_fs+0x0/0xc returned 0 after 5 usecs
[    8.318052] calling  init_iso9660_fs+0x0/0x6c @ 1
[    8.325347] initcall init_iso9660_fs+0x0/0x6c returned 0 after 718 usecs
[    8.334445] calling  init_nfs_fs+0x0/0x13a @ 1
[    8.347184] initcall init_nfs_fs+0x0/0x13a returned 0 after 6927 usecs
[    8.357549] calling  init_nfs_v2+0x0/0x13 @ 1
[    8.363452] initcall init_nfs_v2+0x0/0x13 returned 0 after 160 usecs
[    8.371582] calling  init_nfs_v3+0x0/0x13 @ 1
[    8.378114] initcall init_nfs_v3+0x0/0x13 returned 0 after 3 usecs
[    8.387318] calling  init_nfs_v4+0x0/0x32 @ 1
[    8.394086] NFS: Registering the id_resolver key type
[    8.401800] Key type id_resolver registered
[    8.407998] Key type id_legacy registered
[    8.414138] initcall init_nfs_v4+0x0/0x32 returned 0 after 19670 usecs
[    8.422214] calling  init_nlm+0x0/0x5b @ 1
[    8.427493] initcall init_nlm+0x0/0x5b returned 0 after 101 usecs
[    8.434828] calling  init_nls_cp437+0x0/0xe @ 1
[    8.441630] initcall init_nls_cp437+0x0/0xe returned 0 after 273 usecs
[    8.451236] calling  init_nls_ascii+0x0/0xe @ 1
[    8.457976] initcall init_nls_ascii+0x0/0xe returned 0 after 2 usecs
[    8.467182] calling  init_nls_iso8859_1+0x0/0xe @ 1
[    8.476045] initcall init_nls_iso8859_1+0x0/0xe returned 0 after 214 usecs
[    8.487407] calling  init_nls_utf8+0x0/0x21 @ 1
[    8.494703] initcall init_nls_utf8+0x0/0x21 returned 0 after 4 usecs
[    8.503872] calling  init_autofs_fs+0x0/0x25 @ 1
[    8.512525] initcall init_autofs_fs+0x0/0x25 returned 0 after 2629 usecs
[    8.521494] calling  ipc_init+0x0/0x24 @ 1
[    8.526992] initcall ipc_init+0x0/0x24 returned 0 after 121 usecs
[    8.534713] calling  ipc_sysctl_init+0x0/0x13 @ 1
[    8.541378] initcall ipc_sysctl_init+0x0/0x13 returned 0 after 71 usecs
[    8.550240] calling  init_mqueue_fs+0x0/0xb1 @ 1
[    8.557578] initcall init_mqueue_fs+0x0/0xb1 returned 0 after 983 usecs
[    8.566352] calling  key_proc_init+0x0/0x63 @ 1
[    8.572822] initcall key_proc_init+0x0/0x63 returned 0 after 121 usecs
[    8.581236] calling  selinux_nf_ip_init+0x0/0x2e @ 1
[    8.588080] initcall selinux_nf_ip_init+0x0/0x2e returned 0 after 118 usecs
[    8.597195] calling  init_sel_fs+0x0/0x116 @ 1
[    8.602959] initcall init_sel_fs+0x0/0x116 returned 0 after 0 usecs
[    8.611153] calling  selnl_init+0x0/0x7c @ 1
[    8.617224] initcall selnl_init+0x0/0x7c returned 0 after 545 usecs
[    8.625288] calling  sel_netif_init+0x0/0x36 @ 1
[    8.631676] initcall sel_netif_init+0x0/0x36 returned 0 after 1 usecs
[    8.640058] calling  sel_netnode_init+0x0/0x33 @ 1
[    8.646231] initcall sel_netnode_init+0x0/0x33 returned 0 after 1 usecs
[    8.654891] calling  sel_netport_init+0x0/0x33 @ 1
[    8.661228] initcall sel_netport_init+0x0/0x33 returned 0 after 0 usecs
[    8.669889] calling  aurule_init+0x0/0x2a @ 1
[    8.675832] initcall aurule_init+0x0/0x2a returned 0 after 3 usecs
[    8.683858] calling  crypto_algapi_init+0x0/0xc @ 1
[    8.690500] initcall crypto_algapi_init+0x0/0xc returned 0 after 12 usecs
[    8.699248] calling  jent_mod_init+0x0/0x2d @ 1
[    8.718567] initcall jent_mod_init+0x0/0x2d returned 0 after 12045 usecs
[    8.728013] calling  asymmetric_key_init+0x0/0xc @ 1
[    8.734981] Key type asymmetric registered
[    8.740660] initcall asymmetric_key_init+0x0/0xc returned 0 after 5545 usecs
[    8.750224] calling  x509_key_init+0x0/0xc @ 1
[    8.756538] Asymmetric key parser 'x509' registered
[    8.763311] initcall x509_key_init+0x0/0xc returned 0 after 6834 usecs
[    8.772145] calling  proc_genhd_init+0x0/0x41 @ 1
[    8.778885] initcall proc_genhd_init+0x0/0x41 returned 0 after 14 usecs
[    8.788211] calling  bsg_init+0x0/0x113 @ 1
[    8.795387] Block layer SCSI generic (bsg) driver version 0.4 loaded (major 251)
[    8.805681] initcall bsg_init+0x0/0x113 returned 0 after 10776 usecs
[    8.814812] calling  deadline_init+0x0/0xc @ 1
[    8.821415] io scheduler mq-deadline registered
[    8.828036] initcall deadline_init+0x0/0xc returned 0 after 6751 usecs
[    8.836966] calling  kyber_init+0x0/0xc @ 1
[    8.842965] io scheduler kyber registered
[    8.848539] initcall kyber_init+0x0/0xc returned 0 after 5649 usecs
[    8.856892] calling  mod_init+0x0/0x7 @ 1
[    8.862870] initcall mod_init+0x0/0x7 returned 0 after 1 usecs
[    8.871039] calling  percpu_counter_startup+0x0/0x55 @ 1
[    8.879517] initcall percpu_counter_startup+0x0/0x55 returned 0 after 1075 usecs
[    8.890023] calling  sg_pool_init+0x0/0xb4 @ 1
[    8.898367] initcall sg_pool_init+0x0/0xb4 returned 0 after 928 usecs
[    8.908781] calling  pcie_portdrv_init+0x0/0x39 @ 1
[    8.919517] initcall pcie_portdrv_init+0x0/0x39 returned 0 after 2532 usecs
[    8.929689] calling  pci_proc_init+0x0/0x68 @ 1
[    8.936686] initcall pci_proc_init+0x0/0x68 returned 0 after 361 usecs
[    8.945626] calling  pci_hotplug_init+0x0/0x7 @ 1
[    8.952041] initcall pci_hotplug_init+0x0/0x7 returned 0 after 0 usecs
[    8.961284] calling  efifb_driver_init+0x0/0xe @ 1
[    8.969441] initcall efifb_driver_init+0x0/0xe returned 0 after 1544 usecs
[    8.979198] calling  ged_driver_init+0x0/0xe @ 1
[    8.986029] initcall ged_driver_init+0x0/0xe returned 0 after 154 usecs
[    8.996531] calling  acpi_ac_init+0x0/0x92 @ 1
[    9.007045] initcall acpi_ac_init+0x0/0x92 returned 0 after 3266 usecs
[    9.019036] calling  acpi_button_driver_init+0x0/0x52 @ 1
[    9.033274] input: Power Button as /devices/LNXSYSTM:00/LNXPWRBN:00/input/input0
[    9.062704] ACPI: Power Button [PWRF]
[    9.072463] initcall acpi_button_driver_init+0x0/0x52 returned 0 after 44228 usecs
[    9.084746] calling  acpi_fan_driver_init+0x0/0xe @ 1
[    9.093564] initcall acpi_fan_driver_init+0x0/0xe returned 0 after 56 usecs
[    9.105137] calling  acpi_video_init+0x0/0xcb @ 1
[    9.113407] initcall acpi_video_init+0x0/0xcb returned 0 after 600 usecs
[    9.123913] calling  acpi_processor_driver_init+0x0/0xad @ 1
[    9.139724] initcall acpi_processor_driver_init+0x0/0xad returned 0 after 6480 usecs
[    9.151312] calling  acpi_thermal_init+0x0/0x71 @ 1
[    9.161125] initcall acpi_thermal_init+0x0/0x71 returned 0 after 2045 usecs
[    9.172034] calling  acpi_battery_init+0x0/0x32 @ 1
[    9.179242] initcall acpi_battery_init+0x0/0x32 returned 0 after 188 usecs
[    9.189301] calling  bgrt_init+0x0/0xb6 @ 1
[    9.195438] initcall bgrt_init+0x0/0xb6 returned -19 after 1 usecs
[    9.204356] calling  gpio_clk_driver_init+0x0/0xe @ 1
[    9.211550] initcall gpio_clk_driver_init+0x0/0xe returned 0 after 158 usecs
[    9.221349] calling  plt_clk_driver_init+0x0/0xe @ 1
[    9.228409] initcall plt_clk_driver_init+0x0/0xe returned 0 after 48 usecs
[    9.237911] calling  virtio_pci_driver_init+0x0/0x15 @ 1
[    9.246364] initcall virtio_pci_driver_init+0x0/0x15 returned 0 after 482 usecs
[    9.257017] calling  n_null_init+0x0/0x1e @ 1
[    9.263844] initcall n_null_init+0x0/0x1e returned 0 after 159 usecs
[    9.273982] calling  pty_init+0x0/0x1e8 @ 1
[    9.283209] initcall pty_init+0x0/0x1e8 returned 0 after 2827 usecs
[    9.292786] calling  sysrq_init+0x0/0x62 @ 1
[    9.299177] initcall sysrq_init+0x0/0x62 returned 0 after 43 usecs
[    9.307658] calling  serial8250_init+0x0/0x17e @ 1
[    9.314200] Serial: 8250/16550 driver, 4 ports, IRQ sharing enabled
[    9.329659] 00:03: ttyS0 at I/O 0x3f8 (irq = 4, base_baud = 115200) is a 16550A
[    9.358716] initcall serial8250_init+0x0/0x17e returned 0 after 43694 usecs
[    9.370702] calling  serial_pci_driver_init+0x0/0x15 @ 1
[    9.379636] initcall serial_pci_driver_init+0x0/0x15 returned 0 after 183 usecs
[    9.391411] calling  exar_pci_driver_init+0x0/0x15 @ 1
[    9.401131] initcall exar_pci_driver_init+0x0/0x15 returned 0 after 367 usecs
[    9.412816] calling  lpss8250_pci_driver_init+0x0/0x15 @ 1
[    9.422060] initcall lpss8250_pci_driver_init+0x0/0x15 returned 0 after 110 usecs
[    9.435454] calling  mid8250_pci_driver_init+0x0/0x15 @ 1
[    9.445370] initcall mid8250_pci_driver_init+0x0/0x15 returned 0 after 55 usecs
[    9.458668] calling  virtio_console_init+0x0/0xff @ 1
[    9.468593] initcall virtio_console_init+0x0/0xff returned 0 after 484 usecs
[    9.481199] calling  hpet_init+0x0/0x64 @ 1
[    9.492546] initcall hpet_init+0x0/0x64 returned 0 after 2825 usecs
[    9.504054] calling  nvram_module_init+0x0/0x83 @ 1
[    9.513367] Non-volatile memory driver v1.3
[    9.521276] initcall nvram_module_init+0x0/0x83 returned 0 after 8611 usecs
[    9.532592] calling  hwrng_modinit+0x0/0x8a @ 1
[    9.544313] initcall hwrng_modinit+0x0/0x8a returned 0 after 3814 usecs
[    9.554658] calling  mod_init+0x0/0x48 @ 1
[    9.561249] initcall mod_init+0x0/0x48 returned -19 after 0 usecs
[    9.571450] calling  agp_init+0x0/0x23 @ 1
[    9.578507] Linux agpgart interface v0.103
[    9.585239] initcall agp_init+0x0/0x23 returned 0 after 6571 usecs
[    9.595170] calling  agp_amd64_mod_init+0x0/0x5 @ 1
[    9.604757] initcall agp_amd64_mod_init+0x0/0x5 returned -19 after 1317 usecs
[    9.616498] calling  agp_intel_init+0x0/0x28 @ 1
[    9.628400] initcall agp_intel_init+0x0/0x28 returned 0 after 4734 usecs
[    9.638195] calling  drm_kms_helper_init+0x0/0x7 @ 1
[    9.645139] initcall drm_kms_helper_init+0x0/0x7 returned 0 after 154 usecs
[    9.655571] calling  drm_core_init+0x0/0xbd @ 1
[    9.663612] initcall drm_core_init+0x0/0xbd returned 0 after 1137 usecs
[    9.674419] calling  i915_init+0x0/0x6b @ 1
[    9.684166] initcall i915_init+0x0/0x6b returned 0 after 2035 usecs
[    9.694393] calling  cn_proc_init+0x0/0x35 @ 1
[    9.702027] initcall cn_proc_init+0x0/0x35 returned 0 after 370 usecs
[    9.712050] calling  topology_sysfs_init+0x0/0x27 @ 1
[    9.720504] initcall topology_sysfs_init+0x0/0x27 returned 0 after 725 usecs
[    9.732447] calling  cacheinfo_sysfs_init+0x0/0x27 @ 1
[    9.746448] initcall cacheinfo_sysfs_init+0x0/0x27 returned 0 after 2946 usecs
[    9.757548] calling  loop_init+0x0/0x16a @ 1
[    9.926936] loop: module loaded
[    9.932152] initcall loop_init+0x0/0x16a returned 0 after 164538 usecs
[    9.943016] calling  mac_hid_init+0x0/0x21 @ 1
[    9.950309] initcall mac_hid_init+0x0/0x21 returned 0 after 44 usecs
[    9.960991] calling  spi_transport_init+0x0/0x74 @ 1
[    9.969173] initcall spi_transport_init+0x0/0x74 returned 0 after 183 usecs
[    9.980279] calling  init_sd+0x0/0x18c @ 1
[    9.988463] initcall init_sd+0x0/0x18c returned 0 after 718 usecs
[    9.998692] calling  init_sr+0x0/0x43 @ 1
[   10.005342] initcall init_sr+0x0/0x43 returned 0 after 223 usecs
[   10.014715] calling  init_sg+0x0/0x1c0 @ 1
[   10.021284] initcall init_sg+0x0/0x1c0 returned 0 after 259 usecs
[   10.030492] calling  ahci_pci_driver_init+0x0/0x15 @ 1
[   10.039145] ahci 0000:00:1f.2: version 3.0
[   10.054721] PCI Interrupt Link [GSIA] enabled at IRQ 16
[   10.087633] ahci 0000:00:1f.2: AHCI 0001.0000 32 slots 6 ports 1.5 Gbps 0x3f impl SATA mode
[   10.101215] ahci 0000:00:1f.2: flags: 64bit ncq only 
[   10.147554] scsi host0: ahci
[   10.160266] scsi host1: ahci
[   10.171458] scsi host2: ahci
[   10.188291] scsi host3: ahci
[   10.200900] scsi host4: ahci
[   10.212752] scsi host5: ahci
[   10.219342] ata1: SATA max UDMA/133 abar m4096@0xfebf1000 port 0xfebf1100 irq 24
[   10.231431] ata2: SATA max UDMA/133 abar m4096@0xfebf1000 port 0xfebf1180 irq 24
[   10.244457] ata3: SATA max UDMA/133 abar m4096@0xfebf1000 port 0xfebf1200 irq 24
[   10.257442] ata4: SATA max UDMA/133 abar m4096@0xfebf1000 port 0xfebf1280 irq 24
[   10.270626] ata5: SATA max UDMA/133 abar m4096@0xfebf1000 port 0xfebf1300 irq 24
[   10.283501] ata6: SATA max UDMA/133 abar m4096@0xfebf1000 port 0xfebf1380 irq 24
[   10.296924] initcall ahci_pci_driver_init+0x0/0x15 returned 0 after 252739 usecs
[   10.309801] calling  piix_init+0x0/0x26 @ 1
[   10.317185] initcall piix_init+0x0/0x26 returned 0 after 486 usecs
[   10.326814] calling  amd_pci_driver_init+0x0/0x15 @ 1
[   10.334428] initcall amd_pci_driver_init+0x0/0x15 returned 0 after 143 usecs
[   10.345334] calling  oldpiix_pci_driver_init+0x0/0x15 @ 1
[   10.354456] initcall oldpiix_pci_driver_init+0x0/0x15 returned 0 after 184 usecs
[   10.367199] calling  sch_pci_driver_init+0x0/0x15 @ 1
[   10.378618] initcall sch_pci_driver_init+0x0/0x15 returned 0 after 92 usecs
[   10.390680] calling  net_olddevs_init+0x0/0x55 @ 1
[   10.401540] initcall net_olddevs_init+0x0/0x55 returned 0 after 2014 usecs
[   10.411669] calling  blackhole_netdev_init+0x0/0x78 @ 1
[   10.422231] initcall blackhole_netdev_init+0x0/0x78 returned 0 after 2179 usecs
[   10.433110] calling  phy_module_init+0x0/0x13 @ 1
[   10.441686] initcall phy_module_init+0x0/0x13 returned 0 after 952 usecs
[   10.451984] calling  tg3_driver_init+0x0/0x15 @ 1
[   10.459189] initcall tg3_driver_init+0x0/0x15 returned 0 after 299 usecs
[   10.469428] calling  e100_init_module+0x0/0x4c @ 1
[   10.477204] e100: Intel(R) PRO/100 Network Driver
[   10.484771] e100: Copyright(c) 1999-2006 Intel Corporation
[   10.494050] initcall e100_init_module+0x0/0x4c returned 0 after 16448 usecs
[   10.507359] calling  e1000_init_module+0x0/0x72 @ 1
[   10.519184] e1000: Intel(R) PRO/1000 Network Driver
[   10.528414] e1000: Copyright (c) 1999-2006 Intel Corporation.
[   10.537566] initcall e1000_init_module+0x0/0x72 returned 0 after 20831 usecs
[   10.548209] calling  e1000_init_module+0x0/0x2d @ 1
[   10.556634] e1000e: Intel(R) PRO/1000 Network Driver
[   10.564370] e1000e: Copyright(c) 1999 - 2015 Intel Corporation.
[   10.574360] initcall e1000_init_module+0x0/0x2d returned 0 after 17449 usecs
[   10.586304] calling  sky2_init_module+0x0/0x21 @ 1
[   10.594277] sky2: driver version 1.30
[   10.600411] initcall sky2_init_module+0x0/0x21 returned 0 after 6032 usecs
[   10.611353] ata6: SATA link down (SStatus 0 SControl 300)
[   10.611806] calling  forcedeth_pci_driver_init+0x0/0x15 @ 1
[   10.623596] ata5: SATA link down (SStatus 0 SControl 300)
[   10.640255] initcall forcedeth_pci_driver_init+0x0/0x15 returned 0 after 9381 usecs
[   10.646070] ata4: SATA link down (SStatus 0 SControl 300)
[   10.653243] calling  rtl8139_init_module+0x0/0x15 @ 1
[   10.664943] ata2: SATA link down (SStatus 0 SControl 300)
[   10.670169] initcall rtl8139_init_module+0x0/0x15 returned 0 after 226 usecs
[   10.680329] ata3: SATA link up 1.5 Gbps (SStatus 113 SControl 300)
[   10.689515] calling  rtl8169_pci_driver_init+0x0/0x15 @ 1
[   10.705153] ata1: SATA link down (SStatus 0 SControl 300)
[   10.711246] initcall rtl8169_pci_driver_init+0x0/0x15 returned 0 after 1883 usecs
[   10.719157] ata3.00: ATAPI: QEMU DVD-ROM, 2.5+, max UDMA/100
[   10.729166] calling  cdrom_init+0x0/0xc @ 1
[   10.738453] ata3.00: applying bridge limits
[   10.745180] initcall cdrom_init+0x0/0xc returned 0 after 854 usecs
[   10.752591] ata3.00: configured for UDMA/100
[   10.760161] calling  nonstatic_sysfs_init+0x0/0xc @ 1
[   10.775464] initcall nonstatic_sysfs_init+0x0/0xc returned 0 after 85 usecs
[   10.786009] scsi 2:0:0:0: CD-ROM            QEMU     QEMU DVD-ROM     2.5+ PQ: 0 ANSI: 5
[   10.786849] calling  yenta_cardbus_driver_init+0x0/0x15 @ 1
[   10.809294] initcall yenta_cardbus_driver_init+0x0/0x15 returned 0 after 603 usecs
[   10.821218] calling  mon_init+0x0/0x144 @ 1
[   10.829337] initcall mon_init+0x0/0x144 returned 0 after 1215 usecs
[   10.831313] sr 2:0:0:0: [sr0] scsi3-mmc drive: 4x/4x cd/rw xa/form2 tray
[   10.839487] calling  ehci_hcd_init+0x0/0x56 @ 1
[   10.851415] cdrom: Uniform CD-ROM driver Revision: 3.20
[   10.859513] ehci_hcd: USB 2.0 'Enhanced' Host Controller (EHCI) Driver
[   10.883533] initcall ehci_hcd_init+0x0/0x56 returned 0 after 23815 usecs
[   10.894863] calling  ehci_pci_init+0x0/0x64 @ 1
[   10.902302] ehci-pci: EHCI PCI platform driver
[   10.911130] initcall ehci_pci_init+0x0/0x64 returned 0 after 8661 usecs
[   10.917969] sr 2:0:0:0: Attached scsi CD-ROM sr0
[   10.922464] calling  ohci_hcd_mod_init+0x0/0x4e @ 1
[   10.931281] sr 2:0:0:0: Attached scsi generic sg0 type 5
[   10.938419] ohci_hcd: USB 1.1 'Open' Host Controller (OHCI) Driver
[   10.957648] initcall ohci_hcd_mod_init+0x0/0x4e returned 0 after 18843 usecs
[   10.969197] calling  ohci_pci_init+0x0/0x64 @ 1
[   10.977187] ohci-pci: OHCI PCI platform driver
[   10.984366] initcall ohci_pci_init+0x0/0x64 returned 0 after 7072 usecs
[   10.995182] calling  uhci_hcd_init+0x0/0xa8 @ 1
[   11.002954] uhci_hcd: USB Universal Host Controller Interface driver
[   11.012472] initcall uhci_hcd_init+0x0/0xa8 returned 0 after 9337 usecs
[   11.022534] calling  xhci_hcd_init+0x0/0x1e @ 1
[   11.032207] initcall xhci_hcd_init+0x0/0x1e returned 0 after 276 usecs
[   11.042396] calling  xhci_pci_init+0x0/0x49 @ 1
[   11.049171] initcall xhci_pci_init+0x0/0x49 returned 0 after 234 usecs
[   11.059091] calling  usblp_driver_init+0x0/0x15 @ 1
[   11.067960] usbcore: registered new interface driver usblp
[   11.076274] initcall usblp_driver_init+0x0/0x15 returned 0 after 8946 usecs
[   11.087386] calling  usb_storage_driver_init+0x0/0x2a @ 1
[   11.096422] usbcore: registered new interface driver usb-storage
[   11.106371] initcall usb_storage_driver_init+0x0/0x2a returned 0 after 9881 usecs
[   11.117900] calling  i8042_init+0x0/0x4c2 @ 1
[   11.125329] i8042: PNP: PS/2 Controller [PNP0303:KBD,PNP0f13:MOU] at 0x60,0x64 irq 1,12
[   11.165661] serio: i8042 KBD port at 0x60,0x64 irq 1
[   11.174646] serio: i8042 AUX port at 0x60,0x64 irq 12
[   11.183278] initcall i8042_init+0x0/0x4c2 returned 0 after 56915 usecs
[   11.194204] calling  serport_init+0x0/0x2c @ 1
[   11.200980] initcall serport_init+0x0/0x2c returned 0 after 2 usecs
[   11.210668] calling  input_leds_init+0x0/0xc @ 1
[   11.217594] initcall input_leds_init+0x0/0xc returned 0 after 24 usecs
[   11.227314] calling  evdev_init+0x0/0xc @ 1
[   11.234167] initcall evdev_init+0x0/0xc returned 0 after 589 usecs
[   11.256350] calling  atkbd_init+0x0/0x21 @ 1
[   11.266473] input: AT Translated Set 2 keyboard as /devices/platform/i8042/serio0/input/input1
[   11.268435] initcall atkbd_init+0x0/0x21 returned 0 after 5625 usecs
[   11.308875] calling  psmouse_init+0x0/0x7f @ 1
[   11.318546] initcall psmouse_init+0x0/0x7f returned 0 after 2509 usecs
[   11.328575] calling  cmos_init+0x0/0x73 @ 1
[   11.335566] rtc_cmos 00:04: RTC can wake from S4
[   11.361247] rtc_cmos 00:04: registered as rtc0
[   11.369918] rtc_cmos 00:04: alarms up to one day, y3k, 242 bytes nvram, hpet irqs
[   11.382670] initcall cmos_init+0x0/0x73 returned 0 after 46605 usecs
[   11.394285] calling  smbalert_driver_init+0x0/0xe @ 1
[   11.403243] initcall smbalert_driver_init+0x0/0xe returned 0 after 119 usecs
[   11.425637] calling  i2c_i801_init+0x0/0xc5 @ 1
[   11.461093] i801_smbus 0000:00:1f.3: SMBus using PCI interrupt
[   11.470834] i2c i2c-0: 1/1 memory slots populated (from DMI)
[   11.488171] i2c i2c-0: Memory type 0x07 not supported yet, not instantiating SPD
[   11.502277] initcall i2c_i801_init+0x0/0xc5 returned 0 after 68731 usecs
[   11.512846] calling  ptp_kvm_init+0x0/0xf0 @ 1
[   11.520352] initcall ptp_kvm_init+0x0/0xf0 returned 0 after 555 usecs
[   11.530076] calling  dm_init+0x0/0x3c @ 1
[   11.537340] device-mapper: ioctl: 4.43.0-ioctl (2020-10-01) initialised: dm-devel@redhat.com
[   11.550406] initcall dm_init+0x0/0x3c returned 0 after 13722 usecs
[   11.560151] calling  dm_mirror_init+0x0/0x29 @ 1
[   11.567423] initcall dm_mirror_init+0x0/0x29 returned 0 after 3 usecs
[   11.578156] calling  dm_dirty_log_init+0x0/0x4f @ 1
[   11.588912] initcall dm_dirty_log_init+0x0/0x4f returned 0 after 272 usecs
[   11.599668] calling  dm_zero_init+0x0/0x29 @ 1
[   11.606445] initcall dm_zero_init+0x0/0x29 returned 0 after 17 usecs
[   11.616661] calling  intel_pstate_init+0x0/0x512 @ 1
[   11.624578] intel_pstate: CPU model not supported
[   11.632428] initcall intel_pstate_init+0x0/0x512 returned -19 after 7700 usecs
[   11.644632] calling  haltpoll_init+0x0/0xc0 @ 1
[   11.651908] initcall haltpoll_init+0x0/0xc0 returned -19 after 35 usecs
[   11.662846] calling  efivars_sysfs_init+0x0/0x30 @ 1
[   11.671659] initcall efivars_sysfs_init+0x0/0x30 returned 0 after 80 usecs
[   11.683133] calling  esrt_sysfs_init+0x0/0x2a2 @ 1
[   11.691046] initcall esrt_sysfs_init+0x0/0x2a2 returned -38 after 314 usecs
[   11.705813] calling  hid_init+0x0/0x5c @ 1
[   11.717178] hid: raw HID events driver (C) Jiri Kosina
[   11.724926] initcall hid_init+0x0/0x5c returned 0 after 12707 usecs
[   11.746044] calling  hid_generic_init+0x0/0x15 @ 1
[   11.753625] initcall hid_generic_init+0x0/0x15 returned 0 after 137 usecs
[   11.764366] calling  a4_driver_init+0x0/0x15 @ 1
[   11.771679] initcall a4_driver_init+0x0/0x15 returned 0 after 40 usecs
[   11.781890] calling  apple_driver_init+0x0/0x15 @ 1
[   11.789624] initcall apple_driver_init+0x0/0x15 returned 0 after 157 usecs
[   11.800263] calling  belkin_driver_init+0x0/0x15 @ 1
[   11.808023] initcall belkin_driver_init+0x0/0x15 returned 0 after 227 usecs
[   11.818724] calling  ch_driver_init+0x0/0x15 @ 1
[   11.825890] initcall ch_driver_init+0x0/0x15 returned 0 after 40 usecs
[   11.835828] calling  ch_driver_init+0x0/0x15 @ 1
[   11.843172] initcall ch_driver_init+0x0/0x15 returned 0 after 69 usecs
[   11.853138] calling  cp_driver_init+0x0/0x15 @ 1
[   11.892343] initcall cp_driver_init+0x0/0x15 returned 0 after 53 usecs
[   11.901817] calling  ez_driver_init+0x0/0x15 @ 1
[   11.908923] initcall ez_driver_init+0x0/0x15 returned 0 after 72 usecs
[   11.917807] calling  gyration_driver_init+0x0/0x15 @ 1
[   11.925911] initcall gyration_driver_init+0x0/0x15 returned 0 after 44 usecs
[   11.936601] calling  ite_driver_init+0x0/0x15 @ 1
[   11.943867] initcall ite_driver_init+0x0/0x15 returned 0 after 42 usecs
[   11.953925] calling  ks_driver_init+0x0/0x15 @ 1
[   11.961143] initcall ks_driver_init+0x0/0x15 returned 0 after 43 usecs
[   11.971008] calling  lg_driver_init+0x0/0x15 @ 1
[   11.978351] initcall lg_driver_init+0x0/0x15 returned 0 after 117 usecs
[   11.988430] calling  lg_g15_driver_init+0x0/0x15 @ 1
[   11.996291] initcall lg_g15_driver_init+0x0/0x15 returned 0 after 77 usecs
[   12.006845] calling  ms_driver_init+0x0/0x15 @ 1
[   12.014040] initcall ms_driver_init+0x0/0x15 returned 0 after 46 usecs
[   12.023539] calling  mr_driver_init+0x0/0x15 @ 1
[   12.030247] initcall mr_driver_init+0x0/0x15 returned 0 after 35 usecs
[   12.039226] calling  ntrig_driver_init+0x0/0x15 @ 1
[   12.046272] initcall ntrig_driver_init+0x0/0x15 returned 0 after 130 usecs
[   12.055753] calling  pl_driver_init+0x0/0x15 @ 1
[   12.078650] initcall pl_driver_init+0x0/0x15 returned 0 after 63 usecs
[   12.087326] calling  pl_driver_init+0x0/0x15 @ 1
[   12.106097] initcall pl_driver_init+0x0/0x15 returned 0 after 58 usecs
[   12.115788] calling  redragon_driver_init+0x0/0x15 @ 1
[   12.124663] input: ImExPS/2 Generic Explorer Mouse as /devices/platform/i8042/serio1/input/input3
[   12.130467] initcall redragon_driver_init+0x0/0x15 returned 0 after 52 usecs
[   12.151317] calling  samsung_driver_init+0x0/0x15 @ 1
[   12.159033] initcall samsung_driver_init+0x0/0x15 returned 0 after 361 usecs
[   12.169039] calling  sony_init+0x0/0x38 @ 1
[   12.175307] initcall sony_init+0x0/0x38 returned 0 after 95 usecs
[   12.183906] calling  sp_driver_init+0x0/0x15 @ 1
[   12.190896] initcall sp_driver_init+0x0/0x15 returned 0 after 53 usecs
[   12.199991] calling  ts_driver_init+0x0/0x15 @ 1
[   12.206678] initcall ts_driver_init+0x0/0x15 returned 0 after 53 usecs
[   12.215543] calling  hid_init+0x0/0x58 @ 1
[   12.221270] usbcore: registered new interface driver usbhid
[   12.228790] usbhid: USB HID core driver
[   12.234184] initcall hid_init+0x0/0x58 returned 0 after 12695 usecs
[   12.242995] calling  eeepc_laptop_init+0x0/0x57 @ 1
[   12.261776] initcall eeepc_laptop_init+0x0/0x57 returned -19 after 3786 usecs
[   12.271828] calling  pmc_atom_init+0x0/0x27a @ 1
[   12.282500] initcall pmc_atom_init+0x0/0x27a returned -19 after 124 usecs
[   12.291330] calling  alsa_hwdep_init+0x0/0x5e @ 1
[   12.304106] initcall alsa_hwdep_init+0x0/0x5e returned 0 after 4682 usecs
[   12.313650] calling  alsa_timer_init+0x0/0x1f9 @ 1
[   12.327006] initcall alsa_timer_init+0x0/0x1f9 returned 0 after 6434 usecs
[   12.336617] calling  snd_hrtimer_init+0x0/0x117 @ 1
[   12.343618] initcall snd_hrtimer_init+0x0/0x117 returned 0 after 5 usecs
[   12.353166] calling  alsa_pcm_init+0x0/0x64 @ 1
[   12.359974] initcall alsa_pcm_init+0x0/0x64 returned 0 after 18 usecs
[   12.369812] calling  alsa_seq_init+0x0/0x4a @ 1
[   12.377271] initcall alsa_seq_init+0x0/0x4a returned 0 after 1069 usecs
[   12.390988] calling  alsa_seq_dummy_init+0x0/0x9c @ 1
[   12.398190] initcall alsa_seq_dummy_init+0x0/0x9c returned 0 after 125 usecs
[   12.411703] calling  azx_driver_init+0x0/0x15 @ 1
[   12.420146] initcall azx_driver_init+0x0/0x15 returned 0 after 840 usecs
[   12.429209] calling  sock_diag_init+0x0/0x2a @ 1
[   12.446540] initcall sock_diag_init+0x0/0x2a returned 0 after 10507 usecs
[   12.455481] calling  blackhole_init+0x0/0xc @ 1
[   12.463901] initcall blackhole_init+0x0/0xc returned 0 after 39 usecs
[   12.464199] tasks-rude-torture: rcu_torture_read_exit: End of episode
[   12.471484] calling  nfnetlink_init+0x0/0x61 @ 1
[   12.471622] initcall nfnetlink_init+0x0/0x61 returned 0 after 127 usecs
[   12.499307] calling  nfnetlink_log_init+0x0/0x99 @ 1
[   12.506558] initcall nfnetlink_log_init+0x0/0x99 returned 0 after 378 usecs
[   12.517934] calling  nf_conntrack_standalone_init+0x0/0x87 @ 1
[   12.527919] initcall nf_conntrack_standalone_init+0x0/0x87 returned 0 after 1766 usecs
[   12.538843] calling  ctnetlink_init+0x0/0x83 @ 1
[   12.545633] initcall ctnetlink_init+0x0/0x83 returned 0 after 49 usecs
[   12.555040] calling  nf_conntrack_ftp_init+0x0/0x12c @ 1
[   12.562466] initcall nf_conntrack_ftp_init+0x0/0x12c returned 0 after 46 usecs
[   12.572380] calling  nf_conntrack_irc_init+0x0/0x129 @ 1
[   12.579844] initcall nf_conntrack_irc_init+0x0/0x129 returned 0 after 132 usecs
[   12.589660] calling  nf_conntrack_sip_init+0x0/0x172 @ 1
[   12.597098] initcall nf_conntrack_sip_init+0x0/0x172 returned 0 after 27 usecs
[   12.606763] calling  nf_nat_init+0x0/0xf0 @ 1
[   12.618517] initcall nf_nat_init+0x0/0xf0 returned 0 after 544 usecs
[   12.627047] calling  nf_nat_ftp_init+0x0/0x2a @ 1
[   12.647608] initcall nf_nat_ftp_init+0x0/0x2a returned 0 after 950 usecs
[   12.656546] calling  nf_nat_irc_init+0x0/0x2a @ 1
[   12.663336] initcall nf_nat_irc_init+0x0/0x2a returned 0 after 390 usecs
[   12.672679] calling  nf_nat_sip_init+0x0/0x36 @ 1
[   12.679152] initcall nf_nat_sip_init+0x0/0x36 returned 0 after 33 usecs
[   12.688270] calling  xt_init+0x0/0x146 @ 1
[   12.693982] initcall xt_init+0x0/0x146 returned 0 after 81 usecs
[   12.702194] calling  tcpudp_mt_init+0x0/0x11 @ 1
[   12.709057] initcall tcpudp_mt_init+0x0/0x11 returned 0 after 394 usecs
[   12.718353] calling  connsecmark_tg_init+0x0/0xc @ 1
[   12.725106] initcall connsecmark_tg_init+0x0/0xc returned 0 after 3 usecs
[   12.734276] calling  nflog_tg_init+0x0/0xc @ 1
[   12.740549] initcall nflog_tg_init+0x0/0xc returned 0 after 2 usecs
[   12.748931] calling  secmark_tg_init+0x0/0x11 @ 1
[   12.755470] initcall secmark_tg_init+0x0/0x11 returned 0 after 3 usecs
