c[?7l[2J[0mSeaBIOS (version 1.16.0-debian-1.16.0-4)
Booting from ROM...
early console in setup code
c[?7l[2J[    0.000000] Linux version 5.10.155+ (root@joelboxx.c.googlers.com) (gcc (Debian 12.2.0-3) 12.2.0, GNU ld (GNU Binutils for Debian) 2.39) #5 SMP PREEMPT Tue Dec 13 05:22:55 UTC 2022
[    0.000000] Command line: selinux=0 initcall_debug debug console=ttyS0 rcutorture.onoff_interval=1000 rcutorture.onoff_holdoff=30 rcutorture.n_barrier_cbs=4 rcutorture.stat_interval=15 rcutorture.shutdown_secs=1800 rcutorture.test_no_idle_hz=1 rcutorture.verbose=1
[    0.000000] x86/fpu: x87 FPU will use FXSAVE
[    0.000000] BIOS-provided physical RAM map:
[    0.000000] BIOS-e820: [mem 0x0000000000000000-0x000000000009fbff] usable
[    0.000000] BIOS-e820: [mem 0x000000000009fc00-0x000000000009ffff] reserved
[    0.000000] BIOS-e820: [mem 0x00000000000f0000-0x00000000000fffff] reserved
[    0.000000] BIOS-e820: [mem 0x0000000000100000-0x000000001ffdefff] usable
[    0.000000] BIOS-e820: [mem 0x000000001ffdf000-0x000000001fffffff] reserved
[    0.000000] BIOS-e820: [mem 0x00000000b0000000-0x00000000bfffffff] reserved
[    0.000000] BIOS-e820: [mem 0x00000000fed1c000-0x00000000fed1ffff] reserved
[    0.000000] BIOS-e820: [mem 0x00000000feffc000-0x00000000feffffff] reserved
[    0.000000] BIOS-e820: [mem 0x00000000fffc0000-0x00000000ffffffff] reserved
[    0.000000] NX (Execute Disable) protection: active
[    0.000000] SMBIOS 2.8 present.
[    0.000000] DMI: QEMU Standard PC (Q35 + ICH9, 2009), BIOS 1.16.0-debian-1.16.0-4 04/01/2014
[    0.000000] Hypervisor detected: KVM
[    0.000000] kvm-clock: Using msrs 4b564d01 and 4b564d00
[    0.000000] kvm-clock: cpu 0, msr 1c323001, primary cpu clock
[    0.000037] kvm-clock: using sched offset of 2038517173 cycles
[    0.000256] clocksource: kvm-clock: mask: 0xffffffffffffffff max_cycles: 0x1cd42e4dffb, max_idle_ns: 881590591483 ns
[    0.000544] tsc: Detected 1999.999 MHz processor
[    0.007025] e820: update [mem 0x00000000-0x00000fff] usable ==> reserved
[    0.007037] e820: remove [mem 0x000a0000-0x000fffff] usable
[    0.007046] last_pfn = 0x1ffdf max_arch_pfn = 0x400000000
[    0.007870] MTRR default type: write-back
[    0.007918] MTRR fixed ranges enabled:
[    0.007921]   00000-9FFFF write-back
[    0.007923]   A0000-BFFFF uncachable
[    0.007926]   C0000-FFFFF write-protect
[    0.007928] MTRR variable ranges enabled:
[    0.007931]   0 base 00C0000000 mask FFC0000000 uncachable
[    0.007933]   1 disabled
[    0.007935]   2 disabled
[    0.007936]   3 disabled
[    0.007938]   4 disabled
[    0.007940]   5 disabled
[    0.007941]   6 disabled
[    0.007943]   7 disabled
[    0.008281] x86/PAT: Configuration [0-7]: WB  WC  UC- UC  WB  WC  UC- UC  
[    0.017531] found SMP MP-table at [mem 0x000f5ba0-0x000f5baf]
[    0.019476] check: Scanning 1 areas for low memory corruption
[    0.035619] ACPI: Early table checksum verification disabled
[    0.037345] ACPI: RSDP 0x00000000000F59E0 000014 (v00 BOCHS )
[    0.037745] ACPI: RSDT 0x000000001FFE252A 000038 (v01 BOCHS  BXPC     00000001 BXPC 00000001)
[    0.038056] ACPI: FACP 0x000000001FFE22EA 0000F4 (v03 BOCHS  BXPC     00000001 BXPC 00000001)
[    0.038132] ACPI: DSDT 0x000000001FFE0040 0022AA (v01 BOCHS  BXPC     00000001 BXPC 00000001)
[    0.038191] ACPI: FACS 0x000000001FFE0000 000040
[    0.038199] ACPI: APIC 0x000000001FFE23DE 0000B0 (v01 BOCHS  BXPC     00000001 BXPC 00000001)
[    0.038206] ACPI: HPET 0x000000001FFE248E 000038 (v01 BOCHS  BXPC     00000001 BXPC 00000001)
[    0.038212] ACPI: MCFG 0x000000001FFE24C6 00003C (v01 BOCHS  BXPC     00000001 BXPC 00000001)
[    0.038219] ACPI: WAET 0x000000001FFE2502 000028 (v01 BOCHS  BXPC     00000001 BXPC 00000001)
[    0.038276] ACPI: Reserving FACP table memory at [mem 0x1ffe22ea-0x1ffe23dd]
[    0.038279] ACPI: Reserving DSDT table memory at [mem 0x1ffe0040-0x1ffe22e9]
[    0.038281] ACPI: Reserving FACS table memory at [mem 0x1ffe0000-0x1ffe003f]
[    0.038284] ACPI: Reserving APIC table memory at [mem 0x1ffe23de-0x1ffe248d]
[    0.038286] ACPI: Reserving HPET table memory at [mem 0x1ffe248e-0x1ffe24c5]
[    0.038288] ACPI: Reserving MCFG table memory at [mem 0x1ffe24c6-0x1ffe2501]
[    0.038290] ACPI: Reserving WAET table memory at [mem 0x1ffe2502-0x1ffe2529]
[    0.039078] ACPI: Local APIC address 0xfee00000
[    0.043425] No NUMA configuration found
[    0.043429] Faking a node at [mem 0x0000000000000000-0x000000001ffdefff]
[    0.043495] NODE_DATA(0) allocated [mem 0x1ffdb000-0x1ffdefff]
[    0.044753] Zone ranges:
[    0.044954]   DMA      [mem 0x0000000000001000-0x0000000000ffffff]
[    0.045062]   DMA32    [mem 0x0000000001000000-0x000000001ffdefff]
[    0.045117]   Normal   empty
[    0.045120] Movable zone start for each node
[    0.045122] Early memory node ranges
[    0.045125]   node   0: [mem 0x0000000000001000-0x000000000009efff]
[    0.045210]   node   0: [mem 0x0000000000100000-0x000000001ffdefff]
[    0.045213] Initmem setup node 0 [mem 0x0000000000001000-0x000000001ffdefff]
[    0.045216] On node 0 totalpages: 130941
[    0.045379]   DMA zone: 64 pages used for memmap
[    0.045381]   DMA zone: 21 pages reserved
[    0.045477]   DMA zone: 3998 pages, LIFO batch:0
[    0.045479]   DMA32 zone: 1984 pages used for memmap
[    0.045481]   DMA32 zone: 126943 pages, LIFO batch:31
[    0.051990] On node 0, zone DMA: 1 pages in unavailable ranges
[    0.056962] On node 0, zone DMA: 97 pages in unavailable ranges
[    0.208830] On node 0, zone DMA32: 33 pages in unavailable ranges
[    0.212333] ACPI: PM-Timer IO Port: 0x608
[    0.212341] ACPI: Local APIC address 0xfee00000
[    0.212529] ACPI: LAPIC_NMI (acpi_id[0xff] dfl dfl lint[0x1])
[    0.213662] IOAPIC[0]: apic_id 0, version 17, address 0xfec00000, GSI 0-23
[    0.213709] ACPI: INT_SRC_OVR (bus 0 bus_irq 0 global_irq 2 dfl dfl)
[    0.213752] ACPI: INT_SRC_OVR (bus 0 bus_irq 5 global_irq 5 high level)
[    0.213755] ACPI: INT_SRC_OVR (bus 0 bus_irq 9 global_irq 9 high level)
[    0.213864] ACPI: INT_SRC_OVR (bus 0 bus_irq 10 global_irq 10 high level)
[    0.213866] ACPI: INT_SRC_OVR (bus 0 bus_irq 11 global_irq 11 high level)
[    0.213870] ACPI: IRQ0 used by override.
[    0.213872] ACPI: IRQ5 used by override.
[    0.213874] ACPI: IRQ9 used by override.
[    0.213876] ACPI: IRQ10 used by override.
[    0.213918] ACPI: IRQ11 used by override.
[    0.213922] Using ACPI (MADT) for SMP configuration information
[    0.213956] ACPI: HPET id: 0x8086a201 base: 0xfed00000
[    0.214306] smpboot: Allowing 8 CPUs, 0 hotplug CPUs
[    0.215621] PM: hibernation: Registered nosave memory: [mem 0x00000000-0x00000fff]
[    0.215665] PM: hibernation: Registered nosave memory: [mem 0x0009f000-0x0009ffff]
[    0.215668] PM: hibernation: Registered nosave memory: [mem 0x000a0000-0x000effff]
[    0.215670] PM: hibernation: Registered nosave memory: [mem 0x000f0000-0x000fffff]
[    0.215675] [mem 0x20000000-0xafffffff] available for PCI devices
[    0.215772] Booting paravirtualized kernel on KVM
[    0.216250] clocksource: refined-jiffies: mask: 0xffffffff max_cycles: 0xffffffff, max_idle_ns: 1910969940391419 ns
[    0.223129] setup_percpu: NR_CPUS:8 nr_cpumask_bits:8 nr_cpu_ids:8 nr_node_ids:1
[    0.253265] percpu: Embedded 58 pages/cpu s197776 r8192 d31600 u262144
[    0.253345] pcpu-alloc: s197776 r8192 d31600 u262144 alloc=1*2097152
[    0.253381] pcpu-alloc: [0] 0 1 2 3 4 5 6 7 
[    0.253672] kvm-guest: stealtime: cpu 0, msr 1f41bac0
[    0.253999] Built 1 zonelists, mobility grouping on.  Total pages: 128872
[    0.254002] Policy zone: DMA32
[    0.254074] Kernel command line: selinux=0 initcall_debug debug console=ttyS0 rcutorture.onoff_interval=1000 rcutorture.onoff_holdoff=30 rcutorture.n_barrier_cbs=4 rcutorture.stat_interval=15 rcutorture.shutdown_secs=1800 rcutorture.test_no_idle_hz=1 rcutorture.verbose=1
[    0.260308] Dentry cache hash table entries: 65536 (order: 7, 524288 bytes, linear)
[    0.260382] Inode-cache hash table entries: 32768 (order: 6, 262144 bytes, linear)
[    0.261033] mem auto-init: stack:all(zero), heap alloc:off, heap free:off
[    0.272745] Memory: 471528K/523764K available (16397K kernel code, 2794K rwdata, 4784K rodata, 1556K init, 7148K bss, 51976K reserved, 0K cma-reserved)
[    0.273505] SLUB: HWalign=64, Order=0-3, MinObjects=0, CPUs=8, Nodes=1
[    0.284408] Kernel/User page tables isolation: enabled
[    0.303324] rcu: Preemptible hierarchical RCU implementation.
[    0.303330] rcu: 	CONFIG_RCU_FANOUT set to non-default value of 3.
[    0.303333] rcu: 	Build-time adjustment of leaf fanout to 3.
[    0.303437] rcu: 	RCU callback double-/use-after-free debug enabled.
[    0.303500] 	Trampoline variant of Tasks RCU enabled.
[    0.303502] 	Rude variant of Tasks RCU enabled.
[    0.303505] 	Tracing variant of Tasks RCU enabled.
[    0.303652] rcu: RCU calculated value of scheduler-enlistment delay is 100 jiffies.
[    0.315434] NR_IRQS: 4352, nr_irqs: 488, preallocated irqs: 16
[    0.318550] calling  con_init+0x0/0x24f @ 0
[    0.452505] Console: colour VGA+ 80x25
[    0.452519] initcall con_init+0x0/0x24f returned 0 after 0 usecs
[    0.452523] calling  hvc_console_init+0x0/0x13 @ 0
[    0.452555] initcall hvc_console_init+0x0/0x13 returned 0 after 0 usecs
[    0.452558] calling  univ8250_console_init+0x0/0x26 @ 0
[    1.382243] printk: console [ttyS0] enabled
[    1.387624] initcall univ8250_console_init+0x0/0x26 returned 0 after 0 usecs
[    1.395445] Lock dependency validator: Copyright (c) 2006 Red Hat, Inc., Ingo Molnar
[    1.403881] ... MAX_LOCKDEP_SUBCLASSES:  8
[    1.408528] ... MAX_LOCK_DEPTH:          48
[    1.413246] ... MAX_LOCKDEP_KEYS:        8192
[    1.418112] ... CLASSHASH_SIZE:          4096
[    1.423019] ... MAX_LOCKDEP_ENTRIES:     32768
[    1.428080] ... MAX_LOCKDEP_CHAINS:      65536
[    1.433158] ... CHAINHASH_SIZE:          32768
[    1.438095]  memory used by lock dependency info: 3637 kB
[    1.445271]  per task-struct memory footprint: 1920 bytes
[    1.456112] ACPI: Core revision 20200925
[    1.464460] clocksource: hpet: mask: 0xffffffff max_cycles: 0xffffffff, max_idle_ns: 19112604467 ns
[    1.478621] APIC: Switch to symmetric I/O mode setup
[    1.499849] ..TIMER: vector=0x30 apic1=0 pin1=2 apic2=-1 pin2=-1
[    1.508336] clocksource: tsc-early: mask: 0xffffffffffffffff max_cycles: 0x39a85afc727, max_idle_ns: 881590685098 ns
[    1.525481] Calibrating delay loop (skipped) preset value.. 3999.99 BogoMIPS (lpj=1999999)
[    1.526253] pid_max: default: 32768 minimum: 301
[    1.528654] LSM: Security Framework initializing
[    1.530821] Mount-cache hash table entries: 1024 (order: 1, 8192 bytes, linear)
[    1.532263] Mountpoint-cache hash table entries: 1024 (order: 1, 8192 bytes, linear)
[    1.542804] Last level iTLB entries: 4KB 0, 2MB 0, 4MB 0
[    1.543245] Last level dTLB entries: 4KB 0, 2MB 0, 4MB 0, 1GB 0
[    1.544356] Spectre V1 : Mitigation: usercopy/swapgs barriers and __user pointer sanitization
[    1.545247] Spectre V2 : Mitigation: Retpolines
[    1.546246] Spectre V2 : Spectre v2 / SpectreRSB mitigation: Filling RSB on context switch
[    1.548244] Spectre V2 : Spectre v2 / SpectreRSB : Filling RSB on VMEXIT
[    1.549245] Speculative Store Bypass: Vulnerable
[    1.550281] MDS: Vulnerable: Clear CPU buffers attempted, no microcode
[    1.551244] MMIO Stale Data: Unknown: No mitigations
[    1.634101] Freeing SMP alternatives memory: 40K
[    1.739240] smpboot: CPU0: Intel Common KVM processor (family: 0xf, model: 0x6, stepping: 0x1)
[    1.741109] calling  init_hw_perf_events+0x0/0x6ce @ 1
[    1.741245] Performance Events: unsupported Netburst CPU model 6 no PMU driver, software events only.
[    1.742249] initcall init_hw_perf_events+0x0/0x6ce returned 0 after 976 usecs
[    1.743247] calling  init_real_mode+0x0/0x1e9 @ 1
[    1.745438] initcall init_real_mode+0x0/0x1e9 returned 0 after 976 usecs
[    1.746247] calling  trace_init_perf_perm_irq_work_exit+0x0/0x12 @ 1
[    1.747260] initcall trace_init_perf_perm_irq_work_exit+0x0/0x12 returned 0 after 0 usecs
[    1.748265] calling  validate_x2apic+0x0/0x4a @ 1
[    1.749272] initcall validate_x2apic+0x0/0x4a returned 0 after 0 usecs
[    1.750252] calling  register_nmi_cpu_backtrace_handler+0x0/0x15 @ 1
[    1.751310] initcall register_nmi_cpu_backtrace_handler+0x0/0x15 returned 0 after 0 usecs
[    1.752249] calling  kvm_setup_vsyscall_timeinfo+0x0/0xce @ 1
[    1.753249] initcall kvm_setup_vsyscall_timeinfo+0x0/0xce returned 0 after 0 usecs
[    1.754262] calling  spawn_ksoftirqd+0x0/0x38 @ 1
[    1.755368] initcall spawn_ksoftirqd+0x0/0x38 returned 0 after 0 usecs
[    1.756247] calling  migration_init+0x0/0x31 @ 1
[    1.757247] initcall migration_init+0x0/0x31 returned 0 after 0 usecs
[    1.758248] calling  srcu_bootup_announce+0x0/0x2f @ 1
[    1.759253] rcu: Hierarchical SRCU implementation.
[    1.760248] initcall srcu_bootup_announce+0x0/0x2f returned 0 after 976 usecs
[    1.761247] calling  rcu_spawn_gp_kthread+0x0/0x1b0 @ 1
[    1.762420] initcall rcu_spawn_gp_kthread+0x0/0x1b0 returned 0 after 0 usecs
[    1.763247] calling  check_cpu_stall_init+0x0/0x1a @ 1
[    1.764248] initcall check_cpu_stall_init+0x0/0x1a returned 0 after 0 usecs
[    1.765246] calling  rcu_sysrq_init+0x0/0x21 @ 1
[    1.766283] initcall rcu_sysrq_init+0x0/0x21 returned 0 after 0 usecs
[    1.767275] calling  trace_init_flags_sys_enter+0x0/0xe @ 1
[    1.768276] initcall trace_init_flags_sys_enter+0x0/0xe returned 0 after 0 usecs
[    1.769251] calling  trace_init_flags_sys_exit+0x0/0xe @ 1
[    1.770253] initcall trace_init_flags_sys_exit+0x0/0xe returned 0 after 0 usecs
[    1.771249] calling  cpu_stop_init+0x0/0x8d @ 1
[    1.773378] initcall cpu_stop_init+0x0/0x8d returned 0 after 976 usecs
[    1.774248] calling  init_kprobes+0x0/0x16e @ 1
[    1.776618] initcall init_kprobes+0x0/0x16e returned 0 after 976 usecs
[    1.777247] calling  init_events+0x0/0x3d @ 1
[    1.778473] initcall init_events+0x0/0x3d returned 0 after 0 usecs
[    1.779247] calling  init_trace_printk+0x0/0xc @ 1
[    1.780247] initcall init_trace_printk+0x0/0xc returned 0 after 0 usecs
[    1.781246] calling  event_trace_enable_again+0x0/0x23 @ 1
[    1.782247] initcall event_trace_enable_again+0x0/0x23 returned 0 after 0 usecs
[    1.783246] calling  static_call_init+0x0/0x79 @ 1
[    1.784246] initcall static_call_init+0x0/0x79 returned 0 after 0 usecs
[    1.785247] calling  jump_label_init_module+0x0/0xc @ 1
[    1.787245] initcall jump_label_init_module+0x0/0xc returned 0 after 976 usecs
[    1.788248] calling  init_zero_pfn+0x0/0x37 @ 1
[    1.789246] initcall init_zero_pfn+0x0/0x37 returned 0 after 0 usecs
[    1.790269] calling  initialize_ptr_random+0x0/0x54 @ 1
[    1.791276] initcall initialize_ptr_random+0x0/0x54 returned 0 after 0 usecs
[    1.792264] calling  efi_memreserve_root_init+0x0/0x25 @ 1
[    1.793273] initcall efi_memreserve_root_init+0x0/0x25 returned 0 after 0 usecs
[    1.794248] calling  efi_earlycon_remap_fb+0x0/0x51 @ 1
[    1.795262] initcall efi_earlycon_remap_fb+0x0/0x51 returned 0 after 0 usecs
[    1.798365] smp: Bringing up secondary CPUs ...
[    1.801013] x86: Booting SMP configuration:
[    1.801285] .... node  #0, CPUs:      #1
[    1.204192] kvm-clock: cpu 1, msr 1c323041, secondary cpu clock
[    1.826425] kvm-guest: stealtime: cpu 1, msr 1f45bac0
[    1.840856]  #2
[    1.204192] kvm-clock: cpu 2, msr 1c323081, secondary cpu clock
[    1.862395] kvm-guest: stealtime: cpu 2, msr 1f49bac0
[    1.877637]  #3
[    1.204192] kvm-clock: cpu 3, msr 1c3230c1, secondary cpu clock
[    1.900241] kvm-guest: stealtime: cpu 3, msr 1f4dbac0
[    1.914264]  #4
[    1.204192] kvm-clock: cpu 4, msr 1c323101, secondary cpu clock
[    1.937419] kvm-guest: stealtime: cpu 4, msr 1f51bac0
[    1.955925]  #5
[    1.204192] kvm-clock: cpu 5, msr 1c323141, secondary cpu clock
[    1.982429] kvm-guest: stealtime: cpu 5, msr 1f55bac0
[    1.997801]  #6
[    1.204192] kvm-clock: cpu 6, msr 1c323181, secondary cpu clock
[    2.022480] kvm-guest: stealtime: cpu 6, msr 1f59bac0
[    2.038054]  #7
[    1.204192] kvm-clock: cpu 7, msr 1c3231c1, secondary cpu clock
[    2.061546] kvm-guest: stealtime: cpu 7, msr 1f5dbac0
[    2.076343] smp: Brought up 1 node, 8 CPUs
[    2.077247] smpboot: Max logical packages: 1
[    2.078246] smpboot: Total of 8 processors activated (31999.98 BogoMIPS)
[    2.107565] devtmpfs: initialized
[    2.110617] calling  ipc_ns_init+0x0/0x3d @ 1
[    2.111317] initcall ipc_ns_init+0x0/0x3d returned 0 after 0 usecs
[    2.112249] calling  init_mmap_min_addr+0x0/0x21 @ 1
[    2.113249] initcall init_mmap_min_addr+0x0/0x21 returned 0 after 0 usecs
[    2.114250] calling  pci_realloc_setup_params+0x0/0x3f @ 1
[    2.115252] initcall pci_realloc_setup_params+0x0/0x3f returned 0 after 0 usecs
[    2.116252] calling  net_ns_init+0x0/0x140 @ 1
[    2.119301] initcall net_ns_init+0x0/0x140 returned 0 after 1953 usecs
[    2.120266] calling  e820__register_nvs_regions+0x0/0x37 @ 1
[    2.121248] initcall e820__register_nvs_regions+0x0/0x37 returned 0 after 0 usecs
[    2.122250] calling  cpufreq_register_tsc_scaling+0x0/0x2e @ 1
[    2.124247] initcall cpufreq_register_tsc_scaling+0x0/0x2e returned 0 after 0 usecs
[    2.125247] calling  reboot_init+0x0/0x3c @ 1
[    2.126299] initcall reboot_init+0x0/0x3c returned 0 after 0 usecs
[    2.127248] calling  init_lapic_sysfs+0x0/0x20 @ 1
[    2.128248] initcall init_lapic_sysfs+0x0/0x20 returned 0 after 0 usecs
[    2.129247] calling  alloc_frozen_cpus+0x0/0x7 @ 1
[    2.130247] initcall alloc_frozen_cpus+0x0/0x7 returned 0 after 0 usecs
[    2.131246] calling  cpu_hotplug_pm_sync_init+0x0/0x13 @ 1
[    2.133256] initcall cpu_hotplug_pm_sync_init+0x0/0x13 returned 0 after 0 usecs
[    2.134247] calling  wq_sysfs_init+0x0/0x2a @ 1
[    2.136281] initcall wq_sysfs_init+0x0/0x2a returned 0 after 976 usecs
[    2.137246] calling  ksysfs_init+0x0/0x92 @ 1
[    2.138263] initcall ksysfs_init+0x0/0x92 returned 0 after 0 usecs
[    2.139247] calling  schedutil_gov_init+0x0/0xc @ 1
[    2.140284] initcall schedutil_gov_init+0x0/0xc returned 0 after 0 usecs
[    2.141247] calling  pm_init+0x0/0x76 @ 1
[    2.143327] initcall pm_init+0x0/0x76 returned 0 after 976 usecs
[    2.144246] calling  pm_disk_init+0x0/0x13 @ 1
[    2.145301] initcall pm_disk_init+0x0/0x13 returned 0 after 0 usecs
[    2.146249] calling  swsusp_header_init+0x0/0x2b @ 1
[    2.147255] initcall swsusp_header_init+0x0/0x2b returned 0 after 0 usecs
[    2.148251] calling  rcu_set_runtime_mode+0x0/0x16 @ 1
[    2.149268] initcall rcu_set_runtime_mode+0x0/0x16 returned 0 after 0 usecs
[    2.150252] calling  init_jiffies_clocksource+0x0/0x13 @ 1
[    2.151248] clocksource: jiffies: mask: 0xffffffff max_cycles: 0xffffffff, max_idle_ns: 1911260446275000 ns
[    2.152253] initcall init_jiffies_clocksource+0x0/0x13 returned 0 after 976 usecs
[    2.153250] calling  futex_init+0x0/0x118 @ 1
[    2.154251] futex hash table entries: 2048 (order: 6, 262144 bytes, linear)
[    2.156909] initcall futex_init+0x0/0x118 returned 0 after 1953 usecs
[    2.157254] calling  cgroup_wq_init+0x0/0x28 @ 1
[    2.158305] initcall cgroup_wq_init+0x0/0x28 returned 0 after 0 usecs
[    2.159248] calling  cgroup1_wq_init+0x0/0x28 @ 1
[    2.160260] initcall cgroup1_wq_init+0x0/0x28 returned 0 after 0 usecs
[    2.161246] calling  init_kprobe_trace_early+0x0/0x2a @ 1
[    2.162300] initcall init_kprobe_trace_early+0x0/0x2a returned 0 after 0 usecs
[    2.163248] calling  fsnotify_init+0x0/0x56 @ 1
[    2.164262] initcall fsnotify_init+0x0/0x56 returned 0 after 0 usecs
[    2.165247] calling  filelock_init+0x0/0xb3 @ 1
[    2.166301] initcall filelock_init+0x0/0xb3 returned 0 after 0 usecs
[    2.167247] calling  init_misc_binfmt+0x0/0x2c @ 1
[    2.168272] initcall init_misc_binfmt+0x0/0x2c returned 0 after 0 usecs
[    2.169248] calling  init_script_binfmt+0x0/0x15 @ 1
[    2.170247] initcall init_script_binfmt+0x0/0x15 returned 0 after 0 usecs
[    2.171252] calling  init_elf_binfmt+0x0/0x15 @ 1
[    2.172247] initcall init_elf_binfmt+0x0/0x15 returned 0 after 0 usecs
[    2.173247] calling  init_compat_elf_binfmt+0x0/0x15 @ 1
[    2.174247] initcall init_compat_elf_binfmt+0x0/0x15 returned 0 after 0 usecs
[    2.175245] calling  debugfs_init+0x0/0x5c @ 1
[    2.177246] initcall debugfs_init+0x0/0x5c returned 0 after 976 usecs
[    2.178245] calling  tracefs_init+0x0/0x3a @ 1
[    2.179256] initcall tracefs_init+0x0/0x3a returned 0 after 0 usecs
[    2.180252] calling  prandom_init_early+0x0/0x15d @ 1
[    2.181247] initcall prandom_init_early+0x0/0x15d returned 0 after 0 usecs
[    2.182351] calling  virtio_init+0x0/0x20 @ 1
[    2.183355] initcall virtio_init+0x0/0x20 returned 0 after 0 usecs
[    2.184248] calling  iommu_init+0x0/0x2a @ 1
[    2.185298] initcall iommu_init+0x0/0x2a returned 0 after 0 usecs
[    2.186246] calling  component_debug_init+0x0/0x1c @ 1
[    2.187345] initcall component_debug_init+0x0/0x1c returned 0 after 0 usecs
[    2.188251] calling  early_resume_init+0x0/0xb9 @ 1
[    2.190245] PM: RTC time: 05:41:52, date: 2022-12-13
[    2.191253] initcall early_resume_init+0x0/0xb9 returned 0 after 1953 usecs
[    2.192249] calling  cpufreq_core_init+0x0/0x62 @ 1
[    2.193261] initcall cpufreq_core_init+0x0/0x62 returned 0 after 0 usecs
[    2.194250] calling  cpufreq_gov_performance_init+0x0/0xc @ 1
[    2.195251] initcall cpufreq_gov_performance_init+0x0/0xc returned 0 after 0 usecs
[    2.196248] calling  cpufreq_gov_userspace_init+0x0/0xc @ 1
[    2.197252] initcall cpufreq_gov_userspace_init+0x0/0xc returned 0 after 0 usecs
[    2.198249] calling  CPU_FREQ_GOV_ONDEMAND_init+0x0/0xc @ 1
[    2.199249] initcall CPU_FREQ_GOV_ONDEMAND_init+0x0/0xc returned 0 after 0 usecs
[    2.200247] calling  cpuidle_init+0x0/0x1f @ 1
[    2.201276] initcall cpuidle_init+0x0/0x1f returned 0 after 0 usecs
[    2.202249] calling  capsule_reboot_register+0x0/0xc @ 1
[    2.203258] initcall capsule_reboot_register+0x0/0xc returned 0 after 0 usecs
[    2.204249] calling  sock_init+0x0/0x93 @ 1
[    2.206936] initcall sock_init+0x0/0x93 returned 0 after 976 usecs
[    2.207251] calling  net_inuse_init+0x0/0x23 @ 1
[    2.208260] initcall net_inuse_init+0x0/0x23 returned 0 after 0 usecs
[    2.209252] calling  net_defaults_init+0x0/0x23 @ 1
[    2.210253] initcall net_defaults_init+0x0/0x23 returned 0 after 0 usecs
[    2.211251] calling  init_default_flow_dissectors+0x0/0x4f @ 1
[    2.212263] initcall init_default_flow_dissectors+0x0/0x4f returned 0 after 0 usecs
[    2.213249] calling  netpoll_init+0x0/0x44 @ 1
[    2.214250] initcall netpoll_init+0x0/0x44 returned 0 after 0 usecs
[    2.215248] calling  netlink_proto_init+0x0/0x154 @ 1
[    2.217444] NET: Registered protocol family 16
[    2.218323] initcall netlink_proto_init+0x0/0x154 returned 0 after 1953 usecs
[    2.219248] calling  genl_init+0x0/0x35 @ 1
[    2.220277] initcall genl_init+0x0/0x35 returned 0 after 0 usecs
[    2.221247] calling  bsp_pm_check_init+0x0/0x13 @ 1
[    2.222247] initcall bsp_pm_check_init+0x0/0x13 returned 0 after 0 usecs
[    2.223263] calling  irq_sysfs_init+0x0/0xb9 @ 1
[    2.224542] initcall irq_sysfs_init+0x0/0xb9 returned 0 after 0 usecs
[    2.225247] calling  audit_init+0x0/0x127 @ 1
[    2.226250] audit: initializing netlink subsys (disabled)
[    2.235442] initcall audit_init+0x0/0x127 returned 0 after 8789 usecs
[    2.235281] audit: type=2000 audit(1670910110.685:1): state=initialized audit_enabled=0 res=1
[    2.236250] calling  release_early_probes+0x0/0x32 @ 1
[    2.236272] initcall release_early_probes+0x0/0x32 returned 0 after 0 usecs
[    2.239249] calling  bdi_class_init+0x0/0x48 @ 1
[    2.240300] initcall bdi_class_init+0x0/0x48 returned 0 after 0 usecs
[    2.241248] calling  mm_sysfs_init+0x0/0x28 @ 1
[    2.242253] initcall mm_sysfs_init+0x0/0x28 returned 0 after 0 usecs
[    2.243862] calling  init_per_zone_wmark_min+0x0/0x6d @ 1
[    2.244291] initcall init_per_zone_wmark_min+0x0/0x6d returned 0 after 0 usecs
[    2.245251] calling  mpi_init+0x0/0x3e @ 1
[    2.246264] initcall mpi_init+0x0/0x3e returned 0 after 0 usecs
[    2.247262] calling  kobject_uevent_init+0x0/0xc @ 1
[    2.248294] initcall kobject_uevent_init+0x0/0xc returned 0 after 0 usecs
[    2.249251] calling  pcibus_class_init+0x0/0x13 @ 1
[    2.250327] initcall pcibus_class_init+0x0/0x13 returned 0 after 0 usecs
[    2.251248] calling  pci_driver_init+0x0/0x21 @ 1
[    2.253282] initcall pci_driver_init+0x0/0x21 returned 0 after 976 usecs
[    2.254248] calling  backlight_class_init+0x0/0xa8 @ 1
[    2.255276] initcall backlight_class_init+0x0/0xa8 returned 0 after 0 usecs
[    2.256249] calling  tty_class_init+0x0/0x33 @ 1
[    2.257266] initcall tty_class_init+0x0/0x33 returned 0 after 0 usecs
[    2.258249] calling  vtconsole_class_init+0x0/0xb5 @ 1
[    2.260405] initcall vtconsole_class_init+0x0/0xb5 returned 0 after 976 usecs
[    2.261250] calling  iommu_dev_init+0x0/0x13 @ 1
[    2.262292] initcall iommu_dev_init+0x0/0x13 returned 0 after 0 usecs
[    2.263266] calling  mipi_dsi_bus_init+0x0/0xc @ 1
[    2.264293] initcall mipi_dsi_bus_init+0x0/0xc returned 0 after 0 usecs
[    2.265250] calling  devlink_class_init+0x0/0x40 @ 1
[    2.266273] initcall devlink_class_init+0x0/0x40 returned 0 after 0 usecs
[    2.267251] calling  software_node_init+0x0/0x2a @ 1
[    2.268258] initcall software_node_init+0x0/0x2a returned 0 after 0 usecs
[    2.269253] calling  wakeup_sources_debugfs_init+0x0/0x23 @ 1
[    2.270270] initcall wakeup_sources_debugfs_init+0x0/0x23 returned 0 after 0 usecs
[    2.271253] calling  wakeup_sources_sysfs_init+0x0/0x2c @ 1
[    2.272277] initcall wakeup_sources_sysfs_init+0x0/0x2c returned 0 after 0 usecs
[    2.273252] calling  register_node_type+0x0/0x13 @ 1
[    2.274501] initcall register_node_type+0x0/0x13 returned 0 after 0 usecs
[    2.275254] calling  regmap_initcall+0x0/0xc @ 1
[    2.276345] initcall regmap_initcall+0x0/0xc returned 0 after 0 usecs
[    2.277253] calling  i2c_init+0x0/0xb3 @ 1
[    2.278616] initcall i2c_init+0x0/0xb3 returned 0 after 0 usecs
[    2.279250] calling  thermal_init+0x0/0x116 @ 1
[    2.280258] thermal_sys: Registered thermal governor 'step_wise'
[    2.280261] thermal_sys: Registered thermal governor 'user_space'
[    2.282255] initcall thermal_init+0x0/0x116 returned 0 after 1953 usecs
[    2.284249] calling  init_menu+0x0/0xc @ 1
[    2.287564] cpuidle: using governor menu
[    2.292255] initcall init_menu+0x0/0xc returned 0 after 6835 usecs
[    2.300256] calling  pcc_init+0x0/0x4d @ 1
[    2.304257] initcall pcc_init+0x0/0x4d returned -19 after 0 usecs
[    2.312250] calling  amd_postcore_init+0x0/0x11e @ 1
[    2.318250] initcall amd_postcore_init+0x0/0x11e returned 0 after 0 usecs
[    2.326269] calling  bts_init+0x0/0xba @ 1
[    2.331248] initcall bts_init+0x0/0xba returned -19 after 0 usecs
[    2.339249] calling  pt_init+0x0/0x34d @ 1
[    2.344248] initcall pt_init+0x0/0x34d returned -19 after 0 usecs
[    2.352249] calling  boot_params_ksysfs_init+0x0/0x2ee @ 1
[    2.358291] initcall boot_params_ksysfs_init+0x0/0x2ee returned 0 after 0 usecs
[    2.367248] calling  sbf_init+0x0/0xea @ 1
[    2.372249] initcall sbf_init+0x0/0xea returned 0 after 0 usecs
[    2.380249] calling  arch_kdebugfs_init+0x0/0x219 @ 1
[    2.386450] initcall arch_kdebugfs_init+0x0/0x219 returned 0 after 0 usecs
[    2.394250] calling  intel_pconfig_init+0x0/0x85 @ 1
[    2.400250] initcall intel_pconfig_init+0x0/0x85 returned 0 after 0 usecs
[    2.409249] calling  mtrr_if_init+0x0/0x5d @ 1
[    2.414299] initcall mtrr_if_init+0x0/0x5d returned 0 after 0 usecs
[    2.422250] calling  activate_jump_labels+0x0/0x31 @ 1
[    2.428249] initcall activate_jump_labels+0x0/0x31 returned 0 after 0 usecs
[    2.438250] calling  ffh_cstate_init+0x0/0x29 @ 1
[    2.443257] initcall ffh_cstate_init+0x0/0x29 returned 0 after 0 usecs
[    2.451250] calling  activate_jump_labels+0x0/0x31 @ 1
[    2.458465] initcall activate_jump_labels+0x0/0x31 returned 0 after 0 usecs
[    2.467271] calling  kvm_alloc_cpumask+0x0/0x74 @ 1
[    2.471571] initcall kvm_alloc_cpumask+0x0/0x74 returned 0 after 0 usecs
[    2.477251] calling  kcmp_cookies_init+0x0/0x37 @ 1
[    2.483261] initcall kcmp_cookies_init+0x0/0x37 returned 0 after 0 usecs
[    2.491249] calling  cryptomgr_init+0x0/0xc @ 1
[    2.497323] initcall cryptomgr_init+0x0/0xc returned 0 after 0 usecs
[    2.504248] calling  acpi_pci_init+0x0/0x57 @ 1
[    2.510261] ACPI: bus type PCI registered
[    2.515250] initcall acpi_pci_init+0x0/0x57 returned 0 after 4882 usecs
[    2.523250] calling  dma_channel_table_init+0x0/0xd1 @ 1
[    2.530271] initcall dma_channel_table_init+0x0/0xd1 returned 0 after 0 usecs
[    2.539252] calling  dma_bus_init+0x0/0xdc @ 1
[    2.544596] initcall dma_bus_init+0x0/0xdc returned 0 after 976 usecs
[    2.553285] calling  iommu_dma_init+0x0/0x10 @ 1
[    2.559272] initcall iommu_dma_init+0x0/0x10 returned 0 after 0 usecs
[    2.567250] calling  dmi_id_init+0x0/0x37c @ 1
[    2.572679] initcall dmi_id_init+0x0/0x37c returned 0 after 976 usecs
[    2.581250] calling  pci_arch_init+0x0/0x71 @ 1
[    2.587267] PCI: MMCONFIG for domain 0000 [bus 00-ff] at [mem 0xb0000000-0xbfffffff] (base 0xb0000000)
[    2.598254] PCI: MMCONFIG at [mem 0xb0000000-0xbfffffff] reserved in E820
[    2.603279] PCI: Using configuration type 1 for base access
[    2.611628] initcall pci_arch_init+0x0/0x71 returned 0 after 24414 usecs
[    2.619279] calling  init_vdso+0x0/0x13 @ 1
[    2.626302] initcall init_vdso+0x0/0x13 returned 0 after 0 usecs
[    2.634250] calling  sysenter_setup+0x0/0x13 @ 1
[    2.640284] initcall sysenter_setup+0x0/0x13 returned 0 after 0 usecs
[    2.647248] calling  fixup_ht_bug+0x0/0xe5 @ 1
[    2.653251] initcall fixup_ht_bug+0x0/0xe5 returned 0 after 0 usecs
[    2.662251] calling  topology_init+0x0/0x88 @ 1
[    2.669816] initcall topology_init+0x0/0x88 returned 0 after 976 usecs
[    2.679252] calling  intel_epb_init+0x0/0x68 @ 1
[    2.686251] initcall intel_epb_init+0x0/0x68 returned -19 after 0 usecs
[    2.694248] calling  mtrr_init_finialize+0x0/0x3e @ 1
[    2.700249] initcall mtrr_init_finialize+0x0/0x3e returned 0 after 0 usecs
[    2.708250] calling  uid_cache_init+0x0/0x85 @ 1
[    2.713272] initcall uid_cache_init+0x0/0x85 returned 0 after 0 usecs
[    2.721249] calling  param_sysfs_init+0x0/0x1ba @ 1
[    2.735731] initcall param_sysfs_init+0x0/0x1ba returned 0 after 8789 usecs
[    2.744249] calling  user_namespace_sysctl_init+0x0/0x33 @ 1
[    2.751262] initcall user_namespace_sysctl_init+0x0/0x33 returned 0 after 0 usecs
[    2.759248] calling  proc_schedstat_init+0x0/0x24 @ 1
[    2.765254] initcall proc_schedstat_init+0x0/0x24 returned 0 after 0 usecs
[    2.773247] calling  pm_sysrq_init+0x0/0x18 @ 1
[    2.782264] initcall pm_sysrq_init+0x0/0x18 returned 0 after 2929 usecs
[    2.791304] calling  create_proc_profile+0x0/0xd0 @ 1
[    2.799256] initcall create_proc_profile+0x0/0xd0 returned 0 after 0 usecs
[    2.809276] calling  time_ns_init+0x0/0x7 @ 1
[    2.816253] initcall time_ns_init+0x0/0x7 returned 0 after 0 usecs
[    2.825254] calling  crash_save_vmcoreinfo_init+0x0/0x722 @ 1
[    2.833394] initcall crash_save_vmcoreinfo_init+0x0/0x722 returned 0 after 976 usecs
[    2.845251] calling  crash_notes_memory_init+0x0/0x35 @ 1
[    2.853259] initcall crash_notes_memory_init+0x0/0x35 returned 0 after 0 usecs
[    2.864251] calling  cgroup_sysfs_init+0x0/0x13 @ 1
[    2.871300] initcall cgroup_sysfs_init+0x0/0x13 returned 0 after 0 usecs
[    2.881251] calling  cgroup_namespaces_init+0x0/0x7 @ 1
[    2.889250] initcall cgroup_namespaces_init+0x0/0x7 returned 0 after 0 usecs
[    2.899251] calling  init_optprobes+0x0/0x13 @ 1
[    2.906267] Kprobes globally optimized
[    2.912257] initcall init_optprobes+0x0/0x13 returned 0 after 5859 usecs
[    2.922251] calling  oom_init+0x0/0x2f @ 1
[    2.929470] initcall oom_init+0x0/0x2f returned 0 after 976 usecs
[    2.935249] calling  default_bdi_init+0x0/0xb3 @ 1
[    2.951398] initcall default_bdi_init+0x0/0xb3 returned 0 after 8789 usecs
[    2.961251] calling  percpu_enable_async+0x0/0xe @ 1
[    2.970255] initcall percpu_enable_async+0x0/0xe returned 0 after 0 usecs
[    2.975252] calling  kcompactd_init+0x0/0x8d @ 1
[    2.987636] initcall kcompactd_init+0x0/0x8d returned 0 after 2929 usecs
[    2.997788] calling  init_user_reserve+0x0/0x40 @ 1
[    3.004495] initcall init_user_reserve+0x0/0x40 returned 0 after 0 usecs
[    3.014253] calling  init_admin_reserve+0x0/0x40 @ 1
[    3.020250] initcall init_admin_reserve+0x0/0x40 returned 0 after 0 usecs
[    3.026252] calling  init_reserve_notifier+0x0/0x7 @ 1
[    3.032260] initcall init_reserve_notifier+0x0/0x7 returned 0 after 0 usecs
[    3.037250] calling  swap_init_sysfs+0x0/0x62 @ 1
[    3.043263] initcall swap_init_sysfs+0x0/0x62 returned 0 after 0 usecs
[    3.050249] calling  swapfile_init+0x0/0x94 @ 1
[    3.055254] initcall swapfile_init+0x0/0x94 returned 0 after 0 usecs
[    3.063253] calling  hugetlb_init+0x0/0x499 @ 1
[    3.070255] HugeTLB registered 2.00 MiB page size, pre-allocated 0 pages
[    3.077758] initcall hugetlb_init+0x0/0x499 returned 0 after 6835 usecs
[    3.086253] calling  io_wq_init+0x0/0x34 @ 1
[    3.093256] initcall io_wq_init+0x0/0x34 returned 0 after 0 usecs
[    3.099252] calling  seqiv_module_init+0x0/0xc @ 1
[    3.102271] initcall seqiv_module_init+0x0/0xc returned 0 after 976 usecs
[    3.115252] calling  echainiv_module_init+0x0/0xc @ 1
[    3.120253] initcall echainiv_module_init+0x0/0xc returned 0 after 0 usecs
[    3.127686] calling  rsa_init+0x0/0x50 @ 1
[    3.137359] initcall rsa_init+0x0/0x50 returned 0 after 4882 usecs
[    3.137407] cryptomgr_test (61) used greatest stack depth: 15400 bytes left
[    3.145250] calling  crypto_cmac_module_init+0x0/0xc @ 1
[    3.145253] initcall crypto_cmac_module_init+0x0/0xc returned 0 after 0 usecs
[    3.145255] calling  hmac_module_init+0x0/0xc @ 1
[    3.145255] initcall hmac_module_init+0x0/0xc returned 0 after 0 usecs
[    3.145334] calling  crypto_null_mod_init+0x0/0x65 @ 1
[    3.157565] initcall crypto_null_mod_init+0x0/0x65 returned 0 after 11718 usecs
[    3.161583] cryptomgr_test (62) used greatest stack depth: 15120 bytes left
[    3.170254] calling  md5_mod_init+0x0/0xc @ 1
[    3.219254] initcall md5_mod_init+0x0/0xc returned 0 after 4882 usecs
[    3.227252] calling  sha256_generic_mod_init+0x0/0x11 @ 1
[    3.239255] initcall sha256_generic_mod_init+0x0/0x11 returned 0 after 4882 usecs
[    3.249249] calling  crypto_cbc_module_init+0x0/0xc @ 1
[    3.256252] initcall crypto_cbc_module_init+0x0/0xc returned 0 after 0 usecs
[    3.264249] calling  crypto_ctr_module_init+0x0/0x11 @ 1
[    3.270251] initcall crypto_ctr_module_init+0x0/0x11 returned 0 after 0 usecs
[    3.279249] calling  crypto_gcm_module_init+0x0/0x64 @ 1
[    3.285615] initcall crypto_gcm_module_init+0x0/0x64 returned 0 after 976 usecs
[    3.294426] calling  crypto_ccm_module_init+0x0/0x11 @ 1
[    3.301255] initcall crypto_ccm_module_init+0x0/0x11 returned 0 after 0 usecs
[    3.310252] calling  aes_init+0x0/0xc @ 1
[    3.316769] initcall aes_init+0x0/0xc returned 0 after 976 usecs
[    3.324253] calling  crc32c_mod_init+0x0/0xc @ 1
[    3.331432] initcall crc32c_mod_init+0x0/0xc returned 0 after 976 usecs
[    3.340252] calling  crypto_authenc_module_init+0x0/0xc @ 1
[    3.347250] initcall crypto_authenc_module_init+0x0/0xc returned 0 after 0 usecs
[    3.356250] calling  crypto_authenc_esn_module_init+0x0/0xc @ 1
[    3.363250] initcall crypto_authenc_esn_module_init+0x0/0xc returned 0 after 0 usecs
[    3.370249] calling  drbg_init+0x0/0x7c @ 1
[    3.391623] initcall drbg_init+0x0/0x7c returned 0 after 15625 usecs
[    3.399255] calling  ghash_mod_init+0x0/0xc @ 1
[    3.411253] initcall ghash_mod_init+0x0/0xc returned 0 after 5859 usecs
[    3.420251] calling  init_bio+0x0/0x9a @ 1
[    3.428461] initcall init_bio+0x0/0x9a returned 0 after 2929 usecs
[    3.436250] calling  blk_settings_init+0x0/0x29 @ 1
[    3.442249] initcall blk_settings_init+0x0/0x29 returned 0 after 0 usecs
[    3.450250] calling  blk_ioc_init+0x0/0x29 @ 1
[    3.456253] initcall blk_ioc_init+0x0/0x29 returned 0 after 0 usecs
[    3.464247] calling  blk_mq_init+0x0/0xb9 @ 1
[    3.469249] initcall blk_mq_init+0x0/0xb9 returned 0 after 0 usecs
[    3.477249] calling  genhd_device_init+0x0/0x75 @ 1
[    3.489873] initcall genhd_device_init+0x0/0x75 returned 0 after 4882 usecs
[    3.499433] calling  pci_slot_init+0x0/0x40 @ 1
[    3.505266] initcall pci_slot_init+0x0/0x40 returned 0 after 0 usecs
[    3.512253] calling  fbmem_init+0x0/0xd8 @ 1
[    3.519266] initcall fbmem_init+0x0/0xd8 returned 0 after 976 usecs
[    3.526252] calling  acpi_init+0x0/0x319 @ 1
[    3.532446] ACPI: Added _OSI(Module Device)
[    3.537373] ACPI: Added _OSI(Processor Device)
[    3.543248] ACPI: Added _OSI(3.0 _SCP Extensions)
[    3.549247] ACPI: Added _OSI(Processor Aggregator Device)
[    3.551367] ACPI: Added _OSI(Linux-Dell-Video)
[    3.558248] ACPI: Added _OSI(Linux-Lenovo-NV-HDMI-Audio)
[    3.565250] ACPI: Added _OSI(Linux-HPI-Hybrid-Graphics)
[    3.604240] ACPI: 1 ACPI AML tables successfully acquired and loaded
[    3.635078] ACPI: Interpreter enabled
[    3.639718] ACPI: (supports S0 S3 S4 S5)
[    3.645384] ACPI: Using IOAPIC for interrupt routing
[    3.652909] PCI: Using host bridge windows from ACPI; if necessary, use "pci=nocrs" and report a bug
[    3.665499] ACPI: Enabled 2 GPEs in block 00 to 3F
[    3.688156] ACPI: PCI Root Bridge [PCI0] (domain 0000 [bus 00-ff])
[    3.696284] acpi PNP0A08:00: _OSC: OS supports [ExtendedConfig ASPM ClockPM Segments MSI HPX-Type3]
[    3.706448] acpi PNP0A08:00: _OSC: platform does not support [LTR]
[    3.714264] acpi PNP0A08:00: _OSC: OS now controls [PME PCIeCapability]
[    3.722432] PCI host bridge to bus 0000:00
[    3.727262] pci_bus 0000:00: root bus resource [io  0x0000-0x0cf7 window]
[    3.735250] pci_bus 0000:00: root bus resource [io  0x0d00-0xffff window]
[    3.743269] pci_bus 0000:00: root bus resource [mem 0x000a0000-0x000bffff window]
[    3.752249] pci_bus 0000:00: root bus resource [mem 0x20000000-0xafffffff window]
[    3.758250] pci_bus 0000:00: root bus resource [mem 0xc0000000-0xfebfffff window]
[    3.765248] pci_bus 0000:00: root bus resource [mem 0x100000000-0x8ffffffff window]
[    3.774249] pci_bus 0000:00: root bus resource [bus 00-ff]
[    3.782203] pci 0000:00:00.0: calling  quirk_mmio_always_on+0x0/0x10 @ 1
[    3.790252] pci 0000:00:00.0: quirk_mmio_always_on+0x0/0x10 took 0 usecs
[    3.798263] pci 0000:00:00.0: [8086:29c0] type 00 class 0x060000
[    3.808802] pci 0000:00:00.0: calling  quirk_igfx_skip_te_disable+0x0/0x80 @ 1
[    3.818302] pci 0000:00:00.0: quirk_igfx_skip_te_disable+0x0/0x80 took 0 usecs
[    3.829332] pci 0000:00:01.0: [1234:1111] type 00 class 0x030000
[    3.848240] pci 0000:00:01.0: reg 0x10: [mem 0xfd000000-0xfdffffff pref]
[    3.878240] pci 0000:00:01.0: reg 0x18: [mem 0xfebf0000-0xfebf0fff]
[    3.930240] pci 0000:00:01.0: reg 0x30: [mem 0xfebe0000-0xfebeffff pref]
[    3.949240] pci 0000:00:01.0: calling  efifb_fixup_resources+0x0/0xf0 @ 1
[    3.958484] pci 0000:00:01.0: efifb_fixup_resources+0x0/0xf0 took 0 usecs
[    3.982804] pci 0000:00:1f.0: [8086:2918] type 00 class 0x060100
[    3.994240] pci 0000:00:1f.0: calling  quirk_ich7_lpc+0x0/0x60 @ 1
[    4.002686] pci 0000:00:1f.0: quirk: [io  0x0600-0x067f] claimed by ICH6 ACPI/GPIO/TCO
[    4.012687] pci 0000:00:1f.0: quirk_ich7_lpc+0x0/0x60 took 9765 usecs
[    4.020911] pci 0000:00:1f.0: calling  quirk_igfx_skip_te_disable+0x0/0x80 @ 1
[    4.029577] pci 0000:00:1f.0: quirk_igfx_skip_te_disable+0x0/0x80 took 0 usecs
[    4.042091] pci 0000:00:1f.2: [8086:2922] type 00 class 0x010601
[    4.060248] pci 0000:00:1f.2: reg 0x20: [io  0xc040-0xc05f]
[    4.069247] pci 0000:00:1f.2: reg 0x24: [mem 0xfebf1000-0xfebf1fff]
[    4.077864] pci 0000:00:1f.2: calling  quirk_igfx_skip_te_disable+0x0/0x80 @ 1
[    4.086256] pci 0000:00:1f.2: quirk_igfx_skip_te_disable+0x0/0x80 took 0 usecs
[    4.098753] pci 0000:00:1f.3: [8086:2930] type 00 class 0x0c0500
[    4.111247] pci 0000:00:1f.3: reg 0x20: [io  0x0700-0x073f]
[    4.120437] pci 0000:00:1f.3: calling  quirk_igfx_skip_te_disable+0x0/0x80 @ 1
[    4.129253] pci 0000:00:1f.3: quirk_igfx_skip_te_disable+0x0/0x80 took 0 usecs
[    4.143714] ACPI: PCI Interrupt Link [LNKA] (IRQs 5 *10 11)
[    4.150683] ACPI: PCI Interrupt Link [LNKB] (IRQs 5 *10 11)
[    4.157672] ACPI: PCI Interrupt Link [LNKC] (IRQs 5 10 *11)
[    4.164728] ACPI: PCI Interrupt Link [LNKD] (IRQs 5 10 *11)
[    4.171676] ACPI: PCI Interrupt Link [LNKE] (IRQs 5 *10 11)
[    4.178691] ACPI: PCI Interrupt Link [LNKF] (IRQs 5 *10 11)
[    4.185686] ACPI: PCI Interrupt Link [LNKG] (IRQs 5 10 *11)
[    4.192733] ACPI: PCI Interrupt Link [LNKH] (IRQs 5 10 *11)
[    4.199445] ACPI: PCI Interrupt Link [GSIA] (IRQs *16)
[    4.205279] ACPI: PCI Interrupt Link [GSIB] (IRQs *17)
[    4.211270] ACPI: PCI Interrupt Link [GSIC] (IRQs *18)
[    4.218282] ACPI: PCI Interrupt Link [GSID] (IRQs *19)
[    4.224269] ACPI: PCI Interrupt Link [GSIE] (IRQs *20)
[    4.230312] ACPI: PCI Interrupt Link [GSIF] (IRQs *21)
[    4.236269] ACPI: PCI Interrupt Link [GSIG] (IRQs *22)
[    4.243362] ACPI: PCI Interrupt Link [GSIH] (IRQs *23)
[    4.253031] initcall acpi_init+0x0/0x319 returned 0 after 703125 usecs
[    4.260308] calling  pnp_init+0x0/0xc @ 1
[    4.266316] initcall pnp_init+0x0/0xc returned 0 after 0 usecs
[    4.272252] calling  misc_init+0x0/0xbf @ 1
[    4.279334] initcall misc_init+0x0/0xbf returned 0 after 1953 usecs
[    4.287251] calling  iommu_subsys_init+0x0/0x4e @ 1
[    4.293340] iommu: Default domain type: Translated 
[    4.299250] initcall iommu_subsys_init+0x0/0x4e returned 0 after 5859 usecs
[    4.309251] calling  vga_arb_device_init+0x0/0x261 @ 1
[    4.320030] pci 0000:00:01.0: vgaarb: setting as boot VGA device
[    4.320240] pci 0000:00:01.0: vgaarb: VGA device added: decodes=io+mem,owns=io+mem,locks=none
[    4.338254] pci 0000:00:01.0: vgaarb: bridge control possible
[    4.344247] vgaarb: loaded
[    4.348253] initcall vga_arb_device_init+0x0/0x261 returned 0 after 31250 usecs
[    4.356328] calling  cn_init+0x0/0xf0 @ 1
[    4.364779] initcall cn_init+0x0/0xf0 returned 0 after 1953 usecs
[    4.371253] calling  dma_buf_init+0x0/0xad @ 1
[    4.378374] initcall dma_buf_init+0x0/0xad returned 0 after 976 usecs
[    4.386251] calling  dma_resv_lockdep+0x0/0x276 @ 1
[    4.394799] initcall dma_resv_lockdep+0x0/0x276 returned 0 after 1953 usecs
[    4.403253] calling  init_scsi+0x0/0x79 @ 1
[    4.409735] SCSI subsystem initialized
[    4.414249] initcall init_scsi+0x0/0x79 returned 0 after 4882 usecs
[    4.422248] calling  ata_init+0x0/0x332 @ 1
[    4.429722] libata version 3.00 loaded.
[    4.434249] initcall ata_init+0x0/0x332 returned 0 after 6835 usecs
[    4.441248] calling  phy_init+0x0/0x250 @ 1
[    4.447445] initcall phy_init+0x0/0x250 returned 0 after 0 usecs
[    4.454248] calling  init_pcmcia_cs+0x0/0x35 @ 1
[    4.460291] initcall init_pcmcia_cs+0x0/0x35 returned 0 after 0 usecs
[    4.468264] calling  usb_common_init+0x0/0x1c @ 1
[    4.473304] initcall usb_common_init+0x0/0x1c returned 0 after 0 usecs
[    4.481247] calling  usb_init+0x0/0x12e @ 1
[    4.486294] ACPI: bus type USB registered
[    4.492095] usbcore: registered new interface driver usbfs
[    4.498405] usbcore: registered new interface driver hub
[    4.505487] usbcore: registered new device driver usb
[    4.512252] initcall usb_init+0x0/0x12e returned 0 after 25390 usecs
[    4.519250] calling  serio_init+0x0/0x29 @ 1
[    4.525297] initcall serio_init+0x0/0x29 returned 0 after 0 usecs
[    4.533249] calling  input_init+0x0/0xf6 @ 1
[    4.538308] initcall input_init+0x0/0xf6 returned 0 after 0 usecs
[    4.545248] calling  rtc_init+0x0/0x4d @ 1
[    4.551262] initcall rtc_init+0x0/0x4d returned 0 after 0 usecs
[    4.558248] calling  pps_init+0x0/0xa9 @ 1
[    4.563291] pps_core: LinuxPPS API ver. 1 registered
[    4.569244] pps_core: Software ver. 5.3.6 - Copyright 2005-2007 Rodolfo Giometti <giometti@linux.it>
[    4.579248] initcall pps_init+0x0/0xa9 returned 0 after 15625 usecs
[    4.587246] calling  ptp_init+0x0/0x98 @ 1
[    4.592348] PTP clock support registered
[    4.595246] initcall ptp_init+0x0/0x98 returned 0 after 2929 usecs
[    4.604251] calling  power_supply_class_init+0x0/0x3f @ 1
[    4.612315] initcall power_supply_class_init+0x0/0x3f returned 0 after 0 usecs
[    4.623250] calling  hwmon_init+0x0/0x104 @ 1
[    4.629265] initcall hwmon_init+0x0/0x104 returned 0 after 0 usecs
[    4.637248] calling  md_init+0x0/0x16b @ 1
[    4.642611] initcall md_init+0x0/0x16b returned 0 after 1953 usecs
[    4.651271] calling  leds_init+0x0/0x3b @ 1
[    4.656268] initcall leds_init+0x0/0x3b returned 0 after 976 usecs
[    4.663251] calling  dmi_init+0x0/0x113 @ 1
[    4.668663] initcall dmi_init+0x0/0x113 returned 0 after 1953 usecs
[    4.676248] calling  efisubsys_init+0x0/0x4e7 @ 1
[    4.681248] initcall efisubsys_init+0x0/0x4e7 returned 0 after 0 usecs
[    4.689252] calling  nvmem_init+0x0/0xc @ 1
[    4.694302] initcall nvmem_init+0x0/0xc returned 0 after 0 usecs
[    4.701248] calling  init_soundcore+0x0/0x33 @ 1
[    4.706288] initcall init_soundcore+0x0/0x33 returned 0 after 0 usecs
[    4.714248] calling  alsa_sound_init+0x0/0x8f @ 1
[    4.719393] Advanced Linux Sound Architecture Driver Initialized.
[    4.727251] initcall alsa_sound_init+0x0/0x8f returned 0 after 7812 usecs
[    4.735250] calling  alsa_seq_device_init+0x0/0x71 @ 1
[    4.741321] initcall alsa_seq_device_init+0x0/0x71 returned 0 after 0 usecs
[    4.749249] calling  hda_bus_init+0x0/0xc @ 1
[    4.753273] initcall hda_bus_init+0x0/0xc returned 0 after 0 usecs
[    4.762252] calling  proto_init+0x0/0xc @ 1
[    4.769291] initcall proto_init+0x0/0xc returned 0 after 0 usecs
[    4.778249] calling  net_dev_init+0x0/0x27f @ 1
[    4.786365] initcall net_dev_init+0x0/0x27f returned 0 after 1953 usecs
[    4.796268] calling  neigh_init+0x0/0x84 @ 1
[    4.801269] initcall neigh_init+0x0/0x84 returned 0 after 0 usecs
[    4.809253] calling  fib_notifier_init+0x0/0xc @ 1
[    4.816248] initcall fib_notifier_init+0x0/0xc returned 0 after 0 usecs
[    4.823248] calling  fib_rules_init+0x0/0xab @ 1
[    4.829303] initcall fib_rules_init+0x0/0xab returned 0 after 0 usecs
[    4.836249] calling  pktsched_init+0x0/0x10e @ 1
[    4.842308] initcall pktsched_init+0x0/0x10e returned 0 after 0 usecs
[    4.850248] calling  tc_filter_init+0x0/0xfa @ 1
[    4.855291] initcall tc_filter_init+0x0/0xfa returned 0 after 0 usecs
[    4.863247] calling  tc_action_init+0x0/0x54 @ 1
[    4.868283] initcall tc_action_init+0x0/0x54 returned 0 after 0 usecs
[    4.876248] calling  ethnl_init+0x0/0x52 @ 1
[    4.881342] initcall ethnl_init+0x0/0x52 returned 0 after 0 usecs
[    4.887250] calling  nexthop_init+0x0/0xd8 @ 1
[    4.893347] initcall nexthop_init+0x0/0xd8 returned 0 after 0 usecs
[    4.901250] calling  cipso_v4_init+0x0/0x8d @ 1
[    4.907477] initcall cipso_v4_init+0x0/0x8d returned 0 after 0 usecs
[    4.915249] calling  ieee80211_init+0x0/0x24 @ 1
[    4.921306] initcall ieee80211_init+0x0/0x24 returned 0 after 0 usecs
[    4.928249] calling  netlbl_init+0x0/0x78 @ 1
[    4.934257] NetLabel: Initializing
[    4.938245] NetLabel:  domain hash size = 128
[    4.943245] NetLabel:  protocols = UNLABELED CIPSOv4 CALIPSO
[    4.950400] NetLabel:  unlabeled traffic allowed by default
[    4.957249] initcall netlbl_init+0x0/0x78 returned 0 after 22460 usecs
[    4.965278] calling  rfkill_init+0x0/0x136 @ 1
[    4.971275] initcall rfkill_init+0x0/0x136 returned 0 after 976 usecs
[    4.979249] calling  pci_subsys_init+0x0/0x66 @ 1
[    4.984281] PCI: Using ACPI for IRQ routing
[    5.692088] PCI: pci_cache_line_size set to 64 bytes
[    5.698683] e820: reserve RAM buffer [mem 0x0009fc00-0x0009ffff]
[    5.705531] e820: reserve RAM buffer [mem 0x1ffdf000-0x1fffffff]
[    5.712901] initcall pci_subsys_init+0x0/0x66 returned 0 after 710937 usecs
[    5.723472] calling  nmi_warning_debugfs+0x0/0x26 @ 1
[    5.731083] initcall nmi_warning_debugfs+0x0/0x26 returned 0 after 1953 usecs
[    5.739263] calling  save_microcode_in_initrd+0x0/0x51 @ 1
[    5.745346] initcall save_microcode_in_initrd+0x0/0x51 returned 0 after 0 usecs
[    5.754249] calling  hpet_late_init+0x0/0x207 @ 1
[    5.760324] hpet: 3 channels of 0 reserved for per-cpu timers
[    5.766622] hpet0: at MMIO 0xfed00000, IRQs 2, 8, 0
[    5.772245] hpet0: 3 comparators, 64-bit 100.000000 MHz counter
[    5.782249] initcall hpet_late_init+0x0/0x207 returned 0 after 22460 usecs
[    5.790250] calling  init_amd_nbs+0x0/0x11c @ 1
[    5.795529] initcall init_amd_nbs+0x0/0x11c returned 0 after 0 usecs
[    5.803280] calling  clocksource_done_booting+0x0/0x43 @ 1
[    5.812015] clocksource: Switched to clocksource kvm-clock
[    5.818477] initcall clocksource_done_booting+0x0/0x43 returned 0 after 9014 usecs
[    5.827227] calling  tracer_init_tracefs+0x0/0x248 @ 1
[    6.085952] initcall tracer_init_tracefs+0x0/0x248 returned 0 after 246784 usecs
[    6.094540] calling  init_trace_printk_function_export+0x0/0x2c @ 1
[    6.101798] initcall init_trace_printk_function_export+0x0/0x2c returned 0 after 12 usecs
[    6.111154] calling  init_kprobe_trace+0x0/0x1ab @ 1
[    6.116900] initcall init_kprobe_trace+0x0/0x1ab returned 0 after 13 usecs
[    6.124731] calling  init_dynamic_event+0x0/0x3d @ 1
[    6.130541] initcall init_dynamic_event+0x0/0x3d returned 0 after 9 usecs
[    6.138581] calling  init_uprobe_trace+0x0/0x5c @ 1
[    6.145432] initcall init_uprobe_trace+0x0/0x5c returned 0 after 114 usecs
[    6.153329] calling  init_pipe_fs+0x0/0x44 @ 1
[    6.158672] initcall init_pipe_fs+0x0/0x44 returned 0 after 139 usecs
[    6.165974] calling  inotify_user_setup+0x0/0x47 @ 1
[    6.171793] initcall inotify_user_setup+0x0/0x47 returned 0 after 170 usecs
[    6.180303] calling  eventpoll_init+0x0/0xeb @ 1
[    6.185804] initcall eventpoll_init+0x0/0xeb returned 0 after 101 usecs
[    6.194148] calling  anon_inode_init+0x0/0x58 @ 1
[    6.201085] initcall anon_inode_init+0x0/0x58 returned 0 after 109 usecs
[    6.210785] calling  proc_locks_init+0x0/0x27 @ 1
[    6.217814] initcall proc_locks_init+0x0/0x27 returned 0 after 247 usecs
[    6.226550] calling  iomap_init+0x0/0x1b @ 1
[    6.233074] initcall iomap_init+0x0/0x1b returned 0 after 1359 usecs
[    6.240462] calling  dquot_init+0x0/0x106 @ 1
[    6.245571] VFS: Disk quotas dquot_6.6.0
[    6.250531] VFS: Dquot-cache hash table entries: 512 (order 0, 4096 bytes)
[    6.258545] initcall dquot_init+0x0/0x106 returned 0 after 12676 usecs
[    6.266509] calling  quota_init+0x0/0x23 @ 1
[    6.271844] initcall quota_init+0x0/0x23 returned 0 after 310 usecs
[    6.281093] calling  proc_cmdline_init+0x0/0x21 @ 1
[    6.288337] initcall proc_cmdline_init+0x0/0x21 returned 0 after 34 usecs
[    6.298298] calling  proc_consoles_init+0x0/0x24 @ 1
[    6.304999] initcall proc_consoles_init+0x0/0x24 returned 0 after 6 usecs
[    6.312855] calling  proc_cpuinfo_init+0x0/0x1e @ 1
[    6.319596] initcall proc_cpuinfo_init+0x0/0x1e returned 0 after 7 usecs
[    6.328564] calling  proc_devices_init+0x0/0x24 @ 1
[    6.335816] initcall proc_devices_init+0x0/0x24 returned 0 after 6 usecs
[    6.345329] calling  proc_interrupts_init+0x0/0x24 @ 1
[    6.352984] initcall proc_interrupts_init+0x0/0x24 returned 0 after 7 usecs
[    6.361927] calling  proc_loadavg_init+0x0/0x21 @ 1
[    6.367696] initcall proc_loadavg_init+0x0/0x21 returned 0 after 6 usecs
[    6.375367] calling  proc_meminfo_init+0x0/0x21 @ 1
[    6.381078] initcall proc_meminfo_init+0x0/0x21 returned 0 after 35 usecs
[    6.388937] calling  proc_stat_init+0x0/0x1e @ 1
[    6.394378] initcall proc_stat_init+0x0/0x1e returned 0 after 5 usecs
[    6.401781] calling  proc_uptime_init+0x0/0x21 @ 1
[    6.407368] initcall proc_uptime_init+0x0/0x21 returned 0 after 4 usecs
[    6.414828] calling  proc_version_init+0x0/0x21 @ 1
[    6.420375] initcall proc_version_init+0x0/0x21 returned 0 after 4 usecs
[    6.428155] calling  proc_softirqs_init+0x0/0x21 @ 1
[    6.433884] initcall proc_softirqs_init+0x0/0x21 returned 0 after 3 usecs
[    6.441698] calling  proc_kcore_init+0x0/0xea @ 1
[    6.447142] initcall proc_kcore_init+0x0/0xea returned 0 after 48 usecs
[    6.454678] calling  vmcore_init+0x0/0x57b @ 1
[    6.459829] initcall vmcore_init+0x0/0x57b returned 0 after 0 usecs
[    6.467015] calling  proc_kmsg_init+0x0/0x21 @ 1
[    6.472346] initcall proc_kmsg_init+0x0/0x21 returned 0 after 4 usecs
[    6.481318] calling  proc_page_init+0x0/0x3b @ 1
[    6.487985] initcall proc_page_init+0x0/0x3b returned 0 after 7 usecs
[    6.495976] calling  init_ramfs_fs+0x0/0xc @ 1
[    6.501242] initcall init_ramfs_fs+0x0/0xc returned 0 after 25 usecs
[    6.508640] calling  init_hugetlbfs_fs+0x0/0xf6 @ 1
[    6.514897] initcall init_hugetlbfs_fs+0x0/0xf6 returned 0 after 409 usecs
[    6.522836] calling  blk_scsi_ioctl_init+0x0/0x2a5 @ 1
[    6.528942] initcall blk_scsi_ioctl_init+0x0/0x2a5 returned 0 after 13 usecs
[    6.537173] calling  acpi_event_init+0x0/0x2c @ 1
[    6.542647] initcall acpi_event_init+0x0/0x2c returned 0 after 47 usecs
[    6.550332] calling  pnp_system_init+0x0/0xc @ 1
[    6.556212] initcall pnp_system_init+0x0/0xc returned 0 after 355 usecs
[    6.565716] calling  pnpacpi_init+0x0/0x69 @ 1
[    6.572312] pnp: PnP ACPI init
[    6.578552] pnp 00:00: Plug and Play ACPI device, IDs PNP0303 (active)
[    6.586347] pnp 00:01: Plug and Play ACPI device, IDs PNP0f13 (active)
[    6.593915] pnp 00:02: Plug and Play ACPI device, IDs PNP0400 (active)
[    6.601480] pnp 00:03: Plug and Play ACPI device, IDs PNP0501 (active)
[    6.609085] pnp 00:04: Plug and Play ACPI device, IDs PNP0b00 (active)
[    6.617134] system 00:05: [mem 0xb0000000-0xbfffffff window] has been reserved
[    6.625530] system 00:05: Plug and Play ACPI device, IDs PNP0c01 (active)
[    6.635616] pnp: PnP ACPI: found 6 devices
[    6.640393] initcall pnpacpi_init+0x0/0x69 returned 0 after 66537 usecs
[    6.656078] calling  chr_dev_init+0x0/0x14d @ 1
[    6.763843] initcall chr_dev_init+0x0/0x14d returned 0 after 99821 usecs
[    6.771810] calling  firmware_class_init+0x0/0x14a @ 1
[    6.777969] initcall firmware_class_init+0x0/0x14a returned 0 after 141 usecs
[    6.786198] calling  init_pcmcia_bus+0x0/0x5b @ 1
[    6.791967] initcall init_pcmcia_bus+0x0/0x5b returned 0 after 160 usecs
[    6.800616] calling  init_acpi_pm_clocksource+0x0/0xda @ 1
[    6.813250] clocksource: acpi_pm: mask: 0xffffff max_cycles: 0xffffff, max_idle_ns: 2085701024 ns
[    6.823686] initcall init_acpi_pm_clocksource+0x0/0xda returned 0 after 15650 usecs
[    6.832469] calling  sysctl_core_init+0x0/0x26 @ 1
[    6.838215] initcall sysctl_core_init+0x0/0x26 returned 0 after 192 usecs
[    6.846208] calling  eth_offload_init+0x0/0x13 @ 1
[    6.851918] initcall eth_offload_init+0x0/0x13 returned 0 after 14 usecs
[    6.859587] calling  ipv4_offload_init+0x0/0x73 @ 1
[    6.865374] initcall ipv4_offload_init+0x0/0x73 returned 0 after 129 usecs
[    6.873688] calling  inet_init+0x0/0x276 @ 1
[    6.880745] NET: Registered protocol family 2
[    6.889728] IP idents hash table entries: 8192 (order: 4, 65536 bytes, linear)
[    6.909076] tcp_listen_portaddr_hash hash table entries: 256 (order: 2, 20480 bytes, linear)
[    6.919672] TCP established hash table entries: 4096 (order: 3, 32768 bytes, linear)
[    6.929462] TCP bind hash table entries: 4096 (order: 6, 294912 bytes, linear)
[    6.945225] TCP: Hash tables configured (established 4096 bind 4096)
[    6.953814] UDP hash table entries: 256 (order: 3, 40960 bytes, linear)
[    6.961672] UDP-Lite hash table entries: 256 (order: 3, 40960 bytes, linear)
[    6.970111] initcall inet_init+0x0/0x276 returned 0 after 87824 usecs
[    6.977484] calling  af_unix_init+0x0/0x4d @ 1
[    6.982569] NET: Registered protocol family 1
[    6.987627] initcall af_unix_init+0x0/0x4d returned 0 after 4960 usecs
[    6.995027] calling  ipv6_offload_init+0x0/0x7e @ 1
[    7.001562] initcall ipv6_offload_init+0x0/0x7e returned 0 after 77 usecs
[    7.009212] calling  init_sunrpc+0x0/0x65 @ 1
[    7.022569] RPC: Registered named UNIX socket transport module.
[    7.029404] RPC: Registered udp transport module.
[    7.034867] RPC: Registered tcp transport module.
[    7.040255] RPC: Registered tcp NFSv4.1 backchannel transport module.
[    7.047664] initcall init_sunrpc+0x0/0x65 returned 0 after 32449 usecs
[    7.055089] calling  cfg80211_init+0x0/0xc5 @ 1
[    7.062974] initcall cfg80211_init+0x0/0xc5 returned 0 after 2619 usecs
[    7.070555] calling  pcibios_assign_resources+0x0/0xbf @ 1
[    7.077152] pci_bus 0000:00: resource 4 [io  0x0000-0x0cf7 window]
[    7.084318] pci_bus 0000:00: resource 5 [io  0x0d00-0xffff window]
[    7.091366] pci_bus 0000:00: resource 6 [mem 0x000a0000-0x000bffff window]
[    7.100726] pci_bus 0000:00: resource 7 [mem 0x20000000-0xafffffff window]
[    7.109049] pci_bus 0000:00: resource 8 [mem 0xc0000000-0xfebfffff window]
[    7.119380] pci_bus 0000:00: resource 9 [mem 0x100000000-0x8ffffffff window]
[    7.129543] initcall pcibios_assign_resources+0x0/0xbf returned 0 after 51474 usecs
[    7.138548] calling  pci_apply_final_quirks+0x0/0x124 @ 1
[    7.145664] pci 0000:00:01.0: calling  pci_fixup_video+0x0/0xe0 @ 1
[    7.153232] pci 0000:00:01.0: Video device with shadowed ROM at [mem 0x000c0000-0x000dffff]
[    7.162642] pci 0000:00:01.0: pci_fixup_video+0x0/0xe0 took 9481 usecs
[    7.170417] PCI: CLS 0 bytes, default 64
[    7.176050] initcall pci_apply_final_quirks+0x0/0x124 returned 0 after 30409 usecs
[    7.185513] calling  acpi_reserve_resources+0x0/0xea @ 1
[    7.191812] initcall acpi_reserve_resources+0x0/0xea returned 0 after 46 usecs
[    7.200082] calling  populate_rootfs+0x0/0x102 @ 1
[    7.207399] initcall populate_rootfs+0x0/0x102 returned 0 after 1786 usecs
[    7.215491] calling  pci_iommu_init+0x0/0x3e @ 1
[    7.221006] initcall pci_iommu_init+0x0/0x3e returned 0 after 64 usecs
[    7.229655] calling  ia32_binfmt_init+0x0/0x13 @ 1
[    7.235358] initcall ia32_binfmt_init+0x0/0x13 returned 0 after 98 usecs
[    7.243079] calling  rapl_pmu_init+0x0/0x267 @ 1
[    7.248446] initcall rapl_pmu_init+0x0/0x267 returned -19 after 55 usecs
[    7.256378] calling  amd_uncore_init+0x0/0x310 @ 1
[    7.261960] initcall amd_uncore_init+0x0/0x310 returned -19 after 0 usecs
[    7.269779] calling  amd_ibs_init+0x0/0x27b @ 1
[    7.275072] initcall amd_ibs_init+0x0/0x27b returned -19 after 0 usecs
[    7.282492] calling  amd_iommu_pc_init+0x0/0x22c @ 1
[    7.288247] initcall amd_iommu_pc_init+0x0/0x22c returned -19 after 23 usecs
[    7.296410] calling  msr_init+0x0/0x55 @ 1
[    7.302010] initcall msr_init+0x0/0x55 returned 0 after 187 usecs
[    7.310870] calling  intel_uncore_init+0x0/0x36f @ 1
[    7.318251] initcall intel_uncore_init+0x0/0x36f returned -19 after 27 usecs
[    7.328482] calling  cstate_pmu_init+0x0/0x1a1 @ 1
[    7.334255] initcall cstate_pmu_init+0x0/0x1a1 returned -19 after 0 usecs
[    7.344182] calling  register_kernel_offset_dumper+0x0/0x1a @ 1
[    7.352805] initcall register_kernel_offset_dumper+0x0/0x1a returned 0 after 20 usecs
[    7.364108] calling  i8259A_init_ops+0x0/0x20 @ 1
[    7.370025] initcall i8259A_init_ops+0x0/0x20 returned 0 after 2 usecs
[    7.377584] calling  init_tsc_clocksource+0x0/0xa4 @ 1
[    7.383576] clocksource: tsc: mask: 0xffffffffffffffff max_cycles: 0x39a85afc727, max_idle_ns: 881590685098 ns
[    7.394975] initcall init_tsc_clocksource+0x0/0xa4 returned 0 after 11131 usecs
[    7.403639] calling  add_rtc_cmos+0x0/0xb0 @ 1
[    7.408928] initcall add_rtc_cmos+0x0/0xb0 returned 0 after 87 usecs
[    7.416494] calling  i8237A_init_ops+0x0/0x3a @ 1
[    7.422034] initcall i8237A_init_ops+0x0/0x3a returned 0 after 61 usecs
[    7.429678] calling  umwait_init+0x0/0x94 @ 1
[    7.434837] initcall umwait_init+0x0/0x94 returned -19 after 0 usecs
[    7.442292] calling  thermal_throttle_init_device+0x0/0x3d @ 1
[    7.449199] initcall thermal_throttle_init_device+0x0/0x3d returned 0 after 14 usecs
[    7.458306] calling  msr_init+0x0/0xd7 @ 1
[    7.481558] initcall msr_init+0x0/0xd7 returned 0 after 17896 usecs
[    7.489781] calling  cpuid_init+0x0/0xd7 @ 1
[    7.513612] initcall cpuid_init+0x0/0xd7 returned 0 after 17810 usecs
[    7.521779] calling  ioapic_init_ops+0x0/0x13 @ 1
[    7.527825] initcall ioapic_init_ops+0x0/0x13 returned 0 after 1 usecs
[    7.536077] calling  add_pcspkr+0x0/0x6c @ 1
[    7.541421] initcall add_pcspkr+0x0/0x6c returned 0 after 59 usecs
[    7.549319] calling  start_periodic_check_for_corruption+0x0/0x30 @ 1
[    7.557485] check: Scanning for low memory corruption every 60 seconds
[    7.565594] initcall start_periodic_check_for_corruption+0x0/0x30 returned 0 after 7964 usecs
[    7.576892] calling  sysfb_init+0x0/0x9c @ 1
[    7.582341] initcall sysfb_init+0x0/0x9c returned 0 after 177 usecs
[    7.590068] calling  audit_classes_init+0x0/0xae @ 1
[    7.596242] initcall audit_classes_init+0x0/0xae returned 0 after 25 usecs
[    7.604603] calling  iosf_mbi_init+0x0/0x24 @ 1
[    7.610566] initcall iosf_mbi_init+0x0/0x24 returned 0 after 210 usecs
[    7.618756] calling  proc_execdomains_init+0x0/0x21 @ 1
[    7.625265] initcall proc_execdomains_init+0x0/0x21 returned 0 after 96 usecs
[    7.634171] calling  register_warn_debugfs+0x0/0x23 @ 1
[    7.641494] initcall register_warn_debugfs+0x0/0x23 returned 0 after 657 usecs
[    7.651228] calling  cpuhp_sysfs_init+0x0/0x79 @ 1
[    7.657613] initcall cpuhp_sysfs_init+0x0/0x79 returned 0 after 399 usecs
[    7.665962] calling  ioresources_init+0x0/0x49 @ 1
[    7.672008] initcall ioresources_init+0x0/0x49 returned 0 after 7 usecs
[    7.680616] calling  lockdep_proc_init+0x0/0x44 @ 1
[    7.687453] initcall lockdep_proc_init+0x0/0x44 returned 0 after 6 usecs
[    7.696194] calling  snapshot_device_init+0x0/0xc @ 1
[    7.705216] initcall snapshot_device_init+0x0/0xc returned 0 after 2337 usecs
[    7.714427] calling  irq_pm_init_ops+0x0/0x13 @ 1
[    7.720789] initcall irq_pm_init_ops+0x0/0x13 returned 0 after 16 usecs
[    7.729298] calling  rcu_torture_init+0x0/0xaad @ 1
[    7.735868] rcu-torture:--- Start of test: nreaders=7 nfakewriters=4 stat_interval=15 verbose=1 test_no_idle_hz=1 shuffle_interval=3 stutter=5 irqreader=1 fqs_duration=0 fqs_holdoff=0 fqs_stutter=3 test_boost=1/0 test_boost_interval=7 test_boost_duration=4 shutdown_secs=1800 stall_cpu=0 stall_cpu_holdoff=10 stall_cpu_irqsoff=0 stall_cpu_block=0 n_barrier_cbs=4 onoff_interval=1000 onoff_holdoff=30 read_exit_delay=13 read_exit_burst=16
[    7.783534] rcu:  Start-test grace-period state: g-1052 f0x0
[    7.790872] rcu-torture: Creating rcu_torture_writer task
[    7.800223] rcu-torture: Creating rcu_torture_fakewriter task
[    7.800694] rcu-torture: rcu_torture_writer task started
[    7.810063] rcu-torture: Creating rcu_torture_fakewriter task
[    7.810665] rcu-torture: rcu_torture_fakewriter task started
[    7.816033] rcu-torture: GP expediting controlled from boot/sysfs for rcu.
[    7.825153] rcu-torture: Creating rcu_torture_fakewriter task
[    7.825476] rcu-torture: rcu_torture_fakewriter task started
[    7.832750] rcu_torture_writer: Testing conditional GPs.
[    7.843215] rcu-torture: Creating rcu_torture_fakewriter task
[    7.843494] rcu-torture: rcu_torture_fakewriter task started
[    7.850730] rcu_torture_writer: Testing expedited GPs.
[    7.860109] rcu-torture: Creating rcu_torture_reader task
[    7.860656] rcu-torture: rcu_torture_fakewriter task started
[    7.866791] rcu_torture_writer: Testing asynchronous GPs.
[    7.876824] rcu-torture: Creating rcu_torture_reader task
[    7.877199] rcu-torture: rcu_torture_reader task started
[    7.883731] rcu_torture_writer: Testing normal GPs.
[    7.892773] rcu-torture: Creating rcu_torture_reader task
[    7.893150] rcu-torture: rcu_torture_reader task started
[    7.954578] rcu-torture: Creating rcu_torture_reader task
[    7.955105] rcu-torture: rcu_torture_reader task started
[    7.963380] rcu-torture: Creating rcu_torture_reader task
[    7.963740] rcu-torture: rcu_torture_reader task started
[    7.984572] rcu-torture: Creating rcu_torture_reader task
[    7.984937] rcu-torture: rcu_torture_reader task started
[    7.995584] rcu-torture: Creating rcu_torture_reader task
[    7.995777] rcu-torture: rcu_torture_reader task started
[    8.020092] rcu-torture: Creating rcu_torture_stats task
[    8.020721] rcu-torture: rcu_torture_reader task started
[    8.032225] rcu-torture: Creating torture_shuffle task
[    8.032263] rcu-torture: rcu_torture_stats task started
[    8.060101] rcu-torture: Creating torture_stutter task
[    8.060911] rcu-torture: torture_shuffle task started
[    8.069523] rcu-torture: Creating torture_shutdown task
[    8.070061] rcu-torture: torture_stutter task started
[    8.091939] rcu-torture: Creating torture_onoff task
[    8.091973] rcu-torture: torture_shutdown task started
[    8.102118] rcu-torture: Creating rcu_torture_fwd_prog task
[    8.102788] rcu-torture: torture_onoff task started
[    8.102791] rcu-torture: torture_onoff begin holdoff
[    8.107456] rcu-torture:torture_shutdown task: 1799962 ms remaining
[    8.140807] rcu-torture: Creating rcu_torture_barrier_cbs task
[    8.141571] rcu-torture: rcu_torture_fwd_progress task started
[    8.152894] rcu-torture: Creating rcu_torture_barrier_cbs task
[    8.152945] rcu-torture: rcu_torture_barrier_cbs task started
[    8.180227] rcu-torture: Creating rcu_torture_barrier_cbs task
[    8.180684] rcu-torture: rcu_torture_barrier_cbs task started
[    8.194393] rcu-torture: Creating rcu_torture_barrier_cbs task
[    8.194881] rcu-torture: rcu_torture_barrier_cbs task started
[    8.219833] rcu-torture: Creating rcu_torture_barrier task
[    8.220167] rcu-torture: rcu_torture_barrier_cbs task started
[    8.230753] rcu-torture: Creating rcu_torture_read_exit task
[    8.232475] rcu-torture: rcu_torture_barrier task starting
[    8.255260] initcall rcu_torture_init+0x0/0xaad returned 0 after 507300 usecs
[    8.255639] rcu-torture: rcu_torture_read_exit: Start of test
[    8.267314] calling  timekeeping_init_ops+0x0/0x13 @ 1
[    8.283464] initcall timekeeping_init_ops+0x0/0x13 returned 0 after 22 usecs
[    8.295136] calling  init_clocksource_sysfs+0x0/0x23 @ 1
[    8.304132] initcall init_clocksource_sysfs+0x0/0x23 returned 0 after 303 usecs
[    8.316038] calling  init_timer_list_procfs+0x0/0x31 @ 1
[    8.324881] initcall init_timer_list_procfs+0x0/0x31 returned 0 after 44 usecs
[    8.336569] calling  alarmtimer_init+0x0/0xf5 @ 1
[    8.344651] initcall alarmtimer_init+0x0/0xf5 returned 0 after 235 usecs
[    8.355537] calling  init_posix_timers+0x0/0x29 @ 1
[    8.363595] initcall init_posix_timers+0x0/0x29 returned 0 after 63 usecs
[    8.372863] calling  clockevents_init_sysfs+0x0/0xbf @ 1
[    8.380917] initcall clockevents_init_sysfs+0x0/0xbf returned 0 after 514 usecs
[    8.390882] calling  proc_dma_init+0x0/0x21 @ 1
[    8.397667] initcall proc_dma_init+0x0/0x21 returned 0 after 39 usecs
[    8.406345] calling  proc_modules_init+0x0/0x1e @ 1
[    8.413092] initcall proc_modules_init+0x0/0x1e returned 0 after 6 usecs
[    8.421962] calling  kallsyms_init+0x0/0x21 @ 1
[    8.428518] initcall kallsyms_init+0x0/0x21 returned 0 after 5 usecs
[    8.437043] calling  pid_namespaces_init+0x0/0x2c @ 1
[    8.443846] initcall pid_namespaces_init+0x0/0x2c returned 0 after 14 usecs
[    8.453431] calling  audit_watch_init+0x0/0x37 @ 1
[    8.459998] initcall audit_watch_init+0x0/0x37 returned 0 after 2 usecs
[    8.469232] calling  audit_fsnotify_init+0x0/0x37 @ 1
[    8.475999] initcall audit_fsnotify_init+0x0/0x37 returned 0 after 2 usecs
[    8.485336] calling  audit_tree_init+0x0/0x6d @ 1
[    8.491802] initcall audit_tree_init+0x0/0x6d returned 0 after 9 usecs
[    8.501414] calling  seccomp_sysctl_init+0x0/0x2b @ 1
[    8.508991] initcall seccomp_sysctl_init+0x0/0x2b returned 0 after 48 usecs
[    8.518777] calling  utsname_sysctl_init+0x0/0x13 @ 1
[    8.526435] initcall utsname_sysctl_init+0x0/0x13 returned 0 after 11 usecs
[    8.535763] calling  init_tracepoints+0x0/0x27 @ 1
[    8.542453] initcall init_tracepoints+0x0/0x27 returned 0 after 47 usecs
[    8.551827] calling  init_blk_tracer+0x0/0x50 @ 1
[    8.559644] initcall init_blk_tracer+0x0/0x50 returned 0 after 1364 usecs
[    8.568999] calling  perf_event_sysfs_init+0x0/0x83 @ 1
[    8.576733] initcall perf_event_sysfs_init+0x0/0x83 returned 0 after 395 usecs
[    8.586971] calling  system_trusted_keyring_init+0x0/0x60 @ 1
[    8.596775] Initialise system trusted keyrings
[    8.605062] initcall system_trusted_keyring_init+0x0/0x60 returned 0 after 8088 usecs
[    8.618533] calling  kswapd_init+0x0/0x5c @ 1
[    8.628091] initcall kswapd_init+0x0/0x5c returned 0 after 2978 usecs
[    8.636950] calling  extfrag_debug_init+0x0/0x54 @ 1
[    8.643558] initcall extfrag_debug_init+0x0/0x54 returned 0 after 21 usecs
[    8.652786] calling  mm_compute_batch_init+0x0/0x12 @ 1
[    8.660037] initcall mm_compute_batch_init+0x0/0x12 returned 0 after 1 usecs
[    8.670018] calling  slab_proc_init+0x0/0x21 @ 1
[    8.676560] initcall slab_proc_init+0x0/0x21 returned 0 after 34 usecs
[    8.686737] calling  workingset_init+0x0/0x8c @ 1
[    8.694928] workingset: timestamp_bits=56 max_order=17 bucket_order=0
[    8.705879] initcall workingset_init+0x0/0x8c returned 0 after 10692 usecs
[    8.716650] calling  proc_vmalloc_init+0x0/0x32 @ 1
[    8.723551] initcall proc_vmalloc_init+0x0/0x32 returned 0 after 6 usecs
[    8.732584] calling  procswaps_init+0x0/0x1e @ 1
[    8.738930] initcall procswaps_init+0x0/0x1e returned 0 after 4 usecs
[    8.748125] calling  slab_sysfs_init+0x0/0xec @ 1
[    8.761902] initcall slab_sysfs_init+0x0/0xec returned 0 after 6654 usecs
[    8.771505] calling  fcntl_init+0x0/0x29 @ 1
[    8.778003] initcall fcntl_init+0x0/0x29 returned 0 after 80 usecs
[    8.787164] calling  proc_filesystems_init+0x0/0x21 @ 1
[    8.795199] initcall proc_filesystems_init+0x0/0x21 returned 0 after 7 usecs
[    8.805087] calling  start_dirtytime_writeback+0x0/0x29 @ 1
[    8.813335] initcall start_dirtytime_writeback+0x0/0x29 returned 0 after 2 usecs
[    8.823992] calling  blkdev_init+0x0/0x1b @ 1
[    8.830670] initcall blkdev_init+0x0/0x1b returned 0 after 310 usecs
[    8.840066] calling  dio_init+0x0/0x2c @ 1
[    8.846592] initcall dio_init+0x0/0x2c returned 0 after 84 usecs
[    8.856056] calling  dnotify_init+0x0/0x78 @ 1
[    8.863365] initcall dnotify_init+0x0/0x78 returned 0 after 191 usecs
[    8.871880] calling  aio_setup+0x0/0x78 @ 1
[    8.877598] initcall aio_setup+0x0/0x78 returned 0 after 175 usecs
[    8.886689] calling  io_uring_init+0x0/0x2c @ 1
[    8.893404] initcall io_uring_init+0x0/0x2c returned 0 after 10 usecs
[    8.902364] calling  mbcache_init+0x0/0x30 @ 1
[    8.909569] initcall mbcache_init+0x0/0x30 returned 0 after 421 usecs
[    8.919770] calling  init_grace+0x0/0xc @ 1
[    8.926343] initcall init_grace+0x0/0xc returned 0 after 5 usecs
[    8.937524] calling  init_v2_quota_format+0x0/0x21 @ 1
[    8.947060] initcall init_v2_quota_format+0x0/0x21 returned 0 after 102 usecs
[    8.960148] calling  init_devpts_fs+0x0/0x27 @ 1
[    8.967785] initcall init_devpts_fs+0x0/0x27 returned 0 after 43 usecs
[    8.976881] calling  ext4_init_fs+0x0/0x1c2 @ 1
[    8.984804] initcall ext4_init_fs+0x0/0x1c2 returned 0 after 1370 usecs
[    8.994645] calling  journal_init+0x0/0x11c @ 1
[    9.002101] initcall journal_init+0x0/0x11c returned 0 after 541 usecs
[    9.011911] calling  init_fat_fs+0x0/0x49 @ 1
[    9.018924] initcall init_fat_fs+0x0/0x49 returned 0 after 144 usecs
[    9.028363] calling  init_vfat_fs+0x0/0xc @ 1
[    9.035476] initcall init_vfat_fs+0x0/0xc returned 0 after 22 usecs
[    9.044742] calling  init_msdos_fs+0x0/0xc @ 1
[    9.051375] initcall init_msdos_fs+0x0/0xc returned 0 after 3 usecs
[    9.060617] calling  init_iso9660_fs+0x0/0x6c @ 1
[    9.068795] initcall init_iso9660_fs+0x0/0x6c returned 0 after 177 usecs
[    9.079858] calling  init_nfs_fs+0x0/0x13a @ 1
[    9.092375] initcall init_nfs_fs+0x0/0x13a returned 0 after 4874 usecs
[    9.105220] calling  init_nfs_v2+0x0/0x13 @ 1
[    9.111862] initcall init_nfs_v2+0x0/0x13 returned 0 after 112 usecs
[    9.121808] calling  init_nfs_v3+0x0/0x13 @ 1
[    9.129414] initcall init_nfs_v3+0x0/0x13 returned 0 after 24 usecs
[    9.138828] calling  init_nfs_v4+0x0/0x32 @ 1
[    9.145290] NFS: Registering the id_resolver key type
[    9.153277] Key type id_resolver registered
[    9.159792] Key type id_legacy registered
[    9.165935] initcall init_nfs_v4+0x0/0x32 returned 0 after 20232 usecs
[    9.176489] calling  init_nlm+0x0/0x5b @ 1
[    9.184046] initcall init_nlm+0x0/0x5b returned 0 after 55 usecs
[    9.193869] calling  init_nls_cp437+0x0/0xe @ 1
[    9.201624] initcall init_nls_cp437+0x0/0xe returned 0 after 40 usecs
[    9.211685] calling  init_nls_ascii+0x0/0xe @ 1
[    9.218971] initcall init_nls_ascii+0x0/0xe returned 0 after 1 usecs
[    9.229435] calling  init_nls_iso8859_1+0x0/0xe @ 1
[    9.237112] initcall init_nls_iso8859_1+0x0/0xe returned 0 after 12 usecs
[    9.249119] calling  init_nls_utf8+0x0/0x21 @ 1
[    9.256424] initcall init_nls_utf8+0x0/0x21 returned 0 after 1 usecs
[    9.266152] calling  init_autofs_fs+0x0/0x25 @ 1
[    9.275865] initcall init_autofs_fs+0x0/0x25 returned 0 after 2287 usecs
[    9.287616] calling  ipc_init+0x0/0x24 @ 1
[    9.294007] initcall ipc_init+0x0/0x24 returned 0 after 64 usecs
[    9.303614] calling  ipc_sysctl_init+0x0/0x13 @ 1
[    9.311639] initcall ipc_sysctl_init+0x0/0x13 returned 0 after 12 usecs
[    9.320962] calling  init_mqueue_fs+0x0/0xb1 @ 1
[    9.328846] initcall init_mqueue_fs+0x0/0xb1 returned 0 after 686 usecs
[    9.339406] calling  key_proc_init+0x0/0x63 @ 1
[    9.345907] initcall key_proc_init+0x0/0x63 returned 0 after 7 usecs
[    9.356058] calling  selinux_nf_ip_init+0x0/0x2e @ 1
[    9.364174] initcall selinux_nf_ip_init+0x0/0x2e returned 0 after 48 usecs
[    9.374884] calling  init_sel_fs+0x0/0x116 @ 1
[    9.381934] initcall init_sel_fs+0x0/0x116 returned 0 after 1 usecs
[    9.393167] calling  selnl_init+0x0/0x7c @ 1
[    9.401591] initcall selnl_init+0x0/0x7c returned 0 after 192 usecs
[    9.413251] calling  sel_netif_init+0x0/0x36 @ 1
[    9.421402] initcall sel_netif_init+0x0/0x36 returned 0 after 1 usecs
[    9.430892] calling  sel_netnode_init+0x0/0x33 @ 1
[    9.438606] initcall sel_netnode_init+0x0/0x33 returned 0 after 0 usecs
[    9.448765] calling  sel_netport_init+0x0/0x33 @ 1
[    9.455811] initcall sel_netport_init+0x0/0x33 returned 0 after 0 usecs
[    9.465148] calling  aurule_init+0x0/0x2a @ 1
[    9.471890] initcall aurule_init+0x0/0x2a returned 0 after 3 usecs
[    9.481755] calling  crypto_algapi_init+0x0/0xc @ 1
[    9.490215] initcall crypto_algapi_init+0x0/0xc returned 0 after 8 usecs
[    9.501608] calling  jent_mod_init+0x0/0x2d @ 1
[    9.542928] cryptomgr_test (125) used greatest stack depth: 14800 bytes left
[    9.544637] initcall jent_mod_init+0x0/0x2d returned 0 after 36304 usecs
[    9.562449] calling  asymmetric_key_init+0x0/0xc @ 1
[    9.570146] Key type asymmetric registered
[    9.576671] initcall asymmetric_key_init+0x0/0xc returned 0 after 6369 usecs
[    9.586862] calling  x509_key_init+0x0/0xc @ 1
[    9.593752] Asymmetric key parser 'x509' registered
[    9.601017] initcall x509_key_init+0x0/0xc returned 0 after 7178 usecs
[    9.610327] calling  proc_genhd_init+0x0/0x41 @ 1
[    9.617299] initcall proc_genhd_init+0x0/0x41 returned 0 after 11 usecs
[    9.626942] calling  bsg_init+0x0/0x113 @ 1
[    9.633679] Block layer SCSI generic (bsg) driver version 0.4 loaded (major 251)
[    9.644922] initcall bsg_init+0x0/0x113 returned 0 after 11005 usecs
[    9.655565] calling  deadline_init+0x0/0xc @ 1
[    9.662960] io scheduler mq-deadline registered
[    9.670118] initcall deadline_init+0x0/0xc returned 0 after 6966 usecs
[    9.680167] calling  kyber_init+0x0/0xc @ 1
[    9.686823] io scheduler kyber registered
[    9.692986] initcall kyber_init+0x0/0xc returned 0 after 5992 usecs
[    9.702943] calling  mod_init+0x0/0x7 @ 1
[    9.708964] initcall mod_init+0x0/0x7 returned 0 after 0 usecs
[    9.717768] calling  debug_objects_init_debugfs+0x0/0x3b @ 1
[    9.726697] initcall debug_objects_init_debugfs+0x0/0x3b returned 0 after 26 usecs
[    9.737775] calling  percpu_counter_startup+0x0/0x55 @ 1
[    9.752704] initcall percpu_counter_startup+0x0/0x55 returned 0 after 6728 usecs
[    9.765580] calling  sg_pool_init+0x0/0xb4 @ 1
[    9.774546] initcall sg_pool_init+0x0/0xb4 returned 0 after 2281 usecs
[    9.783695] calling  pcie_portdrv_init+0x0/0x39 @ 1
[    9.791087] initcall pcie_portdrv_init+0x0/0x39 returned 0 after 241 usecs
[    9.801829] calling  pci_proc_init+0x0/0x68 @ 1
[    9.809151] initcall pci_proc_init+0x0/0x68 returned 0 after 23 usecs
[    9.819275] calling  pci_hotplug_init+0x0/0x7 @ 1
[    9.826573] initcall pci_hotplug_init+0x0/0x7 returned 0 after 0 usecs
[    9.836652] calling  efifb_driver_init+0x0/0xe @ 1
[    9.844169] initcall efifb_driver_init+0x0/0xe returned 0 after 44 usecs
[    9.854563] calling  ged_driver_init+0x0/0xe @ 1
[    9.861836] initcall ged_driver_init+0x0/0xe returned 0 after 193 usecs
[    9.871882] calling  acpi_ac_init+0x0/0x92 @ 1
[    9.881832] initcall acpi_ac_init+0x0/0x92 returned 0 after 3311 usecs
[    9.892112] calling  acpi_button_driver_init+0x0/0x52 @ 1
[    9.902689] input: Power Button as /devices/LNXSYSTM:00/LNXPWRBN:00/input/input0
[    9.918598] ACPI: Power Button [PWRF]
[    9.925983] initcall acpi_button_driver_init+0x0/0x52 returned 0 after 24717 usecs
[    9.937507] calling  acpi_fan_driver_init+0x0/0xe @ 1
[    9.945921] initcall acpi_fan_driver_init+0x0/0xe returned 0 after 40 usecs
[    9.958836] calling  acpi_video_init+0x0/0xcb @ 1
[    9.967227] initcall acpi_video_init+0x0/0xcb returned 0 after 255 usecs
[    9.977971] calling  acpi_processor_driver_init+0x0/0xad @ 1
[    9.992075] initcall acpi_processor_driver_init+0x0/0xad returned 0 after 4382 usecs
[   10.005787] calling  acpi_thermal_init+0x0/0x71 @ 1
[   10.020119] initcall acpi_thermal_init+0x0/0x71 returned 0 after 6295 usecs
[   10.030679] calling  acpi_battery_init+0x0/0x32 @ 1
[   10.039258] initcall acpi_battery_init+0x0/0x32 returned 0 after 962 usecs
[   10.049762] calling  bgrt_init+0x0/0xb6 @ 1
[   10.055996] initcall bgrt_init+0x0/0xb6 returned -19 after 0 usecs
[   10.065841] calling  gpio_clk_driver_init+0x0/0xe @ 1
[   10.073598] initcall gpio_clk_driver_init+0x0/0xe returned 0 after 95 usecs
[   10.083475] calling  plt_clk_driver_init+0x0/0xe @ 1
[   10.090235] initcall plt_clk_driver_init+0x0/0xe returned 0 after 32 usecs
[   10.100121] calling  virtio_pci_driver_init+0x0/0x15 @ 1
[   10.108971] initcall virtio_pci_driver_init+0x0/0x15 returned 0 after 852 usecs
[   10.118636] calling  n_null_init+0x0/0x1e @ 1
[   10.124675] initcall n_null_init+0x0/0x1e returned 0 after 148 usecs
[   10.134362] calling  pty_init+0x0/0x1e8 @ 1
[   10.146047] initcall pty_init+0x0/0x1e8 returned 0 after 4592 usecs
[   10.156176] calling  sysrq_init+0x0/0x62 @ 1
[   10.163407] initcall sysrq_init+0x0/0x62 returned 0 after 10 usecs
[   10.173672] calling  serial8250_init+0x0/0x17e @ 1
[   10.182095] Serial: 8250/16550 driver, 4 ports, IRQ sharing enabled
[   10.197275] 00:03: ttyS0 at I/O 0x3f8 (irq = 4, base_baud = 115200) is a 16550A
[   10.330533] initcall serial8250_init+0x0/0x17e returned 0 after 144446 usecs
[   10.345035] calling  serial_pci_driver_init+0x0/0x15 @ 1
[   10.359972] initcall serial_pci_driver_init+0x0/0x15 returned 0 after 4766 usecs
[   10.371889] calling  exar_pci_driver_init+0x0/0x15 @ 1
[   10.380217] initcall exar_pci_driver_init+0x0/0x15 returned 0 after 177 usecs
[   10.391243] calling  lpss8250_pci_driver_init+0x0/0x15 @ 1
[   10.401176] initcall lpss8250_pci_driver_init+0x0/0x15 returned 0 after 34 usecs
[   10.413141] calling  mid8250_pci_driver_init+0x0/0x15 @ 1
[   10.422619] initcall mid8250_pci_driver_init+0x0/0x15 returned 0 after 37 usecs
[   10.435656] calling  virtio_console_init+0x0/0xff @ 1
[   10.450677] initcall virtio_console_init+0x0/0xff returned 0 after 5725 usecs
[   10.463490] calling  hpet_init+0x0/0x64 @ 1
[   10.493861] initcall hpet_init+0x0/0x64 returned 0 after 22405 usecs
[   10.503702] calling  nvram_module_init+0x0/0x83 @ 1
[   10.515169] Non-volatile memory driver v1.3
[   10.522883] initcall nvram_module_init+0x0/0x83 returned 0 after 10239 usecs
[   10.537688] calling  hwrng_modinit+0x0/0x8a @ 1
[   10.548227] initcall hwrng_modinit+0x0/0x8a returned 0 after 2817 usecs
[   10.558205] calling  mod_init+0x0/0x48 @ 1
[   10.564588] initcall mod_init+0x0/0x48 returned -19 after 0 usecs
[   10.573758] calling  agp_init+0x0/0x23 @ 1
[   10.579956] Linux agpgart interface v0.103
[   10.586186] initcall agp_init+0x0/0x23 returned 0 after 6156 usecs
[   10.595644] calling  agp_amd64_mod_init+0x0/0x5 @ 1
[   10.608968] initcall agp_amd64_mod_init+0x0/0x5 returned -19 after 5544 usecs
[   10.620446] calling  agp_intel_init+0x0/0x28 @ 1
[   10.631155] initcall agp_intel_init+0x0/0x28 returned 0 after 3206 usecs
[   10.642725] calling  drm_kms_helper_init+0x0/0x7 @ 1
[   10.652040] initcall drm_kms_helper_init+0x0/0x7 returned 0 after 0 usecs
[   10.664137] calling  drm_core_init+0x0/0xbd @ 1
[   10.673781] initcall drm_core_init+0x0/0xbd returned 0 after 1154 usecs
[   10.686113] calling  i915_init+0x0/0x6b @ 1
[   10.702713] initcall i915_init+0x0/0x6b returned 0 after 9239 usecs
[   10.714132] calling  cn_proc_init+0x0/0x35 @ 1
[   10.722589] initcall cn_proc_init+0x0/0x35 returned 0 after 31 usecs
[   10.734620] calling  topology_sysfs_init+0x0/0x27 @ 1
[   10.744743] initcall topology_sysfs_init+0x0/0x27 returned 0 after 822 usecs
[   10.758051] calling  cacheinfo_sysfs_init+0x0/0x27 @ 1
[   10.799759] initcall cacheinfo_sysfs_init+0x0/0x27 returned 0 after 31276 usecs
[   10.809972] calling  loop_init+0x0/0x16a @ 1
[   11.041935] loop: module loaded
[   11.047563] initcall loop_init+0x0/0x16a returned 0 after 225668 usecs
[   11.058875] calling  mac_hid_init+0x0/0x21 @ 1
[   11.066304] initcall mac_hid_init+0x0/0x21 returned 0 after 95 usecs
[   11.076924] calling  spi_transport_init+0x0/0x74 @ 1
[   11.086129] initcall spi_transport_init+0x0/0x74 returned 0 after 440 usecs
[   11.097733] calling  init_sd+0x0/0x18c @ 1
[   11.105266] initcall init_sd+0x0/0x18c returned 0 after 630 usecs
[   11.115518] calling  init_sr+0x0/0x43 @ 1
[   11.122509] initcall init_sr+0x0/0x43 returned 0 after 231 usecs
[   11.132575] calling  init_sg+0x0/0x1c0 @ 1
[   11.139608] initcall init_sg+0x0/0x1c0 returned 0 after 203 usecs
[   11.149585] calling  ahci_pci_driver_init+0x0/0x15 @ 1
[   11.160134] ahci 0000:00:1f.2: version 3.0
[   11.173235] PCI Interrupt Link [GSIA] enabled at IRQ 16
[   11.213998] ahci 0000:00:1f.2: AHCI 0001.0000 32 slots 6 ports 1.5 Gbps 0x3f impl SATA mode
[   11.228255] ahci 0000:00:1f.2: flags: 64bit ncq only 
[   11.280125] scsi host0: ahci
[   11.293532] scsi host1: ahci
[   11.304556] scsi host2: ahci
[   11.318169] scsi host3: ahci
[   11.332191] scsi host4: ahci
[   11.345554] scsi host5: ahci
[   11.350496] ata1: SATA max UDMA/133 abar m4096@0xfebf1000 port 0xfebf1100 irq 24
[   11.373395] ata2: SATA max UDMA/133 abar m4096@0xfebf1000 port 0xfebf1180 irq 24
[   11.390092] ata3: SATA max UDMA/133 abar m4096@0xfebf1000 port 0xfebf1200 irq 24
[   11.402203] ata4: SATA max UDMA/133 abar m4096@0xfebf1000 port 0xfebf1280 irq 24
[   11.413888] ata5: SATA max UDMA/133 abar m4096@0xfebf1000 port 0xfebf1300 irq 24
[   11.424965] ata6: SATA max UDMA/133 abar m4096@0xfebf1000 port 0xfebf1380 irq 24
[   11.448224] initcall ahci_pci_driver_init+0x0/0x15 returned 0 after 282039 usecs
[   11.462090] calling  piix_init+0x0/0x26 @ 1
[   11.471832] initcall piix_init+0x0/0x26 returned 0 after 1569 usecs
[   11.480306] calling  amd_pci_driver_init+0x0/0x15 @ 1
[   11.488655] initcall amd_pci_driver_init+0x0/0x15 returned 0 after 319 usecs
[   11.499144] calling  oldpiix_pci_driver_init+0x0/0x15 @ 1
[   11.507705] initcall oldpiix_pci_driver_init+0x0/0x15 returned 0 after 93 usecs
[   11.518542] calling  sch_pci_driver_init+0x0/0x15 @ 1
[   11.527967] initcall sch_pci_driver_init+0x0/0x15 returned 0 after 44 usecs
[   11.538762] calling  net_olddevs_init+0x0/0x55 @ 1
[   11.546796] initcall net_olddevs_init+0x0/0x55 returned 0 after 384 usecs
[   11.557631] calling  blackhole_netdev_init+0x0/0x78 @ 1
[   11.566981] initcall blackhole_netdev_init+0x0/0x78 returned 0 after 851 usecs
[   11.578800] calling  phy_module_init+0x0/0x13 @ 1
[   11.588076] initcall phy_module_init+0x0/0x13 returned 0 after 1482 usecs
[   11.599476] calling  tg3_driver_init+0x0/0x15 @ 1
[   11.607630] initcall tg3_driver_init+0x0/0x15 returned 0 after 540 usecs
[   11.618713] calling  e100_init_module+0x0/0x4c @ 1
[   11.627159] e100: Intel(R) PRO/100 Network Driver
[   11.634772] e100: Copyright(c) 1999-2006 Intel Corporation
[   11.643584] initcall e100_init_module+0x0/0x4c returned 0 after 16035 usecs
[   11.654430] calling  e1000_init_module+0x0/0x72 @ 1
[   11.661936] e1000: Intel(R) PRO/1000 Network Driver
[   11.669999] e1000: Copyright (c) 1999-2006 Intel Corporation.
[   11.678855] initcall e1000_init_module+0x0/0x72 returned 0 after 16559 usecs
[   11.689540] calling  e1000_init_module+0x0/0x2d @ 1
[   11.698647] e1000e: Intel(R) PRO/1000 Network Driver
[   11.705808] e1000e: Copyright(c) 1999 - 2015 Intel Corporation.
[   11.714653] initcall e1000_init_module+0x0/0x2d returned 0 after 15651 usecs
[   11.725102] calling  sky2_init_module+0x0/0x21 @ 1
[   11.733065] sky2: driver version 1.30
[   11.739159] initcall sky2_init_module+0x0/0x21 returned 0 after 5947 usecs
[   11.750109] calling  forcedeth_pci_driver_init+0x0/0x15 @ 1
[   11.758071] ata2: SATA link down (SStatus 0 SControl 300)
[   11.760645] initcall forcedeth_pci_driver_init+0x0/0x15 returned 0 after 68 usecs
[   11.760650] calling  rtl8139_init_module+0x0/0x15 @ 1
[   11.760704] initcall rtl8139_init_module+0x0/0x15 returned 0 after 50 usecs
[   11.760706] calling  rtl8169_pci_driver_init+0x0/0x15 @ 1
[   11.760839] initcall rtl8169_pci_driver_init+0x0/0x15 returned 0 after 126 usecs
[   11.760841] calling  cdrom_init+0x0/0xc @ 1
[   11.761435] initcall cdrom_init+0x0/0xc returned 0 after 575 usecs
[   11.771601] ata3: SATA link up 1.5 Gbps (SStatus 113 SControl 300)
[   11.781522] calling  nonstatic_sysfs_init+0x0/0xc @ 1
[   11.791075] ata5: SATA link down (SStatus 0 SControl 300)
[   11.802494] initcall nonstatic_sysfs_init+0x0/0xc returned 0 after 28 usecs
[   11.811539] ata4: SATA link down (SStatus 0 SControl 300)
[   11.819510] calling  yenta_cardbus_driver_init+0x0/0x15 @ 1
[   11.826318] ata3.00: ATAPI: QEMU DVD-ROM, 2.5+, max UDMA/100
[   11.835101] initcall yenta_cardbus_driver_init+0x0/0x15 returned 0 after 111 usecs
[   11.844626] ata3.00: applying bridge limits
[   11.851863] calling  mon_init+0x0/0x144 @ 1
[   11.863529] initcall mon_init+0x0/0x144 returned 0 after 11385 usecs
[   11.872814] ata6: SATA link down (SStatus 0 SControl 300)
[   11.877889] calling  ehci_hcd_init+0x0/0x56 @ 1
[   11.899820] ata1: SATA link down (SStatus 0 SControl 300)
[   11.909823] ehci_hcd: USB 2.0 'Enhanced' Host Controller (EHCI) Driver
[   11.925058] ata3.00: configured for UDMA/100
[   11.928746] initcall ehci_hcd_init+0x0/0x56 returned 0 after 18556 usecs
[   11.928750] calling  ehci_pci_init+0x0/0x64 @ 1
[   11.928752] ehci-pci: EHCI PCI platform driver
[   11.928909] initcall ehci_pci_init+0x0/0x64 returned 0 after 145 usecs
[   11.928912] calling  ohci_hcd_mod_init+0x0/0x4e @ 1
[   11.928950] ohci_hcd: USB 1.1 'Open' Host Controller (OHCI) Driver
[   11.928968] initcall ohci_hcd_mod_init+0x0/0x4e returned 0 after 51 usecs
[   11.928969] calling  ohci_pci_init+0x0/0x64 @ 1
[   11.928988] ohci-pci: OHCI PCI platform driver
[   11.929144] initcall ohci_pci_init+0x0/0x64 returned 0 after 151 usecs
[   11.951529] scsi 2:0:0:0: CD-ROM            QEMU     QEMU DVD-ROM     2.5+ PQ: 0 ANSI: 5
[   11.957311] calling  uhci_hcd_init+0x0/0xa8 @ 1
[   11.957410] uhci_hcd: USB Universal Host Controller Interface driver
[   11.958195] initcall uhci_hcd_init+0x0/0xa8 returned 0 after 764 usecs
[   12.104822] calling  xhci_hcd_init+0x0/0x1e @ 1
[   12.112188] initcall xhci_hcd_init+0x0/0x1e returned 0 after 42 usecs
[   12.121528] calling  xhci_pci_init+0x0/0x49 @ 1
[   12.128463] initcall xhci_pci_init+0x0/0x49 returned 0 after 87 usecs
[   12.138010] calling  usblp_driver_init+0x0/0x15 @ 1
[   12.145790] usbcore: registered new interface driver usblp
[   12.153612] initcall usblp_driver_init+0x0/0x15 returned 0 after 7861 usecs
[   12.163324] calling  usb_storage_driver_init+0x0/0x2a @ 1
[   12.171134] usbcore: registered new interface driver usb-storage
[   12.179330] initcall usb_storage_driver_init+0x0/0x2a returned 0 after 8159 usecs
[   12.189868] calling  i8042_init+0x0/0x4c2 @ 1
[   12.197064] i8042: PNP: PS/2 Controller [PNP0303:KBD,PNP0f13:MOU] at 0x60,0x64 irq 1,12
[   12.231573] serio: i8042 KBD port at 0x60,0x64 irq 1
[   12.240753] serio: i8042 AUX port at 0x60,0x64 irq 12
[   12.243423] sr 2:0:0:0: [sr0] scsi3-mmc drive: 4x/4x cd/rw xa/form2 tray
[   12.265237] initcall i8042_init+0x0/0x4c2 returned 0 after 67667 usecs
[   12.265241] calling  serport_init+0x0/0x2c @ 1
[   12.265936] initcall serport_init+0x0/0x2c returned 0 after 668 usecs
[   12.265939] calling  input_leds_init+0x0/0xc @ 1
[   12.266617] initcall input_leds_init+0x0/0xc returned 0 after 659 usecs
[   12.266620] calling  evdev_init+0x0/0xc @ 1
[   12.279268] initcall evdev_init+0x0/0xc returned 0 after 12344 usecs
[   12.292434] cdrom: Uniform CD-ROM driver Revision: 3.20
[   12.297561] calling  atkbd_init+0x0/0x21 @ 1
[   12.427428] initcall atkbd_init+0x0/0x21 returned 0 after 14086 usecs
[   12.437694] calling  psmouse_init+0x0/0x7f @ 1
[   12.446750] initcall psmouse_init+0x0/0x7f returned 0 after 2222 usecs
[   12.447627] sr 2:0:0:0: Attached scsi CD-ROM sr0
[   12.457130] input: AT Translated Set 2 keyboard as /devices/platform/i8042/serio0/input/input1
[   12.467162] sr 2:0:0:0: Attached scsi generic sg0 type 5
[   12.478775] calling  cmos_init+0x0/0x73 @ 1
[   12.485951] rtc_cmos 00:04: RTC can wake from S4
[   12.549373] rtc_cmos 00:04: registered as rtc0
[   12.555950] rtc_cmos 00:04: alarms up to one day, y3k, 242 bytes nvram, hpet irqs
[   12.566847] initcall cmos_init+0x0/0x73 returned 0 after 86000 usecs
[   12.576102] calling  smbalert_driver_init+0x0/0xe @ 1
[   12.583881] initcall smbalert_driver_init+0x0/0xe returned 0 after 332 usecs
[   12.594438] calling  i2c_i801_init+0x0/0xc5 @ 1
[   12.620150] i801_smbus 0000:00:1f.3: SMBus using PCI interrupt
[   12.634865] i2c i2c-0: 1/1 memory slots populated (from DMI)
[   12.644839] i2c i2c-0: Memory type 0x07 not supported yet, not instantiating SPD
[   12.665029] initcall i2c_i801_init+0x0/0xc5 returned 0 after 61672 usecs
[   12.676538] calling  ptp_kvm_init+0x0/0xf0 @ 1
[   12.684805] initcall ptp_kvm_init+0x0/0xf0 returned 0 after 1508 usecs
[   12.694749] calling  dm_init+0x0/0x3c @ 1
[   12.711285] device-mapper: ioctl: 4.43.0-ioctl (2020-10-01) initialised: dm-devel@redhat.com
[   12.723588] initcall dm_init+0x0/0x3c returned 0 after 21828 usecs
[   12.732774] calling  dm_mirror_init+0x0/0x29 @ 1
[   12.739202] initcall dm_mirror_init+0x0/0x29 returned 0 after 2 usecs
[   12.752146] calling  dm_dirty_log_init+0x0/0x4f @ 1
[   12.759131] initcall dm_dirty_log_init+0x0/0x4f returned 0 after 62 usecs
[   12.769531] calling  dm_zero_init+0x0/0x29 @ 1
[   12.775626] initcall dm_zero_init+0x0/0x29 returned 0 after 19 usecs
[   12.793078] calling  intel_pstate_init+0x0/0x50f @ 1
[   12.801141] intel_pstate: CPU model not supported
[   12.809807] initcall intel_pstate_init+0x0/0x50f returned -19 after 8520 usecs
[   12.819761] calling  haltpoll_init+0x0/0xc0 @ 1
[   12.826063] initcall haltpoll_init+0x0/0xc0 returned -19 after 40 usecs
[   12.835662] calling  efivars_sysfs_init+0x0/0x30 @ 1
[   12.842920] initcall efivars_sysfs_init+0x0/0x30 returned 0 after 21 usecs
[   12.852191] calling  esrt_sysfs_init+0x0/0x2a2 @ 1
[   12.858970] initcall esrt_sysfs_init+0x0/0x2a2 returned -38 after 0 usecs
[   12.868241] calling  hid_init+0x0/0x5c @ 1
[   12.873978] hid: raw HID events driver (C) Jiri Kosina
[   12.881215] initcall hid_init+0x0/0x5c returned 0 after 7159 usecs
[   12.889517] calling  hid_generic_init+0x0/0x15 @ 1
[   12.896064] initcall hid_generic_init+0x0/0x15 returned 0 after 52 usecs
[   12.905789] calling  a4_driver_init+0x0/0x15 @ 1
[   12.923848] initcall a4_driver_init+0x0/0x15 returned 0 after 470 usecs
[   12.944190] calling  apple_driver_init+0x0/0x15 @ 1
[   12.963084] initcall apple_driver_init+0x0/0x15 returned 0 after 289 usecs
[   12.977816] calling  belkin_driver_init+0x0/0x15 @ 1
[   12.988722] initcall belkin_driver_init+0x0/0x15 returned 0 after 279 usecs
[   13.000403] calling  ch_driver_init+0x0/0x15 @ 1
[   13.015581] initcall ch_driver_init+0x0/0x15 returned 0 after 325 usecs
[   13.038024] calling  ch_driver_init+0x0/0x15 @ 1
[   13.057675] initcall ch_driver_init+0x0/0x15 returned 0 after 258 usecs
[   13.067406] calling  cp_driver_init+0x0/0x15 @ 1
[   13.073906] initcall cp_driver_init+0x0/0x15 returned 0 after 66 usecs
[   13.094737] calling  ez_driver_init+0x0/0x15 @ 1
[   13.104075] initcall ez_driver_init+0x0/0x15 returned 0 after 247 usecs
[   13.129190] calling  gyration_driver_init+0x0/0x15 @ 1
[   13.136303] initcall gyration_driver_init+0x0/0x15 returned 0 after 35 usecs
[   13.162146] calling  ite_driver_init+0x0/0x15 @ 1
[   13.169196] initcall ite_driver_init+0x0/0x15 returned 0 after 33 usecs
[   13.194658] calling  ks_driver_init+0x0/0x15 @ 1
[   13.201551] initcall ks_driver_init+0x0/0x15 returned 0 after 37 usecs
[   13.227624] calling  lg_driver_init+0x0/0x15 @ 1
[   13.234623] initcall lg_driver_init+0x0/0x15 returned 0 after 72 usecs
[   13.244494] calling  lg_g15_driver_init+0x0/0x15 @ 1
[   13.251980] initcall lg_g15_driver_init+0x0/0x15 returned 0 after 53 usecs
[   13.261598] calling  ms_driver_init+0x0/0x15 @ 1
[   13.268396] initcall ms_driver_init+0x0/0x15 returned 0 after 34 usecs
[   13.275502] rcu-torture: rcu_torture_read_exit: End of episode
[   13.278419] calling  mr_driver_init+0x0/0x15 @ 1
[   13.278454] initcall mr_driver_init+0x0/0x15 returned 0 after 30 usecs
[   13.278457] calling  ntrig_driver_init+0x0/0x15 @ 1
[   13.278528] initcall ntrig_driver_init+0x0/0x15 returned 0 after 65 usecs
[   13.319598] calling  pl_driver_init+0x0/0x15 @ 1
[   13.326664] initcall pl_driver_init+0x0/0x15 returned 0 after 39 usecs
[   13.336187] calling  pl_driver_init+0x0/0x15 @ 1
[   13.347926] initcall pl_driver_init+0x0/0x15 returned 0 after 289 usecs
[   13.368068] calling  redragon_driver_init+0x0/0x15 @ 1
[   13.375789] initcall redragon_driver_init+0x0/0x15 returned 0 after 264 usecs
[   13.386443] calling  samsung_driver_init+0x0/0x15 @ 1
[   13.395404] initcall samsung_driver_init+0x0/0x15 returned 0 after 368 usecs
[   13.405457] calling  sony_init+0x0/0x38 @ 1
[   13.411849] initcall sony_init+0x0/0x38 returned 0 after 303 usecs
[   13.421204] calling  sp_driver_init+0x0/0x15 @ 1
[   13.429493] initcall sp_driver_init+0x0/0x15 returned 0 after 469 usecs
[   13.442459] calling  ts_driver_init+0x0/0x15 @ 1
[   13.449378] initcall ts_driver_init+0x0/0x15 returned 0 after 320 usecs
[   13.458927] calling  hid_init+0x0/0x58 @ 1
[   13.466376] usbcore: registered new interface driver usbhid
[   13.474989] usbhid: USB HID core driver
[   13.480172] initcall hid_init+0x0/0x58 returned 0 after 13906 usecs
[   13.488704] calling  eeepc_laptop_init+0x0/0x57 @ 1
[   13.496083] initcall eeepc_laptop_init+0x0/0x57 returned -19 after 419 usecs
[   13.505584] calling  pmc_atom_init+0x0/0x27a @ 1
[   13.512074] initcall pmc_atom_init+0x0/0x27a returned -19 after 9 usecs
[   13.534588] calling  alsa_hwdep_init+0x0/0x5e @ 1
[   13.541410] initcall alsa_hwdep_init+0x0/0x5e returned 0 after 200 usecs
[   13.550558] calling  alsa_timer_init+0x0/0x1f9 @ 1
[   13.555861] hrtimer: interrupt took 3653027 ns
[   13.574694] initcall alsa_timer_init+0x0/0x1f9 returned 0 after 12241 usecs
[   13.584579] calling  snd_hrtimer_init+0x0/0x117 @ 1
[   13.591530] initcall snd_hrtimer_init+0x0/0x117 returned 0 after 4 usecs
[   13.600874] calling  alsa_pcm_init+0x0/0x64 @ 1
[   13.607345] initcall alsa_pcm_init+0x0/0x64 returned 0 after 11 usecs
[   13.616162] calling  alsa_seq_init+0x0/0x4a @ 1
[   13.642072] initcall alsa_seq_init+0x0/0x4a returned 0 after 19023 usecs
[   13.651381] calling  alsa_seq_dummy_init+0x0/0x9c @ 1
[   13.662793] initcall alsa_seq_dummy_init+0x0/0x9c returned 0 after 72 usecs
[   13.672259] calling  azx_driver_init+0x0/0x15 @ 1
[   13.687663] initcall azx_driver_init+0x0/0x15 returned 0 after 138 usecs
[   13.698132] calling  sock_diag_init+0x0/0x2a @ 1
[   13.708007] initcall sock_diag_init+0x0/0x2a returned 0 after 378 usecs
[   13.717710] calling  blackhole_init+0x0/0xc @ 1
[   13.724644] initcall blackhole_init+0x0/0xc returned 0 after 42 usecs
[   13.737651] calling  nfnetlink_init+0x0/0x61 @ 1
[   13.744888] initcall nfnetlink_init+0x0/0x61 returned 0 after 107 usecs
[   13.754709] calling  nfnetlink_log_init+0x0/0x99 @ 1
[   13.762617] initcall nfnetlink_log_init+0x0/0x99 returned 0 after 117 usecs
[   13.772416] calling  nf_conntrack_standalone_init+0x0/0x87 @ 1
[   13.796476] initcall nf_conntrack_standalone_init+0x0/0x87 returned 0 after 2715 usecs
[   13.807740] calling  ctnetlink_init+0x0/0x83 @ 1
