c[?7l[2J[0mSeaBIOS (version 1.16.0-debian-1.16.0-4)
Booting from ROM...
early console in setup code
c[?7l[2J[    0.000000] Linux version 5.10.151+ (root@joelboxx.c.googlers.com) (gcc (Debian 12.2.0-3) 12.2.0, GNU ld (GNU Binutils for Debian) 2.39) #8 SMP Tue Dec 13 09:12:35 UTC 2022
[    0.000000] Command line: selinux=0 initcall_debug debug console=ttyS0 rcutorture.torture_type=srcu rcutorture.onoff_interval=1000 rcutorture.onoff_holdoff=30 rcutorture.n_barrier_cbs=4 rcutorture.stat_interval=15 rcutorture.shutdown_secs=1800 rcutorture.test_no_idle_hz=1 rcutorture.verbose=1
[    0.000000] x86/fpu: x87 FPU will use FXSAVE
[    0.000000] BIOS-provided physical RAM map:
[    0.000000] BIOS-e820: [mem 0x0000000000000000-0x000000000009fbff] usable
[    0.000000] BIOS-e820: [mem 0x000000000009fc00-0x000000000009ffff] reserved
[    0.000000] BIOS-e820: [mem 0x00000000000f0000-0x00000000000fffff] reserved
[    0.000000] BIOS-e820: [mem 0x0000000000100000-0x000000001ffdefff] usable
[    0.000000] BIOS-e820: [mem 0x000000001ffdf000-0x000000001fffffff] reserved
[    0.000000] BIOS-e820: [mem 0x00000000b0000000-0x00000000bfffffff] reserved
[    0.000000] BIOS-e820: [mem 0x00000000fed1c000-0x00000000fed1ffff] reserved
[    0.000000] BIOS-e820: [mem 0x00000000feffc000-0x00000000feffffff] reserved
[    0.000000] BIOS-e820: [mem 0x00000000fffc0000-0x00000000ffffffff] reserved
[    0.000000] NX (Execute Disable) protection: active
[    0.000000] SMBIOS 2.8 present.
[    0.000000] DMI: QEMU Standard PC (Q35 + ICH9, 2009), BIOS 1.16.0-debian-1.16.0-4 04/01/2014
[    0.000000] Hypervisor detected: KVM
[    0.000000] kvm-clock: Using msrs 4b564d01 and 4b564d00
[    0.000000] kvm-clock: cpu 0, msr 1669e001, primary cpu clock
[    0.000001] kvm-clock: using sched offset of 2163272610 cycles
[    0.000412] clocksource: kvm-clock: mask: 0xffffffffffffffff max_cycles: 0x1cd42e4dffb, max_idle_ns: 881590591483 ns
[    0.000744] tsc: Detected 1999.999 MHz processor
[    0.011134] e820: update [mem 0x00000000-0x00000fff] usable ==> reserved
[    0.011139] e820: remove [mem 0x000a0000-0x000fffff] usable
[    0.011147] last_pfn = 0x1ffdf max_arch_pfn = 0x400000000
[    0.012044] MTRR default type: write-back
[    0.012162] MTRR fixed ranges enabled:
[    0.012164]   00000-9FFFF write-back
[    0.012165]   A0000-BFFFF uncachable
[    0.012166]   C0000-FFFFF write-protect
[    0.012168] MTRR variable ranges enabled:
[    0.012169]   0 base 00C0000000 mask FFC0000000 uncachable
[    0.012170]   1 disabled
[    0.012171]   2 disabled
[    0.012172]   3 disabled
[    0.012173]   4 disabled
[    0.012173]   5 disabled
[    0.012174]   6 disabled
[    0.012175]   7 disabled
[    0.012804] x86/PAT: Configuration [0-7]: WB  WC  UC- UC  WB  WC  UC- UC  
[    0.022232] found SMP MP-table at [mem 0x000f5ba0-0x000f5baf]
[    0.025627] check: Scanning 1 areas for low memory corruption
[    0.039953] ACPI: Early table checksum verification disabled
[    0.042918] ACPI: RSDP 0x00000000000F59E0 000014 (v00 BOCHS )
[    0.043374] ACPI: RSDT 0x000000001FFE23B1 000038 (v01 BOCHS  BXPC     00000001 BXPC 00000001)
[    0.043736] ACPI: FACP 0x000000001FFE2191 0000F4 (v03 BOCHS  BXPC     00000001 BXPC 00000001)
[    0.043929] ACPI: DSDT 0x000000001FFE0040 002151 (v01 BOCHS  BXPC     00000001 BXPC 00000001)
[    0.043934] ACPI: FACS 0x000000001FFE0000 000040
[    0.043938] ACPI: APIC 0x000000001FFE2285 000090 (v01 BOCHS  BXPC     00000001 BXPC 00000001)
[    0.043942] ACPI: HPET 0x000000001FFE2315 000038 (v01 BOCHS  BXPC     00000001 BXPC 00000001)
[    0.043946] ACPI: MCFG 0x000000001FFE234D 00003C (v01 BOCHS  BXPC     00000001 BXPC 00000001)
[    0.043950] ACPI: WAET 0x000000001FFE2389 000028 (v01 BOCHS  BXPC     00000001 BXPC 00000001)
[    0.043955] ACPI: Reserving FACP table memory at [mem 0x1ffe2191-0x1ffe2284]
[    0.043957] ACPI: Reserving DSDT table memory at [mem 0x1ffe0040-0x1ffe2190]
[    0.043958] ACPI: Reserving FACS table memory at [mem 0x1ffe0000-0x1ffe003f]
[    0.043959] ACPI: Reserving APIC table memory at [mem 0x1ffe2285-0x1ffe2314]
[    0.043960] ACPI: Reserving HPET table memory at [mem 0x1ffe2315-0x1ffe234c]
[    0.043961] ACPI: Reserving MCFG table memory at [mem 0x1ffe234d-0x1ffe2388]
[    0.043962] ACPI: Reserving WAET table memory at [mem 0x1ffe2389-0x1ffe23b0]
[    0.045448] ACPI: Local APIC address 0xfee00000
[    0.052716] No NUMA configuration found
[    0.052819] Faking a node at [mem 0x0000000000000000-0x000000001ffdefff]
[    0.053193] NODE_DATA(0) allocated [mem 0x1ffdb000-0x1ffdefff]
[    0.056512] Zone ranges:
[    0.056766]   DMA      [mem 0x0000000000001000-0x0000000000ffffff]
[    0.056854]   DMA32    [mem 0x0000000001000000-0x000000001ffdefff]
[    0.056856]   Normal   empty
[    0.056858] Movable zone start for each node
[    0.056859] Early memory node ranges
[    0.056945]   node   0: [mem 0x0000000000001000-0x000000000009efff]
[    0.057095]   node   0: [mem 0x0000000000100000-0x000000001ffdefff]
[    0.057242] Initmem setup node 0 [mem 0x0000000000001000-0x000000001ffdefff]
[    0.057245] On node 0 totalpages: 130941
[    0.057430]   DMA zone: 64 pages used for memmap
[    0.057431]   DMA zone: 21 pages reserved
[    0.057432]   DMA zone: 3998 pages, LIFO batch:0
[    0.057434]   DMA32 zone: 1984 pages used for memmap
[    0.057435]   DMA32 zone: 126943 pages, LIFO batch:31
[    0.059915] On node 0, zone DMA: 1 pages in unavailable ranges
[    0.065179] On node 0, zone DMA: 97 pages in unavailable ranges
[    0.234936] On node 0, zone DMA32: 33 pages in unavailable ranges
[    0.238702] ACPI: PM-Timer IO Port: 0x608
[    0.238707] ACPI: Local APIC address 0xfee00000
[    0.239169] ACPI: LAPIC_NMI (acpi_id[0xff] dfl dfl lint[0x1])
[    0.240889] IOAPIC[0]: apic_id 0, version 17, address 0xfec00000, GSI 0-23
[    0.240894] ACPI: INT_SRC_OVR (bus 0 bus_irq 0 global_irq 2 dfl dfl)
[    0.241057] ACPI: INT_SRC_OVR (bus 0 bus_irq 5 global_irq 5 high level)
[    0.241059] ACPI: INT_SRC_OVR (bus 0 bus_irq 9 global_irq 9 high level)
[    0.241219] ACPI: INT_SRC_OVR (bus 0 bus_irq 10 global_irq 10 high level)
[    0.241295] ACPI: INT_SRC_OVR (bus 0 bus_irq 11 global_irq 11 high level)
[    0.241297] ACPI: IRQ0 used by override.
[    0.241298] ACPI: IRQ5 used by override.
[    0.241300] ACPI: IRQ9 used by override.
[    0.241301] ACPI: IRQ10 used by override.
[    0.241301] ACPI: IRQ11 used by override.
[    0.241372] Using ACPI (MADT) for SMP configuration information
[    0.241375] ACPI: HPET id: 0x8086a201 base: 0xfed00000
[    0.242113] smpboot: Allowing 4 CPUs, 0 hotplug CPUs
[    0.244045] PM: hibernation: Registered nosave memory: [mem 0x00000000-0x00000fff]
[    0.244048] PM: hibernation: Registered nosave memory: [mem 0x0009f000-0x0009ffff]
[    0.244049] PM: hibernation: Registered nosave memory: [mem 0x000a0000-0x000effff]
[    0.244050] PM: hibernation: Registered nosave memory: [mem 0x000f0000-0x000fffff]
[    0.244129] [mem 0x20000000-0xafffffff] available for PCI devices
[    0.244286] Booting paravirtualized kernel on KVM
[    0.245123] clocksource: refined-jiffies: mask: 0xffffffff max_cycles: 0xffffffff, max_idle_ns: 1910969940391419 ns
[    0.288052] setup_percpu: NR_CPUS:4 nr_cpumask_bits:4 nr_cpu_ids:4 nr_node_ids:1
[    0.294229] percpu: Embedded 56 pages/cpu s191128 r8192 d30056 u524288
[    0.294403] pcpu-alloc: s191128 r8192 d30056 u524288 alloc=1*2097152
[    0.294477] pcpu-alloc: [0] 0 1 2 3 
[    0.294937] kvm-guest: stealtime: cpu 0, msr 1f41b600
[    0.295287] Built 1 zonelists, mobility grouping on.  Total pages: 128872
[    0.295289] Policy zone: DMA32
[    0.295407] Kernel command line: selinux=0 initcall_debug debug console=ttyS0 rcutorture.torture_type=srcu rcutorture.onoff_interval=1000 rcutorture.onoff_holdoff=30 rcutorture.n_barrier_cbs=4 rcutorture.stat_interval=15 rcutorture.shutdown_secs=1800 rcutorture.test_no_idle_hz=1 rcutorture.verbose=1
[    0.313982] Dentry cache hash table entries: 65536 (order: 7, 524288 bytes, linear)
[    0.318445] Inode-cache hash table entries: 32768 (order: 6, 262144 bytes, linear)
[    0.319602] mem auto-init: stack:all(zero), heap alloc:off, heap free:off
[    0.332763] Memory: 480680K/523764K available (14349K kernel code, 2529K rwdata, 4684K rodata, 1500K init, 1520K bss, 42824K reserved, 0K cma-reserved)
[    0.333924] SLUB: HWalign=64, Order=0-3, MinObjects=0, CPUs=4, Nodes=1
[    0.334478] Kernel/User page tables isolation: enabled
[    0.354021] rcu: Hierarchical RCU implementation.
[    0.354085] 	Trampoline variant of Tasks RCU enabled.
[    0.354086] 	Rude variant of Tasks RCU enabled.
[    0.354087] 	Tracing variant of Tasks RCU enabled.
[    0.354244] rcu: RCU calculated value of scheduler-enlistment delay is 100 jiffies.
[    0.381191] NR_IRQS: 4352, nr_irqs: 456, preallocated irqs: 16
[    0.385693] calling  con_init+0x0/0x22a @ 0
[    0.578605] Console: colour VGA+ 80x25
[    0.578620] initcall con_init+0x0/0x22a returned 0 after 0 usecs
[    0.578623] calling  hvc_console_init+0x0/0x13 @ 0
[    0.578706] initcall hvc_console_init+0x0/0x13 returned 0 after 0 usecs
[    0.578708] calling  univ8250_console_init+0x0/0x26 @ 0
[    1.482983] printk: console [ttyS0] enabled
[    1.489109] initcall univ8250_console_init+0x0/0x26 returned 0 after 0 usecs
[    1.497825] ACPI: Core revision 20200925
[    1.504273] clocksource: hpet: mask: 0xffffffff max_cycles: 0xffffffff, max_idle_ns: 19112604467 ns
[    1.515359] APIC: Switch to symmetric I/O mode setup
[    1.535936] ..TIMER: vector=0x30 apic1=0 pin1=2 apic2=-1 pin2=-1
[    1.543218] clocksource: tsc-early: mask: 0xffffffffffffffff max_cycles: 0x39a85afc727, max_idle_ns: 881590685098 ns
[    1.555250] Calibrating delay loop (skipped) preset value.. 3999.99 BogoMIPS (lpj=1999999)
[    1.555974] pid_max: default: 32768 minimum: 301
[    1.558089] LSM: Security Framework initializing
[    1.559345] Mount-cache hash table entries: 1024 (order: 1, 8192 bytes, linear)
[    1.559995] Mountpoint-cache hash table entries: 1024 (order: 1, 8192 bytes, linear)
[    1.567658] Last level iTLB entries: 4KB 0, 2MB 0, 4MB 0
[    1.567951] Last level dTLB entries: 4KB 0, 2MB 0, 4MB 0, 1GB 0
[    1.569058] Spectre V1 : Mitigation: usercopy/swapgs barriers and __user pointer sanitization
[    1.569953] Spectre V2 : Mitigation: Retpolines
[    1.570951] Spectre V2 : Spectre v2 / SpectreRSB mitigation: Filling RSB on context switch
[    1.571951] Spectre V2 : Spectre v2 / SpectreRSB : Filling RSB on VMEXIT
[    1.572951] Speculative Store Bypass: Vulnerable
[    1.573975] MDS: Vulnerable: Clear CPU buffers attempted, no microcode
[    1.574950] MMIO Stale Data: Unknown: No mitigations
[    1.623231] Freeing SMP alternatives memory: 44K
[    1.727695] smpboot: CPU0: Intel Common KVM processor (family: 0xf, model: 0x6, stepping: 0x1)
[    1.729185] calling  init_hw_perf_events+0x0/0x6ce @ 1
[    1.729951] Performance Events: unsupported Netburst CPU model 6 no PMU driver, software events only.
[    1.731956] initcall init_hw_perf_events+0x0/0x6ce returned 0 after 1953 usecs
[    1.732956] calling  init_real_mode+0x0/0x1e9 @ 1
[    1.734281] initcall init_real_mode+0x0/0x1e9 returned 0 after 0 usecs
[    1.734954] calling  trace_init_perf_perm_irq_work_exit+0x0/0x12 @ 1
[    1.736015] initcall trace_init_perf_perm_irq_work_exit+0x0/0x12 returned 0 after 0 usecs
[    1.736967] calling  validate_x2apic+0x0/0x4a @ 1
[    1.737975] initcall validate_x2apic+0x0/0x4a returned 0 after 0 usecs
[    1.738954] calling  register_nmi_cpu_backtrace_handler+0x0/0x15 @ 1
[    1.739954] initcall register_nmi_cpu_backtrace_handler+0x0/0x15 returned 0 after 0 usecs
[    1.740954] calling  kvm_setup_vsyscall_timeinfo+0x0/0xd1 @ 1
[    1.741954] initcall kvm_setup_vsyscall_timeinfo+0x0/0xd1 returned 0 after 0 usecs
[    1.742954] calling  spawn_ksoftirqd+0x0/0x38 @ 1
[    1.744045] initcall spawn_ksoftirqd+0x0/0x38 returned 0 after 0 usecs
[    1.744969] calling  migration_init+0x0/0x33 @ 1
[    1.745954] initcall migration_init+0x0/0x33 returned 0 after 0 usecs
[    1.746956] calling  srcu_bootup_announce+0x0/0x2f @ 1
[    1.747993] rcu: Hierarchical SRCU implementation.
[    1.749955] initcall srcu_bootup_announce+0x0/0x2f returned 0 after 1953 usecs
[    1.750955] calling  rcu_spawn_gp_kthread+0x0/0x1b0 @ 1
[    1.752063] initcall rcu_spawn_gp_kthread+0x0/0x1b0 returned 0 after 0 usecs
[    1.752955] calling  check_cpu_stall_init+0x0/0x1a @ 1
[    1.753955] initcall check_cpu_stall_init+0x0/0x1a returned 0 after 0 usecs
[    1.754953] calling  rcu_sysrq_init+0x0/0x21 @ 1
[    1.755952] initcall rcu_sysrq_init+0x0/0x21 returned 0 after 0 usecs
[    1.756953] calling  trace_init_flags_sys_enter+0x0/0xe @ 1
[    1.757973] initcall trace_init_flags_sys_enter+0x0/0xe returned 0 after 0 usecs
[    1.758964] calling  trace_init_flags_sys_exit+0x0/0xe @ 1
[    1.759954] initcall trace_init_flags_sys_exit+0x0/0xe returned 0 after 0 usecs
[    1.760954] calling  cpu_stop_init+0x0/0x6e @ 1
[    1.762058] initcall cpu_stop_init+0x0/0x6e returned 0 after 0 usecs
[    1.762955] calling  init_kprobes+0x0/0x165 @ 1
[    1.765455] initcall init_kprobes+0x0/0x165 returned 0 after 976 usecs
[    1.765954] calling  init_events+0x0/0x3d @ 1
[    1.767300] initcall init_events+0x0/0x3d returned 0 after 0 usecs
[    1.767953] calling  init_trace_printk+0x0/0xc @ 1
[    1.768954] initcall init_trace_printk+0x0/0xc returned 0 after 0 usecs
[    1.769981] calling  event_trace_enable_again+0x0/0x23 @ 1
[    1.771953] initcall event_trace_enable_again+0x0/0x23 returned 0 after 0 usecs
[    1.772968] calling  static_call_init+0x0/0x77 @ 1
[    1.773969] initcall static_call_init+0x0/0x77 returned 0 after 0 usecs
[    1.774952] calling  jump_label_init_module+0x0/0xc @ 1
[    1.775953] initcall jump_label_init_module+0x0/0xc returned 0 after 0 usecs
[    1.776954] calling  init_zero_pfn+0x0/0x37 @ 1
[    1.777953] initcall init_zero_pfn+0x0/0x37 returned 0 after 0 usecs
[    1.778967] calling  initialize_ptr_random+0x0/0x54 @ 1
[    1.780952] initcall initialize_ptr_random+0x0/0x54 returned 0 after 0 usecs
[    1.781952] calling  efi_memreserve_root_init+0x0/0x25 @ 1
[    1.782996] initcall efi_memreserve_root_init+0x0/0x25 returned 0 after 0 usecs
[    1.783952] calling  efi_earlycon_remap_fb+0x0/0x51 @ 1
[    1.784952] initcall efi_earlycon_remap_fb+0x0/0x51 returned 0 after 0 usecs
[    1.786301] smp: Bringing up secondary CPUs ...
[    1.788869] x86: Booting SMP configuration:
[    1.789947] .... node  #0, CPUs:      #1
[    1.169548] kvm-clock: cpu 1, msr 1669e041, secondary cpu clock
[    1.817115] kvm-guest: stealtime: cpu 1, msr 1f49b600
[    1.834956]  #2
[    1.169548] kvm-clock: cpu 2, msr 1669e081, secondary cpu clock
[    1.857122] kvm-guest: stealtime: cpu 2, msr 1f51b600
[    1.874954]  #3
[    1.169548] kvm-clock: cpu 3, msr 1669e0c1, secondary cpu clock
[    1.896115] kvm-guest: stealtime: cpu 3, msr 1f59b600
[    1.909204] smp: Brought up 1 node, 4 CPUs
[    1.909952] smpboot: Max logical packages: 1
[    1.910951] smpboot: Total of 4 processors activated (15999.99 BogoMIPS)
[    1.926982] devtmpfs: initialized
[    1.929928] calling  ipc_ns_init+0x0/0x3d @ 1
[    1.931960] initcall ipc_ns_init+0x0/0x3d returned 0 after 976 usecs
[    1.932956] calling  init_mmap_min_addr+0x0/0x21 @ 1
[    1.933957] initcall init_mmap_min_addr+0x0/0x21 returned 0 after 0 usecs
[    1.934955] calling  pci_realloc_setup_params+0x0/0x3f @ 1
[    1.935955] initcall pci_realloc_setup_params+0x0/0x3f returned 0 after 0 usecs
[    1.936970] calling  net_ns_init+0x0/0x11c @ 1
[    1.939302] initcall net_ns_init+0x0/0x11c returned 0 after 976 usecs
[    1.939972] calling  e820__register_nvs_regions+0x0/0x37 @ 1
[    1.940954] initcall e820__register_nvs_regions+0x0/0x37 returned 0 after 0 usecs
[    1.941958] calling  cpufreq_register_tsc_scaling+0x0/0x2e @ 1
[    1.942957] initcall cpufreq_register_tsc_scaling+0x0/0x2e returned 0 after 0 usecs
[    1.943958] calling  reboot_init+0x0/0x3c @ 1
[    1.945005] initcall reboot_init+0x0/0x3c returned 0 after 0 usecs
[    1.945956] calling  init_lapic_sysfs+0x0/0x20 @ 1
[    1.946957] initcall init_lapic_sysfs+0x0/0x20 returned 0 after 0 usecs
[    1.947955] calling  alloc_frozen_cpus+0x0/0x7 @ 1
[    1.948956] initcall alloc_frozen_cpus+0x0/0x7 returned 0 after 0 usecs
[    1.949955] calling  cpu_hotplug_pm_sync_init+0x0/0x13 @ 1
[    1.950956] initcall cpu_hotplug_pm_sync_init+0x0/0x13 returned 0 after 0 usecs
[    1.951954] calling  wq_sysfs_init+0x0/0x2a @ 1
[    1.953103] initcall wq_sysfs_init+0x0/0x2a returned 0 after 0 usecs
[    1.953954] calling  ksysfs_init+0x0/0x92 @ 1
[    1.954962] initcall ksysfs_init+0x0/0x92 returned 0 after 0 usecs
[    1.955953] calling  schedutil_gov_init+0x0/0xc @ 1
[    1.956972] initcall schedutil_gov_init+0x0/0xc returned 0 after 0 usecs
[    1.957953] calling  pm_init+0x0/0x76 @ 1
[    1.959030] initcall pm_init+0x0/0x76 returned 0 after 0 usecs
[    1.959954] calling  pm_disk_init+0x0/0x13 @ 1
[    1.960975] initcall pm_disk_init+0x0/0x13 returned 0 after 0 usecs
[    1.961954] calling  swsusp_header_init+0x0/0x2b @ 1
[    1.962957] initcall swsusp_header_init+0x0/0x2b returned 0 after 0 usecs
[    1.963955] calling  rcu_set_runtime_mode+0x0/0x16 @ 1
[    1.964995] initcall rcu_set_runtime_mode+0x0/0x16 returned 0 after 0 usecs
[    1.966962] calling  init_jiffies_clocksource+0x0/0x13 @ 1
[    1.967955] clocksource: jiffies: mask: 0xffffffff max_cycles: 0xffffffff, max_idle_ns: 1911260446275000 ns
[    1.968957] initcall init_jiffies_clocksource+0x0/0x13 returned 0 after 976 usecs
[    1.969955] calling  futex_init+0x0/0xfa @ 1
[    1.970957] futex hash table entries: 1024 (order: 4, 65536 bytes, linear)
[    1.972670] initcall futex_init+0x0/0xfa returned 0 after 976 usecs
[    1.972953] calling  cgroup_wq_init+0x0/0x28 @ 1
[    1.973958] initcall cgroup_wq_init+0x0/0x28 returned 0 after 0 usecs
[    1.974955] calling  cgroup1_wq_init+0x0/0x28 @ 1
[    1.975972] initcall cgroup1_wq_init+0x0/0x28 returned 0 after 0 usecs
[    1.976954] calling  init_kprobe_trace_early+0x0/0x2a @ 1
[    1.977977] initcall init_kprobe_trace_early+0x0/0x2a returned 0 after 0 usecs
[    1.978954] calling  fsnotify_init+0x0/0x48 @ 1
[    1.979967] initcall fsnotify_init+0x0/0x48 returned 0 after 0 usecs
[    1.980955] calling  filelock_init+0x0/0x96 @ 1
[    1.981983] initcall filelock_init+0x0/0x96 returned 0 after 0 usecs
[    1.982958] calling  init_misc_binfmt+0x0/0x2c @ 1
[    1.983974] initcall init_misc_binfmt+0x0/0x2c returned 0 after 0 usecs
[    1.984956] calling  init_script_binfmt+0x0/0x15 @ 1
[    1.985955] initcall init_script_binfmt+0x0/0x15 returned 0 after 0 usecs
[    1.986969] calling  init_elf_binfmt+0x0/0x15 @ 1
[    1.987953] initcall init_elf_binfmt+0x0/0x15 returned 0 after 0 usecs
[    1.988953] calling  init_compat_elf_binfmt+0x0/0x15 @ 1
[    1.989953] initcall init_compat_elf_binfmt+0x0/0x15 returned 0 after 0 usecs
[    1.990954] calling  debugfs_init+0x0/0x5c @ 1
[    1.991993] initcall debugfs_init+0x0/0x5c returned 0 after 0 usecs
[    1.992954] calling  tracefs_init+0x0/0x3a @ 1
[    1.993972] initcall tracefs_init+0x0/0x3a returned 0 after 0 usecs
[    1.994953] calling  prandom_init_early+0x0/0x15d @ 1
[    1.995954] initcall prandom_init_early+0x0/0x15d returned 0 after 0 usecs
[    1.997030] calling  virtio_init+0x0/0x20 @ 1
[    1.997993] initcall virtio_init+0x0/0x20 returned 0 after 0 usecs
[    1.998955] calling  iommu_init+0x0/0x2a @ 1
[    2.000022] initcall iommu_init+0x0/0x2a returned 0 after 0 usecs
[    2.000957] calling  component_debug_init+0x0/0x1c @ 1
[    2.002052] initcall component_debug_init+0x0/0x1c returned 0 after 0 usecs
[    2.002955] calling  early_resume_init+0x0/0xb9 @ 1
[    2.004483] PM: RTC time: 09:27:29, date: 2022-12-13
[    2.004970] initcall early_resume_init+0x0/0xb9 returned 0 after 976 usecs
[    2.005954] calling  cpufreq_core_init+0x0/0x62 @ 1
[    2.006962] initcall cpufreq_core_init+0x0/0x62 returned 0 after 0 usecs
[    2.007953] calling  cpufreq_gov_performance_init+0x0/0xc @ 1
[    2.008954] initcall cpufreq_gov_performance_init+0x0/0xc returned 0 after 0 usecs
[    2.009955] calling  cpufreq_gov_userspace_init+0x0/0xc @ 1
[    2.010957] initcall cpufreq_gov_userspace_init+0x0/0xc returned 0 after 0 usecs
[    2.011955] calling  CPU_FREQ_GOV_ONDEMAND_init+0x0/0xc @ 1
[    2.012957] initcall CPU_FREQ_GOV_ONDEMAND_init+0x0/0xc returned 0 after 0 usecs
[    2.013959] calling  cpuidle_init+0x0/0x1f @ 1
[    2.014990] initcall cpuidle_init+0x0/0x1f returned 0 after 0 usecs
[    2.015954] calling  capsule_reboot_register+0x0/0xc @ 1
[    2.016969] initcall capsule_reboot_register+0x0/0xc returned 0 after 0 usecs
[    2.017953] calling  sock_init+0x0/0x93 @ 1
[    2.020104] initcall sock_init+0x0/0x93 returned 0 after 976 usecs
[    2.020953] calling  net_inuse_init+0x0/0x23 @ 1
[    2.021961] initcall net_inuse_init+0x0/0x23 returned 0 after 0 usecs
[    2.022955] calling  net_defaults_init+0x0/0x23 @ 1
[    2.023954] initcall net_defaults_init+0x0/0x23 returned 0 after 0 usecs
[    2.024953] calling  init_default_flow_dissectors+0x0/0x4f @ 1
[    2.025976] initcall init_default_flow_dissectors+0x0/0x4f returned 0 after 0 usecs
[    2.026953] calling  netpoll_init+0x0/0x26 @ 1
[    2.027952] initcall netpoll_init+0x0/0x26 returned 0 after 0 usecs
[    2.028952] calling  netlink_proto_init+0x0/0x14f @ 1
[    2.030207] NET: Registered protocol family 16
[    2.030968] initcall netlink_proto_init+0x0/0x14f returned 0 after 976 usecs
[    2.031952] calling  genl_init+0x0/0x35 @ 1
[    2.032973] initcall genl_init+0x0/0x35 returned 0 after 0 usecs
[    2.033974] calling  bsp_pm_check_init+0x0/0x13 @ 1
[    2.034953] initcall bsp_pm_check_init+0x0/0x13 returned 0 after 0 usecs
[    2.035970] calling  irq_sysfs_init+0x0/0xb7 @ 1
[    2.037097] initcall irq_sysfs_init+0x0/0xb7 returned 0 after 0 usecs
[    2.037953] calling  audit_init+0x0/0x160 @ 1
[    2.038967] audit: initializing netlink subsys (disabled)
[    2.041320] initcall audit_init+0x0/0x160 returned 0 after 1953 usecs
[    2.041195] audit: type=2000 audit(1670923647.464:1): state=initialized audit_enabled=0 res=1
[    2.041956] calling  release_early_probes+0x0/0x32 @ 1
[    2.041962] initcall release_early_probes+0x0/0x32 returned 0 after 0 usecs
[    2.044970] calling  bdi_class_init+0x0/0x48 @ 1
[    2.046010] initcall bdi_class_init+0x0/0x48 returned 0 after 0 usecs
[    2.046953] calling  mm_sysfs_init+0x0/0x28 @ 1
[    2.047961] initcall mm_sysfs_init+0x0/0x28 returned 0 after 0 usecs
[    2.048957] calling  init_per_zone_wmark_min+0x0/0x6d @ 1
[    2.049962] initcall init_per_zone_wmark_min+0x0/0x6d returned 0 after 0 usecs
[    2.050957] calling  mpi_init+0x0/0x3e @ 1
[    2.052042] initcall mpi_init+0x0/0x3e returned 0 after 0 usecs
[    2.053955] calling  kobject_uevent_init+0x0/0xc @ 1
[    2.054963] initcall kobject_uevent_init+0x0/0xc returned 0 after 0 usecs
[    2.055957] calling  pcibus_class_init+0x0/0x13 @ 1
[    2.057960] initcall pcibus_class_init+0x0/0x13 returned 0 after 976 usecs
[    2.058953] calling  pci_driver_init+0x0/0x21 @ 1
[    2.059987] initcall pci_driver_init+0x0/0x21 returned 0 after 0 usecs
[    2.060953] calling  backlight_class_init+0x0/0xa8 @ 1
[    2.061975] initcall backlight_class_init+0x0/0xa8 returned 0 after 0 usecs
[    2.062953] calling  tty_class_init+0x0/0x33 @ 1
[    2.063960] initcall tty_class_init+0x0/0x33 returned 0 after 0 usecs
[    2.064952] calling  vtconsole_class_init+0x0/0xb5 @ 1
[    2.066102] initcall vtconsole_class_init+0x0/0xb5 returned 0 after 0 usecs
[    2.066955] calling  iommu_dev_init+0x0/0x13 @ 1
[    2.068979] initcall iommu_dev_init+0x0/0x13 returned 0 after 976 usecs
[    2.069953] calling  mipi_dsi_bus_init+0x0/0xc @ 1
[    2.071024] initcall mipi_dsi_bus_init+0x0/0xc returned 0 after 0 usecs
[    2.071955] calling  devlink_class_init+0x0/0x40 @ 1
[    2.072964] initcall devlink_class_init+0x0/0x40 returned 0 after 0 usecs
[    2.073954] calling  software_node_init+0x0/0x2a @ 1
[    2.074958] initcall software_node_init+0x0/0x2a returned 0 after 0 usecs
[    2.075954] calling  wakeup_sources_debugfs_init+0x0/0x23 @ 1
[    2.077026] initcall wakeup_sources_debugfs_init+0x0/0x23 returned 0 after 0 usecs
[    2.077954] calling  wakeup_sources_sysfs_init+0x0/0x2c @ 1
[    2.078964] initcall wakeup_sources_sysfs_init+0x0/0x2c returned 0 after 0 usecs
[    2.079954] calling  register_node_type+0x0/0x13 @ 1
[    2.080977] initcall register_node_type+0x0/0x13 returned 0 after 0 usecs
[    2.081955] calling  regmap_initcall+0x0/0xc @ 1
[    2.082992] initcall regmap_initcall+0x0/0xc returned 0 after 0 usecs
[    2.083955] calling  i2c_init+0x0/0xb3 @ 1
[    2.085032] initcall i2c_init+0x0/0xb3 returned 0 after 0 usecs
[    2.085954] calling  thermal_init+0x0/0xf2 @ 1
[    2.086952] thermal_sys: Registered thermal governor 'step_wise'
[    2.086953] thermal_sys: Registered thermal governor 'user_space'
[    2.087963] initcall thermal_init+0x0/0xf2 returned 0 after 976 usecs
[    2.090953] calling  init_menu+0x0/0xc @ 1
[    2.093187] cpuidle: using governor menu
[    2.097962] initcall init_menu+0x0/0xc returned 0 after 4882 usecs
[    2.104959] calling  pcc_init+0x0/0x4d @ 1
[    2.109957] initcall pcc_init+0x0/0x4d returned -19 after 0 usecs
[    2.117957] calling  amd_postcore_init+0x0/0x11e @ 1
[    2.123956] initcall amd_postcore_init+0x0/0x11e returned 0 after 0 usecs
[    2.131978] calling  bts_init+0x0/0xba @ 1
[    2.136957] initcall bts_init+0x0/0xba returned -19 after 0 usecs
[    2.145960] calling  pt_init+0x0/0x341 @ 1
[    2.151958] initcall pt_init+0x0/0x341 returned -19 after 0 usecs
[    2.160957] calling  boot_params_ksysfs_init+0x0/0x2ee @ 1
[    2.169002] initcall boot_params_ksysfs_init+0x0/0x2ee returned 0 after 0 usecs
[    2.178954] calling  sbf_init+0x0/0xea @ 1
[    2.184957] initcall sbf_init+0x0/0xea returned 0 after 0 usecs
[    2.192956] calling  arch_kdebugfs_init+0x0/0x219 @ 1
[    2.201044] initcall arch_kdebugfs_init+0x0/0x219 returned 0 after 0 usecs
[    2.210958] calling  intel_pconfig_init+0x0/0x85 @ 1
[    2.216959] initcall intel_pconfig_init+0x0/0x85 returned 0 after 0 usecs
[    2.224954] calling  mtrr_if_init+0x0/0x5d @ 1
[    2.231990] initcall mtrr_if_init+0x0/0x5d returned 0 after 0 usecs
[    2.238954] calling  activate_jump_labels+0x0/0x31 @ 1
[    2.244954] initcall activate_jump_labels+0x0/0x31 returned 0 after 0 usecs
[    2.252956] calling  ffh_cstate_init+0x0/0x29 @ 1
[    2.258963] initcall ffh_cstate_init+0x0/0x29 returned 0 after 0 usecs
[    2.268957] calling  activate_jump_labels+0x0/0x31 @ 1
[    2.277878] initcall activate_jump_labels+0x0/0x31 returned 0 after 976 usecs
[    2.287954] calling  kvm_alloc_cpumask+0x0/0x74 @ 1
[    2.294005] initcall kvm_alloc_cpumask+0x0/0x74 returned 0 after 0 usecs
[    2.298955] calling  kcmp_cookies_init+0x0/0x37 @ 1
[    2.306967] initcall kcmp_cookies_init+0x0/0x37 returned 0 after 0 usecs
[    2.314955] calling  cryptomgr_init+0x0/0xc @ 1
[    2.320011] initcall cryptomgr_init+0x0/0xc returned 0 after 0 usecs
[    2.326954] calling  acpi_pci_init+0x0/0x57 @ 1
[    2.331967] ACPI: bus type PCI registered
[    2.336955] initcall acpi_pci_init+0x0/0x57 returned 0 after 4882 usecs
[    2.344957] calling  dma_channel_table_init+0x0/0xd1 @ 1
[    2.350962] initcall dma_channel_table_init+0x0/0xd1 returned 0 after 0 usecs
[    2.358958] calling  dma_bus_init+0x0/0xdc @ 1
[    2.365331] initcall dma_bus_init+0x0/0xdc returned 0 after 0 usecs
[    2.373001] calling  iommu_dma_init+0x0/0x10 @ 1
[    2.378975] initcall iommu_dma_init+0x0/0x10 returned 0 after 0 usecs
[    2.386955] calling  dmi_id_init+0x0/0x37c @ 1
[    2.393188] initcall dmi_id_init+0x0/0x37c returned 0 after 0 usecs
[    2.400955] calling  pci_arch_init+0x0/0x71 @ 1
[    2.407197] PCI: MMCONFIG for domain 0000 [bus 00-ff] at [mem 0xb0000000-0xbfffffff] (base 0xb0000000)
[    2.418956] PCI: MMCONFIG at [mem 0xb0000000-0xbfffffff] reserved in E820
[    2.426950] PCI: Using configuration type 1 for base access
[    2.434000] initcall pci_arch_init+0x0/0x71 returned 0 after 27343 usecs
[    2.443979] calling  init_vdso+0x0/0x13 @ 1
[    2.448992] initcall init_vdso+0x0/0x13 returned 0 after 0 usecs
[    2.455958] calling  sysenter_setup+0x0/0x13 @ 1
[    2.461994] initcall sysenter_setup+0x0/0x13 returned 0 after 0 usecs
[    2.470958] calling  fixup_ht_bug+0x0/0xe5 @ 1
[    2.476961] initcall fixup_ht_bug+0x0/0xe5 returned 0 after 0 usecs
[    2.486957] calling  topology_init+0x0/0x88 @ 1
[    2.493160] initcall topology_init+0x0/0x88 returned 0 after 0 usecs
[    2.500955] calling  intel_epb_init+0x0/0x68 @ 1
[    2.506954] initcall intel_epb_init+0x0/0x68 returned -19 after 0 usecs
[    2.513955] calling  mtrr_init_finialize+0x0/0x3e @ 1
[    2.518959] initcall mtrr_init_finialize+0x0/0x3e returned 0 after 0 usecs
[    2.527958] calling  uid_cache_init+0x0/0x81 @ 1
[    2.532961] initcall uid_cache_init+0x0/0x81 returned 0 after 0 usecs
[    2.540954] calling  param_sysfs_init+0x0/0x1ba @ 1
[    2.549371] initcall param_sysfs_init+0x0/0x1ba returned 0 after 2929 usecs
[    2.557954] calling  user_namespace_sysctl_init+0x0/0x33 @ 1
[    2.565002] initcall user_namespace_sysctl_init+0x0/0x33 returned 0 after 0 usecs
[    2.575955] calling  proc_schedstat_init+0x0/0x24 @ 1
[    2.582962] initcall proc_schedstat_init+0x0/0x24 returned 0 after 0 usecs
[    2.592954] calling  pm_sysrq_init+0x0/0x18 @ 1
[    2.600955] initcall pm_sysrq_init+0x0/0x18 returned 0 after 2929 usecs
[    2.609016] calling  create_proc_profile+0x0/0xd0 @ 1
[    2.614958] initcall create_proc_profile+0x0/0xd0 returned 0 after 0 usecs
[    2.625087] calling  time_ns_init+0x0/0x7 @ 1
[    2.630956] initcall time_ns_init+0x0/0x7 returned 0 after 0 usecs
[    2.640956] calling  crash_save_vmcoreinfo_init+0x0/0x722 @ 1
[    2.649226] initcall crash_save_vmcoreinfo_init+0x0/0x722 returned 0 after 976 usecs
[    2.660956] calling  crash_notes_memory_init+0x0/0x35 @ 1
[    2.668961] initcall crash_notes_memory_init+0x0/0x35 returned 0 after 0 usecs
[    2.679956] calling  cgroup_sysfs_init+0x0/0x13 @ 1
[    2.688129] initcall cgroup_sysfs_init+0x0/0x13 returned 0 after 976 usecs
[    2.697955] calling  cgroup_namespaces_init+0x0/0x7 @ 1
[    2.705955] initcall cgroup_namespaces_init+0x0/0x7 returned 0 after 0 usecs
[    2.716955] calling  init_optprobes+0x0/0x13 @ 1
[    2.722956] Kprobes globally optimized
[    2.728956] initcall init_optprobes+0x0/0x13 returned 0 after 5859 usecs
[    2.739955] calling  oom_init+0x0/0x2f @ 1
[    2.747955] initcall oom_init+0x0/0x2f returned 0 after 1953 usecs
[    2.758038] calling  default_bdi_init+0x0/0xb3 @ 1
[    2.765965] initcall default_bdi_init+0x0/0xb3 returned 0 after 976 usecs
[    2.775956] calling  percpu_enable_async+0x0/0xe @ 1
[    2.782955] initcall percpu_enable_async+0x0/0xe returned 0 after 0 usecs
[    2.792956] calling  kcompactd_init+0x0/0x8d @ 1
[    2.801261] initcall kcompactd_init+0x0/0x8d returned 0 after 976 usecs
[    2.811005] calling  init_user_reserve+0x0/0x40 @ 1
[    2.817961] initcall init_user_reserve+0x0/0x40 returned 0 after 0 usecs
[    2.827957] calling  init_admin_reserve+0x0/0x40 @ 1
[    2.835958] initcall init_admin_reserve+0x0/0x40 returned 0 after 0 usecs
[    2.844958] calling  init_reserve_notifier+0x0/0x7 @ 1
[    2.853955] initcall init_reserve_notifier+0x0/0x7 returned 0 after 0 usecs
[    2.863957] calling  swap_init_sysfs+0x0/0x62 @ 1
[    2.870967] initcall swap_init_sysfs+0x0/0x62 returned 0 after 0 usecs
[    2.880960] calling  swapfile_init+0x0/0x94 @ 1
[    2.887955] initcall swapfile_init+0x0/0x94 returned 0 after 0 usecs
[    2.895953] calling  hugetlb_init+0x0/0x499 @ 1
[    2.900982] HugeTLB registered 2.00 MiB page size, pre-allocated 0 pages
[    2.909022] initcall hugetlb_init+0x0/0x499 returned 0 after 7812 usecs
[    2.916953] calling  io_wq_init+0x0/0x34 @ 1
[    2.921953] initcall io_wq_init+0x0/0x34 returned 0 after 0 usecs
[    2.928953] calling  seqiv_module_init+0x0/0xc @ 1
[    2.933954] initcall seqiv_module_init+0x0/0xc returned 0 after 0 usecs
[    2.941953] calling  echainiv_module_init+0x0/0xc @ 1
[    2.946953] initcall echainiv_module_init+0x0/0xc returned 0 after 0 usecs
[    2.955035] calling  rsa_init+0x0/0x50 @ 1
[    2.961241] initcall rsa_init+0x0/0x50 returned 0 after 976 usecs
[    2.961241] cryptomgr_test (39) used greatest stack depth: 15512 bytes left
[    2.977957] calling  crypto_cmac_module_init+0x0/0xc @ 1
[    2.983954] initcall crypto_cmac_module_init+0x0/0xc returned 0 after 0 usecs
[    2.992956] calling  hmac_module_init+0x0/0xc @ 1
[    2.998954] initcall hmac_module_init+0x0/0xc returned 0 after 0 usecs
[    3.006955] calling  crypto_null_mod_init+0x0/0x65 @ 1
[    3.016211] cryptomgr_test (41) used greatest stack depth: 15496 bytes left
[    3.018131] initcall crypto_null_mod_init+0x0/0x65 returned 0 after 4882 usecs
[    3.033956] calling  md5_mod_init+0x0/0xc @ 1
[    3.039968] initcall md5_mod_init+0x0/0xc returned 0 after 976 usecs
[    3.046956] calling  sha256_generic_mod_init+0x0/0x11 @ 1
[    3.056111] initcall sha256_generic_mod_init+0x0/0x11 returned 0 after 2929 usecs
[    3.064953] calling  crypto_cbc_module_init+0x0/0xc @ 1
[    3.067952] initcall crypto_cbc_module_init+0x0/0xc returned 0 after 0 usecs
[    3.076952] calling  crypto_ctr_module_init+0x0/0x11 @ 1
[    3.082952] initcall crypto_ctr_module_init+0x0/0x11 returned 0 after 0 usecs
[    3.090954] calling  crypto_gcm_module_init+0x0/0x64 @ 1
[    3.097051] initcall crypto_gcm_module_init+0x0/0x64 returned 0 after 0 usecs
[    3.105955] calling  crypto_ccm_module_init+0x0/0x11 @ 1
[    3.111953] initcall crypto_ccm_module_init+0x0/0x11 returned 0 after 0 usecs
[    3.120214] calling  aes_init+0x0/0xc @ 1
[    3.126977] initcall aes_init+0x0/0xc returned 0 after 1953 usecs
[    3.133955] calling  crc32c_mod_init+0x0/0xc @ 1
[    3.140956] initcall crc32c_mod_init+0x0/0xc returned 0 after 1953 usecs
[    3.148087] calling  crypto_authenc_module_init+0x0/0xc @ 1
[    3.154958] initcall crypto_authenc_module_init+0x0/0xc returned 0 after 0 usecs
[    3.162953] calling  crypto_authenc_esn_module_init+0x0/0xc @ 1
[    3.169954] initcall crypto_authenc_esn_module_init+0x0/0xc returned 0 after 0 usecs
[    3.178953] calling  drbg_init+0x0/0x7c @ 1
[    3.194190] initcall drbg_init+0x0/0x7c returned 0 after 9765 usecs
[    3.201990] calling  ghash_mod_init+0x0/0xc @ 1
[    3.208256] initcall ghash_mod_init+0x0/0xc returned 0 after 976 usecs
[    3.215954] calling  init_bio+0x0/0x9a @ 1
[    3.220214] initcall init_bio+0x0/0x9a returned 0 after 976 usecs
[    3.227953] calling  blk_settings_init+0x0/0x29 @ 1
[    3.233952] initcall blk_settings_init+0x0/0x29 returned 0 after 0 usecs
[    3.240953] calling  blk_ioc_init+0x0/0x29 @ 1
[    3.245955] initcall blk_ioc_init+0x0/0x29 returned 0 after 0 usecs
[    3.253952] calling  blk_mq_init+0x0/0xb9 @ 1
[    3.258954] initcall blk_mq_init+0x0/0xb9 returned 0 after 0 usecs
[    3.265953] calling  genhd_device_init+0x0/0x75 @ 1
[    3.273484] initcall genhd_device_init+0x0/0x75 returned 0 after 976 usecs
[    3.279061] calling  pci_slot_init+0x0/0x40 @ 1
[    3.284962] initcall pci_slot_init+0x0/0x40 returned 0 after 0 usecs
[    3.291955] calling  fbmem_init+0x0/0xd8 @ 1
[    3.298011] initcall fbmem_init+0x0/0xd8 returned 0 after 0 usecs
[    3.304955] calling  acpi_init+0x0/0x319 @ 1
[    3.310018] ACPI: Added _OSI(Module Device)
[    3.314955] ACPI: Added _OSI(Processor Device)
[    3.320952] ACPI: Added _OSI(3.0 _SCP Extensions)
[    3.325953] ACPI: Added _OSI(Processor Aggregator Device)
[    3.332954] ACPI: Added _OSI(Linux-Dell-Video)
[    3.337952] ACPI: Added _OSI(Linux-Lenovo-NV-HDMI-Audio)
[    3.343952] ACPI: Added _OSI(Linux-HPI-Hybrid-Graphics)
[    3.352152] ACPI: 1 ACPI AML tables successfully acquired and loaded
[    3.364130] ACPI: Interpreter enabled
[    3.368049] ACPI: (supports S0 S3 S4 S5)
[    3.372954] ACPI: Using IOAPIC for interrupt routing
[    3.379002] PCI: Using host bridge windows from ACPI; if necessary, use "pci=nocrs" and report a bug
[    3.390229] ACPI: Enabled 2 GPEs in block 00 to 3F
[    3.405513] ACPI: PCI Root Bridge [PCI0] (domain 0000 [bus 00-ff])
[    3.412961] acpi PNP0A08:00: _OSC: OS supports [ExtendedConfig ASPM ClockPM Segments MSI HPX-Type3]
[    3.424032] acpi PNP0A08:00: _OSC: platform does not support [LTR]
[    3.432016] acpi PNP0A08:00: _OSC: OS now controls [PME PCIeCapability]
[    3.441043] PCI host bridge to bus 0000:00
[    3.445970] pci_bus 0000:00: root bus resource [io  0x0000-0x0cf7 window]
[    3.453969] pci_bus 0000:00: root bus resource [io  0x0d00-0xffff window]
[    3.461954] pci_bus 0000:00: root bus resource [mem 0x000a0000-0x000bffff window]
[    3.471953] pci_bus 0000:00: root bus resource [mem 0x20000000-0xafffffff window]
[    3.480954] pci_bus 0000:00: root bus resource [mem 0xc0000000-0xfebfffff window]
[    3.489953] pci_bus 0000:00: root bus resource [mem 0x100000000-0x8ffffffff window]
[    3.499954] pci_bus 0000:00: root bus resource [bus 00-ff]
[    3.507498] pci 0000:00:00.0: calling  quirk_mmio_always_on+0x0/0x10 @ 1
[    3.515958] pci 0000:00:00.0: quirk_mmio_always_on+0x0/0x10 took 0 usecs
[    3.524973] pci 0000:00:00.0: [8086:29c0] type 00 class 0x060000
[    3.536229] pci 0000:00:00.0: calling  quirk_igfx_skip_te_disable+0x0/0x80 @ 1
[    3.544957] pci 0000:00:00.0: quirk_igfx_skip_te_disable+0x0/0x80 took 0 usecs
[    3.555496] pci 0000:00:01.0: [1234:1111] type 00 class 0x030000
[    3.569900] pci 0000:00:01.0: reg 0x10: [mem 0xfd000000-0xfdffffff pref]
[    3.589586] pci 0000:00:01.0: reg 0x18: [mem 0xfebf0000-0xfebf0fff]
[    3.618354] pci 0000:00:01.0: reg 0x30: [mem 0xfebe0000-0xfebeffff pref]
[    3.628868] pci 0000:00:01.0: calling  efifb_fixup_resources+0x0/0xf0 @ 1
[    3.637008] pci 0000:00:01.0: efifb_fixup_resources+0x0/0xf0 took 0 usecs
[    3.652953] pci 0000:00:1f.0: [8086:2918] type 00 class 0x060100
[    3.665292] pci 0000:00:1f.0: calling  quirk_ich7_lpc+0x0/0x60 @ 1
[    3.673401] pci 0000:00:1f.0: quirk: [io  0x0600-0x067f] claimed by ICH6 ACPI/GPIO/TCO
[    3.683951] pci 0000:00:1f.0: quirk_ich7_lpc+0x0/0x60 took 10742 usecs
[    3.692031] pci 0000:00:1f.0: calling  quirk_igfx_skip_te_disable+0x0/0x80 @ 1
[    3.700974] pci 0000:00:1f.0: quirk_igfx_skip_te_disable+0x0/0x80 took 0 usecs
[    3.711950] pci 0000:00:1f.2: [8086:2922] type 00 class 0x010601
[    3.727950] pci 0000:00:1f.2: reg 0x20: [io  0xc040-0xc05f]
[    3.735954] pci 0000:00:1f.2: reg 0x24: [mem 0xfebf1000-0xfebf1fff]
[    3.745731] pci 0000:00:1f.2: calling  quirk_igfx_skip_te_disable+0x0/0x80 @ 1
[    3.754960] pci 0000:00:1f.2: quirk_igfx_skip_te_disable+0x0/0x80 took 0 usecs
[    3.767957] pci 0000:00:1f.3: [8086:2930] type 00 class 0x0c0500
[    3.781216] pci 0000:00:1f.3: reg 0x20: [io  0x0700-0x073f]
[    3.790675] pci 0000:00:1f.3: calling  quirk_igfx_skip_te_disable+0x0/0x80 @ 1
[    3.799959] pci 0000:00:1f.3: quirk_igfx_skip_te_disable+0x0/0x80 took 0 usecs
[    3.812667] ACPI: PCI Interrupt Link [LNKA] (IRQs 5 *10 11)
[    3.820181] ACPI: PCI Interrupt Link [LNKB] (IRQs 5 *10 11)
[    3.827405] ACPI: PCI Interrupt Link [LNKC] (IRQs 5 10 *11)
[    3.834970] ACPI: PCI Interrupt Link [LNKD] (IRQs 5 10 *11)
[    3.842203] ACPI: PCI Interrupt Link [LNKE] (IRQs 5 *10 11)
[    3.850347] ACPI: PCI Interrupt Link [LNKF] (IRQs 5 *10 11)
[    3.857950] ACPI: PCI Interrupt Link [LNKG] (IRQs 5 10 *11)
[    3.865068] ACPI: PCI Interrupt Link [LNKH] (IRQs 5 10 *11)
[    3.872167] ACPI: PCI Interrupt Link [GSIA] (IRQs *16)
[    3.878965] ACPI: PCI Interrupt Link [GSIB] (IRQs *17)
[    3.884611] ACPI: PCI Interrupt Link [GSIC] (IRQs *18)
[    3.889970] ACPI: PCI Interrupt Link [GSID] (IRQs *19)
[    3.898303] ACPI: PCI Interrupt Link [GSIE] (IRQs *20)
[    3.904970] ACPI: PCI Interrupt Link [GSIF] (IRQs *21)
[    3.913473] ACPI: PCI Interrupt Link [GSIG] (IRQs *22)
[    3.921116] ACPI: PCI Interrupt Link [GSIH] (IRQs *23)
[    3.936947] initcall acpi_init+0x0/0x319 returned 0 after 611328 usecs
[    3.945802] calling  pnp_init+0x0/0xc @ 1
[    3.952170] initcall pnp_init+0x0/0xc returned 0 after 0 usecs
[    3.957956] calling  misc_init+0x0/0xbf @ 1
[    3.963959] initcall misc_init+0x0/0xbf returned 0 after 0 usecs
[    3.972958] calling  iommu_subsys_init+0x0/0x4e @ 1
[    3.978815] iommu: Default domain type: Translated 
[    3.981955] initcall iommu_subsys_init+0x0/0x4e returned 0 after 3906 usecs
[    3.990956] calling  vga_arb_device_init+0x0/0x261 @ 1
[    4.009672] pci 0000:00:01.0: vgaarb: setting as boot VGA device
[    4.015075] pci 0000:00:01.0: vgaarb: VGA device added: decodes=io+mem,owns=io+mem,locks=none
[    4.029960] pci 0000:00:01.0: vgaarb: bridge control possible
[    4.038953] vgaarb: loaded
[    4.042957] initcall vga_arb_device_init+0x0/0x261 returned 0 after 42968 usecs
[    4.052029] calling  cn_init+0x0/0xf0 @ 1
[    4.057364] initcall cn_init+0x0/0xf0 returned 0 after 976 usecs
[    4.061957] calling  dma_buf_init+0x0/0xad @ 1
[    4.069616] initcall dma_buf_init+0x0/0xad returned 0 after 1953 usecs
[    4.076955] calling  init_scsi+0x0/0x79 @ 1
[    4.083412] SCSI subsystem initialized
[    4.087955] initcall init_scsi+0x0/0x79 returned 0 after 5859 usecs
[    4.095955] calling  ata_init+0x0/0x332 @ 1
[    4.102231] libata version 3.00 loaded.
[    4.106954] initcall ata_init+0x0/0x332 returned 0 after 5859 usecs
[    4.114955] calling  phy_init+0x0/0x250 @ 1
[    4.120857] initcall phy_init+0x0/0x250 returned 0 after 0 usecs
[    4.127955] calling  init_pcmcia_cs+0x0/0x35 @ 1
[    4.134068] initcall init_pcmcia_cs+0x0/0x35 returned 0 after 0 usecs
[    4.141955] calling  usb_common_init+0x0/0x1c @ 1
[    4.148011] initcall usb_common_init+0x0/0x1c returned 0 after 0 usecs
[    4.155954] calling  usb_init+0x0/0x12e @ 1
[    4.161013] ACPI: bus type USB registered
[    4.166450] usbcore: registered new interface driver usbfs
[    4.173016] usbcore: registered new interface driver hub
[    4.179965] usbcore: registered new device driver usb
[    4.184957] initcall usb_init+0x0/0x12e returned 0 after 23437 usecs
[    4.191956] calling  serio_init+0x0/0x29 @ 1
[    4.197108] initcall serio_init+0x0/0x29 returned 0 after 0 usecs
[    4.204956] calling  input_init+0x0/0xf6 @ 1
[    4.211033] initcall input_init+0x0/0xf6 returned 0 after 0 usecs
[    4.217956] calling  rtc_init+0x0/0x4d @ 1
[    4.224057] initcall rtc_init+0x0/0x4d returned 0 after 0 usecs
[    4.230954] calling  pps_init+0x0/0xa9 @ 1
[    4.235960] pps_core: LinuxPPS API ver. 1 registered
[    4.242952] pps_core: Software ver. 5.3.6 - Copyright 2005-2007 Rodolfo Giometti <giometti@linux.it>
[    4.254151] initcall pps_init+0x0/0xa9 returned 0 after 17578 usecs
[    4.262963] calling  ptp_init+0x0/0x98 @ 1
[    4.267973] PTP clock support registered
[    4.272955] initcall ptp_init+0x0/0x98 returned 0 after 4882 usecs
[    4.279956] calling  power_supply_class_init+0x0/0x3f @ 1
[    4.287074] initcall power_supply_class_init+0x0/0x3f returned 0 after 0 usecs
[    4.294955] calling  hwmon_init+0x0/0x104 @ 1
[    4.299995] initcall hwmon_init+0x0/0x104 returned 0 after 0 usecs
[    4.307955] calling  md_init+0x0/0x16b @ 1
[    4.314590] initcall md_init+0x0/0x16b returned 0 after 1953 usecs
[    4.321954] calling  leds_init+0x0/0x3b @ 1
[    4.326980] initcall leds_init+0x0/0x3b returned 0 after 0 usecs
[    4.333953] calling  dmi_init+0x0/0x113 @ 1
[    4.339076] initcall dmi_init+0x0/0x113 returned 0 after 0 usecs
[    4.345955] calling  efisubsys_init+0x0/0x4e7 @ 1
[    4.351977] initcall efisubsys_init+0x0/0x4e7 returned 0 after 0 usecs
[    4.359971] calling  nvmem_init+0x0/0xc @ 1
[    4.365025] initcall nvmem_init+0x0/0xc returned 0 after 0 usecs
[    4.371954] calling  init_soundcore+0x0/0x33 @ 1
[    4.378003] initcall init_soundcore+0x0/0x33 returned 0 after 0 usecs
[    4.385955] calling  alsa_sound_init+0x0/0x8f @ 1
[    4.391080] Advanced Linux Sound Architecture Driver Initialized.
[    4.397954] initcall alsa_sound_init+0x0/0x8f returned 0 after 6835 usecs
[    4.405954] calling  alsa_seq_device_init+0x0/0x71 @ 1
[    4.412040] initcall alsa_seq_device_init+0x0/0x71 returned 0 after 0 usecs
[    4.419954] calling  hda_bus_init+0x0/0xc @ 1
[    4.425000] initcall hda_bus_init+0x0/0xc returned 0 after 976 usecs
[    4.432954] calling  proto_init+0x0/0xc @ 1
[    4.438019] initcall proto_init+0x0/0xc returned 0 after 0 usecs
[    4.444954] calling  net_dev_init+0x0/0x209 @ 1
[    4.458831] initcall net_dev_init+0x0/0x209 returned 0 after 8789 usecs
[    4.465956] calling  neigh_init+0x0/0x84 @ 1
[    4.471956] initcall neigh_init+0x0/0x84 returned 0 after 0 usecs
[    4.476954] calling  fib_notifier_init+0x0/0xc @ 1
[    4.482956] initcall fib_notifier_init+0x0/0xc returned 0 after 0 usecs
[    4.490954] calling  fib_rules_init+0x0/0xab @ 1
[    4.496277] initcall fib_rules_init+0x0/0xab returned 0 after 976 usecs
[    4.504955] calling  pktsched_init+0x0/0x10e @ 1
[    4.510160] initcall pktsched_init+0x0/0x10e returned 0 after 0 usecs
[    4.517957] calling  tc_filter_init+0x0/0xfa @ 1
[    4.524107] initcall tc_filter_init+0x0/0xfa returned 0 after 0 usecs
[    4.531955] calling  tc_action_init+0x0/0x54 @ 1
[    4.537957] initcall tc_action_init+0x0/0x54 returned 0 after 0 usecs
[    4.544954] calling  ethnl_init+0x0/0x52 @ 1
[    4.552053] initcall ethnl_init+0x0/0x52 returned 0 after 976 usecs
[    4.559957] calling  nexthop_init+0x0/0xd8 @ 1
[    4.565081] initcall nexthop_init+0x0/0xd8 returned 0 after 976 usecs
[    4.575145] calling  cipso_v4_init+0x0/0x5d @ 1
[    4.581956] initcall cipso_v4_init+0x0/0x5d returned 0 after 0 usecs
[    4.589958] calling  ieee80211_init+0x0/0x24 @ 1
[    4.596284] initcall ieee80211_init+0x0/0x24 returned 0 after 0 usecs
[    4.604958] calling  netlbl_init+0x0/0x78 @ 1
[    4.610087] NetLabel: Initializing
[    4.613951] NetLabel:  domain hash size = 128
[    4.616951] NetLabel:  protocols = UNLABELED CIPSOv4 CALIPSO
[    4.624950] NetLabel:  unlabeled traffic allowed by default
[    4.633990] initcall netlbl_init+0x0/0x78 returned 0 after 23437 usecs
[    4.640957] calling  rfkill_init+0x0/0x111 @ 1
[    4.650575] initcall rfkill_init+0x0/0x111 returned 0 after 3906 usecs
[    4.658958] calling  pci_subsys_init+0x0/0x66 @ 1
[    4.664109] PCI: Using ACPI for IRQ routing
[    5.375952] PCI: pci_cache_line_size set to 64 bytes
[    5.390947] e820: reserve RAM buffer [mem 0x0009fc00-0x0009ffff]
[    5.400111] e820: reserve RAM buffer [mem 0x1ffdf000-0x1fffffff]
[    5.408459] initcall pci_subsys_init+0x0/0x66 returned 0 after 726562 usecs
[    5.419952] calling  nmi_warning_debugfs+0x0/0x26 @ 1
[    5.427000] initcall nmi_warning_debugfs+0x0/0x26 returned 0 after 976 usecs
[    5.434957] calling  save_microcode_in_initrd+0x0/0x51 @ 1
[    5.442071] initcall save_microcode_in_initrd+0x0/0x51 returned 0 after 0 usecs
[    5.450970] calling  hpet_late_init+0x0/0x20a @ 1
[    5.456950] hpet: 3 channels of 0 reserved for per-cpu timers
[    5.464133] hpet0: at MMIO 0xfed00000, IRQs 2, 8, 0
[    5.469954] hpet0: 3 comparators, 64-bit 100.000000 MHz counter
[    5.485959] initcall hpet_late_init+0x0/0x20a returned 0 after 29296 usecs
[    5.494961] calling  init_amd_nbs+0x0/0x11c @ 1
[    5.501985] initcall init_amd_nbs+0x0/0x11c returned 0 after 0 usecs
[    5.508977] calling  clocksource_done_booting+0x0/0x41 @ 1
[    5.517416] clocksource: Switched to clocksource kvm-clock
[    5.526252] initcall clocksource_done_booting+0x0/0x41 returned 0 after 10052 usecs
[    5.537698] calling  tracer_init_tracefs+0x0/0x242 @ 1
[    5.755875] initcall tracer_init_tracefs+0x0/0x242 returned 0 after 205408 usecs
[    5.764801] calling  init_trace_printk_function_export+0x0/0x2c @ 1
[    5.772378] initcall init_trace_printk_function_export+0x0/0x2c returned 0 after 7 usecs
[    5.782196] calling  init_kprobe_trace+0x0/0x1a9 @ 1
[    5.788237] initcall init_kprobe_trace+0x0/0x1a9 returned 0 after 7 usecs
[    5.797761] calling  init_dynamic_event+0x0/0x3d @ 1
[    5.804676] initcall init_dynamic_event+0x0/0x3d returned 0 after 461 usecs
[    5.813077] calling  init_uprobe_trace+0x0/0x5c @ 1
[    5.819280] initcall init_uprobe_trace+0x0/0x5c returned 0 after 44 usecs
[    5.827403] calling  init_pipe_fs+0x0/0x44 @ 1
[    5.832931] initcall init_pipe_fs+0x0/0x44 returned 0 after 213 usecs
[    5.840513] calling  inotify_user_setup+0x0/0x47 @ 1
[    5.846481] initcall inotify_user_setup+0x0/0x47 returned 0 after 54 usecs
[    5.854706] calling  eventpoll_init+0x0/0xd4 @ 1
[    5.860238] initcall eventpoll_init+0x0/0xd4 returned 0 after 65 usecs
[    5.867900] calling  anon_inode_init+0x0/0x58 @ 1
[    5.873527] initcall anon_inode_init+0x0/0x58 returned 0 after 78 usecs
[    5.881232] calling  proc_locks_init+0x0/0x27 @ 1
[    5.887185] initcall proc_locks_init+0x0/0x27 returned 0 after 304 usecs
[    5.895026] calling  iomap_init+0x0/0x1b @ 1
[    5.901562] initcall iomap_init+0x0/0x1b returned 0 after 975 usecs
[    5.910988] calling  dquot_init+0x0/0x106 @ 1
[    5.917506] VFS: Disk quotas dquot_6.6.0
[    5.925510] VFS: Dquot-cache hash table entries: 512 (order 0, 4096 bytes)
[    5.936685] initcall dquot_init+0x0/0x106 returned 0 after 18744 usecs
[    5.945066] calling  quota_init+0x0/0x23 @ 1
[    5.950566] initcall quota_init+0x0/0x23 returned 0 after 349 usecs
[    5.958083] calling  proc_cmdline_init+0x0/0x21 @ 1
[    5.963915] initcall proc_cmdline_init+0x0/0x21 returned 0 after 17 usecs
[    5.972034] calling  proc_consoles_init+0x0/0x24 @ 1
[    5.978076] initcall proc_consoles_init+0x0/0x24 returned 0 after 3 usecs
[    5.987408] calling  proc_cpuinfo_init+0x0/0x1e @ 1
[    5.994645] initcall proc_cpuinfo_init+0x0/0x1e returned 0 after 3 usecs
[    6.004646] calling  proc_devices_init+0x0/0x24 @ 1
[    6.012102] initcall proc_devices_init+0x0/0x24 returned 0 after 137 usecs
[    6.020310] calling  proc_interrupts_init+0x0/0x24 @ 1
[    6.026395] initcall proc_interrupts_init+0x0/0x24 returned 0 after 3 usecs
[    6.034675] calling  proc_loadavg_init+0x0/0x21 @ 1
[    6.043785] initcall proc_loadavg_init+0x0/0x21 returned 0 after 3 usecs
[    6.052193] calling  proc_meminfo_init+0x0/0x21 @ 1
[    6.059479] initcall proc_meminfo_init+0x0/0x21 returned 0 after 3 usecs
[    6.067846] calling  proc_stat_init+0x0/0x1e @ 1
[    6.073317] initcall proc_stat_init+0x0/0x1e returned 0 after 3 usecs
[    6.081223] calling  proc_uptime_init+0x0/0x21 @ 1
[    6.087157] initcall proc_uptime_init+0x0/0x21 returned 0 after 3 usecs
[    6.094931] calling  proc_version_init+0x0/0x21 @ 1
[    6.100648] initcall proc_version_init+0x0/0x21 returned 0 after 3 usecs
[    6.108596] calling  proc_softirqs_init+0x0/0x21 @ 1
[    6.114616] initcall proc_softirqs_init+0x0/0x21 returned 0 after 4 usecs
[    6.124455] calling  proc_kcore_init+0x0/0xea @ 1
[    6.131411] initcall proc_kcore_init+0x0/0xea returned 0 after 73 usecs
[    6.141064] calling  vmcore_init+0x0/0x578 @ 1
[    6.147231] initcall vmcore_init+0x0/0x578 returned 0 after 86 usecs
[    6.154527] calling  proc_kmsg_init+0x0/0x21 @ 1
[    6.159911] initcall proc_kmsg_init+0x0/0x21 returned 0 after 4 usecs
[    6.167322] calling  proc_page_init+0x0/0x3b @ 1
[    6.172614] initcall proc_page_init+0x0/0x3b returned 0 after 4 usecs
[    6.180000] calling  init_ramfs_fs+0x0/0xc @ 1
[    6.185172] initcall init_ramfs_fs+0x0/0xc returned 0 after 17 usecs
[    6.192315] calling  init_hugetlbfs_fs+0x0/0xf6 @ 1
[    6.198317] initcall init_hugetlbfs_fs+0x0/0xf6 returned 0 after 342 usecs
[    6.206064] calling  blk_scsi_ioctl_init+0x0/0x2a5 @ 1
[    6.212554] initcall blk_scsi_ioctl_init+0x0/0x2a5 returned 0 after 80 usecs
[    6.222679] calling  acpi_event_init+0x0/0x2c @ 1
[    6.229508] initcall acpi_event_init+0x0/0x2c returned 0 after 99 usecs
[    6.238884] calling  pnp_system_init+0x0/0xc @ 1
[    6.245048] initcall pnp_system_init+0x0/0xc returned 0 after 494 usecs
[    6.252532] calling  pnpacpi_init+0x0/0x69 @ 1
[    6.257727] pnp: PnP ACPI init
[    6.263614] pnp 00:00: Plug and Play ACPI device, IDs PNP0303 (active)
[    6.271112] pnp 00:01: Plug and Play ACPI device, IDs PNP0f13 (active)
[    6.278616] pnp 00:02: Plug and Play ACPI device, IDs PNP0400 (active)
[    6.286089] pnp 00:03: Plug and Play ACPI device, IDs PNP0501 (active)
[    6.293432] pnp 00:04: Plug and Play ACPI device, IDs PNP0b00 (active)
[    6.300959] system 00:05: [mem 0xb0000000-0xbfffffff window] has been reserved
[    6.309178] system 00:05: Plug and Play ACPI device, IDs PNP0c01 (active)
[    6.318455] pnp: PnP ACPI: found 6 devices
[    6.323437] initcall pnpacpi_init+0x0/0x69 returned 0 after 64189 usecs
[    6.331520] calling  chr_dev_init+0x0/0x14d @ 1
[    6.438527] initcall chr_dev_init+0x0/0x14d returned 0 after 98546 usecs
[    6.446795] calling  firmware_class_init+0x0/0xe7 @ 1
[    6.453080] initcall firmware_class_init+0x0/0xe7 returned 0 after 82 usecs
[    6.463022] calling  init_pcmcia_bus+0x0/0x5b @ 1
[    6.470351] initcall init_pcmcia_bus+0x0/0x5b returned 0 after 106 usecs
[    6.480246] calling  init_acpi_pm_clocksource+0x0/0xda @ 1
[    6.493823] clocksource: acpi_pm: mask: 0xffffff max_cycles: 0xffffff, max_idle_ns: 2085701024 ns
[    6.504490] initcall init_acpi_pm_clocksource+0x0/0xda returned 0 after 15791 usecs
[    6.513759] calling  sysctl_core_init+0x0/0x26 @ 1
[    6.519930] initcall sysctl_core_init+0x0/0x26 returned 0 after 134 usecs
[    6.528454] calling  eth_offload_init+0x0/0x13 @ 1
[    6.534445] initcall eth_offload_init+0x0/0x13 returned 0 after 48 usecs
[    6.543016] calling  ipv4_offload_init+0x0/0x73 @ 1
[    6.550193] initcall ipv4_offload_init+0x0/0x73 returned 0 after 71 usecs
[    6.559642] calling  inet_init+0x0/0x276 @ 1
[    6.566352] NET: Registered protocol family 2
[    6.575973] IP idents hash table entries: 8192 (order: 4, 65536 bytes, linear)
[    6.587160] tcp_listen_portaddr_hash hash table entries: 256 (order: 0, 4096 bytes, linear)
[    6.597323] TCP established hash table entries: 4096 (order: 3, 32768 bytes, linear)
[    6.606593] TCP bind hash table entries: 4096 (order: 4, 65536 bytes, linear)
[    6.615540] TCP: Hash tables configured (established 4096 bind 4096)
[    6.623527] UDP hash table entries: 256 (order: 1, 8192 bytes, linear)
[    6.633346] UDP-Lite hash table entries: 256 (order: 1, 8192 bytes, linear)
[    6.641642] initcall inet_init+0x0/0x276 returned 0 after 74320 usecs
[    6.654045] calling  af_unix_init+0x0/0x4d @ 1
[    6.660739] NET: Registered protocol family 1
[    6.666681] initcall af_unix_init+0x0/0x4d returned 0 after 6456 usecs
[    6.674890] calling  ipv6_offload_init+0x0/0x7e @ 1
[    6.680869] initcall ipv6_offload_init+0x0/0x7e returned 0 after 183 usecs
[    6.689741] calling  init_sunrpc+0x0/0x65 @ 1
[    6.704127] RPC: Registered named UNIX socket transport module.
[    6.710956] RPC: Registered udp transport module.
[    6.716470] RPC: Registered tcp transport module.
[    6.721898] RPC: Registered tcp NFSv4.1 backchannel transport module.
[    6.729320] initcall init_sunrpc+0x0/0x65 returned 0 after 33419 usecs
[    6.736870] calling  cfg80211_init+0x0/0xc5 @ 1
[    6.746713] initcall cfg80211_init+0x0/0xc5 returned 0 after 4387 usecs
[    6.754648] calling  pcibios_assign_resources+0x0/0xbf @ 1
[    6.762423] pci_bus 0000:00: resource 4 [io  0x0000-0x0cf7 window]
[    6.769507] pci_bus 0000:00: resource 5 [io  0x0d00-0xffff window]
[    6.776627] pci_bus 0000:00: resource 6 [mem 0x000a0000-0x000bffff window]
[    6.784638] pci_bus 0000:00: resource 7 [mem 0x20000000-0xafffffff window]
[    6.792764] pci_bus 0000:00: resource 8 [mem 0xc0000000-0xfebfffff window]
[    6.801073] pci_bus 0000:00: resource 9 [mem 0x100000000-0x8ffffffff window]
[    6.810185] initcall pcibios_assign_resources+0x0/0xbf returned 0 after 47203 usecs
[    6.819291] calling  pci_apply_final_quirks+0x0/0x124 @ 1
[    6.826405] pci 0000:00:01.0: calling  pci_fixup_video+0x0/0xe0 @ 1
[    6.836442] pci 0000:00:01.0: Video device with shadowed ROM at [mem 0x000c0000-0x000dffff]
[    6.846337] pci 0000:00:01.0: pci_fixup_video+0x0/0xe0 took 10255 usecs
[    6.854410] PCI: CLS 0 bytes, default 64
[    6.859899] initcall pci_apply_final_quirks+0x0/0x124 returned 0 after 33303 usecs
[    6.869184] calling  acpi_reserve_resources+0x0/0xea @ 1
[    6.875466] initcall acpi_reserve_resources+0x0/0xea returned 0 after 76 usecs
[    6.884075] calling  populate_rootfs+0x0/0x102 @ 1
[    6.892429] initcall populate_rootfs+0x0/0x102 returned 0 after 2595 usecs
[    6.900652] calling  pci_iommu_init+0x0/0x3e @ 1
[    6.906248] initcall pci_iommu_init+0x0/0x3e returned 0 after 76 usecs
[    6.915822] calling  ia32_binfmt_init+0x0/0x13 @ 1
[    6.921611] initcall ia32_binfmt_init+0x0/0x13 returned 0 after 126 usecs
[    6.929501] calling  rapl_pmu_init+0x0/0x267 @ 1
[    6.935065] initcall rapl_pmu_init+0x0/0x267 returned -19 after 60 usecs
[    6.942898] calling  amd_uncore_init+0x0/0x310 @ 1
[    6.948576] initcall amd_uncore_init+0x0/0x310 returned -19 after 0 usecs
[    6.956382] calling  amd_ibs_init+0x0/0x243 @ 1
[    6.961813] initcall amd_ibs_init+0x0/0x243 returned -19 after 0 usecs
[    6.969276] calling  amd_iommu_pc_init+0x0/0x215 @ 1
[    6.975109] initcall amd_iommu_pc_init+0x0/0x215 returned -19 after 20 usecs
[    6.983311] calling  msr_init+0x0/0x55 @ 1
[    6.988296] initcall msr_init+0x0/0x55 returned 0 after 165 usecs
[    6.995762] calling  intel_uncore_init+0x0/0x36f @ 1
[    7.001951] initcall intel_uncore_init+0x0/0x36f returned -19 after 54 usecs
[    7.010748] calling  cstate_pmu_init+0x0/0x1a1 @ 1
[    7.016400] initcall cstate_pmu_init+0x0/0x1a1 returned -19 after 0 usecs
[    7.024256] calling  register_kernel_offset_dumper+0x0/0x1a @ 1
[    7.031141] initcall register_kernel_offset_dumper+0x0/0x1a returned 0 after 17 usecs
[    7.040206] calling  i8259A_init_ops+0x0/0x20 @ 1
[    7.045780] initcall i8259A_init_ops+0x0/0x20 returned 0 after 16 usecs
[    7.053412] calling  init_tsc_clocksource+0x0/0xa4 @ 1
[    7.059545] clocksource: tsc: mask: 0xffffffffffffffff max_cycles: 0x39a85afc727, max_idle_ns: 881590685098 ns
[    7.070908] initcall init_tsc_clocksource+0x0/0xa4 returned 0 after 11162 usecs
[    7.079346] calling  add_rtc_cmos+0x0/0xb0 @ 1
[    7.084786] initcall add_rtc_cmos+0x0/0xb0 returned 0 after 146 usecs
[    7.092125] calling  i8237A_init_ops+0x0/0x3a @ 1
[    7.097815] initcall i8237A_init_ops+0x0/0x3a returned 0 after 137 usecs
[    7.105591] calling  umwait_init+0x0/0x94 @ 1
[    7.110813] initcall umwait_init+0x0/0x94 returned -19 after 23 usecs
[    7.119373] calling  thermal_throttle_init_device+0x0/0x3d @ 1
[    7.126206] initcall thermal_throttle_init_device+0x0/0x3d returned 0 after 47 usecs
[    7.135017] calling  msr_init+0x0/0xd7 @ 1
[    7.148411] initcall msr_init+0x0/0xd7 returned 0 after 8348 usecs
[    7.155524] calling  cpuid_init+0x0/0xd7 @ 1
[    7.165793] initcall cpuid_init+0x0/0xd7 returned 0 after 4917 usecs
[    7.173227] calling  ioapic_init_ops+0x0/0x13 @ 1
[    7.178580] initcall ioapic_init_ops+0x0/0x13 returned 0 after 24 usecs
[    7.186055] calling  add_pcspkr+0x0/0x6c @ 1
[    7.192513] initcall add_pcspkr+0x0/0x6c returned 0 after 287 usecs
[    7.199861] calling  start_periodic_check_for_corruption+0x0/0x30 @ 1
[    7.207410] check: Scanning for low memory corruption every 60 seconds
[    7.214669] initcall start_periodic_check_for_corruption+0x0/0x30 returned 0 after 7120 usecs
[    7.224295] calling  sysfb_init+0x0/0x9c @ 1
[    7.229435] initcall sysfb_init+0x0/0x9c returned 0 after 125 usecs
[    7.238446] calling  audit_classes_init+0x0/0xae @ 1
[    7.244891] initcall audit_classes_init+0x0/0xae returned 0 after 40 usecs
[    7.252772] calling  iosf_mbi_init+0x0/0x24 @ 1
[    7.258517] initcall iosf_mbi_init+0x0/0x24 returned 0 after 445 usecs
[    7.266026] calling  proc_execdomains_init+0x0/0x21 @ 1
[    7.272247] initcall proc_execdomains_init+0x0/0x21 returned 0 after 53 usecs
[    7.280684] calling  register_warn_debugfs+0x0/0x23 @ 1
[    7.286876] initcall register_warn_debugfs+0x0/0x23 returned 0 after 100 usecs
[    7.296100] calling  cpuhp_sysfs_init+0x0/0x79 @ 1
[    7.302515] initcall cpuhp_sysfs_init+0x0/0x79 returned 0 after 194 usecs
[    7.310964] calling  ioresources_init+0x0/0x49 @ 1
[    7.316931] initcall ioresources_init+0x0/0x49 returned 0 after 6 usecs
[    7.325347] calling  snapshot_device_init+0x0/0xc @ 1
[    7.333530] initcall snapshot_device_init+0x0/0xc returned 0 after 984 usecs
[    7.341592] calling  irq_pm_init_ops+0x0/0x13 @ 1
[    7.347133] initcall irq_pm_init_ops+0x0/0x13 returned 0 after 13 usecs
[    7.354879] calling  rcu_torture_init+0x0/0x9a6 @ 1
[    7.360644] srcu-torture:--- Start of test: nreaders=3 nfakewriters=4 stat_interval=15 verbose=1 test_no_idle_hz=1 shuffle_interval=3 stutter=5 irqreader=1 fqs_duration=0 fqs_holdoff=0 fqs_stutter=3 test_boost=1/0 test_boost_interval=7 test_boost_duration=4 shutdown_secs=1800 stall_cpu=0 stall_cpu_holdoff=10 stall_cpu_irqsoff=0 stall_cpu_block=0 n_barrier_cbs=4 onoff_interval=1000 onoff_holdoff=30 read_exit_delay=13 read_exit_burst=16
[    7.404209] srcu:  Start-test grace-period state: g0 f0x0
[    7.410629] srcu-torture: Creating rcu_torture_writer task
[    7.418723] srcu-torture: Creating rcu_torture_fakewriter task
[    7.419101] srcu-torture: rcu_torture_writer task started
[    7.427364] srcu-torture: Creating rcu_torture_fakewriter task
[    7.427702] srcu-torture: rcu_torture_fakewriter task started
[    7.431933] srcu-torture: GP expediting controlled from boot/sysfs for srcu.
[    7.440789] srcu-torture: Creating rcu_torture_fakewriter task
[    7.441162] srcu-torture: rcu_torture_fakewriter task started
[    7.445558] rcu_torture_writer: Testing expedited GPs.
[    7.445559] rcu_torture_writer: Testing asynchronous GPs.
[    7.445560] rcu_torture_writer: Testing normal GPs.
[    7.490570] srcu-torture: Creating rcu_torture_fakewriter task
[    7.490886] srcu-torture: rcu_torture_fakewriter task started
[    7.498848] srcu-torture: Creating rcu_torture_reader task
[    7.499205] srcu-torture: rcu_torture_fakewriter task started
[    7.518433] srcu-torture: Creating rcu_torture_reader task
[    7.520511] srcu-torture: rcu_torture_reader task started
[    7.526898] srcu-torture: Creating rcu_torture_reader task
[    7.527451] srcu-torture: rcu_torture_reader task started
[    7.546751] srcu-torture: Creating rcu_torture_stats task
[    7.546776] srcu-torture: rcu_torture_reader task started
[    7.561081] srcu-torture: Creating torture_shuffle task
[    7.564364] srcu-torture: rcu_torture_stats task started
[    7.568559] srcu-torture: Creating torture_stutter task
[    7.568802] srcu-torture: torture_shuffle task started
[    7.588455] srcu-torture: Creating torture_shutdown task
[    7.592083] srcu-torture: torture_stutter task started
[    7.596733] srcu-torture: Creating torture_onoff task
[    7.602243] srcu-torture: torture_shutdown task started
[    7.610083] srcu-torture: rcu_torture_fwd_prog_init: Disabled, unsupported by RCU flavor under test
[    7.611081] srcu-torture: torture_onoff task started
[    7.611082] srcu-torture: torture_onoff begin holdoff
[    7.617101] srcu-torture:torture_shutdown task: 1799971 ms remaining
[    7.630065] srcu-torture: Creating rcu_torture_barrier_cbs task
[    7.631679] srcu-torture: Creating rcu_torture_barrier_cbs task
[    7.631687] srcu-torture: rcu_torture_barrier_cbs task started
[    7.671369] srcu-torture: Creating rcu_torture_barrier_cbs task
[    7.671394] srcu-torture: rcu_torture_barrier_cbs task started
[    7.681293] srcu-torture: Creating rcu_torture_barrier_cbs task
[    7.681308] srcu-torture: rcu_torture_barrier_cbs task started
[    7.705803] srcu-torture: Creating rcu_torture_barrier task
[    7.706172] srcu-torture: rcu_torture_barrier_cbs task started
[    7.713577] srcu-torture: Creating rcu_torture_read_exit task
[    7.713632] srcu-torture: rcu_torture_barrier task starting
[    7.736549] initcall rcu_torture_init+0x0/0x9a6 returned 0 after 367166 usecs
[    7.736624] srcu-torture: rcu_torture_read_exit: Start of test
[    7.746943] calling  timekeeping_init_ops+0x0/0x13 @ 1
[    7.747019] initcall timekeeping_init_ops+0x0/0x13 returned 0 after 27 usecs
[    7.747098] calling  init_clocksource_sysfs+0x0/0x23 @ 1
[    7.747220] initcall init_clocksource_sysfs+0x0/0x23 returned 0 after 116 usecs
[    7.786835] calling  init_timer_list_procfs+0x0/0x31 @ 1
[    7.793030] initcall init_timer_list_procfs+0x0/0x31 returned 0 after 5 usecs
[    7.801505] calling  alarmtimer_init+0x0/0xc7 @ 1
[    7.807130] initcall alarmtimer_init+0x0/0xc7 returned 0 after 225 usecs
[    7.814863] calling  init_posix_timers+0x0/0x29 @ 1
[    7.820399] initcall init_posix_timers+0x0/0x29 returned 0 after 5 usecs
[    7.828109] calling  clockevents_init_sysfs+0x0/0xbf @ 1
[    7.834443] initcall clockevents_init_sysfs+0x0/0xbf returned 0 after 151 usecs
[    7.842907] calling  proc_dma_init+0x0/0x21 @ 1
[    7.848113] initcall proc_dma_init+0x0/0x21 returned 0 after 18 usecs
[    7.855406] calling  proc_modules_init+0x0/0x1e @ 1
[    7.861016] initcall proc_modules_init+0x0/0x1e returned 0 after 3 usecs
[    7.868662] calling  kallsyms_init+0x0/0x21 @ 1
[    7.873935] initcall kallsyms_init+0x0/0x21 returned 0 after 2 usecs
[    7.881141] calling  pid_namespaces_init+0x0/0x2c @ 1
[    7.887164] initcall pid_namespaces_init+0x0/0x2c returned 0 after 43 usecs
[    7.895156] calling  audit_watch_init+0x0/0x37 @ 1
[    7.900772] initcall audit_watch_init+0x0/0x37 returned 0 after 15 usecs
[    7.908468] calling  audit_fsnotify_init+0x0/0x37 @ 1
[    7.914145] initcall audit_fsnotify_init+0x0/0x37 returned 0 after 1 usecs
[    7.922052] calling  audit_tree_init+0x0/0x6d @ 1
[    7.927606] initcall audit_tree_init+0x0/0x6d returned 0 after 7 usecs
[    7.935093] calling  seccomp_sysctl_init+0x0/0x2b @ 1
[    7.941096] initcall seccomp_sysctl_init+0x0/0x2b returned 0 after 25 usecs
[    7.949098] calling  utsname_sysctl_init+0x0/0x13 @ 1
[    7.955083] initcall utsname_sysctl_init+0x0/0x13 returned 0 after 35 usecs
[    7.963001] calling  init_tracepoints+0x0/0x27 @ 1
[    7.968582] initcall init_tracepoints+0x0/0x27 returned 0 after 25 usecs
[    7.976253] calling  init_blk_tracer+0x0/0x50 @ 1
[    7.982406] initcall init_blk_tracer+0x0/0x50 returned 0 after 623 usecs
[    7.990032] calling  perf_event_sysfs_init+0x0/0x81 @ 1
[    7.996350] initcall perf_event_sysfs_init+0x0/0x81 returned 0 after 262 usecs
[    8.004477] calling  system_trusted_keyring_init+0x0/0x60 @ 1
[    8.011172] Initialise system trusted keyrings
[    8.016753] initcall system_trusted_keyring_init+0x0/0x60 returned 0 after 5466 usecs
[    8.025785] calling  kswapd_init+0x0/0x5c @ 1
[    8.032178] initcall kswapd_init+0x0/0x5c returned 0 after 1101 usecs
[    8.039691] calling  extfrag_debug_init+0x0/0x54 @ 1
[    8.045568] initcall extfrag_debug_init+0x0/0x54 returned 0 after 43 usecs
[    8.053440] calling  mm_compute_batch_init+0x0/0x12 @ 1
[    8.059486] initcall mm_compute_batch_init+0x0/0x12 returned 0 after 1 usecs
[    8.067647] calling  slab_proc_init+0x0/0x21 @ 1
[    8.073157] initcall slab_proc_init+0x0/0x21 returned 0 after 59 usecs
[    8.080629] calling  workingset_init+0x0/0x8c @ 1
[    8.086155] workingset: timestamp_bits=56 max_order=17 bucket_order=0
[    8.093537] initcall workingset_init+0x0/0x8c returned 0 after 7218 usecs
[    8.101197] calling  proc_vmalloc_init+0x0/0x32 @ 1
[    8.106801] initcall proc_vmalloc_init+0x0/0x32 returned 0 after 22 usecs
[    8.114666] calling  procswaps_init+0x0/0x1e @ 1
[    8.120312] initcall procswaps_init+0x0/0x1e returned 0 after 59 usecs
[    8.128124] calling  slab_sysfs_init+0x0/0xea @ 1
[    8.141932] initcall slab_sysfs_init+0x0/0xea returned 0 after 7129 usecs
[    8.149929] calling  fcntl_init+0x0/0x29 @ 1
[    8.155331] initcall fcntl_init+0x0/0x29 returned 0 after 8 usecs
[    8.162341] calling  proc_filesystems_init+0x0/0x21 @ 1
[    8.168509] initcall proc_filesystems_init+0x0/0x21 returned 0 after 5 usecs
[    8.176877] calling  start_dirtytime_writeback+0x0/0x29 @ 1
[    8.183596] initcall start_dirtytime_writeback+0x0/0x29 returned 0 after 2 usecs
[    8.192116] calling  blkdev_init+0x0/0x1b @ 1
[    8.197429] initcall blkdev_init+0x0/0x1b returned 0 after 198 usecs
[    8.205419] calling  dio_init+0x0/0x2c @ 1
[    8.212120] initcall dio_init+0x0/0x2c returned 0 after 114 usecs
[    8.219443] calling  dnotify_init+0x0/0x78 @ 1
[    8.224856] initcall dnotify_init+0x0/0x78 returned 0 after 15 usecs
[    8.242384] calling  aio_setup+0x0/0x78 @ 1
[    8.254304] initcall aio_setup+0x0/0x78 returned 0 after 4104 usecs
[    8.262792] calling  io_uring_init+0x0/0x2c @ 1
[    8.268671] initcall io_uring_init+0x0/0x2c returned 0 after 25 usecs
[    8.276846] calling  mbcache_init+0x0/0x30 @ 1
[    8.283935] initcall mbcache_init+0x0/0x30 returned 0 after 1440 usecs
[    8.292194] calling  init_grace+0x0/0xc @ 1
[    8.297607] initcall init_grace+0x0/0xc returned 0 after 175 usecs
[    8.305054] calling  init_v2_quota_format+0x0/0x21 @ 1
[    8.311283] initcall init_v2_quota_format+0x0/0x21 returned 0 after 62 usecs
[    8.320056] calling  init_devpts_fs+0x0/0x27 @ 1
[    8.329766] initcall init_devpts_fs+0x0/0x27 returned 0 after 3798 usecs
[    8.338239] calling  ext4_init_fs+0x0/0x1d0 @ 1
[    8.345542] initcall ext4_init_fs+0x0/0x1d0 returned 0 after 1447 usecs
[    8.354096] calling  journal_init+0x0/0x11c @ 1
[    8.360203] initcall journal_init+0x0/0x11c returned 0 after 137 usecs
[    8.368450] calling  init_fat_fs+0x0/0x49 @ 1
[    8.374099] initcall init_fat_fs+0x0/0x49 returned 0 after 86 usecs
[    8.382094] calling  init_vfat_fs+0x0/0xc @ 1
[    8.387737] initcall init_vfat_fs+0x0/0xc returned 0 after 3 usecs
[    8.395760] calling  init_msdos_fs+0x0/0xc @ 1
[    8.401794] initcall init_msdos_fs+0x0/0xc returned 0 after 3 usecs
[    8.409793] calling  init_iso9660_fs+0x0/0x6c @ 1
[    8.418355] initcall init_iso9660_fs+0x0/0x6c returned 0 after 1248 usecs
[    8.426383] calling  init_nfs_fs+0x0/0x13a @ 1
[    8.435920] initcall init_nfs_fs+0x0/0x13a returned 0 after 4098 usecs
[    8.443864] calling  init_nfs_v2+0x0/0x13 @ 1
[    8.449116] initcall init_nfs_v2+0x0/0x13 returned 0 after 40 usecs
[    8.456346] calling  init_nfs_v3+0x0/0x13 @ 1
[    8.461731] initcall init_nfs_v3+0x0/0x13 returned 0 after 14 usecs
[    8.469200] calling  init_nfs_v4+0x0/0x32 @ 1
[    8.475809] NFS: Registering the id_resolver key type
[    8.483348] Key type id_resolver registered
[    8.488454] Key type id_legacy registered
[    8.493351] initcall init_nfs_v4+0x0/0x32 returned 0 after 17144 usecs
[    8.501237] calling  init_nlm+0x0/0x5b @ 1
[    8.506395] initcall init_nlm+0x0/0x5b returned 0 after 117 usecs
[    8.513748] calling  init_nls_cp437+0x0/0xe @ 1
[    8.519207] initcall init_nls_cp437+0x0/0xe returned 0 after 40 usecs
[    8.527044] calling  init_nls_ascii+0x0/0xe @ 1
[    8.532756] initcall init_nls_ascii+0x0/0xe returned 0 after 0 usecs
[    8.540293] calling  init_nls_iso8859_1+0x0/0xe @ 1
[    8.546289] initcall init_nls_iso8859_1+0x0/0xe returned 0 after 0 usecs
[    8.554446] calling  init_nls_utf8+0x0/0x21 @ 1
[    8.560065] initcall init_nls_utf8+0x0/0x21 returned 0 after 1 usecs
[    8.567971] calling  init_autofs_fs+0x0/0x25 @ 1
[    8.576487] initcall init_autofs_fs+0x0/0x25 returned 0 after 2729 usecs
[    8.585128] calling  ipc_init+0x0/0x24 @ 1
[    8.590320] initcall ipc_init+0x0/0x24 returned 0 after 152 usecs
[    8.597967] calling  ipc_sysctl_init+0x0/0x13 @ 1
[    8.603936] initcall ipc_sysctl_init+0x0/0x13 returned 0 after 22 usecs
[    8.611998] calling  init_mqueue_fs+0x0/0x9a @ 1
[    8.618478] initcall init_mqueue_fs+0x0/0x9a returned 0 after 796 usecs
[    8.626835] calling  key_proc_init+0x0/0x63 @ 1
[    8.632467] initcall key_proc_init+0x0/0x63 returned 0 after 26 usecs
[    8.640514] calling  selinux_nf_ip_init+0x0/0x2e @ 1
[    8.647148] initcall selinux_nf_ip_init+0x0/0x2e returned 0 after 84 usecs
[    8.656027] calling  init_sel_fs+0x0/0x116 @ 1
[    8.661584] initcall init_sel_fs+0x0/0x116 returned 0 after 0 usecs
[    8.669302] calling  selnl_init+0x0/0x7c @ 1
[    8.674869] initcall selnl_init+0x0/0x7c returned 0 after 339 usecs
[    8.682634] calling  sel_netif_init+0x0/0x36 @ 1
[    8.688359] initcall sel_netif_init+0x0/0x36 returned 0 after 0 usecs
[    8.696051] calling  sel_netnode_init+0x0/0x33 @ 1
[    8.701825] initcall sel_netnode_init+0x0/0x33 returned 0 after 0 usecs
[    8.709817] calling  sel_netport_init+0x0/0x33 @ 1
[    8.715668] initcall sel_netport_init+0x0/0x33 returned 0 after 0 usecs
[    8.723565] calling  aurule_init+0x0/0x2a @ 1
[    8.728904] initcall aurule_init+0x0/0x2a returned 0 after 1 usecs
[    8.736431] calling  crypto_algapi_init+0x0/0xc @ 1
[    8.742229] initcall crypto_algapi_init+0x0/0xc returned 0 after 26 usecs
[    8.751261] calling  jent_mod_init+0x0/0x2d @ 1
[    8.769912] initcall jent_mod_init+0x0/0x2d returned 0 after 11816 usecs
[    8.778500] calling  asymmetric_key_init+0x0/0xc @ 1
[    8.784973] Key type asymmetric registered
[    8.790137] initcall asymmetric_key_init+0x0/0xc returned 0 after 5055 usecs
[    8.798570] calling  x509_key_init+0x0/0xc @ 1
[    8.804215] Asymmetric key parser 'x509' registered
[    8.810797] initcall x509_key_init+0x0/0xc returned 0 after 6445 usecs
[    8.819188] calling  proc_genhd_init+0x0/0x41 @ 1
[    8.825348] initcall proc_genhd_init+0x0/0x41 returned 0 after 33 usecs
[    8.833796] calling  bsg_init+0x0/0x113 @ 1
[    8.839685] Block layer SCSI generic (bsg) driver version 0.4 loaded (major 251)
[    8.849787] initcall bsg_init+0x0/0x113 returned 0 after 10149 usecs
[    8.857302] calling  deadline_init+0x0/0xc @ 1
[    8.862958] io scheduler mq-deadline registered
[    8.868474] initcall deadline_init+0x0/0xc returned 0 after 5467 usecs
[    8.876596] calling  kyber_init+0x0/0xc @ 1
[    8.882084] io scheduler kyber registered
[    8.887196] initcall kyber_init+0x0/0xc returned 0 after 5032 usecs
[    8.895010] calling  mod_init+0x0/0x7 @ 1
[    8.900068] initcall mod_init+0x0/0x7 returned 0 after 0 usecs
[    8.907193] calling  percpu_counter_startup+0x0/0x55 @ 1
[    8.916303] initcall percpu_counter_startup+0x0/0x55 returned 0 after 2332 usecs
[    8.926113] calling  sg_pool_init+0x0/0xb4 @ 1
[    8.932314] initcall sg_pool_init+0x0/0xb4 returned 0 after 475 usecs
[    8.940435] calling  pcie_portdrv_init+0x0/0x39 @ 1
[    8.947721] initcall pcie_portdrv_init+0x0/0x39 returned 0 after 937 usecs
[    8.956308] calling  pci_proc_init+0x0/0x68 @ 1
[    8.962212] initcall pci_proc_init+0x0/0x68 returned 0 after 27 usecs
[    8.970184] calling  pci_hotplug_init+0x0/0x7 @ 1
[    8.976300] initcall pci_hotplug_init+0x0/0x7 returned 0 after 0 usecs
[    8.984694] calling  efifb_driver_init+0x0/0xe @ 1
[    8.991932] initcall efifb_driver_init+0x0/0xe returned 0 after 782 usecs
[    9.000696] calling  ged_driver_init+0x0/0xe @ 1
[    9.006887] initcall ged_driver_init+0x0/0xe returned 0 after 173 usecs
[    9.015888] calling  acpi_ac_init+0x0/0x92 @ 1
[    9.022611] initcall acpi_ac_init+0x0/0x92 returned 0 after 576 usecs
[    9.030571] calling  acpi_button_driver_init+0x0/0x52 @ 1
[    9.038454] input: Power Button as /devices/LNXSYSTM:00/LNXPWRBN:00/input/input0
[    9.048222] ACPI: Power Button [PWRF]
[    9.053945] initcall acpi_button_driver_init+0x0/0x52 returned 0 after 16319 usecs
[    9.065125] calling  acpi_fan_driver_init+0x0/0xe @ 1
[    9.072236] initcall acpi_fan_driver_init+0x0/0xe returned 0 after 23 usecs
[    9.082478] calling  acpi_video_init+0x0/0xcb @ 1
[    9.089184] initcall acpi_video_init+0x0/0xcb returned 0 after 85 usecs
[    9.097549] calling  acpi_processor_driver_init+0x0/0xad @ 1
[    9.106508] initcall acpi_processor_driver_init+0x0/0xad returned 0 after 1298 usecs
[    9.117000] calling  acpi_thermal_init+0x0/0x71 @ 1
[    9.125148] initcall acpi_thermal_init+0x0/0x71 returned 0 after 1387 usecs
[    9.135455] calling  acpi_battery_init+0x0/0x32 @ 1
[    9.143580] initcall acpi_battery_init+0x0/0x32 returned 0 after 368 usecs
[    9.154604] calling  bgrt_init+0x0/0xb6 @ 1
[    9.161256] initcall bgrt_init+0x0/0xb6 returned -19 after 0 usecs
[    9.171236] calling  gpio_clk_driver_init+0x0/0xe @ 1
[    9.178516] initcall gpio_clk_driver_init+0x0/0xe returned 0 after 58 usecs
[    9.187373] calling  plt_clk_driver_init+0x0/0xe @ 1
[    9.193740] initcall plt_clk_driver_init+0x0/0xe returned 0 after 15 usecs
[    9.202559] calling  virtio_pci_driver_init+0x0/0x15 @ 1
[    9.209420] initcall virtio_pci_driver_init+0x0/0x15 returned 0 after 82 usecs
[    9.218763] calling  n_null_init+0x0/0x1e @ 1
[    9.224536] initcall n_null_init+0x0/0x1e returned 0 after 16 usecs
[    9.233356] calling  pty_init+0x0/0x1e8 @ 1
[    9.241329] initcall pty_init+0x0/0x1e8 returned 0 after 1796 usecs
[    9.250176] calling  sysrq_init+0x0/0x62 @ 1
[    9.256124] initcall sysrq_init+0x0/0x62 returned 0 after 5 usecs
[    9.264066] calling  serial8250_init+0x0/0x17e @ 1
[    9.271068] Serial: 8250/16550 driver, 4 ports, IRQ sharing enabled
[    9.283165] 00:03: ttyS0 at I/O 0x3f8 (irq = 4, base_baud = 115200) is a 16550A
[    9.302657] initcall serial8250_init+0x0/0x17e returned 0 after 30887 usecs
[    9.312307] calling  serial_pci_driver_init+0x0/0x15 @ 1
[    9.319935] initcall serial_pci_driver_init+0x0/0x15 returned 0 after 72 usecs
[    9.329946] calling  exar_pci_driver_init+0x0/0x15 @ 1
[    9.337147] initcall exar_pci_driver_init+0x0/0x15 returned 0 after 29 usecs
[    9.346564] calling  lpss8250_pci_driver_init+0x0/0x15 @ 1
[    9.354178] initcall lpss8250_pci_driver_init+0x0/0x15 returned 0 after 17 usecs
[    9.364173] calling  mid8250_pci_driver_init+0x0/0x15 @ 1
[    9.371764] initcall mid8250_pci_driver_init+0x0/0x15 returned 0 after 59 usecs
[    9.381827] calling  virtio_console_init+0x0/0xff @ 1
[    9.389191] initcall virtio_console_init+0x0/0xff returned 0 after 284 usecs
[    9.398298] calling  hpet_init+0x0/0x64 @ 1
[    9.413334] initcall hpet_init+0x0/0x64 returned 0 after 8741 usecs
[    9.422573] calling  nvram_module_init+0x0/0x83 @ 1
[    9.430790] Non-volatile memory driver v1.3
[    9.436998] initcall nvram_module_init+0x0/0x83 returned 0 after 6594 usecs
[    9.446280] calling  hwrng_modinit+0x0/0x8a @ 1
[    9.453086] initcall hwrng_modinit+0x0/0x8a returned 0 after 831 usecs
[    9.461761] calling  mod_init+0x0/0x48 @ 1
[    9.467418] initcall mod_init+0x0/0x48 returned -19 after 40 usecs
[    9.475715] calling  agp_init+0x0/0x23 @ 1
[    9.481236] Linux agpgart interface v0.103
[    9.486978] initcall agp_init+0x0/0x23 returned 0 after 5606 usecs
[    9.495551] calling  agp_amd64_mod_init+0x0/0x5 @ 1
[    9.503491] initcall agp_amd64_mod_init+0x0/0x5 returned -19 after 115 usecs
[    9.513196] calling  agp_intel_init+0x0/0x28 @ 1
[    9.521640] initcall agp_intel_init+0x0/0x28 returned 0 after 1270 usecs
[    9.531041] calling  drm_kms_helper_init+0x0/0x7 @ 1
[    9.538968] initcall drm_kms_helper_init+0x0/0x7 returned 0 after 55 usecs
[    9.548946] calling  drm_core_init+0x0/0xa4 @ 1
[    9.555946] initcall drm_core_init+0x0/0xa4 returned 0 after 421 usecs
[    9.565177] calling  i915_init+0x0/0x6b @ 1
[    9.571443] initcall i915_init+0x0/0x6b returned 0 after 542 usecs
[    9.579379] calling  cn_proc_init+0x0/0x35 @ 1
[    9.585852] initcall cn_proc_init+0x0/0x35 returned 0 after 2 usecs
[    9.594355] calling  topology_sysfs_init+0x0/0x27 @ 1
[    9.601702] initcall topology_sysfs_init+0x0/0x27 returned 0 after 114 usecs
[    9.612067] calling  cacheinfo_sysfs_init+0x0/0x27 @ 1
[    9.623901] initcall cacheinfo_sysfs_init+0x0/0x27 returned 0 after 3918 usecs
[    9.634331] calling  loop_init+0x0/0x168 @ 1
[    9.686148] loop: module loaded
[    9.691164] initcall loop_init+0x0/0x168 returned 0 after 49080 usecs
[    9.701200] calling  mac_hid_init+0x0/0x21 @ 1
[    9.708161] initcall mac_hid_init+0x0/0x21 returned 0 after 104 usecs
[    9.717590] calling  spi_transport_init+0x0/0x74 @ 1
[    9.724827] initcall spi_transport_init+0x0/0x74 returned 0 after 123 usecs
[    9.735299] calling  init_sd+0x0/0x18c @ 1
[    9.741770] initcall init_sd+0x0/0x18c returned 0 after 342 usecs
[    9.750675] calling  init_sr+0x0/0x43 @ 1
[    9.756403] initcall init_sr+0x0/0x43 returned 0 after 43 usecs
[    9.764446] calling  init_sg+0x0/0x1c0 @ 1
[    9.770565] initcall init_sg+0x0/0x1c0 returned 0 after 63 usecs
[    9.780407] calling  ahci_pci_driver_init+0x0/0x15 @ 1
[    9.788838] ahci 0000:00:1f.2: version 3.0
[    9.800581] PCI Interrupt Link [GSIA] enabled at IRQ 16
[    9.822851] ahci 0000:00:1f.2: AHCI 0001.0000 32 slots 6 ports 1.5 Gbps 0x3f impl SATA mode
[    9.834669] ahci 0000:00:1f.2: flags: 64bit ncq only 
[    9.861852] scsi host0: ahci
[    9.870591] scsi host1: ahci
[    9.881777] scsi host2: ahci
[    9.890455] scsi host3: ahci
[    9.900311] scsi host4: ahci
[    9.910690] scsi host5: ahci
[    9.915829] ata1: SATA max UDMA/133 abar m4096@0xfebf1000 port 0xfebf1100 irq 24
[    9.927096] ata2: SATA max UDMA/133 abar m4096@0xfebf1000 port 0xfebf1180 irq 24
[    9.937966] ata3: SATA max UDMA/133 abar m4096@0xfebf1000 port 0xfebf1200 irq 24
[    9.948512] ata4: SATA max UDMA/133 abar m4096@0xfebf1000 port 0xfebf1280 irq 24
[    9.959299] ata5: SATA max UDMA/133 abar m4096@0xfebf1000 port 0xfebf1300 irq 24
[    9.970199] ata6: SATA max UDMA/133 abar m4096@0xfebf1000 port 0xfebf1380 irq 24
[    9.981777] initcall ahci_pci_driver_init+0x0/0x15 returned 0 after 189091 usecs
[    9.993125] calling  piix_init+0x0/0x26 @ 1
[    9.999839] initcall piix_init+0x0/0x26 returned 0 after 90 usecs
[   10.009062] calling  amd_pci_driver_init+0x0/0x15 @ 1
[   10.016638] initcall amd_pci_driver_init+0x0/0x15 returned 0 after 23 usecs
[   10.027286] calling  oldpiix_pci_driver_init+0x0/0x15 @ 1
[   10.035536] initcall oldpiix_pci_driver_init+0x0/0x15 returned 0 after 69 usecs
[   10.046341] calling  sch_pci_driver_init+0x0/0x15 @ 1
[   10.054151] initcall sch_pci_driver_init+0x0/0x15 returned 0 after 49 usecs
[   10.064607] calling  net_olddevs_init+0x0/0x55 @ 1
[   10.072558] initcall net_olddevs_init+0x0/0x55 returned 0 after 212 usecs
[   10.083347] calling  blackhole_netdev_init+0x0/0x78 @ 1
[   10.092307] initcall blackhole_netdev_init+0x0/0x78 returned 0 after 742 usecs
[   10.103921] calling  phy_module_init+0x0/0x13 @ 1
[   10.110785] initcall phy_module_init+0x0/0x13 returned 0 after 298 usecs
[   10.121328] calling  tg3_driver_init+0x0/0x15 @ 1
[   10.129350] initcall tg3_driver_init+0x0/0x15 returned 0 after 192 usecs
[   10.139499] calling  e100_init_module+0x0/0x4c @ 1
[   10.146851] e100: Intel(R) PRO/100 Network Driver
[   10.153936] e100: Copyright(c) 1999-2006 Intel Corporation
[   10.162635] initcall e100_init_module+0x0/0x4c returned 0 after 15427 usecs
[   10.173059] calling  e1000_init_module+0x0/0x72 @ 1
[   10.179820] e1000: Intel(R) PRO/1000 Network Driver
[   10.186651] e1000: Copyright (c) 1999-2006 Intel Corporation.
[   10.194401] initcall e1000_init_module+0x0/0x72 returned 0 after 14235 usecs
[   10.204794] calling  e1000_init_module+0x0/0x2d @ 1
[   10.211504] e1000e: Intel(R) PRO/1000 Network Driver
[   10.219865] e1000e: Copyright(c) 1999 - 2015 Intel Corporation.
[   10.229356] initcall e1000_init_module+0x0/0x2d returned 0 after 17447 usecs
[   10.240547] calling  sky2_init_module+0x0/0x21 @ 1
[   10.249187] sky2: driver version 1.30
[   10.255704] initcall sky2_init_module+0x0/0x21 returned 0 after 6345 usecs
[   10.267451] calling  forcedeth_pci_driver_init+0x0/0x15 @ 1
[   10.277560] initcall forcedeth_pci_driver_init+0x0/0x15 returned 0 after 455 usecs
[   10.287479] calling  rtl8139_init_module+0x0/0x15 @ 1
[   10.297316] initcall rtl8139_init_module+0x0/0x15 returned 0 after 58 usecs
[   10.299121] ata2: SATA link down (SStatus 0 SControl 300)
[   10.307437] calling  rtl8169_pci_driver_init+0x0/0x15 @ 1
[   10.307508] initcall rtl8169_pci_driver_init+0x0/0x15 returned 0 after 66 usecs
[   10.319400] ata3: SATA link up 1.5 Gbps (SStatus 113 SControl 300)
[   10.325128] calling  cdrom_init+0x0/0xc @ 1
[   10.345386] ata1: SATA link down (SStatus 0 SControl 300)
[   10.350492] initcall cdrom_init+0x0/0xc returned 0 after 556 usecs
[   10.356849] ata3.00: ATAPI: QEMU DVD-ROM, 2.5+, max UDMA/100
[   10.365672] calling  nonstatic_sysfs_init+0x0/0xc @ 1
[   10.375562] ata3.00: applying bridge limits
[   10.377983] ata4: SATA link down (SStatus 0 SControl 300)
[   10.385595] initcall nonstatic_sysfs_init+0x0/0xc returned 0 after 66 usecs
[   10.385599] calling  yenta_cardbus_driver_init+0x0/0x15 @ 1
[   10.385914] initcall yenta_cardbus_driver_init+0x0/0x15 returned 0 after 304 usecs
[   10.395879] ata6: SATA link down (SStatus 0 SControl 300)
[   10.400312] calling  mon_init+0x0/0x12d @ 1
[   10.408116] ata3.00: configured for UDMA/100
[   10.420225] initcall mon_init+0x0/0x12d returned 0 after 1525 usecs
[   10.429138] ata5: SATA link down (SStatus 0 SControl 300)
[   10.439547] calling  ehci_hcd_init+0x0/0x56 @ 1
[   10.460883] scsi 2:0:0:0: CD-ROM            QEMU     QEMU DVD-ROM     2.5+ PQ: 0 ANSI: 5
[   10.466498] hrtimer: interrupt took 2479686 ns
[   10.506725] ehci_hcd: USB 2.0 'Enhanced' Host Controller (EHCI) Driver
[   10.517865] initcall ehci_hcd_init+0x0/0x56 returned 0 after 11002 usecs
[   10.529374] calling  ehci_pci_init+0x0/0x64 @ 1
[   10.537970] ehci-pci: EHCI PCI platform driver
[   10.545249] initcall ehci_pci_init+0x0/0x64 returned 0 after 7105 usecs
[   10.555829] calling  ohci_hcd_mod_init+0x0/0x4e @ 1
[   10.563229] ohci_hcd: USB 1.1 'Open' Host Controller (OHCI) Driver
[   10.573172] initcall ohci_hcd_mod_init+0x0/0x4e returned 0 after 9758 usecs
[   10.583960] calling  ohci_pci_init+0x0/0x64 @ 1
[   10.591212] ohci-pci: OHCI PCI platform driver
[   10.599258] initcall ohci_pci_init+0x0/0x64 returned 0 after 7854 usecs
[   10.609887] calling  uhci_hcd_init+0x0/0xa8 @ 1
[   10.616981] uhci_hcd: USB Universal Host Controller Interface driver
[   10.627488] initcall uhci_hcd_init+0x0/0xa8 returned 0 after 10256 usecs
[   10.639902] calling  xhci_hcd_init+0x0/0x1e @ 1
[   10.647865] initcall xhci_hcd_init+0x0/0x1e returned 0 after 37 usecs
[   10.658922] calling  xhci_pci_init+0x0/0x49 @ 1
[   10.666104] initcall xhci_pci_init+0x0/0x49 returned 0 after 227 usecs
[   10.675773] calling  usblp_driver_init+0x0/0x15 @ 1
[   10.683972] usbcore: registered new interface driver usblp
[   10.692402] initcall usblp_driver_init+0x0/0x15 returned 0 after 8603 usecs
[   10.704781] calling  usb_storage_driver_init+0x0/0x2a @ 1
[   10.713835] usbcore: registered new interface driver usb-storage
[   10.723920] initcall usb_storage_driver_init+0x0/0x2a returned 0 after 10048 usecs
[   10.735263] calling  i8042_init+0x0/0x4c2 @ 1
[   10.743976] i8042: PNP: PS/2 Controller [PNP0303:KBD,PNP0f13:MOU] at 0x60,0x64 irq 1,12
[   10.776598] serio: i8042 KBD port at 0x60,0x64 irq 1
[   10.785570] serio: i8042 AUX port at 0x60,0x64 irq 12
[   10.794653] initcall i8042_init+0x0/0x4c2 returned 0 after 50475 usecs
[   10.804421] calling  serport_init+0x0/0x2c @ 1
[   10.812300] initcall serport_init+0x0/0x2c returned 0 after 1 usecs
[   10.822440] calling  input_leds_init+0x0/0xc @ 1
[   10.831068] initcall input_leds_init+0x0/0xc returned 0 after 2 usecs
[   10.843116] calling  evdev_init+0x0/0xc @ 1
[   10.851985] initcall evdev_init+0x0/0xc returned 0 after 1014 usecs
[   10.862094] calling  atkbd_init+0x0/0x21 @ 1
[   10.865205] sr 2:0:0:0: [sr0] scsi3-mmc drive: 4x/4x cd/rw xa/form2 tray
[   10.869538] initcall atkbd_init+0x0/0x21 returned 0 after 250 usecs
[   10.881582] cdrom: Uniform CD-ROM driver Revision: 3.20
[   10.900795] calling  psmouse_init+0x0/0x7f @ 1
[   10.908055] initcall psmouse_init+0x0/0x7f returned 0 after 210 usecs
[   10.918203] calling  cmos_init+0x0/0x73 @ 1
[   10.925866] rtc_cmos 00:04: RTC can wake from S4
[   10.941878] rtc_cmos 00:04: registered as rtc0
[   10.950940] rtc_cmos 00:04: alarms up to one day, y3k, 242 bytes nvram, hpet irqs
[   10.963278] initcall cmos_init+0x0/0x73 returned 0 after 37548 usecs
[   10.974958] calling  smbalert_driver_init+0x0/0xe @ 1
[   10.983115] initcall smbalert_driver_init+0x0/0xe returned 0 after 170 usecs
[   10.994908] calling  i2c_i801_init+0x0/0xc5 @ 1
[   11.007258] i801_smbus 0000:00:1f.3: SMBus using PCI interrupt
[   11.017848] i2c i2c-0: 1/1 memory slots populated (from DMI)
[   11.026768] i2c i2c-0: Memory type 0x07 not supported yet, not instantiating SPD
[   11.038492] initcall i2c_i801_init+0x0/0xc5 returned 0 after 34707 usecs
[   11.048251] calling  ptp_kvm_init+0x0/0xf0 @ 1
[   11.055958] initcall ptp_kvm_init+0x0/0xf0 returned 0 after 745 usecs
[   11.060254] input: AT Translated Set 2 keyboard as /devices/platform/i8042/serio0/input/input1
[   11.066080] calling  dm_init+0x0/0x3c @ 1
[   11.071768] device-mapper: ioctl: 4.43.0-ioctl (2020-10-01) initialised: dm-devel@redhat.com
[   11.098556] initcall dm_init+0x0/0x3c returned 0 after 31706 usecs
[   11.109754] calling  dm_mirror_init+0x0/0x29 @ 1
[   11.127121] initcall dm_mirror_init+0x0/0x29 returned 0 after 1420 usecs
[   11.142230] calling  dm_dirty_log_init+0x0/0x4f @ 1
[   11.150256] initcall dm_dirty_log_init+0x0/0x4f returned 0 after 69 usecs
[   11.161798] calling  dm_zero_init+0x0/0x29 @ 1
[   11.169176] initcall dm_zero_init+0x0/0x29 returned 0 after 172 usecs
[   11.180921] calling  intel_pstate_init+0x0/0x510 @ 1
[   11.189317] intel_pstate: CPU model not supported
[   11.196718] initcall intel_pstate_init+0x0/0x510 returned -19 after 7449 usecs
[   11.207867] calling  haltpoll_init+0x0/0xc0 @ 1
[   11.215165] initcall haltpoll_init+0x0/0xc0 returned -19 after 220 usecs
[   11.225967] calling  efivars_sysfs_init+0x0/0x30 @ 1
[   11.233736] initcall efivars_sysfs_init+0x0/0x30 returned 0 after 121 usecs
[   11.244199] calling  esrt_sysfs_init+0x0/0x2a2 @ 1
[   11.251999] initcall esrt_sysfs_init+0x0/0x2a2 returned -38 after 23 usecs
[   11.263056] calling  hid_init+0x0/0x5c @ 1
[   11.276951] hid: raw HID events driver (C) Jiri Kosina
[   11.287665] initcall hid_init+0x0/0x5c returned 0 after 17901 usecs
[   11.297106] calling  hid_generic_init+0x0/0x15 @ 1
[   11.305337] initcall hid_generic_init+0x0/0x15 returned 0 after 1252 usecs
[   11.316298] calling  a4_driver_init+0x0/0x15 @ 1
[   11.323855] initcall a4_driver_init+0x0/0x15 returned 0 after 37 usecs
[   11.333698] calling  apple_driver_init+0x0/0x15 @ 1
[   11.341968] initcall apple_driver_init+0x0/0x15 returned 0 after 618 usecs
[   11.353051] calling  belkin_driver_init+0x0/0x15 @ 1
[   11.361525] initcall belkin_driver_init+0x0/0x15 returned 0 after 126 usecs
[   11.373097] calling  ch_driver_init+0x0/0x15 @ 1
[   11.380916] initcall ch_driver_init+0x0/0x15 returned 0 after 19 usecs
[   11.391921] calling  ch_driver_init+0x0/0x15 @ 1
[   11.399925] initcall ch_driver_init+0x0/0x15 returned 0 after 22 usecs
[   11.410294] calling  cp_driver_init+0x0/0x15 @ 1
[   11.417722] initcall cp_driver_init+0x0/0x15 returned 0 after 20 usecs
[   11.428221] calling  ez_driver_init+0x0/0x15 @ 1
[   11.435937] initcall ez_driver_init+0x0/0x15 returned 0 after 22 usecs
[   11.447056] calling  gyration_driver_init+0x0/0x15 @ 1
[   11.455245] initcall gyration_driver_init+0x0/0x15 returned 0 after 74 usecs
[   11.466449] calling  ite_driver_init+0x0/0x15 @ 1
[   11.474360] initcall ite_driver_init+0x0/0x15 returned 0 after 24 usecs
[   11.485293] calling  ks_driver_init+0x0/0x15 @ 1
[   11.492980] initcall ks_driver_init+0x0/0x15 returned 0 after 22 usecs
[   11.505238] calling  lg_driver_init+0x0/0x15 @ 1
[   11.513210] initcall lg_driver_init+0x0/0x15 returned 0 after 27 usecs
[   11.524142] calling  lg_g15_driver_init+0x0/0x15 @ 1
[   11.533686] initcall lg_g15_driver_init+0x0/0x15 returned 0 after 1648 usecs
[   11.545182] calling  ms_driver_init+0x0/0x15 @ 1
[   11.552788] initcall ms_driver_init+0x0/0x15 returned 0 after 28 usecs
[   11.564198] calling  mr_driver_init+0x0/0x15 @ 1
[   11.571690] initcall mr_driver_init+0x0/0x15 returned 0 after 94 usecs
[   11.582124] calling  ntrig_driver_init+0x0/0x15 @ 1
[   11.590478] initcall ntrig_driver_init+0x0/0x15 returned 0 after 77 usecs
[   11.603233] calling  pl_driver_init+0x0/0x15 @ 1
[   11.610398] initcall pl_driver_init+0x0/0x15 returned 0 after 24 usecs
[   11.620108] calling  pl_driver_init+0x0/0x15 @ 1
[   11.627229] initcall pl_driver_init+0x0/0x15 returned 0 after 19 usecs
[   11.637898] calling  redragon_driver_init+0x0/0x15 @ 1
[   11.646735] initcall redragon_driver_init+0x0/0x15 returned 0 after 466 usecs
[   11.658361] calling  samsung_driver_init+0x0/0x15 @ 1
[   11.666600] initcall samsung_driver_init+0x0/0x15 returned 0 after 72 usecs
[   11.678846] calling  sony_init+0x0/0x38 @ 1
[   11.685888] initcall sony_init+0x0/0x38 returned 0 after 51 usecs
[   11.696301] calling  sp_driver_init+0x0/0x15 @ 1
[   11.704581] initcall sp_driver_init+0x0/0x15 returned 0 after 107 usecs
[   11.715913] calling  ts_driver_init+0x0/0x15 @ 1
[   11.723742] initcall ts_driver_init+0x0/0x15 returned 0 after 18 usecs
[   11.734049] calling  hid_init+0x0/0x58 @ 1
[   11.741813] usbcore: registered new interface driver usbhid
[   11.752262] usbhid: USB HID core driver
[   11.758390] initcall hid_init+0x0/0x58 returned 0 after 16815 usecs
[   11.768350] calling  eeepc_laptop_init+0x0/0x57 @ 1
[   11.779851] initcall eeepc_laptop_init+0x0/0x57 returned -19 after 3792 usecs
[   11.791122] calling  pmc_atom_init+0x0/0x27a @ 1
[   11.798754] initcall pmc_atom_init+0x0/0x27a returned -19 after 377 usecs
[   11.810320] calling  alsa_hwdep_init+0x0/0x5e @ 1
[   11.819393] initcall alsa_hwdep_init+0x0/0x5e returned 0 after 631 usecs
[   11.830948] calling  alsa_timer_init+0x0/0x1f0 @ 1
[   11.842981] input: ImExPS/2 Generic Explorer Mouse as /devices/platform/i8042/serio1/input/input3
[   11.845344] initcall alsa_timer_init+0x0/0x1f0 returned 0 after 6115 usecs
[   11.869831] calling  snd_hrtimer_init+0x0/0x117 @ 1
[   11.878414] initcall snd_hrtimer_init+0x0/0x117 returned 0 after 2 usecs
[   11.889070] calling  alsa_pcm_init+0x0/0x64 @ 1
[   11.896232] initcall alsa_pcm_init+0x0/0x64 returned 0 after 7 usecs
[   11.907206] calling  alsa_seq_init+0x0/0x4a @ 1
[   11.916311] initcall alsa_seq_init+0x0/0x4a returned 0 after 1574 usecs
[   11.924637] sr 2:0:0:0: Attached scsi CD-ROM sr0
[   11.928085] calling  alsa_seq_dummy_init+0x0/0x9c @ 1
[   11.936702] sr 2:0:0:0: Attached scsi generic sg0 type 5
[   11.944470] initcall alsa_seq_dummy_init+0x0/0x9c returned 0 after 95 usecs
[   11.944474] calling  azx_driver_init+0x0/0x15 @ 1
[   11.974776] initcall azx_driver_init+0x0/0x15 returned 0 after 1146 usecs
[   11.986321] calling  sock_diag_init+0x0/0x2a @ 1
[   11.997218] initcall sock_diag_init+0x0/0x2a returned 0 after 3031 usecs
[   12.009078] calling  blackhole_init+0x0/0xc @ 1
[   12.016386] initcall blackhole_init+0x0/0xc returned 0 after 94 usecs
[   12.028132] calling  nfnetlink_init+0x0/0x57 @ 1
[   12.036848] initcall nfnetlink_init+0x0/0x57 returned 0 after 403 usecs
[   12.048972] calling  nfnetlink_log_init+0x0/0x99 @ 1
[   12.057958] initcall nfnetlink_log_init+0x0/0x99 returned 0 after 524 usecs
[   12.068995] calling  nf_conntrack_standalone_init+0x0/0x87 @ 1
[   12.083913] initcall nf_conntrack_standalone_init+0x0/0x87 returned 0 after 5617 usecs
[   12.096539] calling  ctnetlink_init+0x0/0x83 @ 1
[   12.104423] initcall ctnetlink_init+0x0/0x83 returned 0 after 2 usecs
[   12.115336] calling  nf_conntrack_ftp_init+0x0/0x12c @ 1
[   12.124148] initcall nf_conntrack_ftp_init+0x0/0x12c returned 0 after 11 usecs
[   12.136088] calling  nf_conntrack_irc_init+0x0/0x129 @ 1
[   12.145195] initcall nf_conntrack_irc_init+0x0/0x129 returned 0 after 64 usecs
[   12.157574] calling  nf_conntrack_sip_init+0x0/0x172 @ 1
[   12.166673] initcall nf_conntrack_sip_init+0x0/0x172 returned 0 after 8 usecs
[   12.179565] calling  nf_nat_init+0x0/0xd2 @ 1
[   12.187844] initcall nf_nat_init+0x0/0xd2 returned 0 after 916 usecs
[   12.199517] calling  nf_nat_ftp_init+0x0/0x2a @ 1
[   12.206895] initcall nf_nat_ftp_init+0x0/0x2a returned 0 after 1 usecs
[   12.218133] calling  nf_nat_irc_init+0x0/0x2a @ 1
[   12.225913] initcall nf_nat_irc_init+0x0/0x2a returned 0 after 0 usecs
[   12.236689] calling  nf_nat_sip_init+0x0/0x36 @ 1
[   12.244916] initcall nf_nat_sip_init+0x0/0x36 returned 0 after 1 usecs
[   12.255250] calling  xt_init+0x0/0xf8 @ 1
[   12.278350] initcall xt_init+0x0/0xf8 returned 0 after 1982 usecs
[   12.291359] calling  tcpudp_mt_init+0x0/0x11 @ 1
[   12.300048] initcall tcpudp_mt_init+0x0/0x11 returned 0 after 313 usecs
[   12.311556] calling  connsecmark_tg_init+0x0/0xc @ 1
[   12.320082] initcall connsecmark_tg_init+0x0/0xc returned 0 after 1 usecs
[   12.330911] calling  nflog_tg_init+0x0/0xc @ 1
[   12.337935] initcall nflog_tg_init+0x0/0xc returned 0 after 1 usecs
[   12.347830] calling  secmark_tg_init+0x0/0x11 @ 1
[   12.356740] initcall secmark_tg_init+0x0/0x11 returned 0 after 1 usecs
[   12.367186] calling  tcpmss_tg_init+0x0/0x11 @ 1
[   12.375095] initcall tcpmss_tg_init+0x0/0x11 returned 0 after 2 usecs
[   12.386121] calling  conntrack_mt_init+0x0/0x11 @ 1
[   12.394810] initcall conntrack_mt_init+0x0/0x11 returned 0 after 1 usecs
[   12.406424] calling  policy_mt_init+0x0/0x11 @ 1
[   12.414232] initcall policy_mt_init+0x0/0x11 returned 0 after 1 usecs
[   12.424918] calling  state_mt_init+0x0/0xc @ 1
[   12.432011] initcall state_mt_init+0x0/0xc returned 0 after 1 usecs
[   12.442064] calling  gre_offload_init+0x0/0x48 @ 1
[   12.450184] initcall gre_offload_init+0x0/0x48 returned 0 after 375 usecs
[   12.460430] calling  sysctl_ipv4_init+0x0/0x46 @ 1
[   12.468921] initcall sysctl_ipv4_init+0x0/0x46 returned 0 after 991 usecs
