c[?7l[2J[0mSeaBIOS (version 1.16.0-debian-1.16.0-4)
Booting from ROM...
early console in setup code
c[?7l[2J[    0.000000] Linux version 5.10.151+ (root@joelboxx.c.googlers.com) (gcc (Debian 12.2.0-3) 12.2.0, GNU ld (GNU Binutils for Debian) 2.39) #19 PREEMPT Tue Dec 13 09:26:59 UTC 2022
[    0.000000] Command line: selinux=0 initcall_debug debug console=ttyS0 rcutorture.n_barrier_cbs=4 rcutorture.stat_interval=15 rcutorture.shutdown_secs=1800 rcutorture.test_no_idle_hz=1 rcutorture.verbose=1
[    0.000000] x86/fpu: x87 FPU will use FXSAVE
[    0.000000] BIOS-provided physical RAM map:
[    0.000000] BIOS-e820: [mem 0x0000000000000000-0x000000000009fbff] usable
[    0.000000] BIOS-e820: [mem 0x000000000009fc00-0x000000000009ffff] reserved
[    0.000000] BIOS-e820: [mem 0x00000000000f0000-0x00000000000fffff] reserved
[    0.000000] BIOS-e820: [mem 0x0000000000100000-0x000000001ffdefff] usable
[    0.000000] BIOS-e820: [mem 0x000000001ffdf000-0x000000001fffffff] reserved
[    0.000000] BIOS-e820: [mem 0x00000000b0000000-0x00000000bfffffff] reserved
[    0.000000] BIOS-e820: [mem 0x00000000fed1c000-0x00000000fed1ffff] reserved
[    0.000000] BIOS-e820: [mem 0x00000000feffc000-0x00000000feffffff] reserved
[    0.000000] BIOS-e820: [mem 0x00000000fffc0000-0x00000000ffffffff] reserved
[    0.000000] NX (Execute Disable) protection: active
[    0.000000] SMBIOS 2.8 present.
[    0.000000] DMI: QEMU Standard PC (Q35 + ICH9, 2009), BIOS 1.16.0-debian-1.16.0-4 04/01/2014
[    0.000000] Hypervisor detected: KVM
[    0.000000] kvm-clock: Using msrs 4b564d01 and 4b564d00
[    0.000000] kvm-clock: cpu 0, msr 17666001, primary cpu clock
[    0.000001] kvm-clock: using sched offset of 2065869027 cycles
[    0.000326] clocksource: kvm-clock: mask: 0xffffffffffffffff max_cycles: 0x1cd42e4dffb, max_idle_ns: 881590591483 ns
[    0.000722] tsc: Detected 1999.999 MHz processor
[    0.011042] e820: update [mem 0x00000000-0x00000fff] usable ==> reserved
[    0.011046] e820: remove [mem 0x000a0000-0x000fffff] usable
[    0.011053] last_pfn = 0x1ffdf max_arch_pfn = 0x400000000
[    0.012452] MTRR default type: write-back
[    0.012541] MTRR fixed ranges enabled:
[    0.012543]   00000-9FFFF write-back
[    0.012544]   A0000-BFFFF uncachable
[    0.012545]   C0000-FFFFF write-protect
[    0.012546] MTRR variable ranges enabled:
[    0.012548]   0 base 00C0000000 mask FFC0000000 uncachable
[    0.012548]   1 disabled
[    0.012549]   2 disabled
[    0.012550]   3 disabled
[    0.012550]   4 disabled
[    0.012551]   5 disabled
[    0.012552]   6 disabled
[    0.012553]   7 disabled
[    0.013120] x86/PAT: Configuration [0-7]: WB  WC  UC- UC  WB  WC  UC- UC  
[    0.022708] found SMP MP-table at [mem 0x000f5ba0-0x000f5baf]
[    0.027051] check: Scanning 1 areas for low memory corruption
[    0.039414] ACPI: Early table checksum verification disabled
[    0.041842] ACPI: RSDP 0x00000000000F59E0 000014 (v00 BOCHS )
[    0.042325] ACPI: RSDT 0x000000001FFE229A 000038 (v01 BOCHS  BXPC     00000001 BXPC 00000001)
[    0.042334] ACPI: FACP 0x000000001FFE2092 0000F4 (v03 BOCHS  BXPC     00000001 BXPC 00000001)
[    0.042529] ACPI: DSDT 0x000000001FFE0040 002052 (v01 BOCHS  BXPC     00000001 BXPC 00000001)
[    0.042535] ACPI: FACS 0x000000001FFE0000 000040
[    0.042539] ACPI: APIC 0x000000001FFE2186 000078 (v01 BOCHS  BXPC     00000001 BXPC 00000001)
[    0.042543] ACPI: HPET 0x000000001FFE21FE 000038 (v01 BOCHS  BXPC     00000001 BXPC 00000001)
[    0.042547] ACPI: MCFG 0x000000001FFE2236 00003C (v01 BOCHS  BXPC     00000001 BXPC 00000001)
[    0.042550] ACPI: WAET 0x000000001FFE2272 000028 (v01 BOCHS  BXPC     00000001 BXPC 00000001)
[    0.042554] ACPI: Reserving FACP table memory at [mem 0x1ffe2092-0x1ffe2185]
[    0.042556] ACPI: Reserving DSDT table memory at [mem 0x1ffe0040-0x1ffe2091]
[    0.042558] ACPI: Reserving FACS table memory at [mem 0x1ffe0000-0x1ffe003f]
[    0.042559] ACPI: Reserving APIC table memory at [mem 0x1ffe2186-0x1ffe21fd]
[    0.042560] ACPI: Reserving HPET table memory at [mem 0x1ffe21fe-0x1ffe2235]
[    0.042658] ACPI: Reserving MCFG table memory at [mem 0x1ffe2236-0x1ffe2271]
[    0.042660] ACPI: Reserving WAET table memory at [mem 0x1ffe2272-0x1ffe2299]
[    0.043834] ACPI: Local APIC address 0xfee00000
[    0.047310] Zone ranges:
[    0.047513]   DMA      [mem 0x0000000000001000-0x0000000000ffffff]
[    0.047663]   DMA32    [mem 0x0000000001000000-0x000000001ffdefff]
[    0.047665]   Normal   empty
[    0.047666] Movable zone start for each node
[    0.047667] Early memory node ranges
[    0.047668]   node   0: [mem 0x0000000000001000-0x000000000009efff]
[    0.047747]   node   0: [mem 0x0000000000100000-0x000000001ffdefff]
[    0.047833] Initmem setup node 0 [mem 0x0000000000001000-0x000000001ffdefff]
[    0.047835] On node 0 totalpages: 130941
[    0.048020]   DMA zone: 64 pages used for memmap
[    0.048021]   DMA zone: 21 pages reserved
[    0.048116]   DMA zone: 3998 pages, LIFO batch:0
[    0.048117]   DMA32 zone: 1984 pages used for memmap
[    0.048118]   DMA32 zone: 126943 pages, LIFO batch:31
[    0.050394] On node 0, zone DMA: 1 pages in unavailable ranges
[    0.055856] On node 0, zone DMA: 97 pages in unavailable ranges
[    0.245302] On node 0, zone DMA32: 33 pages in unavailable ranges
[    0.248971] ACPI: PM-Timer IO Port: 0x608
[    0.248976] ACPI: Local APIC address 0xfee00000
[    0.249528] ACPI: LAPIC_NMI (acpi_id[0xff] dfl dfl lint[0x1])
[    0.251107] IOAPIC[0]: apic_id 0, version 17, address 0xfec00000, GSI 0-23
[    0.251190] ACPI: INT_SRC_OVR (bus 0 bus_irq 0 global_irq 2 dfl dfl)
[    0.251284] ACPI: INT_SRC_OVR (bus 0 bus_irq 5 global_irq 5 high level)
[    0.251285] ACPI: INT_SRC_OVR (bus 0 bus_irq 9 global_irq 9 high level)
[    0.251357] ACPI: INT_SRC_OVR (bus 0 bus_irq 10 global_irq 10 high level)
[    0.251358] ACPI: INT_SRC_OVR (bus 0 bus_irq 11 global_irq 11 high level)
[    0.251360] ACPI: IRQ0 used by override.
[    0.251361] ACPI: IRQ5 used by override.
[    0.251362] ACPI: IRQ9 used by override.
[    0.251363] ACPI: IRQ10 used by override.
[    0.251364] ACPI: IRQ11 used by override.
[    0.251367] Using ACPI (MADT) for SMP configuration information
[    0.251431] ACPI: HPET id: 0x8086a201 base: 0xfed00000
[    0.252562] kvm-guest: stealtime: cpu 0, msr 16e4c780
[    0.253957] PM: hibernation: Registered nosave memory: [mem 0x00000000-0x00000fff]
[    0.253959] PM: hibernation: Registered nosave memory: [mem 0x0009f000-0x0009ffff]
[    0.253961] PM: hibernation: Registered nosave memory: [mem 0x000a0000-0x000effff]
[    0.253961] PM: hibernation: Registered nosave memory: [mem 0x000f0000-0x000fffff]
[    0.254065] [mem 0x20000000-0xafffffff] available for PCI devices
[    0.254171] Booting paravirtualized kernel on KVM
[    0.255202] clocksource: refined-jiffies: mask: 0xffffffff max_cycles: 0xffffffff, max_idle_ns: 1910969940391419 ns
[    0.301627] pcpu-alloc: s0 r0 d32768 u32768 alloc=1*32768
[    0.301709] pcpu-alloc: [0] 0 
[    0.302179] Built 1 zonelists, mobility grouping on.  Total pages: 128872
[    0.302315] Kernel command line: selinux=0 initcall_debug debug console=ttyS0 rcutorture.n_barrier_cbs=4 rcutorture.stat_interval=15 rcutorture.shutdown_secs=1800 rcutorture.test_no_idle_hz=1 rcutorture.verbose=1
[    0.320831] Dentry cache hash table entries: 65536 (order: 7, 524288 bytes, linear)
[    0.325306] Inode-cache hash table entries: 32768 (order: 6, 262144 bytes, linear)
[    0.326788] mem auto-init: stack:all(zero), heap alloc:off, heap free:off
[    0.336198] Memory: 481560K/523764K available (14349K kernel code, 2617K rwdata, 4628K rodata, 1260K init, 1736K bss, 41944K reserved, 0K cma-reserved)
[    0.337315] SLUB: HWalign=64, Order=0-3, MinObjects=0, CPUs=1, Nodes=1
[    0.338014] Kernel/User page tables isolation: enabled
[    0.347802] rcu: Preemptible hierarchical RCU implementation.
[    0.347996] 	Trampoline variant of Tasks RCU enabled.
[    0.347998] 	Rude variant of Tasks RCU enabled.
[    0.347999] 	Tracing variant of Tasks RCU enabled.
[    0.348146] rcu: RCU calculated value of scheduler-enlistment delay is 100 jiffies.
[    0.374671] NR_IRQS: 4352, nr_irqs: 256, preallocated irqs: 16
[    0.378771] calling  con_init+0x0/0x22a @ 0
[    0.581675] Console: colour VGA+ 80x25
[    0.581693] initcall con_init+0x0/0x22a returned 0 after 0 usecs
[    0.581696] calling  hvc_console_init+0x0/0x13 @ 0
[    0.581759] initcall hvc_console_init+0x0/0x13 returned 0 after 0 usecs
[    0.581760] calling  univ8250_console_init+0x0/0x26 @ 0
[    1.411447] printk: console [ttyS0] enabled
[    1.416819] initcall univ8250_console_init+0x0/0x26 returned 0 after 0 usecs
[    1.427155] ACPI: Core revision 20200925
[    1.435047] clocksource: hpet: mask: 0xffffffff max_cycles: 0xffffffff, max_idle_ns: 19112604467 ns
[    1.447079] APIC: Switch to symmetric I/O mode setup
[    1.477881] ..TIMER: vector=0x30 apic1=0 pin1=2 apic2=-1 pin2=-1
[    1.485181] clocksource: tsc-early: mask: 0xffffffffffffffff max_cycles: 0x39a85afc727, max_idle_ns: 881590685098 ns
[    1.497317] Calibrating delay loop (skipped) preset value.. 3999.99 BogoMIPS (lpj=1999999)
[    1.498148] pid_max: default: 32768 minimum: 301
[    1.500127] LSM: Security Framework initializing
[    1.501383] Mount-cache hash table entries: 1024 (order: 1, 8192 bytes, linear)
[    1.502109] Mountpoint-cache hash table entries: 1024 (order: 1, 8192 bytes, linear)
[    1.508873] Last level iTLB entries: 4KB 0, 2MB 0, 4MB 0
[    1.509083] Last level dTLB entries: 4KB 0, 2MB 0, 4MB 0, 1GB 0
[    1.510118] CPU: Intel Common KVM processor (family: 0xf, model: 0x6, stepping: 0x1)
[    1.511099] Spectre V1 : Mitigation: usercopy/swapgs barriers and __user pointer sanitization
[    1.512084] Spectre V2 : Mitigation: Retpolines
[    1.513082] Spectre V2 : Spectre v2 / SpectreRSB mitigation: Filling RSB on context switch
[    1.514082] Spectre V2 : Spectre v2 / SpectreRSB : Filling RSB on VMEXIT
[    1.515082] Speculative Store Bypass: Vulnerable
[    1.516163] MDS: Vulnerable: Clear CPU buffers attempted, no microcode
[    1.518081] MMIO Stale Data: Unknown: No mitigations
[    1.561691] calling  init_hw_perf_events+0x0/0x6ce @ 1
[    1.562097] Performance Events: unsupported Netburst CPU model 6 no PMU driver, software events only.
[    1.563087] initcall init_hw_perf_events+0x0/0x6ce returned 0 after 976 usecs
[    1.564087] calling  init_real_mode+0x0/0x1e9 @ 1
[    1.566241] initcall init_real_mode+0x0/0x1e9 returned 0 after 976 usecs
[    1.567086] calling  trace_init_perf_perm_irq_work_exit+0x0/0x12 @ 1
[    1.568098] initcall trace_init_perf_perm_irq_work_exit+0x0/0x12 returned 0 after 0 usecs
[    1.569099] calling  validate_x2apic+0x0/0x4a @ 1
[    1.570107] initcall validate_x2apic+0x0/0x4a returned 0 after 0 usecs
[    1.571098] calling  register_nmi_cpu_backtrace_handler+0x0/0x15 @ 1
[    1.572087] initcall register_nmi_cpu_backtrace_handler+0x0/0x15 returned 0 after 0 usecs
[    1.573086] calling  kvm_setup_vsyscall_timeinfo+0x0/0x34 @ 1
[    1.574085] initcall kvm_setup_vsyscall_timeinfo+0x0/0x34 returned 0 after 0 usecs
[    1.575102] calling  spawn_ksoftirqd+0x0/0x34 @ 1
[    1.576169] initcall spawn_ksoftirqd+0x0/0x34 returned 0 after 0 usecs
[    1.577085] calling  srcu_bootup_announce+0x0/0x2f @ 1
[    1.578129] rcu: Hierarchical SRCU implementation.
[    1.579086] initcall srcu_bootup_announce+0x0/0x2f returned 0 after 976 usecs
[    1.580090] calling  rcu_spawn_gp_kthread+0x0/0x195 @ 1
[    1.581167] initcall rcu_spawn_gp_kthread+0x0/0x195 returned 0 after 0 usecs
[    1.582085] calling  check_cpu_stall_init+0x0/0x1a @ 1
[    1.583084] initcall check_cpu_stall_init+0x0/0x1a returned 0 after 0 usecs
[    1.584084] calling  rcu_sysrq_init+0x0/0x21 @ 1
[    1.585088] initcall rcu_sysrq_init+0x0/0x21 returned 0 after 0 usecs
[    1.586084] calling  trace_init_flags_sys_enter+0x0/0xe @ 1
[    1.587084] initcall trace_init_flags_sys_enter+0x0/0xe returned 0 after 0 usecs
[    1.588084] calling  trace_init_flags_sys_exit+0x0/0xe @ 1
[    1.589084] initcall trace_init_flags_sys_exit+0x0/0xe returned 0 after 0 usecs
[    1.590085] calling  init_kprobes+0x0/0x14d @ 1
[    1.592328] initcall init_kprobes+0x0/0x14d returned 0 after 976 usecs
[    1.593085] calling  init_events+0x0/0x3d @ 1
[    1.594496] initcall init_events+0x0/0x3d returned 0 after 0 usecs
[    1.595086] calling  init_trace_printk+0x0/0xc @ 1
[    1.596086] initcall init_trace_printk+0x0/0xc returned 0 after 0 usecs
[    1.597086] calling  event_trace_enable_again+0x0/0x23 @ 1
[    1.598086] initcall event_trace_enable_again+0x0/0x23 returned 0 after 0 usecs
[    1.599086] calling  static_call_init+0x0/0x6d @ 1
[    1.600086] initcall static_call_init+0x0/0x6d returned 0 after 0 usecs
[    1.601086] calling  jump_label_init_module+0x0/0xc @ 1
[    1.603086] initcall jump_label_init_module+0x0/0xc returned 0 after 0 usecs
[    1.604086] calling  init_zero_pfn+0x0/0x37 @ 1
[    1.605086] initcall init_zero_pfn+0x0/0x37 returned 0 after 0 usecs
[    1.606097] calling  initialize_ptr_random+0x0/0x54 @ 1
[    1.607085] initcall initialize_ptr_random+0x0/0x54 returned 0 after 0 usecs
[    1.608085] calling  efi_memreserve_root_init+0x0/0x25 @ 1
[    1.609110] initcall efi_memreserve_root_init+0x0/0x25 returned 0 after 0 usecs
[    1.610083] calling  efi_earlycon_remap_fb+0x0/0x51 @ 1
[    1.611083] initcall efi_earlycon_remap_fb+0x0/0x51 returned 0 after 0 usecs
[    1.721741] devtmpfs: initialized
[    1.723945] calling  ipc_ns_init+0x0/0x3d @ 1
[    1.724142] initcall ipc_ns_init+0x0/0x3d returned 0 after 0 usecs
[    1.725092] calling  init_mmap_min_addr+0x0/0x21 @ 1
[    1.726085] initcall init_mmap_min_addr+0x0/0x21 returned 0 after 0 usecs
[    1.727085] calling  pci_realloc_setup_params+0x0/0x3f @ 1
[    1.728084] initcall pci_realloc_setup_params+0x0/0x3f returned 0 after 0 usecs
[    1.729113] calling  net_ns_init+0x0/0x13f @ 1
[    1.730259] initcall net_ns_init+0x0/0x13f returned 0 after 0 usecs
[    1.731099] calling  e820__register_nvs_regions+0x0/0x37 @ 1
[    1.732085] initcall e820__register_nvs_regions+0x0/0x37 returned 0 after 0 usecs
[    1.734090] calling  cpufreq_register_tsc_scaling+0x0/0x2e @ 1
[    1.735084] initcall cpufreq_register_tsc_scaling+0x0/0x2e returned 0 after 0 usecs
[    1.736083] calling  reboot_init+0x0/0x3c @ 1
[    1.737165] initcall reboot_init+0x0/0x3c returned 0 after 0 usecs
[    1.738084] calling  init_lapic_sysfs+0x0/0x20 @ 1
[    1.739084] initcall init_lapic_sysfs+0x0/0x20 returned 0 after 0 usecs
[    1.740083] calling  wq_sysfs_init+0x0/0x2a @ 1
[    1.741153] initcall wq_sysfs_init+0x0/0x2a returned 0 after 0 usecs
[    1.742083] calling  ksysfs_init+0x0/0x92 @ 1
[    1.743090] initcall ksysfs_init+0x0/0x92 returned 0 after 0 usecs
[    1.744082] calling  pm_init+0x0/0x76 @ 1
[    1.745134] initcall pm_init+0x0/0x76 returned 0 after 0 usecs
[    1.746082] calling  pm_disk_init+0x0/0x13 @ 1
[    1.747148] initcall pm_disk_init+0x0/0x13 returned 0 after 0 usecs
[    1.748082] calling  swsusp_header_init+0x0/0x2b @ 1
[    1.749084] initcall swsusp_header_init+0x0/0x2b returned 0 after 0 usecs
[    1.750082] calling  rcu_set_runtime_mode+0x0/0x16 @ 1
[    1.751083] initcall rcu_set_runtime_mode+0x0/0x16 returned 0 after 0 usecs
[    1.752083] calling  init_jiffies_clocksource+0x0/0x13 @ 1
[    1.753083] clocksource: jiffies: mask: 0xffffffff max_cycles: 0xffffffff, max_idle_ns: 1911260446275000 ns
[    1.754084] initcall init_jiffies_clocksource+0x0/0x13 returned 0 after 976 usecs
[    1.755084] calling  futex_init+0x0/0xd5 @ 1
[    1.756084] futex hash table entries: 256 (order: 0, 6144 bytes, linear)
[    1.757161] initcall futex_init+0x0/0xd5 returned 0 after 976 usecs
[    1.758084] calling  cgroup_wq_init+0x0/0x28 @ 1
[    1.759088] initcall cgroup_wq_init+0x0/0x28 returned 0 after 0 usecs
[    1.760084] calling  cgroup1_wq_init+0x0/0x28 @ 1
[    1.761121] initcall cgroup1_wq_init+0x0/0x28 returned 0 after 0 usecs
[    1.762084] calling  init_kprobe_trace_early+0x0/0x2a @ 1
[    1.763095] initcall init_kprobe_trace_early+0x0/0x2a returned 0 after 0 usecs
[    1.764084] calling  fsnotify_init+0x0/0x48 @ 1
[    1.765093] initcall fsnotify_init+0x0/0x48 returned 0 after 0 usecs
[    1.766087] calling  filelock_init+0x0/0x60 @ 1
[    1.767119] initcall filelock_init+0x0/0x60 returned 0 after 0 usecs
[    1.768090] calling  init_misc_binfmt+0x0/0x2c @ 1
[    1.769101] initcall init_misc_binfmt+0x0/0x2c returned 0 after 0 usecs
[    1.770087] calling  init_script_binfmt+0x0/0x15 @ 1
[    1.771085] initcall init_script_binfmt+0x0/0x15 returned 0 after 0 usecs
[    1.772083] calling  init_elf_binfmt+0x0/0x15 @ 1
[    1.773084] initcall init_elf_binfmt+0x0/0x15 returned 0 after 0 usecs
[    1.774084] calling  init_compat_elf_binfmt+0x0/0x15 @ 1
[    1.775084] initcall init_compat_elf_binfmt+0x0/0x15 returned 0 after 0 usecs
[    1.776084] calling  debugfs_init+0x0/0x5c @ 1
[    1.777117] initcall debugfs_init+0x0/0x5c returned 0 after 0 usecs
[    1.778084] calling  tracefs_init+0x0/0x3a @ 1
[    1.779096] initcall tracefs_init+0x0/0x3a returned 0 after 0 usecs
[    1.780083] calling  prandom_init_early+0x0/0x111 @ 1
[    1.781083] initcall prandom_init_early+0x0/0x111 returned 0 after 0 usecs
[    1.782133] calling  virtio_init+0x0/0x20 @ 1
[    1.784172] initcall virtio_init+0x0/0x20 returned 0 after 0 usecs
[    1.785084] calling  iommu_init+0x0/0x2a @ 1
[    1.787123] initcall iommu_init+0x0/0x2a returned 0 after 0 usecs
[    1.788083] calling  component_debug_init+0x0/0x1c @ 1
[    1.789130] initcall component_debug_init+0x0/0x1c returned 0 after 0 usecs
[    1.790084] calling  early_resume_init+0x0/0xb9 @ 1
[    1.791663] PM: RTC time: 09:27:28, date: 2022-12-13
[    1.792084] initcall early_resume_init+0x0/0xb9 returned 0 after 976 usecs
[    1.793085] calling  cpufreq_core_init+0x0/0x62 @ 1
[    1.794126] initcall cpufreq_core_init+0x0/0x62 returned 0 after 0 usecs
[    1.795083] calling  cpufreq_gov_performance_init+0x0/0xc @ 1
[    1.797084] initcall cpufreq_gov_performance_init+0x0/0xc returned 0 after 0 usecs
[    1.798083] calling  cpufreq_gov_userspace_init+0x0/0xc @ 1
[    1.799083] initcall cpufreq_gov_userspace_init+0x0/0xc returned 0 after 0 usecs
[    1.800084] calling  CPU_FREQ_GOV_ONDEMAND_init+0x0/0xc @ 1
[    1.801085] initcall CPU_FREQ_GOV_ONDEMAND_init+0x0/0xc returned 0 after 0 usecs
[    1.802086] calling  cpuidle_init+0x0/0x1f @ 1
[    1.803138] initcall cpuidle_init+0x0/0x1f returned 0 after 0 usecs
[    1.804085] calling  capsule_reboot_register+0x0/0xc @ 1
[    1.805103] initcall capsule_reboot_register+0x0/0xc returned 0 after 0 usecs
[    1.806084] calling  sock_init+0x0/0x93 @ 1
[    1.807292] initcall sock_init+0x0/0x93 returned 0 after 0 usecs
[    1.808084] calling  net_inuse_init+0x0/0x23 @ 1
[    1.809090] initcall net_inuse_init+0x0/0x23 returned 0 after 0 usecs
[    1.810084] calling  net_defaults_init+0x0/0x23 @ 1
[    1.811087] initcall net_defaults_init+0x0/0x23 returned 0 after 0 usecs
[    1.812085] calling  init_default_flow_dissectors+0x0/0x4f @ 1
[    1.813100] initcall init_default_flow_dissectors+0x0/0x4f returned 0 after 0 usecs
[    1.814084] calling  netpoll_init+0x0/0x25 @ 1
[    1.815084] initcall netpoll_init+0x0/0x25 returned 0 after 0 usecs
[    1.816085] calling  netlink_proto_init+0x0/0x14f @ 1
[    1.818383] NET: Registered protocol family 16
[    1.819101] initcall netlink_proto_init+0x0/0x14f returned 0 after 1953 usecs
[    1.820087] calling  genl_init+0x0/0x35 @ 1
[    1.822095] initcall genl_init+0x0/0x35 returned 0 after 0 usecs
[    1.823084] calling  bsp_pm_check_init+0x0/0x13 @ 1
[    1.824084] initcall bsp_pm_check_init+0x0/0x13 returned 0 after 0 usecs
[    1.825099] calling  irq_sysfs_init+0x0/0xb7 @ 1
[    1.826176] initcall irq_sysfs_init+0x0/0xb7 returned 0 after 0 usecs
[    1.827086] calling  audit_init+0x0/0x15d @ 1
[    1.828127] audit: initializing netlink subsys (disabled)
[    1.831313] initcall audit_init+0x0/0x15d returned 0 after 2929 usecs
[    1.832109] calling  release_early_probes+0x0/0x32 @ 1
[    1.833084] initcall release_early_probes+0x0/0x32 returned 0 after 0 usecs
[    1.834083] calling  bdi_class_init+0x0/0x48 @ 1
[    1.835087] audit: type=2000 audit(1670923647.220:1): state=initialized audit_enabled=0 res=1
[    1.836105] initcall bdi_class_init+0x0/0x48 returned 0 after 976 usecs
[    1.837084] calling  mm_sysfs_init+0x0/0x28 @ 1
[    1.838104] initcall mm_sysfs_init+0x0/0x28 returned 0 after 0 usecs
[    1.839084] calling  init_per_zone_wmark_min+0x0/0x5e @ 1
[    1.840084] initcall init_per_zone_wmark_min+0x0/0x5e returned 0 after 0 usecs
[    1.841085] calling  mpi_init+0x0/0x3e @ 1
[    1.842152] initcall mpi_init+0x0/0x3e returned 0 after 0 usecs
[    1.843083] calling  kobject_uevent_init+0x0/0xc @ 1
[    1.844090] initcall kobject_uevent_init+0x0/0xc returned 0 after 0 usecs
[    1.845082] calling  pcibus_class_init+0x0/0x13 @ 1
[    1.846110] initcall pcibus_class_init+0x0/0x13 returned 0 after 0 usecs
[    1.847085] calling  pci_driver_init+0x0/0x21 @ 1
[    1.849093] initcall pci_driver_init+0x0/0x21 returned 0 after 976 usecs
[    1.850086] calling  backlight_class_init+0x0/0xa8 @ 1
[    1.852147] initcall backlight_class_init+0x0/0xa8 returned 0 after 0 usecs
[    1.853086] calling  tty_class_init+0x0/0x33 @ 1
[    1.854096] initcall tty_class_init+0x0/0x33 returned 0 after 0 usecs
[    1.855089] calling  vtconsole_class_init+0x0/0xb5 @ 1
[    1.856168] initcall vtconsole_class_init+0x0/0xb5 returned 0 after 0 usecs
[    1.857087] calling  iommu_dev_init+0x0/0x13 @ 1
[    1.858152] initcall iommu_dev_init+0x0/0x13 returned 0 after 0 usecs
[    1.859087] calling  mipi_dsi_bus_init+0x0/0xc @ 1
[    1.860125] initcall mipi_dsi_bus_init+0x0/0xc returned 0 after 0 usecs
[    1.861086] calling  devlink_class_init+0x0/0x40 @ 1
[    1.862096] initcall devlink_class_init+0x0/0x40 returned 0 after 0 usecs
[    1.863085] calling  software_node_init+0x0/0x2a @ 1
[    1.864090] initcall software_node_init+0x0/0x2a returned 0 after 0 usecs
[    1.865086] calling  wakeup_sources_debugfs_init+0x0/0x23 @ 1
[    1.866097] initcall wakeup_sources_debugfs_init+0x0/0x23 returned 0 after 0 usecs
[    1.867086] calling  wakeup_sources_sysfs_init+0x0/0x2c @ 1
[    1.868097] initcall wakeup_sources_sysfs_init+0x0/0x2c returned 0 after 0 usecs
[    1.869085] calling  regmap_initcall+0x0/0xc @ 1
[    1.870109] initcall regmap_initcall+0x0/0xc returned 0 after 0 usecs
[    1.871086] calling  i2c_init+0x0/0xb3 @ 1
[    1.872151] initcall i2c_init+0x0/0xb3 returned 0 after 0 usecs
[    1.873085] calling  thermal_init+0x0/0xf2 @ 1
[    1.874083] thermal_sys: Registered thermal governor 'step_wise'
[    1.874084] thermal_sys: Registered thermal governor 'user_space'
[    1.875139] initcall thermal_init+0x0/0xf2 returned 0 after 976 usecs
[    1.877086] calling  init_menu+0x0/0xc @ 1
[    1.878175] cpuidle: using governor menu
[    1.880098] initcall init_menu+0x0/0xc returned 0 after 1953 usecs
[    1.881083] calling  pcc_init+0x0/0x4d @ 1
[    1.882099] initcall pcc_init+0x0/0x4d returned -19 after 0 usecs
[    1.883085] calling  amd_postcore_init+0x0/0x11e @ 1
[    1.884084] initcall amd_postcore_init+0x0/0x11e returned 0 after 0 usecs
[    1.885104] calling  bts_init+0x0/0xba @ 1
[    1.886084] initcall bts_init+0x0/0xba returned -19 after 0 usecs
[    1.887085] calling  pt_init+0x0/0x2ef @ 1
[    1.888085] initcall pt_init+0x0/0x2ef returned -19 after 0 usecs
[    1.889089] calling  boot_params_ksysfs_init+0x0/0x2ee @ 1
[    1.890130] initcall boot_params_ksysfs_init+0x0/0x2ee returned 0 after 0 usecs
[    1.891087] calling  sbf_init+0x0/0xfe @ 1
[    1.892086] initcall sbf_init+0x0/0xfe returned 0 after 0 usecs
[    1.893086] calling  arch_kdebugfs_init+0x0/0x219 @ 1
[    1.894097] initcall arch_kdebugfs_init+0x0/0x219 returned 0 after 0 usecs
[    1.895087] calling  intel_pconfig_init+0x0/0x85 @ 1
[    1.896088] initcall intel_pconfig_init+0x0/0x85 returned 0 after 0 usecs
[    1.898085] calling  mtrr_if_init+0x0/0x5d @ 1
[    1.899090] initcall mtrr_if_init+0x0/0x5d returned 0 after 0 usecs
[    1.900086] calling  activate_jump_labels+0x0/0x31 @ 1
[    1.901086] initcall activate_jump_labels+0x0/0x31 returned 0 after 0 usecs
[    1.902085] calling  ffh_cstate_init+0x0/0x29 @ 1
[    1.903088] initcall ffh_cstate_init+0x0/0x29 returned 0 after 0 usecs
[    1.904101] calling  activate_jump_labels+0x0/0x31 @ 1
[    1.905118] initcall activate_jump_labels+0x0/0x31 returned 0 after 0 usecs
[    1.906085] calling  kvm_alloc_cpumask+0x0/0x2b @ 1
[    1.907110] initcall kvm_alloc_cpumask+0x0/0x2b returned 0 after 0 usecs
[    1.908087] calling  kcmp_cookies_init+0x0/0x37 @ 1
[    1.909091] initcall kcmp_cookies_init+0x0/0x37 returned 0 after 0 usecs
[    1.910087] calling  cryptomgr_init+0x0/0xc @ 1
[    1.912128] initcall cryptomgr_init+0x0/0xc returned 0 after 0 usecs
[    1.913085] calling  acpi_pci_init+0x0/0x57 @ 1
[    1.914098] ACPI: bus type PCI registered
[    1.915085] initcall acpi_pci_init+0x0/0x57 returned 0 after 976 usecs
[    1.916088] calling  dma_channel_table_init+0x0/0xce @ 1
[    1.917092] initcall dma_channel_table_init+0x0/0xce returned 0 after 0 usecs
[    1.918087] calling  dma_bus_init+0x0/0xdc @ 1
[    1.919211] initcall dma_bus_init+0x0/0xdc returned 0 after 0 usecs
[    1.920174] calling  iommu_dma_init+0x0/0x10 @ 1
[    1.921089] initcall iommu_dma_init+0x0/0x10 returned 0 after 0 usecs
[    1.922088] calling  dmi_id_init+0x0/0x37c @ 1
[    1.923287] initcall dmi_id_init+0x0/0x37c returned 0 after 0 usecs
[    1.925087] calling  pci_arch_init+0x0/0x71 @ 1
[    1.927327] PCI: MMCONFIG for domain 0000 [bus 00-ff] at [mem 0xb0000000-0xbfffffff] (base 0xb0000000)
[    1.928142] PCI: MMCONFIG at [mem 0xb0000000-0xbfffffff] reserved in E820
[    1.929101] PCI: Using configuration type 1 for base access
[    1.930140] initcall pci_arch_init+0x0/0x71 returned 0 after 3906 usecs
[    1.931197] calling  init_vdso+0x0/0x13 @ 1
[    1.933281] initcall init_vdso+0x0/0x13 returned 0 after 0 usecs
[    1.934087] calling  sysenter_setup+0x0/0x13 @ 1
[    1.935130] initcall sysenter_setup+0x0/0x13 returned 0 after 0 usecs
[    1.936085] calling  fixup_ht_bug+0x0/0x7f @ 1
[    1.937084] initcall fixup_ht_bug+0x0/0x7f returned 0 after 0 usecs
[    1.938084] calling  topology_init+0x0/0x15 @ 1
[    1.939135] initcall topology_init+0x0/0x15 returned 0 after 0 usecs
[    1.940085] calling  intel_epb_init+0x0/0x68 @ 1
[    1.941084] initcall intel_epb_init+0x0/0x68 returned -19 after 0 usecs
[    1.942101] calling  mtrr_init_finialize+0x0/0x3e @ 1
[    1.943085] initcall mtrr_init_finialize+0x0/0x3e returned 0 after 0 usecs
[    1.944084] calling  uid_cache_init+0x0/0x92 @ 1
[    1.945091] initcall uid_cache_init+0x0/0x92 returned 0 after 0 usecs
[    1.946085] calling  param_sysfs_init+0x0/0x1ba @ 1
[    1.949933] initcall param_sysfs_init+0x0/0x1ba returned 0 after 1953 usecs
[    1.951096] calling  user_namespace_sysctl_init+0x0/0x33 @ 1
[    1.952167] initcall user_namespace_sysctl_init+0x0/0x33 returned 0 after 0 usecs
[    1.953084] calling  proc_schedstat_init+0x0/0x24 @ 1
[    1.954087] initcall proc_schedstat_init+0x0/0x24 returned 0 after 0 usecs
[    1.955085] calling  pm_sysrq_init+0x0/0x18 @ 1
[    1.956095] initcall pm_sysrq_init+0x0/0x18 returned 0 after 0 usecs
[    1.957158] calling  create_proc_profile+0x0/0x50 @ 1
[    1.958085] initcall create_proc_profile+0x0/0x50 returned 0 after 0 usecs
[    1.959093] calling  time_ns_init+0x0/0x7 @ 1
[    1.960086] initcall time_ns_init+0x0/0x7 returned 0 after 0 usecs
[    1.961085] calling  crash_save_vmcoreinfo_init+0x0/0x756 @ 1
[    1.962212] initcall crash_save_vmcoreinfo_init+0x0/0x756 returned 0 after 0 usecs
[    1.963085] calling  crash_notes_memory_init+0x0/0x35 @ 1
[    1.964088] initcall crash_notes_memory_init+0x0/0x35 returned 0 after 0 usecs
[    1.965084] calling  cgroup_sysfs_init+0x0/0x13 @ 1
[    1.966108] initcall cgroup_sysfs_init+0x0/0x13 returned 0 after 0 usecs
[    1.967084] calling  cgroup_namespaces_init+0x0/0x7 @ 1
[    1.968084] initcall cgroup_namespaces_init+0x0/0x7 returned 0 after 0 usecs
[    1.969084] calling  init_optprobes+0x0/0x13 @ 1
[    1.970082] Kprobes globally optimized
[    1.971087] initcall init_optprobes+0x0/0x13 returned 0 after 976 usecs
[    1.972088] calling  oom_init+0x0/0x2f @ 1
[    1.974350] initcall oom_init+0x0/0x2f returned 0 after 976 usecs
[    1.975088] calling  default_bdi_init+0x0/0x35 @ 1
[    1.976216] initcall default_bdi_init+0x0/0x35 returned 0 after 0 usecs
[    1.977088] calling  percpu_enable_async+0x0/0xe @ 1
[    1.978087] initcall percpu_enable_async+0x0/0xe returned 0 after 0 usecs
[    1.979087] calling  kcompactd_init+0x0/0x46 @ 1
[    1.981135] initcall kcompactd_init+0x0/0x46 returned 0 after 976 usecs
[    1.982181] calling  init_user_reserve+0x0/0x30 @ 1
[    1.983109] initcall init_user_reserve+0x0/0x30 returned 0 after 0 usecs
[    1.984087] calling  init_admin_reserve+0x0/0x30 @ 1
[    1.985093] initcall init_admin_reserve+0x0/0x30 returned 0 after 0 usecs
[    1.986087] calling  init_reserve_notifier+0x0/0x7 @ 1
[    1.987086] initcall init_reserve_notifier+0x0/0x7 returned 0 after 0 usecs
[    1.988085] calling  swap_init_sysfs+0x0/0x62 @ 1
[    1.989097] initcall swap_init_sysfs+0x0/0x62 returned 0 after 0 usecs
[    1.990085] calling  swapfile_init+0x0/0x46 @ 1
[    1.991085] initcall swapfile_init+0x0/0x46 returned 0 after 0 usecs
[    1.992084] calling  hugetlb_init+0x0/0x42f @ 1
[    1.993104] HugeTLB registered 2.00 MiB page size, pre-allocated 0 pages
[    1.994111] initcall hugetlb_init+0x0/0x42f returned 0 after 976 usecs
[    1.995086] calling  io_wq_init+0x0/0x34 @ 1
[    1.996085] initcall io_wq_init+0x0/0x34 returned 0 after 0 usecs
[    1.997086] calling  seqiv_module_init+0x0/0xc @ 1
[    1.998088] initcall seqiv_module_init+0x0/0xc returned 0 after 0 usecs
[    1.999085] calling  echainiv_module_init+0x0/0xc @ 1
[    2.000087] initcall echainiv_module_init+0x0/0xc returned 0 after 0 usecs
[    2.001205] calling  rsa_init+0x0/0x50 @ 1
[    2.004159] initcall rsa_init+0x0/0x50 returned 0 after 976 usecs
[    2.005085] calling  crypto_cmac_module_init+0x0/0xc @ 1
[    2.006085] initcall crypto_cmac_module_init+0x0/0xc returned 0 after 0 usecs
[    2.007086] calling  hmac_module_init+0x0/0xc @ 1
[    2.008106] cryptomgr_test (21) used greatest stack depth: 15528 bytes left
[    2.009105] initcall hmac_module_init+0x0/0xc returned 0 after 976 usecs
[    2.010096] calling  crypto_null_mod_init+0x0/0x65 @ 1
[    2.011351] initcall crypto_null_mod_init+0x0/0x65 returned 0 after 0 usecs
[    2.012091] calling  md5_mod_init+0x0/0xc @ 1
[    2.013130] initcall md5_mod_init+0x0/0xc returned 0 after 0 usecs
[    2.014089] calling  sha256_generic_mod_init+0x0/0x11 @ 1
[    2.015139] initcall sha256_generic_mod_init+0x0/0x11 returned 0 after 0 usecs
[    2.017096] calling  crypto_cbc_module_init+0x0/0xc @ 1
[    2.018089] initcall crypto_cbc_module_init+0x0/0xc returned 0 after 0 usecs
[    2.019101] calling  crypto_ctr_module_init+0x0/0x11 @ 1
[    2.020173] initcall crypto_ctr_module_init+0x0/0x11 returned 0 after 0 usecs
[    2.021093] calling  crypto_gcm_module_init+0x0/0x64 @ 1
[    2.022192] initcall crypto_gcm_module_init+0x0/0x64 returned 0 after 0 usecs
[    2.023089] calling  crypto_ccm_module_init+0x0/0x11 @ 1
[    2.024089] initcall crypto_ccm_module_init+0x0/0x11 returned 0 after 0 usecs
[    2.025086] calling  aes_init+0x0/0xc @ 1
[    2.026120] initcall aes_init+0x0/0xc returned 0 after 0 usecs
[    2.027085] calling  crc32c_mod_init+0x0/0xc @ 1
[    2.028127] initcall crc32c_mod_init+0x0/0xc returned 0 after 0 usecs
[    2.029094] calling  crypto_authenc_module_init+0x0/0xc @ 1
[    2.030107] initcall crypto_authenc_module_init+0x0/0xc returned 0 after 0 usecs
[    2.031093] calling  crypto_authenc_esn_module_init+0x0/0xc @ 1
[    2.032091] initcall crypto_authenc_esn_module_init+0x0/0xc returned 0 after 0 usecs
[    2.033225] calling  drbg_init+0x0/0x7c @ 1
[    2.035217] initcall drbg_init+0x0/0x7c returned 0 after 976 usecs
[    2.036087] calling  ghash_mod_init+0x0/0xc @ 1
[    2.037148] initcall ghash_mod_init+0x0/0xc returned 0 after 0 usecs
[    2.038096] calling  init_bio+0x0/0x9a @ 1
[    2.041375] initcall init_bio+0x0/0x9a returned 0 after 1953 usecs
[    2.042090] calling  blk_settings_init+0x0/0x29 @ 1
[    2.043090] initcall blk_settings_init+0x0/0x29 returned 0 after 0 usecs
[    2.044089] calling  blk_ioc_init+0x0/0x29 @ 1
[    2.045093] initcall blk_ioc_init+0x0/0x29 returned 0 after 0 usecs
[    2.046086] calling  blk_mq_init+0x0/0x96 @ 1
[    2.047105] initcall blk_mq_init+0x0/0x96 returned 0 after 0 usecs
[    2.048085] calling  genhd_device_init+0x0/0x75 @ 1
[    2.050145] initcall genhd_device_init+0x0/0x75 returned 0 after 976 usecs
[    2.051102] calling  pci_slot_init+0x0/0x40 @ 1
[    2.052091] initcall pci_slot_init+0x0/0x40 returned 0 after 0 usecs
[    2.053085] calling  fbmem_init+0x0/0xd8 @ 1
[    2.054122] initcall fbmem_init+0x0/0xd8 returned 0 after 0 usecs
[    2.055085] calling  acpi_init+0x0/0x316 @ 1
[    2.056165] ACPI: Added _OSI(Module Device)
[    2.057083] ACPI: Added _OSI(Processor Device)
[    2.058084] ACPI: Added _OSI(3.0 _SCP Extensions)
[    2.060083] ACPI: Added _OSI(Processor Aggregator Device)
[    2.061085] ACPI: Added _OSI(Linux-Dell-Video)
[    2.062084] ACPI: Added _OSI(Linux-Lenovo-NV-HDMI-Audio)
[    2.063085] ACPI: Added _OSI(Linux-HPI-Hybrid-Graphics)
[    2.066232] ACPI: 1 ACPI AML tables successfully acquired and loaded
[    2.070282] ACPI: Interpreter enabled
[    2.071147] ACPI: (supports S0 S3 S4 S5)
[    2.072082] ACPI: Using IOAPIC for interrupt routing
[    2.074091] PCI: Using host bridge windows from ACPI; if necessary, use "pci=nocrs" and report a bug
[    2.075512] ACPI: Enabled 2 GPEs in block 00 to 3F
[    2.081122] ACPI: PCI Root Bridge [PCI0] (domain 0000 [bus 00-ff])
[    2.082124] acpi PNP0A08:00: _OSC: OS supports [ExtendedConfig ASPM ClockPM Segments MSI HPX-Type3]
[    2.084157] acpi PNP0A08:00: _OSC: platform does not support [LTR]
[    2.085149] acpi PNP0A08:00: _OSC: OS now controls [PME PCIeCapability]
[    2.086161] PCI host bridge to bus 0000:00
[    2.087132] pci_bus 0000:00: root bus resource [io  0x0000-0x0cf7 window]
[    2.088085] pci_bus 0000:00: root bus resource [io  0x0d00-0xffff window]
[    2.089086] pci_bus 0000:00: root bus resource [mem 0x000a0000-0x000bffff window]
[    2.090085] pci_bus 0000:00: root bus resource [mem 0x20000000-0xafffffff window]
[    2.091083] pci_bus 0000:00: root bus resource [mem 0xc0000000-0xfebfffff window]
[    2.092110] pci_bus 0000:00: root bus resource [mem 0x100000000-0x8ffffffff window]
[    2.093084] pci_bus 0000:00: root bus resource [bus 00-ff]
[    2.095456] pci 0000:00:00.0: calling  quirk_mmio_always_on+0x0/0x10 @ 1
[    2.096106] pci 0000:00:00.0: quirk_mmio_always_on+0x0/0x10 took 0 usecs
[    2.097101] pci 0000:00:00.0: [8086:29c0] type 00 class 0x060000
[    2.102099] pci 0000:00:00.0: calling  quirk_igfx_skip_te_disable+0x0/0x80 @ 1
[    2.103088] pci 0000:00:00.0: quirk_igfx_skip_te_disable+0x0/0x80 took 0 usecs
[    2.105392] pci 0000:00:01.0: [1234:1111] type 00 class 0x030000
[    2.112038] pci 0000:00:01.0: reg 0x10: [mem 0xfd000000-0xfdffffff pref]
[    2.122669] pci 0000:00:01.0: reg 0x18: [mem 0xfebf0000-0xfebf0fff]
[    2.137848] pci 0000:00:01.0: reg 0x30: [mem 0xfebe0000-0xfebeffff pref]
[    2.140904] pci 0000:00:01.0: calling  efifb_fixup_resources+0x0/0xf0 @ 1
[    2.141148] pci 0000:00:01.0: efifb_fixup_resources+0x0/0xf0 took 0 usecs
[    2.148518] pci 0000:00:1f.0: [8086:2918] type 00 class 0x060100
[    2.154281] pci 0000:00:1f.0: calling  quirk_ich7_lpc+0x0/0x60 @ 1
[    2.155298] pci 0000:00:1f.0: quirk: [io  0x0600-0x067f] claimed by ICH6 ACPI/GPIO/TCO
[    2.157437] pci 0000:00:1f.0: quirk_ich7_lpc+0x0/0x60 took 1953 usecs
[    2.158181] pci 0000:00:1f.0: calling  quirk_igfx_skip_te_disable+0x0/0x80 @ 1
[    2.159091] pci 0000:00:1f.0: quirk_igfx_skip_te_disable+0x0/0x80 took 0 usecs
[    2.162361] pci 0000:00:1f.2: [8086:2922] type 00 class 0x010601
[    2.171926] pci 0000:00:1f.2: reg 0x20: [io  0xc040-0xc05f]
[    2.173084] pci 0000:00:1f.2: reg 0x24: [mem 0xfebf1000-0xfebf1fff]
[    2.176299] pci 0000:00:1f.2: calling  quirk_igfx_skip_te_disable+0x0/0x80 @ 1
[    2.177087] pci 0000:00:1f.2: quirk_igfx_skip_te_disable+0x0/0x80 took 0 usecs
[    2.182083] pci 0000:00:1f.3: [8086:2930] type 00 class 0x0c0500
[    2.188420] pci 0000:00:1f.3: reg 0x20: [io  0x0700-0x073f]
[    2.191633] pci 0000:00:1f.3: calling  quirk_igfx_skip_te_disable+0x0/0x80 @ 1
[    2.192088] pci 0000:00:1f.3: quirk_igfx_skip_te_disable+0x0/0x80 took 0 usecs
[    2.194353] pci_bus 0000:00: on NUMA node 0
[    2.197462] ACPI: PCI Interrupt Link [LNKA] (IRQs 5 *10 11)
[    2.198516] ACPI: PCI Interrupt Link [LNKB] (IRQs 5 *10 11)
[    2.199487] ACPI: PCI Interrupt Link [LNKC] (IRQs 5 10 *11)
[    2.200485] ACPI: PCI Interrupt Link [LNKD] (IRQs 5 10 *11)
[    2.201464] ACPI: PCI Interrupt Link [LNKE] (IRQs 5 *10 11)
[    2.203378] ACPI: PCI Interrupt Link [LNKF] (IRQs 5 *10 11)
[    2.204477] ACPI: PCI Interrupt Link [LNKG] (IRQs 5 10 *11)
[    2.205488] ACPI: PCI Interrupt Link [LNKH] (IRQs 5 10 *11)
[    2.206298] ACPI: PCI Interrupt Link [GSIA] (IRQs *16)
[    2.207092] ACPI: PCI Interrupt Link [GSIB] (IRQs *17)
[    2.208112] ACPI: PCI Interrupt Link [GSIC] (IRQs *18)
[    2.209123] ACPI: PCI Interrupt Link [GSID] (IRQs *19)
[    2.210130] ACPI: PCI Interrupt Link [GSIE] (IRQs *20)
[    2.212091] ACPI: PCI Interrupt Link [GSIF] (IRQs *21)
[    2.213092] ACPI: PCI Interrupt Link [GSIG] (IRQs *22)
[    2.214107] ACPI: PCI Interrupt Link [GSIH] (IRQs *23)
[    2.217073] initcall acpi_init+0x0/0x316 returned 0 after 156250 usecs
[    2.218207] calling  pnp_init+0x0/0xc @ 1
[    2.219129] initcall pnp_init+0x0/0xc returned 0 after 0 usecs
[    2.220084] calling  misc_init+0x0/0xbf @ 1
[    2.222367] initcall misc_init+0x0/0xbf returned 0 after 976 usecs
[    2.223085] calling  iommu_subsys_init+0x0/0x4e @ 1
[    2.224284] iommu: Default domain type: Translated 
[    2.225084] initcall iommu_subsys_init+0x0/0x4e returned 0 after 976 usecs
[    2.226084] calling  vga_arb_device_init+0x0/0x26c @ 1
[    2.228668] pci 0000:00:01.0: vgaarb: setting as boot VGA device
[    2.229079] pci 0000:00:01.0: vgaarb: VGA device added: decodes=io+mem,owns=io+mem,locks=none
[    2.229084] pci 0000:00:01.0: vgaarb: bridge control possible
[    2.230082] vgaarb: loaded
[    2.231085] initcall vga_arb_device_init+0x0/0x26c returned 0 after 3906 usecs
[    2.232136] calling  cn_init+0x0/0xf0 @ 1
[    2.234174] initcall cn_init+0x0/0xf0 returned 0 after 976 usecs
[    2.235084] calling  dma_buf_init+0x0/0xad @ 1
[    2.237348] initcall dma_buf_init+0x0/0xad returned 0 after 976 usecs
[    2.238084] calling  init_scsi+0x0/0x79 @ 1
[    2.239635] SCSI subsystem initialized
[    2.240085] initcall init_scsi+0x0/0x79 returned 0 after 976 usecs
[    2.241086] calling  ata_init+0x0/0x332 @ 1
[    2.244272] libata version 3.00 loaded.
[    2.245085] initcall ata_init+0x0/0x332 returned 0 after 2929 usecs
[    2.246087] calling  phy_init+0x0/0x250 @ 1
[    2.248145] initcall phy_init+0x0/0x250 returned 0 after 976 usecs
[    2.249086] calling  init_pcmcia_cs+0x0/0x35 @ 1
[    2.250153] initcall init_pcmcia_cs+0x0/0x35 returned 0 after 0 usecs
[    2.251084] calling  usb_common_init+0x0/0x1c @ 1
[    2.254089] initcall usb_common_init+0x0/0x1c returned 0 after 1953 usecs
[    2.255085] calling  usb_init+0x0/0x12e @ 1
[    2.257081] ACPI: bus type USB registered
[    2.261874] usbcore: registered new interface driver usbfs
[    2.263491] usbcore: registered new interface driver hub
[    2.264096] usbcore: registered new device driver usb
[    2.265087] initcall usb_init+0x0/0x12e returned 0 after 8789 usecs
[    2.266087] calling  serio_init+0x0/0x29 @ 1
[    2.267183] initcall serio_init+0x0/0x29 returned 0 after 0 usecs
[    2.268086] calling  input_init+0x0/0xf6 @ 1
[    2.269149] initcall input_init+0x0/0xf6 returned 0 after 0 usecs
[    2.270085] calling  rtc_init+0x0/0x4d @ 1
[    2.271108] initcall rtc_init+0x0/0x4d returned 0 after 0 usecs
[    2.272087] calling  pps_init+0x0/0xa9 @ 1
[    2.273122] pps_core: LinuxPPS API ver. 1 registered
[    2.274081] pps_core: Software ver. 5.3.6 - Copyright 2005-2007 Rodolfo Giometti <giometti@linux.it>
[    2.275085] initcall pps_init+0x0/0xa9 returned 0 after 1953 usecs
[    2.276086] calling  ptp_init+0x0/0x98 @ 1
[    2.277092] PTP clock support registered
[    2.278085] initcall ptp_init+0x0/0x98 returned 0 after 976 usecs
[    2.279085] calling  power_supply_class_init+0x0/0x3f @ 1
[    2.280125] initcall power_supply_class_init+0x0/0x3f returned 0 after 0 usecs
[    2.281085] calling  hwmon_init+0x0/0x104 @ 1
[    2.282114] initcall hwmon_init+0x0/0x104 returned 0 after 0 usecs
[    2.283086] calling  md_init+0x0/0x16b @ 1
[    2.284623] initcall md_init+0x0/0x16b returned 0 after 0 usecs
[    2.285090] calling  leds_init+0x0/0x3b @ 1
[    2.286137] initcall leds_init+0x0/0x3b returned 0 after 0 usecs
[    2.287087] calling  dmi_init+0x0/0x113 @ 1
[    2.289162] initcall dmi_init+0x0/0x113 returned 0 after 976 usecs
[    2.290086] calling  efisubsys_init+0x0/0x4e6 @ 1
[    2.291107] initcall efisubsys_init+0x0/0x4e6 returned 0 after 0 usecs
[    2.292085] calling  nvmem_init+0x0/0xc @ 1
[    2.293176] initcall nvmem_init+0x0/0xc returned 0 after 0 usecs
[    2.294102] calling  init_soundcore+0x0/0x33 @ 1
[    2.295166] initcall init_soundcore+0x0/0x33 returned 0 after 0 usecs
[    2.296084] calling  alsa_sound_init+0x0/0x8f @ 1
[    2.297152] Advanced Linux Sound Architecture Driver Initialized.
[    2.298085] initcall alsa_sound_init+0x0/0x8f returned 0 after 976 usecs
[    2.299086] calling  alsa_seq_device_init+0x0/0x71 @ 1
[    2.301309] initcall alsa_seq_device_init+0x0/0x71 returned 0 after 976 usecs
[    2.302085] calling  hda_bus_init+0x0/0xc @ 1
[    2.303144] initcall hda_bus_init+0x0/0xc returned 0 after 0 usecs
[    2.304085] calling  proto_init+0x0/0xc @ 1
[    2.305131] initcall proto_init+0x0/0xc returned 0 after 0 usecs
[    2.306085] calling  net_dev_init+0x0/0x1cc @ 1
[    2.310511] initcall net_dev_init+0x0/0x1cc returned 0 after 2929 usecs
[    2.311085] calling  neigh_init+0x0/0x84 @ 1
[    2.312089] initcall neigh_init+0x0/0x84 returned 0 after 0 usecs
[    2.313085] calling  fib_notifier_init+0x0/0xc @ 1
[    2.314088] initcall fib_notifier_init+0x0/0xc returned 0 after 0 usecs
[    2.315086] calling  fib_rules_init+0x0/0xab @ 1
[    2.316090] initcall fib_rules_init+0x0/0xab returned 0 after 0 usecs
[    2.317086] calling  pktsched_init+0x0/0x10e @ 1
[    2.319438] initcall pktsched_init+0x0/0x10e returned 0 after 976 usecs
[    2.320085] calling  tc_filter_init+0x0/0xfa @ 1
[    2.321095] initcall tc_filter_init+0x0/0xfa returned 0 after 0 usecs
[    2.322086] calling  tc_action_init+0x0/0x54 @ 1
[    2.323089] initcall tc_action_init+0x0/0x54 returned 0 after 0 usecs
[    2.324086] calling  ethnl_init+0x0/0x52 @ 1
[    2.325562] initcall ethnl_init+0x0/0x52 returned 0 after 0 usecs
[    2.326086] calling  nexthop_init+0x0/0xd8 @ 1
[    2.327255] initcall nexthop_init+0x0/0xd8 returned 0 after 0 usecs
[    2.328086] calling  cipso_v4_init+0x0/0x5a @ 1
[    2.329144] initcall cipso_v4_init+0x0/0x5a returned 0 after 0 usecs
[    2.330085] calling  ieee80211_init+0x0/0x24 @ 1
[    2.332213] initcall ieee80211_init+0x0/0x24 returned 0 after 976 usecs
[    2.333085] calling  netlbl_init+0x0/0x78 @ 1
[    2.334152] NetLabel: Initializing
[    2.335082] NetLabel:  domain hash size = 128
[    2.336132] NetLabel:  protocols = UNLABELED CIPSOv4 CALIPSO
[    2.337235] NetLabel:  unlabeled traffic allowed by default
[    2.338085] initcall netlbl_init+0x0/0x78 returned 0 after 3906 usecs
[    2.339086] calling  rfkill_init+0x0/0x111 @ 1
[    2.340405] initcall rfkill_init+0x0/0x111 returned 0 after 0 usecs
[    2.341088] calling  pci_subsys_init+0x0/0x66 @ 1
[    2.342267] PCI: Using ACPI for IRQ routing
[    3.126556] PCI: pci_cache_line_size set to 64 bytes
[    3.129401] e820: reserve RAM buffer [mem 0x0009fc00-0x0009ffff]
[    3.130190] e820: reserve RAM buffer [mem 0x1ffdf000-0x1fffffff]
[    3.131448] initcall pci_subsys_init+0x0/0x66 returned 0 after 770507 usecs
[    3.139452] calling  nmi_warning_debugfs+0x0/0x26 @ 1
[    3.140355] initcall nmi_warning_debugfs+0x0/0x26 returned 0 after 0 usecs
[    3.142167] calling  save_microcode_in_initrd+0x0/0x51 @ 1
[    3.143244] initcall save_microcode_in_initrd+0x0/0x51 returned 0 after 0 usecs
[    3.144087] calling  hpet_late_init+0x0/0x1f6 @ 1
[    3.146636] hpet: 3 channels of 0 reserved for per-cpu timers
[    3.148409] hpet0: at MMIO 0xfed00000, IRQs 2, 8, 0
[    3.149085] hpet0: 3 comparators, 64-bit 100.000000 MHz counter
[    3.155089] initcall hpet_late_init+0x0/0x1f6 returned 0 after 9765 usecs
[    3.156088] calling  init_amd_nbs+0x0/0x11c @ 1
[    3.157171] initcall init_amd_nbs+0x0/0x11c returned 0 after 0 usecs
[    3.158165] calling  clocksource_done_booting+0x0/0x41 @ 1
[    3.162535] clocksource: Switched to clocksource kvm-clock
[    3.170529] initcall clocksource_done_booting+0x0/0x41 returned 0 after 11175 usecs
[    3.180589] calling  tracer_init_tracefs+0x0/0x1fb @ 1
[    3.407702] initcall tracer_init_tracefs+0x0/0x1fb returned 0 after 215595 usecs
[    3.419498] calling  init_trace_printk_function_export+0x0/0x2c @ 1
[    3.429106] initcall init_trace_printk_function_export+0x0/0x2c returned 0 after 10 usecs
[    3.442000] calling  init_kprobe_trace+0x0/0x1a9 @ 1
[    3.449005] initcall init_kprobe_trace+0x0/0x1a9 returned 0 after 435 usecs
[    3.460109] calling  init_dynamic_event+0x0/0x3d @ 1
[    3.469723] initcall init_dynamic_event+0x0/0x3d returned 0 after 1123 usecs
[    3.479799] calling  init_uprobe_trace+0x0/0x5c @ 1
[    3.485982] initcall init_uprobe_trace+0x0/0x5c returned 0 after 233 usecs
[    3.494866] calling  init_pipe_fs+0x0/0x44 @ 1
[    3.503966] initcall init_pipe_fs+0x0/0x44 returned 0 after 864 usecs
[    3.512798] calling  inotify_user_setup+0x0/0x47 @ 1
[    3.521942] initcall inotify_user_setup+0x0/0x47 returned 0 after 463 usecs
[    3.532029] calling  eventpoll_init+0x0/0xcc @ 1
[    3.539134] initcall eventpoll_init+0x0/0xcc returned 0 after 200 usecs
[    3.549197] calling  anon_inode_init+0x0/0x58 @ 1
[    3.557370] initcall anon_inode_init+0x0/0x58 returned 0 after 1764 usecs
[    3.567109] calling  proc_locks_init+0x0/0x27 @ 1
[    3.573668] initcall proc_locks_init+0x0/0x27 returned 0 after 5 usecs
[    3.583391] calling  iomap_init+0x0/0x1b @ 1
[    3.589696] initcall iomap_init+0x0/0x1b returned 0 after 711 usecs
[    3.597156] calling  dquot_init+0x0/0xd7 @ 1
[    3.602417] VFS: Disk quotas dquot_6.6.0
[    3.607275] VFS: Dquot-cache hash table entries: 512 (order 0, 4096 bytes)
[    3.615598] initcall dquot_init+0x0/0xd7 returned 0 after 12895 usecs
[    3.625150] calling  quota_init+0x0/0x23 @ 1
[    3.631609] initcall quota_init+0x0/0x23 returned 0 after 15 usecs
[    3.640698] calling  proc_cmdline_init+0x0/0x21 @ 1
[    3.647948] initcall proc_cmdline_init+0x0/0x21 returned 0 after 5 usecs
[    3.656755] calling  proc_consoles_init+0x0/0x24 @ 1
[    3.662691] initcall proc_consoles_init+0x0/0x24 returned 0 after 21 usecs
[    3.675564] calling  proc_cpuinfo_init+0x0/0x1e @ 1
[    3.681770] initcall proc_cpuinfo_init+0x0/0x1e returned 0 after 355 usecs
[    3.691546] calling  proc_devices_init+0x0/0x24 @ 1
[    3.697416] initcall proc_devices_init+0x0/0x24 returned 0 after 16 usecs
[    3.705450] calling  proc_interrupts_init+0x0/0x24 @ 1
[    3.711637] initcall proc_interrupts_init+0x0/0x24 returned 0 after 4 usecs
[    3.719910] calling  proc_loadavg_init+0x0/0x21 @ 1
[    3.725775] initcall proc_loadavg_init+0x0/0x21 returned 0 after 3 usecs
[    3.733723] calling  proc_meminfo_init+0x0/0x21 @ 1
[    3.739441] initcall proc_meminfo_init+0x0/0x21 returned 0 after 3 usecs
[    3.747318] calling  proc_stat_init+0x0/0x1e @ 1
[    3.753358] initcall proc_stat_init+0x0/0x1e returned 0 after 30 usecs
[    3.761151] calling  proc_uptime_init+0x0/0x21 @ 1
[    3.768718] initcall proc_uptime_init+0x0/0x21 returned 0 after 73 usecs
[    3.777055] calling  proc_version_init+0x0/0x21 @ 1
[    3.783157] initcall proc_version_init+0x0/0x21 returned 0 after 19 usecs
[    3.791428] calling  proc_softirqs_init+0x0/0x21 @ 1
[    3.797540] initcall proc_softirqs_init+0x0/0x21 returned 0 after 3 usecs
[    3.805706] calling  proc_kcore_init+0x0/0xea @ 1
[    3.812279] initcall proc_kcore_init+0x0/0xea returned 0 after 810 usecs
[    3.820253] calling  vmcore_init+0x0/0x578 @ 1
[    3.825433] initcall vmcore_init+0x0/0x578 returned 0 after 26 usecs
[    3.832873] calling  proc_kmsg_init+0x0/0x21 @ 1
[    3.838955] initcall proc_kmsg_init+0x0/0x21 returned 0 after 66 usecs
[    3.847092] calling  proc_page_init+0x0/0x3b @ 1
[    3.852714] initcall proc_page_init+0x0/0x3b returned 0 after 20 usecs
[    3.860450] calling  init_ramfs_fs+0x0/0xc @ 1
[    3.866765] initcall init_ramfs_fs+0x0/0xc returned 0 after 748 usecs
[    3.874499] calling  init_hugetlbfs_fs+0x0/0xf6 @ 1
[    3.881553] initcall init_hugetlbfs_fs+0x0/0xf6 returned 0 after 1076 usecs
[    3.889975] calling  blk_scsi_ioctl_init+0x0/0x2a5 @ 1
[    3.896546] initcall blk_scsi_ioctl_init+0x0/0x2a5 returned 0 after 75 usecs
[    3.905980] calling  acpi_event_init+0x0/0x2c @ 1
[    3.912587] initcall acpi_event_init+0x0/0x2c returned 0 after 822 usecs
[    3.920683] calling  pnp_system_init+0x0/0xc @ 1
[    3.926944] initcall pnp_system_init+0x0/0xc returned 0 after 523 usecs
[    3.935028] calling  pnpacpi_init+0x0/0x69 @ 1
[    3.940648] pnp: PnP ACPI init
[    3.945637] pnp 00:00: Plug and Play ACPI device, IDs PNP0303 (active)
[    3.954235] pnp 00:01: Plug and Play ACPI device, IDs PNP0f13 (active)
[    3.963610] pnp 00:02: Plug and Play ACPI device, IDs PNP0400 (active)
[    3.971732] pnp 00:03: Plug and Play ACPI device, IDs PNP0501 (active)
[    3.979718] pnp 00:04: Plug and Play ACPI device, IDs PNP0b00 (active)
[    3.989175] system 00:05: [mem 0xb0000000-0xbfffffff window] has been reserved
[    3.998002] system 00:05: Plug and Play ACPI device, IDs PNP0c01 (active)
[    4.008278] pnp: PnP ACPI: found 6 devices
[    4.013301] initcall pnpacpi_init+0x0/0x69 returned 0 after 70957 usecs
[    4.021241] calling  chr_dev_init+0x0/0x14d @ 1
[    4.030547] initcall chr_dev_init+0x0/0x14d returned 0 after 3685 usecs
[    4.038574] calling  firmware_class_init+0x0/0xde @ 1
[    4.044802] initcall firmware_class_init+0x0/0xde returned 0 after 96 usecs
[    4.053162] calling  init_pcmcia_bus+0x0/0x5b @ 1
[    4.058899] initcall init_pcmcia_bus+0x0/0x5b returned 0 after 89 usecs
[    4.066762] calling  init_acpi_pm_clocksource+0x0/0xda @ 1
[    4.078955] clocksource: acpi_pm: mask: 0xffffff max_cycles: 0xffffff, max_idle_ns: 2085701024 ns
[    4.089659] initcall init_acpi_pm_clocksource+0x0/0xda returned 0 after 15914 usecs
[    4.098935] calling  sysctl_core_init+0x0/0x26 @ 1
[    4.105049] initcall sysctl_core_init+0x0/0x26 returned 0 after 256 usecs
[    4.113237] calling  eth_offload_init+0x0/0x13 @ 1
[    4.119154] initcall eth_offload_init+0x0/0x13 returned 0 after 15 usecs
[    4.128772] calling  ipv4_offload_init+0x0/0x73 @ 1
[    4.136238] initcall ipv4_offload_init+0x0/0x73 returned 0 after 133 usecs
[    4.146412] calling  inet_init+0x0/0x276 @ 1
[    4.153127] NET: Registered protocol family 2
[    4.159561] IP idents hash table entries: 8192 (order: 4, 65536 bytes, linear)
[    4.170184] tcp_listen_portaddr_hash hash table entries: 256 (order: 0, 4096 bytes, linear)
[    4.180296] TCP established hash table entries: 4096 (order: 3, 32768 bytes, linear)
[    4.189450] TCP bind hash table entries: 4096 (order: 3, 32768 bytes, linear)
[    4.198254] TCP: Hash tables configured (established 4096 bind 4096)
[    4.206103] UDP hash table entries: 256 (order: 1, 8192 bytes, linear)
[    4.213742] UDP-Lite hash table entries: 256 (order: 1, 8192 bytes, linear)
[    4.222422] initcall inet_init+0x0/0x276 returned 0 after 67880 usecs
[    4.230617] calling  af_unix_init+0x0/0x4d @ 1
[    4.236221] NET: Registered protocol family 1
[    4.242373] initcall af_unix_init+0x0/0x4d returned 0 after 6022 usecs
[    4.251057] calling  ipv6_offload_init+0x0/0x7e @ 1
[    4.258638] initcall ipv6_offload_init+0x0/0x7e returned 0 after 110 usecs
[    4.268820] calling  init_sunrpc+0x0/0x65 @ 1
[    4.276666] RPC: Registered named UNIX socket transport module.
[    4.284891] RPC: Registered udp transport module.
[    4.291564] RPC: Registered tcp transport module.
[    4.297214] RPC: Registered tcp NFSv4.1 backchannel transport module.
[    4.305955] initcall init_sunrpc+0x0/0x65 returned 0 after 29957 usecs
[    4.315392] calling  cfg80211_init+0x0/0xc5 @ 1
[    4.322975] initcall cfg80211_init+0x0/0xc5 returned 0 after 913 usecs
[    4.332711] calling  pcibios_assign_resources+0x0/0xcb @ 1
[    4.340069] pci_bus 0000:00: resource 4 [io  0x0000-0x0cf7 window]
[    4.349557] pci_bus 0000:00: resource 5 [io  0x0d00-0xffff window]
[    4.356741] pci_bus 0000:00: resource 6 [mem 0x000a0000-0x000bffff window]
[    4.366511] pci_bus 0000:00: resource 7 [mem 0x20000000-0xafffffff window]
[    4.375197] pci_bus 0000:00: resource 8 [mem 0xc0000000-0xfebfffff window]
[    4.382987] pci_bus 0000:00: resource 9 [mem 0x100000000-0x8ffffffff window]
[    4.391069] initcall pcibios_assign_resources+0x0/0xcb returned 0 after 49917 usecs
[    4.399686] calling  pci_apply_final_quirks+0x0/0x124 @ 1
[    4.406192] pci 0000:00:01.0: calling  pci_fixup_video+0x0/0xe0 @ 1
[    4.413695] pci 0000:00:01.0: Video device with shadowed ROM at [mem 0x000c0000-0x000dffff]
[    4.423093] pci 0000:00:01.0: pci_fixup_video+0x0/0xe0 took 9593 usecs
[    4.430813] PCI: CLS 0 bytes, default 64
[    4.435395] initcall pci_apply_final_quirks+0x0/0x124 returned 0 after 28883 usecs
[    4.444079] calling  acpi_reserve_resources+0x0/0xea @ 1
[    4.450094] initcall acpi_reserve_resources+0x0/0xea returned 0 after 29 usecs
[    4.459903] calling  populate_rootfs+0x0/0x102 @ 1
[    4.468026] initcall populate_rootfs+0x0/0x102 returned 0 after 1298 usecs
[    4.477643] calling  pci_iommu_init+0x0/0x3e @ 1
[    4.484449] initcall pci_iommu_init+0x0/0x3e returned 0 after 144 usecs
[    4.495503] calling  ia32_binfmt_init+0x0/0x13 @ 1
[    4.502477] initcall ia32_binfmt_init+0x0/0x13 returned 0 after 36 usecs
[    4.510688] calling  rapl_pmu_init+0x0/0x25f @ 1
[    4.516211] initcall rapl_pmu_init+0x0/0x25f returned -19 after 112 usecs
[    4.524172] calling  amd_uncore_init+0x0/0x310 @ 1
[    4.529822] initcall amd_uncore_init+0x0/0x310 returned -19 after 0 usecs
[    4.537700] calling  amd_ibs_init+0x0/0x273 @ 1
[    4.543199] initcall amd_ibs_init+0x0/0x273 returned -19 after 0 usecs
[    4.552199] calling  amd_iommu_pc_init+0x0/0x20c @ 1
[    4.559877] initcall amd_iommu_pc_init+0x0/0x20c returned -19 after 0 usecs
[    4.570454] calling  msr_init+0x0/0x55 @ 1
[    4.576418] initcall msr_init+0x0/0x55 returned 0 after 99 usecs
[    4.583320] calling  intel_uncore_init+0x0/0x322 @ 1
[    4.589238] initcall intel_uncore_init+0x0/0x322 returned -19 after 34 usecs
[    4.597391] calling  cstate_pmu_init+0x0/0x181 @ 1
[    4.603124] initcall cstate_pmu_init+0x0/0x181 returned -19 after 0 usecs
[    4.611013] calling  register_kernel_offset_dumper+0x0/0x1a @ 1
[    4.617842] initcall register_kernel_offset_dumper+0x0/0x1a returned 0 after 28 usecs
[    4.626936] calling  i8259A_init_ops+0x0/0x20 @ 1
[    4.632451] initcall i8259A_init_ops+0x0/0x20 returned 0 after 1 usecs
[    4.640160] calling  init_tsc_clocksource+0x0/0xa4 @ 1
[    4.646833] clocksource: tsc: mask: 0xffffffffffffffff max_cycles: 0x39a85afc727, max_idle_ns: 881590685098 ns
[    4.658219] initcall init_tsc_clocksource+0x0/0xa4 returned 0 after 11118 usecs
[    4.666730] calling  add_rtc_cmos+0x0/0xb0 @ 1
[    4.671974] initcall add_rtc_cmos+0x0/0xb0 returned 0 after 2 usecs
[    4.679191] calling  i8237A_init_ops+0x0/0x3a @ 1
[    4.691084] initcall i8237A_init_ops+0x0/0x3a returned 0 after 676 usecs
[    4.699081] calling  umwait_init+0x0/0x94 @ 1
[    4.704206] initcall umwait_init+0x0/0x94 returned -19 after 30 usecs
[    4.711694] calling  thermal_throttle_init_device+0x0/0x3d @ 1
[    4.718463] initcall thermal_throttle_init_device+0x0/0x3d returned 0 after 15 usecs
[    4.727308] calling  msr_init+0x0/0xd7 @ 1
[    4.735412] initcall msr_init+0x0/0xd7 returned 0 after 3167 usecs
[    4.742969] calling  cpuid_init+0x0/0xd7 @ 1
[    4.749636] initcall cpuid_init+0x0/0xd7 returned 0 after 1256 usecs
[    4.757256] calling  ioapic_init_ops+0x0/0x13 @ 1
[    4.762919] initcall ioapic_init_ops+0x0/0x13 returned 0 after 23 usecs
[    4.770748] calling  add_pcspkr+0x0/0x6c @ 1
[    4.776203] initcall add_pcspkr+0x0/0x6c returned 0 after 317 usecs
[    4.783707] calling  start_periodic_check_for_corruption+0x0/0x30 @ 1
[    4.791254] check: Scanning for low memory corruption every 60 seconds
[    4.799052] initcall start_periodic_check_for_corruption+0x0/0x30 returned 0 after 7643 usecs
[    4.812002] calling  sysfb_init+0x0/0x9c @ 1
[    4.818612] initcall sysfb_init+0x0/0x9c returned 0 after 288 usecs
[    4.827475] calling  audit_classes_init+0x0/0xae @ 1
[    4.834605] initcall audit_classes_init+0x0/0xae returned 0 after 82 usecs
[    4.844772] calling  iosf_mbi_init+0x0/0x24 @ 1
[    4.852356] initcall iosf_mbi_init+0x0/0x24 returned 0 after 961 usecs
[    4.861644] calling  proc_execdomains_init+0x0/0x21 @ 1
[    4.869270] initcall proc_execdomains_init+0x0/0x21 returned 0 after 168 usecs
[    4.879420] calling  register_warn_debugfs+0x0/0x23 @ 1
[    4.887075] initcall register_warn_debugfs+0x0/0x23 returned 0 after 148 usecs
[    4.897186] calling  ioresources_init+0x0/0x49 @ 1
[    4.904178] initcall ioresources_init+0x0/0x49 returned 0 after 28 usecs
[    4.913668] calling  snapshot_device_init+0x0/0xc @ 1
[    4.921437] initcall snapshot_device_init+0x0/0xc returned 0 after 494 usecs
[    4.931629] calling  irq_pm_init_ops+0x0/0x13 @ 1
[    4.938513] initcall irq_pm_init_ops+0x0/0x13 returned 0 after 45 usecs
[    4.947072] calling  rcu_torture_init+0x0/0x964 @ 1
[    4.953048] rcu-torture:--- Start of test: nreaders=1 nfakewriters=4 stat_interval=15 verbose=1 test_no_idle_hz=1 shuffle_interval=3 stutter=5 irqreader=1 fqs_duration=0 fqs_holdoff=0 fqs_stutter=3 test_boost=1/0 test_boost_interval=7 test_boost_duration=4 shutdown_secs=1800 stall_cpu=0 stall_cpu_holdoff=10 stall_cpu_irqsoff=0 stall_cpu_block=0 n_barrier_cbs=4 onoff_interval=0 onoff_holdoff=0 read_exit_delay=13 read_exit_burst=16
[    4.996240] rcu:  Start-test grace-period state: g-1096 f0x0
[    5.002833] rcu-torture: Creating rcu_torture_writer task
[    5.010495] rcu-torture: Creating rcu_torture_fakewriter task
[    5.017291] rcu-torture: rcu_torture_writer task started
[    5.023417] rcu-torture: GP expediting controlled from boot/sysfs for rcu.
[    5.031235] rcu-torture: Creating rcu_torture_fakewriter task
[    5.037777] rcu-torture: rcu_torture_fakewriter task started
[    5.044796] rcu-torture: Creating rcu_torture_fakewriter task
[    5.051470] rcu-torture: rcu_torture_fakewriter task started
[    5.058237] rcu_torture_writer: Testing conditional GPs.
[    5.067441] rcu-torture: Creating rcu_torture_fakewriter task
[    5.075250] rcu-torture: rcu_torture_fakewriter task started
[    5.083349] rcu_torture_writer: Testing expedited GPs.
[    5.090773] rcu-torture: Creating rcu_torture_reader task
[    5.098584] rcu-torture: rcu_torture_fakewriter task started
[    5.106568] rcu_torture_writer: Testing asynchronous GPs.
[    5.112768] rcu-torture: Creating rcu_torture_stats task
[    5.118913] rcu-torture: rcu_torture_reader task started
[    5.125071] rcu_torture_writer: Testing normal GPs.
[    5.131593] rcu-torture: Creating torture_shuffle task
[    5.138746] rcu-torture: rcu_torture_stats task started
[    5.144853] rcu-torture: Creating torture_stutter task
[    5.151686] rcu-torture: torture_shuffle task started
[    5.157780] rcu-torture: Creating torture_shutdown task
[    5.163735] rcu-torture: torture_stutter task started
[    5.171398] rcu-torture: Creating rcu_torture_fwd_prog task
[    5.178302] rcu-torture: torture_shutdown task started
[    5.184614] rcu-torture:torture_shutdown task: 1799973 ms remaining
[    5.193352] rcu-torture: Creating rcu_torture_barrier_cbs task
[    5.200162] rcu-torture: rcu_torture_fwd_progress task started
[    5.207210] rcu-torture: Creating rcu_torture_barrier_cbs task
[    5.214015] rcu-torture: rcu_torture_barrier_cbs task started
[    5.221009] rcu-torture: Creating rcu_torture_barrier_cbs task
[    5.227770] rcu-torture: rcu_torture_barrier_cbs task started
[    5.234675] rcu-torture: Creating rcu_torture_barrier_cbs task
[    5.241522] rcu-torture: rcu_torture_barrier_cbs task started
[    5.248476] rcu-torture: Creating rcu_torture_barrier task
[    5.255539] rcu-torture: rcu_torture_barrier_cbs task started
[    5.263412] rcu-torture: Creating rcu_torture_read_exit task
[    5.269921] rcu-torture: rcu_torture_barrier task starting
[    5.276598] initcall rcu_torture_init+0x0/0x964 returned 0 after 316161 usecs
[    5.284870] rcu-torture: rcu_torture_read_exit: Start of test
[    5.291624] calling  timekeeping_init_ops+0x0/0x13 @ 1
[    5.297661] initcall timekeeping_init_ops+0x0/0x13 returned 0 after 7 usecs
[    5.305644] calling  init_clocksource_sysfs+0x0/0x23 @ 1
[    5.312067] initcall init_clocksource_sysfs+0x0/0x23 returned 0 after 232 usecs
[    5.320691] calling  init_timer_list_procfs+0x0/0x31 @ 1
[    5.327013] initcall init_timer_list_procfs+0x0/0x31 returned 0 after 9 usecs
[    5.335307] calling  alarmtimer_init+0x0/0xb5 @ 1
[    5.341222] initcall alarmtimer_init+0x0/0xb5 returned 0 after 391 usecs
[    5.349208] calling  init_posix_timers+0x0/0x29 @ 1
[    5.354991] initcall init_posix_timers+0x0/0x29 returned 0 after 42 usecs
[    5.362884] calling  clockevents_init_sysfs+0x0/0x8b @ 1
[    5.369188] initcall clockevents_init_sysfs+0x0/0x8b returned 0 after 158 usecs
[    5.377400] calling  proc_dma_init+0x0/0x21 @ 1
[    5.382759] initcall proc_dma_init+0x0/0x21 returned 0 after 22 usecs
[    5.390189] calling  proc_modules_init+0x0/0x1e @ 1
[    5.395840] initcall proc_modules_init+0x0/0x1e returned 0 after 22 usecs
[    5.403760] calling  kallsyms_init+0x0/0x21 @ 1
[    5.409178] initcall kallsyms_init+0x0/0x21 returned 0 after 88 usecs
[    5.416575] calling  pid_namespaces_init+0x0/0x2c @ 1
[    5.422334] initcall pid_namespaces_init+0x0/0x2c returned 0 after 28 usecs
[    5.430371] calling  audit_watch_init+0x0/0x37 @ 1
[    5.435974] initcall audit_watch_init+0x0/0x37 returned 0 after 5 usecs
[    5.443574] calling  audit_fsnotify_init+0x0/0x37 @ 1
[    5.450808] initcall audit_fsnotify_init+0x0/0x37 returned 0 after 6 usecs
[    5.458854] calling  audit_tree_init+0x0/0x6d @ 1
[    5.464608] initcall audit_tree_init+0x0/0x6d returned 0 after 40 usecs
[    5.472137] calling  seccomp_sysctl_init+0x0/0x2b @ 1
[    5.478053] initcall seccomp_sysctl_init+0x0/0x2b returned 0 after 67 usecs
[    5.485857] calling  utsname_sysctl_init+0x0/0x13 @ 1
[    5.491676] initcall utsname_sysctl_init+0x0/0x13 returned 0 after 79 usecs
[    5.499415] calling  init_tracepoints+0x0/0x27 @ 1
[    5.504885] initcall init_tracepoints+0x0/0x27 returned 0 after 87 usecs
[    5.512306] calling  init_blk_tracer+0x0/0x50 @ 1
[    5.518352] initcall init_blk_tracer+0x0/0x50 returned 0 after 664 usecs
[    5.525989] calling  perf_event_sysfs_init+0x0/0x81 @ 1
[    5.532362] initcall perf_event_sysfs_init+0x0/0x81 returned 0 after 506 usecs
[    5.540520] calling  system_trusted_keyring_init+0x0/0x5f @ 1
[    5.546957] Initialise system trusted keyrings
[    5.552007] initcall system_trusted_keyring_init+0x0/0x5f returned 0 after 4932 usecs
[    5.560609] calling  kswapd_init+0x0/0x13 @ 1
[    5.565785] initcall kswapd_init+0x0/0x13 returned 0 after 256 usecs
[    5.572959] calling  extfrag_debug_init+0x0/0x54 @ 1
[    5.578918] initcall extfrag_debug_init+0x0/0x54 returned 0 after 48 usecs
[    5.588579] calling  slab_proc_init+0x0/0x21 @ 1
[    5.595237] initcall slab_proc_init+0x0/0x21 returned 0 after 51 usecs
[    5.604545] calling  workingset_init+0x0/0x8c @ 1
[    5.610708] workingset: timestamp_bits=62 max_order=17 bucket_order=0
[    5.618092] initcall workingset_init+0x0/0x8c returned 0 after 7225 usecs
[    5.626397] calling  proc_vmalloc_init+0x0/0x27 @ 1
[    5.632736] initcall proc_vmalloc_init+0x0/0x27 returned 0 after 8 usecs
[    5.640502] calling  procswaps_init+0x0/0x1e @ 1
[    5.648577] initcall procswaps_init+0x0/0x1e returned 0 after 2444 usecs
[    5.656225] calling  slab_sysfs_init+0x0/0xea @ 1
[    5.663923] initcall slab_sysfs_init+0x0/0xea returned 0 after 2250 usecs
[    5.671617] calling  fcntl_init+0x0/0x29 @ 1
[    5.676552] initcall fcntl_init+0x0/0x29 returned 0 after 13 usecs
[    5.683640] calling  proc_filesystems_init+0x0/0x21 @ 1
[    5.689640] initcall proc_filesystems_init+0x0/0x21 returned 0 after 7 usecs
[    5.702250] calling  start_dirtytime_writeback+0x0/0x29 @ 1
[    5.708935] initcall start_dirtytime_writeback+0x0/0x29 returned 0 after 171 usecs
[    5.717713] calling  blkdev_init+0x0/0x1b @ 1
[    5.724431] initcall blkdev_init+0x0/0x1b returned 0 after 1599 usecs
[    5.731817] calling  dio_init+0x0/0x2c @ 1
[    5.741650] initcall dio_init+0x0/0x2c returned 0 after 3915 usecs
[    5.752744] calling  dnotify_init+0x0/0x78 @ 1
[    5.759629] initcall dnotify_init+0x0/0x78 returned 0 after 390 usecs
[    5.768363] calling  aio_setup+0x0/0x78 @ 1
[    5.776277] initcall aio_setup+0x0/0x78 returned 0 after 2864 usecs
[    5.783896] rcu_torture_rea (66) used greatest stack depth: 15504 bytes left
[    5.792035] calling  io_uring_init+0x0/0x2c @ 1
[    5.797221] initcall io_uring_init+0x0/0x2c returned 0 after 33 usecs
[    5.804734] calling  mbcache_init+0x0/0x30 @ 1
[    5.810401] initcall mbcache_init+0x0/0x30 returned 0 after 478 usecs
[    5.817888] calling  init_grace+0x0/0xc @ 1
[    5.823280] initcall init_grace+0x0/0xc returned 0 after 347 usecs
[    5.830577] calling  init_v2_quota_format+0x0/0x21 @ 1
[    5.836663] initcall init_v2_quota_format+0x0/0x21 returned 0 after 59 usecs
[    5.844935] calling  init_devpts_fs+0x0/0x27 @ 1
[    5.850890] initcall init_devpts_fs+0x0/0x27 returned 0 after 515 usecs
[    5.858485] calling  ext4_init_fs+0x0/0x1cb @ 1
[    5.864700] initcall ext4_init_fs+0x0/0x1cb returned 0 after 794 usecs
[    5.875160] calling  journal_init+0x0/0x11c @ 1
[    5.881846] initcall journal_init+0x0/0x11c returned 0 after 135 usecs
[    5.890958] calling  init_fat_fs+0x0/0x49 @ 1
[    5.897258] initcall init_fat_fs+0x0/0x49 returned 0 after 177 usecs
[    5.905715] calling  init_vfat_fs+0x0/0xc @ 1
[    5.910862] initcall init_vfat_fs+0x0/0xc returned 0 after 9 usecs
[    5.918021] calling  init_msdos_fs+0x0/0xc @ 1
[    5.923067] initcall init_msdos_fs+0x0/0xc returned 0 after 6 usecs
[    5.930362] calling  init_iso9660_fs+0x0/0x6c @ 1
[    5.936027] initcall init_iso9660_fs+0x0/0x6c returned 0 after 104 usecs
[    5.943881] calling  init_nfs_fs+0x0/0x13a @ 1
[    5.950810] initcall init_nfs_fs+0x0/0x13a returned 0 after 1668 usecs
[    5.958528] calling  init_nfs_v2+0x0/0x13 @ 1
[    5.963860] initcall init_nfs_v2+0x0/0x13 returned 0 after 93 usecs
[    5.971280] calling  init_nfs_v3+0x0/0x13 @ 1
[    5.976495] initcall init_nfs_v3+0x0/0x13 returned 0 after 7 usecs
[    5.983743] calling  init_nfs_v4+0x0/0x32 @ 1
[    5.989002] NFS: Registering the id_resolver key type
[    5.995049] Key type id_resolver registered
[    6.000057] Key type id_legacy registered
[    6.004948] initcall init_nfs_v4+0x0/0x32 returned 0 after 15639 usecs
[    6.012701] calling  init_nlm+0x0/0x5b @ 1
[    6.017849] initcall init_nlm+0x0/0x5b returned 0 after 104 usecs
[    6.025187] calling  init_nls_cp437+0x0/0xe @ 1
[    6.030764] initcall init_nls_cp437+0x0/0xe returned 0 after 108 usecs
[    6.038439] calling  init_nls_ascii+0x0/0xe @ 1
[    6.043892] initcall init_nls_ascii+0x0/0xe returned 0 after 5 usecs
[    6.051347] calling  init_nls_iso8859_1+0x0/0xe @ 1
[    6.057702] initcall init_nls_iso8859_1+0x0/0xe returned 0 after 7 usecs
[    6.066154] calling  init_nls_utf8+0x0/0x21 @ 1
[    6.071373] initcall init_nls_utf8+0x0/0x21 returned 0 after 5 usecs
[    6.078781] calling  init_autofs_fs+0x0/0x25 @ 1
[    6.085996] initcall init_autofs_fs+0x0/0x25 returned 0 after 1652 usecs
[    6.094164] calling  ipc_init+0x0/0x24 @ 1
[    6.099218] initcall ipc_init+0x0/0x24 returned 0 after 197 usecs
[    6.106435] calling  ipc_sysctl_init+0x0/0x13 @ 1
[    6.112203] initcall ipc_sysctl_init+0x0/0x13 returned 0 after 105 usecs
[    6.120231] calling  init_mqueue_fs+0x0/0x92 @ 1
[    6.126091] initcall init_mqueue_fs+0x0/0x92 returned 0 after 272 usecs
[    6.133880] calling  key_proc_init+0x0/0x63 @ 1
[    6.139197] initcall key_proc_init+0x0/0x63 returned 0 after 10 usecs
[    6.147255] calling  selinux_nf_ip_init+0x0/0x2e @ 1
[    6.153240] initcall selinux_nf_ip_init+0x0/0x2e returned 0 after 52 usecs
[    6.161325] calling  init_sel_fs+0x0/0x116 @ 1
[    6.168048] initcall init_sel_fs+0x0/0x116 returned 0 after 7 usecs
[    6.176933] calling  selnl_init+0x0/0x7c @ 1
[    6.183921] initcall selnl_init+0x0/0x7c returned 0 after 514 usecs
[    6.192780] calling  sel_netif_init+0x0/0x36 @ 1
[    6.198349] initcall sel_netif_init+0x0/0x36 returned 0 after 47 usecs
[    6.205964] calling  sel_netnode_init+0x0/0x33 @ 1
[    6.211608] initcall sel_netnode_init+0x0/0x33 returned 0 after 5 usecs
[    6.219352] calling  sel_netport_init+0x0/0x33 @ 1
[    6.225027] initcall sel_netport_init+0x0/0x33 returned 0 after 5 usecs
[    6.232783] calling  aurule_init+0x0/0x2a @ 1
[    6.237881] initcall aurule_init+0x0/0x2a returned 0 after 6 usecs
[    6.244980] calling  crypto_algapi_init+0x0/0xc @ 1
[    6.250876] initcall crypto_algapi_init+0x0/0xc returned 0 after 53 usecs
[    6.258723] calling  jent_mod_init+0x0/0x2d @ 1
[    6.273250] initcall jent_mod_init+0x0/0x2d returned 0 after 9013 usecs
[    6.280854] calling  asymmetric_key_init+0x0/0xc @ 1
[    6.286652] Key type asymmetric registered
[    6.291589] initcall asymmetric_key_init+0x0/0xc returned 0 after 4840 usecs
[    6.299710] calling  x509_key_init+0x0/0xc @ 1
[    6.304936] Asymmetric key parser 'x509' registered
[    6.310639] initcall x509_key_init+0x0/0xc returned 0 after 5592 usecs
[    6.318585] calling  proc_genhd_init+0x0/0x41 @ 1
[    6.324408] initcall proc_genhd_init+0x0/0x41 returned 0 after 34 usecs
[    6.332514] calling  bsg_init+0x0/0x113 @ 1
[    6.337997] Block layer SCSI generic (bsg) driver version 0.4 loaded (major 251)
[    6.346878] initcall bsg_init+0x0/0x113 returned 0 after 8892 usecs
[    6.354552] calling  deadline_init+0x0/0xc @ 1
[    6.360068] io scheduler mq-deadline registered
[    6.365832] initcall deadline_init+0x0/0xc returned 0 after 5650 usecs
[    6.373778] calling  kyber_init+0x0/0xc @ 1
[    6.378854] io scheduler kyber registered
[    6.383982] initcall kyber_init+0x0/0xc returned 0 after 5033 usecs
[    6.392752] calling  mod_init+0x0/0x7 @ 1
[    6.398275] initcall mod_init+0x0/0x7 returned 0 after 171 usecs
[    6.405744] calling  sg_pool_init+0x0/0xb4 @ 1
[    6.412574] initcall sg_pool_init+0x0/0xb4 returned 0 after 1123 usecs
[    6.420431] calling  pcie_portdrv_init+0x0/0x39 @ 1
[    6.426981] initcall pcie_portdrv_init+0x0/0x39 returned 0 after 618 usecs
[    6.435834] calling  pci_proc_init+0x0/0x68 @ 1
[    6.442045] initcall pci_proc_init+0x0/0x68 returned 0 after 94 usecs
[    6.449893] calling  pci_hotplug_init+0x0/0x7 @ 1
[    6.455541] initcall pci_hotplug_init+0x0/0x7 returned 0 after 6 usecs
[    6.463555] calling  efifb_driver_init+0x0/0xe @ 1
[    6.469865] initcall efifb_driver_init+0x0/0xe returned 0 after 336 usecs
[    6.478087] calling  ged_driver_init+0x0/0xe @ 1
[    6.484004] initcall ged_driver_init+0x0/0xe returned 0 after 141 usecs
[    6.492173] calling  acpi_ac_init+0x0/0x92 @ 1
[    6.499083] initcall acpi_ac_init+0x0/0x92 returned 0 after 1186 usecs
[    6.508153] calling  acpi_button_driver_init+0x0/0x52 @ 1
[    6.515813] input: Power Button as /devices/LNXSYSTM:00/LNXPWRBN:00/input/input0
[    6.530296] ACPI: Power Button [PWRF]
[    6.535300] initcall acpi_button_driver_init+0x0/0x52 returned 0 after 19820 usecs
[    6.544194] calling  acpi_fan_driver_init+0x0/0xe @ 1
[    6.551410] initcall acpi_fan_driver_init+0x0/0xe returned 0 after 25 usecs
[    6.559914] calling  acpi_video_init+0x0/0xcb @ 1
[    6.565798] initcall acpi_video_init+0x0/0xcb returned 0 after 77 usecs
[    6.573744] calling  acpi_processor_driver_init+0x0/0xad @ 1
[    6.581334] initcall acpi_processor_driver_init+0x0/0xad returned 0 after 578 usecs
[    6.590559] calling  acpi_thermal_init+0x0/0x71 @ 1
[    6.596678] initcall acpi_thermal_init+0x0/0x71 returned 0 after 94 usecs
[    6.604919] calling  acpi_battery_init+0x0/0x32 @ 1
[    6.610886] initcall acpi_battery_init+0x0/0x32 returned 0 after 58 usecs
[    6.619312] calling  bgrt_init+0x0/0xb6 @ 1
[    6.624486] initcall bgrt_init+0x0/0xb6 returned -19 after 6 usecs
[    6.631886] calling  gpio_clk_driver_init+0x0/0xe @ 1
[    6.638223] initcall gpio_clk_driver_init+0x0/0xe returned 0 after 157 usecs
[    6.646689] calling  plt_clk_driver_init+0x0/0xe @ 1
[    6.652701] initcall plt_clk_driver_init+0x0/0xe returned 0 after 18 usecs
[    6.660897] calling  virtio_pci_driver_init+0x0/0x15 @ 1
[    6.667537] initcall virtio_pci_driver_init+0x0/0x15 returned 0 after 99 usecs
[    6.676417] calling  n_null_init+0x0/0x1e @ 1
[    6.681789] initcall n_null_init+0x0/0x1e returned 0 after 24 usecs
[    6.689315] calling  pty_init+0x0/0x1e8 @ 1
[    6.694725] initcall pty_init+0x0/0x1e8 returned 0 after 218 usecs
[    6.703767] calling  sysrq_init+0x0/0x62 @ 1
[    6.710237] initcall sysrq_init+0x0/0x62 returned 0 after 17 usecs
[    6.719279] calling  serial8250_init+0x0/0x17e @ 1
[    6.726356] Serial: 8250/16550 driver, 4 ports, IRQ sharing enabled
[    6.735010] 00:03: ttyS0 at I/O 0x3f8 (irq = 4, base_baud = 115200) is a 16550A
[    6.745067] initcall serial8250_init+0x0/0x17e returned 0 after 18337 usecs
[    6.753388] calling  serial_pci_driver_init+0x0/0x15 @ 1
[    6.759783] initcall serial_pci_driver_init+0x0/0x15 returned 0 after 81 usecs
[    6.768467] calling  exar_pci_driver_init+0x0/0x15 @ 1
[    6.774792] initcall exar_pci_driver_init+0x0/0x15 returned 0 after 50 usecs
[    6.783299] calling  lpss8250_pci_driver_init+0x0/0x15 @ 1
[    6.789993] initcall lpss8250_pci_driver_init+0x0/0x15 returned 0 after 19 usecs
[    6.798864] calling  mid8250_pci_driver_init+0x0/0x15 @ 1
[    6.805423] initcall mid8250_pci_driver_init+0x0/0x15 returned 0 after 22 usecs
[    6.814851] calling  virtio_console_init+0x0/0xff @ 1
[    6.821428] initcall virtio_console_init+0x0/0xff returned 0 after 349 usecs
[    6.832359] calling  hpet_init+0x0/0x64 @ 1
[    6.839475] initcall hpet_init+0x0/0x64 returned 0 after 582 usecs
[    6.848781] calling  nvram_module_init+0x0/0x83 @ 1
[    6.856245] Non-volatile memory driver v1.3
[    6.861403] initcall nvram_module_init+0x0/0x83 returned 0 after 5239 usecs
[    6.869869] calling  hwrng_modinit+0x0/0x8a @ 1
[    6.875430] initcall hwrng_modinit+0x0/0x8a returned 0 after 67 usecs
[    6.883187] calling  mod_init+0x0/0x48 @ 1
[    6.888182] initcall mod_init+0x0/0x48 returned -19 after 6 usecs
[    6.895407] calling  agp_init+0x0/0x23 @ 1
[    6.900297] Linux agpgart interface v0.103
[    6.905215] initcall agp_init+0x0/0x23 returned 0 after 4803 usecs
[    6.912632] calling  agp_amd64_mod_init+0x0/0x5 @ 1
[    6.918529] initcall agp_amd64_mod_init+0x0/0x5 returned -19 after 102 usecs
[    6.926817] calling  agp_intel_init+0x0/0x28 @ 1
[    6.932787] initcall agp_intel_init+0x0/0x28 returned 0 after 349 usecs
[    6.942229] calling  drm_kms_helper_init+0x0/0x7 @ 1
[    6.948992] initcall drm_kms_helper_init+0x0/0x7 returned 0 after 41 usecs
[    6.959772] calling  drm_core_init+0x0/0x9e @ 1
[    6.966839] initcall drm_core_init+0x0/0x9e returned 0 after 117 usecs
[    6.976568] calling  i915_init+0x0/0x6b @ 1
[    6.983500] initcall i915_init+0x0/0x6b returned 0 after 503 usecs
[    6.992905] calling  cn_proc_init+0x0/0x35 @ 1
[    6.999709] initcall cn_proc_init+0x0/0x35 returned 0 after 11 usecs
[    7.009347] calling  topology_sysfs_init+0x0/0x27 @ 1
[    7.017212] initcall topology_sysfs_init+0x0/0x27 returned 0 after 120 usecs
[    7.027893] calling  cacheinfo_sysfs_init+0x0/0x27 @ 1
[    7.035882] initcall cacheinfo_sysfs_init+0x0/0x27 returned 0 after 313 usecs
[    7.046627] calling  loop_init+0x0/0x168 @ 1
[    7.063747] loop: module loaded
[    7.067716] initcall loop_init+0x0/0x168 returned 0 after 14668 usecs
[    7.075857] calling  mac_hid_init+0x0/0x21 @ 1
[    7.081507] initcall mac_hid_init+0x0/0x21 returned 0 after 31 usecs
[    7.090308] calling  spi_transport_init+0x0/0x74 @ 1
[    7.096931] initcall spi_transport_init+0x0/0x74 returned 0 after 125 usecs
[    7.106330] calling  init_sd+0x0/0x18c @ 1
[    7.111950] initcall init_sd+0x0/0x18c returned 0 after 116 usecs
[    7.119994] calling  init_sr+0x0/0x43 @ 1
[    7.125409] initcall init_sr+0x0/0x43 returned 0 after 47 usecs
[    7.133090] calling  init_sg+0x0/0x1c0 @ 1
[    7.138626] initcall init_sg+0x0/0x1c0 returned 0 after 63 usecs
[    7.146400] calling  ahci_pci_driver_init+0x0/0x15 @ 1
[    7.153500] ahci 0000:00:1f.2: version 3.0
[    7.160277] PCI Interrupt Link [GSIA] enabled at IRQ 16
[    7.178095] ahci 0000:00:1f.2: AHCI 0001.0000 32 slots 6 ports 1.5 Gbps 0x3f impl SATA mode
[    7.189907] ahci 0000:00:1f.2: flags: 64bit ncq only 
[    7.205702] scsi host0: ahci
[    7.210741] scsi host1: ahci
[    7.215988] scsi host2: ahci
[    7.220774] scsi host3: ahci
[    7.225830] scsi host4: ahci
[    7.230533] scsi host5: ahci
[    7.234793] ata1: SATA max UDMA/133 abar m4096@0xfebf1000 port 0xfebf1100 irq 24
[    7.244397] ata2: SATA max UDMA/133 abar m4096@0xfebf1000 port 0xfebf1180 irq 24
[    7.254242] ata3: SATA max UDMA/133 abar m4096@0xfebf1000 port 0xfebf1200 irq 24
[    7.264077] ata4: SATA max UDMA/133 abar m4096@0xfebf1000 port 0xfebf1280 irq 24
[    7.274283] ata5: SATA max UDMA/133 abar m4096@0xfebf1000 port 0xfebf1300 irq 24
[    7.284096] ata6: SATA max UDMA/133 abar m4096@0xfebf1000 port 0xfebf1380 irq 24
[    7.295003] initcall ahci_pci_driver_init+0x0/0x15 returned 0 after 138457 usecs
[    7.308676] calling  piix_init+0x0/0x26 @ 1
[    7.314615] initcall piix_init+0x0/0x26 returned 0 after 364 usecs
[    7.323004] calling  amd_pci_driver_init+0x0/0x15 @ 1
[    7.330018] initcall amd_pci_driver_init+0x0/0x15 returned 0 after 58 usecs
[    7.339212] calling  oldpiix_pci_driver_init+0x0/0x15 @ 1
[    7.346663] initcall oldpiix_pci_driver_init+0x0/0x15 returned 0 after 39 usecs
[    7.356337] calling  sch_pci_driver_init+0x0/0x15 @ 1
[    7.363247] initcall sch_pci_driver_init+0x0/0x15 returned 0 after 34 usecs
[    7.372599] calling  net_olddevs_init+0x0/0x55 @ 1
[    7.378944] initcall net_olddevs_init+0x0/0x55 returned 0 after 44 usecs
[    7.387930] calling  blackhole_netdev_init+0x0/0x78 @ 1
[    7.394989] initcall blackhole_netdev_init+0x0/0x78 returned 0 after 40 usecs
[    7.404592] calling  phy_module_init+0x0/0x13 @ 1
[    7.411233] initcall phy_module_init+0x0/0x13 returned 0 after 259 usecs
[    7.420462] calling  tg3_driver_init+0x0/0x15 @ 1
[    7.426831] initcall tg3_driver_init+0x0/0x15 returned 0 after 69 usecs
[    7.435818] calling  e100_init_module+0x0/0x4c @ 1
[    7.442566] e100: Intel(R) PRO/100 Network Driver
[    7.449617] e100: Copyright(c) 1999-2006 Intel Corporation
[    7.458079] initcall e100_init_module+0x0/0x4c returned 0 after 15175 usecs
[    7.469175] calling  e1000_init_module+0x0/0x72 @ 1
[    7.477229] e1000: Intel(R) PRO/1000 Network Driver
[    7.484938] e1000: Copyright (c) 1999-2006 Intel Corporation.
[    7.493194] initcall e1000_init_module+0x0/0x72 returned 0 after 15619 usecs
[    7.504449] calling  e1000_init_module+0x0/0x2d @ 1
[    7.510774] e1000e: Intel(R) PRO/1000 Network Driver
[    7.518061] e1000e: Copyright(c) 1999 - 2015 Intel Corporation.
[    7.526092] initcall e1000_init_module+0x0/0x2d returned 0 after 15039 usecs
[    7.535823] calling  sky2_init_module+0x0/0x21 @ 1
[    7.542524] sky2: driver version 1.30
[    7.548139] initcall sky2_init_module+0x0/0x21 returned 0 after 5871 usecs
[    7.557817] calling  forcedeth_pci_driver_init+0x0/0x15 @ 1
[    7.565638] initcall forcedeth_pci_driver_init+0x0/0x15 returned 0 after 441 usecs
[    7.575859] calling  rtl8139_init_module+0x0/0x15 @ 1
[    7.585638] initcall rtl8139_init_module+0x0/0x15 returned 0 after 1264 usecs
[    7.596035] calling  rtl8169_pci_driver_init+0x0/0x15 @ 1
[    7.603842] initcall rtl8169_pci_driver_init+0x0/0x15 returned 0 after 384 usecs
[    7.615053] calling  cdrom_init+0x0/0xc @ 1
[    7.623510] ata2: SATA link down (SStatus 0 SControl 300)
[    7.632051] initcall cdrom_init+0x0/0xc returned 0 after 10005 usecs
[    7.643775] ata1: SATA link down (SStatus 0 SControl 300)
[    7.651509] calling  nonstatic_sysfs_init+0x0/0xc @ 1
[    7.661341] ata6: SATA link down (SStatus 0 SControl 300)
[    7.669822] initcall nonstatic_sysfs_init+0x0/0xc returned 0 after 10042 usecs
[    7.682838] ata5: SATA link down (SStatus 0 SControl 300)
[    7.693259] ata4: SATA link down (SStatus 0 SControl 300)
[    7.701886] calling  yenta_cardbus_driver_init+0x0/0x15 @ 1
[    7.721025] ata3: SATA link up 1.5 Gbps (SStatus 113 SControl 300)
[    7.733293] ata3.00: ATAPI: QEMU DVD-ROM, 2.5+, max UDMA/100
[    7.744101] initcall yenta_cardbus_driver_init+0x0/0x15 returned 0 after 26755 usecs
[    7.754559] ata3.00: applying bridge limits
[    7.760380] calling  mon_init+0x0/0x123 @ 1
[    7.767390] ata3.00: configured for UDMA/100
[    7.779540] initcall mon_init+0x0/0x123 returned 0 after 12941 usecs
[    7.789476] calling  ehci_hcd_init+0x0/0x55 @ 1
[    7.795913] ehci_hcd: USB 2.0 'Enhanced' Host Controller (EHCI) Driver
[    7.807886] scsi 2:0:0:0: CD-ROM            QEMU     QEMU DVD-ROM     2.5+ PQ: 0 ANSI: 5
[    7.819520] initcall ehci_hcd_init+0x0/0x55 returned 0 after 23182 usecs
[    7.834035] calling  ehci_pci_init+0x0/0x64 @ 1
[    7.840455] ehci-pci: EHCI PCI platform driver
[    7.847194] initcall ehci_pci_init+0x0/0x64 returned 0 after 6584 usecs
[    7.856457] calling  ohci_hcd_mod_init+0x0/0x4d @ 1
[    7.863764] ohci_hcd: USB 1.1 'Open' Host Controller (OHCI) Driver
[    7.873087] initcall ohci_hcd_mod_init+0x0/0x4d returned 0 after 9134 usecs
[    7.883347] calling  ohci_pci_init+0x0/0x64 @ 1
[    7.891664] sr 2:0:0:0: [sr0] scsi3-mmc drive: 4x/4x cd/rw xa/form2 tray
[    7.901182] ohci-pci: OHCI PCI platform driver
[    7.907690] initcall ohci_pci_init+0x0/0x64 returned 0 after 17182 usecs
[    7.917450] cdrom: Uniform CD-ROM driver Revision: 3.20
[    7.925815] calling  uhci_hcd_init+0x0/0xa6 @ 1
[    7.932279] uhci_hcd: USB Universal Host Controller Interface driver
[    7.941872] initcall uhci_hcd_init+0x0/0xa6 returned 0 after 9369 usecs
[    7.950744] calling  xhci_hcd_init+0x0/0x1e @ 1
[    7.957280] initcall xhci_hcd_init+0x0/0x1e returned 0 after 41 usecs
[    7.967079] calling  xhci_pci_init+0x0/0x49 @ 1
[    7.980817] sr 2:0:0:0: Attached scsi CD-ROM sr0
[    7.987567] initcall xhci_pci_init+0x0/0x49 returned 0 after 13251 usecs
[    7.997736] sr 2:0:0:0: Attached scsi generic sg0 type 5
[    8.005791] calling  usblp_driver_init+0x0/0x15 @ 1
[    8.013288] usbcore: registered new interface driver usblp
[    8.021397] initcall usblp_driver_init+0x0/0x15 returned 0 after 8135 usecs
[    8.031443] calling  usb_storage_driver_init+0x0/0x2a @ 1
[    8.039689] usbcore: registered new interface driver usb-storage
[    8.048847] initcall usb_storage_driver_init+0x0/0x2a returned 0 after 9033 usecs
[    8.059507] calling  i8042_init+0x0/0x4c2 @ 1
[    8.066883] i8042: PNP: PS/2 Controller [PNP0303:KBD,PNP0f13:MOU] at 0x60,0x64 irq 1,12
[    8.090718] serio: i8042 KBD port at 0x60,0x64 irq 1
[    8.098036] serio: i8042 AUX port at 0x60,0x64 irq 12
[    8.105580] initcall i8042_init+0x0/0x4c2 returned 0 after 38515 usecs
[    8.115545] calling  serport_init+0x0/0x2c @ 1
[    8.122204] initcall serport_init+0x0/0x2c returned 0 after 27 usecs
[    8.131972] calling  input_leds_init+0x0/0xc @ 1
[    8.139326] initcall input_leds_init+0x0/0xc returned 0 after 157 usecs
[    8.150644] calling  evdev_init+0x0/0xc @ 1
[    8.157994] initcall evdev_init+0x0/0xc returned 0 after 299 usecs
[    8.168525] calling  atkbd_init+0x0/0x21 @ 1
[    8.178522] input: AT Translated Set 2 keyboard as /devices/platform/i8042/serio0/input/input1
[    8.190823] initcall atkbd_init+0x0/0x21 returned 0 after 15240 usecs
[    8.199605] calling  psmouse_init+0x0/0x7f @ 1
[    8.212305] initcall psmouse_init+0x0/0x7f returned 0 after 5501 usecs
[    8.229644] calling  cmos_init+0x0/0x73 @ 1
[    8.246232] rtc_cmos 00:04: RTC can wake from S4
[    8.258024] rtc_cmos 00:04: registered as rtc0
[    8.264659] rtc_cmos 00:04: alarms up to one day, y3k, 242 bytes nvram, hpet irqs
[    8.275916] initcall cmos_init+0x0/0x73 returned 0 after 38949 usecs
[    8.284979] calling  smbalert_driver_init+0x0/0xe @ 1
[    8.292354] initcall smbalert_driver_init+0x0/0xe returned 0 after 41 usecs
[    8.302833] calling  i2c_i801_init+0x0/0xc5 @ 1
[    8.312677] i801_smbus 0000:00:1f.3: SMBus using PCI interrupt
[    8.322112] i2c i2c-0: 1/1 memory slots populated (from DMI)
[    8.330809] i2c i2c-0: Memory type 0x07 not supported yet, not instantiating SPD
[    8.343067] initcall i2c_i801_init+0x0/0xc5 returned 0 after 32546 usecs
[    8.354985] calling  ptp_kvm_init+0x0/0xf0 @ 1
[    8.361657] initcall ptp_kvm_init+0x0/0xf0 returned 0 after 241 usecs
[    8.370845] calling  dm_init+0x0/0x3c @ 1
[    8.377243] device-mapper: ioctl: 4.43.0-ioctl (2020-10-01) initialised: dm-devel@redhat.com
[    8.389246] initcall dm_init+0x0/0x3c returned 0 after 12677 usecs
[    8.398325] calling  dm_mirror_init+0x0/0x29 @ 1
[    8.405155] initcall dm_mirror_init+0x0/0x29 returned 0 after 24 usecs
[    8.414532] calling  dm_dirty_log_init+0x0/0x4f @ 1
[    8.422040] initcall dm_dirty_log_init+0x0/0x4f returned 0 after 120 usecs
[    8.432083] calling  dm_zero_init+0x0/0x29 @ 1
[    8.438641] initcall dm_zero_init+0x0/0x29 returned 0 after 4 usecs
[    8.447506] calling  intel_pstate_init+0x0/0x4a2 @ 1
[    8.456766] intel_pstate: CPU model not supported
[    8.463541] initcall intel_pstate_init+0x0/0x4a2 returned -19 after 9113 usecs
[    8.484587] calling  haltpoll_init+0x0/0xc0 @ 1
[    8.491009] initcall haltpoll_init+0x0/0xc0 returned -19 after 37 usecs
[    8.500613] calling  efivars_sysfs_init+0x0/0x30 @ 1
[    8.507865] initcall efivars_sysfs_init+0x0/0x30 returned 0 after 7 usecs
[    8.517559] calling  esrt_sysfs_init+0x0/0x2a2 @ 1
[    8.525150] initcall esrt_sysfs_init+0x0/0x2a2 returned -38 after 101 usecs
[    8.535803] calling  hid_init+0x0/0x5c @ 1
[    8.542735] hid: raw HID events driver (C) Jiri Kosina
[    8.550861] initcall hid_init+0x0/0x5c returned 0 after 8360 usecs
[    8.560201] calling  hid_generic_init+0x0/0x15 @ 1
[    8.567712] initcall hid_generic_init+0x0/0x15 returned 0 after 120 usecs
[    8.577912] calling  a4_driver_init+0x0/0x15 @ 1
[    8.584723] initcall a4_driver_init+0x0/0x15 returned 0 after 53 usecs
[    8.594758] calling  apple_driver_init+0x0/0x15 @ 1
[    8.602746] initcall apple_driver_init+0x0/0x15 returned 0 after 51 usecs
[    8.613099] calling  belkin_driver_init+0x0/0x15 @ 1
[    8.620883] initcall belkin_driver_init+0x0/0x15 returned 0 after 45 usecs
[    8.631055] calling  ch_driver_init+0x0/0x15 @ 1
[    8.637864] initcall ch_driver_init+0x0/0x15 returned 0 after 25 usecs
[    8.646825] calling  ch_driver_init+0x0/0x15 @ 1
[    8.653052] initcall ch_driver_init+0x0/0x15 returned 0 after 22 usecs
[    8.662309] calling  cp_driver_init+0x0/0x15 @ 1
[    8.669544] initcall cp_driver_init+0x0/0x15 returned 0 after 30 usecs
[    8.679331] calling  ez_driver_init+0x0/0x15 @ 1
[    8.686448] initcall ez_driver_init+0x0/0x15 returned 0 after 74 usecs
[    8.700381] calling  gyration_driver_init+0x0/0x15 @ 1
[    8.713815] initcall gyration_driver_init+0x0/0x15 returned 0 after 4312 usecs
[    8.726321] calling  ite_driver_init+0x0/0x15 @ 1
[    8.734374] initcall ite_driver_init+0x0/0x15 returned 0 after 29 usecs
[    8.744398] calling  ks_driver_init+0x0/0x15 @ 1
[    8.751867] initcall ks_driver_init+0x0/0x15 returned 0 after 96 usecs
[    8.761531] calling  lg_driver_init+0x0/0x15 @ 1
[    8.768490] initcall lg_driver_init+0x0/0x15 returned 0 after 43 usecs
[    8.778339] calling  lg_g15_driver_init+0x0/0x15 @ 1
[    8.786579] initcall lg_g15_driver_init+0x0/0x15 returned 0 after 94 usecs
[    8.796793] calling  ms_driver_init+0x0/0x15 @ 1
[    8.803847] initcall ms_driver_init+0x0/0x15 returned 0 after 35 usecs
[    8.813791] calling  mr_driver_init+0x0/0x15 @ 1
[    8.822203] initcall mr_driver_init+0x0/0x15 returned 0 after 146 usecs
[    8.832549] calling  ntrig_driver_init+0x0/0x15 @ 1
[    8.840044] initcall ntrig_driver_init+0x0/0x15 returned 0 after 130 usecs
[    8.850227] calling  pl_driver_init+0x0/0x15 @ 1
[    8.858006] initcall pl_driver_init+0x0/0x15 returned 0 after 61 usecs
[    8.869158] calling  pl_driver_init+0x0/0x15 @ 1
[    8.877774] initcall pl_driver_init+0x0/0x15 returned 0 after 54 usecs
[    8.889023] calling  redragon_driver_init+0x0/0x15 @ 1
[    8.897641] initcall redragon_driver_init+0x0/0x15 returned 0 after 33 usecs
[    8.908836] calling  samsung_driver_init+0x0/0x15 @ 1
[    8.920077] initcall samsung_driver_init+0x0/0x15 returned 0 after 3455 usecs
[    8.943326] calling  sony_init+0x0/0x38 @ 1
[    8.952606] input: ImExPS/2 Generic Explorer Mouse as /devices/platform/i8042/serio1/input/input3
[    8.966606] initcall sony_init+0x0/0x38 returned 0 after 16382 usecs
[    8.976378] calling  sp_driver_init+0x0/0x15 @ 1
[    8.984553] initcall sp_driver_init+0x0/0x15 returned 0 after 1162 usecs
[    8.994707] calling  ts_driver_init+0x0/0x15 @ 1
[    9.002374] initcall ts_driver_init+0x0/0x15 returned 0 after 37 usecs
[    9.012956] calling  hid_init+0x0/0x58 @ 1
[    9.019662] usbcore: registered new interface driver usbhid
[    9.028241] usbhid: USB HID core driver
[    9.034438] initcall hid_init+0x0/0x58 returned 0 after 14509 usecs
[    9.044457] calling  eeepc_laptop_init+0x0/0x57 @ 1
[    9.052401] initcall eeepc_laptop_init+0x0/0x57 returned -19 after 310 usecs
[    9.063317] calling  pmc_atom_init+0x0/0x27a @ 1
[    9.071006] initcall pmc_atom_init+0x0/0x27a returned -19 after 8 usecs
[    9.081173] calling  alsa_hwdep_init+0x0/0x5e @ 1
[    9.088770] initcall alsa_hwdep_init+0x0/0x5e returned 0 after 78 usecs
[    9.098935] calling  alsa_timer_init+0x0/0x1f0 @ 1
[    9.106337] initcall alsa_timer_init+0x0/0x1f0 returned 0 after 63 usecs
[    9.116231] calling  snd_hrtimer_init+0x0/0x117 @ 1
[    9.123999] initcall snd_hrtimer_init+0x0/0x117 returned 0 after 7 usecs
[    9.135500] calling  alsa_pcm_init+0x0/0x64 @ 1
[    9.143307] initcall alsa_pcm_init+0x0/0x64 returned 0 after 50 usecs
[    9.154498] calling  alsa_seq_init+0x0/0x4a @ 1
[    9.161895] initcall alsa_seq_init+0x0/0x4a returned 0 after 294 usecs
[    9.171951] calling  alsa_seq_dummy_init+0x0/0x9c @ 1
[    9.179231] initcall alsa_seq_dummy_init+0x0/0x9c returned 0 after 11 usecs
[    9.189675] calling  azx_driver_init+0x0/0x15 @ 1
[    9.197381] initcall azx_driver_init+0x0/0x15 returned 0 after 351 usecs
[    9.207902] calling  sock_diag_init+0x0/0x2a @ 1
[    9.232650] initcall sock_diag_init+0x0/0x2a returned 0 after 17042 usecs
[    9.252460] calling  blackhole_init+0x0/0xc @ 1
[    9.264500] initcall blackhole_init+0x0/0xc returned 0 after 5614 usecs
[    9.286261] calling  nfnetlink_init+0x0/0x57 @ 1
[    9.302611] initcall nfnetlink_init+0x0/0x57 returned 0 after 8458 usecs
[    9.322203] calling  nfnetlink_log_init+0x0/0x99 @ 1
[    9.338268] initcall nfnetlink_log_init+0x0/0x99 returned 0 after 8191 usecs
[    9.367251] calling  nf_conntrack_standalone_init+0x0/0x87 @ 1
[    9.388919] initcall nf_conntrack_standalone_init+0x0/0x87 returned 0 after 11376 usecs
[    9.417184] calling  ctnetlink_init+0x0/0x83 @ 1
[    9.430204] initcall ctnetlink_init+0x0/0x83 returned 0 after 6461 usecs
[    9.450418] calling  nf_conntrack_ftp_init+0x0/0x12c @ 1
[    9.466439] initcall nf_conntrack_ftp_init+0x0/0x12c returned 0 after 7644 usecs
[    9.491258] calling  nf_conntrack_irc_init+0x0/0x129 @ 1
[    9.509218] initcall nf_conntrack_irc_init+0x0/0x129 returned 0 after 9669 usecs
[    9.531268] calling  nf_conntrack_sip_init+0x0/0x172 @ 1
[    9.548319] initcall nf_conntrack_sip_init+0x0/0x172 returned 0 after 8261 usecs
[    9.573223] calling  nf_nat_init+0x0/0xbb @ 1
[    9.588014] initcall nf_nat_init+0x0/0xbb returned 0 after 7652 usecs
[    9.608229] calling  nf_nat_ftp_init+0x0/0x2a @ 1
[    9.625285] initcall nf_nat_ftp_init+0x0/0x2a returned 0 after 9153 usecs
[    9.650232] calling  nf_nat_irc_init+0x0/0x2a @ 1
[    9.664396] initcall nf_nat_irc_init+0x0/0x2a returned 0 after 6802 usecs
[    9.686232] calling  nf_nat_sip_init+0x0/0x36 @ 1
[    9.700899] initcall nf_nat_sip_init+0x0/0x36 returned 0 after 7266 usecs
[    9.733281] calling  xt_init+0x0/0xcf @ 1
[    9.747054] initcall xt_init+0x0/0xcf returned 0 after 4753 usecs
[    9.771208] calling  tcpudp_mt_init+0x0/0x11 @ 1
[    9.795534] initcall tcpudp_mt_init+0x0/0x11 returned 0 after 15560 usecs
[    9.814308] calling  connsecmark_tg_init+0x0/0xc @ 1
[    9.828285] initcall connsecmark_tg_init+0x0/0xc returned 0 after 6419 usecs
[    9.851306] calling  nflog_tg_init+0x0/0xc @ 1
[    9.868272] initcall nflog_tg_init+0x0/0xc returned 0 after 9312 usecs
[    9.890352] calling  secmark_tg_init+0x0/0x11 @ 1
[    9.906303] initcall secmark_tg_init+0x0/0x11 returned 0 after 7695 usecs
[    9.931239] calling  tcpmss_tg_init+0x0/0x11 @ 1
[    9.945271] initcall tcpmss_tg_init+0x0/0x11 returned 0 after 6662 usecs
[    9.967270] calling  conntrack_mt_init+0x0/0x11 @ 1
[    9.982361] initcall conntrack_mt_init+0x0/0x11 returned 0 after 7348 usecs
[   10.006246] calling  policy_mt_init+0x0/0x11 @ 1
[   10.020277] initcall policy_mt_init+0x0/0x11 returned 0 after 6536 usecs
[   10.041306] calling  state_mt_init+0x0/0xc @ 1
[   10.060242] initcall state_mt_init+0x0/0xc returned 0 after 10962 usecs
[   10.080239] calling  gre_offload_init+0x0/0x48 @ 1
[   10.095466] initcall gre_offload_init+0x0/0x48 returned 0 after 7808 usecs
[   10.120253] calling  sysctl_ipv4_init+0x0/0x46 @ 1
[   10.133977] initcall sysctl_ipv4_init+0x0/0x46 returned 0 after 6347 usecs
[   10.159287] calling  tunnel4_init+0x0/0x58 @ 1
[   10.172240] initcall tunnel4_init+0x0/0x58 returned 0 after 6004 usecs
[   10.194211] calling  nf_defrag_init+0x0/0xc @ 1
[   10.213446] initcall nf_defrag_init+0x0/0xc returned 0 after 10878 usecs
[   10.228797] calling  ip_tables_init+0x0/0x8d @ 1
[   10.241672] initcall ip_tables_init+0x0/0x8d returned 0 after 4874 usecs
[   10.253599] calling  iptable_filter_init+0x0/0x4c @ 1
[   10.266949] initcall iptable_filter_init+0x0/0x4c returned 0 after 4582 usecs
[   10.279989] calling  iptable_mangle_init+0x0/0xb8 @ 1
[   10.293608] initcall iptable_mangle_init+0x0/0xb8 returned 0 after 5039 usecs
[   10.305422] calling  reject_tg_init+0x0/0xc @ 1
[   10.316029] initcall reject_tg_init+0x0/0xc returned 0 after 3091 usecs
[   10.327939] calling  cubictcp_register+0x0/0x53 @ 1
[   10.337878] initcall cubictcp_register+0x0/0x53 returned 0 after 1230 usecs
[   10.351789] rcu-torture: rcu_torture_read_exit: End of episode
[   10.363993] calling  xfrm_user_init+0x0/0x45 @ 1
[   10.371472] Initializing XFRM netlink socket
[   10.379937] initcall xfrm_user_init+0x0/0x45 returned 0 after 8266 usecs
[   10.390810] calling  inet6_init+0x0/0x35e @ 1
[   10.404052] NET: Registered protocol family 10
[   10.418017] Segment Routing with IPv6
[   10.425297] initcall inet6_init+0x0/0x35e returned 0 after 26629 usecs
[   10.436579] calling  ah6_init+0x0/0x71 @ 1
[   10.447748] initcall ah6_init+0x0/0x71 returned 0 after 4106 usecs
[   10.458851] calling  esp6_init+0x0/0x71 @ 1
[   10.467533] initcall esp6_init+0x0/0x71 returned 0 after 895 usecs
[   10.479082] calling  ip6_tables_init+0x0/0x8d @ 1
[   10.487731] initcall ip6_tables_init+0x0/0x8d returned 0 after 642 usecs
[   10.499389] calling  ip6table_filter_init+0x0/0x4c @ 1
[   10.508597] initcall ip6table_filter_init+0x0/0x4c returned 0 after 359 usecs
[   10.520305] calling  ip6table_mangle_init+0x0/0xb8 @ 1
[   10.530912] initcall ip6table_mangle_init+0x0/0xb8 returned 0 after 1418 usecs
[   10.545586] calling  nf_defrag_init+0x0/0x45 @ 1
[   10.553762] initcall nf_defrag_init+0x0/0x45 returned 0 after 178 usecs
[   10.566243] calling  ipv6header_mt6_init+0x0/0xc @ 1
[   10.575524] initcall ipv6header_mt6_init+0x0/0xc returned 0 after 499 usecs
[   10.590842] calling  reject_tg6_init+0x0/0xc @ 1
[   10.600244] initcall reject_tg6_init+0x0/0xc returned 0 after 955 usecs
[   10.611669] calling  sit_init+0x0/0xc3 @ 1
[   10.618704] sit: IPv6, IPv4 and MPLS over IPv4 tunneling driver
[   10.634939] initcall sit_init+0x0/0xc3 returned 0 after 15867 usecs
[   10.646347] calling  packet_init+0x0/0x75 @ 1
[   10.654469] NET: Registered protocol family 17
[   10.662762] initcall packet_init+0x0/0x75 returned 0 after 8794 usecs
[   10.674525] calling  init_rpcsec_gss+0x0/0x60 @ 1
[   10.682848] initcall init_rpcsec_gss+0x0/0x60 returned 0 after 869 usecs
[   10.693024] calling  init_dns_resolver+0x0/0xca @ 1
