c[?7l[2J[0mSeaBIOS (version 1.16.0-debian-1.16.0-4)
Booting from ROM...
early console in setup code
c[?7l[2J[    0.000000] Linux version 5.10.158+ (root@joelboxx.c.googlers.com) (gcc (Debian 12.2.0-3) 12.2.0, GNU ld (GNU Binutils for Debian) 2.39) #19 PREEMPT Tue Dec 13 23:00:52 UTC 2022
[    0.000000] Command line: selinux=0 initcall_debug debug console=ttyS0 rcutorture.n_barrier_cbs=4 rcutorture.stat_interval=15 rcutorture.shutdown_secs=3600 rcutorture.test_no_idle_hz=1 rcutorture.verbose=1
[    0.000000] x86/fpu: x87 FPU will use FXSAVE
[    0.000000] BIOS-provided physical RAM map:
[    0.000000] BIOS-e820: [mem 0x0000000000000000-0x000000000009fbff] usable
[    0.000000] BIOS-e820: [mem 0x000000000009fc00-0x000000000009ffff] reserved
[    0.000000] BIOS-e820: [mem 0x00000000000f0000-0x00000000000fffff] reserved
[    0.000000] BIOS-e820: [mem 0x0000000000100000-0x000000001ffdefff] usable
[    0.000000] BIOS-e820: [mem 0x000000001ffdf000-0x000000001fffffff] reserved
[    0.000000] BIOS-e820: [mem 0x00000000b0000000-0x00000000bfffffff] reserved
[    0.000000] BIOS-e820: [mem 0x00000000fed1c000-0x00000000fed1ffff] reserved
[    0.000000] BIOS-e820: [mem 0x00000000feffc000-0x00000000feffffff] reserved
[    0.000000] BIOS-e820: [mem 0x00000000fffc0000-0x00000000ffffffff] reserved
[    0.000000] NX (Execute Disable) protection: active
[    0.000000] SMBIOS 2.8 present.
[    0.000000] DMI: QEMU Standard PC (Q35 + ICH9, 2009), BIOS 1.16.0-debian-1.16.0-4 04/01/2014
[    0.000000] Hypervisor detected: KVM
[    0.000000] kvm-clock: Using msrs 4b564d01 and 4b564d00
[    0.000000] kvm-clock: cpu 0, msr 14262001, primary cpu clock
[    0.000085] kvm-clock: using sched offset of 2976870776 cycles
[    0.000491] clocksource: kvm-clock: mask: 0xffffffffffffffff max_cycles: 0x1cd42e4dffb, max_idle_ns: 881590591483 ns
[    0.000694] tsc: Detected 1999.999 MHz processor
[    0.012543] e820: update [mem 0x00000000-0x00000fff] usable ==> reserved
[    0.012547] e820: remove [mem 0x000a0000-0x000fffff] usable
[    0.012554] last_pfn = 0x1ffdf max_arch_pfn = 0x400000000
[    0.013551] MTRR default type: write-back
[    0.013648] MTRR fixed ranges enabled:
[    0.013650]   00000-9FFFF write-back
[    0.013651]   A0000-BFFFF uncachable
[    0.013652]   C0000-FFFFF write-protect
[    0.013653] MTRR variable ranges enabled:
[    0.013655]   0 base 00C0000000 mask FFC0000000 uncachable
[    0.013656]   1 disabled
[    0.013657]   2 disabled
[    0.013658]   3 disabled
[    0.013658]   4 disabled
[    0.013659]   5 disabled
[    0.013660]   6 disabled
[    0.013660]   7 disabled
[    0.014227] x86/PAT: Configuration [0-7]: WB  WC  UC- UC  WB  WC  UC- UC  
[    0.023558] found SMP MP-table at [mem 0x000f5ba0-0x000f5baf]
[    0.027420] check: Scanning 1 areas for low memory corruption
[    0.044615] ACPI: Early table checksum verification disabled
[    0.047147] ACPI: RSDP 0x00000000000F59E0 000014 (v00 BOCHS )
[    0.048236] ACPI: RSDT 0x000000001FFE229A 000038 (v01 BOCHS  BXPC     00000001 BXPC 00000001)
[    0.048714] ACPI: FACP 0x000000001FFE2092 0000F4 (v03 BOCHS  BXPC     00000001 BXPC 00000001)
[    0.049016] ACPI: DSDT 0x000000001FFE0040 002052 (v01 BOCHS  BXPC     00000001 BXPC 00000001)
[    0.049021] ACPI: FACS 0x000000001FFE0000 000040
[    0.049025] ACPI: APIC 0x000000001FFE2186 000078 (v01 BOCHS  BXPC     00000001 BXPC 00000001)
[    0.049029] ACPI: HPET 0x000000001FFE21FE 000038 (v01 BOCHS  BXPC     00000001 BXPC 00000001)
[    0.049033] ACPI: MCFG 0x000000001FFE2236 00003C (v01 BOCHS  BXPC     00000001 BXPC 00000001)
[    0.049037] ACPI: WAET 0x000000001FFE2272 000028 (v01 BOCHS  BXPC     00000001 BXPC 00000001)
[    0.049041] ACPI: Reserving FACP table memory at [mem 0x1ffe2092-0x1ffe2185]
[    0.049043] ACPI: Reserving DSDT table memory at [mem 0x1ffe0040-0x1ffe2091]
[    0.049044] ACPI: Reserving FACS table memory at [mem 0x1ffe0000-0x1ffe003f]
[    0.049045] ACPI: Reserving APIC table memory at [mem 0x1ffe2186-0x1ffe21fd]
[    0.049046] ACPI: Reserving HPET table memory at [mem 0x1ffe21fe-0x1ffe2235]
[    0.049182] ACPI: Reserving MCFG table memory at [mem 0x1ffe2236-0x1ffe2271]
[    0.049183] ACPI: Reserving WAET table memory at [mem 0x1ffe2272-0x1ffe2299]
[    0.050862] ACPI: Local APIC address 0xfee00000
[    0.056281] Zone ranges:
[    0.056508]   DMA      [mem 0x0000000000001000-0x0000000000ffffff]
[    0.056738]   DMA32    [mem 0x0000000001000000-0x000000001ffdefff]
[    0.056834]   Normal   empty
[    0.056836] Movable zone start for each node
[    0.056836] Early memory node ranges
[    0.056838]   node   0: [mem 0x0000000000001000-0x000000000009efff]
[    0.056935]   node   0: [mem 0x0000000000100000-0x000000001ffdefff]
[    0.057028] Initmem setup node 0 [mem 0x0000000000001000-0x000000001ffdefff]
[    0.057030] On node 0 totalpages: 130941
[    0.057247]   DMA zone: 64 pages used for memmap
[    0.057248]   DMA zone: 21 pages reserved
[    0.057359]   DMA zone: 3998 pages, LIFO batch:0
[    0.057360]   DMA32 zone: 1984 pages used for memmap
[    0.057361]   DMA32 zone: 126943 pages, LIFO batch:31
[    0.097472] On node 0, zone DMA: 1 pages in unavailable ranges
[    0.106084] On node 0, zone DMA: 97 pages in unavailable ranges
[    0.387527] On node 0, zone DMA32: 33 pages in unavailable ranges
[    0.394945] ACPI: PM-Timer IO Port: 0x608
[    0.395083] ACPI: Local APIC address 0xfee00000
[    0.396212] ACPI: LAPIC_NMI (acpi_id[0xff] dfl dfl lint[0x1])
[    0.398613] IOAPIC[0]: apic_id 0, version 17, address 0xfec00000, GSI 0-23
[    0.398695] ACPI: INT_SRC_OVR (bus 0 bus_irq 0 global_irq 2 dfl dfl)
[    0.398893] ACPI: INT_SRC_OVR (bus 0 bus_irq 5 global_irq 5 high level)
[    0.398894] ACPI: INT_SRC_OVR (bus 0 bus_irq 9 global_irq 9 high level)
[    0.399079] ACPI: INT_SRC_OVR (bus 0 bus_irq 10 global_irq 10 high level)
[    0.399081] ACPI: INT_SRC_OVR (bus 0 bus_irq 11 global_irq 11 high level)
[    0.399084] ACPI: IRQ0 used by override.
[    0.399085] ACPI: IRQ5 used by override.
[    0.399086] ACPI: IRQ9 used by override.
[    0.399087] ACPI: IRQ10 used by override.
[    0.399088] ACPI: IRQ11 used by override.
[    0.399090] Using ACPI (MADT) for SMP configuration information
[    0.399188] ACPI: HPET id: 0x8086a201 base: 0xfed00000
[    0.400997] kvm-guest: stealtime: cpu 0, msr 13a4d780
[    0.402434] PM: hibernation: Registered nosave memory: [mem 0x00000000-0x00000fff]
[    0.402437] PM: hibernation: Registered nosave memory: [mem 0x0009f000-0x0009ffff]
[    0.402438] PM: hibernation: Registered nosave memory: [mem 0x000a0000-0x000effff]
[    0.402439] PM: hibernation: Registered nosave memory: [mem 0x000f0000-0x000fffff]
[    0.402619] [mem 0x20000000-0xafffffff] available for PCI devices
[    0.402792] Booting paravirtualized kernel on KVM
[    0.403770] clocksource: refined-jiffies: mask: 0xffffffff max_cycles: 0xffffffff, max_idle_ns: 1910969940391419 ns
[    0.454731] pcpu-alloc: s0 r0 d32768 u32768 alloc=1*32768
[    0.454821] pcpu-alloc: [0] 0 
[    0.455529] Built 1 zonelists, mobility grouping on.  Total pages: 128872
[    0.455768] Kernel command line: selinux=0 initcall_debug debug console=ttyS0 rcutorture.n_barrier_cbs=4 rcutorture.stat_interval=15 rcutorture.shutdown_secs=3600 rcutorture.test_no_idle_hz=1 rcutorture.verbose=1
[    0.480008] Dentry cache hash table entries: 65536 (order: 7, 524288 bytes, linear)
[    0.485552] Inode-cache hash table entries: 32768 (order: 6, 262144 bytes, linear)
[    0.487937] mem auto-init: stack:all(zero), heap alloc:off, heap free:off
[    0.499661] Memory: 481560K/523764K available (14349K kernel code, 2620K rwdata, 4608K rodata, 1240K init, 1752K bss, 41944K reserved, 0K cma-reserved)
[    0.501456] SLUB: HWalign=64, Order=0-3, MinObjects=0, CPUs=1, Nodes=1
[    0.502542] Kernel/User page tables isolation: enabled
[    0.520005] rcu: Preemptible hierarchical RCU implementation.
[    0.520217] 	Trampoline variant of Tasks RCU enabled.
[    0.520218] 	Rude variant of Tasks RCU enabled.
[    0.520219] 	Tracing variant of Tasks RCU enabled.
[    0.520567] rcu: RCU calculated value of scheduler-enlistment delay is 100 jiffies.
[    0.560874] NR_IRQS: 4352, nr_irqs: 256, preallocated irqs: 16
[    0.566415] calling  con_init+0x0/0x22a @ 0
[    0.746565] Console: colour VGA+ 80x25
[    0.746578] initcall con_init+0x0/0x22a returned 0 after 0 usecs
[    0.746581] calling  hvc_console_init+0x0/0x13 @ 0
[    0.746738] initcall hvc_console_init+0x0/0x13 returned 0 after 0 usecs
[    0.746741] calling  univ8250_console_init+0x0/0x26 @ 0
[    1.584483] printk: console [ttyS0] enabled
[    1.589526] initcall univ8250_console_init+0x0/0x26 returned 0 after 0 usecs
[    1.597228] ACPI: Core revision 20200925
[    1.606481] clocksource: hpet: mask: 0xffffffff max_cycles: 0xffffffff, max_idle_ns: 19112604467 ns
[    1.618940] APIC: Switch to symmetric I/O mode setup
[    1.667142] ..TIMER: vector=0x30 apic1=0 pin1=2 apic2=-1 pin2=-1
[    1.674170] clocksource: tsc-early: mask: 0xffffffffffffffff max_cycles: 0x39a85afc727, max_idle_ns: 881590685098 ns
[    1.685668] Calibrating delay loop (skipped) preset value.. 3999.99 BogoMIPS (lpj=1999999)
[    1.686669] pid_max: default: 32768 minimum: 301
[    1.689269] LSM: Security Framework initializing
[    1.691101] Mount-cache hash table entries: 1024 (order: 1, 8192 bytes, linear)
[    1.691841] Mountpoint-cache hash table entries: 1024 (order: 1, 8192 bytes, linear)
[    1.708338] Last level iTLB entries: 4KB 0, 2MB 0, 4MB 0
[    1.708668] Last level dTLB entries: 4KB 0, 2MB 0, 4MB 0, 1GB 0
[    1.709672] CPU: Intel Common KVM processor (family: 0xf, model: 0x6, stepping: 0x1)
[    1.711828] Spectre V1 : Mitigation: usercopy/swapgs barriers and __user pointer sanitization
[    1.712671] Spectre V2 : Mitigation: Retpolines
[    1.713667] Spectre V2 : Spectre v2 / SpectreRSB mitigation: Filling RSB on context switch
[    1.715668] Spectre V2 : Spectre v2 / SpectreRSB : Filling RSB on VMEXIT
[    1.718669] Speculative Store Bypass: Vulnerable
[    1.719723] MDS: Vulnerable: Clear CPU buffers attempted, no microcode
[    1.720669] MMIO Stale Data: Unknown: No mitigations
[    1.962852] calling  init_hw_perf_events+0x0/0x6ce @ 1
[    1.964670] Performance Events: unsupported Netburst CPU model 6 no PMU driver, software events only.
[    1.965677] initcall init_hw_perf_events+0x0/0x6ce returned 0 after 976 usecs
[    1.966686] calling  init_real_mode+0x0/0x1e9 @ 1
[    1.969435] initcall init_real_mode+0x0/0x1e9 returned 0 after 976 usecs
[    1.969700] calling  trace_init_perf_perm_irq_work_exit+0x0/0x12 @ 1
[    1.971673] initcall trace_init_perf_perm_irq_work_exit+0x0/0x12 returned 0 after 0 usecs
[    1.972699] calling  validate_x2apic+0x0/0x4a @ 1
[    1.973694] initcall validate_x2apic+0x0/0x4a returned 0 after 0 usecs
[    1.974733] calling  register_nmi_cpu_backtrace_handler+0x0/0x15 @ 1
[    1.975672] initcall register_nmi_cpu_backtrace_handler+0x0/0x15 returned 0 after 0 usecs
[    1.976673] calling  kvm_setup_vsyscall_timeinfo+0x0/0x34 @ 1
[    1.977673] initcall kvm_setup_vsyscall_timeinfo+0x0/0x34 returned 0 after 0 usecs
[    1.978710] calling  spawn_ksoftirqd+0x0/0x34 @ 1
[    1.980863] initcall spawn_ksoftirqd+0x0/0x34 returned 0 after 0 usecs
[    1.981676] calling  srcu_bootup_announce+0x0/0x2f @ 1
[    1.982715] rcu: Hierarchical SRCU implementation.
[    1.983678] initcall srcu_bootup_announce+0x0/0x2f returned 0 after 976 usecs
[    1.984682] calling  rcu_spawn_gp_kthread+0x0/0x195 @ 1
[    1.985851] initcall rcu_spawn_gp_kthread+0x0/0x195 returned 0 after 0 usecs
[    1.986673] calling  check_cpu_stall_init+0x0/0x1a @ 1
[    1.987672] initcall check_cpu_stall_init+0x0/0x1a returned 0 after 0 usecs
[    1.989677] calling  rcu_sysrq_init+0x0/0x21 @ 1
[    1.991672] initcall rcu_sysrq_init+0x0/0x21 returned 0 after 0 usecs
[    1.992672] calling  trace_init_flags_sys_enter+0x0/0xe @ 1
[    1.993672] initcall trace_init_flags_sys_enter+0x0/0xe returned 0 after 0 usecs
[    1.994671] calling  trace_init_flags_sys_exit+0x0/0xe @ 1
[    1.995670] initcall trace_init_flags_sys_exit+0x0/0xe returned 0 after 0 usecs
[    1.996671] calling  init_kprobes+0x0/0x14d @ 1
[    2.000413] initcall init_kprobes+0x0/0x14d returned 0 after 1953 usecs
[    2.000672] calling  init_events+0x0/0x3d @ 1
[    2.001678] initcall init_events+0x0/0x3d returned 0 after 0 usecs
[    2.002670] calling  init_trace_printk+0x0/0xc @ 1
[    2.003675] initcall init_trace_printk+0x0/0xc returned 0 after 0 usecs
[    2.004674] calling  event_trace_enable_again+0x0/0x23 @ 1
[    2.005674] initcall event_trace_enable_again+0x0/0x23 returned 0 after 0 usecs
[    2.006673] calling  static_call_init+0x0/0x6d @ 1
[    2.007674] initcall static_call_init+0x0/0x6d returned 0 after 0 usecs
[    2.008673] calling  jump_label_init_module+0x0/0xc @ 1
[    2.009678] initcall jump_label_init_module+0x0/0xc returned 0 after 0 usecs
[    2.010678] calling  init_zero_pfn+0x0/0x37 @ 1
[    2.011675] initcall init_zero_pfn+0x0/0x37 returned 0 after 0 usecs
[    2.012675] calling  initialize_ptr_random+0x0/0x54 @ 1
[    2.013677] initcall initialize_ptr_random+0x0/0x54 returned 0 after 0 usecs
[    2.014693] calling  efi_memreserve_root_init+0x0/0x25 @ 1
[    2.015702] initcall efi_memreserve_root_init+0x0/0x25 returned 0 after 0 usecs
[    2.016674] calling  efi_earlycon_remap_fb+0x0/0x51 @ 1
[    2.017674] initcall efi_earlycon_remap_fb+0x0/0x51 returned 0 after 0 usecs
[    2.122493] devtmpfs: initialized
[    2.123035] calling  ipc_ns_init+0x0/0x3d @ 1
[    2.123719] initcall ipc_ns_init+0x0/0x3d returned 0 after 0 usecs
[    2.124671] calling  init_mmap_min_addr+0x0/0x21 @ 1
[    2.125675] initcall init_mmap_min_addr+0x0/0x21 returned 0 after 0 usecs
[    2.126669] calling  pci_realloc_setup_params+0x0/0x3f @ 1
[    2.127669] initcall pci_realloc_setup_params+0x0/0x3f returned 0 after 0 usecs
[    2.128711] calling  net_ns_init+0x0/0x13f @ 1
[    2.130836] initcall net_ns_init+0x0/0x13f returned 0 after 0 usecs
[    2.131689] calling  e820__register_nvs_regions+0x0/0x37 @ 1
[    2.132670] initcall e820__register_nvs_regions+0x0/0x37 returned 0 after 0 usecs
[    2.133670] calling  cpufreq_register_tsc_scaling+0x0/0x2e @ 1
[    2.134677] initcall cpufreq_register_tsc_scaling+0x0/0x2e returned 0 after 0 usecs
[    2.135669] calling  reboot_init+0x0/0x3c @ 1
[    2.136708] initcall reboot_init+0x0/0x3c returned 0 after 0 usecs
[    2.137672] calling  init_lapic_sysfs+0x0/0x20 @ 1
[    2.138669] initcall init_lapic_sysfs+0x0/0x20 returned 0 after 0 usecs
[    2.140668] calling  wq_sysfs_init+0x0/0x2a @ 1
[    2.141840] initcall wq_sysfs_init+0x0/0x2a returned 0 after 0 usecs
[    2.142668] calling  ksysfs_init+0x0/0x92 @ 1
[    2.143676] initcall ksysfs_init+0x0/0x92 returned 0 after 0 usecs
[    2.144669] calling  pm_init+0x0/0x76 @ 1
[    2.145757] initcall pm_init+0x0/0x76 returned 0 after 0 usecs
[    2.146668] calling  pm_disk_init+0x0/0x13 @ 1
[    2.147693] initcall pm_disk_init+0x0/0x13 returned 0 after 0 usecs
[    2.148668] calling  swsusp_header_init+0x0/0x2b @ 1
[    2.149669] initcall swsusp_header_init+0x0/0x2b returned 0 after 0 usecs
[    2.150669] calling  rcu_set_runtime_mode+0x0/0x16 @ 1
[    2.151668] initcall rcu_set_runtime_mode+0x0/0x16 returned 0 after 0 usecs
[    2.152675] calling  init_jiffies_clocksource+0x0/0x13 @ 1
[    2.153672] clocksource: jiffies: mask: 0xffffffff max_cycles: 0xffffffff, max_idle_ns: 1911260446275000 ns
[    2.154676] initcall init_jiffies_clocksource+0x0/0x13 returned 0 after 976 usecs
[    2.155673] calling  futex_init+0x0/0xd5 @ 1
[    2.156672] futex hash table entries: 256 (order: 0, 6144 bytes, linear)
[    2.157764] initcall futex_init+0x0/0xd5 returned 0 after 976 usecs
[    2.158671] calling  cgroup_wq_init+0x0/0x28 @ 1
[    2.159676] initcall cgroup_wq_init+0x0/0x28 returned 0 after 0 usecs
[    2.160670] calling  cgroup1_wq_init+0x0/0x28 @ 1
[    2.161811] initcall cgroup1_wq_init+0x0/0x28 returned 0 after 0 usecs
[    2.162672] calling  init_kprobe_trace_early+0x0/0x2a @ 1
[    2.163672] initcall init_kprobe_trace_early+0x0/0x2a returned 0 after 0 usecs
[    2.164671] calling  fsnotify_init+0x0/0x48 @ 1
[    2.165683] initcall fsnotify_init+0x0/0x48 returned 0 after 0 usecs
[    2.166670] calling  filelock_init+0x0/0x60 @ 1
[    2.167681] initcall filelock_init+0x0/0x60 returned 0 after 0 usecs
[    2.168672] calling  init_misc_binfmt+0x0/0x2c @ 1
[    2.169673] initcall init_misc_binfmt+0x0/0x2c returned 0 after 0 usecs
[    2.170670] calling  init_script_binfmt+0x0/0x15 @ 1
[    2.171672] initcall init_script_binfmt+0x0/0x15 returned 0 after 0 usecs
[    2.172671] calling  init_elf_binfmt+0x0/0x15 @ 1
[    2.173670] initcall init_elf_binfmt+0x0/0x15 returned 0 after 0 usecs
[    2.174669] calling  init_compat_elf_binfmt+0x0/0x15 @ 1
[    2.175670] initcall init_compat_elf_binfmt+0x0/0x15 returned 0 after 0 usecs
[    2.176670] calling  debugfs_init+0x0/0x5c @ 1
[    2.177696] initcall debugfs_init+0x0/0x5c returned 0 after 0 usecs
[    2.178669] calling  tracefs_init+0x0/0x3a @ 1
[    2.179673] initcall tracefs_init+0x0/0x3a returned 0 after 0 usecs
[    2.180669] calling  prandom_init_early+0x0/0x111 @ 1
[    2.181669] initcall prandom_init_early+0x0/0x111 returned 0 after 0 usecs
[    2.182808] calling  virtio_init+0x0/0x20 @ 1
[    2.185701] initcall virtio_init+0x0/0x20 returned 0 after 976 usecs
[    2.186672] calling  iommu_init+0x0/0x2a @ 1
[    2.187673] initcall iommu_init+0x0/0x2a returned 0 after 0 usecs
[    2.188669] calling  component_debug_init+0x0/0x1c @ 1
[    2.189714] initcall component_debug_init+0x0/0x1c returned 0 after 0 usecs
[    2.190669] calling  early_resume_init+0x0/0xb9 @ 1
[    2.192677] PM: RTC time: 23:01:22, date: 2022-12-13
[    2.193679] initcall early_resume_init+0x0/0xb9 returned 0 after 1953 usecs
[    2.194676] calling  cpufreq_core_init+0x0/0x62 @ 1
[    2.195696] initcall cpufreq_core_init+0x0/0x62 returned 0 after 0 usecs
[    2.196671] calling  cpufreq_gov_performance_init+0x0/0xc @ 1
[    2.197671] initcall cpufreq_gov_performance_init+0x0/0xc returned 0 after 0 usecs
[    2.198671] calling  cpufreq_gov_userspace_init+0x0/0xc @ 1
[    2.199671] initcall cpufreq_gov_userspace_init+0x0/0xc returned 0 after 0 usecs
[    2.200671] calling  CPU_FREQ_GOV_ONDEMAND_init+0x0/0xc @ 1
[    2.201670] initcall CPU_FREQ_GOV_ONDEMAND_init+0x0/0xc returned 0 after 0 usecs
[    2.202669] calling  cpuidle_init+0x0/0x1f @ 1
[    2.203753] initcall cpuidle_init+0x0/0x1f returned 0 after 0 usecs
[    2.204669] calling  capsule_reboot_register+0x0/0xc @ 1
[    2.205669] initcall capsule_reboot_register+0x0/0xc returned 0 after 0 usecs
[    2.206673] calling  sock_init+0x0/0x93 @ 1
[    2.207850] initcall sock_init+0x0/0x93 returned 0 after 0 usecs
[    2.208671] calling  net_inuse_init+0x0/0x23 @ 1
[    2.209675] initcall net_inuse_init+0x0/0x23 returned 0 after 0 usecs
[    2.210672] calling  net_defaults_init+0x0/0x23 @ 1
[    2.211671] initcall net_defaults_init+0x0/0x23 returned 0 after 0 usecs
[    2.212671] calling  init_default_flow_dissectors+0x0/0x4f @ 1
[    2.213674] initcall init_default_flow_dissectors+0x0/0x4f returned 0 after 0 usecs
[    2.214673] calling  netpoll_init+0x0/0x25 @ 1
[    2.215671] initcall netpoll_init+0x0/0x25 returned 0 after 0 usecs
[    2.216671] calling  netlink_proto_init+0x0/0x14f @ 1
[    2.217922] NET: Registered protocol family 16
[    2.218688] initcall netlink_proto_init+0x0/0x14f returned 0 after 976 usecs
[    2.219672] calling  genl_init+0x0/0x35 @ 1
[    2.220683] initcall genl_init+0x0/0x35 returned 0 after 0 usecs
[    2.221673] calling  bsp_pm_check_init+0x0/0x13 @ 1
[    2.222677] initcall bsp_pm_check_init+0x0/0x13 returned 0 after 0 usecs
[    2.223695] calling  irq_sysfs_init+0x0/0xb7 @ 1
[    2.225767] initcall irq_sysfs_init+0x0/0xb7 returned 0 after 976 usecs
[    2.226672] calling  audit_init+0x0/0x15d @ 1
[    2.228664] audit: initializing netlink subsys (disabled)
[    2.231710] initcall audit_init+0x0/0x15d returned 0 after 3906 usecs
[    2.232701] calling  release_early_probes+0x0/0x32 @ 1
[    2.233670] initcall release_early_probes+0x0/0x32 returned 0 after 0 usecs
[    2.234673] audit: type=2000 audit(1670972481.343:1): state=initialized audit_enabled=0 res=1
[    2.235676] calling  bdi_class_init+0x0/0x48 @ 1
[    2.236689] initcall bdi_class_init+0x0/0x48 returned 0 after 0 usecs
[    2.237670] calling  mm_sysfs_init+0x0/0x28 @ 1
[    2.238675] initcall mm_sysfs_init+0x0/0x28 returned 0 after 0 usecs
[    2.239670] calling  init_per_zone_wmark_min+0x0/0x5e @ 1
[    2.240672] initcall init_per_zone_wmark_min+0x0/0x5e returned 0 after 0 usecs
[    2.241671] calling  mpi_init+0x0/0x3e @ 1
[    2.242717] initcall mpi_init+0x0/0x3e returned 0 after 0 usecs
[    2.243673] calling  kobject_uevent_init+0x0/0xc @ 1
[    2.244681] initcall kobject_uevent_init+0x0/0xc returned 0 after 0 usecs
[    2.245670] calling  pcibus_class_init+0x0/0x13 @ 1
[    2.247679] initcall pcibus_class_init+0x0/0x13 returned 0 after 976 usecs
[    2.248671] calling  pci_driver_init+0x0/0x21 @ 1
[    2.249837] initcall pci_driver_init+0x0/0x21 returned 0 after 0 usecs
[    2.250670] calling  backlight_class_init+0x0/0xa8 @ 1
[    2.251720] initcall backlight_class_init+0x0/0xa8 returned 0 after 0 usecs
[    2.252672] calling  tty_class_init+0x0/0x33 @ 1
[    2.253687] initcall tty_class_init+0x0/0x33 returned 0 after 0 usecs
[    2.254673] calling  vtconsole_class_init+0x0/0xb5 @ 1
[    2.255813] initcall vtconsole_class_init+0x0/0xb5 returned 0 after 0 usecs
[    2.256671] calling  iommu_dev_init+0x0/0x13 @ 1
[    2.257756] initcall iommu_dev_init+0x0/0x13 returned 0 after 0 usecs
[    2.259670] calling  mipi_dsi_bus_init+0x0/0xc @ 1
[    2.260707] initcall mipi_dsi_bus_init+0x0/0xc returned 0 after 0 usecs
[    2.261672] calling  devlink_class_init+0x0/0x40 @ 1
[    2.262680] initcall devlink_class_init+0x0/0x40 returned 0 after 0 usecs
[    2.263670] calling  software_node_init+0x0/0x2a @ 1
[    2.264674] initcall software_node_init+0x0/0x2a returned 0 after 0 usecs
[    2.265670] calling  wakeup_sources_debugfs_init+0x0/0x23 @ 1
[    2.266679] initcall wakeup_sources_debugfs_init+0x0/0x23 returned 0 after 0 usecs
[    2.267673] calling  wakeup_sources_sysfs_init+0x0/0x2c @ 1
[    2.268683] initcall wakeup_sources_sysfs_init+0x0/0x2c returned 0 after 0 usecs
[    2.269672] calling  regmap_initcall+0x0/0xc @ 1
[    2.270680] initcall regmap_initcall+0x0/0xc returned 0 after 0 usecs
[    2.271674] calling  i2c_init+0x0/0xb3 @ 1
[    2.272841] initcall i2c_init+0x0/0xb3 returned 0 after 0 usecs
[    2.273672] calling  thermal_init+0x0/0xf2 @ 1
[    2.274668] thermal_sys: Registered thermal governor 'step_wise'
[    2.274669] thermal_sys: Registered thermal governor 'user_space'
[    2.275720] initcall thermal_init+0x0/0xf2 returned 0 after 976 usecs
[    2.277673] calling  init_menu+0x0/0xc @ 1
[    2.278893] cpuidle: using governor menu
[    2.279839] initcall init_menu+0x0/0xc returned 0 after 976 usecs
[    2.280671] calling  pcc_init+0x0/0x4d @ 1
[    2.281672] initcall pcc_init+0x0/0x4d returned -19 after 0 usecs
[    2.282679] calling  amd_postcore_init+0x0/0x11e @ 1
[    2.283673] initcall amd_postcore_init+0x0/0x11e returned 0 after 0 usecs
[    2.284696] calling  bts_init+0x0/0xba @ 1
[    2.285673] initcall bts_init+0x0/0xba returned -19 after 0 usecs
[    2.286674] calling  pt_init+0x0/0x2ef @ 1
[    2.287673] initcall pt_init+0x0/0x2ef returned -19 after 0 usecs
[    2.288673] calling  boot_params_ksysfs_init+0x0/0x2ee @ 1
[    2.289844] initcall boot_params_ksysfs_init+0x0/0x2ee returned 0 after 0 usecs
[    2.291669] calling  sbf_init+0x0/0xfe @ 1
[    2.292669] initcall sbf_init+0x0/0xfe returned 0 after 0 usecs
[    2.293670] calling  arch_kdebugfs_init+0x0/0x219 @ 1
[    2.294684] initcall arch_kdebugfs_init+0x0/0x219 returned 0 after 0 usecs
[    2.295671] calling  intel_pconfig_init+0x0/0x85 @ 1
[    2.296670] initcall intel_pconfig_init+0x0/0x85 returned 0 after 0 usecs
[    2.297671] calling  mtrr_if_init+0x0/0x5d @ 1
[    2.298674] initcall mtrr_if_init+0x0/0x5d returned 0 after 0 usecs
[    2.299670] calling  activate_jump_labels+0x0/0x31 @ 1
[    2.300670] initcall activate_jump_labels+0x0/0x31 returned 0 after 0 usecs
[    2.301669] calling  ffh_cstate_init+0x0/0x29 @ 1
[    2.302673] initcall ffh_cstate_init+0x0/0x29 returned 0 after 0 usecs
[    2.303690] calling  activate_jump_labels+0x0/0x31 @ 1
[    2.304682] initcall activate_jump_labels+0x0/0x31 returned 0 after 0 usecs
[    2.305670] calling  kvm_alloc_cpumask+0x0/0x2b @ 1
[    2.307694] initcall kvm_alloc_cpumask+0x0/0x2b returned 0 after 0 usecs
[    2.308670] calling  kcmp_cookies_init+0x0/0x37 @ 1
[    2.309673] initcall kcmp_cookies_init+0x0/0x37 returned 0 after 0 usecs
[    2.310672] calling  cryptomgr_init+0x0/0xc @ 1
[    2.311697] initcall cryptomgr_init+0x0/0xc returned 0 after 0 usecs
[    2.312670] calling  acpi_pci_init+0x0/0x57 @ 1
[    2.313668] ACPI: bus type PCI registered
[    2.314669] initcall acpi_pci_init+0x0/0x57 returned 0 after 976 usecs
[    2.315670] calling  dma_channel_table_init+0x0/0xce @ 1
[    2.316675] initcall dma_channel_table_init+0x0/0xce returned 0 after 0 usecs
[    2.317675] calling  dma_bus_init+0x0/0xdc @ 1
[    2.318697] initcall dma_bus_init+0x0/0xdc returned 0 after 0 usecs
[    2.319751] calling  iommu_dma_init+0x0/0x10 @ 1
[    2.320692] initcall iommu_dma_init+0x0/0x10 returned 0 after 0 usecs
[    2.321672] calling  dmi_id_init+0x0/0x37c @ 1
[    2.322761] initcall dmi_id_init+0x0/0x37c returned 0 after 0 usecs
[    2.323670] calling  pci_arch_init+0x0/0x71 @ 1
[    2.326112] PCI: MMCONFIG for domain 0000 [bus 00-ff] at [mem 0xb0000000-0xbfffffff] (base 0xb0000000)
[    2.326680] PCI: MMCONFIG at [mem 0xb0000000-0xbfffffff] reserved in E820
[    2.327696] PCI: Using configuration type 1 for base access
[    2.328725] initcall pci_arch_init+0x0/0x71 returned 0 after 3906 usecs
[    2.329735] calling  init_vdso+0x0/0x13 @ 1
[    2.331729] initcall init_vdso+0x0/0x13 returned 0 after 0 usecs
[    2.332674] calling  sysenter_setup+0x0/0x13 @ 1
[    2.333721] initcall sysenter_setup+0x0/0x13 returned 0 after 0 usecs
[    2.334670] calling  fixup_ht_bug+0x0/0x7f @ 1
[    2.335668] initcall fixup_ht_bug+0x0/0x7f returned 0 after 0 usecs
[    2.336671] calling  topology_init+0x0/0x15 @ 1
[    2.337710] initcall topology_init+0x0/0x15 returned 0 after 0 usecs
[    2.338675] calling  intel_epb_init+0x0/0x68 @ 1
[    2.339674] initcall intel_epb_init+0x0/0x68 returned -19 after 0 usecs
[    2.340701] calling  mtrr_init_finialize+0x0/0x3e @ 1
[    2.342672] initcall mtrr_init_finialize+0x0/0x3e returned 0 after 0 usecs
[    2.343673] calling  uid_cache_init+0x0/0x92 @ 1
[    2.344676] initcall uid_cache_init+0x0/0x92 returned 0 after 0 usecs
[    2.345671] calling  param_sysfs_init+0x0/0x1ba @ 1
[    2.349837] initcall param_sysfs_init+0x0/0x1ba returned 0 after 2929 usecs
[    2.350697] calling  user_namespace_sysctl_init+0x0/0x33 @ 1
[    2.351770] initcall user_namespace_sysctl_init+0x0/0x33 returned 0 after 0 usecs
[    2.352673] calling  proc_schedstat_init+0x0/0x24 @ 1
[    2.353677] initcall proc_schedstat_init+0x0/0x24 returned 0 after 0 usecs
[    2.354673] calling  pm_sysrq_init+0x0/0x18 @ 1
[    2.356682] initcall pm_sysrq_init+0x0/0x18 returned 0 after 976 usecs
[    2.357735] calling  create_proc_profile+0x0/0x50 @ 1
[    2.358673] initcall create_proc_profile+0x0/0x50 returned 0 after 0 usecs
[    2.359673] calling  time_ns_init+0x0/0x7 @ 1
[    2.360672] initcall time_ns_init+0x0/0x7 returned 0 after 0 usecs
[    2.361672] calling  crash_save_vmcoreinfo_init+0x0/0x756 @ 1
[    2.362761] initcall crash_save_vmcoreinfo_init+0x0/0x756 returned 0 after 0 usecs
[    2.363673] calling  crash_notes_memory_init+0x0/0x35 @ 1
[    2.364678] initcall crash_notes_memory_init+0x0/0x35 returned 0 after 0 usecs
[    2.365675] calling  cgroup_sysfs_init+0x0/0x13 @ 1
[    2.366703] initcall cgroup_sysfs_init+0x0/0x13 returned 0 after 0 usecs
[    2.367674] calling  cgroup_namespaces_init+0x0/0x7 @ 1
[    2.368672] initcall cgroup_namespaces_init+0x0/0x7 returned 0 after 0 usecs
[    2.371451] calling  init_optprobes+0x0/0x13 @ 1
[    2.372845] Kprobes globally optimized
[    2.373672] initcall init_optprobes+0x0/0x13 returned 0 after 976 usecs
[    2.374673] calling  oom_init+0x0/0x2f @ 1
[    2.378091] initcall oom_init+0x0/0x2f returned 0 after 1953 usecs
[    2.378673] calling  default_bdi_init+0x0/0x35 @ 1
[    2.382745] initcall default_bdi_init+0x0/0x35 returned 0 after 2929 usecs
[    2.383672] calling  percpu_enable_async+0x0/0xe @ 1
[    2.384676] initcall percpu_enable_async+0x0/0xe returned 0 after 0 usecs
[    2.385670] calling  kcompactd_init+0x0/0x46 @ 1
[    2.387772] initcall kcompactd_init+0x0/0x46 returned 0 after 976 usecs
[    2.388911] calling  init_user_reserve+0x0/0x30 @ 1
[    2.389772] initcall init_user_reserve+0x0/0x30 returned 0 after 0 usecs
[    2.390673] calling  init_admin_reserve+0x0/0x30 @ 1
[    2.391726] initcall init_admin_reserve+0x0/0x30 returned 0 after 0 usecs
[    2.392754] calling  init_reserve_notifier+0x0/0x7 @ 1
[    2.394686] initcall init_reserve_notifier+0x0/0x7 returned 0 after 0 usecs
[    2.395684] calling  swap_init_sysfs+0x0/0x62 @ 1
[    2.396778] initcall swap_init_sysfs+0x0/0x62 returned 0 after 0 usecs
[    2.397670] calling  swapfile_init+0x0/0x46 @ 1
[    2.398670] initcall swapfile_init+0x0/0x46 returned 0 after 0 usecs
[    2.399669] calling  hugetlb_init+0x0/0x42f @ 1
[    2.400890] HugeTLB registered 2.00 MiB page size, pre-allocated 0 pages
[    2.401777] initcall hugetlb_init+0x0/0x42f returned 0 after 976 usecs
[    2.402672] calling  io_wq_init+0x0/0x34 @ 1
[    2.403719] initcall io_wq_init+0x0/0x34 returned 0 after 0 usecs
[    2.404701] calling  seqiv_module_init+0x0/0xc @ 1
[    2.407710] initcall seqiv_module_init+0x0/0xc returned 0 after 976 usecs
[    2.408671] calling  echainiv_module_init+0x0/0xc @ 1
[    2.409671] initcall echainiv_module_init+0x0/0xc returned 0 after 0 usecs
[    2.410821] calling  rsa_init+0x0/0x50 @ 1
[    2.413910] initcall rsa_init+0x0/0x50 returned 0 after 1953 usecs
[    2.414672] calling  crypto_cmac_module_init+0x0/0xc @ 1
[    2.415674] initcall crypto_cmac_module_init+0x0/0xc returned 0 after 0 usecs
[    2.416670] calling  hmac_module_init+0x0/0xc @ 1
[    2.419131] cryptomgr_test (21) used greatest stack depth: 15528 bytes left
[    2.420740] initcall hmac_module_init+0x0/0xc returned 0 after 2929 usecs
[    2.421688] calling  crypto_null_mod_init+0x0/0x65 @ 1
[    2.423137] initcall crypto_null_mod_init+0x0/0x65 returned 0 after 0 usecs
[    2.423673] calling  md5_mod_init+0x0/0xc @ 1
[    2.425702] initcall md5_mod_init+0x0/0xc returned 0 after 976 usecs
[    2.426684] calling  sha256_generic_mod_init+0x0/0x11 @ 1
[    2.427790] initcall sha256_generic_mod_init+0x0/0x11 returned 0 after 0 usecs
[    2.428685] calling  crypto_cbc_module_init+0x0/0xc @ 1
[    2.429678] initcall crypto_cbc_module_init+0x0/0xc returned 0 after 0 usecs
[    2.430684] calling  crypto_ctr_module_init+0x0/0x11 @ 1
[    2.432760] initcall crypto_ctr_module_init+0x0/0x11 returned 0 after 0 usecs
[    2.433685] calling  crypto_gcm_module_init+0x0/0x64 @ 1
[    2.434805] initcall crypto_gcm_module_init+0x0/0x64 returned 0 after 0 usecs
[    2.435681] calling  crypto_ccm_module_init+0x0/0x11 @ 1
[    2.436677] initcall crypto_ccm_module_init+0x0/0x11 returned 0 after 0 usecs
[    2.437674] calling  aes_init+0x0/0xc @ 1
[    2.438707] initcall aes_init+0x0/0xc returned 0 after 0 usecs
[    2.439670] calling  crc32c_mod_init+0x0/0xc @ 1
[    2.440716] initcall crc32c_mod_init+0x0/0xc returned 0 after 0 usecs
[    2.441676] calling  crypto_authenc_module_init+0x0/0xc @ 1
[    2.442755] initcall crypto_authenc_module_init+0x0/0xc returned 0 after 0 usecs
[    2.443687] calling  crypto_authenc_esn_module_init+0x0/0xc @ 1
[    2.444680] initcall crypto_authenc_esn_module_init+0x0/0xc returned 0 after 0 usecs
[    2.445728] calling  drbg_init+0x0/0x7c @ 1
[    2.447912] initcall drbg_init+0x0/0x7c returned 0 after 976 usecs
[    2.448676] calling  ghash_mod_init+0x0/0xc @ 1
[    2.449746] initcall ghash_mod_init+0x0/0xc returned 0 after 0 usecs
[    2.450682] calling  init_bio+0x0/0x9a @ 1
[    2.452923] initcall init_bio+0x0/0x9a returned 0 after 976 usecs
[    2.453684] calling  blk_settings_init+0x0/0x29 @ 1
[    2.454680] initcall blk_settings_init+0x0/0x29 returned 0 after 0 usecs
[    2.455679] calling  blk_ioc_init+0x0/0x29 @ 1
[    2.456681] initcall blk_ioc_init+0x0/0x29 returned 0 after 0 usecs
[    2.457675] calling  blk_mq_init+0x0/0x96 @ 1
[    2.458707] initcall blk_mq_init+0x0/0x96 returned 0 after 0 usecs
[    2.459670] calling  genhd_device_init+0x0/0x75 @ 1
[    2.461516] initcall genhd_device_init+0x0/0x75 returned 0 after 0 usecs
[    2.461732] calling  pci_slot_init+0x0/0x40 @ 1
[    2.462677] initcall pci_slot_init+0x0/0x40 returned 0 after 0 usecs
[    2.463670] calling  fbmem_init+0x0/0xd8 @ 1
[    2.467685] initcall fbmem_init+0x0/0xd8 returned 0 after 2929 usecs
[    2.468721] calling  acpi_init+0x0/0x316 @ 1
[    2.470909] ACPI: Added _OSI(Module Device)
[    2.471668] ACPI: Added _OSI(Processor Device)
[    2.472667] ACPI: Added _OSI(3.0 _SCP Extensions)
[    2.473667] ACPI: Added _OSI(Processor Aggregator Device)
[    2.474668] ACPI: Added _OSI(Linux-Dell-Video)
[    2.475669] ACPI: Added _OSI(Linux-Lenovo-NV-HDMI-Audio)
[    2.476670] ACPI: Added _OSI(Linux-HPI-Hybrid-Graphics)
[    2.481296] ACPI: 1 ACPI AML tables successfully acquired and loaded
[    2.486094] ACPI: Interpreter enabled
[    2.486801] ACPI: (supports S0 S3 S4 S5)
[    2.488743] ACPI: Using IOAPIC for interrupt routing
[    2.490797] PCI: Using host bridge windows from ACPI; if necessary, use "pci=nocrs" and report a bug
[    2.492083] ACPI: Enabled 2 GPEs in block 00 to 3F
[    2.500181] ACPI: PCI Root Bridge [PCI0] (domain 0000 [bus 00-ff])
[    2.501796] acpi PNP0A08:00: _OSC: OS supports [ExtendedConfig ASPM ClockPM Segments MSI HPX-Type3]
[    2.503740] acpi PNP0A08:00: _OSC: platform does not support [LTR]
[    2.504732] acpi PNP0A08:00: _OSC: OS now controls [PME PCIeCapability]
[    2.506890] PCI host bridge to bus 0000:00
[    2.507699] pci_bus 0000:00: root bus resource [io  0x0000-0x0cf7 window]
[    2.508670] pci_bus 0000:00: root bus resource [io  0x0d00-0xffff window]
[    2.509670] pci_bus 0000:00: root bus resource [mem 0x000a0000-0x000bffff window]
[    2.510669] pci_bus 0000:00: root bus resource [mem 0x20000000-0xafffffff window]
[    2.511669] pci_bus 0000:00: root bus resource [mem 0xc0000000-0xfebfffff window]
[    2.513669] pci_bus 0000:00: root bus resource [mem 0x100000000-0x8ffffffff window]
[    2.514675] pci_bus 0000:00: root bus resource [bus 00-ff]
[    2.518674] pci 0000:00:00.0: calling  quirk_mmio_always_on+0x0/0x10 @ 1
[    2.519676] pci 0000:00:00.0: quirk_mmio_always_on+0x0/0x10 took 0 usecs
[    2.520851] pci 0000:00:00.0: [8086:29c0] type 00 class 0x060000
[    2.526664] pci 0000:00:00.0: calling  quirk_igfx_skip_te_disable+0x0/0x80 @ 1
[    2.527758] pci 0000:00:00.0: quirk_igfx_skip_te_disable+0x0/0x80 took 0 usecs
[    2.532026] pci 0000:00:01.0: [1234:1111] type 00 class 0x030000
[    2.539664] pci 0000:00:01.0: reg 0x10: [mem 0xfd000000-0xfdffffff pref]
[    2.554664] pci 0000:00:01.0: reg 0x18: [mem 0xfebf0000-0xfebf0fff]
[    2.574588] pci 0000:00:01.0: reg 0x30: [mem 0xfebe0000-0xfebeffff pref]
[    2.579664] pci 0000:00:01.0: calling  efifb_fixup_resources+0x0/0xf0 @ 1
[    2.580769] pci 0000:00:01.0: efifb_fixup_resources+0x0/0xf0 took 0 usecs
[    2.591340] pci 0000:00:1f.0: [8086:2918] type 00 class 0x060100
[    2.597694] pci 0000:00:1f.0: calling  quirk_ich7_lpc+0x0/0x60 @ 1
[    2.598958] pci 0000:00:1f.0: quirk: [io  0x0600-0x067f] claimed by ICH6 ACPI/GPIO/TCO
[    2.600116] pci 0000:00:1f.0: quirk_ich7_lpc+0x0/0x60 took 976 usecs
[    2.600753] pci 0000:00:1f.0: calling  quirk_igfx_skip_te_disable+0x0/0x80 @ 1
[    2.601684] pci 0000:00:1f.0: quirk_igfx_skip_te_disable+0x0/0x80 took 0 usecs
[    2.605267] pci 0000:00:1f.2: [8086:2922] type 00 class 0x010601
[    2.617498] pci 0000:00:1f.2: reg 0x20: [io  0xc040-0xc05f]
[    2.619673] pci 0000:00:1f.2: reg 0x24: [mem 0xfebf1000-0xfebf1fff]
[    2.622428] pci 0000:00:1f.2: calling  quirk_igfx_skip_te_disable+0x0/0x80 @ 1
[    2.622674] pci 0000:00:1f.2: quirk_igfx_skip_te_disable+0x0/0x80 took 0 usecs
[    2.628475] pci 0000:00:1f.3: [8086:2930] type 00 class 0x0c0500
[    2.635346] pci 0000:00:1f.3: reg 0x20: [io  0x0700-0x073f]
[    2.638389] pci 0000:00:1f.3: calling  quirk_igfx_skip_te_disable+0x0/0x80 @ 1
[    2.638676] pci 0000:00:1f.3: quirk_igfx_skip_te_disable+0x0/0x80 took 0 usecs
[    2.642283] pci_bus 0000:00: on NUMA node 0
[    2.645867] ACPI: PCI Interrupt Link [LNKA] (IRQs 5 *10 11)
[    2.648264] ACPI: PCI Interrupt Link [LNKB] (IRQs 5 *10 11)
[    2.650019] ACPI: PCI Interrupt Link [LNKC] (IRQs 5 10 *11)
[    2.652322] ACPI: PCI Interrupt Link [LNKD] (IRQs 5 10 *11)
[    2.653792] ACPI: PCI Interrupt Link [LNKE] (IRQs 5 *10 11)
[    2.655198] ACPI: PCI Interrupt Link [LNKF] (IRQs 5 *10 11)
[    2.656097] ACPI: PCI Interrupt Link [LNKG] (IRQs 5 10 *11)
[    2.657693] ACPI: PCI Interrupt Link [LNKH] (IRQs 5 10 *11)
[    2.658919] ACPI: PCI Interrupt Link [GSIA] (IRQs *16)
[    2.659680] ACPI: PCI Interrupt Link [GSIB] (IRQs *17)
[    2.660695] ACPI: PCI Interrupt Link [GSIC] (IRQs *18)
[    2.661705] ACPI: PCI Interrupt Link [GSID] (IRQs *19)
[    2.662784] ACPI: PCI Interrupt Link [GSIE] (IRQs *20)
[    2.663680] ACPI: PCI Interrupt Link [GSIF] (IRQs *21)
[    2.664679] ACPI: PCI Interrupt Link [GSIG] (IRQs *22)
[    2.665694] ACPI: PCI Interrupt Link [GSIH] (IRQs *23)
[    2.669664] initcall acpi_init+0x0/0x316 returned 0 after 194335 usecs
[    2.670781] calling  pnp_init+0x0/0xc @ 1
[    2.671720] initcall pnp_init+0x0/0xc returned 0 after 0 usecs
[    2.672670] calling  misc_init+0x0/0xbf @ 1
[    2.674183] initcall misc_init+0x0/0xbf returned 0 after 0 usecs
[    2.674672] calling  iommu_subsys_init+0x0/0x4e @ 1
[    2.675815] iommu: Default domain type: Translated 
[    2.676669] initcall iommu_subsys_init+0x0/0x4e returned 0 after 976 usecs
[    2.677669] calling  vga_arb_device_init+0x0/0x26c @ 1
[    2.681268] pci 0000:00:01.0: vgaarb: setting as boot VGA device
[    2.681664] pci 0000:00:01.0: vgaarb: VGA device added: decodes=io+mem,owns=io+mem,locks=none
[    2.681672] pci 0000:00:01.0: vgaarb: bridge control possible
[    2.682670] vgaarb: loaded
[    2.683674] initcall vga_arb_device_init+0x0/0x26c returned 0 after 4882 usecs
[    2.685295] calling  cn_init+0x0/0xf0 @ 1
[    2.690214] initcall cn_init+0x0/0xf0 returned 0 after 2929 usecs
[    2.690676] calling  dma_buf_init+0x0/0xad @ 1
[    2.694091] initcall dma_buf_init+0x0/0xad returned 0 after 1953 usecs
[    2.694673] calling  init_scsi+0x0/0x79 @ 1
[    2.700162] SCSI subsystem initialized
[    2.700673] initcall init_scsi+0x0/0x79 returned 0 after 4882 usecs
[    2.701672] calling  ata_init+0x0/0x332 @ 1
[    2.709833] libata version 3.00 loaded.
[    2.710673] initcall ata_init+0x0/0x332 returned 0 after 7812 usecs
[    2.712678] calling  phy_init+0x0/0x250 @ 1
[    2.714682] initcall phy_init+0x0/0x250 returned 0 after 976 usecs
[    2.715674] calling  init_pcmcia_cs+0x0/0x35 @ 1
[    2.717788] initcall init_pcmcia_cs+0x0/0x35 returned 0 after 976 usecs
[    2.718674] calling  usb_common_init+0x0/0x1c @ 1
[    2.720675] initcall usb_common_init+0x0/0x1c returned 0 after 976 usecs
[    2.721673] calling  usb_init+0x0/0x12e @ 1
[    2.722755] ACPI: bus type USB registered
[    2.724935] usbcore: registered new interface driver usbfs
[    2.725803] usbcore: registered new interface driver hub
[    2.726680] usbcore: registered new device driver usb
[    2.727706] initcall usb_init+0x0/0x12e returned 0 after 4882 usecs
[    2.729672] calling  serio_init+0x0/0x29 @ 1
[    2.730735] initcall serio_init+0x0/0x29 returned 0 after 0 usecs
[    2.731671] calling  input_init+0x0/0xf6 @ 1
[    2.733736] initcall input_init+0x0/0xf6 returned 0 after 0 usecs
[    2.734671] calling  rtc_init+0x0/0x4d @ 1
[    2.735696] initcall rtc_init+0x0/0x4d returned 0 after 0 usecs
[    2.736670] calling  pps_init+0x0/0xa9 @ 1
[    2.737718] pps_core: LinuxPPS API ver. 1 registered
[    2.738669] pps_core: Software ver. 5.3.6 - Copyright 2005-2007 Rodolfo Giometti <giometti@linux.it>
[    2.739678] initcall pps_init+0x0/0xa9 returned 0 after 1953 usecs
[    2.740678] calling  ptp_init+0x0/0x98 @ 1
[    2.741690] PTP clock support registered
[    2.742676] initcall ptp_init+0x0/0x98 returned 0 after 976 usecs
[    2.743677] calling  power_supply_class_init+0x0/0x3f @ 1
[    2.744769] initcall power_supply_class_init+0x0/0x3f returned 0 after 0 usecs
[    2.745674] calling  hwmon_init+0x0/0x104 @ 1
[    2.746732] initcall hwmon_init+0x0/0x104 returned 0 after 0 usecs
[    2.747671] calling  md_init+0x0/0x16b @ 1
[    2.749981] initcall md_init+0x0/0x16b returned 0 after 976 usecs
[    2.750673] calling  leds_init+0x0/0x3b @ 1
[    2.751695] initcall leds_init+0x0/0x3b returned 0 after 0 usecs
[    2.752671] calling  dmi_init+0x0/0x113 @ 1
[    2.753930] initcall dmi_init+0x0/0x113 returned 0 after 0 usecs
[    2.754696] calling  efisubsys_init+0x0/0x4e6 @ 1
[    2.755705] initcall efisubsys_init+0x0/0x4e6 returned 0 after 0 usecs
[    2.756672] calling  nvmem_init+0x0/0xc @ 1
[    2.757768] initcall nvmem_init+0x0/0xc returned 0 after 0 usecs
[    2.758673] calling  init_soundcore+0x0/0x33 @ 1
[    2.759721] initcall init_soundcore+0x0/0x33 returned 0 after 0 usecs
[    2.760671] calling  alsa_sound_init+0x0/0x8f @ 1
[    2.761844] Advanced Linux Sound Architecture Driver Initialized.
[    2.762672] initcall alsa_sound_init+0x0/0x8f returned 0 after 976 usecs
[    2.763673] calling  alsa_seq_device_init+0x0/0x71 @ 1
[    2.764716] initcall alsa_seq_device_init+0x0/0x71 returned 0 after 0 usecs
[    2.765711] calling  hda_bus_init+0x0/0xc @ 1
[    2.766738] initcall hda_bus_init+0x0/0xc returned 0 after 0 usecs
[    2.767674] calling  proto_init+0x0/0xc @ 1
[    2.768723] initcall proto_init+0x0/0xc returned 0 after 0 usecs
[    2.769673] calling  net_dev_init+0x0/0x1cc @ 1
[    2.773854] initcall net_dev_init+0x0/0x1cc returned 0 after 2929 usecs
[    2.774674] calling  neigh_init+0x0/0x84 @ 1
[    2.775676] initcall neigh_init+0x0/0x84 returned 0 after 0 usecs
[    2.776672] calling  fib_notifier_init+0x0/0xc @ 1
[    2.777676] initcall fib_notifier_init+0x0/0xc returned 0 after 0 usecs
[    2.778674] calling  fib_rules_init+0x0/0xab @ 1
[    2.779729] initcall fib_rules_init+0x0/0xab returned 0 after 0 usecs
[    2.780672] calling  pktsched_init+0x0/0x10e @ 1
[    2.782754] initcall pktsched_init+0x0/0x10e returned 0 after 0 usecs
[    2.783674] calling  tc_filter_init+0x0/0xfa @ 1
[    2.785673] initcall tc_filter_init+0x0/0xfa returned 0 after 976 usecs
[    2.786674] calling  tc_action_init+0x0/0x54 @ 1
[    2.787674] initcall tc_action_init+0x0/0x54 returned 0 after 0 usecs
[    2.788673] calling  ethnl_init+0x0/0x52 @ 1
[    2.789776] initcall ethnl_init+0x0/0x52 returned 0 after 0 usecs
[    2.790671] calling  nexthop_init+0x0/0xd8 @ 1
[    2.791781] initcall nexthop_init+0x0/0xd8 returned 0 after 0 usecs
[    2.792673] calling  cipso_v4_init+0x0/0x5a @ 1
[    2.793732] initcall cipso_v4_init+0x0/0x5a returned 0 after 0 usecs
[    2.794676] calling  ieee80211_init+0x0/0x24 @ 1
[    2.795900] initcall ieee80211_init+0x0/0x24 returned 0 after 0 usecs
[    2.796674] calling  netlbl_init+0x0/0x78 @ 1
[    2.797688] NetLabel: Initializing
[    2.798668] NetLabel:  domain hash size = 128
[    2.799689] NetLabel:  protocols = UNLABELED CIPSOv4 CALIPSO
[    2.800913] NetLabel:  unlabeled traffic allowed by default
[    2.801674] initcall netlbl_init+0x0/0x78 returned 0 after 3906 usecs
[    2.802673] calling  rfkill_init+0x0/0x111 @ 1
[    2.803955] initcall rfkill_init+0x0/0x111 returned 0 after 0 usecs
[    2.804671] calling  pci_subsys_init+0x0/0x66 @ 1
[    2.806667] PCI: Using ACPI for IRQ routing
[    3.611544] PCI: pci_cache_line_size set to 64 bytes
[    3.613399] e820: reserve RAM buffer [mem 0x0009fc00-0x0009ffff]
[    3.613844] e820: reserve RAM buffer [mem 0x1ffdf000-0x1fffffff]
[    3.615856] initcall pci_subsys_init+0x0/0x66 returned 0 after 791015 usecs
[    3.634657] calling  nmi_warning_debugfs+0x0/0x26 @ 1
[    3.636683] initcall nmi_warning_debugfs+0x0/0x26 returned 0 after 976 usecs
[    3.637838] calling  save_microcode_in_initrd+0x0/0x51 @ 1
[    3.641403] initcall save_microcode_in_initrd+0x0/0x51 returned 0 after 976 usecs
[    3.641672] calling  hpet_late_init+0x0/0x1f6 @ 1
[    3.644668] hpet: 3 channels of 0 reserved for per-cpu timers
[    3.646641] hpet0: at MMIO 0xfed00000, IRQs 2, 8, 0
[    3.647668] hpet0: 3 comparators, 64-bit 100.000000 MHz counter
[    3.656664] initcall hpet_late_init+0x0/0x1f6 returned 0 after 12695 usecs
[    3.658163] calling  init_amd_nbs+0x0/0x11c @ 1
[    3.661427] initcall init_amd_nbs+0x0/0x11c returned 0 after 1953 usecs
[    3.661911] calling  clocksource_done_booting+0x0/0x41 @ 1
[    3.663347] clocksource: Switched to clocksource kvm-clock
[    3.687378] initcall clocksource_done_booting+0x0/0x41 returned 0 after 24128 usecs
[    3.704732] calling  tracer_init_tracefs+0x0/0x1fb @ 1
[    4.359862] initcall tracer_init_tracefs+0x0/0x1fb returned 0 after 633217 usecs
[    4.369079] calling  init_trace_printk_function_export+0x0/0x2c @ 1
[    4.377322] initcall init_trace_printk_function_export+0x0/0x2c returned 0 after 11 usecs
[    4.389639] calling  init_kprobe_trace+0x0/0x1a9 @ 1
[    4.399478] initcall init_kprobe_trace+0x0/0x1a9 returned 0 after 271 usecs
[    4.409064] calling  init_dynamic_event+0x0/0x3d @ 1
[    4.415518] initcall init_dynamic_event+0x0/0x3d returned 0 after 363 usecs
[    4.423963] calling  init_uprobe_trace+0x0/0x5c @ 1
[    4.430722] initcall init_uprobe_trace+0x0/0x5c returned 0 after 471 usecs
[    4.439843] calling  init_pipe_fs+0x0/0x44 @ 1
[    4.448636] initcall init_pipe_fs+0x0/0x44 returned 0 after 2895 usecs
[    4.457082] calling  inotify_user_setup+0x0/0x47 @ 1
[    4.465626] initcall inotify_user_setup+0x0/0x47 returned 0 after 1059 usecs
[    4.476192] calling  eventpoll_init+0x0/0xcc @ 1
[    4.483885] initcall eventpoll_init+0x0/0xcc returned 0 after 656 usecs
[    4.493711] calling  anon_inode_init+0x0/0x58 @ 1
[    4.501800] initcall anon_inode_init+0x0/0x58 returned 0 after 916 usecs
[    4.513063] calling  proc_locks_init+0x0/0x27 @ 1
[    4.521690] initcall proc_locks_init+0x0/0x27 returned 0 after 1362 usecs
[    4.532533] calling  iomap_init+0x0/0x1b @ 1
[    4.552637] initcall iomap_init+0x0/0x1b returned 0 after 14140 usecs
[    4.561001] calling  dquot_init+0x0/0xd7 @ 1
[    4.566587] VFS: Disk quotas dquot_6.6.0
[    4.573201] VFS: Dquot-cache hash table entries: 512 (order 0, 4096 bytes)
[    4.582645] initcall dquot_init+0x0/0xd7 returned 0 after 15675 usecs
[    4.591531] calling  quota_init+0x0/0x23 @ 1
[    4.598897] initcall quota_init+0x0/0x23 returned 0 after 1376 usecs
[    4.607925] calling  proc_cmdline_init+0x0/0x21 @ 1
[    4.613955] initcall proc_cmdline_init+0x0/0x21 returned 0 after 108 usecs
[    4.631832] calling  proc_consoles_init+0x0/0x24 @ 1
[    4.641018] initcall proc_consoles_init+0x0/0x24 returned 0 after 2545 usecs
[    4.652087] calling  proc_cpuinfo_init+0x0/0x1e @ 1
[    4.659506] initcall proc_cpuinfo_init+0x0/0x1e returned 0 after 64 usecs
[    4.669821] calling  proc_devices_init+0x0/0x24 @ 1
[    4.676672] initcall proc_devices_init+0x0/0x24 returned 0 after 25 usecs
[    4.686149] calling  proc_interrupts_init+0x0/0x24 @ 1
[    4.692435] initcall proc_interrupts_init+0x0/0x24 returned 0 after 45 usecs
[    4.700583] calling  proc_loadavg_init+0x0/0x21 @ 1
[    4.706958] initcall proc_loadavg_init+0x0/0x21 returned 0 after 4 usecs
[    4.715786] calling  proc_meminfo_init+0x0/0x21 @ 1
[    4.723530] initcall proc_meminfo_init+0x0/0x21 returned 0 after 4 usecs
[    4.732587] calling  proc_stat_init+0x0/0x1e @ 1
[    4.738682] initcall proc_stat_init+0x0/0x1e returned 0 after 172 usecs
[    4.747395] calling  proc_uptime_init+0x0/0x21 @ 1
[    4.753226] initcall proc_uptime_init+0x0/0x21 returned 0 after 16 usecs
[    4.762286] calling  proc_version_init+0x0/0x21 @ 1
[    4.769273] initcall proc_version_init+0x0/0x21 returned 0 after 450 usecs
[    4.778505] calling  proc_softirqs_init+0x0/0x21 @ 1
[    4.784957] initcall proc_softirqs_init+0x0/0x21 returned 0 after 4 usecs
[    4.794195] calling  proc_kcore_init+0x0/0xea @ 1
[    4.806491] initcall proc_kcore_init+0x0/0xea returned 0 after 6481 usecs
[    4.814568] calling  vmcore_init+0x0/0x578 @ 1
[    4.820306] initcall vmcore_init+0x0/0x578 returned 0 after 223 usecs
[    4.828449] calling  proc_kmsg_init+0x0/0x21 @ 1
[    4.834661] initcall proc_kmsg_init+0x0/0x21 returned 0 after 156 usecs
[    4.842863] calling  proc_page_init+0x0/0x3b @ 1
[    4.850527] initcall proc_page_init+0x0/0x3b returned 0 after 6 usecs
[    4.858955] calling  init_ramfs_fs+0x0/0xc @ 1
[    4.870734] initcall init_ramfs_fs+0x0/0xc returned 0 after 5876 usecs
[    4.880390] calling  init_hugetlbfs_fs+0x0/0xf6 @ 1
[    4.907506] initcall init_hugetlbfs_fs+0x0/0xf6 returned 0 after 20312 usecs
[    4.916965] calling  blk_scsi_ioctl_init+0x0/0x2a5 @ 1
[    4.924293] initcall blk_scsi_ioctl_init+0x0/0x2a5 returned 0 after 798 usecs
[    4.935791] calling  acpi_event_init+0x0/0x2c @ 1
[    4.966644] initcall acpi_event_init+0x0/0x2c returned 0 after 21561 usecs
[    4.975856] calling  pnp_system_init+0x0/0xc @ 1
[    5.003837] initcall pnp_system_init+0x0/0xc returned 0 after 21381 usecs
[    5.012683] calling  pnpacpi_init+0x0/0x69 @ 1
[    5.019962] pnp: PnP ACPI init
[    5.095941] pnp 00:00: Plug and Play ACPI device, IDs PNP0303 (active)
[    5.108784] pnp 00:01: Plug and Play ACPI device, IDs PNP0f13 (active)
[    5.120449] pnp 00:02: Plug and Play ACPI device, IDs PNP0400 (active)
[    5.131292] pnp 00:03: Plug and Play ACPI device, IDs PNP0501 (active)
[    5.145415] pnp 00:04: Plug and Play ACPI device, IDs PNP0b00 (active)
[    5.157817] system 00:05: [mem 0xb0000000-0xbfffffff window] has been reserved
[    5.168822] system 00:05: Plug and Play ACPI device, IDs PNP0c01 (active)
[    5.183685] pnp: PnP ACPI: found 6 devices
[    5.189627] initcall pnpacpi_init+0x0/0x69 returned 0 after 166043 usecs
[    5.197676] calling  chr_dev_init+0x0/0x14d @ 1
[    5.211541] initcall chr_dev_init+0x0/0x14d returned 0 after 8278 usecs
[    5.219530] calling  firmware_class_init+0x0/0xde @ 1
[    5.226305] initcall firmware_class_init+0x0/0xde returned 0 after 530 usecs
[    5.234871] calling  init_pcmcia_bus+0x0/0x5b @ 1
[    5.240634] initcall init_pcmcia_bus+0x0/0x5b returned 0 after 190 usecs
[    5.248587] calling  init_acpi_pm_clocksource+0x0/0xda @ 1
[    5.261391] clocksource: acpi_pm: mask: 0xffffff max_cycles: 0xffffff, max_idle_ns: 2085701024 ns
[    5.271824] initcall init_acpi_pm_clocksource+0x0/0xda returned 0 after 16061 usecs
[    5.280789] calling  sysctl_core_init+0x0/0x26 @ 1
[    5.287400] initcall sysctl_core_init+0x0/0x26 returned 0 after 800 usecs
[    5.296896] calling  eth_offload_init+0x0/0x13 @ 1
[    5.304102] initcall eth_offload_init+0x0/0x13 returned 0 after 46 usecs
[    5.313986] calling  ipv4_offload_init+0x0/0x73 @ 1
[    5.321177] initcall ipv4_offload_init+0x0/0x73 returned 0 after 282 usecs
[    5.329266] calling  inet_init+0x0/0x276 @ 1
[    5.334958] NET: Registered protocol family 2
[    5.343244] IP idents hash table entries: 8192 (order: 4, 65536 bytes, linear)
[    5.359366] tcp_listen_portaddr_hash hash table entries: 256 (order: 0, 4096 bytes, linear)
[    5.369405] TCP established hash table entries: 4096 (order: 3, 32768 bytes, linear)
[    5.378605] TCP bind hash table entries: 4096 (order: 3, 32768 bytes, linear)
[    5.386963] TCP: Hash tables configured (established 4096 bind 4096)
[    5.395296] UDP hash table entries: 256 (order: 1, 8192 bytes, linear)
[    5.403225] UDP-Lite hash table entries: 256 (order: 1, 8192 bytes, linear)
[    5.412309] initcall inet_init+0x0/0x276 returned 0 after 76042 usecs
[    5.419877] calling  af_unix_init+0x0/0x4d @ 1
[    5.425208] NET: Registered protocol family 1
[    5.430661] initcall af_unix_init+0x0/0x4d returned 0 after 5374 usecs
[    5.438349] calling  ipv6_offload_init+0x0/0x7e @ 1
[    5.444265] initcall ipv6_offload_init+0x0/0x7e returned 0 after 62 usecs
[    5.452280] calling  init_sunrpc+0x0/0x65 @ 1
[    5.458791] RPC: Registered named UNIX socket transport module.
[    5.465818] RPC: Registered udp transport module.
[    5.471512] RPC: Registered tcp transport module.
[    5.477260] RPC: Registered tcp NFSv4.1 backchannel transport module.
[    5.484689] initcall init_sunrpc+0x0/0x65 returned 0 after 26546 usecs
[    5.492387] calling  cfg80211_init+0x0/0xc5 @ 1
[    5.499074] initcall cfg80211_init+0x0/0xc5 returned 0 after 1077 usecs
[    5.506950] calling  pcibios_assign_resources+0x0/0xcb @ 1
[    5.513842] pci_bus 0000:00: resource 4 [io  0x0000-0x0cf7 window]
[    5.521348] pci_bus 0000:00: resource 5 [io  0x0d00-0xffff window]
[    5.528783] pci_bus 0000:00: resource 6 [mem 0x000a0000-0x000bffff window]
[    5.537273] pci_bus 0000:00: resource 7 [mem 0x20000000-0xafffffff window]
[    5.545743] pci_bus 0000:00: resource 8 [mem 0xc0000000-0xfebfffff window]
[    5.554482] pci_bus 0000:00: resource 9 [mem 0x100000000-0x8ffffffff window]
[    5.563402] initcall pcibios_assign_resources+0x0/0xcb returned 0 after 48663 usecs
[    5.572926] calling  pci_apply_final_quirks+0x0/0x124 @ 1
[    5.581762] pci 0000:00:01.0: calling  pci_fixup_video+0x0/0xe0 @ 1
[    5.591811] pci 0000:00:01.0: Video device with shadowed ROM at [mem 0x000c0000-0x000dffff]
[    5.604088] pci 0000:00:01.0: pci_fixup_video+0x0/0xe0 took 12432 usecs
[    5.614166] PCI: CLS 0 bytes, default 64
[    5.619390] initcall pci_apply_final_quirks+0x0/0x124 returned 0 after 37640 usecs
[    5.628358] calling  acpi_reserve_resources+0x0/0xea @ 1
[    5.634807] initcall acpi_reserve_resources+0x0/0xea returned 0 after 42 usecs
[    5.643504] calling  populate_rootfs+0x0/0x102 @ 1
[    5.653408] initcall populate_rootfs+0x0/0x102 returned 0 after 3103 usecs
[    5.661522] calling  pci_iommu_init+0x0/0x3e @ 1
[    5.667245] initcall pci_iommu_init+0x0/0x3e returned 0 after 158 usecs
[    5.678287] calling  ia32_binfmt_init+0x0/0x13 @ 1
[    5.685344] initcall ia32_binfmt_init+0x0/0x13 returned 0 after 36 usecs
[    5.694851] calling  rapl_pmu_init+0x0/0x25f @ 1
[    5.701492] initcall rapl_pmu_init+0x0/0x25f returned -19 after 126 usecs
[    5.711164] calling  amd_uncore_init+0x0/0x310 @ 1
[    5.717058] initcall amd_uncore_init+0x0/0x310 returned -19 after 0 usecs
[    5.724910] calling  amd_ibs_init+0x0/0x273 @ 1
[    5.731364] initcall amd_ibs_init+0x0/0x273 returned -19 after 0 usecs
[    5.740050] calling  amd_iommu_pc_init+0x0/0x20c @ 1
[    5.747211] initcall amd_iommu_pc_init+0x0/0x20c returned -19 after 48 usecs
[    5.757388] calling  msr_init+0x0/0x55 @ 1
[    5.763480] initcall msr_init+0x0/0x55 returned 0 after 118 usecs
[    5.771152] calling  intel_uncore_init+0x0/0x322 @ 1
[    5.776953] initcall intel_uncore_init+0x0/0x322 returned -19 after 38 usecs
[    5.785052] calling  cstate_pmu_init+0x0/0x181 @ 1
[    5.790652] initcall cstate_pmu_init+0x0/0x181 returned -19 after 0 usecs
[    5.798586] calling  register_kernel_offset_dumper+0x0/0x1a @ 1
[    5.805403] initcall register_kernel_offset_dumper+0x0/0x1a returned 0 after 33 usecs
[    5.814462] calling  i8259A_init_ops+0x0/0x20 @ 1
[    5.820003] initcall i8259A_init_ops+0x0/0x20 returned 0 after 1 usecs
[    5.827443] calling  init_tsc_clocksource+0x0/0xa4 @ 1
[    5.833404] clocksource: tsc: mask: 0xffffffffffffffff max_cycles: 0x39a85afc727, max_idle_ns: 881590685098 ns
[    5.845111] initcall init_tsc_clocksource+0x0/0xa4 returned 0 after 11430 usecs
[    5.853799] calling  add_rtc_cmos+0x0/0xb0 @ 1
[    5.859146] initcall add_rtc_cmos+0x0/0xb0 returned 0 after 2 usecs
[    5.866542] calling  i8237A_init_ops+0x0/0x3a @ 1
[    5.872122] initcall i8237A_init_ops+0x0/0x3a returned 0 after 89 usecs
[    5.880091] calling  umwait_init+0x0/0x94 @ 1
[    5.885281] initcall umwait_init+0x0/0x94 returned -19 after 16 usecs
[    5.892872] calling  thermal_throttle_init_device+0x0/0x3d @ 1
[    5.899868] initcall thermal_throttle_init_device+0x0/0x3d returned 0 after 169 usecs
[    5.908901] calling  msr_init+0x0/0xd7 @ 1
[    5.914120] initcall msr_init+0x0/0xd7 returned 0 after 264 usecs
[    5.921236] calling  cpuid_init+0x0/0xd7 @ 1
[    5.926801] initcall cpuid_init+0x0/0xd7 returned 0 after 301 usecs
[    5.934230] calling  ioapic_init_ops+0x0/0x13 @ 1
[    5.939907] initcall ioapic_init_ops+0x0/0x13 returned 0 after 60 usecs
[    5.947508] calling  add_pcspkr+0x0/0x6c @ 1
[    5.952963] initcall add_pcspkr+0x0/0x6c returned 0 after 320 usecs
[    5.960675] calling  start_periodic_check_for_corruption+0x0/0x30 @ 1
[    5.968245] check: Scanning for low memory corruption every 60 seconds
[    5.975938] initcall start_periodic_check_for_corruption+0x0/0x30 returned 0 after 7589 usecs
[    5.987208] calling  sysfb_init+0x0/0x9c @ 1
[    5.992515] initcall sysfb_init+0x0/0x9c returned 0 after 191 usecs
[    5.999788] calling  audit_classes_init+0x0/0xae @ 1
[    6.006890] initcall audit_classes_init+0x0/0xae returned 0 after 162 usecs
[    6.015784] calling  iosf_mbi_init+0x0/0x24 @ 1
[    6.022039] initcall iosf_mbi_init+0x0/0x24 returned 0 after 959 usecs
[    6.029596] calling  proc_execdomains_init+0x0/0x21 @ 1
[    6.035859] initcall proc_execdomains_init+0x0/0x21 returned 0 after 155 usecs
[    6.044131] calling  register_warn_debugfs+0x0/0x23 @ 1
[    6.050398] initcall register_warn_debugfs+0x0/0x23 returned 0 after 176 usecs
[    6.058818] calling  ioresources_init+0x0/0x49 @ 1
[    6.064384] initcall ioresources_init+0x0/0x49 returned 0 after 5 usecs
[    6.072159] calling  snapshot_device_init+0x0/0xc @ 1
[    6.078339] initcall snapshot_device_init+0x0/0xc returned 0 after 178 usecs
[    6.086658] calling  irq_pm_init_ops+0x0/0x13 @ 1
[    6.092355] initcall irq_pm_init_ops+0x0/0x13 returned 0 after 65 usecs
[    6.100104] calling  rcu_torture_init+0x0/0x964 @ 1
[    6.106318] rcu-torture:--- Start of test: nreaders=1 nfakewriters=4 stat_interval=15 verbose=1 test_no_idle_hz=1 shuffle_interval=3 stutter=5 irqreader=1 fqs_duration=0 fqs_holdoff=0 fqs_stutter=3 test_boost=1/0 test_boost_interval=7 test_boost_duration=4 shutdown_secs=3600 stall_cpu=0 stall_cpu_holdoff=10 stall_cpu_irqsoff=0 stall_cpu_block=0 n_barrier_cbs=4 onoff_interval=0 onoff_holdoff=0 read_exit_delay=13 read_exit_burst=16
[    6.152255] rcu:  Start-test grace-period state: g-1096 f0x0
[    6.160444] rcu-torture: Creating rcu_torture_writer task
[    6.168382] rcu-torture: Creating rcu_torture_fakewriter task
[    6.176870] rcu-torture: rcu_torture_writer task started
[    6.184640] rcu-torture: GP expediting controlled from boot/sysfs for rcu.
[    6.192486] rcu-torture: Creating rcu_torture_fakewriter task
[    6.200126] rcu-torture: rcu_torture_fakewriter task started
[    6.207613] rcu-torture: Creating rcu_torture_fakewriter task
[    6.214203] rcu_torture_writer: Testing conditional GPs.
[    6.220163] rcu-torture: rcu_torture_fakewriter task started
[    6.228903] rcu_torture_writer: Testing expedited GPs.
[    6.236200] rcu-torture: Creating rcu_torture_fakewriter task
[    6.244318] rcu-torture: rcu_torture_fakewriter task started
[    6.252311] rcu_torture_writer: Testing asynchronous GPs.
[    6.260473] rcu-torture: Creating rcu_torture_reader task
[    6.268886] rcu-torture: rcu_torture_fakewriter task started
[    6.277077] rcu_torture_writer: Testing normal GPs.
[    6.284103] rcu-torture: Creating rcu_torture_stats task
[    6.291746] rcu-torture: rcu_torture_reader task started
[    6.299360] rcu-torture: Creating torture_shuffle task
[    6.307777] rcu-torture: rcu_torture_stats task started
[    6.316107] rcu-torture: Creating torture_stutter task
[    6.323899] rcu-torture: torture_shuffle task started
[    6.331314] rcu-torture: Creating torture_shutdown task
[    6.340923] rcu-torture: torture_stutter task started
[    6.375465] rcu-torture: Creating rcu_torture_fwd_prog task
[    6.382002] rcu-torture: torture_shutdown task started
[    6.388179] rcu-torture: Creating rcu_torture_barrier_cbs task
[    6.394980] rcu-torture: rcu_torture_fwd_progress task started
[    6.401770] rcu-torture:torture_shutdown task: 3599929 ms remaining
[    6.409416] rcu-torture: Creating rcu_torture_barrier_cbs task
[    6.417946] rcu-torture: rcu_torture_barrier_cbs task started
[    6.427420] rcu-torture: Creating rcu_torture_barrier_cbs task
[    6.436390] rcu-torture: rcu_torture_barrier_cbs task started
[    6.444978] rcu-torture: Creating rcu_torture_barrier_cbs task
[    6.452596] rcu-torture: rcu_torture_barrier_cbs task started
[    6.459950] rcu-torture: Creating rcu_torture_barrier task
[    6.468028] rcu-torture: rcu_torture_barrier_cbs task started
[    6.477086] rcu-torture: Creating rcu_torture_read_exit task
[    6.485314] rcu-torture: rcu_torture_barrier task starting
[    6.493578] initcall rcu_torture_init+0x0/0x964 returned 0 after 378657 usecs
[    6.501912] rcu-torture: rcu_torture_read_exit: Start of test
[    6.508648] calling  timekeeping_init_ops+0x0/0x13 @ 1
[    6.514726] initcall timekeeping_init_ops+0x0/0x13 returned 0 after 54 usecs
[    6.522938] calling  init_clocksource_sysfs+0x0/0x23 @ 1
[    6.529276] initcall init_clocksource_sysfs+0x0/0x23 returned 0 after 111 usecs
[    6.537855] calling  init_timer_list_procfs+0x0/0x31 @ 1
[    6.544103] initcall init_timer_list_procfs+0x0/0x31 returned 0 after 10 usecs
[    6.552565] calling  alarmtimer_init+0x0/0xb5 @ 1
[    6.558195] initcall alarmtimer_init+0x0/0xb5 returned 0 after 129 usecs
[    6.567364] calling  init_posix_timers+0x0/0x29 @ 1
[    6.572975] initcall init_posix_timers+0x0/0x29 returned 0 after 17 usecs
[    6.580656] calling  clockevents_init_sysfs+0x0/0x8b @ 1
[    6.586938] initcall clockevents_init_sysfs+0x0/0x8b returned 0 after 116 usecs
[    6.595229] calling  proc_dma_init+0x0/0x21 @ 1
[    6.600451] initcall proc_dma_init+0x0/0x21 returned 0 after 22 usecs
[    6.608207] calling  proc_modules_init+0x0/0x1e @ 1
[    6.614128] initcall proc_modules_init+0x0/0x1e returned 0 after 9 usecs
[    6.622200] calling  kallsyms_init+0x0/0x21 @ 1
[    6.627526] initcall kallsyms_init+0x0/0x21 returned 0 after 12 usecs
[    6.634886] calling  pid_namespaces_init+0x0/0x2c @ 1
[    6.640775] initcall pid_namespaces_init+0x0/0x2c returned 0 after 19 usecs
[    6.648790] calling  audit_watch_init+0x0/0x37 @ 1
[    6.654562] initcall audit_watch_init+0x0/0x37 returned 0 after 5 usecs
[    6.662383] calling  audit_fsnotify_init+0x0/0x37 @ 1
[    6.668302] initcall audit_fsnotify_init+0x0/0x37 returned 0 after 4 usecs
[    6.676829] calling  audit_tree_init+0x0/0x6d @ 1
[    6.683618] initcall audit_tree_init+0x0/0x6d returned 0 after 12 usecs
[    6.691966] calling  seccomp_sysctl_init+0x0/0x2b @ 1
[    6.698074] initcall seccomp_sysctl_init+0x0/0x2b returned 0 after 167 usecs
[    6.706354] calling  utsname_sysctl_init+0x0/0x13 @ 1
[    6.712290] initcall utsname_sysctl_init+0x0/0x13 returned 0 after 14 usecs
[    6.720288] calling  init_tracepoints+0x0/0x27 @ 1
[    6.725990] initcall init_tracepoints+0x0/0x27 returned 0 after 156 usecs
[    6.733868] calling  init_blk_tracer+0x0/0x50 @ 1
[    6.740137] initcall init_blk_tracer+0x0/0x50 returned 0 after 814 usecs
[    6.747857] calling  perf_event_sysfs_init+0x0/0x81 @ 1
[    6.754261] initcall perf_event_sysfs_init+0x0/0x81 returned 0 after 357 usecs
[    6.762542] calling  system_trusted_keyring_init+0x0/0x5f @ 1
[    6.769134] Initialise system trusted keyrings
[    6.774444] initcall system_trusted_keyring_init+0x0/0x5f returned 0 after 5188 usecs
[    6.783223] calling  kswapd_init+0x0/0x13 @ 1
[    6.788800] initcall kswapd_init+0x0/0x13 returned 0 after 492 usecs
[    6.796102] calling  extfrag_debug_init+0x0/0x54 @ 1
[    6.801876] initcall extfrag_debug_init+0x0/0x54 returned 0 after 17 usecs
[    6.809759] calling  slab_proc_init+0x0/0x21 @ 1
[    6.815119] initcall slab_proc_init+0x0/0x21 returned 0 after 82 usecs
[    6.823316] calling  workingset_init+0x0/0x8c @ 1
[    6.830159] workingset: timestamp_bits=62 max_order=17 bucket_order=0
[    6.839229] initcall workingset_init+0x0/0x8c returned 0 after 8886 usecs
[    6.849135] calling  proc_vmalloc_init+0x0/0x27 @ 1
[    6.856082] initcall proc_vmalloc_init+0x0/0x27 returned 0 after 13 usecs
[    6.863766] calling  procswaps_init+0x0/0x1e @ 1
[    6.868898] initcall procswaps_init+0x0/0x1e returned 0 after 26 usecs
[    6.879023] calling  slab_sysfs_init+0x0/0xea @ 1
[    6.887511] initcall slab_sysfs_init+0x0/0xea returned 0 after 2953 usecs
[    6.896086] calling  fcntl_init+0x0/0x29 @ 1
[    6.902271] initcall fcntl_init+0x0/0x29 returned 0 after 23 usecs
[    6.909471] calling  proc_filesystems_init+0x0/0x21 @ 1
[    6.915614] initcall proc_filesystems_init+0x0/0x21 returned 0 after 50 usecs
[    6.923763] calling  start_dirtytime_writeback+0x0/0x29 @ 1
[    6.931143] initcall start_dirtytime_writeback+0x0/0x29 returned 0 after 7 usecs
[    6.940287] calling  blkdev_init+0x0/0x1b @ 1
[    6.945522] initcall blkdev_init+0x0/0x1b returned 0 after 207 usecs
[    6.952945] calling  dio_init+0x0/0x2c @ 1
[    6.958008] initcall dio_init+0x0/0x2c returned 0 after 63 usecs
[    6.967685] calling  dnotify_init+0x0/0x78 @ 1
[    6.974093] initcall dnotify_init+0x0/0x78 returned 0 after 23 usecs
[    6.983048] calling  aio_setup+0x0/0x78 @ 1
[    6.989028] initcall aio_setup+0x0/0x78 returned 0 after 102 usecs
[    6.996829] calling  io_uring_init+0x0/0x2c @ 1
[    7.001943] initcall io_uring_init+0x0/0x2c returned 0 after 13 usecs
[    7.009275] calling  mbcache_init+0x0/0x30 @ 1
[    7.014522] initcall mbcache_init+0x0/0x30 returned 0 after 97 usecs
[    7.021789] calling  init_grace+0x0/0xc @ 1
[    7.026646] initcall init_grace+0x0/0xc returned 0 after 8 usecs
[    7.033600] calling  init_v2_quota_format+0x0/0x21 @ 1
[    7.039774] initcall init_v2_quota_format+0x0/0x21 returned 0 after 50 usecs
[    7.048617] calling  init_devpts_fs+0x0/0x27 @ 1
[    7.055139] initcall init_devpts_fs+0x0/0x27 returned 0 after 44 usecs
[    7.064203] calling  ext4_init_fs+0x0/0x1cb @ 1
[    7.071302] initcall ext4_init_fs+0x0/0x1cb returned 0 after 646 usecs
[    7.081082] calling  journal_init+0x0/0x11c @ 1
[    7.087601] initcall journal_init+0x0/0x11c returned 0 after 181 usecs
[    7.094926] calling  init_fat_fs+0x0/0x49 @ 1
[    7.100071] initcall init_fat_fs+0x0/0x49 returned 0 after 174 usecs
[    7.107460] calling  init_vfat_fs+0x0/0xc @ 1
[    7.114487] initcall init_vfat_fs+0x0/0xc returned 0 after 9 usecs
[    7.123306] calling  init_msdos_fs+0x0/0xc @ 1
[    7.129069] initcall init_msdos_fs+0x0/0xc returned 0 after 10 usecs
[    7.136498] calling  init_iso9660_fs+0x0/0x6c @ 1
[    7.142116] initcall init_iso9660_fs+0x0/0x6c returned 0 after 53 usecs
[    7.151878] calling  init_nfs_fs+0x0/0x13a @ 1
[    7.159288] initcall init_nfs_fs+0x0/0x13a returned 0 after 829 usecs
[    7.168671] calling  init_nfs_v2+0x0/0x13 @ 1
[    7.174919] initcall init_nfs_v2+0x0/0x13 returned 0 after 88 usecs
[    7.183634] calling  init_nfs_v3+0x0/0x13 @ 1
[    7.189837] initcall init_nfs_v3+0x0/0x13 returned 0 after 8 usecs
[    7.198884] calling  init_nfs_v4+0x0/0x32 @ 1
[    7.205343] NFS: Registering the id_resolver key type
[    7.212672] Key type id_resolver registered
[    7.218632] Key type id_legacy registered
[    7.223442] initcall init_nfs_v4+0x0/0x32 returned 0 after 17757 usecs
[    7.232268] calling  init_nlm+0x0/0x5b @ 1
[    7.237501] initcall init_nlm+0x0/0x5b returned 0 after 78 usecs
[    7.244664] calling  init_nls_cp437+0x0/0xe @ 1
[    7.250111] initcall init_nls_cp437+0x0/0xe returned 0 after 72 usecs
[    7.257832] calling  init_nls_ascii+0x0/0xe @ 1
[    7.263235] initcall init_nls_ascii+0x0/0xe returned 0 after 8 usecs
[    7.270750] calling  init_nls_iso8859_1+0x0/0xe @ 1
[    7.276461] initcall init_nls_iso8859_1+0x0/0xe returned 0 after 5 usecs
[    7.284386] calling  init_nls_utf8+0x0/0x21 @ 1
[    7.289733] initcall init_nls_utf8+0x0/0x21 returned 0 after 5 usecs
[    7.297696] calling  init_autofs_fs+0x0/0x25 @ 1
[    7.307515] initcall init_autofs_fs+0x0/0x25 returned 0 after 115 usecs
[    7.315647] calling  ipc_init+0x0/0x24 @ 1
[    7.321027] initcall ipc_init+0x0/0x24 returned 0 after 283 usecs
[    7.328606] calling  ipc_sysctl_init+0x0/0x13 @ 1
[    7.334660] initcall ipc_sysctl_init+0x0/0x13 returned 0 after 21 usecs
[    7.342724] calling  init_mqueue_fs+0x0/0x92 @ 1
[    7.348907] initcall init_mqueue_fs+0x0/0x92 returned 0 after 550 usecs
[    7.356881] calling  key_proc_init+0x0/0x63 @ 1
[    7.362445] initcall key_proc_init+0x0/0x63 returned 0 after 16 usecs
[    7.370317] calling  selinux_nf_ip_init+0x0/0x2e @ 1
[    7.376497] initcall selinux_nf_ip_init+0x0/0x2e returned 0 after 57 usecs
[    7.384835] calling  init_sel_fs+0x0/0x116 @ 1
[    7.390341] initcall init_sel_fs+0x0/0x116 returned 0 after 8 usecs
[    7.397800] calling  selnl_init+0x0/0x7c @ 1
[    7.403136] initcall selnl_init+0x0/0x7c returned 0 after 101 usecs
[    7.410673] calling  sel_netif_init+0x0/0x36 @ 1
[    7.416330] initcall sel_netif_init+0x0/0x36 returned 0 after 3 usecs
[    7.424015] calling  sel_netnode_init+0x0/0x33 @ 1
[    7.429980] initcall sel_netnode_init+0x0/0x33 returned 0 after 6 usecs
[    7.437521] calling  sel_netport_init+0x0/0x33 @ 1
[    7.443168] initcall sel_netport_init+0x0/0x33 returned 0 after 7 usecs
[    7.450828] calling  aurule_init+0x0/0x2a @ 1
[    7.456040] initcall aurule_init+0x0/0x2a returned 0 after 5 usecs
[    7.463526] calling  crypto_algapi_init+0x0/0xc @ 1
[    7.469549] initcall crypto_algapi_init+0x0/0xc returned 0 after 12 usecs
[    7.477635] calling  jent_mod_init+0x0/0x2d @ 1
[    7.492321] initcall jent_mod_init+0x0/0x2d returned 0 after 9270 usecs
[    7.500441] calling  asymmetric_key_init+0x0/0xc @ 1
[    7.506541] Key type asymmetric registered
[    7.511969] initcall asymmetric_key_init+0x0/0xc returned 0 after 5303 usecs
[    7.520581] calling  x509_key_init+0x0/0xc @ 1
[    7.526228] Asymmetric key parser 'x509' registered
[    7.532268] initcall x509_key_init+0x0/0xc returned 0 after 6031 usecs
[    7.539618] calling  proc_genhd_init+0x0/0x41 @ 1
[    7.545129] initcall proc_genhd_init+0x0/0x41 returned 0 after 34 usecs
[    7.552840] calling  bsg_init+0x0/0x113 @ 1
[    7.557758] Block layer SCSI generic (bsg) driver version 0.4 loaded (major 251)
[    7.566090] initcall bsg_init+0x0/0x113 returned 0 after 8157 usecs
[    7.573173] calling  deadline_init+0x0/0xc @ 1
[    7.578358] io scheduler mq-deadline registered
[    7.583550] initcall deadline_init+0x0/0xc returned 0 after 5092 usecs
[    7.590977] calling  kyber_init+0x0/0xc @ 1
[    7.596213] io scheduler kyber registered
[    7.602043] initcall kyber_init+0x0/0xc returned 0 after 5677 usecs
[    7.609306] calling  mod_init+0x0/0x7 @ 1
[    7.614043] initcall mod_init+0x0/0x7 returned 0 after 3 usecs
[    7.620893] calling  sg_pool_init+0x0/0xb4 @ 1
[    7.626526] initcall sg_pool_init+0x0/0xb4 returned 0 after 174 usecs
[    7.641638] calling  pcie_portdrv_init+0x0/0x39 @ 1
[    7.654283] initcall pcie_portdrv_init+0x0/0x39 returned 0 after 5995 usecs
[    7.664574] calling  pci_proc_init+0x0/0x68 @ 1
[    7.671539] initcall pci_proc_init+0x0/0x68 returned 0 after 321 usecs
[    7.680885] calling  pci_hotplug_init+0x0/0x7 @ 1
[    7.687003] initcall pci_hotplug_init+0x0/0x7 returned 0 after 3 usecs
[    7.694568] calling  efifb_driver_init+0x0/0xe @ 1
[    7.700887] initcall efifb_driver_init+0x0/0xe returned 0 after 631 usecs
[    7.708682] calling  ged_driver_init+0x0/0xe @ 1
[    7.714289] initcall ged_driver_init+0x0/0xe returned 0 after 194 usecs
[    7.721959] calling  acpi_ac_init+0x0/0x92 @ 1
[    7.727533] initcall acpi_ac_init+0x0/0x92 returned 0 after 317 usecs
[    7.735070] calling  acpi_button_driver_init+0x0/0x52 @ 1
[    7.743869] input: Power Button as /devices/LNXSYSTM:00/LNXPWRBN:00/input/input0
[    7.761052] ACPI: Power Button [PWRF]
[    7.767402] initcall acpi_button_driver_init+0x0/0x52 returned 0 after 24700 usecs
[    7.776746] calling  acpi_fan_driver_init+0x0/0xe @ 1
[    7.782773] initcall acpi_fan_driver_init+0x0/0xe returned 0 after 100 usecs
[    7.790964] calling  acpi_video_init+0x0/0xcb @ 1
[    7.797014] initcall acpi_video_init+0x0/0xcb returned 0 after 353 usecs
[    7.806676] calling  acpi_processor_driver_init+0x0/0xad @ 1
[    7.815842] initcall acpi_processor_driver_init+0x0/0xad returned 0 after 992 usecs
[    7.826942] calling  acpi_thermal_init+0x0/0x71 @ 1
[    7.834664] initcall acpi_thermal_init+0x0/0x71 returned 0 after 1497 usecs
[    7.842944] calling  acpi_battery_init+0x0/0x32 @ 1
[    7.848635] initcall acpi_battery_init+0x0/0x32 returned 0 after 33 usecs
[    7.856870] calling  bgrt_init+0x0/0xb6 @ 1
[    7.861777] initcall bgrt_init+0x0/0xb6 returned -19 after 2 usecs
[    7.868976] calling  gpio_clk_driver_init+0x0/0xe @ 1
[    7.874977] initcall gpio_clk_driver_init+0x0/0xe returned 0 after 64 usecs
[    7.883150] calling  plt_clk_driver_init+0x0/0xe @ 1
[    7.888944] initcall plt_clk_driver_init+0x0/0xe returned 0 after 40 usecs
[    7.896930] calling  virtio_pci_driver_init+0x0/0x15 @ 1
[    7.903328] initcall virtio_pci_driver_init+0x0/0x15 returned 0 after 156 usecs
[    7.911821] calling  n_null_init+0x0/0x1e @ 1
[    7.917769] initcall n_null_init+0x0/0x1e returned 0 after 117 usecs
[    7.925504] calling  pty_init+0x0/0x1e8 @ 1
[    7.932974] initcall pty_init+0x0/0x1e8 returned 0 after 2390 usecs
[    7.940391] calling  sysrq_init+0x0/0x62 @ 1
[    7.945523] initcall sysrq_init+0x0/0x62 returned 0 after 90 usecs
[    7.952796] calling  serial8250_init+0x0/0x17e @ 1
[    7.958543] Serial: 8250/16550 driver, 4 ports, IRQ sharing enabled
[    7.967041] 00:03: ttyS0 at I/O 0x3f8 (irq = 4, base_baud = 115200) is a 16550A
[    7.977544] initcall serial8250_init+0x0/0x17e returned 0 after 18617 usecs
[    7.985770] calling  serial_pci_driver_init+0x0/0x15 @ 1
[    7.992206] initcall serial_pci_driver_init+0x0/0x15 returned 0 after 137 usecs
[    8.000615] calling  exar_pci_driver_init+0x0/0x15 @ 1
[    8.006775] initcall exar_pci_driver_init+0x0/0x15 returned 0 after 95 usecs
[    8.014954] calling  lpss8250_pci_driver_init+0x0/0x15 @ 1
[    8.021640] initcall lpss8250_pci_driver_init+0x0/0x15 returned 0 after 56 usecs
[    8.030391] calling  mid8250_pci_driver_init+0x0/0x15 @ 1
[    8.036871] initcall mid8250_pci_driver_init+0x0/0x15 returned 0 after 28 usecs
[    8.045514] calling  virtio_console_init+0x0/0xff @ 1
[    8.051961] initcall virtio_console_init+0x0/0xff returned 0 after 389 usecs
[    8.060271] calling  hpet_init+0x0/0x64 @ 1
[    8.066058] initcall hpet_init+0x0/0x64 returned 0 after 779 usecs
[    8.076309] calling  nvram_module_init+0x0/0x83 @ 1
[    8.082280] Non-volatile memory driver v1.3
[    8.087459] initcall nvram_module_init+0x0/0x83 returned 0 after 5259 usecs
[    8.096084] calling  hwrng_modinit+0x0/0x8a @ 1
[    8.101615] initcall hwrng_modinit+0x0/0x8a returned 0 after 152 usecs
[    8.109371] calling  mod_init+0x0/0x48 @ 1
[    8.114343] initcall mod_init+0x0/0x48 returned -19 after 7 usecs
[    8.121605] calling  agp_init+0x0/0x23 @ 1
[    8.126546] Linux agpgart interface v0.103
[    8.131529] initcall agp_init+0x0/0x23 returned 0 after 4866 usecs
[    8.138779] calling  agp_amd64_mod_init+0x0/0x5 @ 1
[    8.145117] initcall agp_amd64_mod_init+0x0/0x5 returned -19 after 546 usecs
[    8.153550] calling  agp_intel_init+0x0/0x28 @ 1
[    8.161332] initcall agp_intel_init+0x0/0x28 returned 0 after 2114 usecs
[    8.169825] calling  drm_kms_helper_init+0x0/0x7 @ 1
[    8.176464] initcall drm_kms_helper_init+0x0/0x7 returned 0 after 39 usecs
[    8.185248] calling  drm_core_init+0x0/0x9e @ 1
[    8.192744] initcall drm_core_init+0x0/0x9e returned 0 after 1170 usecs
[    8.200647] calling  i915_init+0x0/0x6b @ 1
[    8.212401] initcall i915_init+0x0/0x6b returned 0 after 6075 usecs
[    8.221477] calling  cn_proc_init+0x0/0x35 @ 1
[    8.226861] initcall cn_proc_init+0x0/0x35 returned 0 after 10 usecs
[    8.234686] calling  topology_sysfs_init+0x0/0x27 @ 1
[    8.240826] initcall topology_sysfs_init+0x0/0x27 returned 0 after 68 usecs
[    8.249302] calling  cacheinfo_sysfs_init+0x0/0x27 @ 1
[    8.266567] initcall cacheinfo_sysfs_init+0x0/0x27 returned 0 after 8707 usecs
[    8.276568] calling  loop_init+0x0/0x168 @ 1
[    8.366391] loop: module loaded
[    8.370630] initcall loop_init+0x0/0x168 returned 0 after 86423 usecs
[    8.378642] calling  mac_hid_init+0x0/0x21 @ 1
[    8.384583] initcall mac_hid_init+0x0/0x21 returned 0 after 252 usecs
[    8.394094] calling  spi_transport_init+0x0/0x74 @ 1
[    8.402348] initcall spi_transport_init+0x0/0x74 returned 0 after 513 usecs
[    8.412464] calling  init_sd+0x0/0x18c @ 1
[    8.418962] initcall init_sd+0x0/0x18c returned 0 after 784 usecs
[    8.427406] calling  init_sr+0x0/0x43 @ 1
[    8.433158] initcall init_sr+0x0/0x43 returned 0 after 102 usecs
[    8.441585] calling  init_sg+0x0/0x1c0 @ 1
[    8.448051] initcall init_sg+0x0/0x1c0 returned 0 after 133 usecs
[    8.457778] calling  ahci_pci_driver_init+0x0/0x15 @ 1
[    8.466998] ahci 0000:00:1f.2: version 3.0
[    8.474471] PCI Interrupt Link [GSIA] enabled at IRQ 16
[    8.493930] ahci 0000:00:1f.2: AHCI 0001.0000 32 slots 6 ports 1.5 Gbps 0x3f impl SATA mode
[    8.507243] ahci 0000:00:1f.2: flags: 64bit ncq only 
[    8.525213] scsi host0: ahci
[    8.530600] scsi host1: ahci
[    8.551609] scsi host2: ahci
[    8.556583] scsi host3: ahci
[    8.561521] scsi host4: ahci
[    8.566358] scsi host5: ahci
[    8.571036] ata1: SATA max UDMA/133 abar m4096@0xfebf1000 port 0xfebf1100 irq 24
[    8.582376] ata2: SATA max UDMA/133 abar m4096@0xfebf1000 port 0xfebf1180 irq 24
[    8.593923] ata3: SATA max UDMA/133 abar m4096@0xfebf1000 port 0xfebf1200 irq 24
[    8.605498] ata4: SATA max UDMA/133 abar m4096@0xfebf1000 port 0xfebf1280 irq 24
[    8.617414] ata5: SATA max UDMA/133 abar m4096@0xfebf1000 port 0xfebf1300 irq 24
[    8.629205] ata6: SATA max UDMA/133 abar m4096@0xfebf1000 port 0xfebf1380 irq 24
[    8.642026] initcall ahci_pci_driver_init+0x0/0x15 returned 0 after 172441 usecs
[    8.671714] calling  piix_init+0x0/0x26 @ 1
[    8.686967] initcall piix_init+0x0/0x26 returned 0 after 7753 usecs
[    8.695310] calling  amd_pci_driver_init+0x0/0x15 @ 1
[    8.701557] initcall amd_pci_driver_init+0x0/0x15 returned 0 after 52 usecs
[    8.710287] calling  oldpiix_pci_driver_init+0x0/0x15 @ 1
[    8.716945] initcall oldpiix_pci_driver_init+0x0/0x15 returned 0 after 97 usecs
[    8.726223] calling  sch_pci_driver_init+0x0/0x15 @ 1
[    8.733110] initcall sch_pci_driver_init+0x0/0x15 returned 0 after 49 usecs
[    8.742597] calling  net_olddevs_init+0x0/0x55 @ 1
[    8.749409] initcall net_olddevs_init+0x0/0x55 returned 0 after 369 usecs
[    8.758061] calling  blackhole_netdev_init+0x0/0x78 @ 1
[    8.765506] initcall blackhole_netdev_init+0x0/0x78 returned 0 after 495 usecs
[    8.775321] calling  phy_module_init+0x0/0x13 @ 1
[    8.781956] initcall phy_module_init+0x0/0x13 returned 0 after 388 usecs
[    8.790754] calling  tg3_driver_init+0x0/0x15 @ 1
[    8.797087] initcall tg3_driver_init+0x0/0x15 returned 0 after 302 usecs
[    8.805589] calling  e100_init_module+0x0/0x4c @ 1
[    8.811980] e100: Intel(R) PRO/100 Network Driver
[    8.818318] e100: Copyright(c) 1999-2006 Intel Corporation
[    8.825330] initcall e100_init_module+0x0/0x4c returned 0 after 13070 usecs
[    8.835620] calling  e1000_init_module+0x0/0x72 @ 1
[    8.842962] e1000: Intel(R) PRO/1000 Network Driver
[    8.850513] e1000: Copyright (c) 1999-2006 Intel Corporation.
[    8.859029] initcall e1000_init_module+0x0/0x72 returned 0 after 15713 usecs
[    8.868014] calling  e1000_init_module+0x0/0x2d @ 1
[    8.874488] e1000e: Intel(R) PRO/1000 Network Driver
[    8.881211] e1000e: Copyright(c) 1999 - 2015 Intel Corporation.
[    8.889504] initcall e1000_init_module+0x0/0x2d returned 0 after 15117 usecs
[    8.898493] calling  sky2_init_module+0x0/0x21 @ 1
[    8.904937] sky2: driver version 1.30
[    8.909582] initcall sky2_init_module+0x0/0x21 returned 0 after 5013 usecs
[    8.918372] calling  forcedeth_pci_driver_init+0x0/0x15 @ 1
[    8.925606] initcall forcedeth_pci_driver_init+0x0/0x15 returned 0 after 344 usecs
[    8.935280] calling  rtl8139_init_module+0x0/0x15 @ 1
[    8.942614] initcall rtl8139_init_module+0x0/0x15 returned 0 after 385 usecs
[    8.951420] calling  rtl8169_pci_driver_init+0x0/0x15 @ 1
[    8.958656] initcall rtl8169_pci_driver_init+0x0/0x15 returned 0 after 573 usecs
[    8.968030] calling  cdrom_init+0x0/0xc @ 1
[    8.974487] ata1: SATA link down (SStatus 0 SControl 300)
[    8.981317] initcall cdrom_init+0x0/0xc returned 0 after 7796 usecs
[    8.991692] ata3: SATA link up 1.5 Gbps (SStatus 113 SControl 300)
[    8.999333] calling  nonstatic_sysfs_init+0x0/0xc @ 1
[    9.007911] ata4: SATA link down (SStatus 0 SControl 300)
[    9.015446] initcall nonstatic_sysfs_init+0x0/0xc returned 0 after 9601 usecs
[    9.025411] ata2: SATA link down (SStatus 0 SControl 300)
[    9.035942] ata6: SATA link down (SStatus 0 SControl 300)
[    9.042771] calling  yenta_cardbus_driver_init+0x0/0x15 @ 1
[    9.050403] initcall yenta_cardbus_driver_init+0x0/0x15 returned 0 after 935 usecs
[    9.063054] ata5: SATA link down (SStatus 0 SControl 300)
[    9.070997] ata3.00: ATAPI: QEMU DVD-ROM, 2.5+, max UDMA/100
[    9.078156] calling  mon_init+0x0/0x123 @ 1
[    9.083444] ata3.00: applying bridge limits
[    9.093176] ata3.00: configured for UDMA/100
[    9.099659] initcall mon_init+0x0/0x123 returned 0 after 15841 usecs
[    9.109543] calling  ehci_hcd_init+0x0/0x55 @ 1
[    9.115615] ehci_hcd: USB 2.0 'Enhanced' Host Controller (EHCI) Driver
[    9.125527] scsi 2:0:0:0: CD-ROM            QEMU     QEMU DVD-ROM     2.5+ PQ: 0 ANSI: 5
[    9.135494] initcall ehci_hcd_init+0x0/0x55 returned 0 after 19520 usecs
[    9.146591] calling  ehci_pci_init+0x0/0x64 @ 1
[    9.153447] ehci-pci: EHCI PCI platform driver
[    9.160445] initcall ehci_pci_init+0x0/0x64 returned 0 after 6834 usecs
[    9.170586] calling  ohci_hcd_mod_init+0x0/0x4d @ 1
[    9.178562] ohci_hcd: USB 1.1 'Open' Host Controller (OHCI) Driver
[    9.191728] initcall ohci_hcd_mod_init+0x0/0x4d returned 0 after 11968 usecs
[    9.208684] sr 2:0:0:0: [sr0] scsi3-mmc drive: 4x/4x cd/rw xa/form2 tray
[    9.216969] calling  ohci_pci_init+0x0/0x64 @ 1
[    9.223182] cdrom: Uniform CD-ROM driver Revision: 3.20
[    9.230314] ohci-pci: OHCI PCI platform driver
[    9.236592] initcall ohci_pci_init+0x0/0x64 returned 0 after 13412 usecs
[    9.246940] calling  uhci_hcd_init+0x0/0xa6 @ 1
[    9.253056] uhci_hcd: USB Universal Host Controller Interface driver
[    9.263494] initcall uhci_hcd_init+0x0/0xa6 returned 0 after 10194 usecs
[    9.272395] calling  xhci_hcd_init+0x0/0x1e @ 1
[    9.285099] initcall xhci_hcd_init+0x0/0x1e returned 0 after 6506 usecs
[    9.297152] sr 2:0:0:0: Attached scsi CD-ROM sr0
[    9.302938] calling  xhci_pci_init+0x0/0x49 @ 1
[    9.309350] sr 2:0:0:0: Attached scsi generic sg0 type 5
[    9.316236] initcall xhci_pci_init+0x0/0x49 returned 0 after 7328 usecs
[    9.326088] calling  usblp_driver_init+0x0/0x15 @ 1
[    9.332698] usbcore: registered new interface driver usblp
[    9.339703] initcall usblp_driver_init+0x0/0x15 returned 0 after 7228 usecs
[    9.348439] calling  usb_storage_driver_init+0x0/0x2a @ 1
[    9.355599] usbcore: registered new interface driver usb-storage
[    9.363399] initcall usb_storage_driver_init+0x0/0x2a returned 0 after 7923 usecs
[    9.373004] calling  i8042_init+0x0/0x4c2 @ 1
[    9.381579] i8042: PNP: PS/2 Controller [PNP0303:KBD,PNP0f13:MOU] at 0x60,0x64 irq 1,12
[    9.405041] serio: i8042 KBD port at 0x60,0x64 irq 1
[    9.412230] serio: i8042 AUX port at 0x60,0x64 irq 12
[    9.419289] initcall i8042_init+0x0/0x4c2 returned 0 after 39622 usecs
[    9.429270] calling  serport_init+0x0/0x2c @ 1
[    9.435838] initcall serport_init+0x0/0x2c returned 0 after 156 usecs
[    9.445364] calling  input_leds_init+0x0/0xc @ 1
[    9.452407] initcall input_leds_init+0x0/0xc returned 0 after 81 usecs
[    9.462443] calling  evdev_init+0x0/0xc @ 1
[    9.469387] initcall evdev_init+0x0/0xc returned 0 after 470 usecs
[    9.478573] calling  atkbd_init+0x0/0x21 @ 1
[    9.488665] input: AT Translated Set 2 keyboard as /devices/platform/i8042/serio0/input/input1
[    9.500859] initcall atkbd_init+0x0/0x21 returned 0 after 15756 usecs
[    9.510515] calling  psmouse_init+0x0/0x7f @ 1
[    9.522040] initcall psmouse_init+0x0/0x7f returned 0 after 4317 usecs
[    9.542431] calling  cmos_init+0x0/0x73 @ 1
[    9.558387] rtc_cmos 00:04: RTC can wake from S4
[    9.573575] rtc_cmos 00:04: registered as rtc0
[    9.580881] rtc_cmos 00:04: alarms up to one day, y3k, 242 bytes nvram, hpet irqs
[    9.592368] initcall cmos_init+0x0/0x73 returned 0 after 43149 usecs
[    9.601920] calling  smbalert_driver_init+0x0/0xe @ 1
[    9.609619] initcall smbalert_driver_init+0x0/0xe returned 0 after 213 usecs
[    9.620142] calling  i2c_i801_init+0x0/0xc5 @ 1
[    9.642446] i801_smbus 0000:00:1f.3: SMBus using PCI interrupt
[    9.687099] i2c i2c-0: 1/1 memory slots populated (from DMI)
[    9.695658] i2c i2c-0: Memory type 0x07 not supported yet, not instantiating SPD
[    9.715806] initcall i2c_i801_init+0x0/0xc5 returned 0 after 86301 usecs
[    9.729746] calling  ptp_kvm_init+0x0/0xf0 @ 1
[    9.742670] initcall ptp_kvm_init+0x0/0xf0 returned 0 after 5300 usecs
[    9.752954] calling  dm_init+0x0/0x3c @ 1
[    9.767296] device-mapper: ioctl: 4.43.0-ioctl (2020-10-01) initialised: dm-devel@redhat.com
[    9.794616] initcall dm_init+0x0/0x3c returned 0 after 34513 usecs
[    9.803730] calling  dm_mirror_init+0x0/0x29 @ 1
[    9.811391] initcall dm_mirror_init+0x0/0x29 returned 0 after 82 usecs
[    9.821853] calling  dm_dirty_log_init+0x0/0x4f @ 1
[    9.830244] initcall dm_dirty_log_init+0x0/0x4f returned 0 after 245 usecs
[    9.841110] calling  dm_zero_init+0x0/0x29 @ 1
[    9.849011] initcall dm_zero_init+0x0/0x29 returned 0 after 256 usecs
[    9.858730] calling  intel_pstate_init+0x0/0x4a2 @ 1
[    9.867176] intel_pstate: CPU model not supported
[    9.873926] initcall intel_pstate_init+0x0/0x4a2 returned -19 after 7300 usecs
[    9.884277] calling  haltpoll_init+0x0/0xc0 @ 1
[    9.891060] initcall haltpoll_init+0x0/0xc0 returned -19 after 110 usecs
[    9.901094] calling  efivars_sysfs_init+0x0/0x30 @ 1
[    9.908791] initcall efivars_sysfs_init+0x0/0x30 returned 0 after 53 usecs
[    9.919573] calling  esrt_sysfs_init+0x0/0x2a2 @ 1
[    9.927067] initcall esrt_sysfs_init+0x0/0x2a2 returned -38 after 112 usecs
[    9.938441] calling  hid_init+0x0/0x5c @ 1
[    9.945856] hid: raw HID events driver (C) Jiri Kosina
[    9.954300] initcall hid_init+0x0/0x5c returned 0 after 8798 usecs
[    9.964183] calling  hid_generic_init+0x0/0x15 @ 1
[    9.972351] initcall hid_generic_init+0x0/0x15 returned 0 after 182 usecs
[    9.983373] calling  a4_driver_init+0x0/0x15 @ 1
[    9.991090] initcall a4_driver_init+0x0/0x15 returned 0 after 29 usecs
[   10.001842] calling  apple_driver_init+0x0/0x15 @ 1
[   10.018479] initcall apple_driver_init+0x0/0x15 returned 0 after 8891 usecs
[   10.030598] calling  belkin_driver_init+0x0/0x15 @ 1
[   10.039358] initcall belkin_driver_init+0x0/0x15 returned 0 after 31 usecs
[   10.049464] calling  ch_driver_init+0x0/0x15 @ 1
[   10.056320] initcall ch_driver_init+0x0/0x15 returned 0 after 26 usecs
[   10.066034] calling  ch_driver_init+0x0/0x15 @ 1
[   10.072996] initcall ch_driver_init+0x0/0x15 returned 0 after 26 usecs
[   10.082519] calling  cp_driver_init+0x0/0x15 @ 1
[   10.088796] initcall cp_driver_init+0x0/0x15 returned 0 after 21 usecs
[   10.098962] calling  ez_driver_init+0x0/0x15 @ 1
[   10.107016] initcall ez_driver_init+0x0/0x15 returned 0 after 34 usecs
[   10.116146] calling  gyration_driver_init+0x0/0x15 @ 1
[   10.124097] initcall gyration_driver_init+0x0/0x15 returned 0 after 33 usecs
[   10.135927] calling  ite_driver_init+0x0/0x15 @ 1
[   10.143973] initcall ite_driver_init+0x0/0x15 returned 0 after 25 usecs
[   10.154156] calling  ks_driver_init+0x0/0x15 @ 1
[   10.161059] initcall ks_driver_init+0x0/0x15 returned 0 after 43 usecs
[   10.170906] calling  lg_driver_init+0x0/0x15 @ 1
[   10.178287] initcall lg_driver_init+0x0/0x15 returned 0 after 132 usecs
[   10.188387] calling  lg_g15_driver_init+0x0/0x15 @ 1
[   10.196018] initcall lg_g15_driver_init+0x0/0x15 returned 0 after 106 usecs
[   10.206294] calling  ms_driver_init+0x0/0x15 @ 1
[   10.213047] initcall ms_driver_init+0x0/0x15 returned 0 after 34 usecs
[   10.222592] calling  mr_driver_init+0x0/0x15 @ 1
[   10.244165] initcall mr_driver_init+0x0/0x15 returned 0 after 14308 usecs
[   10.258612] input: ImExPS/2 Generic Explorer Mouse as /devices/platform/i8042/serio1/input/input3
[   10.272165] calling  ntrig_driver_init+0x0/0x15 @ 1
[   10.279597] initcall ntrig_driver_init+0x0/0x15 returned 0 after 112 usecs
[   10.292171] calling  pl_driver_init+0x0/0x15 @ 1
[   10.299063] initcall pl_driver_init+0x0/0x15 returned 0 after 28 usecs
[   10.308969] calling  pl_driver_init+0x0/0x15 @ 1
[   10.316365] initcall pl_driver_init+0x0/0x15 returned 0 after 27 usecs
[   10.327388] calling  redragon_driver_init+0x0/0x15 @ 1
[   10.338163] initcall redragon_driver_init+0x0/0x15 returned 0 after 28 usecs
[   10.347979] calling  samsung_driver_init+0x0/0x15 @ 1
[   10.356065] initcall samsung_driver_init+0x0/0x15 returned 0 after 847 usecs
[   10.368947] calling  sony_init+0x0/0x38 @ 1
[   10.390238] initcall sony_init+0x0/0x38 returned 0 after 13910 usecs
[   10.410077] calling  sp_driver_init+0x0/0x15 @ 1
[   10.424248] initcall sp_driver_init+0x0/0x15 returned 0 after 6816 usecs
[   10.442997] calling  ts_driver_init+0x0/0x15 @ 1
[   10.457011] initcall ts_driver_init+0x0/0x15 returned 0 after 7323 usecs
[   10.477839] calling  hid_init+0x0/0x58 @ 1
[   10.496048] usbcore: registered new interface driver usbhid
[   10.516887] usbhid: USB HID core driver
[   10.526122] initcall hid_init+0x0/0x58 returned 0 after 39858 usecs
[   10.546961] calling  eeepc_laptop_init+0x0/0x57 @ 1
[   10.568420] initcall eeepc_laptop_init+0x0/0x57 returned -19 after 13930 usecs
[   10.589857] calling  pmc_atom_init+0x0/0x27a @ 1
[   10.604224] initcall pmc_atom_init+0x0/0x27a returned -19 after 7316 usecs
[   10.623901] calling  alsa_hwdep_init+0x0/0x5e @ 1
[   10.640539] initcall alsa_hwdep_init+0x0/0x5e returned 0 after 9096 usecs
[   10.666928] calling  alsa_timer_init+0x0/0x1f0 @ 1
[   10.686408] initcall alsa_timer_init+0x0/0x1f0 returned 0 after 11903 usecs
[   10.708726] calling  snd_hrtimer_init+0x0/0x117 @ 1
[   10.722109] initcall snd_hrtimer_init+0x0/0x117 returned 0 after 5982 usecs
[   10.741985] calling  alsa_pcm_init+0x0/0x64 @ 1
[   10.754965] initcall alsa_pcm_init+0x0/0x64 returned 0 after 6071 usecs
[   10.774317] calling  alsa_seq_init+0x0/0x4a @ 1
[   10.791565] initcall alsa_seq_init+0x0/0x4a returned 0 after 9963 usecs
[   10.814089] calling  alsa_seq_dummy_init+0x0/0x9c @ 1
[   10.837043] initcall alsa_seq_dummy_init+0x0/0x9c returned 0 after 13932 usecs
[   10.858999] calling  azx_driver_init+0x0/0x15 @ 1
[   10.877038] initcall azx_driver_init+0x0/0x15 returned 0 after 9731 usecs
[   10.900969] calling  sock_diag_init+0x0/0x2a @ 1
[   10.917161] initcall sock_diag_init+0x0/0x2a returned 0 after 8850 usecs
[   10.943117] calling  blackhole_init+0x0/0xc @ 1
[   10.956209] initcall blackhole_init+0x0/0xc returned 0 after 5450 usecs
[   10.981088] calling  nfnetlink_init+0x0/0x57 @ 1
[   10.995409] initcall nfnetlink_init+0x0/0x57 returned 0 after 7134 usecs
[   11.015052] calling  nfnetlink_log_init+0x0/0x99 @ 1
[   11.029781] initcall nfnetlink_log_init+0x0/0x99 returned 0 after 7464 usecs
[   11.051898] calling  nf_conntrack_standalone_init+0x0/0x87 @ 1
[   11.078966] initcall nf_conntrack_standalone_init+0x0/0x87 returned 0 after 17242 usecs
[   11.105917] calling  ctnetlink_init+0x0/0x83 @ 1
[   11.125213] initcall ctnetlink_init+0x0/0x83 returned 0 after 11626 usecs
[   11.147929] calling  nf_conntrack_ftp_init+0x0/0x12c @ 1
[   11.168127] initcall nf_conntrack_ftp_init+0x0/0x12c returned 0 after 10282 usecs
[   11.184974] calling  nf_conntrack_irc_init+0x0/0x129 @ 1
[   11.199147] initcall nf_conntrack_irc_init+0x0/0x129 returned 0 after 6760 usecs
[   11.221882] calling  nf_conntrack_sip_init+0x0/0x172 @ 1
[   11.239926] initcall nf_conntrack_sip_init+0x0/0x172 returned 0 after 8734 usecs
[   11.266221] calling  nf_nat_init+0x0/0xbb @ 1
[   11.282238] initcall nf_nat_init+0x0/0xbb returned 0 after 9034 usecs
[   11.299888] calling  nf_nat_ftp_init+0x0/0x2a @ 1
[   11.314932] initcall nf_nat_ftp_init+0x0/0x2a returned 0 after 7408 usecs
[   11.335799] calling  nf_nat_irc_init+0x0/0x2a @ 1
[   11.354031] initcall nf_nat_irc_init+0x0/0x2a returned 0 after 9906 usecs
[   11.376848] calling  nf_nat_sip_init+0x0/0x36 @ 1
[   11.384771] initcall nf_nat_sip_init+0x0/0x36 returned 0 after 215 usecs
[   11.400923] calling  xt_init+0x0/0xcf @ 1
[   11.408705] rcu_torture_rea (92) used greatest stack depth: 15464 bytes left
[   11.423277] initcall xt_init+0x0/0xcf returned 0 after 15191 usecs
[   11.435066] calling  tcpudp_mt_init+0x0/0x11 @ 1
[   11.442978] rcu-torture: rcu_torture_read_exit: End of episode
[   11.453187] initcall tcpudp_mt_init+0x0/0x11 returned 0 after 10159 usecs
[   11.464098] calling  connsecmark_tg_init+0x0/0xc @ 1
[   11.474260] initcall connsecmark_tg_init+0x0/0xc returned 0 after 2087 usecs
[   11.486343] calling  nflog_tg_init+0x0/0xc @ 1
[   11.493826] initcall nflog_tg_init+0x0/0xc returned 0 after 782 usecs
[   11.504962] calling  secmark_tg_init+0x0/0x11 @ 1
[   11.512067] initcall secmark_tg_init+0x0/0x11 returned 0 after 47 usecs
[   11.524214] calling  tcpmss_tg_init+0x0/0x11 @ 1
[   11.532611] initcall tcpmss_tg_init+0x0/0x11 returned 0 after 899 usecs
[   11.544714] calling  conntrack_mt_init+0x0/0x11 @ 1
[   11.554025] initcall conntrack_mt_init+0x0/0x11 returned 0 after 1595 usecs
[   11.565352] calling  policy_mt_init+0x0/0x11 @ 1
[   11.571903] initcall policy_mt_init+0x0/0x11 returned 0 after 4 usecs
[   11.581214] calling  state_mt_init+0x0/0xc @ 1
[   11.588158] initcall state_mt_init+0x0/0xc returned 0 after 15 usecs
[   11.600045] calling  gre_offload_init+0x0/0x48 @ 1
[   11.608302] initcall gre_offload_init+0x0/0x48 returned 0 after 453 usecs
[   11.618754] calling  sysctl_ipv4_init+0x0/0x46 @ 1
[   11.636435] initcall sysctl_ipv4_init+0x0/0x46 returned 0 after 10394 usecs
[   11.648414] calling  tunnel4_init+0x0/0x58 @ 1
[   11.655498] initcall tunnel4_init+0x0/0x58 returned 0 after 162 usecs
[   11.666113] calling  nf_defrag_init+0x0/0xc @ 1
[   11.674163] initcall nf_defrag_init+0x0/0xc returned 0 after 1233 usecs
[   11.709902] calling  ip_tables_init+0x0/0x8d @ 1
[   11.728587] initcall ip_tables_init+0x0/0x8d returned 0 after 7507 usecs
[   11.741788] calling  iptable_filter_init+0x0/0x4c @ 1
[   11.763486] initcall iptable_filter_init+0x0/0x4c returned 0 after 14324 usecs
[   11.775956] calling  iptable_mangle_init+0x0/0xb8 @ 1
[   11.786525] initcall iptable_mangle_init+0x0/0xb8 returned 0 after 1207 usecs
[   11.798115] calling  reject_tg_init+0x0/0xc @ 1
[   11.805429] initcall reject_tg_init+0x0/0xc returned 0 after 5 usecs
[   11.816105] calling  cubictcp_register+0x0/0x53 @ 1
[   11.823781] initcall cubictcp_register+0x0/0x53 returned 0 after 195 usecs
[   11.834314] calling  xfrm_user_init+0x0/0x45 @ 1
[   11.842088] Initializing XFRM netlink socket
[   11.852577] initcall xfrm_user_init+0x0/0x45 returned 0 after 11067 usecs
[   11.865594] calling  inet6_init+0x0/0x35e @ 1
[   11.906530] NET: Registered protocol family 10
[   11.950527] Segment Routing with IPv6
[   11.957152] initcall inet6_init+0x0/0x35e returned 0 after 74772 usecs
[   11.966999] calling  ah6_init+0x0/0x71 @ 1
[   11.973535] initcall ah6_init+0x0/0x71 returned 0 after 236 usecs
[   11.981767] calling  esp6_init+0x0/0x71 @ 1
[   11.988443] initcall esp6_init+0x0/0x71 returned 0 after 12 usecs
[   11.997383] calling  ip6_tables_init+0x0/0x8d @ 1
[   12.004242] initcall ip6_tables_init+0x0/0x8d returned 0 after 392 usecs
[   12.014753] calling  ip6table_filter_init+0x0/0x4c @ 1
[   12.024761] initcall ip6table_filter_init+0x0/0x4c returned 0 after 2488 usecs
[   12.036631] calling  ip6table_mangle_init+0x0/0xb8 @ 1
[   12.044317] initcall ip6table_mangle_init+0x0/0xb8 returned 0 after 440 usecs
[   12.058399] calling  nf_defrag_init+0x0/0x45 @ 1
[   12.067289] initcall nf_defrag_init+0x0/0x45 returned 0 after 2143 usecs
[   12.082067] calling  ipv6header_mt6_init+0x0/0xc @ 1
[   12.090641] initcall ipv6header_mt6_init+0x0/0xc returned 0 after 474 usecs
[   12.102247] calling  reject_tg6_init+0x0/0xc @ 1
[   12.110180] initcall reject_tg6_init+0x0/0xc returned 0 after 930 usecs
[   12.120558] calling  sit_init+0x0/0xc3 @ 1
[   12.127282] sit: IPv6, IPv4 and MPLS over IPv4 tunneling driver
[   12.159673] initcall sit_init+0x0/0xc3 returned 0 after 32616 usecs
[   12.170522] calling  packet_init+0x0/0x75 @ 1
[   12.180229] NET: Registered protocol family 17
[   12.188482] initcall packet_init+0x0/0x75 returned 0 after 10955 usecs
[   12.198563] calling  init_rpcsec_gss+0x0/0x60 @ 1
[   12.207968] initcall init_rpcsec_gss+0x0/0x60 returned 0 after 2052 usecs
