c[?7l[2J[0mSeaBIOS (version 1.16.0-debian-1.16.0-4)
Booting from ROM...
early console in setup code
c[?7l[2J[    0.000000] Linux version 5.10.153+ (root@joelboxx.c.googlers.com) (gcc (Debian 12.2.0-3) 12.2.0, GNU ld (GNU Binutils for Debian) 2.39) #7 SMP Tue Dec 13 07:18:17 UTC 2022
[    0.000000] Command line: selinux=0 initcall_debug debug console=ttyS0 rcutree.gp_preinit_delay=3 rcutree.gp_init_delay=3 rcutree.gp_cleanup_delay=3 rcupdate.rcu_self_test=1 rcutorture.onoff_interval=1000 rcutorture.onoff_holdoff=30 rcutorture.n_barrier_cbs=4 rcutorture.stat_interval=15 rcutorture.shutdown_secs=1800 rcutorture.test_no_idle_hz=1 rcutorture.verbose=1
[    0.000000] x86/fpu: x87 FPU will use FXSAVE
[    0.000000] BIOS-provided physical RAM map:
[    0.000000] BIOS-e820: [mem 0x0000000000000000-0x000000000009fbff] usable
[    0.000000] BIOS-e820: [mem 0x000000000009fc00-0x000000000009ffff] reserved
[    0.000000] BIOS-e820: [mem 0x00000000000f0000-0x00000000000fffff] reserved
[    0.000000] BIOS-e820: [mem 0x0000000000100000-0x000000001ffdefff] usable
[    0.000000] BIOS-e820: [mem 0x000000001ffdf000-0x000000001fffffff] reserved
[    0.000000] BIOS-e820: [mem 0x00000000b0000000-0x00000000bfffffff] reserved
[    0.000000] BIOS-e820: [mem 0x00000000fed1c000-0x00000000fed1ffff] reserved
[    0.000000] BIOS-e820: [mem 0x00000000feffc000-0x00000000feffffff] reserved
[    0.000000] BIOS-e820: [mem 0x00000000fffc0000-0x00000000ffffffff] reserved
[    0.000000] NX (Execute Disable) protection: active
[    0.000000] SMBIOS 2.8 present.
[    0.000000] DMI: QEMU Standard PC (Q35 + ICH9, 2009), BIOS 1.16.0-debian-1.16.0-4 04/01/2014
[    0.000000] Hypervisor detected: KVM
[    0.000000] kvm-clock: Using msrs 4b564d01 and 4b564d00
[    0.000000] kvm-clock: cpu 0, msr 19323001, primary cpu clock
[    0.000038] kvm-clock: using sched offset of 3039270995 cycles
[    0.000353] clocksource: kvm-clock: mask: 0xffffffffffffffff max_cycles: 0x1cd42e4dffb, max_idle_ns: 881590591483 ns
[    0.000503] tsc: Detected 1999.999 MHz processor
[    0.007123] e820: update [mem 0x00000000-0x00000fff] usable ==> reserved
[    0.007137] e820: remove [mem 0x000a0000-0x000fffff] usable
[    0.007155] last_pfn = 0x1ffdf max_arch_pfn = 0x400000000
[    0.008327] MTRR default type: write-back
[    0.008408] MTRR fixed ranges enabled:
[    0.008412]   00000-9FFFF write-back
[    0.008416]   A0000-BFFFF uncachable
[    0.008418]   C0000-FFFFF write-protect
[    0.008421] MTRR variable ranges enabled:
[    0.008425]   0 base 00C0000000 mask FFC0000000 uncachable
[    0.008428]   1 disabled
[    0.008431]   2 disabled
[    0.008435]   3 disabled
[    0.008437]   4 disabled
[    0.008440]   5 disabled
[    0.008443]   6 disabled
[    0.008445]   7 disabled
[    0.008860] x86/PAT: Configuration [0-7]: WB  WC  UC- UC  WB  WC  UC- UC  
[    0.029325] found SMP MP-table at [mem 0x000f5ba0-0x000f5baf]
[    0.034971] check: Scanning 1 areas for low memory corruption
[    0.047157] ACPI: Early table checksum verification disabled
[    0.048489] ACPI: RSDP 0x00000000000F59E0 000014 (v00 BOCHS )
[    0.048761] ACPI: RSDT 0x000000001FFE252A 000038 (v01 BOCHS  BXPC     00000001 BXPC 00000001)
[    0.049087] ACPI: FACP 0x000000001FFE22EA 0000F4 (v03 BOCHS  BXPC     00000001 BXPC 00000001)
[    0.049149] ACPI: DSDT 0x000000001FFE0040 0022AA (v01 BOCHS  BXPC     00000001 BXPC 00000001)
[    0.049189] ACPI: FACS 0x000000001FFE0000 000040
[    0.049197] ACPI: APIC 0x000000001FFE23DE 0000B0 (v01 BOCHS  BXPC     00000001 BXPC 00000001)
[    0.049204] ACPI: HPET 0x000000001FFE248E 000038 (v01 BOCHS  BXPC     00000001 BXPC 00000001)
[    0.049211] ACPI: MCFG 0x000000001FFE24C6 00003C (v01 BOCHS  BXPC     00000001 BXPC 00000001)
[    0.049270] ACPI: WAET 0x000000001FFE2502 000028 (v01 BOCHS  BXPC     00000001 BXPC 00000001)
[    0.049277] ACPI: Reserving FACP table memory at [mem 0x1ffe22ea-0x1ffe23dd]
[    0.049280] ACPI: Reserving DSDT table memory at [mem 0x1ffe0040-0x1ffe22e9]
[    0.049282] ACPI: Reserving FACS table memory at [mem 0x1ffe0000-0x1ffe003f]
[    0.049285] ACPI: Reserving APIC table memory at [mem 0x1ffe23de-0x1ffe248d]
[    0.049287] ACPI: Reserving HPET table memory at [mem 0x1ffe248e-0x1ffe24c5]
[    0.049289] ACPI: Reserving MCFG table memory at [mem 0x1ffe24c6-0x1ffe2501]
[    0.049292] ACPI: Reserving WAET table memory at [mem 0x1ffe2502-0x1ffe2529]
[    0.050308] ACPI: Local APIC address 0xfee00000
[    0.054735] No NUMA configuration found
[    0.054739] Faking a node at [mem 0x0000000000000000-0x000000001ffdefff]
[    0.054938] NODE_DATA(0) allocated [mem 0x1ffdb000-0x1ffdefff]
[    0.056318] Zone ranges:
[    0.056478]   DMA      [mem 0x0000000000001000-0x0000000000ffffff]
[    0.056557]   DMA32    [mem 0x0000000001000000-0x000000001ffdefff]
[    0.056562]   Normal   empty
[    0.056565] Movable zone start for each node
[    0.056568] Early memory node ranges
[    0.056570]   node   0: [mem 0x0000000000001000-0x000000000009efff]
[    0.056622]   node   0: [mem 0x0000000000100000-0x000000001ffdefff]
[    0.056671] Initmem setup node 0 [mem 0x0000000000001000-0x000000001ffdefff]
[    0.056674] On node 0 totalpages: 130941
[    0.056777]   DMA zone: 64 pages used for memmap
[    0.056779]   DMA zone: 21 pages reserved
[    0.056811]   DMA zone: 3998 pages, LIFO batch:0
[    0.056814]   DMA32 zone: 1984 pages used for memmap
[    0.056816]   DMA32 zone: 126943 pages, LIFO batch:31
[    0.057656] On node 0, zone DMA: 1 pages in unavailable ranges
[    0.057860] On node 0, zone DMA: 97 pages in unavailable ranges
[    0.115126] On node 0, zone DMA32: 33 pages in unavailable ranges
[    0.118726] ACPI: PM-Timer IO Port: 0x608
[    0.118733] ACPI: Local APIC address 0xfee00000
[    0.118987] ACPI: LAPIC_NMI (acpi_id[0xff] dfl dfl lint[0x1])
[    0.119964] IOAPIC[0]: apic_id 0, version 17, address 0xfec00000, GSI 0-23
[    0.120104] ACPI: INT_SRC_OVR (bus 0 bus_irq 0 global_irq 2 dfl dfl)
[    0.120176] ACPI: INT_SRC_OVR (bus 0 bus_irq 5 global_irq 5 high level)
[    0.120180] ACPI: INT_SRC_OVR (bus 0 bus_irq 9 global_irq 9 high level)
[    0.120287] ACPI: INT_SRC_OVR (bus 0 bus_irq 10 global_irq 10 high level)
[    0.120290] ACPI: INT_SRC_OVR (bus 0 bus_irq 11 global_irq 11 high level)
[    0.120293] ACPI: IRQ0 used by override.
[    0.120296] ACPI: IRQ5 used by override.
[    0.120298] ACPI: IRQ9 used by override.
[    0.120300] ACPI: IRQ10 used by override.
[    0.120303] ACPI: IRQ11 used by override.
[    0.120351] Using ACPI (MADT) for SMP configuration information
[    0.120355] ACPI: HPET id: 0x8086a201 base: 0xfed00000
[    0.120701] smpboot: Allowing 8 CPUs, 0 hotplug CPUs
[    0.121975] PM: hibernation: Registered nosave memory: [mem 0x00000000-0x00000fff]
[    0.121979] PM: hibernation: Registered nosave memory: [mem 0x0009f000-0x0009ffff]
[    0.121981] PM: hibernation: Registered nosave memory: [mem 0x000a0000-0x000effff]
[    0.121984] PM: hibernation: Registered nosave memory: [mem 0x000f0000-0x000fffff]
[    0.121998] [mem 0x20000000-0xafffffff] available for PCI devices
[    0.122037] Booting paravirtualized kernel on KVM
[    0.122364] clocksource: refined-jiffies: mask: 0xffffffff max_cycles: 0xffffffff, max_idle_ns: 1910969940391419 ns
[    0.140031] setup_percpu: NR_CPUS:8 nr_cpumask_bits:8 nr_cpu_ids:8 nr_node_ids:1
[    0.151664] percpu: Embedded 58 pages/cpu s199184 r8192 d30192 u262144
[    0.151690] pcpu-alloc: s199184 r8192 d30192 u262144 alloc=1*2097152
[    0.151709] pcpu-alloc: [0] 0 1 2 3 4 5 6 7 
[    0.151990] kvm-guest: stealtime: cpu 0, msr 1f41bb40
[    0.152722] Built 1 zonelists, mobility grouping on.  Total pages: 128872
[    0.152726] Policy zone: DMA32
[    0.152769] Kernel command line: selinux=0 initcall_debug debug console=ttyS0 rcutree.gp_preinit_delay=3 rcutree.gp_init_delay=3 rcutree.gp_cleanup_delay=3 rcupdate.rcu_self_test=1 rcutorture.onoff_interval=1000 rcutorture.onoff_holdoff=30 rcutorture.n_barrier_cbs=4 rcutorture.stat_interval=15 rcutorture.shutdown_secs=1800 rcutorture.test_no_idle_hz=1 rcutorture.verbose=1
[    0.155322] Dentry cache hash table entries: 65536 (order: 7, 524288 bytes, linear)
[    0.155365] Inode-cache hash table entries: 32768 (order: 6, 262144 bytes, linear)
[    0.155887] mem auto-init: stack:all(zero), heap alloc:off, heap free:off
[    0.159623] Memory: 465384K/523764K available (16398K kernel code, 2799K rwdata, 4844K rodata, 1520K init, 13292K bss, 58120K reserved, 0K cma-reserved)
[    0.160200] SLUB: HWalign=64, Order=0-3, MinObjects=0, CPUs=8, Nodes=1
[    0.160522] Kernel/User page tables isolation: enabled
[    0.164739] Running RCU self tests
[    0.164940] rcu: RCU calculated value of scheduler-enlistment delay is 100 jiffies.
[    0.165390] rcu: Hierarchical RCU implementation.
[    0.165394] rcu: 	CONFIG_RCU_FANOUT set to non-default value of 6.
[    0.165396] rcu: 	RCU lockdep checking is enabled.
[    0.165398] rcu: 	Build-time adjustment of leaf fanout to 6.
[    0.165401] rcu: 	Boot-time adjustment of first FQS scan delay to 3 jiffies.
[    0.165403] rcu: 	Boot-time adjustment of subsequent FQS scan delay to 3 jiffies.
[    0.165405] rcu: 	RCU debug GP pre-init slowdown 3 jiffies.
[    0.165407] rcu: 	RCU debug GP init slowdown 3 jiffies.
[    0.165410] rcu: 	RCU debug GP init slowdown 3 jiffies.
[    0.165412] 	Trampoline variant of Tasks RCU enabled.
[    0.165414] 	Rude variant of Tasks RCU enabled.
[    0.165416] 	Tracing variant of Tasks RCU enabled.
[    0.172509] NR_IRQS: 4352, nr_irqs: 488, preallocated irqs: 16
[    0.173735] rcu: 	Offload RCU callbacks from CPUs: (none).
[    0.175317] calling  con_init+0x0/0x24f @ 0
[    0.264405] Console: colour VGA+ 80x25
[    0.264441] initcall con_init+0x0/0x24f returned 0 after 0 usecs
[    0.264445] calling  hvc_console_init+0x0/0x13 @ 0
[    0.264464] initcall hvc_console_init+0x0/0x13 returned 0 after 0 usecs
[    0.264467] calling  univ8250_console_init+0x0/0x26 @ 0
[    1.259956] printk: console [ttyS0] enabled
[    1.264552] initcall univ8250_console_init+0x0/0x26 returned 0 after 0 usecs
[    1.272146] Lock dependency validator: Copyright (c) 2006 Red Hat, Inc., Ingo Molnar
[    1.280392] ... MAX_LOCKDEP_SUBCLASSES:  8
[    1.284775] ... MAX_LOCK_DEPTH:          48
[    1.289273] ... MAX_LOCKDEP_KEYS:        8192
[    1.294111] ... CLASSHASH_SIZE:          4096
[    1.298833] ... MAX_LOCKDEP_ENTRIES:     32768
[    1.303935] ... MAX_LOCKDEP_CHAINS:      65536
[    1.308605] ... CHAINHASH_SIZE:          32768
[    1.313401]  memory used by lock dependency info: 6365 kB
[    1.320528]  memory used for stack traces: 4224 kB
[    1.325539]  per task-struct memory footprint: 1920 bytes
[    1.331532] ACPI: Core revision 20200925
[    1.337201] clocksource: hpet: mask: 0xffffffff max_cycles: 0xffffffff, max_idle_ns: 19112604467 ns
[    1.348336] APIC: Switch to symmetric I/O mode setup
[    1.371774] ..TIMER: vector=0x30 apic1=0 pin1=2 apic2=-1 pin2=-1
[    1.378853] clocksource: tsc-early: mask: 0xffffffffffffffff max_cycles: 0x39a85afc727, max_idle_ns: 881590685098 ns
[    1.390474] Calibrating delay loop (skipped) preset value.. 3999.99 BogoMIPS (lpj=1999999)
[    1.391443] pid_max: default: 32768 minimum: 301
[    1.392782] LSM: Security Framework initializing
[    1.393743] Mount-cache hash table entries: 1024 (order: 1, 8192 bytes, linear)
[    1.394485] Mountpoint-cache hash table entries: 1024 (order: 1, 8192 bytes, linear)
[    1.404150] Last level iTLB entries: 4KB 0, 2MB 0, 4MB 0
[    1.404442] Last level dTLB entries: 4KB 0, 2MB 0, 4MB 0, 1GB 0
[    1.405508] Spectre V1 : Mitigation: usercopy/swapgs barriers and __user pointer sanitization
[    1.406444] Spectre V2 : Mitigation: Retpolines
[    1.407440] Spectre V2 : Spectre v2 / SpectreRSB mitigation: Filling RSB on context switch
[    1.408440] Spectre V2 : Spectre v2 / SpectreRSB : Filling RSB on VMEXIT
[    1.409440] Speculative Store Bypass: Vulnerable
[    1.410447] MDS: Vulnerable: Clear CPU buffers attempted, no microcode
[    1.411439] MMIO Stale Data: Unknown: No mitigations
[    1.461731] Freeing SMP alternatives memory: 40K
[    1.568170] smpboot: CPU0: Intel Common KVM processor (family: 0xf, model: 0x6, stepping: 0x1)
[    1.570990] calling  init_hw_perf_events+0x0/0x6ce @ 1
[    1.571504] Performance Events: unsupported Netburst CPU model 6 no PMU driver, software events only.
[    1.572448] initcall init_hw_perf_events+0x0/0x6ce returned 0 after 976 usecs
[    1.573446] calling  init_real_mode+0x0/0x1e9 @ 1
[    1.575519] initcall init_real_mode+0x0/0x1e9 returned 0 after 976 usecs
[    1.576450] calling  trace_init_perf_perm_irq_work_exit+0x0/0x12 @ 1
[    1.577453] initcall trace_init_perf_perm_irq_work_exit+0x0/0x12 returned 0 after 0 usecs
[    1.578469] calling  validate_x2apic+0x0/0x4a @ 1
[    1.579483] initcall validate_x2apic+0x0/0x4a returned 0 after 0 usecs
[    1.580453] calling  register_nmi_cpu_backtrace_handler+0x0/0x15 @ 1
[    1.581478] initcall register_nmi_cpu_backtrace_handler+0x0/0x15 returned 0 after 0 usecs
[    1.583449] calling  kvm_setup_vsyscall_timeinfo+0x0/0xce @ 1
[    1.584449] initcall kvm_setup_vsyscall_timeinfo+0x0/0xce returned 0 after 0 usecs
[    1.585487] calling  spawn_ksoftirqd+0x0/0x38 @ 1
[    1.586568] RCU test callback executed 1
[    1.588606] initcall spawn_ksoftirqd+0x0/0x38 returned 0 after 1953 usecs
[    1.589452] calling  migration_init+0x0/0x33 @ 1
[    1.590449] initcall migration_init+0x0/0x33 returned 0 after 0 usecs
[    1.591447] calling  srcu_bootup_announce+0x0/0x2f @ 1
[    1.592441] rcu: Hierarchical SRCU implementation.
[    1.593445] initcall srcu_bootup_announce+0x0/0x2f returned 0 after 976 usecs
[    1.594445] calling  rcu_spawn_gp_kthread+0x0/0x1dd @ 1
[    1.595629] initcall rcu_spawn_gp_kthread+0x0/0x1dd returned 0 after 0 usecs
[    1.597444] calling  check_cpu_stall_init+0x0/0x1a @ 1
[    1.598444] initcall check_cpu_stall_init+0x0/0x1a returned 0 after 0 usecs
[    1.599443] calling  rcu_sysrq_init+0x0/0x21 @ 1
[    1.600445] initcall rcu_sysrq_init+0x0/0x21 returned 0 after 0 usecs
[    1.601444] calling  trace_init_flags_sys_enter+0x0/0xe @ 1
[    1.603442] initcall trace_init_flags_sys_enter+0x0/0xe returned 0 after 0 usecs
[    1.604483] calling  trace_init_flags_sys_exit+0x0/0xe @ 1
[    1.605444] initcall trace_init_flags_sys_exit+0x0/0xe returned 0 after 0 usecs
[    1.606444] calling  cpu_stop_init+0x0/0x8d @ 1
[    1.608649] initcall cpu_stop_init+0x0/0x8d returned 0 after 976 usecs
[    1.609465] RCU test callback executed 2
[    1.610449] calling  init_kprobes+0x0/0x16e @ 1
[    1.613379] initcall init_kprobes+0x0/0x16e returned 0 after 976 usecs
[    1.614446] calling  init_events+0x0/0x3d @ 1
[    1.615498] initcall init_events+0x0/0x3d returned 0 after 0 usecs
[    1.616447] calling  init_trace_printk+0x0/0xc @ 1
[    1.617472] initcall init_trace_printk+0x0/0xc returned 0 after 0 usecs
[    1.618448] calling  event_trace_enable_again+0x0/0x23 @ 1
[    1.619450] initcall event_trace_enable_again+0x0/0x23 returned 0 after 0 usecs
[    1.620445] calling  static_call_init+0x0/0x79 @ 1
[    1.621462] initcall static_call_init+0x0/0x79 returned 0 after 0 usecs
[    1.623445] calling  jump_label_init_module+0x0/0xc @ 1
[    1.624449] initcall jump_label_init_module+0x0/0xc returned 0 after 0 usecs
[    1.625449] calling  init_zero_pfn+0x0/0x37 @ 1
[    1.626449] initcall init_zero_pfn+0x0/0x37 returned 0 after 0 usecs
[    1.627445] calling  initialize_ptr_random+0x0/0x54 @ 1
[    1.628522] initcall initialize_ptr_random+0x0/0x54 returned 0 after 0 usecs
[    1.629467] calling  efi_memreserve_root_init+0x0/0x25 @ 1
[    1.630486] initcall efi_memreserve_root_init+0x0/0x25 returned 0 after 0 usecs
[    1.631446] calling  efi_earlycon_remap_fb+0x0/0x51 @ 1
[    1.632445] initcall efi_earlycon_remap_fb+0x0/0x51 returned 0 after 0 usecs
[    1.634668] smp: Bringing up secondary CPUs ...
[    1.637912] x86: Booting SMP configuration:
[    1.638445] .... node  #0, CPUs:      #1
[    1.214649] kvm-clock: cpu 1, msr 19323041, secondary cpu clock
[    1.664731] kvm-guest: stealtime: cpu 1, msr 1f45bb40
[    1.679968]  #2
[    1.214649] kvm-clock: cpu 2, msr 19323081, secondary cpu clock
[    1.702438] kvm-guest: stealtime: cpu 2, msr 1f49bb40
[    1.718936]  #3
[    1.214649] kvm-clock: cpu 3, msr 193230c1, secondary cpu clock
[    1.741620] kvm-guest: stealtime: cpu 3, msr 1f4dbb40
[    1.758054]  #4
[    1.214649] kvm-clock: cpu 4, msr 19323101, secondary cpu clock
[    1.782729] kvm-guest: stealtime: cpu 4, msr 1f51bb40
[    1.801817]  #5
[    1.214649] kvm-clock: cpu 5, msr 19323141, secondary cpu clock
[    1.824617] kvm-guest: stealtime: cpu 5, msr 1f55bb40
[    1.840055]  #6
[    1.214649] kvm-clock: cpu 6, msr 19323181, secondary cpu clock
[    1.862623] kvm-guest: stealtime: cpu 6, msr 1f59bb40
[    1.880446]  #7
[    1.214649] kvm-clock: cpu 7, msr 193231c1, secondary cpu clock
[    1.905664] kvm-guest: stealtime: cpu 7, msr 1f5dbb40
[    1.924823] smp: Brought up 1 node, 8 CPUs
[    1.925445] smpboot: Max logical packages: 1
[    1.926445] smpboot: Total of 8 processors activated (31999.98 BogoMIPS)
[    1.937442] devtmpfs: initialized
[    1.940336] calling  ipc_ns_init+0x0/0x3d @ 1
[    1.941521] initcall ipc_ns_init+0x0/0x3d returned 0 after 0 usecs
[    1.942457] calling  init_mmap_min_addr+0x0/0x21 @ 1
[    1.943451] initcall init_mmap_min_addr+0x0/0x21 returned 0 after 0 usecs
[    1.944449] calling  pci_realloc_setup_params+0x0/0x3f @ 1
[    1.945449] initcall pci_realloc_setup_params+0x0/0x3f returned 0 after 0 usecs
[    1.946447] calling  net_ns_init+0x0/0x12a @ 1
[    1.949866] initcall net_ns_init+0x0/0x12a returned 0 after 1953 usecs
[    1.950475] calling  e820__register_nvs_regions+0x0/0x37 @ 1
[    1.951447] initcall e820__register_nvs_regions+0x0/0x37 returned 0 after 0 usecs
[    1.952445] calling  cpufreq_register_tsc_scaling+0x0/0x2e @ 1
[    1.953449] initcall cpufreq_register_tsc_scaling+0x0/0x2e returned 0 after 0 usecs
[    1.954451] calling  reboot_init+0x0/0x3c @ 1
[    1.955497] initcall reboot_init+0x0/0x3c returned 0 after 0 usecs
[    1.956447] calling  init_lapic_sysfs+0x0/0x20 @ 1
[    1.957478] initcall init_lapic_sysfs+0x0/0x20 returned 0 after 0 usecs
[    1.958448] calling  alloc_frozen_cpus+0x0/0x7 @ 1
[    1.959450] initcall alloc_frozen_cpus+0x0/0x7 returned 0 after 0 usecs
[    1.960460] calling  cpu_hotplug_pm_sync_init+0x0/0x13 @ 1
[    1.961470] initcall cpu_hotplug_pm_sync_init+0x0/0x13 returned 0 after 0 usecs
[    1.962448] calling  wq_sysfs_init+0x0/0x2a @ 1
[    1.963548] initcall wq_sysfs_init+0x0/0x2a returned 0 after 0 usecs
[    1.964450] calling  ksysfs_init+0x0/0x92 @ 1
[    1.966445] initcall ksysfs_init+0x0/0x92 returned 0 after 976 usecs
[    1.967448] calling  schedutil_gov_init+0x0/0xc @ 1
[    1.968664] initcall schedutil_gov_init+0x0/0xc returned 0 after 0 usecs
[    1.969446] calling  pm_init+0x0/0x76 @ 1
[    1.970569] initcall pm_init+0x0/0x76 returned 0 after 0 usecs
[    1.971464] calling  pm_disk_init+0x0/0x13 @ 1
[    1.972482] initcall pm_disk_init+0x0/0x13 returned 0 after 0 usecs
[    1.973445] calling  swsusp_header_init+0x0/0x2b @ 1
[    1.974449] initcall swsusp_header_init+0x0/0x2b returned 0 after 0 usecs
[    1.975468] calling  rcu_set_runtime_mode+0x0/0x2a @ 1
[    1.979851] initcall rcu_set_runtime_mode+0x0/0x2a returned 0 after 2929 usecs
[    1.980446] calling  init_jiffies_clocksource+0x0/0x13 @ 1
[    1.981443] clocksource: jiffies: mask: 0xffffffff max_cycles: 0xffffffff, max_idle_ns: 1911260446275000 ns
[    1.982453] initcall init_jiffies_clocksource+0x0/0x13 returned 0 after 976 usecs
[    1.983445] calling  futex_init+0x0/0x118 @ 1
[    1.984448] futex hash table entries: 2048 (order: 6, 262144 bytes, linear)
[    1.986858] initcall futex_init+0x0/0x118 returned 0 after 1953 usecs
[    1.987448] calling  cgroup_wq_init+0x0/0x28 @ 1
[    1.988466] initcall cgroup_wq_init+0x0/0x28 returned 0 after 0 usecs
[    1.989445] calling  cgroup1_wq_init+0x0/0x28 @ 1
[    1.990463] initcall cgroup1_wq_init+0x0/0x28 returned 0 after 0 usecs
[    1.991445] calling  init_kprobe_trace_early+0x0/0x2a @ 1
[    1.993444] initcall init_kprobe_trace_early+0x0/0x2a returned 0 after 976 usecs
[    1.994444] calling  fsnotify_init+0x0/0x56 @ 1
[    1.995601] initcall fsnotify_init+0x0/0x56 returned 0 after 0 usecs
[    1.996447] calling  filelock_init+0x0/0xb3 @ 1
[    1.997545] initcall filelock_init+0x0/0xb3 returned 0 after 0 usecs
[    1.999446] calling  init_misc_binfmt+0x0/0x2c @ 1
[    2.000473] initcall init_misc_binfmt+0x0/0x2c returned 0 after 0 usecs
[    2.001445] calling  init_script_binfmt+0x0/0x15 @ 1
[    2.002450] initcall init_script_binfmt+0x0/0x15 returned 0 after 0 usecs
[    2.003445] calling  init_elf_binfmt+0x0/0x15 @ 1
[    2.004446] initcall init_elf_binfmt+0x0/0x15 returned 0 after 0 usecs
[    2.005444] calling  init_compat_elf_binfmt+0x0/0x15 @ 1
[    2.006445] initcall init_compat_elf_binfmt+0x0/0x15 returned 0 after 0 usecs
[    2.007444] calling  debugfs_init+0x0/0x5c @ 1
[    2.008471] initcall debugfs_init+0x0/0x5c returned 0 after 0 usecs
[    2.009448] calling  tracefs_init+0x0/0x3a @ 1
[    2.010454] initcall tracefs_init+0x0/0x3a returned 0 after 0 usecs
[    2.011446] calling  prandom_init_early+0x0/0x15d @ 1
[    2.012463] initcall prandom_init_early+0x0/0x15d returned 0 after 0 usecs
[    2.013500] calling  virtio_init+0x0/0x20 @ 1
[    2.015509] initcall virtio_init+0x0/0x20 returned 0 after 0 usecs
[    2.016447] calling  iommu_init+0x0/0x2a @ 1
[    2.017482] initcall iommu_init+0x0/0x2a returned 0 after 0 usecs
[    2.018446] calling  component_debug_init+0x0/0x1c @ 1
[    2.020523] initcall component_debug_init+0x0/0x1c returned 0 after 976 usecs
[    2.021447] calling  early_resume_init+0x0/0xb9 @ 1
[    2.023441] PM: RTC time: 07:34:34, date: 2022-12-13
[    2.024447] initcall early_resume_init+0x0/0xb9 returned 0 after 1953 usecs
[    2.025447] calling  cpufreq_core_init+0x0/0x62 @ 1
[    2.026485] initcall cpufreq_core_init+0x0/0x62 returned 0 after 0 usecs
[    2.027447] calling  cpufreq_gov_performance_init+0x0/0xc @ 1
[    2.028448] initcall cpufreq_gov_performance_init+0x0/0xc returned 0 after 0 usecs
[    2.030445] calling  cpufreq_gov_userspace_init+0x0/0xc @ 1
[    2.031449] initcall cpufreq_gov_userspace_init+0x0/0xc returned 0 after 0 usecs
[    2.032468] calling  CPU_FREQ_GOV_ONDEMAND_init+0x0/0xc @ 1
[    2.033499] initcall CPU_FREQ_GOV_ONDEMAND_init+0x0/0xc returned 0 after 0 usecs
[    2.034446] calling  cpuidle_init+0x0/0x1f @ 1
[    2.035476] initcall cpuidle_init+0x0/0x1f returned 0 after 0 usecs
[    2.036446] calling  capsule_reboot_register+0x0/0xc @ 1
[    2.037467] initcall capsule_reboot_register+0x0/0xc returned 0 after 0 usecs
[    2.038445] calling  sock_init+0x0/0x93 @ 1
[    2.040997] initcall sock_init+0x0/0x93 returned 0 after 1953 usecs
[    2.050458] calling  net_inuse_init+0x0/0x23 @ 1
[    2.057497] initcall net_inuse_init+0x0/0x23 returned 0 after 0 usecs
[    2.067454] calling  net_defaults_init+0x0/0x23 @ 1
[    2.073448] initcall net_defaults_init+0x0/0x23 returned 0 after 0 usecs
[    2.081446] calling  init_default_flow_dissectors+0x0/0x4f @ 1
[    2.089462] initcall init_default_flow_dissectors+0x0/0x4f returned 0 after 0 usecs
[    2.100447] calling  netpoll_init+0x0/0x44 @ 1
[    2.106444] initcall netpoll_init+0x0/0x44 returned 0 after 0 usecs
[    2.113444] calling  netlink_proto_init+0x0/0x154 @ 1
[    2.119907] NET: Registered protocol family 16
[    2.125821] initcall netlink_proto_init+0x0/0x154 returned 0 after 6835 usecs
[    2.135458] calling  genl_init+0x0/0x35 @ 1
[    2.140645] initcall genl_init+0x0/0x35 returned 0 after 0 usecs
[    2.147486] calling  bsp_pm_check_init+0x0/0x13 @ 1
[    2.154448] initcall bsp_pm_check_init+0x0/0x13 returned 0 after 0 usecs
[    2.162491] calling  irq_sysfs_init+0x0/0xb9 @ 1
[    2.169478] initcall irq_sysfs_init+0x0/0xb9 returned 0 after 976 usecs
[    2.177447] calling  audit_init+0x0/0x127 @ 1
[    2.183449] audit: initializing netlink subsys (disabled)
[    2.191726] initcall audit_init+0x0/0x127 returned 0 after 8789 usecs
[    2.192464] audit: type=2000 audit(1670916872.772:1): state=initialized audit_enabled=0 res=1
[    2.200445] calling  release_early_probes+0x0/0x32 @ 1
[    2.200450] initcall release_early_probes+0x0/0x32 returned 0 after 0 usecs
[    2.200457] calling  bdi_class_init+0x0/0x48 @ 1
[    2.235656] initcall bdi_class_init+0x0/0x48 returned 0 after 0 usecs
[    2.243448] calling  mm_sysfs_init+0x0/0x28 @ 1
[    2.249455] initcall mm_sysfs_init+0x0/0x28 returned 0 after 0 usecs
[    2.257446] calling  init_per_zone_wmark_min+0x0/0x6d @ 1
[    2.265528] initcall init_per_zone_wmark_min+0x0/0x6d returned 0 after 0 usecs
[    2.273446] calling  mpi_init+0x0/0x3e @ 1
[    2.278484] initcall mpi_init+0x0/0x3e returned 0 after 976 usecs
[    2.286449] calling  kobject_uevent_init+0x0/0xc @ 1
[    2.293528] initcall kobject_uevent_init+0x0/0xc returned 0 after 0 usecs
[    2.302448] calling  pcibus_class_init+0x0/0x13 @ 1
[    2.309506] initcall pcibus_class_init+0x0/0x13 returned 0 after 0 usecs
[    2.317445] calling  pci_driver_init+0x0/0x21 @ 1
[    2.323672] initcall pci_driver_init+0x0/0x21 returned 0 after 0 usecs
[    2.332445] calling  backlight_class_init+0x0/0xa8 @ 1
[    2.339456] initcall backlight_class_init+0x0/0xa8 returned 0 after 0 usecs
[    2.348447] calling  tty_class_init+0x0/0x33 @ 1
[    2.354463] initcall tty_class_init+0x0/0x33 returned 0 after 0 usecs
[    2.363446] calling  vtconsole_class_init+0x0/0xb5 @ 1
[    2.369617] initcall vtconsole_class_init+0x0/0xb5 returned 0 after 0 usecs
[    2.378446] calling  iommu_dev_init+0x0/0x13 @ 1
[    2.384479] initcall iommu_dev_init+0x0/0x13 returned 0 after 0 usecs
[    2.392443] calling  mipi_dsi_bus_init+0x0/0xc @ 1
[    2.398480] initcall mipi_dsi_bus_init+0x0/0xc returned 0 after 0 usecs
[    2.407446] calling  devlink_class_init+0x0/0x40 @ 1
[    2.413539] initcall devlink_class_init+0x0/0x40 returned 0 after 0 usecs
[    2.422446] calling  software_node_init+0x0/0x2a @ 1
[    2.428455] initcall software_node_init+0x0/0x2a returned 0 after 0 usecs
[    2.437444] calling  wakeup_sources_debugfs_init+0x0/0x23 @ 1
[    2.444464] initcall wakeup_sources_debugfs_init+0x0/0x23 returned 0 after 0 usecs
[    2.454451] calling  wakeup_sources_sysfs_init+0x0/0x2c @ 1
[    2.461464] initcall wakeup_sources_sysfs_init+0x0/0x2c returned 0 after 0 usecs
[    2.471445] calling  register_node_type+0x0/0x13 @ 1
[    2.477459] initcall register_node_type+0x0/0x13 returned 0 after 0 usecs
[    2.486444] calling  regmap_initcall+0x0/0xc @ 1
[    2.492535] initcall regmap_initcall+0x0/0xc returned 0 after 0 usecs
[    2.500454] calling  i2c_init+0x0/0xb3 @ 1
[    2.506685] initcall i2c_init+0x0/0xb3 returned 0 after 0 usecs
[    2.515455] calling  thermal_init+0x0/0x116 @ 1
[    2.522595] thermal_sys: Registered thermal governor 'step_wise'
[    2.522599] thermal_sys: Registered thermal governor 'user_space'
[    2.531484] initcall thermal_init+0x0/0x116 returned 0 after 8789 usecs
[    2.549452] calling  init_menu+0x0/0xc @ 1
[    2.555593] cpuidle: using governor menu
[    2.560447] initcall init_menu+0x0/0xc returned 0 after 4882 usecs
[    2.567445] calling  pcc_init+0x0/0x4d @ 1
[    2.572447] initcall pcc_init+0x0/0x4d returned -19 after 0 usecs
[    2.579445] calling  amd_postcore_init+0x0/0x11e @ 1
[    2.585444] initcall amd_postcore_init+0x0/0x11e returned 0 after 0 usecs
[    2.594464] calling  bts_init+0x0/0xba @ 1
[    2.599445] initcall bts_init+0x0/0xba returned -19 after 0 usecs
[    2.606445] calling  pt_init+0x0/0x34d @ 1
[    2.611462] initcall pt_init+0x0/0x34d returned -19 after 0 usecs
[    2.619444] calling  boot_params_ksysfs_init+0x0/0x2ee @ 1
[    2.625540] initcall boot_params_ksysfs_init+0x0/0x2ee returned 0 after 0 usecs
[    2.635446] calling  sbf_init+0x0/0xea @ 1
[    2.640508] initcall sbf_init+0x0/0xea returned 0 after 0 usecs
[    2.647472] calling  arch_kdebugfs_init+0x0/0x219 @ 1
[    2.654491] initcall arch_kdebugfs_init+0x0/0x219 returned 0 after 0 usecs
[    2.663445] calling  intel_pconfig_init+0x0/0x85 @ 1
[    2.669447] initcall intel_pconfig_init+0x0/0x85 returned 0 after 0 usecs
[    2.678446] calling  mtrr_if_init+0x0/0x5d @ 1
[    2.683452] initcall mtrr_if_init+0x0/0x5d returned 0 after 0 usecs
[    2.691445] calling  activate_jump_labels+0x0/0x31 @ 1
[    2.697445] initcall activate_jump_labels+0x0/0x31 returned 0 after 0 usecs
[    2.706445] calling  ffh_cstate_init+0x0/0x29 @ 1
[    2.712458] initcall ffh_cstate_init+0x0/0x29 returned 0 after 0 usecs
[    2.720445] calling  activate_jump_labels+0x0/0x31 @ 1
[    2.727474] initcall activate_jump_labels+0x0/0x31 returned 0 after 976 usecs
[    2.736445] calling  kvm_alloc_cpumask+0x0/0x74 @ 1
[    2.742498] initcall kvm_alloc_cpumask+0x0/0x74 returned 0 after 0 usecs
[    2.751445] calling  kcmp_cookies_init+0x0/0x37 @ 1
[    2.757455] initcall kcmp_cookies_init+0x0/0x37 returned 0 after 0 usecs
[    2.765445] calling  cryptomgr_init+0x0/0xc @ 1
[    2.771913] initcall cryptomgr_init+0x0/0xc returned 0 after 0 usecs
[    2.780447] calling  acpi_pci_init+0x0/0x57 @ 1
[    2.786467] ACPI: bus type PCI registered
[    2.793456] initcall acpi_pci_init+0x0/0x57 returned 0 after 6835 usecs
[    2.802454] calling  dma_channel_table_init+0x0/0xd1 @ 1
[    2.810474] initcall dma_channel_table_init+0x0/0xd1 returned 0 after 976 usecs
[    2.822459] calling  dma_bus_init+0x0/0xdc @ 1
[    2.829688] initcall dma_bus_init+0x0/0xdc returned 0 after 0 usecs
[    2.837549] calling  iommu_dma_init+0x0/0x10 @ 1
[    2.843451] initcall iommu_dma_init+0x0/0x10 returned 0 after 0 usecs
[    2.851447] calling  dmi_id_init+0x0/0x37c @ 1
[    2.858096] initcall dmi_id_init+0x0/0x37c returned 0 after 0 usecs
[    2.866446] calling  pci_arch_init+0x0/0x71 @ 1
[    2.872862] PCI: MMCONFIG for domain 0000 [bus 00-ff] at [mem 0xb0000000-0xbfffffff] (base 0xb0000000)
[    2.885450] PCI: MMCONFIG at [mem 0xb0000000-0xbfffffff] reserved in E820
[    2.893440] PCI: Using configuration type 1 for base access
[    2.900443] initcall pci_arch_init+0x0/0x71 returned 0 after 27343 usecs
[    2.909471] calling  init_vdso+0x0/0x13 @ 1
[    2.914486] initcall init_vdso+0x0/0x13 returned 0 after 0 usecs
[    2.921444] calling  sysenter_setup+0x0/0x13 @ 1
[    2.927506] initcall sysenter_setup+0x0/0x13 returned 0 after 0 usecs
[    2.935443] calling  fixup_ht_bug+0x0/0xe5 @ 1
[    2.941443] initcall fixup_ht_bug+0x0/0xe5 returned 0 after 0 usecs
[    2.949443] calling  topology_init+0x0/0x88 @ 1
[    2.955526] initcall topology_init+0x0/0x88 returned 0 after 0 usecs
[    2.963445] calling  intel_epb_init+0x0/0x68 @ 1
[    2.969448] initcall intel_epb_init+0x0/0x68 returned -19 after 0 usecs
[    2.977442] calling  mtrr_init_finialize+0x0/0x3e @ 1
[    2.984443] initcall mtrr_init_finialize+0x0/0x3e returned 0 after 0 usecs
[    2.992445] calling  uid_cache_init+0x0/0x85 @ 1
[    2.998488] initcall uid_cache_init+0x0/0x85 returned 0 after 0 usecs
[    3.006443] calling  param_sysfs_init+0x0/0x1ba @ 1
[    3.024498] initcall param_sysfs_init+0x0/0x1ba returned 0 after 11718 usecs
[    3.033446] calling  user_namespace_sysctl_init+0x0/0x33 @ 1
[    3.040457] initcall user_namespace_sysctl_init+0x0/0x33 returned 0 after 0 usecs
[    3.049443] calling  proc_schedstat_init+0x0/0x24 @ 1
[    3.056449] initcall proc_schedstat_init+0x0/0x24 returned 0 after 0 usecs
[    3.064441] calling  pm_sysrq_init+0x0/0x18 @ 1
[    3.070557] initcall pm_sysrq_init+0x0/0x18 returned 0 after 0 usecs
[    3.078680] calling  create_proc_profile+0x0/0xd0 @ 1
[    3.082453] initcall create_proc_profile+0x0/0xd0 returned 0 after 0 usecs
[    3.091448] calling  time_ns_init+0x0/0x7 @ 1
[    3.097450] initcall time_ns_init+0x0/0x7 returned 0 after 0 usecs
[    3.105445] calling  crash_save_vmcoreinfo_init+0x0/0x722 @ 1
[    3.112565] initcall crash_save_vmcoreinfo_init+0x0/0x722 returned 0 after 976 usecs
[    3.122445] calling  crash_notes_memory_init+0x0/0x35 @ 1
[    3.129451] initcall crash_notes_memory_init+0x0/0x35 returned 0 after 0 usecs
[    3.138453] calling  cgroup_sysfs_init+0x0/0x13 @ 1
[    3.146498] initcall cgroup_sysfs_init+0x0/0x13 returned 0 after 0 usecs
[    3.154608] calling  cgroup_namespaces_init+0x0/0x7 @ 1
[    3.162455] initcall cgroup_namespaces_init+0x0/0x7 returned 0 after 0 usecs
[    3.171453] calling  init_optprobes+0x0/0x13 @ 1
[    3.177522] Kprobes globally optimized
[    3.181462] initcall init_optprobes+0x0/0x13 returned 0 after 3906 usecs
[    3.190447] calling  oom_init+0x0/0x2f @ 1
[    3.196625] initcall oom_init+0x0/0x2f returned 0 after 976 usecs
[    3.203569] calling  default_bdi_init+0x0/0xb3 @ 1
[    3.211791] initcall default_bdi_init+0x0/0xb3 returned 0 after 976 usecs
[    3.220451] calling  percpu_enable_async+0x0/0xe @ 1
[    3.226446] initcall percpu_enable_async+0x0/0xe returned 0 after 0 usecs
[    3.235453] calling  kcompactd_init+0x0/0x8d @ 1
[    3.245686] initcall kcompactd_init+0x0/0x8d returned 0 after 2929 usecs
[    3.255565] calling  init_user_reserve+0x0/0x40 @ 1
[    3.263458] initcall init_user_reserve+0x0/0x40 returned 0 after 0 usecs
[    3.273459] calling  init_admin_reserve+0x0/0x40 @ 1
[    3.280451] initcall init_admin_reserve+0x0/0x40 returned 0 after 0 usecs
[    3.288455] calling  init_reserve_notifier+0x0/0x7 @ 1
[    3.296453] initcall init_reserve_notifier+0x0/0x7 returned 0 after 0 usecs
[    3.305449] calling  swap_init_sysfs+0x0/0x62 @ 1
[    3.312475] initcall swap_init_sysfs+0x0/0x62 returned 0 after 0 usecs
[    3.321450] calling  swapfile_init+0x0/0x94 @ 1
[    3.329458] initcall swapfile_init+0x0/0x94 returned 0 after 0 usecs
[    3.338452] calling  hugetlb_init+0x0/0x49e @ 1
[    3.344454] HugeTLB registered 2.00 MiB page size, pre-allocated 0 pages
[    3.353839] initcall hugetlb_init+0x0/0x49e returned 0 after 9765 usecs
[    3.363449] calling  io_wq_init+0x0/0x34 @ 1
[    3.370505] initcall io_wq_init+0x0/0x34 returned 0 after 0 usecs
[    3.378452] calling  seqiv_module_init+0x0/0xc @ 1
[    3.385748] initcall seqiv_module_init+0x0/0xc returned 0 after 0 usecs
[    3.391448] calling  echainiv_module_init+0x0/0xc @ 1
[    3.395448] initcall echainiv_module_init+0x0/0xc returned 0 after 0 usecs
[    3.403957] calling  rsa_init+0x0/0x50 @ 1
[    3.416455] initcall rsa_init+0x0/0x50 returned 0 after 8789 usecs
[    3.417265] cryptomgr_test (66) used greatest stack depth: 14864 bytes left
[    3.426452] calling  crypto_cmac_module_init+0x0/0xc @ 1
[    3.426457] initcall crypto_cmac_module_init+0x0/0xc returned 0 after 0 usecs
[    3.426460] calling  hmac_module_init+0x0/0xc @ 1
[    3.426464] initcall hmac_module_init+0x0/0xc returned 0 after 0 usecs
[    3.426466] calling  crypto_null_mod_init+0x0/0x65 @ 1
[    3.432469] initcall crypto_null_mod_init+0x0/0x65 returned 0 after 5859 usecs
[    3.473462] calling  md5_mod_init+0x0/0xc @ 1
[    3.487460] initcall md5_mod_init+0x0/0xc returned 0 after 9765 usecs
[    3.494456] calling  sha256_generic_mod_init+0x0/0x11 @ 1
[    3.513454] initcall sha256_generic_mod_init+0x0/0x11 returned 0 after 12695 usecs
[    3.521457] calling  crypto_cbc_module_init+0x0/0xc @ 1
[    3.527454] initcall crypto_cbc_module_init+0x0/0xc returned 0 after 0 usecs
[    3.534449] calling  crypto_ctr_module_init+0x0/0x11 @ 1
[    3.542460] initcall crypto_ctr_module_init+0x0/0x11 returned 0 after 0 usecs
[    3.549452] calling  crypto_gcm_module_init+0x0/0x64 @ 1
[    3.553613] initcall crypto_gcm_module_init+0x0/0x64 returned 0 after 0 usecs
[    3.563448] calling  crypto_ccm_module_init+0x0/0x11 @ 1
[    3.568452] initcall crypto_ccm_module_init+0x0/0x11 returned 0 after 0 usecs
[    3.579448] calling  aes_init+0x0/0xc @ 1
[    3.594451] initcall aes_init+0x0/0xc returned 0 after 9765 usecs
[    3.602452] calling  crc32c_mod_init+0x0/0xc @ 1
[    3.614435] initcall crc32c_mod_init+0x0/0xc returned 0 after 6835 usecs
[    3.621453] calling  crypto_authenc_module_init+0x0/0xc @ 1
[    3.628457] initcall crypto_authenc_module_init+0x0/0xc returned 0 after 0 usecs
[    3.638448] calling  crypto_authenc_esn_module_init+0x0/0xc @ 1
[    3.644450] initcall crypto_authenc_esn_module_init+0x0/0xc returned 0 after 0 usecs
[    3.654449] calling  drbg_init+0x0/0x7c @ 1
[    3.685834] initcall drbg_init+0x0/0x7c returned 0 after 24414 usecs
[    3.694452] calling  ghash_mod_init+0x0/0xc @ 1
[    3.704454] initcall ghash_mod_init+0x0/0xc returned 0 after 4882 usecs
[    3.710449] calling  init_bio+0x0/0x9a @ 1
[    3.720444] initcall init_bio+0x0/0x9a returned 0 after 2929 usecs
[    3.725557] calling  blk_settings_init+0x0/0x29 @ 1
[    3.733448] initcall blk_settings_init+0x0/0x29 returned 0 after 0 usecs
[    3.742446] calling  blk_ioc_init+0x0/0x29 @ 1
[    3.747459] initcall blk_ioc_init+0x0/0x29 returned 0 after 0 usecs
[    3.754447] calling  blk_mq_init+0x0/0xb9 @ 1
[    3.761457] initcall blk_mq_init+0x0/0xb9 returned 0 after 0 usecs
[    3.770457] calling  genhd_device_init+0x0/0x75 @ 1
[    3.787006] initcall genhd_device_init+0x0/0x75 returned 0 after 7812 usecs
[    3.788804] calling  pci_slot_init+0x0/0x40 @ 1
[    3.794464] initcall pci_slot_init+0x0/0x40 returned 0 after 0 usecs
[    3.801455] calling  fbmem_init+0x0/0xd8 @ 1
[    3.807537] initcall fbmem_init+0x0/0xd8 returned 0 after 1953 usecs
[    3.815447] calling  acpi_init+0x0/0x319 @ 1
[    3.821517] ACPI: Added _OSI(Module Device)
[    3.823445] ACPI: Added _OSI(Processor Device)
[    3.831456] ACPI: Added _OSI(3.0 _SCP Extensions)
[    3.840447] ACPI: Added _OSI(Processor Aggregator Device)
[    3.849448] ACPI: Added _OSI(Linux-Dell-Video)
[    3.856448] ACPI: Added _OSI(Linux-Lenovo-NV-HDMI-Audio)
[    3.864447] ACPI: Added _OSI(Linux-HPI-Hybrid-Graphics)
[    3.890838] ACPI: 1 ACPI AML tables successfully acquired and loaded
[    3.931579] ACPI: Interpreter enabled
[    3.938153] ACPI: (supports S0 S3 S4 S5)
[    3.944575] ACPI: Using IOAPIC for interrupt routing
[    3.952850] PCI: Using host bridge windows from ACPI; if necessary, use "pci=nocrs" and report a bug
[    3.965434] ACPI: Enabled 2 GPEs in block 00 to 3F
[    3.998346] ACPI: PCI Root Bridge [PCI0] (domain 0000 [bus 00-ff])
[    4.008625] acpi PNP0A08:00: _OSC: OS supports [ExtendedConfig ASPM ClockPM Segments MSI HPX-Type3]
[    4.020905] acpi PNP0A08:00: _OSC: platform does not support [LTR]
[    4.029579] acpi PNP0A08:00: _OSC: OS now controls [PME PCIeCapability]
[    4.041848] PCI host bridge to bus 0000:00
[    4.048779] pci_bus 0000:00: root bus resource [io  0x0000-0x0cf7 window]
[    4.059454] pci_bus 0000:00: root bus resource [io  0x0d00-0xffff window]
[    4.068461] pci_bus 0000:00: root bus resource [mem 0x000a0000-0x000bffff window]
[    4.076456] pci_bus 0000:00: root bus resource [mem 0x20000000-0xafffffff window]
[    4.087456] pci_bus 0000:00: root bus resource [mem 0xc0000000-0xfebfffff window]
[    4.096455] pci_bus 0000:00: root bus resource [mem 0x100000000-0x8ffffffff window]
[    4.107466] pci_bus 0000:00: root bus resource [bus 00-ff]
[    4.116441] pci 0000:00:00.0: calling  quirk_mmio_always_on+0x0/0x10 @ 1
[    4.125912] pci 0000:00:00.0: quirk_mmio_always_on+0x0/0x10 took 0 usecs
[    4.135609] pci 0000:00:00.0: [8086:29c0] type 00 class 0x060000
[    4.149463] pci 0000:00:00.0: calling  quirk_igfx_skip_te_disable+0x0/0x80 @ 1
[    4.158558] pci 0000:00:00.0: quirk_igfx_skip_te_disable+0x0/0x80 took 0 usecs
[    4.174642] pci 0000:00:01.0: [1234:1111] type 00 class 0x030000
[    4.198459] pci 0000:00:01.0: reg 0x10: [mem 0xfd000000-0xfdffffff pref]
[    4.225440] pci 0000:00:01.0: reg 0x18: [mem 0xfebf0000-0xfebf0fff]
[    4.263441] pci 0000:00:01.0: reg 0x30: [mem 0xfebe0000-0xfebeffff pref]
[    4.276236] pci 0000:00:01.0: calling  efifb_fixup_resources+0x0/0xf0 @ 1
[    4.283900] pci 0000:00:01.0: efifb_fixup_resources+0x0/0xf0 took 0 usecs
[    4.309548] pci 0000:00:1f.0: [8086:2918] type 00 class 0x060100
[    4.322442] pci 0000:00:1f.0: calling  quirk_ich7_lpc+0x0/0x60 @ 1
[    4.330910] pci 0000:00:1f.0: quirk: [io  0x0600-0x067f] claimed by ICH6 ACPI/GPIO/TCO
[    4.338446] pci 0000:00:1f.0: quirk_ich7_lpc+0x0/0x60 took 7812 usecs
[    4.346434] pci 0000:00:1f.0: calling  quirk_igfx_skip_te_disable+0x0/0x80 @ 1
[    4.354447] pci 0000:00:1f.0: quirk_igfx_skip_te_disable+0x0/0x80 took 0 usecs
[    4.367441] pci 0000:00:1f.2: [8086:2922] type 00 class 0x010601
[    4.384447] pci 0000:00:1f.2: reg 0x20: [io  0xc040-0xc05f]
[    4.392445] pci 0000:00:1f.2: reg 0x24: [mem 0xfebf1000-0xfebf1fff]
[    4.399458] pci 0000:00:1f.2: calling  quirk_igfx_skip_te_disable+0x0/0x80 @ 1
[    4.407511] pci 0000:00:1f.2: quirk_igfx_skip_te_disable+0x0/0x80 took 0 usecs
[    4.416628] pci 0000:00:1f.3: [8086:2930] type 00 class 0x0c0500
[    4.430056] pci 0000:00:1f.3: reg 0x20: [io  0x0700-0x073f]
[    4.439561] pci 0000:00:1f.3: calling  quirk_igfx_skip_te_disable+0x0/0x80 @ 1
[    4.448451] pci 0000:00:1f.3: quirk_igfx_skip_te_disable+0x0/0x80 took 0 usecs
[    4.509434] ACPI: PCI Interrupt Link [LNKA] (IRQs 5 *10 11)
[    4.520262] ACPI: PCI Interrupt Link [LNKB] (IRQs 5 *10 11)
[    4.528510] ACPI: PCI Interrupt Link [LNKC] (IRQs 5 10 *11)
[    4.535007] ACPI: PCI Interrupt Link [LNKD] (IRQs 5 10 *11)
[    4.545171] ACPI: PCI Interrupt Link [LNKE] (IRQs 5 *10 11)
[    4.552455] ACPI: PCI Interrupt Link [LNKF] (IRQs 5 *10 11)
[    4.560460] ACPI: PCI Interrupt Link [LNKG] (IRQs 5 10 *11)
[    4.568113] ACPI: PCI Interrupt Link [LNKH] (IRQs 5 10 *11)
[    4.574450] ACPI: PCI Interrupt Link [GSIA] (IRQs *16)
[    4.581490] ACPI: PCI Interrupt Link [GSIB] (IRQs *17)
[    4.587504] ACPI: PCI Interrupt Link [GSIC] (IRQs *18)
[    4.595527] ACPI: PCI Interrupt Link [GSID] (IRQs *19)
[    4.603537] ACPI: PCI Interrupt Link [GSIE] (IRQs *20)
[    4.611552] ACPI: PCI Interrupt Link [GSIF] (IRQs *21)
[    4.619497] ACPI: PCI Interrupt Link [GSIG] (IRQs *22)
[    4.625462] ACPI: PCI Interrupt Link [GSIH] (IRQs *23)
[    4.636441] initcall acpi_init+0x0/0x319 returned 0 after 795898 usecs
[    4.646559] calling  pnp_init+0x0/0xc @ 1
[    4.652545] initcall pnp_init+0x0/0xc returned 0 after 0 usecs
[    4.661455] calling  misc_init+0x0/0xbf @ 1
[    4.667846] initcall misc_init+0x0/0xbf returned 0 after 976 usecs
[    4.677454] calling  iommu_subsys_init+0x0/0x4e @ 1
[    4.683512] iommu: Default domain type: Translated 
[    4.689454] initcall iommu_subsys_init+0x0/0x4e returned 0 after 5859 usecs
[    4.697454] calling  vga_arb_device_init+0x0/0x261 @ 1
[    4.708926] pci 0000:00:01.0: vgaarb: setting as boot VGA device
[    4.709434] pci 0000:00:01.0: vgaarb: VGA device added: decodes=io+mem,owns=io+mem,locks=none
[    4.726451] pci 0000:00:01.0: vgaarb: bridge control possible
[    4.732440] vgaarb: loaded
[    4.737451] initcall vga_arb_device_init+0x0/0x261 returned 0 after 33203 usecs
[    4.746503] calling  cn_init+0x0/0xf0 @ 1
[    4.751001] initcall cn_init+0x0/0xf0 returned 0 after 976 usecs
[    4.758451] calling  dma_buf_init+0x0/0xad @ 1
[    4.765130] initcall dma_buf_init+0x0/0xad returned 0 after 976 usecs
[    4.775450] calling  dma_resv_lockdep+0x0/0x281 @ 1
[    4.783741] initcall dma_resv_lockdep+0x0/0x281 returned 0 after 1953 usecs
[    4.794469] calling  init_scsi+0x0/0x79 @ 1
[    4.800509] SCSI subsystem initialized
[    4.805445] initcall init_scsi+0x0/0x79 returned 0 after 4882 usecs
[    4.813443] calling  ata_init+0x0/0x332 @ 1
[    4.821508] libata version 3.00 loaded.
[    4.826445] initcall ata_init+0x0/0x332 returned 0 after 7812 usecs
[    4.834448] calling  phy_init+0x0/0x250 @ 1
[    4.839468] initcall phy_init+0x0/0x250 returned 0 after 0 usecs
[    4.847444] calling  init_pcmcia_cs+0x0/0x35 @ 1
[    4.852512] initcall init_pcmcia_cs+0x0/0x35 returned 0 after 0 usecs
[    4.860444] calling  usb_common_init+0x0/0x1c @ 1
[    4.866504] initcall usb_common_init+0x0/0x1c returned 0 after 0 usecs
[    4.874444] calling  usb_init+0x0/0x12e @ 1
[    4.879547] ACPI: bus type USB registered
[    4.884974] usbcore: registered new interface driver usbfs
[    4.892540] usbcore: registered new interface driver hub
[    4.899504] usbcore: registered new device driver usb
[    4.906449] initcall usb_init+0x0/0x12e returned 0 after 26367 usecs
[    4.917481] calling  serio_init+0x0/0x29 @ 1
[    4.922660] initcall serio_init+0x0/0x29 returned 0 after 976 usecs
[    4.931448] calling  input_init+0x0/0xf6 @ 1
[    4.936771] initcall input_init+0x0/0xf6 returned 0 after 976 usecs
[    4.945447] calling  rtc_init+0x0/0x4d @ 1
[    4.952475] initcall rtc_init+0x0/0x4d returned 0 after 0 usecs
[    4.959450] calling  pps_init+0x0/0xa9 @ 1
[    4.966474] pps_core: LinuxPPS API ver. 1 registered
[    4.973445] pps_core: Software ver. 5.3.6 - Copyright 2005-2007 Rodolfo Giometti <giometti@linux.it>
[    4.986452] initcall pps_init+0x0/0xa9 returned 0 after 19531 usecs
[    4.996451] calling  ptp_init+0x0/0x98 @ 1
[    5.002487] PTP clock support registered
[    5.008449] initcall ptp_init+0x0/0x98 returned 0 after 5859 usecs
[    5.017447] calling  power_supply_class_init+0x0/0x3f @ 1
[    5.026604] initcall power_supply_class_init+0x0/0x3f returned 0 after 0 usecs
[    5.037450] calling  hwmon_init+0x0/0x104 @ 1
[    5.042477] initcall hwmon_init+0x0/0x104 returned 0 after 0 usecs
[    5.050444] calling  md_init+0x0/0x16b @ 1
[    5.057007] initcall md_init+0x0/0x16b returned 0 after 1953 usecs
[    5.064446] calling  leds_init+0x0/0x3b @ 1
[    5.069496] initcall leds_init+0x0/0x3b returned 0 after 0 usecs
[    5.077453] calling  dmi_init+0x0/0x113 @ 1
[    5.083671] initcall dmi_init+0x0/0x113 returned 0 after 0 usecs
[    5.092449] calling  efisubsys_init+0x0/0x4e7 @ 1
[    5.099473] initcall efisubsys_init+0x0/0x4e7 returned 0 after 0 usecs
[    5.108448] calling  nvmem_init+0x0/0xc @ 1
[    5.113561] initcall nvmem_init+0x0/0xc returned 0 after 0 usecs
[    5.121447] calling  init_soundcore+0x0/0x33 @ 1
[    5.127793] initcall init_soundcore+0x0/0x33 returned 0 after 0 usecs
[    5.136447] calling  alsa_sound_init+0x0/0x8f @ 1
[    5.143600] Advanced Linux Sound Architecture Driver Initialized.
[    5.152446] initcall alsa_sound_init+0x0/0x8f returned 0 after 8789 usecs
[    5.161445] calling  alsa_seq_device_init+0x0/0x71 @ 1
[    5.169531] initcall alsa_seq_device_init+0x0/0x71 returned 0 after 0 usecs
[    5.178443] calling  hda_bus_init+0x0/0xc @ 1
[    5.184619] initcall hda_bus_init+0x0/0xc returned 0 after 0 usecs
[    5.193446] calling  proto_init+0x0/0xc @ 1
[    5.199500] initcall proto_init+0x0/0xc returned 0 after 0 usecs
[    5.206445] calling  net_dev_init+0x0/0x27f @ 1
[    5.216017] initcall net_dev_init+0x0/0x27f returned 0 after 3906 usecs
[    5.224447] calling  neigh_init+0x0/0x84 @ 1
[    5.229467] initcall neigh_init+0x0/0x84 returned 0 after 0 usecs
[    5.236444] calling  fib_notifier_init+0x0/0xc @ 1
[    5.242521] initcall fib_notifier_init+0x0/0xc returned 0 after 0 usecs
[    5.250444] calling  fib_rules_init+0x0/0xab @ 1
[    5.255476] initcall fib_rules_init+0x0/0xab returned 0 after 0 usecs
[    5.263444] calling  pktsched_init+0x0/0x10e @ 1
[    5.269560] initcall pktsched_init+0x0/0x10e returned 0 after 0 usecs
[    5.276443] calling  tc_filter_init+0x0/0xfa @ 1
[    5.282473] initcall tc_filter_init+0x0/0xfa returned 0 after 0 usecs
[    5.290444] calling  tc_action_init+0x0/0x54 @ 1
[    5.295447] initcall tc_action_init+0x0/0x54 returned 0 after 0 usecs
[    5.303443] calling  ethnl_init+0x0/0x52 @ 1
[    5.308518] initcall ethnl_init+0x0/0x52 returned 0 after 0 usecs
[    5.316487] calling  nexthop_init+0x0/0xd8 @ 1
[    5.321453] initcall nexthop_init+0x0/0xd8 returned 0 after 0 usecs
[    5.329445] calling  cipso_v4_init+0x0/0x8d @ 1
[    5.334587] initcall cipso_v4_init+0x0/0x8d returned 0 after 0 usecs
[    5.342445] calling  ieee80211_init+0x0/0x24 @ 1
[    5.348854] initcall ieee80211_init+0x0/0x24 returned 0 after 976 usecs
[    5.358446] calling  netlbl_init+0x0/0x78 @ 1
[    5.364457] NetLabel: Initializing
[    5.369444] NetLabel:  domain hash size = 128
[    5.375443] NetLabel:  protocols = UNLABELED CIPSOv4 CALIPSO
[    5.384726] NetLabel:  unlabeled traffic allowed by default
[    5.392449] initcall netlbl_init+0x0/0x78 returned 0 after 27343 usecs
[    5.402446] calling  rfkill_init+0x0/0x136 @ 1
[    5.409602] initcall rfkill_init+0x0/0x136 returned 0 after 976 usecs
[    5.419449] calling  pci_subsys_init+0x0/0x66 @ 1
[    5.425497] PCI: Using ACPI for IRQ routing
[    6.146087] PCI: pci_cache_line_size set to 64 bytes
[    6.155443] e820: reserve RAM buffer [mem 0x0009fc00-0x0009ffff]
[    6.167620] e820: reserve RAM buffer [mem 0x1ffdf000-0x1fffffff]
[    6.176954] initcall pci_subsys_init+0x0/0x66 returned 0 after 733398 usecs
[    6.186072] calling  nmi_warning_debugfs+0x0/0x26 @ 1
[    6.192470] initcall nmi_warning_debugfs+0x0/0x26 returned 0 after 976 usecs
[    6.200462] calling  save_microcode_in_initrd+0x0/0x51 @ 1
[    6.206514] initcall save_microcode_in_initrd+0x0/0x51 returned 0 after 0 usecs
[    6.214445] calling  hpet_late_init+0x0/0x207 @ 1
[    6.220451] hpet: 3 channels of 0 reserved for per-cpu timers
[    6.227656] hpet0: at MMIO 0xfed00000, IRQs 2, 8, 0
[    6.232441] hpet0: 3 comparators, 64-bit 100.000000 MHz counter
[    6.243445] initcall hpet_late_init+0x0/0x207 returned 0 after 22460 usecs
[    6.251449] calling  init_amd_nbs+0x0/0x11c @ 1
[    6.257575] initcall init_amd_nbs+0x0/0x11c returned 0 after 0 usecs
[    6.264467] calling  clocksource_done_booting+0x0/0x43 @ 1
[    6.275870] clocksource: Switched to clocksource kvm-clock
[    6.284539] initcall clocksource_done_booting+0x0/0x43 returned 0 after 12791 usecs
[    6.293433] calling  tracer_init_tracefs+0x0/0x248 @ 1
[    6.557404] initcall tracer_init_tracefs+0x0/0x248 returned 0 after 251774 usecs
[    6.566237] calling  init_trace_printk_function_export+0x0/0x2c @ 1
[    6.573417] initcall init_trace_printk_function_export+0x0/0x2c returned 0 after 15 usecs
[    6.582929] calling  init_kprobe_trace+0x0/0x1ab @ 1
[    6.588714] initcall init_kprobe_trace+0x0/0x1ab returned 0 after 17 usecs
[    6.596668] calling  init_dynamic_event+0x0/0x3d @ 1
[    6.602679] initcall init_dynamic_event+0x0/0x3d returned 0 after 10 usecs
[    6.610827] calling  init_uprobe_trace+0x0/0x5c @ 1
[    6.616891] initcall init_uprobe_trace+0x0/0x5c returned 0 after 75 usecs
[    6.625121] calling  init_pipe_fs+0x0/0x44 @ 1
[    6.631154] initcall init_pipe_fs+0x0/0x44 returned 0 after 399 usecs
[    6.639332] calling  inotify_user_setup+0x0/0x47 @ 1
[    6.645740] initcall inotify_user_setup+0x0/0x47 returned 0 after 344 usecs
[    6.654147] calling  eventpoll_init+0x0/0xeb @ 1
[    6.660042] initcall eventpoll_init+0x0/0xeb returned 0 after 346 usecs
[    6.668337] calling  anon_inode_init+0x0/0x58 @ 1
[    6.675996] initcall anon_inode_init+0x0/0x58 returned 0 after 580 usecs
[    6.684756] calling  proc_locks_init+0x0/0x27 @ 1
[    6.692419] initcall proc_locks_init+0x0/0x27 returned 0 after 409 usecs
[    6.703118] calling  iomap_init+0x0/0x1b @ 1
[    6.710704] initcall iomap_init+0x0/0x1b returned 0 after 990 usecs
[    6.719278] calling  dquot_init+0x0/0x106 @ 1
[    6.724495] VFS: Disk quotas dquot_6.6.0
[    6.729434] VFS: Dquot-cache hash table entries: 512 (order 0, 4096 bytes)
[    6.737496] initcall dquot_init+0x0/0x106 returned 0 after 12738 usecs
[    6.745258] calling  quota_init+0x0/0x23 @ 1
[    6.750881] initcall quota_init+0x0/0x23 returned 0 after 379 usecs
[    6.758345] calling  proc_cmdline_init+0x0/0x21 @ 1
[    6.764246] initcall proc_cmdline_init+0x0/0x21 returned 0 after 23 usecs
[    6.772371] calling  proc_consoles_init+0x0/0x24 @ 1
[    6.778260] initcall proc_consoles_init+0x0/0x24 returned 0 after 7 usecs
[    6.788442] calling  proc_cpuinfo_init+0x0/0x1e @ 1
[    6.795784] initcall proc_cpuinfo_init+0x0/0x1e returned 0 after 8 usecs
[    6.805726] calling  proc_devices_init+0x0/0x24 @ 1
[    6.812921] initcall proc_devices_init+0x0/0x24 returned 0 after 7 usecs
[    6.824553] calling  proc_interrupts_init+0x0/0x24 @ 1
[    6.832196] initcall proc_interrupts_init+0x0/0x24 returned 0 after 7 usecs
[    6.842385] calling  proc_loadavg_init+0x0/0x21 @ 1
[    6.849098] initcall proc_loadavg_init+0x0/0x21 returned 0 after 7 usecs
[    6.856885] calling  proc_meminfo_init+0x0/0x21 @ 1
[    6.862786] initcall proc_meminfo_init+0x0/0x21 returned 0 after 7 usecs
[    6.870598] calling  proc_stat_init+0x0/0x1e @ 1
[    6.876078] initcall proc_stat_init+0x0/0x1e returned 0 after 7 usecs
[    6.883712] calling  proc_uptime_init+0x0/0x21 @ 1
[    6.889387] initcall proc_uptime_init+0x0/0x21 returned 0 after 7 usecs
[    6.897343] calling  proc_version_init+0x0/0x21 @ 1
[    6.903264] initcall proc_version_init+0x0/0x21 returned 0 after 5 usecs
[    6.912086] calling  proc_softirqs_init+0x0/0x21 @ 1
[    6.917881] initcall proc_softirqs_init+0x0/0x21 returned 0 after 6 usecs
[    6.925714] calling  proc_kcore_init+0x0/0xea @ 1
[    6.931581] initcall proc_kcore_init+0x0/0xea returned 0 after 299 usecs
[    6.939399] calling  vmcore_init+0x0/0x57b @ 1
[    6.944684] initcall vmcore_init+0x0/0x57b returned 0 after 14 usecs
[    6.952070] calling  proc_kmsg_init+0x0/0x21 @ 1
[    6.959078] initcall proc_kmsg_init+0x0/0x21 returned 0 after 12 usecs
[    6.968663] calling  proc_page_init+0x0/0x3b @ 1
[    6.974581] initcall proc_page_init+0x0/0x3b returned 0 after 11 usecs
[    6.982673] calling  init_ramfs_fs+0x0/0xc @ 1
[    6.988333] initcall init_ramfs_fs+0x0/0xc returned 0 after 22 usecs
[    6.996591] calling  init_hugetlbfs_fs+0x0/0xf6 @ 1
[    7.003325] initcall init_hugetlbfs_fs+0x0/0xf6 returned 0 after 508 usecs
[    7.011964] calling  blk_scsi_ioctl_init+0x0/0x2a5 @ 1
[    7.018604] initcall blk_scsi_ioctl_init+0x0/0x2a5 returned 0 after 29 usecs
[    7.027495] calling  acpi_event_init+0x0/0x2c @ 1
[    7.033596] initcall acpi_event_init+0x0/0x2c returned 0 after 151 usecs
[    7.041550] calling  pnp_system_init+0x0/0xc @ 1
[    7.048484] initcall pnp_system_init+0x0/0xc returned 0 after 1465 usecs
[    7.056308] calling  pnpacpi_init+0x0/0x69 @ 1
[    7.062273] pnp: PnP ACPI init
[    7.068666] pnp 00:00: Plug and Play ACPI device, IDs PNP0303 (active)
[    7.076580] pnp 00:01: Plug and Play ACPI device, IDs PNP0f13 (active)
[    7.084591] pnp 00:02: Plug and Play ACPI device, IDs PNP0400 (active)
[    7.092417] pnp 00:03: Plug and Play ACPI device, IDs PNP0501 (active)
[    7.100440] pnp 00:04: Plug and Play ACPI device, IDs PNP0b00 (active)
[    7.108659] system 00:05: [mem 0xb0000000-0xbfffffff window] has been reserved
[    7.117391] system 00:05: Plug and Play ACPI device, IDs PNP0c01 (active)
[    7.128751] pnp: PnP ACPI: found 6 devices
[    7.133764] initcall pnpacpi_init+0x0/0x69 returned 0 after 69883 usecs
[    7.141605] calling  chr_dev_init+0x0/0x14d @ 1
[    7.273898] initcall chr_dev_init+0x0/0x14d returned 0 after 123182 usecs
[    7.282807] calling  firmware_class_init+0x0/0x14a @ 1
[    7.289235] initcall firmware_class_init+0x0/0x14a returned 0 after 379 usecs
[    7.297953] calling  init_pcmcia_bus+0x0/0x5b @ 1
[    7.307240] initcall init_pcmcia_bus+0x0/0x5b returned 0 after 3327 usecs
[    7.315683] calling  init_acpi_pm_clocksource+0x0/0xda @ 1
[    7.327933] clocksource: acpi_pm: mask: 0xffffff max_cycles: 0xffffff, max_idle_ns: 2085701024 ns
[    7.338662] initcall init_acpi_pm_clocksource+0x0/0xda returned 0 after 16073 usecs
[    7.348002] calling  sysctl_core_init+0x0/0x26 @ 1
[    7.354645] initcall sysctl_core_init+0x0/0x26 returned 0 after 817 usecs
[    7.363702] calling  eth_offload_init+0x0/0x13 @ 1
[    7.370256] initcall eth_offload_init+0x0/0x13 returned 0 after 314 usecs
[    7.378928] calling  ipv4_offload_init+0x0/0x73 @ 1
[    7.385228] initcall ipv4_offload_init+0x0/0x73 returned 0 after 71 usecs
[    7.394004] calling  inet_init+0x0/0x276 @ 1
[    7.400747] NET: Registered protocol family 2
[    7.407917] IP idents hash table entries: 8192 (order: 4, 65536 bytes, linear)
[    7.428301] tcp_listen_portaddr_hash hash table entries: 256 (order: 2, 20480 bytes, linear)
[    7.439035] TCP established hash table entries: 4096 (order: 3, 32768 bytes, linear)
[    7.449848] TCP bind hash table entries: 4096 (order: 6, 294912 bytes, linear)
[    7.460111] TCP: Hash tables configured (established 4096 bind 4096)
[    7.469088] UDP hash table entries: 256 (order: 3, 40960 bytes, linear)
[    7.481759] UDP-Lite hash table entries: 256 (order: 3, 40960 bytes, linear)
[    7.493275] initcall inet_init+0x0/0x276 returned 0 after 91486 usecs
[    7.502905] calling  af_unix_init+0x0/0x4d @ 1
[    7.509422] NET: Registered protocol family 1
[    7.515286] initcall af_unix_init+0x0/0x4d returned 0 after 5759 usecs
[    7.522940] calling  ipv6_offload_init+0x0/0x7e @ 1
[    7.528629] initcall ipv6_offload_init+0x0/0x7e returned 0 after 23 usecs
[    7.536701] calling  init_sunrpc+0x0/0x65 @ 1
[    7.549914] RPC: Registered named UNIX socket transport module.
[    7.556813] RPC: Registered udp transport module.
[    7.562381] RPC: Registered tcp transport module.
[    7.567896] RPC: Registered tcp NFSv4.1 backchannel transport module.
[    7.575508] initcall init_sunrpc+0x0/0x65 returned 0 after 32880 usecs
[    7.583249] calling  cfg80211_init+0x0/0xc5 @ 1
[    7.591781] initcall cfg80211_init+0x0/0xc5 returned 0 after 2974 usecs
[    7.599769] calling  pcibios_assign_resources+0x0/0xbf @ 1
[    7.606888] pci_bus 0000:00: resource 4 [io  0x0000-0x0cf7 window]
[    7.614294] pci_bus 0000:00: resource 5 [io  0x0d00-0xffff window]
[    7.621647] pci_bus 0000:00: resource 6 [mem 0x000a0000-0x000bffff window]
[    7.629984] pci_bus 0000:00: resource 7 [mem 0x20000000-0xafffffff window]
[    7.640074] pci_bus 0000:00: resource 8 [mem 0xc0000000-0xfebfffff window]
[    7.649480] pci_bus 0000:00: resource 9 [mem 0x100000000-0x8ffffffff window]
[    7.660898] initcall pcibios_assign_resources+0x0/0xbf returned 0 after 53342 usecs
[    7.672458] calling  pci_apply_final_quirks+0x0/0x124 @ 1
[    7.681332] pci 0000:00:01.0: calling  pci_fixup_video+0x0/0xe0 @ 1
[    7.691277] pci 0000:00:01.0: Video device with shadowed ROM at [mem 0x000c0000-0x000dffff]
[    7.703650] pci 0000:00:01.0: pci_fixup_video+0x0/0xe0 took 12487 usecs
[    7.713750] PCI: CLS 0 bytes, default 64
[    7.718493] initcall pci_apply_final_quirks+0x0/0x124 returned 0 after 36862 usecs
[    7.727888] calling  acpi_reserve_resources+0x0/0xea @ 1
[    7.736336] initcall acpi_reserve_resources+0x0/0xea returned 0 after 70 usecs
[    7.746515] calling  populate_rootfs+0x0/0x102 @ 1
[    7.756443] initcall populate_rootfs+0x0/0x102 returned 0 after 3957 usecs
[    7.765155] calling  pci_iommu_init+0x0/0x3e @ 1
[    7.771675] initcall pci_iommu_init+0x0/0x3e returned 0 after 92 usecs
[    7.782372] calling  ia32_binfmt_init+0x0/0x13 @ 1
[    7.788622] initcall ia32_binfmt_init+0x0/0x13 returned 0 after 37 usecs
[    7.796972] calling  rapl_pmu_init+0x0/0x267 @ 1
[    7.803963] initcall rapl_pmu_init+0x0/0x267 returned -19 after 68 usecs
[    7.814269] calling  amd_uncore_init+0x0/0x310 @ 1
[    7.823530] initcall amd_uncore_init+0x0/0x310 returned -19 after 0 usecs
[    7.833658] calling  amd_ibs_init+0x0/0x25f @ 1
[    7.839590] initcall amd_ibs_init+0x0/0x25f returned -19 after 0 usecs
[    7.847897] calling  amd_iommu_pc_init+0x0/0x22c @ 1
[    7.854233] initcall amd_iommu_pc_init+0x0/0x22c returned -19 after 62 usecs
[    7.863070] calling  msr_init+0x0/0x55 @ 1
[    7.868406] initcall msr_init+0x0/0x55 returned 0 after 149 usecs
[    7.875948] calling  intel_uncore_init+0x0/0x36f @ 1
[    7.882366] initcall intel_uncore_init+0x0/0x36f returned -19 after 42 usecs
[    7.891200] calling  cstate_pmu_init+0x0/0x1a1 @ 1
[    7.897127] initcall cstate_pmu_init+0x0/0x1a1 returned -19 after 0 usecs
[    7.905836] calling  register_kernel_offset_dumper+0x0/0x1a @ 1
[    7.913318] initcall register_kernel_offset_dumper+0x0/0x1a returned 0 after 17 usecs
[    7.923385] calling  i8259A_init_ops+0x0/0x20 @ 1
[    7.929518] initcall i8259A_init_ops+0x0/0x20 returned 0 after 2 usecs
[    7.937965] calling  init_tsc_clocksource+0x0/0xa4 @ 1
[    7.944551] clocksource: tsc: mask: 0xffffffffffffffff max_cycles: 0x39a85afc727, max_idle_ns: 881590685098 ns
[    7.957300] initcall init_tsc_clocksource+0x0/0xa4 returned 0 after 12448 usecs
[    7.967263] calling  add_rtc_cmos+0x0/0xb0 @ 1
[    7.973694] initcall add_rtc_cmos+0x0/0xb0 returned 0 after 483 usecs
[    7.982024] calling  i8237A_init_ops+0x0/0x3a @ 1
[    7.988211] initcall i8237A_init_ops+0x0/0x3a returned 0 after 151 usecs
[    7.996622] calling  umwait_init+0x0/0x94 @ 1
[    8.002257] initcall umwait_init+0x0/0x94 returned -19 after 18 usecs
[    8.010665] calling  thermal_throttle_init_device+0x0/0x3d @ 1
[    8.018563] initcall thermal_throttle_init_device+0x0/0x3d returned 0 after 139 usecs
[    8.028666] calling  msr_init+0x0/0xd7 @ 1
[    8.051068] initcall msr_init+0x0/0xd7 returned 0 after 16580 usecs
[    8.059677] calling  cpuid_init+0x0/0xd7 @ 1
[    8.090694] initcall cpuid_init+0x0/0xd7 returned 0 after 24805 usecs
[    8.099755] calling  ioapic_init_ops+0x0/0x13 @ 1
[    8.106155] initcall ioapic_init_ops+0x0/0x13 returned 0 after 47 usecs
[    8.115078] calling  add_pcspkr+0x0/0x6c @ 1
[    8.121025] initcall add_pcspkr+0x0/0x6c returned 0 after 169 usecs
[    8.129635] calling  start_periodic_check_for_corruption+0x0/0x30 @ 1
[    8.138862] check: Scanning for low memory corruption every 60 seconds
[    8.149804] initcall start_periodic_check_for_corruption+0x0/0x30 returned 0 after 10740 usecs
[    8.164925] calling  sysfb_init+0x0/0x9c @ 1
[    8.171850] initcall sysfb_init+0x0/0x9c returned 0 after 281 usecs
[    8.180068] calling  audit_classes_init+0x0/0xae @ 1
[    8.186782] initcall audit_classes_init+0x0/0xae returned 0 after 31 usecs
[    8.195842] calling  iosf_mbi_init+0x0/0x24 @ 1
[    8.202125] initcall iosf_mbi_init+0x0/0x24 returned 0 after 314 usecs
[    8.210716] calling  proc_execdomains_init+0x0/0x21 @ 1
[    8.217676] initcall proc_execdomains_init+0x0/0x21 returned 0 after 104 usecs
[    8.226970] calling  register_warn_debugfs+0x0/0x23 @ 1
[    8.233816] initcall register_warn_debugfs+0x0/0x23 returned 0 after 114 usecs
[    8.243198] calling  cpuhp_sysfs_init+0x0/0x79 @ 1
[    8.249759] initcall cpuhp_sysfs_init+0x0/0x79 returned 0 after 355 usecs
[    8.258797] calling  ioresources_init+0x0/0x49 @ 1
[    8.265170] initcall ioresources_init+0x0/0x49 returned 0 after 9 usecs
[    8.273997] calling  lockdep_proc_init+0x0/0x64 @ 1
[    8.280844] initcall lockdep_proc_init+0x0/0x64 returned 0 after 87 usecs
[    8.290807] calling  snapshot_device_init+0x0/0xc @ 1
[    8.299908] initcall snapshot_device_init+0x0/0xc returned 0 after 1882 usecs
[    8.309598] calling  irq_pm_init_ops+0x0/0x13 @ 1
[    8.315609] initcall irq_pm_init_ops+0x0/0x13 returned 0 after 60 usecs
[    8.323865] calling  rcu_torture_init+0x0/0x9be @ 1
[    8.330311] rcu-torture:--- Start of test: nreaders=7 nfakewriters=4 stat_interval=15 verbose=1 test_no_idle_hz=1 shuffle_interval=3 stutter=5 irqreader=1 fqs_duration=0 fqs_holdoff=0 fqs_stutter=3 test_boost=1/0 test_boost_interval=7 test_boost_duration=4 shutdown_secs=1800 stall_cpu=0 stall_cpu_holdoff=10 stall_cpu_irqsoff=0 stall_cpu_block=0 n_barrier_cbs=4 onoff_interval=1000 onoff_holdoff=30 read_exit_delay=13 read_exit_burst=16
[    8.380282] rcu:  Start-test grace-period state: g-1036 f0x0
[    8.387665] rcu-torture: Creating rcu_torture_writer task
[    8.397993] rcu-torture: Creating rcu_torture_fakewriter task
[    8.398399] rcu-torture: rcu_torture_writer task started
[    8.409439] rcu-torture: Creating rcu_torture_fakewriter task
[    8.409973] rcu-torture: rcu_torture_fakewriter task started
[    8.414872] rcu-torture: GP expediting controlled from boot/sysfs for rcu.
[    8.427182] rcu-torture: Creating rcu_torture_fakewriter task
[    8.427694] rcu-torture: rcu_torture_fakewriter task started
[    8.432069] rcu_torture_writer: Testing conditional GPs.
[    8.443701] rcu-torture: Creating rcu_torture_fakewriter task
[    8.443978] rcu-torture: rcu_torture_fakewriter task started
[    8.449106] rcu_torture_writer: Testing expedited GPs.
[    8.460043] rcu-torture: Creating rcu_torture_reader task
[    8.460729] rcu-torture: rcu_torture_fakewriter task started
[    8.463229] rcu_torture_writer: Testing asynchronous GPs.
[    8.463231] rcu_torture_writer: Testing normal GPs.
[    8.516060] rcu-torture: Creating rcu_torture_reader task
[    8.516178] rcu-torture: rcu_torture_reader task started
[    8.525149] rcu-torture: Creating rcu_torture_reader task
[    8.525384] rcu-torture: rcu_torture_reader task started
[    8.547813] rcu-torture: Creating rcu_torture_reader task
[    8.547815] rcu-torture: rcu_torture_reader task started
[    8.563911] rcu-torture: Creating rcu_torture_reader task
[    8.564606] rcu-torture: rcu_torture_reader task started
[    8.573020] rcu-torture: Creating rcu_torture_reader task
[    8.573047] rcu-torture: rcu_torture_reader task started
[    8.593680] rcu-torture: Creating rcu_torture_reader task
[    8.593720] rcu-torture: rcu_torture_reader task started
[    8.602944] rcu-torture: Creating rcu_torture_stats task
[    8.602964] rcu-torture: rcu_torture_reader task started
[    8.623328] rcu-torture: Creating torture_shuffle task
[    8.624640] rcu-torture: rcu_torture_stats task started
[    8.632106] rcu-torture: Creating torture_stutter task
[    8.632757] rcu-torture: torture_shuffle task started
[    8.657104] rcu-torture: Creating torture_shutdown task
[    8.657413] rcu-torture: torture_stutter task started
[    8.669219] rcu-torture: Creating torture_onoff task
[    8.673822] rcu-torture: torture_shutdown task started
[    8.683384] rcu-torture: torture_onoff task started
[    8.684299] rcu-torture: Creating rcu_torture_fwd_prog task
[    8.686004] rcu-torture: Creating rcu_torture_barrier_cbs task
[    8.686958] rcu-torture: rcu_torture_fwd_progress task started
[    8.688057] rcu-torture: Creating rcu_torture_barrier_cbs task
[    8.688087] rcu-torture: rcu_torture_barrier_cbs task started
[    8.689824] rcu-torture:torture_shutdown task: 1799967 ms remaining
[    8.690994] rcu-torture: Creating rcu_torture_barrier_cbs task
[    8.691018] rcu-torture: rcu_torture_barrier_cbs task started
[    8.696061] rcu-torture: torture_onoff begin holdoff
[    8.707036] rcu-torture: Creating rcu_torture_barrier_cbs task
[    8.707242] rcu-torture: rcu_torture_barrier_cbs task started
[    8.806376] rcu-torture: Creating rcu_torture_barrier task
[    8.806398] rcu-torture: rcu_torture_barrier_cbs task started
[    8.823346] rcu-torture: Creating rcu_torture_read_exit task
[    8.824463] rcu-torture: rcu_torture_barrier task starting
[    8.847287] initcall rcu_torture_init+0x0/0x9be returned 0 after 505045 usecs
[    8.847302] rcu-torture: rcu_torture_read_exit: Start of test
[    8.858795] calling  timekeeping_init_ops+0x0/0x13 @ 1
[    8.858887] initcall timekeeping_init_ops+0x0/0x13 returned 0 after 84 usecs
[    8.887779] calling  init_clocksource_sysfs+0x0/0x23 @ 1
[    8.897407] initcall init_clocksource_sysfs+0x0/0x23 returned 0 after 584 usecs
[    8.909289] calling  init_timer_list_procfs+0x0/0x31 @ 1
[    8.918352] initcall init_timer_list_procfs+0x0/0x31 returned 0 after 131 usecs
[    8.930720] calling  alarmtimer_init+0x0/0xf5 @ 1
[    8.938950] initcall alarmtimer_init+0x0/0xf5 returned 0 after 393 usecs
[    8.950119] calling  init_posix_timers+0x0/0x29 @ 1
[    8.959059] initcall init_posix_timers+0x0/0x29 returned 0 after 913 usecs
[    8.970130] calling  clockevents_init_sysfs+0x0/0xbf @ 1
[    8.979743] initcall clockevents_init_sysfs+0x0/0xbf returned 0 after 827 usecs
[    8.991624] calling  proc_dma_init+0x0/0x21 @ 1
[    8.999300] initcall proc_dma_init+0x0/0x21 returned 0 after 39 usecs
[    9.010006] calling  proc_modules_init+0x0/0x1e @ 1
[    9.018211] initcall proc_modules_init+0x0/0x1e returned 0 after 13 usecs
[    9.029686] calling  kallsyms_init+0x0/0x21 @ 1
[    9.037380] initcall kallsyms_init+0x0/0x21 returned 0 after 11 usecs
[    9.048160] calling  pid_namespaces_init+0x0/0x2c @ 1
[    9.056431] initcall pid_namespaces_init+0x0/0x2c returned 0 after 36 usecs
[    9.068002] calling  audit_watch_init+0x0/0x37 @ 1
[    9.076067] initcall audit_watch_init+0x0/0x37 returned 0 after 5 usecs
[    9.086429] calling  audit_fsnotify_init+0x0/0x37 @ 1
[    9.094539] initcall audit_fsnotify_init+0x0/0x37 returned 0 after 4 usecs
[    9.106134] calling  audit_tree_init+0x0/0x6d @ 1
[    9.114077] initcall audit_tree_init+0x0/0x6d returned 0 after 16 usecs
[    9.125507] calling  seccomp_sysctl_init+0x0/0x2b @ 1
[    9.133716] initcall seccomp_sysctl_init+0x0/0x2b returned 0 after 36 usecs
[    9.144565] calling  utsname_sysctl_init+0x0/0x13 @ 1
[    9.152519] initcall utsname_sysctl_init+0x0/0x13 returned 0 after 131 usecs
[    9.164361] calling  init_tracepoints+0x0/0x27 @ 1
[    9.172539] initcall init_tracepoints+0x0/0x27 returned 0 after 413 usecs
[    9.183967] calling  init_blk_tracer+0x0/0x50 @ 1
[    9.196450] initcall init_blk_tracer+0x0/0x50 returned 0 after 4016 usecs
[    9.207475] calling  perf_event_sysfs_init+0x0/0x83 @ 1
[    9.218404] initcall perf_event_sysfs_init+0x0/0x83 returned 0 after 2252 usecs
[    9.230461] calling  system_trusted_keyring_init+0x0/0x60 @ 1
[    9.240000] Initialise system trusted keyrings
[    9.248265] initcall system_trusted_keyring_init+0x0/0x60 returned 0 after 8066 usecs
[    9.260912] calling  kswapd_init+0x0/0x5c @ 1
[    9.273279] initcall kswapd_init+0x0/0x5c returned 0 after 4084 usecs
[    9.284397] calling  extfrag_debug_init+0x0/0x54 @ 1
[    9.293767] initcall extfrag_debug_init+0x0/0x54 returned 0 after 391 usecs
[    9.304827] calling  mm_compute_batch_init+0x0/0x12 @ 1
[    9.313070] initcall mm_compute_batch_init+0x0/0x12 returned 0 after 97 usecs
[    9.324923] calling  slab_proc_init+0x0/0x21 @ 1
[    9.332933] initcall slab_proc_init+0x0/0x21 returned 0 after 175 usecs
[    9.344010] calling  workingset_init+0x0/0x8c @ 1
[    9.351774] workingset: timestamp_bits=56 max_order=17 bucket_order=0
[    9.362482] initcall workingset_init+0x0/0x8c returned 0 after 10453 usecs
[    9.373829] calling  proc_vmalloc_init+0x0/0x32 @ 1
[    9.382750] initcall proc_vmalloc_init+0x0/0x32 returned 0 after 271 usecs
[    9.394557] calling  procswaps_init+0x0/0x1e @ 1
[    9.402763] initcall procswaps_init+0x0/0x1e returned 0 after 91 usecs
[    9.414171] calling  slab_sysfs_init+0x0/0xec @ 1
[    9.443392] initcall slab_sysfs_init+0x0/0xec returned 0 after 20380 usecs
[    9.454915] calling  fcntl_init+0x0/0x29 @ 1
[    9.462211] initcall fcntl_init+0x0/0x29 returned 0 after 428 usecs
[    9.472611] calling  proc_filesystems_init+0x0/0x21 @ 1
[    9.481151] initcall proc_filesystems_init+0x0/0x21 returned 0 after 13 usecs
[    9.493575] calling  start_dirtytime_writeback+0x0/0x29 @ 1
[    9.502214] initcall start_dirtytime_writeback+0x0/0x29 returned 0 after 3 usecs
[    9.512943] calling  blkdev_init+0x0/0x1b @ 1
[    9.521219] initcall blkdev_init+0x0/0x1b returned 0 after 1721 usecs
[    9.531374] calling  dio_init+0x0/0x2c @ 1
[    9.537941] initcall dio_init+0x0/0x2c returned 0 after 185 usecs
[    9.546647] calling  dnotify_init+0x0/0x78 @ 1
[    9.553671] initcall dnotify_init+0x0/0x78 returned 0 after 312 usecs
[    9.563480] calling  aio_setup+0x0/0x78 @ 1
[    9.571078] initcall aio_setup+0x0/0x78 returned 0 after 1052 usecs
[    9.580957] calling  io_uring_init+0x0/0x2c @ 1
[    9.588166] initcall io_uring_init+0x0/0x2c returned 0 after 15 usecs
[    9.597770] calling  mbcache_init+0x0/0x30 @ 1
[    9.605011] initcall mbcache_init+0x0/0x30 returned 0 after 174 usecs
[    9.614974] calling  init_grace+0x0/0xc @ 1
[    9.621410] initcall init_grace+0x0/0xc returned 0 after 9 usecs
[    9.630478] calling  init_v2_quota_format+0x0/0x21 @ 1
[    9.638855] initcall init_v2_quota_format+0x0/0x21 returned 0 after 509 usecs
[    9.649963] calling  init_devpts_fs+0x0/0x27 @ 1
[    9.657142] initcall init_devpts_fs+0x0/0x27 returned 0 after 114 usecs
[    9.666926] calling  ext4_init_fs+0x0/0x1c2 @ 1
[    9.675675] initcall ext4_init_fs+0x0/0x1c2 returned 0 after 1720 usecs
[    9.685758] calling  journal_init+0x0/0x11c @ 1
[    9.693179] initcall journal_init+0x0/0x11c returned 0 after 345 usecs
[    9.703351] calling  init_fat_fs+0x0/0x49 @ 1
[    9.710401] initcall init_fat_fs+0x0/0x49 returned 0 after 253 usecs
[    9.720140] calling  init_vfat_fs+0x0/0xc @ 1
[    9.726657] initcall init_vfat_fs+0x0/0xc returned 0 after 7 usecs
[    9.736275] calling  init_msdos_fs+0x0/0xc @ 1
[    9.743312] initcall init_msdos_fs+0x0/0xc returned 0 after 7 usecs
[    9.752450] calling  init_iso9660_fs+0x0/0x6c @ 1
[    9.759929] initcall init_iso9660_fs+0x0/0x6c returned 0 after 324 usecs
[    9.770113] calling  init_nfs_fs+0x0/0x13a @ 1
[    9.783043] initcall init_nfs_fs+0x0/0x13a returned 0 after 6078 usecs
[    9.793007] calling  init_nfs_v2+0x0/0x13 @ 1
[    9.799894] initcall init_nfs_v2+0x0/0x13 returned 0 after 182 usecs
[    9.810009] calling  init_nfs_v3+0x0/0x13 @ 1
[    9.816452] initcall init_nfs_v3+0x0/0x13 returned 0 after 2 usecs
[    9.825970] calling  init_nfs_v4+0x0/0x32 @ 1
[    9.832794] NFS: Registering the id_resolver key type
[    9.840773] Key type id_resolver registered
[    9.847288] Key type id_legacy registered
[    9.854303] initcall init_nfs_v4+0x0/0x32 returned 0 after 21042 usecs
[    9.864059] calling  init_nlm+0x0/0x5b @ 1
[    9.870803] initcall init_nlm+0x0/0x5b returned 0 after 161 usecs
[    9.880195] calling  init_nls_cp437+0x0/0xe @ 1
[    9.888292] initcall init_nls_cp437+0x0/0xe returned 0 after 1058 usecs
[    9.899272] calling  init_nls_ascii+0x0/0xe @ 1
[    9.906695] initcall init_nls_ascii+0x0/0xe returned 0 after 2 usecs
[    9.916409] calling  init_nls_iso8859_1+0x0/0xe @ 1
[    9.923686] initcall init_nls_iso8859_1+0x0/0xe returned 0 after 2 usecs
[    9.933804] calling  init_nls_utf8+0x0/0x21 @ 1
[    9.940407] initcall init_nls_utf8+0x0/0x21 returned 0 after 2 usecs
[    9.950280] calling  init_autofs_fs+0x0/0x25 @ 1
[    9.959750] initcall init_autofs_fs+0x0/0x25 returned 0 after 2177 usecs
[    9.970809] calling  ipc_init+0x0/0x24 @ 1
[    9.977498] initcall ipc_init+0x0/0x24 returned 0 after 171 usecs
[    9.986445] calling  ipc_sysctl_init+0x0/0x13 @ 1
[    9.993988] initcall ipc_sysctl_init+0x0/0x13 returned 0 after 20 usecs
[   10.003723] calling  init_mqueue_fs+0x0/0xb1 @ 1
[   10.012320] initcall init_mqueue_fs+0x0/0xb1 returned 0 after 1697 usecs
[   10.022575] calling  key_proc_init+0x0/0x63 @ 1
[   10.029630] initcall key_proc_init+0x0/0x63 returned 0 after 13 usecs
[   10.039246] calling  selinux_nf_ip_init+0x0/0x2e @ 1
[   10.047283] initcall selinux_nf_ip_init+0x0/0x2e returned 0 after 111 usecs
[   10.058374] calling  init_sel_fs+0x0/0x116 @ 1
[   10.065120] initcall init_sel_fs+0x0/0x116 returned 0 after 1 usecs
[   10.074219] calling  selnl_init+0x0/0x7c @ 1
[   10.082058] initcall selnl_init+0x0/0x7c returned 0 after 1278 usecs
[   10.090847] calling  sel_netif_init+0x0/0x36 @ 1
[   10.097516] initcall sel_netif_init+0x0/0x36 returned 0 after 1 usecs
[   10.106837] calling  sel_netnode_init+0x0/0x33 @ 1
[   10.114265] initcall sel_netnode_init+0x0/0x33 returned 0 after 1 usecs
[   10.123826] calling  sel_netport_init+0x0/0x33 @ 1
[   10.131152] initcall sel_netport_init+0x0/0x33 returned 0 after 1 usecs
[   10.140802] calling  aurule_init+0x0/0x2a @ 1
[   10.147680] initcall aurule_init+0x0/0x2a returned 0 after 157 usecs
[   10.157563] calling  crypto_algapi_init+0x0/0xc @ 1
[   10.164815] initcall crypto_algapi_init+0x0/0xc returned 0 after 13 usecs
[   10.175347] calling  jent_mod_init+0x0/0x2d @ 1
[   10.197954] initcall jent_mod_init+0x0/0x2d returned 0 after 15488 usecs
[   10.209032] calling  asymmetric_key_init+0x0/0xc @ 1
[   10.216051] Key type asymmetric registered
[   10.221731] initcall asymmetric_key_init+0x0/0xc returned 0 after 5603 usecs
[   10.231009] calling  x509_key_init+0x0/0xc @ 1
[   10.237088] Asymmetric key parser 'x509' registered
[   10.243885] initcall x509_key_init+0x0/0xc returned 0 after 6800 usecs
[   10.254157] calling  proc_genhd_init+0x0/0x41 @ 1
[   10.260744] initcall proc_genhd_init+0x0/0x41 returned 0 after 13 usecs
[   10.270697] calling  bsg_init+0x0/0x113 @ 1
[   10.276771] Block layer SCSI generic (bsg) driver version 0.4 loaded (major 251)
[   10.287264] initcall bsg_init+0x0/0x113 returned 0 after 10382 usecs
[   10.296816] calling  deadline_init+0x0/0xc @ 1
[   10.304107] io scheduler mq-deadline registered
[   10.311003] initcall deadline_init+0x0/0xc returned 0 after 6946 usecs
[   10.320564] calling  kyber_init+0x0/0xc @ 1
[   10.326881] io scheduler kyber registered
[   10.332807] initcall kyber_init+0x0/0xc returned 0 after 5787 usecs
[   10.342800] calling  mod_init+0x0/0x7 @ 1
[   10.348899] initcall mod_init+0x0/0x7 returned 0 after 1 usecs
[   10.356953] calling  percpu_counter_startup+0x0/0x55 @ 1
[   10.372851] initcall percpu_counter_startup+0x0/0x55 returned 0 after 8538 usecs
[   10.383853] calling  sg_pool_init+0x0/0xb4 @ 1
[   10.392819] initcall sg_pool_init+0x0/0xb4 returned 0 after 2337 usecs
[   10.402216] calling  pcie_portdrv_init+0x0/0x39 @ 1
[   10.408844] initcall pcie_portdrv_init+0x0/0x39 returned 0 after 241 usecs
[   10.418557] calling  pci_proc_init+0x0/0x68 @ 1
[   10.425222] initcall pci_proc_init+0x0/0x68 returned 0 after 150 usecs
[   10.434470] calling  pci_hotplug_init+0x0/0x7 @ 1
[   10.441697] initcall pci_hotplug_init+0x0/0x7 returned 0 after 1 usecs
[   10.451289] calling  efifb_driver_init+0x0/0xe @ 1
[   10.458421] initcall efifb_driver_init+0x0/0xe returned 0 after 52 usecs
[   10.468955] calling  ged_driver_init+0x0/0xe @ 1
[   10.475664] initcall ged_driver_init+0x0/0xe returned 0 after 286 usecs
[   10.485104] calling  acpi_ac_init+0x0/0x92 @ 1
[   10.495039] initcall acpi_ac_init+0x0/0x92 returned 0 after 3805 usecs
[   10.504649] calling  acpi_button_driver_init+0x0/0x52 @ 1
[   10.517461] input: Power Button as /devices/LNXSYSTM:00/LNXPWRBN:00/input/input0
[   10.531245] ACPI: Power Button [PWRF]
[   10.537528] initcall acpi_button_driver_init+0x0/0x52 returned 0 after 24148 usecs
[   10.548206] calling  acpi_fan_driver_init+0x0/0xe @ 1
[   10.555784] initcall acpi_fan_driver_init+0x0/0xe returned 0 after 39 usecs
[   10.565992] calling  acpi_video_init+0x0/0xcb @ 1
[   10.573187] initcall acpi_video_init+0x0/0xcb returned 0 after 193 usecs
[   10.583441] calling  acpi_processor_driver_init+0x0/0xad @ 1
[   10.596414] initcall acpi_processor_driver_init+0x0/0xad returned 0 after 4453 usecs
[   10.607619] calling  acpi_thermal_init+0x0/0x71 @ 1
[   10.620971] initcall acpi_thermal_init+0x0/0x71 returned 0 after 6592 usecs
[   10.630724] calling  acpi_battery_init+0x0/0x32 @ 1
[   10.638481] initcall acpi_battery_init+0x0/0x32 returned 0 after 938 usecs
[   10.648308] calling  bgrt_init+0x0/0xb6 @ 1
[   10.654430] initcall bgrt_init+0x0/0xb6 returned -19 after 1 usecs
[   10.662789] calling  gpio_clk_driver_init+0x0/0xe @ 1
[   10.670354] initcall gpio_clk_driver_init+0x0/0xe returned 0 after 259 usecs
[   10.679478] calling  plt_clk_driver_init+0x0/0xe @ 1
[   10.686174] initcall plt_clk_driver_init+0x0/0xe returned 0 after 41 usecs
[   10.695697] calling  virtio_pci_driver_init+0x0/0x15 @ 1
[   10.703846] initcall virtio_pci_driver_init+0x0/0x15 returned 0 after 427 usecs
[   10.714666] calling  n_null_init+0x0/0x1e @ 1
[   10.721086] initcall n_null_init+0x0/0x1e returned 0 after 31 usecs
[   10.729801] calling  pty_init+0x0/0x1e8 @ 1
[   10.738441] initcall pty_init+0x0/0x1e8 returned 0 after 2414 usecs
[   10.748035] calling  sysrq_init+0x0/0x62 @ 1
[   10.754147] initcall sysrq_init+0x0/0x62 returned 0 after 16 usecs
[   10.762773] calling  serial8250_init+0x0/0x17e @ 1
[   10.769540] Serial: 8250/16550 driver, 4 ports, IRQ sharing enabled
[   10.782883] 00:03: ttyS0 at I/O 0x3f8 (irq = 4, base_baud = 115200) is a 16550A
[   10.810126] initcall serial8250_init+0x0/0x17e returned 0 after 39770 usecs
[   10.820417] calling  serial_pci_driver_init+0x0/0x15 @ 1
[   10.828382] initcall serial_pci_driver_init+0x0/0x15 returned 0 after 305 usecs
[   10.838214] calling  exar_pci_driver_init+0x0/0x15 @ 1
[   10.845700] initcall exar_pci_driver_init+0x0/0x15 returned 0 after 264 usecs
[   10.856309] calling  lpss8250_pci_driver_init+0x0/0x15 @ 1
[   10.864457] initcall lpss8250_pci_driver_init+0x0/0x15 returned 0 after 119 usecs
[   10.876218] calling  mid8250_pci_driver_init+0x0/0x15 @ 1
[   10.884863] initcall mid8250_pci_driver_init+0x0/0x15 returned 0 after 66 usecs
[   10.896713] calling  virtio_console_init+0x0/0xff @ 1
[   10.906010] initcall virtio_console_init+0x0/0xff returned 0 after 743 usecs
[   10.917522] calling  hpet_init+0x0/0x64 @ 1
[   10.930413] initcall hpet_init+0x0/0x64 returned 0 after 5711 usecs
[   10.941406] calling  nvram_module_init+0x0/0x83 @ 1
[   10.954943] Non-volatile memory driver v1.3
[   10.961530] initcall nvram_module_init+0x0/0x83 returned 0 after 11381 usecs
[   10.973163] calling  hwrng_modinit+0x0/0x8a @ 1
[   10.986212] initcall hwrng_modinit+0x0/0x8a returned 0 after 4680 usecs
[   10.996976] calling  mod_init+0x0/0x48 @ 1
[   11.003506] initcall mod_init+0x0/0x48 returned -19 after 0 usecs
[   11.013904] calling  agp_init+0x0/0x23 @ 1
[   11.021023] Linux agpgart interface v0.103
[   11.028035] initcall agp_init+0x0/0x23 returned 0 after 6845 usecs
[   11.038370] calling  agp_amd64_mod_init+0x0/0x5 @ 1
[   11.047089] initcall agp_amd64_mod_init+0x0/0x5 returned -19 after 502 usecs
[   11.058909] calling  agp_intel_init+0x0/0x28 @ 1
[   11.068310] initcall agp_intel_init+0x0/0x28 returned 0 after 1368 usecs
[   11.079112] calling  drm_kms_helper_init+0x0/0x7 @ 1
[   11.087410] initcall drm_kms_helper_init+0x0/0x7 returned 0 after 117 usecs
[   11.099186] calling  drm_core_init+0x0/0xbd @ 1
[   11.108978] initcall drm_core_init+0x0/0xbd returned 0 after 1547 usecs
[   11.120481] calling  i915_init+0x0/0x6b @ 1
[   11.133559] initcall i915_init+0x0/0x6b returned 0 after 5497 usecs
[   11.143153] calling  cn_proc_init+0x0/0x35 @ 1
[   11.150567] initcall cn_proc_init+0x0/0x35 returned 0 after 127 usecs
[   11.160350] calling  topology_sysfs_init+0x0/0x27 @ 1
[   11.169094] initcall topology_sysfs_init+0x0/0x27 returned 0 after 707 usecs
[   11.180007] calling  cacheinfo_sysfs_init+0x0/0x27 @ 1
[   11.208935] hrtimer: interrupt took 3073271 ns
[   11.230939] initcall cacheinfo_sysfs_init+0x0/0x27 returned 0 after 42606 usecs
[   11.244075] calling  loop_init+0x0/0x16a @ 1
[   11.419404] loop: module loaded
[   11.424655] initcall loop_init+0x0/0x16a returned 0 after 168953 usecs
[   11.435038] calling  mac_hid_init+0x0/0x21 @ 1
[   11.443225] initcall mac_hid_init+0x0/0x21 returned 0 after 66 usecs
[   11.453423] calling  spi_transport_init+0x0/0x74 @ 1
[   11.462162] initcall spi_transport_init+0x0/0x74 returned 0 after 349 usecs
[   11.473018] calling  init_sd+0x0/0x18c @ 1
[   11.480979] initcall init_sd+0x0/0x18c returned 0 after 659 usecs
[   11.491339] calling  init_sr+0x0/0x43 @ 1
[   11.498836] initcall init_sr+0x0/0x43 returned 0 after 242 usecs
[   11.509170] calling  init_sg+0x0/0x1c0 @ 1
[   11.517481] initcall init_sg+0x0/0x1c0 returned 0 after 395 usecs
[   11.526544] calling  ahci_pci_driver_init+0x0/0x15 @ 1
[   11.534913] ahci 0000:00:1f.2: version 3.0
[   11.548938] PCI Interrupt Link [GSIA] enabled at IRQ 16
[   11.604852] ahci 0000:00:1f.2: AHCI 0001.0000 32 slots 6 ports 1.5 Gbps 0x3f impl SATA mode
[   11.616073] ahci 0000:00:1f.2: flags: 64bit ncq only 
[   11.704680] scsi host0: ahci
[   11.718959] scsi host1: ahci
[   11.728384] scsi host2: ahci
[   11.742463] scsi host3: ahci
[   11.762080] scsi host4: ahci
[   11.773618] scsi host5: ahci
[   11.780319] ata1: SATA max UDMA/133 abar m4096@0xfebf1000 port 0xfebf1100 irq 24
[   11.791482] ata2: SATA max UDMA/133 abar m4096@0xfebf1000 port 0xfebf1180 irq 24
[   11.802287] ata3: SATA max UDMA/133 abar m4096@0xfebf1000 port 0xfebf1200 irq 24
[   11.813049] ata4: SATA max UDMA/133 abar m4096@0xfebf1000 port 0xfebf1280 irq 24
[   11.825862] ata5: SATA max UDMA/133 abar m4096@0xfebf1000 port 0xfebf1300 irq 24
[   11.838185] ata6: SATA max UDMA/133 abar m4096@0xfebf1000 port 0xfebf1380 irq 24
[   11.848912] initcall ahci_pci_driver_init+0x0/0x15 returned 0 after 306981 usecs
[   11.860981] calling  piix_init+0x0/0x26 @ 1
[   11.868105] initcall piix_init+0x0/0x26 returned 0 after 259 usecs
[   11.878807] calling  amd_pci_driver_init+0x0/0x15 @ 1
[   11.887012] initcall amd_pci_driver_init+0x0/0x15 returned 0 after 55 usecs
[   11.898121] calling  oldpiix_pci_driver_init+0x0/0x15 @ 1
[   11.907420] initcall oldpiix_pci_driver_init+0x0/0x15 returned 0 after 58 usecs
[   11.918686] calling  sch_pci_driver_init+0x0/0x15 @ 1
[   11.928760] initcall sch_pci_driver_init+0x0/0x15 returned 0 after 318 usecs
[   11.942650] calling  net_olddevs_init+0x0/0x55 @ 1
[   11.950912] initcall net_olddevs_init+0x0/0x55 returned 0 after 245 usecs
[   11.962315] calling  blackhole_netdev_init+0x0/0x78 @ 1
[   11.971867] initcall blackhole_netdev_init+0x0/0x78 returned 0 after 1172 usecs
[   11.985687] calling  phy_module_init+0x0/0x13 @ 1
[   11.994371] initcall phy_module_init+0x0/0x13 returned 0 after 540 usecs
[   12.005171] calling  tg3_driver_init+0x0/0x15 @ 1
[   12.013373] initcall tg3_driver_init+0x0/0x15 returned 0 after 196 usecs
[   12.024027] calling  e100_init_module+0x0/0x4c @ 1
[   12.031787] e100: Intel(R) PRO/100 Network Driver
[   12.038893] e100: Copyright(c) 1999-2006 Intel Corporation
[   12.047077] initcall e100_init_module+0x0/0x4c returned 0 after 14927 usecs
[   12.057193] calling  e1000_init_module+0x0/0x72 @ 1
[   12.064572] e1000: Intel(R) PRO/1000 Network Driver
[   12.071754] e1000: Copyright (c) 1999-2006 Intel Corporation.
[   12.080799] initcall e1000_init_module+0x0/0x72 returned 0 after 15862 usecs
[   12.091587] calling  e1000_init_module+0x0/0x2d @ 1
[   12.100801] e1000e: Intel(R) PRO/1000 Network Driver
[   12.108136] e1000e: Copyright(c) 1999 - 2015 Intel Corporation.
[   12.116960] initcall e1000_init_module+0x0/0x2d returned 0 after 15854 usecs
[   12.129942] calling  sky2_init_module+0x0/0x21 @ 1
[   12.137072] sky2: driver version 1.30
[   12.142787] initcall sky2_init_module+0x0/0x21 returned 0 after 5577 usecs
[   12.152697] calling  forcedeth_pci_driver_init+0x0/0x15 @ 1
[   12.179756] initcall forcedeth_pci_driver_init+0x0/0x15 returned 0 after 70 usecs
[   12.181771] ata1: SATA link down (SStatus 0 SControl 300)
[   12.192897] calling  rtl8139_init_module+0x0/0x15 @ 1
[   12.192962] initcall rtl8139_init_module+0x0/0x15 returned 0 after 53 usecs
[   12.211837] ata4: SATA link down (SStatus 0 SControl 300)
[   12.220595] calling  rtl8169_pci_driver_init+0x0/0x15 @ 1
[   12.220674] initcall rtl8169_pci_driver_init+0x0/0x15 returned 0 after 73 usecs
[   12.241933] ata3: SATA link up 1.5 Gbps (SStatus 113 SControl 300)
[   12.247586] calling  cdrom_init+0x0/0xc @ 1
[   12.260454] ata3.00: ATAPI: QEMU DVD-ROM, 2.5+, max UDMA/100
[   12.274169] initcall cdrom_init+0x0/0xc returned 0 after 69 usecs
[   12.280425] ata3.00: applying bridge limits
[   12.283833] ata2: SATA link down (SStatus 0 SControl 300)
[   12.290218] calling  nonstatic_sysfs_init+0x0/0xc @ 1
[   12.308969] ata5: SATA link down (SStatus 0 SControl 300)
[   12.313598] initcall nonstatic_sysfs_init+0x0/0xc returned 0 after 26 usecs
[   12.313603] calling  yenta_cardbus_driver_init+0x0/0x15 @ 1
[   12.313709] initcall yenta_cardbus_driver_init+0x0/0x15 returned 0 after 98 usecs
[   12.313712] calling  mon_init+0x0/0x144 @ 1
[   12.329955] initcall mon_init+0x0/0x144 returned 0 after 15853 usecs
[   12.342994] ata3.00: configured for UDMA/100
[   12.350723] calling  ehci_hcd_init+0x0/0x56 @ 1
[   12.391961] ata6: SATA link down (SStatus 0 SControl 300)
[   12.398306] ehci_hcd: USB 2.0 'Enhanced' Host Controller (EHCI) Driver
[   12.432058] scsi 2:0:0:0: CD-ROM            QEMU     QEMU DVD-ROM     2.5+ PQ: 0 ANSI: 5
[   12.436946] initcall ehci_hcd_init+0x0/0x56 returned 0 after 37787 usecs
[   12.436952] calling  ehci_pci_init+0x0/0x64 @ 1
[   12.436956] ehci-pci: EHCI PCI platform driver
[   12.437056] initcall ehci_pci_init+0x0/0x64 returned 0 after 97 usecs
[   12.437059] calling  ohci_hcd_mod_init+0x0/0x4e @ 1
[   12.437061] ohci_hcd: USB 1.1 'Open' Host Controller (OHCI) Driver
[   12.437086] initcall ohci_hcd_mod_init+0x0/0x4e returned 0 after 23 usecs
[   12.437089] calling  ohci_pci_init+0x0/0x64 @ 1
[   12.437091] ohci-pci: OHCI PCI platform driver
[   12.437155] initcall ohci_pci_init+0x0/0x64 returned 0 after 60 usecs
[   12.587088] calling  uhci_hcd_init+0x0/0xa8 @ 1
[   12.593985] uhci_hcd: USB Universal Host Controller Interface driver
[   12.604055] initcall uhci_hcd_init+0x0/0xa8 returned 0 after 9830 usecs
[   12.622646] calling  xhci_hcd_init+0x0/0x1e @ 1
[   12.641090] initcall xhci_hcd_init+0x0/0x1e returned 0 after 39 usecs
[   12.653595] calling  xhci_pci_init+0x0/0x49 @ 1
[   12.660645] initcall xhci_pci_init+0x0/0x49 returned 0 after 229 usecs
[   12.670428] calling  usblp_driver_init+0x0/0x15 @ 1
[   12.677970] usbcore: registered new interface driver usblp
[   12.686321] initcall usblp_driver_init+0x0/0x15 returned 0 after 8283 usecs
[   12.696273] calling  usb_storage_driver_init+0x0/0x2a @ 1
[   12.704144] usbcore: registered new interface driver usb-storage
[   12.713003] initcall usb_storage_driver_init+0x0/0x2a returned 0 after 8746 usecs
[   12.724600] calling  i8042_init+0x0/0x4c2 @ 1
[   12.732214] i8042: PNP: PS/2 Controller [PNP0303:KBD,PNP0f13:MOU] at 0x60,0x64 irq 1,12
[   12.758445] serio: i8042 KBD port at 0x60,0x64 irq 1
[   12.765954] serio: i8042 AUX port at 0x60,0x64 irq 12
[   12.774438] initcall i8042_init+0x0/0x4c2 returned 0 after 41460 usecs
[   12.783923] calling  serport_init+0x0/0x2c @ 1
[   12.790553] initcall serport_init+0x0/0x2c returned 0 after 2 usecs
[   12.799737] calling  input_leds_init+0x0/0xc @ 1
[   12.806584] initcall input_leds_init+0x0/0xc returned 0 after 3 usecs
[   12.816059] calling  evdev_init+0x0/0xc @ 1
[   12.826372] initcall evdev_init+0x0/0xc returned 0 after 2731 usecs
[   12.835381] calling  atkbd_init+0x0/0x21 @ 1
[   12.842138] initcall atkbd_init+0x0/0x21 returned 0 after 562 usecs
[   12.851399] calling  psmouse_init+0x0/0x7f @ 1
[   12.858318] initcall psmouse_init+0x0/0x7f returned 0 after 137 usecs
[   12.868562] calling  cmos_init+0x0/0x73 @ 1
[   12.875913] rtc_cmos 00:04: RTC can wake from S4
[   12.876102] sr 2:0:0:0: [sr0] scsi3-mmc drive: 4x/4x cd/rw xa/form2 tray
[   12.891805] rtc_cmos 00:04: registered as rtc0
[   12.899458] cdrom: Uniform CD-ROM driver Revision: 3.20
[   12.907374] rtc_cmos 00:04: alarms up to one day, y3k, 242 bytes nvram, hpet irqs
[   12.931149] initcall cmos_init+0x0/0x73 returned 0 after 54714 usecs
[   12.940904] calling  smbalert_driver_init+0x0/0xe @ 1
[   12.948641] initcall smbalert_driver_init+0x0/0xe returned 0 after 185 usecs
[   12.959229] calling  i2c_i801_init+0x0/0xc5 @ 1
[   12.970420] i801_smbus 0000:00:1f.3: SMBus using PCI interrupt
[   12.980035] i2c i2c-0: 1/1 memory slots populated (from DMI)
[   12.988459] i2c i2c-0: Memory type 0x07 not supported yet, not instantiating SPD
[   12.999727] initcall i2c_i801_init+0x0/0xc5 returned 0 after 32712 usecs
[   13.010135] calling  ptp_kvm_init+0x0/0xf0 @ 1
[   13.021600] initcall ptp_kvm_init+0x0/0xf0 returned 0 after 4692 usecs
[   13.031278] calling  dm_init+0x0/0x3c @ 1
[   13.031928] input: AT Translated Set 2 keyboard as /devices/platform/i8042/serio0/input/input1
[   13.037451] device-mapper: ioctl: 4.43.0-ioctl (2020-10-01) initialised: dm-devel@redhat.com
[   13.075205] initcall dm_init+0x0/0x3c returned 0 after 37446 usecs
[   13.084366] calling  dm_mirror_init+0x0/0x29 @ 1
[   13.092263] initcall dm_mirror_init+0x0/0x29 returned 0 after 21 usecs
[   13.104109] calling  dm_dirty_log_init+0x0/0x4f @ 1
[   13.112348] initcall dm_dirty_log_init+0x0/0x4f returned 0 after 138 usecs
[   13.123845] calling  dm_zero_init+0x0/0x29 @ 1
[   13.131780] initcall dm_zero_init+0x0/0x29 returned 0 after 3 usecs
[   13.141834] calling  intel_pstate_init+0x0/0x50f @ 1
[   13.149819] intel_pstate: CPU model not supported
[   13.157722] initcall intel_pstate_init+0x0/0x50f returned -19 after 7730 usecs
[   13.169670] calling  haltpoll_init+0x0/0xc0 @ 1
[   13.177138] initcall haltpoll_init+0x0/0xc0 returned -19 after 55 usecs
[   13.187108] calling  efivars_sysfs_init+0x0/0x30 @ 1
[   13.193880] initcall efivars_sysfs_init+0x0/0x30 returned 0 after 23 usecs
[   13.204718] calling  esrt_sysfs_init+0x0/0x2a2 @ 1
[   13.212096] initcall esrt_sysfs_init+0x0/0x2a2 returned -38 after 1 usecs
[   13.222924] calling  hid_init+0x0/0x5c @ 1
[   13.230065] hid: raw HID events driver (C) Jiri Kosina
[   13.241944] initcall hid_init+0x0/0x5c returned 0 after 11753 usecs
[   13.251059] calling  hid_generic_init+0x0/0x15 @ 1
[   13.258983] initcall hid_generic_init+0x0/0x15 returned 0 after 112 usecs
[   13.289385] calling  a4_driver_init+0x0/0x15 @ 1
[   13.296069] initcall a4_driver_init+0x0/0x15 returned 0 after 42 usecs
[   13.319220] calling  apple_driver_init+0x0/0x15 @ 1
[   13.326569] initcall apple_driver_init+0x0/0x15 returned 0 after 197 usecs
[   13.353480] calling  belkin_driver_init+0x0/0x15 @ 1
[   13.360857] initcall belkin_driver_init+0x0/0x15 returned 0 after 69 usecs
[   13.371408] calling  ch_driver_init+0x0/0x15 @ 1
[   13.379937] initcall ch_driver_init+0x0/0x15 returned 0 after 56 usecs
[   13.390285] calling  ch_driver_init+0x0/0x15 @ 1
[   13.413698] initcall ch_driver_init+0x0/0x15 returned 0 after 43 usecs
[   13.423909] calling  cp_driver_init+0x0/0x15 @ 1
[   13.449554] initcall cp_driver_init+0x0/0x15 returned 0 after 45 usecs
[   13.459518] calling  ez_driver_init+0x0/0x15 @ 1
[   13.493621] initcall ez_driver_init+0x0/0x15 returned 0 after 190 usecs
[   13.503524] calling  gyration_driver_init+0x0/0x15 @ 1
[   13.512920] initcall gyration_driver_init+0x0/0x15 returned 0 after 75 usecs
[   13.524036] calling  ite_driver_init+0x0/0x15 @ 1
[   13.532753] initcall ite_driver_init+0x0/0x15 returned 0 after 48 usecs
[   13.548672] calling  ks_driver_init+0x0/0x15 @ 1
[   13.558089] initcall ks_driver_init+0x0/0x15 returned 0 after 51 usecs
[   13.573586] calling  lg_driver_init+0x0/0x15 @ 1
[   13.580879] initcall lg_driver_init+0x0/0x15 returned 0 after 58 usecs
[   13.591627] calling  lg_g15_driver_init+0x0/0x15 @ 1
[   13.613451] initcall lg_g15_driver_init+0x0/0x15 returned 0 after 86 usecs
[   13.623326] calling  ms_driver_init+0x0/0x15 @ 1
[   13.645444] initcall ms_driver_init+0x0/0x15 returned 0 after 48 usecs
[   13.654813] calling  mr_driver_init+0x0/0x15 @ 1
[   13.677550] initcall mr_driver_init+0x0/0x15 returned 0 after 44 usecs
[   13.688921] calling  ntrig_driver_init+0x0/0x15 @ 1
[   13.729648] initcall ntrig_driver_init+0x0/0x15 returned 0 after 91 usecs
[   13.739697] calling  pl_driver_init+0x0/0x15 @ 1
[   13.748340] initcall pl_driver_init+0x0/0x15 returned 0 after 72 usecs
[   13.750045] rcu-torture: rcu_torture_read_exit: End of episode
[   13.764294] calling  pl_driver_init+0x0/0x15 @ 1
[   13.777906] initcall pl_driver_init+0x0/0x15 returned 0 after 94 usecs
[   13.787059] calling  redragon_driver_init+0x0/0x15 @ 1
[   13.794068] initcall redragon_driver_init+0x0/0x15 returned 0 after 61 usecs
[   13.803958] calling  samsung_driver_init+0x0/0x15 @ 1
[   13.811352] initcall samsung_driver_init+0x0/0x15 returned 0 after 55 usecs
[   13.820567] calling  sony_init+0x0/0x38 @ 1
[   13.827377] initcall sony_init+0x0/0x38 returned 0 after 53 usecs
[   13.835571] calling  sp_driver_init+0x0/0x15 @ 1
[   13.841677] initcall sp_driver_init+0x0/0x15 returned 0 after 93 usecs
[   13.850132] calling  ts_driver_init+0x0/0x15 @ 1
[   13.856309] initcall ts_driver_init+0x0/0x15 returned 0 after 48 usecs
[   13.865020] calling  hid_init+0x0/0x58 @ 1
[   13.870945] usbcore: registered new interface driver usbhid
[   13.879533] usbhid: USB HID core driver
[   13.885595] initcall hid_init+0x0/0x58 returned 0 after 14400 usecs
[   13.894670] calling  eeepc_laptop_init+0x0/0x57 @ 1
[   13.902041] initcall eeepc_laptop_init+0x0/0x57 returned -19 after 193 usecs
[   13.911191] calling  pmc_atom_init+0x0/0x27a @ 1
[   13.917307] initcall pmc_atom_init+0x0/0x27a returned -19 after 10 usecs
[   13.926003] calling  alsa_hwdep_init+0x0/0x5e @ 1
[   13.931898] initcall alsa_hwdep_init+0x0/0x5e returned 0 after 174 usecs
[   13.940627] calling  alsa_timer_init+0x0/0x1f9 @ 1
[   13.948615] initcall alsa_timer_init+0x0/0x1f9 returned 0 after 1312 usecs
[   13.957886] sr 2:0:0:0: Attached scsi CD-ROM sr0
[   13.959269] calling  snd_hrtimer_init+0x0/0x117 @ 1
[   13.966152] sr 2:0:0:0: Attached scsi generic sg0 type 5
[   13.971749] initcall snd_hrtimer_init+0x0/0x117 returned 0 after 22 usecs
[   13.971770] calling  alsa_pcm_init+0x0/0x64 @ 1
[   13.971789] initcall alsa_pcm_init+0x0/0x64 returned 0 after 15 usecs
[   13.971792] calling  alsa_seq_init+0x0/0x4a @ 1
[   13.974950] initcall alsa_seq_init+0x0/0x4a returned 0 after 3078 usecs
[   14.023242] calling  alsa_seq_dummy_init+0x0/0x9c @ 1
[   14.030956] initcall alsa_seq_dummy_init+0x0/0x9c returned 0 after 132 usecs
[   14.041618] calling  azx_driver_init+0x0/0x15 @ 1
[   14.049018] initcall azx_driver_init+0x0/0x15 returned 0 after 207 usecs
[   14.059032] calling  sock_diag_init+0x0/0x2a @ 1
[   14.066244] initcall sock_diag_init+0x0/0x2a returned 0 after 238 usecs
[   14.076066] calling  blackhole_init+0x0/0xc @ 1
[   14.083202] initcall blackhole_init+0x0/0xc returned 0 after 3 usecs
[   14.091315] calling  nfnetlink_init+0x0/0x61 @ 1
