c[?7l[2J[0mSeaBIOS (version 1.16.0-debian-1.16.0-4)
Booting from ROM...
early console in setup code
c[?7l[2J[    0.000000] Linux version 5.10.155+ (root@joelboxx.c.googlers.com) (gcc (Debian 12.2.0-3) 12.2.0, GNU ld (GNU Binutils for Debian) 2.39) #1 SMP PREEMPT Tue Dec 13 05:17:02 UTC 2022
[    0.000000] Command line: selinux=0 initcall_debug debug console=ttyS0 rcutorture.onoff_interval=200 rcutorture.onoff_holdoff=30 rcutree.gp_preinit_delay=12 rcutree.gp_init_delay=3 rcutree.gp_cleanup_delay=3 rcutree.kthread_prio=2 threadirqs rcutorture.n_barrier_cbs=4 rcutorture.stat_interval=15 rcutorture.shutdown_secs=1800 rcutorture.test_no_idle_hz=1 rcutorture.verbose=1
[    0.000000] x86/fpu: x87 FPU will use FXSAVE
[    0.000000] BIOS-provided physical RAM map:
[    0.000000] BIOS-e820: [mem 0x0000000000000000-0x000000000009fbff] usable
[    0.000000] BIOS-e820: [mem 0x000000000009fc00-0x000000000009ffff] reserved
[    0.000000] BIOS-e820: [mem 0x00000000000f0000-0x00000000000fffff] reserved
[    0.000000] BIOS-e820: [mem 0x0000000000100000-0x000000001ffdefff] usable
[    0.000000] BIOS-e820: [mem 0x000000001ffdf000-0x000000001fffffff] reserved
[    0.000000] BIOS-e820: [mem 0x00000000b0000000-0x00000000bfffffff] reserved
[    0.000000] BIOS-e820: [mem 0x00000000fed1c000-0x00000000fed1ffff] reserved
[    0.000000] BIOS-e820: [mem 0x00000000feffc000-0x00000000feffffff] reserved
[    0.000000] BIOS-e820: [mem 0x00000000fffc0000-0x00000000ffffffff] reserved
[    0.000000] NX (Execute Disable) protection: active
[    0.000000] SMBIOS 2.8 present.
[    0.000000] DMI: QEMU Standard PC (Q35 + ICH9, 2009), BIOS 1.16.0-debian-1.16.0-4 04/01/2014
[    0.000000] Hypervisor detected: KVM
[    0.000000] kvm-clock: Using msrs 4b564d01 and 4b564d00
[    0.000000] kvm-clock: cpu 0, msr 17ebb001, primary cpu clock
[    0.000001] kvm-clock: using sched offset of 2058521079 cycles
[    0.000214] clocksource: kvm-clock: mask: 0xffffffffffffffff max_cycles: 0x1cd42e4dffb, max_idle_ns: 881590591483 ns
[    0.000408] tsc: Detected 1999.999 MHz processor
[    0.011442] e820: update [mem 0x00000000-0x00000fff] usable ==> reserved
[    0.011895] e820: remove [mem 0x000a0000-0x000fffff] usable
[    0.012203] last_pfn = 0x1ffdf max_arch_pfn = 0x400000000
[    0.013510] MTRR default type: write-back
[    0.013601] MTRR fixed ranges enabled:
[    0.013662]   00000-9FFFF write-back
[    0.013664]   A0000-BFFFF uncachable
[    0.013665]   C0000-FFFFF write-protect
[    0.013666] MTRR variable ranges enabled:
[    0.013668]   0 base 00C0000000 mask FFC0000000 uncachable
[    0.013669]   1 disabled
[    0.013670]   2 disabled
[    0.013671]   3 disabled
[    0.013672]   4 disabled
[    0.013673]   5 disabled
[    0.013673]   6 disabled
[    0.013674]   7 disabled
[    0.014378] x86/PAT: Configuration [0-7]: WB  WC  UC- UC  WB  WC  UC- UC  
[    0.024798] found SMP MP-table at [mem 0x000f5ba0-0x000f5baf]
[    0.027837] check: Scanning 1 areas for low memory corruption
[    0.038795] ACPI: Early table checksum verification disabled
[    0.040978] ACPI: RSDP 0x00000000000F59E0 000014 (v00 BOCHS )
[    0.045645] ACPI: RSDT 0x000000001FFE281A 000038 (v01 BOCHS  BXPC     00000001 BXPC 00000001)
[    0.047550] ACPI: FACP 0x000000001FFE259A 0000F4 (v03 BOCHS  BXPC     00000001 BXPC 00000001)
[    0.047693] ACPI: DSDT 0x000000001FFE0040 00255A (v01 BOCHS  BXPC     00000001 BXPC 00000001)
[    0.047699] ACPI: FACS 0x000000001FFE0000 000040
[    0.047703] ACPI: APIC 0x000000001FFE268E 0000F0 (v01 BOCHS  BXPC     00000001 BXPC 00000001)
[    0.047708] ACPI: HPET 0x000000001FFE277E 000038 (v01 BOCHS  BXPC     00000001 BXPC 00000001)
[    0.047713] ACPI: MCFG 0x000000001FFE27B6 00003C (v01 BOCHS  BXPC     00000001 BXPC 00000001)
[    0.047718] ACPI: WAET 0x000000001FFE27F2 000028 (v01 BOCHS  BXPC     00000001 BXPC 00000001)
[    0.047723] ACPI: Reserving FACP table memory at [mem 0x1ffe259a-0x1ffe268d]
[    0.047725] ACPI: Reserving DSDT table memory at [mem 0x1ffe0040-0x1ffe2599]
[    0.047726] ACPI: Reserving FACS table memory at [mem 0x1ffe0000-0x1ffe003f]
[    0.047727] ACPI: Reserving APIC table memory at [mem 0x1ffe268e-0x1ffe277d]
[    0.047728] ACPI: Reserving HPET table memory at [mem 0x1ffe277e-0x1ffe27b5]
[    0.047729] ACPI: Reserving MCFG table memory at [mem 0x1ffe27b6-0x1ffe27f1]
[    0.047731] ACPI: Reserving WAET table memory at [mem 0x1ffe27f2-0x1ffe2819]
[    0.049024] ACPI: Local APIC address 0xfee00000
[    0.060909] No NUMA configuration found
[    0.060978] Faking a node at [mem 0x0000000000000000-0x000000001ffdefff]
[    0.061335] NODE_DATA(0) allocated [mem 0x1ffdb000-0x1ffdefff]
[    0.062912] Zone ranges:
[    0.063546]   DMA      [mem 0x0000000000001000-0x0000000000ffffff]
[    0.063632]   DMA32    [mem 0x0000000001000000-0x000000001ffdefff]
[    0.063634]   Normal   empty
[    0.063635] Movable zone start for each node
[    0.063637] Early memory node ranges
[    0.063689]   node   0: [mem 0x0000000000001000-0x000000000009efff]
[    0.063743]   node   0: [mem 0x0000000000100000-0x000000001ffdefff]
[    0.063785] Initmem setup node 0 [mem 0x0000000000001000-0x000000001ffdefff]
[    0.063787] On node 0 totalpages: 130941
[    0.063899]   DMA zone: 64 pages used for memmap
[    0.063900]   DMA zone: 21 pages reserved
[    0.063945]   DMA zone: 3998 pages, LIFO batch:0
[    0.063947]   DMA32 zone: 1984 pages used for memmap
[    0.063948]   DMA32 zone: 126943 pages, LIFO batch:31
[    0.064724] On node 0, zone DMA: 1 pages in unavailable ranges
[    0.064747] On node 0, zone DMA: 97 pages in unavailable ranges
[    0.160032] On node 0, zone DMA32: 33 pages in unavailable ranges
[    0.163604] ACPI: PM-Timer IO Port: 0x608
[    0.163609] ACPI: Local APIC address 0xfee00000
[    0.163889] ACPI: LAPIC_NMI (acpi_id[0xff] dfl dfl lint[0x1])
[    0.164973] IOAPIC[0]: apic_id 0, version 17, address 0xfec00000, GSI 0-23
[    0.164978] ACPI: INT_SRC_OVR (bus 0 bus_irq 0 global_irq 2 dfl dfl)
[    0.165103] ACPI: INT_SRC_OVR (bus 0 bus_irq 5 global_irq 5 high level)
[    0.165104] ACPI: INT_SRC_OVR (bus 0 bus_irq 9 global_irq 9 high level)
[    0.165202] ACPI: INT_SRC_OVR (bus 0 bus_irq 10 global_irq 10 high level)
[    0.165203] ACPI: INT_SRC_OVR (bus 0 bus_irq 11 global_irq 11 high level)
[    0.165206] ACPI: IRQ0 used by override.
[    0.165207] ACPI: IRQ5 used by override.
[    0.165208] ACPI: IRQ9 used by override.
[    0.165209] ACPI: IRQ10 used by override.
[    0.165210] ACPI: IRQ11 used by override.
[    0.165213] Using ACPI (MADT) for SMP configuration information
[    0.165215] ACPI: HPET id: 0x8086a201 base: 0xfed00000
[    0.165757] smpboot: Allowing 16 CPUs, 0 hotplug CPUs
[    0.167318] PM: hibernation: Registered nosave memory: [mem 0x00000000-0x00000fff]
[    0.167321] PM: hibernation: Registered nosave memory: [mem 0x0009f000-0x0009ffff]
[    0.167323] PM: hibernation: Registered nosave memory: [mem 0x000a0000-0x000effff]
[    0.167324] PM: hibernation: Registered nosave memory: [mem 0x000f0000-0x000fffff]
[    0.167391] [mem 0x20000000-0xafffffff] available for PCI devices
[    0.167459] Booting paravirtualized kernel on KVM
[    0.168087] clocksource: refined-jiffies: mask: 0xffffffff max_cycles: 0xffffffff, max_idle_ns: 1910969940391419 ns
[    0.205388] setup_percpu: NR_CPUS:16 nr_cpumask_bits:16 nr_cpu_ids:16 nr_node_ids:1
[    0.303771] percpu: Embedded 55 pages/cpu s186328 r8192 d30760 u262144
[    0.303857] pcpu-alloc: s186328 r8192 d30760 u262144 alloc=1*2097152
[    0.303917] pcpu-alloc: [0] 00 01 02 03 04 05 06 07 [0] 08 09 10 11 12 13 14 15 
[    0.304627] kvm-guest: stealtime: cpu 0, msr 1f21b600
[    0.305104] Built 1 zonelists, mobility grouping on.  Total pages: 128872
[    0.305106] Policy zone: DMA32
[    0.305301] Kernel command line: selinux=0 initcall_debug debug console=ttyS0 rcutorture.onoff_interval=200 rcutorture.onoff_holdoff=30 rcutree.gp_preinit_delay=12 rcutree.gp_init_delay=3 rcutree.gp_cleanup_delay=3 rcutree.kthread_prio=2 threadirqs rcutorture.n_barrier_cbs=4 rcutorture.stat_interval=15 rcutorture.shutdown_secs=1800 rcutorture.test_no_idle_hz=1 rcutorture.verbose=1
[    0.322055] Dentry cache hash table entries: 65536 (order: 7, 524288 bytes, linear)
[    0.332119] Inode-cache hash table entries: 32768 (order: 6, 262144 bytes, linear)
[    0.333340] mem auto-init: stack:all(zero), heap alloc:off, heap free:off
[    0.351135] Memory: 476004K/523764K available (16397K kernel code, 2561K rwdata, 4696K rodata, 1496K init, 1404K bss, 47500K reserved, 0K cma-reserved)
[    0.351929] SLUB: HWalign=64, Order=0-3, MinObjects=0, CPUs=16, Nodes=1
[    0.352412] Kernel/User page tables isolation: enabled
[    0.361997] rcu: Preemptible hierarchical RCU implementation.
[    0.362000] rcu: 	RCU event tracing is enabled.
[    0.362001] rcu: 	CONFIG_RCU_FANOUT set to non-default value of 2.
[    0.362002] rcu: 	Four(or more)-level hierarchy is enabled.
[    0.362003] rcu: 	Build-time adjustment of leaf fanout to 2.
[    0.362059] rcu: 	RCU priority boosting: priority 2 delay 500 ms.
[    0.362060] rcu: 	RCU debug GP pre-init slowdown 12 jiffies.
[    0.362061] rcu: 	RCU debug GP init slowdown 3 jiffies.
[    0.362062] rcu: 	RCU debug GP init slowdown 3 jiffies.
[    0.362188] 	Trampoline variant of Tasks RCU enabled.
[    0.362189] 	Rude variant of Tasks RCU enabled.
[    0.362269] 	Tracing variant of Tasks RCU enabled.
[    0.362482] rcu: RCU calculated value of scheduler-enlistment delay is 100 jiffies.
[    0.392670] NR_IRQS: 4352, nr_irqs: 552, preallocated irqs: 16
[    0.396617] calling  con_init+0x0/0x22a @ 0
[    0.550997] Console: colour VGA+ 80x25
[    0.551009] initcall con_init+0x0/0x22a returned 0 after 0 usecs
[    0.551011] calling  hvc_console_init+0x0/0x13 @ 0
[    0.551056] initcall hvc_console_init+0x0/0x13 returned 0 after 0 usecs
[    0.551058] calling  univ8250_console_init+0x0/0x26 @ 0
[    1.564650] printk: console [ttyS0] enabled
[    1.571646] initcall univ8250_console_init+0x0/0x26 returned 0 after 0 usecs
[    1.582997] ACPI: Core revision 20200925
[    1.589647] clocksource: hpet: mask: 0xffffffff max_cycles: 0xffffffff, max_idle_ns: 19112604467 ns
[    1.602042] APIC: Switch to symmetric I/O mode setup
[    1.607960] Switched APIC routing to physical flat.
[    1.631117] ..TIMER: vector=0x30 apic1=0 pin1=2 apic2=-1 pin2=-1
[    1.640441] clocksource: tsc-early: mask: 0xffffffffffffffff max_cycles: 0x39a85afc727, max_idle_ns: 881590685098 ns
[    1.654990] Calibrating delay loop (skipped) preset value.. 3999.99 BogoMIPS (lpj=1999999)
[    1.656661] pid_max: default: 32768 minimum: 301
[    1.658643] LSM: Security Framework initializing
[    1.659905] Mount-cache hash table entries: 1024 (order: 1, 8192 bytes, linear)
[    1.660637] Mountpoint-cache hash table entries: 1024 (order: 1, 8192 bytes, linear)
[    1.672105] Last level iTLB entries: 4KB 0, 2MB 0, 4MB 0
[    1.672602] Last level dTLB entries: 4KB 0, 2MB 0, 4MB 0, 1GB 0
[    1.673676] Spectre V1 : Mitigation: usercopy/swapgs barriers and __user pointer sanitization
[    1.674616] Spectre V2 : Mitigation: Retpolines
[    1.675600] Spectre V2 : Spectre v2 / SpectreRSB mitigation: Filling RSB on context switch
[    1.676600] Spectre V2 : Spectre v2 / SpectreRSB : Filling RSB on VMEXIT
[    1.677601] Speculative Store Bypass: Vulnerable
[    1.678634] MDS: Vulnerable: Clear CPU buffers attempted, no microcode
[    1.679600] MMIO Stale Data: Unknown: No mitigations
[    1.735272] Freeing SMP alternatives memory: 40K
[    1.840403] smpboot: CPU0: Intel Common KVM processor (family: 0xf, model: 0x6, stepping: 0x1)
[    1.841960] calling  init_hw_perf_events+0x0/0x6ce @ 1
[    1.842600] Performance Events: unsupported Netburst CPU model 6 no PMU driver, software events only.
[    1.843607] initcall init_hw_perf_events+0x0/0x6ce returned 0 after 976 usecs
[    1.844603] calling  init_real_mode+0x0/0x1e9 @ 1
[    1.846835] initcall init_real_mode+0x0/0x1e9 returned 0 after 976 usecs
[    1.847603] calling  trace_init_perf_perm_irq_work_exit+0x0/0x12 @ 1
[    1.848602] initcall trace_init_perf_perm_irq_work_exit+0x0/0x12 returned 0 after 0 usecs
[    1.849649] calling  validate_x2apic+0x0/0x4a @ 1
[    1.850630] initcall validate_x2apic+0x0/0x4a returned 0 after 0 usecs
[    1.851602] calling  register_nmi_cpu_backtrace_handler+0x0/0x15 @ 1
[    1.852607] initcall register_nmi_cpu_backtrace_handler+0x0/0x15 returned 0 after 0 usecs
[    1.853604] calling  kvm_setup_vsyscall_timeinfo+0x0/0xce @ 1
[    1.854604] initcall kvm_setup_vsyscall_timeinfo+0x0/0xce returned 0 after 0 usecs
[    1.855618] calling  spawn_ksoftirqd+0x0/0x38 @ 1
[    1.856706] initcall spawn_ksoftirqd+0x0/0x38 returned 0 after 0 usecs
[    1.857602] calling  migration_init+0x0/0x31 @ 1
[    1.858612] initcall migration_init+0x0/0x31 returned 0 after 0 usecs
[    1.859613] calling  srcu_bootup_announce+0x0/0x2f @ 1
[    1.861603] rcu: Hierarchical SRCU implementation.
[    1.862624] initcall srcu_bootup_announce+0x0/0x2f returned 0 after 1953 usecs
[    1.863605] calling  rcu_spawn_gp_kthread+0x0/0x1e1 @ 1
[    1.865767] initcall rcu_spawn_gp_kthread+0x0/0x1e1 returned 0 after 976 usecs
[    1.866604] calling  check_cpu_stall_init+0x0/0x1a @ 1
[    1.867603] initcall check_cpu_stall_init+0x0/0x1a returned 0 after 0 usecs
[    1.868609] calling  rcu_sysrq_init+0x0/0x21 @ 1
[    1.869603] initcall rcu_sysrq_init+0x0/0x21 returned 0 after 0 usecs
[    1.870602] calling  trace_init_flags_sys_enter+0x0/0xe @ 1
[    1.871602] initcall trace_init_flags_sys_enter+0x0/0xe returned 0 after 0 usecs
[    1.872614] calling  trace_init_flags_sys_exit+0x0/0xe @ 1
[    1.873618] initcall trace_init_flags_sys_exit+0x0/0xe returned 0 after 0 usecs
[    1.874602] calling  cpu_stop_init+0x0/0x6e @ 1
[    1.875783] initcall cpu_stop_init+0x0/0x6e returned 0 after 0 usecs
[    1.876603] calling  init_kprobes+0x0/0x165 @ 1
[    1.878387] initcall init_kprobes+0x0/0x165 returned 0 after 0 usecs
[    1.878605] calling  init_events+0x0/0x3d @ 1
[    1.880051] initcall init_events+0x0/0x3d returned 0 after 0 usecs
[    1.880604] calling  init_trace_printk+0x0/0xc @ 1
[    1.881604] initcall init_trace_printk+0x0/0xc returned 0 after 0 usecs
[    1.882603] calling  event_trace_enable_again+0x0/0x23 @ 1
[    1.883604] initcall event_trace_enable_again+0x0/0x23 returned 0 after 0 usecs
[    1.884604] calling  static_call_init+0x0/0x77 @ 1
[    1.885603] initcall static_call_init+0x0/0x77 returned 0 after 0 usecs
[    1.886603] calling  jump_label_init_module+0x0/0xc @ 1
[    1.887604] initcall jump_label_init_module+0x0/0xc returned 0 after 0 usecs
[    1.888602] calling  init_zero_pfn+0x0/0x37 @ 1
[    1.889602] initcall init_zero_pfn+0x0/0x37 returned 0 after 0 usecs
[    1.890620] calling  initialize_ptr_random+0x0/0x54 @ 1
[    1.891607] initcall initialize_ptr_random+0x0/0x54 returned 0 after 0 usecs
[    1.892605] calling  efi_memreserve_root_init+0x0/0x25 @ 1
[    1.893670] initcall efi_memreserve_root_init+0x0/0x25 returned 0 after 0 usecs
[    1.894621] calling  efi_earlycon_remap_fb+0x0/0x51 @ 1
[    1.895603] initcall efi_earlycon_remap_fb+0x0/0x51 returned 0 after 0 usecs
[    1.899708] smp: Bringing up secondary CPUs ...
[    1.901967] x86: Booting SMP configuration:
[    1.902639] .... node  #0, CPUs:        #1
[    1.255348] kvm-clock: cpu 1, msr 17ebb041, secondary cpu clock
[    1.927138] kvm-guest: stealtime: cpu 1, msr 1f25b600
[    1.942170]   #2
[    1.255348] kvm-clock: cpu 2, msr 17ebb081, secondary cpu clock
[    1.964084] kvm-guest: stealtime: cpu 2, msr 1f29b600
[    1.979614]   #3
[    1.255348] kvm-clock: cpu 3, msr 17ebb0c1, secondary cpu clock
[    2.001169] kvm-guest: stealtime: cpu 3, msr 1f2db600
[    2.015333]   #4
[    1.255348] kvm-clock: cpu 4, msr 17ebb101, secondary cpu clock
[    2.038145] kvm-guest: stealtime: cpu 4, msr 1f31b600
[    2.052618]   #5
[    1.255348] kvm-clock: cpu 5, msr 17ebb141, secondary cpu clock
[    2.076769] kvm-guest: stealtime: cpu 5, msr 1f35b600
[    2.093637]   #6
[    1.255348] kvm-clock: cpu 6, msr 17ebb181, secondary cpu clock
[    2.117183] kvm-guest: stealtime: cpu 6, msr 1f39b600
[    2.132622]   #7
[    1.255348] kvm-clock: cpu 7, msr 17ebb1c1, secondary cpu clock
[    2.154599] kvm-guest: stealtime: cpu 7, msr 1f3db600
[    2.169197]   #8
[    1.255348] kvm-clock: cpu 8, msr 17ebb201, secondary cpu clock
[    2.194162] kvm-guest: stealtime: cpu 8, msr 1f41b600
[    2.208622]   #9
[    1.255348] kvm-clock: cpu 9, msr 17ebb241, secondary cpu clock
[    2.233857] kvm-guest: stealtime: cpu 9, msr 1f45b600
[    2.248615]  #10
[    1.255348] kvm-clock: cpu 10, msr 17ebb281, secondary cpu clock
[    2.271599] kvm-guest: stealtime: cpu 10, msr 1f49b600
[    2.286619]  #11
[    1.255348] kvm-clock: cpu 11, msr 17ebb2c1, secondary cpu clock
[    2.310304] kvm-guest: stealtime: cpu 11, msr 1f4db600
[    2.330125]  #12
[    1.255348] kvm-clock: cpu 12, msr 17ebb301, secondary cpu clock
[    2.352599] kvm-guest: stealtime: cpu 12, msr 1f51b600
[    2.367471]  #13
[    1.255348] kvm-clock: cpu 13, msr 17ebb341, secondary cpu clock
[    2.393361] kvm-guest: stealtime: cpu 13, msr 1f55b600
[    2.411615]  #14
[    1.255348] kvm-clock: cpu 14, msr 17ebb381, secondary cpu clock
[    2.434050] kvm-guest: stealtime: cpu 14, msr 1f59b600
[    2.449618]  #15
[    1.255348] kvm-clock: cpu 15, msr 17ebb3c1, secondary cpu clock
[    2.471854] kvm-guest: stealtime: cpu 15, msr 1f5db600
[    2.486695] smp: Brought up 1 node, 16 CPUs
[    2.487614] smpboot: Max logical packages: 1
[    2.488607] smpboot: Total of 16 processors activated (63999.96 BogoMIPS)
[    2.507423] devtmpfs: initialized
[    2.512096] calling  ipc_ns_init+0x0/0x3d @ 1
[    2.512669] initcall ipc_ns_init+0x0/0x3d returned 0 after 0 usecs
[    2.513608] calling  init_mmap_min_addr+0x0/0x21 @ 1
[    2.514605] initcall init_mmap_min_addr+0x0/0x21 returned 0 after 0 usecs
[    2.515605] calling  pci_realloc_setup_params+0x0/0x3f @ 1
[    2.516604] initcall pci_realloc_setup_params+0x0/0x3f returned 0 after 0 usecs
[    2.517639] calling  net_ns_init+0x0/0x140 @ 1
[    2.520262] initcall net_ns_init+0x0/0x140 returned 0 after 976 usecs
[    2.520626] calling  e820__register_nvs_regions+0x0/0x37 @ 1
[    2.521606] initcall e820__register_nvs_regions+0x0/0x37 returned 0 after 0 usecs
[    2.522605] calling  cpufreq_register_tsc_scaling+0x0/0x2e @ 1
[    2.523606] initcall cpufreq_register_tsc_scaling+0x0/0x2e returned 0 after 0 usecs
[    2.524604] calling  reboot_init+0x0/0x3c @ 1
[    2.525720] initcall reboot_init+0x0/0x3c returned 0 after 0 usecs
[    2.527603] calling  init_lapic_sysfs+0x0/0x20 @ 1
[    2.528602] initcall init_lapic_sysfs+0x0/0x20 returned 0 after 0 usecs
[    2.529605] calling  alloc_frozen_cpus+0x0/0x7 @ 1
[    2.530602] initcall alloc_frozen_cpus+0x0/0x7 returned 0 after 0 usecs
[    2.531604] calling  cpu_hotplug_pm_sync_init+0x0/0x13 @ 1
[    2.532603] initcall cpu_hotplug_pm_sync_init+0x0/0x13 returned 0 after 0 usecs
[    2.533601] calling  wq_sysfs_init+0x0/0x2a @ 1
[    2.534660] initcall wq_sysfs_init+0x0/0x2a returned 0 after 0 usecs
[    2.535601] calling  ksysfs_init+0x0/0x92 @ 1
[    2.536614] initcall ksysfs_init+0x0/0x92 returned 0 after 0 usecs
[    2.537604] calling  schedutil_gov_init+0x0/0xc @ 1
[    2.538661] initcall schedutil_gov_init+0x0/0xc returned 0 after 0 usecs
[    2.539603] calling  pm_init+0x0/0x76 @ 1
[    2.540663] initcall pm_init+0x0/0x76 returned 0 after 0 usecs
[    2.541602] calling  pm_disk_init+0x0/0x13 @ 1
[    2.542636] initcall pm_disk_init+0x0/0x13 returned 0 after 0 usecs
[    2.543602] calling  swsusp_header_init+0x0/0x2b @ 1
[    2.544604] initcall swsusp_header_init+0x0/0x2b returned 0 after 0 usecs
[    2.545601] calling  rcu_set_runtime_mode+0x0/0x16 @ 1
[    2.547736] initcall rcu_set_runtime_mode+0x0/0x16 returned 0 after 976 usecs
[    2.548604] calling  init_jiffies_clocksource+0x0/0x13 @ 1
[    2.549601] clocksource: jiffies: mask: 0xffffffff max_cycles: 0xffffffff, max_idle_ns: 1911260446275000 ns
[    2.550607] initcall init_jiffies_clocksource+0x0/0x13 returned 0 after 976 usecs
[    2.551616] calling  futex_init+0x0/0xf7 @ 1
[    2.552604] futex hash table entries: 4096 (order: 6, 262144 bytes, linear)
[    2.554922] initcall futex_init+0x0/0xf7 returned 0 after 1953 usecs
[    2.555604] calling  cgroup_wq_init+0x0/0x28 @ 1
[    2.556613] initcall cgroup_wq_init+0x0/0x28 returned 0 after 0 usecs
[    2.557602] calling  cgroup1_wq_init+0x0/0x28 @ 1
[    2.558611] initcall cgroup1_wq_init+0x0/0x28 returned 0 after 0 usecs
[    2.559604] calling  init_kprobe_trace_early+0x0/0x2a @ 1
[    2.561667] initcall init_kprobe_trace_early+0x0/0x2a returned 0 after 976 usecs
[    2.562605] calling  fsnotify_init+0x0/0x48 @ 1
[    2.563629] initcall fsnotify_init+0x0/0x48 returned 0 after 0 usecs
[    2.564602] calling  filelock_init+0x0/0x96 @ 1
[    2.565613] initcall filelock_init+0x0/0x96 returned 0 after 0 usecs
[    2.566614] calling  init_misc_binfmt+0x0/0x2c @ 1
[    2.567619] initcall init_misc_binfmt+0x0/0x2c returned 0 after 0 usecs
[    2.568650] calling  init_script_binfmt+0x0/0x15 @ 1
[    2.569603] initcall init_script_binfmt+0x0/0x15 returned 0 after 0 usecs
[    2.570606] calling  init_elf_binfmt+0x0/0x15 @ 1
[    2.571606] initcall init_elf_binfmt+0x0/0x15 returned 0 after 0 usecs
[    2.572604] calling  init_compat_elf_binfmt+0x0/0x15 @ 1
[    2.573604] initcall init_compat_elf_binfmt+0x0/0x15 returned 0 after 0 usecs
[    2.574604] calling  debugfs_init+0x0/0x5c @ 1
[    2.575645] initcall debugfs_init+0x0/0x5c returned 0 after 0 usecs
[    2.576604] calling  tracefs_init+0x0/0x3a @ 1
[    2.577610] initcall tracefs_init+0x0/0x3a returned 0 after 0 usecs
[    2.578603] calling  prandom_init_early+0x0/0x15d @ 1
[    2.579606] initcall prandom_init_early+0x0/0x15d returned 0 after 0 usecs
[    2.580774] calling  virtio_init+0x0/0x20 @ 1
[    2.582641] initcall virtio_init+0x0/0x20 returned 0 after 0 usecs
[    2.583605] calling  iommu_init+0x0/0x2a @ 1
[    2.584660] initcall iommu_init+0x0/0x2a returned 0 after 0 usecs
[    2.585602] calling  component_debug_init+0x0/0x1c @ 1
[    2.586699] initcall component_debug_init+0x0/0x1c returned 0 after 0 usecs
[    2.587602] calling  early_resume_init+0x0/0xb9 @ 1
[    2.589600] PM: RTC time: 05:41:52, date: 2022-12-13
[    2.590602] initcall early_resume_init+0x0/0xb9 returned 0 after 1953 usecs
[    2.591605] calling  cpufreq_core_init+0x0/0x62 @ 1
[    2.592648] initcall cpufreq_core_init+0x0/0x62 returned 0 after 0 usecs
[    2.593603] calling  cpufreq_gov_performance_init+0x0/0xc @ 1
[    2.594602] initcall cpufreq_gov_performance_init+0x0/0xc returned 0 after 0 usecs
[    2.595602] calling  cpufreq_gov_userspace_init+0x0/0xc @ 1
[    2.596602] initcall cpufreq_gov_userspace_init+0x0/0xc returned 0 after 0 usecs
[    2.597602] calling  CPU_FREQ_GOV_ONDEMAND_init+0x0/0xc @ 1
[    2.598606] initcall CPU_FREQ_GOV_ONDEMAND_init+0x0/0xc returned 0 after 0 usecs
[    2.599605] calling  cpuidle_init+0x0/0x1f @ 1
[    2.600647] initcall cpuidle_init+0x0/0x1f returned 0 after 0 usecs
[    2.601602] calling  capsule_reboot_register+0x0/0xc @ 1
[    2.602618] initcall capsule_reboot_register+0x0/0xc returned 0 after 0 usecs
[    2.603603] calling  sock_init+0x0/0x93 @ 1
[    2.606256] initcall sock_init+0x0/0x93 returned 0 after 976 usecs
[    2.606604] calling  net_inuse_init+0x0/0x23 @ 1
[    2.607611] initcall net_inuse_init+0x0/0x23 returned 0 after 0 usecs
[    2.608603] calling  net_defaults_init+0x0/0x23 @ 1
[    2.609607] initcall net_defaults_init+0x0/0x23 returned 0 after 0 usecs
[    2.610606] calling  init_default_flow_dissectors+0x0/0x4f @ 1
[    2.611607] initcall init_default_flow_dissectors+0x0/0x4f returned 0 after 0 usecs
[    2.612609] calling  netpoll_init+0x0/0x26 @ 1
[    2.613603] initcall netpoll_init+0x0/0x26 returned 0 after 0 usecs
[    2.614603] calling  netlink_proto_init+0x0/0x14f @ 1
[    2.618201] NET: Registered protocol family 16
[    2.618619] initcall netlink_proto_init+0x0/0x14f returned 0 after 2929 usecs
[    2.619605] calling  genl_init+0x0/0x35 @ 1
[    2.620689] initcall genl_init+0x0/0x35 returned 0 after 0 usecs
[    2.621604] calling  bsp_pm_check_init+0x0/0x13 @ 1
[    2.622607] initcall bsp_pm_check_init+0x0/0x13 returned 0 after 0 usecs
[    2.623626] calling  irq_sysfs_init+0x0/0xb7 @ 1
[    2.625773] initcall irq_sysfs_init+0x0/0xb7 returned 0 after 0 usecs
[    2.626605] calling  audit_init+0x0/0x160 @ 1
[    2.627605] audit: initializing netlink subsys (disabled)
[    2.630205] initcall audit_init+0x0/0x160 returned 0 after 1953 usecs
[    2.630068] audit: type=2000 audit(1670910110.788:1): state=initialized audit_enabled=0 res=1
[    2.630607] calling  release_early_probes+0x0/0x32 @ 1
[    2.632606] initcall release_early_probes+0x0/0x32 returned 0 after 0 usecs
[    2.633605] calling  bdi_class_init+0x0/0x48 @ 1
[    2.634900] initcall bdi_class_init+0x0/0x48 returned 0 after 0 usecs
[    2.635611] calling  mm_sysfs_init+0x0/0x28 @ 1
[    2.636608] initcall mm_sysfs_init+0x0/0x28 returned 0 after 0 usecs
[    2.637603] calling  init_per_zone_wmark_min+0x0/0x6d @ 1
[    2.638608] initcall init_per_zone_wmark_min+0x0/0x6d returned 0 after 0 usecs
[    2.639603] calling  mpi_init+0x0/0x3e @ 1
[    2.640665] initcall mpi_init+0x0/0x3e returned 0 after 0 usecs
[    2.641602] calling  kobject_uevent_init+0x0/0xc @ 1
[    2.642609] initcall kobject_uevent_init+0x0/0xc returned 0 after 0 usecs
[    2.643603] calling  pcibus_class_init+0x0/0x13 @ 1
[    2.644613] initcall pcibus_class_init+0x0/0x13 returned 0 after 0 usecs
[    2.645606] calling  pci_driver_init+0x0/0x21 @ 1
[    2.646638] initcall pci_driver_init+0x0/0x21 returned 0 after 0 usecs
[    2.647603] calling  backlight_class_init+0x0/0xa8 @ 1
[    2.648663] initcall backlight_class_init+0x0/0xa8 returned 0 after 0 usecs
[    2.649603] calling  tty_class_init+0x0/0x33 @ 1
[    2.650615] initcall tty_class_init+0x0/0x33 returned 0 after 0 usecs
[    2.651602] calling  vtconsole_class_init+0x0/0xb5 @ 1
[    2.652657] initcall vtconsole_class_init+0x0/0xb5 returned 0 after 0 usecs
[    2.653603] calling  iommu_dev_init+0x0/0x13 @ 1
[    2.654642] initcall iommu_dev_init+0x0/0x13 returned 0 after 0 usecs
[    2.655603] calling  mipi_dsi_bus_init+0x0/0xc @ 1
[    2.656632] initcall mipi_dsi_bus_init+0x0/0xc returned 0 after 0 usecs
[    2.657604] calling  devlink_class_init+0x0/0x40 @ 1
[    2.658611] initcall devlink_class_init+0x0/0x40 returned 0 after 0 usecs
[    2.659602] calling  software_node_init+0x0/0x2a @ 1
[    2.660611] initcall software_node_init+0x0/0x2a returned 0 after 0 usecs
[    2.661604] calling  wakeup_sources_debugfs_init+0x0/0x23 @ 1
[    2.662640] initcall wakeup_sources_debugfs_init+0x0/0x23 returned 0 after 0 usecs
[    2.663621] calling  wakeup_sources_sysfs_init+0x0/0x2c @ 1
[    2.664612] initcall wakeup_sources_sysfs_init+0x0/0x2c returned 0 after 0 usecs
[    2.665605] calling  register_node_type+0x0/0x13 @ 1
[    2.666661] initcall register_node_type+0x0/0x13 returned 0 after 0 usecs
[    2.667603] calling  regmap_initcall+0x0/0xc @ 1
[    2.668682] initcall regmap_initcall+0x0/0xc returned 0 after 0 usecs
[    2.669619] calling  i2c_init+0x0/0xb3 @ 1
[    2.670668] initcall i2c_init+0x0/0xb3 returned 0 after 0 usecs
[    2.671604] calling  thermal_init+0x0/0xf2 @ 1
[    2.672626] thermal_sys: Registered thermal governor 'step_wise'
[    2.672628] thermal_sys: Registered thermal governor 'user_space'
[    2.673613] initcall thermal_init+0x0/0xf2 returned 0 after 976 usecs
[    2.675602] calling  init_menu+0x0/0xc @ 1
[    2.681721] cpuidle: using governor menu
[    2.686603] initcall init_menu+0x0/0xc returned 0 after 9765 usecs
[    2.694604] calling  pcc_init+0x0/0x4d @ 1
[    2.699626] initcall pcc_init+0x0/0x4d returned -19 after 0 usecs
[    2.707612] calling  amd_postcore_init+0x0/0x11e @ 1
[    2.713604] initcall amd_postcore_init+0x0/0x11e returned 0 after 0 usecs
[    2.723640] calling  bts_init+0x0/0xba @ 1
[    2.729605] initcall bts_init+0x0/0xba returned -19 after 0 usecs
[    2.736603] calling  pt_init+0x0/0x341 @ 1
[    2.741602] initcall pt_init+0x0/0x341 returned -19 after 0 usecs
[    2.749604] calling  boot_params_ksysfs_init+0x0/0x2ee @ 1
[    2.756637] initcall boot_params_ksysfs_init+0x0/0x2ee returned 0 after 0 usecs
[    2.765605] calling  sbf_init+0x0/0xea @ 1
[    2.770603] initcall sbf_init+0x0/0xea returned 0 after 0 usecs
[    2.778604] calling  arch_kdebugfs_init+0x0/0x219 @ 1
[    2.784818] initcall arch_kdebugfs_init+0x0/0x219 returned 0 after 0 usecs
[    2.794606] calling  intel_pconfig_init+0x0/0x85 @ 1
[    2.801605] initcall intel_pconfig_init+0x0/0x85 returned 0 after 0 usecs
[    2.808604] calling  mtrr_if_init+0x0/0x5d @ 1
[    2.826681] initcall mtrr_if_init+0x0/0x5d returned 0 after 9765 usecs
[    2.834607] calling  activate_jump_labels+0x0/0x31 @ 1
[    2.840605] initcall activate_jump_labels+0x0/0x31 returned 0 after 0 usecs
[    2.849606] calling  ffh_cstate_init+0x0/0x29 @ 1
[    2.855610] initcall ffh_cstate_init+0x0/0x29 returned 0 after 0 usecs
[    2.862605] calling  activate_jump_labels+0x0/0x31 @ 1
[    2.870188] initcall activate_jump_labels+0x0/0x31 returned 0 after 976 usecs
[    2.878604] calling  kvm_alloc_cpumask+0x0/0x74 @ 1
[    2.885651] initcall kvm_alloc_cpumask+0x0/0x74 returned 0 after 0 usecs
[    2.893605] calling  kcmp_cookies_init+0x0/0x37 @ 1
[    2.899610] initcall kcmp_cookies_init+0x0/0x37 returned 0 after 0 usecs
[    2.907604] calling  cryptomgr_init+0x0/0xc @ 1
[    2.913633] initcall cryptomgr_init+0x0/0xc returned 0 after 0 usecs
[    2.921605] calling  acpi_pci_init+0x0/0x57 @ 1
[    2.927603] ACPI: bus type PCI registered
[    2.932607] initcall acpi_pci_init+0x0/0x57 returned 0 after 4882 usecs
[    2.940605] calling  dma_channel_table_init+0x0/0xd1 @ 1
[    2.946617] initcall dma_channel_table_init+0x0/0xd1 returned 0 after 0 usecs
[    2.955605] calling  dma_bus_init+0x0/0xdc @ 1
[    2.960950] initcall dma_bus_init+0x0/0xdc returned 0 after 0 usecs
[    2.968679] calling  iommu_dma_init+0x0/0x10 @ 1
[    2.974640] initcall iommu_dma_init+0x0/0x10 returned 0 after 0 usecs
[    2.982605] calling  dmi_id_init+0x0/0x37c @ 1
[    2.987848] initcall dmi_id_init+0x0/0x37c returned 0 after 0 usecs
[    2.995605] calling  pci_arch_init+0x0/0x71 @ 1
[    3.001926] PCI: MMCONFIG for domain 0000 [bus 00-ff] at [mem 0xb0000000-0xbfffffff] (base 0xb0000000)
[    3.012604] PCI: MMCONFIG at [mem 0xb0000000-0xbfffffff] reserved in E820
[    3.020624] PCI: Using configuration type 1 for base access
[    3.027649] initcall pci_arch_init+0x0/0x71 returned 0 after 26367 usecs
[    3.035626] calling  init_vdso+0x0/0x13 @ 1
[    3.040649] initcall init_vdso+0x0/0x13 returned 0 after 0 usecs
[    3.047603] calling  sysenter_setup+0x0/0x13 @ 1
[    3.053633] initcall sysenter_setup+0x0/0x13 returned 0 after 0 usecs
[    3.061602] calling  fixup_ht_bug+0x0/0xe5 @ 1
[    3.066602] initcall fixup_ht_bug+0x0/0xe5 returned 0 after 0 usecs
[    3.073602] calling  topology_init+0x0/0x88 @ 1
[    3.079961] initcall topology_init+0x0/0x88 returned 0 after 0 usecs
[    3.087622] calling  intel_epb_init+0x0/0x68 @ 1
[    3.093605] initcall intel_epb_init+0x0/0x68 returned -19 after 0 usecs
[    3.103604] calling  mtrr_init_finialize+0x0/0x3e @ 1
[    3.111606] initcall mtrr_init_finialize+0x0/0x3e returned 0 after 0 usecs
[    3.121607] calling  uid_cache_init+0x0/0x85 @ 1
[    3.128610] initcall uid_cache_init+0x0/0x85 returned 0 after 0 usecs
[    3.136603] calling  param_sysfs_init+0x0/0x1ba @ 1
[    3.156522] initcall param_sysfs_init+0x0/0x1ba returned 0 after 14648 usecs
[    3.165768] calling  user_namespace_sysctl_init+0x0/0x33 @ 1
[    3.173625] initcall user_namespace_sysctl_init+0x0/0x33 returned 0 after 976 usecs
[    3.180624] calling  proc_schedstat_init+0x0/0x24 @ 1
[    3.186748] initcall proc_schedstat_init+0x0/0x24 returned 0 after 0 usecs
[    3.196643] calling  pm_sysrq_init+0x0/0x18 @ 1
[    3.215607] initcall pm_sysrq_init+0x0/0x18 returned 0 after 14648 usecs
[    3.216669] calling  create_proc_profile+0x0/0xd0 @ 1
[    3.217606] initcall create_proc_profile+0x0/0xd0 returned 0 after 0 usecs
[    3.218608] calling  time_ns_init+0x0/0x7 @ 1
[    3.219606] initcall time_ns_init+0x0/0x7 returned 0 after 0 usecs
[    3.220605] calling  crash_save_vmcoreinfo_init+0x0/0x722 @ 1
[    3.223287] initcall crash_save_vmcoreinfo_init+0x0/0x722 returned 0 after 0 usecs
[    3.223607] calling  crash_notes_memory_init+0x0/0x35 @ 1
[    3.224611] initcall crash_notes_memory_init+0x0/0x35 returned 0 after 0 usecs
[    3.225604] calling  cgroup_sysfs_init+0x0/0x13 @ 1
[    3.227602] initcall cgroup_sysfs_init+0x0/0x13 returned 0 after 976 usecs
[    3.228608] calling  cgroup_namespaces_init+0x0/0x7 @ 1
[    3.229607] initcall cgroup_namespaces_init+0x0/0x7 returned 0 after 0 usecs
[    3.230607] calling  init_optprobes+0x0/0x13 @ 1
[    3.231603] Kprobes globally optimized
[    3.232607] initcall init_optprobes+0x0/0x13 returned 0 after 976 usecs
[    3.233605] calling  oom_init+0x0/0x2f @ 1
[    3.238682] initcall oom_init+0x0/0x2f returned 0 after 3906 usecs
[    3.239604] calling  default_bdi_init+0x0/0xb3 @ 1
[    3.242913] initcall default_bdi_init+0x0/0xb3 returned 0 after 1953 usecs
[    3.243605] calling  percpu_enable_async+0x0/0xe @ 1
[    3.244604] initcall percpu_enable_async+0x0/0xe returned 0 after 0 usecs
[    3.245603] calling  kcompactd_init+0x0/0x8d @ 1
[    3.249602] initcall kcompactd_init+0x0/0x8d returned 0 after 2929 usecs
[    3.250797] calling  init_user_reserve+0x0/0x40 @ 1
[    3.251605] initcall init_user_reserve+0x0/0x40 returned 0 after 0 usecs
[    3.252604] calling  init_admin_reserve+0x0/0x40 @ 1
[    3.253603] initcall init_admin_reserve+0x0/0x40 returned 0 after 0 usecs
[    3.254604] calling  init_reserve_notifier+0x0/0x7 @ 1
[    3.255603] initcall init_reserve_notifier+0x0/0x7 returned 0 after 0 usecs
[    3.256604] calling  swap_init_sysfs+0x0/0x62 @ 1
[    3.257616] initcall swap_init_sysfs+0x0/0x62 returned 0 after 0 usecs
[    3.258604] calling  swapfile_init+0x0/0x94 @ 1
[    3.259603] initcall swapfile_init+0x0/0x94 returned 0 after 0 usecs
[    3.260603] calling  hugetlb_init+0x0/0x496 @ 1
[    3.261604] HugeTLB registered 2.00 MiB page size, pre-allocated 0 pages
[    3.262619] initcall hugetlb_init+0x0/0x496 returned 0 after 976 usecs
[    3.263606] calling  io_wq_init+0x0/0x34 @ 1
[    3.264605] initcall io_wq_init+0x0/0x34 returned 0 after 0 usecs
[    3.265604] calling  seqiv_module_init+0x0/0xc @ 1
[    3.266603] initcall seqiv_module_init+0x0/0xc returned 0 after 0 usecs
[    3.267602] calling  echainiv_module_init+0x0/0xc @ 1
[    3.268613] initcall echainiv_module_init+0x0/0xc returned 0 after 0 usecs
[    3.269668] calling  rsa_init+0x0/0x50 @ 1
[    3.272459] initcall rsa_init+0x0/0x50 returned 0 after 976 usecs
[    3.272188] cryptomgr_test (125) used greatest stack depth: 15504 bytes left
[    3.272616] calling  crypto_cmac_module_init+0x0/0xc @ 1
[    3.274619] initcall crypto_cmac_module_init+0x0/0xc returned 0 after 0 usecs
[    3.275618] calling  hmac_module_init+0x0/0xc @ 1
[    3.276614] initcall hmac_module_init+0x0/0xc returned 0 after 0 usecs
[    3.277616] calling  crypto_null_mod_init+0x0/0x65 @ 1
[    3.280175] cryptomgr_test (127) used greatest stack depth: 15408 bytes left
[    3.282278] initcall crypto_null_mod_init+0x0/0x65 returned 0 after 3906 usecs
[    3.299610] calling  md5_mod_init+0x0/0xc @ 1
[    3.316539] initcall md5_mod_init+0x0/0xc returned 0 after 9765 usecs
[    3.326274] calling  sha256_generic_mod_init+0x0/0x11 @ 1
[    3.328125] cryptomgr_test (131) used greatest stack depth: 15288 bytes left
[    3.329387] initcall sha256_generic_mod_init+0x0/0x11 returned 0 after 1953 usecs
[    3.330622] calling  crypto_cbc_module_init+0x0/0xc @ 1
[    3.331617] initcall crypto_cbc_module_init+0x0/0xc returned 0 after 0 usecs
[    3.332614] calling  crypto_ctr_module_init+0x0/0x11 @ 1
[    3.333615] initcall crypto_ctr_module_init+0x0/0x11 returned 0 after 0 usecs
[    3.334604] calling  crypto_gcm_module_init+0x0/0x64 @ 1
[    3.335911] initcall crypto_gcm_module_init+0x0/0x64 returned 0 after 0 usecs
[    3.336610] calling  crypto_ccm_module_init+0x0/0x11 @ 1
[    3.337606] initcall crypto_ccm_module_init+0x0/0x11 returned 0 after 0 usecs
[    3.338603] calling  aes_init+0x0/0xc @ 1
[    3.345607] initcall aes_init+0x0/0xc returned 0 after 5859 usecs
[    3.346618] calling  crc32c_mod_init+0x0/0xc @ 1
[    3.350154] cryptomgr_test (134) used greatest stack depth: 15208 bytes left
[    3.349940] initcall crc32c_mod_init+0x0/0xc returned 0 after 1953 usecs
[    3.367615] calling  crypto_authenc_module_init+0x0/0xc @ 1
[    3.374611] initcall crypto_authenc_module_init+0x0/0xc returned 0 after 0 usecs
[    3.384605] calling  crypto_authenc_esn_module_init+0x0/0xc @ 1
[    3.387610] initcall crypto_authenc_esn_module_init+0x0/0xc returned 0 after 0 usecs
[    3.397608] calling  drbg_init+0x0/0x7c @ 1
[    3.423063] initcall drbg_init+0x0/0x7c returned 0 after 20507 usecs
[    3.431610] calling  ghash_mod_init+0x0/0xc @ 1
[    3.439211] initcall ghash_mod_init+0x0/0xc returned 0 after 976 usecs
[    3.446760] calling  init_bio+0x0/0x9a @ 1
[    3.454450] initcall init_bio+0x0/0x9a returned 0 after 2929 usecs
[    3.461611] calling  blk_settings_init+0x0/0x29 @ 1
[    3.468985] initcall blk_settings_init+0x0/0x29 returned 0 after 0 usecs
[    3.476613] calling  blk_ioc_init+0x0/0x29 @ 1
[    3.481957] initcall blk_ioc_init+0x0/0x29 returned 0 after 0 usecs
[    3.489608] calling  blk_mq_init+0x0/0xb9 @ 1
[    3.494604] initcall blk_mq_init+0x0/0xb9 returned 0 after 0 usecs
[    3.501603] calling  genhd_device_init+0x0/0x75 @ 1
[    3.508378] initcall genhd_device_init+0x0/0x75 returned 0 after 976 usecs
[    3.515651] calling  pci_slot_init+0x0/0x40 @ 1
[    3.521610] initcall pci_slot_init+0x0/0x40 returned 0 after 0 usecs
[    3.528603] calling  fbmem_init+0x0/0xd8 @ 1
[    3.533800] initcall fbmem_init+0x0/0xd8 returned 0 after 0 usecs
[    3.540610] calling  acpi_init+0x0/0x319 @ 1
[    3.546663] ACPI: Added _OSI(Module Device)
[    3.551602] ACPI: Added _OSI(Processor Device)
[    3.556601] ACPI: Added _OSI(3.0 _SCP Extensions)
[    3.562601] ACPI: Added _OSI(Processor Aggregator Device)
[    3.565602] ACPI: Added _OSI(Linux-Dell-Video)
[    3.571602] ACPI: Added _OSI(Linux-Lenovo-NV-HDMI-Audio)
[    3.578601] ACPI: Added _OSI(Linux-HPI-Hybrid-Graphics)
[    3.586429] ACPI: 1 ACPI AML tables successfully acquired and loaded
[    3.600874] ACPI: Interpreter enabled
[    3.605655] ACPI: (supports S0 S3 S4 S5)
[    3.610602] ACPI: Using IOAPIC for interrupt routing
[    3.616644] PCI: Using host bridge windows from ACPI; if necessary, use "pci=nocrs" and report a bug
[    3.627962] ACPI: Enabled 2 GPEs in block 00 to 3F
[    3.641070] ACPI: PCI Root Bridge [PCI0] (domain 0000 [bus 00-ff])
[    3.648609] acpi PNP0A08:00: _OSC: OS supports [ExtendedConfig ASPM ClockPM Segments MSI HPX-Type3]
[    3.654758] acpi PNP0A08:00: _OSC: platform does not support [LTR]
[    3.662913] acpi PNP0A08:00: _OSC: OS now controls [PME PCIeCapability]
[    3.670863] PCI host bridge to bus 0000:00
[    3.675721] pci_bus 0000:00: root bus resource [io  0x0000-0x0cf7 window]
[    3.684603] pci_bus 0000:00: root bus resource [io  0x0d00-0xffff window]
[    3.692604] pci_bus 0000:00: root bus resource [mem 0x000a0000-0x000bffff window]
[    3.701603] pci_bus 0000:00: root bus resource [mem 0x20000000-0xafffffff window]
[    3.710603] pci_bus 0000:00: root bus resource [mem 0xc0000000-0xfebfffff window]
[    3.719603] pci_bus 0000:00: root bus resource [mem 0x100000000-0x8ffffffff window]
[    3.729605] pci_bus 0000:00: root bus resource [bus 00-ff]
[    3.737341] pci 0000:00:00.0: calling  quirk_mmio_always_on+0x0/0x10 @ 1
[    3.743654] pci 0000:00:00.0: quirk_mmio_always_on+0x0/0x10 took 0 usecs
[    3.751604] pci 0000:00:00.0: [8086:29c0] type 00 class 0x060000
[    3.762767] pci 0000:00:00.0: calling  quirk_igfx_skip_te_disable+0x0/0x80 @ 1
[    3.771610] pci 0000:00:00.0: quirk_igfx_skip_te_disable+0x0/0x80 took 0 usecs
[    3.780689] pci 0000:00:01.0: [1234:1111] type 00 class 0x030000
[    3.808596] pci 0000:00:01.0: reg 0x10: [mem 0xfd000000-0xfdffffff pref]
[    3.845596] pci 0000:00:01.0: reg 0x18: [mem 0xfebf0000-0xfebf0fff]
[    3.884596] pci 0000:00:01.0: reg 0x30: [mem 0xfebe0000-0xfebeffff pref]
[    3.897596] pci 0000:00:01.0: calling  efifb_fixup_resources+0x0/0xf0 @ 1
[    3.906633] pci 0000:00:01.0: efifb_fixup_resources+0x0/0xf0 took 0 usecs
[    3.922981] pci 0000:00:1f.0: [8086:2918] type 00 class 0x060100
[    3.935264] pci 0000:00:1f.0: calling  quirk_ich7_lpc+0x0/0x60 @ 1
[    3.943017] pci 0000:00:1f.0: quirk: [io  0x0600-0x067f] claimed by ICH6 ACPI/GPIO/TCO
[    3.952685] pci 0000:00:1f.0: quirk_ich7_lpc+0x0/0x60 took 9765 usecs
[    3.959678] pci 0000:00:1f.0: calling  quirk_igfx_skip_te_disable+0x0/0x80 @ 1
[    3.968623] pci 0000:00:1f.0: quirk_igfx_skip_te_disable+0x0/0x80 took 0 usecs
[    3.979327] pci 0000:00:1f.2: [8086:2922] type 00 class 0x010601
[    3.995327] pci 0000:00:1f.2: reg 0x20: [io  0xc040-0xc05f]
[    4.003603] pci 0000:00:1f.2: reg 0x24: [mem 0xfebf1000-0xfebf1fff]
[    4.012504] pci 0000:00:1f.2: calling  quirk_igfx_skip_te_disable+0x0/0x80 @ 1
[    4.020732] pci 0000:00:1f.2: quirk_igfx_skip_te_disable+0x0/0x80 took 0 usecs
[    4.033525] pci 0000:00:1f.3: [8086:2930] type 00 class 0x0c0500
[    4.046179] pci 0000:00:1f.3: reg 0x20: [io  0x0700-0x073f]
[    4.055395] pci 0000:00:1f.3: calling  quirk_igfx_skip_te_disable+0x0/0x80 @ 1
[    4.063605] pci 0000:00:1f.3: quirk_igfx_skip_te_disable+0x0/0x80 took 0 usecs
[    4.076029] ACPI: PCI Interrupt Link [LNKA] (IRQs 5 *10 11)
[    4.082994] ACPI: PCI Interrupt Link [LNKB] (IRQs 5 *10 11)
[    4.090616] ACPI: PCI Interrupt Link [LNKC] (IRQs 5 10 *11)
[    4.097810] ACPI: PCI Interrupt Link [LNKD] (IRQs 5 10 *11)
[    4.105003] ACPI: PCI Interrupt Link [LNKE] (IRQs 5 *10 11)
[    4.110811] ACPI: PCI Interrupt Link [LNKF] (IRQs 5 *10 11)
[    4.118735] ACPI: PCI Interrupt Link [LNKG] (IRQs 5 10 *11)
[    4.128728] ACPI: PCI Interrupt Link [LNKH] (IRQs 5 10 *11)
[    4.135805] ACPI: PCI Interrupt Link [GSIA] (IRQs *16)
[    4.141615] ACPI: PCI Interrupt Link [GSIB] (IRQs *17)
[    4.149724] ACPI: PCI Interrupt Link [GSIC] (IRQs *18)
[    4.156649] ACPI: PCI Interrupt Link [GSID] (IRQs *19)
[    4.162762] ACPI: PCI Interrupt Link [GSIE] (IRQs *20)
[    4.170649] ACPI: PCI Interrupt Link [GSIF] (IRQs *21)
[    4.177632] ACPI: PCI Interrupt Link [GSIG] (IRQs *22)
[    4.184650] ACPI: PCI Interrupt Link [GSIH] (IRQs *23)
[    4.199596] initcall acpi_init+0x0/0x319 returned 0 after 637695 usecs
[    4.209737] calling  pnp_init+0x0/0xc @ 1
[    4.215974] initcall pnp_init+0x0/0xc returned 0 after 0 usecs
[    4.225605] calling  misc_init+0x0/0xbf @ 1
[    4.233606] initcall misc_init+0x0/0xbf returned 0 after 1953 usecs
[    4.243611] calling  iommu_subsys_init+0x0/0x4e @ 1
[    4.250840] iommu: Default domain type: Translated 
[    4.257607] initcall iommu_subsys_init+0x0/0x4e returned 0 after 6835 usecs
[    4.265621] calling  vga_arb_device_init+0x0/0x261 @ 1
[    4.273184] pci 0000:00:01.0: vgaarb: setting as boot VGA device
[    4.273596] pci 0000:00:01.0: vgaarb: VGA device added: decodes=io+mem,owns=io+mem,locks=none
[    4.290608] pci 0000:00:01.0: vgaarb: bridge control possible
[    4.298600] vgaarb: loaded
[    4.301608] initcall vga_arb_device_init+0x0/0x261 returned 0 after 29296 usecs
[    4.311714] calling  cn_init+0x0/0xf0 @ 1
[    4.317761] initcall cn_init+0x0/0xf0 returned 0 after 976 usecs
[    4.325605] calling  dma_buf_init+0x0/0xad @ 1
[    4.332289] initcall dma_buf_init+0x0/0xad returned 0 after 976 usecs
[    4.340609] calling  init_scsi+0x0/0x79 @ 1
[    4.346070] SCSI subsystem initialized
[    4.350604] initcall init_scsi+0x0/0x79 returned 0 after 4882 usecs
[    4.357604] calling  ata_init+0x0/0x332 @ 1
[    4.366658] libata version 3.00 loaded.
[    4.371660] initcall ata_init+0x0/0x332 returned 0 after 8789 usecs
[    4.378604] calling  phy_init+0x0/0x250 @ 1
[    4.383890] initcall phy_init+0x0/0x250 returned 0 after 0 usecs
[    4.391617] calling  init_pcmcia_cs+0x0/0x35 @ 1
[    4.396717] initcall init_pcmcia_cs+0x0/0x35 returned 0 after 0 usecs
[    4.404603] calling  usb_common_init+0x0/0x1c @ 1
[    4.410675] initcall usb_common_init+0x0/0x1c returned 0 after 0 usecs
[    4.418602] calling  usb_init+0x0/0x12e @ 1
[    4.423687] ACPI: bus type USB registered
[    4.428954] usbcore: registered new interface driver usbfs
[    4.435690] usbcore: registered new interface driver hub
[    4.440621] usbcore: registered new device driver usb
[    4.446604] initcall usb_init+0x0/0x12e returned 0 after 22460 usecs
[    4.454601] calling  serio_init+0x0/0x29 @ 1
[    4.459654] initcall serio_init+0x0/0x29 returned 0 after 0 usecs
[    4.466601] calling  input_init+0x0/0xf6 @ 1
[    4.472680] initcall input_init+0x0/0xf6 returned 0 after 0 usecs
[    4.479602] calling  rtc_init+0x0/0x4d @ 1
[    4.484636] initcall rtc_init+0x0/0x4d returned 0 after 0 usecs
[    4.492642] calling  pps_init+0x0/0xa9 @ 1
[    4.497641] pps_core: LinuxPPS API ver. 1 registered
[    4.503602] pps_core: Software ver. 5.3.6 - Copyright 2005-2007 Rodolfo Giometti <giometti@linux.it>
[    4.515608] initcall pps_init+0x0/0xa9 returned 0 after 17578 usecs
[    4.524608] calling  ptp_init+0x0/0x98 @ 1
[    4.530634] PTP clock support registered
[    4.535604] initcall ptp_init+0x0/0x98 returned 0 after 4882 usecs
[    4.543605] calling  power_supply_class_init+0x0/0x3f @ 1
[    4.550690] initcall power_supply_class_init+0x0/0x3f returned 0 after 0 usecs
[    4.559604] calling  hwmon_init+0x0/0x104 @ 1
[    4.566627] initcall hwmon_init+0x0/0x104 returned 0 after 0 usecs
[    4.576605] calling  md_init+0x0/0x16b @ 1
[    4.584294] initcall md_init+0x0/0x16b returned 0 after 976 usecs
[    4.591611] calling  leds_init+0x0/0x3b @ 1
[    4.596604] initcall leds_init+0x0/0x3b returned 0 after 0 usecs
[    4.604603] calling  dmi_init+0x0/0x113 @ 1
[    4.609759] initcall dmi_init+0x0/0x113 returned 0 after 0 usecs
[    4.616602] calling  efisubsys_init+0x0/0x4e7 @ 1
[    4.622656] initcall efisubsys_init+0x0/0x4e7 returned 0 after 0 usecs
[    4.630619] calling  nvmem_init+0x0/0xc @ 1
[    4.635736] initcall nvmem_init+0x0/0xc returned 0 after 0 usecs
[    4.642602] calling  init_soundcore+0x0/0x33 @ 1
[    4.648611] initcall init_soundcore+0x0/0x33 returned 0 after 0 usecs
[    4.656603] calling  alsa_sound_init+0x0/0x8f @ 1
[    4.662909] Advanced Linux Sound Architecture Driver Initialized.
[    4.670609] initcall alsa_sound_init+0x0/0x8f returned 0 after 7812 usecs
[    4.678604] calling  alsa_seq_device_init+0x0/0x71 @ 1
[    4.685665] initcall alsa_seq_device_init+0x0/0x71 returned 0 after 0 usecs
[    4.694605] calling  hda_bus_init+0x0/0xc @ 1
[    4.699632] initcall hda_bus_init+0x0/0xc returned 0 after 0 usecs
[    4.707603] calling  proto_init+0x0/0xc @ 1
[    4.713649] initcall proto_init+0x0/0xc returned 0 after 0 usecs
[    4.720604] calling  net_dev_init+0x0/0x209 @ 1
[    4.731342] initcall net_dev_init+0x0/0x209 returned 0 after 2929 usecs
[    4.739608] calling  neigh_init+0x0/0x84 @ 1
[    4.744605] initcall neigh_init+0x0/0x84 returned 0 after 0 usecs
[    4.752604] calling  fib_notifier_init+0x0/0xc @ 1
[    4.758607] initcall fib_notifier_init+0x0/0xc returned 0 after 0 usecs
[    4.767603] calling  fib_rules_init+0x0/0xab @ 1
[    4.772638] initcall fib_rules_init+0x0/0xab returned 0 after 976 usecs
[    4.781603] calling  pktsched_init+0x0/0x10e @ 1
[    4.787635] initcall pktsched_init+0x0/0x10e returned 0 after 0 usecs
[    4.795604] calling  tc_filter_init+0x0/0xfa @ 1
[    4.801739] initcall tc_filter_init+0x0/0xfa returned 0 after 0 usecs
[    4.809615] calling  tc_action_init+0x0/0x54 @ 1
[    4.815606] initcall tc_action_init+0x0/0x54 returned 0 after 0 usecs
[    4.822637] calling  ethnl_init+0x0/0x52 @ 1
[    4.828933] initcall ethnl_init+0x0/0x52 returned 0 after 0 usecs
[    4.836604] calling  nexthop_init+0x0/0xd8 @ 1
[    4.841729] initcall nexthop_init+0x0/0xd8 returned 0 after 0 usecs
[    4.850611] calling  cipso_v4_init+0x0/0x5d @ 1
[    4.856670] initcall cipso_v4_init+0x0/0x5d returned 0 after 0 usecs
[    4.864603] calling  ieee80211_init+0x0/0x24 @ 1
[    4.870688] initcall ieee80211_init+0x0/0x24 returned 0 after 0 usecs
[    4.878634] calling  netlbl_init+0x0/0x78 @ 1
[    4.883614] NetLabel: Initializing
[    4.887600] NetLabel:  domain hash size = 128
[    4.893679] NetLabel:  protocols = UNLABELED CIPSOv4 CALIPSO
[    4.900757] NetLabel:  unlabeled traffic allowed by default
[    4.907605] initcall netlbl_init+0x0/0x78 returned 0 after 23437 usecs
[    4.915604] calling  rfkill_init+0x0/0x111 @ 1
[    4.921804] initcall rfkill_init+0x0/0x111 returned 0 after 976 usecs
[    4.929603] calling  pci_subsys_init+0x0/0x66 @ 1
[    4.935667] PCI: Using ACPI for IRQ routing
[    5.646682] PCI: pci_cache_line_size set to 64 bytes
[    5.653618] e820: reserve RAM buffer [mem 0x0009fc00-0x0009ffff]
[    5.660629] e820: reserve RAM buffer [mem 0x1ffdf000-0x1fffffff]
[    5.667722] initcall pci_subsys_init+0x0/0x66 returned 0 after 714843 usecs
[    5.677142] calling  nmi_warning_debugfs+0x0/0x26 @ 1
[    5.682819] initcall nmi_warning_debugfs+0x0/0x26 returned 0 after 0 usecs
[    5.691604] calling  save_microcode_in_initrd+0x0/0x51 @ 1
[    5.697736] initcall save_microcode_in_initrd+0x0/0x51 returned 0 after 0 usecs
[    5.706619] calling  hpet_late_init+0x0/0x207 @ 1
[    5.712814] hpet: 3 channels of 0 reserved for per-cpu timers
[    5.719728] hpet0: at MMIO 0xfed00000, IRQs 2, 8, 0
[    5.725600] hpet0: 3 comparators, 64-bit 100.000000 MHz counter
[    5.736605] initcall hpet_late_init+0x0/0x207 returned 0 after 24414 usecs
[    5.744603] calling  init_amd_nbs+0x0/0x11c @ 1
[    5.749688] initcall init_amd_nbs+0x0/0x11c returned 0 after 0 usecs
[    5.757614] calling  clocksource_done_booting+0x0/0x41 @ 1
[    5.766952] clocksource: Switched to clocksource kvm-clock
[    5.773577] initcall clocksource_done_booting+0x0/0x41 returned 0 after 9741 usecs
[    5.782413] calling  tracer_init_tracefs+0x0/0x242 @ 1
[    5.988241] initcall tracer_init_tracefs+0x0/0x242 returned 0 after 184538 usecs
[    5.997371] calling  init_trace_printk_function_export+0x0/0x2c @ 1
[    6.005115] initcall init_trace_printk_function_export+0x0/0x2c returned 0 after 7 usecs
[    6.014403] calling  init_kprobe_trace+0x0/0x1a9 @ 1
[    6.020258] initcall init_kprobe_trace+0x0/0x1a9 returned 0 after 23 usecs
[    6.028274] calling  init_dynamic_event+0x0/0x3d @ 1
[    6.034078] initcall init_dynamic_event+0x0/0x3d returned 0 after 4 usecs
[    6.042084] calling  init_uprobe_trace+0x0/0x5c @ 1
[    6.048208] initcall init_uprobe_trace+0x0/0x5c returned 0 after 43 usecs
[    6.056217] calling  init_pipe_fs+0x0/0x44 @ 1
[    6.062270] initcall init_pipe_fs+0x0/0x44 returned 0 after 705 usecs
[    6.069793] calling  inotify_user_setup+0x0/0x47 @ 1
[    6.075943] initcall inotify_user_setup+0x0/0x47 returned 0 after 191 usecs
[    6.084040] calling  eventpoll_init+0x0/0xd4 @ 1
[    6.089513] initcall eventpoll_init+0x0/0xd4 returned 0 after 75 usecs
[    6.097173] calling  anon_inode_init+0x0/0x58 @ 1
[    6.102870] initcall anon_inode_init+0x0/0x58 returned 0 after 111 usecs
[    6.110731] calling  proc_locks_init+0x0/0x27 @ 1
[    6.116492] initcall proc_locks_init+0x0/0x27 returned 0 after 218 usecs
[    6.124351] calling  iomap_init+0x0/0x1b @ 1
[    6.130155] initcall iomap_init+0x0/0x1b returned 0 after 685 usecs
[    6.137457] calling  dquot_init+0x0/0x106 @ 1
[    6.142822] VFS: Disk quotas dquot_6.6.0
[    6.147758] VFS: Dquot-cache hash table entries: 512 (order 0, 4096 bytes)
[    6.155893] initcall dquot_init+0x0/0x106 returned 0 after 12846 usecs
[    6.163834] calling  quota_init+0x0/0x23 @ 1
[    6.169654] initcall quota_init+0x0/0x23 returned 0 after 538 usecs
[    6.177364] calling  proc_cmdline_init+0x0/0x21 @ 1
[    6.184975] initcall proc_cmdline_init+0x0/0x21 returned 0 after 19 usecs
[    6.192997] calling  proc_consoles_init+0x0/0x24 @ 1
[    6.198917] initcall proc_consoles_init+0x0/0x24 returned 0 after 4 usecs
[    6.207076] calling  proc_cpuinfo_init+0x0/0x1e @ 1
[    6.213051] initcall proc_cpuinfo_init+0x0/0x1e returned 0 after 5 usecs
[    6.221263] calling  proc_devices_init+0x0/0x24 @ 1
[    6.227106] initcall proc_devices_init+0x0/0x24 returned 0 after 18 usecs
[    6.234983] calling  proc_interrupts_init+0x0/0x24 @ 1
[    6.241035] initcall proc_interrupts_init+0x0/0x24 returned 0 after 3 usecs
[    6.249022] calling  proc_loadavg_init+0x0/0x21 @ 1
[    6.254743] initcall proc_loadavg_init+0x0/0x21 returned 0 after 3 usecs
[    6.262593] calling  proc_meminfo_init+0x0/0x21 @ 1
[    6.268356] initcall proc_meminfo_init+0x0/0x21 returned 0 after 3 usecs
[    6.276284] calling  proc_stat_init+0x0/0x1e @ 1
[    6.281809] initcall proc_stat_init+0x0/0x1e returned 0 after 17 usecs
[    6.289454] calling  proc_uptime_init+0x0/0x21 @ 1
[    6.295124] initcall proc_uptime_init+0x0/0x21 returned 0 after 3 usecs
[    6.302803] calling  proc_version_init+0x0/0x21 @ 1
[    6.308489] initcall proc_version_init+0x0/0x21 returned 0 after 2 usecs
[    6.316358] calling  proc_softirqs_init+0x0/0x21 @ 1
[    6.322238] initcall proc_softirqs_init+0x0/0x21 returned 0 after 2 usecs
[    6.330128] calling  proc_kcore_init+0x0/0xea @ 1
[    6.335855] initcall proc_kcore_init+0x0/0xea returned 0 after 86 usecs
[    6.343667] calling  vmcore_init+0x0/0x578 @ 1
[    6.349038] initcall vmcore_init+0x0/0x578 returned 0 after 24 usecs
[    6.356508] calling  proc_kmsg_init+0x0/0x21 @ 1
[    6.362092] initcall proc_kmsg_init+0x0/0x21 returned 0 after 14 usecs
[    6.369876] calling  proc_page_init+0x0/0x3b @ 1
[    6.375395] initcall proc_page_init+0x0/0x3b returned 0 after 4 usecs
[    6.382878] calling  init_ramfs_fs+0x0/0xc @ 1
[    6.388136] initcall init_ramfs_fs+0x0/0xc returned 0 after 15 usecs
[    6.395542] calling  init_hugetlbfs_fs+0x0/0xf6 @ 1
[    6.401494] initcall init_hugetlbfs_fs+0x0/0xf6 returned 0 after 159 usecs
[    6.410238] calling  blk_scsi_ioctl_init+0x0/0x2a5 @ 1
[    6.417100] initcall blk_scsi_ioctl_init+0x0/0x2a5 returned 0 after 21 usecs
[    6.425318] calling  acpi_event_init+0x0/0x2c @ 1
[    6.430964] initcall acpi_event_init+0x0/0x2c returned 0 after 99 usecs
[    6.438789] calling  pnp_system_init+0x0/0xc @ 1
[    6.444774] initcall pnp_system_init+0x0/0xc returned 0 after 538 usecs
[    6.452538] calling  pnpacpi_init+0x0/0x69 @ 1
[    6.457871] pnp: PnP ACPI init
[    6.462976] pnp 00:00: Plug and Play ACPI device, IDs PNP0303 (active)
[    6.470728] pnp 00:01: Plug and Play ACPI device, IDs PNP0f13 (active)
[    6.478573] pnp 00:02: Plug and Play ACPI device, IDs PNP0400 (active)
[    6.486286] pnp 00:03: Plug and Play ACPI device, IDs PNP0501 (active)
[    6.493988] pnp 00:04: Plug and Play ACPI device, IDs PNP0b00 (active)
[    6.502142] system 00:05: [mem 0xb0000000-0xbfffffff window] has been reserved
[    6.510517] system 00:05: Plug and Play ACPI device, IDs PNP0c01 (active)
[    6.520125] pnp: PnP ACPI: found 6 devices
[    6.524991] initcall pnpacpi_init+0x0/0x69 returned 0 after 65566 usecs
[    6.532713] calling  chr_dev_init+0x0/0x14d @ 1
[    6.567975] initcall chr_dev_init+0x0/0x14d returned 0 after 29200 usecs
[    6.576134] calling  firmware_class_init+0x0/0xe7 @ 1
[    6.582226] initcall firmware_class_init+0x0/0xe7 returned 0 after 88 usecs
[    6.590441] calling  init_pcmcia_bus+0x0/0x5b @ 1
[    6.596223] initcall init_pcmcia_bus+0x0/0x5b returned 0 after 107 usecs
[    6.604195] calling  init_acpi_pm_clocksource+0x0/0xda @ 1
[    6.616192] clocksource: acpi_pm: mask: 0xffffff max_cycles: 0xffffff, max_idle_ns: 2085701024 ns
[    6.626982] initcall init_acpi_pm_clocksource+0x0/0xda returned 0 after 15916 usecs
[    6.636207] calling  sysctl_core_init+0x0/0x26 @ 1
[    6.642467] initcall sysctl_core_init+0x0/0x26 returned 0 after 173 usecs
[    6.652193] calling  eth_offload_init+0x0/0x13 @ 1
[    6.659353] initcall eth_offload_init+0x0/0x13 returned 0 after 17 usecs
[    6.669363] calling  ipv4_offload_init+0x0/0x73 @ 1
[    6.676874] initcall ipv4_offload_init+0x0/0x73 returned 0 after 109 usecs
[    6.687096] calling  inet_init+0x0/0x276 @ 1
[    6.693834] NET: Registered protocol family 2
[    6.701264] IP idents hash table entries: 8192 (order: 4, 65536 bytes, linear)
[    6.739503] tcp_listen_portaddr_hash hash table entries: 256 (order: 0, 4096 bytes, linear)
[    6.752221] TCP established hash table entries: 4096 (order: 3, 32768 bytes, linear)
[    6.762987] TCP bind hash table entries: 4096 (order: 4, 65536 bytes, linear)
[    6.774172] TCP: Hash tables configured (established 4096 bind 4096)
[    6.784297] UDP hash table entries: 256 (order: 1, 8192 bytes, linear)
[    6.793987] UDP-Lite hash table entries: 256 (order: 1, 8192 bytes, linear)
[    6.804022] initcall inet_init+0x0/0x276 returned 0 after 107836 usecs
[    6.813813] calling  af_unix_init+0x0/0x4d @ 1
[    6.820563] NET: Registered protocol family 1
[    6.827073] initcall af_unix_init+0x0/0x4d returned 0 after 6375 usecs
[    6.835721] calling  ipv6_offload_init+0x0/0x7e @ 1
[    6.856808] initcall ipv6_offload_init+0x0/0x7e returned 0 after 1082 usecs
[    6.864751] calling  init_sunrpc+0x0/0x65 @ 1
[    6.877276] RPC: Registered named UNIX socket transport module.
[    6.884549] RPC: Registered udp transport module.
[    6.890274] RPC: Registered tcp transport module.
[    6.895988] RPC: Registered tcp NFSv4.1 backchannel transport module.
[    6.903769] initcall init_sunrpc+0x0/0x65 returned 0 after 33203 usecs
[    6.911738] calling  cfg80211_init+0x0/0xc5 @ 1
[    6.920736] initcall cfg80211_init+0x0/0xc5 returned 0 after 3374 usecs
[    6.928673] calling  pcibios_assign_resources+0x0/0xbf @ 1
[    6.935821] pci_bus 0000:00: resource 4 [io  0x0000-0x0cf7 window]
[    6.943340] pci_bus 0000:00: resource 5 [io  0x0d00-0xffff window]
[    6.950784] pci_bus 0000:00: resource 6 [mem 0x000a0000-0x000bffff window]
[    6.959032] pci_bus 0000:00: resource 7 [mem 0x20000000-0xafffffff window]
[    6.967236] pci_bus 0000:00: resource 8 [mem 0xc0000000-0xfebfffff window]
[    6.975483] pci_bus 0000:00: resource 9 [mem 0x100000000-0x8ffffffff window]
[    6.988079] initcall pcibios_assign_resources+0x0/0xbf returned 0 after 51612 usecs
[    6.999064] calling  pci_apply_final_quirks+0x0/0x124 @ 1
[    7.007368] pci 0000:00:01.0: calling  pci_fixup_video+0x0/0xe0 @ 1
[    7.016865] pci 0000:00:01.0: Video device with shadowed ROM at [mem 0x000c0000-0x000dffff]
[    7.028551] pci 0000:00:01.0: pci_fixup_video+0x0/0xe0 took 11871 usecs
[    7.036874] PCI: CLS 0 bytes, default 64
[    7.041534] initcall pci_apply_final_quirks+0x0/0x124 returned 0 after 33853 usecs
[    7.050480] calling  acpi_reserve_resources+0x0/0xea @ 1
[    7.058558] initcall acpi_reserve_resources+0x0/0xea returned 0 after 55 usecs
[    7.068761] calling  populate_rootfs+0x0/0x102 @ 1
[    7.076905] initcall populate_rootfs+0x0/0x102 returned 0 after 1988 usecs
[    7.085364] calling  pci_iommu_init+0x0/0x3e @ 1
[    7.090958] initcall pci_iommu_init+0x0/0x3e returned 0 after 131 usecs
[    7.100379] calling  ia32_binfmt_init+0x0/0x13 @ 1
[    7.106162] initcall ia32_binfmt_init+0x0/0x13 returned 0 after 27 usecs
[    7.114027] calling  rapl_pmu_init+0x0/0x267 @ 1
[    7.119617] initcall rapl_pmu_init+0x0/0x267 returned -19 after 50 usecs
[    7.127434] calling  amd_uncore_init+0x0/0x310 @ 1
[    7.133080] initcall amd_uncore_init+0x0/0x310 returned -19 after 0 usecs
[    7.141008] calling  amd_ibs_init+0x0/0x27b @ 1
[    7.146407] initcall amd_ibs_init+0x0/0x27b returned -19 after 0 usecs
[    7.154008] calling  amd_iommu_pc_init+0x0/0x215 @ 1
[    7.160002] initcall amd_iommu_pc_init+0x0/0x215 returned -19 after 28 usecs
[    7.168296] calling  msr_init+0x0/0x55 @ 1
[    7.173317] initcall msr_init+0x0/0x55 returned 0 after 148 usecs
[    7.180481] calling  intel_uncore_init+0x0/0x36f @ 1
[    7.186441] initcall intel_uncore_init+0x0/0x36f returned -19 after 36 usecs
[    7.194769] calling  cstate_pmu_init+0x0/0x1a1 @ 1
[    7.200466] initcall cstate_pmu_init+0x0/0x1a1 returned -19 after 0 usecs
[    7.208434] calling  register_kernel_offset_dumper+0x0/0x1a @ 1
[    7.215551] initcall register_kernel_offset_dumper+0x0/0x1a returned 0 after 23 usecs
[    7.224738] calling  i8259A_init_ops+0x0/0x20 @ 1
[    7.230324] initcall i8259A_init_ops+0x0/0x20 returned 0 after 1 usecs
[    7.237939] calling  init_tsc_clocksource+0x0/0xa4 @ 1
[    7.244158] clocksource: tsc: mask: 0xffffffffffffffff max_cycles: 0x39a85afc727, max_idle_ns: 881590685098 ns
[    7.255909] initcall init_tsc_clocksource+0x0/0xa4 returned 0 after 11522 usecs
[    7.267205] calling  add_rtc_cmos+0x0/0xb0 @ 1
[    7.272846] initcall add_rtc_cmos+0x0/0xb0 returned 0 after 229 usecs
[    7.280926] calling  i8237A_init_ops+0x0/0x3a @ 1
[    7.288424] initcall i8237A_init_ops+0x0/0x3a returned 0 after 123 usecs
[    7.298955] calling  umwait_init+0x0/0x94 @ 1
[    7.305819] initcall umwait_init+0x0/0x94 returned -19 after 24 usecs
[    7.315464] calling  thermal_throttle_init_device+0x0/0x3d @ 1
[    7.323033] initcall thermal_throttle_init_device+0x0/0x3d returned 0 after 40 usecs
[    7.333369] calling  msr_init+0x0/0xd7 @ 1
[    7.362357] initcall msr_init+0x0/0xd7 returned 0 after 22629 usecs
[    7.370431] calling  cpuid_init+0x0/0xd7 @ 1
[    7.392186] initcall cpuid_init+0x0/0xd7 returned 0 after 15572 usecs
[    7.400116] calling  ioapic_init_ops+0x0/0x13 @ 1
[    7.406249] initcall ioapic_init_ops+0x0/0x13 returned 0 after 28 usecs
[    7.415728] calling  add_pcspkr+0x0/0x6c @ 1
[    7.422461] initcall add_pcspkr+0x0/0x6c returned 0 after 117 usecs
[    7.431767] calling  start_periodic_check_for_corruption+0x0/0x30 @ 1
[    7.440923] check: Scanning for low memory corruption every 60 seconds
[    7.450349] initcall start_periodic_check_for_corruption+0x0/0x30 returned 0 after 9245 usecs
[    7.463590] calling  sysfb_init+0x0/0x9c @ 1
[    7.470489] initcall sysfb_init+0x0/0x9c returned 0 after 179 usecs
[    7.479953] calling  audit_classes_init+0x0/0xae @ 1
[    7.486632] initcall audit_classes_init+0x0/0xae returned 0 after 106 usecs
[    7.496303] calling  iosf_mbi_init+0x0/0x24 @ 1
[    7.503058] initcall iosf_mbi_init+0x0/0x24 returned 0 after 414 usecs
[    7.511552] calling  proc_execdomains_init+0x0/0x21 @ 1
[    7.518872] initcall proc_execdomains_init+0x0/0x21 returned 0 after 327 usecs
[    7.528618] calling  register_warn_debugfs+0x0/0x23 @ 1
[    7.536416] initcall register_warn_debugfs+0x0/0x23 returned 0 after 458 usecs
[    7.546112] calling  cpuhp_sysfs_init+0x0/0x79 @ 1
[    7.553582] initcall cpuhp_sysfs_init+0x0/0x79 returned 0 after 851 usecs
[    7.562775] calling  ioresources_init+0x0/0x49 @ 1
[    7.569838] initcall ioresources_init+0x0/0x49 returned 0 after 38 usecs
[    7.579109] calling  snapshot_device_init+0x0/0xc @ 1
[    7.586909] initcall snapshot_device_init+0x0/0xc returned 0 after 706 usecs
[    7.595392] calling  irq_pm_init_ops+0x0/0x13 @ 1
[    7.601211] initcall irq_pm_init_ops+0x0/0x13 returned 0 after 15 usecs
[    7.609236] calling  rcu_torture_init+0x0/0x9a6 @ 1
[    7.615349] rcu-torture:--- Start of test: nreaders=15 nfakewriters=4 stat_interval=15 verbose=1 test_no_idle_hz=1 shuffle_interval=3 stutter=5 irqreader=1 fqs_duration=0 fqs_holdoff=0 fqs_stutter=3 test_boost=1/0 test_boost_interval=7 test_boost_duration=4 shutdown_secs=1800 stall_cpu=0 stall_cpu_holdoff=10 stall_cpu_irqsoff=0 stall_cpu_block=0 n_barrier_cbs=4 onoff_interval=200 onoff_holdoff=30 read_exit_delay=13 read_exit_burst=16
[    7.661478] rcu:  Start-test grace-period state: g-968 f0x0
[    7.668929] rcu-torture: Creating rcu_torture_writer task
[    7.676559] rcu-torture: Creating rcu_torture_fakewriter task
[    7.676639] rcu-torture: rcu_torture_writer task started
[    7.684906] rcu-torture: Creating rcu_torture_fakewriter task
[    7.684927] rcu-torture: rcu_torture_fakewriter task started
[    7.690292] rcu-torture: GP expediting controlled from boot/sysfs for rcu.
[    7.690293] rcu_torture_writer: Testing conditional GPs.
[    7.690294] rcu_torture_writer: Testing expedited GPs.
[    7.690295] rcu_torture_writer: Testing asynchronous GPs.
[    7.690295] rcu_torture_writer: Testing normal GPs.
[    7.739915] rcu-torture: Creating rcu_torture_fakewriter task
[    7.739981] rcu-torture: rcu_torture_fakewriter task started
[    7.748852] rcu-torture: Creating rcu_torture_fakewriter task
[    7.748917] rcu-torture: rcu_torture_fakewriter task started
[    7.774480] rcu-torture: Creating rcu_torture_reader task
[    7.774511] rcu-torture: rcu_torture_fakewriter task started
[    7.789669] rcu-torture: Creating rcu_torture_reader task
[    7.789766] rcu-torture: rcu_torture_reader task started
[    7.798126] rcu-torture: Creating rcu_torture_reader task
[    7.798151] rcu-torture: rcu_torture_reader task started
[    7.818981] rcu-torture: Creating rcu_torture_reader task
[    7.819015] rcu-torture: rcu_torture_reader task started
[    7.827118] rcu-torture: Creating rcu_torture_reader task
[    7.827148] rcu-torture: rcu_torture_reader task started
[    7.850218] rcu-torture: Creating rcu_torture_reader task
[    7.850254] rcu-torture: rcu_torture_reader task started
[    7.858916] rcu-torture: Creating rcu_torture_reader task
[    7.858937] rcu-torture: rcu_torture_reader task started
[    7.907900] rcu-torture: Creating rcu_torture_reader task
[    7.907935] rcu-torture: rcu_torture_reader task started
[    7.927301] rcu-torture: Creating rcu_torture_reader task
[    7.927347] rcu-torture: rcu_torture_reader task started
[    7.937837] rcu-torture: rcu_torture_reader task started
[    7.937842] rcu-torture: Creating rcu_torture_reader task
[    7.939009] rcu-torture: Creating rcu_torture_reader task
[    7.939410] rcu-torture: rcu_torture_reader task started
[    7.939827] rcu-torture: Creating rcu_torture_reader task
[    7.939829] rcu-torture: rcu_torture_reader task started
[    7.940764] rcu-torture: Creating rcu_torture_reader task
[    7.940818] rcu-torture: rcu_torture_reader task started
[    7.941483] rcu-torture: Creating rcu_torture_reader task
[    7.941583] rcu-torture: rcu_torture_reader task started
[    7.942410] rcu-torture: rcu_torture_reader task started
[    7.942414] rcu-torture: Creating rcu_torture_reader task
[    7.943336] rcu-torture: Creating rcu_torture_stats task
[    7.943340] rcu-torture: rcu_torture_reader task started
[    8.052593] rcu-torture: Creating torture_shuffle task
[    8.052895] rcu-torture: rcu_torture_stats task started
[    8.061814] rcu-torture: Creating torture_stutter task
[    8.061827] rcu-torture: torture_shuffle task started
[    8.082602] rcu-torture: Creating torture_shutdown task
[    8.082621] rcu-torture: torture_stutter task started
[    8.095031] rcu-torture: Creating torture_onoff task
[    8.095078] rcu-torture: torture_shutdown task started
[    8.095080] rcu-torture:torture_shutdown task: 1799987 ms remaining
[    8.118844] rcu-torture: torture_onoff task started
[    8.118906] rcu-torture: Creating rcu_torture_fwd_prog task
[    8.125018] rcu-torture: torture_onoff begin holdoff
[    8.132914] rcu-torture: Creating rcu_torture_barrier_cbs task
[    8.132943] rcu-torture: rcu_torture_fwd_progress task started
[    8.153893] rcu-torture: Creating rcu_torture_barrier_cbs task
[    8.153944] rcu-torture: rcu_torture_barrier_cbs task started
[    8.162236] rcu-torture: Creating rcu_torture_barrier_cbs task
[    8.162261] rcu-torture: rcu_torture_barrier_cbs task started
[    8.186370] rcu-torture: Creating rcu_torture_barrier_cbs task
[    8.186433] rcu-torture: rcu_torture_barrier_cbs task started
[    8.194476] rcu-torture: Creating rcu_torture_barrier task
[    8.194533] rcu-torture: rcu_torture_barrier_cbs task started
[    8.223203] rcu-torture: Creating rcu_torture_read_exit task
[    8.223222] rcu-torture: rcu_torture_barrier task starting
[    8.233921] rcu-torture: rcu_torture_read_exit: Start of test
[    8.234856] initcall rcu_torture_init+0x0/0x9a6 returned 0 after 604383 usecs
[    8.235080] calling  timekeeping_init_ops+0x0/0x13 @ 1
[    8.235116] initcall timekeeping_init_ops+0x0/0x13 returned 0 after 31 usecs
[    8.235119] calling  init_clocksource_sysfs+0x0/0x23 @ 1
[    8.239019] initcall init_clocksource_sysfs+0x0/0x23 returned 0 after 3802 usecs
[    8.239023] calling  init_timer_list_procfs+0x0/0x31 @ 1
[    8.239598] initcall init_timer_list_procfs+0x0/0x31 returned 0 after 557 usecs
[    8.239601] calling  alarmtimer_init+0x0/0xc7 @ 1
[    8.240314] initcall alarmtimer_init+0x0/0xc7 returned 0 after 692 usecs
[    8.339525] calling  init_posix_timers+0x0/0x29 @ 1
[    8.347970] initcall init_posix_timers+0x0/0x29 returned 0 after 82 usecs
[    8.359785] calling  clockevents_init_sysfs+0x0/0xbf @ 1
[    8.369472] initcall clockevents_init_sysfs+0x0/0xbf returned 0 after 653 usecs
[    8.381473] calling  proc_dma_init+0x0/0x21 @ 1
[    8.389215] initcall proc_dma_init+0x0/0x21 returned 0 after 76 usecs
[    8.400003] calling  proc_modules_init+0x0/0x1e @ 1
[    8.408104] initcall proc_modules_init+0x0/0x1e returned 0 after 23 usecs
[    8.419481] calling  kallsyms_init+0x0/0x21 @ 1
[    8.427176] initcall kallsyms_init+0x0/0x21 returned 0 after 12 usecs
[    8.438353] calling  pid_namespaces_init+0x0/0x2c @ 1
[    8.449290] initcall pid_namespaces_init+0x0/0x2c returned 0 after 2175 usecs
[    8.461431] calling  audit_watch_init+0x0/0x37 @ 1
[    8.470109] initcall audit_watch_init+0x0/0x37 returned 0 after 88 usecs
[    8.481724] calling  audit_fsnotify_init+0x0/0x37 @ 1
[    8.490315] initcall audit_fsnotify_init+0x0/0x37 returned 0 after 1 usecs
[    8.501904] calling  audit_tree_init+0x0/0x6d @ 1
[    8.510232] initcall audit_tree_init+0x0/0x6d returned 0 after 6 usecs
[    8.521400] calling  seccomp_sysctl_init+0x0/0x2b @ 1
[    8.530208] initcall seccomp_sysctl_init+0x0/0x2b returned 0 after 102 usecs
[    8.542220] calling  utsname_sysctl_init+0x0/0x13 @ 1
[    8.551291] initcall utsname_sysctl_init+0x0/0x13 returned 0 after 135 usecs
[    8.563507] calling  init_tracepoints+0x0/0x27 @ 1
[    8.571773] initcall init_tracepoints+0x0/0x27 returned 0 after 76 usecs
[    8.583179] calling  init_blk_tracer+0x0/0x50 @ 1
[    8.594385] initcall init_blk_tracer+0x0/0x50 returned 0 after 2894 usecs
[    8.606261] calling  perf_event_sysfs_init+0x0/0x81 @ 1
[    8.616325] initcall perf_event_sysfs_init+0x0/0x81 returned 0 after 1193 usecs
[    8.628401] calling  system_trusted_keyring_init+0x0/0x60 @ 1
[    8.638336] Initialise system trusted keyrings
[    8.645871] initcall system_trusted_keyring_init+0x0/0x60 returned 0 after 7542 usecs
[    8.659208] calling  kswapd_init+0x0/0x5c @ 1
[    8.667790] initcall kswapd_init+0x0/0x5c returned 0 after 1564 usecs
[    8.679592] calling  extfrag_debug_init+0x0/0x54 @ 1
[    8.689402] initcall extfrag_debug_init+0x0/0x54 returned 0 after 1001 usecs
[    8.702017] calling  mm_compute_batch_init+0x0/0x12 @ 1
[    8.711247] initcall mm_compute_batch_init+0x0/0x12 returned 0 after 174 usecs
[    8.723380] calling  slab_proc_init+0x0/0x21 @ 1
[    8.731926] initcall slab_proc_init+0x0/0x21 returned 0 after 437 usecs
[    8.743865] calling  workingset_init+0x0/0x8c @ 1
[    8.753328] workingset: timestamp_bits=56 max_order=17 bucket_order=0
[    8.765090] initcall workingset_init+0x0/0x8c returned 0 after 11972 usecs
[    8.777555] calling  proc_vmalloc_init+0x0/0x32 @ 1
[    8.787877] initcall proc_vmalloc_init+0x0/0x32 returned 0 after 7 usecs
[    8.800604] calling  procswaps_init+0x0/0x1e @ 1
[    8.809804] initcall procswaps_init+0x0/0x1e returned 0 after 267 usecs
[    8.821471] calling  slab_sysfs_init+0x0/0xea @ 1
[    8.835562] initcall slab_sysfs_init+0x0/0xea returned 0 after 5442 usecs
[    8.847398] calling  fcntl_init+0x0/0x29 @ 1
[    8.855013] initcall fcntl_init+0x0/0x29 returned 0 after 92 usecs
[    8.865731] calling  proc_filesystems_init+0x0/0x21 @ 1
[    8.873949] initcall proc_filesystems_init+0x0/0x21 returned 0 after 5 usecs
[    8.884536] calling  start_dirtytime_writeback+0x0/0x29 @ 1
[    8.893164] initcall start_dirtytime_writeback+0x0/0x29 returned 0 after 375 usecs
[    8.905129] calling  blkdev_init+0x0/0x1b @ 1
[    8.913597] initcall blkdev_init+0x0/0x1b returned 0 after 856 usecs
[    8.924808] calling  dio_init+0x0/0x2c @ 1
[    8.932875] initcall dio_init+0x0/0x2c returned 0 after 1383 usecs
[    8.945142] calling  dnotify_init+0x0/0x78 @ 1
[    8.951901] initcall dnotify_init+0x0/0x78 returned 0 after 13 usecs
[    8.961316] calling  aio_setup+0x0/0x78 @ 1
[    8.968294] initcall aio_setup+0x0/0x78 returned 0 after 673 usecs
[    8.978030] calling  io_uring_init+0x0/0x2c @ 1
[    8.985033] initcall io_uring_init+0x0/0x2c returned 0 after 8 usecs
[    8.994867] calling  mbcache_init+0x0/0x30 @ 1
[    9.001892] initcall mbcache_init+0x0/0x30 returned 0 after 82 usecs
[    9.011696] calling  init_grace+0x0/0xc @ 1
[    9.018499] initcall init_grace+0x0/0xc returned 0 after 128 usecs
[    9.029073] calling  init_v2_quota_format+0x0/0x21 @ 1
[    9.037808] initcall init_v2_quota_format+0x0/0x21 returned 0 after 194 usecs
[    9.049289] calling  init_devpts_fs+0x0/0x27 @ 1
[    9.057618] initcall init_devpts_fs+0x0/0x27 returned 0 after 565 usecs
[    9.068523] calling  ext4_init_fs+0x0/0x1d0 @ 1
[    9.077128] initcall ext4_init_fs+0x0/0x1d0 returned 0 after 1012 usecs
[    9.087911] calling  journal_init+0x0/0x11c @ 1
[    9.095542] initcall journal_init+0x0/0x11c returned 0 after 153 usecs
[    9.106310] calling  init_fat_fs+0x0/0x49 @ 1
[    9.113417] initcall init_fat_fs+0x0/0x49 returned 0 after 103 usecs
[    9.124113] calling  init_vfat_fs+0x0/0xc @ 1
[    9.131651] initcall init_vfat_fs+0x0/0xc returned 0 after 4 usecs
[    9.141351] calling  init_msdos_fs+0x0/0xc @ 1
[    9.148324] initcall init_msdos_fs+0x0/0xc returned 0 after 4 usecs
[    9.158036] calling  init_iso9660_fs+0x0/0x6c @ 1
[    9.165579] initcall init_iso9660_fs+0x0/0x6c returned 0 after 140 usecs
[    9.176074] calling  init_nfs_fs+0x0/0x13a @ 1
[    9.187933] initcall init_nfs_fs+0x0/0x13a returned 0 after 5068 usecs
[    9.197489] calling  init_nfs_v2+0x0/0x13 @ 1
[    9.205115] initcall init_nfs_v2+0x0/0x13 returned 0 after 318 usecs
[    9.214789] calling  init_nfs_v3+0x0/0x13 @ 1
[    9.221629] initcall init_nfs_v3+0x0/0x13 returned 0 after 51 usecs
[    9.231241] calling  init_nfs_v4+0x0/0x32 @ 1
[    9.238157] NFS: Registering the id_resolver key type
[    9.246298] Key type id_resolver registered
[    9.252677] Key type id_legacy registered
[    9.259321] initcall init_nfs_v4+0x0/0x32 returned 0 after 20721 usecs
[    9.269557] calling  init_nlm+0x0/0x5b @ 1
[    9.276625] initcall init_nlm+0x0/0x5b returned 0 after 575 usecs
[    9.285806] calling  init_nls_cp437+0x0/0xe @ 1
[    9.292807] initcall init_nls_cp437+0x0/0xe returned 0 after 24 usecs
[    9.302303] calling  init_nls_ascii+0x0/0xe @ 1
[    9.308894] initcall init_nls_ascii+0x0/0xe returned 0 after 1 usecs
[    9.319143] calling  init_nls_iso8859_1+0x0/0xe @ 1
[    9.326458] initcall init_nls_iso8859_1+0x0/0xe returned 0 after 236 usecs
[    9.336534] calling  init_nls_utf8+0x0/0x21 @ 1
[    9.344664] initcall init_nls_utf8+0x0/0x21 returned 0 after 952 usecs
[    9.353517] calling  init_autofs_fs+0x0/0x25 @ 1
[    9.370452] initcall init_autofs_fs+0x0/0x25 returned 0 after 10047 usecs
[    9.382112] calling  ipc_init+0x0/0x24 @ 1
[    9.388383] initcall ipc_init+0x0/0x24 returned 0 after 244 usecs
[    9.396850] calling  ipc_sysctl_init+0x0/0x13 @ 1
[    9.403922] initcall ipc_sysctl_init+0x0/0x13 returned 0 after 110 usecs
[    9.414623] calling  init_mqueue_fs+0x0/0x9a @ 1
[    9.422299] initcall init_mqueue_fs+0x0/0x9a returned 0 after 627 usecs
[    9.432271] calling  key_proc_init+0x0/0x63 @ 1
[    9.439428] initcall key_proc_init+0x0/0x63 returned 0 after 130 usecs
[    9.448936] calling  selinux_nf_ip_init+0x0/0x2e @ 1
[    9.456295] initcall selinux_nf_ip_init+0x0/0x2e returned 0 after 207 usecs
[    9.466806] calling  init_sel_fs+0x0/0x116 @ 1
[    9.473821] initcall init_sel_fs+0x0/0x116 returned 0 after 5 usecs
[    9.484102] calling  selnl_init+0x0/0x7c @ 1
[    9.492062] initcall selnl_init+0x0/0x7c returned 0 after 1339 usecs
[    9.501615] calling  sel_netif_init+0x0/0x36 @ 1
[    9.508546] initcall sel_netif_init+0x0/0x36 returned 0 after 1 usecs
[    9.517878] calling  sel_netnode_init+0x0/0x33 @ 1
[    9.525160] initcall sel_netnode_init+0x0/0x33 returned 0 after 1 usecs
[    9.534932] calling  sel_netport_init+0x0/0x33 @ 1
[    9.542018] initcall sel_netport_init+0x0/0x33 returned 0 after 0 usecs
[    9.552140] calling  aurule_init+0x0/0x2a @ 1
[    9.559021] initcall aurule_init+0x0/0x2a returned 0 after 2 usecs
[    9.568502] calling  crypto_algapi_init+0x0/0xc @ 1
[    9.577821] initcall crypto_algapi_init+0x0/0xc returned 0 after 6 usecs
[    9.589765] calling  jent_mod_init+0x0/0x2d @ 1
[    9.630607] initcall jent_mod_init+0x0/0x2d returned 0 after 31788 usecs
[    9.642397] calling  asymmetric_key_init+0x0/0xc @ 1
[    9.651171] Key type asymmetric registered
[    9.657152] initcall asymmetric_key_init+0x0/0xc returned 0 after 5867 usecs
[    9.668134] calling  x509_key_init+0x0/0xc @ 1
[    9.674962] Asymmetric key parser 'x509' registered
[    9.682566] initcall x509_key_init+0x0/0xc returned 0 after 7484 usecs
[    9.692325] calling  proc_genhd_init+0x0/0x41 @ 1
[    9.699585] initcall proc_genhd_init+0x0/0x41 returned 0 after 8 usecs
[    9.709293] calling  bsg_init+0x0/0x113 @ 1
[    9.716301] Block layer SCSI generic (bsg) driver version 0.4 loaded (major 251)
[    9.727512] initcall bsg_init+0x0/0x113 returned 0 after 11391 usecs
[    9.737504] calling  deadline_init+0x0/0xc @ 1
[    9.744900] io scheduler mq-deadline registered
[    9.752222] initcall deadline_init+0x0/0xc returned 0 after 7395 usecs
[    9.762485] calling  kyber_init+0x0/0xc @ 1
[    9.769346] io scheduler kyber registered
[    9.775729] initcall kyber_init+0x0/0xc returned 0 after 6284 usecs
[    9.785622] calling  mod_init+0x0/0x7 @ 1
[    9.792019] initcall mod_init+0x0/0x7 returned 0 after 0 usecs
[    9.801662] calling  percpu_counter_startup+0x0/0x55 @ 1
[    9.831377] initcall percpu_counter_startup+0x0/0x55 returned 0 after 20743 usecs
[    9.844848] calling  sg_pool_init+0x0/0xb4 @ 1
[    9.856686] initcall sg_pool_init+0x0/0xb4 returned 0 after 4239 usecs
[    9.867387] calling  pcie_portdrv_init+0x0/0x39 @ 1
[    9.877110] initcall pcie_portdrv_init+0x0/0x39 returned 0 after 1995 usecs
[    9.887594] calling  pci_proc_init+0x0/0x68 @ 1
[    9.894852] initcall pci_proc_init+0x0/0x68 returned 0 after 247 usecs
[    9.904834] calling  pci_hotplug_init+0x0/0x7 @ 1
[    9.912373] initcall pci_hotplug_init+0x0/0x7 returned 0 after 0 usecs
[    9.922574] calling  efifb_driver_init+0x0/0xe @ 1
[    9.929511] initcall efifb_driver_init+0x0/0xe returned 0 after 124 usecs
[    9.940256] calling  ged_driver_init+0x0/0xe @ 1
[    9.981779] initcall ged_driver_init+0x0/0xe returned 0 after 13374 usecs
[    9.994316] calling  acpi_ac_init+0x0/0x92 @ 1
[   10.006371] initcall acpi_ac_init+0x0/0x92 returned 0 after 4525 usecs
[   10.016710] calling  acpi_button_driver_init+0x0/0x52 @ 1
[   10.033035] input: Power Button as /devices/LNXSYSTM:00/LNXPWRBN:00/input/input0
[   10.049710] ACPI: Power Button [PWRF]
[   10.058614] initcall acpi_button_driver_init+0x0/0x52 returned 0 after 32929 usecs
[   10.071067] calling  acpi_fan_driver_init+0x0/0xe @ 1
[   10.079446] initcall acpi_fan_driver_init+0x0/0xe returned 0 after 165 usecs
[   10.091598] calling  acpi_video_init+0x0/0xcb @ 1
[   10.100544] initcall acpi_video_init+0x0/0xcb returned 0 after 1836 usecs
[   10.111502] calling  acpi_processor_driver_init+0x0/0xad @ 1
[   10.134747] initcall acpi_processor_driver_init+0x0/0xad returned 0 after 13467 usecs
[   10.147761] calling  acpi_thermal_init+0x0/0x71 @ 1
[   10.176214] initcall acpi_thermal_init+0x0/0x71 returned 0 after 19385 usecs
[   10.188254] calling  acpi_battery_init+0x0/0x32 @ 1
[   10.197305] initcall acpi_battery_init+0x0/0x32 returned 0 after 972 usecs
[   10.207785] calling  bgrt_init+0x0/0xb6 @ 1
[   10.214852] initcall bgrt_init+0x0/0xb6 returned -19 after 237 usecs
[   10.225064] calling  gpio_clk_driver_init+0x0/0xe @ 1
[   10.233486] initcall gpio_clk_driver_init+0x0/0xe returned 0 after 301 usecs
[   10.245931] calling  plt_clk_driver_init+0x0/0xe @ 1
[   10.255381] initcall plt_clk_driver_init+0x0/0xe returned 0 after 918 usecs
[   10.269237] calling  virtio_pci_driver_init+0x0/0x15 @ 1
[   10.280584] initcall virtio_pci_driver_init+0x0/0x15 returned 0 after 1065 usecs
[   10.294625] calling  n_null_init+0x0/0x1e @ 1
[   10.303853] initcall n_null_init+0x0/0x1e returned 0 after 210 usecs
[   10.314448] calling  pty_init+0x0/0x1e8 @ 1
[   10.336632] initcall pty_init+0x0/0x1e8 returned 0 after 12667 usecs
[   10.346052] calling  sysrq_init+0x0/0x62 @ 1
[   10.354195] initcall sysrq_init+0x0/0x62 returned 0 after 1416 usecs
[   10.363990] calling  serial8250_init+0x0/0x17e @ 1
[   10.371718] Serial: 8250/16550 driver, 4 ports, IRQ sharing enabled
[   10.389446] 00:03: ttyS0 at I/O 0x3f8 (irq = 4, base_baud = 115200) is a 16550A
[   10.411946] initcall serial8250_init+0x0/0x17e returned 0 after 39481 usecs
[   10.422879] calling  serial_pci_driver_init+0x0/0x15 @ 1
[   10.431641] initcall serial_pci_driver_init+0x0/0x15 returned 0 after 450 usecs
[   10.442575] calling  exar_pci_driver_init+0x0/0x15 @ 1
[   10.450348] initcall exar_pci_driver_init+0x0/0x15 returned 0 after 28 usecs
[   10.461172] calling  lpss8250_pci_driver_init+0x0/0x15 @ 1
[   10.469805] initcall lpss8250_pci_driver_init+0x0/0x15 returned 0 after 202 usecs
[   10.480911] calling  mid8250_pci_driver_init+0x0/0x15 @ 1
[   10.488014] initcall mid8250_pci_driver_init+0x0/0x15 returned 0 after 63 usecs
[   10.498937] calling  virtio_console_init+0x0/0xff @ 1
[   10.508503] initcall virtio_console_init+0x0/0xff returned 0 after 1663 usecs
[   10.519898] calling  hpet_init+0x0/0x64 @ 1
[   10.533074] initcall hpet_init+0x0/0x64 returned 0 after 5922 usecs
[   10.542521] calling  nvram_module_init+0x0/0x83 @ 1
[   10.551225] Non-volatile memory driver v1.3
[   10.557857] initcall nvram_module_init+0x0/0x83 returned 0 after 7950 usecs
[   10.568855] calling  hwrng_modinit+0x0/0x8a @ 1
[   10.577450] initcall hwrng_modinit+0x0/0x8a returned 0 after 1003 usecs
[   10.587594] calling  mod_init+0x0/0x48 @ 1
[   10.593699] initcall mod_init+0x0/0x48 returned -19 after 0 usecs
[   10.602386] calling  agp_init+0x0/0x23 @ 1
[   10.608658] Linux agpgart interface v0.103
[   10.615068] initcall agp_init+0x0/0x23 returned 0 after 6257 usecs
[   10.624173] calling  agp_amd64_mod_init+0x0/0x5 @ 1
[   10.632565] initcall agp_amd64_mod_init+0x0/0x5 returned -19 after 480 usecs
[   10.643124] calling  agp_intel_init+0x0/0x28 @ 1
[   10.653088] initcall agp_intel_init+0x0/0x28 returned 0 after 2873 usecs
[   10.665537] calling  drm_kms_helper_init+0x0/0x7 @ 1
[   10.675103] initcall drm_kms_helper_init+0x0/0x7 returned 0 after 128 usecs
[   10.687395] calling  drm_core_init+0x0/0xa4 @ 1
[   10.696378] initcall drm_core_init+0x0/0xa4 returned 0 after 636 usecs
[   10.707983] calling  i915_init+0x0/0x6b @ 1
[   10.722348] initcall i915_init+0x0/0x6b returned 0 after 7220 usecs
[   10.732711] calling  cn_proc_init+0x0/0x35 @ 1
[   10.742006] initcall cn_proc_init+0x0/0x35 returned 0 after 2 usecs
[   10.752045] calling  topology_sysfs_init+0x0/0x27 @ 1
[   10.761369] initcall topology_sysfs_init+0x0/0x27 returned 0 after 531 usecs
[   10.773048] calling  cacheinfo_sysfs_init+0x0/0x27 @ 1
[   10.819636] initcall cacheinfo_sysfs_init+0x0/0x27 returned 0 after 36426 usecs
[   10.833213] calling  loop_init+0x0/0x168 @ 1
[   10.967518] loop: module loaded
[   10.972776] initcall loop_init+0x0/0x168 returned 0 after 130341 usecs
[   10.983441] calling  mac_hid_init+0x0/0x21 @ 1
[   10.990491] initcall mac_hid_init+0x0/0x21 returned 0 after 8 usecs
[   11.001129] calling  spi_transport_init+0x0/0x74 @ 1
[   11.010120] initcall spi_transport_init+0x0/0x74 returned 0 after 596 usecs
[   11.021816] calling  init_sd+0x0/0x18c @ 1
[   11.030155] initcall init_sd+0x0/0x18c returned 0 after 801 usecs
[   11.040297] calling  init_sr+0x0/0x43 @ 1
[   11.047800] initcall init_sr+0x0/0x43 returned 0 after 548 usecs
[   11.056888] calling  init_sg+0x0/0x1c0 @ 1
[   11.067417] initcall init_sg+0x0/0x1c0 returned 0 after 198 usecs
[   11.077643] calling  ahci_pci_driver_init+0x0/0x15 @ 1
[   11.087353] ahci 0000:00:1f.2: version 3.0
[   11.099060] PCI Interrupt Link [GSIA] enabled at IRQ 16
[   11.128534] ahci 0000:00:1f.2: AHCI 0001.0000 32 slots 6 ports 1.5 Gbps 0x3f impl SATA mode
[   11.143347] ahci 0000:00:1f.2: flags: 64bit ncq only 
[   11.183930] scsi host0: ahci
[   11.193166] scsi host1: ahci
[   11.208614] scsi host2: ahci
[   11.220097] scsi host3: ahci
[   11.230587] scsi host4: ahci
[   11.239456] scsi host5: ahci
[   11.244861] ata1: SATA max UDMA/133 abar m4096@0xfebf1000 port 0xfebf1100 irq 24
[   11.257162] ata2: SATA max UDMA/133 abar m4096@0xfebf1000 port 0xfebf1180 irq 24
[   11.269304] ata3: SATA max UDMA/133 abar m4096@0xfebf1000 port 0xfebf1200 irq 24
[   11.281756] ata4: SATA max UDMA/133 abar m4096@0xfebf1000 port 0xfebf1280 irq 24
[   11.294005] ata5: SATA max UDMA/133 abar m4096@0xfebf1000 port 0xfebf1300 irq 24
[   11.307117] ata6: SATA max UDMA/133 abar m4096@0xfebf1000 port 0xfebf1380 irq 24
[   11.322278] initcall ahci_pci_driver_init+0x0/0x15 returned 0 after 230361 usecs
[   11.332453] calling  piix_init+0x0/0x26 @ 1
[   11.339158] initcall piix_init+0x0/0x26 returned 0 after 313 usecs
[   11.348412] calling  amd_pci_driver_init+0x0/0x15 @ 1
[   11.355268] initcall amd_pci_driver_init+0x0/0x15 returned 0 after 64 usecs
[   11.364838] calling  oldpiix_pci_driver_init+0x0/0x15 @ 1
[   11.372769] initcall oldpiix_pci_driver_init+0x0/0x15 returned 0 after 171 usecs
[   11.383369] calling  sch_pci_driver_init+0x0/0x15 @ 1
[   11.391081] initcall sch_pci_driver_init+0x0/0x15 returned 0 after 166 usecs
[   11.401184] calling  net_olddevs_init+0x0/0x55 @ 1
[   11.408825] initcall net_olddevs_init+0x0/0x55 returned 0 after 326 usecs
[   11.418610] calling  blackhole_netdev_init+0x0/0x78 @ 1
[   11.426455] initcall blackhole_netdev_init+0x0/0x78 returned 0 after 580 usecs
[   11.436617] calling  phy_module_init+0x0/0x13 @ 1
[   11.444408] initcall phy_module_init+0x0/0x13 returned 0 after 625 usecs
[   11.454183] calling  tg3_driver_init+0x0/0x15 @ 1
[   11.461869] initcall tg3_driver_init+0x0/0x15 returned 0 after 526 usecs
[   11.471796] calling  e100_init_module+0x0/0x4c @ 1
[   11.479991] e100: Intel(R) PRO/100 Network Driver
[   11.487526] e100: Copyright(c) 1999-2006 Intel Corporation
[   11.496460] initcall e100_init_module+0x0/0x4c returned 0 after 16128 usecs
[   11.507165] calling  e1000_init_module+0x0/0x72 @ 1
[   11.513772] e1000: Intel(R) PRO/1000 Network Driver
[   11.520588] e1000: Copyright (c) 1999-2006 Intel Corporation.
[   11.528743] initcall e1000_init_module+0x0/0x72 returned 0 after 14690 usecs
[   11.538892] calling  e1000_init_module+0x0/0x2d @ 1
[   11.545682] e1000e: Intel(R) PRO/1000 Network Driver
[   11.552959] e1000e: Copyright(c) 1999 - 2015 Intel Corporation.
[   11.561739] initcall e1000_init_module+0x0/0x2d returned 0 after 15699 usecs
[   11.571110] calling  sky2_init_module+0x0/0x21 @ 1
[   11.577611] sky2: driver version 1.30
[   11.582821] initcall sky2_init_module+0x0/0x21 returned 0 after 5223 usecs
[   11.591977] calling  forcedeth_pci_driver_init+0x0/0x15 @ 1
[   11.599757] initcall forcedeth_pci_driver_init+0x0/0x15 returned 0 after 39 usecs
[   11.610506] calling  rtl8139_init_module+0x0/0x15 @ 1
[   11.617368] initcall rtl8139_init_module+0x0/0x15 returned 0 after 67 usecs
[   11.627129] calling  rtl8169_pci_driver_init+0x0/0x15 @ 1
[   11.634836] initcall rtl8169_pci_driver_init+0x0/0x15 returned 0 after 90 usecs
[   11.639219] ata1: SATA link down (SStatus 0 SControl 300)
[   11.645169] calling  cdrom_init+0x0/0xc @ 1
[   11.645253] initcall cdrom_init+0x0/0xc returned 0 after 77 usecs
[   11.655932] ata2: SATA link down (SStatus 0 SControl 300)
[   11.660249] calling  nonstatic_sysfs_init+0x0/0xc @ 1
[   11.660302] initcall nonstatic_sysfs_init+0x0/0xc returned 0 after 48 usecs
[   11.691534] ata3: SATA link up 1.5 Gbps (SStatus 113 SControl 300)
[   11.695266] calling  yenta_cardbus_driver_init+0x0/0x15 @ 1
[   11.695355] initcall yenta_cardbus_driver_init+0x0/0x15 returned 0 after 82 usecs
[   11.724593] ata6: SATA link down (SStatus 0 SControl 300)
[   11.726550] calling  mon_init+0x0/0x12d @ 1
[   11.735099] ata3.00: ATAPI: QEMU DVD-ROM, 2.5+, max UDMA/100
[   11.752740] initcall mon_init+0x0/0x12d returned 0 after 11959 usecs
[   11.752744] calling  ehci_hcd_init+0x0/0x56 @ 1
[   11.752779] ehci_hcd: USB 2.0 'Enhanced' Host Controller (EHCI) Driver
[   11.752782] initcall ehci_hcd_init+0x0/0x56 returned 0 after 34 usecs
[   11.752784] calling  ehci_pci_init+0x0/0x64 @ 1
[   11.752785] ehci-pci: EHCI PCI platform driver
[   11.752831] initcall ehci_pci_init+0x0/0x64 returned 0 after 44 usecs
[   11.752834] calling  ohci_hcd_mod_init+0x0/0x4e @ 1
[   11.752835] ohci_hcd: USB 1.1 'Open' Host Controller (OHCI) Driver
[   11.752863] initcall ohci_hcd_mod_init+0x0/0x4e returned 0 after 25 usecs
[   11.752865] calling  ohci_pci_init+0x0/0x64 @ 1
[   11.752866] ohci-pci: OHCI PCI platform driver
[   11.752948] initcall ohci_pci_init+0x0/0x64 returned 0 after 79 usecs
[   11.752950] calling  uhci_hcd_init+0x0/0xa8 @ 1
[   11.752952] uhci_hcd: USB Universal Host Controller Interface driver
[   11.753049] initcall uhci_hcd_init+0x0/0xa8 returned 0 after 93 usecs
[   11.753051] calling  xhci_hcd_init+0x0/0x1e @ 1
[   11.753096] initcall xhci_hcd_init+0x0/0x1e returned 0 after 41 usecs
[   11.753110] calling  xhci_pci_init+0x0/0x49 @ 1
[   11.753209] initcall xhci_pci_init+0x0/0x49 returned 0 after 93 usecs
[   11.753211] calling  usblp_driver_init+0x0/0x15 @ 1
[   11.753291] usbcore: registered new interface driver usblp
[   11.753293] initcall usblp_driver_init+0x0/0x15 returned 0 after 77 usecs
[   11.753296] calling  usb_storage_driver_init+0x0/0x2a @ 1
[   11.753351] usbcore: registered new interface driver usb-storage
[   11.753354] initcall usb_storage_driver_init+0x0/0x2a returned 0 after 54 usecs
[   11.753356] calling  i8042_init+0x0/0x4c2 @ 1
[   11.753488] i8042: PNP: PS/2 Controller [PNP0303:KBD,PNP0f13:MOU] at 0x60,0x64 irq 1,12
[   11.760813] irq/12-i8042 (234) used greatest stack depth: 15168 bytes left
[   11.765658] ata3.00: applying bridge limits
[   11.766058] serio: i8042 KBD port at 0x60,0x64 irq 1
[   11.766236] serio: i8042 AUX port at 0x60,0x64 irq 12
[   11.766296] initcall i8042_init+0x0/0x4c2 returned 0 after 12631 usecs
[   11.766300] calling  serport_init+0x0/0x2c @ 1
[   11.766303] initcall serport_init+0x0/0x2c returned 0 after 0 usecs
[   11.766306] calling  input_leds_init+0x0/0xc @ 1
[   11.766310] initcall input_leds_init+0x0/0xc returned 0 after 1 usecs
[   11.766311] calling  evdev_init+0x0/0xc @ 1
[   11.767271] initcall evdev_init+0x0/0xc returned 0 after 931 usecs
[   11.767275] calling  atkbd_init+0x0/0x21 @ 1
[   11.770785] input: AT Translated Set 2 keyboard as /devices/platform/i8042/serio0/input/input1
[   11.771300] initcall atkbd_init+0x0/0x21 returned 0 after 3925 usecs
[   11.771303] calling  psmouse_init+0x0/0x7f @ 1
[   11.771988] initcall psmouse_init+0x0/0x7f returned 0 after 663 usecs
[   11.771991] calling  cmos_init+0x0/0x73 @ 1
[   11.772564] rtc_cmos 00:04: RTC can wake from S4
[   11.781304] rtc_cmos 00:04: registered as rtc0
[   11.785594] ata5: SATA link down (SStatus 0 SControl 300)
[   11.797548] rtc_cmos 00:04: alarms up to one day, y3k, 242 bytes nvram, hpet irqs
[   11.811182] ata4: SATA link down (SStatus 0 SControl 300)
[   11.815884] initcall cmos_init+0x0/0x73 returned 0 after 42856 usecs
[   11.825056] ata3.00: configured for UDMA/100
[   11.832398] calling  smbalert_driver_init+0x0/0xe @ 1
[   11.844207] scsi 2:0:0:0: CD-ROM            QEMU     QEMU DVD-ROM     2.5+ PQ: 0 ANSI: 5
[   11.849925] initcall smbalert_driver_init+0x0/0xe returned 0 after 231 usecs
[   12.255525] calling  i2c_i801_init+0x0/0xc5 @ 1
[   12.274438] sr 2:0:0:0: [sr0] scsi3-mmc drive: 4x/4x cd/rw xa/form2 tray
[   12.286635] cdrom: Uniform CD-ROM driver Revision: 3.20
[   12.296019] i801_smbus 0000:00:1f.3: SMBus using PCI interrupt
[   12.306069] i2c i2c-0: 1/1 memory slots populated (from DMI)
[   12.313814] i2c i2c-0: Memory type 0x07 not supported yet, not instantiating SPD
[   12.331203] initcall i2c_i801_init+0x0/0xc5 returned 0 after 66575 usecs
[   12.340697] calling  ptp_kvm_init+0x0/0xf0 @ 1
[   12.349184] initcall ptp_kvm_init+0x0/0xf0 returned 0 after 2027 usecs
[   12.358553] calling  dm_init+0x0/0x3c @ 1
[   12.369628] device-mapper: ioctl: 4.43.0-ioctl (2020-10-01) initialised: dm-devel@redhat.com
[   12.374454] sr 2:0:0:0: Attached scsi CD-ROM sr0
[   12.393737] initcall dm_init+0x0/0x3c returned 0 after 28457 usecs
[   12.393740] calling  dm_mirror_init+0x0/0x29 @ 1
[   12.393757] initcall dm_mirror_init+0x0/0x29 returned 0 after 15 usecs
[   12.393759] calling  dm_dirty_log_init+0x0/0x4f @ 1
[   12.393790] initcall dm_dirty_log_init+0x0/0x4f returned 0 after 28 usecs
[   12.393791] calling  dm_zero_init+0x0/0x29 @ 1
[   12.393793] initcall dm_zero_init+0x0/0x29 returned 0 after 0 usecs
[   12.393795] calling  intel_pstate_init+0x0/0x50d @ 1
[   12.393870] intel_pstate: CPU model not supported
[   12.393872] initcall intel_pstate_init+0x0/0x50d returned -19 after 73 usecs
[   12.393874] calling  haltpoll_init+0x0/0xc0 @ 1
[   12.393941] initcall haltpoll_init+0x0/0xc0 returned -19 after 63 usecs
[   12.394095] calling  efivars_sysfs_init+0x0/0x30 @ 1
[   12.394171] initcall efivars_sysfs_init+0x0/0x30 returned 0 after 72 usecs
[   12.394192] calling  esrt_sysfs_init+0x0/0x2a2 @ 1
[   12.394215] initcall esrt_sysfs_init+0x0/0x2a2 returned -38 after 20 usecs
[   12.394217] calling  hid_init+0x0/0x5c @ 1
[   12.394427] hid: raw HID events driver (C) Jiri Kosina
[   12.394543] initcall hid_init+0x0/0x5c returned 0 after 316 usecs
[   12.394545] calling  hid_generic_init+0x0/0x15 @ 1
[   12.394760] initcall hid_generic_init+0x0/0x15 returned 0 after 207 usecs
[   12.394762] calling  a4_driver_init+0x0/0x15 @ 1
[   12.394770] initcall a4_driver_init+0x0/0x15 returned 0 after 5 usecs
[   12.394772] calling  apple_driver_init+0x0/0x15 @ 1
[   12.394808] initcall apple_driver_init+0x0/0x15 returned 0 after 33 usecs
[   12.394810] calling  belkin_driver_init+0x0/0x15 @ 1
[   12.394817] initcall belkin_driver_init+0x0/0x15 returned 0 after 4 usecs
[   12.394819] calling  ch_driver_init+0x0/0x15 @ 1
[   12.394826] initcall ch_driver_init+0x0/0x15 returned 0 after 4 usecs
[   12.394827] calling  ch_driver_init+0x0/0x15 @ 1
[   12.394843] initcall ch_driver_init+0x0/0x15 returned 0 after 13 usecs
[   12.394845] calling  cp_driver_init+0x0/0x15 @ 1
[   12.394852] initcall cp_driver_init+0x0/0x15 returned 0 after 4 usecs
[   12.394854] calling  ez_driver_init+0x0/0x15 @ 1
[   12.394860] initcall ez_driver_init+0x0/0x15 returned 0 after 4 usecs
[   12.394862] calling  gyration_driver_init+0x0/0x15 @ 1
[   12.394871] initcall gyration_driver_init+0x0/0x15 returned 0 after 6 usecs
[   12.394872] calling  ite_driver_init+0x0/0x15 @ 1
[   12.394879] initcall ite_driver_init+0x0/0x15 returned 0 after 4 usecs
[   12.394881] calling  ks_driver_init+0x0/0x15 @ 1
[   12.394940] initcall ks_driver_init+0x0/0x15 returned 0 after 55 usecs
[   12.394941] calling  lg_driver_init+0x0/0x15 @ 1
[   12.394951] initcall lg_driver_init+0x0/0x15 returned 0 after 7 usecs
[   12.394953] calling  lg_g15_driver_init+0x0/0x15 @ 1
[   12.394980] initcall lg_g15_driver_init+0x0/0x15 returned 0 after 15 usecs
[   12.394982] calling  ms_driver_init+0x0/0x15 @ 1
[   12.394990] initcall ms_driver_init+0x0/0x15 returned 0 after 5 usecs
[   12.394991] calling  mr_driver_init+0x0/0x15 @ 1
[   12.395001] initcall mr_driver_init+0x0/0x15 returned 0 after 7 usecs
[   12.395003] calling  ntrig_driver_init+0x0/0x15 @ 1
[   12.395032] initcall ntrig_driver_init+0x0/0x15 returned 0 after 26 usecs
[   12.395034] calling  pl_driver_init+0x0/0x15 @ 1
[   12.395051] initcall pl_driver_init+0x0/0x15 returned 0 after 15 usecs
[   12.395053] calling  pl_driver_init+0x0/0x15 @ 1
[   12.395072] initcall pl_driver_init+0x0/0x15 returned 0 after 5 usecs
[   12.395074] calling  redragon_driver_init+0x0/0x15 @ 1
[   12.395082] initcall redragon_driver_init+0x0/0x15 returned 0 after 6 usecs
[   12.395083] calling  samsung_driver_init+0x0/0x15 @ 1
[   12.395091] initcall samsung_driver_init+0x0/0x15 returned 0 after 5 usecs
[   12.395093] calling  sony_init+0x0/0x38 @ 1
[   12.395112] initcall sony_init+0x0/0x38 returned 0 after 17 usecs
[   12.395114] calling  sp_driver_init+0x0/0x15 @ 1
[   12.395125] initcall sp_driver_init+0x0/0x15 returned 0 after 8 usecs
[   12.395127] calling  ts_driver_init+0x0/0x15 @ 1
[   12.395135] initcall ts_driver_init+0x0/0x15 returned 0 after 6 usecs
[   12.395137] calling  hid_init+0x0/0x58 @ 1
[   12.395217] usbcore: registered new interface driver usbhid
[   12.395218] usbhid: USB HID core driver
[   12.395220] initcall hid_init+0x0/0x58 returned 0 after 79 usecs
[   12.395222] calling  eeepc_laptop_init+0x0/0x57 @ 1
[   12.395916] initcall eeepc_laptop_init+0x0/0x57 returned -19 after 673 usecs
[   12.395918] calling  pmc_atom_init+0x0/0x27a @ 1
