c[?7l[2J[0mSeaBIOS (version 1.16.0-debian-1.16.0-4)
Booting from ROM...
early console in setup code
c[?7l[2J[    0.000000] Linux version 5.10.154+ (root@joelboxx.c.googlers.com) (gcc (Debian 12.2.0-3) 12.2.0, GNU ld (GNU Binutils for Debian) 2.39) #11 SMP PREEMPT Tue Dec 13 06:27:18 UTC 2022
[    0.000000] Command line: selinux=0 initcall_debug debug console=ttyS0 rcutorture.torture_type=tasks-rude rcutorture.onoff_interval=1000 rcutorture.onoff_holdoff=30 rcutorture.n_barrier_cbs=4 rcutorture.stat_interval=15 rcutorture.shutdown_secs=1800 rcutorture.test_no_idle_hz=1 rcutorture.verbose=1
[    0.000000] x86/fpu: x87 FPU will use FXSAVE
[    0.000000] BIOS-provided physical RAM map:
[    0.000000] BIOS-e820: [mem 0x0000000000000000-0x000000000009fbff] usable
[    0.000000] BIOS-e820: [mem 0x000000000009fc00-0x000000000009ffff] reserved
[    0.000000] BIOS-e820: [mem 0x00000000000f0000-0x00000000000fffff] reserved
[    0.000000] BIOS-e820: [mem 0x0000000000100000-0x000000001ffdefff] usable
[    0.000000] BIOS-e820: [mem 0x000000001ffdf000-0x000000001fffffff] reserved
[    0.000000] BIOS-e820: [mem 0x00000000b0000000-0x00000000bfffffff] reserved
[    0.000000] BIOS-e820: [mem 0x00000000fed1c000-0x00000000fed1ffff] reserved
[    0.000000] BIOS-e820: [mem 0x00000000feffc000-0x00000000feffffff] reserved
[    0.000000] BIOS-e820: [mem 0x00000000fffc0000-0x00000000ffffffff] reserved
[    0.000000] NX (Execute Disable) protection: active
[    0.000000] SMBIOS 2.8 present.
[    0.000000] DMI: QEMU Standard PC (Q35 + ICH9, 2009), BIOS 1.16.0-debian-1.16.0-4 04/01/2014
[    0.000000] Hypervisor detected: KVM
[    0.000000] kvm-clock: Using msrs 4b564d01 and 4b564d00
[    0.000000] kvm-clock: cpu 0, msr 17929001, primary cpu clock
[    0.000074] kvm-clock: using sched offset of 2586014834 cycles
[    0.000420] clocksource: kvm-clock: mask: 0xffffffffffffffff max_cycles: 0x1cd42e4dffb, max_idle_ns: 881590591483 ns
[    0.000702] tsc: Detected 1999.999 MHz processor
[    0.009710] e820: update [mem 0x00000000-0x00000fff] usable ==> reserved
[    0.009720] e820: remove [mem 0x000a0000-0x000fffff] usable
[    0.009729] last_pfn = 0x1ffdf max_arch_pfn = 0x400000000
[    0.010931] MTRR default type: write-back
[    0.010999] MTRR fixed ranges enabled:
[    0.011002]   00000-9FFFF write-back
[    0.011005]   A0000-BFFFF uncachable
[    0.011007]   C0000-FFFFF write-protect
[    0.011009] MTRR variable ranges enabled:
[    0.011012]   0 base 00C0000000 mask FFC0000000 uncachable
[    0.011015]   1 disabled
[    0.011017]   2 disabled
[    0.011019]   3 disabled
[    0.011021]   4 disabled
[    0.011023]   5 disabled
[    0.011025]   6 disabled
[    0.011027]   7 disabled
[    0.011471] x86/PAT: Configuration [0-7]: WB  WC  UC- UC  WB  WC  UC- UC  
[    0.020767] found SMP MP-table at [mem 0x000f5ba0-0x000f5baf]
[    0.024018] check: Scanning 1 areas for low memory corruption
[    0.045826] ACPI: Early table checksum verification disabled
[    0.048866] ACPI: RSDP 0x00000000000F59E0 000014 (v00 BOCHS )
[    0.049309] ACPI: RSDT 0x000000001FFE22F5 000038 (v01 BOCHS  BXPC     00000001 BXPC 00000001)
[    0.049688] ACPI: FACP 0x000000001FFE20E5 0000F4 (v03 BOCHS  BXPC     00000001 BXPC 00000001)
[    0.049854] ACPI: DSDT 0x000000001FFE0040 0020A5 (v01 BOCHS  BXPC     00000001 BXPC 00000001)
[    0.049862] ACPI: FACS 0x000000001FFE0000 000040
[    0.049869] ACPI: APIC 0x000000001FFE21D9 000080 (v01 BOCHS  BXPC     00000001 BXPC 00000001)
[    0.049939] ACPI: HPET 0x000000001FFE2259 000038 (v01 BOCHS  BXPC     00000001 BXPC 00000001)
[    0.049947] ACPI: MCFG 0x000000001FFE2291 00003C (v01 BOCHS  BXPC     00000001 BXPC 00000001)
[    0.049954] ACPI: WAET 0x000000001FFE22CD 000028 (v01 BOCHS  BXPC     00000001 BXPC 00000001)
[    0.049961] ACPI: Reserving FACP table memory at [mem 0x1ffe20e5-0x1ffe21d8]
[    0.049965] ACPI: Reserving DSDT table memory at [mem 0x1ffe0040-0x1ffe20e4]
[    0.049968] ACPI: Reserving FACS table memory at [mem 0x1ffe0000-0x1ffe003f]
[    0.049971] ACPI: Reserving APIC table memory at [mem 0x1ffe21d9-0x1ffe2258]
[    0.049973] ACPI: Reserving HPET table memory at [mem 0x1ffe2259-0x1ffe2290]
[    0.049975] ACPI: Reserving MCFG table memory at [mem 0x1ffe2291-0x1ffe22cc]
[    0.049978] ACPI: Reserving WAET table memory at [mem 0x1ffe22cd-0x1ffe22f4]
[    0.051277] ACPI: Local APIC address 0xfee00000
[    0.056525] No NUMA configuration found
[    0.056530] Faking a node at [mem 0x0000000000000000-0x000000001ffdefff]
[    0.056702] NODE_DATA(0) allocated [mem 0x1ffdb000-0x1ffdefff]
[    0.058772] Zone ranges:
[    0.058975]   DMA      [mem 0x0000000000001000-0x0000000000ffffff]
[    0.059052]   DMA32    [mem 0x0000000001000000-0x000000001ffdefff]
[    0.059057]   Normal   empty
[    0.059060] Movable zone start for each node
[    0.059063] Early memory node ranges
[    0.059065]   node   0: [mem 0x0000000000001000-0x000000000009efff]
[    0.059123]   node   0: [mem 0x0000000000100000-0x000000001ffdefff]
[    0.059270] Initmem setup node 0 [mem 0x0000000000001000-0x000000001ffdefff]
[    0.059345] On node 0 totalpages: 130941
[    0.059529]   DMA zone: 64 pages used for memmap
[    0.059532]   DMA zone: 21 pages reserved
[    0.059535]   DMA zone: 3998 pages, LIFO batch:0
[    0.059538]   DMA32 zone: 1984 pages used for memmap
[    0.059540]   DMA32 zone: 126943 pages, LIFO batch:31
[    0.062494] On node 0, zone DMA: 1 pages in unavailable ranges
[    0.067182] On node 0, zone DMA: 97 pages in unavailable ranges
[    0.182808] On node 0, zone DMA32: 33 pages in unavailable ranges
[    0.186498] ACPI: PM-Timer IO Port: 0x608
[    0.186505] ACPI: Local APIC address 0xfee00000
[    0.186720] ACPI: LAPIC_NMI (acpi_id[0xff] dfl dfl lint[0x1])
[    0.188027] IOAPIC[0]: apic_id 0, version 17, address 0xfec00000, GSI 0-23
[    0.188161] ACPI: INT_SRC_OVR (bus 0 bus_irq 0 global_irq 2 dfl dfl)
[    0.188216] ACPI: INT_SRC_OVR (bus 0 bus_irq 5 global_irq 5 high level)
[    0.188219] ACPI: INT_SRC_OVR (bus 0 bus_irq 9 global_irq 9 high level)
[    0.188321] ACPI: INT_SRC_OVR (bus 0 bus_irq 10 global_irq 10 high level)
[    0.188324] ACPI: INT_SRC_OVR (bus 0 bus_irq 11 global_irq 11 high level)
[    0.188374] ACPI: IRQ0 used by override.
[    0.188377] ACPI: IRQ5 used by override.
[    0.188380] ACPI: IRQ9 used by override.
[    0.188382] ACPI: IRQ10 used by override.
[    0.188384] ACPI: IRQ11 used by override.
[    0.188475] Using ACPI (MADT) for SMP configuration information
[    0.188523] ACPI: HPET id: 0x8086a201 base: 0xfed00000
[    0.188953] smpboot: Allowing 2 CPUs, 0 hotplug CPUs
[    0.190913] PM: hibernation: Registered nosave memory: [mem 0x00000000-0x00000fff]
[    0.190918] PM: hibernation: Registered nosave memory: [mem 0x0009f000-0x0009ffff]
[    0.190920] PM: hibernation: Registered nosave memory: [mem 0x000a0000-0x000effff]
[    0.190922] PM: hibernation: Registered nosave memory: [mem 0x000f0000-0x000fffff]
[    0.190928] [mem 0x20000000-0xafffffff] available for PCI devices
[    0.191009] Booting paravirtualized kernel on KVM
[    0.191475] clocksource: refined-jiffies: mask: 0xffffffff max_cycles: 0xffffffff, max_idle_ns: 1910969940391419 ns
[    0.219964] setup_percpu: NR_CPUS:2 nr_cpumask_bits:2 nr_cpu_ids:2 nr_node_ids:1
[    0.246431] percpu: Embedded 58 pages/cpu s198480 r8192 d30896 u1048576
[    0.246481] pcpu-alloc: s198480 r8192 d30896 u1048576 alloc=1*2097152
[    0.246522] pcpu-alloc: [0] 0 1 
[    0.246899] kvm-guest: stealtime: cpu 0, msr 1f41bb40
[    0.248181] Built 1 zonelists, mobility grouping on.  Total pages: 128872
[    0.248185] Policy zone: DMA32
[    0.248265] Kernel command line: selinux=0 initcall_debug debug console=ttyS0 rcutorture.torture_type=tasks-rude rcutorture.onoff_interval=1000 rcutorture.onoff_holdoff=30 rcutorture.n_barrier_cbs=4 rcutorture.stat_interval=15 rcutorture.shutdown_secs=1800 rcutorture.test_no_idle_hz=1 rcutorture.verbose=1
[    0.264019] Dentry cache hash table entries: 65536 (order: 7, 524288 bytes, linear)
[    0.266814] Inode-cache hash table entries: 32768 (order: 6, 262144 bytes, linear)
[    0.267494] mem auto-init: stack:all(zero), heap alloc:off, heap free:off
[    0.274338] Memory: 466776K/523764K available (16398K kernel code, 2805K rwdata, 4836K rodata, 1516K init, 13268K bss, 56728K reserved, 0K cma-reserved)
[    0.275441] SLUB: HWalign=64, Order=0-3, MinObjects=0, CPUs=2, Nodes=1
[    0.276086] Kernel/User page tables isolation: enabled
[    0.285718] Running RCU self tests
[    0.286097] rcu: Preemptible hierarchical RCU implementation.
[    0.286102] rcu: 	RCU event tracing is enabled.
[    0.286106] rcu: 	RCU lockdep checking is enabled.
[    0.286137] 	Trampoline variant of Tasks RCU enabled.
[    0.286141] 	Rude variant of Tasks RCU enabled.
[    0.286144] 	Tracing variant of Tasks RCU enabled.
[    0.286249] rcu: RCU calculated value of scheduler-enlistment delay is 100 jiffies.
[    0.303507] NR_IRQS: 4352, nr_irqs: 440, preallocated irqs: 16
[    0.308183] calling  con_init+0x0/0x24f @ 0
[    0.461628] Console: colour VGA+ 80x25
[    0.461711] initcall con_init+0x0/0x24f returned 0 after 0 usecs
[    0.461717] calling  hvc_console_init+0x0/0x13 @ 0
[    0.461744] initcall hvc_console_init+0x0/0x13 returned 0 after 0 usecs
[    0.461748] calling  univ8250_console_init+0x0/0x26 @ 0
[    1.397752] printk: console [ttyS0] enabled
[    1.403524] initcall univ8250_console_init+0x0/0x26 returned 0 after 0 usecs
[    1.411440] Lock dependency validator: Copyright (c) 2006 Red Hat, Inc., Ingo Molnar
[    1.420072] ... MAX_LOCKDEP_SUBCLASSES:  8
[    1.424707] ... MAX_LOCK_DEPTH:          48
[    1.429437] ... MAX_LOCKDEP_KEYS:        8192
[    1.434410] ... CLASSHASH_SIZE:          4096
[    1.439243] ... MAX_LOCKDEP_ENTRIES:     32768
[    1.444260] ... MAX_LOCKDEP_CHAINS:      65536
[    1.449208] ... CHAINHASH_SIZE:          32768
[    1.454208]  memory used by lock dependency info: 6365 kB
[    1.460154]  memory used for stack traces: 4224 kB
[    1.465497]  per task-struct memory footprint: 1920 bytes
[    1.476118] ACPI: Core revision 20200925
[    1.486680] clocksource: hpet: mask: 0xffffffff max_cycles: 0xffffffff, max_idle_ns: 19112604467 ns
[    1.501372] APIC: Switch to symmetric I/O mode setup
[    1.524063] ..TIMER: vector=0x30 apic1=0 pin1=2 apic2=-1 pin2=-1
[    1.531325] clocksource: tsc-early: mask: 0xffffffffffffffff max_cycles: 0x39a85afc727, max_idle_ns: 881590685098 ns
[    1.543872] Calibrating delay loop (skipped) preset value.. 3999.99 BogoMIPS (lpj=1999999)
[    1.544566] pid_max: default: 32768 minimum: 301
[    1.546565] LSM: Security Framework initializing
[    1.547937] Mount-cache hash table entries: 1024 (order: 1, 8192 bytes, linear)
[    1.549656] Mountpoint-cache hash table entries: 1024 (order: 1, 8192 bytes, linear)
[    1.560775] Last level iTLB entries: 4KB 0, 2MB 0, 4MB 0
[    1.561552] Last level dTLB entries: 4KB 0, 2MB 0, 4MB 0, 1GB 0
[    1.562703] Spectre V1 : Mitigation: usercopy/swapgs barriers and __user pointer sanitization
[    1.563557] Spectre V2 : Mitigation: Retpolines
[    1.564553] Spectre V2 : Spectre v2 / SpectreRSB mitigation: Filling RSB on context switch
[    1.565556] Spectre V2 : Spectre v2 / SpectreRSB : Filling RSB on VMEXIT
[    1.566556] Speculative Store Bypass: Vulnerable
[    1.568581] MDS: Vulnerable: Clear CPU buffers attempted, no microcode
[    1.569550] MMIO Stale Data: Unknown: No mitigations
[    1.638452] Freeing SMP alternatives memory: 40K
[    1.743099] smpboot: CPU0: Intel Common KVM processor (family: 0xf, model: 0x6, stepping: 0x1)
[    1.745969] calling  init_hw_perf_events+0x0/0x6ce @ 1
[    1.746580] Performance Events: unsupported Netburst CPU model 6 no PMU driver, software events only.
[    1.747555] initcall init_hw_perf_events+0x0/0x6ce returned 0 after 976 usecs
[    1.748552] calling  init_real_mode+0x0/0x1e9 @ 1
[    1.751131] initcall init_real_mode+0x0/0x1e9 returned 0 after 976 usecs
[    1.751557] calling  trace_init_perf_perm_irq_work_exit+0x0/0x12 @ 1
[    1.752616] initcall trace_init_perf_perm_irq_work_exit+0x0/0x12 returned 0 after 0 usecs
[    1.753579] calling  validate_x2apic+0x0/0x4a @ 1
[    1.754581] initcall validate_x2apic+0x0/0x4a returned 0 after 0 usecs
[    1.755552] calling  register_nmi_cpu_backtrace_handler+0x0/0x15 @ 1
[    1.756571] initcall register_nmi_cpu_backtrace_handler+0x0/0x15 returned 0 after 0 usecs
[    1.757555] calling  kvm_setup_vsyscall_timeinfo+0x0/0xd1 @ 1
[    1.758555] initcall kvm_setup_vsyscall_timeinfo+0x0/0xd1 returned 0 after 0 usecs
[    1.759553] calling  spawn_ksoftirqd+0x0/0x38 @ 1
[    1.761698] initcall spawn_ksoftirqd+0x0/0x38 returned 0 after 976 usecs
[    1.762567] calling  migration_init+0x0/0x31 @ 1
[    1.763553] initcall migration_init+0x0/0x31 returned 0 after 0 usecs
[    1.764553] calling  srcu_bootup_announce+0x0/0x2f @ 1
[    1.765561] rcu: Hierarchical SRCU implementation.
[    1.766577] initcall srcu_bootup_announce+0x0/0x2f returned 0 after 976 usecs
[    1.767553] calling  rcu_spawn_gp_kthread+0x0/0x1b0 @ 1
[    1.769588] initcall rcu_spawn_gp_kthread+0x0/0x1b0 returned 0 after 976 usecs
[    1.770554] calling  check_cpu_stall_init+0x0/0x1a @ 1
[    1.771553] initcall check_cpu_stall_init+0x0/0x1a returned 0 after 0 usecs
[    1.772551] calling  rcu_sysrq_init+0x0/0x21 @ 1
[    1.773613] initcall rcu_sysrq_init+0x0/0x21 returned 0 after 0 usecs
[    1.775569] calling  trace_init_flags_sys_enter+0x0/0xe @ 1
[    1.776583] initcall trace_init_flags_sys_enter+0x0/0xe returned 0 after 0 usecs
[    1.777553] calling  trace_init_flags_sys_exit+0x0/0xe @ 1
[    1.778552] initcall trace_init_flags_sys_exit+0x0/0xe returned 0 after 0 usecs
[    1.779560] calling  cpu_stop_init+0x0/0x8d @ 1
[    1.781797] initcall cpu_stop_init+0x0/0x8d returned 0 after 976 usecs
[    1.782558] calling  init_kprobes+0x0/0x16e @ 1
[    1.784948] initcall init_kprobes+0x0/0x16e returned 0 after 976 usecs
[    1.785555] calling  init_events+0x0/0x3d @ 1
[    1.788230] initcall init_events+0x0/0x3d returned 0 after 976 usecs
[    1.788555] calling  init_trace_printk+0x0/0xc @ 1
[    1.789557] initcall init_trace_printk+0x0/0xc returned 0 after 0 usecs
[    1.790555] calling  event_trace_enable_again+0x0/0x23 @ 1
[    1.791554] initcall event_trace_enable_again+0x0/0x23 returned 0 after 0 usecs
[    1.793551] calling  static_call_init+0x0/0x79 @ 1
[    1.794553] initcall static_call_init+0x0/0x79 returned 0 after 0 usecs
[    1.795552] calling  jump_label_init_module+0x0/0xc @ 1
[    1.796553] initcall jump_label_init_module+0x0/0xc returned 0 after 0 usecs
[    1.797552] calling  init_zero_pfn+0x0/0x37 @ 1
[    1.798551] initcall init_zero_pfn+0x0/0x37 returned 0 after 0 usecs
[    1.799556] calling  initialize_ptr_random+0x0/0x54 @ 1
[    1.801680] initcall initialize_ptr_random+0x0/0x54 returned 0 after 0 usecs
[    1.802554] calling  efi_memreserve_root_init+0x0/0x25 @ 1
[    1.803614] initcall efi_memreserve_root_init+0x0/0x25 returned 0 after 0 usecs
[    1.804565] calling  efi_earlycon_remap_fb+0x0/0x51 @ 1
[    1.805552] initcall efi_earlycon_remap_fb+0x0/0x51 returned 0 after 0 usecs
[    1.807716] smp: Bringing up secondary CPUs ...
[    1.811376] x86: Booting SMP configuration:
[    1.811560] .... node  #0, CPUs:      #1
[    1.233947] kvm-clock: cpu 1, msr 17929041, secondary cpu clock
[    1.836906] kvm-guest: stealtime: cpu 1, msr 1f51bb40
[    1.851214] smp: Brought up 1 node, 2 CPUs
[    1.851639] smpboot: Max logical packages: 1
[    1.852561] smpboot: Total of 2 processors activated (7999.99 BogoMIPS)
[    1.873132] devtmpfs: initialized
[    1.881915] calling  ipc_ns_init+0x0/0x3d @ 1
[    1.886622] initcall ipc_ns_init+0x0/0x3d returned 0 after 0 usecs
[    1.893555] calling  init_mmap_min_addr+0x0/0x21 @ 1
[    1.899553] initcall init_mmap_min_addr+0x0/0x21 returned 0 after 0 usecs
[    1.906555] calling  pci_realloc_setup_params+0x0/0x3f @ 1
[    1.913574] initcall pci_realloc_setup_params+0x0/0x3f returned 0 after 0 usecs
[    1.921555] calling  net_ns_init+0x0/0x140 @ 1
[    1.928590] initcall net_ns_init+0x0/0x140 returned 0 after 1953 usecs
[    1.929601] calling  e820__register_nvs_regions+0x0/0x37 @ 1
[    1.930562] initcall e820__register_nvs_regions+0x0/0x37 returned 0 after 0 usecs
[    1.931562] calling  cpufreq_register_tsc_scaling+0x0/0x2e @ 1
[    1.932557] initcall cpufreq_register_tsc_scaling+0x0/0x2e returned 0 after 0 usecs
[    1.933555] calling  reboot_init+0x0/0x3c @ 1
[    1.935563] initcall reboot_init+0x0/0x3c returned 0 after 976 usecs
[    1.936553] calling  init_lapic_sysfs+0x0/0x20 @ 1
[    1.937568] initcall init_lapic_sysfs+0x0/0x20 returned 0 after 0 usecs
[    1.938553] calling  alloc_frozen_cpus+0x0/0x7 @ 1
[    1.939553] initcall alloc_frozen_cpus+0x0/0x7 returned 0 after 0 usecs
[    1.940552] calling  cpu_hotplug_pm_sync_init+0x0/0x13 @ 1
[    1.941576] initcall cpu_hotplug_pm_sync_init+0x0/0x13 returned 0 after 0 usecs
[    1.942553] calling  wq_sysfs_init+0x0/0x2a @ 1
[    1.943666] initcall wq_sysfs_init+0x0/0x2a returned 0 after 0 usecs
[    1.944552] calling  ksysfs_init+0x0/0x92 @ 1
[    1.945601] initcall ksysfs_init+0x0/0x92 returned 0 after 0 usecs
[    1.946564] calling  schedutil_gov_init+0x0/0xc @ 1
[    1.947714] initcall schedutil_gov_init+0x0/0xc returned 0 after 0 usecs
[    1.948559] calling  pm_init+0x0/0x76 @ 1
[    1.949693] initcall pm_init+0x0/0x76 returned 0 after 0 usecs
[    1.950554] calling  pm_disk_init+0x0/0x13 @ 1
[    1.951599] initcall pm_disk_init+0x0/0x13 returned 0 after 0 usecs
[    1.952553] calling  swsusp_header_init+0x0/0x2b @ 1
[    1.953557] initcall swsusp_header_init+0x0/0x2b returned 0 after 0 usecs
[    1.954552] calling  rcu_set_runtime_mode+0x0/0x2a @ 1
[    1.957562] initcall rcu_set_runtime_mode+0x0/0x2a returned 0 after 1953 usecs
[    1.958556] calling  init_jiffies_clocksource+0x0/0x13 @ 1
[    1.959555] clocksource: jiffies: mask: 0xffffffff max_cycles: 0xffffffff, max_idle_ns: 1911260446275000 ns
[    1.960569] initcall init_jiffies_clocksource+0x0/0x13 returned 0 after 976 usecs
[    1.961562] calling  futex_init+0x0/0x11b @ 1
[    1.962561] futex hash table entries: 512 (order: 4, 65536 bytes, linear)
[    1.963646] initcall futex_init+0x0/0x11b returned 0 after 976 usecs
[    1.964555] calling  cgroup_wq_init+0x0/0x28 @ 1
[    1.965572] initcall cgroup_wq_init+0x0/0x28 returned 0 after 0 usecs
[    1.966562] calling  cgroup1_wq_init+0x0/0x28 @ 1
[    1.967566] initcall cgroup1_wq_init+0x0/0x28 returned 0 after 0 usecs
[    1.968553] calling  init_kprobe_trace_early+0x0/0x2a @ 1
[    1.969641] initcall init_kprobe_trace_early+0x0/0x2a returned 0 after 0 usecs
[    1.971553] calling  fsnotify_init+0x0/0x56 @ 1
[    1.972591] initcall fsnotify_init+0x0/0x56 returned 0 after 0 usecs
[    1.973551] calling  filelock_init+0x0/0xb3 @ 1
[    1.974580] initcall filelock_init+0x0/0xb3 returned 0 after 0 usecs
[    1.975551] calling  init_misc_binfmt+0x0/0x2c @ 1
[    1.976618] initcall init_misc_binfmt+0x0/0x2c returned 0 after 0 usecs
[    1.977559] calling  init_script_binfmt+0x0/0x15 @ 1
[    1.978578] initcall init_script_binfmt+0x0/0x15 returned 0 after 0 usecs
[    1.979557] calling  init_elf_binfmt+0x0/0x15 @ 1
[    1.980557] initcall init_elf_binfmt+0x0/0x15 returned 0 after 0 usecs
[    1.981570] calling  init_compat_elf_binfmt+0x0/0x15 @ 1
[    1.982556] initcall init_compat_elf_binfmt+0x0/0x15 returned 0 after 0 usecs
[    1.983555] calling  debugfs_init+0x0/0x5c @ 1
[    1.984576] initcall debugfs_init+0x0/0x5c returned 0 after 0 usecs
[    1.985559] calling  tracefs_init+0x0/0x3a @ 1
[    1.986571] initcall tracefs_init+0x0/0x3a returned 0 after 0 usecs
[    1.987559] calling  prandom_init_early+0x0/0x15d @ 1
[    1.988566] initcall prandom_init_early+0x0/0x15d returned 0 after 0 usecs
[    1.989601] calling  virtio_init+0x0/0x20 @ 1
[    1.990644] initcall virtio_init+0x0/0x20 returned 0 after 0 usecs
[    1.991559] calling  iommu_init+0x0/0x2a @ 1
[    1.992612] initcall iommu_init+0x0/0x2a returned 0 after 0 usecs
[    1.993559] calling  component_debug_init+0x0/0x1c @ 1
[    1.995793] initcall component_debug_init+0x0/0x1c returned 0 after 976 usecs
[    1.996566] calling  early_resume_init+0x0/0xb9 @ 1
[    1.999155] PM: RTC time: 06:38:14, date: 2022-12-13
[    1.999573] initcall early_resume_init+0x0/0xb9 returned 0 after 976 usecs
[    2.000554] calling  cpufreq_core_init+0x0/0x62 @ 1
[    2.001566] initcall cpufreq_core_init+0x0/0x62 returned 0 after 0 usecs
[    2.002554] calling  cpufreq_gov_performance_init+0x0/0xc @ 1
[    2.003563] initcall cpufreq_gov_performance_init+0x0/0xc returned 0 after 0 usecs
[    2.004559] calling  cpufreq_gov_userspace_init+0x0/0xc @ 1
[    2.005564] initcall cpufreq_gov_userspace_init+0x0/0xc returned 0 after 0 usecs
[    2.006556] calling  CPU_FREQ_GOV_ONDEMAND_init+0x0/0xc @ 1
[    2.007573] initcall CPU_FREQ_GOV_ONDEMAND_init+0x0/0xc returned 0 after 0 usecs
[    2.008561] calling  cpuidle_init+0x0/0x1f @ 1
[    2.009598] initcall cpuidle_init+0x0/0x1f returned 0 after 0 usecs
[    2.010558] calling  capsule_reboot_register+0x0/0xc @ 1
[    2.011604] initcall capsule_reboot_register+0x0/0xc returned 0 after 0 usecs
[    2.012561] calling  sock_init+0x0/0x93 @ 1
[    2.016662] initcall sock_init+0x0/0x93 returned 0 after 2929 usecs
[    2.017557] calling  net_inuse_init+0x0/0x23 @ 1
[    2.018628] initcall net_inuse_init+0x0/0x23 returned 0 after 0 usecs
[    2.020553] calling  net_defaults_init+0x0/0x23 @ 1
[    2.022554] initcall net_defaults_init+0x0/0x23 returned 0 after 0 usecs
[    2.023557] calling  init_default_flow_dissectors+0x0/0x4f @ 1
[    2.024585] initcall init_default_flow_dissectors+0x0/0x4f returned 0 after 0 usecs
[    2.025560] calling  netpoll_init+0x0/0x44 @ 1
[    2.026562] initcall netpoll_init+0x0/0x44 returned 0 after 0 usecs
[    2.027560] calling  netlink_proto_init+0x0/0x154 @ 1
[    2.029561] NET: Registered protocol family 16
[    2.030819] initcall netlink_proto_init+0x0/0x154 returned 0 after 1953 usecs
[    2.031560] calling  genl_init+0x0/0x35 @ 1
[    2.033580] initcall genl_init+0x0/0x35 returned 0 after 976 usecs
[    2.034583] calling  bsp_pm_check_init+0x0/0x13 @ 1
[    2.035556] initcall bsp_pm_check_init+0x0/0x13 returned 0 after 0 usecs
[    2.036576] calling  irq_sysfs_init+0x0/0xb9 @ 1
[    2.038633] initcall irq_sysfs_init+0x0/0xb9 returned 0 after 976 usecs
[    2.039552] calling  audit_init+0x0/0x127 @ 1
[    2.040559] audit: initializing netlink subsys (disabled)
[    2.043694] initcall audit_init+0x0/0x127 returned 0 after 2929 usecs
[    2.043943] audit: type=2000 audit(1670913492.802:1): state=initialized audit_enabled=0 res=1
[    2.061559] calling  release_early_probes+0x0/0x32 @ 1
[    2.067556] initcall release_early_probes+0x0/0x32 returned 0 after 0 usecs
[    2.076556] calling  bdi_class_init+0x0/0x48 @ 1
[    2.081805] initcall bdi_class_init+0x0/0x48 returned 0 after 0 usecs
[    2.089558] calling  mm_sysfs_init+0x0/0x28 @ 1
[    2.094568] initcall mm_sysfs_init+0x0/0x28 returned 0 after 0 usecs
[    2.102564] calling  init_per_zone_wmark_min+0x0/0x6d @ 1
[    2.108592] initcall init_per_zone_wmark_min+0x0/0x6d returned 0 after 0 usecs
[    2.117556] calling  mpi_init+0x0/0x3e @ 1
[    2.122608] initcall mpi_init+0x0/0x3e returned 0 after 0 usecs
[    2.129556] calling  kobject_uevent_init+0x0/0xc @ 1
[    2.135684] initcall kobject_uevent_init+0x0/0xc returned 0 after 0 usecs
[    2.143555] calling  pcibus_class_init+0x0/0x13 @ 1
[    2.149590] initcall pcibus_class_init+0x0/0x13 returned 0 after 0 usecs
[    2.157558] calling  pci_driver_init+0x0/0x21 @ 1
[    2.163647] initcall pci_driver_init+0x0/0x21 returned 0 after 0 usecs
[    2.171579] calling  backlight_class_init+0x0/0xa8 @ 1
[    2.177611] initcall backlight_class_init+0x0/0xa8 returned 0 after 0 usecs
[    2.186555] calling  tty_class_init+0x0/0x33 @ 1
[    2.191570] initcall tty_class_init+0x0/0x33 returned 0 after 0 usecs
[    2.199556] calling  vtconsole_class_init+0x0/0xb5 @ 1
[    2.206556] initcall vtconsole_class_init+0x0/0xb5 returned 0 after 976 usecs
[    2.214554] calling  iommu_dev_init+0x0/0x13 @ 1
[    2.220609] initcall iommu_dev_init+0x0/0x13 returned 0 after 0 usecs
[    2.228555] calling  mipi_dsi_bus_init+0x0/0xc @ 1
[    2.234608] initcall mipi_dsi_bus_init+0x0/0xc returned 0 after 0 usecs
[    2.242553] calling  devlink_class_init+0x0/0x40 @ 1
[    2.248559] initcall devlink_class_init+0x0/0x40 returned 0 after 0 usecs
[    2.256553] calling  software_node_init+0x0/0x2a @ 1
[    2.262562] initcall software_node_init+0x0/0x2a returned 0 after 0 usecs
[    2.270554] calling  wakeup_sources_debugfs_init+0x0/0x23 @ 1
[    2.278583] initcall wakeup_sources_debugfs_init+0x0/0x23 returned 0 after 976 usecs
[    2.288558] calling  wakeup_sources_sysfs_init+0x0/0x2c @ 1
[    2.296587] initcall wakeup_sources_sysfs_init+0x0/0x2c returned 0 after 0 usecs
[    2.307563] calling  register_node_type+0x0/0x13 @ 1
[    2.313575] initcall register_node_type+0x0/0x13 returned 0 after 0 usecs
[    2.321551] calling  regmap_initcall+0x0/0xc @ 1
[    2.328064] initcall regmap_initcall+0x0/0xc returned 0 after 1953 usecs
[    2.338642] calling  i2c_init+0x0/0xb3 @ 1
[    2.345706] initcall i2c_init+0x0/0xb3 returned 0 after 976 usecs
[    2.355555] calling  thermal_init+0x0/0x116 @ 1
[    2.363010] thermal_sys: Registered thermal governor 'step_wise'
[    2.363015] thermal_sys: Registered thermal governor 'user_space'
[    2.371587] initcall thermal_init+0x0/0x116 returned 0 after 9765 usecs
[    2.391560] calling  init_menu+0x0/0xc @ 1
[    2.398037] cpuidle: using governor menu
[    2.403557] initcall init_menu+0x0/0xc returned 0 after 5859 usecs
[    2.413557] calling  pcc_init+0x0/0x4d @ 1
[    2.419576] initcall pcc_init+0x0/0x4d returned -19 after 0 usecs
[    2.428556] calling  amd_postcore_init+0x0/0x11e @ 1
[    2.435566] initcall amd_postcore_init+0x0/0x11e returned 0 after 0 usecs
[    2.445586] calling  bts_init+0x0/0xba @ 1
[    2.451557] initcall bts_init+0x0/0xba returned -19 after 0 usecs
[    2.460557] calling  pt_init+0x0/0x34d @ 1
[    2.466559] initcall pt_init+0x0/0x34d returned -19 after 0 usecs
[    2.475558] calling  boot_params_ksysfs_init+0x0/0x2ee @ 1
[    2.483625] initcall boot_params_ksysfs_init+0x0/0x2ee returned 0 after 0 usecs
[    2.493551] calling  sbf_init+0x0/0xea @ 1
[    2.497553] initcall sbf_init+0x0/0xea returned 0 after 0 usecs
[    2.504561] calling  arch_kdebugfs_init+0x0/0x219 @ 1
[    2.510760] initcall arch_kdebugfs_init+0x0/0x219 returned 0 after 0 usecs
[    2.518553] calling  intel_pconfig_init+0x0/0x85 @ 1
[    2.526555] initcall intel_pconfig_init+0x0/0x85 returned 0 after 0 usecs
[    2.533554] calling  mtrr_if_init+0x0/0x5d @ 1
[    2.539564] initcall mtrr_if_init+0x0/0x5d returned 0 after 0 usecs
[    2.546564] calling  activate_jump_labels+0x0/0x31 @ 1
[    2.552554] initcall activate_jump_labels+0x0/0x31 returned 0 after 0 usecs
[    2.560555] calling  ffh_cstate_init+0x0/0x29 @ 1
[    2.566561] initcall ffh_cstate_init+0x0/0x29 returned 0 after 0 usecs
[    2.573563] calling  activate_jump_labels+0x0/0x31 @ 1
[    2.580871] initcall activate_jump_labels+0x0/0x31 returned 0 after 0 usecs
[    2.588554] calling  kvm_alloc_cpumask+0x0/0x74 @ 1
[    2.594606] initcall kvm_alloc_cpumask+0x0/0x74 returned 0 after 0 usecs
[    2.602556] calling  kcmp_cookies_init+0x0/0x37 @ 1
[    2.608561] initcall kcmp_cookies_init+0x0/0x37 returned 0 after 0 usecs
[    2.616554] calling  cryptomgr_init+0x0/0xc @ 1
[    2.621646] initcall cryptomgr_init+0x0/0xc returned 0 after 0 usecs
[    2.628554] calling  acpi_pci_init+0x0/0x57 @ 1
[    2.634583] ACPI: bus type PCI registered
[    2.639563] initcall acpi_pci_init+0x0/0x57 returned 0 after 4882 usecs
[    2.646555] calling  dma_channel_table_init+0x0/0xd1 @ 1
[    2.653574] initcall dma_channel_table_init+0x0/0xd1 returned 0 after 0 usecs
[    2.661554] calling  dma_bus_init+0x0/0xdc @ 1
[    2.667757] initcall dma_bus_init+0x0/0xdc returned 0 after 0 usecs
[    2.674647] calling  iommu_dma_init+0x0/0x10 @ 1
[    2.680711] initcall iommu_dma_init+0x0/0x10 returned 0 after 0 usecs
[    2.689588] calling  dmi_id_init+0x0/0x37c @ 1
[    2.694781] initcall dmi_id_init+0x0/0x37c returned 0 after 0 usecs
[    2.702559] calling  pci_arch_init+0x0/0x71 @ 1
[    2.708860] PCI: MMCONFIG for domain 0000 [bus 00-ff] at [mem 0xb0000000-0xbfffffff] (base 0xb0000000)
[    2.716557] PCI: MMCONFIG at [mem 0xb0000000-0xbfffffff] reserved in E820
[    2.725657] PCI: Using configuration type 1 for base access
[    2.732863] initcall pci_arch_init+0x0/0x71 returned 0 after 24414 usecs
[    2.740579] calling  init_vdso+0x0/0x13 @ 1
[    2.746593] initcall init_vdso+0x0/0x13 returned 0 after 0 usecs
[    2.753560] calling  sysenter_setup+0x0/0x13 @ 1
[    2.759591] initcall sysenter_setup+0x0/0x13 returned 0 after 0 usecs
[    2.767563] calling  fixup_ht_bug+0x0/0xe5 @ 1
[    2.772554] initcall fixup_ht_bug+0x0/0xe5 returned 0 after 0 usecs
[    2.780556] calling  topology_init+0x0/0x88 @ 1
[    2.786850] initcall topology_init+0x0/0x88 returned 0 after 976 usecs
[    2.794556] calling  intel_epb_init+0x0/0x68 @ 1
[    2.800555] initcall intel_epb_init+0x0/0x68 returned -19 after 0 usecs
[    2.808555] calling  mtrr_init_finialize+0x0/0x3e @ 1
[    2.814558] initcall mtrr_init_finialize+0x0/0x3e returned 0 after 0 usecs
[    2.822556] calling  uid_cache_init+0x0/0x85 @ 1
[    2.828606] initcall uid_cache_init+0x0/0x85 returned 0 after 0 usecs
[    2.836564] calling  param_sysfs_init+0x0/0x1ba @ 1
[    2.858350] initcall param_sysfs_init+0x0/0x1ba returned 0 after 13671 usecs
[    2.867636] calling  user_namespace_sysctl_init+0x0/0x33 @ 1
[    2.874581] initcall user_namespace_sysctl_init+0x0/0x33 returned 0 after 0 usecs
[    2.884557] calling  proc_schedstat_init+0x0/0x24 @ 1
[    2.891577] initcall proc_schedstat_init+0x0/0x24 returned 0 after 0 usecs
[    2.898557] calling  pm_sysrq_init+0x0/0x18 @ 1
[    2.904817] initcall pm_sysrq_init+0x0/0x18 returned 0 after 0 usecs
[    2.912754] calling  create_proc_profile+0x0/0xd0 @ 1
[    2.919589] initcall create_proc_profile+0x0/0xd0 returned 0 after 0 usecs
[    2.928558] calling  time_ns_init+0x0/0x7 @ 1
[    2.933556] initcall time_ns_init+0x0/0x7 returned 0 after 0 usecs
[    2.941555] calling  crash_save_vmcoreinfo_init+0x0/0x722 @ 1
[    2.949729] initcall crash_save_vmcoreinfo_init+0x0/0x722 returned 0 after 0 usecs
[    2.959576] calling  crash_notes_memory_init+0x0/0x35 @ 1
[    2.966564] initcall crash_notes_memory_init+0x0/0x35 returned 0 after 0 usecs
[    2.974565] calling  cgroup_sysfs_init+0x0/0x13 @ 1
[    2.981650] initcall cgroup_sysfs_init+0x0/0x13 returned 0 after 0 usecs
[    2.989556] calling  cgroup_namespaces_init+0x0/0x7 @ 1
[    2.995556] initcall cgroup_namespaces_init+0x0/0x7 returned 0 after 0 usecs
[    3.003555] calling  init_optprobes+0x0/0x13 @ 1
[    3.009651] Kprobes globally optimized
[    3.013562] initcall init_optprobes+0x0/0x13 returned 0 after 3906 usecs
[    3.022557] calling  oom_init+0x0/0x2f @ 1
[    3.028593] initcall oom_init+0x0/0x2f returned 0 after 976 usecs
[    3.035554] calling  default_bdi_init+0x0/0xb3 @ 1
[    3.042994] initcall default_bdi_init+0x0/0xb3 returned 0 after 976 usecs
[    3.043556] calling  percpu_enable_async+0x0/0xe @ 1
[    3.044555] initcall percpu_enable_async+0x0/0xe returned 0 after 0 usecs
[    3.045558] calling  kcompactd_init+0x0/0x8d @ 1
[    3.047087] initcall kcompactd_init+0x0/0x8d returned 0 after 0 usecs
[    3.054677] calling  init_user_reserve+0x0/0x40 @ 1
[    3.060559] initcall init_user_reserve+0x0/0x40 returned 0 after 0 usecs
[    3.068558] calling  init_admin_reserve+0x0/0x40 @ 1
[    3.075555] initcall init_admin_reserve+0x0/0x40 returned 0 after 0 usecs
[    3.083557] calling  init_reserve_notifier+0x0/0x7 @ 1
[    3.089558] initcall init_reserve_notifier+0x0/0x7 returned 0 after 0 usecs
[    3.097555] calling  swap_init_sysfs+0x0/0x62 @ 1
[    3.103574] initcall swap_init_sysfs+0x0/0x62 returned 0 after 0 usecs
[    3.111561] calling  swapfile_init+0x0/0x94 @ 1
[    3.117580] initcall swapfile_init+0x0/0x94 returned 0 after 0 usecs
[    3.124556] calling  hugetlb_init+0x0/0x49c @ 1
[    3.130676] HugeTLB registered 2.00 MiB page size, pre-allocated 0 pages
[    3.138602] initcall hugetlb_init+0x0/0x49c returned 0 after 7812 usecs
[    3.145646] calling  io_wq_init+0x0/0x34 @ 1
[    3.151560] initcall io_wq_init+0x0/0x34 returned 0 after 0 usecs
[    3.159555] calling  seqiv_module_init+0x0/0xc @ 1
[    3.164878] initcall seqiv_module_init+0x0/0xc returned 0 after 0 usecs
[    3.173556] calling  echainiv_module_init+0x0/0xc @ 1
[    3.178565] initcall echainiv_module_init+0x0/0xc returned 0 after 0 usecs
[    3.188759] calling  rsa_init+0x0/0x50 @ 1
[    3.196574] initcall rsa_init+0x0/0x50 returned 0 after 2929 usecs
[    3.196574] cryptomgr_test (29) used greatest stack depth: 14864 bytes left
[    3.197563] calling  crypto_cmac_module_init+0x0/0xc @ 1
[    3.200562] initcall crypto_cmac_module_init+0x0/0xc returned 0 after 0 usecs
[    3.201555] calling  hmac_module_init+0x0/0xc @ 1
[    3.202555] initcall hmac_module_init+0x0/0xc returned 0 after 0 usecs
[    3.203553] calling  crypto_null_mod_init+0x0/0x65 @ 1
[    3.215562] initcall crypto_null_mod_init+0x0/0x65 returned 0 after 10742 usecs
[    3.216562] calling  md5_mod_init+0x0/0xc @ 1
[    3.220607] initcall md5_mod_init+0x0/0xc returned 0 after 2929 usecs
[    3.221563] calling  sha256_generic_mod_init+0x0/0x11 @ 1
[    3.234575] initcall sha256_generic_mod_init+0x0/0x11 returned 0 after 11718 usecs
[    3.235569] calling  crypto_cbc_module_init+0x0/0xc @ 1
[    3.236567] initcall crypto_cbc_module_init+0x0/0xc returned 0 after 0 usecs
[    3.237556] calling  crypto_ctr_module_init+0x0/0x11 @ 1
[    3.238558] initcall crypto_ctr_module_init+0x0/0x11 returned 0 after 0 usecs
[    3.239555] calling  crypto_gcm_module_init+0x0/0x64 @ 1
[    3.242275] initcall crypto_gcm_module_init+0x0/0x64 returned 0 after 976 usecs
[    3.242558] calling  crypto_ccm_module_init+0x0/0x11 @ 1
[    3.243558] initcall crypto_ccm_module_init+0x0/0x11 returned 0 after 0 usecs
[    3.244638] calling  aes_init+0x0/0xc @ 1
[    3.249565] initcall aes_init+0x0/0xc returned 0 after 3906 usecs
[    3.257570] calling  crc32c_mod_init+0x0/0xc @ 1
[    3.265648] initcall crc32c_mod_init+0x0/0xc returned 0 after 1953 usecs
[    3.273559] calling  crypto_authenc_module_init+0x0/0xc @ 1
[    3.280561] initcall crypto_authenc_module_init+0x0/0xc returned 0 after 0 usecs
[    3.288555] calling  crypto_authenc_esn_module_init+0x0/0xc @ 1
[    3.295582] initcall crypto_authenc_esn_module_init+0x0/0xc returned 0 after 0 usecs
[    3.304582] calling  drbg_init+0x0/0x7c @ 1
[    3.317733] initcall drbg_init+0x0/0x7c returned 0 after 6835 usecs
[    3.318562] calling  ghash_mod_init+0x0/0xc @ 1
[    3.320718] initcall ghash_mod_init+0x0/0xc returned 0 after 976 usecs
[    3.328568] calling  init_bio+0x0/0x9a @ 1
[    3.333718] initcall init_bio+0x0/0x9a returned 0 after 0 usecs
[    3.340557] calling  blk_settings_init+0x0/0x29 @ 1
[    3.346554] initcall blk_settings_init+0x0/0x29 returned 0 after 0 usecs
[    3.354553] calling  blk_ioc_init+0x0/0x29 @ 1
[    3.359561] initcall blk_ioc_init+0x0/0x29 returned 0 after 0 usecs
[    3.367554] calling  blk_mq_init+0x0/0xb9 @ 1
[    3.372574] initcall blk_mq_init+0x0/0xb9 returned 0 after 0 usecs
[    3.380565] calling  genhd_device_init+0x0/0x75 @ 1
[    3.388036] initcall genhd_device_init+0x0/0x75 returned 0 after 976 usecs
[    3.388584] calling  pci_slot_init+0x0/0x40 @ 1
[    3.389708] initcall pci_slot_init+0x0/0x40 returned 0 after 0 usecs
[    3.391562] calling  fbmem_init+0x0/0xd8 @ 1
[    3.392770] initcall fbmem_init+0x0/0xd8 returned 0 after 0 usecs
[    3.393553] calling  acpi_init+0x0/0x319 @ 1
[    3.396549] ACPI: Added _OSI(Module Device)
[    3.397559] ACPI: Added _OSI(Processor Device)
[    3.398552] ACPI: Added _OSI(3.0 _SCP Extensions)
[    3.399551] ACPI: Added _OSI(Processor Aggregator Device)
[    3.400554] ACPI: Added _OSI(Linux-Dell-Video)
[    3.401554] ACPI: Added _OSI(Linux-Lenovo-NV-HDMI-Audio)
[    3.402557] ACPI: Added _OSI(Linux-HPI-Hybrid-Graphics)
[    3.408639] ACPI: 1 ACPI AML tables successfully acquired and loaded
[    3.415850] ACPI: Interpreter enabled
[    3.416776] ACPI: (supports S0 S3 S4 S5)
[    3.417552] ACPI: Using IOAPIC for interrupt routing
[    3.419573] PCI: Using host bridge windows from ACPI; if necessary, use "pci=nocrs" and report a bug
[    3.422284] ACPI: Enabled 2 GPEs in block 00 to 3F
[    3.434496] ACPI: PCI Root Bridge [PCI0] (domain 0000 [bus 00-ff])
[    3.435645] acpi PNP0A08:00: _OSC: OS supports [ExtendedConfig ASPM ClockPM Segments MSI HPX-Type3]
[    3.436960] acpi PNP0A08:00: _OSC: platform does not support [LTR]
[    3.437829] acpi PNP0A08:00: _OSC: OS now controls [PME PCIeCapability]
[    3.440155] PCI host bridge to bus 0000:00
[    3.440554] pci_bus 0000:00: root bus resource [io  0x0000-0x0cf7 window]
[    3.441569] pci_bus 0000:00: root bus resource [io  0x0d00-0xffff window]
[    3.442552] pci_bus 0000:00: root bus resource [mem 0x000a0000-0x000bffff window]
[    3.443552] pci_bus 0000:00: root bus resource [mem 0x20000000-0xafffffff window]
[    3.444552] pci_bus 0000:00: root bus resource [mem 0xc0000000-0xfebfffff window]
[    3.445552] pci_bus 0000:00: root bus resource [mem 0x100000000-0x8ffffffff window]
[    3.446556] pci_bus 0000:00: root bus resource [bus 00-ff]
[    3.449309] pci 0000:00:00.0: calling  quirk_mmio_always_on+0x0/0x10 @ 1
[    3.449614] pci 0000:00:00.0: quirk_mmio_always_on+0x0/0x10 took 0 usecs
[    3.450626] pci 0000:00:00.0: [8086:29c0] type 00 class 0x060000
[    3.455554] pci 0000:00:00.0: calling  quirk_igfx_skip_te_disable+0x0/0x80 @ 1
[    3.456556] pci 0000:00:00.0: quirk_igfx_skip_te_disable+0x0/0x80 took 0 usecs
[    3.460213] pci 0000:00:01.0: [1234:1111] type 00 class 0x030000
[    3.467372] pci 0000:00:01.0: reg 0x10: [mem 0xfd000000-0xfdffffff pref]
[    3.476091] pci 0000:00:01.0: reg 0x18: [mem 0xfebf0000-0xfebf0fff]
[    3.496543] pci 0000:00:01.0: reg 0x30: [mem 0xfebe0000-0xfebeffff pref]
[    3.503988] pci 0000:00:01.0: calling  efifb_fixup_resources+0x0/0xf0 @ 1
[    3.506179] pci 0000:00:01.0: efifb_fixup_resources+0x0/0xf0 took 0 usecs
[    3.534801] pci 0000:00:1f.0: [8086:2918] type 00 class 0x060100
[    3.542000] pci 0000:00:1f.0: calling  quirk_ich7_lpc+0x0/0x60 @ 1
[    3.544135] pci 0000:00:1f.0: quirk: [io  0x0600-0x067f] claimed by ICH6 ACPI/GPIO/TCO
[    3.545838] pci 0000:00:1f.0: quirk_ich7_lpc+0x0/0x60 took 2929 usecs
[    3.547379] pci 0000:00:1f.0: calling  quirk_igfx_skip_te_disable+0x0/0x80 @ 1
[    3.548710] pci 0000:00:1f.0: quirk_igfx_skip_te_disable+0x0/0x80 took 0 usecs
[    3.553817] pci 0000:00:1f.2: [8086:2922] type 00 class 0x010601
[    3.566554] pci 0000:00:1f.2: reg 0x20: [io  0xc040-0xc05f]
[    3.569552] pci 0000:00:1f.2: reg 0x24: [mem 0xfebf1000-0xfebf1fff]
[    3.572570] pci 0000:00:1f.2: calling  quirk_igfx_skip_te_disable+0x0/0x80 @ 1
[    3.573558] pci 0000:00:1f.2: quirk_igfx_skip_te_disable+0x0/0x80 took 0 usecs
[    3.578600] pci 0000:00:1f.3: [8086:2930] type 00 class 0x0c0500
[    3.586068] pci 0000:00:1f.3: reg 0x20: [io  0x0700-0x073f]
[    3.589227] pci 0000:00:1f.3: calling  quirk_igfx_skip_te_disable+0x0/0x80 @ 1
[    3.589560] pci 0000:00:1f.3: quirk_igfx_skip_te_disable+0x0/0x80 took 0 usecs
[    3.597543] ACPI: PCI Interrupt Link [LNKA] (IRQs 5 *10 11)
[    3.599823] ACPI: PCI Interrupt Link [LNKB] (IRQs 5 *10 11)
[    3.601944] ACPI: PCI Interrupt Link [LNKC] (IRQs 5 10 *11)
[    3.603635] ACPI: PCI Interrupt Link [LNKD] (IRQs 5 10 *11)
[    3.605102] ACPI: PCI Interrupt Link [LNKE] (IRQs 5 *10 11)
[    3.606088] ACPI: PCI Interrupt Link [LNKF] (IRQs 5 *10 11)
[    3.607095] ACPI: PCI Interrupt Link [LNKG] (IRQs 5 10 *11)
[    3.608591] ACPI: PCI Interrupt Link [LNKH] (IRQs 5 10 *11)
[    3.609817] ACPI: PCI Interrupt Link [GSIA] (IRQs *16)
[    3.610600] ACPI: PCI Interrupt Link [GSIB] (IRQs *17)
[    3.611597] ACPI: PCI Interrupt Link [GSIC] (IRQs *18)
[    3.612632] ACPI: PCI Interrupt Link [GSID] (IRQs *19)
[    3.613636] ACPI: PCI Interrupt Link [GSIE] (IRQs *20)
[    3.615625] ACPI: PCI Interrupt Link [GSIF] (IRQs *21)
[    3.616661] ACPI: PCI Interrupt Link [GSIG] (IRQs *22)
[    3.618627] ACPI: PCI Interrupt Link [GSIH] (IRQs *23)
[    3.622887] initcall acpi_init+0x0/0x319 returned 0 after 222656 usecs
[    3.623712] calling  pnp_init+0x0/0xc @ 1
[    3.624629] initcall pnp_init+0x0/0xc returned 0 after 0 usecs
[    3.625553] calling  misc_init+0x0/0xbf @ 1
[    3.626817] initcall misc_init+0x0/0xbf returned 0 after 0 usecs
[    3.627553] calling  iommu_subsys_init+0x0/0x4e @ 1
[    3.628619] iommu: Default domain type: Translated 
[    3.629553] initcall iommu_subsys_init+0x0/0x4e returned 0 after 976 usecs
[    3.630554] calling  vga_arb_device_init+0x0/0x261 @ 1
[    3.635811] pci 0000:00:01.0: vgaarb: setting as boot VGA device
[    3.636543] pci 0000:00:01.0: vgaarb: VGA device added: decodes=io+mem,owns=io+mem,locks=none
[    3.636556] pci 0000:00:01.0: vgaarb: bridge control possible
[    3.637550] vgaarb: loaded
[    3.638565] initcall vga_arb_device_init+0x0/0x261 returned 0 after 6835 usecs
[    3.639612] calling  cn_init+0x0/0xf0 @ 1
[    3.641918] initcall cn_init+0x0/0xf0 returned 0 after 976 usecs
[    3.642556] calling  dma_buf_init+0x0/0xad @ 1
[    3.644701] initcall dma_buf_init+0x0/0xad returned 0 after 976 usecs
[    3.645557] calling  dma_resv_lockdep+0x0/0x281 @ 1
[    3.648623] initcall dma_resv_lockdep+0x0/0x281 returned 0 after 1953 usecs
[    3.649554] calling  init_scsi+0x0/0x79 @ 1
[    3.651734] SCSI subsystem initialized
[    3.652553] initcall init_scsi+0x0/0x79 returned 0 after 1953 usecs
[    3.653553] calling  ata_init+0x0/0x332 @ 1
[    3.657418] libata version 3.00 loaded.
[    3.661559] initcall ata_init+0x0/0x332 returned 0 after 6835 usecs
[    3.669555] calling  phy_init+0x0/0x250 @ 1
[    3.674905] initcall phy_init+0x0/0x250 returned 0 after 0 usecs
[    3.681553] calling  init_pcmcia_cs+0x0/0x35 @ 1
[    3.686634] initcall init_pcmcia_cs+0x0/0x35 returned 0 after 0 usecs
[    3.694551] calling  usb_common_init+0x0/0x1c @ 1
[    3.699670] initcall usb_common_init+0x0/0x1c returned 0 after 0 usecs
[    3.707552] calling  usb_init+0x0/0x12e @ 1
[    3.712633] ACPI: bus type USB registered
[    3.718331] usbcore: registered new interface driver usbfs
[    3.724699] usbcore: registered new interface driver hub
[    3.730610] usbcore: registered new device driver usb
[    3.736555] initcall usb_init+0x0/0x12e returned 0 after 23437 usecs
[    3.741552] calling  serio_init+0x0/0x29 @ 1
[    3.747779] initcall serio_init+0x0/0x29 returned 0 after 0 usecs
[    3.755553] calling  input_init+0x0/0xf6 @ 1
[    3.760672] initcall input_init+0x0/0xf6 returned 0 after 0 usecs
[    3.767553] calling  rtc_init+0x0/0x4d @ 1
[    3.772659] initcall rtc_init+0x0/0x4d returned 0 after 0 usecs
[    3.779560] calling  pps_init+0x0/0xa9 @ 1
[    3.785630] pps_core: LinuxPPS API ver. 1 registered
[    3.791551] pps_core: Software ver. 5.3.6 - Copyright 2005-2007 Rodolfo Giometti <giometti@linux.it>
[    3.802556] initcall pps_init+0x0/0xa9 returned 0 after 17578 usecs
[    3.809554] calling  ptp_init+0x0/0x98 @ 1
[    3.815586] PTP clock support registered
[    3.820554] initcall ptp_init+0x0/0x98 returned 0 after 4882 usecs
[    3.827554] calling  power_supply_class_init+0x0/0x3f @ 1
[    3.834815] initcall power_supply_class_init+0x0/0x3f returned 0 after 1953 usecs
[    3.842562] calling  hwmon_init+0x0/0x104 @ 1
[    3.849582] initcall hwmon_init+0x0/0x104 returned 0 after 0 usecs
[    3.856553] calling  md_init+0x0/0x16b @ 1
[    3.866670] initcall md_init+0x0/0x16b returned 0 after 4882 usecs
[    3.867559] calling  leds_init+0x0/0x3b @ 1
[    3.868998] initcall leds_init+0x0/0x3b returned 0 after 0 usecs
[    3.869554] calling  dmi_init+0x0/0x113 @ 1
[    3.872556] initcall dmi_init+0x0/0x113 returned 0 after 1953 usecs
[    3.873555] calling  efisubsys_init+0x0/0x4e7 @ 1
[    3.875552] initcall efisubsys_init+0x0/0x4e7 returned 0 after 976 usecs
[    3.876570] calling  nvmem_init+0x0/0xc @ 1
[    3.878583] initcall nvmem_init+0x0/0xc returned 0 after 976 usecs
[    3.879555] calling  init_soundcore+0x0/0x33 @ 1
[    3.880692] initcall init_soundcore+0x0/0x33 returned 0 after 0 usecs
[    3.881557] calling  alsa_sound_init+0x0/0x8f @ 1
[    3.885553] Advanced Linux Sound Architecture Driver Initialized.
[    3.886556] initcall alsa_sound_init+0x0/0x8f returned 0 after 3906 usecs
[    3.887556] calling  alsa_seq_device_init+0x0/0x71 @ 1
[    3.888855] initcall alsa_seq_device_init+0x0/0x71 returned 0 after 0 usecs
[    3.889555] calling  hda_bus_init+0x0/0xc @ 1
[    3.890868] initcall hda_bus_init+0x0/0xc returned 0 after 0 usecs
[    3.891554] calling  proto_init+0x0/0xc @ 1
[    3.892919] initcall proto_init+0x0/0xc returned 0 after 0 usecs
[    3.893556] calling  net_dev_init+0x0/0x27f @ 1
[    3.922558] initcall net_dev_init+0x0/0x27f returned 0 after 27343 usecs
[    3.923556] calling  neigh_init+0x0/0x84 @ 1
[    3.925558] initcall neigh_init+0x0/0x84 returned 0 after 976 usecs
[    3.926555] calling  fib_notifier_init+0x0/0xc @ 1
[    3.927665] initcall fib_notifier_init+0x0/0xc returned 0 after 0 usecs
[    3.928554] calling  fib_rules_init+0x0/0xab @ 1
[    3.929985] initcall fib_rules_init+0x0/0xab returned 0 after 0 usecs
[    3.930727] calling  pktsched_init+0x0/0x10e @ 1
[    3.933093] initcall pktsched_init+0x0/0x10e returned 0 after 0 usecs
[    3.933556] calling  tc_filter_init+0x0/0xfa @ 1
[    3.934732] initcall tc_filter_init+0x0/0xfa returned 0 after 0 usecs
[    3.935557] calling  tc_action_init+0x0/0x54 @ 1
[    3.937559] initcall tc_action_init+0x0/0x54 returned 0 after 0 usecs
[    3.938552] calling  ethnl_init+0x0/0x52 @ 1
[    3.941222] initcall ethnl_init+0x0/0x52 returned 0 after 976 usecs
[    3.942358] calling  nexthop_init+0x0/0xd8 @ 1
[    3.944560] initcall nexthop_init+0x0/0xd8 returned 0 after 976 usecs
[    3.945552] calling  cipso_v4_init+0x0/0x8d @ 1
[    3.948189] initcall cipso_v4_init+0x0/0x8d returned 0 after 976 usecs
[    3.948553] calling  ieee80211_init+0x0/0x24 @ 1
[    3.952553] initcall ieee80211_init+0x0/0x24 returned 0 after 2929 usecs
[    3.953553] calling  netlbl_init+0x0/0x78 @ 1
[    3.954646] NetLabel: Initializing
[    3.956549] NetLabel:  domain hash size = 128
[    3.957550] NetLabel:  protocols = UNLABELED CIPSOv4 CALIPSO
[    3.961082] NetLabel:  unlabeled traffic allowed by default
[    3.961560] initcall netlbl_init+0x0/0x78 returned 0 after 6835 usecs
[    3.962560] calling  rfkill_init+0x0/0x136 @ 1
[    3.970210] initcall rfkill_init+0x0/0x136 returned 0 after 5859 usecs
[    3.970554] calling  pci_subsys_init+0x0/0x66 @ 1
[    3.971861] PCI: Using ACPI for IRQ routing
[    4.707287] PCI: pci_cache_line_size set to 64 bytes
[    4.709202] e820: reserve RAM buffer [mem 0x0009fc00-0x0009ffff]
[    4.709716] e820: reserve RAM buffer [mem 0x1ffdf000-0x1fffffff]
[    4.710602] initcall pci_subsys_init+0x0/0x66 returned 0 after 721679 usecs
[    4.713018] calling  nmi_warning_debugfs+0x0/0x26 @ 1
[    4.713690] initcall nmi_warning_debugfs+0x0/0x26 returned 0 after 0 usecs
[    4.714559] calling  save_microcode_in_initrd+0x0/0x51 @ 1
[    4.715703] initcall save_microcode_in_initrd+0x0/0x51 returned 0 after 0 usecs
[    4.716582] calling  hpet_late_init+0x0/0x20a @ 1
[    4.718778] hpet: 3 channels of 0 reserved for per-cpu timers
[    4.719680] hpet0: at MMIO 0xfed00000, IRQs 2, 8, 0
[    4.720552] hpet0: 3 comparators, 64-bit 100.000000 MHz counter
[    4.724556] initcall hpet_late_init+0x0/0x20a returned 0 after 6835 usecs
[    4.725555] calling  init_amd_nbs+0x0/0x11c @ 1
[    4.726651] initcall init_amd_nbs+0x0/0x11c returned 0 after 0 usecs
[    4.727571] calling  clocksource_done_booting+0x0/0x43 @ 1
[    4.730251] clocksource: Switched to clocksource kvm-clock
[    4.736785] initcall clocksource_done_booting+0x0/0x43 returned 0 after 7066 usecs
[    4.745859] calling  tracer_init_tracefs+0x0/0x248 @ 1
[    5.037537] initcall tracer_init_tracefs+0x0/0x248 returned 0 after 276638 usecs
[    5.048132] calling  init_trace_printk_function_export+0x0/0x2c @ 1
[    5.056089] initcall init_trace_printk_function_export+0x0/0x2c returned 0 after 29 usecs
[    5.065823] calling  init_kprobe_trace+0x0/0x1ab @ 1
[    5.071777] initcall init_kprobe_trace+0x0/0x1ab returned 0 after 101 usecs
[    5.080365] calling  init_dynamic_event+0x0/0x3d @ 1
[    5.087694] initcall init_dynamic_event+0x0/0x3d returned 0 after 120 usecs
[    5.097928] calling  init_uprobe_trace+0x0/0x5c @ 1
[    5.105208] initcall init_uprobe_trace+0x0/0x5c returned 0 after 73 usecs
[    5.115060] calling  init_pipe_fs+0x0/0x44 @ 1
[    5.122947] initcall init_pipe_fs+0x0/0x44 returned 0 after 2216 usecs
[    5.130464] calling  inotify_user_setup+0x0/0x47 @ 1
[    5.136702] initcall inotify_user_setup+0x0/0x47 returned 0 after 234 usecs
[    5.144763] calling  eventpoll_init+0x0/0xeb @ 1
[    5.150270] initcall eventpoll_init+0x0/0xeb returned 0 after 44 usecs
[    5.157779] calling  anon_inode_init+0x0/0x58 @ 1
[    5.163428] initcall anon_inode_init+0x0/0x58 returned 0 after 225 usecs
[    5.172401] calling  proc_locks_init+0x0/0x27 @ 1
[    5.183089] initcall proc_locks_init+0x0/0x27 returned 0 after 3945 usecs
[    5.191205] calling  iomap_init+0x0/0x1b @ 1
[    5.197363] initcall iomap_init+0x0/0x1b returned 0 after 1190 usecs
[    5.204780] calling  dquot_init+0x0/0x106 @ 1
[    5.209807] VFS: Disk quotas dquot_6.6.0
[    5.214492] VFS: Dquot-cache hash table entries: 512 (order 0, 4096 bytes)
[    5.222561] initcall dquot_init+0x0/0x106 returned 0 after 12466 usecs
[    5.230187] calling  quota_init+0x0/0x23 @ 1
[    5.236244] initcall quota_init+0x0/0x23 returned 0 after 836 usecs
[    5.243847] calling  proc_cmdline_init+0x0/0x21 @ 1
[    5.249655] initcall proc_cmdline_init+0x0/0x21 returned 0 after 20 usecs
[    5.259184] calling  proc_consoles_init+0x0/0x24 @ 1
[    5.266490] initcall proc_consoles_init+0x0/0x24 returned 0 after 10 usecs
[    5.276367] calling  proc_cpuinfo_init+0x0/0x1e @ 1
[    5.284111] initcall proc_cpuinfo_init+0x0/0x1e returned 0 after 318 usecs
[    5.294100] calling  proc_devices_init+0x0/0x24 @ 1
[    5.301350] initcall proc_devices_init+0x0/0x24 returned 0 after 31 usecs
[    5.311191] calling  proc_interrupts_init+0x0/0x24 @ 1
[    5.318920] initcall proc_interrupts_init+0x0/0x24 returned 0 after 8 usecs
[    5.329244] calling  proc_loadavg_init+0x0/0x21 @ 1
[    5.336550] initcall proc_loadavg_init+0x0/0x21 returned 0 after 8 usecs
[    5.346627] calling  proc_meminfo_init+0x0/0x21 @ 1
[    5.353945] initcall proc_meminfo_init+0x0/0x21 returned 0 after 8 usecs
[    5.362256] calling  proc_stat_init+0x0/0x1e @ 1
[    5.368704] initcall proc_stat_init+0x0/0x1e returned 0 after 8 usecs
[    5.376719] calling  proc_uptime_init+0x0/0x21 @ 1
[    5.382600] initcall proc_uptime_init+0x0/0x21 returned 0 after 7 usecs
[    5.390706] calling  proc_version_init+0x0/0x21 @ 1
[    5.396761] initcall proc_version_init+0x0/0x21 returned 0 after 6 usecs
[    5.404934] calling  proc_softirqs_init+0x0/0x21 @ 1
[    5.411010] initcall proc_softirqs_init+0x0/0x21 returned 0 after 6 usecs
[    5.419242] calling  proc_kcore_init+0x0/0xea @ 1
[    5.425955] initcall proc_kcore_init+0x0/0xea returned 0 after 931 usecs
[    5.433815] calling  vmcore_init+0x0/0x57b @ 1
[    5.440235] initcall vmcore_init+0x0/0x57b returned 0 after 1 usecs
[    5.448881] calling  proc_kmsg_init+0x0/0x21 @ 1
[    5.454318] initcall proc_kmsg_init+0x0/0x21 returned 0 after 7 usecs
[    5.461866] calling  proc_page_init+0x0/0x3b @ 1
[    5.469953] initcall proc_page_init+0x0/0x3b returned 0 after 19 usecs
[    5.477651] calling  init_ramfs_fs+0x0/0xc @ 1
[    5.482956] initcall init_ramfs_fs+0x0/0xc returned 0 after 17 usecs
[    5.490365] calling  init_hugetlbfs_fs+0x0/0xf6 @ 1
[    5.496546] initcall init_hugetlbfs_fs+0x0/0xf6 returned 0 after 447 usecs
[    5.504605] calling  blk_scsi_ioctl_init+0x0/0x2a5 @ 1
[    5.510706] initcall blk_scsi_ioctl_init+0x0/0x2a5 returned 0 after 34 usecs
[    5.518944] calling  acpi_event_init+0x0/0x2c @ 1
[    5.524517] initcall acpi_event_init+0x0/0x2c returned 0 after 97 usecs
[    5.532179] calling  pnp_system_init+0x0/0xc @ 1
[    5.539352] initcall pnp_system_init+0x0/0xc returned 0 after 1176 usecs
[    5.547817] calling  pnpacpi_init+0x0/0x69 @ 1
[    5.553014] pnp: PnP ACPI init
[    5.558701] pnp 00:00: Plug and Play ACPI device, IDs PNP0303 (active)
[    5.566569] pnp 00:01: Plug and Play ACPI device, IDs PNP0f13 (active)
[    5.574360] pnp 00:02: Plug and Play ACPI device, IDs PNP0400 (active)
[    5.583837] pnp 00:03: Plug and Play ACPI device, IDs PNP0501 (active)
[    5.591824] pnp 00:04: Plug and Play ACPI device, IDs PNP0b00 (active)
[    5.600192] system 00:05: [mem 0xb0000000-0xbfffffff window] has been reserved
[    5.608525] system 00:05: Plug and Play ACPI device, IDs PNP0c01 (active)
[    5.618857] pnp: PnP ACPI: found 6 devices
[    5.623729] initcall pnpacpi_init+0x0/0x69 returned 0 after 69079 usecs
[    5.631367] calling  chr_dev_init+0x0/0x14d @ 1
[    5.735463] initcall chr_dev_init+0x0/0x14d returned 0 after 96435 usecs
[    5.743713] calling  firmware_class_init+0x0/0x14a @ 1
[    5.751028] initcall firmware_class_init+0x0/0x14a returned 0 after 110 usecs
[    5.759310] calling  init_pcmcia_bus+0x0/0x5b @ 1
[    5.764945] initcall init_pcmcia_bus+0x0/0x5b returned 0 after 248 usecs
[    5.773891] calling  init_acpi_pm_clocksource+0x0/0xda @ 1
[    5.787458] clocksource: acpi_pm: mask: 0xffffff max_cycles: 0xffffff, max_idle_ns: 2085701024 ns
[    5.797477] initcall init_acpi_pm_clocksource+0x0/0xda returned 0 after 16587 usecs
[    5.806140] calling  sysctl_core_init+0x0/0x26 @ 1
[    5.813031] initcall sysctl_core_init+0x0/0x26 returned 0 after 363 usecs
[    5.822888] calling  eth_offload_init+0x0/0x13 @ 1
[    5.830055] initcall eth_offload_init+0x0/0x13 returned 0 after 215 usecs
[    5.839961] calling  ipv4_offload_init+0x0/0x73 @ 1
[    5.847307] initcall ipv4_offload_init+0x0/0x73 returned 0 after 67 usecs
[    5.857155] calling  inet_init+0x0/0x276 @ 1
[    5.872230] NET: Registered protocol family 2
[    5.883787] IP idents hash table entries: 8192 (order: 4, 65536 bytes, linear)
[    5.901771] tcp_listen_portaddr_hash hash table entries: 256 (order: 2, 20480 bytes, linear)
[    5.915408] TCP established hash table entries: 4096 (order: 3, 32768 bytes, linear)
[    5.926290] TCP bind hash table entries: 4096 (order: 6, 294912 bytes, linear)
[    5.936033] TCP: Hash tables configured (established 4096 bind 4096)
[    5.944555] UDP hash table entries: 256 (order: 3, 40960 bytes, linear)
[    5.952745] UDP-Lite hash table entries: 256 (order: 3, 40960 bytes, linear)
[    5.961984] initcall inet_init+0x0/0x276 returned 0 after 89639 usecs
[    5.969785] calling  af_unix_init+0x0/0x4d @ 1
[    5.975191] NET: Registered protocol family 1
[    5.980840] initcall af_unix_init+0x0/0x4d returned 0 after 5538 usecs
[    5.988216] calling  ipv6_offload_init+0x0/0x7e @ 1
[    5.993988] initcall ipv6_offload_init+0x0/0x7e returned 0 after 76 usecs
[    6.001666] calling  init_sunrpc+0x0/0x65 @ 1
[    6.014110] RPC: Registered named UNIX socket transport module.
[    6.024281] RPC: Registered udp transport module.
[    6.031258] RPC: Registered tcp transport module.
[    6.037927] RPC: Registered tcp NFSv4.1 backchannel transport module.
[    6.047298] initcall init_sunrpc+0x0/0x65 returned 0 after 39705 usecs
[    6.056936] calling  cfg80211_init+0x0/0xc5 @ 1
[    6.068149] initcall cfg80211_init+0x0/0xc5 returned 0 after 4530 usecs
[    6.075924] calling  pcibios_assign_resources+0x0/0xbf @ 1
[    6.082523] pci_bus 0000:00: resource 4 [io  0x0000-0x0cf7 window]
[    6.089508] pci_bus 0000:00: resource 5 [io  0x0d00-0xffff window]
[    6.096595] pci_bus 0000:00: resource 6 [mem 0x000a0000-0x000bffff window]
[    6.104284] pci_bus 0000:00: resource 7 [mem 0x20000000-0xafffffff window]
[    6.111974] pci_bus 0000:00: resource 8 [mem 0xc0000000-0xfebfffff window]
[    6.119800] pci_bus 0000:00: resource 9 [mem 0x100000000-0x8ffffffff window]
[    6.128604] initcall pcibios_assign_resources+0x0/0xbf returned 0 after 46952 usecs
[    6.139121] calling  pci_apply_final_quirks+0x0/0x124 @ 1
[    6.146070] pci 0000:00:01.0: calling  pci_fixup_video+0x0/0xe0 @ 1
[    6.153648] pci 0000:00:01.0: Video device with shadowed ROM at [mem 0x000c0000-0x000dffff]
[    6.162988] pci 0000:00:01.0: pci_fixup_video+0x0/0xe0 took 9515 usecs
[    6.170856] PCI: CLS 0 bytes, default 64
[    6.175734] initcall pci_apply_final_quirks+0x0/0x124 returned 0 after 29771 usecs
[    6.184284] calling  acpi_reserve_resources+0x0/0xea @ 1
[    6.191061] initcall acpi_reserve_resources+0x0/0xea returned 0 after 76 usecs
[    6.200221] calling  populate_rootfs+0x0/0x102 @ 1
[    6.213386] initcall populate_rootfs+0x0/0x102 returned 0 after 7448 usecs
[    6.221998] calling  pci_iommu_init+0x0/0x3e @ 1
[    6.227520] initcall pci_iommu_init+0x0/0x3e returned 0 after 121 usecs
[    6.236545] calling  ia32_binfmt_init+0x0/0x13 @ 1
[    6.242104] initcall ia32_binfmt_init+0x0/0x13 returned 0 after 20 usecs
[    6.249740] calling  rapl_pmu_init+0x0/0x267 @ 1
[    6.255263] initcall rapl_pmu_init+0x0/0x267 returned -19 after 58 usecs
[    6.263074] calling  amd_uncore_init+0x0/0x310 @ 1
[    6.268636] initcall amd_uncore_init+0x0/0x310 returned -19 after 0 usecs
[    6.276390] calling  amd_ibs_init+0x0/0x27b @ 1
[    6.281693] initcall amd_ibs_init+0x0/0x27b returned -19 after 0 usecs
[    6.289205] calling  amd_iommu_pc_init+0x0/0x22c @ 1
[    6.295040] initcall amd_iommu_pc_init+0x0/0x22c returned -19 after 64 usecs
[    6.303144] calling  msr_init+0x0/0x55 @ 1
[    6.308055] initcall msr_init+0x0/0x55 returned 0 after 136 usecs
[    6.315327] calling  intel_uncore_init+0x0/0x36f @ 1
[    6.321134] initcall intel_uncore_init+0x0/0x36f returned -19 after 46 usecs
[    6.329399] calling  cstate_pmu_init+0x0/0x1a1 @ 1
[    6.334945] initcall cstate_pmu_init+0x0/0x1a1 returned -19 after 0 usecs
[    6.342901] calling  register_kernel_offset_dumper+0x0/0x1a @ 1
[    6.349871] initcall register_kernel_offset_dumper+0x0/0x1a returned 0 after 25 usecs
[    6.358996] calling  i8259A_init_ops+0x0/0x20 @ 1
[    6.364733] initcall i8259A_init_ops+0x0/0x20 returned 0 after 16 usecs
[    6.372455] calling  init_tsc_clocksource+0x0/0xa4 @ 1
[    6.378534] clocksource: tsc: mask: 0xffffffffffffffff max_cycles: 0x39a85afc727, max_idle_ns: 881590685098 ns
[    6.390227] initcall init_tsc_clocksource+0x0/0xa4 returned 0 after 11474 usecs
[    6.398922] calling  add_rtc_cmos+0x0/0xb0 @ 1
[    6.404343] initcall add_rtc_cmos+0x0/0xb0 returned 0 after 113 usecs
[    6.411930] calling  i8237A_init_ops+0x0/0x3a @ 1
[    6.417835] initcall i8237A_init_ops+0x0/0x3a returned 0 after 142 usecs
[    6.425775] calling  umwait_init+0x0/0x94 @ 1
[    6.431012] initcall umwait_init+0x0/0x94 returned -19 after 15 usecs
[    6.438640] calling  thermal_throttle_init_device+0x0/0x3d @ 1
[    6.445477] initcall thermal_throttle_init_device+0x0/0x3d returned 0 after 49 usecs
[    6.454418] calling  msr_init+0x0/0xd7 @ 1
[    6.465229] initcall msr_init+0x0/0xd7 returned 0 after 5822 usecs
[    6.472716] calling  cpuid_init+0x0/0xd7 @ 1
[    6.480087] initcall cpuid_init+0x0/0xd7 returned 0 after 2301 usecs
[    6.487547] calling  ioapic_init_ops+0x0/0x13 @ 1
[    6.493109] initcall ioapic_init_ops+0x0/0x13 returned 0 after 58 usecs
[    6.502213] calling  add_pcspkr+0x0/0x6c @ 1
[    6.507396] initcall add_pcspkr+0x0/0x6c returned 0 after 145 usecs
[    6.515111] calling  start_periodic_check_for_corruption+0x0/0x30 @ 1
[    6.522718] check: Scanning for low memory corruption every 60 seconds
[    6.530262] initcall start_periodic_check_for_corruption+0x0/0x30 returned 0 after 7514 usecs
[    6.545310] calling  sysfb_init+0x0/0x9c @ 1
[    6.551935] initcall sysfb_init+0x0/0x9c returned 0 after 213 usecs
[    6.561058] calling  audit_classes_init+0x0/0xae @ 1
[    6.568410] initcall audit_classes_init+0x0/0xae returned 0 after 39 usecs
[    6.577163] calling  iosf_mbi_init+0x0/0x24 @ 1
[    6.584253] initcall iosf_mbi_init+0x0/0x24 returned 0 after 1118 usecs
[    6.592212] calling  proc_execdomains_init+0x0/0x21 @ 1
[    6.598559] initcall proc_execdomains_init+0x0/0x21 returned 0 after 39 usecs
[    6.607038] calling  register_warn_debugfs+0x0/0x23 @ 1
[    6.614360] initcall register_warn_debugfs+0x0/0x23 returned 0 after 98 usecs
[    6.624426] calling  cpuhp_sysfs_init+0x0/0x79 @ 1
[    6.630245] initcall cpuhp_sysfs_init+0x0/0x79 returned 0 after 100 usecs
[    6.638141] calling  ioresources_init+0x0/0x49 @ 1
[    6.644316] initcall ioresources_init+0x0/0x49 returned 0 after 73 usecs
[    6.652902] calling  lockdep_proc_init+0x0/0x64 @ 1
[    6.660017] initcall lockdep_proc_init+0x0/0x64 returned 0 after 356 usecs
[    6.668456] calling  snapshot_device_init+0x0/0xc @ 1
[    6.681368] initcall snapshot_device_init+0x0/0xc returned 0 after 6637 usecs
[    6.691364] calling  irq_pm_init_ops+0x0/0x13 @ 1
[    6.697730] initcall irq_pm_init_ops+0x0/0x13 returned 0 after 18 usecs
[    6.707558] calling  rcu_torture_init+0x0/0x9be @ 1
[    6.715176] tasks-rude-torture:--- Start of test: nreaders=1 nfakewriters=4 stat_interval=15 verbose=1 test_no_idle_hz=1 shuffle_interval=3 stutter=5 irqreader=1 fqs_duration=0 fqs_holdoff=0 fqs_stutter=3 test_boost=1/0 test_boost_interval=7 test_boost_duration=4 shutdown_secs=1800 stall_cpu=0 stall_cpu_holdoff=10 stall_cpu_irqsoff=0 stall_cpu_block=0 n_barrier_cbs=4 onoff_interval=1000 onoff_holdoff=30 read_exit_delay=13 read_exit_burst=16
[    6.762406] tasks-rude:  Start-test grace-period state: g0 f0x0
[    6.769302] tasks-rude-torture: Creating rcu_torture_writer task
[    6.779892] tasks-rude-torture: Creating rcu_torture_fakewriter task
[    6.780140] tasks-rude-torture: rcu_torture_writer task started
[    6.787831] tasks-rude-torture: Creating rcu_torture_fakewriter task
[    6.794411] tasks-rude-torture: GP expediting controlled from boot/sysfs for tasks-rude.
[    6.794462] rcu_torture_writer: Testing expedited GPs.
[    6.801988] tasks-rude-torture: rcu_torture_fakewriter task started
[    6.811468] rcu_torture_writer: Testing asynchronous GPs.
[    6.811470] rcu_torture_writer: Testing normal GPs.
[    6.811916] tasks-rude-torture: Creating rcu_torture_fakewriter task
[    6.817910] tasks-rude-torture: rcu_torture_fakewriter task started
[    6.859547] tasks-rude-torture: Creating rcu_torture_fakewriter task
[    6.859859] tasks-rude-torture: rcu_torture_fakewriter task started
[    6.868468] tasks-rude-torture: Creating rcu_torture_reader task
[    6.875390] tasks-rude-torture: rcu_torture_fakewriter task started
[    6.883727] tasks-rude-torture: Creating rcu_torture_stats task
[    6.892240] tasks-rude-torture: rcu_torture_reader task started
[    6.900183] tasks-rude-torture: Creating torture_shuffle task
[    6.908305] tasks-rude-torture: rcu_torture_stats task started
[    6.916336] tasks-rude-torture: Creating torture_stutter task
[    6.930834] tasks-rude-torture: torture_shuffle task started
[    6.939775] tasks-rude-torture: Creating torture_shutdown task
[    6.947984] tasks-rude-torture: torture_stutter task started
[    6.950985] tasks-rude-torture: Creating torture_onoff task
[    6.955650] tasks-rude-torture: torture_shutdown task started
[    6.962397] tasks-rude-torture: rcu_torture_fwd_prog_init: Disabled, unsupported by RCU flavor under test
[    6.970331] tasks-rude-torture:torture_shutdown task: 1799969 ms remaining
[    7.005365] tasks-rude-torture: torture_onoff task started
[    7.017206] tasks-rude-torture: Creating rcu_torture_barrier_cbs task
[    7.021803] tasks-rude-torture: torture_onoff begin holdoff
[    7.038131] tasks-rude-torture: Creating rcu_torture_barrier_cbs task
[    7.038585] tasks-rude-torture: rcu_torture_barrier_cbs task started
[    7.046292] tasks-rude-torture: Creating rcu_torture_barrier_cbs task
[    7.058904] tasks-rude-torture: rcu_torture_barrier_cbs task started
[    7.064807] tasks-rude-torture: Creating rcu_torture_barrier_cbs task
[    7.074245] tasks-rude-torture: rcu_torture_barrier_cbs task started
[    7.082111] tasks-rude-torture: Creating rcu_torture_barrier task
[    7.091724] tasks-rude-torture: rcu_torture_barrier_cbs task started
[    7.099028] tasks-rude-torture: Creating rcu_torture_read_exit task
[    7.108269] tasks-rude-torture: rcu_torture_barrier task starting
[    7.116696] initcall rcu_torture_init+0x0/0x9be returned 0 after 391852 usecs
[    7.134362] tasks-rude-torture: rcu_torture_read_exit: Start of test
[    7.134946] calling  timekeeping_init_ops+0x0/0x13 @ 1
[    7.148455] initcall timekeeping_init_ops+0x0/0x13 returned 0 after 86 usecs
[    7.157008] calling  init_clocksource_sysfs+0x0/0x23 @ 1
[    7.165730] initcall init_clocksource_sysfs+0x0/0x23 returned 0 after 2232 usecs
[    7.174385] calling  init_timer_list_procfs+0x0/0x31 @ 1
[    7.181978] initcall init_timer_list_procfs+0x0/0x31 returned 0 after 872 usecs
[    7.190903] calling  alarmtimer_init+0x0/0xf5 @ 1
[    7.197189] initcall alarmtimer_init+0x0/0xf5 returned 0 after 523 usecs
[    7.205437] calling  init_posix_timers+0x0/0x29 @ 1
[    7.211753] initcall init_posix_timers+0x0/0x29 returned 0 after 139 usecs
[    7.220704] calling  clockevents_init_sysfs+0x0/0xbf @ 1
[    7.227751] initcall clockevents_init_sysfs+0x0/0xbf returned 0 after 590 usecs
[    7.237091] calling  proc_dma_init+0x0/0x21 @ 1
[    7.244151] initcall proc_dma_init+0x0/0x21 returned 0 after 74 usecs
[    7.254162] calling  proc_modules_init+0x0/0x1e @ 1
[    7.261621] initcall proc_modules_init+0x0/0x1e returned 0 after 8 usecs
[    7.271507] calling  kallsyms_init+0x0/0x21 @ 1
[    7.277363] initcall kallsyms_init+0x0/0x21 returned 0 after 84 usecs
[    7.285653] calling  pid_namespaces_init+0x0/0x2c @ 1
[    7.292241] initcall pid_namespaces_init+0x0/0x2c returned 0 after 31 usecs
[    7.301340] calling  audit_watch_init+0x0/0x37 @ 1
[    7.308088] initcall audit_watch_init+0x0/0x37 returned 0 after 62 usecs
[    7.317079] calling  audit_fsnotify_init+0x0/0x37 @ 1
[    7.323935] initcall audit_fsnotify_init+0x0/0x37 returned 0 after 4 usecs
[    7.332904] calling  audit_tree_init+0x0/0x6d @ 1
[    7.338777] initcall audit_tree_init+0x0/0x6d returned 0 after 12 usecs
[    7.347865] calling  seccomp_sysctl_init+0x0/0x2b @ 1
[    7.354819] initcall seccomp_sysctl_init+0x0/0x2b returned 0 after 300 usecs
[    7.364710] calling  utsname_sysctl_init+0x0/0x13 @ 1
[    7.371346] initcall utsname_sysctl_init+0x0/0x13 returned 0 after 34 usecs
[    7.380631] calling  init_tracepoints+0x0/0x27 @ 1
[    7.387084] initcall init_tracepoints+0x0/0x27 returned 0 after 74 usecs
[    7.396300] calling  init_blk_tracer+0x0/0x50 @ 1
[    7.404354] initcall init_blk_tracer+0x0/0x50 returned 0 after 1565 usecs
[    7.413487] calling  perf_event_sysfs_init+0x0/0x83 @ 1
[    7.423023] initcall perf_event_sysfs_init+0x0/0x83 returned 0 after 2471 usecs
[    7.432720] calling  system_trusted_keyring_init+0x0/0x60 @ 1
[    7.440173] Initialise system trusted keyrings
[    7.446270] initcall system_trusted_keyring_init+0x0/0x60 returned 0 after 5964 usecs
[    7.456249] calling  kswapd_init+0x0/0x5c @ 1
[    7.463241] initcall kswapd_init+0x0/0x5c returned 0 after 1184 usecs
[    7.471840] calling  extfrag_debug_init+0x0/0x54 @ 1
[    7.478778] initcall extfrag_debug_init+0x0/0x54 returned 0 after 511 usecs
[    7.487723] calling  mm_compute_batch_init+0x0/0x12 @ 1
[    7.494360] initcall mm_compute_batch_init+0x0/0x12 returned 0 after 22 usecs
[    7.503290] calling  slab_proc_init+0x0/0x21 @ 1
[    7.509257] initcall slab_proc_init+0x0/0x21 returned 0 after 36 usecs
[    7.517606] calling  workingset_init+0x0/0x8c @ 1
[    7.525984] workingset: timestamp_bits=56 max_order=17 bucket_order=0
[    7.534519] initcall workingset_init+0x0/0x8c returned 0 after 8355 usecs
[    7.543818] calling  proc_vmalloc_init+0x0/0x32 @ 1
[    7.550496] initcall proc_vmalloc_init+0x0/0x32 returned 0 after 10 usecs
[    7.559722] calling  procswaps_init+0x0/0x1e @ 1
[    7.566024] initcall procswaps_init+0x0/0x1e returned 0 after 45 usecs
[    7.574733] calling  slab_sysfs_init+0x0/0xec @ 1
[    7.593185] initcall slab_sysfs_init+0x0/0xec returned 0 after 11664 usecs
[    7.601566] calling  fcntl_init+0x0/0x29 @ 1
[    7.606946] initcall fcntl_init+0x0/0x29 returned 0 after 110 usecs
[    7.614668] calling  proc_filesystems_init+0x0/0x21 @ 1
[    7.621220] initcall proc_filesystems_init+0x0/0x21 returned 0 after 8 usecs
[    7.629749] calling  start_dirtytime_writeback+0x0/0x29 @ 1
[    7.636687] initcall start_dirtytime_writeback+0x0/0x29 returned 0 after 117 usecs
[    7.645598] calling  blkdev_init+0x0/0x1b @ 1
[    7.651413] initcall blkdev_init+0x0/0x1b returned 0 after 379 usecs
[    7.659364] calling  dio_init+0x0/0x2c @ 1
[    7.665470] initcall dio_init+0x0/0x2c returned 0 after 190 usecs
[    7.674703] calling  dnotify_init+0x0/0x78 @ 1
[    7.681845] initcall dnotify_init+0x0/0x78 returned 0 after 261 usecs
[    7.690313] calling  aio_setup+0x0/0x78 @ 1
[    7.697740] initcall aio_setup+0x0/0x78 returned 0 after 1955 usecs
[    7.706858] calling  io_uring_init+0x0/0x2c @ 1
[    7.713148] initcall io_uring_init+0x0/0x2c returned 0 after 14 usecs
[    7.721034] calling  mbcache_init+0x0/0x30 @ 1
[    7.726826] initcall mbcache_init+0x0/0x30 returned 0 after 139 usecs
[    7.735857] calling  init_grace+0x0/0xc @ 1
[    7.741368] initcall init_grace+0x0/0xc returned 0 after 193 usecs
[    7.749031] calling  init_v2_quota_format+0x0/0x21 @ 1
[    7.755743] initcall init_v2_quota_format+0x0/0x21 returned 0 after 324 usecs
[    7.764550] calling  init_devpts_fs+0x0/0x27 @ 1
[    7.770914] initcall init_devpts_fs+0x0/0x27 returned 0 after 312 usecs
[    7.779993] calling  ext4_init_fs+0x0/0x1c2 @ 1
[    7.787375] initcall ext4_init_fs+0x0/0x1c2 returned 0 after 1243 usecs
[    7.796042] calling  journal_init+0x0/0x11c @ 1
[    7.802392] initcall journal_init+0x0/0x11c returned 0 after 256 usecs
[    7.811555] calling  init_fat_fs+0x0/0x49 @ 1
[    7.817549] initcall init_fat_fs+0x0/0x49 returned 0 after 212 usecs
[    7.826134] calling  init_vfat_fs+0x0/0xc @ 1
[    7.832048] initcall init_vfat_fs+0x0/0xc returned 0 after 4 usecs
[    7.840418] calling  init_msdos_fs+0x0/0xc @ 1
[    7.846421] initcall init_msdos_fs+0x0/0xc returned 0 after 4 usecs
[    7.854851] calling  init_iso9660_fs+0x0/0x6c @ 1
[    7.861481] initcall init_iso9660_fs+0x0/0x6c returned 0 after 198 usecs
[    7.871384] calling  init_nfs_fs+0x0/0x13a @ 1
[    7.881907] initcall init_nfs_fs+0x0/0x13a returned 0 after 4701 usecs
[    7.891070] calling  init_nfs_v2+0x0/0x13 @ 1
[    7.897319] initcall init_nfs_v2+0x0/0x13 returned 0 after 102 usecs
[    7.906163] calling  init_nfs_v3+0x0/0x13 @ 1
[    7.912131] initcall init_nfs_v3+0x0/0x13 returned 0 after 2 usecs
[    7.920744] calling  init_nfs_v4+0x0/0x32 @ 1
[    7.927110] NFS: Registering the id_resolver key type
[    7.933784] Key type id_resolver registered
[    7.941171] Key type id_legacy registered
[    7.946937] initcall init_nfs_v4+0x0/0x32 returned 0 after 19440 usecs
[    7.956175] calling  init_nlm+0x0/0x5b @ 1
[    7.962088] initcall init_nlm+0x0/0x5b returned 0 after 85 usecs
[    7.970751] calling  init_nls_cp437+0x0/0xe @ 1
[    7.977164] initcall init_nls_cp437+0x0/0xe returned 0 after 131 usecs
[    7.986391] calling  init_nls_ascii+0x0/0xe @ 1
[    7.992722] initcall init_nls_ascii+0x0/0xe returned 0 after 2 usecs
[    8.001625] calling  init_nls_iso8859_1+0x0/0xe @ 1
[    8.008433] initcall init_nls_iso8859_1+0x0/0xe returned 0 after 1 usecs
[    8.017573] calling  init_nls_utf8+0x0/0x21 @ 1
[    8.023675] initcall init_nls_utf8+0x0/0x21 returned 0 after 1 usecs
[    8.031912] calling  init_autofs_fs+0x0/0x25 @ 1
[    8.039816] initcall init_autofs_fs+0x0/0x25 returned 0 after 1751 usecs
[    8.049699] calling  ipc_init+0x0/0x24 @ 1
[    8.055790] initcall ipc_init+0x0/0x24 returned 0 after 76 usecs
[    8.064202] calling  ipc_sysctl_init+0x0/0x13 @ 1
[    8.070964] initcall ipc_sysctl_init+0x0/0x13 returned 0 after 49 usecs
[    8.081419] calling  init_mqueue_fs+0x0/0xb1 @ 1
[    8.089572] initcall init_mqueue_fs+0x0/0xb1 returned 0 after 804 usecs
[    8.100364] calling  key_proc_init+0x0/0x63 @ 1
[    8.107408] initcall key_proc_init+0x0/0x63 returned 0 after 32 usecs
[    8.115905] calling  selinux_nf_ip_init+0x0/0x2e @ 1
[    8.122772] initcall selinux_nf_ip_init+0x0/0x2e returned 0 after 70 usecs
[    8.132060] calling  init_sel_fs+0x0/0x116 @ 1
[    8.139922] initcall init_sel_fs+0x0/0x116 returned 0 after 1 usecs
[    8.148824] calling  selnl_init+0x0/0x7c @ 1
[    8.155414] initcall selnl_init+0x0/0x7c returned 0 after 608 usecs
[    8.164816] calling  sel_netif_init+0x0/0x36 @ 1
[    8.171552] initcall sel_netif_init+0x0/0x36 returned 0 after 0 usecs
[    8.181107] calling  sel_netnode_init+0x0/0x33 @ 1
[    8.188409] initcall sel_netnode_init+0x0/0x33 returned 0 after 1 usecs
[    8.197825] calling  sel_netport_init+0x0/0x33 @ 1
[    8.204515] initcall sel_netport_init+0x0/0x33 returned 0 after 0 usecs
[    8.213739] calling  aurule_init+0x0/0x2a @ 1
[    8.220790] initcall aurule_init+0x0/0x2a returned 0 after 3 usecs
[    8.230005] calling  crypto_algapi_init+0x0/0xc @ 1
[    8.237035] initcall crypto_algapi_init+0x0/0xc returned 0 after 8 usecs
[    8.247145] calling  jent_mod_init+0x0/0x2d @ 1
[    8.268299] initcall jent_mod_init+0x0/0x2d returned 0 after 13711 usecs
[    8.278149] calling  asymmetric_key_init+0x0/0xc @ 1
[    8.285896] Key type asymmetric registered
[    8.291974] initcall asymmetric_key_init+0x0/0xc returned 0 after 5961 usecs
[    8.301820] calling  x509_key_init+0x0/0xc @ 1
[    8.308120] Asymmetric key parser 'x509' registered
[    8.315513] initcall x509_key_init+0x0/0xc returned 0 after 7345 usecs
[    8.325148] calling  proc_genhd_init+0x0/0x41 @ 1
[    8.331920] initcall proc_genhd_init+0x0/0x41 returned 0 after 10 usecs
[    8.341229] calling  bsg_init+0x0/0x113 @ 1
[    8.347773] Block layer SCSI generic (bsg) driver version 0.4 loaded (major 251)
[    8.358374] initcall bsg_init+0x0/0x113 returned 0 after 10778 usecs
[    8.367856] calling  deadline_init+0x0/0xc @ 1
[    8.374370] io scheduler mq-deadline registered
[    8.381444] initcall deadline_init+0x0/0xc returned 0 after 7046 usecs
[    8.391316] calling  kyber_init+0x0/0xc @ 1
[    8.397546] io scheduler kyber registered
[    8.403046] initcall kyber_init+0x0/0xc returned 0 after 5407 usecs
[    8.412215] calling  mod_init+0x0/0x7 @ 1
[    8.418115] initcall mod_init+0x0/0x7 returned 0 after 0 usecs
[    8.426697] calling  percpu_counter_startup+0x0/0x55 @ 1
[    8.438037] initcall percpu_counter_startup+0x0/0x55 returned 0 after 3212 usecs
[    8.449367] calling  sg_pool_init+0x0/0xb4 @ 1
[    8.456989] initcall sg_pool_init+0x0/0xb4 returned 0 after 472 usecs
[    8.467263] calling  pcie_portdrv_init+0x0/0x39 @ 1
[    8.477516] initcall pcie_portdrv_init+0x0/0x39 returned 0 after 1973 usecs
[    8.492039] calling  pci_proc_init+0x0/0x68 @ 1
[    8.500291] initcall pci_proc_init+0x0/0x68 returned 0 after 932 usecs
[    8.510902] calling  pci_hotplug_init+0x0/0x7 @ 1
[    8.519073] initcall pci_hotplug_init+0x0/0x7 returned 0 after 0 usecs
[    8.528543] calling  efifb_driver_init+0x0/0xe @ 1
[    8.535855] initcall efifb_driver_init+0x0/0xe returned 0 after 194 usecs
[    8.546721] calling  ged_driver_init+0x0/0xe @ 1
[    8.553498] initcall ged_driver_init+0x0/0xe returned 0 after 322 usecs
[    8.563907] calling  acpi_ac_init+0x0/0x92 @ 1
[    8.573857] initcall acpi_ac_init+0x0/0x92 returned 0 after 2214 usecs
[    8.584673] calling  acpi_button_driver_init+0x0/0x52 @ 1
[    8.597179] input: Power Button as /devices/LNXSYSTM:00/LNXPWRBN:00/input/input0
[    8.616465] ACPI: Power Button [PWRF]
[    8.624272] initcall acpi_button_driver_init+0x0/0x52 returned 0 after 29773 usecs
[    8.636323] calling  acpi_fan_driver_init+0x0/0xe @ 1
[    8.644860] initcall acpi_fan_driver_init+0x0/0xe returned 0 after 72 usecs
[    8.657029] calling  acpi_video_init+0x0/0xcb @ 1
[    8.665127] initcall acpi_video_init+0x0/0xcb returned 0 after 287 usecs
[    8.676249] calling  acpi_processor_driver_init+0x0/0xad @ 1
[    8.688868] initcall acpi_processor_driver_init+0x0/0xad returned 0 after 3581 usecs
[    8.701295] calling  acpi_thermal_init+0x0/0x71 @ 1
[    8.713375] initcall acpi_thermal_init+0x0/0x71 returned 0 after 3189 usecs
[    8.727311] calling  acpi_battery_init+0x0/0x32 @ 1
[    8.736456] initcall acpi_battery_init+0x0/0x32 returned 0 after 237 usecs
[    8.750340] calling  bgrt_init+0x0/0xb6 @ 1
[    8.758128] initcall bgrt_init+0x0/0xb6 returned -19 after 1 usecs
[    8.769286] calling  gpio_clk_driver_init+0x0/0xe @ 1
[    8.777915] initcall gpio_clk_driver_init+0x0/0xe returned 0 after 107 usecs
[    8.791311] calling  plt_clk_driver_init+0x0/0xe @ 1
[    8.800275] initcall plt_clk_driver_init+0x0/0xe returned 0 after 45 usecs
[    8.812523] calling  virtio_pci_driver_init+0x0/0x15 @ 1
[    8.823521] initcall virtio_pci_driver_init+0x0/0x15 returned 0 after 363 usecs
[    8.837333] calling  n_null_init+0x0/0x1e @ 1
[    8.845496] initcall n_null_init+0x0/0x1e returned 0 after 93 usecs
[    8.857940] calling  pty_init+0x0/0x1e8 @ 1
[    8.870227] initcall pty_init+0x0/0x1e8 returned 0 after 3959 usecs
[    8.880026] calling  sysrq_init+0x0/0x62 @ 1
[    8.886118] initcall sysrq_init+0x0/0x62 returned 0 after 38 usecs
[    8.895922] calling  serial8250_init+0x0/0x17e @ 1
[    8.904176] Serial: 8250/16550 driver, 4 ports, IRQ sharing enabled
[    8.921023] 00:03: ttyS0 at I/O 0x3f8 (irq = 4, base_baud = 115200) is a 16550A
[    8.954248] initcall serial8250_init+0x0/0x17e returned 0 after 49017 usecs
[    8.964459] calling  serial_pci_driver_init+0x0/0x15 @ 1
[    8.973063] initcall serial_pci_driver_init+0x0/0x15 returned 0 after 373 usecs
[    8.985073] calling  exar_pci_driver_init+0x0/0x15 @ 1
[    8.993594] initcall exar_pci_driver_init+0x0/0x15 returned 0 after 119 usecs
[    9.004749] calling  lpss8250_pci_driver_init+0x0/0x15 @ 1
[    9.014583] initcall lpss8250_pci_driver_init+0x0/0x15 returned 0 after 190 usecs
[    9.028368] calling  mid8250_pci_driver_init+0x0/0x15 @ 1
[    9.038609] initcall mid8250_pci_driver_init+0x0/0x15 returned 0 after 56 usecs
[    9.053105] calling  virtio_console_init+0x0/0xff @ 1
[    9.063997] initcall virtio_console_init+0x0/0xff returned 0 after 1122 usecs
[    9.077191] calling  hpet_init+0x0/0x64 @ 1
[    9.089601] initcall hpet_init+0x0/0x64 returned 0 after 4532 usecs
[    9.100637] calling  nvram_module_init+0x0/0x83 @ 1
[    9.112970] Non-volatile memory driver v1.3
[    9.121035] initcall nvram_module_init+0x0/0x83 returned 0 after 11671 usecs
[    9.133779] calling  hwrng_modinit+0x0/0x8a @ 1
[    9.145231] initcall hwrng_modinit+0x0/0x8a returned 0 after 3574 usecs
[    9.157574] calling  mod_init+0x0/0x48 @ 1
[    9.166062] initcall mod_init+0x0/0x48 returned -19 after 562 usecs
[    9.176768] calling  agp_init+0x0/0x23 @ 1
[    9.183371] Linux agpgart interface v0.103
[    9.189814] initcall agp_init+0x0/0x23 returned 0 after 6288 usecs
[    9.202767] calling  agp_amd64_mod_init+0x0/0x5 @ 1
[    9.213093] initcall agp_amd64_mod_init+0x0/0x5 returned -19 after 2202 usecs
[    9.224567] calling  agp_intel_init+0x0/0x28 @ 1
[    9.235476] initcall agp_intel_init+0x0/0x28 returned 0 after 3171 usecs
[    9.245506] calling  drm_kms_helper_init+0x0/0x7 @ 1
[    9.253021] initcall drm_kms_helper_init+0x0/0x7 returned 0 after 54 usecs
[    9.263145] calling  drm_core_init+0x0/0xbd @ 1
[    9.270999] initcall drm_core_init+0x0/0xbd returned 0 after 1116 usecs
[    9.281873] calling  i915_init+0x0/0x6b @ 1
[    9.293498] initcall i915_init+0x0/0x6b returned 0 after 3546 usecs
[    9.303451] calling  cn_proc_init+0x0/0x35 @ 1
[    9.311259] initcall cn_proc_init+0x0/0x35 returned 0 after 129 usecs
[    9.322207] calling  topology_sysfs_init+0x0/0x27 @ 1
[    9.331237] initcall topology_sysfs_init+0x0/0x27 returned 0 after 684 usecs
[    9.343919] calling  cacheinfo_sysfs_init+0x0/0x27 @ 1
[    9.358250] initcall cacheinfo_sysfs_init+0x0/0x27 returned 0 after 4536 usecs
[    9.372057] calling  loop_init+0x0/0x16a @ 1
[    9.498252] loop: module loaded
[    9.504257] initcall loop_init+0x0/0x16a returned 0 after 121278 usecs
[    9.515363] calling  mac_hid_init+0x0/0x21 @ 1
[    9.522958] initcall mac_hid_init+0x0/0x21 returned 0 after 352 usecs
[    9.535405] calling  spi_transport_init+0x0/0x74 @ 1
[    9.545213] initcall spi_transport_init+0x0/0x74 returned 0 after 375 usecs
[    9.556865] calling  init_sd+0x0/0x18c @ 1
[    9.564302] initcall init_sd+0x0/0x18c returned 0 after 449 usecs
[    9.573757] calling  init_sr+0x0/0x43 @ 1
[    9.580876] initcall init_sr+0x0/0x43 returned 0 after 274 usecs
[    9.591079] calling  init_sg+0x0/0x1c0 @ 1
[    9.599508] initcall init_sg+0x0/0x1c0 returned 0 after 261 usecs
[    9.610184] calling  ahci_pci_driver_init+0x0/0x15 @ 1
[    9.620487] ahci 0000:00:1f.2: version 3.0
[    9.635605] PCI Interrupt Link [GSIA] enabled at IRQ 16
[    9.664061] ahci 0000:00:1f.2: AHCI 0001.0000 32 slots 6 ports 1.5 Gbps 0x3f impl SATA mode
[    9.677516] ahci 0000:00:1f.2: flags: 64bit ncq only 
[    9.714067] scsi host0: ahci
[    9.727945] scsi host1: ahci
[    9.739453] scsi host2: ahci
[    9.749296] scsi host3: ahci
[    9.762988] scsi host4: ahci
[    9.775096] scsi host5: ahci
[    9.781384] ata1: SATA max UDMA/133 abar m4096@0xfebf1000 port 0xfebf1100 irq 24
[    9.794307] ata2: SATA max UDMA/133 abar m4096@0xfebf1000 port 0xfebf1180 irq 24
[    9.807270] ata3: SATA max UDMA/133 abar m4096@0xfebf1000 port 0xfebf1200 irq 24
[    9.820221] ata4: SATA max UDMA/133 abar m4096@0xfebf1000 port 0xfebf1280 irq 24
[    9.834752] ata5: SATA max UDMA/133 abar m4096@0xfebf1000 port 0xfebf1300 irq 24
[    9.847613] ata6: SATA max UDMA/133 abar m4096@0xfebf1000 port 0xfebf1380 irq 24
[    9.860371] initcall ahci_pci_driver_init+0x0/0x15 returned 0 after 235022 usecs
[    9.873680] calling  piix_init+0x0/0x26 @ 1
[    9.881845] initcall piix_init+0x0/0x26 returned 0 after 426 usecs
[    9.892728] calling  amd_pci_driver_init+0x0/0x15 @ 1
[    9.900909] initcall amd_pci_driver_init+0x0/0x15 returned 0 after 284 usecs
[    9.912511] calling  oldpiix_pci_driver_init+0x0/0x15 @ 1
[    9.921417] initcall oldpiix_pci_driver_init+0x0/0x15 returned 0 after 160 usecs
[    9.933457] calling  sch_pci_driver_init+0x0/0x15 @ 1
[    9.942770] initcall sch_pci_driver_init+0x0/0x15 returned 0 after 274 usecs
[    9.955228] calling  net_olddevs_init+0x0/0x55 @ 1
[    9.965322] initcall net_olddevs_init+0x0/0x55 returned 0 after 1115 usecs
[    9.977261] calling  blackhole_netdev_init+0x0/0x78 @ 1
[    9.988554] initcall blackhole_netdev_init+0x0/0x78 returned 0 after 1523 usecs
[   10.001127] calling  phy_module_init+0x0/0x13 @ 1
[   10.010303] initcall phy_module_init+0x0/0x13 returned 0 after 1602 usecs
[   10.023003] calling  tg3_driver_init+0x0/0x15 @ 1
[   10.031182] initcall tg3_driver_init+0x0/0x15 returned 0 after 135 usecs
[   10.042117] calling  e100_init_module+0x0/0x4c @ 1
[   10.050273] e100: Intel(R) PRO/100 Network Driver
[   10.058159] e100: Copyright(c) 1999-2006 Intel Corporation
[   10.067576] initcall e100_init_module+0x0/0x4c returned 0 after 16893 usecs
[   10.078845] calling  e1000_init_module+0x0/0x72 @ 1
[   10.086364] e1000: Intel(R) PRO/1000 Network Driver
[   10.094868] e1000: Copyright (c) 1999-2006 Intel Corporation.
[   10.104830] initcall e1000_init_module+0x0/0x72 returned 0 after 18030 usecs
[   10.116754] calling  e1000_init_module+0x0/0x2d @ 1
[   10.125450] e1000e: Intel(R) PRO/1000 Network Driver
[   10.134099] e1000e: Copyright(c) 1999 - 2015 Intel Corporation.
[   10.144419] initcall e1000_init_module+0x0/0x2d returned 0 after 18584 usecs
[   10.156256] calling  sky2_init_module+0x0/0x21 @ 1
[   10.164534] sky2: driver version 1.30
[   10.171372] initcall sky2_init_module+0x0/0x21 returned 0 after 6674 usecs
[   10.183584] calling  forcedeth_pci_driver_init+0x0/0x15 @ 1
[   10.184289] ata3: SATA link up 1.5 Gbps (SStatus 113 SControl 300)
[   10.193537] initcall forcedeth_pci_driver_init+0x0/0x15 returned 0 after 95 usecs
[   10.207146] ata5: SATA link down (SStatus 0 SControl 300)
[   10.216356] calling  rtl8139_init_module+0x0/0x15 @ 1
[   10.227816] ata2: SATA link down (SStatus 0 SControl 300)
[   10.232968] initcall rtl8139_init_module+0x0/0x15 returned 0 after 83 usecs
[   10.246096] ata4: SATA link down (SStatus 0 SControl 300)
[   10.253864] calling  rtl8169_pci_driver_init+0x0/0x15 @ 1
[   10.254135] initcall rtl8169_pci_driver_init+0x0/0x15 returned 0 after 258 usecs
[   10.265693] ata1: SATA link down (SStatus 0 SControl 300)
[   10.271588] calling  cdrom_init+0x0/0xc @ 1
[   10.288977] ata6: SATA link down (SStatus 0 SControl 300)
[   10.294039] initcall cdrom_init+0x0/0xc returned 0 after 200 usecs
[   10.302176] ata3.00: ATAPI: QEMU DVD-ROM, 2.5+, max UDMA/100
[   10.310174] calling  nonstatic_sysfs_init+0x0/0xc @ 1
[   10.310223] initcall nonstatic_sysfs_init+0x0/0xc returned 0 after 43 usecs
[   10.310226] calling  yenta_cardbus_driver_init+0x0/0x15 @ 1
[   10.310480] initcall yenta_cardbus_driver_init+0x0/0x15 returned 0 after 243 usecs
[   10.321116] ata3.00: applying bridge limits
[   10.330307] calling  mon_init+0x0/0x144 @ 1
[   10.387673] ata3.00: configured for UDMA/100
[   10.430688] initcall mon_init+0x0/0x144 returned 0 after 30418 usecs
[   10.441894] calling  ehci_hcd_init+0x0/0x56 @ 1
[   10.451131] ehci_hcd: USB 2.0 'Enhanced' Host Controller (EHCI) Driver
[   10.463146] initcall ehci_hcd_init+0x0/0x56 returned 0 after 12186 usecs
[   10.463651] scsi 2:0:0:0: CD-ROM            QEMU     QEMU DVD-ROM     2.5+ PQ: 0 ANSI: 5
[   10.474265] calling  ehci_pci_init+0x0/0x64 @ 1
[   10.474270] ehci-pci: EHCI PCI platform driver
[   10.476889] initcall ehci_pci_init+0x0/0x64 returned 0 after 2555 usecs
[   10.518168] calling  ohci_hcd_mod_init+0x0/0x4e @ 1
[   10.529430] ohci_hcd: USB 1.1 'Open' Host Controller (OHCI) Driver
[   10.540320] initcall ohci_hcd_mod_init+0x0/0x4e returned 0 after 11478 usecs
[   10.551789] calling  ohci_pci_init+0x0/0x64 @ 1
[   10.559416] ohci-pci: OHCI PCI platform driver
[   10.567371] initcall ohci_pci_init+0x0/0x64 returned 0 after 7766 usecs
[   10.577992] calling  uhci_hcd_init+0x0/0xa8 @ 1
[   10.585576] uhci_hcd: USB Universal Host Controller Interface driver
[   10.598157] initcall uhci_hcd_init+0x0/0xa8 returned 0 after 12283 usecs
[   10.610310] calling  xhci_hcd_init+0x0/0x1e @ 1
[   10.619606] initcall xhci_hcd_init+0x0/0x1e returned 0 after 411 usecs
[   10.620240] sr 2:0:0:0: [sr0] scsi3-mmc drive: 4x/4x cd/rw xa/form2 tray
[   10.629479] calling  xhci_pci_init+0x0/0x49 @ 1
[   10.630265] initcall xhci_pci_init+0x0/0x49 returned 0 after 761 usecs
[   10.641259] cdrom: Uniform CD-ROM driver Revision: 3.20
[   10.646963] calling  usblp_driver_init+0x0/0x15 @ 1
[   10.675238] usbcore: registered new interface driver usblp
[   10.683632] initcall usblp_driver_init+0x0/0x15 returned 0 after 8929 usecs
[   10.695286] calling  usb_storage_driver_init+0x0/0x2a @ 1
[   10.705055] usbcore: registered new interface driver usb-storage
[   10.714444] initcall usb_storage_driver_init+0x0/0x2a returned 0 after 9338 usecs
[   10.727527] calling  i8042_init+0x0/0x4c2 @ 1
[   10.736462] i8042: PNP: PS/2 Controller [PNP0303:KBD,PNP0f13:MOU] at 0x60,0x64 irq 1,12
[   10.779057] serio: i8042 KBD port at 0x60,0x64 irq 1
[   10.779596] sr 2:0:0:0: Attached scsi CD-ROM sr0
[   10.790312] serio: i8042 AUX port at 0x60,0x64 irq 12
[   10.798079] sr 2:0:0:0: Attached scsi generic sg0 type 5
[   10.804024] initcall i8042_init+0x0/0x4c2 returned 0 after 67691 usecs
[   10.822772] calling  serport_init+0x0/0x2c @ 1
[   10.830163] initcall serport_init+0x0/0x2c returned 0 after 571 usecs
[   10.840236] calling  input_leds_init+0x0/0xc @ 1
[   10.847851] initcall input_leds_init+0x0/0xc returned 0 after 318 usecs
[   10.858560] calling  evdev_init+0x0/0xc @ 1
[   10.869819] initcall evdev_init+0x0/0xc returned 0 after 4510 usecs
[   10.880118] calling  atkbd_init+0x0/0x21 @ 1
[   10.887610] initcall atkbd_init+0x0/0x21 returned 0 after 715 usecs
[   10.895059] input: AT Translated Set 2 keyboard as /devices/platform/i8042/serio0/input/input1
[   10.898153] calling  psmouse_init+0x0/0x7f @ 1
[   10.921199] initcall psmouse_init+0x0/0x7f returned 0 after 577 usecs
[   10.932640] calling  cmos_init+0x0/0x73 @ 1
[   10.945220] rtc_cmos 00:04: RTC can wake from S4
[   10.973194] rtc_cmos 00:04: registered as rtc0
[   10.984396] rtc_cmos 00:04: alarms up to one day, y3k, 242 bytes nvram, hpet irqs
[   10.998032] initcall cmos_init+0x0/0x73 returned 0 after 54057 usecs
[   11.008876] calling  smbalert_driver_init+0x0/0xe @ 1
[   11.018598] initcall smbalert_driver_init+0x0/0xe returned 0 after 982 usecs
[   11.030955] calling  i2c_i801_init+0x0/0xc5 @ 1
[   11.061530] i801_smbus 0000:00:1f.3: SMBus using PCI interrupt
[   11.075365] i2c i2c-0: 1/1 memory slots populated (from DMI)
[   11.085487] i2c i2c-0: Memory type 0x07 not supported yet, not instantiating SPD
[   11.102244] initcall i2c_i801_init+0x0/0xc5 returned 0 after 61974 usecs
[   11.114022] calling  ptp_kvm_init+0x0/0xf0 @ 1
[   11.124275] initcall ptp_kvm_init+0x0/0xf0 returned 0 after 2685 usecs
[   11.134465] calling  dm_init+0x0/0x3c @ 1
[   11.151681] device-mapper: ioctl: 4.43.0-ioctl (2020-10-01) initialised: dm-devel@redhat.com
[   11.163534] initcall dm_init+0x0/0x3c returned 0 after 22466 usecs
[   11.176892] calling  dm_mirror_init+0x0/0x29 @ 1
[   11.184937] initcall dm_mirror_init+0x0/0x29 returned 0 after 3 usecs
[   11.195940] calling  dm_dirty_log_init+0x0/0x4f @ 1
[   11.204603] initcall dm_dirty_log_init+0x0/0x4f returned 0 after 366 usecs
[   11.216374] calling  dm_zero_init+0x0/0x29 @ 1
[   11.224028] initcall dm_zero_init+0x0/0x29 returned 0 after 3 usecs
[   11.234634] calling  intel_pstate_init+0x0/0x512 @ 1
[   11.243521] intel_pstate: CPU model not supported
[   11.251196] initcall intel_pstate_init+0x0/0x512 returned -19 after 7571 usecs
[   11.262039] calling  haltpoll_init+0x0/0xc0 @ 1
[   11.269424] initcall haltpoll_init+0x0/0xc0 returned -19 after 30 usecs
[   11.280709] calling  efivars_sysfs_init+0x0/0x30 @ 1
[   11.289222] initcall efivars_sysfs_init+0x0/0x30 returned 0 after 348 usecs
[   11.301223] calling  esrt_sysfs_init+0x0/0x2a2 @ 1
[   11.309540] initcall esrt_sysfs_init+0x0/0x2a2 returned -38 after 320 usecs
[   11.321434] calling  hid_init+0x0/0x5c @ 1
[   11.329265] hid: raw HID events driver (C) Jiri Kosina
[   11.338569] initcall hid_init+0x0/0x5c returned 0 after 9614 usecs
[   11.348497] calling  hid_generic_init+0x0/0x15 @ 1
[   11.357017] initcall hid_generic_init+0x0/0x15 returned 0 after 386 usecs
[   11.369035] calling  a4_driver_init+0x0/0x15 @ 1
[   11.377537] initcall a4_driver_init+0x0/0x15 returned 0 after 317 usecs
[   11.389361] calling  apple_driver_init+0x0/0x15 @ 1
[   11.398455] initcall apple_driver_init+0x0/0x15 returned 0 after 503 usecs
[   11.410370] calling  belkin_driver_init+0x0/0x15 @ 1
[   11.420075] initcall belkin_driver_init+0x0/0x15 returned 0 after 344 usecs
[   11.433023] calling  ch_driver_init+0x0/0x15 @ 1
[   11.441254] initcall ch_driver_init+0x0/0x15 returned 0 after 322 usecs
[   11.451941] calling  ch_driver_init+0x0/0x15 @ 1
[   11.459530] initcall ch_driver_init+0x0/0x15 returned 0 after 114 usecs
[   11.470116] calling  cp_driver_init+0x0/0x15 @ 1
[   11.478232] initcall cp_driver_init+0x0/0x15 returned 0 after 58 usecs
[   11.489014] calling  ez_driver_init+0x0/0x15 @ 1
[   11.496792] initcall ez_driver_init+0x0/0x15 returned 0 after 78 usecs
[   11.507490] calling  gyration_driver_init+0x0/0x15 @ 1
[   11.515887] initcall gyration_driver_init+0x0/0x15 returned 0 after 41 usecs
[   11.526734] calling  ite_driver_init+0x0/0x15 @ 1
[   11.534060] initcall ite_driver_init+0x0/0x15 returned 0 after 45 usecs
[   11.543756] calling  ks_driver_init+0x0/0x15 @ 1
[   11.550744] initcall ks_driver_init+0x0/0x15 returned 0 after 187 usecs
[   11.560497] calling  lg_driver_init+0x0/0x15 @ 1
[   11.567569] initcall lg_driver_init+0x0/0x15 returned 0 after 101 usecs
[   11.577822] calling  lg_g15_driver_init+0x0/0x15 @ 1
[   11.586427] initcall lg_g15_driver_init+0x0/0x15 returned 0 after 80 usecs
[   11.597986] calling  ms_driver_init+0x0/0x15 @ 1
[   11.605909] initcall ms_driver_init+0x0/0x15 returned 0 after 70 usecs
[   11.617127] calling  mr_driver_init+0x0/0x15 @ 1
[   11.625027] initcall mr_driver_init+0x0/0x15 returned 0 after 50 usecs
[   11.635655] calling  ntrig_driver_init+0x0/0x15 @ 1
[   11.644266] initcall ntrig_driver_init+0x0/0x15 returned 0 after 352 usecs
[   11.656088] calling  pl_driver_init+0x0/0x15 @ 1
[   11.664230] initcall pl_driver_init+0x0/0x15 returned 0 after 341 usecs
[   11.675095] calling  pl_driver_init+0x0/0x15 @ 1
[   11.683241] initcall pl_driver_init+0x0/0x15 returned 0 after 331 usecs
[   11.694018] calling  redragon_driver_init+0x0/0x15 @ 1
[   11.702516] initcall redragon_driver_init+0x0/0x15 returned 0 after 347 usecs
[   11.713502] calling  samsung_driver_init+0x0/0x15 @ 1
[   11.724212] initcall samsung_driver_init+0x0/0x15 returned 0 after 2767 usecs
[   11.734339] calling  sony_init+0x0/0x38 @ 1
[   11.740504] initcall sony_init+0x0/0x38 returned 0 after 425 usecs
[   11.749945] calling  sp_driver_init+0x0/0x15 @ 1
[   11.756537] initcall sp_driver_init+0x0/0x15 returned 0 after 45 usecs
[   11.765695] calling  ts_driver_init+0x0/0x15 @ 1
[   11.772411] initcall ts_driver_init+0x0/0x15 returned 0 after 57 usecs
[   11.781114] calling  hid_init+0x0/0x58 @ 1
[   11.787328] usbcore: registered new interface driver usbhid
[   11.795716] usbhid: USB HID core driver
[   11.801655] initcall hid_init+0x0/0x58 returned 0 after 14068 usecs
[   11.810903] calling  eeepc_laptop_init+0x0/0x57 @ 1
[   11.818421] initcall eeepc_laptop_init+0x0/0x57 returned -19 after 382 usecs
[   11.828437] calling  pmc_atom_init+0x0/0x27a @ 1
[   11.835242] initcall pmc_atom_init+0x0/0x27a returned -19 after 21 usecs
[   11.845522] calling  alsa_hwdep_init+0x0/0x5e @ 1
[   11.853525] initcall alsa_hwdep_init+0x0/0x5e returned 0 after 570 usecs
[   11.863099] calling  alsa_timer_init+0x0/0x1f9 @ 1
[   11.873000] initcall alsa_timer_init+0x0/0x1f9 returned 0 after 3247 usecs
[   11.882333] calling  snd_hrtimer_init+0x0/0x117 @ 1
[   11.889066] initcall snd_hrtimer_init+0x0/0x117 returned 0 after 6 usecs
[   11.899422] calling  alsa_pcm_init+0x0/0x64 @ 1
[   11.906712] initcall alsa_pcm_init+0x0/0x64 returned 0 after 73 usecs
[   11.916676] calling  alsa_seq_init+0x0/0x4a @ 1
[   11.927234] initcall alsa_seq_init+0x0/0x4a returned 0 after 822 usecs
[   11.936935] calling  alsa_seq_dummy_init+0x0/0x9c @ 1
[   11.944843] initcall alsa_seq_dummy_init+0x0/0x9c returned 0 after 98 usecs
[   11.955940] calling  azx_driver_init+0x0/0x15 @ 1
[   11.964166] initcall azx_driver_init+0x0/0x15 returned 0 after 597 usecs
[   11.974053] calling  sock_diag_init+0x0/0x2a @ 1
[   11.985284] initcall sock_diag_init+0x0/0x2a returned 0 after 3220 usecs
[   11.996354] calling  blackhole_init+0x0/0xc @ 1
[   12.005542] initcall blackhole_init+0x0/0xc returned 0 after 2003 usecs
[   12.009871] tasks-rude-torture: rcu_torture_read_exit: End of episode
[   12.016211] calling  nfnetlink_init+0x0/0x61 @ 1
[   12.033220] initcall nfnetlink_init+0x0/0x61 returned 0 after 856 usecs
[   12.043082] calling  nfnetlink_log_init+0x0/0x99 @ 1
[   12.051001] initcall nfnetlink_log_init+0x0/0x99 returned 0 after 847 usecs
[   12.061164] calling  nf_conntrack_standalone_init+0x0/0x87 @ 1
[   12.073841] initcall nf_conntrack_standalone_init+0x0/0x87 returned 0 after 4518 usecs
[   12.087834] calling  ctnetlink_init+0x0/0x83 @ 1
[   12.096579] initcall ctnetlink_init+0x0/0x83 returned 0 after 1223 usecs
[   12.107947] input: ImExPS/2 Generic Explorer Mouse as /devices/platform/i8042/serio1/input/input3
[   12.110946] calling  nf_conntrack_ftp_init+0x0/0x12c @ 1
[   12.139399] initcall nf_conntrack_ftp_init+0x0/0x12c returned 0 after 1615 usecs
[   12.150362] calling  nf_conntrack_irc_init+0x0/0x129 @ 1
[   12.159158] initcall nf_conntrack_irc_init+0x0/0x129 returned 0 after 29 usecs
[   12.168948] calling  nf_conntrack_sip_init+0x0/0x172 @ 1
[   12.176202] initcall nf_conntrack_sip_init+0x0/0x172 returned 0 after 28 usecs
[   12.186080] calling  nf_nat_init+0x0/0xf0 @ 1
[   12.192561] initcall nf_nat_init+0x0/0xf0 returned 0 after 464 usecs
[   12.201210] calling  nf_nat_ftp_init+0x0/0x2a @ 1
[   12.207765] initcall nf_nat_ftp_init+0x0/0x2a returned 0 after 33 usecs
[   12.216809] calling  nf_nat_irc_init+0x0/0x2a @ 1
[   12.223274] initcall nf_nat_irc_init+0x0/0x2a returned 0 after 2 usecs
[   12.231917] calling  nf_nat_sip_init+0x0/0x36 @ 1
[   12.238199] initcall nf_nat_sip_init+0x0/0x36 returned 0 after 6 usecs
[   12.247077] calling  xt_init+0x0/0x146 @ 1
[   12.253136] initcall xt_init+0x0/0x146 returned 0 after 155 usecs
[   12.261947] calling  tcpudp_mt_init+0x0/0x11 @ 1
[   12.269171] initcall tcpudp_mt_init+0x0/0x11 returned 0 after 221 usecs
[   12.278945] calling  connsecmark_tg_init+0x0/0xc @ 1
[   12.286117] initcall connsecmark_tg_init+0x0/0xc returned 0 after 2 usecs
[   12.295843] calling  nflog_tg_init+0x0/0xc @ 1
[   12.302302] initcall nflog_tg_init+0x0/0xc returned 0 after 2 usecs
[   12.311113] calling  secmark_tg_init+0x0/0x11 @ 1
