c[?7l[2J[0mSeaBIOS (version 1.16.0-debian-1.16.0-4)
Booting from ROM...
early console in setup code
c[?7l[2J[    0.000000] Linux version 5.10.158+ (root@joelboxx.c.googlers.com) (gcc (Debian 12.2.0-3) 12.2.0, GNU ld (GNU Binutils for Debian) 2.39) #17 Tue Dec 13 02:49:14 UTC 2022
[    0.000000] Command line: selinux=0 initcall_debug debug console=ttyS0 rcutorture.n_barrier_cbs=4 rcutorture.stat_interval=15 rcutorture.shutdown_secs=1800 rcutorture.test_no_idle_hz=1 rcutorture.verbose=1
[    0.000000] x86/fpu: x87 FPU will use FXSAVE
[    0.000000] BIOS-provided physical RAM map:
[    0.000000] BIOS-e820: [mem 0x0000000000000000-0x000000000009fbff] usable
[    0.000000] BIOS-e820: [mem 0x000000000009fc00-0x000000000009ffff] reserved
[    0.000000] BIOS-e820: [mem 0x00000000000f0000-0x00000000000fffff] reserved
[    0.000000] BIOS-e820: [mem 0x0000000000100000-0x000000001ffdefff] usable
[    0.000000] BIOS-e820: [mem 0x000000001ffdf000-0x000000001fffffff] reserved
[    0.000000] BIOS-e820: [mem 0x00000000b0000000-0x00000000bfffffff] reserved
[    0.000000] BIOS-e820: [mem 0x00000000fed1c000-0x00000000fed1ffff] reserved
[    0.000000] BIOS-e820: [mem 0x00000000feffc000-0x00000000feffffff] reserved
[    0.000000] BIOS-e820: [mem 0x00000000fffc0000-0x00000000ffffffff] reserved
[    0.000000] NX (Execute Disable) protection: active
[    0.000000] SMBIOS 2.8 present.
[    0.000000] DMI: QEMU Standard PC (Q35 + ICH9, 2009), BIOS 1.16.0-debian-1.16.0-4 04/01/2014
[    0.000000] Hypervisor detected: KVM
[    0.000000] kvm-clock: Using msrs 4b564d01 and 4b564d00
[    0.000000] kvm-clock: cpu 0, msr 15a3c001, primary cpu clock
[    0.000001] kvm-clock: using sched offset of 797233500 cycles
[    0.000101] clocksource: kvm-clock: mask: 0xffffffffffffffff max_cycles: 0x1cd42e4dffb, max_idle_ns: 881590591483 ns
[    0.000122] tsc: Detected 1999.999 MHz processor
[    0.004470] e820: update [mem 0x00000000-0x00000fff] usable ==> reserved
[    0.004475] e820: remove [mem 0x000a0000-0x000fffff] usable
[    0.004484] last_pfn = 0x1ffdf max_arch_pfn = 0x400000000
[    0.005316] MTRR default type: write-back
[    0.005355] MTRR fixed ranges enabled:
[    0.005356]   00000-9FFFF write-back
[    0.005357]   A0000-BFFFF uncachable
[    0.005359]   C0000-FFFFF write-protect
[    0.005359] MTRR variable ranges enabled:
[    0.005361]   0 base 00C0000000 mask FFC0000000 uncachable
[    0.005362]   1 disabled
[    0.005362]   2 disabled
[    0.005363]   3 disabled
[    0.005364]   4 disabled
[    0.005364]   5 disabled
[    0.005365]   6 disabled
[    0.005365]   7 disabled
[    0.005645] x86/PAT: Configuration [0-7]: WB  WC  UC- UC  WB  WC  UC- UC  
[    0.014723] found SMP MP-table at [mem 0x000f5ba0-0x000f5baf]
[    0.017085] check: Scanning 1 areas for low memory corruption
[    0.026018] ACPI: Early table checksum verification disabled
[    0.027446] ACPI: RSDP 0x00000000000F59E0 000014 (v00 BOCHS )
[    0.027638] ACPI: RSDT 0x000000001FFE229A 000038 (v01 BOCHS  BXPC     00000001 BXPC 00000001)
[    0.027645] ACPI: FACP 0x000000001FFE2092 0000F4 (v03 BOCHS  BXPC     00000001 BXPC 00000001)
[    0.027750] ACPI: DSDT 0x000000001FFE0040 002052 (v01 BOCHS  BXPC     00000001 BXPC 00000001)
[    0.027754] ACPI: FACS 0x000000001FFE0000 000040
[    0.027758] ACPI: APIC 0x000000001FFE2186 000078 (v01 BOCHS  BXPC     00000001 BXPC 00000001)
[    0.027762] ACPI: HPET 0x000000001FFE21FE 000038 (v01 BOCHS  BXPC     00000001 BXPC 00000001)
[    0.027766] ACPI: MCFG 0x000000001FFE2236 00003C (v01 BOCHS  BXPC     00000001 BXPC 00000001)
[    0.027769] ACPI: WAET 0x000000001FFE2272 000028 (v01 BOCHS  BXPC     00000001 BXPC 00000001)
[    0.027773] ACPI: Reserving FACP table memory at [mem 0x1ffe2092-0x1ffe2185]
[    0.027775] ACPI: Reserving DSDT table memory at [mem 0x1ffe0040-0x1ffe2091]
[    0.027776] ACPI: Reserving FACS table memory at [mem 0x1ffe0000-0x1ffe003f]
[    0.027777] ACPI: Reserving APIC table memory at [mem 0x1ffe2186-0x1ffe21fd]
[    0.027778] ACPI: Reserving HPET table memory at [mem 0x1ffe21fe-0x1ffe2235]
[    0.027779] ACPI: Reserving MCFG table memory at [mem 0x1ffe2236-0x1ffe2271]
[    0.027780] ACPI: Reserving WAET table memory at [mem 0x1ffe2272-0x1ffe2299]
[    0.028482] ACPI: Local APIC address 0xfee00000
[    0.029874] Zone ranges:
[    0.029982]   DMA      [mem 0x0000000000001000-0x0000000000ffffff]
[    0.030091]   DMA32    [mem 0x0000000001000000-0x000000001ffdefff]
[    0.030160]   Normal   empty
[    0.030162] Movable zone start for each node
[    0.030163] Early memory node ranges
[    0.030164]   node   0: [mem 0x0000000000001000-0x000000000009efff]
[    0.030233]   node   0: [mem 0x0000000000100000-0x000000001ffdefff]
[    0.030272] Initmem setup node 0 [mem 0x0000000000001000-0x000000001ffdefff]
[    0.030274] On node 0 totalpages: 130941
[    0.030338]   DMA zone: 64 pages used for memmap
[    0.030339]   DMA zone: 21 pages reserved
[    0.030361]   DMA zone: 3998 pages, LIFO batch:0
[    0.030362]   DMA32 zone: 1984 pages used for memmap
[    0.030363]   DMA32 zone: 126943 pages, LIFO batch:31
[    0.031154] On node 0, zone DMA: 1 pages in unavailable ranges
[    0.033141] On node 0, zone DMA: 97 pages in unavailable ranges
[    0.139868] On node 0, zone DMA32: 33 pages in unavailable ranges
[    0.143896] ACPI: PM-Timer IO Port: 0x608
[    0.143902] ACPI: Local APIC address 0xfee00000
[    0.144373] ACPI: LAPIC_NMI (acpi_id[0xff] dfl dfl lint[0x1])
[    0.146467] IOAPIC[0]: apic_id 0, version 17, address 0xfec00000, GSI 0-23
[    0.146559] ACPI: INT_SRC_OVR (bus 0 bus_irq 0 global_irq 2 dfl dfl)
[    0.146718] ACPI: INT_SRC_OVR (bus 0 bus_irq 5 global_irq 5 high level)
[    0.146719] ACPI: INT_SRC_OVR (bus 0 bus_irq 9 global_irq 9 high level)
[    0.146857] ACPI: INT_SRC_OVR (bus 0 bus_irq 10 global_irq 10 high level)
[    0.146858] ACPI: INT_SRC_OVR (bus 0 bus_irq 11 global_irq 11 high level)
[    0.146860] ACPI: IRQ0 used by override.
[    0.146862] ACPI: IRQ5 used by override.
[    0.146862] ACPI: IRQ9 used by override.
[    0.146863] ACPI: IRQ10 used by override.
[    0.146864] ACPI: IRQ11 used by override.
[    0.146866] Using ACPI (MADT) for SMP configuration information
[    0.146868] ACPI: HPET id: 0x8086a201 base: 0xfed00000
[    0.148073] kvm-guest: stealtime: cpu 0, msr 1524d780
[    0.149754] PM: hibernation: Registered nosave memory: [mem 0x00000000-0x00000fff]
[    0.149757] PM: hibernation: Registered nosave memory: [mem 0x0009f000-0x0009ffff]
[    0.149758] PM: hibernation: Registered nosave memory: [mem 0x000a0000-0x000effff]
[    0.149759] PM: hibernation: Registered nosave memory: [mem 0x000f0000-0x000fffff]
[    0.149761] [mem 0x20000000-0xafffffff] available for PCI devices
[    0.149921] Booting paravirtualized kernel on KVM
[    0.150820] clocksource: refined-jiffies: mask: 0xffffffff max_cycles: 0xffffffff, max_idle_ns: 1910969940391419 ns
[    0.190458] pcpu-alloc: s0 r0 d32768 u32768 alloc=1*32768
[    0.190557] pcpu-alloc: [0] 0 
[    0.191008] Built 1 zonelists, mobility grouping on.  Total pages: 128872
[    0.191244] Kernel command line: selinux=0 initcall_debug debug console=ttyS0 rcutorture.n_barrier_cbs=4 rcutorture.stat_interval=15 rcutorture.shutdown_secs=1800 rcutorture.test_no_idle_hz=1 rcutorture.verbose=1
[    0.208211] Dentry cache hash table entries: 65536 (order: 7, 524288 bytes, linear)
[    0.213358] Inode-cache hash table entries: 32768 (order: 6, 262144 bytes, linear)
[    0.214589] mem auto-init: stack:all(zero), heap alloc:off, heap free:off
[    0.235954] Memory: 481560K/523764K available (14349K kernel code, 2612K rwdata, 4580K rodata, 1236K init, 1904K bss, 41944K reserved, 0K cma-reserved)
[    0.237411] SLUB: HWalign=64, Order=0-3, MinObjects=0, CPUs=1, Nodes=1
[    0.238299] Kernel/User page tables isolation: enabled
[    0.275562] NR_IRQS: 4352, nr_irqs: 256, preallocated irqs: 16
[    0.279093] calling  con_init+0x0/0x22a @ 0
[    0.466609] Console: colour VGA+ 80x25
[    0.466624] initcall con_init+0x0/0x22a returned 0 after 0 usecs
[    0.466627] calling  hvc_console_init+0x0/0x13 @ 0
[    0.466749] initcall hvc_console_init+0x0/0x13 returned 0 after 0 usecs
[    0.466751] calling  univ8250_console_init+0x0/0x26 @ 0
[    1.284660] printk: console [ttyS0] enabled
[    1.291143] initcall univ8250_console_init+0x0/0x26 returned 0 after 0 usecs
[    1.300805] ACPI: Core revision 20200925
[    1.312777] clocksource: hpet: mask: 0xffffffff max_cycles: 0xffffffff, max_idle_ns: 19112604467 ns
[    1.327711] APIC: Switch to symmetric I/O mode setup
[    1.361122] ..TIMER: vector=0x30 apic1=0 pin1=2 apic2=-1 pin2=-1
[    1.368005] clocksource: tsc-early: mask: 0xffffffffffffffff max_cycles: 0x39a85afc727, max_idle_ns: 881590685098 ns
[    1.379416] Calibrating delay loop (skipped) preset value.. 3999.99 BogoMIPS (lpj=1999999)
[    1.381191] pid_max: default: 32768 minimum: 301
[    1.382889] LSM: Security Framework initializing
[    1.385488] Mount-cache hash table entries: 1024 (order: 1, 8192 bytes, linear)
[    1.386396] Mountpoint-cache hash table entries: 1024 (order: 1, 8192 bytes, linear)
[    1.404878] Last level iTLB entries: 4KB 0, 2MB 0, 4MB 0
[    1.405136] Last level dTLB entries: 4KB 0, 2MB 0, 4MB 0, 1GB 0
[    1.406299] CPU: Intel Common KVM processor (family: 0xf, model: 0x6, stepping: 0x1)
[    1.407241] Spectre V1 : Mitigation: usercopy/swapgs barriers and __user pointer sanitization
[    1.408135] Spectre V2 : Mitigation: Retpolines
[    1.409138] Spectre V2 : Spectre v2 / SpectreRSB mitigation: Filling RSB on context switch
[    1.411134] Spectre V2 : Spectre v2 / SpectreRSB : Filling RSB on VMEXIT
[    1.412139] Speculative Store Bypass: Vulnerable
[    1.414451] MDS: Vulnerable: Clear CPU buffers attempted, no microcode
[    1.415133] MMIO Stale Data: Unknown: No mitigations
[    1.528788] calling  init_hw_perf_events+0x0/0x6ce @ 1
[    1.529135] Performance Events: unsupported Netburst CPU model 6 no PMU driver, software events only.
[    1.530165] initcall init_hw_perf_events+0x0/0x6ce returned 0 after 976 usecs
[    1.533138] calling  init_real_mode+0x0/0x1e9 @ 1
[    1.535300] initcall init_real_mode+0x0/0x1e9 returned 0 after 976 usecs
[    1.536141] calling  trace_init_perf_perm_irq_work_exit+0x0/0x12 @ 1
[    1.537138] initcall trace_init_perf_perm_irq_work_exit+0x0/0x12 returned 0 after 0 usecs
[    1.538162] calling  validate_x2apic+0x0/0x4a @ 1
[    1.540160] initcall validate_x2apic+0x0/0x4a returned 0 after 0 usecs
[    1.541149] calling  register_nmi_cpu_backtrace_handler+0x0/0x15 @ 1
[    1.542141] initcall register_nmi_cpu_backtrace_handler+0x0/0x15 returned 0 after 0 usecs
[    1.543139] calling  kvm_setup_vsyscall_timeinfo+0x0/0x34 @ 1
[    1.544137] initcall kvm_setup_vsyscall_timeinfo+0x0/0x34 returned 0 after 0 usecs
[    1.545142] calling  spawn_ksoftirqd+0x0/0x34 @ 1
[    1.547242] initcall spawn_ksoftirqd+0x0/0x34 returned 0 after 976 usecs
[    1.549211] calling  trace_init_flags_sys_enter+0x0/0xe @ 1
[    1.550138] initcall trace_init_flags_sys_enter+0x0/0xe returned 0 after 0 usecs
[    1.551138] calling  trace_init_flags_sys_exit+0x0/0xe @ 1
[    1.552138] initcall trace_init_flags_sys_exit+0x0/0xe returned 0 after 0 usecs
[    1.553199] calling  init_kprobes+0x0/0x14d @ 1
[    1.557648] initcall init_kprobes+0x0/0x14d returned 0 after 2929 usecs
[    1.558215] calling  init_events+0x0/0x3d @ 1
[    1.561638] initcall init_events+0x0/0x3d returned 0 after 1953 usecs
[    1.562141] calling  init_trace_printk+0x0/0xc @ 1
[    1.563138] initcall init_trace_printk+0x0/0xc returned 0 after 0 usecs
[    1.564139] calling  event_trace_enable_again+0x0/0x23 @ 1
[    1.565204] initcall event_trace_enable_again+0x0/0x23 returned 0 after 0 usecs
[    1.566136] calling  static_call_init+0x0/0x6d @ 1
[    1.567135] initcall static_call_init+0x0/0x6d returned 0 after 0 usecs
[    1.568135] calling  jump_label_init_module+0x0/0xc @ 1
[    1.569140] initcall jump_label_init_module+0x0/0xc returned 0 after 0 usecs
[    1.570140] calling  init_zero_pfn+0x0/0x37 @ 1
[    1.571137] initcall init_zero_pfn+0x0/0x37 returned 0 after 0 usecs
[    1.572140] calling  initialize_ptr_random+0x0/0x54 @ 1
[    1.573162] initcall initialize_ptr_random+0x0/0x54 returned 0 after 0 usecs
[    1.575229] calling  efi_memreserve_root_init+0x0/0x25 @ 1
[    1.576243] initcall efi_memreserve_root_init+0x0/0x25 returned 0 after 0 usecs
[    1.578138] calling  efi_earlycon_remap_fb+0x0/0x51 @ 1
[    1.579138] initcall efi_earlycon_remap_fb+0x0/0x51 returned 0 after 0 usecs
[    1.736137] devtmpfs: initialized
[    1.748305] calling  ipc_ns_init+0x0/0x3d @ 1
[    1.750143] initcall ipc_ns_init+0x0/0x3d returned 0 after 976 usecs
[    1.751140] calling  init_mmap_min_addr+0x0/0x21 @ 1
[    1.752136] initcall init_mmap_min_addr+0x0/0x21 returned 0 after 0 usecs
[    1.753137] calling  pci_realloc_setup_params+0x0/0x3f @ 1
[    1.754136] initcall pci_realloc_setup_params+0x0/0x3f returned 0 after 0 usecs
[    1.755139] calling  net_ns_init+0x0/0x11c @ 1
[    1.757412] initcall net_ns_init+0x0/0x11c returned 0 after 976 usecs
[    1.758156] calling  e820__register_nvs_regions+0x0/0x37 @ 1
[    1.759140] initcall e820__register_nvs_regions+0x0/0x37 returned 0 after 0 usecs
[    1.760139] calling  cpufreq_register_tsc_scaling+0x0/0x2e @ 1
[    1.761140] initcall cpufreq_register_tsc_scaling+0x0/0x2e returned 0 after 0 usecs
[    1.762136] calling  reboot_init+0x0/0x3c @ 1
[    1.764391] initcall reboot_init+0x0/0x3c returned 0 after 976 usecs
[    1.765138] calling  init_lapic_sysfs+0x0/0x20 @ 1
[    1.766175] initcall init_lapic_sysfs+0x0/0x20 returned 0 after 0 usecs
[    1.768138] calling  wq_sysfs_init+0x0/0x2a @ 1
[    1.770453] initcall wq_sysfs_init+0x0/0x2a returned 0 after 976 usecs
[    1.771137] calling  ksysfs_init+0x0/0x92 @ 1
[    1.772148] initcall ksysfs_init+0x0/0x92 returned 0 after 0 usecs
[    1.773138] calling  pm_init+0x0/0x76 @ 1
[    1.774344] initcall pm_init+0x0/0x76 returned 0 after 0 usecs
[    1.775239] calling  pm_disk_init+0x0/0x13 @ 1
[    1.776213] initcall pm_disk_init+0x0/0x13 returned 0 after 0 usecs
[    1.777136] calling  swsusp_header_init+0x0/0x2b @ 1
[    1.778139] initcall swsusp_header_init+0x0/0x2b returned 0 after 0 usecs
[    1.779136] calling  rcu_set_runtime_mode+0x0/0x11 @ 1
[    1.780136] initcall rcu_set_runtime_mode+0x0/0x11 returned 0 after 0 usecs
[    1.781137] calling  init_jiffies_clocksource+0x0/0x13 @ 1
[    1.782143] clocksource: jiffies: mask: 0xffffffff max_cycles: 0xffffffff, max_idle_ns: 1911260446275000 ns
[    1.786130] initcall init_jiffies_clocksource+0x0/0x13 returned 0 after 2929 usecs
[    1.787512] calling  futex_init+0x0/0xd5 @ 1
[    1.789477] futex hash table entries: 256 (order: 0, 6144 bytes, linear)
[    1.791963] initcall futex_init+0x0/0xd5 returned 0 after 2929 usecs
[    1.792138] calling  cgroup_wq_init+0x0/0x28 @ 1
[    1.796733] initcall cgroup_wq_init+0x0/0x28 returned 0 after 2929 usecs
[    1.797209] calling  cgroup1_wq_init+0x0/0x28 @ 1
[    1.798149] initcall cgroup1_wq_init+0x0/0x28 returned 0 after 0 usecs
[    1.799136] calling  init_kprobe_trace_early+0x0/0x2a @ 1
[    1.801505] initcall init_kprobe_trace_early+0x0/0x2a returned 0 after 976 usecs
[    1.802136] calling  fsnotify_init+0x0/0x48 @ 1
[    1.804970] initcall fsnotify_init+0x0/0x48 returned 0 after 976 usecs
[    1.805135] calling  filelock_init+0x0/0x60 @ 1
[    1.807134] initcall filelock_init+0x0/0x60 returned 0 after 976 usecs
[    1.808135] calling  init_misc_binfmt+0x0/0x2c @ 1
[    1.810569] initcall init_misc_binfmt+0x0/0x2c returned 0 after 976 usecs
[    1.811138] calling  init_script_binfmt+0x0/0x15 @ 1
[    1.812237] initcall init_script_binfmt+0x0/0x15 returned 0 after 0 usecs
[    1.813136] calling  init_elf_binfmt+0x0/0x15 @ 1
[    1.814136] initcall init_elf_binfmt+0x0/0x15 returned 0 after 0 usecs
[    1.815136] calling  init_compat_elf_binfmt+0x0/0x15 @ 1
[    1.816136] initcall init_compat_elf_binfmt+0x0/0x15 returned 0 after 0 usecs
[    1.817189] calling  debugfs_init+0x0/0x5c @ 1
[    1.820331] initcall debugfs_init+0x0/0x5c returned 0 after 1953 usecs
[    1.821135] calling  tracefs_init+0x0/0x3a @ 1
[    1.822198] initcall tracefs_init+0x0/0x3a returned 0 after 0 usecs
[    1.823194] calling  prandom_init_early+0x0/0x111 @ 1
[    1.824266] initcall prandom_init_early+0x0/0x111 returned 0 after 0 usecs
[    1.825763] calling  virtio_init+0x0/0x20 @ 1
[    1.828968] initcall virtio_init+0x0/0x20 returned 0 after 1953 usecs
[    1.829138] calling  iommu_init+0x0/0x2a @ 1
[    1.830297] initcall iommu_init+0x0/0x2a returned 0 after 0 usecs
[    1.831139] calling  component_debug_init+0x0/0x1c @ 1
[    1.836555] initcall component_debug_init+0x0/0x1c returned 0 after 3906 usecs
[    1.837206] calling  early_resume_init+0x0/0xb9 @ 1
[    1.839318] PM: RTC time: 02:52:18, date: 2022-12-13
[    1.840307] initcall early_resume_init+0x0/0xb9 returned 0 after 1953 usecs
[    1.841136] calling  cpufreq_core_init+0x0/0x62 @ 1
[    1.843563] initcall cpufreq_core_init+0x0/0x62 returned 0 after 976 usecs
[    1.844136] calling  cpufreq_gov_performance_init+0x0/0xc @ 1
[    1.845136] initcall cpufreq_gov_performance_init+0x0/0xc returned 0 after 0 usecs
[    1.846136] calling  cpufreq_gov_userspace_init+0x0/0xc @ 1
[    1.847135] initcall cpufreq_gov_userspace_init+0x0/0xc returned 0 after 0 usecs
[    1.848138] calling  CPU_FREQ_GOV_ONDEMAND_init+0x0/0xc @ 1
[    1.849138] initcall CPU_FREQ_GOV_ONDEMAND_init+0x0/0xc returned 0 after 0 usecs
[    1.850137] calling  cpuidle_init+0x0/0x1f @ 1
[    1.852193] initcall cpuidle_init+0x0/0x1f returned 0 after 976 usecs
[    1.853187] calling  capsule_reboot_register+0x0/0xc @ 1
[    1.854342] initcall capsule_reboot_register+0x0/0xc returned 0 after 0 usecs
[    1.855143] calling  sock_init+0x0/0x93 @ 1
[    1.861414] initcall sock_init+0x0/0x93 returned 0 after 4882 usecs
[    1.862138] calling  net_inuse_init+0x0/0x23 @ 1
[    1.863144] initcall net_inuse_init+0x0/0x23 returned 0 after 0 usecs
[    1.864139] calling  net_defaults_init+0x0/0x23 @ 1
[    1.865139] initcall net_defaults_init+0x0/0x23 returned 0 after 0 usecs
[    1.866137] calling  init_default_flow_dissectors+0x0/0x4f @ 1
[    1.867139] initcall init_default_flow_dissectors+0x0/0x4f returned 0 after 0 usecs
[    1.868137] calling  netpoll_init+0x0/0x25 @ 1
[    1.869240] initcall netpoll_init+0x0/0x25 returned 0 after 0 usecs
[    1.870137] calling  netlink_proto_init+0x0/0x14f @ 1
[    1.873798] NET: Registered protocol family 16
[    1.875379] initcall netlink_proto_init+0x0/0x14f returned 0 after 3906 usecs
[    1.876137] calling  genl_init+0x0/0x35 @ 1
[    1.877147] initcall genl_init+0x0/0x35 returned 0 after 0 usecs
[    1.878215] calling  bsp_pm_check_init+0x0/0x13 @ 1
[    1.880137] initcall bsp_pm_check_init+0x0/0x13 returned 0 after 976 usecs
[    1.890369] calling  irq_sysfs_init+0x0/0xb7 @ 1
[    1.893550] initcall irq_sysfs_init+0x0/0xb7 returned 0 after 1953 usecs
[    1.894139] calling  audit_init+0x0/0x15d @ 1
[    1.895421] audit: initializing netlink subsys (disabled)
[    1.900312] initcall audit_init+0x0/0x15d returned 0 after 4882 usecs
[    1.901139] calling  release_early_probes+0x0/0x32 @ 1
[    1.902139] initcall release_early_probes+0x0/0x32 returned 0 after 0 usecs
[    1.903139] calling  bdi_class_init+0x0/0x48 @ 1
[    1.904378] initcall bdi_class_init+0x0/0x48 returned 0 after 0 usecs
[    1.905139] calling  mm_sysfs_init+0x0/0x28 @ 1
[    1.907144] initcall mm_sysfs_init+0x0/0x28 returned 0 after 976 usecs
[    1.908138] calling  init_per_zone_wmark_min+0x0/0x5e @ 1
[    1.909278] initcall init_per_zone_wmark_min+0x0/0x5e returned 0 after 0 usecs
[    1.910138] calling  mpi_init+0x0/0x3e @ 1
[    1.911288] initcall mpi_init+0x0/0x3e returned 0 after 0 usecs
[    1.912137] calling  kobject_uevent_init+0x0/0xc @ 1
[    1.913593] initcall kobject_uevent_init+0x0/0xc returned 0 after 0 usecs
[    1.914139] calling  pcibus_class_init+0x0/0x13 @ 1
[    1.915679] initcall pcibus_class_init+0x0/0x13 returned 0 after 0 usecs
[    1.917223] calling  pci_driver_init+0x0/0x21 @ 1
[    1.919251] initcall pci_driver_init+0x0/0x21 returned 0 after 976 usecs
[    1.920137] calling  backlight_class_init+0x0/0xa8 @ 1
[    1.922143] initcall backlight_class_init+0x0/0xa8 returned 0 after 976 usecs
[    1.923137] calling  tty_class_init+0x0/0x33 @ 1
[    1.925142] initcall tty_class_init+0x0/0x33 returned 0 after 976 usecs
[    1.926140] calling  vtconsole_class_init+0x0/0xb5 @ 1
[    1.927446] initcall vtconsole_class_init+0x0/0xb5 returned 0 after 0 usecs
[    1.928139] calling  iommu_dev_init+0x0/0x13 @ 1
[    1.929283] initcall iommu_dev_init+0x0/0x13 returned 0 after 0 usecs
[    1.930136] calling  mipi_dsi_bus_init+0x0/0xc @ 1
[    1.932147] initcall mipi_dsi_bus_init+0x0/0xc returned 0 after 976 usecs
[    1.933137] calling  devlink_class_init+0x0/0x40 @ 1
[    1.934144] initcall devlink_class_init+0x0/0x40 returned 0 after 0 usecs
[    1.935136] calling  software_node_init+0x0/0x2a @ 1
[    1.936141] initcall software_node_init+0x0/0x2a returned 0 after 0 usecs
[    1.937136] calling  wakeup_sources_debugfs_init+0x0/0x23 @ 1
[    1.939140] initcall wakeup_sources_debugfs_init+0x0/0x23 returned 0 after 976 usecs
[    1.940136] calling  wakeup_sources_sysfs_init+0x0/0x2c @ 1
[    1.941146] initcall wakeup_sources_sysfs_init+0x0/0x2c returned 0 after 0 usecs
[    1.942136] calling  regmap_initcall+0x0/0xc @ 1
[    1.943413] initcall regmap_initcall+0x0/0xc returned 0 after 0 usecs
[    1.944137] calling  i2c_init+0x0/0xb3 @ 1
[    1.945651] initcall i2c_init+0x0/0xb3 returned 0 after 0 usecs
[    1.946138] calling  thermal_init+0x0/0xf2 @ 1
[    1.947498] thermal_sys: Registered thermal governor 'step_wise'
[    1.947499] thermal_sys: Registered thermal governor 'user_space'
[    1.949147] initcall thermal_init+0x0/0xf2 returned 0 after 1953 usecs
[    1.951137] calling  init_menu+0x0/0xc @ 1
[    1.952135] cpuidle: using governor menu
[    1.953136] initcall init_menu+0x0/0xc returned 0 after 976 usecs
[    1.954136] calling  pcc_init+0x0/0x4d @ 1
[    1.955552] initcall pcc_init+0x0/0x4d returned -19 after 0 usecs
[    1.956137] calling  amd_postcore_init+0x0/0x11e @ 1
[    1.957137] initcall amd_postcore_init+0x0/0x11e returned 0 after 0 usecs
[    1.959323] calling  bts_init+0x0/0xba @ 1
[    1.960202] initcall bts_init+0x0/0xba returned -19 after 0 usecs
[    1.961136] calling  pt_init+0x0/0x2ef @ 1
[    1.962195] initcall pt_init+0x0/0x2ef returned -19 after 0 usecs
[    1.963140] calling  boot_params_ksysfs_init+0x0/0x2ee @ 1
[    1.965259] initcall boot_params_ksysfs_init+0x0/0x2ee returned 0 after 976 usecs
[    1.966141] calling  sbf_init+0x0/0xb9 @ 1
[    1.967181] initcall sbf_init+0x0/0xb9 returned 0 after 0 usecs
[    1.968139] calling  arch_kdebugfs_init+0x0/0x219 @ 1
[    1.970241] initcall arch_kdebugfs_init+0x0/0x219 returned 0 after 976 usecs
[    1.971136] calling  intel_pconfig_init+0x0/0x85 @ 1
[    1.972240] initcall intel_pconfig_init+0x0/0x85 returned 0 after 0 usecs
[    1.973136] calling  mtrr_if_init+0x0/0x5d @ 1
[    1.974318] initcall mtrr_if_init+0x0/0x5d returned 0 after 0 usecs
[    1.975136] calling  activate_jump_labels+0x0/0x31 @ 1
[    1.976158] initcall activate_jump_labels+0x0/0x31 returned 0 after 0 usecs
[    1.977136] calling  ffh_cstate_init+0x0/0x29 @ 1
[    1.978190] initcall ffh_cstate_init+0x0/0x29 returned 0 after 0 usecs
[    1.979138] calling  activate_jump_labels+0x0/0x31 @ 1
[    1.982202] initcall activate_jump_labels+0x0/0x31 returned 0 after 1953 usecs
[    1.983138] calling  kvm_alloc_cpumask+0x0/0x2b @ 1
[    1.984210] initcall kvm_alloc_cpumask+0x0/0x2b returned 0 after 0 usecs
[    1.985137] calling  kcmp_cookies_init+0x0/0x37 @ 1
[    1.986142] initcall kcmp_cookies_init+0x0/0x37 returned 0 after 0 usecs
[    1.987137] calling  cryptomgr_init+0x0/0xc @ 1
[    1.988221] initcall cryptomgr_init+0x0/0xc returned 0 after 0 usecs
[    1.989138] calling  acpi_pci_init+0x0/0x57 @ 1
[    1.990181] ACPI: bus type PCI registered
[    1.991138] initcall acpi_pci_init+0x0/0x57 returned 0 after 976 usecs
[    1.992137] calling  dma_channel_table_init+0x0/0xce @ 1
[    1.993143] initcall dma_channel_table_init+0x0/0xce returned 0 after 0 usecs
[    1.994137] calling  dma_bus_init+0x0/0xdc @ 1
[    1.995420] initcall dma_bus_init+0x0/0xdc returned 0 after 0 usecs
[    1.996346] calling  iommu_dma_init+0x0/0x10 @ 1
[    1.997142] initcall iommu_dma_init+0x0/0x10 returned 0 after 0 usecs
[    1.998137] calling  dmi_id_init+0x0/0x37c @ 1
[    2.000206] initcall dmi_id_init+0x0/0x37c returned 0 after 976 usecs
[    2.001137] calling  pci_arch_init+0x0/0x71 @ 1
[    2.003408] PCI: MMCONFIG for domain 0000 [bus 00-ff] at [mem 0xb0000000-0xbfffffff] (base 0xb0000000)
[    2.004211] PCI: MMCONFIG at [mem 0xb0000000-0xbfffffff] reserved in E820
[    2.006408] PCI: Using configuration type 1 for base access
[    2.007232] initcall pci_arch_init+0x0/0x71 returned 0 after 4882 usecs
[    2.008186] calling  init_vdso+0x0/0x13 @ 1
[    2.010169] initcall init_vdso+0x0/0x13 returned 0 after 976 usecs
[    2.011137] calling  sysenter_setup+0x0/0x13 @ 1
[    2.012169] initcall sysenter_setup+0x0/0x13 returned 0 after 0 usecs
[    2.013138] calling  fixup_ht_bug+0x0/0x7f @ 1
[    2.014179] initcall fixup_ht_bug+0x0/0x7f returned 0 after 0 usecs
[    2.015138] calling  topology_init+0x0/0x15 @ 1
[    2.016280] initcall topology_init+0x0/0x15 returned 0 after 0 usecs
[    2.017137] calling  intel_epb_init+0x0/0x68 @ 1
[    2.018137] initcall intel_epb_init+0x0/0x68 returned -19 after 0 usecs
[    2.019157] calling  mtrr_init_finialize+0x0/0x3e @ 1
[    2.020167] initcall mtrr_init_finialize+0x0/0x3e returned 0 after 0 usecs
[    2.021137] calling  uid_cache_init+0x0/0x6f @ 1
[    2.022166] initcall uid_cache_init+0x0/0x6f returned 0 after 0 usecs
[    2.023137] calling  param_sysfs_init+0x0/0x1ba @ 1
[    2.027982] initcall param_sysfs_init+0x0/0x1ba returned 0 after 2929 usecs
[    2.028156] calling  user_namespace_sysctl_init+0x0/0x33 @ 1
[    2.030227] initcall user_namespace_sysctl_init+0x0/0x33 returned 0 after 976 usecs
[    2.031137] calling  proc_schedstat_init+0x0/0x24 @ 1
[    2.032141] initcall proc_schedstat_init+0x0/0x24 returned 0 after 0 usecs
[    2.033136] calling  pm_sysrq_init+0x0/0x18 @ 1
[    2.034148] initcall pm_sysrq_init+0x0/0x18 returned 0 after 0 usecs
[    2.035255] calling  create_proc_profile+0x0/0x50 @ 1
[    2.036137] initcall create_proc_profile+0x0/0x50 returned 0 after 0 usecs
[    2.037136] calling  time_ns_init+0x0/0x7 @ 1
[    2.038135] initcall time_ns_init+0x0/0x7 returned 0 after 0 usecs
[    2.039135] calling  crash_save_vmcoreinfo_init+0x0/0x756 @ 1
[    2.040301] initcall crash_save_vmcoreinfo_init+0x0/0x756 returned 0 after 0 usecs
[    2.041136] calling  crash_notes_memory_init+0x0/0x35 @ 1
[    2.042140] initcall crash_notes_memory_init+0x0/0x35 returned 0 after 0 usecs
[    2.043135] calling  cgroup_sysfs_init+0x0/0x13 @ 1
[    2.044170] initcall cgroup_sysfs_init+0x0/0x13 returned 0 after 0 usecs
[    2.045135] calling  cgroup_namespaces_init+0x0/0x7 @ 1
[    2.046135] initcall cgroup_namespaces_init+0x0/0x7 returned 0 after 0 usecs
[    2.047135] calling  init_optprobes+0x0/0x13 @ 1
[    2.048183] Kprobes globally optimized
[    2.049135] initcall init_optprobes+0x0/0x13 returned 0 after 976 usecs
[    2.050134] calling  oom_init+0x0/0x2f @ 1
[    2.052270] audit: type=2000 audit(1670899937.063:1): state=initialized audit_enabled=0 res=1
[    2.053153] initcall oom_init+0x0/0x2f returned 0 after 1953 usecs
[    2.054134] calling  default_bdi_init+0x0/0x35 @ 1
[    2.055314] initcall default_bdi_init+0x0/0x35 returned 0 after 0 usecs
[    2.056134] calling  percpu_enable_async+0x0/0xe @ 1
[    2.057134] initcall percpu_enable_async+0x0/0xe returned 0 after 0 usecs
[    2.058154] calling  kcompactd_init+0x0/0x46 @ 1
[    2.059369] initcall kcompactd_init+0x0/0x46 returned 0 after 0 usecs
[    2.060208] calling  init_user_reserve+0x0/0x30 @ 1
[    2.061160] initcall init_user_reserve+0x0/0x30 returned 0 after 0 usecs
[    2.062140] calling  init_admin_reserve+0x0/0x30 @ 1
[    2.063141] initcall init_admin_reserve+0x0/0x30 returned 0 after 0 usecs
[    2.064141] calling  init_reserve_notifier+0x0/0x7 @ 1
[    2.065141] initcall init_reserve_notifier+0x0/0x7 returned 0 after 0 usecs
[    2.066141] calling  swap_init_sysfs+0x0/0x62 @ 1
[    2.067163] initcall swap_init_sysfs+0x0/0x62 returned 0 after 0 usecs
[    2.068139] calling  swapfile_init+0x0/0x46 @ 1
[    2.069141] initcall swapfile_init+0x0/0x46 returned 0 after 0 usecs
[    2.070139] calling  hugetlb_init+0x0/0x411 @ 1
[    2.071193] HugeTLB registered 2.00 MiB page size, pre-allocated 0 pages
[    2.072185] initcall hugetlb_init+0x0/0x411 returned 0 after 976 usecs
[    2.073139] calling  io_wq_init+0x0/0x34 @ 1
[    2.074137] initcall io_wq_init+0x0/0x34 returned 0 after 0 usecs
[    2.075137] calling  seqiv_module_init+0x0/0xc @ 1
[    2.076137] initcall seqiv_module_init+0x0/0xc returned 0 after 0 usecs
[    2.077154] calling  echainiv_module_init+0x0/0xc @ 1
[    2.078136] initcall echainiv_module_init+0x0/0xc returned 0 after 0 usecs
[    2.079201] calling  rsa_init+0x0/0x50 @ 1
[    2.080520] cryptomgr_test (17) used greatest stack depth: 15544 bytes left
[    2.081167] initcall rsa_init+0x0/0x50 returned 0 after 976 usecs
[    2.082136] calling  crypto_cmac_module_init+0x0/0xc @ 1
[    2.083136] initcall crypto_cmac_module_init+0x0/0xc returned 0 after 0 usecs
[    2.084135] calling  hmac_module_init+0x0/0xc @ 1
[    2.085135] initcall hmac_module_init+0x0/0xc returned 0 after 0 usecs
[    2.086138] calling  crypto_null_mod_init+0x0/0x65 @ 1
[    2.088194] initcall crypto_null_mod_init+0x0/0x65 returned 0 after 976 usecs
[    2.089140] calling  md5_mod_init+0x0/0xc @ 1
[    2.090202] initcall md5_mod_init+0x0/0xc returned 0 after 0 usecs
[    2.091141] calling  sha256_generic_mod_init+0x0/0x11 @ 1
[    2.092214] initcall sha256_generic_mod_init+0x0/0x11 returned 0 after 0 usecs
[    2.093139] calling  crypto_cbc_module_init+0x0/0xc @ 1
[    2.094139] initcall crypto_cbc_module_init+0x0/0xc returned 0 after 0 usecs
[    2.095138] calling  crypto_ctr_module_init+0x0/0x11 @ 1
[    2.096141] initcall crypto_ctr_module_init+0x0/0x11 returned 0 after 0 usecs
[    2.097138] calling  crypto_gcm_module_init+0x0/0x64 @ 1
[    2.099139] initcall crypto_gcm_module_init+0x0/0x64 returned 0 after 976 usecs
[    2.100138] calling  crypto_ccm_module_init+0x0/0x11 @ 1
[    2.101138] initcall crypto_ccm_module_init+0x0/0x11 returned 0 after 0 usecs
[    2.102136] calling  aes_init+0x0/0xc @ 1
[    2.103191] initcall aes_init+0x0/0xc returned 0 after 0 usecs
[    2.104136] calling  crc32c_mod_init+0x0/0xc @ 1
[    2.106168] initcall crc32c_mod_init+0x0/0xc returned 0 after 0 usecs
[    2.107135] calling  crypto_authenc_module_init+0x0/0xc @ 1
[    2.108136] initcall crypto_authenc_module_init+0x0/0xc returned 0 after 0 usecs
[    2.109136] calling  crypto_authenc_esn_module_init+0x0/0xc @ 1
[    2.110138] initcall crypto_authenc_esn_module_init+0x0/0xc returned 0 after 0 usecs
[    2.111135] calling  drbg_init+0x0/0x7c @ 1
[    2.113250] initcall drbg_init+0x0/0x7c returned 0 after 976 usecs
[    2.114135] calling  ghash_mod_init+0x0/0xc @ 1
[    2.115167] initcall ghash_mod_init+0x0/0xc returned 0 after 0 usecs
[    2.116135] calling  init_bio+0x0/0x9a @ 1
[    2.118191] initcall init_bio+0x0/0x9a returned 0 after 976 usecs
[    2.119146] calling  blk_settings_init+0x0/0x29 @ 1
[    2.120137] initcall blk_settings_init+0x0/0x29 returned 0 after 0 usecs
[    2.121136] calling  blk_ioc_init+0x0/0x29 @ 1
[    2.122139] initcall blk_ioc_init+0x0/0x29 returned 0 after 0 usecs
[    2.123135] calling  blk_mq_init+0x0/0x96 @ 1
[    2.124177] initcall blk_mq_init+0x0/0x96 returned 0 after 0 usecs
[    2.125135] calling  genhd_device_init+0x0/0x75 @ 1
[    2.126295] initcall genhd_device_init+0x0/0x75 returned 0 after 0 usecs
[    2.127201] calling  pci_slot_init+0x0/0x40 @ 1
[    2.128177] initcall pci_slot_init+0x0/0x40 returned 0 after 0 usecs
[    2.129136] calling  fbmem_init+0x0/0xd8 @ 1
[    2.131154] initcall fbmem_init+0x0/0xd8 returned 0 after 976 usecs
[    2.132135] calling  acpi_init+0x0/0x316 @ 1
[    2.133226] ACPI: Added _OSI(Module Device)
[    2.134134] ACPI: Added _OSI(Processor Device)
[    2.135134] ACPI: Added _OSI(3.0 _SCP Extensions)
[    2.136134] ACPI: Added _OSI(Processor Aggregator Device)
[    2.137135] ACPI: Added _OSI(Linux-Dell-Video)
[    2.138137] ACPI: Added _OSI(Linux-Lenovo-NV-HDMI-Audio)
[    2.139144] ACPI: Added _OSI(Linux-HPI-Hybrid-Graphics)
[    2.143289] ACPI: 1 ACPI AML tables successfully acquired and loaded
[    2.147309] ACPI: Interpreter enabled
[    2.148185] ACPI: (supports S0 S3 S4 S5)
[    2.149134] ACPI: Using IOAPIC for interrupt routing
[    2.150188] PCI: Using host bridge windows from ACPI; if necessary, use "pci=nocrs" and report a bug
[    2.151415] ACPI: Enabled 2 GPEs in block 00 to 3F
[    2.157042] ACPI: PCI Root Bridge [PCI0] (domain 0000 [bus 00-ff])
[    2.157184] acpi PNP0A08:00: _OSC: OS supports [ExtendedConfig ASPM ClockPM Segments MSI HPX-Type3]
[    2.158222] acpi PNP0A08:00: _OSC: platform does not support [LTR]
[    2.159192] acpi PNP0A08:00: _OSC: OS now controls [PME PCIeCapability]
[    2.160226] PCI host bridge to bus 0000:00
[    2.161167] pci_bus 0000:00: root bus resource [io  0x0000-0x0cf7 window]
[    2.162137] pci_bus 0000:00: root bus resource [io  0x0d00-0xffff window]
[    2.163135] pci_bus 0000:00: root bus resource [mem 0x000a0000-0x000bffff window]
[    2.164137] pci_bus 0000:00: root bus resource [mem 0x20000000-0xafffffff window]
[    2.166136] pci_bus 0000:00: root bus resource [mem 0xc0000000-0xfebfffff window]
[    2.167137] pci_bus 0000:00: root bus resource [mem 0x100000000-0x8ffffffff window]
[    2.168139] pci_bus 0000:00: root bus resource [bus 00-ff]
[    2.170370] pci 0000:00:00.0: calling  quirk_mmio_always_on+0x0/0x10 @ 1
[    2.171139] pci 0000:00:00.0: quirk_mmio_always_on+0x0/0x10 took 0 usecs
[    2.172136] pci 0000:00:00.0: [8086:29c0] type 00 class 0x060000
[    2.176175] pci 0000:00:00.0: calling  quirk_igfx_skip_te_disable+0x0/0x80 @ 1
[    2.177137] pci 0000:00:00.0: quirk_igfx_skip_te_disable+0x0/0x80 took 0 usecs
[    2.180071] pci 0000:00:01.0: [1234:1111] type 00 class 0x030000
[    2.186011] pci 0000:00:01.0: reg 0x10: [mem 0xfd000000-0xfdffffff pref]
[    2.194679] pci 0000:00:01.0: reg 0x18: [mem 0xfebf0000-0xfebf0fff]
[    2.208597] pci 0000:00:01.0: reg 0x30: [mem 0xfebe0000-0xfebeffff pref]
[    2.211470] pci 0000:00:01.0: calling  efifb_fixup_resources+0x0/0xf0 @ 1
[    2.212165] pci 0000:00:01.0: efifb_fixup_resources+0x0/0xf0 took 0 usecs
[    2.219877] pci 0000:00:1f.0: [8086:2918] type 00 class 0x060100
[    2.225256] pci 0000:00:1f.0: calling  quirk_ich7_lpc+0x0/0x60 @ 1
[    2.226379] pci 0000:00:1f.0: quirk: [io  0x0600-0x067f] claimed by ICH6 ACPI/GPIO/TCO
[    2.227524] pci 0000:00:1f.0: quirk_ich7_lpc+0x0/0x60 took 976 usecs
[    2.228248] pci 0000:00:1f.0: calling  quirk_igfx_skip_te_disable+0x0/0x80 @ 1
[    2.229138] pci 0000:00:1f.0: quirk_igfx_skip_te_disable+0x0/0x80 took 0 usecs
[    2.232826] pci 0000:00:1f.2: [8086:2922] type 00 class 0x010601
[    2.242185] pci 0000:00:1f.2: reg 0x20: [io  0xc040-0xc05f]
[    2.244779] pci 0000:00:1f.2: reg 0x24: [mem 0xfebf1000-0xfebf1fff]
[    2.246966] pci 0000:00:1f.2: calling  quirk_igfx_skip_te_disable+0x0/0x80 @ 1
[    2.247146] pci 0000:00:1f.2: quirk_igfx_skip_te_disable+0x0/0x80 took 0 usecs
[    2.251742] pci 0000:00:1f.3: [8086:2930] type 00 class 0x0c0500
[    2.258136] pci 0000:00:1f.3: reg 0x20: [io  0x0700-0x073f]
[    2.261305] pci 0000:00:1f.3: calling  quirk_igfx_skip_te_disable+0x0/0x80 @ 1
[    2.262139] pci 0000:00:1f.3: quirk_igfx_skip_te_disable+0x0/0x80 took 0 usecs
[    2.264481] pci_bus 0000:00: on NUMA node 0
[    2.266687] ACPI: PCI Interrupt Link [LNKA] (IRQs 5 *10 11)
[    2.268240] ACPI: PCI Interrupt Link [LNKB] (IRQs 5 *10 11)
[    2.269534] ACPI: PCI Interrupt Link [LNKC] (IRQs 5 10 *11)
[    2.271318] ACPI: PCI Interrupt Link [LNKD] (IRQs 5 10 *11)
[    2.272542] ACPI: PCI Interrupt Link [LNKE] (IRQs 5 *10 11)
[    2.273516] ACPI: PCI Interrupt Link [LNKF] (IRQs 5 *10 11)
[    2.275426] ACPI: PCI Interrupt Link [LNKG] (IRQs 5 10 *11)
[    2.277148] ACPI: PCI Interrupt Link [LNKH] (IRQs 5 10 *11)
[    2.278312] ACPI: PCI Interrupt Link [GSIA] (IRQs *16)
[    2.279157] ACPI: PCI Interrupt Link [GSIB] (IRQs *17)
[    2.280144] ACPI: PCI Interrupt Link [GSIC] (IRQs *18)
[    2.281171] ACPI: PCI Interrupt Link [GSID] (IRQs *19)
[    2.282143] ACPI: PCI Interrupt Link [GSIE] (IRQs *20)
[    2.283161] ACPI: PCI Interrupt Link [GSIF] (IRQs *21)
[    2.284145] ACPI: PCI Interrupt Link [GSIG] (IRQs *22)
[    2.285145] ACPI: PCI Interrupt Link [GSIH] (IRQs *23)
[    2.288130] initcall acpi_init+0x0/0x316 returned 0 after 150390 usecs
[    2.289268] calling  pnp_init+0x0/0xc @ 1
[    2.290171] initcall pnp_init+0x0/0xc returned 0 after 0 usecs
[    2.291139] calling  misc_init+0x0/0xbf @ 1
[    2.292370] initcall misc_init+0x0/0xbf returned 0 after 0 usecs
[    2.293139] calling  iommu_subsys_init+0x0/0x4e @ 1
[    2.296256] iommu: Default domain type: Translated 
[    2.297139] initcall iommu_subsys_init+0x0/0x4e returned 0 after 2929 usecs
[    2.298140] calling  vga_arb_device_init+0x0/0x26c @ 1
[    2.301118] pci 0000:00:01.0: vgaarb: setting as boot VGA device
[    2.301130] pci 0000:00:01.0: vgaarb: VGA device added: decodes=io+mem,owns=io+mem,locks=none
[    2.301137] pci 0000:00:01.0: vgaarb: bridge control possible
[    2.302134] vgaarb: loaded
[    2.303138] initcall vga_arb_device_init+0x0/0x26c returned 0 after 3906 usecs
[    2.304189] calling  cn_init+0x0/0xf0 @ 1
[    2.305446] initcall cn_init+0x0/0xf0 returned 0 after 0 usecs
[    2.306151] calling  dma_buf_init+0x0/0xad @ 1
[    2.307571] initcall dma_buf_init+0x0/0xad returned 0 after 0 usecs
[    2.308137] calling  init_scsi+0x0/0x79 @ 1
[    2.310329] SCSI subsystem initialized
[    2.311147] initcall init_scsi+0x0/0x79 returned 0 after 1953 usecs
[    2.312147] calling  ata_init+0x0/0x332 @ 1
[    2.314660] libata version 3.00 loaded.
[    2.315136] initcall ata_init+0x0/0x332 returned 0 after 1953 usecs
[    2.316137] calling  phy_init+0x0/0x250 @ 1
[    2.317248] initcall phy_init+0x0/0x250 returned 0 after 0 usecs
[    2.318141] calling  init_pcmcia_cs+0x0/0x35 @ 1
[    2.319227] initcall init_pcmcia_cs+0x0/0x35 returned 0 after 0 usecs
[    2.320139] calling  usb_common_init+0x0/0x1c @ 1
[    2.321219] initcall usb_common_init+0x0/0x1c returned 0 after 0 usecs
[    2.322139] calling  usb_init+0x0/0x12e @ 1
[    2.324185] ACPI: bus type USB registered
[    2.325438] usbcore: registered new interface driver usbfs
[    2.326149] usbcore: registered new interface driver hub
[    2.327172] usbcore: registered new device driver usb
[    2.328139] initcall usb_init+0x0/0x12e returned 0 after 4882 usecs
[    2.329139] calling  serio_init+0x0/0x29 @ 1
[    2.330240] initcall serio_init+0x0/0x29 returned 0 after 0 usecs
[    2.331137] calling  input_init+0x0/0xf6 @ 1
[    2.332208] initcall input_init+0x0/0xf6 returned 0 after 0 usecs
[    2.333138] calling  rtc_init+0x0/0x4d @ 1
[    2.334168] initcall rtc_init+0x0/0x4d returned 0 after 0 usecs
[    2.335136] calling  pps_init+0x0/0xa9 @ 1
[    2.336166] pps_core: LinuxPPS API ver. 1 registered
[    2.337133] pps_core: Software ver. 5.3.6 - Copyright 2005-2007 Rodolfo Giometti <giometti@linux.it>
[    2.338139] initcall pps_init+0x0/0xa9 returned 0 after 1953 usecs
[    2.339137] calling  ptp_init+0x0/0x98 @ 1
[    2.340143] PTP clock support registered
[    2.341135] initcall ptp_init+0x0/0x98 returned 0 after 976 usecs
[    2.342134] calling  power_supply_class_init+0x0/0x3f @ 1
[    2.344160] initcall power_supply_class_init+0x0/0x3f returned 0 after 976 usecs
[    2.345135] calling  hwmon_init+0x0/0x104 @ 1
[    2.347204] initcall hwmon_init+0x0/0x104 returned 0 after 976 usecs
[    2.348135] calling  md_init+0x0/0x16b @ 1
[    2.350459] initcall md_init+0x0/0x16b returned 0 after 976 usecs
[    2.351135] calling  leds_init+0x0/0x3b @ 1
[    2.352158] initcall leds_init+0x0/0x3b returned 0 after 0 usecs
[    2.353134] calling  dmi_init+0x0/0x113 @ 1
[    2.354290] initcall dmi_init+0x0/0x113 returned 0 after 0 usecs
[    2.355135] calling  efisubsys_init+0x0/0x4e6 @ 1
[    2.356154] initcall efisubsys_init+0x0/0x4e6 returned 0 after 0 usecs
[    2.357136] calling  nvmem_init+0x0/0xc @ 1
[    2.358170] initcall nvmem_init+0x0/0xc returned 0 after 0 usecs
[    2.359135] calling  init_soundcore+0x0/0x33 @ 1
[    2.360141] initcall init_soundcore+0x0/0x33 returned 0 after 0 usecs
[    2.361135] calling  alsa_sound_init+0x0/0x8f @ 1
[    2.362197] Advanced Linux Sound Architecture Driver Initialized.
[    2.363136] initcall alsa_sound_init+0x0/0x8f returned 0 after 976 usecs
[    2.364150] calling  alsa_seq_device_init+0x0/0x71 @ 1
[    2.365219] initcall alsa_seq_device_init+0x0/0x71 returned 0 after 0 usecs
[    2.366139] calling  hda_bus_init+0x0/0xc @ 1
[    2.367197] initcall hda_bus_init+0x0/0xc returned 0 after 0 usecs
[    2.368138] calling  proto_init+0x0/0xc @ 1
[    2.370176] initcall proto_init+0x0/0xc returned 0 after 0 usecs
[    2.371140] calling  net_dev_init+0x0/0x1cc @ 1
[    2.373222] initcall net_dev_init+0x0/0x1cc returned 0 after 976 usecs
[    2.374143] calling  neigh_init+0x0/0x84 @ 1
[    2.376142] initcall neigh_init+0x0/0x84 returned 0 after 0 usecs
[    2.377138] calling  fib_notifier_init+0x0/0xc @ 1
[    2.378143] initcall fib_notifier_init+0x0/0xc returned 0 after 0 usecs
[    2.379137] calling  fib_rules_init+0x0/0xab @ 1
[    2.380247] initcall fib_rules_init+0x0/0xab returned 0 after 0 usecs
[    2.381142] calling  pktsched_init+0x0/0x10e @ 1
[    2.382171] initcall pktsched_init+0x0/0x10e returned 0 after 0 usecs
[    2.383136] calling  tc_filter_init+0x0/0xfa @ 1
[    2.384143] initcall tc_filter_init+0x0/0xfa returned 0 after 0 usecs
[    2.385136] calling  tc_action_init+0x0/0x54 @ 1
[    2.386136] initcall tc_action_init+0x0/0x54 returned 0 after 0 usecs
[    2.387137] calling  ethnl_init+0x0/0x52 @ 1
[    2.388188] initcall ethnl_init+0x0/0x52 returned 0 after 0 usecs
[    2.389139] calling  nexthop_init+0x0/0xd8 @ 1
[    2.391199] initcall nexthop_init+0x0/0xd8 returned 0 after 976 usecs
[    2.392138] calling  cipso_v4_init+0x0/0x5a @ 1
[    2.393188] initcall cipso_v4_init+0x0/0x5a returned 0 after 0 usecs
[    2.394158] calling  ieee80211_init+0x0/0x24 @ 1
[    2.395305] initcall ieee80211_init+0x0/0x24 returned 0 after 0 usecs
[    2.396138] calling  netlbl_init+0x0/0x78 @ 1
[    2.397174] NetLabel: Initializing
[    2.398133] NetLabel:  domain hash size = 128
[    2.399133] NetLabel:  protocols = UNLABELED CIPSOv4 CALIPSO
[    2.400381] NetLabel:  unlabeled traffic allowed by default
[    2.401137] initcall netlbl_init+0x0/0x78 returned 0 after 3906 usecs
[    2.402136] calling  rfkill_init+0x0/0x111 @ 1
[    2.404137] initcall rfkill_init+0x0/0x111 returned 0 after 976 usecs
[    2.405137] calling  pci_subsys_init+0x0/0x66 @ 1
[    2.406177] PCI: Using ACPI for IRQ routing
[    3.145635] PCI: pci_cache_line_size set to 64 bytes
[    3.147741] e820: reserve RAM buffer [mem 0x0009fc00-0x0009ffff]
[    3.148149] e820: reserve RAM buffer [mem 0x1ffdf000-0x1fffffff]
[    3.149192] initcall pci_subsys_init+0x0/0x66 returned 0 after 725585 usecs
[    3.151982] calling  nmi_warning_debugfs+0x0/0x26 @ 1
[    3.152219] initcall nmi_warning_debugfs+0x0/0x26 returned 0 after 0 usecs
[    3.153138] calling  save_microcode_in_initrd+0x0/0x51 @ 1
[    3.154230] initcall save_microcode_in_initrd+0x0/0x51 returned 0 after 0 usecs
[    3.155169] calling  hpet_late_init+0x0/0x1f6 @ 1
[    3.157218] hpet: 3 channels of 0 reserved for per-cpu timers
[    3.159167] hpet0: at MMIO 0xfed00000, IRQs 2, 8, 0
[    3.160134] hpet0: 3 comparators, 64-bit 100.000000 MHz counter
[    3.165144] initcall hpet_late_init+0x0/0x1f6 returned 0 after 8789 usecs
[    3.166137] calling  init_amd_nbs+0x0/0x11c @ 1
[    3.168140] initcall init_amd_nbs+0x0/0x11c returned 0 after 0 usecs
[    3.172078] calling  clocksource_done_booting+0x0/0x41 @ 1
[    3.174229] clocksource: Switched to clocksource kvm-clock
[    3.181466] initcall clocksource_done_booting+0x0/0x41 returned 0 after 8123 usecs
[    3.190264] calling  tracer_init_tracefs+0x0/0x1fb @ 1
[    3.390372] initcall tracer_init_tracefs+0x0/0x1fb returned 0 after 189438 usecs
[    3.399195] calling  init_trace_printk_function_export+0x0/0x2c @ 1
[    3.406837] initcall init_trace_printk_function_export+0x0/0x2c returned 0 after 8 usecs
[    3.416424] calling  init_kprobe_trace+0x0/0x1a9 @ 1
[    3.422429] initcall init_kprobe_trace+0x0/0x1a9 returned 0 after 22 usecs
[    3.430607] calling  init_dynamic_event+0x0/0x3d @ 1
[    3.436750] initcall init_dynamic_event+0x0/0x3d returned 0 after 64 usecs
[    3.445012] calling  init_uprobe_trace+0x0/0x5c @ 1
[    3.450943] initcall init_uprobe_trace+0x0/0x5c returned 0 after 63 usecs
[    3.459079] calling  init_pipe_fs+0x0/0x44 @ 1
[    3.465037] initcall init_pipe_fs+0x0/0x44 returned 0 after 497 usecs
[    3.472792] calling  inotify_user_setup+0x0/0x47 @ 1
[    3.479345] initcall inotify_user_setup+0x0/0x47 returned 0 after 56 usecs
[    3.488813] calling  eventpoll_init+0x0/0xcc @ 1
[    3.494565] initcall eventpoll_init+0x0/0xcc returned 0 after 101 usecs
[    3.502530] calling  anon_inode_init+0x0/0x58 @ 1
[    3.508391] initcall anon_inode_init+0x0/0x58 returned 0 after 110 usecs
[    3.516217] calling  proc_locks_init+0x0/0x27 @ 1
[    3.523449] initcall proc_locks_init+0x0/0x27 returned 0 after 73 usecs
[    3.531228] calling  iomap_init+0x0/0x1b @ 1
[    3.538465] initcall iomap_init+0x0/0x1b returned 0 after 864 usecs
[    3.547435] calling  dquot_init+0x0/0xd7 @ 1
[    3.552664] VFS: Disk quotas dquot_6.6.0
[    3.557587] VFS: Dquot-cache hash table entries: 512 (order 0, 4096 bytes)
[    3.565731] initcall dquot_init+0x0/0xd7 returned 0 after 12758 usecs
[    3.573314] calling  quota_init+0x0/0x23 @ 1
[    3.578743] initcall quota_init+0x0/0x23 returned 0 after 314 usecs
[    3.586256] calling  proc_cmdline_init+0x0/0x21 @ 1
[    3.592087] initcall proc_cmdline_init+0x0/0x21 returned 0 after 29 usecs
[    3.600208] calling  proc_consoles_init+0x0/0x24 @ 1
[    3.607964] initcall proc_consoles_init+0x0/0x24 returned 0 after 273 usecs
[    3.616231] calling  proc_cpuinfo_init+0x0/0x1e @ 1
[    3.622110] initcall proc_cpuinfo_init+0x0/0x1e returned 0 after 2 usecs
[    3.630107] calling  proc_devices_init+0x0/0x24 @ 1
[    3.637430] initcall proc_devices_init+0x0/0x24 returned 0 after 23 usecs
[    3.646921] calling  proc_interrupts_init+0x0/0x24 @ 1
[    3.654329] initcall proc_interrupts_init+0x0/0x24 returned 0 after 101 usecs
[    3.664287] calling  proc_loadavg_init+0x0/0x21 @ 1
[    3.671370] initcall proc_loadavg_init+0x0/0x21 returned 0 after 6 usecs
[    3.679555] calling  proc_meminfo_init+0x0/0x21 @ 1
[    3.685666] initcall proc_meminfo_init+0x0/0x21 returned 0 after 3 usecs
[    3.693790] calling  proc_stat_init+0x0/0x1e @ 1
[    3.699525] initcall proc_stat_init+0x0/0x1e returned 0 after 3 usecs
[    3.707398] calling  proc_uptime_init+0x0/0x21 @ 1
[    3.713267] initcall proc_uptime_init+0x0/0x21 returned 0 after 3 usecs
[    3.721262] calling  proc_version_init+0x0/0x21 @ 1
[    3.727266] initcall proc_version_init+0x0/0x21 returned 0 after 2 usecs
[    3.735351] calling  proc_softirqs_init+0x0/0x21 @ 1
[    3.741430] initcall proc_softirqs_init+0x0/0x21 returned 0 after 2 usecs
[    3.750009] calling  proc_kcore_init+0x0/0xea @ 1
[    3.755872] initcall proc_kcore_init+0x0/0xea returned 0 after 160 usecs
[    3.764599] calling  vmcore_init+0x0/0x578 @ 1
[    3.770137] initcall vmcore_init+0x0/0x578 returned 0 after 13 usecs
[    3.779451] calling  proc_kmsg_init+0x0/0x21 @ 1
[    3.786429] initcall proc_kmsg_init+0x0/0x21 returned 0 after 5 usecs
[    3.796000] calling  proc_page_init+0x0/0x3b @ 1
[    3.802919] initcall proc_page_init+0x0/0x3b returned 0 after 6 usecs
[    3.812420] calling  init_ramfs_fs+0x0/0xc @ 1
[    3.819207] initcall init_ramfs_fs+0x0/0xc returned 0 after 37 usecs
[    3.828882] calling  init_hugetlbfs_fs+0x0/0xf6 @ 1
[    3.836414] initcall init_hugetlbfs_fs+0x0/0xf6 returned 0 after 187 usecs
[    3.845381] calling  blk_scsi_ioctl_init+0x0/0x2a5 @ 1
[    3.851511] initcall blk_scsi_ioctl_init+0x0/0x2a5 returned 0 after 44 usecs
[    3.859889] calling  acpi_event_init+0x0/0x2c @ 1
[    3.865688] initcall acpi_event_init+0x0/0x2c returned 0 after 122 usecs
[    3.873527] calling  pnp_system_init+0x0/0xc @ 1
[    3.879600] initcall pnp_system_init+0x0/0xc returned 0 after 457 usecs
[    3.887977] calling  pnpacpi_init+0x0/0x69 @ 1
[    3.894278] pnp: PnP ACPI init
[    3.898768] pnp 00:00: Plug and Play ACPI device, IDs PNP0303 (active)
[    3.906629] pnp 00:01: Plug and Play ACPI device, IDs PNP0f13 (active)
[    3.914466] pnp 00:02: Plug and Play ACPI device, IDs PNP0400 (active)
[    3.922270] pnp 00:03: Plug and Play ACPI device, IDs PNP0501 (active)
[    3.930420] pnp 00:04: Plug and Play ACPI device, IDs PNP0b00 (active)
[    3.941502] system 00:05: [mem 0xb0000000-0xbfffffff window] has been reserved
[    3.950240] system 00:05: Plug and Play ACPI device, IDs PNP0c01 (active)
[    3.960031] pnp: PnP ACPI: found 6 devices
[    3.965162] initcall pnpacpi_init+0x0/0x69 returned 0 after 69243 usecs
[    3.974144] calling  chr_dev_init+0x0/0x14d @ 1
[    3.995626] initcall chr_dev_init+0x0/0x14d returned 0 after 14830 usecs
[    4.003754] calling  firmware_class_init+0x0/0xde @ 1
[    4.011918] initcall firmware_class_init+0x0/0xde returned 0 after 815 usecs
[    4.021206] calling  init_pcmcia_bus+0x0/0x5b @ 1
[    4.028171] initcall init_pcmcia_bus+0x0/0x5b returned 0 after 351 usecs
[    4.036916] calling  init_acpi_pm_clocksource+0x0/0xda @ 1
[    4.050529] clocksource: acpi_pm: mask: 0xffffff max_cycles: 0xffffff, max_idle_ns: 2085701024 ns
[    4.062333] initcall init_acpi_pm_clocksource+0x0/0xda returned 0 after 17813 usecs
[    4.072464] calling  sysctl_core_init+0x0/0x26 @ 1
[    4.078700] initcall sysctl_core_init+0x0/0x26 returned 0 after 111 usecs
[    4.088219] calling  eth_offload_init+0x0/0x13 @ 1
[    4.094903] initcall eth_offload_init+0x0/0x13 returned 0 after 180 usecs
[    4.104106] calling  ipv4_offload_init+0x0/0x73 @ 1
[    4.110988] initcall ipv4_offload_init+0x0/0x73 returned 0 after 242 usecs
[    4.120157] calling  inet_init+0x0/0x276 @ 1
[    4.126684] NET: Registered protocol family 2
[    4.135880] IP idents hash table entries: 8192 (order: 4, 65536 bytes, linear)
[    4.149150] tcp_listen_portaddr_hash hash table entries: 256 (order: 0, 4096 bytes, linear)
[    4.159874] TCP established hash table entries: 4096 (order: 3, 32768 bytes, linear)
[    4.204275] TCP bind hash table entries: 4096 (order: 3, 32768 bytes, linear)
[    4.219125] TCP: Hash tables configured (established 4096 bind 4096)
[    4.239371] UDP hash table entries: 256 (order: 1, 8192 bytes, linear)
[    4.249936] UDP-Lite hash table entries: 256 (order: 1, 8192 bytes, linear)
[    4.265259] initcall inet_init+0x0/0x276 returned 0 after 138730 usecs
[    4.281022] calling  af_unix_init+0x0/0x4d @ 1
[    4.287490] NET: Registered protocol family 1
[    4.295797] initcall af_unix_init+0x0/0x4d returned 0 after 7515 usecs
[    4.304540] calling  ipv6_offload_init+0x0/0x7e @ 1
[    4.310762] initcall ipv6_offload_init+0x0/0x7e returned 0 after 58 usecs
[    4.319733] calling  init_sunrpc+0x0/0x65 @ 1
[    4.350903] RPC: Registered named UNIX socket transport module.
[    4.358958] RPC: Registered udp transport module.
[    4.365270] RPC: Registered tcp transport module.
[    4.371913] RPC: Registered tcp NFSv4.1 backchannel transport module.
[    4.380954] initcall init_sunrpc+0x0/0x65 returned 0 after 54210 usecs
[    4.389395] calling  cfg80211_init+0x0/0xc5 @ 1
[    4.405611] initcall cfg80211_init+0x0/0xc5 returned 0 after 10035 usecs
[    4.416298] calling  pcibios_assign_resources+0x0/0xa8 @ 1
[    4.426151] pci_bus 0000:00: resource 4 [io  0x0000-0x0cf7 window]
[    4.435277] pci_bus 0000:00: resource 5 [io  0x0d00-0xffff window]
[    4.444688] pci_bus 0000:00: resource 6 [mem 0x000a0000-0x000bffff window]
[    4.455145] pci_bus 0000:00: resource 7 [mem 0x20000000-0xafffffff window]
[    4.465399] pci_bus 0000:00: resource 8 [mem 0xc0000000-0xfebfffff window]
[    4.475459] pci_bus 0000:00: resource 9 [mem 0x100000000-0x8ffffffff window]
[    4.487575] initcall pcibios_assign_resources+0x0/0xa8 returned 0 after 62257 usecs
[    4.500495] calling  pci_apply_final_quirks+0x0/0x124 @ 1
[    4.512324] pci 0000:00:01.0: calling  pci_fixup_video+0x0/0xe0 @ 1
[    4.522239] pci 0000:00:01.0: Video device with shadowed ROM at [mem 0x000c0000-0x000dffff]
[    4.533237] pci 0000:00:01.0: pci_fixup_video+0x0/0xe0 took 11196 usecs
[    4.542427] PCI: CLS 0 bytes, default 64
[    4.547918] initcall pci_apply_final_quirks+0x0/0x124 returned 0 after 38455 usecs
[    4.557238] calling  acpi_reserve_resources+0x0/0xea @ 1
[    4.563991] initcall acpi_reserve_resources+0x0/0xea returned 0 after 147 usecs
[    4.573633] calling  populate_rootfs+0x0/0x102 @ 1
[    4.602339] initcall populate_rootfs+0x0/0x102 returned 0 after 20780 usecs
[    4.611200] calling  pci_iommu_init+0x0/0x3e @ 1
[    4.619362] initcall pci_iommu_init+0x0/0x3e returned 0 after 2182 usecs
[    4.647961] calling  ia32_binfmt_init+0x0/0x13 @ 1
[    4.656098] initcall ia32_binfmt_init+0x0/0x13 returned 0 after 1133 usecs
[    4.664616] calling  rapl_pmu_init+0x0/0x25f @ 1
[    4.671220] initcall rapl_pmu_init+0x0/0x25f returned -19 after 536 usecs
[    4.680003] calling  amd_uncore_init+0x0/0x310 @ 1
[    4.686407] initcall amd_uncore_init+0x0/0x310 returned -19 after 0 usecs
[    4.696809] calling  amd_ibs_init+0x0/0x233 @ 1
[    4.703885] initcall amd_ibs_init+0x0/0x233 returned -19 after 1 usecs
[    4.714311] calling  amd_iommu_pc_init+0x0/0x20c @ 1
[    4.720978] initcall amd_iommu_pc_init+0x0/0x20c returned -19 after 1 usecs
[    4.730094] calling  msr_init+0x0/0x55 @ 1
[    4.735626] initcall msr_init+0x0/0x55 returned 0 after 148 usecs
[    4.743629] calling  intel_uncore_init+0x0/0x31e @ 1
[    4.751053] initcall intel_uncore_init+0x0/0x31e returned -19 after 35 usecs
[    4.760644] calling  cstate_pmu_init+0x0/0x181 @ 1
[    4.766869] initcall cstate_pmu_init+0x0/0x181 returned -19 after 1 usecs
[    4.775773] calling  register_kernel_offset_dumper+0x0/0x1a @ 1
[    4.783249] initcall register_kernel_offset_dumper+0x0/0x1a returned 0 after 31 usecs
[    4.793112] calling  i8259A_init_ops+0x0/0x20 @ 1
[    4.799228] initcall i8259A_init_ops+0x0/0x20 returned 0 after 16 usecs
[    4.807902] calling  init_tsc_clocksource+0x0/0xa4 @ 1
[    4.814387] clocksource: tsc: mask: 0xffffffffffffffff max_cycles: 0x39a85afc727, max_idle_ns: 881590685098 ns
[    4.827855] initcall init_tsc_clocksource+0x0/0xa4 returned 0 after 13229 usecs
[    4.836926] calling  add_rtc_cmos+0x0/0xb0 @ 1
[    4.842461] initcall add_rtc_cmos+0x0/0xb0 returned 0 after 98 usecs
[    4.850402] calling  i8237A_init_ops+0x0/0x3a @ 1
[    4.856504] initcall i8237A_init_ops+0x0/0x3a returned 0 after 189 usecs
[    4.864661] calling  umwait_init+0x0/0x94 @ 1
[    4.870442] initcall umwait_init+0x0/0x94 returned -19 after 384 usecs
[    4.878576] calling  thermal_throttle_init_device+0x0/0x3d @ 1
[    4.885978] initcall thermal_throttle_init_device+0x0/0x3d returned 0 after 55 usecs
[    4.895488] calling  msr_init+0x0/0xd7 @ 1
[    4.901443] initcall msr_init+0x0/0xd7 returned 0 after 648 usecs
[    4.909069] calling  cpuid_init+0x0/0xd7 @ 1
[    4.915413] initcall cpuid_init+0x0/0xd7 returned 0 after 967 usecs
[    4.923069] calling  ioapic_init_ops+0x0/0x13 @ 1
[    4.929159] initcall ioapic_init_ops+0x0/0x13 returned 0 after 38 usecs
[    4.941591] calling  add_pcspkr+0x0/0x6c @ 1
[    4.948145] initcall add_pcspkr+0x0/0x6c returned 0 after 275 usecs
[    4.956580] calling  start_periodic_check_for_corruption+0x0/0x30 @ 1
[    4.965443] check: Scanning for low memory corruption every 60 seconds
[    4.973347] initcall start_periodic_check_for_corruption+0x0/0x30 returned 0 after 7795 usecs
[    4.984287] calling  sysfb_init+0x0/0x9c @ 1
[    4.991121] initcall sysfb_init+0x0/0x9c returned 0 after 1311 usecs
[    4.998952] calling  audit_classes_init+0x0/0xae @ 1
[    5.005347] initcall audit_classes_init+0x0/0xae returned 0 after 290 usecs
[    5.014071] calling  iosf_mbi_init+0x0/0x24 @ 1
[    5.024575] initcall iosf_mbi_init+0x0/0x24 returned 0 after 4473 usecs
[    5.033271] calling  proc_execdomains_init+0x0/0x21 @ 1
[    5.040959] initcall proc_execdomains_init+0x0/0x21 returned 0 after 278 usecs
[    5.053670] calling  register_warn_debugfs+0x0/0x23 @ 1
[    5.061848] initcall register_warn_debugfs+0x0/0x23 returned 0 after 194 usecs
[    5.072805] calling  ioresources_init+0x0/0x49 @ 1
[    5.080612] initcall ioresources_init+0x0/0x49 returned 0 after 7 usecs
[    5.092883] calling  snapshot_device_init+0x0/0xc @ 1
[    5.113914] initcall snapshot_device_init+0x0/0xc returned 0 after 12602 usecs
[    5.126716] calling  irq_pm_init_ops+0x0/0x13 @ 1
[    5.134145] initcall irq_pm_init_ops+0x0/0x13 returned 0 after 356 usecs
[    5.144036] calling  rcu_torture_init+0x0/0x89f @ 1
[    5.152315] rcu-torture:--- Start of test: nreaders=1 nfakewriters=4 stat_interval=15 verbose=1 test_no_idle_hz=1 shuffle_interval=3 stutter=5 irqreader=1 fqs_duration=0 fqs_holdoff=0 fqs_stutter=3 test_boost=1/0 test_boost_interval=7 test_boost_duration=4 shutdown_secs=1800 stall_cpu=0 stall_cpu_holdoff=10 stall_cpu_irqsoff=0 stall_cpu_block=0 n_barrier_cbs=4 onoff_interval=0 onoff_holdoff=0 read_exit_delay=13 read_exit_burst=16
[    5.207441] rcu:  Start-test grace-period state: g0 f0x0
[    5.214063] rcu-torture: Creating rcu_torture_writer task
[    5.229474] rcu-torture: Creating rcu_torture_fakewriter task
[    5.238127] rcu-torture: rcu_torture_writer task started
[    5.245911] rcu-torture: GP expediting controlled from boot/sysfs for rcu.
[    5.254535] rcu_torture_writer: Testing conditional GPs.
[    5.260949] rcu_torture_writer: Testing expedited GPs.
[    5.267115] rcu_torture_writer: Testing asynchronous GPs.
[    5.273862] rcu_torture_writer: Testing normal GPs.
[    5.280877] rcu-torture: Creating rcu_torture_fakewriter task
[    5.287869] rcu-torture: rcu_torture_fakewriter task started
[    5.294768] rcu-torture: Creating rcu_torture_fakewriter task
[    5.301693] rcu-torture: rcu_torture_fakewriter task started
[    5.309079] rcu-torture: Creating rcu_torture_fakewriter task
[    5.316441] rcu-torture: rcu_torture_fakewriter task started
[    5.323749] rcu-torture: Creating rcu_torture_reader task
[    5.330481] rcu-torture: rcu_torture_fakewriter task started
[    5.339015] rcu-torture: Creating rcu_torture_stats task
[    5.345643] rcu-torture: rcu_torture_reader task started
[    5.358407] rcu-torture: Creating torture_shuffle task
[    5.365239] rcu-torture: rcu_torture_stats task started
[    5.375882] rcu-torture: Creating torture_stutter task
[    5.384103] rcu-torture: torture_shuffle task started
[    5.396428] rcu-torture: Creating torture_shutdown task
[    5.403788] rcu-torture: torture_stutter task started
[    5.414011] rcu-torture: Creating rcu_torture_fwd_prog task
[    5.422421] rcu-torture: torture_shutdown task started
[    5.429787] rcu-torture:torture_shutdown task: 1799966 ms remaining
[    5.439727] rcu-torture: Creating rcu_torture_barrier_cbs task
[    5.447608] rcu-torture: rcu_torture_fwd_progress task started
[    5.456188] rcu-torture: Creating rcu_torture_barrier_cbs task
[    5.464945] rcu-torture: rcu_torture_barrier_cbs task started
[    5.475152] rcu-torture: Creating rcu_torture_barrier_cbs task
[    5.482574] rcu-torture: rcu_torture_barrier_cbs task started
[    5.491384] rcu-torture: Creating rcu_torture_barrier_cbs task
[    5.500439] rcu-torture: rcu_torture_barrier_cbs task started
[    5.508789] rcu-torture: Creating rcu_torture_barrier task
[    5.515784] rcu-torture: rcu_torture_barrier_cbs task started
[    5.636674] rcu-torture: Creating rcu_torture_read_exit task
[    5.644887] rcu-torture: rcu_torture_barrier task starting
[    5.653094] initcall rcu_torture_init+0x0/0x89f returned 0 after 489270 usecs
[    5.663230] calling  timekeeping_init_ops+0x0/0x13 @ 1
[    5.670320] initcall timekeeping_init_ops+0x0/0x13 returned 0 after 163 usecs
[    5.679238] calling  init_clocksource_sysfs+0x0/0x23 @ 1
[    5.687946] initcall init_clocksource_sysfs+0x0/0x23 returned 0 after 1687 usecs
[    5.697536] calling  init_timer_list_procfs+0x0/0x31 @ 1
[    5.704679] initcall init_timer_list_procfs+0x0/0x31 returned 0 after 278 usecs
[    5.714614] calling  alarmtimer_init+0x0/0xb5 @ 1
[    5.721514] initcall alarmtimer_init+0x0/0xb5 returned 0 after 658 usecs
[    5.729924] calling  init_posix_timers+0x0/0x29 @ 1
[    5.736356] initcall init_posix_timers+0x0/0x29 returned 0 after 278 usecs
[    5.745583] calling  clockevents_init_sysfs+0x0/0x8b @ 1
[    5.755603] initcall clockevents_init_sysfs+0x0/0x8b returned 0 after 1452 usecs
[    5.765435] calling  proc_dma_init+0x0/0x21 @ 1
[    5.771752] initcall proc_dma_init+0x0/0x21 returned 0 after 192 usecs
[    5.780316] calling  proc_modules_init+0x0/0x1e @ 1
[    5.786551] initcall proc_modules_init+0x0/0x1e returned 0 after 25 usecs
[    5.795284] calling  kallsyms_init+0x0/0x21 @ 1
[    5.801345] initcall kallsyms_init+0x0/0x21 returned 0 after 4 usecs
[    5.809455] calling  pid_namespaces_init+0x0/0x2c @ 1
[    5.817515] initcall pid_namespaces_init+0x0/0x2c returned 0 after 405 usecs
[    5.827003] calling  audit_watch_init+0x0/0x37 @ 1
[    5.833433] initcall audit_watch_init+0x0/0x37 returned 0 after 109 usecs
[    5.841848] calling  audit_fsnotify_init+0x0/0x37 @ 1
[    5.848260] initcall audit_fsnotify_init+0x0/0x37 returned 0 after 1 usecs
[    5.857388] calling  audit_tree_init+0x0/0x6d @ 1
[    5.864897] initcall audit_tree_init+0x0/0x6d returned 0 after 1498 usecs
[    5.874190] calling  seccomp_sysctl_init+0x0/0x2b @ 1
[    5.882148] initcall seccomp_sysctl_init+0x0/0x2b returned 0 after 843 usecs
[    5.893060] calling  utsname_sysctl_init+0x0/0x13 @ 1
[    5.902470] initcall utsname_sysctl_init+0x0/0x13 returned 0 after 759 usecs
[    5.913386] calling  init_tracepoints+0x0/0x27 @ 1
[    5.921668] initcall init_tracepoints+0x0/0x27 returned 0 after 342 usecs
[    5.932343] calling  init_blk_tracer+0x0/0x50 @ 1
[    5.945631] initcall init_blk_tracer+0x0/0x50 returned 0 after 5469 usecs
[    5.955278] calling  perf_event_sysfs_init+0x0/0x81 @ 1
[    5.963735] initcall perf_event_sysfs_init+0x0/0x81 returned 0 after 1879 usecs
[    5.972715] calling  system_trusted_keyring_init+0x0/0x5f @ 1
[    5.979819] Initialise system trusted keyrings
[    5.985499] initcall system_trusted_keyring_init+0x0/0x5f returned 0 after 5546 usecs
[    5.994856] calling  kswapd_init+0x0/0x13 @ 1
[    6.000197] rcu-torture: rcu_torture_read_exit: Start of test
[    6.007508] initcall kswapd_init+0x0/0x13 returned 0 after 7157 usecs
[    6.015230] calling  extfrag_debug_init+0x0/0x54 @ 1
[    6.021876] initcall extfrag_debug_init+0x0/0x54 returned 0 after 606 usecs
[    6.030093] calling  slab_proc_init+0x0/0x21 @ 1
[    6.035879] initcall slab_proc_init+0x0/0x21 returned 0 after 107 usecs
[    6.043647] calling  workingset_init+0x0/0x8c @ 1
[    6.049809] workingset: timestamp_bits=62 max_order=17 bucket_order=0
[    6.059315] initcall workingset_init+0x0/0x8c returned 0 after 9311 usecs
[    6.069273] calling  proc_vmalloc_init+0x0/0x27 @ 1
[    6.076442] initcall proc_vmalloc_init+0x0/0x27 returned 0 after 21 usecs
[    6.084514] calling  procswaps_init+0x0/0x1e @ 1
[    6.090153] initcall procswaps_init+0x0/0x1e returned 0 after 103 usecs
[    6.097868] calling  slab_sysfs_init+0x0/0xea @ 1
[    6.112657] initcall slab_sysfs_init+0x0/0xea returned 0 after 8956 usecs
[    6.120822] calling  fcntl_init+0x0/0x29 @ 1
[    6.125901] initcall fcntl_init+0x0/0x29 returned 0 after 6 usecs
[    6.133059] calling  proc_filesystems_init+0x0/0x21 @ 1
[    6.139299] initcall proc_filesystems_init+0x0/0x21 returned 0 after 4 usecs
[    6.151342] calling  start_dirtytime_writeback+0x0/0x29 @ 1
[    6.158056] initcall start_dirtytime_writeback+0x0/0x29 returned 0 after 17 usecs
[    6.166939] calling  blkdev_init+0x0/0x1b @ 1
[    6.172396] initcall blkdev_init+0x0/0x1b returned 0 after 195 usecs
[    6.179972] calling  dio_init+0x0/0x2c @ 1
[    6.185051] initcall dio_init+0x0/0x2c returned 0 after 95 usecs
[    6.192432] calling  dnotify_init+0x0/0x78 @ 1
[    6.197835] initcall dnotify_init+0x0/0x78 returned 0 after 9 usecs
[    6.206921] calling  aio_setup+0x0/0x78 @ 1
[    6.212846] initcall aio_setup+0x0/0x78 returned 0 after 751 usecs
[    6.220322] calling  io_uring_init+0x0/0x2c @ 1
[    6.225852] initcall io_uring_init+0x0/0x2c returned 0 after 6 usecs
[    6.233458] calling  mbcache_init+0x0/0x30 @ 1
[    6.239068] initcall mbcache_init+0x0/0x30 returned 0 after 199 usecs
[    6.246740] calling  init_grace+0x0/0xc @ 1
[    6.251908] initcall init_grace+0x0/0xc returned 0 after 92 usecs
[    6.259286] calling  init_v2_quota_format+0x0/0x21 @ 1
[    6.265476] initcall init_v2_quota_format+0x0/0x21 returned 0 after 13 usecs
[    6.273828] calling  init_devpts_fs+0x0/0x27 @ 1
[    6.279579] initcall init_devpts_fs+0x0/0x27 returned 0 after 165 usecs
[    6.287494] calling  ext4_init_fs+0x0/0x1cb @ 1
[    6.296454] initcall ext4_init_fs+0x0/0x1cb returned 0 after 3448 usecs
[    6.304452] calling  journal_init+0x0/0x11c @ 1
[    6.310129] initcall journal_init+0x0/0x11c returned 0 after 190 usecs
[    6.317892] calling  init_fat_fs+0x0/0x49 @ 1
[    6.323344] initcall init_fat_fs+0x0/0x49 returned 0 after 133 usecs
[    6.331068] calling  init_vfat_fs+0x0/0xc @ 1
[    6.336455] initcall init_vfat_fs+0x0/0xc returned 0 after 3 usecs
[    6.344205] calling  init_msdos_fs+0x0/0xc @ 1
[    6.350931] initcall init_msdos_fs+0x0/0xc returned 0 after 2 usecs
[    6.358667] calling  init_iso9660_fs+0x0/0x6c @ 1
[    6.365110] rcu_torture_rea (62) used greatest stack depth: 15512 bytes left
[    6.373949] initcall init_iso9660_fs+0x0/0x6c returned 0 after 9142 usecs
[    6.382332] calling  init_nfs_fs+0x0/0x13a @ 1
[    6.389479] initcall init_nfs_fs+0x0/0x13a returned 0 after 1485 usecs
[    6.398790] calling  init_nfs_v2+0x0/0x13 @ 1
[    6.405747] initcall init_nfs_v2+0x0/0x13 returned 0 after 43 usecs
[    6.415413] calling  init_nfs_v3+0x0/0x13 @ 1
[    6.422251] initcall init_nfs_v3+0x0/0x13 returned 0 after 20 usecs
[    6.431742] calling  init_nfs_v4+0x0/0x32 @ 1
[    6.439350] NFS: Registering the id_resolver key type
[    6.446189] Key type id_resolver registered
[    6.451515] Key type id_legacy registered
[    6.457040] initcall init_nfs_v4+0x0/0x32 returned 0 after 17473 usecs
[    6.465256] calling  init_nlm+0x0/0x5b @ 1
[    6.470755] initcall init_nlm+0x0/0x5b returned 0 after 182 usecs
[    6.478803] calling  init_nls_cp437+0x0/0xe @ 1
[    6.484744] initcall init_nls_cp437+0x0/0xe returned 0 after 236 usecs
[    6.492988] calling  init_nls_ascii+0x0/0xe @ 1
[    6.498861] initcall init_nls_ascii+0x0/0xe returned 0 after 0 usecs
[    6.506989] calling  init_nls_iso8859_1+0x0/0xe @ 1
[    6.513311] initcall init_nls_iso8859_1+0x0/0xe returned 0 after 0 usecs
[    6.522511] calling  init_nls_utf8+0x0/0x21 @ 1
[    6.528495] initcall init_nls_utf8+0x0/0x21 returned 0 after 1 usecs
[    6.536509] calling  init_autofs_fs+0x0/0x25 @ 1
[    6.543478] initcall init_autofs_fs+0x0/0x25 returned 0 after 1110 usecs
[    6.553231] calling  ipc_init+0x0/0x24 @ 1
[    6.559369] initcall ipc_init+0x0/0x24 returned 0 after 52 usecs
[    6.568208] calling  ipc_sysctl_init+0x0/0x13 @ 1
[    6.575292] initcall ipc_sysctl_init+0x0/0x13 returned 0 after 159 usecs
[    6.583424] calling  init_mqueue_fs+0x0/0x92 @ 1
[    6.591150] initcall init_mqueue_fs+0x0/0x92 returned 0 after 858 usecs
[    6.601104] calling  key_proc_init+0x0/0x63 @ 1
[    6.607923] initcall key_proc_init+0x0/0x63 returned 0 after 22 usecs
[    6.617980] calling  selinux_nf_ip_init+0x0/0x2e @ 1
[    6.625270] initcall selinux_nf_ip_init+0x0/0x2e returned 0 after 77 usecs
[    6.635394] calling  init_sel_fs+0x0/0x116 @ 1
[    6.642154] initcall init_sel_fs+0x0/0x116 returned 0 after 1 usecs
[    6.651333] calling  selnl_init+0x0/0x7c @ 1
[    6.657895] initcall selnl_init+0x0/0x7c returned 0 after 200 usecs
[    6.666984] calling  sel_netif_init+0x0/0x36 @ 1
[    6.673990] initcall sel_netif_init+0x0/0x36 returned 0 after 1 usecs
[    6.682806] calling  sel_netnode_init+0x0/0x33 @ 1
[    6.688565] initcall sel_netnode_init+0x0/0x33 returned 0 after 0 usecs
[    6.696717] calling  sel_netport_init+0x0/0x33 @ 1
[    6.702404] initcall sel_netport_init+0x0/0x33 returned 0 after 0 usecs
[    6.710267] calling  aurule_init+0x0/0x2a @ 1
[    6.716259] initcall aurule_init+0x0/0x2a returned 0 after 2 usecs
[    6.724607] calling  crypto_algapi_init+0x0/0xc @ 1
[    6.732149] initcall crypto_algapi_init+0x0/0xc returned 0 after 5 usecs
[    6.741314] calling  jent_mod_init+0x0/0x2d @ 1
[    6.756675] initcall jent_mod_init+0x0/0x2d returned 0 after 9396 usecs
[    6.765083] calling  asymmetric_key_init+0x0/0xc @ 1
[    6.771373] Key type asymmetric registered
[    6.776545] initcall asymmetric_key_init+0x0/0xc returned 0 after 5048 usecs
[    6.785100] calling  x509_key_init+0x0/0xc @ 1
[    6.790539] Asymmetric key parser 'x509' registered
[    6.796557] initcall x509_key_init+0x0/0xc returned 0 after 5898 usecs
[    6.806287] calling  proc_genhd_init+0x0/0x41 @ 1
[    6.811781] initcall proc_genhd_init+0x0/0x41 returned 0 after 23 usecs
[    6.819328] calling  bsg_init+0x0/0x113 @ 1
[    6.824255] Block layer SCSI generic (bsg) driver version 0.4 loaded (major 251)
[    6.833045] initcall bsg_init+0x0/0x113 returned 0 after 8659 usecs
[    6.842055] calling  deadline_init+0x0/0xc @ 1
[    6.848519] io scheduler mq-deadline registered
[    6.855100] initcall deadline_init+0x0/0xc returned 0 after 6438 usecs
[    6.864437] calling  kyber_init+0x0/0xc @ 1
[    6.869376] io scheduler kyber registered
[    6.874139] initcall kyber_init+0x0/0xc returned 0 after 4663 usecs
[    6.881386] calling  mod_init+0x0/0x7 @ 1
[    6.886182] initcall mod_init+0x0/0x7 returned 0 after 0 usecs
[    6.893001] calling  sg_pool_init+0x0/0xb4 @ 1
[    6.898770] initcall sg_pool_init+0x0/0xb4 returned 0 after 369 usecs
[    6.906471] calling  pcie_portdrv_init+0x0/0x39 @ 1
[    6.914890] initcall pcie_portdrv_init+0x0/0x39 returned 0 after 922 usecs
[    6.924117] calling  pci_proc_init+0x0/0x68 @ 1
[    6.929715] initcall pci_proc_init+0x0/0x68 returned 0 after 25 usecs
[    6.937705] calling  pci_hotplug_init+0x0/0x7 @ 1
[    6.944416] initcall pci_hotplug_init+0x0/0x7 returned 0 after 0 usecs
[    6.953442] calling  efifb_driver_init+0x0/0xe @ 1
[    6.960616] initcall efifb_driver_init+0x0/0xe returned 0 after 44 usecs
[    6.968645] calling  ged_driver_init+0x0/0xe @ 1
[    6.975674] initcall ged_driver_init+0x0/0xe returned 0 after 293 usecs
[    6.983408] calling  acpi_ac_init+0x0/0x92 @ 1
[    6.989718] initcall acpi_ac_init+0x0/0x92 returned 0 after 652 usecs
[    6.997329] calling  acpi_button_driver_init+0x0/0x52 @ 1
[    7.005769] input: Power Button as /devices/LNXSYSTM:00/LNXPWRBN:00/input/input0
[    7.016542] ACPI: Power Button [PWRF]
[    7.021504] initcall acpi_button_driver_init+0x0/0x52 returned 0 after 15985 usecs
[    7.030576] calling  acpi_fan_driver_init+0x0/0xe @ 1
[    7.036750] initcall acpi_fan_driver_init+0x0/0xe returned 0 after 13 usecs
[    7.045231] calling  acpi_video_init+0x0/0xcb @ 1
[    7.051034] initcall acpi_video_init+0x0/0xcb returned 0 after 44 usecs
[    7.059420] calling  acpi_processor_driver_init+0x0/0xad @ 1
[    7.067330] initcall acpi_processor_driver_init+0x0/0xad returned 0 after 769 usecs
[    7.076941] calling  acpi_thermal_init+0x0/0x71 @ 1
[    7.083081] initcall acpi_thermal_init+0x0/0x71 returned 0 after 89 usecs
[    7.091475] calling  acpi_battery_init+0x0/0x32 @ 1
[    7.097960] initcall acpi_battery_init+0x0/0x32 returned 0 after 107 usecs
[    7.106686] calling  bgrt_init+0x0/0xb6 @ 1
[    7.112051] initcall bgrt_init+0x0/0xb6 returned -19 after 0 usecs
[    7.120421] calling  gpio_clk_driver_init+0x0/0xe @ 1
[    7.127252] initcall gpio_clk_driver_init+0x0/0xe returned 0 after 193 usecs
[    7.136515] calling  plt_clk_driver_init+0x0/0xe @ 1
[    7.144748] initcall plt_clk_driver_init+0x0/0xe returned 0 after 191 usecs
[    7.155323] calling  virtio_pci_driver_init+0x0/0x15 @ 1
[    7.163799] initcall virtio_pci_driver_init+0x0/0x15 returned 0 after 333 usecs
[    7.174759] calling  n_null_init+0x0/0x1e @ 1
[    7.181078] initcall n_null_init+0x0/0x1e returned 0 after 0 usecs
[    7.189312] calling  pty_init+0x0/0x1e8 @ 1
[    7.203055] initcall pty_init+0x0/0x1e8 returned 0 after 8602 usecs
[    7.218677] calling  sysrq_init+0x0/0x62 @ 1
[    7.225638] initcall sysrq_init+0x0/0x62 returned 0 after 1194 usecs
[    7.233499] calling  serial8250_init+0x0/0x17e @ 1
[    7.239635] Serial: 8250/16550 driver, 4 ports, IRQ sharing enabled
[    7.250857] 00:03: ttyS0 at I/O 0x3f8 (irq = 4, base_baud = 115200) is a 16550A
[    7.266551] initcall serial8250_init+0x0/0x17e returned 0 after 26452 usecs
[    7.275033] calling  serial_pci_driver_init+0x0/0x15 @ 1
[    7.281743] initcall serial_pci_driver_init+0x0/0x15 returned 0 after 209 usecs
[    7.290820] calling  exar_pci_driver_init+0x0/0x15 @ 1
[    7.297131] initcall exar_pci_driver_init+0x0/0x15 returned 0 after 81 usecs
[    7.306013] calling  lpss8250_pci_driver_init+0x0/0x15 @ 1
[    7.313555] initcall lpss8250_pci_driver_init+0x0/0x15 returned 0 after 70 usecs
[    7.325296] calling  mid8250_pci_driver_init+0x0/0x15 @ 1
[    7.331856] initcall mid8250_pci_driver_init+0x0/0x15 returned 0 after 20 usecs
[    7.340739] calling  virtio_console_init+0x0/0xff @ 1
[    7.348074] initcall virtio_console_init+0x0/0xff returned 0 after 1035 usecs
[    7.356798] calling  hpet_init+0x0/0x64 @ 1
[    7.366478] initcall hpet_init+0x0/0x64 returned 0 after 4410 usecs
[    7.375964] calling  nvram_module_init+0x0/0x83 @ 1
[    7.384003] Non-volatile memory driver v1.3
[    7.390455] initcall nvram_module_init+0x0/0x83 returned 0 after 6794 usecs
[    7.399961] calling  hwrng_modinit+0x0/0x8a @ 1
[    7.405562] initcall hwrng_modinit+0x0/0x8a returned 0 after 155 usecs
[    7.414516] calling  mod_init+0x0/0x48 @ 1
[    7.419408] initcall mod_init+0x0/0x48 returned -19 after 0 usecs
[    7.426725] calling  agp_init+0x0/0x23 @ 1
[    7.431820] Linux agpgart interface v0.103
[    7.436715] initcall agp_init+0x0/0x23 returned 0 after 4778 usecs
[    7.444954] calling  agp_amd64_mod_init+0x0/0x5 @ 1
[    7.451852] initcall agp_amd64_mod_init+0x0/0x5 returned -19 after 141 usecs
[    7.460331] calling  agp_intel_init+0x0/0x28 @ 1
[    7.466428] initcall agp_intel_init+0x0/0x28 returned 0 after 539 usecs
[    7.474518] calling  drm_kms_helper_init+0x0/0x7 @ 1
[    7.480576] initcall drm_kms_helper_init+0x0/0x7 returned 0 after 30 usecs
[    7.488738] calling  drm_core_init+0x0/0x9e @ 1
[    7.494907] initcall drm_core_init+0x0/0x9e returned 0 after 548 usecs
[    7.502491] calling  i915_init+0x0/0x6b @ 1
[    7.511473] initcall i915_init+0x0/0x6b returned 0 after 3925 usecs
[    7.518961] calling  cn_proc_init+0x0/0x35 @ 1
[    7.524865] initcall cn_proc_init+0x0/0x35 returned 0 after 52 usecs
[    7.533367] calling  topology_sysfs_init+0x0/0x27 @ 1
[    7.539342] initcall topology_sysfs_init+0x0/0x27 returned 0 after 255 usecs
[    7.547249] calling  cacheinfo_sysfs_init+0x0/0x27 @ 1
[    7.554800] initcall cacheinfo_sysfs_init+0x0/0x27 returned 0 after 1650 usecs
[    7.563462] calling  loop_init+0x0/0x168 @ 1
[    7.612390] loop: module loaded
[    7.616187] initcall loop_init+0x0/0x168 returned 0 after 46355 usecs
[    7.623787] calling  mac_hid_init+0x0/0x21 @ 1
[    7.629734] initcall mac_hid_init+0x0/0x21 returned 0 after 87 usecs
[    7.637509] calling  spi_transport_init+0x0/0x74 @ 1
[    7.645410] initcall spi_transport_init+0x0/0x74 returned 0 after 361 usecs
[    7.655741] calling  init_sd+0x0/0x18c @ 1
[    7.662554] initcall init_sd+0x0/0x18c returned 0 after 929 usecs
[    7.670819] calling  init_sr+0x0/0x43 @ 1
[    7.675998] initcall init_sr+0x0/0x43 returned 0 after 35 usecs
[    7.684273] calling  init_sg+0x0/0x1c0 @ 1
[    7.689377] initcall init_sg+0x0/0x1c0 returned 0 after 276 usecs
[    7.696465] calling  ahci_pci_driver_init+0x0/0x15 @ 1
[    7.702854] ahci 0000:00:1f.2: version 3.0
[    7.710580] PCI Interrupt Link [GSIA] enabled at IRQ 16
[    7.726536] ahci 0000:00:1f.2: AHCI 0001.0000 32 slots 6 ports 1.5 Gbps 0x3f impl SATA mode
[    7.736768] ahci 0000:00:1f.2: flags: 64bit ncq only 
[    7.759580] scsi host0: ahci
[    7.767894] scsi host1: ahci
[    7.775130] scsi host2: ahci
[    7.784353] scsi host3: ahci
[    7.788986] scsi host4: ahci
[    7.793099] scsi host5: ahci
[    7.800335] ata1: SATA max UDMA/133 abar m4096@0xfebf1000 port 0xfebf1100 irq 24
[    7.809108] ata2: SATA max UDMA/133 abar m4096@0xfebf1000 port 0xfebf1180 irq 24
[    7.818142] ata3: SATA max UDMA/133 abar m4096@0xfebf1000 port 0xfebf1200 irq 24
[    7.827743] ata4: SATA max UDMA/133 abar m4096@0xfebf1000 port 0xfebf1280 irq 24
[    7.838371] ata5: SATA max UDMA/133 abar m4096@0xfebf1000 port 0xfebf1300 irq 24
[    7.848987] ata6: SATA max UDMA/133 abar m4096@0xfebf1000 port 0xfebf1380 irq 24
[    7.859035] initcall ahci_pci_driver_init+0x0/0x15 returned 0 after 152763 usecs
[    7.867598] calling  piix_init+0x0/0x26 @ 1
[    7.872615] initcall piix_init+0x0/0x26 returned 0 after 89 usecs
[    7.879600] calling  amd_pci_driver_init+0x0/0x15 @ 1
[    7.885239] initcall amd_pci_driver_init+0x0/0x15 returned 0 after 22 usecs
[    7.893252] calling  oldpiix_pci_driver_init+0x0/0x15 @ 1
[    7.899564] initcall oldpiix_pci_driver_init+0x0/0x15 returned 0 after 48 usecs
[    7.907913] calling  sch_pci_driver_init+0x0/0x15 @ 1
[    7.913824] initcall sch_pci_driver_init+0x0/0x15 returned 0 after 47 usecs
[    7.921760] calling  net_olddevs_init+0x0/0x55 @ 1
[    7.927455] initcall net_olddevs_init+0x0/0x55 returned 0 after 91 usecs
[    7.935048] calling  blackhole_netdev_init+0x0/0x78 @ 1
[    7.941774] initcall blackhole_netdev_init+0x0/0x78 returned 0 after 385 usecs
[    7.952154] calling  phy_module_init+0x0/0x13 @ 1
[    7.958960] initcall phy_module_init+0x0/0x13 returned 0 after 114 usecs
[    7.968443] calling  tg3_driver_init+0x0/0x15 @ 1
[    7.975311] initcall tg3_driver_init+0x0/0x15 returned 0 after 173 usecs
[    7.983596] calling  e100_init_module+0x0/0x4c @ 1
[    7.989017] e100: Intel(R) PRO/100 Network Driver
[    7.994394] e100: Copyright(c) 1999-2006 Intel Corporation
[    8.000602] initcall e100_init_module+0x0/0x4c returned 0 after 11325 usecs
[    8.008417] calling  e1000_init_module+0x0/0x72 @ 1
[    8.013945] e1000: Intel(R) PRO/1000 Network Driver
[    8.019410] e1000: Copyright (c) 1999-2006 Intel Corporation.
[    8.025871] initcall e1000_init_module+0x0/0x72 returned 0 after 11642 usecs
[    8.033769] calling  e1000_init_module+0x0/0x2d @ 1
[    8.039252] e1000e: Intel(R) PRO/1000 Network Driver
[    8.045028] e1000e: Copyright(c) 1999 - 2015 Intel Corporation.
[    8.051859] initcall e1000_init_module+0x0/0x2d returned 0 after 12326 usecs
[    8.059707] calling  sky2_init_module+0x0/0x21 @ 1
[    8.065127] sky2: driver version 1.30
[    8.069318] initcall sky2_init_module+0x0/0x21 returned 0 after 4090 usecs
[    8.076913] calling  forcedeth_pci_driver_init+0x0/0x15 @ 1
[    8.083299] initcall forcedeth_pci_driver_init+0x0/0x15 returned 0 after 35 usecs
[    8.091633] calling  rtl8139_init_module+0x0/0x15 @ 1
[    8.097357] initcall rtl8139_init_module+0x0/0x15 returned 0 after 43 usecs
[    8.105443] calling  rtl8169_pci_driver_init+0x0/0x15 @ 1
[    8.111751] initcall rtl8169_pci_driver_init+0x0/0x15 returned 0 after 47 usecs
[    8.121334] calling  cdrom_init+0x0/0xc @ 1
[    8.126151] initcall cdrom_init+0x0/0xc returned 0 after 41 usecs
[    8.133073] calling  nonstatic_sysfs_init+0x0/0xc @ 1
[    8.138950] initcall nonstatic_sysfs_init+0x0/0xc returned 0 after 38 usecs
[    8.148182] calling  yenta_cardbus_driver_init+0x0/0x15 @ 1
[    8.154622] initcall yenta_cardbus_driver_init+0x0/0x15 returned 0 after 77 usecs
[    8.162981] calling  mon_init+0x0/0x123 @ 1
[    8.171766] initcall mon_init+0x0/0x123 returned 0 after 3825 usecs
[    8.178807] calling  ehci_hcd_init+0x0/0x55 @ 1
[    8.184047] ehci_hcd: USB 2.0 'Enhanced' Host Controller (EHCI) Driver
[    8.191564] initcall ehci_hcd_init+0x0/0x55 returned 0 after 7362 usecs
[    8.199084] calling  ehci_pci_init+0x0/0x64 @ 1
[    8.204383] ehci-pci: EHCI PCI platform driver
[    8.209521] initcall ehci_pci_init+0x0/0x64 returned 0 after 5015 usecs
[    8.217048] calling  ohci_hcd_mod_init+0x0/0x4d @ 1
[    8.222644] ohci_hcd: USB 1.1 'Open' Host Controller (OHCI) Driver
[    8.229668] initcall ohci_hcd_mod_init+0x0/0x4d returned 0 after 6839 usecs
[    8.237549] calling  ohci_pci_init+0x0/0x64 @ 1
[    8.242755] ohci-pci: OHCI PCI platform driver
[    8.247883] initcall ohci_pci_init+0x0/0x64 returned 0 after 5005 usecs
[    8.255355] calling  uhci_hcd_init+0x0/0xa6 @ 1
[    8.260553] uhci_hcd: USB Universal Host Controller Interface driver
[    8.267983] initcall uhci_hcd_init+0x0/0xa6 returned 0 after 7266 usecs
[    8.275650] calling  xhci_hcd_init+0x0/0x1e @ 1
[    8.281530] initcall xhci_hcd_init+0x0/0x1e returned 0 after 23 usecs
[    8.288981] calling  xhci_pci_init+0x0/0x49 @ 1
[    8.294392] initcall xhci_pci_init+0x0/0x49 returned 0 after 51 usecs
[    8.303827] calling  usblp_driver_init+0x0/0x15 @ 1
[    8.311062] usbcore: registered new interface driver usblp
[    8.319214] initcall usblp_driver_init+0x0/0x15 returned 0 after 8028 usecs
[    8.328639] calling  usb_storage_driver_init+0x0/0x2a @ 1
[    8.335120] usbcore: registered new interface driver usb-storage
[    8.342364] initcall usb_storage_driver_init+0x0/0x2a returned 0 after 7089 usecs
[    8.351270] calling  i8042_init+0x0/0x4c2 @ 1
[    8.356694] i8042: PNP: PS/2 Controller [PNP0303:KBD,PNP0f13:MOU] at 0x60,0x64 irq 1,12
[    8.373598] serio: i8042 KBD port at 0x60,0x64 irq 1
[    8.379643] serio: i8042 AUX port at 0x60,0x64 irq 12
[    8.385676] initcall i8042_init+0x0/0x4c2 returned 0 after 28401 usecs
[    8.393377] calling  serport_init+0x0/0x2c @ 1
[    8.398790] initcall serport_init+0x0/0x2c returned 0 after 0 usecs
[    8.406336] calling  input_leds_init+0x0/0xc @ 1
[    8.412015] initcall input_leds_init+0x0/0xc returned 0 after 16 usecs
[    8.420080] calling  evdev_init+0x0/0xc @ 1
[    8.427737] initcall evdev_init+0x0/0xc returned 0 after 1241 usecs
[    8.437095] calling  atkbd_init+0x0/0x21 @ 1
[    8.443742] initcall atkbd_init+0x0/0x21 returned 0 after 67 usecs
[    8.453826] calling  psmouse_init+0x0/0x7f @ 1
[    8.461108] initcall psmouse_init+0x0/0x7f returned 0 after 226 usecs
[    8.469026] calling  cmos_init+0x0/0x73 @ 1
[    8.474636] rtc_cmos 00:04: RTC can wake from S4
[    8.486460] input: AT Translated Set 2 keyboard as /devices/platform/i8042/serio0/input/input1
[    8.514570] rtc_cmos 00:04: registered as rtc0
[    8.522195] rtc_cmos 00:04: alarms up to one day, y3k, 242 bytes nvram, hpet irqs
[    8.531050] initcall cmos_init+0x0/0x73 returned 0 after 55587 usecs
[    8.538641] calling  smbalert_driver_init+0x0/0xe @ 1
[    8.544805] initcall smbalert_driver_init+0x0/0xe returned 0 after 42 usecs
[    8.553103] calling  i2c_i801_init+0x0/0xc5 @ 1
[    8.560121] i801_smbus 0000:00:1f.3: SMBus using PCI interrupt
[    8.567314] i2c i2c-0: 1/1 memory slots populated (from DMI)
[    8.574141] i2c i2c-0: Memory type 0x07 not supported yet, not instantiating SPD
[    8.582905] initcall i2c_i801_init+0x0/0xc5 returned 0 after 23802 usecs
[    8.590749] calling  ptp_kvm_init+0x0/0xf0 @ 1
[    8.597810] ata4: SATA link down (SStatus 0 SControl 300)
[    8.605655] ata3: SATA link up 1.5 Gbps (SStatus 113 SControl 300)
[    8.613668] ata3.00: ATAPI: QEMU DVD-ROM, 2.5+, max UDMA/100
[    8.620382] ata3.00: applying bridge limits
[    8.626338] ata3.00: configured for UDMA/100
[    8.633700] ata2: SATA link down (SStatus 0 SControl 300)
[    8.642405] ata1: SATA link down (SStatus 0 SControl 300)
[    8.651348] scsi 2:0:0:0: CD-ROM            QEMU     QEMU DVD-ROM     2.5+ PQ: 0 ANSI: 5
[    8.666567] initcall ptp_kvm_init+0x0/0xf0 returned 0 after 68648 usecs
[    8.676428] calling  dm_init+0x0/0x3c @ 1
[    8.686504] sr 2:0:0:0: [sr0] scsi3-mmc drive: 4x/4x cd/rw xa/form2 tray
[    8.695074] cdrom: Uniform CD-ROM driver Revision: 3.20
[    8.702015] device-mapper: ioctl: 4.43.0-ioctl (2020-10-01) initialised: dm-devel@redhat.com
[    8.712191] initcall dm_init+0x0/0x3c returned 0 after 29076 usecs
[    8.719724] calling  dm_mirror_init+0x0/0x29 @ 1
[    8.725386] initcall dm_mirror_init+0x0/0x29 returned 0 after 16 usecs
[    8.733237] calling  dm_dirty_log_init+0x0/0x4f @ 1
[    8.739055] initcall dm_dirty_log_init+0x0/0x4f returned 0 after 13 usecs
[    8.747249] calling  dm_zero_init+0x0/0x29 @ 1
[    8.752628] initcall dm_zero_init+0x0/0x29 returned 0 after 1 usecs
[    8.760026] calling  intel_pstate_init+0x0/0x4a2 @ 1
[    8.766122] intel_pstate: CPU model not supported
[    8.772005] initcall intel_pstate_init+0x0/0x4a2 returned -19 after 5727 usecs
[    8.780682] calling  haltpoll_init+0x0/0xc0 @ 1
[    8.786576] initcall haltpoll_init+0x0/0xc0 returned -19 after 75 usecs
[    8.795575] calling  efivars_sysfs_init+0x0/0x30 @ 1
[    8.801667] initcall efivars_sysfs_init+0x0/0x30 returned 0 after 1 usecs
[    8.809723] calling  esrt_sysfs_init+0x0/0x2a2 @ 1
[    8.815516] initcall esrt_sysfs_init+0x0/0x2a2 returned -38 after 41 usecs
[    8.823680] calling  hid_init+0x0/0x5c @ 1
[    8.828735] hid: raw HID events driver (C) Jiri Kosina
[    8.834976] initcall hid_init+0x0/0x5c returned 0 after 6180 usecs
[    8.842460] calling  hid_generic_init+0x0/0x15 @ 1
[    8.848392] initcall hid_generic_init+0x0/0x15 returned 0 after 44 usecs
[    8.856265] calling  a4_driver_init+0x0/0x15 @ 1
[    8.861672] initcall a4_driver_init+0x0/0x15 returned 0 after 15 usecs
[    8.869458] calling  apple_driver_init+0x0/0x15 @ 1
[    8.876084] initcall apple_driver_init+0x0/0x15 returned 0 after 71 usecs
[    8.885866] calling  belkin_driver_init+0x0/0x15 @ 1
[    8.893711] initcall belkin_driver_init+0x0/0x15 returned 0 after 20 usecs
[    8.903895] calling  ch_driver_init+0x0/0x15 @ 1
[    8.910042] initcall ch_driver_init+0x0/0x15 returned 0 after 21 usecs
[    8.919091] calling  ch_driver_init+0x0/0x15 @ 1
[    8.925767] initcall ch_driver_init+0x0/0x15 returned 0 after 26 usecs
[    8.934550] calling  cp_driver_init+0x0/0x15 @ 1
[    8.939850] initcall cp_driver_init+0x0/0x15 returned 0 after 17 usecs
[    8.947659] calling  ez_driver_init+0x0/0x15 @ 1
[    8.953265] initcall ez_driver_init+0x0/0x15 returned 0 after 18 usecs
[    8.960877] calling  gyration_driver_init+0x0/0x15 @ 1
[    8.966927] initcall gyration_driver_init+0x0/0x15 returned 0 after 51 usecs
[    8.975174] calling  ite_driver_init+0x0/0x15 @ 1
[    8.980949] initcall ite_driver_init+0x0/0x15 returned 0 after 15 usecs
[    8.988769] calling  ks_driver_init+0x0/0x15 @ 1
[    8.994354] initcall ks_driver_init+0x0/0x15 returned 0 after 13 usecs
[    9.002049] calling  lg_driver_init+0x0/0x15 @ 1
[    9.007508] initcall lg_driver_init+0x0/0x15 returned 0 after 18 usecs
[    9.014948] calling  lg_g15_driver_init+0x0/0x15 @ 1
[    9.020771] initcall lg_g15_driver_init+0x0/0x15 returned 0 after 14 usecs
[    9.028774] calling  ms_driver_init+0x0/0x15 @ 1
[    9.034226] initcall ms_driver_init+0x0/0x15 returned 0 after 80 usecs
[    9.041750] calling  mr_driver_init+0x0/0x15 @ 1
[    9.047046] initcall mr_driver_init+0x0/0x15 returned 0 after 33 usecs
[    9.054395] calling  ntrig_driver_init+0x0/0x15 @ 1
[    9.060140] initcall ntrig_driver_init+0x0/0x15 returned 0 after 16 usecs
[    9.069051] calling  pl_driver_init+0x0/0x15 @ 1
[    9.075659] initcall pl_driver_init+0x0/0x15 returned 0 after 30 usecs
[    9.083532] calling  pl_driver_init+0x0/0x15 @ 1
[    9.088980] initcall pl_driver_init+0x0/0x15 returned 0 after 15 usecs
[    9.098268] calling  redragon_driver_init+0x0/0x15 @ 1
[    9.104809] initcall redragon_driver_init+0x0/0x15 returned 0 after 19 usecs
[    9.114527] calling  samsung_driver_init+0x0/0x15 @ 1
[    9.120649] initcall samsung_driver_init+0x0/0x15 returned 0 after 16 usecs
[    9.128904] calling  sony_init+0x0/0x38 @ 1
[    9.134155] initcall sony_init+0x0/0x38 returned 0 after 36 usecs
[    9.141690] calling  sp_driver_init+0x0/0x15 @ 1
[    9.147455] initcall sp_driver_init+0x0/0x15 returned 0 after 17 usecs
[    9.155202] calling  ts_driver_init+0x0/0x15 @ 1
[    9.160732] initcall ts_driver_init+0x0/0x15 returned 0 after 30 usecs
[    9.168663] calling  hid_init+0x0/0x58 @ 1
[    9.173738] usbcore: registered new interface driver usbhid
[    9.180525] usbhid: USB HID core driver
[    9.185210] initcall hid_init+0x0/0x58 returned 0 after 11228 usecs
[    9.192834] calling  eeepc_laptop_init+0x0/0x57 @ 1
[    9.198849] initcall eeepc_laptop_init+0x0/0x57 returned -19 after 62 usecs
[    9.208931] calling  pmc_atom_init+0x0/0x27a @ 1
[    9.215236] initcall pmc_atom_init+0x0/0x27a returned -19 after 22 usecs
[    9.223470] calling  alsa_hwdep_init+0x0/0x5e @ 1
[    9.229272] initcall alsa_hwdep_init+0x0/0x5e returned 0 after 41 usecs
[    9.241564] calling  alsa_timer_init+0x0/0x1f0 @ 1
[    9.251100] ata6: SATA link down (SStatus 0 SControl 300)
[    9.259300] ata5: SATA link down (SStatus 0 SControl 300)
[    9.281866] sr 2:0:0:0: Attached scsi CD-ROM sr0
[    9.289568] sr 2:0:0:0: Attached scsi generic sg0 type 5
[    9.298333] initcall alsa_timer_init+0x0/0x1f0 returned 0 after 49568 usecs
[    9.308913] calling  snd_hrtimer_init+0x0/0x117 @ 1
[    9.316431] initcall snd_hrtimer_init+0x0/0x117 returned 0 after 26 usecs
[    9.326848] calling  alsa_pcm_init+0x0/0x64 @ 1
[    9.334021] initcall alsa_pcm_init+0x0/0x64 returned 0 after 9 usecs
[    9.343957] calling  alsa_seq_init+0x0/0x4a @ 1
[    9.350601] initcall alsa_seq_init+0x0/0x4a returned 0 after 535 usecs
[    9.358824] calling  alsa_seq_dummy_init+0x0/0x9c @ 1
[    9.365247] initcall alsa_seq_dummy_init+0x0/0x9c returned 0 after 5 usecs
[    9.373926] calling  azx_driver_init+0x0/0x15 @ 1
[    9.380762] initcall azx_driver_init+0x0/0x15 returned 0 after 747 usecs
[    9.389309] calling  sock_diag_init+0x0/0x2a @ 1
[    9.395699] initcall sock_diag_init+0x0/0x2a returned 0 after 276 usecs
[    9.404265] calling  blackhole_init+0x0/0xc @ 1
[    9.410000] initcall blackhole_init+0x0/0xc returned 0 after 22 usecs
[    9.418651] calling  nfnetlink_init+0x0/0x57 @ 1
[    9.426327] initcall nfnetlink_init+0x0/0x57 returned 0 after 212 usecs
[    9.434659] calling  nfnetlink_log_init+0x0/0x99 @ 1
[    9.440937] initcall nfnetlink_log_init+0x0/0x99 returned 0 after 67 usecs
[    9.450257] calling  nf_conntrack_standalone_init+0x0/0x87 @ 1
[    9.460882] initcall nf_conntrack_standalone_init+0x0/0x87 returned 0 after 1606 usecs
[    9.473351] calling  ctnetlink_init+0x0/0x83 @ 1
[    9.480662] initcall ctnetlink_init+0x0/0x83 returned 0 after 2 usecs
[    9.490782] calling  nf_conntrack_ftp_init+0x0/0x12c @ 1
[    9.499417] initcall nf_conntrack_ftp_init+0x0/0x12c returned 0 after 286 usecs
[    9.510488] calling  nf_conntrack_irc_init+0x0/0x129 @ 1
[    9.518412] initcall nf_conntrack_irc_init+0x0/0x129 returned 0 after 365 usecs
[    9.527631] calling  nf_conntrack_sip_init+0x0/0x172 @ 1
[    9.534276] initcall nf_conntrack_sip_init+0x0/0x172 returned 0 after 7 usecs
[    9.543131] calling  nf_nat_init+0x0/0xbb @ 1
[    9.548810] initcall nf_nat_init+0x0/0xbb returned 0 after 146 usecs
[    9.556809] calling  nf_nat_ftp_init+0x0/0x2a @ 1
[    9.562647] initcall nf_nat_ftp_init+0x0/0x2a returned 0 after 1 usecs
[    9.570662] calling  nf_nat_irc_init+0x0/0x2a @ 1
[    9.576586] initcall nf_nat_irc_init+0x0/0x2a returned 0 after 0 usecs
[    9.585147] calling  nf_nat_sip_init+0x0/0x36 @ 1
[    9.592430] initcall nf_nat_sip_init+0x0/0x36 returned 0 after 1 usecs
[    9.602454] calling  xt_init+0x0/0xcf @ 1
[    9.608862] initcall xt_init+0x0/0xcf returned 0 after 3 usecs
[    9.617245] calling  tcpudp_mt_init+0x0/0x11 @ 1
[    9.623136] initcall tcpudp_mt_init+0x0/0x11 returned 0 after 1 usecs
[    9.631264] calling  connsecmark_tg_init+0x0/0xc @ 1
[    9.638058] initcall connsecmark_tg_init+0x0/0xc returned 0 after 1 usecs
[    9.647105] calling  nflog_tg_init+0x0/0xc @ 1
[    9.653085] initcall nflog_tg_init+0x0/0xc returned 0 after 1 usecs
[    9.661489] calling  secmark_tg_init+0x0/0x11 @ 1
[    9.668061] initcall secmark_tg_init+0x0/0x11 returned 0 after 1 usecs
[    9.676867] calling  tcpmss_tg_init+0x0/0x11 @ 1
[    9.684821] initcall tcpmss_tg_init+0x0/0x11 returned 0 after 20 usecs
[    9.694858] calling  conntrack_mt_init+0x0/0x11 @ 1
[    9.702462] initcall conntrack_mt_init+0x0/0x11 returned 0 after 1 usecs
[    9.712921] calling  policy_mt_init+0x0/0x11 @ 1
[    9.720221] initcall policy_mt_init+0x0/0x11 returned 0 after 1 usecs
[    9.730423] calling  state_mt_init+0x0/0xc @ 1
[    9.737410] initcall state_mt_init+0x0/0xc returned 0 after 1 usecs
[    9.747325] calling  gre_offload_init+0x0/0x48 @ 1
[    9.755393] initcall gre_offload_init+0x0/0x48 returned 0 after 238 usecs
[    9.766368] calling  sysctl_ipv4_init+0x0/0x46 @ 1
[    9.774621] initcall sysctl_ipv4_init+0x0/0x46 returned 0 after 656 usecs
[    9.785601] calling  tunnel4_init+0x0/0x58 @ 1
[    9.792948] initcall tunnel4_init+0x0/0x58 returned 0 after 56 usecs
[    9.802826] calling  nf_defrag_init+0x0/0xc @ 1
[    9.810144] initcall nf_defrag_init+0x0/0xc returned 0 after 56 usecs
[    9.820540] calling  ip_tables_init+0x0/0x8d @ 1
[    9.830064] initcall ip_tables_init+0x0/0x8d returned 0 after 99 usecs
[    9.841074] calling  iptable_filter_init+0x0/0x4c @ 1
[    9.851045] initcall iptable_filter_init+0x0/0x4c returned 0 after 1349 usecs
[    9.863220] calling  iptable_mangle_init+0x0/0xb8 @ 1
[    9.871858] initcall iptable_mangle_init+0x0/0xb8 returned 0 after 46 usecs
[    9.883983] calling  reject_tg_init+0x0/0xc @ 1
[    9.895104] initcall reject_tg_init+0x0/0xc returned 0 after 2 usecs
[    9.907063] calling  cubictcp_register+0x0/0x53 @ 1
[    9.915389] initcall cubictcp_register+0x0/0x53 returned 0 after 2 usecs
[    9.926959] calling  xfrm_user_init+0x0/0x45 @ 1
[    9.934400] Initializing XFRM netlink socket
[    9.941379] initcall xfrm_user_init+0x0/0x45 returned 0 after 6833 usecs
[    9.952220] calling  inet6_init+0x0/0x35e @ 1
[    9.961110] NET: Registered protocol family 10
[   10.195443] input: ImExPS/2 Generic Explorer Mouse as /devices/platform/i8042/serio1/input/input3
[   10.681534] Segment Routing with IPv6
[   10.687621] initcall inet6_init+0x0/0x35e returned 0 after 711073 usecs
[   10.697871] calling  ah6_init+0x0/0x71 @ 1
[   10.705291] initcall ah6_init+0x0/0x71 returned 0 after 1662 usecs
[   10.715019] calling  esp6_init+0x0/0x71 @ 1
[   10.720333] initcall esp6_init+0x0/0x71 returned 0 after 1 usecs
[   10.728263] calling  ip6_tables_init+0x0/0x8d @ 1
[   10.734834] initcall ip6_tables_init+0x0/0x8d returned 0 after 65 usecs
[   10.744919] calling  ip6table_filter_init+0x0/0x4c @ 1
[   10.752893] initcall ip6table_filter_init+0x0/0x4c returned 0 after 179 usecs
[   10.764409] calling  ip6table_mangle_init+0x0/0xb8 @ 1
[   10.772617] initcall ip6table_mangle_init+0x0/0xb8 returned 0 after 57 usecs
[   10.784951] calling  nf_defrag_init+0x0/0x45 @ 1
[   10.793976] initcall nf_defrag_init+0x0/0x45 returned 0 after 24 usecs
[   10.804638] calling  ipv6header_mt6_init+0x0/0xc @ 1
[   10.812806] initcall ipv6header_mt6_init+0x0/0xc returned 0 after 1 usecs
[   10.824106] calling  reject_tg6_init+0x0/0xc @ 1
[   10.832406] initcall reject_tg6_init+0x0/0xc returned 0 after 1 usecs
[   10.843545] calling  sit_init+0x0/0xc3 @ 1
[   10.850788] sit: IPv6, IPv4 and MPLS over IPv4 tunneling driver
[   10.862111] initcall sit_init+0x0/0xc3 returned 0 after 11053 usecs
[   10.873077] calling  packet_init+0x0/0x75 @ 1
[   10.880054] NET: Registered protocol family 17
[   10.888984] initcall packet_init+0x0/0x75 returned 0 after 8820 usecs
[   10.899022] calling  init_rpcsec_gss+0x0/0x60 @ 1
[   10.907492] initcall init_rpcsec_gss+0x0/0x60 returned 0 after 892 usecs
[   10.917968] calling  init_dns_resolver+0x0/0xca @ 1
[   10.926128] Key type dns_resolver registered
[   10.932583] initcall init_dns_resolver+0x0/0xca returned 0 after 6847 usecs
[   10.943411] calling  pm_check_save_msr+0x0/0xc0 @ 1
[   10.952765] initcall pm_check_save_msr+0x0/0xc0 returned 0 after 614 usecs
[   10.964743] calling  mcheck_init_device+0x0/0x112 @ 1
[   10.974411] initcall mcheck_init_device+0x0/0x112 returned 0 after 1390 usecs
[   10.988796] calling  mcheck_late_init+0x0/0x58 @ 1
[   10.996986] initcall mcheck_late_init+0x0/0x58 returned 0 after 318 usecs
[   11.007029] calling  severities_debugfs_init+0x0/0x29 @ 1
[   11.015371] initcall severities_debugfs_init+0x0/0x29 returned 0 after 7 usecs
[   11.026548] calling  microcode_init+0x0/0x1bd @ 1
[   11.034232] initcall microcode_init+0x0/0x1bd returned -22 after 27 usecs
[   11.044967] calling  hpet_insert_resource+0x0/0x22 @ 1
[   11.053451] initcall hpet_insert_resource+0x0/0x22 returned 0 after 295 usecs
[   11.064725] calling  start_sync_check_timer+0x0/0x4f @ 1
