c[?7l[2J[0mSeaBIOS (version 1.16.0-debian-1.16.0-4)
Booting from ROM...
early console in setup code
c[?7l[2J[    0.000000] Linux version 5.10.151+ (root@joelboxx.c.googlers.com) (gcc (Debian 12.2.0-3) 12.2.0, GNU ld (GNU Binutils for Debian) 2.39) #4 SMP PREEMPT Tue Dec 13 09:07:16 UTC 2022
[    0.000000] Command line: selinux=0 initcall_debug debug console=ttyS0 maxcpus=8 nr_cpus=43 rcutree.gp_preinit_delay=3 rcutree.gp_init_delay=3 rcutree.gp_cleanup_delay=3 rcu_nocbs=0 rcutorture.fwd_progress=0 rcutorture.onoff_interval=1000 rcutorture.onoff_holdoff=30 rcutorture.n_barrier_cbs=4 rcutorture.stat_interval=15 rcutorture.shutdown_secs=1800 rcutorture.test_no_idle_hz=1 rcutorture.verbose=1
[    0.000000] x86/fpu: x87 FPU will use FXSAVE
[    0.000000] BIOS-provided physical RAM map:
[    0.000000] BIOS-e820: [mem 0x0000000000000000-0x000000000009fbff] usable
[    0.000000] BIOS-e820: [mem 0x000000000009fc00-0x000000000009ffff] reserved
[    0.000000] BIOS-e820: [mem 0x00000000000f0000-0x00000000000fffff] reserved
[    0.000000] BIOS-e820: [mem 0x0000000000100000-0x000000001ffdefff] usable
[    0.000000] BIOS-e820: [mem 0x000000001ffdf000-0x000000001fffffff] reserved
[    0.000000] BIOS-e820: [mem 0x00000000b0000000-0x00000000bfffffff] reserved
[    0.000000] BIOS-e820: [mem 0x00000000fed1c000-0x00000000fed1ffff] reserved
[    0.000000] BIOS-e820: [mem 0x00000000feffc000-0x00000000feffffff] reserved
[    0.000000] BIOS-e820: [mem 0x00000000fffc0000-0x00000000ffffffff] reserved
[    0.000000] NX (Execute Disable) protection: active
[    0.000000] SMBIOS 2.8 present.
[    0.000000] DMI: QEMU Standard PC (Q35 + ICH9, 2009), BIOS 1.16.0-debian-1.16.0-4 04/01/2014
[    0.000000] Hypervisor detected: KVM
[    0.000000] kvm-clock: Using msrs 4b564d01 and 4b564d00
[    0.000000] kvm-clock: cpu 0, msr 18872001, primary cpu clock
[    0.000001] kvm-clock: using sched offset of 2927962990 cycles
[    0.000239] clocksource: kvm-clock: mask: 0xffffffffffffffff max_cycles: 0x1cd42e4dffb, max_idle_ns: 881590591483 ns
[    0.000375] tsc: Detected 1999.999 MHz processor
[    0.006573] e820: update [mem 0x00000000-0x00000fff] usable ==> reserved
[    0.006578] e820: remove [mem 0x000a0000-0x000fffff] usable
[    0.006584] last_pfn = 0x1ffdf max_arch_pfn = 0x400000000
[    0.007400] MTRR default type: write-back
[    0.007438] MTRR fixed ranges enabled:
[    0.007440]   00000-9FFFF write-back
[    0.007441]   A0000-BFFFF uncachable
[    0.007442]   C0000-FFFFF write-protect
[    0.007443] MTRR variable ranges enabled:
[    0.007445]   0 base 00C0000000 mask FFC0000000 uncachable
[    0.007446]   1 disabled
[    0.007447]   2 disabled
[    0.007448]   3 disabled
[    0.007448]   4 disabled
[    0.007449]   5 disabled
[    0.007450]   6 disabled
[    0.007451]   7 disabled
[    0.007830] x86/PAT: Configuration [0-7]: WB  WC  UC- UC  WB  WC  UC- UC  
[    0.016366] found SMP MP-table at [mem 0x000f5ba0-0x000f5baf]
[    0.022637] check: Scanning 1 areas for low memory corruption
[    0.039159] ACPI: Early table checksum verification disabled
[    0.042944] ACPI: RSDP 0x00000000000F59E0 000014 (v00 BOCHS )
[    0.043264] ACPI: RSDT 0x000000001FFE3206 000038 (v01 BOCHS  BXPC     00000001 BXPC 00000001)
[    0.043734] ACPI: FACP 0x000000001FFE2EAE 0000F4 (v03 BOCHS  BXPC     00000001 BXPC 00000001)
[    0.045088] ACPI: DSDT 0x000000001FFE0040 002E6E (v01 BOCHS  BXPC     00000001 BXPC 00000001)
[    0.045093] ACPI: FACS 0x000000001FFE0000 000040
[    0.045097] ACPI: APIC 0x000000001FFE2FA2 0001C8 (v01 BOCHS  BXPC     00000001 BXPC 00000001)
[    0.045101] ACPI: HPET 0x000000001FFE316A 000038 (v01 BOCHS  BXPC     00000001 BXPC 00000001)
[    0.045105] ACPI: MCFG 0x000000001FFE31A2 00003C (v01 BOCHS  BXPC     00000001 BXPC 00000001)
[    0.045109] ACPI: WAET 0x000000001FFE31DE 000028 (v01 BOCHS  BXPC     00000001 BXPC 00000001)
[    0.045113] ACPI: Reserving FACP table memory at [mem 0x1ffe2eae-0x1ffe2fa1]
[    0.045115] ACPI: Reserving DSDT table memory at [mem 0x1ffe0040-0x1ffe2ead]
[    0.045116] ACPI: Reserving FACS table memory at [mem 0x1ffe0000-0x1ffe003f]
[    0.045118] ACPI: Reserving APIC table memory at [mem 0x1ffe2fa2-0x1ffe3169]
[    0.045119] ACPI: Reserving HPET table memory at [mem 0x1ffe316a-0x1ffe31a1]
[    0.045119] ACPI: Reserving MCFG table memory at [mem 0x1ffe31a2-0x1ffe31dd]
[    0.045121] ACPI: Reserving WAET table memory at [mem 0x1ffe31de-0x1ffe3205]
[    0.045669] ACPI: Local APIC address 0xfee00000
[    0.050730] No NUMA configuration found
[    0.050733] Faking a node at [mem 0x0000000000000000-0x000000001ffdefff]
[    0.051019] NODE_DATA(0) allocated [mem 0x1ffbd000-0x1ffdefff]
[    0.054410] Zone ranges:
[    0.054517]   DMA      [mem 0x0000000000001000-0x0000000000ffffff]
[    0.054551]   DMA32    [mem 0x0000000001000000-0x000000001ffdefff]
[    0.054553]   Normal   empty
[    0.054554] Movable zone start for each node
[    0.054557] Early memory node ranges
[    0.054558]   node   0: [mem 0x0000000000001000-0x000000000009efff]
[    0.054600]   node   0: [mem 0x0000000000100000-0x000000001ffdefff]
[    0.054675] Initmem setup node 0 [mem 0x0000000000001000-0x000000001ffdefff]
[    0.054677] On node 0 totalpages: 130941
[    0.054772]   DMA zone: 64 pages used for memmap
[    0.054773]   DMA zone: 21 pages reserved
[    0.054824]   DMA zone: 3998 pages, LIFO batch:0
[    0.054826]   DMA32 zone: 1984 pages used for memmap
[    0.054827]   DMA32 zone: 126943 pages, LIFO batch:31
[    0.059511] On node 0, zone DMA: 1 pages in unavailable ranges
[    0.062528] On node 0, zone DMA: 97 pages in unavailable ranges
[    0.152538] On node 0, zone DMA32: 33 pages in unavailable ranges
[    0.155986] ACPI: PM-Timer IO Port: 0x608
[    0.155992] ACPI: Local APIC address 0xfee00000
[    0.156412] ACPI: LAPIC_NMI (acpi_id[0xff] dfl dfl lint[0x1])
[    0.157446] IOAPIC[0]: apic_id 0, version 17, address 0xfec00000, GSI 0-23
[    0.157451] ACPI: INT_SRC_OVR (bus 0 bus_irq 0 global_irq 2 dfl dfl)
[    0.157499] ACPI: INT_SRC_OVR (bus 0 bus_irq 5 global_irq 5 high level)
[    0.157500] ACPI: INT_SRC_OVR (bus 0 bus_irq 9 global_irq 9 high level)
[    0.157646] ACPI: INT_SRC_OVR (bus 0 bus_irq 10 global_irq 10 high level)
[    0.157648] ACPI: INT_SRC_OVR (bus 0 bus_irq 11 global_irq 11 high level)
[    0.157650] ACPI: IRQ0 used by override.
[    0.157651] ACPI: IRQ5 used by override.
[    0.157653] ACPI: IRQ9 used by override.
[    0.157653] ACPI: IRQ10 used by override.
[    0.157704] ACPI: IRQ11 used by override.
[    0.157766] Using ACPI (MADT) for SMP configuration information
[    0.157822] ACPI: HPET id: 0x8086a201 base: 0xfed00000
[    0.158154] smpboot: Allowing 43 CPUs, 0 hotplug CPUs
[    0.159412] PM: hibernation: Registered nosave memory: [mem 0x00000000-0x00000fff]
[    0.159414] PM: hibernation: Registered nosave memory: [mem 0x0009f000-0x0009ffff]
[    0.159415] PM: hibernation: Registered nosave memory: [mem 0x000a0000-0x000effff]
[    0.159417] PM: hibernation: Registered nosave memory: [mem 0x000f0000-0x000fffff]
[    0.159419] [mem 0x20000000-0xafffffff] available for PCI devices
[    0.159457] Booting paravirtualized kernel on KVM
[    0.159962] clocksource: refined-jiffies: mask: 0xffffffff max_cycles: 0xffffffff, max_idle_ns: 1910969940391419 ns
[    0.185446] setup_percpu: NR_CPUS:8192 nr_cpumask_bits:43 nr_cpu_ids:43 nr_node_ids:1
[    0.285696] percpu: Embedded 56 pages/cpu s191448 r8192 d29736 u262144
[    0.285723] pcpu-alloc: s191448 r8192 d29736 u262144 alloc=1*2097152
[    0.285736] pcpu-alloc: [0] 00 01 02 03 04 05 06 07 [0] 08 09 10 11 12 13 14 15 
[    0.285746] pcpu-alloc: [0] 16 17 18 19 20 21 22 23 [0] 24 25 26 27 28 29 30 31 
[    0.285763] pcpu-alloc: [0] 32 33 34 35 36 37 38 39 [0] 40 41 42 -- -- -- -- -- 
[    0.285980] kvm-guest: stealtime: cpu 0, msr 1ea1b600
[    0.286039] Built 1 zonelists, mobility grouping on.  Total pages: 128872
[    0.286041] Policy zone: DMA32
[    0.286045] Kernel command line: selinux=0 initcall_debug debug console=ttyS0 maxcpus=8 nr_cpus=43 rcutree.gp_preinit_delay=3 rcutree.gp_init_delay=3 rcutree.gp_cleanup_delay=3 rcu_nocbs=0 rcutorture.fwd_progress=0 rcutorture.onoff_interval=1000 rcutorture.onoff_holdoff=30 rcutorture.n_barrier_cbs=4 rcutorture.stat_interval=15 rcutorture.shutdown_secs=1800 rcutorture.test_no_idle_hz=1 rcutorture.verbose=1
[    0.287941] printk: log_buf_len individual max cpu contribution: 4096 bytes
[    0.287944] printk: log_buf_len total cpu_extra contributions: 172032 bytes
[    0.287945] printk: log_buf_len min size: 262144 bytes
[    0.299847] printk: log_buf_len: 524288 bytes
[    0.299850] printk: early log buf free: 254248(96%)
[    0.302212] Dentry cache hash table entries: 65536 (order: 7, 524288 bytes, linear)
[    0.303226] Inode-cache hash table entries: 32768 (order: 6, 262144 bytes, linear)
[    0.304848] mem auto-init: stack:all(zero), heap alloc:off, heap free:off
[    0.309846] Memory: 465404K/523764K available (16397K kernel code, 3411K rwdata, 4828K rodata, 2188K init, 1896K bss, 58100K reserved, 0K cma-reserved)
[    0.310367] SLUB: HWalign=64, Order=0-3, MinObjects=0, CPUs=43, Nodes=1
[    0.310462] Kernel/User page tables isolation: enabled
[    0.315254] rcu: Preemptible hierarchical RCU implementation.
[    0.315257] rcu: 	RCU event tracing is enabled.
[    0.315258] rcu: 	RCU dyntick-idle grace-period acceleration is enabled.
[    0.315270] rcu: 	RCU restricting CPUs from NR_CPUS=8192 to nr_cpu_ids=43.
[    0.315272] rcu: 	RCU debug GP pre-init slowdown 3 jiffies.
[    0.315273] rcu: 	RCU debug GP init slowdown 3 jiffies.
[    0.315274] rcu: 	RCU debug GP init slowdown 3 jiffies.
[    0.315297] 	Trampoline variant of Tasks RCU enabled.
[    0.315298] 	Rude variant of Tasks RCU enabled.
[    0.315299] 	Tracing variant of Tasks RCU enabled.
[    0.315344] rcu: RCU calculated value of scheduler-enlistment delay is 100 jiffies.
[    0.315346] rcu: Adjusting geometry for rcu_fanout_leaf=16, nr_cpu_ids=43
[    0.323862] NR_IRQS: 524544, nr_irqs: 768, preallocated irqs: 16
[    0.324658] rcu: 	Offload RCU callbacks from CPUs: 0.
[    0.325610] calling  con_init+0x0/0x22a @ 0
[    0.424069] Console: colour VGA+ 80x25
[    0.425167] initcall con_init+0x0/0x22a returned 0 after 0 usecs
[    0.425233] calling  hvc_console_init+0x0/0x13 @ 0
[    0.425258] initcall hvc_console_init+0x0/0x13 returned 0 after 0 usecs
[    0.425262] calling  univ8250_console_init+0x0/0x26 @ 0
[    1.467044] printk: console [ttyS0] enabled
[    1.471551] initcall univ8250_console_init+0x0/0x26 returned 0 after 0 usecs
[    1.481781] ACPI: Core revision 20200925
[    1.488140] clocksource: hpet: mask: 0xffffffff max_cycles: 0xffffffff, max_idle_ns: 19112604467 ns
[    1.499811] APIC: Switch to symmetric I/O mode setup
[    1.505322] Switched APIC routing to physical flat.
[    1.534314] ..TIMER: vector=0x30 apic1=0 pin1=2 apic2=-1 pin2=-1
[    1.545553] clocksource: tsc-early: mask: 0xffffffffffffffff max_cycles: 0x39a85afc727, max_idle_ns: 881590685098 ns
[    1.559046] Calibrating delay loop (skipped) preset value.. 3999.99 BogoMIPS (lpj=1999999)
[    1.559983] pid_max: default: 44032 minimum: 344
[    1.562271] LSM: Security Framework initializing
[    1.563370] Mount-cache hash table entries: 1024 (order: 1, 8192 bytes, linear)
[    1.566923] Mountpoint-cache hash table entries: 1024 (order: 1, 8192 bytes, linear)
[    1.581365] Last level iTLB entries: 4KB 0, 2MB 0, 4MB 0
[    1.581928] Last level dTLB entries: 4KB 0, 2MB 0, 4MB 0, 1GB 0
[    1.584147] Spectre V1 : Mitigation: usercopy/swapgs barriers and __user pointer sanitization
[    1.584980] Spectre V2 : Mitigation: Retpolines
[    1.585927] Spectre V2 : Spectre v2 / SpectreRSB mitigation: Filling RSB on context switch
[    1.586927] Spectre V2 : Spectre v2 / SpectreRSB : Filling RSB on VMEXIT
[    1.587927] Speculative Store Bypass: Vulnerable
[    1.589928] MDS: Vulnerable: Clear CPU buffers attempted, no microcode
[    1.590928] MMIO Stale Data: Unknown: No mitigations
[    1.643282] Freeing SMP alternatives memory: 40K
[    1.750923] smpboot: CPU0: Intel Common KVM processor (family: 0xf, model: 0x6, stepping: 0x1)
[    1.752923] calling  init_hw_perf_events+0x0/0x6ce @ 1
[    1.753945] Performance Events: unsupported Netburst CPU model 6 no PMU driver, software events only.
[    1.754937] initcall init_hw_perf_events+0x0/0x6ce returned 0 after 976 usecs
[    1.755955] calling  init_real_mode+0x0/0x1e9 @ 1
[    1.757247] initcall init_real_mode+0x0/0x1e9 returned 0 after 0 usecs
[    1.757931] calling  trace_init_perf_perm_irq_work_exit+0x0/0x12 @ 1
[    1.758943] initcall trace_init_perf_perm_irq_work_exit+0x0/0x12 returned 0 after 0 usecs
[    1.759944] calling  validate_x2apic+0x0/0x4a @ 1
[    1.760964] initcall validate_x2apic+0x0/0x4a returned 0 after 0 usecs
[    1.762928] calling  register_nmi_cpu_backtrace_handler+0x0/0x15 @ 1
[    1.763929] initcall register_nmi_cpu_backtrace_handler+0x0/0x15 returned 0 after 0 usecs
[    1.764930] calling  kvm_setup_vsyscall_timeinfo+0x0/0xd0 @ 1
[    1.765986] initcall kvm_setup_vsyscall_timeinfo+0x0/0xd0 returned 0 after 0 usecs
[    1.766929] calling  spawn_ksoftirqd+0x0/0x38 @ 1
[    1.768953] initcall spawn_ksoftirqd+0x0/0x38 returned 0 after 976 usecs
[    1.769931] calling  migration_init+0x0/0x31 @ 1
[    1.770963] initcall migration_init+0x0/0x31 returned 0 after 0 usecs
[    1.771929] calling  srcu_bootup_announce+0x0/0x2f @ 1
[    1.772932] rcu: Hierarchical SRCU implementation.
[    1.773953] initcall srcu_bootup_announce+0x0/0x2f returned 0 after 976 usecs
[    1.774929] calling  rcu_spawn_gp_kthread+0x0/0x1dd @ 1
[    1.777549] initcall rcu_spawn_gp_kthread+0x0/0x1dd returned 0 after 976 usecs
[    1.777937] calling  check_cpu_stall_init+0x0/0x1a @ 1
[    1.778932] initcall check_cpu_stall_init+0x0/0x1a returned 0 after 0 usecs
[    1.779947] calling  rcu_sysrq_init+0x0/0x21 @ 1
[    1.780933] initcall rcu_sysrq_init+0x0/0x21 returned 0 after 0 usecs
[    1.781930] calling  trace_init_flags_sys_enter+0x0/0xe @ 1
[    1.782929] initcall trace_init_flags_sys_enter+0x0/0xe returned 0 after 0 usecs
[    1.783937] calling  trace_init_flags_sys_exit+0x0/0xe @ 1
[    1.784929] initcall trace_init_flags_sys_exit+0x0/0xe returned 0 after 0 usecs
[    1.785947] calling  cpu_stop_init+0x0/0x6e @ 1
[    1.788167] initcall cpu_stop_init+0x0/0x6e returned 0 after 976 usecs
[    1.788933] calling  init_kprobes+0x0/0x165 @ 1
[    1.790714] initcall init_kprobes+0x0/0x165 returned 0 after 0 usecs
[    1.790932] calling  init_events+0x0/0x3d @ 1
[    1.792467] initcall init_events+0x0/0x3d returned 0 after 0 usecs
[    1.792932] calling  init_trace_printk+0x0/0xc @ 1
[    1.793933] initcall init_trace_printk+0x0/0xc returned 0 after 0 usecs
[    1.794932] calling  event_trace_enable_again+0x0/0x23 @ 1
[    1.795932] initcall event_trace_enable_again+0x0/0x23 returned 0 after 0 usecs
[    1.796930] calling  static_call_init+0x0/0x77 @ 1
[    1.797952] initcall static_call_init+0x0/0x77 returned 0 after 0 usecs
[    1.798928] calling  jump_label_init_module+0x0/0xc @ 1
[    1.799929] initcall jump_label_init_module+0x0/0xc returned 0 after 0 usecs
[    1.800929] calling  init_zero_pfn+0x0/0x37 @ 1
[    1.801928] initcall init_zero_pfn+0x0/0x37 returned 0 after 0 usecs
[    1.802950] calling  initialize_ptr_random+0x0/0x54 @ 1
[    1.803929] initcall initialize_ptr_random+0x0/0x54 returned 0 after 0 usecs
[    1.804956] calling  efi_memreserve_root_init+0x0/0x25 @ 1
[    1.806928] initcall efi_memreserve_root_init+0x0/0x25 returned 0 after 976 usecs
[    1.807929] calling  efi_earlycon_remap_fb+0x0/0x51 @ 1
[    1.808930] initcall efi_earlycon_remap_fb+0x0/0x51 returned 0 after 0 usecs
[    1.816303] smp: Bringing up secondary CPUs ...
[    1.818938] x86: Booting SMP configuration:
[    1.819967] .... node  #0, CPUs:        #1
[    1.228160] kvm-clock: cpu 1, msr 18872041, secondary cpu clock
[    1.845097] kvm-guest: stealtime: cpu 1, msr 1ea5b600
[    1.861947]   #2
[    1.228160] kvm-clock: cpu 2, msr 18872081, secondary cpu clock
[    1.888120] kvm-guest: stealtime: cpu 2, msr 1ea9b600
[    1.903759]   #3
[    1.228160] kvm-clock: cpu 3, msr 188720c1, secondary cpu clock
[    1.926134] kvm-guest: stealtime: cpu 3, msr 1eadb600
[    1.941949]   #4
[    1.228160] kvm-clock: cpu 4, msr 18872101, secondary cpu clock
[    1.965112] kvm-guest: stealtime: cpu 4, msr 1eb1b600
[    1.981744]   #5
[    1.228160] kvm-clock: cpu 5, msr 18872141, secondary cpu clock
[    2.004117] kvm-guest: stealtime: cpu 5, msr 1eb5b600
[    2.019697]   #6
[    1.228160] kvm-clock: cpu 6, msr 18872181, secondary cpu clock
[    2.042073] kvm-guest: stealtime: cpu 6, msr 1eb9b600
[    2.057945]   #7
[    1.228160] kvm-clock: cpu 7, msr 188721c1, secondary cpu clock
[    2.080073] kvm-guest: stealtime: cpu 7, msr 1ebdb600
[    2.095045] smp: Brought up 1 node, 8 CPUs
[    2.095941] smpboot: Max logical packages: 6
[    2.096931] smpboot: Total of 8 processors activated (31999.98 BogoMIPS)
[    2.121937] devtmpfs: initialized
[    2.128501] calling  ipc_ns_init+0x0/0x3d @ 1
[    2.129098] initcall ipc_ns_init+0x0/0x3d returned 0 after 0 usecs
[    2.129931] calling  init_mmap_min_addr+0x0/0x21 @ 1
[    2.130930] initcall init_mmap_min_addr+0x0/0x21 returned 0 after 0 usecs
[    2.131930] calling  pci_realloc_setup_params+0x0/0x3f @ 1
[    2.132933] initcall pci_realloc_setup_params+0x0/0x3f returned 0 after 0 usecs
[    2.133935] calling  net_ns_init+0x0/0x140 @ 1
[    2.136222] initcall net_ns_init+0x0/0x140 returned 0 after 976 usecs
[    2.137960] calling  e820__register_nvs_regions+0x0/0x37 @ 1
[    2.138933] initcall e820__register_nvs_regions+0x0/0x37 returned 0 after 0 usecs
[    2.139931] calling  cpufreq_register_tsc_scaling+0x0/0x2e @ 1
[    2.140931] initcall cpufreq_register_tsc_scaling+0x0/0x2e returned 0 after 0 usecs
[    2.141931] calling  reboot_init+0x0/0x3c @ 1
[    2.143034] initcall reboot_init+0x0/0x3c returned 0 after 0 usecs
[    2.143931] calling  init_lapic_sysfs+0x0/0x20 @ 1
[    2.144931] initcall init_lapic_sysfs+0x0/0x20 returned 0 after 0 usecs
[    2.145930] calling  alloc_frozen_cpus+0x0/0x1d @ 1
[    2.146932] initcall alloc_frozen_cpus+0x0/0x1d returned 0 after 0 usecs
[    2.147932] calling  cpu_hotplug_pm_sync_init+0x0/0x13 @ 1
[    2.148934] initcall cpu_hotplug_pm_sync_init+0x0/0x13 returned 0 after 0 usecs
[    2.149938] calling  wq_sysfs_init+0x0/0x2a @ 1
[    2.150994] initcall wq_sysfs_init+0x0/0x2a returned 0 after 0 usecs
[    2.151933] calling  ksysfs_init+0x0/0x92 @ 1
[    2.152967] initcall ksysfs_init+0x0/0x92 returned 0 after 0 usecs
[    2.153930] calling  schedutil_gov_init+0x0/0xc @ 1
[    2.155963] initcall schedutil_gov_init+0x0/0xc returned 0 after 976 usecs
[    2.156931] calling  pm_init+0x0/0x76 @ 1
[    2.157989] initcall pm_init+0x0/0x76 returned 0 after 0 usecs
[    2.158931] calling  pm_disk_init+0x0/0x13 @ 1
[    2.160005] initcall pm_disk_init+0x0/0x13 returned 0 after 0 usecs
[    2.160982] calling  swsusp_header_init+0x0/0x2b @ 1
[    2.161932] initcall swsusp_header_init+0x0/0x2b returned 0 after 0 usecs
[    2.162929] calling  rcu_set_runtime_mode+0x0/0x16 @ 1
[    2.166333] initcall rcu_set_runtime_mode+0x0/0x16 returned 0 after 976 usecs
[    2.166930] calling  init_jiffies_clocksource+0x0/0x13 @ 1
[    2.167929] clocksource: jiffies: mask: 0xffffffff max_cycles: 0xffffffff, max_idle_ns: 1911260446275000 ns
[    2.168933] initcall init_jiffies_clocksource+0x0/0x13 returned 0 after 976 usecs
[    2.169930] calling  futex_init+0x0/0xfd @ 1
[    2.170986] futex hash table entries: 16384 (order: 8, 1048576 bytes, linear)
[    2.189658] initcall futex_init+0x0/0xfd returned 0 after 17578 usecs
[    2.189937] calling  cgroup_wq_init+0x0/0x28 @ 1
[    2.190954] initcall cgroup_wq_init+0x0/0x28 returned 0 after 0 usecs
[    2.191931] calling  cgroup1_wq_init+0x0/0x28 @ 1
[    2.192954] initcall cgroup1_wq_init+0x0/0x28 returned 0 after 0 usecs
[    2.193931] calling  init_kprobe_trace_early+0x0/0x2a @ 1
[    2.194979] initcall init_kprobe_trace_early+0x0/0x2a returned 0 after 0 usecs
[    2.195931] calling  fsnotify_init+0x0/0x48 @ 1
[    2.197031] initcall fsnotify_init+0x0/0x48 returned 0 after 0 usecs
[    2.197933] calling  filelock_init+0x0/0x96 @ 1
[    2.199089] initcall filelock_init+0x0/0x96 returned 0 after 0 usecs
[    2.200935] calling  init_misc_binfmt+0x0/0x2c @ 1
[    2.201956] initcall init_misc_binfmt+0x0/0x2c returned 0 after 0 usecs
[    2.203931] calling  init_script_binfmt+0x0/0x15 @ 1
[    2.204932] initcall init_script_binfmt+0x0/0x15 returned 0 after 0 usecs
[    2.205931] calling  init_elf_binfmt+0x0/0x15 @ 1
[    2.207930] initcall init_elf_binfmt+0x0/0x15 returned 0 after 0 usecs
[    2.208932] calling  init_compat_elf_binfmt+0x0/0x15 @ 1
[    2.209931] initcall init_compat_elf_binfmt+0x0/0x15 returned 0 after 0 usecs
[    2.210933] calling  debugfs_init+0x0/0x5c @ 1
[    2.211943] initcall debugfs_init+0x0/0x5c returned 0 after 0 usecs
[    2.212934] calling  tracefs_init+0x0/0x3a @ 1
[    2.213963] initcall tracefs_init+0x0/0x3a returned 0 after 0 usecs
[    2.214936] calling  prandom_init_early+0x0/0x15d @ 1
[    2.215939] initcall prandom_init_early+0x0/0x15d returned 0 after 0 usecs
[    2.217050] calling  virtio_init+0x0/0x20 @ 1
[    2.218952] initcall virtio_init+0x0/0x20 returned 0 after 976 usecs
[    2.219932] calling  iommu_init+0x0/0x2a @ 1
[    2.220981] initcall iommu_init+0x0/0x2a returned 0 after 0 usecs
[    2.221930] calling  component_debug_init+0x0/0x1c @ 1
[    2.223030] initcall component_debug_init+0x0/0x1c returned 0 after 0 usecs
[    2.223931] calling  early_resume_init+0x0/0xb9 @ 1
[    2.225927] PM: RTC time: 09:27:30, date: 2022-12-13
[    2.226965] initcall early_resume_init+0x0/0xb9 returned 0 after 1953 usecs
[    2.227944] calling  cpufreq_core_init+0x0/0x62 @ 1
[    2.228949] initcall cpufreq_core_init+0x0/0x62 returned 0 after 0 usecs
[    2.229930] calling  cpufreq_gov_performance_init+0x0/0xc @ 1
[    2.230971] initcall cpufreq_gov_performance_init+0x0/0xc returned 0 after 0 usecs
[    2.231932] calling  cpufreq_gov_userspace_init+0x0/0xc @ 1
[    2.232933] initcall cpufreq_gov_userspace_init+0x0/0xc returned 0 after 0 usecs
[    2.233932] calling  CPU_FREQ_GOV_ONDEMAND_init+0x0/0xc @ 1
[    2.234933] initcall CPU_FREQ_GOV_ONDEMAND_init+0x0/0xc returned 0 after 0 usecs
[    2.235932] calling  cpuidle_init+0x0/0x1f @ 1
[    2.237015] initcall cpuidle_init+0x0/0x1f returned 0 after 0 usecs
[    2.237932] calling  capsule_reboot_register+0x0/0xc @ 1
[    2.238997] initcall capsule_reboot_register+0x0/0xc returned 0 after 0 usecs
[    2.239930] calling  sock_init+0x0/0x93 @ 1
[    2.242945] initcall sock_init+0x0/0x93 returned 0 after 1953 usecs
[    2.243931] calling  net_inuse_init+0x0/0x23 @ 1
[    2.244941] initcall net_inuse_init+0x0/0x23 returned 0 after 0 usecs
[    2.245930] calling  net_defaults_init+0x0/0x23 @ 1
[    2.246933] initcall net_defaults_init+0x0/0x23 returned 0 after 0 usecs
[    2.247931] calling  init_default_flow_dissectors+0x0/0x4f @ 1
[    2.248932] initcall init_default_flow_dissectors+0x0/0x4f returned 0 after 0 usecs
[    2.249931] calling  netpoll_init+0x0/0x26 @ 1
[    2.250930] initcall netpoll_init+0x0/0x26 returned 0 after 0 usecs
[    2.251930] calling  netlink_proto_init+0x0/0x14f @ 1
[    2.254521] NET: Registered protocol family 16
[    2.254948] initcall netlink_proto_init+0x0/0x14f returned 0 after 1953 usecs
[    2.255930] calling  genl_init+0x0/0x35 @ 1
[    2.256960] initcall genl_init+0x0/0x35 returned 0 after 0 usecs
[    2.258006] calling  bsp_pm_check_init+0x0/0x13 @ 1
[    2.258937] initcall bsp_pm_check_init+0x0/0x13 returned 0 after 0 usecs
[    2.259980] calling  irq_sysfs_init+0x0/0xb7 @ 1
[    2.261985] initcall irq_sysfs_init+0x0/0xb7 returned 0 after 976 usecs
[    2.262934] calling  audit_init+0x0/0x160 @ 1
[    2.263942] audit: initializing netlink subsys (disabled)
[    2.266233] initcall audit_init+0x0/0x160 returned 0 after 1953 usecs
[    2.266088] audit: type=2000 audit(1670923648.595:1): state=initialized audit_enabled=0 res=1
[    2.266933] calling  release_early_probes+0x0/0x32 @ 1
[    2.266938] initcall release_early_probes+0x0/0x32 returned 0 after 0 usecs
[    2.269935] calling  bdi_class_init+0x0/0x48 @ 1
[    2.271034] initcall bdi_class_init+0x0/0x48 returned 0 after 0 usecs
[    2.271931] calling  mm_sysfs_init+0x0/0x28 @ 1
[    2.272935] initcall mm_sysfs_init+0x0/0x28 returned 0 after 0 usecs
[    2.273930] calling  init_per_zone_wmark_min+0x0/0x6d @ 1
[    2.275936] initcall init_per_zone_wmark_min+0x0/0x6d returned 0 after 0 usecs
[    2.276929] calling  mpi_init+0x0/0x3e @ 1
[    2.277957] initcall mpi_init+0x0/0x3e returned 0 after 0 usecs
[    2.278932] calling  kobject_uevent_init+0x0/0xc @ 1
[    2.279941] initcall kobject_uevent_init+0x0/0xc returned 0 after 0 usecs
[    2.280932] calling  pcibus_class_init+0x0/0x13 @ 1
[    2.281943] initcall pcibus_class_init+0x0/0x13 returned 0 after 0 usecs
[    2.282931] calling  pci_driver_init+0x0/0x21 @ 1
[    2.284045] initcall pci_driver_init+0x0/0x21 returned 0 after 0 usecs
[    2.284931] calling  backlight_class_init+0x0/0xa8 @ 1
[    2.285975] initcall backlight_class_init+0x0/0xa8 returned 0 after 0 usecs
[    2.286933] calling  tty_class_init+0x0/0x33 @ 1
[    2.287959] initcall tty_class_init+0x0/0x33 returned 0 after 0 usecs
[    2.288930] calling  vtconsole_class_init+0x0/0xb5 @ 1
[    2.289998] initcall vtconsole_class_init+0x0/0xb5 returned 0 after 0 usecs
[    2.290931] calling  iommu_dev_init+0x0/0x13 @ 1
[    2.291956] initcall iommu_dev_init+0x0/0x13 returned 0 after 0 usecs
[    2.292930] calling  mipi_dsi_bus_init+0x0/0xc @ 1
[    2.293979] initcall mipi_dsi_bus_init+0x0/0xc returned 0 after 0 usecs
[    2.294945] calling  devlink_class_init+0x0/0x40 @ 1
[    2.295939] initcall devlink_class_init+0x0/0x40 returned 0 after 0 usecs
[    2.296932] calling  software_node_init+0x0/0x2a @ 1
[    2.297936] initcall software_node_init+0x0/0x2a returned 0 after 0 usecs
[    2.298930] calling  wakeup_sources_debugfs_init+0x0/0x23 @ 1
[    2.300051] initcall wakeup_sources_debugfs_init+0x0/0x23 returned 0 after 0 usecs
[    2.300931] calling  wakeup_sources_sysfs_init+0x0/0x2c @ 1
[    2.301942] initcall wakeup_sources_sysfs_init+0x0/0x2c returned 0 after 0 usecs
[    2.302931] calling  register_node_type+0x0/0x13 @ 1
[    2.303991] initcall register_node_type+0x0/0x13 returned 0 after 0 usecs
[    2.304930] calling  regmap_initcall+0x0/0xc @ 1
[    2.306027] initcall regmap_initcall+0x0/0xc returned 0 after 0 usecs
[    2.306931] calling  i2c_init+0x0/0xb3 @ 1
[    2.307998] initcall i2c_init+0x0/0xb3 returned 0 after 0 usecs
[    2.308932] calling  thermal_init+0x0/0xf2 @ 1
[    2.309974] thermal_sys: Registered thermal governor 'step_wise'
[    2.309975] thermal_sys: Registered thermal governor 'user_space'
[    2.310942] initcall thermal_init+0x0/0xf2 returned 0 after 976 usecs
[    2.312931] calling  init_menu+0x0/0xc @ 1
[    2.316089] cpuidle: using governor menu
[    2.321939] initcall init_menu+0x0/0xc returned 0 after 7812 usecs
[    2.329932] calling  pcc_init+0x0/0x4d @ 1
[    2.333931] initcall pcc_init+0x0/0x4d returned -19 after 0 usecs
[    2.343933] calling  amd_postcore_init+0x0/0x11e @ 1
[    2.349931] initcall amd_postcore_init+0x0/0x11e returned 0 after 0 usecs
[    2.358966] calling  bts_init+0x0/0xba @ 1
[    2.363932] initcall bts_init+0x0/0xba returned -19 after 0 usecs
[    2.371932] calling  pt_init+0x0/0x341 @ 1
[    2.377930] initcall pt_init+0x0/0x341 returned -19 after 0 usecs
[    2.385934] calling  boot_params_ksysfs_init+0x0/0x2ee @ 1
[    2.393333] initcall boot_params_ksysfs_init+0x0/0x2ee returned 0 after 0 usecs
[    2.401931] calling  sbf_init+0x0/0xea @ 1
[    2.406932] initcall sbf_init+0x0/0xea returned 0 after 0 usecs
[    2.414932] calling  arch_kdebugfs_init+0x0/0x219 @ 1
[    2.422121] initcall arch_kdebugfs_init+0x0/0x219 returned 0 after 976 usecs
[    2.430979] calling  intel_pconfig_init+0x0/0x85 @ 1
[    2.436931] initcall intel_pconfig_init+0x0/0x85 returned 0 after 0 usecs
[    2.445930] calling  mtrr_if_init+0x0/0x5d @ 1
[    2.453987] initcall mtrr_if_init+0x0/0x5d returned 0 after 1953 usecs
[    2.464942] calling  activate_jump_labels+0x0/0x31 @ 1
[    2.473936] initcall activate_jump_labels+0x0/0x31 returned 0 after 0 usecs
[    2.484932] calling  ffh_cstate_init+0x0/0x29 @ 1
[    2.490936] initcall ffh_cstate_init+0x0/0x29 returned 0 after 0 usecs
[    2.498938] calling  activate_jump_labels+0x0/0x31 @ 1
[    2.508937] initcall activate_jump_labels+0x0/0x31 returned 0 after 2929 usecs
[    2.517933] calling  kvm_alloc_cpumask+0x0/0x87 @ 1
[    2.524992] initcall kvm_alloc_cpumask+0x0/0x87 returned 0 after 0 usecs
[    2.532931] calling  kcmp_cookies_init+0x0/0x37 @ 1
[    2.539936] initcall kcmp_cookies_init+0x0/0x37 returned 0 after 0 usecs
[    2.549935] calling  cryptomgr_init+0x0/0xc @ 1
[    2.558005] initcall cryptomgr_init+0x0/0xc returned 0 after 0 usecs
[    2.568940] calling  acpi_pci_init+0x0/0x57 @ 1
[    2.574931] ACPI: bus type PCI registered
[    2.580934] initcall acpi_pci_init+0x0/0x57 returned 0 after 5859 usecs
[    2.588933] calling  dma_channel_table_init+0x0/0xd1 @ 1
[    2.595961] initcall dma_channel_table_init+0x0/0xd1 returned 0 after 0 usecs
[    2.604933] calling  dma_bus_init+0x0/0xdc @ 1
[    2.611257] initcall dma_bus_init+0x0/0xdc returned 0 after 0 usecs
[    2.618992] calling  iommu_dma_init+0x0/0x10 @ 1
[    2.624934] initcall iommu_dma_init+0x0/0x10 returned 0 after 0 usecs
[    2.635935] calling  dmi_id_init+0x0/0x37c @ 1
[    2.644076] initcall dmi_id_init+0x0/0x37c returned 0 after 976 usecs
[    2.653936] calling  pci_arch_init+0x0/0x71 @ 1
[    2.662410] PCI: MMCONFIG for domain 0000 [bus 00-ff] at [mem 0xb0000000-0xbfffffff] (base 0xb0000000)
[    2.673950] PCI: MMCONFIG at [mem 0xb0000000-0xbfffffff] reserved in E820
[    2.683963] PCI: Using configuration type 1 for base access
[    2.692014] initcall pci_arch_init+0x0/0x71 returned 0 after 30273 usecs
[    2.699961] calling  init_vdso+0x0/0x13 @ 1
[    2.705252] initcall init_vdso+0x0/0x13 returned 0 after 0 usecs
[    2.712933] calling  sysenter_setup+0x0/0x13 @ 1
[    2.719095] initcall sysenter_setup+0x0/0x13 returned 0 after 0 usecs
[    2.730933] calling  fixup_ht_bug+0x0/0xe5 @ 1
[    2.736934] initcall fixup_ht_bug+0x0/0xe5 returned 0 after 0 usecs
[    2.746934] calling  topology_init+0x0/0x8b @ 1
[    2.764945] initcall topology_init+0x0/0x8b returned 0 after 9765 usecs
[    2.770934] calling  intel_epb_init+0x0/0x68 @ 1
[    2.775933] initcall intel_epb_init+0x0/0x68 returned -19 after 0 usecs
[    2.785933] calling  mtrr_init_finialize+0x0/0x3e @ 1
[    2.791933] initcall mtrr_init_finialize+0x0/0x3e returned 0 after 0 usecs
[    2.799935] calling  uid_cache_init+0x0/0x85 @ 1
[    2.805941] initcall uid_cache_init+0x0/0x85 returned 0 after 0 usecs
[    2.816936] calling  param_sysfs_init+0x0/0x1ba @ 1
[    2.832004] initcall param_sysfs_init+0x0/0x1ba returned 0 after 8789 usecs
[    2.840936] calling  user_namespace_sysctl_init+0x0/0x33 @ 1
[    2.850959] initcall user_namespace_sysctl_init+0x0/0x33 returned 0 after 0 usecs
[    2.862935] calling  proc_schedstat_init+0x0/0x24 @ 1
[    2.872940] initcall proc_schedstat_init+0x0/0x24 returned 0 after 0 usecs
[    2.880933] calling  pm_sysrq_init+0x0/0x18 @ 1
[    2.892716] initcall pm_sysrq_init+0x0/0x18 returned 0 after 5859 usecs
[    2.900995] calling  create_proc_profile+0x0/0xd0 @ 1
[    2.907935] initcall create_proc_profile+0x0/0xd0 returned 0 after 0 usecs
[    2.916933] calling  time_ns_init+0x0/0x7 @ 1
[    2.922932] initcall time_ns_init+0x0/0x7 returned 0 after 0 usecs
[    2.930930] calling  crash_save_vmcoreinfo_init+0x0/0x722 @ 1
[    2.939206] initcall crash_save_vmcoreinfo_init+0x0/0x722 returned 0 after 0 usecs
[    2.948931] calling  crash_notes_memory_init+0x0/0x35 @ 1
[    2.955939] initcall crash_notes_memory_init+0x0/0x35 returned 0 after 0 usecs
[    2.965931] calling  cgroup_sysfs_init+0x0/0x13 @ 1
[    2.971975] initcall cgroup_sysfs_init+0x0/0x13 returned 0 after 0 usecs
[    2.980930] calling  cgroup_namespaces_init+0x0/0x7 @ 1
[    2.987930] initcall cgroup_namespaces_init+0x0/0x7 returned 0 after 0 usecs
[    2.996930] calling  init_optprobes+0x0/0x13 @ 1
[    3.002929] Kprobes globally optimized
[    3.008931] initcall init_optprobes+0x0/0x13 returned 0 after 5859 usecs
[    3.017938] calling  oom_init+0x0/0x2f @ 1
[    3.025249] initcall oom_init+0x0/0x2f returned 0 after 976 usecs
[    3.033932] calling  default_bdi_init+0x0/0xb3 @ 1
[    3.042341] initcall default_bdi_init+0x0/0xb3 returned 0 after 1953 usecs
[    3.051933] calling  percpu_enable_async+0x0/0xe @ 1
[    3.058934] initcall percpu_enable_async+0x0/0xe returned 0 after 0 usecs
[    3.067950] calling  kcompactd_init+0x0/0x90 @ 1
[    3.075287] initcall kcompactd_init+0x0/0x90 returned 0 after 976 usecs
[    3.085028] calling  init_user_reserve+0x0/0x40 @ 1
[    3.091939] initcall init_user_reserve+0x0/0x40 returned 0 after 0 usecs
[    3.099934] calling  init_admin_reserve+0x0/0x40 @ 1
[    3.106932] initcall init_admin_reserve+0x0/0x40 returned 0 after 0 usecs
[    3.114934] calling  init_reserve_notifier+0x0/0x7 @ 1
[    3.121933] initcall init_reserve_notifier+0x0/0x7 returned 0 after 0 usecs
[    3.130935] calling  swap_init_sysfs+0x0/0x62 @ 1
[    3.136959] initcall swap_init_sysfs+0x0/0x62 returned 0 after 0 usecs
[    3.145933] calling  swapfile_init+0x0/0x96 @ 1
[    3.151954] initcall swapfile_init+0x0/0x96 returned 0 after 0 usecs
[    3.160932] calling  hugetlb_init+0x0/0x49f @ 1
[    3.167037] HugeTLB registered 2.00 MiB page size, pre-allocated 0 pages
[    3.176046] initcall hugetlb_init+0x0/0x49f returned 0 after 9765 usecs
[    3.184932] calling  io_wq_init+0x0/0x34 @ 1
[    3.190931] initcall io_wq_init+0x0/0x34 returned 0 after 0 usecs
[    3.197932] calling  seqiv_module_init+0x0/0xc @ 1
[    3.203932] initcall seqiv_module_init+0x0/0xc returned 0 after 0 usecs
[    3.212946] calling  echainiv_module_init+0x0/0xc @ 1
[    3.218931] initcall echainiv_module_init+0x0/0xc returned 0 after 0 usecs
[    3.227988] calling  rsa_init+0x0/0x50 @ 1
[    3.234249] initcall rsa_init+0x0/0x50 returned 0 after 976 usecs
[    3.234249] cryptomgr_test (63) used greatest stack depth: 15504 bytes left
[    3.241933] calling  crypto_cmac_module_init+0x0/0xc @ 1
[    3.241936] initcall crypto_cmac_module_init+0x0/0xc returned 0 after 0 usecs
[    3.241955] calling  hmac_module_init+0x0/0xc @ 1
[    3.241957] initcall hmac_module_init+0x0/0xc returned 0 after 0 usecs
[    3.241959] calling  crypto_null_mod_init+0x0/0x65 @ 1
[    3.247950] initcall crypto_null_mod_init+0x0/0x65 returned 0 after 5859 usecs
[    3.252003] cryptomgr_test (64) used greatest stack depth: 15408 bytes left
[    3.258933] calling  md5_mod_init+0x0/0xc @ 1
[    3.259930] initcall md5_mod_init+0x0/0xc returned 0 after 976 usecs
[    3.322939] calling  sha256_generic_mod_init+0x0/0x11 @ 1
[    3.337445] initcall sha256_generic_mod_init+0x0/0x11 returned 0 after 6835 usecs
[    3.347519] calling  crypto_cbc_module_init+0x0/0xc @ 1
[    3.355945] initcall crypto_cbc_module_init+0x0/0xc returned 0 after 0 usecs
[    3.366937] calling  crypto_ctr_module_init+0x0/0x11 @ 1
[    3.373937] initcall crypto_ctr_module_init+0x0/0x11 returned 0 after 0 usecs
[    3.383933] calling  crypto_gcm_module_init+0x0/0x64 @ 1
[    3.391079] initcall crypto_gcm_module_init+0x0/0x64 returned 0 after 0 usecs
[    3.400934] calling  crypto_ccm_module_init+0x0/0x11 @ 1
[    3.407937] initcall crypto_ccm_module_init+0x0/0x11 returned 0 after 0 usecs
[    3.417934] calling  aes_init+0x0/0xc @ 1
[    3.424362] initcall aes_init+0x0/0xc returned 0 after 976 usecs
[    3.430944] calling  crc32c_mod_init+0x0/0xc @ 1
[    3.446576] initcall crc32c_mod_init+0x0/0xc returned 0 after 6835 usecs
[    3.455936] calling  crypto_authenc_module_init+0x0/0xc @ 1
[    3.462936] initcall crypto_authenc_module_init+0x0/0xc returned 0 after 0 usecs
[    3.471932] calling  crypto_authenc_esn_module_init+0x0/0xc @ 1
[    3.478933] initcall crypto_authenc_esn_module_init+0x0/0xc returned 0 after 0 usecs
[    3.487931] calling  drbg_init+0x0/0x7c @ 1
[    3.504953] cryptomgr_test (80) used greatest stack depth: 15184 bytes left
[    3.535350] initcall drbg_init+0x0/0x7c returned 0 after 41992 usecs
[    3.543966] calling  ghash_mod_init+0x0/0xc @ 1
[    3.551068] initcall ghash_mod_init+0x0/0xc returned 0 after 976 usecs
[    3.558935] calling  init_bio+0x0/0x9a @ 1
[    3.566931] initcall init_bio+0x0/0x9a returned 0 after 2929 usecs
[    3.574935] calling  blk_settings_init+0x0/0x29 @ 1
[    3.583932] initcall blk_settings_init+0x0/0x29 returned 0 after 0 usecs
[    3.593931] calling  blk_ioc_init+0x0/0x29 @ 1
[    3.599939] initcall blk_ioc_init+0x0/0x29 returned 0 after 0 usecs
[    3.607932] calling  blk_mq_init+0x0/0xb9 @ 1
[    3.613936] initcall blk_mq_init+0x0/0xb9 returned 0 after 0 usecs
[    3.622931] calling  genhd_device_init+0x0/0x75 @ 1
[    3.633292] initcall genhd_device_init+0x0/0x75 returned 0 after 2929 usecs
[    3.642056] calling  pci_slot_init+0x0/0x40 @ 1
[    3.646942] initcall pci_slot_init+0x0/0x40 returned 0 after 0 usecs
[    3.655932] calling  fbmem_init+0x0/0xd8 @ 1
[    3.662019] initcall fbmem_init+0x0/0xd8 returned 0 after 1953 usecs
[    3.669931] calling  acpi_init+0x0/0x319 @ 1
[    3.674926] ACPI: Added _OSI(Module Device)
[    3.679928] ACPI: Added _OSI(Processor Device)
[    3.685956] ACPI: Added _OSI(3.0 _SCP Extensions)
[    3.690929] ACPI: Added _OSI(Processor Aggregator Device)
[    3.697931] ACPI: Added _OSI(Linux-Dell-Video)
[    3.703932] ACPI: Added _OSI(Linux-Lenovo-NV-HDMI-Audio)
[    3.709931] ACPI: Added _OSI(Linux-HPI-Hybrid-Graphics)
[    3.725011] ACPI: 1 ACPI AML tables successfully acquired and loaded
[    3.744002] ACPI: Interpreter enabled
[    3.751195] ACPI: (supports S0 S3 S4 S5)
[    3.756931] ACPI: Using IOAPIC for interrupt routing
[    3.765053] PCI: Using host bridge windows from ACPI; if necessary, use "pci=nocrs" and report a bug
[    3.778725] ACPI: Enabled 2 GPEs in block 00 to 3F
[    3.806082] ACPI: PCI Root Bridge [PCI0] (domain 0000 [bus 00-ff])
[    3.814940] acpi PNP0A08:00: _OSC: OS supports [ExtendedConfig ASPM ClockPM Segments MSI HPX-Type3]
[    3.827027] acpi PNP0A08:00: _OSC: platform does not support [LTR]
[    3.835008] acpi PNP0A08:00: _OSC: OS now controls [PME PCIeCapability]
[    3.844179] PCI host bridge to bus 0000:00
[    3.849931] pci_bus 0000:00: root bus resource [io  0x0000-0x0cf7 window]
[    3.858930] pci_bus 0000:00: root bus resource [io  0x0d00-0xffff window]
[    3.869940] pci_bus 0000:00: root bus resource [mem 0x000a0000-0x000bffff window]
[    3.879936] pci_bus 0000:00: root bus resource [mem 0x20000000-0xafffffff window]
[    3.889949] pci_bus 0000:00: root bus resource [mem 0xc0000000-0xfebfffff window]
[    3.899932] pci_bus 0000:00: root bus resource [mem 0x100000000-0x8ffffffff window]
[    3.908931] pci_bus 0000:00: root bus resource [bus 00-ff]
[    3.915964] pci 0000:00:00.0: calling  quirk_mmio_always_on+0x0/0x10 @ 1
[    3.924934] pci 0000:00:00.0: quirk_mmio_always_on+0x0/0x10 took 0 usecs
[    3.932944] pci 0000:00:00.0: [8086:29c0] type 00 class 0x060000
[    3.943067] pci 0000:00:00.0: calling  quirk_igfx_skip_te_disable+0x0/0x80 @ 1
[    3.952933] pci 0000:00:00.0: quirk_igfx_skip_te_disable+0x0/0x80 took 0 usecs
[    3.962493] pci 0000:00:01.0: [1234:1111] type 00 class 0x030000
[    3.982923] pci 0000:00:01.0: reg 0x10: [mem 0xfd000000-0xfdffffff pref]
[    4.017923] pci 0000:00:01.0: reg 0x18: [mem 0xfebf0000-0xfebf0fff]
[    4.073923] pci 0000:00:01.0: reg 0x30: [mem 0xfebe0000-0xfebeffff pref]
[    4.094923] pci 0000:00:01.0: calling  efifb_fixup_resources+0x0/0xf0 @ 1
[    4.107011] pci 0000:00:01.0: efifb_fixup_resources+0x0/0xf0 took 0 usecs
[    4.123785] pci 0000:00:1f.0: [8086:2918] type 00 class 0x060100
[    4.136730] pci 0000:00:1f.0: calling  quirk_ich7_lpc+0x0/0x60 @ 1
[    4.144994] pci 0000:00:1f.0: quirk: [io  0x0600-0x067f] claimed by ICH6 ACPI/GPIO/TCO
[    4.156370] pci 0000:00:1f.0: quirk_ich7_lpc+0x0/0x60 took 10742 usecs
[    4.165125] pci 0000:00:1f.0: calling  quirk_igfx_skip_te_disable+0x0/0x80 @ 1
[    4.173964] pci 0000:00:1f.0: quirk_igfx_skip_te_disable+0x0/0x80 took 0 usecs
[    4.185445] pci 0000:00:1f.2: [8086:2922] type 00 class 0x010601
[    4.202930] pci 0000:00:1f.2: reg 0x20: [io  0xc040-0xc05f]
[    4.211929] pci 0000:00:1f.2: reg 0x24: [mem 0xfebf1000-0xfebf1fff]
[    4.221698] pci 0000:00:1f.2: calling  quirk_igfx_skip_te_disable+0x0/0x80 @ 1
[    4.231941] pci 0000:00:1f.2: quirk_igfx_skip_te_disable+0x0/0x80 took 0 usecs
[    4.244646] pci 0000:00:1f.3: [8086:2930] type 00 class 0x0c0500
[    4.258151] pci 0000:00:1f.3: reg 0x20: [io  0x0700-0x073f]
[    4.267422] pci 0000:00:1f.3: calling  quirk_igfx_skip_te_disable+0x0/0x80 @ 1
[    4.277370] pci 0000:00:1f.3: quirk_igfx_skip_te_disable+0x0/0x80 took 0 usecs
[    4.291990] ACPI: PCI Interrupt Link [LNKA] (IRQs 5 *10 11)
[    4.300359] ACPI: PCI Interrupt Link [LNKB] (IRQs 5 *10 11)
[    4.307046] ACPI: PCI Interrupt Link [LNKC] (IRQs 5 10 *11)
[    4.315332] ACPI: PCI Interrupt Link [LNKD] (IRQs 5 10 *11)
[    4.321357] ACPI: PCI Interrupt Link [LNKE] (IRQs 5 *10 11)
[    4.329055] ACPI: PCI Interrupt Link [LNKF] (IRQs 5 *10 11)
[    4.337343] ACPI: PCI Interrupt Link [LNKG] (IRQs 5 10 *11)
[    4.344137] ACPI: PCI Interrupt Link [LNKH] (IRQs 5 10 *11)
[    4.352128] ACPI: PCI Interrupt Link [GSIA] (IRQs *16)
[    4.359950] ACPI: PCI Interrupt Link [GSIB] (IRQs *17)
[    4.367970] ACPI: PCI Interrupt Link [GSIC] (IRQs *18)
[    4.376950] ACPI: PCI Interrupt Link [GSID] (IRQs *19)
[    4.385969] ACPI: PCI Interrupt Link [GSIE] (IRQs *20)
[    4.393951] ACPI: PCI Interrupt Link [GSIF] (IRQs *21)
[    4.402980] ACPI: PCI Interrupt Link [GSIG] (IRQs *22)
[    4.410931] ACPI: PCI Interrupt Link [GSIH] (IRQs *23)
[    4.434427] initcall acpi_init+0x0/0x319 returned 0 after 743164 usecs
[    4.442991] calling  pnp_init+0x0/0xc @ 1
[    4.449010] initcall pnp_init+0x0/0xc returned 0 after 0 usecs
[    4.455930] calling  misc_init+0x0/0xbf @ 1
[    4.461929] initcall misc_init+0x0/0xbf returned 0 after 0 usecs
[    4.469945] calling  iommu_subsys_init+0x0/0x4e @ 1
[    4.477054] iommu: Default domain type: Translated 
[    4.482930] initcall iommu_subsys_init+0x0/0x4e returned 0 after 5859 usecs
[    4.491929] calling  vga_arb_device_init+0x0/0x261 @ 1
[    4.504256] pci 0000:00:01.0: vgaarb: setting as boot VGA device
[    4.504923] pci 0000:00:01.0: vgaarb: VGA device added: decodes=io+mem,owns=io+mem,locks=none
[    4.524932] pci 0000:00:01.0: vgaarb: bridge control possible
[    4.532928] vgaarb: loaded
[    4.536931] initcall vga_arb_device_init+0x0/0x261 returned 0 after 37109 usecs
[    4.546059] calling  cn_init+0x0/0xf0 @ 1
[    4.552269] initcall cn_init+0x0/0xf0 returned 0 after 0 usecs
[    4.559931] calling  dma_buf_init+0x0/0xad @ 1
[    4.566124] initcall dma_buf_init+0x0/0xad returned 0 after 976 usecs
[    4.574930] calling  init_scsi+0x0/0x79 @ 1
[    4.581391] SCSI subsystem initialized
[    4.585962] initcall init_scsi+0x0/0x79 returned 0 after 4882 usecs
[    4.593929] calling  ata_init+0x0/0x332 @ 1
[    4.602401] libata version 3.00 loaded.
[    4.606931] initcall ata_init+0x0/0x332 returned 0 after 6835 usecs
[    4.616933] calling  phy_init+0x0/0x250 @ 1
[    4.622158] initcall phy_init+0x0/0x250 returned 0 after 0 usecs
[    4.629931] calling  init_pcmcia_cs+0x0/0x35 @ 1
[    4.636046] initcall init_pcmcia_cs+0x0/0x35 returned 0 after 976 usecs
[    4.644930] calling  usb_common_init+0x0/0x1c @ 1
[    4.651987] initcall usb_common_init+0x0/0x1c returned 0 after 0 usecs
[    4.660930] calling  usb_init+0x0/0x12e @ 1
[    4.665991] ACPI: bus type USB registered
[    4.672026] usbcore: registered new interface driver usbfs
[    4.680067] usbcore: registered new interface driver hub
[    4.686970] usbcore: registered new device driver usb
[    4.693933] initcall usb_init+0x0/0x12e returned 0 after 27343 usecs
[    4.702932] calling  serio_init+0x0/0x29 @ 1
[    4.710003] initcall serio_init+0x0/0x29 returned 0 after 0 usecs
[    4.719944] calling  input_init+0x0/0xf6 @ 1
[    4.726935] initcall input_init+0x0/0xf6 returned 0 after 0 usecs
[    4.736935] calling  rtc_init+0x0/0x4d @ 1
[    4.746004] initcall rtc_init+0x0/0x4d returned 0 after 0 usecs
[    4.753931] calling  pps_init+0x0/0xa9 @ 1
[    4.758951] pps_core: LinuxPPS API ver. 1 registered
[    4.764927] pps_core: Software ver. 5.3.6 - Copyright 2005-2007 Rodolfo Giometti <giometti@linux.it>
[    4.775933] initcall pps_init+0x0/0xa9 returned 0 after 16601 usecs
[    4.783933] calling  ptp_init+0x0/0x98 @ 1
[    4.788937] PTP clock support registered
[    4.793931] initcall ptp_init+0x0/0x98 returned 0 after 4882 usecs
[    4.801939] calling  power_supply_class_init+0x0/0x3f @ 1
[    4.809139] initcall power_supply_class_init+0x0/0x3f returned 0 after 0 usecs
[    4.817932] calling  hwmon_init+0x0/0x104 @ 1
[    4.823947] initcall hwmon_init+0x0/0x104 returned 0 after 0 usecs
[    4.831931] calling  md_init+0x0/0x16b @ 1
[    4.838136] initcall md_init+0x0/0x16b returned 0 after 976 usecs
[    4.845932] calling  leds_init+0x0/0x3b @ 1
[    4.850984] initcall leds_init+0x0/0x3b returned 0 after 0 usecs
[    4.858933] calling  dmi_init+0x0/0x113 @ 1
[    4.864173] initcall dmi_init+0x0/0x113 returned 0 after 0 usecs
[    4.871933] calling  efisubsys_init+0x0/0x4e7 @ 1
[    4.877951] initcall efisubsys_init+0x0/0x4e7 returned 0 after 0 usecs
[    4.885930] calling  nvmem_init+0x0/0xc @ 1
[    4.890997] initcall nvmem_init+0x0/0xc returned 0 after 0 usecs
[    4.897931] calling  init_soundcore+0x0/0x33 @ 1
[    4.903994] initcall init_soundcore+0x0/0x33 returned 0 after 0 usecs
[    4.911930] calling  alsa_sound_init+0x0/0x8f @ 1
[    4.917061] Advanced Linux Sound Architecture Driver Initialized.
[    4.924946] initcall alsa_sound_init+0x0/0x8f returned 0 after 7812 usecs
[    4.932931] calling  alsa_seq_device_init+0x0/0x71 @ 1
[    4.939016] initcall alsa_seq_device_init+0x0/0x71 returned 0 after 976 usecs
[    4.947931] calling  hda_bus_init+0x0/0xc @ 1
[    4.952962] initcall hda_bus_init+0x0/0xc returned 0 after 976 usecs
[    4.960931] calling  proto_init+0x0/0xc @ 1
[    4.965932] initcall proto_init+0x0/0xc returned 0 after 0 usecs
[    4.973939] calling  net_dev_init+0x0/0x209 @ 1
[    4.980723] initcall net_dev_init+0x0/0x209 returned 0 after 976 usecs
[    4.988935] calling  neigh_init+0x0/0x84 @ 1
[    4.995934] initcall neigh_init+0x0/0x84 returned 0 after 0 usecs
[    5.003931] calling  fib_notifier_init+0x0/0xc @ 1
[    5.010023] initcall fib_notifier_init+0x0/0xc returned 0 after 0 usecs
[    5.018930] calling  fib_rules_init+0x0/0xab @ 1
[    5.025012] initcall fib_rules_init+0x0/0xab returned 0 after 0 usecs
[    5.032931] calling  pktsched_init+0x0/0x10e @ 1
[    5.038962] initcall pktsched_init+0x0/0x10e returned 0 after 0 usecs
[    5.047931] calling  tc_filter_init+0x0/0xfa @ 1
[    5.053955] initcall tc_filter_init+0x0/0xfa returned 0 after 0 usecs
[    5.061930] calling  tc_action_init+0x0/0x54 @ 1
[    5.068932] initcall tc_action_init+0x0/0x54 returned 0 after 0 usecs
[    5.076932] calling  ethnl_init+0x0/0x52 @ 1
[    5.084005] initcall ethnl_init+0x0/0x52 returned 0 after 976 usecs
[    5.092974] calling  nexthop_init+0x0/0xd8 @ 1
[    5.100012] initcall nexthop_init+0x0/0xd8 returned 0 after 0 usecs
[    5.107931] calling  cipso_v4_init+0x0/0x5d @ 1
[    5.113995] initcall cipso_v4_init+0x0/0x5d returned 0 after 0 usecs
[    5.121932] calling  ieee80211_init+0x0/0x24 @ 1
[    5.128056] initcall ieee80211_init+0x0/0x24 returned 0 after 0 usecs
[    5.136931] calling  netlbl_init+0x0/0x78 @ 1
[    5.141942] NetLabel: Initializing
[    5.146927] NetLabel:  domain hash size = 128
[    5.152927] NetLabel:  protocols = UNLABELED CIPSOv4 CALIPSO
[    5.160181] NetLabel:  unlabeled traffic allowed by default
[    5.167932] initcall netlbl_init+0x0/0x78 returned 0 after 25390 usecs
[    5.176933] calling  rfkill_init+0x0/0x111 @ 1
[    5.183054] initcall rfkill_init+0x0/0x111 returned 0 after 976 usecs
[    5.191935] calling  pci_subsys_init+0x0/0x66 @ 1
[    5.197967] PCI: Using ACPI for IRQ routing
[    5.887658] PCI: pci_cache_line_size set to 64 bytes
[    5.892707] e820: reserve RAM buffer [mem 0x0009fc00-0x0009ffff]
[    5.901009] e820: reserve RAM buffer [mem 0x1ffdf000-0x1fffffff]
[    5.908021] initcall pci_subsys_init+0x0/0x66 returned 0 after 693359 usecs
[    5.917472] calling  nmi_warning_debugfs+0x0/0x26 @ 1
[    5.926086] initcall nmi_warning_debugfs+0x0/0x26 returned 0 after 0 usecs
[    5.934942] calling  save_microcode_in_initrd+0x0/0x51 @ 1
[    5.944095] initcall save_microcode_in_initrd+0x0/0x51 returned 0 after 0 usecs
[    5.952947] calling  hpet_late_init+0x0/0x20d @ 1
[    5.958093] hpet: 3 channels of 0 reserved for per-cpu timers
[    5.966058] hpet0: at MMIO 0xfed00000, IRQs 2, 8, 0
[    5.971928] hpet0: 3 comparators, 64-bit 100.000000 MHz counter
[    5.984935] initcall hpet_late_init+0x0/0x20d returned 0 after 26367 usecs
[    5.992934] calling  init_amd_nbs+0x0/0x11c @ 1
[    5.998972] initcall init_amd_nbs+0x0/0x11c returned 0 after 0 usecs
[    6.006952] calling  clocksource_done_booting+0x0/0x41 @ 1
[    6.017384] clocksource: Switched to clocksource kvm-clock
[    6.024206] initcall clocksource_done_booting+0x0/0x41 returned 0 after 11014 usecs
[    6.033322] calling  tracer_init_tracefs+0x0/0x242 @ 1
[    6.216527] initcall tracer_init_tracefs+0x0/0x242 returned 0 after 172814 usecs
[    6.226319] calling  init_trace_printk_function_export+0x0/0x2c @ 1
[    6.235035] initcall init_trace_printk_function_export+0x0/0x2c returned 0 after 129 usecs
[    6.246578] calling  init_kprobe_trace+0x0/0x1a9 @ 1
[    6.253348] initcall init_kprobe_trace+0x0/0x1a9 returned 0 after 40 usecs
[    6.262522] calling  init_dynamic_event+0x0/0x3d @ 1
[    6.269347] initcall init_dynamic_event+0x0/0x3d returned 0 after 8 usecs
[    6.278461] calling  init_uprobe_trace+0x0/0x5c @ 1
[    6.285317] initcall init_uprobe_trace+0x0/0x5c returned 0 after 26 usecs
[    6.295023] calling  init_pipe_fs+0x0/0x44 @ 1
[    6.301085] initcall init_pipe_fs+0x0/0x44 returned 0 after 175 usecs
[    6.309866] calling  inotify_user_setup+0x0/0x47 @ 1
[    6.316828] initcall inotify_user_setup+0x0/0x47 returned 0 after 110 usecs
[    6.326272] calling  eventpoll_init+0x0/0xd4 @ 1
[    6.332863] initcall eventpoll_init+0x0/0xd4 returned 0 after 189 usecs
[    6.341891] calling  anon_inode_init+0x0/0x58 @ 1
[    6.348689] initcall anon_inode_init+0x0/0x58 returned 0 after 44 usecs
[    6.357611] calling  proc_locks_init+0x0/0x27 @ 1
[    6.364390] initcall proc_locks_init+0x0/0x27 returned 0 after 6 usecs
[    6.373115] calling  iomap_init+0x0/0x1b @ 1
[    6.379955] initcall iomap_init+0x0/0x1b returned 0 after 1152 usecs
[    6.388817] calling  dquot_init+0x0/0x106 @ 1
[    6.397039] VFS: Disk quotas dquot_6.6.0
[    6.402046] VFS: Dquot-cache hash table entries: 512 (order 0, 4096 bytes)
[    6.410326] initcall dquot_init+0x0/0x106 returned 0 after 12973 usecs
[    6.418043] calling  quota_init+0x0/0x23 @ 1
[    6.423284] initcall quota_init+0x0/0x23 returned 0 after 10 usecs
[    6.430857] calling  proc_cmdline_init+0x0/0x21 @ 1
[    6.437033] initcall proc_cmdline_init+0x0/0x21 returned 0 after 5 usecs
[    6.445075] calling  proc_consoles_init+0x0/0x24 @ 1
[    6.451060] initcall proc_consoles_init+0x0/0x24 returned 0 after 3 usecs
[    6.459143] calling  proc_cpuinfo_init+0x0/0x1e @ 1
[    6.465016] initcall proc_cpuinfo_init+0x0/0x1e returned 0 after 3 usecs
[    6.473115] calling  proc_devices_init+0x0/0x24 @ 1
[    6.479421] initcall proc_devices_init+0x0/0x24 returned 0 after 3 usecs
[    6.487640] calling  proc_interrupts_init+0x0/0x24 @ 1
[    6.493981] initcall proc_interrupts_init+0x0/0x24 returned 0 after 3 usecs
[    6.502408] calling  proc_loadavg_init+0x0/0x21 @ 1
[    6.508443] initcall proc_loadavg_init+0x0/0x21 returned 0 after 4 usecs
[    6.516643] calling  proc_meminfo_init+0x0/0x21 @ 1
[    6.522669] initcall proc_meminfo_init+0x0/0x21 returned 0 after 3 usecs
[    6.530879] calling  proc_stat_init+0x0/0x1e @ 1
[    6.536633] initcall proc_stat_init+0x0/0x1e returned 0 after 4 usecs
[    6.544500] calling  proc_uptime_init+0x0/0x21 @ 1
[    6.550382] initcall proc_uptime_init+0x0/0x21 returned 0 after 3 usecs
[    6.558371] calling  proc_version_init+0x0/0x21 @ 1
[    6.564483] initcall proc_version_init+0x0/0x21 returned 0 after 3 usecs
[    6.572606] calling  proc_softirqs_init+0x0/0x21 @ 1
[    6.578709] initcall proc_softirqs_init+0x0/0x21 returned 0 after 3 usecs
[    6.587103] calling  proc_kcore_init+0x0/0xea @ 1
[    6.592916] initcall proc_kcore_init+0x0/0xea returned 0 after 32 usecs
[    6.601243] calling  vmcore_init+0x0/0x578 @ 1
[    6.606909] initcall vmcore_init+0x0/0x578 returned 0 after 44 usecs
[    6.615511] calling  proc_kmsg_init+0x0/0x21 @ 1
[    6.621238] initcall proc_kmsg_init+0x0/0x21 returned 0 after 5 usecs
[    6.629293] calling  proc_page_init+0x0/0x3b @ 1
[    6.635201] initcall proc_page_init+0x0/0x3b returned 0 after 5 usecs
[    6.643182] calling  init_ramfs_fs+0x0/0xc @ 1
[    6.648731] initcall init_ramfs_fs+0x0/0xc returned 0 after 22 usecs
[    6.656571] calling  init_hugetlbfs_fs+0x0/0xf6 @ 1
[    6.663169] initcall init_hugetlbfs_fs+0x0/0xf6 returned 0 after 319 usecs
[    6.672152] calling  blk_scsi_ioctl_init+0x0/0x2a5 @ 1
[    6.679187] initcall blk_scsi_ioctl_init+0x0/0x2a5 returned 0 after 27 usecs
[    6.688197] calling  acpi_event_init+0x0/0x2c @ 1
[    6.694167] initcall acpi_event_init+0x0/0x2c returned 0 after 16 usecs
[    6.703180] calling  pnp_system_init+0x0/0xc @ 1
[    6.709502] initcall pnp_system_init+0x0/0xc returned 0 after 68 usecs
[    6.717825] calling  pnpacpi_init+0x0/0x69 @ 1
[    6.724656] pnp: PnP ACPI init
[    6.729503] pnp 00:00: Plug and Play ACPI device, IDs PNP0303 (active)
[    6.737646] pnp 00:01: Plug and Play ACPI device, IDs PNP0f13 (active)
[    6.745804] pnp 00:02: Plug and Play ACPI device, IDs PNP0400 (active)
[    6.753912] pnp 00:03: Plug and Play ACPI device, IDs PNP0501 (active)
[    6.762114] pnp 00:04: Plug and Play ACPI device, IDs PNP0b00 (active)
[    6.770181] system 00:05: [mem 0xb0000000-0xbfffffff window] has been reserved
[    6.778920] system 00:05: Plug and Play ACPI device, IDs PNP0c01 (active)
[    6.788417] pnp: PnP ACPI: found 6 devices
[    6.793649] initcall pnpacpi_init+0x0/0x69 returned 0 after 67387 usecs
[    6.801994] calling  chr_dev_init+0x0/0x14d @ 1
[    6.894614] initcall chr_dev_init+0x0/0x14d returned 0 after 84726 usecs
[    6.903704] calling  firmware_class_init+0x0/0xe7 @ 1
[    6.911176] initcall firmware_class_init+0x0/0xe7 returned 0 after 95 usecs
[    6.920859] calling  init_pcmcia_bus+0x0/0x5b @ 1
[    6.927005] initcall init_pcmcia_bus+0x0/0x5b returned 0 after 24 usecs
[    6.935593] calling  init_acpi_pm_clocksource+0x0/0xda @ 1
[    6.949553] clocksource: acpi_pm: mask: 0xffffff max_cycles: 0xffffff, max_idle_ns: 2085701024 ns
[    6.961094] initcall init_acpi_pm_clocksource+0x0/0xda returned 0 after 17570 usecs
[    6.970939] calling  sysctl_core_init+0x0/0x26 @ 1
[    6.977187] initcall sysctl_core_init+0x0/0x26 returned 0 after 86 usecs
[    6.985540] calling  eth_offload_init+0x0/0x13 @ 1
[    6.991518] initcall eth_offload_init+0x0/0x13 returned 0 after 1 usecs
[    6.999878] calling  ipv4_offload_init+0x0/0x73 @ 1
[    7.005942] initcall ipv4_offload_init+0x0/0x73 returned 0 after 42 usecs
[    7.014439] calling  inet_init+0x0/0x276 @ 1
[    7.020077] NET: Registered protocol family 2
[    7.035922] IP idents hash table entries: 8192 (order: 4, 65536 bytes, linear)
[    7.058168] tcp_listen_portaddr_hash hash table entries: 256 (order: 0, 4096 bytes, linear)
[    7.069730] TCP established hash table entries: 4096 (order: 3, 32768 bytes, linear)
[    7.080341] TCP bind hash table entries: 4096 (order: 4, 65536 bytes, linear)
[    7.090676] TCP: Hash tables configured (established 4096 bind 4096)
[    7.100563] UDP hash table entries: 256 (order: 1, 8192 bytes, linear)
[    7.109292] UDP-Lite hash table entries: 256 (order: 1, 8192 bytes, linear)
[    7.120012] initcall inet_init+0x0/0x276 returned 0 after 97763 usecs
[    7.129348] calling  af_unix_init+0x0/0x4d @ 1
[    7.135498] NET: Registered protocol family 1
[    7.141446] initcall af_unix_init+0x0/0x4d returned 0 after 5841 usecs
[    7.150876] calling  ipv6_offload_init+0x0/0x7e @ 1
[    7.158894] initcall ipv6_offload_init+0x0/0x7e returned 0 after 52 usecs
[    7.170103] calling  init_sunrpc+0x0/0x65 @ 1
[    7.187462] RPC: Registered named UNIX socket transport module.
[    7.197232] RPC: Registered udp transport module.
[    7.204972] RPC: Registered tcp transport module.
[    7.212734] RPC: Registered tcp NFSv4.1 backchannel transport module.
[    7.223530] initcall init_sunrpc+0x0/0x65 returned 0 after 45266 usecs
[    7.234285] calling  cfg80211_init+0x0/0xc5 @ 1
[    7.246570] initcall cfg80211_init+0x0/0xc5 returned 0 after 4695 usecs
[    7.257450] calling  pcibios_assign_resources+0x0/0xbf @ 1
[    7.265663] pci_bus 0000:00: resource 4 [io  0x0000-0x0cf7 window]
[    7.273547] pci_bus 0000:00: resource 5 [io  0x0d00-0xffff window]
[    7.281579] pci_bus 0000:00: resource 6 [mem 0x000a0000-0x000bffff window]
[    7.290367] pci_bus 0000:00: resource 7 [mem 0x20000000-0xafffffff window]
[    7.299156] pci_bus 0000:00: resource 8 [mem 0xc0000000-0xfebfffff window]
[    7.308000] pci_bus 0000:00: resource 9 [mem 0x100000000-0x8ffffffff window]
[    7.318287] initcall pcibios_assign_resources+0x0/0xbf returned 0 after 51924 usecs
[    7.328399] calling  pci_apply_final_quirks+0x0/0x124 @ 1
[    7.336215] pci 0000:00:01.0: calling  pci_fixup_video+0x0/0xe0 @ 1
[    7.345119] pci 0000:00:01.0: Video device with shadowed ROM at [mem 0x000c0000-0x000dffff]
[    7.356833] pci 0000:00:01.0: pci_fixup_video+0x0/0xe0 took 11841 usecs
[    7.366189] PCI: CLS 0 bytes, default 64
[    7.371476] initcall pci_apply_final_quirks+0x0/0x124 returned 0 after 35003 usecs
[    7.381565] calling  acpi_reserve_resources+0x0/0xea @ 1
[    7.388968] initcall acpi_reserve_resources+0x0/0xea returned 0 after 219 usecs
[    7.400693] calling  populate_rootfs+0x0/0x102 @ 1
[    7.411303] initcall populate_rootfs+0x0/0x102 returned 0 after 2653 usecs
[    7.422364] calling  pci_iommu_init+0x0/0x3e @ 1
[    7.428528] initcall pci_iommu_init+0x0/0x3e returned 0 after 107 usecs
[    7.438773] calling  ia32_binfmt_init+0x0/0x13 @ 1
[    7.445064] initcall ia32_binfmt_init+0x0/0x13 returned 0 after 35 usecs
[    7.455404] calling  rapl_pmu_init+0x0/0x267 @ 1
[    7.461298] initcall rapl_pmu_init+0x0/0x267 returned -19 after 91 usecs
[    7.469663] calling  amd_uncore_init+0x0/0x310 @ 1
[    7.475758] initcall amd_uncore_init+0x0/0x310 returned -19 after 0 usecs
[    7.484383] calling  amd_ibs_init+0x0/0x27b @ 1
[    7.490205] initcall amd_ibs_init+0x0/0x27b returned -19 after 0 usecs
[    7.498388] calling  amd_iommu_pc_init+0x0/0x215 @ 1
[    7.504678] initcall amd_iommu_pc_init+0x0/0x215 returned -19 after 38 usecs
[    7.513560] calling  msr_init+0x0/0x55 @ 1
[    7.519090] initcall msr_init+0x0/0x55 returned 0 after 293 usecs
[    7.526929] calling  intel_uncore_init+0x0/0x36f @ 1
[    7.533211] initcall intel_uncore_init+0x0/0x36f returned -19 after 26 usecs
[    7.542056] calling  cstate_pmu_init+0x0/0x1a1 @ 1
[    7.548080] initcall cstate_pmu_init+0x0/0x1a1 returned -19 after 0 usecs
[    7.556521] calling  register_kernel_offset_dumper+0x0/0x1a @ 1
[    7.564076] initcall register_kernel_offset_dumper+0x0/0x1a returned 0 after 130 usecs
[    7.573921] calling  i8259A_init_ops+0x0/0x20 @ 1
[    7.579892] initcall i8259A_init_ops+0x0/0x20 returned 0 after 38 usecs
[    7.588242] calling  init_tsc_clocksource+0x0/0xa4 @ 1
[    7.595101] clocksource: tsc: mask: 0xffffffffffffffff max_cycles: 0x39a85afc727, max_idle_ns: 881590685098 ns
[    7.607732] initcall init_tsc_clocksource+0x0/0xa4 returned 0 after 12400 usecs
[    7.617450] calling  add_rtc_cmos+0x0/0xb0 @ 1
[    7.623685] initcall add_rtc_cmos+0x0/0xb0 returned 0 after 105 usecs
[    7.632571] calling  i8237A_init_ops+0x0/0x3a @ 1
[    7.639135] initcall i8237A_init_ops+0x0/0x3a returned 0 after 178 usecs
[    7.648079] calling  umwait_init+0x0/0x94 @ 1
[    7.654027] initcall umwait_init+0x0/0x94 returned -19 after 20 usecs
[    7.662639] calling  thermal_throttle_init_device+0x0/0x3d @ 1
[    7.670691] initcall thermal_throttle_init_device+0x0/0x3d returned 0 after 40 usecs
[    7.681633] calling  msr_init+0x0/0xd7 @ 1
[    7.714264] initcall msr_init+0x0/0xd7 returned 0 after 26383 usecs
[    7.723343] calling  cpuid_init+0x0/0xd7 @ 1
[    7.747664] initcall cpuid_init+0x0/0xd7 returned 0 after 18411 usecs
[    7.756180] calling  ioapic_init_ops+0x0/0x13 @ 1
[    7.762532] initcall ioapic_init_ops+0x0/0x13 returned 0 after 30 usecs
[    7.771375] calling  add_pcspkr+0x0/0x6c @ 1
[    7.777133] initcall add_pcspkr+0x0/0x6c returned 0 after 68 usecs
[    7.785508] calling  start_periodic_check_for_corruption+0x0/0x30 @ 1
[    7.794053] check: Scanning for low memory corruption every 60 seconds
[    7.802708] initcall start_periodic_check_for_corruption+0x0/0x30 returned 0 after 8474 usecs
[    7.815081] calling  sysfb_init+0x0/0x9c @ 1
[    7.821046] initcall sysfb_init+0x0/0x9c returned 0 after 183 usecs
[    7.829493] calling  audit_classes_init+0x0/0xae @ 1
[    7.836124] initcall audit_classes_init+0x0/0xae returned 0 after 44 usecs
[    7.845220] calling  iosf_mbi_init+0x0/0x24 @ 1
[    7.852233] initcall iosf_mbi_init+0x0/0x24 returned 0 after 692 usecs
[    7.860855] calling  proc_execdomains_init+0x0/0x21 @ 1
[    7.867899] initcall proc_execdomains_init+0x0/0x21 returned 0 after 18 usecs
[    7.877225] calling  register_warn_debugfs+0x0/0x23 @ 1
[    7.884437] initcall register_warn_debugfs+0x0/0x23 returned 0 after 28 usecs
[    7.893882] calling  cpuhp_sysfs_init+0x0/0x79 @ 1
[    7.901622] initcall cpuhp_sysfs_init+0x0/0x79 returned 0 after 1412 usecs
[    7.910649] calling  ioresources_init+0x0/0x49 @ 1
[    7.918368] initcall ioresources_init+0x0/0x49 returned 0 after 8 usecs
[    7.927588] calling  snapshot_device_init+0x0/0xc @ 1
[    7.935783] initcall snapshot_device_init+0x0/0xc returned 0 after 1664 usecs
[    7.945570] calling  irq_pm_init_ops+0x0/0x13 @ 1
[    7.952401] initcall irq_pm_init_ops+0x0/0x13 returned 0 after 36 usecs
[    7.961391] calling  rcu_torture_init+0x0/0x9a6 @ 1
[    7.968646] rcu-torture:--- Start of test: nreaders=7 nfakewriters=4 stat_interval=15 verbose=1 test_no_idle_hz=1 shuffle_interval=3 stutter=5 irqreader=1 fqs_duration=0 fqs_holdoff=0 fqs_stutter=3 test_boost=1/0 test_boost_interval=7 test_boost_duration=4 shutdown_secs=1800 stall_cpu=0 stall_cpu_holdoff=10 stall_cpu_irqsoff=0 stall_cpu_block=0 n_barrier_cbs=4 onoff_interval=1000 onoff_holdoff=30 read_exit_delay=13 read_exit_burst=16
[    8.021217] rcu:  Start-test grace-period state: g-1032 f0x0
[    8.031263] rcu-torture: Creating rcu_torture_writer task
[    8.041176] rcu-torture: Creating rcu_torture_fakewriter task
[    8.041658] rcu-torture: rcu_torture_writer task started
[    8.051517] rcu-torture: Creating rcu_torture_fakewriter task
[    8.052079] rcu-torture: rcu_torture_fakewriter task started
[    8.056336] rcu-torture: GP expediting controlled from boot/sysfs for rcu.
[    8.066744] rcu-torture: Creating rcu_torture_fakewriter task
[    8.067306] rcu-torture: rcu_torture_fakewriter task started
[    8.071914] rcu_torture_writer: Testing conditional GPs.
[    8.083386] rcu-torture: Creating rcu_torture_fakewriter task
[    8.083855] rcu-torture: rcu_torture_fakewriter task started
[    8.088757] rcu_torture_writer: Testing expedited GPs.
[    8.097901] rcu-torture: Creating rcu_torture_reader task
[    8.098168] rcu-torture: rcu_torture_fakewriter task started
[    8.104737] rcu_torture_writer: Testing asynchronous GPs.
[    8.118042] rcu-torture: Creating rcu_torture_reader task
[    8.118408] rcu-torture: rcu_torture_reader task started
[    8.119906] rcu_torture_writer: Testing normal GPs.
[    8.131603] rcu-torture: Creating rcu_torture_reader task
[    8.132256] rcu-torture: rcu_torture_reader task started
[    8.198480] rcu-torture: Creating rcu_torture_reader task
[    8.198893] rcu-torture: rcu_torture_reader task started
[    8.210205] rcu-torture: Creating rcu_torture_reader task
[    8.210700] rcu-torture: rcu_torture_reader task started
[    8.232096] rcu-torture: Creating rcu_torture_reader task
[    8.232347] rcu-torture: rcu_torture_reader task started
[    8.241620] rcu-torture: Creating rcu_torture_reader task
[    8.242107] rcu-torture: rcu_torture_reader task started
[    8.262865] rcu-torture: Creating rcu_torture_stats task
[    8.263629] rcu-torture: rcu_torture_reader task started
[    8.271576] rcu-torture: Creating torture_shuffle task
[    8.271894] rcu-torture: rcu_torture_stats task started
[    8.297823] rcu-torture: Creating torture_stutter task
[    8.298478] rcu-torture: torture_shuffle task started
[    8.307180] rcu-torture: Creating torture_shutdown task
[    8.307612] rcu-torture: torture_stutter task started
[    8.328839] rcu-torture: Creating torture_onoff task
[    8.329224] rcu-torture: torture_shutdown task started
[    8.350077] rcu-torture: Creating rcu_torture_barrier_cbs task
[    8.350194] rcu-torture: torture_onoff task started
[    8.359043] rcu-torture:torture_shutdown task: 1799948 ms remaining
[    8.385382] rcu-torture: Creating rcu_torture_barrier_cbs task
[    8.386062] rcu-torture: rcu_torture_barrier_cbs task started
[    8.397870] rcu-torture: Creating rcu_torture_barrier_cbs task
[    8.398043] rcu-torture: rcu_torture_barrier_cbs task started
[    8.404749]   #8
[    8.412645] rcu-torture: Creating rcu_torture_barrier_cbs task
[    8.412664] rcu-torture: rcu_torture_barrier_cbs task started
[    1.228160] kvm-clock: cpu 8, msr 18872201, secondary cpu clock
[    8.441917] rcu-torture: Creating rcu_torture_barrier task
[    8.442390] rcu-torture: rcu_torture_barrier_cbs task started
[    8.474335] rcu-torture: Creating rcu_torture_read_exit task
[    8.474369] rcu-torture: rcu_torture_barrier task starting
[    8.477718] kvm-guest: stealtime: cpu 8, msr 1ec1b600
[    8.484820] rcu-torture: rcu_torture_read_exit: Start of test
[    8.485329] initcall rcu_torture_init+0x0/0x9a6 returned 0 after 504327 usecs
[    8.485766] calling  timekeeping_init_ops+0x0/0x13 @ 1
[    8.485798] initcall timekeeping_init_ops+0x0/0x13 returned 0 after 28 usecs
[    8.485799] calling  init_clocksource_sysfs+0x0/0x23 @ 1
[    8.486706] initcall init_clocksource_sysfs+0x0/0x23 returned 0 after 881 usecs
[    8.486726] calling  init_timer_list_procfs+0x0/0x31 @ 1
[    8.487163] initcall init_timer_list_procfs+0x0/0x31 returned 0 after 423 usecs
[    8.487164] calling  alarmtimer_init+0x0/0xc7 @ 1
[    8.487648] initcall alarmtimer_init+0x0/0xc7 returned 0 after 470 usecs
[    8.487650] calling  init_posix_timers+0x0/0x29 @ 1
[    8.487707] initcall init_posix_timers+0x0/0x29 returned 0 after 54 usecs
[    8.487709] calling  clockevents_init_sysfs+0x0/0xbf @ 1
[    8.490596] initcall clockevents_init_sysfs+0x0/0xbf returned 0 after 2814 usecs
[    8.490598] calling  proc_dma_init+0x0/0x21 @ 1
[    8.490646] initcall proc_dma_init+0x0/0x21 returned 0 after 23 usecs
[    8.490647] calling  proc_modules_init+0x0/0x1e @ 1
[    8.490664] initcall proc_modules_init+0x0/0x1e returned 0 after 14 usecs
[    8.490665] calling  kallsyms_init+0x0/0x21 @ 1
[    8.490668] initcall kallsyms_init+0x0/0x21 returned 0 after 1 usecs
[    8.490670] calling  pid_namespaces_init+0x0/0x2c @ 1
[    8.490894] initcall pid_namespaces_init+0x0/0x2c returned 0 after 215 usecs
[    8.490895] calling  audit_watch_init+0x0/0x37 @ 1
[    8.490897] initcall audit_watch_init+0x0/0x37 returned 0 after 0 usecs
[    8.490899] calling  audit_fsnotify_init+0x0/0x37 @ 1
[    8.490900] initcall audit_fsnotify_init+0x0/0x37 returned 0 after 0 usecs
[    8.490901] calling  audit_tree_init+0x0/0x6d @ 1
[    8.490926] initcall audit_tree_init+0x0/0x6d returned 0 after 22 usecs
[    8.490927] calling  seccomp_sysctl_init+0x0/0x2b @ 1
[    8.491058] initcall seccomp_sysctl_init+0x0/0x2b returned 0 after 125 usecs
[    8.491060] calling  utsname_sysctl_init+0x0/0x13 @ 1
[    8.491114] initcall utsname_sysctl_init+0x0/0x13 returned 0 after 50 usecs
[    8.491115] calling  init_tracepoints+0x0/0x27 @ 1
[    8.491212] initcall init_tracepoints+0x0/0x27 returned 0 after 92 usecs
[    8.491214] calling  init_blk_tracer+0x0/0x50 @ 1
[    8.492739] initcall init_blk_tracer+0x0/0x50 returned 0 after 1485 usecs
[    8.492742] calling  perf_event_sysfs_init+0x0/0x81 @ 1
[    8.493187] initcall perf_event_sysfs_init+0x0/0x81 returned 0 after 430 usecs
[    8.827209] calling  system_trusted_keyring_init+0x0/0x60 @ 1
[    8.836244] Initialise system trusted keyrings
[    8.843492] initcall system_trusted_keyring_init+0x0/0x60 returned 0 after 7072 usecs
[    8.851867]   #9
[    8.855524] calling  kswapd_init+0x0/0x5f @ 1
[    8.866842] initcall kswapd_init+0x0/0x5f returned 0 after 1715 usecs
[    1.228160] kvm-clock: cpu 9, msr 18872241, secondary cpu clock
[    8.876457] calling  extfrag_debug_init+0x0/0x54 @ 1
[    8.894608] initcall extfrag_debug_init+0x0/0x54 returned 0 after 1417 usecs
[    8.898363] kvm-guest: stealtime: cpu 9, msr 1ec5b600
[    8.905529] calling  mm_compute_batch_init+0x0/0x12 @ 1
[    8.920121] initcall mm_compute_batch_init+0x0/0x12 returned 0 after 29 usecs
[    8.929903] calling  slab_proc_init+0x0/0x21 @ 1
[    8.933106]  #10
[    8.936938] initcall slab_proc_init+0x0/0x21 returned 0 after 292 usecs
[    8.949499] calling  workingset_init+0x0/0x8c @ 1
[    1.228160] kvm-clock: cpu 10, msr 18872281, secondary cpu clock
[    8.956653] workingset: timestamp_bits=52 max_order=17 bucket_order=0
[    8.978493] initcall workingset_init+0x0/0x8c returned 0 after 21344 usecs
[    8.982443] kvm-guest: stealtime: cpu 10, msr 1ec9b600
[    8.994562] calling  proc_vmalloc_init+0x0/0x32 @ 1
[    9.008863] initcall proc_vmalloc_init+0x0/0x32 returned 0 after 122 usecs
[    9.018464] calling  procswaps_init+0x0/0x1e @ 1
[    9.025106] initcall procswaps_init+0x0/0x1e returned 0 after 99 usecs
[    9.034249] calling  slab_sysfs_init+0x0/0xea @ 1
[    9.045807]  #11
[    9.049610] initcall slab_sysfs_init+0x0/0xea returned 0 after 8582 usecs
[    9.062217] calling  fcntl_init+0x0/0x29 @ 1
[    1.228160] kvm-clock: cpu 11, msr 188722c1, secondary cpu clock
[    9.085098] kvm-guest: stealtime: cpu 11, msr 1ecdb600
[    9.109793] initcall fcntl_init+0x0/0x29 returned 0 after 40251 usecs
[    9.122135] calling  proc_filesystems_init+0x0/0x21 @ 1
[    9.131605] initcall proc_filesystems_init+0x0/0x21 returned 0 after 54 usecs
[    9.143222]  #12
[    9.144168] calling  start_dirtytime_writeback+0x0/0x29 @ 1
[    9.157278] initcall start_dirtytime_writeback+0x0/0x29 returned 0 after 2 usecs
[    1.228160] kvm-clock: cpu 12, msr 18872301, secondary cpu clock
[    9.170469] calling  blkdev_init+0x0/0x1b @ 1
[    9.196399] kvm-guest: stealtime: cpu 12, msr 1ed1b600
[    9.212668] initcall blkdev_init+0x0/0x1b returned 0 after 23370 usecs
[    9.223939] calling  dio_init+0x0/0x2c @ 1
[    9.232911]  #13
[    1.228160] kvm-clock: cpu 13, msr 18872341, secondary cpu clock
[    9.271338] kvm-guest: stealtime: cpu 13, msr 1ed5b600
[    9.301255] initcall dio_init+0x0/0x2c returned 0 after 68354 usecs
[    9.311118] calling  dnotify_init+0x0/0x78 @ 1
[    9.319228] initcall dnotify_init+0x0/0x78 returned 0 after 715 usecs
[    9.329829] calling  aio_setup+0x0/0x78 @ 1
[    9.354884]  #14
[    1.228160] kvm-clock: cpu 14, msr 18872381, secondary cpu clock
[    9.391487] kvm-guest: stealtime: cpu 14, msr 1ed9b600
[    9.424399] initcall aio_setup+0x0/0x78 returned 0 after 85519 usecs
[    9.433891] calling  io_uring_init+0x0/0x2c @ 1
[    9.440583] initcall io_uring_init+0x0/0x2c returned 0 after 11 usecs
[    9.450570] calling  mbcache_init+0x0/0x30 @ 1
[    9.488308]  #15
[    1.228160] kvm-clock: cpu 15, msr 188723c1, secondary cpu clock
[    9.531789] kvm-guest: stealtime: cpu 15, msr 1eddb600
[    9.554543] initcall mbcache_init+0x0/0x30 returned 0 after 94472 usecs
[    9.566832] calling  init_grace+0x0/0xc @ 1
[    9.575385] initcall init_grace+0x0/0xc returned 0 after 262 usecs
[    9.584297] calling  init_v2_quota_format+0x0/0x21 @ 1
[    9.591704] initcall init_v2_quota_format+0x0/0x21 returned 0 after 48 usecs
[    9.601746] calling  init_devpts_fs+0x0/0x27 @ 1
[    9.608921] initcall init_devpts_fs+0x0/0x27 returned 0 after 427 usecs
[    9.618860] calling  ext4_init_fs+0x0/0x1d0 @ 1
[    9.626043]  #16
[    1.228160] kvm-clock: cpu 16, msr 18872401, secondary cpu clock
[    9.663877] kvm-guest: stealtime: cpu 16, msr 1ee1b600
[    9.690517] initcall ext4_init_fs+0x0/0x1d0 returned 0 after 63002 usecs
[    9.700164] calling  journal_init+0x0/0x11c @ 1
[    9.707818] initcall journal_init+0x0/0x11c returned 0 after 283 usecs
[    9.718481] calling  init_fat_fs+0x0/0x49 @ 1
[    9.737120]  #17
[    1.228160] kvm-clock: cpu 17, msr 18872441, secondary cpu clock
[    9.783149] kvm-guest: stealtime: cpu 17, msr 1ee5b600
[    9.808288] initcall init_fat_fs+0x0/0x49 returned 0 after 81539 usecs
[    9.819416] calling  init_vfat_fs+0x0/0xc @ 1
[    9.827905] initcall init_vfat_fs+0x0/0xc returned 0 after 74 usecs
[    9.837371] calling  init_msdos_fs+0x0/0xc @ 1
[    9.844351] initcall init_msdos_fs+0x0/0xc returned 0 after 4 usecs
[    9.853450] calling  init_iso9660_fs+0x0/0x6c @ 1
[    9.869413]  #18
[    1.228160] kvm-clock: cpu 18, msr 18872481, secondary cpu clock
[    9.901744] kvm-guest: stealtime: cpu 18, msr 1ee9b600
[    9.924475] initcall init_iso9660_fs+0x0/0x6c returned 0 after 62695 usecs
[    9.935605] calling  init_nfs_fs+0x0/0x13a @ 1
[    9.954781]  #19
[    1.228160] kvm-clock: cpu 19, msr 188724c1, secondary cpu clock
[    9.992666] kvm-guest: stealtime: cpu 19, msr 1eedb600
[   10.022124] initcall init_nfs_fs+0x0/0x13a returned 0 after 77725 usecs
[   10.032089] calling  init_nfs_v2+0x0/0x13 @ 1
[   10.039489] initcall init_nfs_v2+0x0/0x13 returned 0 after 246 usecs
[   10.050358] calling  init_nfs_v3+0x0/0x13 @ 1
[   10.058440] initcall init_nfs_v3+0x0/0x13 returned 0 after 567 usecs
[   10.068714] calling  init_nfs_v4+0x0/0x32 @ 1
[   10.076189] NFS: Registering the id_resolver key type
[   10.084730] Key type id_resolver registered
[   10.084744]  #20
[   10.090996] Key type id_legacy registered
[   10.091349] initcall init_nfs_v4+0x0/0x32 returned 0 after 15254 usecs
[    1.228160] kvm-clock: cpu 20, msr 18872501, secondary cpu clock
[   10.114022] calling  init_nlm+0x0/0x5b @ 1
[   10.133561] initcall init_nlm+0x0/0x5b returned 0 after 1538 usecs
[   10.137111] kvm-guest: stealtime: cpu 20, msr 1ef1b600
[   10.143342] calling  init_nls_cp437+0x0/0xe @ 1
[   10.157651] initcall init_nls_cp437+0x0/0xe returned 0 after 71 usecs
[   10.167436] calling  init_nls_ascii+0x0/0xe @ 1
[   10.174515] initcall init_nls_ascii+0x0/0xe returned 0 after 1 usecs
[   10.183735] calling  init_nls_iso8859_1+0x0/0xe @ 1
[   10.190448] initcall init_nls_iso8859_1+0x0/0xe returned 0 after 1 usecs
[   10.198534]  #21
[   10.199685] calling  init_nls_utf8+0x0/0x21 @ 1
[   10.199688] initcall init_nls_utf8+0x0/0x21 returned 0 after 1 usecs
[   10.199690] calling  init_autofs_fs+0x0/0x25 @ 1
[   10.201335] initcall init_autofs_fs+0x0/0x25 returned 0 after 1603 usecs
[    1.228160] kvm-clock: cpu 21, msr 18872541, secondary cpu clock
[   10.223442] calling  ipc_init+0x0/0x24 @ 1
[   10.248009] initcall ipc_init+0x0/0x24 returned 0 after 922 usecs
[   10.258770] calling  ipc_sysctl_init+0x0/0x13 @ 1
[   10.262458] kvm-guest: stealtime: cpu 21, msr 1ef5b600
[   10.266057] initcall ipc_sysctl_init+0x0/0x13 returned 0 after 57 usecs
[   10.284665] calling  init_mqueue_fs+0x0/0x9a @ 1
[   10.308905]  #22
[    1.228160] kvm-clock: cpu 22, msr 18872581, secondary cpu clock
[   10.353399] kvm-guest: stealtime: cpu 22, msr 1ef9b600
[   10.382236] initcall init_mqueue_fs+0x0/0x9a returned 0 after 88193 usecs
[   10.394782] calling  key_proc_init+0x0/0x63 @ 1
[   10.403714] initcall key_proc_init+0x0/0x63 returned 0 after 270 usecs
[   10.414259] calling  selinux_nf_ip_init+0x0/0x2e @ 1
[   10.423305] initcall selinux_nf_ip_init+0x0/0x2e returned 0 after 90 usecs
[   10.429711]  #23
[   10.435054] calling  init_sel_fs+0x0/0x116 @ 1
[   10.445417] initcall init_sel_fs+0x0/0x116 returned 0 after 0 usecs
[    1.228160] kvm-clock: cpu 23, msr 188725c1, secondary cpu clock
[   10.456358] calling  selnl_init+0x0/0x7c @ 1
[   10.479898] initcall selnl_init+0x0/0x7c returned 0 after 3046 usecs
[   10.483414] kvm-guest: stealtime: cpu 23, msr 1efdb600
[   10.489334] calling  sel_netif_init+0x0/0x36 @ 1
[   10.504284] initcall sel_netif_init+0x0/0x36 returned 0 after 0 usecs
[   10.514514] calling  sel_netnode_init+0x0/0x33 @ 1
[   10.521578] initcall sel_netnode_init+0x0/0x33 returned 0 after 0 usecs
[   10.531692] calling  sel_netport_init+0x0/0x33 @ 1
[   10.537423]  #24
[   10.539623] initcall sel_netport_init+0x0/0x33 returned 0 after 0 usecs
[   10.553159] calling  aurule_init+0x0/0x2a @ 1
[    1.228160] kvm-clock: cpu 24, msr 18872601, secondary cpu clock
[   10.559860] initcall aurule_init+0x0/0x2a returned 0 after 1 usecs
[   10.581735] calling  crypto_algapi_init+0x0/0xc @ 1
[   10.585423] kvm-guest: stealtime: cpu 24, msr 1f01b600
[   10.588858] initcall crypto_algapi_init+0x0/0xc returned 0 after 5 usecs
[   10.607070] calling  jent_mod_init+0x0/0x2d @ 1
[   10.628597] initcall jent_mod_init+0x0/0x2d returned 0 after 13967 usecs
[   10.639028] calling  asymmetric_key_init+0x0/0xc @ 1
[   10.639168]  #25
[   10.646653] Key type asymmetric registered
[   10.656021] initcall asymmetric_key_init+0x0/0xc returned 0 after 9144 usecs
[    1.228160] kvm-clock: cpu 25, msr 18872641, secondary cpu clock
[   10.666998] calling  x509_key_init+0x0/0xc @ 1
[   10.685070] Asymmetric key parser 'x509' registered
[   10.689558] kvm-guest: stealtime: cpu 25, msr 1f05b600
[   10.692760] initcall x509_key_init+0x0/0xc returned 0 after 8599 usecs
[   10.710712] calling  proc_genhd_init+0x0/0x41 @ 1
[   10.718395] initcall proc_genhd_init+0x0/0x41 returned 0 after 93 usecs
[   10.729757] calling  bsg_init+0x0/0x113 @ 1
[   10.738836] Block layer SCSI generic (bsg) driver version 0.4 loaded (major 251)
[   10.746167]  #26
[   10.751992] initcall bsg_init+0x0/0x113 returned 0 after 13543 usecs
[   10.766423] calling  deadline_init+0x0/0xc @ 1
[    1.228160] kvm-clock: cpu 26, msr 18872681, secondary cpu clock
[   10.774403] io scheduler mq-deadline registered
[   10.797095] initcall deadline_init+0x0/0xc returned 0 after 22469 usecs
[   10.801653] kvm-guest: stealtime: cpu 26, msr 1f09b600
[   10.807538] calling  kyber_init+0x0/0xc @ 1
[   10.821965] io scheduler kyber registered
[   10.828787] initcall kyber_init+0x0/0xc returned 0 after 6775 usecs
[   10.838541] calling  mod_init+0x0/0x7 @ 1
[   10.845604] initcall mod_init+0x0/0x7 returned 0 after 0 usecs
[   10.855220] calling  percpu_counter_startup+0x0/0x55 @ 1
[   10.869770]  #27
[    1.228160] kvm-clock: cpu 27, msr 188726c1, secondary cpu clock
[   10.912648] kvm-guest: stealtime: cpu 27, msr 1f0db600
[   11.019870]  #28
[    1.228160] kvm-clock: cpu 28, msr 18872701, secondary cpu clock
[   11.076589] kvm-guest: stealtime: cpu 28, msr 1f11b600
[   11.102870] initcall percpu_counter_startup+0x0/0x55 returned 0 after 233340 usecs
[   11.116832] calling  sg_pool_init+0x0/0xb4 @ 1
[   11.139077]  #29
[    1.228160] kvm-clock: cpu 29, msr 18872741, secondary cpu clock
[   11.191778] kvm-guest: stealtime: cpu 29, msr 1f15b600
[   11.220874] initcall sg_pool_init+0x0/0xb4 returned 0 after 93340 usecs
[   11.232796] calling  pcie_portdrv_init+0x0/0x39 @ 1
[   11.242237] initcall pcie_portdrv_init+0x0/0x39 returned 0 after 1315 usecs
[   11.252733] calling  pci_proc_init+0x0/0x68 @ 1
[   11.264607] initcall pci_proc_init+0x0/0x68 returned 0 after 106 usecs
[   11.277535] calling  pci_hotplug_init+0x0/0x7 @ 1
[   11.287308] initcall pci_hotplug_init+0x0/0x7 returned 0 after 0 usecs
[   11.299194] calling  efifb_driver_init+0x0/0xe @ 1
[   11.308254]  #30
[   11.308561] initcall efifb_driver_init+0x0/0xe returned 0 after 50 usecs
[    1.228160] kvm-clock: cpu 30, msr 18872781, secondary cpu clock
[   11.324441] calling  ged_driver_init+0x0/0xe @ 1
[   11.353522] initcall ged_driver_init+0x0/0xe returned 0 after 9678 usecs
[   11.373838] calling  acpi_ac_init+0x0/0x92 @ 1
[   11.386142] initcall acpi_ac_init+0x0/0x92 returned 0 after 4895 usecs
[   11.435178] calling  acpi_button_driver_init+0x0/0x52 @ 1
[   11.440008] kvm-guest: stealtime: cpu 30, msr 1f19b600
[   11.445855] input: Power Button as /devices/LNXSYSTM:00/LNXPWRBN:00/input/input0
[   11.468718] ACPI: Power Button [PWRF]
[   11.476820] initcall acpi_button_driver_init+0x0/0x52 returned 0 after 31799 usecs
[   11.488950] calling  acpi_fan_driver_init+0x0/0xe @ 1
[   11.498349] initcall acpi_fan_driver_init+0x0/0xe returned 0 after 29 usecs
[   11.511127] calling  acpi_video_init+0x0/0xcb @ 1
[   11.520017] initcall acpi_video_init+0x0/0xcb returned 0 after 560 usecs
[   11.529302]  #31
[   11.531719] calling  acpi_processor_driver_init+0x0/0xad @ 1
[    1.228160] kvm-clock: cpu 31, msr 188727c1, secondary cpu clock
[   11.574417] kvm-guest: stealtime: cpu 31, msr 1f1db600
[   11.620149]  #32
[    1.228160] kvm-clock: cpu 32, msr 18872801, secondary cpu clock
[   11.694556] kvm-guest: stealtime: cpu 32, msr 1f21b600
[   11.737191] torture_onoff-torture:rcu: Initial online 33: errno -16
[   11.742749] initcall acpi_processor_driver_init+0x0/0xad returned 0 after 192207 usecs
[   11.759270] calling  acpi_thermal_init+0x0/0x71 @ 1
[   11.770424] initcall acpi_thermal_init+0x0/0x71 returned 0 after 3438 usecs
[   11.777941]  #34
[   11.781039] calling  acpi_battery_init+0x0/0x32 @ 1
[   11.781552] initcall acpi_battery_init+0x0/0x32 returned 0 after 495 usecs
[    1.228160] kvm-clock: cpu 34, msr 18872881, secondary cpu clock
[   11.802822] calling  bgrt_init+0x0/0xb6 @ 1
[   11.819328] initcall bgrt_init+0x0/0xb6 returned -19 after 1 usecs
[   11.828549] calling  gpio_clk_driver_init+0x0/0xe @ 1
[   11.882367] initcall gpio_clk_driver_init+0x0/0xe returned 0 after 46045 usecs
[   11.893056] kvm-guest: stealtime: cpu 34, msr 1f29b600
[   11.894264] calling  plt_clk_driver_init+0x0/0xe @ 1
[   11.910014] initcall plt_clk_driver_init+0x0/0xe returned 0 after 328 usecs
[   11.919467] calling  virtio_pci_driver_init+0x0/0x15 @ 1
[   11.928033] initcall virtio_pci_driver_init+0x0/0x15 returned 0 after 1345 usecs
[   11.937744] calling  n_null_init+0x0/0x1e @ 1
[   11.943618] initcall n_null_init+0x0/0x1e returned 0 after 30 usecs
[   11.949997]  #35
[   11.952544] calling  pty_init+0x0/0x1e8 @ 1
[   11.954346] initcall pty_init+0x0/0x1e8 returned 0 after 1755 usecs
[    1.228160] kvm-clock: cpu 35, msr 188728c1, secondary cpu clock
[   11.971511] calling  sysrq_init+0x0/0x62 @ 1
[   11.986577] initcall sysrq_init+0x0/0x62 returned 0 after 123 usecs
[   12.001667] calling  serial8250_init+0x0/0x17e @ 1
[   12.017395] Serial: 8250/16550 driver, 4 ports, IRQ sharing enabled
[   12.051912] 00:03: ttyS0 at I/O 0x3f8 (irq = 4, base_baud = 115200) is a 16550A
[   12.058022] kvm-guest: stealtime: cpu 35, msr 1f2db600
[   12.084253] initcall serial8250_init+0x0/0x17e returned 0 after 73199 usecs
[   12.095819] calling  serial_pci_driver_init+0x0/0x15 @ 1
[   12.104335] initcall serial_pci_driver_init+0x0/0x15 returned 0 after 81 usecs
[   12.112275]  #36
[   12.115795] calling  exar_pci_driver_init+0x0/0x15 @ 1
[   12.127107] initcall exar_pci_driver_init+0x0/0x15 returned 0 after 45 usecs
[    1.228160] kvm-clock: cpu 36, msr 18872901, secondary cpu clock
[   12.138357] calling  lpss8250_pci_driver_init+0x0/0x15 @ 1
[   12.198819] initcall lpss8250_pci_driver_init+0x0/0x15 returned 0 after 40517 usecs
[   12.202987] kvm-guest: stealtime: cpu 36, msr 1f31b600
[   12.217848] calling  mid8250_pci_driver_init+0x0/0x15 @ 1
[   12.234407] initcall mid8250_pci_driver_init+0x0/0x15 returned 0 after 83 usecs
[   12.246169] calling  virtio_console_init+0x0/0xff @ 1
[   12.254261]  #37
[   12.254510] initcall virtio_console_init+0x0/0xff returned 0 after 262 usecs
[   12.268829] calling  hpet_init+0x0/0x64 @ 1
[    1.228160] kvm-clock: cpu 37, msr 18872941, secondary cpu clock
[   12.277049] initcall hpet_init+0x0/0x64 returned 0 after 1866 usecs
[   12.295909] calling  nvram_module_init+0x0/0x83 @ 1
[   12.305670] Non-volatile memory driver v1.3
[   12.312325] initcall nvram_module_init+0x0/0x83 returned 0 after 8633 usecs
[   12.322815] calling  hwrng_modinit+0x0/0x8a @ 1
[   12.333513] initcall hwrng_modinit+0x0/0x8a returned 0 after 3573 usecs
[   12.343773] calling  mod_init+0x0/0x48 @ 1
[   12.350153] initcall mod_init+0x0/0x48 returned -19 after 0 usecs
[   12.393303] calling  agp_init+0x0/0x23 @ 1
[   12.398487] kvm-guest: stealtime: cpu 37, msr 1f35b600
[   12.399820] Linux agpgart interface v0.103
[   12.414834] initcall agp_init+0x0/0x23 returned 0 after 14659 usecs
[   12.424630] calling  agp_amd64_mod_init+0x0/0x5 @ 1
[   12.432607] initcall agp_amd64_mod_init+0x0/0x5 returned -19 after 159 usecs
[   12.444753] calling  agp_intel_init+0x0/0x28 @ 1
[   12.460523]  #38
[    1.228160] kvm-clock: cpu 38, msr 18872981, secondary cpu clock
[   12.556656] kvm-guest: stealtime: cpu 38, msr 1f39b600
[   12.600184]  #39
[    1.228160] kvm-clock: cpu 39, msr 188729c1, secondary cpu clock
[   12.754333] kvm-guest: stealtime: cpu 39, msr 1f3db600
[   12.781255] initcall agp_intel_init+0x0/0x28 returned 0 after 321712 usecs
[   12.791177] calling  drm_kms_helper_init+0x0/0x7 @ 1
[   12.797382] initcall drm_kms_helper_init+0x0/0x7 returned 0 after 28 usecs
[   12.802787]  #40
[   12.805654] calling  drm_core_init+0x0/0xa4 @ 1
[   12.806170] initcall drm_core_init+0x0/0xa4 returned 0 after 499 usecs
[   12.822153] calling  i915_init+0x0/0x6b @ 1
[    1.228160] kvm-clock: cpu 40, msr 18872a01, secondary cpu clock
[   12.929886] kvm-guest: stealtime: cpu 40, msr 1f41b600
[   12.951074] initcall i915_init+0x0/0x6b returned 0 after 120886 usecs
[   12.961780] calling  cn_proc_init+0x0/0x35 @ 1
[   12.969213] initcall cn_proc_init+0x0/0x35 returned 0 after 2 usecs
[   12.979508] calling  topology_sysfs_init+0x0/0x27 @ 1
[   12.979765]  #41
[    1.228160] kvm-clock: cpu 41, msr 18872a41, secondary cpu clock
[   13.093520] kvm-guest: stealtime: cpu 41, msr 1f45b600
[   13.111589] initcall topology_sysfs_init+0x0/0x27 returned 0 after 120929 usecs
[   13.122011] calling  cacheinfo_sysfs_init+0x0/0x27 @ 1
[   13.137128]  #42
[    1.228160] kvm-clock: cpu 42, msr 18872a81, secondary cpu clock
[   13.209373] kvm-guest: stealtime: cpu 42, msr 1f49b600
[   13.245329] rcu-torture: torture_onoff begin holdoff
[   13.282643] initcall cacheinfo_sysfs_init+0x0/0x27 returned 0 after 149662 usecs
[   13.293486] calling  loop_init+0x0/0x168 @ 1
[   13.371452] loop: module loaded
[   13.376243] initcall loop_init+0x0/0x168 returned 0 after 74231 usecs
[   13.386049] calling  mac_hid_init+0x0/0x21 @ 1
[   13.391988] initcall mac_hid_init+0x0/0x21 returned 0 after 10 usecs
[   13.400447] calling  spi_transport_init+0x0/0x74 @ 1
[   13.408193] initcall spi_transport_init+0x0/0x74 returned 0 after 346 usecs
[   13.418046] calling  init_sd+0x0/0x18c @ 1
[   13.424422] initcall init_sd+0x0/0x18c returned 0 after 159 usecs
[   13.433293] calling  init_sr+0x0/0x43 @ 1
[   13.439541] initcall init_sr+0x0/0x43 returned 0 after 59 usecs
[   13.442150] rcu_torture_rea (391) used greatest stack depth: 14944 bytes left
[   13.448329] calling  init_sg+0x0/0x1c0 @ 1
[   13.466793] initcall init_sg+0x0/0x1c0 returned 0 after 125 usecs
[   13.475430] rcu-torture: rcu_torture_read_exit: End of episode
[   13.476162] calling  ahci_pci_driver_init+0x0/0x15 @ 1
[   13.492721] ahci 0000:00:1f.2: version 3.0
[   13.511869] PCI Interrupt Link [GSIA] enabled at IRQ 16
[   13.544670] ahci 0000:00:1f.2: AHCI 0001.0000 32 slots 6 ports 1.5 Gbps 0x3f impl SATA mode
[   13.559708] ahci 0000:00:1f.2: flags: 64bit ncq only 
[   13.586310] scsi host0: ahci
[   13.595367] scsi host1: ahci
[   13.605458] scsi host2: ahci
[   13.614061] scsi host3: ahci
[   13.622341] scsi host4: ahci
[   13.635378] scsi host5: ahci
[   13.640847] ata1: SATA max UDMA/133 abar m4096@0xfebf1000 port 0xfebf1100 irq 24
[   13.651397] ata2: SATA max UDMA/133 abar m4096@0xfebf1000 port 0xfebf1180 irq 24
[   13.662604] ata3: SATA max UDMA/133 abar m4096@0xfebf1000 port 0xfebf1200 irq 24
[   13.673862] ata4: SATA max UDMA/133 abar m4096@0xfebf1000 port 0xfebf1280 irq 24
[   13.684508] ata5: SATA max UDMA/133 abar m4096@0xfebf1000 port 0xfebf1300 irq 24
[   13.693892] ata6: SATA max UDMA/133 abar m4096@0xfebf1000 port 0xfebf1380 irq 24
[   13.703556] initcall ahci_pci_driver_init+0x0/0x15 returned 0 after 206244 usecs
[   13.713867] calling  piix_init+0x0/0x26 @ 1
[   13.720504] initcall piix_init+0x0/0x26 returned 0 after 97 usecs
[   13.729838] calling  amd_pci_driver_init+0x0/0x15 @ 1
[   13.736920] initcall amd_pci_driver_init+0x0/0x15 returned 0 after 30 usecs
[   13.747638] calling  oldpiix_pci_driver_init+0x0/0x15 @ 1
[   13.755761] initcall oldpiix_pci_driver_init+0x0/0x15 returned 0 after 221 usecs
[   13.766799] calling  sch_pci_driver_init+0x0/0x15 @ 1
[   13.774600] initcall sch_pci_driver_init+0x0/0x15 returned 0 after 60 usecs
[   13.784937] calling  net_olddevs_init+0x0/0x55 @ 1
[   13.791728] initcall net_olddevs_init+0x0/0x55 returned 0 after 137 usecs
[   13.800303] calling  blackhole_netdev_init+0x0/0x78 @ 1
[   13.807618] initcall blackhole_netdev_init+0x0/0x78 returned 0 after 362 usecs
[   13.816799] calling  phy_module_init+0x0/0x13 @ 1
[   13.823260] initcall phy_module_init+0x0/0x13 returned 0 after 190 usecs
[   13.832254] calling  tg3_driver_init+0x0/0x15 @ 1
[   13.838463] initcall tg3_driver_init+0x0/0x15 returned 0 after 81 usecs
[   13.847320] calling  e100_init_module+0x0/0x4c @ 1
[   13.853489] e100: Intel(R) PRO/100 Network Driver
[   13.859375] e100: Copyright(c) 1999-2006 Intel Corporation
[   13.866283] initcall e100_init_module+0x0/0x4c returned 0 after 12525 usecs
[   13.876533] calling  e1000_init_module+0x0/0x72 @ 1
[   13.883596] e1000: Intel(R) PRO/1000 Network Driver
[   13.890898] e1000: Copyright (c) 1999-2006 Intel Corporation.
[   13.899262] initcall e1000_init_module+0x0/0x72 returned 0 after 15308 usecs
[   13.909500] calling  e1000_init_module+0x0/0x2d @ 1
[   13.916927] e1000e: Intel(R) PRO/1000 Network Driver
[   13.923999] e1000e: Copyright(c) 1999 - 2015 Intel Corporation.
[   13.933190] initcall e1000_init_module+0x0/0x2d returned 0 after 15939 usecs
[   13.943516] calling  sky2_init_module+0x0/0x21 @ 1
[   13.950664] sky2: driver version 1.30
[   13.956542] initcall sky2_init_module+0x0/0x21 returned 0 after 5737 usecs
[   13.966911] calling  forcedeth_pci_driver_init+0x0/0x15 @ 1
[   13.975071] initcall forcedeth_pci_driver_init+0x0/0x15 returned 0 after 29 usecs
[   13.986271] calling  rtl8139_init_module+0x0/0x15 @ 1
[   13.992845] initcall rtl8139_init_module+0x0/0x15 returned 0 after 46 usecs
[   14.002155] calling  rtl8169_pci_driver_init+0x0/0x15 @ 1
[   14.009892] initcall rtl8169_pci_driver_init+0x0/0x15 returned 0 after 41 usecs
[   14.015625] ata1: SATA link down (SStatus 0 SControl 300)
[   14.020934] calling  cdrom_init+0x0/0xc @ 1
[   14.030773] ata2: SATA link down (SStatus 0 SControl 300)
[   14.034720] initcall cdrom_init+0x0/0xc returned 0 after 53 usecs
[   14.044880] ata5: SATA link down (SStatus 0 SControl 300)
[   14.051813] calling  nonstatic_sysfs_init+0x0/0xc @ 1
[   14.062696] ata4: SATA link down (SStatus 0 SControl 300)
[   14.068227] initcall nonstatic_sysfs_init+0x0/0xc returned 0 after 57 usecs
[   14.077769] ata3: SATA link up 1.5 Gbps (SStatus 113 SControl 300)
[   14.086124] calling  yenta_cardbus_driver_init+0x0/0x15 @ 1
[   14.097430] ata3.00: ATAPI: QEMU DVD-ROM, 2.5+, max UDMA/100
[   14.104275] initcall yenta_cardbus_driver_init+0x0/0x15 returned 0 after 378 usecs
[   14.112148] ata3.00: applying bridge limits
[   14.121620] calling  mon_init+0x0/0x12d @ 1
[   14.122807] initcall mon_init+0x0/0x12d returned 0 after 1143 usecs
[   14.130072] ata6: SATA link down (SStatus 0 SControl 300)
[   14.134371] calling  ehci_hcd_init+0x0/0x56 @ 1
[   14.144811] ata3.00: configured for UDMA/100
[   14.149344] ehci_hcd: USB 2.0 'Enhanced' Host Controller (EHCI) Driver
[   14.159783] scsi 2:0:0:0: CD-ROM            QEMU     QEMU DVD-ROM     2.5+ PQ: 0 ANSI: 5
[   14.162083] initcall ehci_hcd_init+0x0/0x56 returned 0 after 12564 usecs
[   14.188613] calling  ehci_pci_init+0x0/0x64 @ 1
[   14.194177] ehci-pci: EHCI PCI platform driver
[   14.199680] initcall ehci_pci_init+0x0/0x64 returned 0 after 5385 usecs
[   14.209213] calling  ohci_hcd_mod_init+0x0/0x4e @ 1
[   14.216493] ohci_hcd: USB 1.1 'Open' Host Controller (OHCI) Driver
[   14.225690] initcall ohci_hcd_mod_init+0x0/0x4e returned 0 after 8977 usecs
[   14.235898] calling  ohci_pci_init+0x0/0x64 @ 1
[   14.242482] ohci-pci: OHCI PCI platform driver
[   14.249241] initcall ohci_pci_init+0x0/0x64 returned 0 after 6597 usecs
[   14.258671] calling  uhci_hcd_init+0x0/0xa8 @ 1
[   14.265211] uhci_hcd: USB Universal Host Controller Interface driver
[   14.274654] initcall uhci_hcd_init+0x0/0xa8 returned 0 after 9217 usecs
[   14.284484] calling  xhci_hcd_init+0x0/0x1e @ 1
[   14.291172] initcall xhci_hcd_init+0x0/0x1e returned 0 after 26 usecs
[   14.300623] calling  xhci_pci_init+0x0/0x49 @ 1
[   14.307253] initcall xhci_pci_init+0x0/0x49 returned 0 after 111 usecs
[   14.316714] calling  usblp_driver_init+0x0/0x15 @ 1
[   14.323981] usbcore: registered new interface driver usblp
[   14.331816] initcall usblp_driver_init+0x0/0x15 returned 0 after 7783 usecs
[   14.342102] calling  usb_storage_driver_init+0x0/0x2a @ 1
[   14.349825] usbcore: registered new interface driver usb-storage
[   14.358495] initcall usb_storage_driver_init+0x0/0x2a returned 0 after 8537 usecs
[   14.369410] calling  i8042_init+0x0/0x4c2 @ 1
[   14.376111] i8042: PNP: PS/2 Controller [PNP0303:KBD,PNP0f13:MOU] at 0x60,0x64 irq 1,12
[   14.400324] serio: i8042 KBD port at 0x60,0x64 irq 1
[   14.407745] serio: i8042 AUX port at 0x60,0x64 irq 12
[   14.415986] initcall i8042_init+0x0/0x4c2 returned 0 after 39119 usecs
[   14.425797] calling  serport_init+0x0/0x2c @ 1
[   14.432564] initcall serport_init+0x0/0x2c returned 0 after 1 usecs
[   14.442129] calling  input_leds_init+0x0/0xc @ 1
[   14.449198] initcall input_leds_init+0x0/0xc returned 0 after 3 usecs
[   14.460067] calling  evdev_init+0x0/0xc @ 1
[   14.468744] initcall evdev_init+0x0/0xc returned 0 after 1293 usecs
[   14.481111] calling  atkbd_init+0x0/0x21 @ 1
[   14.488625] initcall atkbd_init+0x0/0x21 returned 0 after 535 usecs
[   14.498204] calling  psmouse_init+0x0/0x7f @ 1
[   14.505181] initcall psmouse_init+0x0/0x7f returned 0 after 285 usecs
[   14.514695] calling  cmos_init+0x0/0x73 @ 1
[   14.521549] rtc_cmos 00:04: RTC can wake from S4
[   14.528509] input: AT Translated Set 2 keyboard as /devices/platform/i8042/serio0/input/input1
[   14.536514] rtc_cmos 00:04: registered as rtc0
[   14.546927] rtc_cmos 00:04: alarms up to one day, y3k, 242 bytes nvram, hpet irqs
[   14.557612] initcall cmos_init+0x0/0x73 returned 0 after 36035 usecs
[   14.567761] calling  smbalert_driver_init+0x0/0xe @ 1
[   14.575805] initcall smbalert_driver_init+0x0/0xe returned 0 after 45 usecs
[   14.587441] calling  i2c_i801_init+0x0/0xc5 @ 1
[   14.596842] i801_smbus 0000:00:1f.3: SMBus using PCI interrupt
[   14.606315] i2c i2c-0: 1/1 memory slots populated (from DMI)
[   14.615022] i2c i2c-0: Memory type 0x07 not supported yet, not instantiating SPD
[   14.623024] sr 2:0:0:0: [sr0] scsi3-mmc drive: 4x/4x cd/rw xa/form2 tray
[   14.627443] initcall i2c_i801_init+0x0/0xc5 returned 0 after 31870 usecs
[   14.636123] cdrom: Uniform CD-ROM driver Revision: 3.20
[   14.651849] calling  ptp_kvm_init+0x0/0xf0 @ 1
[   14.659059] initcall ptp_kvm_init+0x0/0xf0 returned 0 after 1398 usecs
[   14.669968] calling  dm_init+0x0/0x3c @ 1
[   14.685627] device-mapper: ioctl: 4.43.0-ioctl (2020-10-01) initialised: dm-devel@redhat.com
[   14.689300] sr 2:0:0:0: Attached scsi CD-ROM sr0
[   14.699506] initcall dm_init+0x0/0x3c returned 0 after 22208 usecs
[   14.699510] calling  dm_mirror_init+0x0/0x29 @ 1
[   14.710248] sr 2:0:0:0: Attached scsi generic sg0 type 5
[   14.715534] initcall dm_mirror_init+0x0/0x29 returned 0 after 198 usecs
[   14.739322] calling  dm_dirty_log_init+0x0/0x4f @ 1
[   14.746410] initcall dm_dirty_log_init+0x0/0x4f returned 0 after 153 usecs
[   14.756681] calling  dm_zero_init+0x0/0x29 @ 1
[   14.763803] initcall dm_zero_init+0x0/0x29 returned 0 after 138 usecs
[   14.774243] calling  intel_pstate_init+0x0/0x513 @ 1
[   14.782212] intel_pstate: CPU model not supported
[   14.790335] initcall intel_pstate_init+0x0/0x513 returned -19 after 7929 usecs
[   14.802086] calling  haltpoll_init+0x0/0xc0 @ 1
[   14.810256] initcall haltpoll_init+0x0/0xc0 returned -19 after 190 usecs
[   14.821670] calling  efivars_sysfs_init+0x0/0x30 @ 1
[   14.830242] initcall efivars_sysfs_init+0x0/0x30 returned 0 after 39 usecs
[   14.841851] calling  esrt_sysfs_init+0x0/0x2a2 @ 1
[   14.849946] initcall esrt_sysfs_init+0x0/0x2a2 returned -38 after 34 usecs
[   14.860283] calling  hid_init+0x0/0x5c @ 1
[   14.867064] hid: raw HID events driver (C) Jiri Kosina
