c[?7l[2J[0mSeaBIOS (version 1.16.0-debian-1.16.0-4)
Booting from ROM...
early console in setup code
c[?7l[2J[    0.000000] Linux version 5.10.154+ (root@joelboxx.c.googlers.com) (gcc (Debian 12.2.0-3) 12.2.0, GNU ld (GNU Binutils for Debian) 2.39) #4 SMP PREEMPT Tue Dec 13 06:17:57 UTC 2022
[    0.000000] Command line: selinux=0 initcall_debug debug console=ttyS0 maxcpus=8 nr_cpus=43 rcutree.gp_preinit_delay=3 rcutree.gp_init_delay=3 rcutree.gp_cleanup_delay=3 rcu_nocbs=0 rcutorture.fwd_progress=0 rcutorture.onoff_interval=1000 rcutorture.onoff_holdoff=30 rcutorture.n_barrier_cbs=4 rcutorture.stat_interval=15 rcutorture.shutdown_secs=1800 rcutorture.test_no_idle_hz=1 rcutorture.verbose=1
[    0.000000] x86/fpu: x87 FPU will use FXSAVE
[    0.000000] BIOS-provided physical RAM map:
[    0.000000] BIOS-e820: [mem 0x0000000000000000-0x000000000009fbff] usable
[    0.000000] BIOS-e820: [mem 0x000000000009fc00-0x000000000009ffff] reserved
[    0.000000] BIOS-e820: [mem 0x00000000000f0000-0x00000000000fffff] reserved
[    0.000000] BIOS-e820: [mem 0x0000000000100000-0x000000001ffdefff] usable
[    0.000000] BIOS-e820: [mem 0x000000001ffdf000-0x000000001fffffff] reserved
[    0.000000] BIOS-e820: [mem 0x00000000b0000000-0x00000000bfffffff] reserved
[    0.000000] BIOS-e820: [mem 0x00000000fed1c000-0x00000000fed1ffff] reserved
[    0.000000] BIOS-e820: [mem 0x00000000feffc000-0x00000000feffffff] reserved
[    0.000000] BIOS-e820: [mem 0x00000000fffc0000-0x00000000ffffffff] reserved
[    0.000000] NX (Execute Disable) protection: active
[    0.000000] SMBIOS 2.8 present.
[    0.000000] DMI: QEMU Standard PC (Q35 + ICH9, 2009), BIOS 1.16.0-debian-1.16.0-4 04/01/2014
[    0.000000] Hypervisor detected: KVM
[    0.000000] kvm-clock: Using msrs 4b564d01 and 4b564d00
[    0.000000] kvm-clock: cpu 0, msr 1ac72001, primary cpu clock
[    0.000001] kvm-clock: using sched offset of 2769460098 cycles
[    0.000202] clocksource: kvm-clock: mask: 0xffffffffffffffff max_cycles: 0x1cd42e4dffb, max_idle_ns: 881590591483 ns
[    0.000299] tsc: Detected 1999.999 MHz processor
[    0.005730] e820: update [mem 0x00000000-0x00000fff] usable ==> reserved
[    0.005735] e820: remove [mem 0x000a0000-0x000fffff] usable
[    0.005743] last_pfn = 0x1ffdf max_arch_pfn = 0x400000000
[    0.006589] MTRR default type: write-back
[    0.006620] MTRR fixed ranges enabled:
[    0.006622]   00000-9FFFF write-back
[    0.006624]   A0000-BFFFF uncachable
[    0.006625]   C0000-FFFFF write-protect
[    0.006626] MTRR variable ranges enabled:
[    0.006628]   0 base 00C0000000 mask FFC0000000 uncachable
[    0.006629]   1 disabled
[    0.006630]   2 disabled
[    0.006631]   3 disabled
[    0.006631]   4 disabled
[    0.006632]   5 disabled
[    0.006633]   6 disabled
[    0.006634]   7 disabled
[    0.006998] x86/PAT: Configuration [0-7]: WB  WC  UC- UC  WB  WC  UC- UC  
[    0.015798] found SMP MP-table at [mem 0x000f5ba0-0x000f5baf]
[    0.016704] check: Scanning 1 areas for low memory corruption
[    0.023580] ACPI: Early table checksum verification disabled
[    0.024566] ACPI: RSDP 0x00000000000F59E0 000014 (v00 BOCHS )
[    0.024769] ACPI: RSDT 0x000000001FFE3206 000038 (v01 BOCHS  BXPC     00000001 BXPC 00000001)
[    0.024891] ACPI: FACP 0x000000001FFE2EAE 0000F4 (v03 BOCHS  BXPC     00000001 BXPC 00000001)
[    0.024951] ACPI: DSDT 0x000000001FFE0040 002E6E (v01 BOCHS  BXPC     00000001 BXPC 00000001)
[    0.024957] ACPI: FACS 0x000000001FFE0000 000040
[    0.024961] ACPI: APIC 0x000000001FFE2FA2 0001C8 (v01 BOCHS  BXPC     00000001 BXPC 00000001)
[    0.024966] ACPI: HPET 0x000000001FFE316A 000038 (v01 BOCHS  BXPC     00000001 BXPC 00000001)
[    0.024970] ACPI: MCFG 0x000000001FFE31A2 00003C (v01 BOCHS  BXPC     00000001 BXPC 00000001)
[    0.024974] ACPI: WAET 0x000000001FFE31DE 000028 (v01 BOCHS  BXPC     00000001 BXPC 00000001)
[    0.024979] ACPI: Reserving FACP table memory at [mem 0x1ffe2eae-0x1ffe2fa1]
[    0.024980] ACPI: Reserving DSDT table memory at [mem 0x1ffe0040-0x1ffe2ead]
[    0.024997] ACPI: Reserving FACS table memory at [mem 0x1ffe0000-0x1ffe003f]
[    0.024999] ACPI: Reserving APIC table memory at [mem 0x1ffe2fa2-0x1ffe3169]
[    0.025000] ACPI: Reserving HPET table memory at [mem 0x1ffe316a-0x1ffe31a1]
[    0.025001] ACPI: Reserving MCFG table memory at [mem 0x1ffe31a2-0x1ffe31dd]
[    0.025002] ACPI: Reserving WAET table memory at [mem 0x1ffe31de-0x1ffe3205]
[    0.025734] ACPI: Local APIC address 0xfee00000
[    0.029863] No NUMA configuration found
[    0.029909] Faking a node at [mem 0x0000000000000000-0x000000001ffdefff]
[    0.030150] NODE_DATA(0) allocated [mem 0x1ffbd000-0x1ffdefff]
[    0.031002] Zone ranges:
[    0.031136]   DMA      [mem 0x0000000000001000-0x0000000000ffffff]
[    0.031170]   DMA32    [mem 0x0000000001000000-0x000000001ffdefff]
[    0.031172]   Normal   empty
[    0.031174] Movable zone start for each node
[    0.031176] Early memory node ranges
[    0.031177]   node   0: [mem 0x0000000000001000-0x000000000009efff]
[    0.031212]   node   0: [mem 0x0000000000100000-0x000000001ffdefff]
[    0.031325] Initmem setup node 0 [mem 0x0000000000001000-0x000000001ffdefff]
[    0.031327] On node 0 totalpages: 130941
[    0.031418]   DMA zone: 64 pages used for memmap
[    0.031419]   DMA zone: 21 pages reserved
[    0.031442]   DMA zone: 3998 pages, LIFO batch:0
[    0.031444]   DMA32 zone: 1984 pages used for memmap
[    0.031445]   DMA32 zone: 126943 pages, LIFO batch:31
[    0.035266] On node 0, zone DMA: 1 pages in unavailable ranges
[    0.037660] On node 0, zone DMA: 97 pages in unavailable ranges
[    0.099161] On node 0, zone DMA32: 33 pages in unavailable ranges
[    0.102931] ACPI: PM-Timer IO Port: 0x608
[    0.102937] ACPI: Local APIC address 0xfee00000
[    0.103174] ACPI: LAPIC_NMI (acpi_id[0xff] dfl dfl lint[0x1])
[    0.103818] IOAPIC[0]: apic_id 0, version 17, address 0xfec00000, GSI 0-23
[    0.103823] ACPI: INT_SRC_OVR (bus 0 bus_irq 0 global_irq 2 dfl dfl)
[    0.103911] ACPI: INT_SRC_OVR (bus 0 bus_irq 5 global_irq 5 high level)
[    0.103913] ACPI: INT_SRC_OVR (bus 0 bus_irq 9 global_irq 9 high level)
[    0.103979] ACPI: INT_SRC_OVR (bus 0 bus_irq 10 global_irq 10 high level)
[    0.103981] ACPI: INT_SRC_OVR (bus 0 bus_irq 11 global_irq 11 high level)
[    0.103983] ACPI: IRQ0 used by override.
[    0.103984] ACPI: IRQ5 used by override.
[    0.103985] ACPI: IRQ9 used by override.
[    0.103986] ACPI: IRQ10 used by override.
[    0.103998] ACPI: IRQ11 used by override.
[    0.104039] Using ACPI (MADT) for SMP configuration information
[    0.104043] ACPI: HPET id: 0x8086a201 base: 0xfed00000
[    0.104333] smpboot: Allowing 43 CPUs, 0 hotplug CPUs
[    0.105422] PM: hibernation: Registered nosave memory: [mem 0x00000000-0x00000fff]
[    0.105426] PM: hibernation: Registered nosave memory: [mem 0x0009f000-0x0009ffff]
[    0.105427] PM: hibernation: Registered nosave memory: [mem 0x000a0000-0x000effff]
[    0.105429] PM: hibernation: Registered nosave memory: [mem 0x000f0000-0x000fffff]
[    0.105432] [mem 0x20000000-0xafffffff] available for PCI devices
[    0.105465] Booting paravirtualized kernel on KVM
[    0.105711] clocksource: refined-jiffies: mask: 0xffffffff max_cycles: 0xffffffff, max_idle_ns: 1910969940391419 ns
[    0.122720] setup_percpu: NR_CPUS:8192 nr_cpumask_bits:43 nr_cpu_ids:43 nr_node_ids:1
[    0.179799] percpu: Embedded 56 pages/cpu s191448 r8192 d29736 u262144
[    0.179836] pcpu-alloc: s191448 r8192 d29736 u262144 alloc=1*2097152
[    0.179873] pcpu-alloc: [0] 00 01 02 03 04 05 06 07 [0] 08 09 10 11 12 13 14 15 
[    0.179883] pcpu-alloc: [0] 16 17 18 19 20 21 22 23 [0] 24 25 26 27 28 29 30 31 
[    0.179893] pcpu-alloc: [0] 32 33 34 35 36 37 38 39 [0] 40 41 42 -- -- -- -- -- 
[    0.180181] kvm-guest: stealtime: cpu 0, msr 1ea1b600
[    0.180266] Built 1 zonelists, mobility grouping on.  Total pages: 128872
[    0.180267] Policy zone: DMA32
[    0.180282] Kernel command line: selinux=0 initcall_debug debug console=ttyS0 maxcpus=8 nr_cpus=43 rcutree.gp_preinit_delay=3 rcutree.gp_init_delay=3 rcutree.gp_cleanup_delay=3 rcu_nocbs=0 rcutorture.fwd_progress=0 rcutorture.onoff_interval=1000 rcutorture.onoff_holdoff=30 rcutorture.n_barrier_cbs=4 rcutorture.stat_interval=15 rcutorture.shutdown_secs=1800 rcutorture.test_no_idle_hz=1 rcutorture.verbose=1
[    0.182161] printk: log_buf_len individual max cpu contribution: 4096 bytes
[    0.182164] printk: log_buf_len total cpu_extra contributions: 172032 bytes
[    0.182165] printk: log_buf_len min size: 262144 bytes
[    0.189948] printk: log_buf_len: 524288 bytes
[    0.189952] printk: early log buf free: 254248(96%)
[    0.190225] Dentry cache hash table entries: 65536 (order: 7, 524288 bytes, linear)
[    0.190350] Inode-cache hash table entries: 32768 (order: 6, 262144 bytes, linear)
[    0.191617] mem auto-init: stack:all(zero), heap alloc:off, heap free:off
[    0.196935] Memory: 465404K/523764K available (16397K kernel code, 3411K rwdata, 4832K rodata, 2188K init, 1896K bss, 58100K reserved, 0K cma-reserved)
[    0.197352] SLUB: HWalign=64, Order=0-3, MinObjects=0, CPUs=43, Nodes=1
[    0.197497] Kernel/User page tables isolation: enabled
[    0.202131] rcu: Preemptible hierarchical RCU implementation.
[    0.202134] rcu: 	RCU event tracing is enabled.
[    0.202135] rcu: 	RCU dyntick-idle grace-period acceleration is enabled.
[    0.202147] rcu: 	RCU restricting CPUs from NR_CPUS=8192 to nr_cpu_ids=43.
[    0.202149] rcu: 	RCU debug GP pre-init slowdown 3 jiffies.
[    0.202150] rcu: 	RCU debug GP init slowdown 3 jiffies.
[    0.202151] rcu: 	RCU debug GP init slowdown 3 jiffies.
[    0.202174] 	Trampoline variant of Tasks RCU enabled.
[    0.202175] 	Rude variant of Tasks RCU enabled.
[    0.202176] 	Tracing variant of Tasks RCU enabled.
[    0.202208] rcu: RCU calculated value of scheduler-enlistment delay is 100 jiffies.
[    0.202209] rcu: Adjusting geometry for rcu_fanout_leaf=16, nr_cpu_ids=43
[    0.207138] NR_IRQS: 524544, nr_irqs: 768, preallocated irqs: 16
[    0.207757] rcu: 	Offload RCU callbacks from CPUs: 0.
[    0.208369] calling  con_init+0x0/0x22a @ 0
[    0.299578] Console: colour VGA+ 80x25
[    0.299595] initcall con_init+0x0/0x22a returned 0 after 0 usecs
[    0.299598] calling  hvc_console_init+0x0/0x13 @ 0
[    0.299613] initcall hvc_console_init+0x0/0x13 returned 0 after 0 usecs
[    0.299616] calling  univ8250_console_init+0x0/0x26 @ 0
[    1.339658] printk: console [ttyS0] enabled
[    1.345380] initcall univ8250_console_init+0x0/0x26 returned 0 after 0 usecs
[    1.356124] ACPI: Core revision 20200925
[    1.362976] clocksource: hpet: mask: 0xffffffff max_cycles: 0xffffffff, max_idle_ns: 19112604467 ns
[    1.374610] APIC: Switch to symmetric I/O mode setup
[    1.380660] Switched APIC routing to physical flat.
[    1.407183] ..TIMER: vector=0x30 apic1=0 pin1=2 apic2=-1 pin2=-1
[    1.416458] clocksource: tsc-early: mask: 0xffffffffffffffff max_cycles: 0x39a85afc727, max_idle_ns: 881590685098 ns
[    1.431218] Calibrating delay loop (skipped) preset value.. 3999.99 BogoMIPS (lpj=1999999)
[    1.432016] pid_max: default: 44032 minimum: 344
[    1.435166] LSM: Security Framework initializing
[    1.437340] Mount-cache hash table entries: 1024 (order: 1, 8192 bytes, linear)
[    1.438939] Mountpoint-cache hash table entries: 1024 (order: 1, 8192 bytes, linear)
[    1.450149] Last level iTLB entries: 4KB 0, 2MB 0, 4MB 0
[    1.450899] Last level dTLB entries: 4KB 0, 2MB 0, 4MB 0, 1GB 0
[    1.453082] Spectre V1 : Mitigation: usercopy/swapgs barriers and __user pointer sanitization
[    1.454914] Spectre V2 : Mitigation: Retpolines
[    1.455900] Spectre V2 : Spectre v2 / SpectreRSB mitigation: Filling RSB on context switch
[    1.458511] Spectre V2 : Spectre v2 / SpectreRSB : Filling RSB on VMEXIT
[    1.458932] Speculative Store Bypass: Vulnerable
[    1.461938] MDS: Vulnerable: Clear CPU buffers attempted, no microcode
[    1.462900] MMIO Stale Data: Unknown: No mitigations
[    1.549382] Freeing SMP alternatives memory: 40K
[    1.656911] smpboot: CPU0: Intel Common KVM processor (family: 0xf, model: 0x6, stepping: 0x1)
[    1.663061] calling  init_hw_perf_events+0x0/0x6ce @ 1
[    1.663920] Performance Events: unsupported Netburst CPU model 6 no PMU driver, software events only.
[    1.665910] initcall init_hw_perf_events+0x0/0x6ce returned 0 after 1953 usecs
[    1.666938] calling  init_real_mode+0x0/0x1e9 @ 1
[    1.668441] initcall init_real_mode+0x0/0x1e9 returned 0 after 0 usecs
[    1.668917] calling  trace_init_perf_perm_irq_work_exit+0x0/0x12 @ 1
[    1.669929] initcall trace_init_perf_perm_irq_work_exit+0x0/0x12 returned 0 after 0 usecs
[    1.670926] calling  validate_x2apic+0x0/0x4a @ 1
[    1.671942] initcall validate_x2apic+0x0/0x4a returned 0 after 0 usecs
[    1.672905] calling  register_nmi_cpu_backtrace_handler+0x0/0x15 @ 1
[    1.673903] initcall register_nmi_cpu_backtrace_handler+0x0/0x15 returned 0 after 0 usecs
[    1.674902] calling  kvm_setup_vsyscall_timeinfo+0x0/0xd0 @ 1
[    1.676948] initcall kvm_setup_vsyscall_timeinfo+0x0/0xd0 returned 0 after 0 usecs
[    1.677917] calling  spawn_ksoftirqd+0x0/0x38 @ 1
[    1.679968] initcall spawn_ksoftirqd+0x0/0x38 returned 0 after 976 usecs
[    1.680906] calling  migration_init+0x0/0x31 @ 1
[    1.681925] initcall migration_init+0x0/0x31 returned 0 after 0 usecs
[    1.682905] calling  srcu_bootup_announce+0x0/0x2f @ 1
[    1.683922] rcu: Hierarchical SRCU implementation.
[    1.685901] initcall srcu_bootup_announce+0x0/0x2f returned 0 after 1953 usecs
[    1.686903] calling  rcu_spawn_gp_kthread+0x0/0x1dd @ 1
[    1.688628] initcall rcu_spawn_gp_kthread+0x0/0x1dd returned 0 after 0 usecs
[    1.688907] calling  check_cpu_stall_init+0x0/0x1a @ 1
[    1.689902] initcall check_cpu_stall_init+0x0/0x1a returned 0 after 0 usecs
[    1.690915] calling  rcu_sysrq_init+0x0/0x21 @ 1
[    1.691908] initcall rcu_sysrq_init+0x0/0x21 returned 0 after 0 usecs
[    1.692906] calling  trace_init_flags_sys_enter+0x0/0xe @ 1
[    1.693906] initcall trace_init_flags_sys_enter+0x0/0xe returned 0 after 0 usecs
[    1.694919] calling  trace_init_flags_sys_exit+0x0/0xe @ 1
[    1.695907] initcall trace_init_flags_sys_exit+0x0/0xe returned 0 after 0 usecs
[    1.697903] calling  cpu_stop_init+0x0/0x6e @ 1
[    1.699141] initcall cpu_stop_init+0x0/0x6e returned 0 after 0 usecs
[    1.699903] calling  init_kprobes+0x0/0x165 @ 1
[    1.702059] initcall init_kprobes+0x0/0x165 returned 0 after 976 usecs
[    1.703902] calling  init_events+0x0/0x3d @ 1
[    1.705970] initcall init_events+0x0/0x3d returned 0 after 976 usecs
[    1.706902] calling  init_trace_printk+0x0/0xc @ 1
[    1.707916] initcall init_trace_printk+0x0/0xc returned 0 after 0 usecs
[    1.708902] calling  event_trace_enable_again+0x0/0x23 @ 1
[    1.709902] initcall event_trace_enable_again+0x0/0x23 returned 0 after 0 usecs
[    1.710902] calling  static_call_init+0x0/0x77 @ 1
[    1.711923] initcall static_call_init+0x0/0x77 returned 0 after 0 usecs
[    1.712901] calling  jump_label_init_module+0x0/0xc @ 1
[    1.713906] initcall jump_label_init_module+0x0/0xc returned 0 after 0 usecs
[    1.714906] calling  init_zero_pfn+0x0/0x37 @ 1
[    1.715906] initcall init_zero_pfn+0x0/0x37 returned 0 after 0 usecs
[    1.716904] calling  initialize_ptr_random+0x0/0x54 @ 1
[    1.717946] initcall initialize_ptr_random+0x0/0x54 returned 0 after 0 usecs
[    1.718923] calling  efi_memreserve_root_init+0x0/0x25 @ 1
[    1.720028] initcall efi_memreserve_root_init+0x0/0x25 returned 0 after 0 usecs
[    1.720903] calling  efi_earlycon_remap_fb+0x0/0x51 @ 1
[    1.721906] initcall efi_earlycon_remap_fb+0x0/0x51 returned 0 after 0 usecs
[    1.730779] smp: Bringing up secondary CPUs ...
[    1.733681] x86: Booting SMP configuration:
[    1.733938] .... node  #0, CPUs:        #1
[    1.218059] kvm-clock: cpu 1, msr 1ac72041, secondary cpu clock
[    1.759087] kvm-guest: stealtime: cpu 1, msr 1ea5b600
[    1.773409]   #2
[    1.218059] kvm-clock: cpu 2, msr 1ac72081, secondary cpu clock
[    1.796047] kvm-guest: stealtime: cpu 2, msr 1ea9b600
[    1.810906]   #3
[    1.218059] kvm-clock: cpu 3, msr 1ac720c1, secondary cpu clock
[    1.834175] kvm-guest: stealtime: cpu 3, msr 1eadb600
[    1.850387]   #4
[    1.218059] kvm-clock: cpu 4, msr 1ac72101, secondary cpu clock
[    1.873087] kvm-guest: stealtime: cpu 4, msr 1eb1b600
[    1.888908]   #5
[    1.218059] kvm-clock: cpu 5, msr 1ac72141, secondary cpu clock
[    1.914058] kvm-guest: stealtime: cpu 5, msr 1eb5b600
[    1.930628]   #6
[    1.218059] kvm-clock: cpu 6, msr 1ac72181, secondary cpu clock
[    1.955080] kvm-guest: stealtime: cpu 6, msr 1eb9b600
[    1.975904]   #7
[    1.218059] kvm-clock: cpu 7, msr 1ac721c1, secondary cpu clock
[    2.002063] kvm-guest: stealtime: cpu 7, msr 1ebdb600
[    2.016994] smp: Brought up 1 node, 8 CPUs
[    2.018922] smpboot: Max logical packages: 6
[    2.019903] smpboot: Total of 8 processors activated (31999.98 BogoMIPS)
[    2.044023] devtmpfs: initialized
[    2.050624] calling  ipc_ns_init+0x0/0x3d @ 1
[    2.051913] initcall ipc_ns_init+0x0/0x3d returned 0 after 976 usecs
[    2.052907] calling  init_mmap_min_addr+0x0/0x21 @ 1
[    2.053907] initcall init_mmap_min_addr+0x0/0x21 returned 0 after 0 usecs
[    2.054907] calling  pci_realloc_setup_params+0x0/0x3f @ 1
[    2.055903] initcall pci_realloc_setup_params+0x0/0x3f returned 0 after 0 usecs
[    2.056904] calling  net_ns_init+0x0/0x140 @ 1
[    2.059985] initcall net_ns_init+0x0/0x140 returned 0 after 1953 usecs
[    2.060930] calling  e820__register_nvs_regions+0x0/0x37 @ 1
[    2.061905] initcall e820__register_nvs_regions+0x0/0x37 returned 0 after 0 usecs
[    2.062904] calling  cpufreq_register_tsc_scaling+0x0/0x2e @ 1
[    2.063903] initcall cpufreq_register_tsc_scaling+0x0/0x2e returned 0 after 0 usecs
[    2.064903] calling  reboot_init+0x0/0x3c @ 1
[    2.065988] initcall reboot_init+0x0/0x3c returned 0 after 0 usecs
[    2.066903] calling  init_lapic_sysfs+0x0/0x20 @ 1
[    2.068904] initcall init_lapic_sysfs+0x0/0x20 returned 0 after 0 usecs
[    2.069904] calling  alloc_frozen_cpus+0x0/0x1d @ 1
[    2.070904] initcall alloc_frozen_cpus+0x0/0x1d returned 0 after 0 usecs
[    2.071903] calling  cpu_hotplug_pm_sync_init+0x0/0x13 @ 1
[    2.072904] initcall cpu_hotplug_pm_sync_init+0x0/0x13 returned 0 after 0 usecs
[    2.073904] calling  wq_sysfs_init+0x0/0x2a @ 1
[    2.074964] initcall wq_sysfs_init+0x0/0x2a returned 0 after 0 usecs
[    2.075903] calling  ksysfs_init+0x0/0x92 @ 1
[    2.076933] initcall ksysfs_init+0x0/0x92 returned 0 after 0 usecs
[    2.077903] calling  schedutil_gov_init+0x0/0xc @ 1
[    2.078984] initcall schedutil_gov_init+0x0/0xc returned 0 after 0 usecs
[    2.079904] calling  pm_init+0x0/0x76 @ 1
[    2.080961] initcall pm_init+0x0/0x76 returned 0 after 0 usecs
[    2.081905] calling  pm_disk_init+0x0/0x13 @ 1
[    2.083232] initcall pm_disk_init+0x0/0x13 returned 0 after 0 usecs
[    2.084040] calling  swsusp_header_init+0x0/0x2b @ 1
[    2.084906] initcall swsusp_header_init+0x0/0x2b returned 0 after 0 usecs
[    2.085904] calling  rcu_set_runtime_mode+0x0/0x16 @ 1
[    2.091594] initcall rcu_set_runtime_mode+0x0/0x16 returned 0 after 3906 usecs
[    2.091904] calling  init_jiffies_clocksource+0x0/0x13 @ 1
[    2.092902] clocksource: jiffies: mask: 0xffffffff max_cycles: 0xffffffff, max_idle_ns: 1911260446275000 ns
[    2.093907] initcall init_jiffies_clocksource+0x0/0x13 returned 0 after 976 usecs
[    2.094905] calling  futex_init+0x0/0xfd @ 1
[    2.096067] futex hash table entries: 16384 (order: 8, 1048576 bytes, linear)
[    2.120474] initcall futex_init+0x0/0xfd returned 0 after 23437 usecs
[    2.120908] calling  cgroup_wq_init+0x0/0x28 @ 1
[    2.121927] initcall cgroup_wq_init+0x0/0x28 returned 0 after 0 usecs
[    2.122904] calling  cgroup1_wq_init+0x0/0x28 @ 1
[    2.123930] initcall cgroup1_wq_init+0x0/0x28 returned 0 after 0 usecs
[    2.124908] calling  init_kprobe_trace_early+0x0/0x2a @ 1
[    2.125943] initcall init_kprobe_trace_early+0x0/0x2a returned 0 after 0 usecs
[    2.126905] calling  fsnotify_init+0x0/0x48 @ 1
[    2.127972] initcall fsnotify_init+0x0/0x48 returned 0 after 0 usecs
[    2.128903] calling  filelock_init+0x0/0x96 @ 1
[    2.129942] initcall filelock_init+0x0/0x96 returned 0 after 0 usecs
[    2.130901] calling  init_misc_binfmt+0x0/0x2c @ 1
[    2.131940] initcall init_misc_binfmt+0x0/0x2c returned 0 after 0 usecs
[    2.132901] calling  init_script_binfmt+0x0/0x15 @ 1
[    2.133907] initcall init_script_binfmt+0x0/0x15 returned 0 after 0 usecs
[    2.134901] calling  init_elf_binfmt+0x0/0x15 @ 1
[    2.135902] initcall init_elf_binfmt+0x0/0x15 returned 0 after 0 usecs
[    2.136906] calling  init_compat_elf_binfmt+0x0/0x15 @ 1
[    2.137906] initcall init_compat_elf_binfmt+0x0/0x15 returned 0 after 0 usecs
[    2.138906] calling  debugfs_init+0x0/0x5c @ 1
[    2.139938] initcall debugfs_init+0x0/0x5c returned 0 after 0 usecs
[    2.140907] calling  tracefs_init+0x0/0x3a @ 1
[    2.141913] initcall tracefs_init+0x0/0x3a returned 0 after 0 usecs
[    2.142905] calling  prandom_init_early+0x0/0x15d @ 1
[    2.143908] initcall prandom_init_early+0x0/0x15d returned 0 after 0 usecs
[    2.146049] calling  virtio_init+0x0/0x20 @ 1
[    2.147011] initcall virtio_init+0x0/0x20 returned 0 after 0 usecs
[    2.147905] calling  iommu_init+0x0/0x2a @ 1
[    2.148950] initcall iommu_init+0x0/0x2a returned 0 after 0 usecs
[    2.149902] calling  component_debug_init+0x0/0x1c @ 1
[    2.150975] initcall component_debug_init+0x0/0x1c returned 0 after 0 usecs
[    2.151902] calling  early_resume_init+0x0/0xb9 @ 1
[    2.153899] PM: RTC time: 06:38:15, date: 2022-12-13
[    2.154936] initcall early_resume_init+0x0/0xb9 returned 0 after 1953 usecs
[    2.155903] calling  cpufreq_core_init+0x0/0x62 @ 1
[    2.156923] initcall cpufreq_core_init+0x0/0x62 returned 0 after 0 usecs
[    2.157902] calling  cpufreq_gov_performance_init+0x0/0xc @ 1
[    2.159895] initcall cpufreq_gov_performance_init+0x0/0xc returned 0 after 0 usecs
[    2.160903] calling  cpufreq_gov_userspace_init+0x0/0xc @ 1
[    2.161904] initcall cpufreq_gov_userspace_init+0x0/0xc returned 0 after 0 usecs
[    2.162904] calling  CPU_FREQ_GOV_ONDEMAND_init+0x0/0xc @ 1
[    2.163903] initcall CPU_FREQ_GOV_ONDEMAND_init+0x0/0xc returned 0 after 0 usecs
[    2.164903] calling  cpuidle_init+0x0/0x1f @ 1
[    2.165950] initcall cpuidle_init+0x0/0x1f returned 0 after 0 usecs
[    2.166905] calling  capsule_reboot_register+0x0/0xc @ 1
[    2.167921] initcall capsule_reboot_register+0x0/0xc returned 0 after 0 usecs
[    2.168903] calling  sock_init+0x0/0x93 @ 1
[    2.171920] initcall sock_init+0x0/0x93 returned 0 after 1953 usecs
[    2.172902] calling  net_inuse_init+0x0/0x23 @ 1
[    2.173911] initcall net_inuse_init+0x0/0x23 returned 0 after 0 usecs
[    2.174905] calling  net_defaults_init+0x0/0x23 @ 1
[    2.175903] initcall net_defaults_init+0x0/0x23 returned 0 after 0 usecs
[    2.176906] calling  init_default_flow_dissectors+0x0/0x4f @ 1
[    2.177923] initcall init_default_flow_dissectors+0x0/0x4f returned 0 after 0 usecs
[    2.178904] calling  netpoll_init+0x0/0x26 @ 1
[    2.179902] initcall netpoll_init+0x0/0x26 returned 0 after 0 usecs
[    2.181904] calling  netlink_proto_init+0x0/0x14f @ 1
[    2.184029] NET: Registered protocol family 16
[    2.184944] initcall netlink_proto_init+0x0/0x14f returned 0 after 1953 usecs
[    2.185905] calling  genl_init+0x0/0x35 @ 1
[    2.187050] initcall genl_init+0x0/0x35 returned 0 after 0 usecs
[    2.187924] calling  bsp_pm_check_init+0x0/0x13 @ 1
[    2.188904] initcall bsp_pm_check_init+0x0/0x13 returned 0 after 0 usecs
[    2.189927] calling  irq_sysfs_init+0x0/0xb7 @ 1
[    2.191009] initcall irq_sysfs_init+0x0/0xb7 returned 0 after 0 usecs
[    2.191903] calling  audit_init+0x0/0x160 @ 1
[    2.192915] audit: initializing netlink subsys (disabled)
[    2.195243] initcall audit_init+0x0/0x160 returned 0 after 1953 usecs
[    2.195106] audit: type=2000 audit(1670913493.533:1): state=initialized audit_enabled=0 res=1
[    2.195903] calling  release_early_probes+0x0/0x32 @ 1
[    2.197903] initcall release_early_probes+0x0/0x32 returned 0 after 0 usecs
[    2.198903] calling  bdi_class_init+0x0/0x48 @ 1
[    2.199922] initcall bdi_class_init+0x0/0x48 returned 0 after 0 usecs
[    2.200902] calling  mm_sysfs_init+0x0/0x28 @ 1
[    2.201907] initcall mm_sysfs_init+0x0/0x28 returned 0 after 0 usecs
[    2.202903] calling  init_per_zone_wmark_min+0x0/0x6d @ 1
[    2.203910] initcall init_per_zone_wmark_min+0x0/0x6d returned 0 after 0 usecs
[    2.204902] calling  mpi_init+0x0/0x3e @ 1
[    2.205926] initcall mpi_init+0x0/0x3e returned 0 after 0 usecs
[    2.206903] calling  kobject_uevent_init+0x0/0xc @ 1
[    2.207910] initcall kobject_uevent_init+0x0/0xc returned 0 after 0 usecs
[    2.208902] calling  pcibus_class_init+0x0/0x13 @ 1
[    2.209914] initcall pcibus_class_init+0x0/0x13 returned 0 after 0 usecs
[    2.210904] calling  pci_driver_init+0x0/0x21 @ 1
[    2.211993] initcall pci_driver_init+0x0/0x21 returned 0 after 0 usecs
[    2.212903] calling  backlight_class_init+0x0/0xa8 @ 1
[    2.213934] initcall backlight_class_init+0x0/0xa8 returned 0 after 0 usecs
[    2.214904] calling  tty_class_init+0x0/0x33 @ 1
[    2.215938] initcall tty_class_init+0x0/0x33 returned 0 after 0 usecs
[    2.216903] calling  vtconsole_class_init+0x0/0xb5 @ 1
[    2.218964] initcall vtconsole_class_init+0x0/0xb5 returned 0 after 0 usecs
[    2.219903] calling  iommu_dev_init+0x0/0x13 @ 1
[    2.221913] initcall iommu_dev_init+0x0/0x13 returned 0 after 976 usecs
[    2.222905] calling  mipi_dsi_bus_init+0x0/0xc @ 1
[    2.224249] initcall mipi_dsi_bus_init+0x0/0xc returned 0 after 0 usecs
[    2.224907] calling  devlink_class_init+0x0/0x40 @ 1
[    2.225921] initcall devlink_class_init+0x0/0x40 returned 0 after 0 usecs
[    2.226907] calling  software_node_init+0x0/0x2a @ 1
[    2.227911] initcall software_node_init+0x0/0x2a returned 0 after 0 usecs
[    2.228904] calling  wakeup_sources_debugfs_init+0x0/0x23 @ 1
[    2.229914] initcall wakeup_sources_debugfs_init+0x0/0x23 returned 0 after 0 usecs
[    2.230904] calling  wakeup_sources_sysfs_init+0x0/0x2c @ 1
[    2.232914] initcall wakeup_sources_sysfs_init+0x0/0x2c returned 0 after 0 usecs
[    2.233902] calling  register_node_type+0x0/0x13 @ 1
[    2.235224] initcall register_node_type+0x0/0x13 returned 0 after 0 usecs
[    2.235902] calling  regmap_initcall+0x0/0xc @ 1
[    2.237099] initcall regmap_initcall+0x0/0xc returned 0 after 0 usecs
[    2.237904] calling  i2c_init+0x0/0xb3 @ 1
[    2.239413] initcall i2c_init+0x0/0xb3 returned 0 after 0 usecs
[    2.239905] calling  thermal_init+0x0/0xf2 @ 1
[    2.241123] thermal_sys: Registered thermal governor 'step_wise'
[    2.241124] thermal_sys: Registered thermal governor 'user_space'
[    2.241918] initcall thermal_init+0x0/0xf2 returned 0 after 976 usecs
[    2.243906] calling  init_menu+0x0/0xc @ 1
[    2.249908] cpuidle: using governor menu
[    2.256914] initcall init_menu+0x0/0xc returned 0 after 11718 usecs
[    2.266910] calling  pcc_init+0x0/0x4d @ 1
[    2.272908] initcall pcc_init+0x0/0x4d returned -19 after 0 usecs
[    2.282907] calling  amd_postcore_init+0x0/0x11e @ 1
[    2.291907] initcall amd_postcore_init+0x0/0x11e returned 0 after 0 usecs
[    2.302949] calling  bts_init+0x0/0xba @ 1
[    2.309906] initcall bts_init+0x0/0xba returned -19 after 0 usecs
[    2.319910] calling  pt_init+0x0/0x341 @ 1
[    2.326904] initcall pt_init+0x0/0x341 returned -19 after 0 usecs
[    2.336907] calling  boot_params_ksysfs_init+0x0/0x2ee @ 1
[    2.347004] initcall boot_params_ksysfs_init+0x0/0x2ee returned 0 after 0 usecs
[    2.358915] calling  sbf_init+0x0/0xea @ 1
[    2.365910] initcall sbf_init+0x0/0xea returned 0 after 0 usecs
[    2.375907] calling  arch_kdebugfs_init+0x0/0x219 @ 1
[    2.384037] initcall arch_kdebugfs_init+0x0/0x219 returned 0 after 0 usecs
[    2.392949] calling  intel_pconfig_init+0x0/0x85 @ 1
[    2.398902] initcall intel_pconfig_init+0x0/0x85 returned 0 after 0 usecs
[    2.407904] calling  mtrr_if_init+0x0/0x5d @ 1
[    2.413939] initcall mtrr_if_init+0x0/0x5d returned 0 after 0 usecs
[    2.422903] calling  activate_jump_labels+0x0/0x31 @ 1
[    2.428903] initcall activate_jump_labels+0x0/0x31 returned 0 after 0 usecs
[    2.437906] calling  ffh_cstate_init+0x0/0x29 @ 1
[    2.443907] initcall ffh_cstate_init+0x0/0x29 returned 0 after 0 usecs
[    2.451903] calling  activate_jump_labels+0x0/0x31 @ 1
[    2.461903] initcall activate_jump_labels+0x0/0x31 returned 0 after 2929 usecs
[    2.470902] calling  kvm_alloc_cpumask+0x0/0x87 @ 1
[    2.476966] initcall kvm_alloc_cpumask+0x0/0x87 returned 0 after 0 usecs
[    2.485903] calling  kcmp_cookies_init+0x0/0x37 @ 1
[    2.491906] initcall kcmp_cookies_init+0x0/0x37 returned 0 after 0 usecs
[    2.499907] calling  cryptomgr_init+0x0/0xc @ 1
[    2.505965] initcall cryptomgr_init+0x0/0xc returned 0 after 0 usecs
[    2.512905] calling  acpi_pci_init+0x0/0x57 @ 1
[    2.519901] ACPI: bus type PCI registered
[    2.524903] initcall acpi_pci_init+0x0/0x57 returned 0 after 4882 usecs
[    2.532904] calling  dma_channel_table_init+0x0/0xd1 @ 1
[    2.539921] initcall dma_channel_table_init+0x0/0xd1 returned 0 after 0 usecs
[    2.548902] calling  dma_bus_init+0x0/0xdc @ 1
[    2.555442] initcall dma_bus_init+0x0/0xdc returned 0 after 976 usecs
[    2.565089] calling  iommu_dma_init+0x0/0x10 @ 1
[    2.573961] initcall iommu_dma_init+0x0/0x10 returned 0 after 0 usecs
[    2.583907] calling  dmi_id_init+0x0/0x37c @ 1
[    2.592182] initcall dmi_id_init+0x0/0x37c returned 0 after 0 usecs
[    2.600904] calling  pci_arch_init+0x0/0x71 @ 1
[    2.605576] PCI: MMCONFIG for domain 0000 [bus 00-ff] at [mem 0xb0000000-0xbfffffff] (base 0xb0000000)
[    2.618924] PCI: MMCONFIG at [mem 0xb0000000-0xbfffffff] reserved in E820
[    2.626925] PCI: Using configuration type 1 for base access
[    2.635004] initcall pci_arch_init+0x0/0x71 returned 0 after 29296 usecs
[    2.642934] calling  init_vdso+0x0/0x13 @ 1
[    2.645207] initcall init_vdso+0x0/0x13 returned 0 after 0 usecs
[    2.653905] calling  sysenter_setup+0x0/0x13 @ 1
[    2.659941] initcall sysenter_setup+0x0/0x13 returned 0 after 0 usecs
[    2.667906] calling  fixup_ht_bug+0x0/0xe5 @ 1
[    2.673902] initcall fixup_ht_bug+0x0/0xe5 returned 0 after 0 usecs
[    2.682902] calling  topology_init+0x0/0x8b @ 1
[    2.693236] initcall topology_init+0x0/0x8b returned 0 after 3906 usecs
[    2.701904] calling  intel_epb_init+0x0/0x68 @ 1
[    2.707902] initcall intel_epb_init+0x0/0x68 returned -19 after 0 usecs
[    2.716901] calling  mtrr_init_finialize+0x0/0x3e @ 1
[    2.723901] initcall mtrr_init_finialize+0x0/0x3e returned 0 after 0 usecs
[    2.731903] calling  uid_cache_init+0x0/0x85 @ 1
[    2.738907] initcall uid_cache_init+0x0/0x85 returned 0 after 0 usecs
[    2.747904] calling  param_sysfs_init+0x0/0x1ba @ 1
[    2.758675] initcall param_sysfs_init+0x0/0x1ba returned 0 after 4882 usecs
[    2.767905] calling  user_namespace_sysctl_init+0x0/0x33 @ 1
[    2.774912] initcall user_namespace_sysctl_init+0x0/0x33 returned 0 after 0 usecs
[    2.782903] calling  proc_schedstat_init+0x0/0x24 @ 1
[    2.789905] initcall proc_schedstat_init+0x0/0x24 returned 0 after 0 usecs
[    2.797902] calling  pm_sysrq_init+0x0/0x18 @ 1
[    2.807087] initcall pm_sysrq_init+0x0/0x18 returned 0 after 2929 usecs
[    2.815927] calling  create_proc_profile+0x0/0xd0 @ 1
[    2.823910] initcall create_proc_profile+0x0/0xd0 returned 0 after 0 usecs
[    2.830909] calling  time_ns_init+0x0/0x7 @ 1
[    2.838906] initcall time_ns_init+0x0/0x7 returned 0 after 0 usecs
[    2.841905] calling  crash_save_vmcoreinfo_init+0x0/0x722 @ 1
[    2.850818] initcall crash_save_vmcoreinfo_init+0x0/0x722 returned 0 after 976 usecs
[    2.861909] calling  crash_notes_memory_init+0x0/0x35 @ 1
[    2.869915] initcall crash_notes_memory_init+0x0/0x35 returned 0 after 0 usecs
[    2.880905] calling  cgroup_sysfs_init+0x0/0x13 @ 1
[    2.888910] initcall cgroup_sysfs_init+0x0/0x13 returned 0 after 0 usecs
[    2.898909] calling  cgroup_namespaces_init+0x0/0x7 @ 1
[    2.908905] initcall cgroup_namespaces_init+0x0/0x7 returned 0 after 0 usecs
[    2.917903] calling  init_optprobes+0x0/0x13 @ 1
[    2.925901] Kprobes globally optimized
[    2.930905] initcall init_optprobes+0x0/0x13 returned 0 after 4882 usecs
[    2.939908] calling  oom_init+0x0/0x2f @ 1
[    2.947961] initcall oom_init+0x0/0x2f returned 0 after 2929 usecs
[    2.957907] calling  default_bdi_init+0x0/0xb3 @ 1
[    2.970924] initcall default_bdi_init+0x0/0xb3 returned 0 after 7812 usecs
[    2.978905] calling  percpu_enable_async+0x0/0xe @ 1
[    2.987907] initcall percpu_enable_async+0x0/0xe returned 0 after 0 usecs
[    2.995903] calling  kcompactd_init+0x0/0x90 @ 1
[    3.004410] initcall kcompactd_init+0x0/0x90 returned 0 after 3906 usecs
[    3.012636] calling  init_user_reserve+0x0/0x40 @ 1
[    3.019907] initcall init_user_reserve+0x0/0x40 returned 0 after 0 usecs
[    3.027906] calling  init_admin_reserve+0x0/0x40 @ 1
[    3.033904] initcall init_admin_reserve+0x0/0x40 returned 0 after 0 usecs
[    3.044906] calling  init_reserve_notifier+0x0/0x7 @ 1
[    3.051903] initcall init_reserve_notifier+0x0/0x7 returned 0 after 0 usecs
[    3.060905] calling  swap_init_sysfs+0x0/0x62 @ 1
[    3.066930] initcall swap_init_sysfs+0x0/0x62 returned 0 after 0 usecs
[    3.075901] calling  swapfile_init+0x0/0x96 @ 1
[    3.081931] initcall swapfile_init+0x0/0x96 returned 0 after 0 usecs
[    3.090904] calling  hugetlb_init+0x0/0x49f @ 1
[    3.097309] HugeTLB registered 2.00 MiB page size, pre-allocated 0 pages
[    3.107006] initcall hugetlb_init+0x0/0x49f returned 0 after 9765 usecs
[    3.115903] calling  io_wq_init+0x0/0x34 @ 1
[    3.121905] initcall io_wq_init+0x0/0x34 returned 0 after 0 usecs
[    3.129904] calling  seqiv_module_init+0x0/0xc @ 1
[    3.135905] initcall seqiv_module_init+0x0/0xc returned 0 after 0 usecs
[    3.144925] calling  echainiv_module_init+0x0/0xc @ 1
[    3.151904] initcall echainiv_module_init+0x0/0xc returned 0 after 0 usecs
[    3.160975] calling  rsa_init+0x0/0x50 @ 1
[    3.168101] cryptomgr_test (63) used greatest stack depth: 15504 bytes left
[    3.167906] initcall rsa_init+0x0/0x50 returned 0 after 1953 usecs
[    3.186281] calling  crypto_cmac_module_init+0x0/0xc @ 1
[    3.194077] initcall crypto_cmac_module_init+0x0/0xc returned 0 after 0 usecs
[    3.202904] calling  hmac_module_init+0x0/0xc @ 1
[    3.209903] initcall hmac_module_init+0x0/0xc returned 0 after 0 usecs
[    3.218904] calling  crypto_null_mod_init+0x0/0x65 @ 1
[    3.230993] initcall crypto_null_mod_init+0x0/0x65 returned 0 after 4882 usecs
[    3.239904] calling  md5_mod_init+0x0/0xc @ 1
[    3.248050] initcall md5_mod_init+0x0/0xc returned 0 after 1953 usecs
[    3.256906] calling  sha256_generic_mod_init+0x0/0x11 @ 1
[    3.268072] initcall sha256_generic_mod_init+0x0/0x11 returned 0 after 2929 usecs
[    3.277904] calling  crypto_cbc_module_init+0x0/0xc @ 1
[    3.284902] initcall crypto_cbc_module_init+0x0/0xc returned 0 after 0 usecs
[    3.293901] calling  crypto_ctr_module_init+0x0/0x11 @ 1
[    3.300901] initcall crypto_ctr_module_init+0x0/0x11 returned 0 after 0 usecs
[    3.308901] calling  crypto_gcm_module_init+0x0/0x64 @ 1
[    3.316042] initcall crypto_gcm_module_init+0x0/0x64 returned 0 after 0 usecs
[    3.324902] calling  crypto_ccm_module_init+0x0/0x11 @ 1
[    3.331902] initcall crypto_ccm_module_init+0x0/0x11 returned 0 after 0 usecs
[    3.340901] calling  aes_init+0x0/0xc @ 1
[    3.347099] initcall aes_init+0x0/0xc returned 0 after 976 usecs
[    3.354904] calling  crc32c_mod_init+0x0/0xc @ 1
[    3.362096] initcall crc32c_mod_init+0x0/0xc returned 0 after 976 usecs
[    3.369904] calling  crypto_authenc_module_init+0x0/0xc @ 1
[    3.377903] initcall crypto_authenc_module_init+0x0/0xc returned 0 after 0 usecs
[    3.386901] calling  crypto_authenc_esn_module_init+0x0/0xc @ 1
[    3.393902] initcall crypto_authenc_esn_module_init+0x0/0xc returned 0 after 0 usecs
[    3.403902] calling  drbg_init+0x0/0x7c @ 1
[    3.415049] cryptomgr_test (83) used greatest stack depth: 15184 bytes left
[    3.418059] initcall drbg_init+0x0/0x7c returned 0 after 8789 usecs
[    3.431904] calling  ghash_mod_init+0x0/0xc @ 1
[    3.439032] initcall ghash_mod_init+0x0/0xc returned 0 after 976 usecs
[    3.446902] calling  init_bio+0x0/0x9a @ 1
[    3.452108] initcall init_bio+0x0/0x9a returned 0 after 976 usecs
[    3.459903] calling  blk_settings_init+0x0/0x29 @ 1
[    3.466901] initcall blk_settings_init+0x0/0x29 returned 0 after 0 usecs
[    3.474902] calling  blk_ioc_init+0x0/0x29 @ 1
[    3.480904] initcall blk_ioc_init+0x0/0x29 returned 0 after 0 usecs
[    3.488900] calling  blk_mq_init+0x0/0xb9 @ 1
[    3.496895] initcall blk_mq_init+0x0/0xb9 returned 0 after 1953 usecs
[    3.505976] calling  genhd_device_init+0x0/0x75 @ 1
[    3.543101] initcall genhd_device_init+0x0/0x75 returned 0 after 29296 usecs
[    3.553895] calling  pci_slot_init+0x0/0x40 @ 1
[    3.561378] initcall pci_slot_init+0x0/0x40 returned 0 after 976 usecs
[    3.569982] calling  fbmem_init+0x0/0xd8 @ 1
[    3.583749] initcall fbmem_init+0x0/0xd8 returned 0 after 7812 usecs
[    3.592907] calling  acpi_init+0x0/0x319 @ 1
[    3.599831] ACPI: Added _OSI(Module Device)
[    3.605901] ACPI: Added _OSI(Processor Device)
[    3.609900] ACPI: Added _OSI(3.0 _SCP Extensions)
[    3.616902] ACPI: Added _OSI(Processor Aggregator Device)
[    3.625902] ACPI: Added _OSI(Linux-Dell-Video)
[    3.630903] ACPI: Added _OSI(Linux-Lenovo-NV-HDMI-Audio)
[    3.638901] ACPI: Added _OSI(Linux-HPI-Hybrid-Graphics)
[    3.657824] ACPI: 1 ACPI AML tables successfully acquired and loaded
[    3.688658] ACPI: Interpreter enabled
[    3.695310] ACPI: (supports S0 S3 S4 S5)
[    3.700010] ACPI: Using IOAPIC for interrupt routing
[    3.711026] PCI: Using host bridge windows from ACPI; if necessary, use "pci=nocrs" and report a bug
[    3.726439] ACPI: Enabled 2 GPEs in block 00 to 3F
[    3.775740] ACPI: PCI Root Bridge [PCI0] (domain 0000 [bus 00-ff])
[    3.784115] acpi PNP0A08:00: _OSC: OS supports [ExtendedConfig ASPM ClockPM Segments MSI HPX-Type3]
[    3.797989] acpi PNP0A08:00: _OSC: platform does not support [LTR]
[    3.806205] acpi PNP0A08:00: _OSC: OS now controls [PME PCIeCapability]
[    3.817547] PCI host bridge to bus 0000:00
[    3.825014] pci_bus 0000:00: root bus resource [io  0x0000-0x0cf7 window]
[    3.833906] pci_bus 0000:00: root bus resource [io  0x0d00-0xffff window]
[    3.842905] pci_bus 0000:00: root bus resource [mem 0x000a0000-0x000bffff window]
[    3.853902] pci_bus 0000:00: root bus resource [mem 0x20000000-0xafffffff window]
[    3.863901] pci_bus 0000:00: root bus resource [mem 0xc0000000-0xfebfffff window]
[    3.873903] pci_bus 0000:00: root bus resource [mem 0x100000000-0x8ffffffff window]
[    3.883902] pci_bus 0000:00: root bus resource [bus 00-ff]
[    3.892848] pci 0000:00:00.0: calling  quirk_mmio_always_on+0x0/0x10 @ 1
[    3.901904] pci 0000:00:00.0: quirk_mmio_always_on+0x0/0x10 took 0 usecs
[    3.909902] pci 0000:00:00.0: [8086:29c0] type 00 class 0x060000
[    3.920895] pci 0000:00:00.0: calling  quirk_igfx_skip_te_disable+0x0/0x80 @ 1
[    3.929230] pci 0000:00:00.0: quirk_igfx_skip_te_disable+0x0/0x80 took 0 usecs
[    3.944363] pci 0000:00:01.0: [1234:1111] type 00 class 0x030000
[    3.973895] pci 0000:00:01.0: reg 0x10: [mem 0xfd000000-0xfdffffff pref]
[    4.002895] pci 0000:00:01.0: reg 0x18: [mem 0xfebf0000-0xfebf0fff]
[    4.043502] pci 0000:00:01.0: reg 0x30: [mem 0xfebe0000-0xfebeffff pref]
[    4.057386] pci 0000:00:01.0: calling  efifb_fixup_resources+0x0/0xf0 @ 1
[    4.069051] pci 0000:00:01.0: efifb_fixup_resources+0x0/0xf0 took 0 usecs
[    4.088518] pci 0000:00:1f.0: [8086:2918] type 00 class 0x060100
[    4.103831] pci 0000:00:1f.0: calling  quirk_ich7_lpc+0x0/0x60 @ 1
[    4.114234] pci 0000:00:1f.0: quirk: [io  0x0600-0x067f] claimed by ICH6 ACPI/GPIO/TCO
[    4.126302] pci 0000:00:1f.0: quirk_ich7_lpc+0x0/0x60 took 12695 usecs
[    4.134990] pci 0000:00:1f.0: calling  quirk_igfx_skip_te_disable+0x0/0x80 @ 1
[    4.143920] pci 0000:00:1f.0: quirk_igfx_skip_te_disable+0x0/0x80 took 0 usecs
[    4.153912] pci 0000:00:1f.2: [8086:2922] type 00 class 0x010601
[    4.169902] pci 0000:00:1f.2: reg 0x20: [io  0xc040-0xc05f]
[    4.177536] pci 0000:00:1f.2: reg 0x24: [mem 0xfebf1000-0xfebf1fff]
[    4.187087] pci 0000:00:1f.2: calling  quirk_igfx_skip_te_disable+0x0/0x80 @ 1
[    4.195906] pci 0000:00:1f.2: quirk_igfx_skip_te_disable+0x0/0x80 took 0 usecs
[    4.208627] pci 0000:00:1f.3: [8086:2930] type 00 class 0x0c0500
[    4.222483] pci 0000:00:1f.3: reg 0x20: [io  0x0700-0x073f]
[    4.233336] pci 0000:00:1f.3: calling  quirk_igfx_skip_te_disable+0x0/0x80 @ 1
[    4.242905] pci 0000:00:1f.3: quirk_igfx_skip_te_disable+0x0/0x80 took 0 usecs
[    4.255543] ACPI: PCI Interrupt Link [LNKA] (IRQs 5 *10 11)
[    4.264343] ACPI: PCI Interrupt Link [LNKB] (IRQs 5 *10 11)
[    4.271345] ACPI: PCI Interrupt Link [LNKC] (IRQs 5 10 *11)
[    4.279291] ACPI: PCI Interrupt Link [LNKD] (IRQs 5 10 *11)
[    4.287316] ACPI: PCI Interrupt Link [LNKE] (IRQs 5 *10 11)
[    4.295384] ACPI: PCI Interrupt Link [LNKF] (IRQs 5 *10 11)
[    4.302330] ACPI: PCI Interrupt Link [LNKG] (IRQs 5 10 *11)
[    4.310331] ACPI: PCI Interrupt Link [LNKH] (IRQs 5 10 *11)
[    4.317107] ACPI: PCI Interrupt Link [GSIA] (IRQs *16)
[    4.322911] ACPI: PCI Interrupt Link [GSIB] (IRQs *17)
[    4.329926] ACPI: PCI Interrupt Link [GSIC] (IRQs *18)
[    4.335913] ACPI: PCI Interrupt Link [GSID] (IRQs *19)
[    4.341940] ACPI: PCI Interrupt Link [GSIE] (IRQs *20)
[    4.348913] ACPI: PCI Interrupt Link [GSIF] (IRQs *21)
[    4.354942] ACPI: PCI Interrupt Link [GSIG] (IRQs *22)
[    4.361910] ACPI: PCI Interrupt Link [GSIH] (IRQs *23)
[    4.387895] initcall acpi_init+0x0/0x319 returned 0 after 770507 usecs
[    4.399071] calling  pnp_init+0x0/0xc @ 1
[    4.405960] initcall pnp_init+0x0/0xc returned 0 after 0 usecs
[    4.414902] calling  misc_init+0x0/0xbf @ 1
[    4.422282] initcall misc_init+0x0/0xbf returned 0 after 976 usecs
[    4.432903] calling  iommu_subsys_init+0x0/0x4e @ 1
[    4.440025] iommu: Default domain type: Translated 
[    4.447904] initcall iommu_subsys_init+0x0/0x4e returned 0 after 7812 usecs
[    4.459903] calling  vga_arb_device_init+0x0/0x261 @ 1
[    4.470042] pci 0000:00:01.0: vgaarb: setting as boot VGA device
[    4.470895] pci 0000:00:01.0: vgaarb: VGA device added: decodes=io+mem,owns=io+mem,locks=none
[    4.491906] pci 0000:00:01.0: vgaarb: bridge control possible
[    4.499907] vgaarb: loaded
[    4.504905] initcall vga_arb_device_init+0x0/0x261 returned 0 after 36132 usecs
[    4.515950] calling  cn_init+0x0/0xf0 @ 1
[    4.521907] initcall cn_init+0x0/0xf0 returned 0 after 0 usecs
[    4.531907] calling  dma_buf_init+0x0/0xad @ 1
[    4.539454] initcall dma_buf_init+0x0/0xad returned 0 after 976 usecs
[    4.549903] calling  init_scsi+0x0/0x79 @ 1
[    4.557398] SCSI subsystem initialized
[    4.563904] initcall init_scsi+0x0/0x79 returned 0 after 6835 usecs
[    4.573919] calling  ata_init+0x0/0x332 @ 1
[    4.584033] libata version 3.00 loaded.
[    4.590903] initcall ata_init+0x0/0x332 returned 0 after 9765 usecs
[    4.599906] calling  phy_init+0x0/0x250 @ 1
[    4.605019] initcall phy_init+0x0/0x250 returned 0 after 0 usecs
[    4.612903] calling  init_pcmcia_cs+0x0/0x35 @ 1
[    4.617983] initcall init_pcmcia_cs+0x0/0x35 returned 0 after 0 usecs
[    4.626915] calling  usb_common_init+0x0/0x1c @ 1
[    4.631930] initcall usb_common_init+0x0/0x1c returned 0 after 0 usecs
[    4.640910] calling  usb_init+0x0/0x12e @ 1
[    4.645961] ACPI: bus type USB registered
[    4.651355] usbcore: registered new interface driver usbfs
[    4.659053] usbcore: registered new interface driver hub
[    4.666951] usbcore: registered new device driver usb
[    4.672911] initcall usb_init+0x0/0x12e returned 0 after 26367 usecs
[    4.681910] calling  serio_init+0x0/0x29 @ 1
[    4.687989] initcall serio_init+0x0/0x29 returned 0 after 0 usecs
[    4.696905] calling  input_init+0x0/0xf6 @ 1
[    4.702058] initcall input_init+0x0/0xf6 returned 0 after 0 usecs
[    4.710907] calling  rtc_init+0x0/0x4d @ 1
[    4.715939] initcall rtc_init+0x0/0x4d returned 0 after 0 usecs
[    4.723905] calling  pps_init+0x0/0xa9 @ 1
[    4.729924] pps_core: LinuxPPS API ver. 1 registered
[    4.735901] pps_core: Software ver. 5.3.6 - Copyright 2005-2007 Rodolfo Giometti <giometti@linux.it>
[    4.747908] initcall pps_init+0x0/0xa9 returned 0 after 17578 usecs
[    4.756907] calling  ptp_init+0x0/0x98 @ 1
[    4.761922] PTP clock support registered
[    4.767909] initcall ptp_init+0x0/0x98 returned 0 after 5859 usecs
[    4.778909] calling  power_supply_class_init+0x0/0x3f @ 1
[    4.788082] initcall power_supply_class_init+0x0/0x3f returned 0 after 0 usecs
[    4.798907] calling  hwmon_init+0x0/0x104 @ 1
[    4.803941] initcall hwmon_init+0x0/0x104 returned 0 after 0 usecs
[    4.811904] calling  md_init+0x0/0x16b @ 1
[    4.818451] initcall md_init+0x0/0x16b returned 0 after 1953 usecs
[    4.826908] calling  leds_init+0x0/0x3b @ 1
[    4.832947] initcall leds_init+0x0/0x3b returned 0 after 0 usecs
[    4.839915] calling  dmi_init+0x0/0x113 @ 1
[    4.846344] initcall dmi_init+0x0/0x113 returned 0 after 976 usecs
[    4.853909] calling  efisubsys_init+0x0/0x4e7 @ 1
[    4.857978] initcall efisubsys_init+0x0/0x4e7 returned 0 after 0 usecs
[    4.868906] calling  nvmem_init+0x0/0xc @ 1
[    4.875991] initcall nvmem_init+0x0/0xc returned 0 after 0 usecs
[    4.885907] calling  init_soundcore+0x0/0x33 @ 1
[    4.892957] initcall init_soundcore+0x0/0x33 returned 0 after 0 usecs
[    4.900902] calling  alsa_sound_init+0x0/0x8f @ 1
[    4.907067] Advanced Linux Sound Architecture Driver Initialized.
[    4.914902] initcall alsa_sound_init+0x0/0x8f returned 0 after 7812 usecs
[    4.922953] calling  alsa_seq_device_init+0x0/0x71 @ 1
[    4.929962] initcall alsa_seq_device_init+0x0/0x71 returned 0 after 0 usecs
[    4.937901] calling  hda_bus_init+0x0/0xc @ 1
[    4.943928] initcall hda_bus_init+0x0/0xc returned 0 after 0 usecs
[    4.950900] calling  proto_init+0x0/0xc @ 1
[    4.955959] initcall proto_init+0x0/0xc returned 0 after 976 usecs
[    4.963902] calling  net_dev_init+0x0/0x209 @ 1
[    4.971060] initcall net_dev_init+0x0/0x209 returned 0 after 976 usecs
[    4.978902] calling  neigh_init+0x0/0x84 @ 1
[    4.983902] initcall neigh_init+0x0/0x84 returned 0 after 0 usecs
[    4.991900] calling  fib_notifier_init+0x0/0xc @ 1
[    4.997903] initcall fib_notifier_init+0x0/0xc returned 0 after 0 usecs
[    5.005901] calling  fib_rules_init+0x0/0xab @ 1
[    5.011000] initcall fib_rules_init+0x0/0xab returned 0 after 0 usecs
[    5.018900] calling  pktsched_init+0x0/0x10e @ 1
[    5.024933] initcall pktsched_init+0x0/0x10e returned 0 after 0 usecs
[    5.031900] calling  tc_filter_init+0x0/0xfa @ 1
[    5.037923] initcall tc_filter_init+0x0/0xfa returned 0 after 0 usecs
[    5.045901] calling  tc_action_init+0x0/0x54 @ 1
[    5.050901] initcall tc_action_init+0x0/0x54 returned 0 after 0 usecs
[    5.058902] calling  ethnl_init+0x0/0x52 @ 1
[    5.065000] initcall ethnl_init+0x0/0x52 returned 0 after 0 usecs
[    5.071902] calling  nexthop_init+0x0/0xd8 @ 1
[    5.077032] initcall nexthop_init+0x0/0xd8 returned 0 after 0 usecs
[    5.084901] calling  cipso_v4_init+0x0/0x5d @ 1
[    5.090967] initcall cipso_v4_init+0x0/0x5d returned 0 after 0 usecs
[    5.097905] calling  ieee80211_init+0x0/0x24 @ 1
[    5.104030] initcall ieee80211_init+0x0/0x24 returned 0 after 0 usecs
[    5.109901] calling  netlbl_init+0x0/0x78 @ 1
[    5.114911] NetLabel: Initializing
[    5.118898] NetLabel:  domain hash size = 128
[    5.123898] NetLabel:  protocols = UNLABELED CIPSOv4 CALIPSO
[    5.131099] NetLabel:  unlabeled traffic allowed by default
[    5.137903] initcall netlbl_init+0x0/0x78 returned 0 after 22460 usecs
[    5.145901] calling  rfkill_init+0x0/0x111 @ 1
[    5.152074] initcall rfkill_init+0x0/0x111 returned 0 after 0 usecs
[    5.159919] calling  pci_subsys_init+0x0/0x66 @ 1
[    5.165942] PCI: Using ACPI for IRQ routing
[    5.856297] PCI: pci_cache_line_size set to 64 bytes
[    5.863297] e820: reserve RAM buffer [mem 0x0009fc00-0x0009ffff]
[    5.870929] e820: reserve RAM buffer [mem 0x1ffdf000-0x1fffffff]
[    5.877987] initcall pci_subsys_init+0x0/0x66 returned 0 after 695312 usecs
[    5.887606] calling  nmi_warning_debugfs+0x0/0x26 @ 1
[    5.893980] initcall nmi_warning_debugfs+0x0/0x26 returned 0 after 0 usecs
[    5.900912] calling  save_microcode_in_initrd+0x0/0x51 @ 1
[    5.908101] initcall save_microcode_in_initrd+0x0/0x51 returned 0 after 0 usecs
[    5.916920] calling  hpet_late_init+0x0/0x20d @ 1
[    5.923016] hpet: 3 channels of 0 reserved for per-cpu timers
[    5.930068] hpet0: at MMIO 0xfed00000, IRQs 2, 8, 0
[    5.935899] hpet0: 3 comparators, 64-bit 100.000000 MHz counter
[    5.946906] initcall hpet_late_init+0x0/0x20d returned 0 after 23437 usecs
[    5.955904] calling  init_amd_nbs+0x0/0x11c @ 1
[    5.960917] initcall init_amd_nbs+0x0/0x11c returned 0 after 0 usecs
[    5.968943] calling  clocksource_done_booting+0x0/0x41 @ 1
[    5.978192] clocksource: Switched to clocksource kvm-clock
[    5.984888] initcall clocksource_done_booting+0x0/0x41 returned 0 after 8778 usecs
[    5.993913] calling  tracer_init_tracefs+0x0/0x242 @ 1
[    6.183781] initcall tracer_init_tracefs+0x0/0x242 returned 0 after 179326 usecs
[    6.193138] calling  init_trace_printk_function_export+0x0/0x2c @ 1
[    6.201260] initcall init_trace_printk_function_export+0x0/0x2c returned 0 after 65 usecs
[    6.211606] calling  init_kprobe_trace+0x0/0x1a9 @ 1
[    6.218022] initcall init_kprobe_trace+0x0/0x1a9 returned 0 after 27 usecs
[    6.226729] calling  init_dynamic_event+0x0/0x3d @ 1
[    6.233060] initcall init_dynamic_event+0x0/0x3d returned 0 after 25 usecs
[    6.241830] calling  init_uprobe_trace+0x0/0x5c @ 1
[    6.248131] initcall init_uprobe_trace+0x0/0x5c returned 0 after 23 usecs
[    6.257080] calling  init_pipe_fs+0x0/0x44 @ 1
[    6.262990] initcall init_pipe_fs+0x0/0x44 returned 0 after 184 usecs
[    6.271218] calling  inotify_user_setup+0x0/0x47 @ 1
[    6.277826] initcall inotify_user_setup+0x0/0x47 returned 0 after 35 usecs
[    6.287759] calling  eventpoll_init+0x0/0xd4 @ 1
[    6.293808] initcall eventpoll_init+0x0/0xd4 returned 0 after 105 usecs
[    6.302052] calling  anon_inode_init+0x0/0x58 @ 1
[    6.308022] initcall anon_inode_init+0x0/0x58 returned 0 after 101 usecs
[    6.316393] calling  proc_locks_init+0x0/0x27 @ 1
[    6.322224] initcall proc_locks_init+0x0/0x27 returned 0 after 5 usecs
[    6.330284] calling  iomap_init+0x0/0x1b @ 1
[    6.336598] initcall iomap_init+0x0/0x1b returned 0 after 924 usecs
[    6.344364] calling  dquot_init+0x0/0x106 @ 1
[    6.349792] VFS: Disk quotas dquot_6.6.0
[    6.355032] VFS: Dquot-cache hash table entries: 512 (order 0, 4096 bytes)
[    6.365981] initcall dquot_init+0x0/0x106 returned 0 after 15820 usecs
[    6.376662] calling  quota_init+0x0/0x23 @ 1
[    6.383728] initcall quota_init+0x0/0x23 returned 0 after 58 usecs
[    6.392027] calling  proc_cmdline_init+0x0/0x21 @ 1
[    6.398185] initcall proc_cmdline_init+0x0/0x21 returned 0 after 5 usecs
[    6.406587] calling  proc_consoles_init+0x0/0x24 @ 1
[    6.412946] initcall proc_consoles_init+0x0/0x24 returned 0 after 4 usecs
[    6.421720] calling  proc_cpuinfo_init+0x0/0x1e @ 1
[    6.428127] initcall proc_cpuinfo_init+0x0/0x1e returned 0 after 4 usecs
[    6.437043] calling  proc_devices_init+0x0/0x24 @ 1
[    6.443554] initcall proc_devices_init+0x0/0x24 returned 0 after 23 usecs
[    6.452400] calling  proc_interrupts_init+0x0/0x24 @ 1
[    6.459223] initcall proc_interrupts_init+0x0/0x24 returned 0 after 3 usecs
[    6.468319] calling  proc_loadavg_init+0x0/0x21 @ 1
[    6.474739] initcall proc_loadavg_init+0x0/0x21 returned 0 after 3 usecs
[    6.483435] calling  proc_meminfo_init+0x0/0x21 @ 1
[    6.489736] initcall proc_meminfo_init+0x0/0x21 returned 0 after 3 usecs
[    6.498927] calling  proc_stat_init+0x0/0x1e @ 1
[    6.505378] initcall proc_stat_init+0x0/0x1e returned 0 after 5 usecs
[    6.514253] calling  proc_uptime_init+0x0/0x21 @ 1
[    6.521032] initcall proc_uptime_init+0x0/0x21 returned 0 after 5 usecs
[    6.536035] calling  proc_version_init+0x0/0x21 @ 1
[    6.543637] initcall proc_version_init+0x0/0x21 returned 0 after 617 usecs
[    6.553232] calling  proc_softirqs_init+0x0/0x21 @ 1
[    6.560186] initcall proc_softirqs_init+0x0/0x21 returned 0 after 32 usecs
[    6.569683] calling  proc_kcore_init+0x0/0xea @ 1
[    6.576429] initcall proc_kcore_init+0x0/0xea returned 0 after 316 usecs
[    6.584710] calling  vmcore_init+0x0/0x578 @ 1
[    6.590495] initcall vmcore_init+0x0/0x578 returned 0 after 82 usecs
[    6.598563] calling  proc_kmsg_init+0x0/0x21 @ 1
[    6.604391] initcall proc_kmsg_init+0x0/0x21 returned 0 after 48 usecs
[    6.612434] calling  proc_page_init+0x0/0x3b @ 1
[    6.618209] initcall proc_page_init+0x0/0x3b returned 0 after 16 usecs
[    6.626404] calling  init_ramfs_fs+0x0/0xc @ 1
[    6.632648] initcall init_ramfs_fs+0x0/0xc returned 0 after 587 usecs
[    6.640771] calling  init_hugetlbfs_fs+0x0/0xf6 @ 1
[    6.650039] initcall init_hugetlbfs_fs+0x0/0xf6 returned 0 after 2400 usecs
[    6.659164] calling  blk_scsi_ioctl_init+0x0/0x2a5 @ 1
[    6.665861] initcall blk_scsi_ioctl_init+0x0/0x2a5 returned 0 after 63 usecs
[    6.675767] calling  acpi_event_init+0x0/0x2c @ 1
[    6.688516] initcall acpi_event_init+0x0/0x2c returned 0 after 5907 usecs
[    6.698728] calling  pnp_system_init+0x0/0xc @ 1
[    6.712713] initcall pnp_system_init+0x0/0xc returned 0 after 6759 usecs
[    6.721909] calling  pnpacpi_init+0x0/0x69 @ 1
[    6.728052] pnp: PnP ACPI init
[    6.738249] pnp 00:00: Plug and Play ACPI device, IDs PNP0303 (active)
[    6.747518] pnp 00:01: Plug and Play ACPI device, IDs PNP0f13 (active)
[    6.756219] pnp 00:02: Plug and Play ACPI device, IDs PNP0400 (active)
[    6.764632] pnp 00:03: Plug and Play ACPI device, IDs PNP0501 (active)
[    6.773040] pnp 00:04: Plug and Play ACPI device, IDs PNP0b00 (active)
[    6.781716] system 00:05: [mem 0xb0000000-0xbfffffff window] has been reserved
[    6.790965] system 00:05: Plug and Play ACPI device, IDs PNP0c01 (active)
[    6.801178] pnp: PnP ACPI: found 6 devices
[    6.806518] initcall pnpacpi_init+0x0/0x69 returned 0 after 76672 usecs
[    6.814968] calling  chr_dev_init+0x0/0x14d @ 1
[    6.915344] initcall chr_dev_init+0x0/0x14d returned 0 after 92270 usecs
[    6.926320] calling  firmware_class_init+0x0/0xe7 @ 1
[    6.935069] initcall firmware_class_init+0x0/0xe7 returned 0 after 398 usecs
[    6.947166] calling  init_pcmcia_bus+0x0/0x5b @ 1
[    6.955196] initcall init_pcmcia_bus+0x0/0x5b returned 0 after 232 usecs
[    6.965837] calling  init_acpi_pm_clocksource+0x0/0xda @ 1
[    6.980173] clocksource: acpi_pm: mask: 0xffffff max_cycles: 0xffffff, max_idle_ns: 2085701024 ns
[    6.991382] initcall init_acpi_pm_clocksource+0x0/0xda returned 0 after 16436 usecs
[    7.001023] calling  sysctl_core_init+0x0/0x26 @ 1
[    7.009589] initcall sysctl_core_init+0x0/0x26 returned 0 after 954 usecs
[    7.018298] calling  eth_offload_init+0x0/0x13 @ 1
[    7.026160] initcall eth_offload_init+0x0/0x13 returned 0 after 372 usecs
[    7.035847] calling  ipv4_offload_init+0x0/0x73 @ 1
[    7.042004] initcall ipv4_offload_init+0x0/0x73 returned 0 after 50 usecs
[    7.050500] calling  inet_init+0x0/0x276 @ 1
[    7.056428] NET: Registered protocol family 2
[    7.068683] IP idents hash table entries: 8192 (order: 4, 65536 bytes, linear)
[    7.092197] tcp_listen_portaddr_hash hash table entries: 256 (order: 0, 4096 bytes, linear)
[    7.104061] TCP established hash table entries: 4096 (order: 3, 32768 bytes, linear)
[    7.114827] TCP bind hash table entries: 4096 (order: 4, 65536 bytes, linear)
[    7.125774] TCP: Hash tables configured (established 4096 bind 4096)
[    7.135961] UDP hash table entries: 256 (order: 1, 8192 bytes, linear)
[    7.145050] UDP-Lite hash table entries: 256 (order: 1, 8192 bytes, linear)
[    7.155112] initcall inet_init+0x0/0x276 returned 0 after 96886 usecs
[    7.164085] calling  af_unix_init+0x0/0x4d @ 1
[    7.170048] NET: Registered protocol family 1
[    7.175826] initcall af_unix_init+0x0/0x4d returned 0 after 5644 usecs
[    7.184301] calling  ipv6_offload_init+0x0/0x7e @ 1
[    7.191031] initcall ipv6_offload_init+0x0/0x7e returned 0 after 108 usecs
[    7.200409] calling  init_sunrpc+0x0/0x65 @ 1
[    7.218362] RPC: Registered named UNIX socket transport module.
[    7.226396] RPC: Registered udp transport module.
[    7.232892] RPC: Registered tcp transport module.
[    7.240780] RPC: Registered tcp NFSv4.1 backchannel transport module.
[    7.253608] initcall init_sunrpc+0x0/0x65 returned 0 after 46278 usecs
[    7.262281] calling  cfg80211_init+0x0/0xc5 @ 1
[    7.271824] initcall cfg80211_init+0x0/0xc5 returned 0 after 2378 usecs
[    7.280441] calling  pcibios_assign_resources+0x0/0xbf @ 1
[    7.287589] pci_bus 0000:00: resource 4 [io  0x0000-0x0cf7 window]
[    7.295403] pci_bus 0000:00: resource 5 [io  0x0d00-0xffff window]
[    7.303233] pci_bus 0000:00: resource 6 [mem 0x000a0000-0x000bffff window]
[    7.312030] pci_bus 0000:00: resource 7 [mem 0x20000000-0xafffffff window]
[    7.320897] pci_bus 0000:00: resource 8 [mem 0xc0000000-0xfebfffff window]
[    7.329537] pci_bus 0000:00: resource 9 [mem 0x100000000-0x8ffffffff window]
[    7.338783] initcall pcibios_assign_resources+0x0/0xbf returned 0 after 50241 usecs
[    7.348897] calling  pci_apply_final_quirks+0x0/0x124 @ 1
[    7.356823] pci 0000:00:01.0: calling  pci_fixup_video+0x0/0xe0 @ 1
[    7.365522] pci 0000:00:01.0: Video device with shadowed ROM at [mem 0x000c0000-0x000dffff]
[    7.376112] pci 0000:00:01.0: pci_fixup_video+0x0/0xe0 took 10670 usecs
[    7.385027] PCI: CLS 0 bytes, default 64
[    7.390353] initcall pci_apply_final_quirks+0x0/0x124 returned 0 after 33101 usecs
[    7.400112] calling  acpi_reserve_resources+0x0/0xea @ 1
[    7.407125] initcall acpi_reserve_resources+0x0/0xea returned 0 after 68 usecs
[    7.416561] calling  populate_rootfs+0x0/0x102 @ 1
[    7.425246] initcall populate_rootfs+0x0/0x102 returned 0 after 2085 usecs
[    7.434535] calling  pci_iommu_init+0x0/0x3e @ 1
[    7.441136] initcall pci_iommu_init+0x0/0x3e returned 0 after 208 usecs
[    7.452298] calling  ia32_binfmt_init+0x0/0x13 @ 1
[    7.458524] initcall ia32_binfmt_init+0x0/0x13 returned 0 after 6 usecs
[    7.467283] calling  rapl_pmu_init+0x0/0x267 @ 1
[    7.473775] initcall rapl_pmu_init+0x0/0x267 returned -19 after 44 usecs
[    7.483937] calling  amd_uncore_init+0x0/0x310 @ 1
[    7.490196] initcall amd_uncore_init+0x0/0x310 returned -19 after 0 usecs
[    7.499100] calling  amd_ibs_init+0x0/0x27b @ 1
[    7.505064] initcall amd_ibs_init+0x0/0x27b returned -19 after 0 usecs
[    7.513560] calling  amd_iommu_pc_init+0x0/0x215 @ 1
[    7.520480] initcall amd_iommu_pc_init+0x0/0x215 returned -19 after 52 usecs
[    7.529409] calling  msr_init+0x0/0x55 @ 1
[    7.534767] initcall msr_init+0x0/0x55 returned 0 after 173 usecs
[    7.542445] calling  intel_uncore_init+0x0/0x36f @ 1
[    7.548865] initcall intel_uncore_init+0x0/0x36f returned -19 after 31 usecs
[    7.557833] calling  cstate_pmu_init+0x0/0x1a1 @ 1
[    7.564014] initcall cstate_pmu_init+0x0/0x1a1 returned -19 after 0 usecs
[    7.572678] calling  register_kernel_offset_dumper+0x0/0x1a @ 1
[    7.580192] initcall register_kernel_offset_dumper+0x0/0x1a returned 0 after 59 usecs
[    7.590259] calling  i8259A_init_ops+0x0/0x20 @ 1
[    7.596367] initcall i8259A_init_ops+0x0/0x20 returned 0 after 1 usecs
[    7.604609] calling  init_tsc_clocksource+0x0/0xa4 @ 1
[    7.611076] clocksource: tsc: mask: 0xffffffffffffffff max_cycles: 0x39a85afc727, max_idle_ns: 881590685098 ns
[    7.625507] initcall init_tsc_clocksource+0x0/0xa4 returned 0 after 14079 usecs
[    7.635479] calling  add_rtc_cmos+0x0/0xb0 @ 1
[    7.641573] initcall add_rtc_cmos+0x0/0xb0 returned 0 after 32 usecs
[    7.650295] calling  i8237A_init_ops+0x0/0x3a @ 1
[    7.656811] initcall i8237A_init_ops+0x0/0x3a returned 0 after 67 usecs
[    7.665711] calling  umwait_init+0x0/0x94 @ 1
[    7.671581] initcall umwait_init+0x0/0x94 returned -19 after 20 usecs
[    7.679978] calling  thermal_throttle_init_device+0x0/0x3d @ 1
[    7.688061] initcall thermal_throttle_init_device+0x0/0x3d returned 0 after 126 usecs
[    7.697899] calling  msr_init+0x0/0xd7 @ 1
[    7.731808] initcall msr_init+0x0/0xd7 returned 0 after 27895 usecs
[    7.740232] calling  cpuid_init+0x0/0xd7 @ 1
[    7.764012] initcall cpuid_init+0x0/0xd7 returned 0 after 16634 usecs
[    7.772628] calling  ioapic_init_ops+0x0/0x13 @ 1
[    7.779009] initcall ioapic_init_ops+0x0/0x13 returned 0 after 32 usecs
[    7.787882] calling  add_pcspkr+0x0/0x6c @ 1
[    7.794117] initcall add_pcspkr+0x0/0x6c returned 0 after 157 usecs
[    7.802795] calling  start_periodic_check_for_corruption+0x0/0x30 @ 1
[    7.811459] check: Scanning for low memory corruption every 60 seconds
[    7.820790] initcall start_periodic_check_for_corruption+0x0/0x30 returned 0 after 9156 usecs
[    7.833229] calling  sysfb_init+0x0/0x9c @ 1
[    7.838838] initcall sysfb_init+0x0/0x9c returned 0 after 115 usecs
[    7.847509] calling  audit_classes_init+0x0/0xae @ 1
[    7.854259] initcall audit_classes_init+0x0/0xae returned 0 after 33 usecs
[    7.864554] calling  iosf_mbi_init+0x0/0x24 @ 1
[    7.873092] initcall iosf_mbi_init+0x0/0x24 returned 0 after 577 usecs
[    7.883956] calling  proc_execdomains_init+0x0/0x21 @ 1
[    7.892703] initcall proc_execdomains_init+0x0/0x21 returned 0 after 7 usecs
[    7.903018] calling  register_warn_debugfs+0x0/0x23 @ 1
[    7.910850] initcall register_warn_debugfs+0x0/0x23 returned 0 after 13 usecs
[    7.920221] calling  cpuhp_sysfs_init+0x0/0x79 @ 1
[    7.928425] initcall cpuhp_sysfs_init+0x0/0x79 returned 0 after 1729 usecs
[    7.937494] calling  ioresources_init+0x0/0x49 @ 1
[    7.943977] initcall ioresources_init+0x0/0x49 returned 0 after 6 usecs
[    7.952432] calling  snapshot_device_init+0x0/0xc @ 1
[    7.960238] initcall snapshot_device_init+0x0/0xc returned 0 after 1230 usecs
[    7.969274] calling  irq_pm_init_ops+0x0/0x13 @ 1
[    7.975589] initcall irq_pm_init_ops+0x0/0x13 returned 0 after 32 usecs
[    7.984293] calling  rcu_torture_init+0x0/0x9a6 @ 1
[    7.990710] rcu-torture:--- Start of test: nreaders=7 nfakewriters=4 stat_interval=15 verbose=1 test_no_idle_hz=1 shuffle_interval=3 stutter=5 irqreader=1 fqs_duration=0 fqs_holdoff=0 fqs_stutter=3 test_boost=1/0 test_boost_interval=7 test_boost_duration=4 shutdown_secs=1800 stall_cpu=0 stall_cpu_holdoff=10 stall_cpu_irqsoff=0 stall_cpu_block=0 n_barrier_cbs=4 onoff_interval=1000 onoff_holdoff=30 read_exit_delay=13 read_exit_burst=16
[    8.039076] rcu:  Start-test grace-period state: g-1048 f0x0
[    8.047890] rcu-torture: Creating rcu_torture_writer task
[    8.057079] rcu-torture: Creating rcu_torture_fakewriter task
[    8.057387] rcu-torture: rcu_torture_writer task started
[    8.066379] rcu-torture: Creating rcu_torture_fakewriter task
[    8.066783] rcu-torture: rcu_torture_fakewriter task started
[    8.072656] rcu-torture: GP expediting controlled from boot/sysfs for rcu.
[    8.072658] rcu_torture_writer: Testing conditional GPs.
[    8.072659] rcu_torture_writer: Testing expedited GPs.
[    8.072659] rcu_torture_writer: Testing asynchronous GPs.
[    8.072660] rcu_torture_writer: Testing normal GPs.
[    8.133700] rcu-torture: Creating rcu_torture_fakewriter task
[    8.134182] rcu-torture: rcu_torture_fakewriter task started
[    8.143537] rcu-torture: Creating rcu_torture_fakewriter task
[    8.143895] rcu-torture: rcu_torture_fakewriter task started
[    8.167107] rcu-torture: Creating rcu_torture_reader task
[    8.167345] rcu-torture: rcu_torture_fakewriter task started
[    8.176372] rcu-torture: Creating rcu_torture_reader task
[    8.176603] rcu-torture: rcu_torture_reader task started
[    8.222886] rcu-torture: Creating rcu_torture_reader task
[    8.224233] rcu-torture: rcu_torture_reader task started
[    8.236216] rcu-torture: Creating rcu_torture_reader task
[    8.236359] rcu-torture: rcu_torture_reader task started
[    8.259858] rcu-torture: Creating rcu_torture_reader task
[    8.260630] rcu-torture: rcu_torture_reader task started
[    8.274430] rcu-torture: Creating rcu_torture_reader task
[    8.275083] rcu-torture: rcu_torture_reader task started
[    8.296574] rcu-torture: Creating rcu_torture_reader task
[    8.297199] rcu-torture: rcu_torture_reader task started
[    8.308527] rcu-torture: Creating rcu_torture_stats task
[    8.309120] rcu-torture: rcu_torture_reader task started
[    8.332797] rcu-torture: Creating torture_shuffle task
[    8.332800] rcu-torture: rcu_torture_stats task started
[    8.351917] rcu-torture: Creating torture_stutter task
[    8.354042] rcu-torture: torture_shuffle task started
[    8.361363] rcu-torture: Creating torture_shutdown task
[    8.362060] rcu-torture: torture_stutter task started
[    8.388671] rcu-torture: Creating torture_onoff task
[    8.389561] rcu-torture: torture_shutdown task started
[    8.399334] rcu-torture: Creating rcu_torture_barrier_cbs task
[    8.399727] rcu-torture: torture_onoff task started
[    8.406027] rcu-torture:torture_shutdown task: 1799955 ms remaining
[    8.434588] rcu-torture: Creating rcu_torture_barrier_cbs task
[    8.435329] rcu-torture: rcu_torture_barrier_cbs task started
[    8.446855] rcu-torture: Creating rcu_torture_barrier_cbs task
[    8.448269] rcu-torture: rcu_torture_barrier_cbs task started
[    8.469021]   #8
[    8.472582] rcu-torture: Creating rcu_torture_barrier_cbs task
[    8.472765] rcu-torture: rcu_torture_barrier_cbs task started
[    8.479683] rcu-torture: Creating rcu_torture_barrier task
[    8.479728] rcu-torture: rcu_torture_barrier_cbs task started
[    1.218059] kvm-clock: cpu 8, msr 1ac72201, secondary cpu clock
[    8.501780] rcu-torture: Creating rcu_torture_read_exit task
[    8.502437] rcu-torture: rcu_torture_barrier task starting
[    8.560488] rcu-torture: rcu_torture_read_exit: Start of test
[    8.561277] initcall rcu_torture_init+0x0/0x9a6 returned 0 after 556813 usecs
[    8.569672] kvm-guest: stealtime: cpu 8, msr 1ec1b600
[    8.588762] calling  timekeeping_init_ops+0x0/0x13 @ 1
[    8.596780] initcall timekeeping_init_ops+0x0/0x13 returned 0 after 802 usecs
[    8.607447] calling  init_clocksource_sysfs+0x0/0x23 @ 1
[    8.617304] initcall init_clocksource_sysfs+0x0/0x23 returned 0 after 1071 usecs
[    8.628324] calling  init_timer_list_procfs+0x0/0x31 @ 1
[    8.636391]   #9
[    8.636742] initcall init_timer_list_procfs+0x0/0x31 returned 0 after 470 usecs
[    8.651410] calling  alarmtimer_init+0x0/0xc7 @ 1
[    1.218059] kvm-clock: cpu 9, msr 1ac72241, secondary cpu clock
[    8.659798] initcall alarmtimer_init+0x0/0xc7 returned 0 after 1186 usecs
[    8.681365] calling  init_posix_timers+0x0/0x29 @ 1
[    8.687347] kvm-guest: stealtime: cpu 9, msr 1ec5b600
[    8.702761] initcall init_posix_timers+0x0/0x29 returned 0 after 12913 usecs
[    8.714673] calling  clockevents_init_sysfs+0x0/0xbf @ 1
[    8.727089] initcall clockevents_init_sysfs+0x0/0xbf returned 0 after 2874 usecs
[    8.737589] calling  proc_dma_init+0x0/0x21 @ 1
[    8.740103]  #10
[    8.744326] initcall proc_dma_init+0x0/0x21 returned 0 after 56 usecs
[    8.759946] calling  proc_modules_init+0x0/0x1e @ 1
[    1.218059] kvm-clock: cpu 10, msr 1ac72281, secondary cpu clock
[    8.769376] initcall proc_modules_init+0x0/0x1e returned 0 after 60 usecs
[    8.793892] calling  kallsyms_init+0x0/0x21 @ 1
[    8.799285] kvm-guest: stealtime: cpu 10, msr 1ec9b600
[    8.802313] initcall kallsyms_init+0x0/0x21 returned 0 after 111 usecs
[    8.821200] calling  pid_namespaces_init+0x0/0x2c @ 1
[    8.830780] initcall pid_namespaces_init+0x0/0x2c returned 0 after 1105 usecs
[    8.842620] calling  audit_watch_init+0x0/0x37 @ 1
[    8.850833] initcall audit_watch_init+0x0/0x37 returned 0 after 1 usecs
[    8.861683]  #11
[    8.861709] calling  audit_fsnotify_init+0x0/0x37 @ 1
[    8.873361] initcall audit_fsnotify_init+0x0/0x37 returned 0 after 1 usecs
[    1.218059] kvm-clock: cpu 11, msr 1ac722c1, secondary cpu clock
[    8.884495] calling  audit_tree_init+0x0/0x6d @ 1
[    8.912914] kvm-guest: stealtime: cpu 11, msr 1ecdb600
[    8.934531] initcall audit_tree_init+0x0/0x6d returned 0 after 30169 usecs
[    8.944582] calling  seccomp_sysctl_init+0x0/0x2b @ 1
[    8.953835] initcall seccomp_sysctl_init+0x0/0x2b returned 0 after 1999 usecs
[    8.963856] calling  utsname_sysctl_init+0x0/0x13 @ 1
[    8.972700] initcall utsname_sysctl_init+0x0/0x13 returned 0 after 937 usecs
[    8.984594] calling  init_tracepoints+0x0/0x27 @ 1
[    8.993872] initcall init_tracepoints+0x0/0x27 returned 0 after 678 usecs
[    9.006163] calling  init_blk_tracer+0x0/0x50 @ 1
[    9.010695]  #12
[    9.016911] initcall init_blk_tracer+0x0/0x50 returned 0 after 2749 usecs
[    9.031143] calling  perf_event_sysfs_init+0x0/0x81 @ 1
[    1.218059] kvm-clock: cpu 12, msr 1ac72301, secondary cpu clock
[    9.042958] initcall perf_event_sysfs_init+0x0/0x81 returned 0 after 2922 usecs
[    9.065709] calling  system_trusted_keyring_init+0x0/0x60 @ 1
[    9.070283] kvm-guest: stealtime: cpu 12, msr 1ed1b600
[    9.075332] Initialise system trusted keyrings
[    9.091679] initcall system_trusted_keyring_init+0x0/0x60 returned 0 after 15958 usecs
[    9.104298] calling  kswapd_init+0x0/0x5f @ 1
[    9.116669] initcall kswapd_init+0x0/0x5f returned 0 after 4436 usecs
[    9.128688] calling  extfrag_debug_init+0x0/0x54 @ 1
[    9.137318] initcall extfrag_debug_init+0x0/0x54 returned 0 after 908 usecs
[    9.147791] calling  mm_compute_batch_init+0x0/0x12 @ 1
[    9.153466]  #13
[    9.156336] initcall mm_compute_batch_init+0x0/0x12 returned 0 after 41 usecs
[    9.170993] calling  slab_proc_init+0x0/0x21 @ 1
[    1.218059] kvm-clock: cpu 13, msr 1ac72341, secondary cpu clock
[    9.178967] initcall slab_proc_init+0x0/0x21 returned 0 after 402 usecs
[    9.201515] calling  workingset_init+0x0/0x8c @ 1
[    9.208047] kvm-guest: stealtime: cpu 13, msr 1ed5b600
[    9.210524] workingset: timestamp_bits=52 max_order=17 bucket_order=0
[    9.227761] initcall workingset_init+0x0/0x8c returned 0 after 16740 usecs
[    9.242044] calling  proc_vmalloc_init+0x0/0x32 @ 1
[    9.249748] initcall proc_vmalloc_init+0x0/0x32 returned 0 after 6 usecs
[    9.259723] calling  procswaps_init+0x0/0x1e @ 1
[    9.266880] initcall procswaps_init+0x0/0x1e returned 0 after 469 usecs
[    9.277252] calling  slab_sysfs_init+0x0/0xea @ 1
[    9.304826] initcall slab_sysfs_init+0x0/0xea returned 0 after 19448 usecs
[    9.315991] calling  fcntl_init+0x0/0x29 @ 1
[    9.334394]  #14
[    1.218059] kvm-clock: cpu 14, msr 1ac72381, secondary cpu clock
[    9.376409] kvm-guest: stealtime: cpu 14, msr 1ed9b600
[    9.401860] initcall fcntl_init+0x0/0x29 returned 0 after 77145 usecs
[    9.413137] calling  proc_filesystems_init+0x0/0x21 @ 1
[    9.421826] initcall proc_filesystems_init+0x0/0x21 returned 0 after 24 usecs
[    9.432179] calling  start_dirtytime_writeback+0x0/0x29 @ 1
[    9.441061] initcall start_dirtytime_writeback+0x0/0x29 returned 0 after 1 usecs
[    9.452626] calling  blkdev_init+0x0/0x1b @ 1
[    9.458642]  #15
[    1.218059] kvm-clock: cpu 15, msr 1ac723c1, secondary cpu clock
[    9.501735] kvm-guest: stealtime: cpu 15, msr 1eddb600
[    9.531618] initcall blkdev_init+0x0/0x1b returned 0 after 70032 usecs
[    9.542320] calling  dio_init+0x0/0x2c @ 1
[    9.550652] initcall dio_init+0x0/0x2c returned 0 after 1258 usecs
[    9.563442] calling  dnotify_init+0x0/0x78 @ 1
[    9.604894]  #16
[    1.218059] kvm-clock: cpu 16, msr 1ac72401, secondary cpu clock
[    9.644677] kvm-guest: stealtime: cpu 16, msr 1ee1b600
[    9.681005] initcall dnotify_init+0x0/0x78 returned 0 after 106308 usecs
[    9.692755] calling  aio_setup+0x0/0x78 @ 1
[    9.723787]  #17
[    1.218059] kvm-clock: cpu 17, msr 1ac72441, secondary cpu clock
[    9.762537] kvm-guest: stealtime: cpu 17, msr 1ee5b600
[    9.795305] initcall aio_setup+0x0/0x78 returned 0 after 92844 usecs
[    9.805876] calling  io_uring_init+0x0/0x2c @ 1
[    9.833395]  #18
[    1.218059] kvm-clock: cpu 18, msr 1ac72481, secondary cpu clock
[    9.871484] kvm-guest: stealtime: cpu 18, msr 1ee9b600
[    9.893514] initcall io_uring_init+0x0/0x2c returned 0 after 78381 usecs
[    9.903512] calling  mbcache_init+0x0/0x30 @ 1
[    9.936336]  #19
[    1.218059] kvm-clock: cpu 19, msr 1ac724c1, secondary cpu clock
[    9.979107] kvm-guest: stealtime: cpu 19, msr 1eedb600
[   10.014170] initcall mbcache_init+0x0/0x30 returned 0 after 101436 usecs
[   10.029666] calling  init_grace+0x0/0xc @ 1
[   10.037722] initcall init_grace+0x0/0xc returned 0 after 1294 usecs
[   10.047810] calling  init_v2_quota_format+0x0/0x21 @ 1
[   10.056859] initcall init_v2_quota_format+0x0/0x21 returned 0 after 32 usecs
[   10.068863] calling  init_devpts_fs+0x0/0x27 @ 1
[   10.075846]  #20
[   10.077105] initcall init_devpts_fs+0x0/0x27 returned 0 after 505 usecs
[   10.091117] calling  ext4_init_fs+0x0/0x1d0 @ 1
[    1.218059] kvm-clock: cpu 20, msr 1ac72501, secondary cpu clock
[   10.119880] kvm-guest: stealtime: cpu 20, msr 1ef1b600
[   10.149512] initcall ext4_init_fs+0x0/0x1d0 returned 0 after 49763 usecs
[   10.159785] calling  journal_init+0x0/0x11c @ 1
[   10.188979]  #21
[    1.218059] kvm-clock: cpu 21, msr 1ac72541, secondary cpu clock
[   10.232636] kvm-guest: stealtime: cpu 21, msr 1ef5b600
[   10.257590] initcall journal_init+0x0/0x11c returned 0 after 88534 usecs
[   10.269275] calling  init_fat_fs+0x0/0x49 @ 1
[   10.291588]  #22
[    1.218059] kvm-clock: cpu 22, msr 1ac72581, secondary cpu clock
[   10.334810] kvm-guest: stealtime: cpu 22, msr 1ef9b600
[   10.363725] initcall init_fat_fs+0x0/0x49 returned 0 after 85302 usecs
[   10.377845] calling  init_vfat_fs+0x0/0xc @ 1
[   10.386591] initcall init_vfat_fs+0x0/0xc returned 0 after 6 usecs
[   10.396803] calling  init_msdos_fs+0x0/0xc @ 1
[   10.404495] initcall init_msdos_fs+0x0/0xc returned 0 after 3 usecs
[   10.415801] calling  init_iso9660_fs+0x0/0x6c @ 1
[   10.417483]  #23
[    1.218059] kvm-clock: cpu 23, msr 1ac725c1, secondary cpu clock
[   10.469620] kvm-guest: stealtime: cpu 23, msr 1efdb600
[   10.497449] initcall init_iso9660_fs+0x0/0x6c returned 0 after 71335 usecs
[   10.509256] calling  init_nfs_fs+0x0/0x13a @ 1
[   10.534465]  #24
[    1.218059] kvm-clock: cpu 24, msr 1ac72601, secondary cpu clock
[   10.574748] kvm-guest: stealtime: cpu 24, msr 1f01b600
[   10.607385] initcall init_nfs_fs+0x0/0x13a returned 0 after 87609 usecs
[   10.617777] calling  init_nfs_v2+0x0/0x13 @ 1
[   10.624809] initcall init_nfs_v2+0x0/0x13 returned 0 after 73 usecs
[   10.634852] calling  init_nfs_v3+0x0/0x13 @ 1
[   10.641460] initcall init_nfs_v3+0x0/0x13 returned 0 after 1 usecs
[   10.651251] calling  init_nfs_v4+0x0/0x32 @ 1
[   10.656905]  #25
[   10.658089] NFS: Registering the id_resolver key type
[   10.658197] Key type id_resolver registered
[   10.675283] Key type id_legacy registered
[   10.682257] initcall init_nfs_v4+0x0/0x32 returned 0 after 23671 usecs
[    1.218059] kvm-clock: cpu 25, msr 1ac72641, secondary cpu clock
[   10.692575] calling  init_nlm+0x0/0x5b @ 1
[   10.715552] initcall init_nlm+0x0/0x5b returned 0 after 5715 usecs
[   10.726635] calling  init_nls_cp437+0x0/0xe @ 1
[   10.730874] kvm-guest: stealtime: cpu 25, msr 1f05b600
[   10.733355] initcall init_nls_cp437+0x0/0xe returned 0 after 50 usecs
[   10.751956] calling  init_nls_ascii+0x0/0xe @ 1
[   10.759244] initcall init_nls_ascii+0x0/0xe returned 0 after 1 usecs
[   10.769538] calling  init_nls_iso8859_1+0x0/0xe @ 1
[   10.778488] initcall init_nls_iso8859_1+0x0/0xe returned 0 after 1 usecs
[   10.789759] calling  init_nls_utf8+0x0/0x21 @ 1
[   10.797029] initcall init_nls_utf8+0x0/0x21 returned 0 after 1 usecs
[   10.797306]  #26
[   10.806988] calling  init_autofs_fs+0x0/0x25 @ 1
[    1.218059] kvm-clock: cpu 26, msr 1ac72681, secondary cpu clock
[   10.824887] initcall init_autofs_fs+0x0/0x25 returned 0 after 5965 usecs
[   10.850558] calling  ipc_init+0x0/0x24 @ 1
[   10.859283] initcall ipc_init+0x0/0x24 returned 0 after 1352 usecs
[   10.865021] kvm-guest: stealtime: cpu 26, msr 1f09b600
[   10.869454] calling  ipc_sysctl_init+0x0/0x13 @ 1
[   10.885061] initcall ipc_sysctl_init+0x0/0x13 returned 0 after 53 usecs
[   10.896261] calling  init_mqueue_fs+0x0/0x9a @ 1
[   10.934400]  #27
[    1.218059] kvm-clock: cpu 27, msr 1ac726c1, secondary cpu clock
[   10.980805] kvm-guest: stealtime: cpu 27, msr 1f0db600
[   11.009464] initcall init_mqueue_fs+0x0/0x9a returned 0 after 102404 usecs
[   11.021138] calling  key_proc_init+0x0/0x63 @ 1
[   11.028608] initcall key_proc_init+0x0/0x63 returned 0 after 7 usecs
[   11.039808] calling  selinux_nf_ip_init+0x0/0x2e @ 1
[   11.048472] initcall selinux_nf_ip_init+0x0/0x2e returned 0 after 564 usecs
[   11.056957]  #28
[   11.060266] calling  init_sel_fs+0x0/0x116 @ 1
[   11.071529] initcall init_sel_fs+0x0/0x116 returned 0 after 1 usecs
[    1.218059] kvm-clock: cpu 28, msr 1ac72701, secondary cpu clock
[   11.081213] calling  selnl_init+0x0/0x7c @ 1
[   11.101620] initcall selnl_init+0x0/0x7c returned 0 after 2605 usecs
[   11.105746] kvm-guest: stealtime: cpu 28, msr 1f11b600
[   11.112374] calling  sel_netif_init+0x0/0x36 @ 1
[   11.127909] initcall sel_netif_init+0x0/0x36 returned 0 after 10 usecs
[   11.138609] calling  sel_netnode_init+0x0/0x33 @ 1
[   11.146260] initcall sel_netnode_init+0x0/0x33 returned 0 after 0 usecs
[   11.156502] calling  sel_netport_init+0x0/0x33 @ 1
[   11.164237] initcall sel_netport_init+0x0/0x33 returned 0 after 0 usecs
[   11.174218] calling  aurule_init+0x0/0x2a @ 1
[   11.181799] initcall aurule_init+0x0/0x2a returned 0 after 1 usecs
[   11.190833] calling  crypto_algapi_init+0x0/0xc @ 1
[   11.192348]  #29
[   11.198340] initcall crypto_algapi_init+0x0/0xc returned 0 after 311 usecs
[   11.215188] calling  jent_mod_init+0x0/0x2d @ 1
[    1.218059] kvm-clock: cpu 29, msr 1ac72741, secondary cpu clock
[   11.243318] initcall jent_mod_init+0x0/0x2d returned 0 after 20333 usecs
[   11.247425] kvm-guest: stealtime: cpu 29, msr 1f15b600
[   11.254174] calling  asymmetric_key_init+0x0/0xc @ 1
[   11.284554] Key type asymmetric registered
[   11.291082] initcall asymmetric_key_init+0x0/0xc returned 0 after 6385 usecs
[   11.303215] calling  x509_key_init+0x0/0xc @ 1
[   11.312280] Asymmetric key parser 'x509' registered
[   11.320712] initcall x509_key_init+0x0/0xc returned 0 after 8358 usecs
[   11.325329]  #30
[   11.332314] calling  proc_genhd_init+0x0/0x41 @ 1
[   11.344497] initcall proc_genhd_init+0x0/0x41 returned 0 after 83 usecs
[    1.218059] kvm-clock: cpu 30, msr 1ac72781, secondary cpu clock
[   11.356069] calling  bsg_init+0x0/0x113 @ 1
[   11.380763] Block layer SCSI generic (bsg) driver version 0.4 loaded (major 251)
[   11.385375] kvm-guest: stealtime: cpu 30, msr 1f19b600
[   11.391525] initcall bsg_init+0x0/0x113 returned 0 after 15773 usecs
[   11.410094] calling  deadline_init+0x0/0xc @ 1
[   11.417129] io scheduler mq-deadline registered
[   11.424460] initcall deadline_init+0x0/0xc returned 0 after 7217 usecs
[   11.430080]  #31
[   11.434240] calling  kyber_init+0x0/0xc @ 1
[   11.434243] io scheduler kyber registered
[   11.434310] initcall kyber_init+0x0/0xc returned 0 after 2 usecs
[   11.434313] calling  mod_init+0x0/0x7 @ 1
[   11.434314] initcall mod_init+0x0/0x7 returned 0 after 0 usecs
[   11.434316] calling  percpu_counter_startup+0x0/0x55 @ 1
[    1.218059] kvm-clock: cpu 31, msr 1ac727c1, secondary cpu clock
[   11.617311] kvm-guest: stealtime: cpu 31, msr 1f1db600
[   11.694730]  #32
[    1.218059] kvm-clock: cpu 32, msr 1ac72801, secondary cpu clock
[   11.815453] kvm-guest: stealtime: cpu 32, msr 1f21b600
[   11.837089] initcall percpu_counter_startup+0x0/0x55 returned 0 after 393321 usecs
[   11.850262] calling  sg_pool_init+0x0/0xb4 @ 1
[   11.858198] initcall sg_pool_init+0x0/0xb4 returned 0 after 695 usecs
[   11.868207] calling  pcie_portdrv_init+0x0/0x39 @ 1
[   11.877055] initcall pcie_portdrv_init+0x0/0x39 returned 0 after 1154 usecs
[   11.882140]  #33
[   11.888008] calling  pci_proc_init+0x0/0x68 @ 1
[   11.900516] initcall pci_proc_init+0x0/0x68 returned 0 after 850 usecs
[   11.910744] calling  pci_hotplug_init+0x0/0x7 @ 1
[    1.218059] kvm-clock: cpu 33, msr 1ac72841, secondary cpu clock
[   11.917962] initcall pci_hotplug_init+0x0/0x7 returned 0 after 0 usecs
[   11.940169] calling  efifb_driver_init+0x0/0xe @ 1
[   11.948613] initcall efifb_driver_init+0x0/0xe returned 0 after 28 usecs
[   11.973381] calling  ged_driver_init+0x0/0xe @ 1
[   11.976803] kvm-guest: stealtime: cpu 33, msr 1f25b600
[   11.980755] initcall ged_driver_init+0x0/0xe returned 0 after 401 usecs
[   11.997417] calling  acpi_ac_init+0x0/0x92 @ 1
[   12.005663] initcall acpi_ac_init+0x0/0x92 returned 0 after 2185 usecs
[   12.014718] calling  acpi_button_driver_init+0x0/0x52 @ 1
[   12.023644]  #34
[   12.025446] input: Power Button as /devices/LNXSYSTM:00/LNXPWRBN:00/input/input0
[    1.218059] kvm-clock: cpu 34, msr 1ac72881, secondary cpu clock
[   12.040922] ACPI: Power Button [PWRF]
[   12.103385] initcall acpi_button_driver_init+0x0/0x52 returned 0 after 77855 usecs
[   12.111352] kvm-guest: stealtime: cpu 34, msr 1f29b600
[   12.114362] calling  acpi_fan_driver_init+0x0/0xe @ 1
[   12.131246] initcall acpi_fan_driver_init+0x0/0xe returned 0 after 79 usecs
[   12.143980] calling  acpi_video_init+0x0/0xcb @ 1
[   12.151482] initcall acpi_video_init+0x0/0xcb returned 0 after 147 usecs
[   12.160538] calling  acpi_processor_driver_init+0x0/0xad @ 1
[   12.165798]  #35
[    1.218059] kvm-clock: cpu 35, msr 1ac728c1, secondary cpu clock
[   12.298415] kvm-guest: stealtime: cpu 35, msr 1f2db600
[   12.337870]  #36
[    1.218059] kvm-clock: cpu 36, msr 1ac72901, secondary cpu clock
[   12.434370] kvm-guest: stealtime: cpu 36, msr 1f31b600
[   12.468232] torture_onoff-torture:rcu: Initial online 37: errno -16
[   12.471482] initcall acpi_processor_driver_init+0x0/0xad returned 0 after 295993 usecs
[   12.489830] calling  acpi_thermal_init+0x0/0x71 @ 1
[   12.499393] initcall acpi_thermal_init+0x0/0x71 returned 0 after 1977 usecs
[   12.510993] calling  acpi_battery_init+0x0/0x32 @ 1
[   12.513624]  #38
[   12.521471] initcall acpi_battery_init+0x0/0x32 returned 0 after 2840 usecs
[    1.218059] kvm-clock: cpu 38, msr 1ac72981, secondary cpu clock
[   12.535344] calling  bgrt_init+0x0/0xb6 @ 1
[   12.551144] initcall bgrt_init+0x0/0xb6 returned -19 after 0 usecs
[   12.560439] calling  gpio_clk_driver_init+0x0/0xe @ 1
[   12.568329] initcall gpio_clk_driver_init+0x0/0xe returned 0 after 73 usecs
[   12.579014] calling  plt_clk_driver_init+0x0/0xe @ 1
[   12.586285] initcall plt_clk_driver_init+0x0/0xe returned 0 after 33 usecs
[   12.627428] calling  virtio_pci_driver_init+0x0/0x15 @ 1
[   12.636497] initcall virtio_pci_driver_init+0x0/0x15 returned 0 after 104 usecs
[   12.647283] kvm-guest: stealtime: cpu 38, msr 1f39b600
[   12.647537] calling  n_null_init+0x0/0x1e @ 1
[   12.662250] initcall n_null_init+0x0/0x1e returned 0 after 35 usecs
[   12.671217] calling  pty_init+0x0/0x1e8 @ 1
[   12.678293] initcall pty_init+0x0/0x1e8 returned 0 after 1421 usecs
[   12.684877]  #39
[   12.686565] calling  sysrq_init+0x0/0x62 @ 1
[   12.694719] initcall sysrq_init+0x0/0x62 returned 0 after 11 usecs
[    1.218059] kvm-clock: cpu 39, msr 1ac729c1, secondary cpu clock
[   12.704057] calling  serial8250_init+0x0/0x17e @ 1
[   12.719822] Serial: 8250/16550 driver, 4 ports, IRQ sharing enabled
[   12.783768] 00:03: ttyS0 at I/O 0x3f8 (irq = 4, base_baud = 115200) is a 16550A
[   12.792237] kvm-guest: stealtime: cpu 39, msr 1f3db600
[   12.805780] initcall serial8250_init+0x0/0x17e returned 0 after 83978 usecs
[   12.816329] calling  serial_pci_driver_init+0x0/0x15 @ 1
[   12.819516]  #40
[   12.823221] initcall serial_pci_driver_init+0x0/0x15 returned 0 after 75 usecs
[   12.834848] calling  exar_pci_driver_init+0x0/0x15 @ 1
[    1.218059] kvm-clock: cpu 40, msr 1ac72a01, secondary cpu clock
[   12.841524] initcall exar_pci_driver_init+0x0/0x15 returned 0 after 52 usecs
[   12.861566] calling  lpss8250_pci_driver_init+0x0/0x15 @ 1
[   12.914425] initcall lpss8250_pci_driver_init+0x0/0x15 returned 0 after 28176 usecs
[   12.926279] calling  mid8250_pci_driver_init+0x0/0x15 @ 1
[   12.933598] kvm-guest: stealtime: cpu 40, msr 1f41b600
[   12.935227] initcall mid8250_pci_driver_init+0x0/0x15 returned 0 after 292 usecs
[   12.954592] calling  virtio_console_init+0x0/0xff @ 1
[   12.961654] initcall virtio_console_init+0x0/0xff returned 0 after 296 usecs
[   12.971700] calling  hpet_init+0x0/0x64 @ 1
[   12.979563] initcall hpet_init+0x0/0x64 returned 0 after 1443 usecs
[   12.981066]  #41
[   12.988387] calling  nvram_module_init+0x0/0x83 @ 1
[   12.989221] Non-volatile memory driver v1.3
[   13.005418] initcall nvram_module_init+0x0/0x83 returned 0 after 16625 usecs
[    1.218059] kvm-clock: cpu 41, msr 1ac72a41, secondary cpu clock
[   13.014686] calling  hwrng_modinit+0x0/0x8a @ 1
[   13.031677] initcall hwrng_modinit+0x0/0x8a returned 0 after 1181 usecs
[   13.042160] calling  mod_init+0x0/0x48 @ 1
[   13.107106] initcall mod_init+0x0/0x48 returned -19 after 48596 usecs
[   13.112871] kvm-guest: stealtime: cpu 41, msr 1f45b600
[   13.116306] calling  agp_init+0x0/0x23 @ 1
[   13.130461] Linux agpgart interface v0.103
[   13.136540] initcall agp_init+0x0/0x23 returned 0 after 5935 usecs
[   13.144398] calling  agp_amd64_mod_init+0x0/0x5 @ 1
[   13.148055]  #42
[   13.150905] initcall agp_amd64_mod_init+0x0/0x5 returned -19 after 159 usecs
[   13.164117] calling  agp_intel_init+0x0/0x28 @ 1
[    1.218059] kvm-clock: cpu 42, msr 1ac72a81, secondary cpu clock
[   13.239505] kvm-guest: stealtime: cpu 42, msr 1f49b600
[   13.270019] rcu-torture: torture_onoff begin holdoff
[   13.270835] initcall agp_intel_init+0x0/0x28 returned 0 after 97676 usecs
[   13.288086] calling  drm_kms_helper_init+0x0/0x7 @ 1
[   13.295766] initcall drm_kms_helper_init+0x0/0x7 returned 0 after 31 usecs
[   13.305979] calling  drm_core_init+0x0/0xa4 @ 1
[   13.313415] initcall drm_core_init+0x0/0xa4 returned 0 after 526 usecs
[   13.323949] calling  i915_init+0x0/0x6b @ 1
[   13.332740] initcall i915_init+0x0/0x6b returned 0 after 718 usecs
[   13.342081] calling  cn_proc_init+0x0/0x35 @ 1
[   13.349451] initcall cn_proc_init+0x0/0x35 returned 0 after 3 usecs
[   13.359212] calling  topology_sysfs_init+0x0/0x27 @ 1
[   13.370584] initcall topology_sysfs_init+0x0/0x27 returned 0 after 945 usecs
[   13.381422] calling  cacheinfo_sysfs_init+0x0/0x27 @ 1
[   13.439095] initcall cacheinfo_sysfs_init+0x0/0x27 returned 0 after 48583 usecs
[   13.450368] calling  loop_init+0x0/0x168 @ 1
[   13.501566] rcu_torture_rea (396) used greatest stack depth: 14944 bytes left
[   13.533179] rcu-torture: rcu_torture_read_exit: End of episode
[   13.575831] loop: module loaded
[   13.580889] initcall loop_init+0x0/0x168 returned 0 after 121030 usecs
[   13.590739] calling  mac_hid_init+0x0/0x21 @ 1
[   13.597421] initcall mac_hid_init+0x0/0x21 returned 0 after 9 usecs
[   13.606382] calling  spi_transport_init+0x0/0x74 @ 1
[   13.613350] initcall spi_transport_init+0x0/0x74 returned 0 after 150 usecs
[   13.623427] calling  init_sd+0x0/0x18c @ 1
[   13.629873] initcall init_sd+0x0/0x18c returned 0 after 129 usecs
[   13.639397] calling  init_sr+0x0/0x43 @ 1
[   13.645830] initcall init_sr+0x0/0x43 returned 0 after 75 usecs
[   13.654851] calling  init_sg+0x0/0x1c0 @ 1
[   13.661584] initcall init_sg+0x0/0x1c0 returned 0 after 213 usecs
[   13.671383] calling  ahci_pci_driver_init+0x0/0x15 @ 1
[   13.679865] ahci 0000:00:1f.2: version 3.0
[   13.688784] PCI Interrupt Link [GSIA] enabled at IRQ 16
[   13.710438] ahci 0000:00:1f.2: AHCI 0001.0000 32 slots 6 ports 1.5 Gbps 0x3f impl SATA mode
[   13.723439] ahci 0000:00:1f.2: flags: 64bit ncq only 
[   13.746488] scsi host0: ahci
[   13.755388] scsi host1: ahci
[   13.768683] scsi host2: ahci
[   13.777276] scsi host3: ahci
[   13.787096] scsi host4: ahci
[   13.795621] scsi host5: ahci
[   13.800728] ata1: SATA max UDMA/133 abar m4096@0xfebf1000 port 0xfebf1100 irq 24
[   13.812568] ata2: SATA max UDMA/133 abar m4096@0xfebf1000 port 0xfebf1180 irq 24
[   13.826923] ata3: SATA max UDMA/133 abar m4096@0xfebf1000 port 0xfebf1200 irq 24
[   13.839823] ata4: SATA max UDMA/133 abar m4096@0xfebf1000 port 0xfebf1280 irq 24
[   13.850523] ata5: SATA max UDMA/133 abar m4096@0xfebf1000 port 0xfebf1300 irq 24
[   13.860849] ata6: SATA max UDMA/133 abar m4096@0xfebf1000 port 0xfebf1380 irq 24
[   13.871532] initcall ahci_pci_driver_init+0x0/0x15 returned 0 after 187851 usecs
[   13.882443] calling  piix_init+0x0/0x26 @ 1
[   13.889465] initcall piix_init+0x0/0x26 returned 0 after 74 usecs
[   13.899011] calling  amd_pci_driver_init+0x0/0x15 @ 1
[   13.907239] initcall amd_pci_driver_init+0x0/0x15 returned 0 after 77 usecs
[   13.918260] calling  oldpiix_pci_driver_init+0x0/0x15 @ 1
[   13.925502] initcall oldpiix_pci_driver_init+0x0/0x15 returned 0 after 56 usecs
[   13.936479] calling  sch_pci_driver_init+0x0/0x15 @ 1
[   13.944409] initcall sch_pci_driver_init+0x0/0x15 returned 0 after 58 usecs
[   13.955519] calling  net_olddevs_init+0x0/0x55 @ 1
[   13.963250] initcall net_olddevs_init+0x0/0x55 returned 0 after 161 usecs
[   13.973688] calling  blackhole_netdev_init+0x0/0x78 @ 1
[   13.982702] initcall blackhole_netdev_init+0x0/0x78 returned 0 after 461 usecs
[   13.993981] calling  phy_module_init+0x0/0x13 @ 1
[   14.001421] initcall phy_module_init+0x0/0x13 returned 0 after 183 usecs
[   14.011977] calling  tg3_driver_init+0x0/0x15 @ 1
[   14.019569] initcall tg3_driver_init+0x0/0x15 returned 0 after 99 usecs
[   14.029833] calling  e100_init_module+0x0/0x4c @ 1
[   14.037526] e100: Intel(R) PRO/100 Network Driver
[   14.044969] e100: Copyright(c) 1999-2006 Intel Corporation
[   14.053467] initcall e100_init_module+0x0/0x4c returned 0 after 15593 usecs
[   14.063581] calling  e1000_init_module+0x0/0x72 @ 1
[   14.071049] e1000: Intel(R) PRO/1000 Network Driver
[   14.077985] e1000: Copyright (c) 1999-2006 Intel Corporation.
[   14.086636] initcall e1000_init_module+0x0/0x72 returned 0 after 15218 usecs
[   14.097138] calling  e1000_init_module+0x0/0x2d @ 1
[   14.104444] e1000e: Intel(R) PRO/1000 Network Driver
[   14.112255] e1000e: Copyright(c) 1999 - 2015 Intel Corporation.
[   14.121828] initcall e1000_init_module+0x0/0x2d returned 0 after 16992 usecs
[   14.133066] calling  sky2_init_module+0x0/0x21 @ 1
[   14.140250] sky2: driver version 1.30
[   14.146263] initcall sky2_init_module+0x0/0x21 returned 0 after 5869 usecs
[   14.157041] calling  forcedeth_pci_driver_init+0x0/0x15 @ 1
[   14.165593] initcall forcedeth_pci_driver_init+0x0/0x15 returned 0 after 48 usecs
[   14.177052] calling  rtl8139_init_module+0x0/0x15 @ 1
[   14.183199] ata2: SATA link down (SStatus 0 SControl 300)
[   14.185294] initcall rtl8139_init_module+0x0/0x15 returned 0 after 72 usecs
[   14.195779] ata1: SATA link down (SStatus 0 SControl 300)
[   14.204636] calling  rtl8169_pci_driver_init+0x0/0x15 @ 1
[   14.204706] initcall rtl8169_pci_driver_init+0x0/0x15 returned 0 after 64 usecs
[   14.214286] ata3: SATA link up 1.5 Gbps (SStatus 113 SControl 300)
[   14.220403] calling  cdrom_init+0x0/0xc @ 1
[   14.220530] initcall cdrom_init+0x0/0xc returned 0 after 118 usecs
[   14.233904] ata4: SATA link down (SStatus 0 SControl 300)
[   14.240993] calling  nonstatic_sysfs_init+0x0/0xc @ 1
[   14.241057] initcall nonstatic_sysfs_init+0x0/0xc returned 0 after 57 usecs
[   14.247414] ata3.00: ATAPI: QEMU DVD-ROM, 2.5+, max UDMA/100
[   14.256986] calling  yenta_cardbus_driver_init+0x0/0x15 @ 1
[   14.264902] ata3.00: applying bridge limits
[   14.273235] initcall yenta_cardbus_driver_init+0x0/0x15 returned 0 after 96 usecs
[   14.285312] ata5: SATA link down (SStatus 0 SControl 300)
[   14.292908] calling  mon_init+0x0/0x12d @ 1
[   14.303500] ata6: SATA link down (SStatus 0 SControl 300)
[   14.309196] initcall mon_init+0x0/0x12d returned 0 after 1276 usecs
[   14.319790] ata3.00: configured for UDMA/100
[   14.327090] calling  ehci_hcd_init+0x0/0x56 @ 1
[   14.345627] scsi 2:0:0:0: CD-ROM            QEMU     QEMU DVD-ROM     2.5+ PQ: 0 ANSI: 5
[   14.350756] ehci_hcd: USB 2.0 'Enhanced' Host Controller (EHCI) Driver
[   14.385088] initcall ehci_hcd_init+0x0/0x56 returned 0 after 33604 usecs
[   14.394829] calling  ehci_pci_init+0x0/0x64 @ 1
[   14.401889] ehci-pci: EHCI PCI platform driver
[   14.408405] initcall ehci_pci_init+0x0/0x64 returned 0 after 6359 usecs
[   14.418316] calling  ohci_hcd_mod_init+0x0/0x4e @ 1
[   14.425422] ohci_hcd: USB 1.1 'Open' Host Controller (OHCI) Driver
[   14.434541] initcall ohci_hcd_mod_init+0x0/0x4e returned 0 after 8957 usecs
[   14.444606] calling  ohci_pci_init+0x0/0x64 @ 1
[   14.451415] ohci-pci: OHCI PCI platform driver
[   14.457858] initcall ohci_pci_init+0x0/0x64 returned 0 after 6290 usecs
[   14.467763] calling  uhci_hcd_init+0x0/0xa8 @ 1
[   14.474162] uhci_hcd: USB Universal Host Controller Interface driver
[   14.483596] initcall uhci_hcd_init+0x0/0xa8 returned 0 after 9210 usecs
[   14.492956] calling  xhci_hcd_init+0x0/0x1e @ 1
[   14.499993] initcall xhci_hcd_init+0x0/0x1e returned 0 after 33 usecs
[   14.509188] calling  xhci_pci_init+0x0/0x49 @ 1
[   14.516060] initcall xhci_pci_init+0x0/0x49 returned 0 after 90 usecs
[   14.525021] calling  usblp_driver_init+0x0/0x15 @ 1
[   14.532465] usbcore: registered new interface driver usblp
[   14.540213] initcall usblp_driver_init+0x0/0x15 returned 0 after 7737 usecs
[   14.550147] calling  usb_storage_driver_init+0x0/0x2a @ 1
[   14.558636] usbcore: registered new interface driver usb-storage
[   14.567958] initcall usb_storage_driver_init+0x0/0x2a returned 0 after 9174 usecs
[   14.578682] calling  i8042_init+0x0/0x4c2 @ 1
[   14.585677] i8042: PNP: PS/2 Controller [PNP0303:KBD,PNP0f13:MOU] at 0x60,0x64 irq 1,12
[   14.605211] serio: i8042 KBD port at 0x60,0x64 irq 1
[   14.612850] serio: i8042 AUX port at 0x60,0x64 irq 12
[   14.620404] initcall i8042_init+0x0/0x4c2 returned 0 after 34127 usecs
[   14.630112] calling  serport_init+0x0/0x2c @ 1
[   14.636971] initcall serport_init+0x0/0x2c returned 0 after 1 usecs
[   14.646740] calling  input_leds_init+0x0/0xc @ 1
[   14.653787] initcall input_leds_init+0x0/0xc returned 0 after 18 usecs
[   14.663660] calling  evdev_init+0x0/0xc @ 1
[   14.671382] initcall evdev_init+0x0/0xc returned 0 after 1442 usecs
[   14.680503] calling  atkbd_init+0x0/0x21 @ 1
[   14.687422] initcall atkbd_init+0x0/0x21 returned 0 after 543 usecs
[   14.697047] calling  psmouse_init+0x0/0x7f @ 1
[   14.704371] initcall psmouse_init+0x0/0x7f returned 0 after 658 usecs
[   14.714102] calling  cmos_init+0x0/0x73 @ 1
[   14.721392] rtc_cmos 00:04: RTC can wake from S4
[   14.728417] input: AT Translated Set 2 keyboard as /devices/platform/i8042/serio0/input/input1
[   14.736081] rtc_cmos 00:04: registered as rtc0
[   14.739264] sr 2:0:0:0: [sr0] scsi3-mmc drive: 4x/4x cd/rw xa/form2 tray
[   14.739339] cdrom: Uniform CD-ROM driver Revision: 3.20
[   14.768888] rtc_cmos 00:04: alarms up to one day, y3k, 242 bytes nvram, hpet irqs
[   14.780254] initcall cmos_init+0x0/0x73 returned 0 after 58475 usecs
[   14.789961] calling  smbalert_driver_init+0x0/0xe @ 1
[   14.797351] initcall smbalert_driver_init+0x0/0xe returned 0 after 69 usecs
[   14.808764] calling  i2c_i801_init+0x0/0xc5 @ 1
[   14.818494] i801_smbus 0000:00:1f.3: SMBus using PCI interrupt
[   14.828364] i2c i2c-0: 1/1 memory slots populated (from DMI)
[   14.837244] i2c i2c-0: Memory type 0x07 not supported yet, not instantiating SPD
[   14.843223] sr 2:0:0:0: Attached scsi CD-ROM sr0
[   14.850293] initcall i2c_i801_init+0x0/0xc5 returned 0 after 33270 usecs
[   14.859822] sr 2:0:0:0: Attached scsi generic sg0 type 5
[   14.865829] calling  ptp_kvm_init+0x0/0xf0 @ 1
[   14.882235] initcall ptp_kvm_init+0x0/0xf0 returned 0 after 1411 usecs
[   14.891611] calling  dm_init+0x0/0x3c @ 1
[   14.899595] device-mapper: ioctl: 4.43.0-ioctl (2020-10-01) initialised: dm-devel@redhat.com
[   14.912078] initcall dm_init+0x0/0x3c returned 0 after 13655 usecs
[   14.921482] calling  dm_mirror_init+0x0/0x29 @ 1
[   14.928328] initcall dm_mirror_init+0x0/0x29 returned 0 after 21 usecs
[   14.938145] calling  dm_dirty_log_init+0x0/0x4f @ 1
[   14.945323] initcall dm_dirty_log_init+0x0/0x4f returned 0 after 35 usecs
[   14.955197] calling  dm_zero_init+0x0/0x29 @ 1
[   14.961753] initcall dm_zero_init+0x0/0x29 returned 0 after 1 usecs
[   14.970742] calling  intel_pstate_init+0x0/0x513 @ 1
[   14.977738] intel_pstate: CPU model not supported
[   14.984807] initcall intel_pstate_init+0x0/0x513 returned -19 after 6916 usecs
[   14.995604] calling  haltpoll_init+0x0/0xc0 @ 1
[   15.003072] initcall haltpoll_init+0x0/0xc0 returned -19 after 24 usecs
[   15.013133] calling  efivars_sysfs_init+0x0/0x30 @ 1
[   15.020165] initcall efivars_sysfs_init+0x0/0x30 returned 0 after 47 usecs
[   15.030193] calling  esrt_sysfs_init+0x0/0x2a2 @ 1
[   15.036847] initcall esrt_sysfs_init+0x0/0x2a2 returned -38 after 34 usecs
[   15.046558] calling  hid_init+0x0/0x5c @ 1
[   15.052724] hid: raw HID events driver (C) Jiri Kosina
[   15.060134] initcall hid_init+0x0/0x5c returned 0 after 7341 usecs
