c[?7l[2J[0mSeaBIOS (version 1.16.0-debian-1.16.0-4)
Booting from ROM...
early console in setup code
c[?7l[2J[    0.000000] Linux version 5.10.152+ (root@joelboxx.c.googlers.com) (gcc (Debian 12.2.0-3) 12.2.0, GNU ld (GNU Binutils for Debian) 2.39) #9 SMP Tue Dec 13 08:17:25 UTC 2022
[    0.000000] Command line: selinux=0 initcall_debug debug console=ttyS0 rcutorture.torture_type=tasks-tracing rcutorture.onoff_interval=1000 rcutorture.onoff_holdoff=30 rcutorture.n_barrier_cbs=4 rcutorture.stat_interval=15 rcutorture.shutdown_secs=1800 rcutorture.test_no_idle_hz=1 rcutorture.verbose=1
[    0.000000] x86/fpu: x87 FPU will use FXSAVE
[    0.000000] BIOS-provided physical RAM map:
[    0.000000] BIOS-e820: [mem 0x0000000000000000-0x000000000009fbff] usable
[    0.000000] BIOS-e820: [mem 0x000000000009fc00-0x000000000009ffff] reserved
[    0.000000] BIOS-e820: [mem 0x00000000000f0000-0x00000000000fffff] reserved
[    0.000000] BIOS-e820: [mem 0x0000000000100000-0x000000001ffdefff] usable
[    0.000000] BIOS-e820: [mem 0x000000001ffdf000-0x000000001fffffff] reserved
[    0.000000] BIOS-e820: [mem 0x00000000b0000000-0x00000000bfffffff] reserved
[    0.000000] BIOS-e820: [mem 0x00000000fed1c000-0x00000000fed1ffff] reserved
[    0.000000] BIOS-e820: [mem 0x00000000feffc000-0x00000000feffffff] reserved
[    0.000000] BIOS-e820: [mem 0x00000000fffc0000-0x00000000ffffffff] reserved
[    0.000000] NX (Execute Disable) protection: active
[    0.000000] SMBIOS 2.8 present.
[    0.000000] DMI: QEMU Standard PC (Q35 + ICH9, 2009), BIOS 1.16.0-debian-1.16.0-4 04/01/2014
[    0.000000] Hypervisor detected: KVM
[    0.000000] kvm-clock: Using msrs 4b564d01 and 4b564d00
[    0.000000] kvm-clock: cpu 0, msr 16923001, primary cpu clock
[    0.000025] kvm-clock: using sched offset of 2832588770 cycles
[    0.000081] clocksource: kvm-clock: mask: 0xffffffffffffffff max_cycles: 0x1cd42e4dffb, max_idle_ns: 881590591483 ns
[    0.000123] tsc: Detected 1999.999 MHz processor
[    0.004135] e820: update [mem 0x00000000-0x00000fff] usable ==> reserved
[    0.004147] e820: remove [mem 0x000a0000-0x000fffff] usable
[    0.004158] last_pfn = 0x1ffdf max_arch_pfn = 0x400000000
[    0.005037] MTRR default type: write-back
[    0.005095] MTRR fixed ranges enabled:
[    0.005098]   00000-9FFFF write-back
[    0.005101]   A0000-BFFFF uncachable
[    0.005104]   C0000-FFFFF write-protect
[    0.005106] MTRR variable ranges enabled:
[    0.005109]   0 base 00C0000000 mask FFC0000000 uncachable
[    0.005111]   1 disabled
[    0.005113]   2 disabled
[    0.005115]   3 disabled
[    0.005117]   4 disabled
[    0.005119]   5 disabled
[    0.005121]   6 disabled
[    0.005123]   7 disabled
[    0.005364] x86/PAT: Configuration [0-7]: WB  WC  UC- UC  WB  WC  UC- UC  
[    0.015954] found SMP MP-table at [mem 0x000f5ba0-0x000f5baf]
[    0.017524] check: Scanning 1 areas for low memory corruption
[    0.025256] ACPI: Early table checksum verification disabled
[    0.026259] ACPI: RSDP 0x00000000000F59E0 000014 (v00 BOCHS )
[    0.026528] ACPI: RSDT 0x000000001FFE23B1 000038 (v01 BOCHS  BXPC     00000001 BXPC 00000001)
[    0.026715] ACPI: FACP 0x000000001FFE2191 0000F4 (v03 BOCHS  BXPC     00000001 BXPC 00000001)
[    0.026777] ACPI: DSDT 0x000000001FFE0040 002151 (v01 BOCHS  BXPC     00000001 BXPC 00000001)
[    0.026810] ACPI: FACS 0x000000001FFE0000 000040
[    0.026819] ACPI: APIC 0x000000001FFE2285 000090 (v01 BOCHS  BXPC     00000001 BXPC 00000001)
[    0.026827] ACPI: HPET 0x000000001FFE2315 000038 (v01 BOCHS  BXPC     00000001 BXPC 00000001)
[    0.026835] ACPI: MCFG 0x000000001FFE234D 00003C (v01 BOCHS  BXPC     00000001 BXPC 00000001)
[    0.026868] ACPI: WAET 0x000000001FFE2389 000028 (v01 BOCHS  BXPC     00000001 BXPC 00000001)
[    0.026876] ACPI: Reserving FACP table memory at [mem 0x1ffe2191-0x1ffe2284]
[    0.026879] ACPI: Reserving DSDT table memory at [mem 0x1ffe0040-0x1ffe2190]
[    0.026882] ACPI: Reserving FACS table memory at [mem 0x1ffe0000-0x1ffe003f]
[    0.026884] ACPI: Reserving APIC table memory at [mem 0x1ffe2285-0x1ffe2314]
[    0.026887] ACPI: Reserving HPET table memory at [mem 0x1ffe2315-0x1ffe234c]
[    0.026889] ACPI: Reserving MCFG table memory at [mem 0x1ffe234d-0x1ffe2388]
[    0.026892] ACPI: Reserving WAET table memory at [mem 0x1ffe2389-0x1ffe23b0]
[    0.027406] ACPI: Local APIC address 0xfee00000
[    0.031179] No NUMA configuration found
[    0.031183] Faking a node at [mem 0x0000000000000000-0x000000001ffdefff]
[    0.031209] NODE_DATA(0) allocated [mem 0x1ffdb000-0x1ffdefff]
[    0.031518] Zone ranges:
[    0.031576]   DMA      [mem 0x0000000000001000-0x0000000000ffffff]
[    0.031593]   DMA32    [mem 0x0000000001000000-0x000000001ffdefff]
[    0.031605]   Normal   empty
[    0.031609] Movable zone start for each node
[    0.031611] Early memory node ranges
[    0.031614]   node   0: [mem 0x0000000000001000-0x000000000009efff]
[    0.031628]   node   0: [mem 0x0000000000100000-0x000000001ffdefff]
[    0.031664] Initmem setup node 0 [mem 0x0000000000001000-0x000000001ffdefff]
[    0.031676] On node 0 totalpages: 130941
[    0.031679]   DMA zone: 64 pages used for memmap
[    0.031682]   DMA zone: 21 pages reserved
[    0.031684]   DMA zone: 3998 pages, LIFO batch:0
[    0.031687]   DMA32 zone: 1984 pages used for memmap
[    0.031689]   DMA32 zone: 126943 pages, LIFO batch:31
[    0.034395] On node 0, zone DMA: 1 pages in unavailable ranges
[    0.035421] On node 0, zone DMA: 97 pages in unavailable ranges
[    0.065414] On node 0, zone DMA32: 33 pages in unavailable ranges
[    0.069844] ACPI: PM-Timer IO Port: 0x608
[    0.069853] ACPI: Local APIC address 0xfee00000
[    0.069867] ACPI: LAPIC_NMI (acpi_id[0xff] dfl dfl lint[0x1])
[    0.070482] IOAPIC[0]: apic_id 0, version 17, address 0xfec00000, GSI 0-23
[    0.070576] ACPI: INT_SRC_OVR (bus 0 bus_irq 0 global_irq 2 dfl dfl)
[    0.070627] ACPI: INT_SRC_OVR (bus 0 bus_irq 5 global_irq 5 high level)
[    0.070637] ACPI: INT_SRC_OVR (bus 0 bus_irq 9 global_irq 9 high level)
[    0.070666] ACPI: INT_SRC_OVR (bus 0 bus_irq 10 global_irq 10 high level)
[    0.070683] ACPI: INT_SRC_OVR (bus 0 bus_irq 11 global_irq 11 high level)
[    0.070688] ACPI: IRQ0 used by override.
[    0.070691] ACPI: IRQ5 used by override.
[    0.070694] ACPI: IRQ9 used by override.
[    0.070696] ACPI: IRQ10 used by override.
[    0.070699] ACPI: IRQ11 used by override.
[    0.070726] Using ACPI (MADT) for SMP configuration information
[    0.070731] ACPI: HPET id: 0x8086a201 base: 0xfed00000
[    0.071000] smpboot: Allowing 4 CPUs, 0 hotplug CPUs
[    0.071754] PM: hibernation: Registered nosave memory: [mem 0x00000000-0x00000fff]
[    0.071759] PM: hibernation: Registered nosave memory: [mem 0x0009f000-0x0009ffff]
[    0.071763] PM: hibernation: Registered nosave memory: [mem 0x000a0000-0x000effff]
[    0.071765] PM: hibernation: Registered nosave memory: [mem 0x000f0000-0x000fffff]
[    0.071804] [mem 0x20000000-0xafffffff] available for PCI devices
[    0.071837] Booting paravirtualized kernel on KVM
[    0.071935] clocksource: refined-jiffies: mask: 0xffffffff max_cycles: 0xffffffff, max_idle_ns: 1910969940391419 ns
[    0.089766] setup_percpu: NR_CPUS:4 nr_cpumask_bits:4 nr_cpu_ids:4 nr_node_ids:1
[    0.099202] percpu: Embedded 58 pages/cpu s198480 r8192 d30896 u524288
[    0.099222] pcpu-alloc: s198480 r8192 d30896 u524288 alloc=1*2097152
[    0.099234] pcpu-alloc: [0] 0 1 2 3 
[    0.099425] kvm-guest: stealtime: cpu 0, msr 1f41bb40
[    0.099859] Built 1 zonelists, mobility grouping on.  Total pages: 128872
[    0.099862] Policy zone: DMA32
[    0.099886] Kernel command line: selinux=0 initcall_debug debug console=ttyS0 rcutorture.torture_type=tasks-tracing rcutorture.onoff_interval=1000 rcutorture.onoff_holdoff=30 rcutorture.n_barrier_cbs=4 rcutorture.stat_interval=15 rcutorture.shutdown_secs=1800 rcutorture.test_no_idle_hz=1 rcutorture.verbose=1
[    0.102381] Dentry cache hash table entries: 65536 (order: 7, 524288 bytes, linear)
[    0.102455] Inode-cache hash table entries: 32768 (order: 6, 262144 bytes, linear)
[    0.102808] mem auto-init: stack:all(zero), heap alloc:off, heap free:off
[    0.108113] Memory: 466312K/523764K available (16398K kernel code, 2805K rwdata, 4840K rodata, 1516K init, 13292K bss, 57192K reserved, 0K cma-reserved)
[    0.108775] SLUB: HWalign=64, Order=0-3, MinObjects=0, CPUs=4, Nodes=1
[    0.109003] Kernel/User page tables isolation: enabled
[    0.111676] Running RCU self tests
[    0.111788] rcu: Hierarchical RCU implementation.
[    0.111791] rcu: 	RCU event tracing is enabled.
[    0.111795] rcu: 	RCU lockdep checking is enabled.
[    0.111809] 	Trampoline variant of Tasks RCU enabled.
[    0.111811] 	Rude variant of Tasks RCU enabled.
[    0.111815] 	Tracing variant of Tasks RCU enabled.
[    0.111840] rcu: RCU calculated value of scheduler-enlistment delay is 100 jiffies.
[    0.118400] NR_IRQS: 4352, nr_irqs: 456, preallocated irqs: 16
[    0.120276] calling  con_init+0x0/0x24f @ 0
[    0.200299] Console: colour VGA+ 80x25
[    0.200370] initcall con_init+0x0/0x24f returned 0 after 0 usecs
[    0.200377] calling  hvc_console_init+0x0/0x13 @ 0
[    0.200395] initcall hvc_console_init+0x0/0x13 returned 0 after 0 usecs
[    0.200400] calling  univ8250_console_init+0x0/0x26 @ 0
[    1.160997] printk: console [ttyS0] enabled
[    1.166370] initcall univ8250_console_init+0x0/0x26 returned 0 after 0 usecs
[    1.174239] Lock dependency validator: Copyright (c) 2006 Red Hat, Inc., Ingo Molnar
[    1.183060] ... MAX_LOCKDEP_SUBCLASSES:  8
[    1.187705] ... MAX_LOCK_DEPTH:          48
[    1.192441] ... MAX_LOCKDEP_KEYS:        8192
[    1.197625] ... CLASSHASH_SIZE:          4096
[    1.202603] ... MAX_LOCKDEP_ENTRIES:     32768
[    1.208496] ... MAX_LOCKDEP_CHAINS:      65536
[    1.214660] ... CHAINHASH_SIZE:          32768
[    1.220927]  memory used by lock dependency info: 6365 kB
[    1.228412]  memory used for stack traces: 4224 kB
[    1.235026]  per task-struct memory footprint: 1920 bytes
[    1.244617] ACPI: Core revision 20200925
[    1.252315] clocksource: hpet: mask: 0xffffffff max_cycles: 0xffffffff, max_idle_ns: 19112604467 ns
[    1.266470] APIC: Switch to symmetric I/O mode setup
[    1.289099] ..TIMER: vector=0x30 apic1=0 pin1=2 apic2=-1 pin2=-1
[    1.296261] clocksource: tsc-early: mask: 0xffffffffffffffff max_cycles: 0x39a85afc727, max_idle_ns: 881590685098 ns
[    1.308671] Calibrating delay loop (skipped) preset value.. 3999.99 BogoMIPS (lpj=1999999)
[    1.309277] pid_max: default: 32768 minimum: 301
[    1.311904] LSM: Security Framework initializing
[    1.312803] Mount-cache hash table entries: 1024 (order: 1, 8192 bytes, linear)
[    1.313294] Mountpoint-cache hash table entries: 1024 (order: 1, 8192 bytes, linear)
[    1.326789] Last level iTLB entries: 4KB 0, 2MB 0, 4MB 0
[    1.327228] Last level dTLB entries: 4KB 0, 2MB 0, 4MB 0, 1GB 0
[    1.328351] Spectre V1 : Mitigation: usercopy/swapgs barriers and __user pointer sanitization
[    1.330229] Spectre V2 : Mitigation: Retpolines
[    1.331227] Spectre V2 : Spectre v2 / SpectreRSB mitigation: Filling RSB on context switch
[    1.332227] Spectre V2 : Spectre v2 / SpectreRSB : Filling RSB on VMEXIT
[    1.333227] Speculative Store Bypass: Vulnerable
[    1.334270] MDS: Vulnerable: Clear CPU buffers attempted, no microcode
[    1.335226] MMIO Stale Data: Unknown: No mitigations
[    1.396420] Freeing SMP alternatives memory: 40K
[    1.501222] smpboot: CPU0: Intel Common KVM processor (family: 0xf, model: 0x6, stepping: 0x1)
[    1.503605] calling  init_hw_perf_events+0x0/0x6ce @ 1
[    1.504240] Performance Events: unsupported Netburst CPU model 6 no PMU driver, software events only.
[    1.505235] initcall init_hw_perf_events+0x0/0x6ce returned 0 after 976 usecs
[    1.506234] calling  init_real_mode+0x0/0x1e9 @ 1
[    1.508468] initcall init_real_mode+0x0/0x1e9 returned 0 after 976 usecs
[    1.509234] calling  trace_init_perf_perm_irq_work_exit+0x0/0x12 @ 1
[    1.510254] initcall trace_init_perf_perm_irq_work_exit+0x0/0x12 returned 0 after 0 usecs
[    1.511258] calling  validate_x2apic+0x0/0x4a @ 1
[    1.512261] initcall validate_x2apic+0x0/0x4a returned 0 after 0 usecs
[    1.513237] calling  register_nmi_cpu_backtrace_handler+0x0/0x15 @ 1
[    1.514270] initcall register_nmi_cpu_backtrace_handler+0x0/0x15 returned 0 after 0 usecs
[    1.515232] calling  kvm_setup_vsyscall_timeinfo+0x0/0xd1 @ 1
[    1.516234] initcall kvm_setup_vsyscall_timeinfo+0x0/0xd1 returned 0 after 0 usecs
[    1.517251] calling  spawn_ksoftirqd+0x0/0x38 @ 1
[    1.519316] initcall spawn_ksoftirqd+0x0/0x38 returned 0 after 976 usecs
[    1.520237] calling  migration_init+0x0/0x33 @ 1
[    1.521235] initcall migration_init+0x0/0x33 returned 0 after 0 usecs
[    1.522235] calling  srcu_bootup_announce+0x0/0x2f @ 1
[    1.523230] rcu: Hierarchical SRCU implementation.
[    1.524270] initcall srcu_bootup_announce+0x0/0x2f returned 0 after 976 usecs
[    1.525252] calling  rcu_spawn_gp_kthread+0x0/0x1b0 @ 1
[    1.526417] initcall rcu_spawn_gp_kthread+0x0/0x1b0 returned 0 after 0 usecs
[    1.527307] calling  check_cpu_stall_init+0x0/0x1a @ 1
[    1.528235] initcall check_cpu_stall_init+0x0/0x1a returned 0 after 0 usecs
[    1.529232] calling  rcu_sysrq_init+0x0/0x21 @ 1
[    1.530232] initcall rcu_sysrq_init+0x0/0x21 returned 0 after 0 usecs
[    1.531232] calling  trace_init_flags_sys_enter+0x0/0xe @ 1
[    1.532232] initcall trace_init_flags_sys_enter+0x0/0xe returned 0 after 0 usecs
[    1.533232] calling  trace_init_flags_sys_exit+0x0/0xe @ 1
[    1.534232] initcall trace_init_flags_sys_exit+0x0/0xe returned 0 after 0 usecs
[    1.535234] calling  cpu_stop_init+0x0/0x8d @ 1
[    1.536466] initcall cpu_stop_init+0x0/0x8d returned 0 after 0 usecs
[    1.537381] calling  init_kprobes+0x0/0x16e @ 1
[    1.539576] initcall init_kprobes+0x0/0x16e returned 0 after 976 usecs
[    1.540257] calling  init_events+0x0/0x3d @ 1
[    1.541789] initcall init_events+0x0/0x3d returned 0 after 0 usecs
[    1.543233] calling  init_trace_printk+0x0/0xc @ 1
[    1.544232] initcall init_trace_printk+0x0/0xc returned 0 after 0 usecs
[    1.545231] calling  event_trace_enable_again+0x0/0x23 @ 1
[    1.546232] initcall event_trace_enable_again+0x0/0x23 returned 0 after 0 usecs
[    1.547231] calling  static_call_init+0x0/0x79 @ 1
[    1.548231] initcall static_call_init+0x0/0x79 returned 0 after 0 usecs
[    1.549231] calling  jump_label_init_module+0x0/0xc @ 1
[    1.550233] initcall jump_label_init_module+0x0/0xc returned 0 after 0 usecs
[    1.551231] calling  init_zero_pfn+0x0/0x37 @ 1
[    1.553231] initcall init_zero_pfn+0x0/0x37 returned 0 after 0 usecs
[    1.554232] calling  initialize_ptr_random+0x0/0x54 @ 1
[    1.555296] initcall initialize_ptr_random+0x0/0x54 returned 0 after 0 usecs
[    1.556420] calling  efi_memreserve_root_init+0x0/0x25 @ 1
[    1.557255] initcall efi_memreserve_root_init+0x0/0x25 returned 0 after 0 usecs
[    1.558233] calling  efi_earlycon_remap_fb+0x0/0x51 @ 1
[    1.559233] initcall efi_earlycon_remap_fb+0x0/0x51 returned 0 after 0 usecs
[    1.561376] smp: Bringing up secondary CPUs ...
[    1.564578] x86: Booting SMP configuration:
[    1.565231] .... node  #0, CPUs:      #1
[    1.184826] kvm-clock: cpu 1, msr 16923041, secondary cpu clock
[    1.592592] kvm-guest: stealtime: cpu 1, msr 1f49bb40
[    1.608559]  #2
[    1.184826] kvm-clock: cpu 2, msr 16923081, secondary cpu clock
[    1.631506] kvm-guest: stealtime: cpu 2, msr 1f51bb40
[    1.647055]  #3
[    1.184826] kvm-clock: cpu 3, msr 169230c1, secondary cpu clock
[    1.671423] kvm-guest: stealtime: cpu 3, msr 1f59bb40
[    1.685755] smp: Brought up 1 node, 4 CPUs
[    1.686243] smpboot: Max logical packages: 1
[    1.687229] smpboot: Total of 4 processors activated (15999.99 BogoMIPS)
[    1.705232] devtmpfs: initialized
[    1.710548] calling  ipc_ns_init+0x0/0x3d @ 1
[    1.711454] initcall ipc_ns_init+0x0/0x3d returned 0 after 0 usecs
[    1.712255] calling  init_mmap_min_addr+0x0/0x21 @ 1
[    1.713234] initcall init_mmap_min_addr+0x0/0x21 returned 0 after 0 usecs
[    1.715231] calling  pci_realloc_setup_params+0x0/0x3f @ 1
[    1.716232] initcall pci_realloc_setup_params+0x0/0x3f returned 0 after 0 usecs
[    1.717231] calling  net_ns_init+0x0/0x12a @ 1
[    1.720488] initcall net_ns_init+0x0/0x12a returned 0 after 1953 usecs
[    1.721260] calling  e820__register_nvs_regions+0x0/0x37 @ 1
[    1.722235] initcall e820__register_nvs_regions+0x0/0x37 returned 0 after 0 usecs
[    1.723233] calling  cpufreq_register_tsc_scaling+0x0/0x2e @ 1
[    1.724261] initcall cpufreq_register_tsc_scaling+0x0/0x2e returned 0 after 0 usecs
[    1.725232] calling  reboot_init+0x0/0x3c @ 1
[    1.727281] initcall reboot_init+0x0/0x3c returned 0 after 976 usecs
[    1.728233] calling  init_lapic_sysfs+0x0/0x20 @ 1
[    1.729268] initcall init_lapic_sysfs+0x0/0x20 returned 0 after 0 usecs
[    1.730236] calling  alloc_frozen_cpus+0x0/0x7 @ 1
[    1.731238] initcall alloc_frozen_cpus+0x0/0x7 returned 0 after 0 usecs
[    1.732235] calling  cpu_hotplug_pm_sync_init+0x0/0x13 @ 1
[    1.733266] initcall cpu_hotplug_pm_sync_init+0x0/0x13 returned 0 after 0 usecs
[    1.734234] calling  wq_sysfs_init+0x0/0x2a @ 1
[    1.735378] initcall wq_sysfs_init+0x0/0x2a returned 0 after 0 usecs
[    1.736239] calling  ksysfs_init+0x0/0x92 @ 1
[    1.737286] initcall ksysfs_init+0x0/0x92 returned 0 after 0 usecs
[    1.738233] calling  schedutil_gov_init+0x0/0xc @ 1
[    1.739392] initcall schedutil_gov_init+0x0/0xc returned 0 after 0 usecs
[    1.740231] calling  pm_init+0x0/0x76 @ 1
[    1.741331] initcall pm_init+0x0/0x76 returned 0 after 0 usecs
[    1.742231] calling  pm_disk_init+0x0/0x13 @ 1
[    1.744237] initcall pm_disk_init+0x0/0x13 returned 0 after 976 usecs
[    1.745230] calling  swsusp_header_init+0x0/0x2b @ 1
[    1.746233] initcall swsusp_header_init+0x0/0x2b returned 0 after 0 usecs
[    1.747230] calling  rcu_set_runtime_mode+0x0/0x2a @ 1
[    1.750273] initcall rcu_set_runtime_mode+0x0/0x2a returned 0 after 1953 usecs
[    1.752230] calling  init_jiffies_clocksource+0x0/0x13 @ 1
[    1.753231] clocksource: jiffies: mask: 0xffffffff max_cycles: 0xffffffff, max_idle_ns: 1911260446275000 ns
[    1.754235] initcall init_jiffies_clocksource+0x0/0x13 returned 0 after 976 usecs
[    1.755234] calling  futex_init+0x0/0x11b @ 1
[    1.756257] futex hash table entries: 1024 (order: 5, 131072 bytes, linear)
[    1.758639] initcall futex_init+0x0/0x11b returned 0 after 1953 usecs
[    1.759239] calling  cgroup_wq_init+0x0/0x28 @ 1
[    1.760270] initcall cgroup_wq_init+0x0/0x28 returned 0 after 0 usecs
[    1.761232] calling  cgroup1_wq_init+0x0/0x28 @ 1
[    1.762262] initcall cgroup1_wq_init+0x0/0x28 returned 0 after 0 usecs
[    1.763234] calling  init_kprobe_trace_early+0x0/0x2a @ 1
[    1.764376] initcall init_kprobe_trace_early+0x0/0x2a returned 0 after 0 usecs
[    1.765235] calling  fsnotify_init+0x0/0x56 @ 1
[    1.766276] initcall fsnotify_init+0x0/0x56 returned 0 after 0 usecs
[    1.767237] calling  filelock_init+0x0/0xb3 @ 1
[    1.768298] initcall filelock_init+0x0/0xb3 returned 0 after 0 usecs
[    1.769233] calling  init_misc_binfmt+0x0/0x2c @ 1
[    1.770296] initcall init_misc_binfmt+0x0/0x2c returned 0 after 0 usecs
[    1.771231] calling  init_script_binfmt+0x0/0x15 @ 1
[    1.772232] initcall init_script_binfmt+0x0/0x15 returned 0 after 0 usecs
[    1.773231] calling  init_elf_binfmt+0x0/0x15 @ 1
[    1.774231] initcall init_elf_binfmt+0x0/0x15 returned 0 after 0 usecs
[    1.775233] calling  init_compat_elf_binfmt+0x0/0x15 @ 1
[    1.776233] initcall init_compat_elf_binfmt+0x0/0x15 returned 0 after 0 usecs
[    1.777231] calling  debugfs_init+0x0/0x5c @ 1
[    1.778265] initcall debugfs_init+0x0/0x5c returned 0 after 0 usecs
[    1.780229] calling  tracefs_init+0x0/0x3a @ 1
[    1.781241] initcall tracefs_init+0x0/0x3a returned 0 after 0 usecs
[    1.782231] calling  prandom_init_early+0x0/0x15d @ 1
[    1.783238] initcall prandom_init_early+0x0/0x15d returned 0 after 0 usecs
[    1.784293] calling  virtio_init+0x0/0x20 @ 1
[    1.785407] initcall virtio_init+0x0/0x20 returned 0 after 0 usecs
[    1.786236] calling  iommu_init+0x0/0x2a @ 1
[    1.787282] initcall iommu_init+0x0/0x2a returned 0 after 0 usecs
[    1.788234] calling  component_debug_init+0x0/0x1c @ 1
[    1.789624] initcall component_debug_init+0x0/0x1c returned 0 after 0 usecs
[    1.790234] calling  early_resume_init+0x0/0xb9 @ 1
[    1.792229] PM: RTC time: 08:31:08, date: 2022-12-13
[    1.793235] initcall early_resume_init+0x0/0xb9 returned 0 after 1953 usecs
[    1.794235] calling  cpufreq_core_init+0x0/0x62 @ 1
[    1.795247] initcall cpufreq_core_init+0x0/0x62 returned 0 after 0 usecs
[    1.797232] calling  cpufreq_gov_performance_init+0x0/0xc @ 1
[    1.798309] initcall cpufreq_gov_performance_init+0x0/0xc returned 0 after 0 usecs
[    1.800232] calling  cpufreq_gov_userspace_init+0x0/0xc @ 1
[    1.801235] initcall cpufreq_gov_userspace_init+0x0/0xc returned 0 after 0 usecs
[    1.802234] calling  CPU_FREQ_GOV_ONDEMAND_init+0x0/0xc @ 1
[    1.804286] initcall CPU_FREQ_GOV_ONDEMAND_init+0x0/0xc returned 0 after 0 usecs
[    1.805233] calling  cpuidle_init+0x0/0x1f @ 1
[    1.807246] initcall cpuidle_init+0x0/0x1f returned 0 after 976 usecs
[    1.808234] calling  capsule_reboot_register+0x0/0xc @ 1
[    1.809277] initcall capsule_reboot_register+0x0/0xc returned 0 after 0 usecs
[    1.810233] calling  sock_init+0x0/0x93 @ 1
[    1.813995] initcall sock_init+0x0/0x93 returned 0 after 976 usecs
[    1.814236] calling  net_inuse_init+0x0/0x23 @ 1
[    1.815364] initcall net_inuse_init+0x0/0x23 returned 0 after 0 usecs
[    1.816236] calling  net_defaults_init+0x0/0x23 @ 1
[    1.817236] initcall net_defaults_init+0x0/0x23 returned 0 after 0 usecs
[    1.818232] calling  init_default_flow_dissectors+0x0/0x4f @ 1
[    1.819260] initcall init_default_flow_dissectors+0x0/0x4f returned 0 after 0 usecs
[    1.820233] calling  netpoll_init+0x0/0x44 @ 1
[    1.821234] initcall netpoll_init+0x0/0x44 returned 0 after 0 usecs
[    1.822259] calling  netlink_proto_init+0x0/0x154 @ 1
[    1.825458] NET: Registered protocol family 16
[    1.827562] initcall netlink_proto_init+0x0/0x154 returned 0 after 3906 usecs
[    1.828232] calling  genl_init+0x0/0x35 @ 1
[    1.829394] initcall genl_init+0x0/0x35 returned 0 after 0 usecs
[    1.830257] calling  bsp_pm_check_init+0x0/0x13 @ 1
[    1.831238] initcall bsp_pm_check_init+0x0/0x13 returned 0 after 0 usecs
[    1.832254] calling  irq_sysfs_init+0x0/0xb9 @ 1
[    1.834263] initcall irq_sysfs_init+0x0/0xb9 returned 0 after 976 usecs
[    1.835233] calling  audit_init+0x0/0x127 @ 1
[    1.836238] audit: initializing netlink subsys (disabled)
[    1.838566] initcall audit_init+0x0/0x127 returned 0 after 1953 usecs
[    1.838395] audit: type=2000 audit(1670920266.970:1): state=initialized audit_enabled=0 res=1
[    1.839234] calling  release_early_probes+0x0/0x32 @ 1
[    1.841235] initcall release_early_probes+0x0/0x32 returned 0 after 0 usecs
[    1.842234] calling  bdi_class_init+0x0/0x48 @ 1
[    1.843293] initcall bdi_class_init+0x0/0x48 returned 0 after 0 usecs
[    1.844232] calling  mm_sysfs_init+0x0/0x28 @ 1
[    1.845248] initcall mm_sysfs_init+0x0/0x28 returned 0 after 0 usecs
[    1.846236] calling  init_per_zone_wmark_min+0x0/0x6d @ 1
[    1.847262] initcall init_per_zone_wmark_min+0x0/0x6d returned 0 after 0 usecs
[    1.848238] calling  mpi_init+0x0/0x3e @ 1
[    1.849303] initcall mpi_init+0x0/0x3e returned 0 after 0 usecs
[    1.850236] calling  kobject_uevent_init+0x0/0xc @ 1
[    1.851292] initcall kobject_uevent_init+0x0/0xc returned 0 after 0 usecs
[    1.852233] calling  pcibus_class_init+0x0/0x13 @ 1
[    1.853291] initcall pcibus_class_init+0x0/0x13 returned 0 after 0 usecs
[    1.854233] calling  pci_driver_init+0x0/0x21 @ 1
[    1.855312] initcall pci_driver_init+0x0/0x21 returned 0 after 0 usecs
[    1.856232] calling  backlight_class_init+0x0/0xa8 @ 1
[    1.857266] initcall backlight_class_init+0x0/0xa8 returned 0 after 0 usecs
[    1.858234] calling  tty_class_init+0x0/0x33 @ 1
[    1.859247] initcall tty_class_init+0x0/0x33 returned 0 after 0 usecs
[    1.860232] calling  vtconsole_class_init+0x0/0xb5 @ 1
[    1.862358] initcall vtconsole_class_init+0x0/0xb5 returned 0 after 976 usecs
[    1.863233] calling  iommu_dev_init+0x0/0x13 @ 1
[    1.865293] initcall iommu_dev_init+0x0/0x13 returned 0 after 0 usecs
[    1.866234] calling  mipi_dsi_bus_init+0x0/0xc @ 1
[    1.867287] initcall mipi_dsi_bus_init+0x0/0xc returned 0 after 0 usecs
[    1.868237] calling  devlink_class_init+0x0/0x40 @ 1
[    1.869451] initcall devlink_class_init+0x0/0x40 returned 0 after 0 usecs
[    1.870235] calling  software_node_init+0x0/0x2a @ 1
[    1.871245] initcall software_node_init+0x0/0x2a returned 0 after 0 usecs
[    1.872234] calling  wakeup_sources_debugfs_init+0x0/0x23 @ 1
[    1.873254] initcall wakeup_sources_debugfs_init+0x0/0x23 returned 0 after 0 usecs
[    1.874233] calling  wakeup_sources_sysfs_init+0x0/0x2c @ 1
[    1.875255] initcall wakeup_sources_sysfs_init+0x0/0x2c returned 0 after 0 usecs
[    1.876246] calling  register_node_type+0x0/0x13 @ 1
[    1.877377] initcall register_node_type+0x0/0x13 returned 0 after 0 usecs
[    1.878231] calling  regmap_initcall+0x0/0xc @ 1
[    1.879344] initcall regmap_initcall+0x0/0xc returned 0 after 0 usecs
[    1.880232] calling  i2c_init+0x0/0xb3 @ 1
[    1.881471] initcall i2c_init+0x0/0xb3 returned 0 after 0 usecs
[    1.882232] calling  thermal_init+0x0/0x116 @ 1
[    1.883334] thermal_sys: Registered thermal governor 'step_wise'
[    1.883337] thermal_sys: Registered thermal governor 'user_space'
[    1.884250] initcall thermal_init+0x0/0x116 returned 0 after 976 usecs
[    1.886234] calling  init_menu+0x0/0xc @ 1
[    1.887392] cpuidle: using governor menu
[    1.888236] initcall init_menu+0x0/0xc returned 0 after 976 usecs
[    1.889235] calling  pcc_init+0x0/0x4d @ 1
[    1.890260] initcall pcc_init+0x0/0x4d returned -19 after 0 usecs
[    1.891234] calling  amd_postcore_init+0x0/0x11e @ 1
[    1.892234] initcall amd_postcore_init+0x0/0x11e returned 0 after 0 usecs
[    1.894242] calling  bts_init+0x0/0xba @ 1
[    1.895236] initcall bts_init+0x0/0xba returned -19 after 0 usecs
[    1.896236] calling  pt_init+0x0/0x34d @ 1
[    1.897238] initcall pt_init+0x0/0x34d returned -19 after 0 usecs
[    1.898235] calling  boot_params_ksysfs_init+0x0/0x2ee @ 1
[    1.899306] initcall boot_params_ksysfs_init+0x0/0x2ee returned 0 after 0 usecs
[    1.900231] calling  sbf_init+0x0/0xea @ 1
[    1.901232] initcall sbf_init+0x0/0xea returned 0 after 0 usecs
[    1.902232] calling  arch_kdebugfs_init+0x0/0x219 @ 1
[    1.903287] initcall arch_kdebugfs_init+0x0/0x219 returned 0 after 0 usecs
[    1.904233] calling  intel_pconfig_init+0x0/0x85 @ 1
[    1.905232] initcall intel_pconfig_init+0x0/0x85 returned 0 after 0 usecs
[    1.906230] calling  mtrr_if_init+0x0/0x5d @ 1
[    1.907237] initcall mtrr_if_init+0x0/0x5d returned 0 after 0 usecs
[    1.908230] calling  activate_jump_labels+0x0/0x31 @ 1
[    1.909231] initcall activate_jump_labels+0x0/0x31 returned 0 after 0 usecs
[    1.910231] calling  ffh_cstate_init+0x0/0x29 @ 1
[    1.911236] initcall ffh_cstate_init+0x0/0x29 returned 0 after 0 usecs
[    1.912231] calling  activate_jump_labels+0x0/0x31 @ 1
[    1.914514] initcall activate_jump_labels+0x0/0x31 returned 0 after 976 usecs
[    1.915231] calling  kvm_alloc_cpumask+0x0/0x74 @ 1
[    1.916284] initcall kvm_alloc_cpumask+0x0/0x74 returned 0 after 0 usecs
[    1.917231] calling  kcmp_cookies_init+0x0/0x37 @ 1
[    1.918236] initcall kcmp_cookies_init+0x0/0x37 returned 0 after 0 usecs
[    1.919231] calling  cryptomgr_init+0x0/0xc @ 1
[    1.920379] initcall cryptomgr_init+0x0/0xc returned 0 after 0 usecs
[    1.921233] calling  acpi_pci_init+0x0/0x57 @ 1
[    1.922361] ACPI: bus type PCI registered
[    1.923234] initcall acpi_pci_init+0x0/0x57 returned 0 after 976 usecs
[    1.924262] calling  dma_channel_table_init+0x0/0xd1 @ 1
[    1.925250] initcall dma_channel_table_init+0x0/0xd1 returned 0 after 0 usecs
[    1.926233] calling  dma_bus_init+0x0/0xdc @ 1
[    1.927321] initcall dma_bus_init+0x0/0xdc returned 0 after 0 usecs
[    1.928324] calling  iommu_dma_init+0x0/0x10 @ 1
[    1.929355] initcall iommu_dma_init+0x0/0x10 returned 0 after 0 usecs
[    1.930233] calling  dmi_id_init+0x0/0x37c @ 1
[    1.932420] initcall dmi_id_init+0x0/0x37c returned 0 after 976 usecs
[    1.933232] calling  pci_arch_init+0x0/0x71 @ 1
[    1.935604] PCI: MMCONFIG for domain 0000 [bus 00-ff] at [mem 0xb0000000-0xbfffffff] (base 0xb0000000)
[    1.936234] PCI: MMCONFIG at [mem 0xb0000000-0xbfffffff] reserved in E820
[    1.937430] PCI: Using configuration type 1 for base access
[    1.938370] initcall pci_arch_init+0x0/0x71 returned 0 after 3906 usecs
[    1.939287] calling  init_vdso+0x0/0x13 @ 1
[    1.940287] initcall init_vdso+0x0/0x13 returned 0 after 0 usecs
[    1.941234] calling  sysenter_setup+0x0/0x13 @ 1
[    1.942364] initcall sysenter_setup+0x0/0x13 returned 0 after 0 usecs
[    1.943231] calling  fixup_ht_bug+0x0/0xe5 @ 1
[    1.944321] initcall fixup_ht_bug+0x0/0xe5 returned 0 after 0 usecs
[    1.945232] calling  topology_init+0x0/0x88 @ 1
[    1.948539] initcall topology_init+0x0/0x88 returned 0 after 1953 usecs
[    1.949231] calling  intel_epb_init+0x0/0x68 @ 1
[    1.950231] initcall intel_epb_init+0x0/0x68 returned -19 after 0 usecs
[    1.951233] calling  mtrr_init_finialize+0x0/0x3e @ 1
[    1.952234] initcall mtrr_init_finialize+0x0/0x3e returned 0 after 0 usecs
[    1.953261] calling  uid_cache_init+0x0/0x85 @ 1
[    1.955260] initcall uid_cache_init+0x0/0x85 returned 0 after 0 usecs
[    1.956231] calling  param_sysfs_init+0x0/0x1ba @ 1
[    1.992742] initcall param_sysfs_init+0x0/0x1ba returned 0 after 33203 usecs
[    1.994235] calling  user_namespace_sysctl_init+0x0/0x33 @ 1
[    1.995263] initcall user_namespace_sysctl_init+0x0/0x33 returned 0 after 0 usecs
[    1.996238] calling  proc_schedstat_init+0x0/0x24 @ 1
[    1.997245] initcall proc_schedstat_init+0x0/0x24 returned 0 after 0 usecs
[    1.998234] calling  pm_sysrq_init+0x0/0x18 @ 1
[    2.000303] initcall pm_sysrq_init+0x0/0x18 returned 0 after 976 usecs
[    2.001457] calling  create_proc_profile+0x0/0xd0 @ 1
[    2.002246] initcall create_proc_profile+0x0/0xd0 returned 0 after 0 usecs
[    2.003233] calling  time_ns_init+0x0/0x7 @ 1
[    2.004233] initcall time_ns_init+0x0/0x7 returned 0 after 0 usecs
[    2.005232] calling  crash_save_vmcoreinfo_init+0x0/0x722 @ 1
[    2.006440] initcall crash_save_vmcoreinfo_init+0x0/0x722 returned 0 after 0 usecs
[    2.007233] calling  crash_notes_memory_init+0x0/0x35 @ 1
[    2.008239] initcall crash_notes_memory_init+0x0/0x35 returned 0 after 0 usecs
[    2.009234] calling  cgroup_sysfs_init+0x0/0x13 @ 1
[    2.011262] initcall cgroup_sysfs_init+0x0/0x13 returned 0 after 0 usecs
[    2.012235] calling  cgroup_namespaces_init+0x0/0x7 @ 1
[    2.013234] initcall cgroup_namespaces_init+0x0/0x7 returned 0 after 0 usecs
[    2.014253] calling  init_optprobes+0x0/0x13 @ 1
[    2.016248] Kprobes globally optimized
[    2.017236] initcall init_optprobes+0x0/0x13 returned 0 after 1953 usecs
[    2.018235] calling  oom_init+0x0/0x2f @ 1
[    2.020455] initcall oom_init+0x0/0x2f returned 0 after 976 usecs
[    2.021423] calling  default_bdi_init+0x0/0xb3 @ 1
[    2.025392] initcall default_bdi_init+0x0/0xb3 returned 0 after 2929 usecs
[    2.027233] calling  percpu_enable_async+0x0/0xe @ 1
[    2.028254] initcall percpu_enable_async+0x0/0xe returned 0 after 0 usecs
[    2.029231] calling  kcompactd_init+0x0/0x8d @ 1
[    2.031589] initcall kcompactd_init+0x0/0x8d returned 0 after 976 usecs
[    2.032269] calling  init_user_reserve+0x0/0x40 @ 1
[    2.033231] initcall init_user_reserve+0x0/0x40 returned 0 after 0 usecs
[    2.034231] calling  init_admin_reserve+0x0/0x40 @ 1
[    2.035231] initcall init_admin_reserve+0x0/0x40 returned 0 after 0 usecs
[    2.036230] calling  init_reserve_notifier+0x0/0x7 @ 1
[    2.037231] initcall init_reserve_notifier+0x0/0x7 returned 0 after 0 usecs
[    2.038232] calling  swap_init_sysfs+0x0/0x62 @ 1
[    2.039400] initcall swap_init_sysfs+0x0/0x62 returned 0 after 0 usecs
[    2.041231] calling  swapfile_init+0x0/0x94 @ 1
[    2.042398] initcall swapfile_init+0x0/0x94 returned 0 after 0 usecs
[    2.043233] calling  hugetlb_init+0x0/0x4a1 @ 1
[    2.045228] HugeTLB registered 2.00 MiB page size, pre-allocated 0 pages
[    2.047233] initcall hugetlb_init+0x0/0x4a1 returned 0 after 2929 usecs
[    2.048232] calling  io_wq_init+0x0/0x34 @ 1
[    2.049237] initcall io_wq_init+0x0/0x34 returned 0 after 0 usecs
[    2.050233] calling  seqiv_module_init+0x0/0xc @ 1
[    2.052233] initcall seqiv_module_init+0x0/0xc returned 0 after 976 usecs
[    2.053232] calling  echainiv_module_init+0x0/0xc @ 1
[    2.054234] initcall echainiv_module_init+0x0/0xc returned 0 after 0 usecs
[    2.055320] calling  rsa_init+0x0/0x50 @ 1
[    2.061974] initcall rsa_init+0x0/0x50 returned 0 after 4882 usecs
[    2.061681] cryptomgr_test (39) used greatest stack depth: 14848 bytes left
[    2.062234] calling  crypto_cmac_module_init+0x0/0xc @ 1
[    2.062240] initcall crypto_cmac_module_init+0x0/0xc returned 0 after 0 usecs
[    2.062243] calling  hmac_module_init+0x0/0xc @ 1
[    2.062246] initcall hmac_module_init+0x0/0xc returned 0 after 0 usecs
[    2.062249] calling  crypto_null_mod_init+0x0/0x65 @ 1
[    2.119245] initcall crypto_null_mod_init+0x0/0x65 returned 0 after 55664 usecs
[    2.129245] calling  md5_mod_init+0x0/0xc @ 1
[    2.144255] initcall md5_mod_init+0x0/0xc returned 0 after 7812 usecs
[    2.152239] calling  sha256_generic_mod_init+0x0/0x11 @ 1
[    2.162452] initcall sha256_generic_mod_init+0x0/0x11 returned 0 after 2929 usecs
[    2.171399] calling  crypto_cbc_module_init+0x0/0xc @ 1
[    2.178237] initcall crypto_cbc_module_init+0x0/0xc returned 0 after 0 usecs
[    2.187233] calling  crypto_ctr_module_init+0x0/0x11 @ 1
[    2.193255] initcall crypto_ctr_module_init+0x0/0x11 returned 0 after 0 usecs
[    2.202235] calling  crypto_gcm_module_init+0x0/0x64 @ 1
[    2.209342] initcall crypto_gcm_module_init+0x0/0x64 returned 0 after 0 usecs
[    2.218232] calling  crypto_ccm_module_init+0x0/0x11 @ 1
[    2.225241] initcall crypto_ccm_module_init+0x0/0x11 returned 0 after 0 usecs
[    2.233235] calling  aes_init+0x0/0xc @ 1
[    2.240388] initcall aes_init+0x0/0xc returned 0 after 1953 usecs
[    2.248397] calling  crc32c_mod_init+0x0/0xc @ 1
[    2.255385] initcall crc32c_mod_init+0x0/0xc returned 0 after 976 usecs
[    2.263237] calling  crypto_authenc_module_init+0x0/0xc @ 1
[    2.270238] initcall crypto_authenc_module_init+0x0/0xc returned 0 after 0 usecs
[    2.279235] calling  crypto_authenc_esn_module_init+0x0/0xc @ 1
[    2.287241] initcall crypto_authenc_esn_module_init+0x0/0xc returned 0 after 0 usecs
[    2.296251] calling  drbg_init+0x0/0x7c @ 1
[    2.312238] initcall drbg_init+0x0/0x7c returned 0 after 10742 usecs
[    2.319235] calling  ghash_mod_init+0x0/0xc @ 1
[    2.326805] initcall ghash_mod_init+0x0/0xc returned 0 after 976 usecs
[    2.334237] calling  init_bio+0x0/0x9a @ 1
[    2.340310] initcall init_bio+0x0/0x9a returned 0 after 976 usecs
[    2.347232] calling  blk_settings_init+0x0/0x29 @ 1
[    2.353232] initcall blk_settings_init+0x0/0x29 returned 0 after 0 usecs
[    2.361248] calling  blk_ioc_init+0x0/0x29 @ 1
[    2.366256] initcall blk_ioc_init+0x0/0x29 returned 0 after 0 usecs
[    2.374231] calling  blk_mq_init+0x0/0xb9 @ 1
[    2.379236] initcall blk_mq_init+0x0/0xb9 returned 0 after 0 usecs
[    2.387233] calling  genhd_device_init+0x0/0x75 @ 1
[    2.401245] initcall genhd_device_init+0x0/0x75 returned 0 after 7812 usecs
[    2.410300] calling  pci_slot_init+0x0/0x40 @ 1
[    2.415244] initcall pci_slot_init+0x0/0x40 returned 0 after 0 usecs
[    2.424234] calling  fbmem_init+0x0/0xd8 @ 1
[    2.430779] initcall fbmem_init+0x0/0xd8 returned 0 after 0 usecs
[    2.438235] calling  acpi_init+0x0/0x319 @ 1
[    2.441371] ACPI: Added _OSI(Module Device)
[    2.446231] ACPI: Added _OSI(Processor Device)
[    2.451231] ACPI: Added _OSI(3.0 _SCP Extensions)
[    2.455232] ACPI: Added _OSI(Processor Aggregator Device)
[    2.460234] ACPI: Added _OSI(Linux-Dell-Video)
[    2.465232] ACPI: Added _OSI(Linux-Lenovo-NV-HDMI-Audio)
[    2.472235] ACPI: Added _OSI(Linux-HPI-Hybrid-Graphics)
[    2.502222] ACPI: 1 ACPI AML tables successfully acquired and loaded
[    2.574444] ACPI: Interpreter enabled
[    2.581519] ACPI: (supports S0 S3 S4 S5)
[    2.586824] ACPI: Using IOAPIC for interrupt routing
[    2.595319] PCI: Using host bridge windows from ACPI; if necessary, use "pci=nocrs" and report a bug
[    2.608924] ACPI: Enabled 2 GPEs in block 00 to 3F
[    2.630681] ACPI: PCI Root Bridge [PCI0] (domain 0000 [bus 00-ff])
[    2.638382] acpi PNP0A08:00: _OSC: OS supports [ExtendedConfig ASPM ClockPM Segments MSI HPX-Type3]
[    2.649689] acpi PNP0A08:00: _OSC: platform does not support [LTR]
[    2.657468] acpi PNP0A08:00: _OSC: OS now controls [PME PCIeCapability]
[    2.665948] PCI host bridge to bus 0000:00
[    2.670248] pci_bus 0000:00: root bus resource [io  0x0000-0x0cf7 window]
[    2.678232] pci_bus 0000:00: root bus resource [io  0x0d00-0xffff window]
[    2.686231] pci_bus 0000:00: root bus resource [mem 0x000a0000-0x000bffff window]
[    2.695231] pci_bus 0000:00: root bus resource [mem 0x20000000-0xafffffff window]
[    2.702235] pci_bus 0000:00: root bus resource [mem 0xc0000000-0xfebfffff window]
[    2.711234] pci_bus 0000:00: root bus resource [mem 0x100000000-0x8ffffffff window]
[    2.720253] pci_bus 0000:00: root bus resource [bus 00-ff]
[    2.728824] pci 0000:00:00.0: calling  quirk_mmio_always_on+0x0/0x10 @ 1
[    2.738237] pci 0000:00:00.0: quirk_mmio_always_on+0x0/0x10 took 0 usecs
[    2.746235] pci 0000:00:00.0: [8086:29c0] type 00 class 0x060000
[    2.758628] pci 0000:00:00.0: calling  quirk_igfx_skip_te_disable+0x0/0x80 @ 1
[    2.766249] pci 0000:00:00.0: quirk_igfx_skip_te_disable+0x0/0x80 took 0 usecs
[    2.781033] pci 0000:00:01.0: [1234:1111] type 00 class 0x030000
[    2.797230] pci 0000:00:01.0: reg 0x10: [mem 0xfd000000-0xfdffffff pref]
[    2.826243] pci 0000:00:01.0: reg 0x18: [mem 0xfebf0000-0xfebf0fff]
[    2.865222] pci 0000:00:01.0: reg 0x30: [mem 0xfebe0000-0xfebeffff pref]
[    2.891222] pci 0000:00:01.0: calling  efifb_fixup_resources+0x0/0xf0 @ 1
[    2.901506] pci 0000:00:01.0: efifb_fixup_resources+0x0/0xf0 took 0 usecs
[    2.936424] pci 0000:00:1f.0: [8086:2918] type 00 class 0x060100
[    2.950069] pci 0000:00:1f.0: calling  quirk_ich7_lpc+0x0/0x60 @ 1
[    2.957800] pci 0000:00:1f.0: quirk: [io  0x0600-0x067f] claimed by ICH6 ACPI/GPIO/TCO
[    2.968228] pci 0000:00:1f.0: quirk_ich7_lpc+0x0/0x60 took 10742 usecs
[    2.975902] pci 0000:00:1f.0: calling  quirk_igfx_skip_te_disable+0x0/0x80 @ 1
[    2.986296] pci 0000:00:1f.0: quirk_igfx_skip_te_disable+0x0/0x80 took 0 usecs
[    2.998229] pci 0000:00:1f.2: [8086:2922] type 00 class 0x010601
[    3.014229] pci 0000:00:1f.2: reg 0x20: [io  0xc040-0xc05f]
[    3.024776] pci 0000:00:1f.2: reg 0x24: [mem 0xfebf1000-0xfebf1fff]
[    3.034340] pci 0000:00:1f.2: calling  quirk_igfx_skip_te_disable+0x0/0x80 @ 1
[    3.043241] pci 0000:00:1f.2: quirk_igfx_skip_te_disable+0x0/0x80 took 0 usecs
[    3.059443] pci 0000:00:1f.3: [8086:2930] type 00 class 0x0c0500
[    3.073233] pci 0000:00:1f.3: reg 0x20: [io  0x0700-0x073f]
[    3.084466] pci 0000:00:1f.3: calling  quirk_igfx_skip_te_disable+0x0/0x80 @ 1
[    3.095240] pci 0000:00:1f.3: quirk_igfx_skip_te_disable+0x0/0x80 took 0 usecs
[    3.114935] ACPI: PCI Interrupt Link [LNKA] (IRQs 5 *10 11)
[    3.121459] ACPI: PCI Interrupt Link [LNKB] (IRQs 5 *10 11)
[    3.130408] ACPI: PCI Interrupt Link [LNKC] (IRQs 5 10 *11)
[    3.135268] ACPI: PCI Interrupt Link [LNKD] (IRQs 5 10 *11)
[    3.144248] ACPI: PCI Interrupt Link [LNKE] (IRQs 5 *10 11)
[    3.149787] ACPI: PCI Interrupt Link [LNKF] (IRQs 5 *10 11)
[    3.158754] ACPI: PCI Interrupt Link [LNKG] (IRQs 5 10 *11)
[    3.164250] ACPI: PCI Interrupt Link [LNKH] (IRQs 5 10 *11)
[    3.173260] ACPI: PCI Interrupt Link [GSIA] (IRQs *16)
[    3.180334] ACPI: PCI Interrupt Link [GSIB] (IRQs *17)
[    3.187767] ACPI: PCI Interrupt Link [GSIC] (IRQs *18)
[    3.193273] ACPI: PCI Interrupt Link [GSID] (IRQs *19)
[    3.201284] ACPI: PCI Interrupt Link [GSIE] (IRQs *20)
[    3.209288] ACPI: PCI Interrupt Link [GSIF] (IRQs *21)
[    3.217294] ACPI: PCI Interrupt Link [GSIG] (IRQs *22)
[    3.223286] ACPI: PCI Interrupt Link [GSIH] (IRQs *23)
[    3.239222] initcall acpi_init+0x0/0x319 returned 0 after 778320 usecs
[    3.248477] calling  pnp_init+0x0/0xc @ 1
[    3.255395] initcall pnp_init+0x0/0xc returned 0 after 0 usecs
[    3.263261] calling  misc_init+0x0/0xbf @ 1
[    3.273085] initcall misc_init+0x0/0xbf returned 0 after 976 usecs
[    3.283289] calling  iommu_subsys_init+0x0/0x4e @ 1
[    3.290328] iommu: Default domain type: Translated 
[    3.298247] initcall iommu_subsys_init+0x0/0x4e returned 0 after 7812 usecs
[    3.309247] calling  vga_arb_device_init+0x0/0x261 @ 1
[    3.321960] pci 0000:00:01.0: vgaarb: setting as boot VGA device
[    3.329228] pci 0000:00:01.0: vgaarb: VGA device added: decodes=io+mem,owns=io+mem,locks=none
[    3.343637] pci 0000:00:01.0: vgaarb: bridge control possible
[    3.352233] vgaarb: loaded
[    3.356247] initcall vga_arb_device_init+0x0/0x261 returned 0 after 39062 usecs
[    3.368222] calling  cn_init+0x0/0xf0 @ 1
[    3.376739] initcall cn_init+0x0/0xf0 returned 0 after 1953 usecs
[    3.385236] calling  dma_buf_init+0x0/0xad @ 1
[    3.393333] initcall dma_buf_init+0x0/0xad returned 0 after 976 usecs
[    3.402241] calling  dma_resv_lockdep+0x0/0x281 @ 1
[    3.410653] initcall dma_resv_lockdep+0x0/0x281 returned 0 after 976 usecs
[    3.420240] calling  init_scsi+0x0/0x79 @ 1
[    3.427229] SCSI subsystem initialized
[    3.433234] initcall init_scsi+0x0/0x79 returned 0 after 6835 usecs
[    3.442234] calling  ata_init+0x0/0x332 @ 1
[    3.450834] libata version 3.00 loaded.
[    3.456240] initcall ata_init+0x0/0x332 returned 0 after 7812 usecs
[    3.464235] calling  phy_init+0x0/0x250 @ 1
[    3.469752] initcall phy_init+0x0/0x250 returned 0 after 0 usecs
[    3.477232] calling  init_pcmcia_cs+0x0/0x35 @ 1
[    3.483385] initcall init_pcmcia_cs+0x0/0x35 returned 0 after 0 usecs
[    3.490231] calling  usb_common_init+0x0/0x1c @ 1
[    3.496270] initcall usb_common_init+0x0/0x1c returned 0 after 0 usecs
[    3.504231] calling  usb_init+0x0/0x12e @ 1
[    3.510311] ACPI: bus type USB registered
[    3.515799] usbcore: registered new interface driver usbfs
[    3.522357] usbcore: registered new interface driver hub
[    3.529265] usbcore: registered new device driver usb
[    3.534248] initcall usb_init+0x0/0x12e returned 0 after 23437 usecs
[    3.541238] calling  serio_init+0x0/0x29 @ 1
[    3.546385] initcall serio_init+0x0/0x29 returned 0 after 0 usecs
[    3.554246] calling  input_init+0x0/0xf6 @ 1
[    3.560372] initcall input_init+0x0/0xf6 returned 0 after 0 usecs
[    3.568251] calling  rtc_init+0x0/0x4d @ 1
[    3.573257] initcall rtc_init+0x0/0x4d returned 0 after 976 usecs
[    3.581238] calling  pps_init+0x0/0xa9 @ 1
[    3.587352] pps_core: LinuxPPS API ver. 1 registered
[    3.593230] pps_core: Software ver. 5.3.6 - Copyright 2005-2007 Rodolfo Giometti <giometti@linux.it>
[    3.604233] initcall pps_init+0x0/0xa9 returned 0 after 17578 usecs
[    3.611232] calling  ptp_init+0x0/0x98 @ 1
[    3.617261] PTP clock support registered
[    3.623233] initcall ptp_init+0x0/0x98 returned 0 after 5859 usecs
[    3.631234] calling  power_supply_class_init+0x0/0x3f @ 1
[    3.639386] initcall power_supply_class_init+0x0/0x3f returned 0 after 0 usecs
[    3.649237] calling  hwmon_init+0x0/0x104 @ 1
[    3.655257] initcall hwmon_init+0x0/0x104 returned 0 after 0 usecs
[    3.663232] calling  md_init+0x0/0x16b @ 1
[    3.669463] initcall md_init+0x0/0x16b returned 0 after 1953 usecs
[    3.676233] calling  leds_init+0x0/0x3b @ 1
[    3.681282] initcall leds_init+0x0/0x3b returned 0 after 0 usecs
[    3.688231] calling  dmi_init+0x0/0x113 @ 1
[    3.693398] initcall dmi_init+0x0/0x113 returned 0 after 0 usecs
[    3.700231] calling  efisubsys_init+0x0/0x4e7 @ 1
[    3.705254] initcall efisubsys_init+0x0/0x4e7 returned 0 after 0 usecs
[    3.713236] calling  nvmem_init+0x0/0xc @ 1
[    3.718330] initcall nvmem_init+0x0/0xc returned 0 after 0 usecs
[    3.725231] calling  init_soundcore+0x0/0x33 @ 1
[    3.730270] initcall init_soundcore+0x0/0x33 returned 0 after 0 usecs
[    3.738232] calling  alsa_sound_init+0x0/0x8f @ 1
[    3.743602] Advanced Linux Sound Architecture Driver Initialized.
[    3.751234] initcall alsa_sound_init+0x0/0x8f returned 0 after 7812 usecs
[    3.759231] calling  alsa_seq_device_init+0x0/0x71 @ 1
[    3.765293] initcall alsa_seq_device_init+0x0/0x71 returned 0 after 0 usecs
[    3.773229] calling  hda_bus_init+0x0/0xc @ 1
[    3.778272] initcall hda_bus_init+0x0/0xc returned 0 after 0 usecs
[    3.785232] calling  proto_init+0x0/0xc @ 1
[    3.790281] initcall proto_init+0x0/0xc returned 0 after 0 usecs
[    3.797233] calling  net_dev_init+0x0/0x27f @ 1
[    3.808559] initcall net_dev_init+0x0/0x27f returned 0 after 3906 usecs
[    3.818269] calling  neigh_init+0x0/0x84 @ 1
[    3.823260] initcall neigh_init+0x0/0x84 returned 0 after 0 usecs
[    3.831234] calling  fib_notifier_init+0x0/0xc @ 1
[    3.837305] initcall fib_notifier_init+0x0/0xc returned 0 after 0 usecs
[    3.847242] calling  fib_rules_init+0x0/0xab @ 1
[    3.854234] initcall fib_rules_init+0x0/0xab returned 0 after 0 usecs
[    3.863236] calling  pktsched_init+0x0/0x10e @ 1
[    3.870352] initcall pktsched_init+0x0/0x10e returned 0 after 0 usecs
[    3.877233] calling  tc_filter_init+0x0/0xfa @ 1
[    3.883348] initcall tc_filter_init+0x0/0xfa returned 0 after 0 usecs
[    3.891232] calling  tc_action_init+0x0/0x54 @ 1
[    3.897236] initcall tc_action_init+0x0/0x54 returned 0 after 0 usecs
[    3.904232] calling  ethnl_init+0x0/0x52 @ 1
[    3.910395] initcall ethnl_init+0x0/0x52 returned 0 after 0 usecs
[    3.917249] calling  nexthop_init+0x0/0xd8 @ 1
[    3.923384] initcall nexthop_init+0x0/0xd8 returned 0 after 0 usecs
[    3.931232] calling  cipso_v4_init+0x0/0x8d @ 1
[    3.936355] initcall cipso_v4_init+0x0/0x8d returned 0 after 0 usecs
[    3.944232] calling  ieee80211_init+0x0/0x24 @ 1
[    3.950677] initcall ieee80211_init+0x0/0x24 returned 0 after 0 usecs
[    3.958235] calling  netlbl_init+0x0/0x78 @ 1
[    3.963251] NetLabel: Initializing
[    3.967228] NetLabel:  domain hash size = 128
[    3.972226] NetLabel:  protocols = UNLABELED CIPSOv4 CALIPSO
[    3.979471] NetLabel:  unlabeled traffic allowed by default
[    3.985236] initcall netlbl_init+0x0/0x78 returned 0 after 21484 usecs
[    3.993232] calling  rfkill_init+0x0/0x136 @ 1
[    3.999712] initcall rfkill_init+0x0/0x136 returned 0 after 976 usecs
[    4.006235] calling  pci_subsys_init+0x0/0x66 @ 1
[    4.012330] PCI: Using ACPI for IRQ routing
[    4.724222] PCI: pci_cache_line_size set to 64 bytes
[    4.731651] e820: reserve RAM buffer [mem 0x0009fc00-0x0009ffff]
[    4.739395] e820: reserve RAM buffer [mem 0x1ffdf000-0x1fffffff]
[    4.746672] initcall pci_subsys_init+0x0/0x66 returned 0 after 716796 usecs
[    4.757226] calling  nmi_warning_debugfs+0x0/0x26 @ 1
[    4.765433] initcall nmi_warning_debugfs+0x0/0x26 returned 0 after 2929 usecs
[    4.773428] calling  save_microcode_in_initrd+0x0/0x51 @ 1
[    4.780229] initcall save_microcode_in_initrd+0x0/0x51 returned 0 after 976 usecs
[    4.788237] calling  hpet_late_init+0x0/0x20a @ 1
[    4.793734] hpet: 3 channels of 0 reserved for per-cpu timers
[    4.800441] hpet0: at MMIO 0xfed00000, IRQs 2, 8, 0
[    4.806249] hpet0: 3 comparators, 64-bit 100.000000 MHz counter
[    4.817232] initcall hpet_late_init+0x0/0x20a returned 0 after 23437 usecs
[    4.825232] calling  init_amd_nbs+0x0/0x11c @ 1
[    4.830392] initcall init_amd_nbs+0x0/0x11c returned 0 after 0 usecs
[    4.837245] calling  clocksource_done_booting+0x0/0x43 @ 1
[    4.845059] clocksource: Switched to clocksource kvm-clock
[    4.854264] initcall clocksource_done_booting+0x0/0x43 returned 0 after 10777 usecs
[    4.863335] calling  tracer_init_tracefs+0x0/0x248 @ 1
[    5.153237] initcall tracer_init_tracefs+0x0/0x248 returned 0 after 277085 usecs
[    5.162522] calling  init_trace_printk_function_export+0x0/0x2c @ 1
[    5.169664] initcall init_trace_printk_function_export+0x0/0x2c returned 0 after 19 usecs
[    5.178935] calling  init_kprobe_trace+0x0/0x1ab @ 1
[    5.184821] initcall init_kprobe_trace+0x0/0x1ab returned 0 after 39 usecs
[    5.193386] calling  init_dynamic_event+0x0/0x3d @ 1
[    5.199316] initcall init_dynamic_event+0x0/0x3d returned 0 after 90 usecs
[    5.207203] calling  init_uprobe_trace+0x0/0x5c @ 1
[    5.213024] initcall init_uprobe_trace+0x0/0x5c returned 0 after 49 usecs
[    5.220729] calling  init_pipe_fs+0x0/0x44 @ 1
[    5.226467] initcall init_pipe_fs+0x0/0x44 returned 0 after 537 usecs
[    5.233778] calling  inotify_user_setup+0x0/0x47 @ 1
[    5.239774] initcall inotify_user_setup+0x0/0x47 returned 0 after 263 usecs
[    5.247554] calling  eventpoll_init+0x0/0xeb @ 1
[    5.252898] initcall eventpoll_init+0x0/0xeb returned 0 after 104 usecs
[    5.260283] calling  anon_inode_init+0x0/0x58 @ 1
[    5.265735] initcall anon_inode_init+0x0/0x58 returned 0 after 186 usecs
[    5.273174] calling  proc_locks_init+0x0/0x27 @ 1
[    5.278622] initcall proc_locks_init+0x0/0x27 returned 0 after 91 usecs
[    5.286055] calling  iomap_init+0x0/0x1b @ 1
[    5.291432] initcall iomap_init+0x0/0x1b returned 0 after 433 usecs
[    5.298615] calling  dquot_init+0x0/0x106 @ 1
[    5.303781] VFS: Disk quotas dquot_6.6.0
[    5.308612] VFS: Dquot-cache hash table entries: 512 (order 0, 4096 bytes)
[    5.316514] initcall dquot_init+0x0/0x106 returned 0 after 12445 usecs
[    5.325396] calling  quota_init+0x0/0x23 @ 1
[    5.332238] initcall quota_init+0x0/0x23 returned 0 after 549 usecs
[    5.341365] calling  proc_cmdline_init+0x0/0x21 @ 1
[    5.348504] initcall proc_cmdline_init+0x0/0x21 returned 0 after 34 usecs
[    5.356605] calling  proc_consoles_init+0x0/0x24 @ 1
[    5.362383] initcall proc_consoles_init+0x0/0x24 returned 0 after 6 usecs
[    5.370289] calling  proc_cpuinfo_init+0x0/0x1e @ 1
[    5.376054] initcall proc_cpuinfo_init+0x0/0x1e returned 0 after 6 usecs
[    5.383753] calling  proc_devices_init+0x0/0x24 @ 1
[    5.389444] initcall proc_devices_init+0x0/0x24 returned 0 after 5 usecs
[    5.397064] calling  proc_interrupts_init+0x0/0x24 @ 1
[    5.402997] initcall proc_interrupts_init+0x0/0x24 returned 0 after 5 usecs
[    5.410888] calling  proc_loadavg_init+0x0/0x21 @ 1
[    5.416573] initcall proc_loadavg_init+0x0/0x21 returned 0 after 4 usecs
[    5.424354] calling  proc_meminfo_init+0x0/0x21 @ 1
[    5.430057] initcall proc_meminfo_init+0x0/0x21 returned 0 after 4 usecs
[    5.437768] calling  proc_stat_init+0x0/0x1e @ 1
[    5.443094] initcall proc_stat_init+0x0/0x1e returned 0 after 5 usecs
[    5.450475] calling  proc_uptime_init+0x0/0x21 @ 1
[    5.456087] initcall proc_uptime_init+0x0/0x21 returned 0 after 4 usecs
[    5.463757] calling  proc_version_init+0x0/0x21 @ 1
[    5.469393] initcall proc_version_init+0x0/0x21 returned 0 after 4 usecs
[    5.477554] calling  proc_softirqs_init+0x0/0x21 @ 1
[    5.483310] initcall proc_softirqs_init+0x0/0x21 returned 0 after 4 usecs
[    5.491031] calling  proc_kcore_init+0x0/0xea @ 1
[    5.496748] initcall proc_kcore_init+0x0/0xea returned 0 after 186 usecs
[    5.504984] calling  vmcore_init+0x0/0x57b @ 1
[    5.510560] initcall vmcore_init+0x0/0x57b returned 0 after 45 usecs
[    5.517857] calling  proc_kmsg_init+0x0/0x21 @ 1
[    5.523269] initcall proc_kmsg_init+0x0/0x21 returned 0 after 10 usecs
[    5.530736] calling  proc_page_init+0x0/0x3b @ 1
[    5.536084] initcall proc_page_init+0x0/0x3b returned 0 after 11 usecs
[    5.543599] calling  init_ramfs_fs+0x0/0xc @ 1
[    5.548760] initcall init_ramfs_fs+0x0/0xc returned 0 after 19 usecs
[    5.556050] calling  init_hugetlbfs_fs+0x0/0xf6 @ 1
[    5.562070] initcall init_hugetlbfs_fs+0x0/0xf6 returned 0 after 397 usecs
[    5.569922] calling  blk_scsi_ioctl_init+0x0/0x2a5 @ 1
[    5.575864] initcall blk_scsi_ioctl_init+0x0/0x2a5 returned 0 after 31 usecs
[    5.583769] calling  acpi_event_init+0x0/0x2c @ 1
[    5.589553] initcall acpi_event_init+0x0/0x2c returned 0 after 82 usecs
[    5.597024] calling  pnp_system_init+0x0/0xc @ 1
[    5.602881] initcall pnp_system_init+0x0/0xc returned 0 after 484 usecs
[    5.610479] calling  pnpacpi_init+0x0/0x69 @ 1
[    5.615646] pnp: PnP ACPI init
[    5.621155] pnp 00:00: Plug and Play ACPI device, IDs PNP0303 (active)
[    5.628734] pnp 00:01: Plug and Play ACPI device, IDs PNP0f13 (active)
[    5.636399] pnp 00:02: Plug and Play ACPI device, IDs PNP0400 (active)
[    5.643883] pnp 00:03: Plug and Play ACPI device, IDs PNP0501 (active)
[    5.651438] pnp 00:04: Plug and Play ACPI device, IDs PNP0b00 (active)
[    5.659124] system 00:05: [mem 0xb0000000-0xbfffffff window] has been reserved
[    5.667436] system 00:05: Plug and Play ACPI device, IDs PNP0c01 (active)
[    5.676801] pnp: PnP ACPI: found 6 devices
[    5.681637] initcall pnpacpi_init+0x0/0x69 returned 0 after 64460 usecs
[    5.689291] calling  chr_dev_init+0x0/0x14d @ 1
[    5.779986] initcall chr_dev_init+0x0/0x14d returned 0 after 83414 usecs
[    5.788690] calling  firmware_class_init+0x0/0x14a @ 1
[    5.794750] initcall firmware_class_init+0x0/0x14a returned 0 after 85 usecs
[    5.802781] calling  init_pcmcia_bus+0x0/0x5b @ 1
[    5.808507] initcall init_pcmcia_bus+0x0/0x5b returned 0 after 179 usecs
[    5.816148] calling  init_acpi_pm_clocksource+0x0/0xda @ 1
[    5.827816] clocksource: acpi_pm: mask: 0xffffff max_cycles: 0xffffff, max_idle_ns: 2085701024 ns
[    5.837832] initcall init_acpi_pm_clocksource+0x0/0xda returned 0 after 14987 usecs
[    5.846446] calling  sysctl_core_init+0x0/0x26 @ 1
[    5.852201] initcall sysctl_core_init+0x0/0x26 returned 0 after 226 usecs
[    5.859990] calling  eth_offload_init+0x0/0x13 @ 1
[    5.865671] initcall eth_offload_init+0x0/0x13 returned 0 after 139 usecs
[    5.873545] calling  ipv4_offload_init+0x0/0x73 @ 1
[    5.879398] initcall ipv4_offload_init+0x0/0x73 returned 0 after 191 usecs
[    5.894327] calling  inet_init+0x0/0x276 @ 1
[    5.901531] NET: Registered protocol family 2
[    5.912370] IP idents hash table entries: 8192 (order: 4, 65536 bytes, linear)
[    5.928030] tcp_listen_portaddr_hash hash table entries: 256 (order: 2, 20480 bytes, linear)
[    5.939556] TCP established hash table entries: 4096 (order: 3, 32768 bytes, linear)
[    5.950499] TCP bind hash table entries: 4096 (order: 6, 294912 bytes, linear)
[    5.964092] TCP: Hash tables configured (established 4096 bind 4096)
[    5.972913] UDP hash table entries: 256 (order: 3, 40960 bytes, linear)
[    5.982514] UDP-Lite hash table entries: 256 (order: 3, 40960 bytes, linear)
[    5.993702] initcall inet_init+0x0/0x276 returned 0 after 91530 usecs
[    6.003433] calling  af_unix_init+0x0/0x4d @ 1
[    6.009208] NET: Registered protocol family 1
[    6.014499] initcall af_unix_init+0x0/0x4d returned 0 after 5191 usecs
[    6.022283] calling  ipv6_offload_init+0x0/0x7e @ 1
[    6.028390] initcall ipv6_offload_init+0x0/0x7e returned 0 after 92 usecs
[    6.036462] calling  init_sunrpc+0x0/0x65 @ 1
[    6.055664] RPC: Registered named UNIX socket transport module.
[    6.063024] RPC: Registered udp transport module.
[    6.068798] RPC: Registered tcp transport module.
[    6.074439] RPC: Registered tcp NFSv4.1 backchannel transport module.
[    6.081984] initcall init_sunrpc+0x0/0x65 returned 0 after 39386 usecs
[    6.089797] calling  cfg80211_init+0x0/0xc5 @ 1
[    6.102531] initcall cfg80211_init+0x0/0xc5 returned 0 after 6829 usecs
[    6.110519] calling  pcibios_assign_resources+0x0/0xbf @ 1
[    6.117569] pci_bus 0000:00: resource 4 [io  0x0000-0x0cf7 window]
[    6.124885] pci_bus 0000:00: resource 5 [io  0x0d00-0xffff window]
[    6.132309] pci_bus 0000:00: resource 6 [mem 0x000a0000-0x000bffff window]
[    6.140450] pci_bus 0000:00: resource 7 [mem 0x20000000-0xafffffff window]
[    6.148681] pci_bus 0000:00: resource 8 [mem 0xc0000000-0xfebfffff window]
[    6.156774] pci_bus 0000:00: resource 9 [mem 0x100000000-0x8ffffffff window]
[    6.166232] initcall pcibios_assign_resources+0x0/0xbf returned 0 after 48035 usecs
[    6.175429] calling  pci_apply_final_quirks+0x0/0x124 @ 1
[    6.183054] pci 0000:00:01.0: calling  pci_fixup_video+0x0/0xe0 @ 1
[    6.191901] pci 0000:00:01.0: Video device with shadowed ROM at [mem 0x000c0000-0x000dffff]
[    6.201742] pci 0000:00:01.0: pci_fixup_video+0x0/0xe0 took 9896 usecs
[    6.209739] PCI: CLS 0 bytes, default 64
[    6.214439] initcall pci_apply_final_quirks+0x0/0x124 returned 0 after 31197 usecs
[    6.223180] calling  acpi_reserve_resources+0x0/0xea @ 1
[    6.230440] initcall acpi_reserve_resources+0x0/0xea returned 0 after 231 usecs
[    6.239024] calling  populate_rootfs+0x0/0x102 @ 1
[    6.248838] initcall populate_rootfs+0x0/0x102 returned 0 after 3943 usecs
[    6.258422] calling  pci_iommu_init+0x0/0x3e @ 1
[    6.265591] initcall pci_iommu_init+0x0/0x3e returned 0 after 130 usecs
[    6.277096] calling  ia32_binfmt_init+0x0/0x13 @ 1
[    6.284581] initcall ia32_binfmt_init+0x0/0x13 returned 0 after 181 usecs
[    6.292603] calling  rapl_pmu_init+0x0/0x267 @ 1
[    6.298198] initcall rapl_pmu_init+0x0/0x267 returned -19 after 112 usecs
[    6.306816] calling  amd_uncore_init+0x0/0x310 @ 1
[    6.313969] initcall amd_uncore_init+0x0/0x310 returned -19 after 1 usecs
[    6.323872] calling  amd_ibs_init+0x0/0x25f @ 1
[    6.330668] initcall amd_ibs_init+0x0/0x25f returned -19 after 1 usecs
[    6.339330] calling  amd_iommu_pc_init+0x0/0x22c @ 1
[    6.345399] initcall amd_iommu_pc_init+0x0/0x22c returned -19 after 45 usecs
[    6.353591] calling  msr_init+0x0/0x55 @ 1
[    6.358679] initcall msr_init+0x0/0x55 returned 0 after 141 usecs
[    6.365860] calling  intel_uncore_init+0x0/0x36f @ 1
[    6.371821] initcall intel_uncore_init+0x0/0x36f returned -19 after 42 usecs
[    6.380107] calling  cstate_pmu_init+0x0/0x1a1 @ 1
[    6.385896] initcall cstate_pmu_init+0x0/0x1a1 returned -19 after 0 usecs
[    6.394082] calling  register_kernel_offset_dumper+0x0/0x1a @ 1
[    6.401255] initcall register_kernel_offset_dumper+0x0/0x1a returned 0 after 44 usecs
[    6.410491] calling  i8259A_init_ops+0x0/0x20 @ 1
[    6.416277] initcall i8259A_init_ops+0x0/0x20 returned 0 after 2 usecs
[    6.424040] calling  init_tsc_clocksource+0x0/0xa4 @ 1
[    6.430347] clocksource: tsc: mask: 0xffffffffffffffff max_cycles: 0x39a85afc727, max_idle_ns: 881590685098 ns
[    6.443959] initcall init_tsc_clocksource+0x0/0xa4 returned 0 after 13415 usecs
[    6.454839] calling  add_rtc_cmos+0x0/0xb0 @ 1
[    6.461764] initcall add_rtc_cmos+0x0/0xb0 returned 0 after 113 usecs
[    6.470402] calling  i8237A_init_ops+0x0/0x3a @ 1
[    6.476439] initcall i8237A_init_ops+0x0/0x3a returned 0 after 196 usecs
[    6.484499] calling  umwait_init+0x0/0x94 @ 1
[    6.489798] initcall umwait_init+0x0/0x94 returned -19 after 15 usecs
[    6.497717] calling  thermal_throttle_init_device+0x0/0x3d @ 1
[    6.504701] initcall thermal_throttle_init_device+0x0/0x3d returned 0 after 27 usecs
[    6.513835] calling  msr_init+0x0/0xd7 @ 1
[    6.525860] initcall msr_init+0x0/0xd7 returned 0 after 6842 usecs
[    6.533151] calling  cpuid_init+0x0/0xd7 @ 1
[    6.542031] initcall cpuid_init+0x0/0xd7 returned 0 after 3574 usecs
[    6.549556] calling  ioapic_init_ops+0x0/0x13 @ 1
[    6.555188] initcall ioapic_init_ops+0x0/0x13 returned 0 after 44 usecs
[    6.563039] calling  add_pcspkr+0x0/0x6c @ 1
[    6.568457] initcall add_pcspkr+0x0/0x6c returned 0 after 421 usecs
[    6.576382] calling  start_periodic_check_for_corruption+0x0/0x30 @ 1
[    6.584342] check: Scanning for low memory corruption every 60 seconds
[    6.592147] initcall start_periodic_check_for_corruption+0x0/0x30 returned 0 after 7749 usecs
[    6.602313] calling  sysfb_init+0x0/0x9c @ 1
[    6.607782] initcall sysfb_init+0x0/0x9c returned 0 after 185 usecs
[    6.615612] calling  audit_classes_init+0x0/0xae @ 1
[    6.622646] initcall audit_classes_init+0x0/0xae returned 0 after 84 usecs
[    6.631478] calling  iosf_mbi_init+0x0/0x24 @ 1
[    6.637671] initcall iosf_mbi_init+0x0/0x24 returned 0 after 385 usecs
[    6.645772] calling  proc_execdomains_init+0x0/0x21 @ 1
[    6.652824] initcall proc_execdomains_init+0x0/0x21 returned 0 after 97 usecs
[    6.662056] calling  register_warn_debugfs+0x0/0x23 @ 1
[    6.668505] initcall register_warn_debugfs+0x0/0x23 returned 0 after 86 usecs
[    6.677368] calling  cpuhp_sysfs_init+0x0/0x79 @ 1
[    6.683859] initcall cpuhp_sysfs_init+0x0/0x79 returned 0 after 230 usecs
[    6.692091] calling  ioresources_init+0x0/0x49 @ 1
[    6.697932] initcall ioresources_init+0x0/0x49 returned 0 after 10 usecs
[    6.705905] calling  lockdep_proc_init+0x0/0x64 @ 1
[    6.712023] initcall lockdep_proc_init+0x0/0x64 returned 0 after 44 usecs
[    6.720145] calling  snapshot_device_init+0x0/0xc @ 1
[    6.728141] initcall snapshot_device_init+0x0/0xc returned 0 after 1832 usecs
[    6.739141] calling  irq_pm_init_ops+0x0/0x13 @ 1
[    6.746425] initcall irq_pm_init_ops+0x0/0x13 returned 0 after 34 usecs
[    6.754574] calling  rcu_torture_init+0x0/0x9be @ 1
[    6.760977] tasks-tracing-torture:--- Start of test: nreaders=3 nfakewriters=4 stat_interval=15 verbose=1 test_no_idle_hz=1 shuffle_interval=3 stutter=5 irqreader=1 fqs_duration=0 fqs_holdoff=0 fqs_stutter=3 test_boost=1/0 test_boost_interval=7 test_boost_duration=4 shutdown_secs=1800 stall_cpu=0 stall_cpu_holdoff=10 stall_cpu_irqsoff=0 stall_cpu_block=0 n_barrier_cbs=4 onoff_interval=1000 onoff_holdoff=30 read_exit_delay=13 read_exit_burst=16
[    6.809595] tasks-tracing:  Start-test grace-period state: g0 f0x0
[    6.817824] tasks-tracing-torture: Creating rcu_torture_writer task
[    6.829022] tasks-tracing-torture: Creating rcu_torture_fakewriter task
[    6.829707] tasks-tracing-torture: rcu_torture_writer task started
[    6.839764] tasks-tracing-torture: Creating rcu_torture_fakewriter task
[    6.840134] tasks-tracing-torture: rcu_torture_fakewriter task started
[    6.844969] tasks-tracing-torture: GP expediting controlled from boot/sysfs for tasks-tracing.
[    6.856022] tasks-tracing-torture: Creating rcu_torture_fakewriter task
[    6.856486] tasks-tracing-torture: rcu_torture_fakewriter task started
[    6.861622] rcu_torture_writer: Testing expedited GPs.
[    6.861639] rcu_torture_writer: Testing asynchronous GPs.
[    6.861640] rcu_torture_writer: Testing normal GPs.
[    6.915578] tasks-tracing-torture: Creating rcu_torture_fakewriter task
[    6.915886] tasks-tracing-torture: rcu_torture_fakewriter task started
[    6.926717] tasks-tracing-torture: Creating rcu_torture_reader task
[    6.927031] tasks-tracing-torture: rcu_torture_fakewriter task started
[    6.951697] tasks-tracing-torture: Creating rcu_torture_reader task
[    6.952584] tasks-tracing-torture: rcu_torture_reader task started
[    6.962099] tasks-tracing-torture: Creating rcu_torture_reader task
[    6.962529] tasks-tracing-torture: rcu_torture_reader task started
[    6.986928] tasks-tracing-torture: Creating rcu_torture_stats task
[    6.987558] tasks-tracing-torture: rcu_torture_reader task started
[    6.995567] tasks-tracing-torture: Creating torture_shuffle task
[    7.002340] tasks-tracing-torture: rcu_torture_stats task started
[    7.018013] tasks-tracing-torture: Creating torture_stutter task
[    7.020358] tasks-tracing-torture: torture_shuffle task started
[    7.026945] tasks-tracing-torture: torture_stutter task started
[    7.026947] tasks-tracing-torture: Creating torture_shutdown task
[    7.033775] tasks-tracing-torture: Creating torture_onoff task
[    7.034091] tasks-tracing-torture: torture_shutdown task started
[    7.034095] tasks-tracing-torture:torture_shutdown task: 1799992 ms remaining
[    7.078524] tasks-tracing-torture: rcu_torture_fwd_prog_init: Disabled, unsupported by RCU flavor under test
[    7.078636] tasks-tracing-torture: torture_onoff task started
[    7.092043] tasks-tracing-torture: Creating rcu_torture_barrier_cbs task
[    7.100372] tasks-tracing-torture: torture_onoff begin holdoff
[    7.112766] tasks-tracing-torture: Creating rcu_torture_barrier_cbs task
[    7.113368] tasks-tracing-torture: rcu_torture_barrier_cbs task started
[    7.137651] tasks-tracing-torture: Creating rcu_torture_barrier_cbs task
[    7.138039] tasks-tracing-torture: rcu_torture_barrier_cbs task started
[    7.148710] tasks-tracing-torture: Creating rcu_torture_barrier_cbs task
[    7.149033] tasks-tracing-torture: rcu_torture_barrier_cbs task started
[    7.178020] tasks-tracing-torture: Creating rcu_torture_barrier task
[    7.178052] tasks-tracing-torture: rcu_torture_barrier_cbs task started
[    7.187722] tasks-tracing-torture: Creating rcu_torture_read_exit task
[    7.188394] tasks-tracing-torture: rcu_torture_barrier task starting
[    7.217825] initcall rcu_torture_init+0x0/0x9be returned 0 after 446326 usecs
[    7.218568] tasks-tracing-torture: rcu_torture_read_exit: Start of test
[    7.227018] calling  timekeeping_init_ops+0x0/0x13 @ 1
[    7.243891] initcall timekeeping_init_ops+0x0/0x13 returned 0 after 25 usecs
[    7.253028] calling  init_clocksource_sysfs+0x0/0x23 @ 1
[    7.260392] initcall init_clocksource_sysfs+0x0/0x23 returned 0 after 348 usecs
[    7.270186] calling  init_timer_list_procfs+0x0/0x31 @ 1
[    7.277734] initcall init_timer_list_procfs+0x0/0x31 returned 0 after 12 usecs
[    7.287659] calling  alarmtimer_init+0x0/0xf5 @ 1
[    7.294515] initcall alarmtimer_init+0x0/0xf5 returned 0 after 407 usecs
[    7.303678] calling  init_posix_timers+0x0/0x29 @ 1
[    7.310434] initcall init_posix_timers+0x0/0x29 returned 0 after 141 usecs
[    7.320004] calling  clockevents_init_sysfs+0x0/0xbf @ 1
[    7.327833] initcall clockevents_init_sysfs+0x0/0xbf returned 0 after 403 usecs
[    7.337628] calling  proc_dma_init+0x0/0x21 @ 1
[    7.344349] initcall proc_dma_init+0x0/0x21 returned 0 after 45 usecs
[    7.353221] calling  proc_modules_init+0x0/0x1e @ 1
[    7.359972] initcall proc_modules_init+0x0/0x1e returned 0 after 9 usecs
[    7.368991] calling  kallsyms_init+0x0/0x21 @ 1
[    7.377448] initcall kallsyms_init+0x0/0x21 returned 0 after 9 usecs
[    7.386645] calling  pid_namespaces_init+0x0/0x2c @ 1
[    7.393706] initcall pid_namespaces_init+0x0/0x2c returned 0 after 23 usecs
[    7.402826] calling  audit_watch_init+0x0/0x37 @ 1
[    7.409680] initcall audit_watch_init+0x0/0x37 returned 0 after 89 usecs
[    7.418855] calling  audit_fsnotify_init+0x0/0x37 @ 1
[    7.426095] initcall audit_fsnotify_init+0x0/0x37 returned 0 after 3 usecs
[    7.435603] calling  audit_tree_init+0x0/0x6d @ 1
[    7.442243] initcall audit_tree_init+0x0/0x6d returned 0 after 16 usecs
[    7.451495] calling  seccomp_sysctl_init+0x0/0x2b @ 1
[    7.458556] initcall seccomp_sysctl_init+0x0/0x2b returned 0 after 34 usecs
[    7.468454] calling  utsname_sysctl_init+0x0/0x13 @ 1
[    7.475726] initcall utsname_sysctl_init+0x0/0x13 returned 0 after 33 usecs
[    7.485326] calling  init_tracepoints+0x0/0x27 @ 1
[    7.492364] initcall init_tracepoints+0x0/0x27 returned 0 after 205 usecs
[    7.501643] calling  init_blk_tracer+0x0/0x50 @ 1
[    7.509206] initcall init_blk_tracer+0x0/0x50 returned 0 after 1079 usecs
[    7.518509] calling  perf_event_sysfs_init+0x0/0x83 @ 1
[    7.526957] initcall perf_event_sysfs_init+0x0/0x83 returned 0 after 926 usecs
[    7.537099] calling  system_trusted_keyring_init+0x0/0x60 @ 1
[    7.545465] Initialise system trusted keyrings
[    7.552747] initcall system_trusted_keyring_init+0x0/0x60 returned 0 after 7106 usecs
[    7.563733] calling  kswapd_init+0x0/0x5c @ 1
[    7.572145] initcall kswapd_init+0x0/0x5c returned 0 after 1959 usecs
[    7.581737] calling  extfrag_debug_init+0x0/0x54 @ 1
[    7.589112] initcall extfrag_debug_init+0x0/0x54 returned 0 after 129 usecs
[    7.598840] calling  mm_compute_batch_init+0x0/0x12 @ 1
[    7.606626] initcall mm_compute_batch_init+0x0/0x12 returned 0 after 22 usecs
[    7.616751] calling  slab_proc_init+0x0/0x21 @ 1
[    7.623567] initcall slab_proc_init+0x0/0x21 returned 0 after 50 usecs
[    7.632546] calling  workingset_init+0x0/0x8c @ 1
[    7.639128] workingset: timestamp_bits=56 max_order=17 bucket_order=0
[    7.648008] initcall workingset_init+0x0/0x8c returned 0 after 8670 usecs
[    7.657446] calling  proc_vmalloc_init+0x0/0x32 @ 1
[    7.664360] initcall proc_vmalloc_init+0x0/0x32 returned 0 after 11 usecs
[    7.674060] calling  procswaps_init+0x0/0x1e @ 1
[    7.680793] initcall procswaps_init+0x0/0x1e returned 0 after 68 usecs
[    7.689940] calling  slab_sysfs_init+0x0/0xec @ 1
[    7.711241] initcall slab_sysfs_init+0x0/0xec returned 0 after 13922 usecs
[    7.723119] calling  fcntl_init+0x0/0x29 @ 1
[    7.730716] initcall fcntl_init+0x0/0x29 returned 0 after 162 usecs
[    7.741402] calling  proc_filesystems_init+0x0/0x21 @ 1
[    7.749475] initcall proc_filesystems_init+0x0/0x21 returned 0 after 54 usecs
[    7.758962] calling  start_dirtytime_writeback+0x0/0x29 @ 1
[    7.766513] initcall start_dirtytime_writeback+0x0/0x29 returned 0 after 2 usecs
[    7.776333] calling  blkdev_init+0x0/0x1b @ 1
[    7.782923] initcall blkdev_init+0x0/0x1b returned 0 after 363 usecs
[    7.791554] calling  dio_init+0x0/0x2c @ 1
[    7.797528] initcall dio_init+0x0/0x2c returned 0 after 116 usecs
[    7.806049] calling  dnotify_init+0x0/0x78 @ 1
[    7.812473] initcall dnotify_init+0x0/0x78 returned 0 after 277 usecs
[    7.821679] calling  aio_setup+0x0/0x78 @ 1
[    7.829905] initcall aio_setup+0x0/0x78 returned 0 after 1270 usecs
[    7.838145] calling  io_uring_init+0x0/0x2c @ 1
[    7.844173] initcall io_uring_init+0x0/0x2c returned 0 after 13 usecs
[    7.852776] calling  mbcache_init+0x0/0x30 @ 1
[    7.858751] initcall mbcache_init+0x0/0x30 returned 0 after 118 usecs
[    7.867389] calling  init_grace+0x0/0xc @ 1
[    7.873136] initcall init_grace+0x0/0xc returned 0 after 27 usecs
[    7.881024] calling  init_v2_quota_format+0x0/0x21 @ 1
[    7.888569] initcall init_v2_quota_format+0x0/0x21 returned 0 after 527 usecs
[    7.898986] calling  init_devpts_fs+0x0/0x27 @ 1
[    7.905796] initcall init_devpts_fs+0x0/0x27 returned 0 after 300 usecs
[    7.914946] calling  ext4_init_fs+0x0/0x1c2 @ 1
[    7.923461] initcall ext4_init_fs+0x0/0x1c2 returned 0 after 1825 usecs
[    7.933020] calling  journal_init+0x0/0x11c @ 1
[    7.939741] initcall journal_init+0x0/0x11c returned 0 after 303 usecs
[    7.949060] calling  init_fat_fs+0x0/0x49 @ 1
[    7.955806] initcall init_fat_fs+0x0/0x49 returned 0 after 564 usecs
[    7.964876] calling  init_vfat_fs+0x0/0xc @ 1
[    7.971382] initcall init_vfat_fs+0x0/0xc returned 0 after 233 usecs
[    7.980566] calling  init_msdos_fs+0x0/0xc @ 1
[    7.987242] initcall init_msdos_fs+0x0/0xc returned 0 after 5 usecs
[    7.996721] calling  init_iso9660_fs+0x0/0x6c @ 1
[    8.004127] initcall init_iso9660_fs+0x0/0x6c returned 0 after 125 usecs
[    8.014508] calling  init_nfs_fs+0x0/0x13a @ 1
[    8.026955] initcall init_nfs_fs+0x0/0x13a returned 0 after 5228 usecs
[    8.036806] calling  init_nfs_v2+0x0/0x13 @ 1
[    8.043599] initcall init_nfs_v2+0x0/0x13 returned 0 after 486 usecs
[    8.052992] calling  init_nfs_v3+0x0/0x13 @ 1
[    8.059582] initcall init_nfs_v3+0x0/0x13 returned 0 after 2 usecs
[    8.067410] calling  init_nfs_v4+0x0/0x32 @ 1
[    8.074316] NFS: Registering the id_resolver key type
[    8.083334] Key type id_resolver registered
[    8.089009] Key type id_legacy registered
[    8.095032] initcall init_nfs_v4+0x0/0x32 returned 0 after 20694 usecs
[    8.103871] calling  init_nlm+0x0/0x5b @ 1
[    8.109749] initcall init_nlm+0x0/0x5b returned 0 after 132 usecs
[    8.117962] calling  init_nls_cp437+0x0/0xe @ 1
[    8.124691] initcall init_nls_cp437+0x0/0xe returned 0 after 699 usecs
[    8.133867] calling  init_nls_ascii+0x0/0xe @ 1
[    8.140175] initcall init_nls_ascii+0x0/0xe returned 0 after 2 usecs
[    8.148897] calling  init_nls_iso8859_1+0x0/0xe @ 1
[    8.155553] initcall init_nls_iso8859_1+0x0/0xe returned 0 after 2 usecs
[    8.164813] calling  init_nls_utf8+0x0/0x21 @ 1
[    8.171527] initcall init_nls_utf8+0x0/0x21 returned 0 after 2 usecs
[    8.180960] calling  init_autofs_fs+0x0/0x25 @ 1
[    8.190039] initcall init_autofs_fs+0x0/0x25 returned 0 after 1357 usecs
[    8.200359] calling  ipc_init+0x0/0x24 @ 1
[    8.206073] initcall ipc_init+0x0/0x24 returned 0 after 63 usecs
[    8.214711] calling  ipc_sysctl_init+0x0/0x13 @ 1
[    8.221731] initcall ipc_sysctl_init+0x0/0x13 returned 0 after 14 usecs
[    8.230793] calling  init_mqueue_fs+0x0/0xb1 @ 1
[    8.241184] initcall init_mqueue_fs+0x0/0xb1 returned 0 after 3350 usecs
[    8.250952] calling  key_proc_init+0x0/0x63 @ 1
[    8.257721] initcall key_proc_init+0x0/0x63 returned 0 after 43 usecs
[    8.267261] calling  selinux_nf_ip_init+0x0/0x2e @ 1
[    8.274443] initcall selinux_nf_ip_init+0x0/0x2e returned 0 after 64 usecs
[    8.284266] calling  init_sel_fs+0x0/0x116 @ 1
[    8.290854] initcall init_sel_fs+0x0/0x116 returned 0 after 1 usecs
[    8.300078] calling  selnl_init+0x0/0x7c @ 1
[    8.306167] initcall selnl_init+0x0/0x7c returned 0 after 107 usecs
[    8.314987] calling  sel_netif_init+0x0/0x36 @ 1
[    8.321632] initcall sel_netif_init+0x0/0x36 returned 0 after 1 usecs
[    8.338684] calling  sel_netnode_init+0x0/0x33 @ 1
[    8.345506] initcall sel_netnode_init+0x0/0x33 returned 0 after 1 usecs
[    8.355648] calling  sel_netport_init+0x0/0x33 @ 1
[    8.362804] initcall sel_netport_init+0x0/0x33 returned 0 after 1 usecs
[    8.372259] calling  aurule_init+0x0/0x2a @ 1
[    8.378216] initcall aurule_init+0x0/0x2a returned 0 after 3 usecs
[    8.386529] calling  crypto_algapi_init+0x0/0xc @ 1
[    8.393530] initcall crypto_algapi_init+0x0/0xc returned 0 after 11 usecs
[    8.403601] calling  jent_mod_init+0x0/0x2d @ 1
[    8.427831] initcall jent_mod_init+0x0/0x2d returned 0 after 16657 usecs
[    8.438603] calling  asymmetric_key_init+0x0/0xc @ 1
[    8.445718] Key type asymmetric registered
[    8.451977] initcall asymmetric_key_init+0x0/0xc returned 0 after 6112 usecs
[    8.461996] calling  x509_key_init+0x0/0xc @ 1
[    8.468821] Asymmetric key parser 'x509' registered
[    8.476006] initcall x509_key_init+0x0/0xc returned 0 after 7284 usecs
[    8.486307] calling  proc_genhd_init+0x0/0x41 @ 1
[    8.493885] initcall proc_genhd_init+0x0/0x41 returned 0 after 15 usecs
[    8.503866] calling  bsg_init+0x0/0x113 @ 1
[    8.510676] Block layer SCSI generic (bsg) driver version 0.4 loaded (major 251)
[    8.538450] initcall bsg_init+0x0/0x113 returned 0 after 26936 usecs
[    8.553727] calling  deadline_init+0x0/0xc @ 1
[    8.577163] io scheduler mq-deadline registered
[    8.584194] initcall deadline_init+0x0/0xc returned 0 after 22483 usecs
[    8.594416] calling  kyber_init+0x0/0xc @ 1
[    8.600997] io scheduler kyber registered
[    8.607818] initcall kyber_init+0x0/0xc returned 0 after 6720 usecs
[    8.617987] calling  mod_init+0x0/0x7 @ 1
[    8.624186] initcall mod_init+0x0/0x7 returned 0 after 0 usecs
[    8.633574] calling  percpu_counter_startup+0x0/0x55 @ 1
[    8.652969] initcall percpu_counter_startup+0x0/0x55 returned 0 after 10634 usecs
[    8.664632] calling  sg_pool_init+0x0/0xb4 @ 1
[    8.681786] initcall sg_pool_init+0x0/0xb4 returned 0 after 10080 usecs
[    8.691597] calling  pcie_portdrv_init+0x0/0x39 @ 1
[    8.700936] initcall pcie_portdrv_init+0x0/0x39 returned 0 after 1924 usecs
[    8.711317] calling  pci_proc_init+0x0/0x68 @ 1
[    8.720651] initcall pci_proc_init+0x0/0x68 returned 0 after 2273 usecs
[    8.730520] calling  pci_hotplug_init+0x0/0x7 @ 1
[    8.738838] initcall pci_hotplug_init+0x0/0x7 returned 0 after 0 usecs
[    8.750326] calling  efifb_driver_init+0x0/0xe @ 1
[    8.761756] initcall efifb_driver_init+0x0/0xe returned 0 after 2324 usecs
[    8.772769] calling  ged_driver_init+0x0/0xe @ 1
[    8.780814] initcall ged_driver_init+0x0/0xe returned 0 after 396 usecs
[    8.791697] calling  acpi_ac_init+0x0/0x92 @ 1
[    8.800507] initcall acpi_ac_init+0x0/0x92 returned 0 after 1563 usecs
[    8.811564] calling  acpi_button_driver_init+0x0/0x52 @ 1
[    8.831587] input: Power Button as /devices/LNXSYSTM:00/LNXPWRBN:00/input/input0
[    8.856675] ACPI: Power Button [PWRF]
[    8.865203] initcall acpi_button_driver_init+0x0/0x52 returned 0 after 43219 usecs
[    8.876519] calling  acpi_fan_driver_init+0x0/0xe @ 1
[    8.884485] initcall acpi_fan_driver_init+0x0/0xe returned 0 after 48 usecs
[    8.895170] calling  acpi_video_init+0x0/0xcb @ 1
[    8.903269] initcall acpi_video_init+0x0/0xcb returned 0 after 1004 usecs
[    8.913675] calling  acpi_processor_driver_init+0x0/0xad @ 1
[    8.924824] initcall acpi_processor_driver_init+0x0/0xad returned 0 after 2350 usecs
[    8.936125] calling  acpi_thermal_init+0x0/0x71 @ 1
[    8.964772] initcall acpi_thermal_init+0x0/0x71 returned 0 after 19033 usecs
[    8.976099] calling  acpi_battery_init+0x0/0x32 @ 1
[    8.984121] initcall acpi_battery_init+0x0/0x32 returned 0 after 858 usecs
[    8.994274] calling  bgrt_init+0x0/0xb6 @ 1
[    9.000379] initcall bgrt_init+0x0/0xb6 returned -19 after 0 usecs
[    9.010202] calling  gpio_clk_driver_init+0x0/0xe @ 1
[    9.018612] initcall gpio_clk_driver_init+0x0/0xe returned 0 after 256 usecs
[    9.029424] calling  plt_clk_driver_init+0x0/0xe @ 1
[    9.036949] initcall plt_clk_driver_init+0x0/0xe returned 0 after 44 usecs
[    9.046941] calling  virtio_pci_driver_init+0x0/0x15 @ 1
[    9.054993] initcall virtio_pci_driver_init+0x0/0x15 returned 0 after 225 usecs
[    9.065983] calling  n_null_init+0x0/0x1e @ 1
[    9.073059] initcall n_null_init+0x0/0x1e returned 0 after 53 usecs
[    9.082396] calling  pty_init+0x0/0x1e8 @ 1
[    9.101098] initcall pty_init+0x0/0x1e8 returned 0 after 12208 usecs
[    9.111009] calling  sysrq_init+0x0/0x62 @ 1
[    9.117835] initcall sysrq_init+0x0/0x62 returned 0 after 157 usecs
[    9.126887] calling  serial8250_init+0x0/0x17e @ 1
[    9.134470] Serial: 8250/16550 driver, 4 ports, IRQ sharing enabled
[    9.155869] 00:03: ttyS0 at I/O 0x3f8 (irq = 4, base_baud = 115200) is a 16550A
[    9.194195] initcall serial8250_init+0x0/0x17e returned 0 after 58671 usecs
[    9.204812] calling  serial_pci_driver_init+0x0/0x15 @ 1
[    9.213730] initcall serial_pci_driver_init+0x0/0x15 returned 0 after 272 usecs
[    9.224883] calling  exar_pci_driver_init+0x0/0x15 @ 1
[    9.233135] initcall exar_pci_driver_init+0x0/0x15 returned 0 after 53 usecs
[    9.244164] calling  lpss8250_pci_driver_init+0x0/0x15 @ 1
[    9.253769] initcall lpss8250_pci_driver_init+0x0/0x15 returned 0 after 82 usecs
[    9.266420] calling  mid8250_pci_driver_init+0x0/0x15 @ 1
[    9.275376] initcall mid8250_pci_driver_init+0x0/0x15 returned 0 after 152 usecs
[    9.285554] calling  virtio_console_init+0x0/0xff @ 1
[    9.294074] initcall virtio_console_init+0x0/0xff returned 0 after 1597 usecs
[    9.303974] calling  hpet_init+0x0/0x64 @ 1
[    9.314215] initcall hpet_init+0x0/0x64 returned 0 after 4086 usecs
[    9.322863] calling  nvram_module_init+0x0/0x83 @ 1
[    9.331659] Non-volatile memory driver v1.3
[    9.337652] initcall nvram_module_init+0x0/0x83 returned 0 after 7115 usecs
[    9.347792] calling  hwrng_modinit+0x0/0x8a @ 1
[    9.355892] initcall hwrng_modinit+0x0/0x8a returned 0 after 1381 usecs
[    9.365877] calling  mod_init+0x0/0x48 @ 1
[    9.376814] initcall mod_init+0x0/0x48 returned -19 after 0 usecs
[    9.385118] calling  agp_init+0x0/0x23 @ 1
[    9.390694] Linux agpgart interface v0.103
[    9.396733] initcall agp_init+0x0/0x23 returned 0 after 5889 usecs
[    9.406122] calling  agp_amd64_mod_init+0x0/0x5 @ 1
[    9.414237] initcall agp_amd64_mod_init+0x0/0x5 returned -19 after 897 usecs
[    9.426135] calling  agp_intel_init+0x0/0x28 @ 1
[    9.434086] initcall agp_intel_init+0x0/0x28 returned 0 after 1256 usecs
[    9.444128] calling  drm_kms_helper_init+0x0/0x7 @ 1
[    9.451925] initcall drm_kms_helper_init+0x0/0x7 returned 0 after 19 usecs
[    9.461925] calling  drm_core_init+0x0/0xbd @ 1
[    9.469954] initcall drm_core_init+0x0/0xbd returned 0 after 422 usecs
[    9.480085] calling  i915_init+0x0/0x6b @ 1
[    9.497179] initcall i915_init+0x0/0x6b returned 0 after 10035 usecs
[    9.506397] calling  cn_proc_init+0x0/0x35 @ 1
[    9.512833] initcall cn_proc_init+0x0/0x35 returned 0 after 312 usecs
[    9.522610] calling  topology_sysfs_init+0x0/0x27 @ 1
[    9.530635] initcall topology_sysfs_init+0x0/0x27 returned 0 after 600 usecs
[    9.541057] calling  cacheinfo_sysfs_init+0x0/0x27 @ 1
[    9.565256] initcall cacheinfo_sysfs_init+0x0/0x27 returned 0 after 16056 usecs
[    9.575574] calling  loop_init+0x0/0x16a @ 1
[    9.712753] loop: module loaded
[    9.717833] initcall loop_init+0x0/0x16a returned 0 after 132425 usecs
[    9.727790] calling  mac_hid_init+0x0/0x21 @ 1
[    9.734491] initcall mac_hid_init+0x0/0x21 returned 0 after 91 usecs
[    9.744441] calling  spi_transport_init+0x0/0x74 @ 1
[    9.752783] initcall spi_transport_init+0x0/0x74 returned 0 after 586 usecs
[    9.762974] calling  init_sd+0x0/0x18c @ 1
[    9.769405] initcall init_sd+0x0/0x18c returned 0 after 363 usecs
[    9.778420] calling  init_sr+0x0/0x43 @ 1
[    9.784797] initcall init_sr+0x0/0x43 returned 0 after 155 usecs
[    9.794067] calling  init_sg+0x0/0x1c0 @ 1
[    9.800620] initcall init_sg+0x0/0x1c0 returned 0 after 248 usecs
[    9.809679] calling  ahci_pci_driver_init+0x0/0x15 @ 1
[    9.817814] ahci 0000:00:1f.2: version 3.0
[    9.828864] PCI Interrupt Link [GSIA] enabled at IRQ 16
[    9.853096] ahci 0000:00:1f.2: AHCI 0001.0000 32 slots 6 ports 1.5 Gbps 0x3f impl SATA mode
[    9.866843] ahci 0000:00:1f.2: flags: 64bit ncq only 
[    9.923071] scsi host0: ahci
[    9.939709] scsi host1: ahci
[    9.952175] scsi host2: ahci
[    9.966822] scsi host3: ahci
[    9.990850] scsi host4: ahci
[   10.012219] scsi host5: ahci
[   10.018095] ata1: SATA max UDMA/133 abar m4096@0xfebf1000 port 0xfebf1100 irq 24
[   10.029409] ata2: SATA max UDMA/133 abar m4096@0xfebf1000 port 0xfebf1180 irq 24
[   10.041723] ata3: SATA max UDMA/133 abar m4096@0xfebf1000 port 0xfebf1200 irq 24
[   10.053193] ata4: SATA max UDMA/133 abar m4096@0xfebf1000 port 0xfebf1280 irq 24
[   10.063702] ata5: SATA max UDMA/133 abar m4096@0xfebf1000 port 0xfebf1300 irq 24
[   10.074801] ata6: SATA max UDMA/133 abar m4096@0xfebf1000 port 0xfebf1380 irq 24
[   10.087208] initcall ahci_pci_driver_init+0x0/0x15 returned 0 after 263560 usecs
[   10.098285] calling  piix_init+0x0/0x26 @ 1
[   10.106911] initcall piix_init+0x0/0x26 returned 0 after 166 usecs
[   10.116740] calling  amd_pci_driver_init+0x0/0x15 @ 1
[   10.124154] initcall amd_pci_driver_init+0x0/0x15 returned 0 after 69 usecs
[   10.133795] calling  oldpiix_pci_driver_init+0x0/0x15 @ 1
[   10.141990] initcall oldpiix_pci_driver_init+0x0/0x15 returned 0 after 140 usecs
[   10.151942] calling  sch_pci_driver_init+0x0/0x15 @ 1
[   10.160095] initcall sch_pci_driver_init+0x0/0x15 returned 0 after 48 usecs
[   10.169833] calling  net_olddevs_init+0x0/0x55 @ 1
[   10.177089] initcall net_olddevs_init+0x0/0x55 returned 0 after 820 usecs
[   10.187280] calling  blackhole_netdev_init+0x0/0x78 @ 1
[   10.197297] initcall blackhole_netdev_init+0x0/0x78 returned 0 after 2020 usecs
[   10.209271] calling  phy_module_init+0x0/0x13 @ 1
[   10.218677] initcall phy_module_init+0x0/0x13 returned 0 after 2162 usecs
[   10.227880] calling  tg3_driver_init+0x0/0x15 @ 1
[   10.235559] initcall tg3_driver_init+0x0/0x15 returned 0 after 566 usecs
[   10.244853] calling  e100_init_module+0x0/0x4c @ 1
[   10.251640] e100: Intel(R) PRO/100 Network Driver
[   10.258336] e100: Copyright(c) 1999-2006 Intel Corporation
[   10.266652] initcall e100_init_module+0x0/0x4c returned 0 after 14656 usecs
[   10.277004] calling  e1000_init_module+0x0/0x72 @ 1
[   10.284432] e1000: Intel(R) PRO/1000 Network Driver
[   10.291539] e1000: Copyright (c) 1999-2006 Intel Corporation.
[   10.299806] initcall e1000_init_module+0x0/0x72 returned 0 after 15008 usecs
[   10.309755] calling  e1000_init_module+0x0/0x2d @ 1
[   10.316871] e1000e: Intel(R) PRO/1000 Network Driver
[   10.324188] e1000e: Copyright(c) 1999 - 2015 Intel Corporation.
[   10.333922] initcall e1000_init_module+0x0/0x2d returned 0 after 16651 usecs
[   10.344076] calling  sky2_init_module+0x0/0x21 @ 1
[   10.351229] sky2: driver version 1.30
[   10.356952] initcall sky2_init_module+0x0/0x21 returned 0 after 5582 usecs
[   10.367888] calling  forcedeth_pci_driver_init+0x0/0x15 @ 1
[   10.376519] initcall forcedeth_pci_driver_init+0x0/0x15 returned 0 after 114 usecs
[   10.387440] calling  rtl8139_init_module+0x0/0x15 @ 1
[   10.396413] initcall rtl8139_init_module+0x0/0x15 returned 0 after 258 usecs
[   10.401874] ata1: SATA link down (SStatus 0 SControl 300)
[   10.407612] calling  rtl8169_pci_driver_init+0x0/0x15 @ 1
[   10.407813] initcall rtl8169_pci_driver_init+0x0/0x15 returned 0 after 191 usecs
[   10.419751] ata4: SATA link down (SStatus 0 SControl 300)
[   10.425514] calling  cdrom_init+0x0/0xc @ 1
[   10.425611] initcall cdrom_init+0x0/0xc returned 0 after 89 usecs
[   10.425614] calling  nonstatic_sysfs_init+0x0/0xc @ 1
[   10.425690] initcall nonstatic_sysfs_init+0x0/0xc returned 0 after 31 usecs
[   10.461987] ata6: SATA link down (SStatus 0 SControl 300)
[   10.467996] calling  yenta_cardbus_driver_init+0x0/0x15 @ 1
[   10.468274] initcall yenta_cardbus_driver_init+0x0/0x15 returned 0 after 264 usecs
[   10.483103] ata5: SATA link down (SStatus 0 SControl 300)
[   10.486519] calling  mon_init+0x0/0x144 @ 1
[   10.491140] initcall mon_init+0x0/0x144 returned 0 after 4504 usecs
[   10.508714] ata2: SATA link down (SStatus 0 SControl 300)
[   10.514941] calling  ehci_hcd_init+0x0/0x56 @ 1
[   10.515239] ehci_hcd: USB 2.0 'Enhanced' Host Controller (EHCI) Driver
[   10.515245] initcall ehci_hcd_init+0x0/0x56 returned 0 after 291 usecs
[   10.515249] calling  ehci_pci_init+0x0/0x64 @ 1
[   10.515279] ehci-pci: EHCI PCI platform driver
[   10.515508] initcall ehci_pci_init+0x0/0x64 returned 0 after 248 usecs
[   10.515511] calling  ohci_hcd_mod_init+0x0/0x4e @ 1
[   10.515514] ohci_hcd: USB 1.1 'Open' Host Controller (OHCI) Driver
[   10.515542] initcall ohci_hcd_mod_init+0x0/0x4e returned 0 after 26 usecs
[   10.515544] calling  ohci_pci_init+0x0/0x64 @ 1
[   10.515568] ohci-pci: OHCI PCI platform driver
[   10.515654] initcall ohci_pci_init+0x0/0x64 returned 0 after 104 usecs
[   10.515657] calling  uhci_hcd_init+0x0/0xa8 @ 1
[   10.515660] uhci_hcd: USB Universal Host Controller Interface driver
[   10.515838] initcall uhci_hcd_init+0x0/0xa8 returned 0 after 173 usecs
[   10.515841] calling  xhci_hcd_init+0x0/0x1e @ 1
[   10.515866] initcall xhci_hcd_init+0x0/0x1e returned 0 after 21 usecs
[   10.515868] calling  xhci_pci_init+0x0/0x49 @ 1
[   10.516077] initcall xhci_pci_init+0x0/0x49 returned 0 after 200 usecs
[   10.516080] calling  usblp_driver_init+0x0/0x15 @ 1
[   10.516627] usbcore: registered new interface driver usblp
[   10.530817] ata3: SATA link up 1.5 Gbps (SStatus 113 SControl 300)
[   10.539303] initcall usblp_driver_init+0x0/0x15 returned 0 after 22671 usecs
[   10.539308] calling  usb_storage_driver_init+0x0/0x2a @ 1
[   10.539404] usbcore: registered new interface driver usb-storage
[   10.539408] initcall usb_storage_driver_init+0x0/0x2a returned 0 after 93 usecs
[   10.539411] calling  i8042_init+0x0/0x4c2 @ 1
[   10.539578] i8042: PNP: PS/2 Controller [PNP0303:KBD,PNP0f13:MOU] at 0x60,0x64 irq 1,12
[   10.559141] ata3.00: ATAPI: QEMU DVD-ROM, 2.5+, max UDMA/100
[   10.603846] serio: i8042 KBD port at 0x60,0x64 irq 1
[   10.616221] ata3.00: applying bridge limits
[   10.633759] serio: i8042 AUX port at 0x60,0x64 irq 12
[   10.656681] ata3.00: configured for UDMA/100
[   10.670138] initcall i8042_init+0x0/0x4c2 returned 0 after 127140 usecs
[   10.704554] scsi 2:0:0:0: CD-ROM            QEMU     QEMU DVD-ROM     2.5+ PQ: 0 ANSI: 5
[   10.711953] calling  serport_init+0x0/0x2c @ 1
[   10.880923] initcall serport_init+0x0/0x2c returned 0 after 62 usecs
[   10.890778] calling  input_leds_init+0x0/0xc @ 1
[   10.898089] initcall input_leds_init+0x0/0xc returned 0 after 152 usecs
[   10.908189] calling  evdev_init+0x0/0xc @ 1
[   10.923120] initcall evdev_init+0x0/0xc returned 0 after 8298 usecs
[   10.933715] calling  atkbd_init+0x0/0x21 @ 1
[   10.941558] initcall atkbd_init+0x0/0x21 returned 0 after 992 usecs
[   10.951129] calling  psmouse_init+0x0/0x7f @ 1
[   10.958197] initcall psmouse_init+0x0/0x7f returned 0 after 366 usecs
[   10.969200] calling  cmos_init+0x0/0x73 @ 1
[   10.982879] rtc_cmos 00:04: RTC can wake from S4
[   11.001966] rtc_cmos 00:04: registered as rtc0
[   11.005959] input: AT Translated Set 2 keyboard as /devices/platform/i8042/serio0/input/input1
[   11.010505] rtc_cmos 00:04: alarms up to one day, y3k, 242 bytes nvram, hpet irqs
[   11.033967] initcall cmos_init+0x0/0x73 returned 0 after 54017 usecs
[   11.043570] calling  smbalert_driver_init+0x0/0xe @ 1
[   11.052028] initcall smbalert_driver_init+0x0/0xe returned 0 after 204 usecs
[   11.062371] calling  i2c_i801_init+0x0/0xc5 @ 1
[   11.075609] i801_smbus 0000:00:1f.3: SMBus using PCI interrupt
[   11.084869] i2c i2c-0: 1/1 memory slots populated (from DMI)
[   11.092451] i2c i2c-0: Memory type 0x07 not supported yet, not instantiating SPD
[   11.103125] initcall i2c_i801_init+0x0/0xc5 returned 0 after 32757 usecs
[   11.112749] calling  ptp_kvm_init+0x0/0xf0 @ 1
[   11.120907] initcall ptp_kvm_init+0x0/0xf0 returned 0 after 1724 usecs
[   11.129889] calling  dm_init+0x0/0x3c @ 1
[   11.138020] sr 2:0:0:0: [sr0] scsi3-mmc drive: 4x/4x cd/rw xa/form2 tray
[   11.147801] cdrom: Uniform CD-ROM driver Revision: 3.20
[   11.156113] device-mapper: ioctl: 4.43.0-ioctl (2020-10-01) initialised: dm-devel@redhat.com
[   11.168163] initcall dm_init+0x0/0x3c returned 0 after 31683 usecs
[   11.177326] calling  dm_mirror_init+0x0/0x29 @ 1
[   11.184485] initcall dm_mirror_init+0x0/0x29 returned 0 after 3 usecs
[   11.194255] calling  dm_dirty_log_init+0x0/0x4f @ 1
[   11.201651] initcall dm_dirty_log_init+0x0/0x4f returned 0 after 145 usecs
[   11.211862] calling  dm_zero_init+0x0/0x29 @ 1
[   11.218526] initcall dm_zero_init+0x0/0x29 returned 0 after 3 usecs
[   11.227619] calling  intel_pstate_init+0x0/0x512 @ 1
[   11.234766] intel_pstate: CPU model not supported
[   11.241588] initcall intel_pstate_init+0x0/0x512 returned -19 after 6688 usecs
[   11.251985] calling  haltpoll_init+0x0/0xc0 @ 1
[   11.258772] initcall haltpoll_init+0x0/0xc0 returned -19 after 30 usecs
[   11.268617] calling  efivars_sysfs_init+0x0/0x30 @ 1
[   11.275917] initcall efivars_sysfs_init+0x0/0x30 returned 0 after 51 usecs
[   11.285729] calling  esrt_sysfs_init+0x0/0x2a2 @ 1
[   11.292906] initcall esrt_sysfs_init+0x0/0x2a2 returned -38 after 18 usecs
[   11.302769] calling  hid_init+0x0/0x5c @ 1
[   11.309046] hid: raw HID events driver (C) Jiri Kosina
[   11.316749] initcall hid_init+0x0/0x5c returned 0 after 7778 usecs
[   11.325622] calling  hid_generic_init+0x0/0x15 @ 1
[   11.332615] initcall hid_generic_init+0x0/0x15 returned 0 after 100 usecs
[   11.342247] calling  a4_driver_init+0x0/0x15 @ 1
[   11.348981] initcall a4_driver_init+0x0/0x15 returned 0 after 60 usecs
[   11.358282] calling  apple_driver_init+0x0/0x15 @ 1
[   11.365100] initcall apple_driver_init+0x0/0x15 returned 0 after 219 usecs
[   11.374717] calling  belkin_driver_init+0x0/0x15 @ 1
[   11.381843] initcall belkin_driver_init+0x0/0x15 returned 0 after 53 usecs
[   11.391351] calling  ch_driver_init+0x0/0x15 @ 1
[   11.398433] initcall ch_driver_init+0x0/0x15 returned 0 after 67 usecs
[   11.407621] calling  ch_driver_init+0x0/0x15 @ 1
[   11.414629] initcall ch_driver_init+0x0/0x15 returned 0 after 276 usecs
[   11.424050] calling  cp_driver_init+0x0/0x15 @ 1
[   11.430574] initcall cp_driver_init+0x0/0x15 returned 0 after 51 usecs
[   11.439765] calling  ez_driver_init+0x0/0x15 @ 1
[   11.446401] initcall ez_driver_init+0x0/0x15 returned 0 after 37 usecs
[   11.455507] calling  gyration_driver_init+0x0/0x15 @ 1
[   11.462590] initcall gyration_driver_init+0x0/0x15 returned 0 after 35 usecs
[   11.472238] calling  ite_driver_init+0x0/0x15 @ 1
[   11.478778] initcall ite_driver_init+0x0/0x15 returned 0 after 34 usecs
[   11.487828] calling  ks_driver_init+0x0/0x15 @ 1
[   11.494397] initcall ks_driver_init+0x0/0x15 returned 0 after 167 usecs
[   11.504346] calling  lg_driver_init+0x0/0x15 @ 1
[   11.511243] initcall lg_driver_init+0x0/0x15 returned 0 after 76 usecs
[   11.520420] calling  lg_g15_driver_init+0x0/0x15 @ 1
[   11.527524] initcall lg_g15_driver_init+0x0/0x15 returned 0 after 57 usecs
[   11.537102] calling  ms_driver_init+0x0/0x15 @ 1
[   11.543541] initcall ms_driver_init+0x0/0x15 returned 0 after 60 usecs
[   11.552534] calling  mr_driver_init+0x0/0x15 @ 1
[   11.559128] initcall mr_driver_init+0x0/0x15 returned 0 after 64 usecs
[   11.568296] calling  ntrig_driver_init+0x0/0x15 @ 1
[   11.575718] initcall ntrig_driver_init+0x0/0x15 returned 0 after 56 usecs
[   11.585008] calling  pl_driver_init+0x0/0x15 @ 1
[   11.592662] initcall pl_driver_init+0x0/0x15 returned 0 after 42 usecs
[   11.602199] calling  pl_driver_init+0x0/0x15 @ 1
[   11.608349] initcall pl_driver_init+0x0/0x15 returned 0 after 41 usecs
[   11.617300] calling  redragon_driver_init+0x0/0x15 @ 1
[   11.624437] initcall redragon_driver_init+0x0/0x15 returned 0 after 37 usecs
[   11.633930] calling  samsung_driver_init+0x0/0x15 @ 1
[   11.641098] initcall samsung_driver_init+0x0/0x15 returned 0 after 61 usecs
[   11.650701] calling  sony_init+0x0/0x38 @ 1
[   11.657421] initcall sony_init+0x0/0x38 returned 0 after 53 usecs
[   11.665759] calling  sp_driver_init+0x0/0x15 @ 1
[   11.672783] initcall sp_driver_init+0x0/0x15 returned 0 after 39 usecs
[   11.681340] calling  ts_driver_init+0x0/0x15 @ 1
[   11.687719] initcall ts_driver_init+0x0/0x15 returned 0 after 42 usecs
[   11.696670] calling  hid_init+0x0/0x58 @ 1
[   11.702621] usbcore: registered new interface driver usbhid
[   11.710151] usbhid: USB HID core driver
[   11.715498] initcall hid_init+0x0/0x58 returned 0 after 12935 usecs
[   11.724072] calling  eeepc_laptop_init+0x0/0x57 @ 1
[   11.731756] initcall eeepc_laptop_init+0x0/0x57 returned -19 after 637 usecs
[   11.736207] input: ImExPS/2 Generic Explorer Mouse as /devices/platform/i8042/serio1/input/input3
[   11.741541] calling  pmc_atom_init+0x0/0x27a @ 1
[   11.741575] initcall pmc_atom_init+0x0/0x27a returned -19 after 28 usecs
[   11.769119] calling  alsa_hwdep_init+0x0/0x5e @ 1
[   11.775883] initcall alsa_hwdep_init+0x0/0x5e returned 0 after 255 usecs
[   11.785066] calling  alsa_timer_init+0x0/0x1f9 @ 1
[   11.815328] initcall alsa_timer_init+0x0/0x1f9 returned 0 after 14479 usecs
[   11.824559] calling  snd_hrtimer_init+0x0/0x117 @ 1
[   11.830805] initcall snd_hrtimer_init+0x0/0x117 returned 0 after 5 usecs
[   11.839224] calling  alsa_pcm_init+0x0/0x64 @ 1
[   11.845359] initcall alsa_pcm_init+0x0/0x64 returned 0 after 38 usecs
[   11.854039] calling  alsa_seq_init+0x0/0x4a @ 1
[   11.862778] initcall alsa_seq_init+0x0/0x4a returned 0 after 2385 usecs
[   11.867386] sr 2:0:0:0: Attached scsi CD-ROM sr0
[   11.871680] calling  alsa_seq_dummy_init+0x0/0x9c @ 1
[   11.871823] initcall alsa_seq_dummy_init+0x0/0x9c returned 0 after 133 usecs
[   11.898510] sr 2:0:0:0: Attached scsi generic sg0 type 5
[   11.899536] calling  azx_driver_init+0x0/0x15 @ 1
[   11.900214] initcall azx_driver_init+0x0/0x15 returned 0 after 656 usecs
[   11.946695] calling  sock_diag_init+0x0/0x2a @ 1
[   11.954709] initcall sock_diag_init+0x0/0x2a returned 0 after 753 usecs
[   11.963671] calling  blackhole_init+0x0/0xc @ 1
[   11.974964] initcall blackhole_init+0x0/0xc returned 0 after 59 usecs
[   11.984032] calling  nfnetlink_init+0x0/0x61 @ 1
[   12.005068] initcall nfnetlink_init+0x0/0x61 returned 0 after 219 usecs
[   12.014214] calling  nfnetlink_log_init+0x0/0x99 @ 1
[   12.021523] initcall nfnetlink_log_init+0x0/0x99 returned 0 after 505 usecs
[   12.031154] calling  nf_conntrack_standalone_init+0x0/0x87 @ 1
[   12.041115] initcall nf_conntrack_standalone_init+0x0/0x87 returned 0 after 1748 usecs
[   12.051912] calling  ctnetlink_init+0x0/0x83 @ 1
[   12.058487] initcall ctnetlink_init+0x0/0x83 returned 0 after 79 usecs
[   12.067767] calling  nf_conntrack_ftp_init+0x0/0x12c @ 1
[   12.075412] initcall nf_conntrack_ftp_init+0x0/0x12c returned 0 after 46 usecs
[   12.085352] calling  nf_conntrack_irc_init+0x0/0x129 @ 1
[   12.093061] initcall nf_conntrack_irc_init+0x0/0x129 returned 0 after 36 usecs
[   12.103393] calling  nf_conntrack_sip_init+0x0/0x172 @ 1
[   12.111074] initcall nf_conntrack_sip_init+0x0/0x172 returned 0 after 28 usecs
[   12.121444] calling  nf_nat_init+0x0/0xf0 @ 1
[   12.128828] initcall nf_nat_init+0x0/0xf0 returned 0 after 1062 usecs
[   12.138517] calling  nf_nat_ftp_init+0x0/0x2a @ 1
[   12.145466] initcall nf_nat_ftp_init+0x0/0x2a returned 0 after 42 usecs
[   12.154831] calling  nf_nat_irc_init+0x0/0x2a @ 1
[   12.161663] initcall nf_nat_irc_init+0x0/0x2a returned 0 after 2 usecs
[   12.171056] calling  nf_nat_sip_init+0x0/0x36 @ 1
[   12.177740] initcall nf_nat_sip_init+0x0/0x36 returned 0 after 3 usecs
