c[?7l[2J[0mSeaBIOS (version 1.16.0-debian-1.16.0-4)
Booting from ROM...
early console in setup code
c[?7l[2J[    0.000000] Linux version 5.10.158+ (root@joelboxx.c.googlers.com) (gcc (Debian 12.2.0-3) 12.2.0, GNU ld (GNU Binutils for Debian) 2.39) #1 SMP PREEMPT Tue Dec 13 22:36:02 UTC 2022
[    0.000000] Command line: selinux=0 initcall_debug debug console=ttyS0 rcutorture.onoff_interval=200 rcutorture.onoff_holdoff=30 rcutree.gp_preinit_delay=12 rcutree.gp_init_delay=3 rcutree.gp_cleanup_delay=3 rcutree.kthread_prio=2 threadirqs rcutorture.n_barrier_cbs=4 rcutorture.stat_interval=15 rcutorture.shutdown_secs=3600 rcutorture.test_no_idle_hz=1 rcutorture.verbose=1
[    0.000000] x86/fpu: x87 FPU will use FXSAVE
[    0.000000] BIOS-provided physical RAM map:
[    0.000000] BIOS-e820: [mem 0x0000000000000000-0x000000000009fbff] usable
[    0.000000] BIOS-e820: [mem 0x000000000009fc00-0x000000000009ffff] reserved
[    0.000000] BIOS-e820: [mem 0x00000000000f0000-0x00000000000fffff] reserved
[    0.000000] BIOS-e820: [mem 0x0000000000100000-0x000000001ffdefff] usable
[    0.000000] BIOS-e820: [mem 0x000000001ffdf000-0x000000001fffffff] reserved
[    0.000000] BIOS-e820: [mem 0x00000000b0000000-0x00000000bfffffff] reserved
[    0.000000] BIOS-e820: [mem 0x00000000fed1c000-0x00000000fed1ffff] reserved
[    0.000000] BIOS-e820: [mem 0x00000000feffc000-0x00000000feffffff] reserved
[    0.000000] BIOS-e820: [mem 0x00000000fffc0000-0x00000000ffffffff] reserved
[    0.000000] NX (Execute Disable) protection: active
[    0.000000] SMBIOS 2.8 present.
[    0.000000] DMI: QEMU Standard PC (Q35 + ICH9, 2009), BIOS 1.16.0-debian-1.16.0-4 04/01/2014
[    0.000000] Hypervisor detected: KVM
[    0.000000] kvm-clock: Using msrs 4b564d01 and 4b564d00
[    0.000000] kvm-clock: cpu 0, msr 16eb7001, primary cpu clock
[    0.000001] kvm-clock: using sched offset of 3854219963 cycles
[    0.000233] clocksource: kvm-clock: mask: 0xffffffffffffffff max_cycles: 0x1cd42e4dffb, max_idle_ns: 881590591483 ns
[    0.000471] tsc: Detected 1999.999 MHz processor
[    0.010937] e820: update [mem 0x00000000-0x00000fff] usable ==> reserved
[    0.010943] e820: remove [mem 0x000a0000-0x000fffff] usable
[    0.010951] last_pfn = 0x1ffdf max_arch_pfn = 0x400000000
[    0.012204] MTRR default type: write-back
[    0.012297] MTRR fixed ranges enabled:
[    0.012299]   00000-9FFFF write-back
[    0.012300]   A0000-BFFFF uncachable
[    0.012301]   C0000-FFFFF write-protect
[    0.012303] MTRR variable ranges enabled:
[    0.012305]   0 base 00C0000000 mask FFC0000000 uncachable
[    0.012306]   1 disabled
[    0.012306]   2 disabled
[    0.012307]   3 disabled
[    0.012308]   4 disabled
[    0.012309]   5 disabled
[    0.012309]   6 disabled
[    0.012310]   7 disabled
[    0.013079] x86/PAT: Configuration [0-7]: WB  WC  UC- UC  WB  WC  UC- UC  
[    0.023669] found SMP MP-table at [mem 0x000f5ba0-0x000f5baf]
[    0.028627] check: Scanning 1 areas for low memory corruption
[    0.050679] ACPI: Early table checksum verification disabled
[    0.054193] ACPI: RSDP 0x00000000000F59E0 000014 (v00 BOCHS )
[    0.054625] ACPI: RSDT 0x000000001FFE281A 000038 (v01 BOCHS  BXPC     00000001 BXPC 00000001)
[    0.054944] ACPI: FACP 0x000000001FFE259A 0000F4 (v03 BOCHS  BXPC     00000001 BXPC 00000001)
[    0.055145] ACPI: DSDT 0x000000001FFE0040 00255A (v01 BOCHS  BXPC     00000001 BXPC 00000001)
[    0.055151] ACPI: FACS 0x000000001FFE0000 000040
[    0.055155] ACPI: APIC 0x000000001FFE268E 0000F0 (v01 BOCHS  BXPC     00000001 BXPC 00000001)
[    0.055160] ACPI: HPET 0x000000001FFE277E 000038 (v01 BOCHS  BXPC     00000001 BXPC 00000001)
[    0.055164] ACPI: MCFG 0x000000001FFE27B6 00003C (v01 BOCHS  BXPC     00000001 BXPC 00000001)
[    0.055168] ACPI: WAET 0x000000001FFE27F2 000028 (v01 BOCHS  BXPC     00000001 BXPC 00000001)
[    0.055172] ACPI: Reserving FACP table memory at [mem 0x1ffe259a-0x1ffe268d]
[    0.055174] ACPI: Reserving DSDT table memory at [mem 0x1ffe0040-0x1ffe2599]
[    0.055176] ACPI: Reserving FACS table memory at [mem 0x1ffe0000-0x1ffe003f]
[    0.055177] ACPI: Reserving APIC table memory at [mem 0x1ffe268e-0x1ffe277d]
[    0.055178] ACPI: Reserving HPET table memory at [mem 0x1ffe277e-0x1ffe27b5]
[    0.055179] ACPI: Reserving MCFG table memory at [mem 0x1ffe27b6-0x1ffe27f1]
[    0.055180] ACPI: Reserving WAET table memory at [mem 0x1ffe27f2-0x1ffe2819]
[    0.057357] ACPI: Local APIC address 0xfee00000
[    0.063720] No NUMA configuration found
[    0.063833] Faking a node at [mem 0x0000000000000000-0x000000001ffdefff]
[    0.064464] NODE_DATA(0) allocated [mem 0x1ffdb000-0x1ffdefff]
[    0.067379] Zone ranges:
[    0.067533]   DMA      [mem 0x0000000000001000-0x0000000000ffffff]
[    0.067610]   DMA32    [mem 0x0000000001000000-0x000000001ffdefff]
[    0.067612]   Normal   empty
[    0.067613] Movable zone start for each node
[    0.067615] Early memory node ranges
[    0.067768]   node   0: [mem 0x0000000000001000-0x000000000009efff]
[    0.067877]   node   0: [mem 0x0000000000100000-0x000000001ffdefff]
[    0.067985] Initmem setup node 0 [mem 0x0000000000001000-0x000000001ffdefff]
[    0.067987] On node 0 totalpages: 130941
[    0.068124]   DMA zone: 64 pages used for memmap
[    0.068125]   DMA zone: 21 pages reserved
[    0.068190]   DMA zone: 3998 pages, LIFO batch:0
[    0.068191]   DMA32 zone: 1984 pages used for memmap
[    0.068192]   DMA32 zone: 126943 pages, LIFO batch:31
[    0.088556] On node 0, zone DMA: 1 pages in unavailable ranges
[    0.093470] On node 0, zone DMA: 97 pages in unavailable ranges
[    0.302460] On node 0, zone DMA32: 33 pages in unavailable ranges
[    0.306859] ACPI: PM-Timer IO Port: 0x608
[    0.306867] ACPI: Local APIC address 0xfee00000
[    0.307289] ACPI: LAPIC_NMI (acpi_id[0xff] dfl dfl lint[0x1])
[    0.309017] IOAPIC[0]: apic_id 0, version 17, address 0xfec00000, GSI 0-23
[    0.309027] ACPI: INT_SRC_OVR (bus 0 bus_irq 0 global_irq 2 dfl dfl)
[    0.309206] ACPI: INT_SRC_OVR (bus 0 bus_irq 5 global_irq 5 high level)
[    0.309209] ACPI: INT_SRC_OVR (bus 0 bus_irq 9 global_irq 9 high level)
[    0.309418] ACPI: INT_SRC_OVR (bus 0 bus_irq 10 global_irq 10 high level)
[    0.309420] ACPI: INT_SRC_OVR (bus 0 bus_irq 11 global_irq 11 high level)
[    0.309424] ACPI: IRQ0 used by override.
[    0.309425] ACPI: IRQ5 used by override.
[    0.309427] ACPI: IRQ9 used by override.
[    0.309428] ACPI: IRQ10 used by override.
[    0.309429] ACPI: IRQ11 used by override.
[    0.309496] Using ACPI (MADT) for SMP configuration information
[    0.309499] ACPI: HPET id: 0x8086a201 base: 0xfed00000
[    0.310350] smpboot: Allowing 16 CPUs, 0 hotplug CPUs
[    0.313420] PM: hibernation: Registered nosave memory: [mem 0x00000000-0x00000fff]
[    0.313425] PM: hibernation: Registered nosave memory: [mem 0x0009f000-0x0009ffff]
[    0.313427] PM: hibernation: Registered nosave memory: [mem 0x000a0000-0x000effff]
[    0.313428] PM: hibernation: Registered nosave memory: [mem 0x000f0000-0x000fffff]
[    0.313498] [mem 0x20000000-0xafffffff] available for PCI devices
[    0.313701] Booting paravirtualized kernel on KVM
[    0.315000] clocksource: refined-jiffies: mask: 0xffffffff max_cycles: 0xffffffff, max_idle_ns: 1910969940391419 ns
[    0.365144] setup_percpu: NR_CPUS:16 nr_cpumask_bits:16 nr_cpu_ids:16 nr_node_ids:1
[    0.507458] percpu: Embedded 55 pages/cpu s186328 r8192 d30760 u262144
[    0.507521] pcpu-alloc: s186328 r8192 d30760 u262144 alloc=1*2097152
[    0.507573] pcpu-alloc: [0] 00 01 02 03 04 05 06 07 [0] 08 09 10 11 12 13 14 15 
[    0.508112] kvm-guest: stealtime: cpu 0, msr 1f21b600
[    0.508734] Built 1 zonelists, mobility grouping on.  Total pages: 128872
[    0.508736] Policy zone: DMA32
[    0.508829] Kernel command line: selinux=0 initcall_debug debug console=ttyS0 rcutorture.onoff_interval=200 rcutorture.onoff_holdoff=30 rcutree.gp_preinit_delay=12 rcutree.gp_init_delay=3 rcutree.gp_cleanup_delay=3 rcutree.kthread_prio=2 threadirqs rcutorture.n_barrier_cbs=4 rcutorture.stat_interval=15 rcutorture.shutdown_secs=3600 rcutorture.test_no_idle_hz=1 rcutorture.verbose=1
[    0.525901] Dentry cache hash table entries: 65536 (order: 7, 524288 bytes, linear)
[    0.529846] Inode-cache hash table entries: 32768 (order: 6, 262144 bytes, linear)
[    0.531140] mem auto-init: stack:all(zero), heap alloc:off, heap free:off
[    0.575523] Memory: 476004K/523764K available (16397K kernel code, 2561K rwdata, 4672K rodata, 1480K init, 1420K bss, 47500K reserved, 0K cma-reserved)
[    0.576598] SLUB: HWalign=64, Order=0-3, MinObjects=0, CPUs=16, Nodes=1
[    0.577327] Kernel/User page tables isolation: enabled
[    0.597761] rcu: Preemptible hierarchical RCU implementation.
[    0.597765] rcu: 	RCU event tracing is enabled.
[    0.597766] rcu: 	CONFIG_RCU_FANOUT set to non-default value of 2.
[    0.597767] rcu: 	Four(or more)-level hierarchy is enabled.
[    0.597768] rcu: 	Build-time adjustment of leaf fanout to 2.
[    0.597824] rcu: 	RCU priority boosting: priority 2 delay 500 ms.
[    0.597825] rcu: 	RCU debug GP pre-init slowdown 12 jiffies.
[    0.597826] rcu: 	RCU debug GP init slowdown 3 jiffies.
[    0.597827] rcu: 	RCU debug GP init slowdown 3 jiffies.
[    0.598005] 	Trampoline variant of Tasks RCU enabled.
[    0.598007] 	Rude variant of Tasks RCU enabled.
[    0.598125] 	Tracing variant of Tasks RCU enabled.
[    0.598347] rcu: RCU calculated value of scheduler-enlistment delay is 100 jiffies.
[    0.612660] NR_IRQS: 4352, nr_irqs: 552, preallocated irqs: 16
[    0.616471] calling  con_init+0x0/0x22a @ 0
[    0.740828] Console: colour VGA+ 80x25
[    0.740841] initcall con_init+0x0/0x22a returned 0 after 0 usecs
[    0.740845] calling  hvc_console_init+0x0/0x13 @ 0
[    0.740873] initcall hvc_console_init+0x0/0x13 returned 0 after 0 usecs
[    0.740876] calling  univ8250_console_init+0x0/0x26 @ 0
[    1.690446] printk: console [ttyS0] enabled
[    1.698034] initcall univ8250_console_init+0x0/0x26 returned 0 after 0 usecs
[    1.711848] ACPI: Core revision 20200925
[    1.723904] clocksource: hpet: mask: 0xffffffff max_cycles: 0xffffffff, max_idle_ns: 19112604467 ns
[    1.737991] APIC: Switch to symmetric I/O mode setup
[    1.745020] Switched APIC routing to physical flat.
[    1.771577] ..TIMER: vector=0x30 apic1=0 pin1=2 apic2=-1 pin2=-1
[    1.779059] clocksource: tsc-early: mask: 0xffffffffffffffff max_cycles: 0x39a85afc727, max_idle_ns: 881590685098 ns
[    1.792241] Calibrating delay loop (skipped) preset value.. 3999.99 BogoMIPS (lpj=1999999)
[    1.793278] pid_max: default: 32768 minimum: 301
[    1.794760] LSM: Security Framework initializing
[    1.795801] Mount-cache hash table entries: 1024 (order: 1, 8192 bytes, linear)
[    1.797210] Mountpoint-cache hash table entries: 1024 (order: 1, 8192 bytes, linear)
[    1.808590] Last level iTLB entries: 4KB 0, 2MB 0, 4MB 0
[    1.809176] Last level dTLB entries: 4KB 0, 2MB 0, 4MB 0, 1GB 0
[    1.810259] Spectre V1 : Mitigation: usercopy/swapgs barriers and __user pointer sanitization
[    1.811229] Spectre V2 : Mitigation: Retpolines
[    1.812176] Spectre V2 : Spectre v2 / SpectreRSB mitigation: Filling RSB on context switch
[    1.813178] Spectre V2 : Spectre v2 / SpectreRSB : Filling RSB on VMEXIT
[    1.814178] Speculative Store Bypass: Vulnerable
[    1.816212] MDS: Vulnerable: Clear CPU buffers attempted, no microcode
[    1.817176] MMIO Stale Data: Unknown: No mitigations
[    1.976852] Freeing SMP alternatives memory: 40K
[    2.085979] smpboot: CPU0: Intel Common KVM processor (family: 0xf, model: 0x6, stepping: 0x1)
[    2.087520] calling  init_hw_perf_events+0x0/0x6ce @ 1
[    2.088176] Performance Events: unsupported Netburst CPU model 6 no PMU driver, software events only.
[    2.089183] initcall init_hw_perf_events+0x0/0x6ce returned 0 after 976 usecs
[    2.090194] calling  init_real_mode+0x0/0x1e9 @ 1
[    2.092185] initcall init_real_mode+0x0/0x1e9 returned 0 after 976 usecs
[    2.093177] calling  trace_init_perf_perm_irq_work_exit+0x0/0x12 @ 1
[    2.094177] initcall trace_init_perf_perm_irq_work_exit+0x0/0x12 returned 0 after 0 usecs
[    2.095194] calling  validate_x2apic+0x0/0x4a @ 1
[    2.096201] initcall validate_x2apic+0x0/0x4a returned 0 after 0 usecs
[    2.097177] calling  register_nmi_cpu_backtrace_handler+0x0/0x15 @ 1
[    2.098177] initcall register_nmi_cpu_backtrace_handler+0x0/0x15 returned 0 after 0 usecs
[    2.099176] calling  kvm_setup_vsyscall_timeinfo+0x0/0xce @ 1
[    2.100180] initcall kvm_setup_vsyscall_timeinfo+0x0/0xce returned 0 after 0 usecs
[    2.101181] calling  spawn_ksoftirqd+0x0/0x38 @ 1
[    2.102311] initcall spawn_ksoftirqd+0x0/0x38 returned 0 after 0 usecs
[    2.103178] calling  migration_init+0x0/0x31 @ 1
[    2.104406] initcall migration_init+0x0/0x31 returned 0 after 0 usecs
[    2.105178] calling  srcu_bootup_announce+0x0/0x2f @ 1
[    2.106182] rcu: Hierarchical SRCU implementation.
[    2.107192] initcall srcu_bootup_announce+0x0/0x2f returned 0 after 976 usecs
[    2.108181] calling  rcu_spawn_gp_kthread+0x0/0x1e1 @ 1
[    2.110390] initcall rcu_spawn_gp_kthread+0x0/0x1e1 returned 0 after 976 usecs
[    2.111181] calling  check_cpu_stall_init+0x0/0x1a @ 1
[    2.112179] initcall check_cpu_stall_init+0x0/0x1a returned 0 after 0 usecs
[    2.113187] calling  rcu_sysrq_init+0x0/0x21 @ 1
[    2.114177] initcall rcu_sysrq_init+0x0/0x21 returned 0 after 0 usecs
[    2.116177] calling  trace_init_flags_sys_enter+0x0/0xe @ 1
[    2.117192] initcall trace_init_flags_sys_enter+0x0/0xe returned 0 after 0 usecs
[    2.118181] calling  trace_init_flags_sys_exit+0x0/0xe @ 1
[    2.119241] initcall trace_init_flags_sys_exit+0x0/0xe returned 0 after 0 usecs
[    2.120200] calling  cpu_stop_init+0x0/0x6e @ 1
[    2.121507] initcall cpu_stop_init+0x0/0x6e returned 0 after 0 usecs
[    2.122179] calling  init_kprobes+0x0/0x165 @ 1
[    2.124622] initcall init_kprobes+0x0/0x165 returned 0 after 976 usecs
[    2.125179] calling  init_events+0x0/0x3d @ 1
[    2.126723] initcall init_events+0x0/0x3d returned 0 after 0 usecs
[    2.127179] calling  init_trace_printk+0x0/0xc @ 1
[    2.128179] initcall init_trace_printk+0x0/0xc returned 0 after 0 usecs
[    2.129178] calling  event_trace_enable_again+0x0/0x23 @ 1
[    2.130179] initcall event_trace_enable_again+0x0/0x23 returned 0 after 0 usecs
[    2.131179] calling  static_call_init+0x0/0x77 @ 1
[    2.132178] initcall static_call_init+0x0/0x77 returned 0 after 0 usecs
[    2.133178] calling  jump_label_init_module+0x0/0xc @ 1
[    2.134177] initcall jump_label_init_module+0x0/0xc returned 0 after 0 usecs
[    2.135177] calling  init_zero_pfn+0x0/0x37 @ 1
[    2.136177] initcall init_zero_pfn+0x0/0x37 returned 0 after 0 usecs
[    2.137177] calling  initialize_ptr_random+0x0/0x54 @ 1
[    2.138183] initcall initialize_ptr_random+0x0/0x54 returned 0 after 0 usecs
[    2.139200] calling  efi_memreserve_root_init+0x0/0x25 @ 1
[    2.140247] initcall efi_memreserve_root_init+0x0/0x25 returned 0 after 0 usecs
[    2.142179] calling  efi_earlycon_remap_fb+0x0/0x51 @ 1
[    2.143187] initcall efi_earlycon_remap_fb+0x0/0x51 returned 0 after 0 usecs
[    2.148439] smp: Bringing up secondary CPUs ...
[    2.150865] x86: Booting SMP configuration:
[    2.151232] .... node  #0, CPUs:        #1
[    1.172876] kvm-clock: cpu 1, msr 16eb7041, secondary cpu clock
[    2.177786] kvm-guest: stealtime: cpu 1, msr 1f25b600
[    2.193192]   #2
[    1.172876] kvm-clock: cpu 2, msr 16eb7081, secondary cpu clock
[    2.216306] kvm-guest: stealtime: cpu 2, msr 1f29b600
[    2.234631]   #3
[    1.172876] kvm-clock: cpu 3, msr 16eb70c1, secondary cpu clock
[    2.257725] kvm-guest: stealtime: cpu 3, msr 1f2db600
[    2.274177]   #4
[    1.172876] kvm-clock: cpu 4, msr 16eb7101, secondary cpu clock
[    2.298839] kvm-guest: stealtime: cpu 4, msr 1f31b600
[    2.314649]   #5
[    1.172876] kvm-clock: cpu 5, msr 16eb7141, secondary cpu clock
[    2.337174] kvm-guest: stealtime: cpu 5, msr 1f35b600
[    2.353622]   #6
[    1.172876] kvm-clock: cpu 6, msr 16eb7181, secondary cpu clock
[    2.378174] kvm-guest: stealtime: cpu 6, msr 1f39b600
[    2.395671]   #7
[    1.172876] kvm-clock: cpu 7, msr 16eb71c1, secondary cpu clock
[    2.419744] kvm-guest: stealtime: cpu 7, msr 1f3db600
[    2.435551]   #8
[    1.172876] kvm-clock: cpu 8, msr 16eb7201, secondary cpu clock
[    2.460496] kvm-guest: stealtime: cpu 8, msr 1f41b600
[    2.476081]   #9
[    1.172876] kvm-clock: cpu 9, msr 16eb7241, secondary cpu clock
[    2.501504] kvm-guest: stealtime: cpu 9, msr 1f45b600
[    2.517821]  #10
[    1.172876] kvm-clock: cpu 10, msr 16eb7281, secondary cpu clock
[    2.540551] kvm-guest: stealtime: cpu 10, msr 1f49b600
[    2.557696]  #11
[    1.172876] kvm-clock: cpu 11, msr 16eb72c1, secondary cpu clock
[    2.583832] kvm-guest: stealtime: cpu 11, msr 1f4db600
[    2.601120]  #12
[    1.172876] kvm-clock: cpu 12, msr 16eb7301, secondary cpu clock
[    2.626174] kvm-guest: stealtime: cpu 12, msr 1f51b600
[    2.645624]  #13
[    1.172876] kvm-clock: cpu 13, msr 16eb7341, secondary cpu clock
[    2.675315] kvm-guest: stealtime: cpu 13, msr 1f55b600
[    2.693944]  #14
[    1.172876] kvm-clock: cpu 14, msr 16eb7381, secondary cpu clock
[    2.718628] kvm-guest: stealtime: cpu 14, msr 1f59b600
[    2.737987]  #15
[    1.172876] kvm-clock: cpu 15, msr 16eb73c1, secondary cpu clock
[    2.763174] kvm-guest: stealtime: cpu 15, msr 1f5db600
[    2.782279] smp: Brought up 1 node, 16 CPUs
[    2.783185] smpboot: Max logical packages: 1
[    2.784185] smpboot: Total of 16 processors activated (63999.96 BogoMIPS)
[    2.808898] devtmpfs: initialized
[    2.812865] calling  ipc_ns_init+0x0/0x3d @ 1
[    2.814185] initcall ipc_ns_init+0x0/0x3d returned 0 after 976 usecs
[    2.815183] calling  init_mmap_min_addr+0x0/0x21 @ 1
[    2.816182] initcall init_mmap_min_addr+0x0/0x21 returned 0 after 0 usecs
[    2.817180] calling  pci_realloc_setup_params+0x0/0x3f @ 1
[    2.818183] initcall pci_realloc_setup_params+0x0/0x3f returned 0 after 0 usecs
[    2.820171] calling  net_ns_init+0x0/0x140 @ 1
[    2.827525] initcall net_ns_init+0x0/0x140 returned 0 after 5859 usecs
[    2.828211] calling  e820__register_nvs_regions+0x0/0x37 @ 1
[    2.829183] initcall e820__register_nvs_regions+0x0/0x37 returned 0 after 0 usecs
[    2.830182] calling  cpufreq_register_tsc_scaling+0x0/0x2e @ 1
[    2.831182] initcall cpufreq_register_tsc_scaling+0x0/0x2e returned 0 after 0 usecs
[    2.832184] calling  reboot_init+0x0/0x3c @ 1
[    2.835055] initcall reboot_init+0x0/0x3c returned 0 after 976 usecs
[    2.835180] calling  init_lapic_sysfs+0x0/0x20 @ 1
[    2.836180] initcall init_lapic_sysfs+0x0/0x20 returned 0 after 0 usecs
[    2.837180] calling  alloc_frozen_cpus+0x0/0x7 @ 1
[    2.838180] initcall alloc_frozen_cpus+0x0/0x7 returned 0 after 0 usecs
[    2.839188] calling  cpu_hotplug_pm_sync_init+0x0/0x13 @ 1
[    2.840181] initcall cpu_hotplug_pm_sync_init+0x0/0x13 returned 0 after 0 usecs
[    2.841180] calling  wq_sysfs_init+0x0/0x2a @ 1
[    2.842277] initcall wq_sysfs_init+0x0/0x2a returned 0 after 0 usecs
[    2.843178] calling  ksysfs_init+0x0/0x92 @ 1
[    2.844189] initcall ksysfs_init+0x0/0x92 returned 0 after 0 usecs
[    2.845178] calling  schedutil_gov_init+0x0/0xc @ 1
[    2.846274] initcall schedutil_gov_init+0x0/0xc returned 0 after 0 usecs
[    2.847224] calling  pm_init+0x0/0x76 @ 1
[    2.848318] initcall pm_init+0x0/0x76 returned 0 after 0 usecs
[    2.849178] calling  pm_disk_init+0x0/0x13 @ 1
[    2.851177] initcall pm_disk_init+0x0/0x13 returned 0 after 976 usecs
[    2.852179] calling  swsusp_header_init+0x0/0x2b @ 1
[    2.854184] initcall swsusp_header_init+0x0/0x2b returned 0 after 0 usecs
[    2.855180] calling  rcu_set_runtime_mode+0x0/0x16 @ 1
[    2.856627] initcall rcu_set_runtime_mode+0x0/0x16 returned 0 after 0 usecs
[    2.857179] calling  init_jiffies_clocksource+0x0/0x13 @ 1
[    2.858177] clocksource: jiffies: mask: 0xffffffff max_cycles: 0xffffffff, max_idle_ns: 1911260446275000 ns
[    2.859181] initcall init_jiffies_clocksource+0x0/0x13 returned 0 after 976 usecs
[    2.860186] calling  futex_init+0x0/0xf7 @ 1
[    2.861187] futex hash table entries: 4096 (order: 6, 262144 bytes, linear)
[    2.863905] initcall futex_init+0x0/0xf7 returned 0 after 1953 usecs
[    2.864185] calling  cgroup_wq_init+0x0/0x28 @ 1
[    2.865192] initcall cgroup_wq_init+0x0/0x28 returned 0 after 0 usecs
[    2.866181] calling  cgroup1_wq_init+0x0/0x28 @ 1
[    2.867193] initcall cgroup1_wq_init+0x0/0x28 returned 0 after 0 usecs
[    2.868181] calling  init_kprobe_trace_early+0x0/0x2a @ 1
[    2.870180] initcall init_kprobe_trace_early+0x0/0x2a returned 0 after 976 usecs
[    2.871181] calling  fsnotify_init+0x0/0x48 @ 1
[    2.872253] initcall fsnotify_init+0x0/0x48 returned 0 after 0 usecs
[    2.873180] calling  filelock_init+0x0/0x96 @ 1
[    2.874198] initcall filelock_init+0x0/0x96 returned 0 after 0 usecs
[    2.875237] calling  init_misc_binfmt+0x0/0x2c @ 1
[    2.876269] initcall init_misc_binfmt+0x0/0x2c returned 0 after 0 usecs
[    2.877319] calling  init_script_binfmt+0x0/0x15 @ 1
[    2.878183] initcall init_script_binfmt+0x0/0x15 returned 0 after 0 usecs
[    2.879181] calling  init_elf_binfmt+0x0/0x15 @ 1
[    2.880181] initcall init_elf_binfmt+0x0/0x15 returned 0 after 0 usecs
[    2.881181] calling  init_compat_elf_binfmt+0x0/0x15 @ 1
[    2.882179] initcall init_compat_elf_binfmt+0x0/0x15 returned 0 after 0 usecs
[    2.883179] calling  debugfs_init+0x0/0x5c @ 1
[    2.884225] initcall debugfs_init+0x0/0x5c returned 0 after 0 usecs
[    2.885181] calling  tracefs_init+0x0/0x3a @ 1
[    2.886188] initcall tracefs_init+0x0/0x3a returned 0 after 0 usecs
[    2.887182] calling  prandom_init_early+0x0/0x15d @ 1
[    2.888181] initcall prandom_init_early+0x0/0x15d returned 0 after 0 usecs
[    2.889311] calling  virtio_init+0x0/0x20 @ 1
[    2.890254] initcall virtio_init+0x0/0x20 returned 0 after 0 usecs
[    2.891183] calling  iommu_init+0x0/0x2a @ 1
[    2.892280] initcall iommu_init+0x0/0x2a returned 0 after 0 usecs
[    2.893182] calling  component_debug_init+0x0/0x1c @ 1
[    2.895213] initcall component_debug_init+0x0/0x1c returned 0 after 976 usecs
[    2.896182] calling  early_resume_init+0x0/0xb9 @ 1
[    2.898176] PM: RTC time: 23:01:24, date: 2022-12-13
[    2.899182] initcall early_resume_init+0x0/0xb9 returned 0 after 1953 usecs
[    2.900517] calling  cpufreq_core_init+0x0/0x62 @ 1
[    2.901279] initcall cpufreq_core_init+0x0/0x62 returned 0 after 0 usecs
[    2.903183] calling  cpufreq_gov_performance_init+0x0/0xc @ 1
[    2.904188] initcall cpufreq_gov_performance_init+0x0/0xc returned 0 after 0 usecs
[    2.905183] calling  cpufreq_gov_userspace_init+0x0/0xc @ 1
[    2.906182] initcall cpufreq_gov_userspace_init+0x0/0xc returned 0 after 0 usecs
[    2.907184] calling  CPU_FREQ_GOV_ONDEMAND_init+0x0/0xc @ 1
[    2.908187] initcall CPU_FREQ_GOV_ONDEMAND_init+0x0/0xc returned 0 after 0 usecs
[    2.909180] calling  cpuidle_init+0x0/0x1f @ 1
[    2.910414] initcall cpuidle_init+0x0/0x1f returned 0 after 0 usecs
[    2.911181] calling  capsule_reboot_register+0x0/0xc @ 1
[    2.912379] initcall capsule_reboot_register+0x0/0xc returned 0 after 0 usecs
[    2.913180] calling  sock_init+0x0/0x93 @ 1
[    2.918821] initcall sock_init+0x0/0x93 returned 0 after 3906 usecs
[    2.919182] calling  net_inuse_init+0x0/0x23 @ 1
[    2.920191] initcall net_inuse_init+0x0/0x23 returned 0 after 0 usecs
[    2.921185] calling  net_defaults_init+0x0/0x23 @ 1
[    2.922185] initcall net_defaults_init+0x0/0x23 returned 0 after 0 usecs
[    2.923183] calling  init_default_flow_dissectors+0x0/0x4f @ 1
[    2.924180] initcall init_default_flow_dissectors+0x0/0x4f returned 0 after 0 usecs
[    2.925180] calling  netpoll_init+0x0/0x26 @ 1
[    2.926178] initcall netpoll_init+0x0/0x26 returned 0 after 0 usecs
[    2.927180] calling  netlink_proto_init+0x0/0x14f @ 1
[    2.929224] NET: Registered protocol family 16
[    2.930194] initcall netlink_proto_init+0x0/0x14f returned 0 after 1953 usecs
[    2.931179] calling  genl_init+0x0/0x35 @ 1
[    2.932322] initcall genl_init+0x0/0x35 returned 0 after 0 usecs
[    2.933200] calling  bsp_pm_check_init+0x0/0x13 @ 1
[    2.934179] initcall bsp_pm_check_init+0x0/0x13 returned 0 after 0 usecs
[    2.935201] calling  irq_sysfs_init+0x0/0xb7 @ 1
[    2.936338] initcall irq_sysfs_init+0x0/0xb7 returned 0 after 0 usecs
[    2.937179] calling  audit_init+0x0/0x160 @ 1
[    2.938180] audit: initializing netlink subsys (disabled)
[    2.940690] initcall audit_init+0x0/0x160 returned 0 after 1953 usecs
[    2.940751] audit: type=2000 audit(1670972483.509:1): state=initialized audit_enabled=0 res=1
[    2.941181] calling  release_early_probes+0x0/0x32 @ 1
[    2.941186] initcall release_early_probes+0x0/0x32 returned 0 after 0 usecs
[    2.944180] calling  bdi_class_init+0x0/0x48 @ 1
[    2.945263] initcall bdi_class_init+0x0/0x48 returned 0 after 0 usecs
[    2.946179] calling  mm_sysfs_init+0x0/0x28 @ 1
[    2.947186] initcall mm_sysfs_init+0x0/0x28 returned 0 after 0 usecs
[    2.948182] calling  init_per_zone_wmark_min+0x0/0x6d @ 1
[    2.949185] initcall init_per_zone_wmark_min+0x0/0x6d returned 0 after 0 usecs
[    2.950180] calling  mpi_init+0x0/0x3e @ 1
[    2.951196] initcall mpi_init+0x0/0x3e returned 0 after 0 usecs
[    2.952178] calling  kobject_uevent_init+0x0/0xc @ 1
[    2.953186] initcall kobject_uevent_init+0x0/0xc returned 0 after 0 usecs
[    2.954178] calling  pcibus_class_init+0x0/0x13 @ 1
[    2.956175] initcall pcibus_class_init+0x0/0x13 returned 0 after 0 usecs
[    2.957179] calling  pci_driver_init+0x0/0x21 @ 1
[    2.959223] initcall pci_driver_init+0x0/0x21 returned 0 after 976 usecs
[    2.960183] calling  backlight_class_init+0x0/0xa8 @ 1
[    2.961240] initcall backlight_class_init+0x0/0xa8 returned 0 after 0 usecs
[    2.962183] calling  tty_class_init+0x0/0x33 @ 1
[    2.963199] initcall tty_class_init+0x0/0x33 returned 0 after 0 usecs
[    2.964180] calling  vtconsole_class_init+0x0/0xb5 @ 1
[    2.965243] initcall vtconsole_class_init+0x0/0xb5 returned 0 after 0 usecs
[    2.966181] calling  iommu_dev_init+0x0/0x13 @ 1
[    2.967217] initcall iommu_dev_init+0x0/0x13 returned 0 after 0 usecs
[    2.968180] calling  mipi_dsi_bus_init+0x0/0xc @ 1
[    2.969229] initcall mipi_dsi_bus_init+0x0/0xc returned 0 after 0 usecs
[    2.970180] calling  devlink_class_init+0x0/0x40 @ 1
[    2.971187] initcall devlink_class_init+0x0/0x40 returned 0 after 0 usecs
[    2.972179] calling  software_node_init+0x0/0x2a @ 1
[    2.973183] initcall software_node_init+0x0/0x2a returned 0 after 0 usecs
[    2.974178] calling  wakeup_sources_debugfs_init+0x0/0x23 @ 1
[    2.975267] initcall wakeup_sources_debugfs_init+0x0/0x23 returned 0 after 0 usecs
[    2.976179] calling  wakeup_sources_sysfs_init+0x0/0x2c @ 1
[    2.977188] initcall wakeup_sources_sysfs_init+0x0/0x2c returned 0 after 0 usecs
[    2.978179] calling  register_node_type+0x0/0x13 @ 1
[    2.979245] initcall register_node_type+0x0/0x13 returned 0 after 0 usecs
[    2.980179] calling  regmap_initcall+0x0/0xc @ 1
[    2.981232] initcall regmap_initcall+0x0/0xc returned 0 after 0 usecs
[    2.982194] calling  i2c_init+0x0/0xb3 @ 1
[    2.983252] initcall i2c_init+0x0/0xb3 returned 0 after 0 usecs
[    2.984177] calling  thermal_init+0x0/0xf2 @ 1
[    2.985222] thermal_sys: Registered thermal governor 'step_wise'
[    2.985223] thermal_sys: Registered thermal governor 'user_space'
[    2.986186] initcall thermal_init+0x0/0xf2 returned 0 after 976 usecs
[    2.988178] calling  init_menu+0x0/0xc @ 1
[    2.991432] cpuidle: using governor menu
[    2.996185] initcall init_menu+0x0/0xc returned 0 after 6835 usecs
[    3.004187] calling  pcc_init+0x0/0x4d @ 1
[    3.009213] initcall pcc_init+0x0/0x4d returned -19 after 0 usecs
[    3.017180] calling  amd_postcore_init+0x0/0x11e @ 1
[    3.023182] initcall amd_postcore_init+0x0/0x11e returned 0 after 0 usecs
[    3.032205] calling  bts_init+0x0/0xba @ 1
[    3.037181] initcall bts_init+0x0/0xba returned -19 after 0 usecs
[    3.044180] calling  pt_init+0x0/0x341 @ 1
[    3.050181] initcall pt_init+0x0/0x341 returned -19 after 0 usecs
[    3.056179] calling  boot_params_ksysfs_init+0x0/0x2ee @ 1
[    3.061240] initcall boot_params_ksysfs_init+0x0/0x2ee returned 0 after 0 usecs
[    3.065179] calling  sbf_init+0x0/0xea @ 1
[    3.067178] initcall sbf_init+0x0/0xea returned 0 after 0 usecs
[    3.075180] calling  arch_kdebugfs_init+0x0/0x219 @ 1
[    3.082459] initcall arch_kdebugfs_init+0x0/0x219 returned 0 after 0 usecs
[    3.092180] calling  intel_pconfig_init+0x0/0x85 @ 1
[    3.100178] initcall intel_pconfig_init+0x0/0x85 returned 0 after 0 usecs
[    3.110179] calling  mtrr_if_init+0x0/0x5d @ 1
[    3.129211] initcall mtrr_if_init+0x0/0x5d returned 0 after 11718 usecs
[    3.139182] calling  activate_jump_labels+0x0/0x31 @ 1
[    3.147182] initcall activate_jump_labels+0x0/0x31 returned 0 after 0 usecs
[    3.158180] calling  ffh_cstate_init+0x0/0x29 @ 1
[    3.164188] initcall ffh_cstate_init+0x0/0x29 returned 0 after 0 usecs
[    3.172183] calling  activate_jump_labels+0x0/0x31 @ 1
[    3.184963] initcall activate_jump_labels+0x0/0x31 returned 0 after 3906 usecs
[    3.196185] calling  kvm_alloc_cpumask+0x0/0x74 @ 1
[    3.204237] initcall kvm_alloc_cpumask+0x0/0x74 returned 0 after 0 usecs
[    3.212185] calling  kcmp_cookies_init+0x0/0x37 @ 1
[    3.220192] initcall kcmp_cookies_init+0x0/0x37 returned 0 after 0 usecs
[    3.231182] calling  cryptomgr_init+0x0/0xc @ 1
[    3.236319] initcall cryptomgr_init+0x0/0xc returned 0 after 0 usecs
[    3.243183] calling  acpi_pci_init+0x0/0x57 @ 1
[    3.249185] ACPI: bus type PCI registered
[    3.255185] initcall acpi_pci_init+0x0/0x57 returned 0 after 5859 usecs
[    3.265184] calling  dma_channel_table_init+0x0/0xd1 @ 1
[    3.273196] initcall dma_channel_table_init+0x0/0xd1 returned 0 after 0 usecs
[    3.283195] calling  dma_bus_init+0x0/0xdc @ 1
[    3.292267] initcall dma_bus_init+0x0/0xdc returned 0 after 976 usecs
[    3.302514] calling  iommu_dma_init+0x0/0x10 @ 1
[    3.310189] initcall iommu_dma_init+0x0/0x10 returned 0 after 0 usecs
[    3.318188] calling  dmi_id_init+0x0/0x37c @ 1
[    3.326490] initcall dmi_id_init+0x0/0x37c returned 0 after 976 usecs
[    3.336187] calling  pci_arch_init+0x0/0x71 @ 1
[    3.344676] PCI: MMCONFIG for domain 0000 [bus 00-ff] at [mem 0xb0000000-0xbfffffff] (base 0xb0000000)
[    3.357171] PCI: MMCONFIG at [mem 0xb0000000-0xbfffffff] reserved in E820
[    3.357171] PCI: Using configuration type 1 for base access
[    3.358520] initcall pci_arch_init+0x0/0x71 returned 0 after 17578 usecs
[    3.367228] calling  init_vdso+0x0/0x13 @ 1
[    3.371583] initcall init_vdso+0x0/0x13 returned 0 after 0 usecs
[    3.376228] calling  sysenter_setup+0x0/0x13 @ 1
[    3.381196] initcall sysenter_setup+0x0/0x13 returned 0 after 976 usecs
[    3.386188] calling  fixup_ht_bug+0x0/0xe5 @ 1
[    3.388183] initcall fixup_ht_bug+0x0/0xe5 returned 0 after 0 usecs
[    3.394182] calling  topology_init+0x0/0x88 @ 1
[    3.400171] initcall topology_init+0x0/0x88 returned 0 after 1953 usecs
[    3.408186] calling  intel_epb_init+0x0/0x68 @ 1
[    3.413182] initcall intel_epb_init+0x0/0x68 returned -19 after 0 usecs
[    3.422181] calling  mtrr_init_finialize+0x0/0x3e @ 1
[    3.425183] initcall mtrr_init_finialize+0x0/0x3e returned 0 after 0 usecs
[    3.429182] calling  uid_cache_init+0x0/0x85 @ 1
[    3.431190] initcall uid_cache_init+0x0/0x85 returned 0 after 0 usecs
[    3.436179] calling  param_sysfs_init+0x0/0x1ba @ 1
[    3.446360] initcall param_sysfs_init+0x0/0x1ba returned 0 after 7812 usecs
[    3.454194] calling  user_namespace_sysctl_init+0x0/0x33 @ 1
[    3.455228] initcall user_namespace_sysctl_init+0x0/0x33 returned 0 after 0 usecs
[    3.462197] calling  proc_schedstat_init+0x0/0x24 @ 1
[    3.468460] initcall proc_schedstat_init+0x0/0x24 returned 0 after 0 usecs
[    3.475182] calling  pm_sysrq_init+0x0/0x18 @ 1
[    3.491228] initcall pm_sysrq_init+0x0/0x18 returned 0 after 8789 usecs
[    3.501771] calling  create_proc_profile+0x0/0xd0 @ 1
[    3.505182] initcall create_proc_profile+0x0/0xd0 returned 0 after 0 usecs
[    3.512180] calling  time_ns_init+0x0/0x7 @ 1
[    3.515187] initcall time_ns_init+0x0/0x7 returned 0 after 0 usecs
[    3.523181] calling  crash_save_vmcoreinfo_init+0x0/0x722 @ 1
[    3.530842] initcall crash_save_vmcoreinfo_init+0x0/0x722 returned 0 after 0 usecs
[    3.534181] calling  crash_notes_memory_init+0x0/0x35 @ 1
[    3.538189] initcall crash_notes_memory_init+0x0/0x35 returned 0 after 0 usecs
[    3.543182] calling  cgroup_sysfs_init+0x0/0x13 @ 1
[    3.549561] initcall cgroup_sysfs_init+0x0/0x13 returned 0 after 0 usecs
[    3.567171] calling  cgroup_namespaces_init+0x0/0x7 @ 1
[    3.578397] initcall cgroup_namespaces_init+0x0/0x7 returned 0 after 0 usecs
[    3.585184] calling  init_optprobes+0x0/0x13 @ 1
[    3.591356] Kprobes globally optimized
[    3.595183] initcall init_optprobes+0x0/0x13 returned 0 after 3906 usecs
[    3.601185] calling  oom_init+0x0/0x2f @ 1
[    3.610713] initcall oom_init+0x0/0x2f returned 0 after 4882 usecs
[    3.618188] calling  default_bdi_init+0x0/0xb3 @ 1
[    3.643301] initcall default_bdi_init+0x0/0xb3 returned 0 after 20507 usecs
[    3.652185] calling  percpu_enable_async+0x0/0xe @ 1
[    3.659186] initcall percpu_enable_async+0x0/0xe returned 0 after 0 usecs
[    3.669183] calling  kcompactd_init+0x0/0x8d @ 1
[    3.683468] initcall kcompactd_init+0x0/0x8d returned 0 after 6835 usecs
[    3.691171] calling  init_user_reserve+0x0/0x40 @ 1
[    3.696358] initcall init_user_reserve+0x0/0x40 returned 0 after 0 usecs
[    3.707181] calling  init_admin_reserve+0x0/0x40 @ 1
[    3.713188] initcall init_admin_reserve+0x0/0x40 returned 0 after 0 usecs
[    3.721503] calling  init_reserve_notifier+0x0/0x7 @ 1
[    3.730179] initcall init_reserve_notifier+0x0/0x7 returned 0 after 976 usecs
[    3.739181] calling  swap_init_sysfs+0x0/0x62 @ 1
[    3.746337] initcall swap_init_sysfs+0x0/0x62 returned 0 after 976 usecs
[    3.755179] calling  swapfile_init+0x0/0x94 @ 1
[    3.761180] initcall swapfile_init+0x0/0x94 returned 0 after 0 usecs
[    3.769179] calling  hugetlb_init+0x0/0x496 @ 1
[    3.775751] HugeTLB registered 2.00 MiB page size, pre-allocated 0 pages
[    3.786181] initcall hugetlb_init+0x0/0x496 returned 0 after 11718 usecs
[    3.795188] calling  io_wq_init+0x0/0x34 @ 1
[    3.800370] initcall io_wq_init+0x0/0x34 returned 0 after 0 usecs
[    3.809338] calling  seqiv_module_init+0x0/0xc @ 1
[    3.816179] initcall seqiv_module_init+0x0/0xc returned 0 after 1953 usecs
[    3.823182] calling  echainiv_module_init+0x0/0xc @ 1
[    3.832179] initcall echainiv_module_init+0x0/0xc returned 0 after 0 usecs
[    3.842910] calling  rsa_init+0x0/0x50 @ 1
[    3.856382] initcall rsa_init+0x0/0x50 returned 0 after 6835 usecs
[    3.859491] cryptomgr_test (130) used greatest stack depth: 15208 bytes left
[    3.863188] calling  crypto_cmac_module_init+0x0/0xc @ 1
[    3.879187] initcall crypto_cmac_module_init+0x0/0xc returned 0 after 0 usecs
[    3.889190] calling  hmac_module_init+0x0/0xc @ 1
[    3.896183] initcall hmac_module_init+0x0/0xc returned 0 after 976 usecs
[    3.907187] calling  crypto_null_mod_init+0x0/0x65 @ 1
[    3.936555] initcall crypto_null_mod_init+0x0/0x65 returned 0 after 22460 usecs
[    3.946189] calling  md5_mod_init+0x0/0xc @ 1
[    3.958171] initcall md5_mod_init+0x0/0xc returned 0 after 4882 usecs
[    3.965185] calling  sha256_generic_mod_init+0x0/0x11 @ 1
[    4.069579] initcall sha256_generic_mod_init+0x0/0x11 returned 0 after 93750 usecs
[    4.080638] calling  crypto_cbc_module_init+0x0/0xc @ 1
[    4.088196] initcall crypto_cbc_module_init+0x0/0xc returned 0 after 0 usecs
[    4.098656] calling  crypto_ctr_module_init+0x0/0x11 @ 1
[    4.107189] initcall crypto_ctr_module_init+0x0/0x11 returned 0 after 0 usecs
[    4.115183] calling  crypto_gcm_module_init+0x0/0x64 @ 1
[    4.124673] initcall crypto_gcm_module_init+0x0/0x64 returned 0 after 976 usecs
[    4.136181] calling  crypto_ccm_module_init+0x0/0x11 @ 1
[    4.144616] initcall crypto_ccm_module_init+0x0/0x11 returned 0 after 0 usecs
[    4.154179] calling  aes_init+0x0/0xc @ 1
[    4.162532] initcall aes_init+0x0/0xc returned 0 after 2929 usecs
[    4.170186] calling  crc32c_mod_init+0x0/0xc @ 1
[    4.182192] initcall crc32c_mod_init+0x0/0xc returned 0 after 5859 usecs
[    4.187187] calling  crypto_authenc_module_init+0x0/0xc @ 1
[    4.196979] initcall crypto_authenc_module_init+0x0/0xc returned 0 after 0 usecs
[    4.206187] calling  crypto_authenc_esn_module_init+0x0/0xc @ 1
[    4.213817] initcall crypto_authenc_esn_module_init+0x0/0xc returned 0 after 0 usecs
[    4.222189] calling  drbg_init+0x0/0x7c @ 1
[    4.266627] initcall drbg_init+0x0/0x7c returned 0 after 35156 usecs
[    4.275650] calling  ghash_mod_init+0x0/0xc @ 1
[    4.284055] initcall ghash_mod_init+0x0/0xc returned 0 after 1953 usecs
[    4.292185] calling  init_bio+0x0/0x9a @ 1
[    4.298702] initcall init_bio+0x0/0x9a returned 0 after 1953 usecs
[    4.306725] calling  blk_settings_init+0x0/0x29 @ 1
[    4.313183] initcall blk_settings_init+0x0/0x29 returned 0 after 0 usecs
[    4.322180] calling  blk_ioc_init+0x0/0x29 @ 1
[    4.327188] initcall blk_ioc_init+0x0/0x29 returned 0 after 0 usecs
[    4.335180] calling  blk_mq_init+0x0/0xb9 @ 1
[    4.340301] initcall blk_mq_init+0x0/0xb9 returned 0 after 0 usecs
[    4.348179] calling  genhd_device_init+0x0/0x75 @ 1
[    4.374731] initcall genhd_device_init+0x0/0x75 returned 0 after 19531 usecs
[    4.380862] calling  pci_slot_init+0x0/0x40 @ 1
[    4.385434] initcall pci_slot_init+0x0/0x40 returned 0 after 0 usecs
[    4.392182] calling  fbmem_init+0x0/0xd8 @ 1
[    4.402662] initcall fbmem_init+0x0/0xd8 returned 0 after 7812 usecs
[    4.410181] calling  acpi_init+0x0/0x319 @ 1
[    4.433171] ACPI: Added _OSI(Module Device)
[    4.445178] ACPI: Added _OSI(Processor Device)
[    4.449177] ACPI: Added _OSI(3.0 _SCP Extensions)
[    4.455177] ACPI: Added _OSI(Processor Aggregator Device)
[    4.462416] ACPI: Added _OSI(Linux-Dell-Video)
[    4.468178] ACPI: Added _OSI(Linux-Lenovo-NV-HDMI-Audio)
[    4.476178] ACPI: Added _OSI(Linux-HPI-Hybrid-Graphics)
[    4.500583] ACPI: 1 ACPI AML tables successfully acquired and loaded
[    4.568433] ACPI: Interpreter enabled
[    4.576827] ACPI: (supports S0 S3 S4 S5)
[    4.581393] ACPI: Using IOAPIC for interrupt routing
[    4.594374] PCI: Using host bridge windows from ACPI; if necessary, use "pci=nocrs" and report a bug
[    4.609633] ACPI: Enabled 2 GPEs in block 00 to 3F
[    4.627739] ACPI: PCI Root Bridge [PCI0] (domain 0000 [bus 00-ff])
[    4.636576] acpi PNP0A08:00: _OSC: OS supports [ExtendedConfig ASPM ClockPM Segments MSI HPX-Type3]
[    4.648288] acpi PNP0A08:00: _OSC: platform does not support [LTR]
[    4.655257] acpi PNP0A08:00: _OSC: OS now controls [PME PCIeCapability]
[    4.664675] PCI host bridge to bus 0000:00
[    4.670270] pci_bus 0000:00: root bus resource [io  0x0000-0x0cf7 window]
[    4.680223] pci_bus 0000:00: root bus resource [io  0x0d00-0xffff window]
[    4.689181] pci_bus 0000:00: root bus resource [mem 0x000a0000-0x000bffff window]
[    4.698179] pci_bus 0000:00: root bus resource [mem 0x20000000-0xafffffff window]
[    4.707179] pci_bus 0000:00: root bus resource [mem 0xc0000000-0xfebfffff window]
[    4.716178] pci_bus 0000:00: root bus resource [mem 0x100000000-0x8ffffffff window]
[    4.726180] pci_bus 0000:00: root bus resource [bus 00-ff]
[    4.733171] pci 0000:00:00.0: calling  quirk_mmio_always_on+0x0/0x10 @ 1
[    4.742183] pci 0000:00:00.0: quirk_mmio_always_on+0x0/0x10 took 0 usecs
[    4.751179] pci 0000:00:00.0: [8086:29c0] type 00 class 0x060000
[    4.762975] pci 0000:00:00.0: calling  quirk_igfx_skip_te_disable+0x0/0x80 @ 1
[    4.772687] pci 0000:00:00.0: quirk_igfx_skip_te_disable+0x0/0x80 took 0 usecs
[    4.784752] pci 0000:00:01.0: [1234:1111] type 00 class 0x030000
[    4.811171] pci 0000:00:01.0: reg 0x10: [mem 0xfd000000-0xfdffffff pref]
[    4.840171] pci 0000:00:01.0: reg 0x18: [mem 0xfebf0000-0xfebf0fff]
[    4.896171] pci 0000:00:01.0: reg 0x30: [mem 0xfebe0000-0xfebeffff pref]
[    4.920171] pci 0000:00:01.0: calling  efifb_fixup_resources+0x0/0xf0 @ 1
[    4.930287] pci 0000:00:01.0: efifb_fixup_resources+0x0/0xf0 took 0 usecs
[    4.952846] pci 0000:00:1f.0: [8086:2918] type 00 class 0x060100
[    4.966377] pci 0000:00:1f.0: calling  quirk_ich7_lpc+0x0/0x60 @ 1
[    4.976482] pci 0000:00:1f.0: quirk: [io  0x0600-0x067f] claimed by ICH6 ACPI/GPIO/TCO
[    4.989685] pci 0000:00:1f.0: quirk_ich7_lpc+0x0/0x60 took 12695 usecs
[    4.999319] pci 0000:00:1f.0: calling  quirk_igfx_skip_te_disable+0x0/0x80 @ 1
[    5.010219] pci 0000:00:1f.0: quirk_igfx_skip_te_disable+0x0/0x80 took 0 usecs
[    5.023690] pci 0000:00:1f.2: [8086:2922] type 00 class 0x010601
[    5.058182] pci 0000:00:1f.2: reg 0x20: [io  0xc040-0xc05f]
[    5.070182] pci 0000:00:1f.2: reg 0x24: [mem 0xfebf1000-0xfebf1fff]
[    5.081361] pci 0000:00:1f.2: calling  quirk_igfx_skip_te_disable+0x0/0x80 @ 1
[    5.091184] pci 0000:00:1f.2: quirk_igfx_skip_te_disable+0x0/0x80 took 0 usecs
[    5.103511] pci 0000:00:1f.3: [8086:2930] type 00 class 0x0c0500
[    5.117590] pci 0000:00:1f.3: reg 0x20: [io  0x0700-0x073f]
[    5.126957] pci 0000:00:1f.3: calling  quirk_igfx_skip_te_disable+0x0/0x80 @ 1
[    5.136185] pci 0000:00:1f.3: quirk_igfx_skip_te_disable+0x0/0x80 took 0 usecs
[    5.151243] ACPI: PCI Interrupt Link [LNKA] (IRQs 5 *10 11)
[    5.159639] ACPI: PCI Interrupt Link [LNKB] (IRQs 5 *10 11)
[    5.165301] ACPI: PCI Interrupt Link [LNKC] (IRQs 5 10 *11)
[    5.172654] ACPI: PCI Interrupt Link [LNKD] (IRQs 5 10 *11)
[    5.180395] ACPI: PCI Interrupt Link [LNKE] (IRQs 5 *10 11)
[    5.188196] ACPI: PCI Interrupt Link [LNKF] (IRQs 5 *10 11)
[    5.196615] ACPI: PCI Interrupt Link [LNKG] (IRQs 5 10 *11)
[    5.203195] ACPI: PCI Interrupt Link [LNKH] (IRQs 5 10 *11)
[    5.210278] ACPI: PCI Interrupt Link [GSIA] (IRQs *16)
[    5.217224] ACPI: PCI Interrupt Link [GSIB] (IRQs *17)
[    5.223193] ACPI: PCI Interrupt Link [GSIC] (IRQs *18)
[    5.229228] ACPI: PCI Interrupt Link [GSID] (IRQs *19)
[    5.236197] ACPI: PCI Interrupt Link [GSIE] (IRQs *20)
[    5.242210] ACPI: PCI Interrupt Link [GSIF] (IRQs *21)
[    5.249216] ACPI: PCI Interrupt Link [GSIG] (IRQs *22)
[    5.256276] ACPI: PCI Interrupt Link [GSIH] (IRQs *23)
[    5.270548] initcall acpi_init+0x0/0x319 returned 0 after 834960 usecs
[    5.281483] calling  pnp_init+0x0/0xc @ 1
[    5.287299] initcall pnp_init+0x0/0xc returned 0 after 976 usecs
[    5.297184] calling  misc_init+0x0/0xbf @ 1
[    5.303473] initcall misc_init+0x0/0xbf returned 0 after 0 usecs
[    5.311284] calling  iommu_subsys_init+0x0/0x4e @ 1
[    5.318488] iommu: Default domain type: Translated 
[    5.324181] initcall iommu_subsys_init+0x0/0x4e returned 0 after 5859 usecs
[    5.333183] calling  vga_arb_device_init+0x0/0x261 @ 1
[    5.341612] pci 0000:00:01.0: vgaarb: setting as boot VGA device
[    5.342171] pci 0000:00:01.0: vgaarb: VGA device added: decodes=io+mem,owns=io+mem,locks=none
[    5.360190] pci 0000:00:01.0: vgaarb: bridge control possible
[    5.367175] vgaarb: loaded
[    5.371184] initcall vga_arb_device_init+0x0/0x261 returned 0 after 31250 usecs
[    5.380251] calling  cn_init+0x0/0xf0 @ 1
[    5.386935] initcall cn_init+0x0/0xf0 returned 0 after 976 usecs
[    5.394181] calling  dma_buf_init+0x0/0xad @ 1
[    5.400410] initcall dma_buf_init+0x0/0xad returned 0 after 976 usecs
[    5.409182] calling  init_scsi+0x0/0x79 @ 1
[    5.414997] SCSI subsystem initialized
[    5.420180] initcall init_scsi+0x0/0x79 returned 0 after 5859 usecs
[    5.427179] calling  ata_init+0x0/0x332 @ 1
[    5.438174] libata version 3.00 loaded.
[    5.444182] initcall ata_init+0x0/0x332 returned 0 after 11718 usecs
[    5.452186] calling  phy_init+0x0/0x250 @ 1
[    5.458623] initcall phy_init+0x0/0x250 returned 0 after 0 usecs
[    5.466189] calling  init_pcmcia_cs+0x0/0x35 @ 1
[    5.472265] initcall init_pcmcia_cs+0x0/0x35 returned 0 after 0 usecs
[    5.481181] calling  usb_common_init+0x0/0x1c @ 1
[    5.487376] initcall usb_common_init+0x0/0x1c returned 0 after 0 usecs
[    5.496183] calling  usb_init+0x0/0x12e @ 1
[    5.501287] ACPI: bus type USB registered
[    5.506933] usbcore: registered new interface driver usbfs
[    5.514333] usbcore: registered new interface driver hub
[    5.521233] usbcore: registered new device driver usb
[    5.528187] initcall usb_init+0x0/0x12e returned 0 after 26367 usecs
[    5.537211] calling  serio_init+0x0/0x29 @ 1
[    5.542291] initcall serio_init+0x0/0x29 returned 0 after 0 usecs
[    5.549180] calling  input_init+0x0/0xf6 @ 1
[    5.555358] initcall input_init+0x0/0xf6 returned 0 after 0 usecs
[    5.562181] calling  rtc_init+0x0/0x4d @ 1
[    5.568215] initcall rtc_init+0x0/0x4d returned 0 after 0 usecs
[    5.576180] calling  pps_init+0x0/0xa9 @ 1
[    5.582345] pps_core: LinuxPPS API ver. 1 registered
[    5.589177] pps_core: Software ver. 5.3.6 - Copyright 2005-2007 Rodolfo Giometti <giometti@linux.it>
[    5.600232] initcall pps_init+0x0/0xa9 returned 0 after 17578 usecs
[    5.608180] calling  ptp_init+0x0/0x98 @ 1
[    5.614195] PTP clock support registered
[    5.619181] initcall ptp_init+0x0/0x98 returned 0 after 4882 usecs
[    5.626180] calling  power_supply_class_init+0x0/0x3f @ 1
[    5.634363] initcall power_supply_class_init+0x0/0x3f returned 0 after 976 usecs
[    5.646184] calling  hwmon_init+0x0/0x104 @ 1
[    5.652200] initcall hwmon_init+0x0/0x104 returned 0 after 0 usecs
[    5.662184] calling  md_init+0x0/0x16b @ 1
[    5.670184] initcall md_init+0x0/0x16b returned 0 after 1953 usecs
[    5.679181] calling  leds_init+0x0/0x3b @ 1
[    5.684335] initcall leds_init+0x0/0x3b returned 0 after 0 usecs
[    5.691178] calling  dmi_init+0x0/0x113 @ 1
[    5.696903] initcall dmi_init+0x0/0x113 returned 0 after 976 usecs
[    5.704179] calling  efisubsys_init+0x0/0x4e7 @ 1
[    5.710507] initcall efisubsys_init+0x0/0x4e7 returned 0 after 0 usecs
[    5.719179] calling  nvmem_init+0x0/0xc @ 1
[    5.724459] initcall nvmem_init+0x0/0xc returned 0 after 0 usecs
[    5.733180] calling  init_soundcore+0x0/0x33 @ 1
[    5.739192] initcall init_soundcore+0x0/0x33 returned 0 after 0 usecs
[    5.746179] calling  alsa_sound_init+0x0/0x8f @ 1
[    5.752334] Advanced Linux Sound Architecture Driver Initialized.
[    5.760179] initcall alsa_sound_init+0x0/0x8f returned 0 after 7812 usecs
[    5.768179] calling  alsa_seq_device_init+0x0/0x71 @ 1
[    5.774358] initcall alsa_seq_device_init+0x0/0x71 returned 0 after 0 usecs
[    5.782179] calling  hda_bus_init+0x0/0xc @ 1
[    5.788232] initcall hda_bus_init+0x0/0xc returned 0 after 0 usecs
[    5.795177] calling  proto_init+0x0/0xc @ 1
[    5.800311] initcall proto_init+0x0/0xc returned 0 after 0 usecs
[    5.807178] calling  net_dev_init+0x0/0x209 @ 1
[    5.815043] initcall net_dev_init+0x0/0x209 returned 0 after 1953 usecs
[    5.825185] calling  neigh_init+0x0/0x84 @ 1
[    5.832186] initcall neigh_init+0x0/0x84 returned 0 after 0 usecs
[    5.841184] calling  fib_notifier_init+0x0/0xc @ 1
[    5.848186] initcall fib_notifier_init+0x0/0xc returned 0 after 0 usecs
[    5.857192] calling  fib_rules_init+0x0/0xab @ 1
[    5.864287] initcall fib_rules_init+0x0/0xab returned 0 after 0 usecs
[    5.874181] calling  pktsched_init+0x0/0x10e @ 1
[    5.879274] initcall pktsched_init+0x0/0x10e returned 0 after 0 usecs
[    5.888181] calling  tc_filter_init+0x0/0xfa @ 1
[    5.893240] initcall tc_filter_init+0x0/0xfa returned 0 after 0 usecs
[    5.901180] calling  tc_action_init+0x0/0x54 @ 1
[    5.907181] initcall tc_action_init+0x0/0x54 returned 0 after 0 usecs
[    5.914179] calling  ethnl_init+0x0/0x52 @ 1
[    5.920422] initcall ethnl_init+0x0/0x52 returned 0 after 0 usecs
[    5.927279] calling  nexthop_init+0x0/0xd8 @ 1
[    5.934203] initcall nexthop_init+0x0/0xd8 returned 0 after 0 usecs
[    5.943180] calling  cipso_v4_init+0x0/0x5d @ 1
[    5.948188] initcall cipso_v4_init+0x0/0x5d returned 0 after 0 usecs
[    5.955179] calling  ieee80211_init+0x0/0x24 @ 1
[    5.961821] initcall ieee80211_init+0x0/0x24 returned 0 after 0 usecs
[    5.969180] calling  netlbl_init+0x0/0x78 @ 1
[    5.974197] NetLabel: Initializing
[    5.978175] NetLabel:  domain hash size = 128
[    5.983175] NetLabel:  protocols = UNLABELED CIPSOv4 CALIPSO
[    5.990448] NetLabel:  unlabeled traffic allowed by default
[    5.996181] initcall netlbl_init+0x0/0x78 returned 0 after 21484 usecs
[    6.004274] calling  rfkill_init+0x0/0x111 @ 1
[    6.010370] initcall rfkill_init+0x0/0x111 returned 0 after 0 usecs
[    6.018180] calling  pci_subsys_init+0x0/0x66 @ 1
[    6.023359] PCI: Using ACPI for IRQ routing
[    6.775171] PCI: pci_cache_line_size set to 64 bytes
[    6.783376] e820: reserve RAM buffer [mem 0x0009fc00-0x0009ffff]
[    6.790400] e820: reserve RAM buffer [mem 0x1ffdf000-0x1fffffff]
[    6.797685] initcall pci_subsys_init+0x0/0x66 returned 0 after 755859 usecs
[    6.807823] calling  nmi_warning_debugfs+0x0/0x26 @ 1
[    6.818356] initcall nmi_warning_debugfs+0x0/0x26 returned 0 after 3906 usecs
[    6.828181] calling  save_microcode_in_initrd+0x0/0x51 @ 1
[    6.838477] initcall save_microcode_in_initrd+0x0/0x51 returned 0 after 0 usecs
[    6.847199] calling  hpet_late_init+0x0/0x207 @ 1
[    6.854864] hpet: 3 channels of 0 reserved for per-cpu timers
[    6.862407] hpet0: at MMIO 0xfed00000, IRQs 2, 8, 0
[    6.868177] hpet0: 3 comparators, 64-bit 100.000000 MHz counter
[    6.880181] initcall hpet_late_init+0x0/0x207 returned 0 after 26367 usecs
[    6.890182] calling  init_amd_nbs+0x0/0x11c @ 1
[    6.897231] initcall init_amd_nbs+0x0/0x11c returned 0 after 976 usecs
[    6.906196] calling  clocksource_done_booting+0x0/0x41 @ 1
[    6.920015] clocksource: Switched to clocksource kvm-clock
[    6.928451] initcall clocksource_done_booting+0x0/0x41 returned 0 after 12962 usecs
[    6.939452] calling  tracer_init_tracefs+0x0/0x242 @ 1
[    7.298109] initcall tracer_init_tracefs+0x0/0x242 returned 0 after 342981 usecs
[    7.306979] calling  init_trace_printk_function_export+0x0/0x2c @ 1
[    7.314724] initcall init_trace_printk_function_export+0x0/0x2c returned 0 after 10 usecs
[    7.325402] calling  init_kprobe_trace+0x0/0x1a9 @ 1
[    7.332542] initcall init_kprobe_trace+0x0/0x1a9 returned 0 after 90 usecs
[    7.341128] calling  init_dynamic_event+0x0/0x3d @ 1
[    7.347493] initcall init_dynamic_event+0x0/0x3d returned 0 after 8 usecs
[    7.355891] calling  init_uprobe_trace+0x0/0x5c @ 1
[    7.362184] initcall init_uprobe_trace+0x0/0x5c returned 0 after 55 usecs
[    7.370822] calling  init_pipe_fs+0x0/0x44 @ 1
[    7.377761] initcall init_pipe_fs+0x0/0x44 returned 0 after 1106 usecs
[    7.386188] calling  inotify_user_setup+0x0/0x47 @ 1
[    7.392792] initcall inotify_user_setup+0x0/0x47 returned 0 after 171 usecs
[    7.401420] calling  eventpoll_init+0x0/0xd4 @ 1
[    7.407376] initcall eventpoll_init+0x0/0xd4 returned 0 after 294 usecs
[    7.415690] calling  anon_inode_init+0x0/0x58 @ 1
[    7.422487] initcall anon_inode_init+0x0/0x58 returned 0 after 83 usecs
[    7.433154] calling  proc_locks_init+0x0/0x27 @ 1
[    7.439615] initcall proc_locks_init+0x0/0x27 returned 0 after 424 usecs
[    7.448218] calling  iomap_init+0x0/0x1b @ 1
[    7.454648] initcall iomap_init+0x0/0x1b returned 0 after 871 usecs
[    7.462534] calling  dquot_init+0x0/0x106 @ 1
[    7.468064] VFS: Disk quotas dquot_6.6.0
[    7.473690] VFS: Dquot-cache hash table entries: 512 (order 0, 4096 bytes)
[    7.482173] initcall dquot_init+0x0/0x106 returned 0 after 13790 usecs
[    7.490485] calling  quota_init+0x0/0x23 @ 1
[    7.496183] initcall quota_init+0x0/0x23 returned 0 after 311 usecs
[    7.504317] calling  proc_cmdline_init+0x0/0x21 @ 1
[    7.510737] initcall proc_cmdline_init+0x0/0x21 returned 0 after 45 usecs
[    7.519483] calling  proc_consoles_init+0x0/0x24 @ 1
[    7.525827] initcall proc_consoles_init+0x0/0x24 returned 0 after 4 usecs
[    7.535145] calling  proc_cpuinfo_init+0x0/0x1e @ 1
[    7.542823] initcall proc_cpuinfo_init+0x0/0x1e returned 0 after 5 usecs
[    7.553277] calling  proc_devices_init+0x0/0x24 @ 1
[    7.560992] initcall proc_devices_init+0x0/0x24 returned 0 after 20 usecs
[    7.570468] calling  proc_interrupts_init+0x0/0x24 @ 1
[    7.577084] initcall proc_interrupts_init+0x0/0x24 returned 0 after 4 usecs
[    7.586051] calling  proc_loadavg_init+0x0/0x21 @ 1
[    7.592588] initcall proc_loadavg_init+0x0/0x21 returned 0 after 3 usecs
[    7.601223] calling  proc_meminfo_init+0x0/0x21 @ 1
[    7.608911] initcall proc_meminfo_init+0x0/0x21 returned 0 after 4 usecs
[    7.619385] calling  proc_stat_init+0x0/0x1e @ 1
[    7.626731] initcall proc_stat_init+0x0/0x1e returned 0 after 4 usecs
[    7.636598] calling  proc_uptime_init+0x0/0x21 @ 1
[    7.643392] initcall proc_uptime_init+0x0/0x21 returned 0 after 4 usecs
[    7.652509] calling  proc_version_init+0x0/0x21 @ 1
[    7.659028] initcall proc_version_init+0x0/0x21 returned 0 after 4 usecs
[    7.667847] calling  proc_softirqs_init+0x0/0x21 @ 1
[    7.674445] initcall proc_softirqs_init+0x0/0x21 returned 0 after 3 usecs
[    7.683347] calling  proc_kcore_init+0x0/0xea @ 1
[    7.689542] initcall proc_kcore_init+0x0/0xea returned 0 after 47 usecs
[    7.698198] calling  vmcore_init+0x0/0x578 @ 1
[    7.704137] initcall vmcore_init+0x0/0x578 returned 0 after 77 usecs
[    7.713441] calling  proc_kmsg_init+0x0/0x21 @ 1
[    7.719864] initcall proc_kmsg_init+0x0/0x21 returned 0 after 17 usecs
[    7.728098] calling  proc_page_init+0x0/0x3b @ 1
[    7.733904] initcall proc_page_init+0x0/0x3b returned 0 after 4 usecs
[    7.742052] calling  init_ramfs_fs+0x0/0xc @ 1
[    7.747842] initcall init_ramfs_fs+0x0/0xc returned 0 after 24 usecs
[    7.755953] calling  init_hugetlbfs_fs+0x0/0xf6 @ 1
[    7.762470] initcall init_hugetlbfs_fs+0x0/0xf6 returned 0 after 326 usecs
[    7.771390] calling  blk_scsi_ioctl_init+0x0/0x2a5 @ 1
[    7.778074] initcall blk_scsi_ioctl_init+0x0/0x2a5 returned 0 after 58 usecs
[    7.786999] calling  acpi_event_init+0x0/0x2c @ 1
[    7.793038] initcall acpi_event_init+0x0/0x2c returned 0 after 83 usecs
[    7.803801] calling  pnp_system_init+0x0/0xc @ 1
[    7.811843] initcall pnp_system_init+0x0/0xc returned 0 after 1977 usecs
[    7.820351] calling  pnpacpi_init+0x0/0x69 @ 1
[    7.826456] pnp: PnP ACPI init
[    7.838107] pnp 00:00: Plug and Play ACPI device, IDs PNP0303 (active)
[    7.846739] pnp 00:01: Plug and Play ACPI device, IDs PNP0f13 (active)
[    7.855088] pnp 00:02: Plug and Play ACPI device, IDs PNP0400 (active)
[    7.863603] pnp 00:03: Plug and Play ACPI device, IDs PNP0501 (active)
[    7.871725] pnp 00:04: Plug and Play ACPI device, IDs PNP0b00 (active)
[    7.881132] system 00:05: [mem 0xb0000000-0xbfffffff window] has been reserved
[    7.891126] system 00:05: Plug and Play ACPI device, IDs PNP0c01 (active)
[    7.905303] pnp: PnP ACPI: found 6 devices
[    7.910890] initcall pnpacpi_init+0x0/0x69 returned 0 after 82713 usecs
[    7.921081] calling  chr_dev_init+0x0/0x14d @ 1
[    8.166773] initcall chr_dev_init+0x0/0x14d returned 0 after 233780 usecs
[    8.175396] calling  firmware_class_init+0x0/0xe7 @ 1
[    8.181754] initcall firmware_class_init+0x0/0xe7 returned 0 after 135 usecs
[    8.190514] calling  init_pcmcia_bus+0x0/0x5b @ 1
[    8.197041] initcall init_pcmcia_bus+0x0/0x5b returned 0 after 357 usecs
[    8.205989] calling  init_acpi_pm_clocksource+0x0/0xda @ 1
[    8.219656] clocksource: acpi_pm: mask: 0xffffff max_cycles: 0xffffff, max_idle_ns: 2085701024 ns
[    8.232137] initcall init_acpi_pm_clocksource+0x0/0xda returned 0 after 18541 usecs
[    8.244199] calling  sysctl_core_init+0x0/0x26 @ 1
[    8.252030] initcall sysctl_core_init+0x0/0x26 returned 0 after 253 usecs
[    8.262184] calling  eth_offload_init+0x0/0x13 @ 1
[    8.268618] initcall eth_offload_init+0x0/0x13 returned 0 after 162 usecs
[    8.277103] calling  ipv4_offload_init+0x0/0x73 @ 1
[    8.283554] initcall ipv4_offload_init+0x0/0x73 returned 0 after 292 usecs
[    8.292109] calling  inet_init+0x0/0x276 @ 1
[    8.297684] NET: Registered protocol family 2
[    8.305696] IP idents hash table entries: 8192 (order: 4, 65536 bytes, linear)
[    8.323637] tcp_listen_portaddr_hash hash table entries: 256 (order: 0, 4096 bytes, linear)
[    8.334741] TCP established hash table entries: 4096 (order: 3, 32768 bytes, linear)
[    8.346493] TCP bind hash table entries: 4096 (order: 4, 65536 bytes, linear)
[    8.360392] TCP: Hash tables configured (established 4096 bind 4096)
[    8.376531] UDP hash table entries: 256 (order: 1, 8192 bytes, linear)
[    8.387392] UDP-Lite hash table entries: 256 (order: 1, 8192 bytes, linear)
[    8.402601] initcall inet_init+0x0/0x276 returned 0 after 102546 usecs
[    8.414439] calling  af_unix_init+0x0/0x4d @ 1
[    8.420794] NET: Registered protocol family 1
[    8.427079] initcall af_unix_init+0x0/0x4d returned 0 after 6142 usecs
[    8.436064] calling  ipv6_offload_init+0x0/0x7e @ 1
[    8.442991] initcall ipv6_offload_init+0x0/0x7e returned 0 after 242 usecs
[    8.452191] calling  init_sunrpc+0x0/0x65 @ 1
[    8.465780] RPC: Registered named UNIX socket transport module.
[    8.475395] RPC: Registered udp transport module.
[    8.481721] RPC: Registered tcp transport module.
[    8.487984] RPC: Registered tcp NFSv4.1 backchannel transport module.
[    8.496599] initcall init_sunrpc+0x0/0x65 returned 0 after 37593 usecs
[    8.505446] calling  cfg80211_init+0x0/0xc5 @ 1
[    8.513775] initcall cfg80211_init+0x0/0xc5 returned 0 after 2168 usecs
[    8.524699] calling  pcibios_assign_resources+0x0/0xbf @ 1
[    8.534554] pci_bus 0000:00: resource 4 [io  0x0000-0x0cf7 window]
[    8.544624] pci_bus 0000:00: resource 5 [io  0x0d00-0xffff window]
[    8.552981] pci_bus 0000:00: resource 6 [mem 0x000a0000-0x000bffff window]
[    8.562059] pci_bus 0000:00: resource 7 [mem 0x20000000-0xafffffff window]
[    8.571397] pci_bus 0000:00: resource 8 [mem 0xc0000000-0xfebfffff window]
[    8.581053] pci_bus 0000:00: resource 9 [mem 0x100000000-0x8ffffffff window]
[    8.591518] initcall pcibios_assign_resources+0x0/0xbf returned 0 after 56201 usecs
[    8.603154] calling  pci_apply_final_quirks+0x0/0x124 @ 1
[    8.611986] pci 0000:00:01.0: calling  pci_fixup_video+0x0/0xe0 @ 1
[    8.621790] pci 0000:00:01.0: Video device with shadowed ROM at [mem 0x000c0000-0x000dffff]
[    8.633947] pci 0000:00:01.0: pci_fixup_video+0x0/0xe0 took 12369 usecs
[    8.644043] PCI: CLS 0 bytes, default 64
[    8.649877] initcall pci_apply_final_quirks+0x0/0x124 returned 0 after 37512 usecs
[    8.660658] calling  acpi_reserve_resources+0x0/0xea @ 1
[    8.668297] initcall acpi_reserve_resources+0x0/0xea returned 0 after 105 usecs
[    8.678526] calling  populate_rootfs+0x0/0x102 @ 1
[    8.688554] initcall populate_rootfs+0x0/0x102 returned 0 after 2991 usecs
[    8.698654] calling  pci_iommu_init+0x0/0x3e @ 1
[    8.705630] initcall pci_iommu_init+0x0/0x3e returned 0 after 567 usecs
[    8.715071] calling  ia32_binfmt_init+0x0/0x13 @ 1
[    8.721934] initcall ia32_binfmt_init+0x0/0x13 returned 0 after 5 usecs
[    8.731903] calling  rapl_pmu_init+0x0/0x267 @ 1
[    8.738966] initcall rapl_pmu_init+0x0/0x267 returned -19 after 275 usecs
[    8.748097] calling  amd_uncore_init+0x0/0x310 @ 1
[    8.754788] initcall amd_uncore_init+0x0/0x310 returned -19 after 0 usecs
[    8.764480] calling  amd_ibs_init+0x0/0x27b @ 1
[    8.770953] initcall amd_ibs_init+0x0/0x27b returned -19 after 0 usecs
[    8.781023] calling  amd_iommu_pc_init+0x0/0x215 @ 1
[    8.788892] initcall amd_iommu_pc_init+0x0/0x215 returned -19 after 51 usecs
[    8.800605] calling  msr_init+0x0/0x55 @ 1
[    8.807786] initcall msr_init+0x0/0x55 returned 0 after 196 usecs
[    8.818593] calling  intel_uncore_init+0x0/0x36f @ 1
[    8.826589] initcall intel_uncore_init+0x0/0x36f returned -19 after 475 usecs
[    8.836411] calling  cstate_pmu_init+0x0/0x1a1 @ 1
[    8.842931] initcall cstate_pmu_init+0x0/0x1a1 returned -19 after 0 usecs
[    8.851944] calling  register_kernel_offset_dumper+0x0/0x1a @ 1
[    8.860065] initcall register_kernel_offset_dumper+0x0/0x1a returned 0 after 1 usecs
[    8.872313] calling  i8259A_init_ops+0x0/0x20 @ 1
[    8.880173] initcall i8259A_init_ops+0x0/0x20 returned 0 after 1 usecs
[    8.890950] calling  init_tsc_clocksource+0x0/0xa4 @ 1
[    8.900293] clocksource: tsc: mask: 0xffffffffffffffff max_cycles: 0x39a85afc727, max_idle_ns: 881590685098 ns
[    8.918581] initcall init_tsc_clocksource+0x0/0xa4 returned 0 after 12104 usecs
[    8.929150] calling  add_rtc_cmos+0x0/0xb0 @ 1
[    8.935784] initcall add_rtc_cmos+0x0/0xb0 returned 0 after 325 usecs
[    8.945181] calling  i8237A_init_ops+0x0/0x3a @ 1
[    8.952560] initcall i8237A_init_ops+0x0/0x3a returned 0 after 306 usecs
[    8.963809] calling  umwait_init+0x0/0x94 @ 1
[    8.971716] initcall umwait_init+0x0/0x94 returned -19 after 211 usecs
[    8.982966] calling  thermal_throttle_init_device+0x0/0x3d @ 1
[    8.992902] initcall thermal_throttle_init_device+0x0/0x3d returned 0 after 348 usecs
[    9.004235] calling  msr_init+0x0/0xd7 @ 1
[    9.094908] initcall msr_init+0x0/0xd7 returned 0 after 82486 usecs
[    9.104692] calling  cpuid_init+0x0/0xd7 @ 1
[    9.136874] initcall cpuid_init+0x0/0xd7 returned 0 after 25015 usecs
[    9.147576] calling  ioapic_init_ops+0x0/0x13 @ 1
[    9.155429] initcall ioapic_init_ops+0x0/0x13 returned 0 after 114 usecs
[    9.165651] calling  add_pcspkr+0x0/0x6c @ 1
[    9.173031] initcall add_pcspkr+0x0/0x6c returned 0 after 909 usecs
[    9.183124] calling  start_periodic_check_for_corruption+0x0/0x30 @ 1
[    9.193462] check: Scanning for low memory corruption every 60 seconds
[    9.203520] initcall start_periodic_check_for_corruption+0x0/0x30 returned 0 after 10107 usecs
[    9.216748] calling  sysfb_init+0x0/0x9c @ 1
[    9.223980] initcall sysfb_init+0x0/0x9c returned 0 after 512 usecs
[    9.234153] calling  audit_classes_init+0x0/0xae @ 1
[    9.241677] initcall audit_classes_init+0x0/0xae returned 0 after 3 usecs
[    9.252362] calling  iosf_mbi_init+0x0/0x24 @ 1
[    9.261597] initcall iosf_mbi_init+0x0/0x24 returned 0 after 1273 usecs
[    9.271474] calling  proc_execdomains_init+0x0/0x21 @ 1
[    9.280071] initcall proc_execdomains_init+0x0/0x21 returned 0 after 266 usecs
[    9.291473] calling  register_warn_debugfs+0x0/0x23 @ 1
[    9.300600] initcall register_warn_debugfs+0x0/0x23 returned 0 after 747 usecs
[    9.311429] calling  cpuhp_sysfs_init+0x0/0x79 @ 1
[    9.319403] initcall cpuhp_sysfs_init+0x0/0x79 returned 0 after 262 usecs
[    9.329653] calling  ioresources_init+0x0/0x49 @ 1
[    9.337021] initcall ioresources_init+0x0/0x49 returned 0 after 5 usecs
[    9.346748] calling  snapshot_device_init+0x0/0xc @ 1
[    9.372073] initcall snapshot_device_init+0x0/0xc returned 0 after 5948 usecs
[    9.388958] calling  irq_pm_init_ops+0x0/0x13 @ 1
[    9.396741] initcall irq_pm_init_ops+0x0/0x13 returned 0 after 228 usecs
[    9.406937] calling  rcu_torture_init+0x0/0x9a6 @ 1
[    9.415177] rcu-torture:--- Start of test: nreaders=15 nfakewriters=4 stat_interval=15 verbose=1 test_no_idle_hz=1 shuffle_interval=3 stutter=5 irqreader=1 fqs_duration=0 fqs_holdoff=0 fqs_stutter=3 test_boost=1/0 test_boost_interval=7 test_boost_duration=4 shutdown_secs=3600 stall_cpu=0 stall_cpu_holdoff=10 stall_cpu_irqsoff=0 stall_cpu_block=0 n_barrier_cbs=4 onoff_interval=200 onoff_holdoff=30 read_exit_delay=13 read_exit_burst=16
[    9.471669] rcu:  Start-test grace-period state: g-928 f0x0
[    9.481968] rcu-torture: Creating rcu_torture_writer task
[    9.494624] rcu-torture: Creating rcu_torture_fakewriter task
[    9.494691] rcu-torture: rcu_torture_writer task started
[    9.507996] rcu-torture: Creating rcu_torture_fakewriter task
[    9.508072] rcu-torture: rcu_torture_fakewriter task started
[    9.512767] rcu-torture: GP expediting controlled from boot/sysfs for rcu.
[    9.512769] rcu_torture_writer: Testing conditional GPs.
[    9.512770] rcu_torture_writer: Testing expedited GPs.
[    9.512771] rcu_torture_writer: Testing asynchronous GPs.
[    9.512772] rcu_torture_writer: Testing normal GPs.
[    9.583221] rcu-torture: Creating rcu_torture_fakewriter task
[    9.583998] rcu-torture: rcu_torture_fakewriter task started
[    9.616823] rcu-torture: rcu_torture_fakewriter task started
[    9.616835] rcu-torture: Creating rcu_torture_fakewriter task
[    9.639961] rcu-torture: Creating rcu_torture_reader task
[    9.640659] rcu-torture: rcu_torture_fakewriter task started
[    9.652404] rcu-torture: Creating rcu_torture_reader task
[    9.652599] rcu-torture: rcu_torture_reader task started
[    9.679136] rcu-torture: Creating rcu_torture_reader task
[    9.679169] rcu-torture: rcu_torture_reader task started
[    9.692044] rcu-torture: Creating rcu_torture_reader task
[    9.692047] rcu-torture: rcu_torture_reader task started
[    9.720678] rcu-torture: rcu_torture_reader task started
[    9.720683] rcu-torture: Creating rcu_torture_reader task
[    9.741572] rcu-torture: rcu_torture_reader task started
[    9.741578] rcu-torture: Creating rcu_torture_reader task
[    9.759781] rcu-torture: Creating rcu_torture_reader task
[    9.759806] rcu-torture: rcu_torture_reader task started
[    9.771750] rcu-torture: Creating rcu_torture_reader task
[    9.771846] rcu-torture: rcu_torture_reader task started
[    9.800818] rcu-torture: Creating rcu_torture_reader task
[    9.800997] rcu-torture: rcu_torture_reader task started
[    9.815998] rcu-torture: Creating rcu_torture_reader task
[    9.816169] rcu-torture: rcu_torture_reader task started
[    9.845107] rcu-torture: rcu_torture_reader task started
[    9.845196] rcu-torture: Creating rcu_torture_reader task
[    9.870552] rcu-torture: rcu_torture_reader task started
[    9.870584] rcu-torture: Creating rcu_torture_reader task
[    9.894573] rcu-torture: Creating rcu_torture_reader task
[    9.895327] rcu-torture: rcu_torture_reader task started
[    9.907844] rcu-torture: Creating rcu_torture_reader task
[    9.907886] rcu-torture: rcu_torture_reader task started
[    9.932126] rcu-torture: Creating rcu_torture_reader task
[    9.933009] rcu-torture: rcu_torture_reader task started
[    9.949077] rcu-torture: Creating rcu_torture_stats task
[    9.949691] rcu-torture: rcu_torture_reader task started
[    9.971737] rcu-torture: Creating torture_shuffle task
[    9.971958] rcu-torture: rcu_torture_stats task started
[    9.986005] rcu-torture: Creating torture_stutter task
[    9.986139] rcu-torture: torture_shuffle task started
[   10.006216] rcu-torture: Creating torture_shutdown task
[   10.006637] rcu-torture: torture_stutter task started
[   10.023989] rcu-torture: Creating torture_onoff task
[   10.023998] rcu-torture: torture_shutdown task started
[   10.033148] rcu-torture: torture_onoff task started
[   10.033748] rcu-torture: Creating rcu_torture_fwd_prog task
[   10.038190] rcu-torture: Creating rcu_torture_barrier_cbs task
[   10.038231] rcu-torture: rcu_torture_fwd_progress task started
[   10.040739] rcu-torture: rcu_torture_barrier_cbs task started
[   10.040759] rcu-torture: Creating rcu_torture_barrier_cbs task
[   10.040782] rcu-torture:torture_shutdown task: 3599965 ms remaining
[   10.042786] rcu-torture: Creating rcu_torture_barrier_cbs task
[   10.043052] rcu-torture: rcu_torture_barrier_cbs task started
[   10.046759] rcu-torture: Creating rcu_torture_barrier_cbs task
[   10.046781] rcu-torture: rcu_torture_barrier_cbs task started
[   10.053404] rcu-torture: torture_onoff begin holdoff
[   10.056079] rcu-torture: Creating rcu_torture_barrier task
[   10.056121] rcu-torture: rcu_torture_barrier_cbs task started
[   10.062550] rcu-torture: Creating rcu_torture_read_exit task
[   10.063678] rcu-torture: rcu_torture_barrier task starting
[   10.185512] initcall rcu_torture_init+0x0/0x9a6 returned 0 after 752614 usecs
[   10.185538] rcu-torture: rcu_torture_read_exit: Start of test
[   10.197631] calling  timekeeping_init_ops+0x0/0x13 @ 1
[   10.215701] initcall timekeeping_init_ops+0x0/0x13 returned 0 after 7 usecs
[   10.228807] calling  init_clocksource_sysfs+0x0/0x23 @ 1
[   10.238619] initcall init_clocksource_sysfs+0x0/0x23 returned 0 after 193 usecs
[   10.251648] calling  init_timer_list_procfs+0x0/0x31 @ 1
[   10.260671] initcall init_timer_list_procfs+0x0/0x31 returned 0 after 9 usecs
[   10.273704] calling  alarmtimer_init+0x0/0xc7 @ 1
[   10.282477] initcall alarmtimer_init+0x0/0xc7 returned 0 after 683 usecs
[   10.293833] calling  init_posix_timers+0x0/0x29 @ 1
[   10.302599] initcall init_posix_timers+0x0/0x29 returned 0 after 11 usecs
[   10.314111] calling  clockevents_init_sysfs+0x0/0xbf @ 1
[   10.324623] initcall clockevents_init_sysfs+0x0/0xbf returned 0 after 1359 usecs
[   10.337218] calling  proc_dma_init+0x0/0x21 @ 1
[   10.346561] initcall proc_dma_init+0x0/0x21 returned 0 after 123 usecs
[   10.384522] calling  proc_modules_init+0x0/0x1e @ 1
[   10.399928] initcall proc_modules_init+0x0/0x1e returned 0 after 3621 usecs
[   10.411109] calling  kallsyms_init+0x0/0x21 @ 1
[   10.421914] initcall kallsyms_init+0x0/0x21 returned 0 after 3226 usecs
[   10.432415] calling  pid_namespaces_init+0x0/0x2c @ 1
[   10.450616] initcall pid_namespaces_init+0x0/0x2c returned 0 after 9842 usecs
[   10.462241] calling  audit_watch_init+0x0/0x37 @ 1
[   10.471701] initcall audit_watch_init+0x0/0x37 returned 0 after 1448 usecs
[   10.483156] calling  audit_fsnotify_init+0x0/0x37 @ 1
[   10.490616] initcall audit_fsnotify_init+0x0/0x37 returned 0 after 2 usecs
[   10.500348] calling  audit_tree_init+0x0/0x6d @ 1
[   10.507013] initcall audit_tree_init+0x0/0x6d returned 0 after 107 usecs
[   10.516741] calling  seccomp_sysctl_init+0x0/0x2b @ 1
[   10.526180] initcall seccomp_sysctl_init+0x0/0x2b returned 0 after 2247 usecs
[   10.536300] calling  utsname_sysctl_init+0x0/0x13 @ 1
[   10.544530] initcall utsname_sysctl_init+0x0/0x13 returned 0 after 747 usecs
[   10.555212] calling  init_tracepoints+0x0/0x27 @ 1
[   10.562601] initcall init_tracepoints+0x0/0x27 returned 0 after 266 usecs
[   10.572811] calling  init_blk_tracer+0x0/0x50 @ 1
[   10.588452] initcall init_blk_tracer+0x0/0x50 returned 0 after 8314 usecs
[   10.600209] calling  perf_event_sysfs_init+0x0/0x81 @ 1
[   10.618923] initcall perf_event_sysfs_init+0x0/0x81 returned 0 after 9476 usecs
[   10.631038] calling  system_trusted_keyring_init+0x0/0x60 @ 1
[   10.640275] Initialise system trusted keyrings
[   10.650592] initcall system_trusted_keyring_init+0x0/0x60 returned 0 after 10174 usecs
[   10.663047] calling  kswapd_init+0x0/0x5c @ 1
[   10.680982] initcall kswapd_init+0x0/0x5c returned 0 after 10388 usecs
[   10.690442] calling  extfrag_debug_init+0x0/0x54 @ 1
[   10.706662] initcall extfrag_debug_init+0x0/0x54 returned 0 after 8515 usecs
[   10.716753] calling  mm_compute_batch_init+0x0/0x12 @ 1
[   10.724865] initcall mm_compute_batch_init+0x0/0x12 returned 0 after 1 usecs
[   10.735142] calling  slab_proc_init+0x0/0x21 @ 1
[   10.743050] initcall slab_proc_init+0x0/0x21 returned 0 after 927 usecs
[   10.753417] calling  workingset_init+0x0/0x8c @ 1
[   10.761060] workingset: timestamp_bits=56 max_order=17 bucket_order=0
[   10.771961] initcall workingset_init+0x0/0x8c returned 0 after 11009 usecs
[   10.783322] calling  proc_vmalloc_init+0x0/0x32 @ 1
[   10.792853] initcall proc_vmalloc_init+0x0/0x32 returned 0 after 689 usecs
[   10.803730] calling  procswaps_init+0x0/0x1e @ 1
[   10.812580] initcall procswaps_init+0x0/0x1e returned 0 after 1540 usecs
[   10.823902] calling  slab_sysfs_init+0x0/0xea @ 1
[   10.861143] initcall slab_sysfs_init+0x0/0xea returned 0 after 28930 usecs
[   10.872458] calling  fcntl_init+0x0/0x29 @ 1
[   10.879984] initcall fcntl_init+0x0/0x29 returned 0 after 263 usecs
[   10.889042] calling  proc_filesystems_init+0x0/0x21 @ 1
[   10.896693] initcall proc_filesystems_init+0x0/0x21 returned 0 after 5 usecs
[   10.906861] calling  start_dirtytime_writeback+0x0/0x29 @ 1
[   10.914994] initcall start_dirtytime_writeback+0x0/0x29 returned 0 after 2 usecs
[   10.925709] calling  blkdev_init+0x0/0x1b @ 1
[   10.934823] initcall blkdev_init+0x0/0x1b returned 0 after 2219 usecs
[   10.944929] calling  dio_init+0x0/0x2c @ 1
[   10.953580] initcall dio_init+0x0/0x2c returned 0 after 1776 usecs
[   10.963511] calling  dnotify_init+0x0/0x78 @ 1
[   10.970599] initcall dnotify_init+0x0/0x78 returned 0 after 11 usecs
[   10.980627] calling  aio_setup+0x0/0x78 @ 1
[   10.990144] initcall aio_setup+0x0/0x78 returned 0 after 2947 usecs
[   11.000015] calling  io_uring_init+0x0/0x2c @ 1
[   11.007448] initcall io_uring_init+0x0/0x2c returned 0 after 8 usecs
[   11.017610] calling  mbcache_init+0x0/0x30 @ 1
[   11.025339] initcall mbcache_init+0x0/0x30 returned 0 after 346 usecs
[   11.035710] calling  init_grace+0x0/0xc @ 1
[   11.046694] initcall init_grace+0x0/0xc returned 0 after 583 usecs
[   11.059851] calling  init_v2_quota_format+0x0/0x21 @ 1
[   11.069055] initcall init_v2_quota_format+0x0/0x21 returned 0 after 249 usecs
[   11.081790] calling  init_devpts_fs+0x0/0x27 @ 1
[   11.092827] initcall init_devpts_fs+0x0/0x27 returned 0 after 2594 usecs
[   11.103937] calling  ext4_init_fs+0x0/0x1d0 @ 1
[   11.112824] initcall ext4_init_fs+0x0/0x1d0 returned 0 after 1496 usecs
[   11.123398] calling  journal_init+0x0/0x11c @ 1
[   11.131479] initcall journal_init+0x0/0x11c returned 0 after 478 usecs
[   11.144105] calling  init_fat_fs+0x0/0x49 @ 1
[   11.151693] initcall init_fat_fs+0x0/0x49 returned 0 after 528 usecs
[   11.163773] calling  init_vfat_fs+0x0/0xc @ 1
[   11.171201] initcall init_vfat_fs+0x0/0xc returned 0 after 4 usecs
[   11.181170] calling  init_msdos_fs+0x0/0xc @ 1
[   11.188077] initcall init_msdos_fs+0x0/0xc returned 0 after 4 usecs
[   11.198522] calling  init_iso9660_fs+0x0/0x6c @ 1
[   11.207262] initcall init_iso9660_fs+0x0/0x6c returned 0 after 378 usecs
[   11.218941] calling  init_nfs_fs+0x0/0x13a @ 1
[   11.959326] initcall init_nfs_fs+0x0/0x13a returned 0 after 715318 usecs
[   11.973690] calling  init_nfs_v2+0x0/0x13 @ 1
[   11.981028] initcall init_nfs_v2+0x0/0x13 returned 0 after 226 usecs
[   11.990893] calling  init_nfs_v3+0x0/0x13 @ 1
[   11.998882] initcall init_nfs_v3+0x0/0x13 returned 0 after 53 usecs
[   12.010468] calling  init_nfs_v4+0x0/0x32 @ 1
[   12.018612] NFS: Registering the id_resolver key type
[   12.030051] Key type id_resolver registered
[   12.037667] Key type id_legacy registered
[   12.057099] initcall init_nfs_v4+0x0/0x32 returned 0 after 37771 usecs
[   12.070293] calling  init_nlm+0x0/0x5b @ 1
[   12.079199] initcall init_nlm+0x0/0x5b returned 0 after 1587 usecs
[   12.102203] calling  init_nls_cp437+0x0/0xe @ 1
[   12.109928] initcall init_nls_cp437+0x0/0xe returned 0 after 97 usecs
[   12.122786] calling  init_nls_ascii+0x0/0xe @ 1
[   12.129607] initcall init_nls_ascii+0x0/0xe returned 0 after 1 usecs
[   12.139710] calling  init_nls_iso8859_1+0x0/0xe @ 1
[   12.147376] initcall init_nls_iso8859_1+0x0/0xe returned 0 after 1 usecs
[   12.158156] calling  init_nls_utf8+0x0/0x21 @ 1
[   12.165789] initcall init_nls_utf8+0x0/0x21 returned 0 after 1 usecs
[   12.175465] calling  init_autofs_fs+0x0/0x25 @ 1
[   12.209985] initcall init_autofs_fs+0x0/0x25 returned 0 after 22235 usecs
[   12.222897] calling  ipc_init+0x0/0x24 @ 1
[   12.230301] initcall ipc_init+0x0/0x24 returned 0 after 1273 usecs
[   12.239489] calling  ipc_sysctl_init+0x0/0x13 @ 1
[   12.247856] initcall ipc_sysctl_init+0x0/0x13 returned 0 after 1292 usecs
[   12.257641] calling  init_mqueue_fs+0x0/0x9a @ 1
[   12.266434] initcall init_mqueue_fs+0x0/0x9a returned 0 after 1573 usecs
[   12.276468] calling  key_proc_init+0x0/0x63 @ 1
[   12.283169] initcall key_proc_init+0x0/0x63 returned 0 after 151 usecs
[   12.292592] calling  selinux_nf_ip_init+0x0/0x2e @ 1
[   12.303665] initcall selinux_nf_ip_init+0x0/0x2e returned 0 after 4006 usecs
[   12.314485] calling  init_sel_fs+0x0/0x116 @ 1
[   12.320996] initcall init_sel_fs+0x0/0x116 returned 0 after 1 usecs
[   12.331154] calling  selnl_init+0x0/0x7c @ 1
[   12.350187] initcall selnl_init+0x0/0x7c returned 0 after 4544 usecs
[   12.362414] calling  sel_netif_init+0x0/0x36 @ 1
[   12.370144] initcall sel_netif_init+0x0/0x36 returned 0 after 361 usecs
[   12.380863] calling  sel_netnode_init+0x0/0x33 @ 1
[   12.389834] initcall sel_netnode_init+0x0/0x33 returned 0 after 594 usecs
[   12.400289] calling  sel_netport_init+0x0/0x33 @ 1
[   12.407644] initcall sel_netport_init+0x0/0x33 returned 0 after 5 usecs
[   12.417389] calling  aurule_init+0x0/0x2a @ 1
[   12.424019] initcall aurule_init+0x0/0x2a returned 0 after 108 usecs
[   12.433615] calling  crypto_algapi_init+0x0/0xc @ 1
[   12.440708] initcall crypto_algapi_init+0x0/0xc returned 0 after 15 usecs
[   12.449721] calling  jent_mod_init+0x0/0x2d @ 1
[   12.480828] initcall jent_mod_init+0x0/0x2d returned 0 after 23837 usecs
[   12.494000] calling  asymmetric_key_init+0x0/0xc @ 1
[   12.502597] Key type asymmetric registered
[   12.510206] initcall asymmetric_key_init+0x0/0xc returned 0 after 7457 usecs
[   12.521766] calling  x509_key_init+0x0/0xc @ 1
[   12.529665] Asymmetric key parser 'x509' registered
[   12.537968] initcall x509_key_init+0x0/0xc returned 0 after 8583 usecs
[   12.548264] calling  proc_genhd_init+0x0/0x41 @ 1
[   12.555817] initcall proc_genhd_init+0x0/0x41 returned 0 after 227 usecs
[   12.566486] calling  bsg_init+0x0/0x113 @ 1
[   12.575410] Block layer SCSI generic (bsg) driver version 0.4 loaded (major 251)
[   12.586951] initcall bsg_init+0x0/0x113 returned 0 after 13515 usecs
[   12.597073] calling  deadline_init+0x0/0xc @ 1
[   12.604492] io scheduler mq-deadline registered
[   12.612930] initcall deadline_init+0x0/0xc returned 0 after 8656 usecs
[   12.624026] calling  kyber_init+0x0/0xc @ 1
[   12.631344] io scheduler kyber registered
[   12.638707] initcall kyber_init+0x0/0xc returned 0 after 7267 usecs
[   12.650730] calling  mod_init+0x0/0x7 @ 1
[   12.657869] initcall mod_init+0x0/0x7 returned 0 after 0 usecs
[   12.676322] calling  percpu_counter_startup+0x0/0x55 @ 1
[   12.701885] initcall percpu_counter_startup+0x0/0x55 returned 0 after 14462 usecs
[   12.713815] calling  sg_pool_init+0x0/0xb4 @ 1
[   12.721785] initcall sg_pool_init+0x0/0xb4 returned 0 after 1014 usecs
[   12.731464] calling  pcie_portdrv_init+0x0/0x39 @ 1
[   12.741667] initcall pcie_portdrv_init+0x0/0x39 returned 0 after 2615 usecs
[   12.751994] calling  pci_proc_init+0x0/0x68 @ 1
[   12.758661] initcall pci_proc_init+0x0/0x68 returned 0 after 436 usecs
[   12.767341] calling  pci_hotplug_init+0x0/0x7 @ 1
[   12.774019] initcall pci_hotplug_init+0x0/0x7 returned 0 after 0 usecs
[   12.783940] calling  efifb_driver_init+0x0/0xe @ 1
[   12.800125] initcall efifb_driver_init+0x0/0xe returned 0 after 8226 usecs
[   12.810725] calling  ged_driver_init+0x0/0xe @ 1
[   12.822173] initcall ged_driver_init+0x0/0xe returned 0 after 3869 usecs
[   12.833174] calling  acpi_ac_init+0x0/0x92 @ 1
[   12.847047] initcall acpi_ac_init+0x0/0x92 returned 0 after 4621 usecs
[   12.857475] calling  acpi_button_driver_init+0x0/0x52 @ 1
[   12.870807] input: Power Button as /devices/LNXSYSTM:00/LNXPWRBN:00/input/input0
[   12.886984] ACPI: Power Button [PWRF]
[   12.896620] initcall acpi_button_driver_init+0x0/0x52 returned 0 after 29556 usecs
[   12.908671] calling  acpi_fan_driver_init+0x0/0xe @ 1
[   12.917428] initcall acpi_fan_driver_init+0x0/0xe returned 0 after 29 usecs
[   12.929839] calling  acpi_video_init+0x0/0xcb @ 1
[   12.938477] initcall acpi_video_init+0x0/0xcb returned 0 after 119 usecs
[   12.948706] calling  acpi_processor_driver_init+0x0/0xad @ 1
[   12.961956] initcall acpi_processor_driver_init+0x0/0xad returned 0 after 4580 usecs
[   12.973559] calling  acpi_thermal_init+0x0/0x71 @ 1
[   12.985108] initcall acpi_thermal_init+0x0/0x71 returned 0 after 3854 usecs
[   12.997553] calling  acpi_battery_init+0x0/0x32 @ 1
[   13.005527] initcall acpi_battery_init+0x0/0x32 returned 0 after 527 usecs
[   13.015864] calling  bgrt_init+0x0/0xb6 @ 1
[   13.022855] initcall bgrt_init+0x0/0xb6 returned -19 after 344 usecs
[   13.032612] calling  gpio_clk_driver_init+0x0/0xe @ 1
[   13.040871] initcall gpio_clk_driver_init+0x0/0xe returned 0 after 414 usecs
[   13.052158] calling  plt_clk_driver_init+0x0/0xe @ 1
[   13.060459] initcall plt_clk_driver_init+0x0/0xe returned 0 after 209 usecs
[   13.071158] calling  virtio_pci_driver_init+0x0/0x15 @ 1
[   13.079579] initcall virtio_pci_driver_init+0x0/0x15 returned 0 after 162 usecs
[   13.090735] calling  n_null_init+0x0/0x1e @ 1
[   13.098087] initcall n_null_init+0x0/0x1e returned 0 after 504 usecs
[   13.107632] calling  pty_init+0x0/0x1e8 @ 1
[   13.118092] initcall pty_init+0x0/0x1e8 returned 0 after 4136 usecs
[   13.128771] calling  sysrq_init+0x0/0x62 @ 1
[   13.135957] initcall sysrq_init+0x0/0x62 returned 0 after 593 usecs
[   13.147028] calling  serial8250_init+0x0/0x17e @ 1
[   13.155068] Serial: 8250/16550 driver, 4 ports, IRQ sharing enabled
[   13.167408] 00:03: ttyS0 at I/O 0x3f8 (irq = 4, base_baud = 115200) is a 16550A
[   13.190746] initcall serial8250_init+0x0/0x17e returned 0 after 35339 usecs
[   13.200746] calling  serial_pci_driver_init+0x0/0x15 @ 1
[   13.208406] initcall serial_pci_driver_init+0x0/0x15 returned 0 after 119 usecs
[   13.219287] calling  exar_pci_driver_init+0x0/0x15 @ 1
[   13.226979] initcall exar_pci_driver_init+0x0/0x15 returned 0 after 80 usecs
[   13.237154] calling  lpss8250_pci_driver_init+0x0/0x15 @ 1
[   13.245591] initcall lpss8250_pci_driver_init+0x0/0x15 returned 0 after 68 usecs
[   13.256561] calling  mid8250_pci_driver_init+0x0/0x15 @ 1
[   13.268123] initcall mid8250_pci_driver_init+0x0/0x15 returned 0 after 366 usecs
[   13.278407] calling  virtio_console_init+0x0/0xff @ 1
[   13.288834] initcall virtio_console_init+0x0/0xff returned 0 after 2818 usecs
[   13.299288] calling  hpet_init+0x0/0x64 @ 1
[   13.308158] initcall hpet_init+0x0/0x64 returned 0 after 2486 usecs
[   13.317177] calling  nvram_module_init+0x0/0x83 @ 1
[   13.329047] Non-volatile memory driver v1.3
[   13.335964] initcall nvram_module_init+0x0/0x83 returned 0 after 9169 usecs
[   13.346088] calling  hwrng_modinit+0x0/0x8a @ 1
[   13.355109] initcall hwrng_modinit+0x0/0x8a returned 0 after 2067 usecs
[   13.364992] calling  mod_init+0x0/0x48 @ 1
[   13.371467] initcall mod_init+0x0/0x48 returned -19 after 0 usecs
[   13.380413] calling  agp_init+0x0/0x23 @ 1
[   13.386319] Linux agpgart interface v0.103
[   13.392429] initcall agp_init+0x0/0x23 returned 0 after 5964 usecs
[   13.401582] calling  agp_amd64_mod_init+0x0/0x5 @ 1
[   13.409592] initcall agp_amd64_mod_init+0x0/0x5 returned -19 after 554 usecs
[   13.419482] calling  agp_intel_init+0x0/0x28 @ 1
[   13.429744] initcall agp_intel_init+0x0/0x28 returned 0 after 2285 usecs
[   13.456528] calling  drm_kms_helper_init+0x0/0x7 @ 1
[   13.464566] initcall drm_kms_helper_init+0x0/0x7 returned 0 after 355 usecs
[   13.475029] calling  drm_core_init+0x0/0xa4 @ 1
[   13.484485] initcall drm_core_init+0x0/0xa4 returned 0 after 2116 usecs
[   13.494752] calling  i915_init+0x0/0x6b @ 1
[   13.503422] initcall i915_init+0x0/0x6b returned 0 after 2226 usecs
[   13.512777] calling  cn_proc_init+0x0/0x35 @ 1
[   13.519407] initcall cn_proc_init+0x0/0x35 returned 0 after 2 usecs
[   13.529188] calling  topology_sysfs_init+0x0/0x27 @ 1
[   13.537646] initcall topology_sysfs_init+0x0/0x27 returned 0 after 552 usecs
[   13.548185] calling  cacheinfo_sysfs_init+0x0/0x27 @ 1
[   13.588836] initcall cacheinfo_sysfs_init+0x0/0x27 returned 0 after 32334 usecs
[   13.599746] calling  loop_init+0x0/0x168 @ 1
[   13.824326] loop: module loaded
[   13.829741] initcall loop_init+0x0/0x168 returned 0 after 217573 usecs
[   13.839889] calling  mac_hid_init+0x0/0x21 @ 1
[   13.847149] initcall mac_hid_init+0x0/0x21 returned 0 after 8 usecs
[   13.857055] calling  spi_transport_init+0x0/0x74 @ 1
[   13.872776] initcall spi_transport_init+0x0/0x74 returned 0 after 439 usecs
[   13.884423] calling  init_sd+0x0/0x18c @ 1
[   13.891680] initcall init_sd+0x0/0x18c returned 0 after 780 usecs
[   13.902013] calling  init_sr+0x0/0x43 @ 1
[   13.908586] initcall init_sr+0x0/0x43 returned 0 after 225 usecs
[   13.922134] calling  init_sg+0x0/0x1c0 @ 1
[   13.928315] initcall init_sg+0x0/0x1c0 returned 0 after 89 usecs
[   13.936838] calling  ahci_pci_driver_init+0x0/0x15 @ 1
[   13.947119] ahci 0000:00:1f.2: version 3.0
[   13.955397] PCI Interrupt Link [GSIA] enabled at IRQ 16
[   13.989083] ahci 0000:00:1f.2: AHCI 0001.0000 32 slots 6 ports 1.5 Gbps 0x3f impl SATA mode
[   14.001219] ahci 0000:00:1f.2: flags: 64bit ncq only 
[   14.023319] scsi host0: ahci
[   14.042793] scsi host1: ahci
[   14.052931] scsi host2: ahci
[   14.057783] scsi host3: ahci
[   14.062853] scsi host4: ahci
[   14.068376] scsi host5: ahci
[   14.073343] ata1: SATA max UDMA/133 abar m4096@0xfebf1000 port 0xfebf1100 irq 24
[   14.084671] ata2: SATA max UDMA/133 abar m4096@0xfebf1000 port 0xfebf1180 irq 24
[   14.097173] ata3: SATA max UDMA/133 abar m4096@0xfebf1000 port 0xfebf1200 irq 24
[   14.107905] ata4: SATA max UDMA/133 abar m4096@0xfebf1000 port 0xfebf1280 irq 24
[   14.118188] ata5: SATA max UDMA/133 abar m4096@0xfebf1000 port 0xfebf1300 irq 24
[   14.128585] ata6: SATA max UDMA/133 abar m4096@0xfebf1000 port 0xfebf1380 irq 24
[   14.139055] initcall ahci_pci_driver_init+0x0/0x15 returned 0 after 187986 usecs
[   14.159149] calling  piix_init+0x0/0x26 @ 1
[   14.166010] initcall piix_init+0x0/0x26 returned 0 after 274 usecs
[   14.175278] calling  amd_pci_driver_init+0x0/0x15 @ 1
[   14.183400] initcall amd_pci_driver_init+0x0/0x15 returned 0 after 322 usecs
[   14.194401] calling  oldpiix_pci_driver_init+0x0/0x15 @ 1
[   14.202569] initcall oldpiix_pci_driver_init+0x0/0x15 returned 0 after 50 usecs
[   14.213543] calling  sch_pci_driver_init+0x0/0x15 @ 1
[   14.222091] initcall sch_pci_driver_init+0x0/0x15 returned 0 after 904 usecs
[   14.232775] calling  net_olddevs_init+0x0/0x55 @ 1
[   14.240751] initcall net_olddevs_init+0x0/0x55 returned 0 after 594 usecs
[   14.250638] calling  blackhole_netdev_init+0x0/0x78 @ 1
[   14.258592] initcall blackhole_netdev_init+0x0/0x78 returned 0 after 409 usecs
[   14.278767] calling  phy_module_init+0x0/0x13 @ 1
[   14.298188] initcall phy_module_init+0x0/0x13 returned 0 after 241 usecs
[   14.307166] calling  tg3_driver_init+0x0/0x15 @ 1
[   14.326362] initcall tg3_driver_init+0x0/0x15 returned 0 after 207 usecs
[   14.336953] calling  e100_init_module+0x0/0x4c @ 1
[   14.344723] e100: Intel(R) PRO/100 Network Driver
[   14.351907] e100: Copyright(c) 1999-2006 Intel Corporation
[   14.360403] initcall e100_init_module+0x0/0x4c returned 0 after 15535 usecs
[   14.386357] calling  e1000_init_module+0x0/0x72 @ 1
[   14.394157] e1000: Intel(R) PRO/1000 Network Driver
[   14.418043] e1000: Copyright (c) 1999-2006 Intel Corporation.
[   14.426451] initcall e1000_init_module+0x0/0x72 returned 0 after 31694 usecs
[   14.440436] calling  e1000_init_module+0x0/0x2d @ 1
[   14.447430] e1000e: Intel(R) PRO/1000 Network Driver
[   14.456638] e1000e: Copyright(c) 1999 - 2015 Intel Corporation.
[   14.462762] ata3: SATA link up 1.5 Gbps (SStatus 113 SControl 300)
[   14.465465] initcall e1000_init_module+0x0/0x2d returned 0 after 17629 usecs
[   14.483309] calling  sky2_init_module+0x0/0x21 @ 1
[   14.490090] ata3.00: ATAPI: QEMU DVD-ROM, 2.5+, max UDMA/100
[   14.490419] sky2: driver version 1.30
[   14.497459] ata3.00: applying bridge limits
[   14.516707] initcall sky2_init_module+0x0/0x21 returned 0 after 25819 usecs
[   14.521837] ata6: SATA link down (SStatus 0 SControl 300)
[   14.544025] calling  forcedeth_pci_driver_init+0x0/0x15 @ 1
[   14.544059] initcall forcedeth_pci_driver_init+0x0/0x15 returned 0 after 28 usecs
[   14.544268] calling  rtl8139_init_module+0x0/0x15 @ 1
[   14.544429] initcall rtl8139_init_module+0x0/0x15 returned 0 after 46 usecs
[   14.544431] calling  rtl8169_pci_driver_init+0x0/0x15 @ 1
[   14.544495] initcall rtl8169_pci_driver_init+0x0/0x15 returned 0 after 60 usecs
[   14.544498] calling  cdrom_init+0x0/0xc @ 1
[   14.544570] initcall cdrom_init+0x0/0xc returned 0 after 68 usecs
[   14.544573] calling  nonstatic_sysfs_init+0x0/0xc @ 1
[   14.544651] initcall nonstatic_sysfs_init+0x0/0xc returned 0 after 74 usecs
[   14.544653] calling  yenta_cardbus_driver_init+0x0/0x15 @ 1
[   14.544766] initcall yenta_cardbus_driver_init+0x0/0x15 returned 0 after 107 usecs
[   14.544769] calling  mon_init+0x0/0x12d @ 1
[   14.545196] initcall mon_init+0x0/0x12d returned 0 after 414 usecs
[   14.545198] calling  ehci_hcd_init+0x0/0x56 @ 1
[   14.545462] ehci_hcd: USB 2.0 'Enhanced' Host Controller (EHCI) Driver
[   14.545466] initcall ehci_hcd_init+0x0/0x56 returned 0 after 258 usecs
[   14.545468] calling  ehci_pci_init+0x0/0x64 @ 1
[   14.545506] ehci-pci: EHCI PCI platform driver
[   14.545593] initcall ehci_pci_init+0x0/0x64 returned 0 after 120 usecs
[   14.545595] calling  ohci_hcd_mod_init+0x0/0x4e @ 1
[   14.545596] ohci_hcd: USB 1.1 'Open' Host Controller (OHCI) Driver
[   14.545601] initcall ohci_hcd_mod_init+0x0/0x4e returned 0 after 3 usecs
[   14.545603] calling  ohci_pci_init+0x0/0x64 @ 1
[   14.545604] ohci-pci: OHCI PCI platform driver
[   14.545669] initcall ohci_pci_init+0x0/0x64 returned 0 after 61 usecs
[   14.545671] calling  uhci_hcd_init+0x0/0xa8 @ 1
[   14.545672] uhci_hcd: USB Universal Host Controller Interface driver
[   14.545749] initcall uhci_hcd_init+0x0/0xa8 returned 0 after 74 usecs
[   14.545751] calling  xhci_hcd_init+0x0/0x1e @ 1
[   14.546056] initcall xhci_hcd_init+0x0/0x1e returned 0 after 293 usecs
[   14.546058] calling  xhci_pci_init+0x0/0x49 @ 1
[   14.546528] initcall xhci_pci_init+0x0/0x49 returned 0 after 456 usecs
[   14.546531] calling  usblp_driver_init+0x0/0x15 @ 1
[   14.546718] usbcore: registered new interface driver usblp
[   14.546771] initcall usblp_driver_init+0x0/0x15 returned 0 after 183 usecs
[   14.546774] calling  usb_storage_driver_init+0x0/0x2a @ 1
[   14.546937] usbcore: registered new interface driver usb-storage
[   14.546940] initcall usb_storage_driver_init+0x0/0x2a returned 0 after 159 usecs
[   14.546942] calling  i8042_init+0x0/0x4c2 @ 1
[   14.547271] i8042: PNP: PS/2 Controller [PNP0303:KBD,PNP0f13:MOU] at 0x60,0x64 irq 1,12
[   14.593481] serio: i8042 KBD port at 0x60,0x64 irq 1
[   14.598186] ata1: SATA link down (SStatus 0 SControl 300)
[   14.604128] serio: i8042 AUX port at 0x60,0x64 irq 12
[   14.618694] ata2: SATA link down (SStatus 0 SControl 300)
[   14.623042] initcall i8042_init+0x0/0x4c2 returned 0 after 74304 usecs
[   14.652763] ata5: SATA link down (SStatus 0 SControl 300)
[   14.657582] calling  serport_init+0x0/0x2c @ 1
[   14.674516] ata4: SATA link down (SStatus 0 SControl 300)
[   14.690967] initcall serport_init+0x0/0x2c returned 0 after 9 usecs
[   14.690971] calling  input_leds_init+0x0/0xc @ 1
[   14.690976] initcall input_leds_init+0x0/0xc returned 0 after 2 usecs
[   14.690979] calling  evdev_init+0x0/0xc @ 1
[   14.691117] initcall evdev_init+0x0/0xc returned 0 after 132 usecs
[   14.691119] calling  atkbd_init+0x0/0x21 @ 1
[   14.691808] initcall atkbd_init+0x0/0x21 returned 0 after 668 usecs
[   14.691811] calling  psmouse_init+0x0/0x7f @ 1
[   14.692083] initcall psmouse_init+0x0/0x7f returned 0 after 261 usecs
[   14.692085] calling  cmos_init+0x0/0x73 @ 1
[   14.692863] rtc_cmos 00:04: RTC can wake from S4
[   14.711820] input: AT Translated Set 2 keyboard as /devices/platform/i8042/serio0/input/input1
[   14.737573] ata3.00: configured for UDMA/100
[   14.761974] rtc_cmos 00:04: registered as rtc0
[   14.773587] scsi 2:0:0:0: CD-ROM            QEMU     QEMU DVD-ROM     2.5+ PQ: 0 ANSI: 5
[   14.776893] rtc_cmos 00:04: alarms up to one day, y3k, 242 bytes nvram, hpet irqs
[   15.100693] rcu_torture_rea (248) used greatest stack depth: 15160 bytes left
[   15.103969] initcall cmos_init+0x0/0x73 returned 0 after 402052 usecs
[   15.112730] sr 2:0:0:0: [sr0] scsi3-mmc drive: 4x/4x cd/rw xa/form2 tray
[   15.112803] cdrom: Uniform CD-ROM driver Revision: 3.20
[   15.130708] rcu-torture: rcu_torture_read_exit: End of episode
[   15.136025] calling  smbalert_driver_init+0x0/0xe @ 1
[   15.299621] initcall smbalert_driver_init+0x0/0xe returned 0 after 587 usecs
[   15.311548] calling  i2c_i801_init+0x0/0xc5 @ 1
[   15.326042] i801_smbus 0000:00:1f.3: SMBus using PCI interrupt
[   15.338056] i2c i2c-0: 1/1 memory slots populated (from DMI)
[   15.351960] i2c i2c-0: Memory type 0x07 not supported yet, not instantiating SPD
[   15.365132] initcall i2c_i801_init+0x0/0xc5 returned 0 after 45679 usecs
[   15.375099] calling  ptp_kvm_init+0x0/0xf0 @ 1
[   15.383280] initcall ptp_kvm_init+0x0/0xf0 returned 0 after 1157 usecs
[   15.393595] calling  dm_init+0x0/0x3c @ 1
[   15.403713] device-mapper: ioctl: 4.43.0-ioctl (2020-10-01) initialised: dm-devel@redhat.com
[   15.418537] initcall dm_init+0x0/0x3c returned 0 after 18437 usecs
[   15.427308] calling  dm_mirror_init+0x0/0x29 @ 1
[   15.434041] initcall dm_mirror_init+0x0/0x29 returned 0 after 49 usecs
[   15.443519] calling  dm_dirty_log_init+0x0/0x4f @ 1
[   15.450498] initcall dm_dirty_log_init+0x0/0x4f returned 0 after 16 usecs
[   15.460478] calling  dm_zero_init+0x0/0x29 @ 1
[   15.477809] initcall dm_zero_init+0x0/0x29 returned 0 after 2 usecs
[   15.486320] calling  intel_pstate_init+0x0/0x50d @ 1
[   15.493441] intel_pstate: CPU model not supported
[   15.500398] initcall intel_pstate_init+0x0/0x50d returned -19 after 6988 usecs
[   15.510700] calling  haltpoll_init+0x0/0xc0 @ 1
[   15.518309] initcall haltpoll_init+0x0/0xc0 returned -19 after 42 usecs
[   15.529328] calling  efivars_sysfs_init+0x0/0x30 @ 1
[   15.536373] initcall efivars_sysfs_init+0x0/0x30 returned 0 after 31 usecs
[   15.550772] calling  esrt_sysfs_init+0x0/0x2a2 @ 1
[   15.558693] initcall esrt_sysfs_init+0x0/0x2a2 returned -38 after 276 usecs
[   15.571410] calling  hid_init+0x0/0x5c @ 1
[   15.577734] hid: raw HID events driver (C) Jiri Kosina
[   15.584774] initcall hid_init+0x0/0x5c returned 0 after 7123 usecs
[   15.593524] calling  hid_generic_init+0x0/0x15 @ 1
[   15.600562] initcall hid_generic_init+0x0/0x15 returned 0 after 160 usecs
[   15.610470] calling  a4_driver_init+0x0/0x15 @ 1
[   15.617954] initcall a4_driver_init+0x0/0x15 returned 0 after 22 usecs
[   15.627286] calling  apple_driver_init+0x0/0x15 @ 1
[   15.637649] initcall apple_driver_init+0x0/0x15 returned 0 after 83 usecs
[   15.661728] calling  belkin_driver_init+0x0/0x15 @ 1
[   15.669862] initcall belkin_driver_init+0x0/0x15 returned 0 after 22 usecs
[   15.678920] calling  ch_driver_init+0x0/0x15 @ 1
[   15.685361] initcall ch_driver_init+0x0/0x15 returned 0 after 24 usecs
[   15.693942] calling  ch_driver_init+0x0/0x15 @ 1
[   15.700586] initcall ch_driver_init+0x0/0x15 returned 0 after 30 usecs
[   15.710002] calling  cp_driver_init+0x0/0x15 @ 1
[   15.717469] initcall cp_driver_init+0x0/0x15 returned 0 after 25 usecs
[   15.726978] calling  ez_driver_init+0x0/0x15 @ 1
[   15.734047] initcall ez_driver_init+0x0/0x15 returned 0 after 19 usecs
[   15.743249] calling  gyration_driver_init+0x0/0x15 @ 1
[   15.750828] initcall gyration_driver_init+0x0/0x15 returned 0 after 20 usecs
[   15.761491] calling  ite_driver_init+0x0/0x15 @ 1
[   15.768545] initcall ite_driver_init+0x0/0x15 returned 0 after 24 usecs
[   15.778891] calling  ks_driver_init+0x0/0x15 @ 1
[   15.785777] initcall ks_driver_init+0x0/0x15 returned 0 after 19 usecs
[   15.795648] calling  lg_driver_init+0x0/0x15 @ 1
[   15.802929] initcall lg_driver_init+0x0/0x15 returned 0 after 42 usecs
[   15.812820] calling  lg_g15_driver_init+0x0/0x15 @ 1
[   15.821449] initcall lg_g15_driver_init+0x0/0x15 returned 0 after 64 usecs
[   15.831203] calling  ms_driver_init+0x0/0x15 @ 1
[   15.839174] initcall ms_driver_init+0x0/0x15 returned 0 after 26 usecs
[   15.851820] calling  mr_driver_init+0x0/0x15 @ 1
[   15.858714] initcall mr_driver_init+0x0/0x15 returned 0 after 44 usecs
[   15.868427] calling  ntrig_driver_init+0x0/0x15 @ 1
[   15.875518] initcall ntrig_driver_init+0x0/0x15 returned 0 after 29 usecs
[   15.885687] calling  pl_driver_init+0x0/0x15 @ 1
[   15.893502] initcall pl_driver_init+0x0/0x15 returned 0 after 52 usecs
[   15.903031] calling  pl_driver_init+0x0/0x15 @ 1
[   15.909914] initcall pl_driver_init+0x0/0x15 returned 0 after 21 usecs
[   15.919677] calling  redragon_driver_init+0x0/0x15 @ 1
[   15.927082] initcall redragon_driver_init+0x0/0x15 returned 0 after 24 usecs
[   15.937496] calling  samsung_driver_init+0x0/0x15 @ 1
[   15.945078] initcall samsung_driver_init+0x0/0x15 returned 0 after 25 usecs
[   15.955470] calling  sony_init+0x0/0x38 @ 1
[   15.961848] initcall sony_init+0x0/0x38 returned 0 after 23 usecs
[   15.970984] calling  sp_driver_init+0x0/0x15 @ 1
[   15.978134] initcall sp_driver_init+0x0/0x15 returned 0 after 24 usecs
[   15.987653] calling  ts_driver_init+0x0/0x15 @ 1
[   15.994637] initcall ts_driver_init+0x0/0x15 returned 0 after 25 usecs
[   16.004704] calling  hid_init+0x0/0x58 @ 1
[   16.010543] usbcore: registered new interface driver usbhid
[   16.018523] usbhid: USB HID core driver
[   16.023932] initcall hid_init+0x0/0x58 returned 0 after 13191 usecs
[   16.032818] calling  eeepc_laptop_init+0x0/0x57 @ 1
[   16.039995] initcall eeepc_laptop_init+0x0/0x57 returned -19 after 232 usecs
[   16.053790] calling  pmc_atom_init+0x0/0x27a @ 1
[   16.060100] initcall pmc_atom_init+0x0/0x27a returned -19 after 7 usecs
[   16.069709] calling  alsa_hwdep_init+0x0/0x5e @ 1
