c[?7l[2J[0mSeaBIOS (version 1.16.0-debian-1.16.0-4)
Booting from ROM...
early console in setup code
c[?7l[2J[    0.000000] Linux version 5.10.156+ (root@joelboxx.c.googlers.com) (gcc (Debian 12.2.0-3) 12.2.0, GNU ld (GNU Binutils for Debian) 2.39) #5 SMP PREEMPT Tue Dec 13 04:26:17 UTC 2022
[    0.000000] Command line: selinux=0 initcall_debug debug console=ttyS0 rcutorture.onoff_interval=1000 rcutorture.onoff_holdoff=30 rcutorture.n_barrier_cbs=4 rcutorture.stat_interval=15 rcutorture.shutdown_secs=1800 rcutorture.test_no_idle_hz=1 rcutorture.verbose=1
[    0.000000] x86/fpu: x87 FPU will use FXSAVE
[    0.000000] BIOS-provided physical RAM map:
[    0.000000] BIOS-e820: [mem 0x0000000000000000-0x000000000009fbff] usable
[    0.000000] BIOS-e820: [mem 0x000000000009fc00-0x000000000009ffff] reserved
[    0.000000] BIOS-e820: [mem 0x00000000000f0000-0x00000000000fffff] reserved
[    0.000000] BIOS-e820: [mem 0x0000000000100000-0x000000001ffdefff] usable
[    0.000000] BIOS-e820: [mem 0x000000001ffdf000-0x000000001fffffff] reserved
[    0.000000] BIOS-e820: [mem 0x00000000b0000000-0x00000000bfffffff] reserved
[    0.000000] BIOS-e820: [mem 0x00000000fed1c000-0x00000000fed1ffff] reserved
[    0.000000] BIOS-e820: [mem 0x00000000feffc000-0x00000000feffffff] reserved
[    0.000000] BIOS-e820: [mem 0x00000000fffc0000-0x00000000ffffffff] reserved
[    0.000000] NX (Execute Disable) protection: active
[    0.000000] SMBIOS 2.8 present.
[    0.000000] DMI: QEMU Standard PC (Q35 + ICH9, 2009), BIOS 1.16.0-debian-1.16.0-4 04/01/2014
[    0.000000] Hypervisor detected: KVM
[    0.000000] kvm-clock: Using msrs 4b564d01 and 4b564d00
[    0.000000] kvm-clock: cpu 0, msr 1d723001, primary cpu clock
[    0.000001] kvm-clock: using sched offset of 2849128604 cycles
[    0.000117] clocksource: kvm-clock: mask: 0xffffffffffffffff max_cycles: 0x1cd42e4dffb, max_idle_ns: 881590591483 ns
[    0.000367] tsc: Detected 1999.999 MHz processor
[    0.005999] e820: update [mem 0x00000000-0x00000fff] usable ==> reserved
[    0.006007] e820: remove [mem 0x000a0000-0x000fffff] usable
[    0.006015] last_pfn = 0x1ffdf max_arch_pfn = 0x400000000
[    0.006728] MTRR default type: write-back
[    0.006751] MTRR fixed ranges enabled:
[    0.006754]   00000-9FFFF write-back
[    0.006756]   A0000-BFFFF uncachable
[    0.006758]   C0000-FFFFF write-protect
[    0.006760] MTRR variable ranges enabled:
[    0.006763]   0 base 00C0000000 mask FFC0000000 uncachable
[    0.006764]   1 disabled
[    0.006766]   2 disabled
[    0.006768]   3 disabled
[    0.006769]   4 disabled
[    0.006771]   5 disabled
[    0.006772]   6 disabled
[    0.006774]   7 disabled
[    0.007032] x86/PAT: Configuration [0-7]: WB  WC  UC- UC  WB  WC  UC- UC  
[    0.015809] found SMP MP-table at [mem 0x000f5ba0-0x000f5baf]
[    0.017354] check: Scanning 1 areas for low memory corruption
[    0.022081] ACPI: Early table checksum verification disabled
[    0.022689] ACPI: RSDP 0x00000000000F59E0 000014 (v00 BOCHS )
[    0.022775] ACPI: RSDT 0x000000001FFE252A 000038 (v01 BOCHS  BXPC     00000001 BXPC 00000001)
[    0.022914] ACPI: FACP 0x000000001FFE22EA 0000F4 (v03 BOCHS  BXPC     00000001 BXPC 00000001)
[    0.022929] ACPI: DSDT 0x000000001FFE0040 0022AA (v01 BOCHS  BXPC     00000001 BXPC 00000001)
[    0.022935] ACPI: FACS 0x000000001FFE0000 000040
[    0.022941] ACPI: APIC 0x000000001FFE23DE 0000B0 (v01 BOCHS  BXPC     00000001 BXPC 00000001)
[    0.022948] ACPI: HPET 0x000000001FFE248E 000038 (v01 BOCHS  BXPC     00000001 BXPC 00000001)
[    0.022954] ACPI: MCFG 0x000000001FFE24C6 00003C (v01 BOCHS  BXPC     00000001 BXPC 00000001)
[    0.022960] ACPI: WAET 0x000000001FFE2502 000028 (v01 BOCHS  BXPC     00000001 BXPC 00000001)
[    0.022979] ACPI: Reserving FACP table memory at [mem 0x1ffe22ea-0x1ffe23dd]
[    0.022982] ACPI: Reserving DSDT table memory at [mem 0x1ffe0040-0x1ffe22e9]
[    0.022985] ACPI: Reserving FACS table memory at [mem 0x1ffe0000-0x1ffe003f]
[    0.022987] ACPI: Reserving APIC table memory at [mem 0x1ffe23de-0x1ffe248d]
[    0.022989] ACPI: Reserving HPET table memory at [mem 0x1ffe248e-0x1ffe24c5]
[    0.022991] ACPI: Reserving MCFG table memory at [mem 0x1ffe24c6-0x1ffe2501]
[    0.022993] ACPI: Reserving WAET table memory at [mem 0x1ffe2502-0x1ffe2529]
[    0.023264] ACPI: Local APIC address 0xfee00000
[    0.026704] No NUMA configuration found
[    0.026708] Faking a node at [mem 0x0000000000000000-0x000000001ffdefff]
[    0.026803] NODE_DATA(0) allocated [mem 0x1ffdb000-0x1ffdefff]
[    0.027658] Zone ranges:
[    0.027661]   DMA      [mem 0x0000000000001000-0x0000000000ffffff]
[    0.027664]   DMA32    [mem 0x0000000001000000-0x000000001ffdefff]
[    0.027667]   Normal   empty
[    0.027670] Movable zone start for each node
[    0.027672] Early memory node ranges
[    0.027674]   node   0: [mem 0x0000000000001000-0x000000000009efff]
[    0.027730]   node   0: [mem 0x0000000000100000-0x000000001ffdefff]
[    0.027748] Initmem setup node 0 [mem 0x0000000000001000-0x000000001ffdefff]
[    0.027768] On node 0 totalpages: 130941
[    0.027822]   DMA zone: 64 pages used for memmap
[    0.027824]   DMA zone: 21 pages reserved
[    0.027844]   DMA zone: 3998 pages, LIFO batch:0
[    0.027847]   DMA32 zone: 1984 pages used for memmap
[    0.027849]   DMA32 zone: 126943 pages, LIFO batch:31
[    0.030484] On node 0, zone DMA: 1 pages in unavailable ranges
[    0.032339] On node 0, zone DMA: 97 pages in unavailable ranges
[    0.057795] On node 0, zone DMA32: 33 pages in unavailable ranges
[    0.061632] ACPI: PM-Timer IO Port: 0x608
[    0.061638] ACPI: Local APIC address 0xfee00000
[    0.061838] ACPI: LAPIC_NMI (acpi_id[0xff] dfl dfl lint[0x1])
[    0.062391] IOAPIC[0]: apic_id 0, version 17, address 0xfec00000, GSI 0-23
[    0.062412] ACPI: INT_SRC_OVR (bus 0 bus_irq 0 global_irq 2 dfl dfl)
[    0.062415] ACPI: INT_SRC_OVR (bus 0 bus_irq 5 global_irq 5 high level)
[    0.062418] ACPI: INT_SRC_OVR (bus 0 bus_irq 9 global_irq 9 high level)
[    0.062555] ACPI: INT_SRC_OVR (bus 0 bus_irq 10 global_irq 10 high level)
[    0.062557] ACPI: INT_SRC_OVR (bus 0 bus_irq 11 global_irq 11 high level)
[    0.062560] ACPI: IRQ0 used by override.
[    0.062562] ACPI: IRQ5 used by override.
[    0.062564] ACPI: IRQ9 used by override.
[    0.062566] ACPI: IRQ10 used by override.
[    0.062601] ACPI: IRQ11 used by override.
[    0.062604] Using ACPI (MADT) for SMP configuration information
[    0.062608] ACPI: HPET id: 0x8086a201 base: 0xfed00000
[    0.062820] smpboot: Allowing 8 CPUs, 0 hotplug CPUs
[    0.063623] PM: hibernation: Registered nosave memory: [mem 0x00000000-0x00000fff]
[    0.063648] PM: hibernation: Registered nosave memory: [mem 0x0009f000-0x0009ffff]
[    0.063650] PM: hibernation: Registered nosave memory: [mem 0x000a0000-0x000effff]
[    0.063652] PM: hibernation: Registered nosave memory: [mem 0x000f0000-0x000fffff]
[    0.063657] [mem 0x20000000-0xafffffff] available for PCI devices
[    0.063684] Booting paravirtualized kernel on KVM
[    0.063958] clocksource: refined-jiffies: mask: 0xffffffff max_cycles: 0xffffffff, max_idle_ns: 1910969940391419 ns
[    0.076674] setup_percpu: NR_CPUS:8 nr_cpumask_bits:8 nr_cpu_ids:8 nr_node_ids:1
[    0.079401] percpu: Embedded 58 pages/cpu s197776 r8192 d31600 u262144
[    0.079411] pcpu-alloc: s197776 r8192 d31600 u262144 alloc=1*2097152
[    0.079415] pcpu-alloc: [0] 0 1 2 3 4 5 6 7 
[    0.079605] kvm-guest: stealtime: cpu 0, msr 1f41bac0
[    0.079654] Built 1 zonelists, mobility grouping on.  Total pages: 128872
[    0.079656] Policy zone: DMA32
[    0.079668] Kernel command line: selinux=0 initcall_debug debug console=ttyS0 rcutorture.onoff_interval=1000 rcutorture.onoff_holdoff=30 rcutorture.n_barrier_cbs=4 rcutorture.stat_interval=15 rcutorture.shutdown_secs=1800 rcutorture.test_no_idle_hz=1 rcutorture.verbose=1
[    0.080901] Dentry cache hash table entries: 65536 (order: 7, 524288 bytes, linear)
[    0.081486] Inode-cache hash table entries: 32768 (order: 6, 262144 bytes, linear)
[    0.081906] mem auto-init: stack:all(zero), heap alloc:off, heap free:off
[    0.087449] Memory: 471528K/523764K available (16397K kernel code, 2794K rwdata, 4784K rodata, 1556K init, 7148K bss, 51976K reserved, 0K cma-reserved)
[    0.087737] SLUB: HWalign=64, Order=0-3, MinObjects=0, CPUs=8, Nodes=1
[    0.091670] Kernel/User page tables isolation: enabled
[    0.097978] rcu: Preemptible hierarchical RCU implementation.
[    0.097982] rcu: 	CONFIG_RCU_FANOUT set to non-default value of 3.
[    0.097984] rcu: 	Build-time adjustment of leaf fanout to 3.
[    0.097995] rcu: 	RCU callback double-/use-after-free debug enabled.
[    0.098005] 	Trampoline variant of Tasks RCU enabled.
[    0.098007] 	Rude variant of Tasks RCU enabled.
[    0.098009] 	Tracing variant of Tasks RCU enabled.
[    0.098042] rcu: RCU calculated value of scheduler-enlistment delay is 100 jiffies.
[    0.104247] NR_IRQS: 4352, nr_irqs: 488, preallocated irqs: 16
[    0.105621] calling  con_init+0x0/0x24f @ 0
[    0.189340] Console: colour VGA+ 80x25
[    0.189350] initcall con_init+0x0/0x24f returned 0 after 0 usecs
[    0.189354] calling  hvc_console_init+0x0/0x13 @ 0
[    0.189371] initcall hvc_console_init+0x0/0x13 returned 0 after 0 usecs
[    0.189373] calling  univ8250_console_init+0x0/0x26 @ 0
[    1.095929] printk: console [ttyS0] enabled
[    1.100688] initcall univ8250_console_init+0x0/0x26 returned 0 after 0 usecs
[    1.108767] Lock dependency validator: Copyright (c) 2006 Red Hat, Inc., Ingo Molnar
[    1.117330] ... MAX_LOCKDEP_SUBCLASSES:  8
[    1.122016] ... MAX_LOCK_DEPTH:          48
[    1.126728] ... MAX_LOCKDEP_KEYS:        8192
[    1.131620] ... CLASSHASH_SIZE:          4096
[    1.136470] ... MAX_LOCKDEP_ENTRIES:     32768
[    1.141550] ... MAX_LOCKDEP_CHAINS:      65536
[    1.146519] ... CHAINHASH_SIZE:          32768
[    1.151411]  memory used by lock dependency info: 3637 kB
[    1.157552]  per task-struct memory footprint: 1920 bytes
[    1.163586] ACPI: Core revision 20200925
[    1.169250] clocksource: hpet: mask: 0xffffffff max_cycles: 0xffffffff, max_idle_ns: 19112604467 ns
[    1.180409] APIC: Switch to symmetric I/O mode setup
[    1.203743] ..TIMER: vector=0x30 apic1=0 pin1=2 apic2=-1 pin2=-1
[    1.212799] clocksource: tsc-early: mask: 0xffffffffffffffff max_cycles: 0x39a85afc727, max_idle_ns: 881590685098 ns
[    1.228107] Calibrating delay loop (skipped) preset value.. 3999.99 BogoMIPS (lpj=1999999)
[    1.229095] pid_max: default: 32768 minimum: 301
[    1.230255] LSM: Security Framework initializing
[    1.231231] Mount-cache hash table entries: 1024 (order: 1, 8192 bytes, linear)
[    1.232156] Mountpoint-cache hash table entries: 1024 (order: 1, 8192 bytes, linear)
[    1.241907] Last level iTLB entries: 4KB 0, 2MB 0, 4MB 0
[    1.242092] Last level dTLB entries: 4KB 0, 2MB 0, 4MB 0, 1GB 0
[    1.243173] Spectre V1 : Mitigation: usercopy/swapgs barriers and __user pointer sanitization
[    1.245092] Spectre V2 : Mitigation: Retpolines
[    1.246091] Spectre V2 : Spectre v2 / SpectreRSB mitigation: Filling RSB on context switch
[    1.247091] Spectre V2 : Spectre v2 / SpectreRSB : Filling RSB on VMEXIT
[    1.248090] Speculative Store Bypass: Vulnerable
[    1.249096] MDS: Vulnerable: Clear CPU buffers attempted, no microcode
[    1.250091] MMIO Stale Data: Unknown: No mitigations
[    1.304931] Freeing SMP alternatives memory: 40K
[    1.408085] smpboot: CPU0: Intel Common KVM processor (family: 0xf, model: 0x6, stepping: 0x1)
[    1.409544] calling  init_hw_perf_events+0x0/0x6ce @ 1
[    1.410091] Performance Events: unsupported Netburst CPU model 6 no PMU driver, software events only.
[    1.411097] initcall init_hw_perf_events+0x0/0x6ce returned 0 after 976 usecs
[    1.412097] calling  init_real_mode+0x0/0x1e9 @ 1
[    1.414264] initcall init_real_mode+0x0/0x1e9 returned 0 after 976 usecs
[    1.415094] calling  trace_init_perf_perm_irq_work_exit+0x0/0x12 @ 1
[    1.416095] initcall trace_init_perf_perm_irq_work_exit+0x0/0x12 returned 0 after 0 usecs
[    1.417098] calling  validate_x2apic+0x0/0x4a @ 1
[    1.418118] initcall validate_x2apic+0x0/0x4a returned 0 after 0 usecs
[    1.419093] calling  register_nmi_cpu_backtrace_handler+0x0/0x15 @ 1
[    1.421100] initcall register_nmi_cpu_backtrace_handler+0x0/0x15 returned 0 after 0 usecs
[    1.423092] calling  kvm_setup_vsyscall_timeinfo+0x0/0xce @ 1
[    1.424093] initcall kvm_setup_vsyscall_timeinfo+0x0/0xce returned 0 after 0 usecs
[    1.425095] calling  spawn_ksoftirqd+0x0/0x38 @ 1
[    1.426276] initcall spawn_ksoftirqd+0x0/0x38 returned 0 after 0 usecs
[    1.427094] calling  migration_init+0x0/0x31 @ 1
[    1.428093] initcall migration_init+0x0/0x31 returned 0 after 0 usecs
[    1.430101] calling  srcu_bootup_announce+0x0/0x2f @ 1
[    1.431090] rcu: Hierarchical SRCU implementation.
[    1.432092] initcall srcu_bootup_announce+0x0/0x2f returned 0 after 976 usecs
[    1.433093] calling  rcu_spawn_gp_kthread+0x0/0x1b0 @ 1
[    1.434218] initcall rcu_spawn_gp_kthread+0x0/0x1b0 returned 0 after 0 usecs
[    1.436092] calling  check_cpu_stall_init+0x0/0x1a @ 1
[    1.437093] initcall check_cpu_stall_init+0x0/0x1a returned 0 after 0 usecs
[    1.438114] calling  rcu_sysrq_init+0x0/0x21 @ 1
[    1.439127] initcall rcu_sysrq_init+0x0/0x21 returned 0 after 0 usecs
[    1.440121] calling  trace_init_flags_sys_enter+0x0/0xe @ 1
[    1.441093] initcall trace_init_flags_sys_enter+0x0/0xe returned 0 after 0 usecs
[    1.442094] calling  trace_init_flags_sys_exit+0x0/0xe @ 1
[    1.443092] initcall trace_init_flags_sys_exit+0x0/0xe returned 0 after 0 usecs
[    1.444094] calling  cpu_stop_init+0x0/0x8d @ 1
[    1.446207] initcall cpu_stop_init+0x0/0x8d returned 0 after 976 usecs
[    1.447092] calling  init_kprobes+0x0/0x16e @ 1
[    1.449163] initcall init_kprobes+0x0/0x16e returned 0 after 976 usecs
[    1.450093] calling  init_events+0x0/0x3d @ 1
[    1.451111] initcall init_events+0x0/0x3d returned 0 after 0 usecs
[    1.452093] calling  init_trace_printk+0x0/0xc @ 1
[    1.453093] initcall init_trace_printk+0x0/0xc returned 0 after 0 usecs
[    1.454092] calling  event_trace_enable_again+0x0/0x23 @ 1
[    1.455092] initcall event_trace_enable_again+0x0/0x23 returned 0 after 0 usecs
[    1.456091] calling  static_call_init+0x0/0x79 @ 1
[    1.457091] initcall static_call_init+0x0/0x79 returned 0 after 0 usecs
[    1.458092] calling  jump_label_init_module+0x0/0xc @ 1
[    1.459093] initcall jump_label_init_module+0x0/0xc returned 0 after 0 usecs
[    1.460091] calling  init_zero_pfn+0x0/0x37 @ 1
[    1.461091] initcall init_zero_pfn+0x0/0x37 returned 0 after 0 usecs
[    1.462093] calling  initialize_ptr_random+0x0/0x54 @ 1
[    1.463108] initcall initialize_ptr_random+0x0/0x54 returned 0 after 0 usecs
[    1.464094] calling  efi_memreserve_root_init+0x0/0x25 @ 1
[    1.465093] initcall efi_memreserve_root_init+0x0/0x25 returned 0 after 0 usecs
[    1.467092] calling  efi_earlycon_remap_fb+0x0/0x51 @ 1
[    1.468107] initcall efi_earlycon_remap_fb+0x0/0x51 returned 0 after 0 usecs
[    1.471216] smp: Bringing up secondary CPUs ...
[    1.473498] x86: Booting SMP configuration:
[    1.474092] .... node  #0, CPUs:      #1
[    1.120952] kvm-clock: cpu 1, msr 1d723041, secondary cpu clock
[    1.498249] kvm-guest: stealtime: cpu 1, msr 1f45bac0
[    1.514743]  #2
[    1.120952] kvm-clock: cpu 2, msr 1d723081, secondary cpu clock
[    1.537662] kvm-guest: stealtime: cpu 2, msr 1f49bac0
[    1.552098]  #3
[    1.120952] kvm-clock: cpu 3, msr 1d7230c1, secondary cpu clock
[    1.576282] kvm-guest: stealtime: cpu 3, msr 1f4dbac0
[    1.594098]  #4
[    1.120952] kvm-clock: cpu 4, msr 1d723101, secondary cpu clock
[    1.616251] kvm-guest: stealtime: cpu 4, msr 1f51bac0
[    1.631096]  #5
[    1.120952] kvm-clock: cpu 5, msr 1d723141, secondary cpu clock
[    1.655087] kvm-guest: stealtime: cpu 5, msr 1f55bac0
[    1.672928]  #6
[    1.120952] kvm-clock: cpu 6, msr 1d723181, secondary cpu clock
[    1.694252] kvm-guest: stealtime: cpu 6, msr 1f59bac0
[    1.709971]  #7
[    1.120952] kvm-clock: cpu 7, msr 1d7231c1, secondary cpu clock
[    1.733305] kvm-guest: stealtime: cpu 7, msr 1f5dbac0
[    1.750840] smp: Brought up 1 node, 8 CPUs
[    1.751109] smpboot: Max logical packages: 1
[    1.752093] smpboot: Total of 8 processors activated (31999.98 BogoMIPS)
[    1.759093] devtmpfs: initialized
[    1.760552] calling  ipc_ns_init+0x0/0x3d @ 1
[    1.761101] initcall ipc_ns_init+0x0/0x3d returned 0 after 0 usecs
[    1.762094] calling  init_mmap_min_addr+0x0/0x21 @ 1
[    1.763094] initcall init_mmap_min_addr+0x0/0x21 returned 0 after 0 usecs
[    1.764097] calling  pci_realloc_setup_params+0x0/0x3f @ 1
[    1.765094] initcall pci_realloc_setup_params+0x0/0x3f returned 0 after 0 usecs
[    1.766095] calling  net_ns_init+0x0/0x140 @ 1
[    1.768389] initcall net_ns_init+0x0/0x140 returned 0 after 976 usecs
[    1.769118] calling  e820__register_nvs_regions+0x0/0x37 @ 1
[    1.770095] initcall e820__register_nvs_regions+0x0/0x37 returned 0 after 0 usecs
[    1.771093] calling  cpufreq_register_tsc_scaling+0x0/0x2e @ 1
[    1.772093] initcall cpufreq_register_tsc_scaling+0x0/0x2e returned 0 after 0 usecs
[    1.773093] calling  reboot_init+0x0/0x3c @ 1
[    1.774133] initcall reboot_init+0x0/0x3c returned 0 after 0 usecs
[    1.775093] calling  init_lapic_sysfs+0x0/0x20 @ 1
[    1.776094] initcall init_lapic_sysfs+0x0/0x20 returned 0 after 0 usecs
[    1.777097] calling  alloc_frozen_cpus+0x0/0x7 @ 1
[    1.778094] initcall alloc_frozen_cpus+0x0/0x7 returned 0 after 0 usecs
[    1.779093] calling  cpu_hotplug_pm_sync_init+0x0/0x13 @ 1
[    1.780102] initcall cpu_hotplug_pm_sync_init+0x0/0x13 returned 0 after 0 usecs
[    1.781094] calling  wq_sysfs_init+0x0/0x2a @ 1
[    1.782171] initcall wq_sysfs_init+0x0/0x2a returned 0 after 0 usecs
[    1.783093] calling  ksysfs_init+0x0/0x92 @ 1
[    1.784108] initcall ksysfs_init+0x0/0x92 returned 0 after 0 usecs
[    1.785093] calling  schedutil_gov_init+0x0/0xc @ 1
[    1.786133] initcall schedutil_gov_init+0x0/0xc returned 0 after 0 usecs
[    1.787092] calling  pm_init+0x0/0x76 @ 1
[    1.788159] initcall pm_init+0x0/0x76 returned 0 after 0 usecs
[    1.789092] calling  pm_disk_init+0x0/0x13 @ 1
[    1.790102] initcall pm_disk_init+0x0/0x13 returned 0 after 0 usecs
[    1.791092] calling  swsusp_header_init+0x0/0x2b @ 1
[    1.792095] initcall swsusp_header_init+0x0/0x2b returned 0 after 0 usecs
[    1.793092] calling  rcu_set_runtime_mode+0x0/0x16 @ 1
[    1.794104] initcall rcu_set_runtime_mode+0x0/0x16 returned 0 after 0 usecs
[    1.795092] calling  init_jiffies_clocksource+0x0/0x13 @ 1
[    1.796092] clocksource: jiffies: mask: 0xffffffff max_cycles: 0xffffffff, max_idle_ns: 1911260446275000 ns
[    1.797096] initcall init_jiffies_clocksource+0x0/0x13 returned 0 after 976 usecs
[    1.798093] calling  futex_init+0x0/0x118 @ 1
[    1.799096] futex hash table entries: 2048 (order: 6, 262144 bytes, linear)
[    1.801622] initcall futex_init+0x0/0x118 returned 0 after 1953 usecs
[    1.802094] calling  cgroup_wq_init+0x0/0x28 @ 1
[    1.803108] initcall cgroup_wq_init+0x0/0x28 returned 0 after 0 usecs
[    1.804093] calling  cgroup1_wq_init+0x0/0x28 @ 1
[    1.805110] initcall cgroup1_wq_init+0x0/0x28 returned 0 after 0 usecs
[    1.806093] calling  init_kprobe_trace_early+0x0/0x2a @ 1
[    1.807116] initcall init_kprobe_trace_early+0x0/0x2a returned 0 after 0 usecs
[    1.808094] calling  fsnotify_init+0x0/0x56 @ 1
[    1.809109] initcall fsnotify_init+0x0/0x56 returned 0 after 0 usecs
[    1.810093] calling  filelock_init+0x0/0xb3 @ 1
[    1.811127] initcall filelock_init+0x0/0xb3 returned 0 after 0 usecs
[    1.812093] calling  init_misc_binfmt+0x0/0x2c @ 1
[    1.813105] initcall init_misc_binfmt+0x0/0x2c returned 0 after 0 usecs
[    1.814094] calling  init_script_binfmt+0x0/0x15 @ 1
[    1.815095] initcall init_script_binfmt+0x0/0x15 returned 0 after 0 usecs
[    1.816095] calling  init_elf_binfmt+0x0/0x15 @ 1
[    1.817095] initcall init_elf_binfmt+0x0/0x15 returned 0 after 0 usecs
[    1.818097] calling  init_compat_elf_binfmt+0x0/0x15 @ 1
[    1.819097] initcall init_compat_elf_binfmt+0x0/0x15 returned 0 after 0 usecs
[    1.820097] calling  debugfs_init+0x0/0x5c @ 1
[    1.821106] initcall debugfs_init+0x0/0x5c returned 0 after 0 usecs
[    1.822095] calling  tracefs_init+0x0/0x3a @ 1
[    1.823102] initcall tracefs_init+0x0/0x3a returned 0 after 0 usecs
[    1.824096] calling  prandom_init_early+0x0/0x15d @ 1
[    1.826095] initcall prandom_init_early+0x0/0x15d returned 0 after 0 usecs
[    1.827095] calling  virtio_init+0x0/0x20 @ 1
[    1.828200] initcall virtio_init+0x0/0x20 returned 0 after 0 usecs
[    1.829095] calling  iommu_init+0x0/0x2a @ 1
[    1.830120] initcall iommu_init+0x0/0x2a returned 0 after 0 usecs
[    1.831094] calling  component_debug_init+0x0/0x1c @ 1
[    1.832148] initcall component_debug_init+0x0/0x1c returned 0 after 0 usecs
[    1.833096] calling  early_resume_init+0x0/0xb9 @ 1
[    1.834694] PM: RTC time: 04:45:32, date: 2022-12-13
[    1.835095] initcall early_resume_init+0x0/0xb9 returned 0 after 976 usecs
[    1.836096] calling  cpufreq_core_init+0x0/0x62 @ 1
[    1.838095] initcall cpufreq_core_init+0x0/0x62 returned 0 after 976 usecs
[    1.839096] calling  cpufreq_gov_performance_init+0x0/0xc @ 1
[    1.840098] initcall cpufreq_gov_performance_init+0x0/0xc returned 0 after 0 usecs
[    1.841096] calling  cpufreq_gov_userspace_init+0x0/0xc @ 1
[    1.842096] initcall cpufreq_gov_userspace_init+0x0/0xc returned 0 after 0 usecs
[    1.843095] calling  CPU_FREQ_GOV_ONDEMAND_init+0x0/0xc @ 1
[    1.844112] initcall CPU_FREQ_GOV_ONDEMAND_init+0x0/0xc returned 0 after 0 usecs
[    1.845095] calling  cpuidle_init+0x0/0x1f @ 1
[    1.846124] initcall cpuidle_init+0x0/0x1f returned 0 after 0 usecs
[    1.847094] calling  capsule_reboot_register+0x0/0xc @ 1
[    1.848103] initcall capsule_reboot_register+0x0/0xc returned 0 after 0 usecs
[    1.849095] calling  sock_init+0x0/0x93 @ 1
[    1.851701] initcall sock_init+0x0/0x93 returned 0 after 976 usecs
[    1.852093] calling  net_inuse_init+0x0/0x23 @ 1
[    1.853099] initcall net_inuse_init+0x0/0x23 returned 0 after 0 usecs
[    1.854093] calling  net_defaults_init+0x0/0x23 @ 1
[    1.855094] initcall net_defaults_init+0x0/0x23 returned 0 after 0 usecs
[    1.856093] calling  init_default_flow_dissectors+0x0/0x4f @ 1
[    1.857094] initcall init_default_flow_dissectors+0x0/0x4f returned 0 after 0 usecs
[    1.858093] calling  netpoll_init+0x0/0x44 @ 1
[    1.859094] initcall netpoll_init+0x0/0x44 returned 0 after 0 usecs
[    1.860093] calling  netlink_proto_init+0x0/0x154 @ 1
[    1.863151] NET: Registered protocol family 16
[    1.864129] initcall netlink_proto_init+0x0/0x154 returned 0 after 2929 usecs
[    1.865094] calling  genl_init+0x0/0x35 @ 1
[    1.866117] initcall genl_init+0x0/0x35 returned 0 after 0 usecs
[    1.867096] calling  bsp_pm_check_init+0x0/0x13 @ 1
[    1.868095] initcall bsp_pm_check_init+0x0/0x13 returned 0 after 0 usecs
[    1.869117] calling  irq_sysfs_init+0x0/0xb9 @ 1
[    1.871487] initcall irq_sysfs_init+0x0/0xb9 returned 0 after 0 usecs
[    1.872099] calling  audit_init+0x0/0x127 @ 1
[    1.873101] audit: initializing netlink subsys (disabled)
[    1.959555] initcall audit_init+0x0/0x127 returned 0 after 83984 usecs
[    1.959411] audit: type=2000 audit(1670906731.050:1): state=initialized audit_enabled=0 res=1
[    1.960100] calling  release_early_probes+0x0/0x32 @ 1
[    1.962097] initcall release_early_probes+0x0/0x32 returned 0 after 0 usecs
[    1.963095] calling  bdi_class_init+0x0/0x48 @ 1
[    1.965100] initcall bdi_class_init+0x0/0x48 returned 0 after 976 usecs
[    1.966139] calling  mm_sysfs_init+0x0/0x28 @ 1
[    1.967103] initcall mm_sysfs_init+0x0/0x28 returned 0 after 0 usecs
[    1.968094] calling  init_per_zone_wmark_min+0x0/0x6d @ 1
[    1.969108] initcall init_per_zone_wmark_min+0x0/0x6d returned 0 after 0 usecs
[    1.970093] calling  mpi_init+0x0/0x3e @ 1
[    1.971099] initcall mpi_init+0x0/0x3e returned 0 after 0 usecs
[    1.972108] calling  kobject_uevent_init+0x0/0xc @ 1
[    1.974112] initcall kobject_uevent_init+0x0/0xc returned 0 after 0 usecs
[    1.975098] calling  pcibus_class_init+0x0/0x13 @ 1
[    1.976141] initcall pcibus_class_init+0x0/0x13 returned 0 after 0 usecs
[    1.977094] calling  pci_driver_init+0x0/0x21 @ 1
[    1.978141] initcall pci_driver_init+0x0/0x21 returned 0 after 0 usecs
[    1.979097] calling  backlight_class_init+0x0/0xa8 @ 1
[    1.980134] initcall backlight_class_init+0x0/0xa8 returned 0 after 0 usecs
[    1.981096] calling  tty_class_init+0x0/0x33 @ 1
[    1.982111] initcall tty_class_init+0x0/0x33 returned 0 after 0 usecs
[    1.983094] calling  vtconsole_class_init+0x0/0xb5 @ 1
[    1.984203] initcall vtconsole_class_init+0x0/0xb5 returned 0 after 0 usecs
[    1.985095] calling  iommu_dev_init+0x0/0x13 @ 1
[    1.986105] initcall iommu_dev_init+0x0/0x13 returned 0 after 0 usecs
[    1.987117] calling  mipi_dsi_bus_init+0x0/0xc @ 1
[    1.988181] initcall mipi_dsi_bus_init+0x0/0xc returned 0 after 0 usecs
[    1.989099] calling  devlink_class_init+0x0/0x40 @ 1
[    1.990125] initcall devlink_class_init+0x0/0x40 returned 0 after 0 usecs
[    1.991095] calling  software_node_init+0x0/0x2a @ 1
[    1.992102] initcall software_node_init+0x0/0x2a returned 0 after 0 usecs
[    1.993094] calling  wakeup_sources_debugfs_init+0x0/0x23 @ 1
[    1.994108] initcall wakeup_sources_debugfs_init+0x0/0x23 returned 0 after 0 usecs
[    1.995096] calling  wakeup_sources_sysfs_init+0x0/0x2c @ 1
[    1.996109] initcall wakeup_sources_sysfs_init+0x0/0x2c returned 0 after 0 usecs
[    1.997093] calling  register_node_type+0x0/0x13 @ 1
[    1.998156] initcall register_node_type+0x0/0x13 returned 0 after 0 usecs
[    1.999094] calling  regmap_initcall+0x0/0xc @ 1
[    2.000117] initcall regmap_initcall+0x0/0xc returned 0 after 0 usecs
[    2.001092] calling  i2c_init+0x0/0xb3 @ 1
[    2.002172] initcall i2c_init+0x0/0xb3 returned 0 after 0 usecs
[    2.003092] calling  thermal_init+0x0/0x116 @ 1
[    2.004098] thermal_sys: Registered thermal governor 'step_wise'
[    2.004100] thermal_sys: Registered thermal governor 'user_space'
[    2.005107] initcall thermal_init+0x0/0x116 returned 0 after 976 usecs
[    2.007093] calling  init_menu+0x0/0xc @ 1
[    2.011102] cpuidle: using governor menu
[    2.012094] initcall init_menu+0x0/0xc returned 0 after 3906 usecs
[    2.013095] calling  pcc_init+0x0/0x4d @ 1
[    2.014097] initcall pcc_init+0x0/0x4d returned -19 after 0 usecs
[    2.015094] calling  amd_postcore_init+0x0/0x11e @ 1
[    2.016094] initcall amd_postcore_init+0x0/0x11e returned 0 after 0 usecs
[    2.017116] calling  bts_init+0x0/0xba @ 1
[    2.018094] initcall bts_init+0x0/0xba returned -19 after 0 usecs
[    2.019097] calling  pt_init+0x0/0x34d @ 1
[    2.020094] initcall pt_init+0x0/0x34d returned -19 after 0 usecs
[    2.021094] calling  boot_params_ksysfs_init+0x0/0x2ee @ 1
[    2.022217] initcall boot_params_ksysfs_init+0x0/0x2ee returned 0 after 0 usecs
[    2.023098] calling  sbf_init+0x0/0xea @ 1
[    2.024095] initcall sbf_init+0x0/0xea returned 0 after 0 usecs
[    2.025094] calling  arch_kdebugfs_init+0x0/0x219 @ 1
[    2.026132] initcall arch_kdebugfs_init+0x0/0x219 returned 0 after 0 usecs
[    2.027094] calling  intel_pconfig_init+0x0/0x85 @ 1
[    2.028096] initcall intel_pconfig_init+0x0/0x85 returned 0 after 0 usecs
[    2.029094] calling  mtrr_if_init+0x0/0x5d @ 1
[    2.030102] initcall mtrr_if_init+0x0/0x5d returned 0 after 0 usecs
[    2.031094] calling  activate_jump_labels+0x0/0x31 @ 1
[    2.032093] initcall activate_jump_labels+0x0/0x31 returned 0 after 0 usecs
[    2.033092] calling  ffh_cstate_init+0x0/0x29 @ 1
[    2.034097] initcall ffh_cstate_init+0x0/0x29 returned 0 after 0 usecs
[    2.035093] calling  activate_jump_labels+0x0/0x31 @ 1
[    2.037619] initcall activate_jump_labels+0x0/0x31 returned 0 after 976 usecs
[    2.038169] calling  kvm_alloc_cpumask+0x0/0x74 @ 1
[    2.039155] initcall kvm_alloc_cpumask+0x0/0x74 returned 0 after 0 usecs
[    2.040095] calling  kcmp_cookies_init+0x0/0x37 @ 1
[    2.041100] initcall kcmp_cookies_init+0x0/0x37 returned 0 after 0 usecs
[    2.043092] calling  cryptomgr_init+0x0/0xc @ 1
[    2.044150] initcall cryptomgr_init+0x0/0xc returned 0 after 0 usecs
[    2.045093] calling  acpi_pci_init+0x0/0x57 @ 1
[    2.046095] ACPI: bus type PCI registered
[    2.047095] initcall acpi_pci_init+0x0/0x57 returned 0 after 976 usecs
[    2.048096] calling  dma_channel_table_init+0x0/0xd1 @ 1
[    2.049113] initcall dma_channel_table_init+0x0/0xd1 returned 0 after 0 usecs
[    2.050099] calling  dma_bus_init+0x0/0xdc @ 1
[    2.051143] initcall dma_bus_init+0x0/0xdc returned 0 after 0 usecs
[    2.052130] calling  iommu_dma_init+0x0/0x10 @ 1
[    2.055115] initcall iommu_dma_init+0x0/0x10 returned 0 after 0 usecs
[    2.056095] calling  dmi_id_init+0x0/0x37c @ 1
[    2.059368] initcall dmi_id_init+0x0/0x37c returned 0 after 1953 usecs
[    2.060098] calling  pci_arch_init+0x0/0x71 @ 1
[    2.062463] PCI: MMCONFIG for domain 0000 [bus 00-ff] at [mem 0xb0000000-0xbfffffff] (base 0xb0000000)
[    2.063141] PCI: MMCONFIG at [mem 0xb0000000-0xbfffffff] reserved in E820
[    2.064117] PCI: Using configuration type 1 for base access
[    2.065147] initcall pci_arch_init+0x0/0x71 returned 0 after 3906 usecs
[    2.067109] calling  init_vdso+0x0/0x13 @ 1
[    2.068113] initcall init_vdso+0x0/0x13 returned 0 after 0 usecs
[    2.069093] calling  sysenter_setup+0x0/0x13 @ 1
[    2.071113] initcall sysenter_setup+0x0/0x13 returned 0 after 976 usecs
[    2.072094] calling  fixup_ht_bug+0x0/0xe5 @ 1
[    2.073093] initcall fixup_ht_bug+0x0/0xe5 returned 0 after 0 usecs
[    2.074095] calling  topology_init+0x0/0x88 @ 1
[    2.075751] initcall topology_init+0x0/0x88 returned 0 after 0 usecs
[    2.076095] calling  intel_epb_init+0x0/0x68 @ 1
[    2.077096] initcall intel_epb_init+0x0/0x68 returned -19 after 0 usecs
[    2.078096] calling  mtrr_init_finialize+0x0/0x3e @ 1
[    2.079094] initcall mtrr_init_finialize+0x0/0x3e returned 0 after 0 usecs
[    2.080093] calling  uid_cache_init+0x0/0x85 @ 1
[    2.081116] initcall uid_cache_init+0x0/0x85 returned 0 after 0 usecs
[    2.082094] calling  param_sysfs_init+0x0/0x1ba @ 1
[    2.094237] initcall param_sysfs_init+0x0/0x1ba returned 0 after 10742 usecs
[    2.095129] calling  user_namespace_sysctl_init+0x0/0x33 @ 1
[    2.096107] initcall user_namespace_sysctl_init+0x0/0x33 returned 0 after 0 usecs
[    2.097096] calling  proc_schedstat_init+0x0/0x24 @ 1
[    2.098100] initcall proc_schedstat_init+0x0/0x24 returned 0 after 0 usecs
[    2.099100] calling  pm_sysrq_init+0x0/0x18 @ 1
[    2.100155] initcall pm_sysrq_init+0x0/0x18 returned 0 after 0 usecs
[    2.101099] calling  create_proc_profile+0x0/0xd0 @ 1
[    2.102095] initcall create_proc_profile+0x0/0xd0 returned 0 after 0 usecs
[    2.103256] calling  time_ns_init+0x0/0x7 @ 1
[    2.104097] initcall time_ns_init+0x0/0x7 returned 0 after 0 usecs
[    2.105096] calling  crash_save_vmcoreinfo_init+0x0/0x722 @ 1
[    2.107880] initcall crash_save_vmcoreinfo_init+0x0/0x722 returned 0 after 976 usecs
[    2.108097] calling  crash_notes_memory_init+0x0/0x35 @ 1
[    2.109101] initcall crash_notes_memory_init+0x0/0x35 returned 0 after 0 usecs
[    2.110097] calling  cgroup_sysfs_init+0x0/0x13 @ 1
[    2.111131] initcall cgroup_sysfs_init+0x0/0x13 returned 0 after 0 usecs
[    2.112096] calling  cgroup_namespaces_init+0x0/0x7 @ 1
[    2.113095] initcall cgroup_namespaces_init+0x0/0x7 returned 0 after 0 usecs
[    2.114096] calling  init_optprobes+0x0/0x13 @ 1
[    2.115103] Kprobes globally optimized
[    2.116096] initcall init_optprobes+0x0/0x13 returned 0 after 976 usecs
[    2.117093] calling  oom_init+0x0/0x2f @ 1
[    2.129877] initcall oom_init+0x0/0x2f returned 0 after 10742 usecs
[    2.130096] calling  default_bdi_init+0x0/0xb3 @ 1
[    2.137604] initcall default_bdi_init+0x0/0xb3 returned 0 after 5859 usecs
[    2.138097] calling  percpu_enable_async+0x0/0xe @ 1
[    2.139097] initcall percpu_enable_async+0x0/0xe returned 0 after 0 usecs
[    2.140097] calling  kcompactd_init+0x0/0x8d @ 1
[    2.148094] initcall kcompactd_init+0x0/0x8d returned 0 after 6835 usecs
[    2.149100] calling  init_user_reserve+0x0/0x40 @ 1
[    2.150102] initcall init_user_reserve+0x0/0x40 returned 0 after 0 usecs
[    2.151868] calling  init_admin_reserve+0x0/0x40 @ 1
[    2.153095] initcall init_admin_reserve+0x0/0x40 returned 0 after 0 usecs
[    2.154096] calling  init_reserve_notifier+0x0/0x7 @ 1
[    2.155096] initcall init_reserve_notifier+0x0/0x7 returned 0 after 0 usecs
[    2.156096] calling  swap_init_sysfs+0x0/0x62 @ 1
[    2.157108] initcall swap_init_sysfs+0x0/0x62 returned 0 after 0 usecs
[    2.158097] calling  swapfile_init+0x0/0x94 @ 1
[    2.159099] initcall swapfile_init+0x0/0x94 returned 0 after 0 usecs
[    2.160099] calling  hugetlb_init+0x0/0x499 @ 1
[    2.161104] HugeTLB registered 2.00 MiB page size, pre-allocated 0 pages
[    2.164283] initcall hugetlb_init+0x0/0x499 returned 0 after 2929 usecs
[    2.165094] calling  io_wq_init+0x0/0x34 @ 1
[    2.166096] initcall io_wq_init+0x0/0x34 returned 0 after 0 usecs
[    2.167095] calling  seqiv_module_init+0x0/0xc @ 1
[    2.168110] initcall seqiv_module_init+0x0/0xc returned 0 after 0 usecs
[    2.169094] calling  echainiv_module_init+0x0/0xc @ 1
[    2.170098] initcall echainiv_module_init+0x0/0xc returned 0 after 0 usecs
[    2.171099] calling  rsa_init+0x0/0x50 @ 1
[    2.181408] initcall rsa_init+0x0/0x50 returned 0 after 8789 usecs
[    2.181158] cryptomgr_test (59) used greatest stack depth: 15400 bytes left
[    2.182102] calling  crypto_cmac_module_init+0x0/0xc @ 1
[    2.182108] initcall crypto_cmac_module_init+0x0/0xc returned 0 after 0 usecs
[    2.182110] calling  hmac_module_init+0x0/0xc @ 1
[    2.182136] initcall hmac_module_init+0x0/0xc returned 0 after 0 usecs
[    2.182203] calling  crypto_null_mod_init+0x0/0x65 @ 1
[    2.217554] cryptomgr_test (62) used greatest stack depth: 15256 bytes left
[    2.217103] initcall crypto_null_mod_init+0x0/0x65 returned 0 after 34179 usecs
[    2.236102] calling  md5_mod_init+0x0/0xc @ 1
[    2.247104] initcall md5_mod_init+0x0/0xc returned 0 after 3906 usecs
[    2.255105] calling  sha256_generic_mod_init+0x0/0x11 @ 1
[    2.270109] initcall sha256_generic_mod_init+0x0/0x11 returned 0 after 7812 usecs
[    2.270126] cryptomgr_test (66) used greatest stack depth: 15072 bytes left
[    2.279102] calling  crypto_cbc_module_init+0x0/0xc @ 1
[    2.279107] initcall crypto_cbc_module_init+0x0/0xc returned 0 after 0 usecs
[    2.279109] calling  crypto_ctr_module_init+0x0/0x11 @ 1
[    2.279111] initcall crypto_ctr_module_init+0x0/0x11 returned 0 after 0 usecs
[    2.279113] calling  crypto_gcm_module_init+0x0/0x64 @ 1
[    2.279353] initcall crypto_gcm_module_init+0x0/0x64 returned 0 after 0 usecs
[    2.333103] calling  crypto_ccm_module_init+0x0/0x11 @ 1
[    2.340104] initcall crypto_ccm_module_init+0x0/0x11 returned 0 after 0 usecs
[    2.351320] calling  aes_init+0x0/0xc @ 1
[    2.359102] initcall aes_init+0x0/0xc returned 0 after 1953 usecs
[    2.367708] calling  crc32c_mod_init+0x0/0xc @ 1
[    2.381452] initcall crc32c_mod_init+0x0/0xc returned 0 after 5859 usecs
[    2.390085] calling  crypto_authenc_module_init+0x0/0xc @ 1
[    2.397616] initcall crypto_authenc_module_init+0x0/0xc returned 0 after 976 usecs
[    2.408100] calling  crypto_authenc_esn_module_init+0x0/0xc @ 1
[    2.415099] initcall crypto_authenc_esn_module_init+0x0/0xc returned 0 after 0 usecs
[    2.423098] calling  drbg_init+0x0/0x7c @ 1
[    2.482389] initcall drbg_init+0x0/0x7c returned 0 after 55664 usecs
[    2.491100] calling  ghash_mod_init+0x0/0xc @ 1
[    2.508100] initcall ghash_mod_init+0x0/0xc returned 0 after 9765 usecs
[    2.518100] calling  init_bio+0x0/0x9a @ 1
[    2.524460] initcall init_bio+0x0/0x9a returned 0 after 1953 usecs
[    2.530099] calling  blk_settings_init+0x0/0x29 @ 1
[    2.537095] initcall blk_settings_init+0x0/0x29 returned 0 after 0 usecs
[    2.547096] calling  blk_ioc_init+0x0/0x29 @ 1
[    2.554104] initcall blk_ioc_init+0x0/0x29 returned 0 after 0 usecs
[    2.563099] calling  blk_mq_init+0x0/0xb9 @ 1
[    2.570436] initcall blk_mq_init+0x0/0xb9 returned 0 after 2929 usecs
[    2.580102] calling  genhd_device_init+0x0/0x75 @ 1
[    2.623268] initcall genhd_device_init+0x0/0x75 returned 0 after 40039 usecs
[    2.632104] calling  pci_slot_init+0x0/0x40 @ 1
[    2.636550] initcall pci_slot_init+0x0/0x40 returned 0 after 0 usecs
[    2.640097] calling  fbmem_init+0x0/0xd8 @ 1
[    2.652101] initcall fbmem_init+0x0/0xd8 returned 0 after 7812 usecs
[    2.658103] calling  acpi_init+0x0/0x319 @ 1
[    2.666509] ACPI: Added _OSI(Module Device)
[    2.672315] ACPI: Added _OSI(Processor Device)
[    2.677093] ACPI: Added _OSI(3.0 _SCP Extensions)
[    2.684238] ACPI: Added _OSI(Processor Aggregator Device)
[    2.691094] ACPI: Added _OSI(Linux-Dell-Video)
[    2.696096] ACPI: Added _OSI(Linux-Lenovo-NV-HDMI-Audio)
[    2.704096] ACPI: Added _OSI(Linux-HPI-Hybrid-Graphics)
[    2.727448] ACPI: 1 ACPI AML tables successfully acquired and loaded
[    2.752358] ACPI: Interpreter enabled
[    2.757439] ACPI: (supports S0 S3 S4 S5)
[    2.763230] ACPI: Using IOAPIC for interrupt routing
[    2.769289] PCI: Using host bridge windows from ACPI; if necessary, use "pci=nocrs" and report a bug
[    2.780623] ACPI: Enabled 2 GPEs in block 00 to 3F
[    2.822633] ACPI: PCI Root Bridge [PCI0] (domain 0000 [bus 00-ff])
[    2.832242] acpi PNP0A08:00: _OSC: OS supports [ExtendedConfig ASPM ClockPM Segments MSI HPX-Type3]
[    2.846454] acpi PNP0A08:00: _OSC: platform does not support [LTR]
[    2.855256] acpi PNP0A08:00: _OSC: OS now controls [PME PCIeCapability]
[    2.863511] PCI host bridge to bus 0000:00
[    2.868114] pci_bus 0000:00: root bus resource [io  0x0000-0x0cf7 window]
[    2.876094] pci_bus 0000:00: root bus resource [io  0x0d00-0xffff window]
[    2.884094] pci_bus 0000:00: root bus resource [mem 0x000a0000-0x000bffff window]
[    2.893094] pci_bus 0000:00: root bus resource [mem 0x20000000-0xafffffff window]
[    2.901093] pci_bus 0000:00: root bus resource [mem 0xc0000000-0xfebfffff window]
[    2.910105] pci_bus 0000:00: root bus resource [mem 0x100000000-0x8ffffffff window]
[    2.920103] pci_bus 0000:00: root bus resource [bus 00-ff]
[    2.929788] pci 0000:00:00.0: calling  quirk_mmio_always_on+0x0/0x10 @ 1
[    2.938102] pci 0000:00:00.0: quirk_mmio_always_on+0x0/0x10 took 0 usecs
[    2.945192] pci 0000:00:00.0: [8086:29c0] type 00 class 0x060000
[    2.957208] pci 0000:00:00.0: calling  quirk_igfx_skip_te_disable+0x0/0x80 @ 1
[    2.966221] pci 0000:00:00.0: quirk_igfx_skip_te_disable+0x0/0x80 took 0 usecs
[    2.977598] pci 0000:00:01.0: [1234:1111] type 00 class 0x030000
[    2.999085] pci 0000:00:01.0: reg 0x10: [mem 0xfd000000-0xfdffffff pref]
[    3.022579] pci 0000:00:01.0: reg 0x18: [mem 0xfebf0000-0xfebf0fff]
[    3.059706] pci 0000:00:01.0: reg 0x30: [mem 0xfebe0000-0xfebeffff pref]
[    3.071484] pci 0000:00:01.0: calling  efifb_fixup_resources+0x0/0xf0 @ 1
[    3.080094] pci 0000:00:01.0: efifb_fixup_resources+0x0/0xf0 took 0 usecs
[    3.103809] pci 0000:00:1f.0: [8086:2918] type 00 class 0x060100
[    3.118848] pci 0000:00:1f.0: calling  quirk_ich7_lpc+0x0/0x60 @ 1
[    3.127449] pci 0000:00:1f.0: quirk: [io  0x0600-0x067f] claimed by ICH6 ACPI/GPIO/TCO
[    3.137526] pci 0000:00:1f.0: quirk_ich7_lpc+0x0/0x60 took 10742 usecs
[    3.146103] pci 0000:00:1f.0: calling  quirk_igfx_skip_te_disable+0x0/0x80 @ 1
[    3.159294] pci 0000:00:1f.0: quirk_igfx_skip_te_disable+0x0/0x80 took 0 usecs
[    3.170439] pci 0000:00:1f.2: [8086:2922] type 00 class 0x010601
[    3.187094] pci 0000:00:1f.2: reg 0x20: [io  0xc040-0xc05f]
[    3.196094] pci 0000:00:1f.2: reg 0x24: [mem 0xfebf1000-0xfebf1fff]
[    3.206804] pci 0000:00:1f.2: calling  quirk_igfx_skip_te_disable+0x0/0x80 @ 1
[    3.216101] pci 0000:00:1f.2: quirk_igfx_skip_te_disable+0x0/0x80 took 0 usecs
[    3.229287] pci 0000:00:1f.3: [8086:2930] type 00 class 0x0c0500
[    3.244094] pci 0000:00:1f.3: reg 0x20: [io  0x0700-0x073f]
[    3.253643] pci 0000:00:1f.3: calling  quirk_igfx_skip_te_disable+0x0/0x80 @ 1
[    3.263140] pci 0000:00:1f.3: quirk_igfx_skip_te_disable+0x0/0x80 took 0 usecs
[    3.290003] ACPI: PCI Interrupt Link [LNKA] (IRQs 5 *10 11)
[    3.297449] ACPI: PCI Interrupt Link [LNKB] (IRQs 5 *10 11)
[    3.304622] ACPI: PCI Interrupt Link [LNKC] (IRQs 5 10 *11)
[    3.312252] ACPI: PCI Interrupt Link [LNKD] (IRQs 5 10 *11)
[    3.318129] ACPI: PCI Interrupt Link [LNKE] (IRQs 5 *10 11)
[    3.324266] ACPI: PCI Interrupt Link [LNKF] (IRQs 5 *10 11)
[    3.333474] ACPI: PCI Interrupt Link [LNKG] (IRQs 5 10 *11)
[    3.342382] ACPI: PCI Interrupt Link [LNKH] (IRQs 5 10 *11)
[    3.350194] ACPI: PCI Interrupt Link [GSIA] (IRQs *16)
[    3.355119] ACPI: PCI Interrupt Link [GSIB] (IRQs *17)
[    3.360569] ACPI: PCI Interrupt Link [GSIC] (IRQs *18)
[    3.366117] ACPI: PCI Interrupt Link [GSID] (IRQs *19)
[    3.373444] ACPI: PCI Interrupt Link [GSIE] (IRQs *20)
[    3.381244] ACPI: PCI Interrupt Link [GSIF] (IRQs *21)
[    3.385115] ACPI: PCI Interrupt Link [GSIG] (IRQs *22)
[    3.393124] ACPI: PCI Interrupt Link [GSIH] (IRQs *23)
[    3.406493] initcall acpi_init+0x0/0x319 returned 0 after 725585 usecs
[    3.415455] calling  pnp_init+0x0/0xc @ 1
[    3.420625] initcall pnp_init+0x0/0xc returned 0 after 976 usecs
[    3.428096] calling  misc_init+0x0/0xbf @ 1
[    3.434383] initcall misc_init+0x0/0xbf returned 0 after 0 usecs
[    3.443096] calling  iommu_subsys_init+0x0/0x4e @ 1
[    3.448347] iommu: Default domain type: Translated 
[    3.454095] initcall iommu_subsys_init+0x0/0x4e returned 0 after 5859 usecs
[    3.464096] calling  vga_arb_device_init+0x0/0x261 @ 1
[    3.480300] pci 0000:00:01.0: vgaarb: setting as boot VGA device
[    3.481085] pci 0000:00:01.0: vgaarb: VGA device added: decodes=io+mem,owns=io+mem,locks=none
[    3.500103] pci 0000:00:01.0: vgaarb: bridge control possible
[    3.510095] vgaarb: loaded
[    3.514097] initcall vga_arb_device_init+0x0/0x261 returned 0 after 42968 usecs
[    3.523096] calling  cn_init+0x0/0xf0 @ 1
[    3.528333] initcall cn_init+0x0/0xf0 returned 0 after 0 usecs
[    3.535096] calling  dma_buf_init+0x0/0xad @ 1
[    3.541413] initcall dma_buf_init+0x0/0xad returned 0 after 0 usecs
[    3.549097] calling  dma_resv_lockdep+0x0/0x276 @ 1
[    3.556795] initcall dma_resv_lockdep+0x0/0x276 returned 0 after 1953 usecs
[    3.564097] calling  init_scsi+0x0/0x79 @ 1
[    3.574121] SCSI subsystem initialized
[    3.580098] initcall init_scsi+0x0/0x79 returned 0 after 8789 usecs
[    3.590100] calling  ata_init+0x0/0x332 @ 1
[    3.599329] libata version 3.00 loaded.
[    3.604096] initcall ata_init+0x0/0x332 returned 0 after 7812 usecs
[    3.611097] calling  phy_init+0x0/0x250 @ 1
[    3.619320] initcall phy_init+0x0/0x250 returned 0 after 0 usecs
[    3.628098] calling  init_pcmcia_cs+0x0/0x35 @ 1
[    3.634181] initcall init_pcmcia_cs+0x0/0x35 returned 0 after 0 usecs
[    3.641095] calling  usb_common_init+0x0/0x1c @ 1
[    3.647147] initcall usb_common_init+0x0/0x1c returned 0 after 0 usecs
[    3.656098] calling  usb_init+0x0/0x12e @ 1
[    3.661152] ACPI: bus type USB registered
[    3.666837] usbcore: registered new interface driver usbfs
[    3.673291] usbcore: registered new interface driver hub
[    3.680125] usbcore: registered new device driver usb
[    3.687100] initcall usb_init+0x0/0x12e returned 0 after 25390 usecs
[    3.694097] calling  serio_init+0x0/0x29 @ 1
[    3.699218] initcall serio_init+0x0/0x29 returned 0 after 0 usecs
[    3.707094] calling  input_init+0x0/0xf6 @ 1
[    3.712126] initcall input_init+0x0/0xf6 returned 0 after 0 usecs
[    3.721095] calling  rtc_init+0x0/0x4d @ 1
[    3.727233] initcall rtc_init+0x0/0x4d returned 0 after 0 usecs
[    3.736095] calling  pps_init+0x0/0xa9 @ 1
[    3.742146] pps_core: LinuxPPS API ver. 1 registered
[    3.749093] pps_core: Software ver. 5.3.6 - Copyright 2005-2007 Rodolfo Giometti <giometti@linux.it>
[    3.762098] initcall pps_init+0x0/0xa9 returned 0 after 19531 usecs
[    3.771094] calling  ptp_init+0x0/0x98 @ 1
[    3.776115] PTP clock support registered
[    3.783096] initcall ptp_init+0x0/0x98 returned 0 after 6835 usecs
[    3.792096] calling  power_supply_class_init+0x0/0x3f @ 1
[    3.799272] initcall power_supply_class_init+0x0/0x3f returned 0 after 976 usecs
[    3.810095] calling  hwmon_init+0x0/0x104 @ 1
[    3.816117] initcall hwmon_init+0x0/0x104 returned 0 after 976 usecs
[    3.826094] calling  md_init+0x0/0x16b @ 1
[    3.833880] initcall md_init+0x0/0x16b returned 0 after 2929 usecs
[    3.843096] calling  leds_init+0x0/0x3b @ 1
[    3.849134] initcall leds_init+0x0/0x3b returned 0 after 0 usecs
[    3.858096] calling  dmi_init+0x0/0x113 @ 1
[    3.864417] initcall dmi_init+0x0/0x113 returned 0 after 0 usecs
[    3.873096] calling  efisubsys_init+0x0/0x4e7 @ 1
[    3.880149] initcall efisubsys_init+0x0/0x4e7 returned 0 after 0 usecs
[    3.890096] calling  nvmem_init+0x0/0xc @ 1
[    3.896745] initcall nvmem_init+0x0/0xc returned 0 after 0 usecs
[    3.906096] calling  init_soundcore+0x0/0x33 @ 1
[    3.912129] initcall init_soundcore+0x0/0x33 returned 0 after 0 usecs
[    3.922097] calling  alsa_sound_init+0x0/0x8f @ 1
[    3.929159] Advanced Linux Sound Architecture Driver Initialized.
[    3.938097] initcall alsa_sound_init+0x0/0x8f returned 0 after 8789 usecs
[    3.948338] calling  alsa_seq_device_init+0x0/0x71 @ 1
[    3.956315] initcall alsa_seq_device_init+0x0/0x71 returned 0 after 976 usecs
[    3.967099] calling  hda_bus_init+0x0/0xc @ 1
[    3.974717] initcall hda_bus_init+0x0/0xc returned 0 after 976 usecs
[    3.984099] calling  proto_init+0x0/0xc @ 1
[    3.991147] initcall proto_init+0x0/0xc returned 0 after 0 usecs
[    4.000117] calling  net_dev_init+0x0/0x27f @ 1
[    4.009416] initcall net_dev_init+0x0/0x27f returned 0 after 1953 usecs
[    4.019100] calling  neigh_init+0x0/0x84 @ 1
[    4.026123] initcall neigh_init+0x0/0x84 returned 0 after 0 usecs
[    4.035099] calling  fib_notifier_init+0x0/0xc @ 1
[    4.042177] initcall fib_notifier_init+0x0/0xc returned 0 after 0 usecs
[    4.052097] calling  fib_rules_init+0x0/0xab @ 1
[    4.058142] initcall fib_rules_init+0x0/0xab returned 0 after 0 usecs
[    4.065095] calling  pktsched_init+0x0/0x10e @ 1
[    4.071097] initcall pktsched_init+0x0/0x10e returned 0 after 0 usecs
[    4.078097] calling  tc_filter_init+0x0/0xfa @ 1
[    4.084287] initcall tc_filter_init+0x0/0xfa returned 0 after 0 usecs
[    4.089101] calling  tc_action_init+0x0/0x54 @ 1
[    4.093097] initcall tc_action_init+0x0/0x54 returned 0 after 0 usecs
[    4.101094] calling  ethnl_init+0x0/0x52 @ 1
[    4.107248] initcall ethnl_init+0x0/0x52 returned 0 after 0 usecs
[    4.114093] calling  nexthop_init+0x0/0xd8 @ 1
[    4.119288] initcall nexthop_init+0x0/0xd8 returned 0 after 976 usecs
[    4.127093] calling  cipso_v4_init+0x0/0x8d @ 1
[    4.133394] initcall cipso_v4_init+0x0/0x8d returned 0 after 0 usecs
[    4.140094] calling  ieee80211_init+0x0/0x24 @ 1
[    4.146135] initcall ieee80211_init+0x0/0x24 returned 0 after 0 usecs
[    4.149093] calling  netlbl_init+0x0/0x78 @ 1
[    4.155260] NetLabel: Initializing
[    4.159091] NetLabel:  domain hash size = 128
[    4.165090] NetLabel:  protocols = UNLABELED CIPSOv4 CALIPSO
[    4.171218] NetLabel:  unlabeled traffic allowed by default
[    4.178098] initcall netlbl_init+0x0/0x78 returned 0 after 22460 usecs
[    4.186097] calling  rfkill_init+0x0/0x136 @ 1
[    4.192158] initcall rfkill_init+0x0/0x136 returned 0 after 976 usecs
[    4.200095] calling  pci_subsys_init+0x0/0x66 @ 1
[    4.205135] PCI: Using ACPI for IRQ routing
[    4.924559] PCI: pci_cache_line_size set to 64 bytes
[    4.931871] e820: reserve RAM buffer [mem 0x0009fc00-0x0009ffff]
[    4.941159] e820: reserve RAM buffer [mem 0x1ffdf000-0x1fffffff]
[    4.949184] initcall pci_subsys_init+0x0/0x66 returned 0 after 727539 usecs
[    4.960234] calling  nmi_warning_debugfs+0x0/0x26 @ 1
[    4.966191] initcall nmi_warning_debugfs+0x0/0x26 returned 0 after 0 usecs
[    4.974115] calling  save_microcode_in_initrd+0x0/0x51 @ 1
[    4.981217] initcall save_microcode_in_initrd+0x0/0x51 returned 0 after 0 usecs
[    4.991140] calling  hpet_late_init+0x0/0x207 @ 1
[    4.997270] hpet: 3 channels of 0 reserved for per-cpu timers
[    5.004233] hpet0: at MMIO 0xfed00000, IRQs 2, 8, 0
[    5.009091] hpet0: 3 comparators, 64-bit 100.000000 MHz counter
[    5.020095] initcall hpet_late_init+0x0/0x207 returned 0 after 22460 usecs
[    5.028095] calling  init_amd_nbs+0x0/0x11c @ 1
[    5.033149] initcall init_amd_nbs+0x0/0x11c returned 0 after 0 usecs
[    5.040094] calling  clocksource_done_booting+0x0/0x43 @ 1
[    5.048388] clocksource: Switched to clocksource kvm-clock
[    5.055343] initcall clocksource_done_booting+0x0/0x43 returned 0 after 8034 usecs
[    5.064305] calling  tracer_init_tracefs+0x0/0x248 @ 1
[    5.365056] initcall tracer_init_tracefs+0x0/0x248 returned 0 after 287578 usecs
[    5.374003] calling  init_trace_printk_function_export+0x0/0x2c @ 1
[    5.382626] initcall init_trace_printk_function_export+0x0/0x2c returned 0 after 596 usecs
[    5.392061] calling  init_kprobe_trace+0x0/0x1ab @ 1
[    5.397957] initcall init_kprobe_trace+0x0/0x1ab returned 0 after 101 usecs
[    5.405939] calling  init_dynamic_event+0x0/0x3d @ 1
[    5.411881] initcall init_dynamic_event+0x0/0x3d returned 0 after 41 usecs
[    5.419815] calling  init_uprobe_trace+0x0/0x5c @ 1
[    5.425535] initcall init_uprobe_trace+0x0/0x5c returned 0 after 81 usecs
[    5.433712] calling  init_pipe_fs+0x0/0x44 @ 1
[    5.440774] initcall init_pipe_fs+0x0/0x44 returned 0 after 1846 usecs
[    5.448216] calling  inotify_user_setup+0x0/0x47 @ 1
[    5.454396] initcall inotify_user_setup+0x0/0x47 returned 0 after 450 usecs
[    5.462768] calling  eventpoll_init+0x0/0xeb @ 1
[    5.468257] initcall eventpoll_init+0x0/0xeb returned 0 after 117 usecs
[    5.475715] calling  anon_inode_init+0x0/0x58 @ 1
[    5.481235] initcall anon_inode_init+0x0/0x58 returned 0 after 101 usecs
[    5.489522] calling  proc_locks_init+0x0/0x27 @ 1
[    5.495312] initcall proc_locks_init+0x0/0x27 returned 0 after 153 usecs
[    5.503595] calling  iomap_init+0x0/0x1b @ 1
[    5.511027] initcall iomap_init+0x0/0x1b returned 0 after 2052 usecs
[    5.518786] calling  dquot_init+0x0/0x106 @ 1
[    5.524197] VFS: Disk quotas dquot_6.6.0
[    5.529994] VFS: Dquot-cache hash table entries: 512 (order 0, 4096 bytes)
[    5.538403] initcall dquot_init+0x0/0x106 returned 0 after 13868 usecs
[    5.546407] calling  quota_init+0x0/0x23 @ 1
[    5.552247] initcall quota_init+0x0/0x23 returned 0 after 446 usecs
[    5.559826] calling  proc_cmdline_init+0x0/0x21 @ 1
[    5.565547] initcall proc_cmdline_init+0x0/0x21 returned 0 after 45 usecs
[    5.573287] calling  proc_consoles_init+0x0/0x24 @ 1
[    5.579024] initcall proc_consoles_init+0x0/0x24 returned 0 after 5 usecs
[    5.586739] calling  proc_cpuinfo_init+0x0/0x1e @ 1
[    5.592321] initcall proc_cpuinfo_init+0x0/0x1e returned 0 after 4 usecs
[    5.600003] calling  proc_devices_init+0x0/0x24 @ 1
[    5.605592] initcall proc_devices_init+0x0/0x24 returned 0 after 4 usecs
[    5.613192] calling  proc_interrupts_init+0x0/0x24 @ 1
[    5.619070] initcall proc_interrupts_init+0x0/0x24 returned 0 after 3 usecs
[    5.627004] calling  proc_loadavg_init+0x0/0x21 @ 1
[    5.632631] initcall proc_loadavg_init+0x0/0x21 returned 0 after 4 usecs
[    5.640255] calling  proc_meminfo_init+0x0/0x21 @ 1
[    5.645863] initcall proc_meminfo_init+0x0/0x21 returned 0 after 3 usecs
[    5.653513] calling  proc_stat_init+0x0/0x1e @ 1
[    5.658843] initcall proc_stat_init+0x0/0x1e returned 0 after 3 usecs
[    5.666207] calling  proc_uptime_init+0x0/0x21 @ 1
[    5.671775] initcall proc_uptime_init+0x0/0x21 returned 0 after 3 usecs
[    5.679237] calling  proc_version_init+0x0/0x21 @ 1
[    5.685060] initcall proc_version_init+0x0/0x21 returned 0 after 115 usecs
[    5.692849] calling  proc_softirqs_init+0x0/0x21 @ 1
[    5.698870] initcall proc_softirqs_init+0x0/0x21 returned 0 after 4 usecs
[    5.706651] calling  proc_kcore_init+0x0/0xea @ 1
[    5.712251] initcall proc_kcore_init+0x0/0xea returned 0 after 117 usecs
[    5.719989] calling  vmcore_init+0x0/0x57b @ 1
[    5.725209] initcall vmcore_init+0x0/0x57b returned 0 after 1 usecs
[    5.732332] calling  proc_kmsg_init+0x0/0x21 @ 1
[    5.737657] initcall proc_kmsg_init+0x0/0x21 returned 0 after 5 usecs
[    5.744985] calling  proc_page_init+0x0/0x3b @ 1
[    5.750308] initcall proc_page_init+0x0/0x3b returned 0 after 56 usecs
[    5.758251] calling  init_ramfs_fs+0x0/0xc @ 1
[    5.763507] initcall init_ramfs_fs+0x0/0xc returned 0 after 4 usecs
[    5.770583] calling  init_hugetlbfs_fs+0x0/0xf6 @ 1
[    5.776897] initcall init_hugetlbfs_fs+0x0/0xf6 returned 0 after 705 usecs
[    5.784796] calling  blk_scsi_ioctl_init+0x0/0x2a5 @ 1
[    5.790739] initcall blk_scsi_ioctl_init+0x0/0x2a5 returned 0 after 38 usecs
[    5.798892] calling  acpi_event_init+0x0/0x2c @ 1
[    5.804473] initcall acpi_event_init+0x0/0x2c returned 0 after 75 usecs
[    5.812216] calling  pnp_system_init+0x0/0xc @ 1
[    5.818738] initcall pnp_system_init+0x0/0xc returned 0 after 1179 usecs
[    5.826407] calling  pnpacpi_init+0x0/0x69 @ 1
[    5.831600] pnp: PnP ACPI init
[    5.836969] pnp 00:00: Plug and Play ACPI device, IDs PNP0303 (active)
[    5.844541] pnp 00:01: Plug and Play ACPI device, IDs PNP0f13 (active)
[    5.852083] pnp 00:02: Plug and Play ACPI device, IDs PNP0400 (active)
[    5.859688] pnp 00:03: Plug and Play ACPI device, IDs PNP0501 (active)
[    5.867358] pnp 00:04: Plug and Play ACPI device, IDs PNP0b00 (active)
[    5.875480] system 00:05: [mem 0xb0000000-0xbfffffff window] has been reserved
[    5.883715] system 00:05: Plug and Play ACPI device, IDs PNP0c01 (active)
[    5.893193] pnp: PnP ACPI: found 6 devices
[    5.898047] initcall pnpacpi_init+0x0/0x69 returned 0 after 64896 usecs
[    5.905674] calling  chr_dev_init+0x0/0x14d @ 1
[    6.015007] initcall chr_dev_init+0x0/0x14d returned 0 after 101612 usecs
[    6.023233] calling  firmware_class_init+0x0/0x14a @ 1
[    6.030448] initcall firmware_class_init+0x0/0x14a returned 0 after 913 usecs
[    6.038904] calling  init_pcmcia_bus+0x0/0x5b @ 1
[    6.044696] initcall init_pcmcia_bus+0x0/0x5b returned 0 after 208 usecs
[    6.052660] calling  init_acpi_pm_clocksource+0x0/0xda @ 1
[    6.064759] clocksource: acpi_pm: mask: 0xffffff max_cycles: 0xffffff, max_idle_ns: 2085701024 ns
[    6.075238] initcall init_acpi_pm_clocksource+0x0/0xda returned 0 after 15629 usecs
[    6.084666] calling  sysctl_core_init+0x0/0x26 @ 1
[    6.090607] initcall sysctl_core_init+0x0/0x26 returned 0 after 223 usecs
[    6.098899] calling  eth_offload_init+0x0/0x13 @ 1
[    6.104531] initcall eth_offload_init+0x0/0x13 returned 0 after 36 usecs
[    6.112828] calling  ipv4_offload_init+0x0/0x73 @ 1
[    6.119970] initcall ipv4_offload_init+0x0/0x73 returned 0 after 192 usecs
[    6.129304] calling  inet_init+0x0/0x276 @ 1
[    6.135628] NET: Registered protocol family 2
[    6.142355] IP idents hash table entries: 8192 (order: 4, 65536 bytes, linear)
[    6.159849] tcp_listen_portaddr_hash hash table entries: 256 (order: 2, 20480 bytes, linear)
[    6.170968] TCP established hash table entries: 4096 (order: 3, 32768 bytes, linear)
[    6.180975] TCP bind hash table entries: 4096 (order: 6, 294912 bytes, linear)
[    6.194461] TCP: Hash tables configured (established 4096 bind 4096)
[    6.203888] UDP hash table entries: 256 (order: 3, 40960 bytes, linear)
[    6.212043] UDP-Lite hash table entries: 256 (order: 3, 40960 bytes, linear)
[    6.220918] initcall inet_init+0x0/0x276 returned 0 after 84067 usecs
[    6.228224] calling  af_unix_init+0x0/0x4d @ 1
[    6.233884] NET: Registered protocol family 1
[    6.239256] initcall af_unix_init+0x0/0x4d returned 0 after 5288 usecs
[    6.246713] calling  ipv6_offload_init+0x0/0x7e @ 1
[    6.252553] initcall ipv6_offload_init+0x0/0x7e returned 0 after 48 usecs
[    6.261845] calling  init_sunrpc+0x0/0x65 @ 1
[    6.275068] RPC: Registered named UNIX socket transport module.
[    6.282073] RPC: Registered udp transport module.
[    6.287574] RPC: Registered tcp transport module.
[    6.293105] RPC: Registered tcp NFSv4.1 backchannel transport module.
[    6.300809] initcall init_sunrpc+0x0/0x65 returned 0 after 32673 usecs
[    6.308322] calling  cfg80211_init+0x0/0xc5 @ 1
[    6.316824] initcall cfg80211_init+0x0/0xc5 returned 0 after 3119 usecs
[    6.324492] calling  pcibios_assign_resources+0x0/0xbf @ 1
[    6.331289] pci_bus 0000:00: resource 4 [io  0x0000-0x0cf7 window]
[    6.338407] pci_bus 0000:00: resource 5 [io  0x0d00-0xffff window]
[    6.345689] pci_bus 0000:00: resource 6 [mem 0x000a0000-0x000bffff window]
[    6.353673] pci_bus 0000:00: resource 7 [mem 0x20000000-0xafffffff window]
[    6.361590] pci_bus 0000:00: resource 8 [mem 0xc0000000-0xfebfffff window]
[    6.369621] pci_bus 0000:00: resource 9 [mem 0x100000000-0x8ffffffff window]
[    6.377776] initcall pcibios_assign_resources+0x0/0xbf returned 0 after 45650 usecs
[    6.386801] calling  pci_apply_final_quirks+0x0/0x124 @ 1
[    6.394145] pci 0000:00:01.0: calling  pci_fixup_video+0x0/0xe0 @ 1
[    6.402394] pci 0000:00:01.0: Video device with shadowed ROM at [mem 0x000c0000-0x000dffff]
[    6.412447] pci 0000:00:01.0: pci_fixup_video+0x0/0xe0 took 10310 usecs
[    6.422394] PCI: CLS 0 bytes, default 64
[    6.427770] initcall pci_apply_final_quirks+0x0/0x124 returned 0 after 32898 usecs
[    6.436466] calling  acpi_reserve_resources+0x0/0xea @ 1
[    6.442748] initcall acpi_reserve_resources+0x0/0xea returned 0 after 49 usecs
[    6.451196] calling  populate_rootfs+0x0/0x102 @ 1
[    6.458645] initcall populate_rootfs+0x0/0x102 returned 0 after 1608 usecs
[    6.466663] calling  pci_iommu_init+0x0/0x3e @ 1
[    6.472566] initcall pci_iommu_init+0x0/0x3e returned 0 after 164 usecs
[    6.480602] calling  ia32_binfmt_init+0x0/0x13 @ 1
[    6.486366] initcall ia32_binfmt_init+0x0/0x13 returned 0 after 8 usecs
[    6.494133] calling  rapl_pmu_init+0x0/0x267 @ 1
[    6.499759] initcall rapl_pmu_init+0x0/0x267 returned -19 after 43 usecs
[    6.507719] calling  amd_uncore_init+0x0/0x310 @ 1
[    6.513416] initcall amd_uncore_init+0x0/0x310 returned -19 after 0 usecs
[    6.523664] calling  amd_ibs_init+0x0/0x27b @ 1
[    6.530435] initcall amd_ibs_init+0x0/0x27b returned -19 after 0 usecs
[    6.540185] calling  amd_iommu_pc_init+0x0/0x22c @ 1
[    6.547279] initcall amd_iommu_pc_init+0x0/0x22c returned -19 after 41 usecs
[    6.556664] calling  msr_init+0x0/0x55 @ 1
[    6.563560] initcall msr_init+0x0/0x55 returned 0 after 1497 usecs
[    6.571736] calling  intel_uncore_init+0x0/0x36f @ 1
[    6.578420] initcall intel_uncore_init+0x0/0x36f returned -19 after 214 usecs
[    6.587018] calling  cstate_pmu_init+0x0/0x1a1 @ 1
[    6.592917] initcall cstate_pmu_init+0x0/0x1a1 returned -19 after 0 usecs
[    6.601031] calling  register_kernel_offset_dumper+0x0/0x1a @ 1
[    6.608268] initcall register_kernel_offset_dumper+0x0/0x1a returned 0 after 13 usecs
[    6.617852] calling  i8259A_init_ops+0x0/0x20 @ 1
[    6.623620] initcall i8259A_init_ops+0x0/0x20 returned 0 after 1 usecs
[    6.631294] calling  init_tsc_clocksource+0x0/0xa4 @ 1
[    6.637368] clocksource: tsc: mask: 0xffffffffffffffff max_cycles: 0x39a85afc727, max_idle_ns: 881590685098 ns
[    6.649341] initcall init_tsc_clocksource+0x0/0xa4 returned 0 after 11691 usecs
[    6.657843] calling  add_rtc_cmos+0x0/0xb0 @ 1
[    6.663098] initcall add_rtc_cmos+0x0/0xb0 returned 0 after 14 usecs
[    6.670587] calling  i8237A_init_ops+0x0/0x3a @ 1
[    6.676366] initcall i8237A_init_ops+0x0/0x3a returned 0 after 64 usecs
[    6.684220] calling  umwait_init+0x0/0x94 @ 1
[    6.689544] initcall umwait_init+0x0/0x94 returned -19 after 15 usecs
[    6.697302] calling  thermal_throttle_init_device+0x0/0x3d @ 1
[    6.704399] initcall thermal_throttle_init_device+0x0/0x3d returned 0 after 26 usecs
[    6.714237] calling  msr_init+0x0/0xd7 @ 1
[    6.740003] initcall msr_init+0x0/0xd7 returned 0 after 19671 usecs
[    6.748276] calling  cpuid_init+0x0/0xd7 @ 1
[    6.771016] initcall cpuid_init+0x0/0xd7 returned 0 after 16385 usecs
[    6.781107] calling  ioapic_init_ops+0x0/0x13 @ 1
[    6.788724] initcall ioapic_init_ops+0x0/0x13 returned 0 after 39 usecs
[    6.798809] calling  add_pcspkr+0x0/0x6c @ 1
[    6.805874] initcall add_pcspkr+0x0/0x6c returned 0 after 188 usecs
[    6.815405] calling  start_periodic_check_for_corruption+0x0/0x30 @ 1
[    6.825223] check: Scanning for low memory corruption every 60 seconds
[    6.835091] initcall start_periodic_check_for_corruption+0x0/0x30 returned 0 after 9679 usecs
[    6.849332] calling  sysfb_init+0x0/0x9c @ 1
[    6.856590] initcall sysfb_init+0x0/0x9c returned 0 after 241 usecs
[    6.866417] calling  audit_classes_init+0x0/0xae @ 1
[    6.874328] initcall audit_classes_init+0x0/0xae returned 0 after 34 usecs
[    6.885095] calling  iosf_mbi_init+0x0/0x24 @ 1
[    6.892642] initcall iosf_mbi_init+0x0/0x24 returned 0 after 393 usecs
[    6.903028] calling  proc_execdomains_init+0x0/0x21 @ 1
[    6.911077] initcall proc_execdomains_init+0x0/0x21 returned 0 after 8 usecs
[    6.922330] calling  register_warn_debugfs+0x0/0x23 @ 1
[    6.930602] initcall register_warn_debugfs+0x0/0x23 returned 0 after 20 usecs
[    6.940763] calling  cpuhp_sysfs_init+0x0/0x79 @ 1
[    6.948380] initcall cpuhp_sysfs_init+0x0/0x79 returned 0 after 313 usecs
[    6.957521] calling  ioresources_init+0x0/0x49 @ 1
[    6.963653] initcall ioresources_init+0x0/0x49 returned 0 after 8 usecs
[    6.972087] calling  lockdep_proc_init+0x0/0x44 @ 1
[    6.979404] initcall lockdep_proc_init+0x0/0x44 returned 0 after 39 usecs
[    6.988363] calling  snapshot_device_init+0x0/0xc @ 1
[    6.998249] initcall snapshot_device_init+0x0/0xc returned 0 after 3071 usecs
[    7.008016] calling  irq_pm_init_ops+0x0/0x13 @ 1
[    7.014347] initcall irq_pm_init_ops+0x0/0x13 returned 0 after 16 usecs
[    7.025344] calling  rcu_torture_init+0x0/0xaad @ 1
[    7.032967] rcu-torture:--- Start of test: nreaders=7 nfakewriters=4 stat_interval=15 verbose=1 test_no_idle_hz=1 shuffle_interval=3 stutter=5 irqreader=1 fqs_duration=0 fqs_holdoff=0 fqs_stutter=3 test_boost=1/0 test_boost_interval=7 test_boost_duration=4 shutdown_secs=1800 stall_cpu=0 stall_cpu_holdoff=10 stall_cpu_irqsoff=0 stall_cpu_block=0 n_barrier_cbs=4 onoff_interval=1000 onoff_holdoff=30 read_exit_delay=13 read_exit_burst=16
[    7.082967] rcu:  Start-test grace-period state: g-1032 f0x0
[    7.090195] rcu-torture: Creating rcu_torture_writer task
[    7.099716] rcu-torture: Creating rcu_torture_fakewriter task
[    7.100091] rcu-torture: rcu_torture_writer task started
[    7.110026] rcu-torture: Creating rcu_torture_fakewriter task
[    7.111467] rcu-torture: rcu_torture_fakewriter task started
[    7.114917] rcu-torture: GP expediting controlled from boot/sysfs for rcu.
[    7.114918] rcu_torture_writer: Testing conditional GPs.
[    7.114920] rcu_torture_writer: Testing expedited GPs.
[    7.114920] rcu_torture_writer: Testing asynchronous GPs.
[    7.114923] rcu_torture_writer: Testing normal GPs.
[    7.125560] rcu-torture: Creating rcu_torture_fakewriter task
[    7.126051] rcu-torture: rcu_torture_fakewriter task started
[    7.185879] rcu-torture: Creating rcu_torture_fakewriter task
[    7.186355] rcu-torture: rcu_torture_fakewriter task started
[    7.195458] rcu-torture: Creating rcu_torture_reader task
[    7.195640] rcu-torture: rcu_torture_fakewriter task started
[    7.221424] rcu-torture: Creating rcu_torture_reader task
[    7.221689] rcu-torture: rcu_torture_reader task started
[    7.232488] rcu-torture: Creating rcu_torture_reader task
[    7.232888] rcu-torture: rcu_torture_reader task started
[    7.255913] rcu-torture: Creating rcu_torture_reader task
[    7.256688] rcu-torture: rcu_torture_reader task started
[    7.268110] rcu-torture: Creating rcu_torture_reader task
[    7.268440] rcu-torture: rcu_torture_reader task started
[    7.293497] rcu-torture: Creating rcu_torture_reader task
[    7.294028] rcu-torture: rcu_torture_reader task started
[    7.303977] rcu-torture: Creating rcu_torture_reader task
[    7.304623] rcu-torture: rcu_torture_reader task started
[    7.326824] rcu-torture: Creating rcu_torture_stats task
[    7.326853] rcu-torture: rcu_torture_reader task started
[    7.336376] rcu-torture: Creating torture_shuffle task
[    7.336403] rcu-torture: rcu_torture_stats task started
[    7.357442] rcu-torture: Creating torture_stutter task
[    7.359285] rcu-torture: torture_shuffle task started
[    7.365675] rcu-torture: Creating torture_shutdown task
[    7.375233] rcu-torture: torture_stutter task started
[    7.393262] rcu-torture: Creating torture_onoff task
[    7.393333] rcu-torture: torture_shutdown task started
[    7.403830] rcu-torture: torture_onoff task started
[    7.403853] rcu-torture: Creating rcu_torture_fwd_prog task
[    7.406403] rcu-torture: Creating rcu_torture_barrier_cbs task
[    7.406827] rcu-torture: rcu_torture_fwd_progress task started
[    7.408359] rcu-torture:torture_shutdown task: 1799957 ms remaining
[    7.408897] rcu-torture: Creating rcu_torture_barrier_cbs task
[    7.409066] rcu-torture: rcu_torture_barrier_cbs task started
[    7.416728] rcu-torture: torture_onoff begin holdoff
[    7.480842] rcu-torture: Creating rcu_torture_barrier_cbs task
[    7.481511] rcu-torture: rcu_torture_barrier_cbs task started
[    7.493674] rcu-torture: Creating rcu_torture_barrier_cbs task
[    7.494149] rcu-torture: rcu_torture_barrier_cbs task started
[    7.526893] rcu-torture: Creating rcu_torture_barrier task
[    7.527474] rcu-torture: rcu_torture_barrier_cbs task started
[    7.537591] rcu-torture: Creating rcu_torture_read_exit task
[    7.537609] rcu-torture: rcu_torture_barrier task starting
[    7.564526] rcu-torture: rcu_torture_read_exit: Start of test
[    7.564603] initcall rcu_torture_init+0x0/0xaad returned 0 after 519295 usecs
[    7.579651] rcu_torture_rea (123) used greatest stack depth: 14800 bytes left
[    7.586518] calling  timekeeping_init_ops+0x0/0x13 @ 1
[    7.586563] initcall timekeeping_init_ops+0x0/0x13 returned 0 after 39 usecs
[    7.586565] calling  init_clocksource_sysfs+0x0/0x23 @ 1
[    7.588404] initcall init_clocksource_sysfs+0x0/0x23 returned 0 after 1789 usecs
[    7.632753] calling  init_timer_list_procfs+0x0/0x31 @ 1
[    7.640417] initcall init_timer_list_procfs+0x0/0x31 returned 0 after 10 usecs
[    7.650360] calling  alarmtimer_init+0x0/0xf5 @ 1
[    7.656910] initcall alarmtimer_init+0x0/0xf5 returned 0 after 340 usecs
[    7.665429] calling  init_posix_timers+0x0/0x29 @ 1
[    7.671956] initcall init_posix_timers+0x0/0x29 returned 0 after 24 usecs
[    7.680732] calling  clockevents_init_sysfs+0x0/0xbf @ 1
[    7.689539] initcall clockevents_init_sysfs+0x0/0xbf returned 0 after 1767 usecs
[    7.699211] calling  proc_dma_init+0x0/0x21 @ 1
[    7.705706] initcall proc_dma_init+0x0/0x21 returned 0 after 628 usecs
[    7.714032] calling  proc_modules_init+0x0/0x1e @ 1
[    7.720546] initcall proc_modules_init+0x0/0x1e returned 0 after 7 usecs
[    7.729212] calling  kallsyms_init+0x0/0x21 @ 1
[    7.735269] initcall kallsyms_init+0x0/0x21 returned 0 after 6 usecs
[    7.745091] calling  pid_namespaces_init+0x0/0x2c @ 1
[    7.753438] initcall pid_namespaces_init+0x0/0x2c returned 0 after 24 usecs
[    7.764569] calling  audit_watch_init+0x0/0x37 @ 1
[    7.771582] initcall audit_watch_init+0x0/0x37 returned 0 after 94 usecs
[    7.779943] calling  audit_fsnotify_init+0x0/0x37 @ 1
[    7.786730] initcall audit_fsnotify_init+0x0/0x37 returned 0 after 3 usecs
[    7.795743] calling  audit_tree_init+0x0/0x6d @ 1
[    7.802266] initcall audit_tree_init+0x0/0x6d returned 0 after 14 usecs
[    7.811570] calling  seccomp_sysctl_init+0x0/0x2b @ 1
[    7.819004] initcall seccomp_sysctl_init+0x0/0x2b returned 0 after 39 usecs
[    7.828260] calling  utsname_sysctl_init+0x0/0x13 @ 1
[    7.835473] initcall utsname_sysctl_init+0x0/0x13 returned 0 after 10 usecs
[    7.844952] calling  init_tracepoints+0x0/0x27 @ 1
[    7.851505] initcall init_tracepoints+0x0/0x27 returned 0 after 3 usecs
[    7.860842] calling  init_blk_tracer+0x0/0x50 @ 1
[    7.867769] initcall init_blk_tracer+0x0/0x50 returned 0 after 268 usecs
[    7.876988] calling  perf_event_sysfs_init+0x0/0x83 @ 1
[    7.885432] initcall perf_event_sysfs_init+0x0/0x83 returned 0 after 842 usecs
[    7.895531] calling  system_trusted_keyring_init+0x0/0x60 @ 1
[    7.904399] Initialise system trusted keyrings
[    7.911406] initcall system_trusted_keyring_init+0x0/0x60 returned 0 after 6839 usecs
[    7.924622] calling  kswapd_init+0x0/0x5c @ 1
[    7.936101] initcall kswapd_init+0x0/0x5c returned 0 after 3675 usecs
[    7.946891] calling  extfrag_debug_init+0x0/0x54 @ 1
[    7.956101] initcall extfrag_debug_init+0x0/0x54 returned 0 after 333 usecs
[    7.966074] calling  mm_compute_batch_init+0x0/0x12 @ 1
[    7.973928] initcall mm_compute_batch_init+0x0/0x12 returned 0 after 97 usecs
[    7.985842] calling  slab_proc_init+0x0/0x21 @ 1
[    7.993309] initcall slab_proc_init+0x0/0x21 returned 0 after 96 usecs
[    8.004460] calling  workingset_init+0x0/0x8c @ 1
[    8.011648] workingset: timestamp_bits=56 max_order=17 bucket_order=0
[    8.021640] initcall workingset_init+0x0/0x8c returned 0 after 9754 usecs
[    8.031800] calling  proc_vmalloc_init+0x0/0x32 @ 1
[    8.040263] initcall proc_vmalloc_init+0x0/0x32 returned 0 after 9 usecs
[    8.051012] calling  procswaps_init+0x0/0x1e @ 1
[    8.058722] initcall procswaps_init+0x0/0x1e returned 0 after 9 usecs
[    8.068725] calling  slab_sysfs_init+0x0/0xec @ 1
[    8.134952] initcall slab_sysfs_init+0x0/0xec returned 0 after 57993 usecs
[    8.146149] calling  fcntl_init+0x0/0x29 @ 1
[    8.152862] initcall fcntl_init+0x0/0x29 returned 0 after 143 usecs
[    8.161258] calling  proc_filesystems_init+0x0/0x21 @ 1
[    8.168538] initcall proc_filesystems_init+0x0/0x21 returned 0 after 8 usecs
[    8.178191] calling  start_dirtytime_writeback+0x0/0x29 @ 1
[    8.186794] initcall start_dirtytime_writeback+0x0/0x29 returned 0 after 2 usecs
[    8.197692] calling  blkdev_init+0x0/0x1b @ 1
[    8.204080] initcall blkdev_init+0x0/0x1b returned 0 after 178 usecs
[    8.213376] calling  dio_init+0x0/0x2c @ 1
[    8.219585] initcall dio_init+0x0/0x2c returned 0 after 91 usecs
[    8.228216] calling  dnotify_init+0x0/0x78 @ 1
[    8.235146] initcall dnotify_init+0x0/0x78 returned 0 after 199 usecs
[    8.244192] calling  aio_setup+0x0/0x78 @ 1
[    8.251678] initcall aio_setup+0x0/0x78 returned 0 after 153 usecs
[    8.260992] calling  io_uring_init+0x0/0x2c @ 1
[    8.267742] initcall io_uring_init+0x0/0x2c returned 0 after 15 usecs
[    8.277008] calling  mbcache_init+0x0/0x30 @ 1
[    8.283858] initcall mbcache_init+0x0/0x30 returned 0 after 168 usecs
[    8.294625] calling  init_grace+0x0/0xc @ 1
[    8.302492] initcall init_grace+0x0/0xc returned 0 after 10 usecs
[    8.312420] calling  init_v2_quota_format+0x0/0x21 @ 1
[    8.319832] initcall init_v2_quota_format+0x0/0x21 returned 0 after 85 usecs
[    8.329287] calling  init_devpts_fs+0x0/0x27 @ 1
[    8.335985] initcall init_devpts_fs+0x0/0x27 returned 0 after 94 usecs
[    8.346339] calling  ext4_init_fs+0x0/0x1c2 @ 1
[    8.355067] initcall ext4_init_fs+0x0/0x1c2 returned 0 after 2371 usecs
[    8.365398] calling  journal_init+0x0/0x11c @ 1
[    8.373089] initcall journal_init+0x0/0x11c returned 0 after 414 usecs
[    8.383999] calling  init_fat_fs+0x0/0x49 @ 1
[    8.392405] initcall init_fat_fs+0x0/0x49 returned 0 after 545 usecs
[    8.403458] calling  init_vfat_fs+0x0/0xc @ 1
[    8.410347] initcall init_vfat_fs+0x0/0xc returned 0 after 6 usecs
[    8.419673] calling  init_msdos_fs+0x0/0xc @ 1
[    8.426378] initcall init_msdos_fs+0x0/0xc returned 0 after 5 usecs
[    8.435836] calling  init_iso9660_fs+0x0/0x6c @ 1
[    8.443377] initcall init_iso9660_fs+0x0/0x6c returned 0 after 301 usecs
[    8.453343] calling  init_nfs_fs+0x0/0x13a @ 1
[    8.464038] initcall init_nfs_fs+0x0/0x13a returned 0 after 3798 usecs
[    8.473622] calling  init_nfs_v2+0x0/0x13 @ 1
[    8.480891] initcall init_nfs_v2+0x0/0x13 returned 0 after 88 usecs
[    8.491286] calling  init_nfs_v3+0x0/0x13 @ 1
[    8.498664] initcall init_nfs_v3+0x0/0x13 returned 0 after 2 usecs
[    8.508557] calling  init_nfs_v4+0x0/0x32 @ 1
[    8.514476] NFS: Registering the id_resolver key type
[    8.522260] Key type id_resolver registered
[    8.528321] Key type id_legacy registered
[    8.534268] initcall init_nfs_v4+0x0/0x32 returned 0 after 19374 usecs
[    8.543412] calling  init_nlm+0x0/0x5b @ 1
[    8.549408] initcall init_nlm+0x0/0x5b returned 0 after 65 usecs
[    8.557607] calling  init_nls_cp437+0x0/0xe @ 1
[    8.565497] initcall init_nls_cp437+0x0/0xe returned 0 after 49 usecs
[    8.575472] calling  init_nls_ascii+0x0/0xe @ 1
[    8.582105] initcall init_nls_ascii+0x0/0xe returned 0 after 2 usecs
[    8.591328] calling  init_nls_iso8859_1+0x0/0xe @ 1
[    8.599434] initcall init_nls_iso8859_1+0x0/0xe returned 0 after 1 usecs
[    8.608735] calling  init_nls_utf8+0x0/0x21 @ 1
[    8.615257] initcall init_nls_utf8+0x0/0x21 returned 0 after 2 usecs
[    8.624438] calling  init_autofs_fs+0x0/0x25 @ 1
[    8.635487] initcall init_autofs_fs+0x0/0x25 returned 0 after 4331 usecs
[    8.645616] calling  ipc_init+0x0/0x24 @ 1
[    8.651608] initcall ipc_init+0x0/0x24 returned 0 after 171 usecs
[    8.660322] calling  ipc_sysctl_init+0x0/0x13 @ 1
[    8.667325] initcall ipc_sysctl_init+0x0/0x13 returned 0 after 14 usecs
[    8.676661] calling  init_mqueue_fs+0x0/0xb1 @ 1
[    8.683965] initcall init_mqueue_fs+0x0/0xb1 returned 0 after 733 usecs
[    8.693158] calling  key_proc_init+0x0/0x63 @ 1
[    8.700069] initcall key_proc_init+0x0/0x63 returned 0 after 8 usecs
[    8.708842] calling  selinux_nf_ip_init+0x0/0x2e @ 1
[    8.715640] initcall selinux_nf_ip_init+0x0/0x2e returned 0 after 17 usecs
[    8.724667] calling  init_sel_fs+0x0/0x116 @ 1
[    8.730910] initcall init_sel_fs+0x0/0x116 returned 0 after 0 usecs
[    8.739481] calling  selnl_init+0x0/0x7c @ 1
[    8.745844] initcall selnl_init+0x0/0x7c returned 0 after 314 usecs
[    8.755371] calling  sel_netif_init+0x0/0x36 @ 1
[    8.762553] initcall sel_netif_init+0x0/0x36 returned 0 after 1 usecs
[    8.771885] calling  sel_netnode_init+0x0/0x33 @ 1
[    8.778888] initcall sel_netnode_init+0x0/0x33 returned 0 after 0 usecs
[    8.788658] calling  sel_netport_init+0x0/0x33 @ 1
[    8.795707] initcall sel_netport_init+0x0/0x33 returned 0 after 1 usecs
[    8.804825] calling  aurule_init+0x0/0x2a @ 1
[    8.810685] initcall aurule_init+0x0/0x2a returned 0 after 2 usecs
[    8.819852] calling  crypto_algapi_init+0x0/0xc @ 1
[    8.826759] initcall crypto_algapi_init+0x0/0xc returned 0 after 7 usecs
[    8.837325] calling  jent_mod_init+0x0/0x2d @ 1
[    8.861953] initcall jent_mod_init+0x0/0x2d returned 0 after 17334 usecs
[    8.874217] calling  asymmetric_key_init+0x0/0xc @ 1
[    8.883284] Key type asymmetric registered
[    8.890546] initcall asymmetric_key_init+0x0/0xc returned 0 after 7092 usecs
[    8.903061] calling  x509_key_init+0x0/0xc @ 1
[    8.910742] Asymmetric key parser 'x509' registered
[    8.919590] initcall x509_key_init+0x0/0xc returned 0 after 8725 usecs
[    8.930784] calling  proc_genhd_init+0x0/0x41 @ 1
[    8.939762] initcall proc_genhd_init+0x0/0x41 returned 0 after 691 usecs
[    8.951582] calling  bsg_init+0x0/0x113 @ 1
[    8.961522] Block layer SCSI generic (bsg) driver version 0.4 loaded (major 251)
[    8.974785] initcall bsg_init+0x0/0x113 returned 0 after 15728 usecs
[    8.985681] calling  deadline_init+0x0/0xc @ 1
[    8.993953] io scheduler mq-deadline registered
[    9.001889] initcall deadline_init+0x0/0xc returned 0 after 7793 usecs
[    9.013318] calling  kyber_init+0x0/0xc @ 1
[    9.021508] io scheduler kyber registered
[    9.029411] initcall kyber_init+0x0/0xc returned 0 after 7749 usecs
[    9.038782] calling  mod_init+0x0/0x7 @ 1
[    9.045138] initcall mod_init+0x0/0x7 returned 0 after 0 usecs
[    9.054165] calling  debug_objects_init_debugfs+0x0/0x3b @ 1
[    9.063996] initcall debug_objects_init_debugfs+0x0/0x3b returned 0 after 1169 usecs
[    9.076736] calling  percpu_counter_startup+0x0/0x55 @ 1
[    9.106354] initcall percpu_counter_startup+0x0/0x55 returned 0 after 20215 usecs
[    9.116900] calling  sg_pool_init+0x0/0xb4 @ 1
[    9.127825] initcall sg_pool_init+0x0/0xb4 returned 0 after 4245 usecs
[    9.139918] calling  pcie_portdrv_init+0x0/0x39 @ 1
[    9.148409] initcall pcie_portdrv_init+0x0/0x39 returned 0 after 87 usecs
[    9.159712] calling  pci_proc_init+0x0/0x68 @ 1
[    9.167768] initcall pci_proc_init+0x0/0x68 returned 0 after 143 usecs
[    9.177897] calling  pci_hotplug_init+0x0/0x7 @ 1
[    9.185824] initcall pci_hotplug_init+0x0/0x7 returned 0 after 0 usecs
[    9.197507] calling  efifb_driver_init+0x0/0xe @ 1
[    9.205843] initcall efifb_driver_init+0x0/0xe returned 0 after 226 usecs
[    9.216969] calling  ged_driver_init+0x0/0xe @ 1
[    9.225217] initcall ged_driver_init+0x0/0xe returned 0 after 34 usecs
[    9.235671] calling  acpi_ac_init+0x0/0x92 @ 1
[    9.243560] initcall acpi_ac_init+0x0/0x92 returned 0 after 518 usecs
[    9.253693] calling  acpi_button_driver_init+0x0/0x52 @ 1
[    9.263835] input: Power Button as /devices/LNXSYSTM:00/LNXPWRBN:00/input/input0
[    9.278301] ACPI: Power Button [PWRF]
[    9.284712] initcall acpi_button_driver_init+0x0/0x52 returned 0 after 22232 usecs
[    9.295589] calling  acpi_fan_driver_init+0x0/0xe @ 1
[    9.302802] initcall acpi_fan_driver_init+0x0/0xe returned 0 after 36 usecs
[    9.312818] calling  acpi_video_init+0x0/0xcb @ 1
[    9.320371] initcall acpi_video_init+0x0/0xcb returned 0 after 263 usecs
[    9.331963] calling  acpi_processor_driver_init+0x0/0xad @ 1
[    9.346872] initcall acpi_processor_driver_init+0x0/0xad returned 0 after 6494 usecs
[    9.358046] calling  acpi_thermal_init+0x0/0x71 @ 1
[    9.371847] initcall acpi_thermal_init+0x0/0x71 returned 0 after 6186 usecs
[    9.383460] calling  acpi_battery_init+0x0/0x32 @ 1
[    9.392006] initcall acpi_battery_init+0x0/0x32 returned 0 after 480 usecs
[    9.402604] calling  bgrt_init+0x0/0xb6 @ 1
[    9.409763] initcall bgrt_init+0x0/0xb6 returned -19 after 0 usecs
[    9.419899] calling  gpio_clk_driver_init+0x0/0xe @ 1
[    9.429855] initcall gpio_clk_driver_init+0x0/0xe returned 0 after 59 usecs
[    9.441068] calling  plt_clk_driver_init+0x0/0xe @ 1
[    9.449335] initcall plt_clk_driver_init+0x0/0xe returned 0 after 34 usecs
[    9.460893] calling  virtio_pci_driver_init+0x0/0x15 @ 1
[    9.470671] initcall virtio_pci_driver_init+0x0/0x15 returned 0 after 667 usecs
[    9.482615] calling  n_null_init+0x0/0x1e @ 1
[    9.490644] initcall n_null_init+0x0/0x1e returned 0 after 30 usecs
[    9.500836] calling  pty_init+0x0/0x1e8 @ 1
[    9.510875] initcall pty_init+0x0/0x1e8 returned 0 after 2261 usecs
[    9.540276] calling  sysrq_init+0x0/0x62 @ 1
[    9.551519] initcall sysrq_init+0x0/0x62 returned 0 after 2882 usecs
[    9.562735] calling  serial8250_init+0x0/0x17e @ 1
[    9.571669] Serial: 8250/16550 driver, 4 ports, IRQ sharing enabled
[    9.599556] 00:03: ttyS0 at I/O 0x3f8 (irq = 4, base_baud = 115200) is a 16550A
[    9.638240] initcall serial8250_init+0x0/0x17e returned 0 after 65067 usecs
[    9.649279] calling  serial_pci_driver_init+0x0/0x15 @ 1
[    9.658830] initcall serial_pci_driver_init+0x0/0x15 returned 0 after 1348 usecs
[    9.670179] calling  exar_pci_driver_init+0x0/0x15 @ 1
[    9.678855] initcall exar_pci_driver_init+0x0/0x15 returned 0 after 83 usecs
[    9.690175] calling  lpss8250_pci_driver_init+0x0/0x15 @ 1
[    9.698777] initcall lpss8250_pci_driver_init+0x0/0x15 returned 0 after 152 usecs
[    9.711636] calling  mid8250_pci_driver_init+0x0/0x15 @ 1
[    9.721028] initcall mid8250_pci_driver_init+0x0/0x15 returned 0 after 37 usecs
[    9.734508] calling  virtio_console_init+0x0/0xff @ 1
[    9.745761] initcall virtio_console_init+0x0/0xff returned 0 after 2165 usecs
[    9.756541] calling  hpet_init+0x0/0x64 @ 1
[    9.782556] initcall hpet_init+0x0/0x64 returned 0 after 18870 usecs
[    9.795120] calling  nvram_module_init+0x0/0x83 @ 1
[    9.806808] Non-volatile memory driver v1.3
[    9.815441] initcall nvram_module_init+0x0/0x83 returned 0 after 10807 usecs
[    9.828936] calling  hwrng_modinit+0x0/0x8a @ 1
[    9.852574] initcall hwrng_modinit+0x0/0x8a returned 0 after 15200 usecs
[    9.863862] calling  mod_init+0x0/0x48 @ 1
[    9.871227] initcall mod_init+0x0/0x48 returned -19 after 0 usecs
[    9.881528] calling  agp_init+0x0/0x23 @ 1
[    9.887884] Linux agpgart interface v0.103
[    9.894189] initcall agp_init+0x0/0x23 returned 0 after 6154 usecs
[    9.903876] calling  agp_amd64_mod_init+0x0/0x5 @ 1
[    9.913982] initcall agp_amd64_mod_init+0x0/0x5 returned -19 after 3349 usecs
[    9.929138] calling  agp_intel_init+0x0/0x28 @ 1
[    9.943105] initcall agp_intel_init+0x0/0x28 returned 0 after 6235 usecs
[    9.955009] calling  drm_kms_helper_init+0x0/0x7 @ 1
[    9.965679] initcall drm_kms_helper_init+0x0/0x7 returned 0 after 911 usecs
[    9.977989] calling  drm_core_init+0x0/0xbd @ 1
[   10.001584] initcall drm_core_init+0x0/0xbd returned 0 after 15310 usecs
[   10.012894] calling  i915_init+0x0/0x6b @ 1
[   10.043932] initcall i915_init+0x0/0x6b returned 0 after 24092 usecs
[   10.059406] calling  cn_proc_init+0x0/0x35 @ 1
[   10.067554] initcall cn_proc_init+0x0/0x35 returned 0 after 93 usecs
[   10.078689] calling  topology_sysfs_init+0x0/0x27 @ 1
[   10.093950] initcall topology_sysfs_init+0x0/0x27 returned 0 after 6113 usecs
[   10.106731] calling  cacheinfo_sysfs_init+0x0/0x27 @ 1
[   10.151722] initcall cacheinfo_sysfs_init+0x0/0x27 returned 0 after 35473 usecs
[   10.162598] calling  loop_init+0x0/0x16a @ 1
[   10.282232] loop: module loaded
[   10.287983] initcall loop_init+0x0/0x16a returned 0 after 115742 usecs
[   10.299769] calling  mac_hid_init+0x0/0x21 @ 1
[   10.307336] initcall mac_hid_init+0x0/0x21 returned 0 after 68 usecs
[   10.318984] calling  spi_transport_init+0x0/0x74 @ 1
[   10.333647] initcall spi_transport_init+0x0/0x74 returned 0 after 1066 usecs
[   10.345024] calling  init_sd+0x0/0x18c @ 1
[   10.354320] initcall init_sd+0x0/0x18c returned 0 after 945 usecs
[   10.364924] calling  init_sr+0x0/0x43 @ 1
[   10.373444] initcall init_sr+0x0/0x43 returned 0 after 1321 usecs
[   10.383879] calling  init_sg+0x0/0x1c0 @ 1
[   10.391076] initcall init_sg+0x0/0x1c0 returned 0 after 622 usecs
[   10.402632] calling  ahci_pci_driver_init+0x0/0x15 @ 1
[   10.412748] ahci 0000:00:1f.2: version 3.0
[   10.432666] PCI Interrupt Link [GSIA] enabled at IRQ 16
[   10.469309] ahci 0000:00:1f.2: AHCI 0001.0000 32 slots 6 ports 1.5 Gbps 0x3f impl SATA mode
[   10.482750] ahci 0000:00:1f.2: flags: 64bit ncq only 
[   10.585240] scsi host0: ahci
[   10.610423] scsi host1: ahci
[   10.622292] scsi host2: ahci
[   10.641876] scsi host3: ahci
[   10.662691] scsi host4: ahci
[   10.679854] scsi host5: ahci
[   10.686587] ata1: SATA max UDMA/133 abar m4096@0xfebf1000 port 0xfebf1100 irq 24
[   10.698706] ata2: SATA max UDMA/133 abar m4096@0xfebf1000 port 0xfebf1180 irq 24
[   10.713124] ata3: SATA max UDMA/133 abar m4096@0xfebf1000 port 0xfebf1200 irq 24
[   10.725070] ata4: SATA max UDMA/133 abar m4096@0xfebf1000 port 0xfebf1280 irq 24
[   10.736569] ata5: SATA max UDMA/133 abar m4096@0xfebf1000 port 0xfebf1300 irq 24
[   10.748021] ata6: SATA max UDMA/133 abar m4096@0xfebf1000 port 0xfebf1380 irq 24
[   10.762601] initcall ahci_pci_driver_init+0x0/0x15 returned 0 after 343342 usecs
[   10.774515] calling  piix_init+0x0/0x26 @ 1
[   10.781871] initcall piix_init+0x0/0x26 returned 0 after 990 usecs
[   10.790871] calling  amd_pci_driver_init+0x0/0x15 @ 1
[   10.798780] initcall amd_pci_driver_init+0x0/0x15 returned 0 after 54 usecs
[   10.810024] calling  oldpiix_pci_driver_init+0x0/0x15 @ 1
[   10.819056] initcall oldpiix_pci_driver_init+0x0/0x15 returned 0 after 166 usecs
[   10.830884] calling  sch_pci_driver_init+0x0/0x15 @ 1
[   10.839144] initcall sch_pci_driver_init+0x0/0x15 returned 0 after 57 usecs
[   10.850033] calling  net_olddevs_init+0x0/0x55 @ 1
[   10.858567] initcall net_olddevs_init+0x0/0x55 returned 0 after 763 usecs
[   10.869556] calling  blackhole_netdev_init+0x0/0x78 @ 1
[   10.878676] initcall blackhole_netdev_init+0x0/0x78 returned 0 after 626 usecs
[   10.890354] calling  phy_module_init+0x0/0x13 @ 1
[   10.899985] initcall phy_module_init+0x0/0x13 returned 0 after 1804 usecs
[   10.910451] calling  tg3_driver_init+0x0/0x15 @ 1
[   10.917727] initcall tg3_driver_init+0x0/0x15 returned 0 after 148 usecs
[   10.927827] calling  e100_init_module+0x0/0x4c @ 1
[   10.935413] e100: Intel(R) PRO/100 Network Driver
[   10.942605] e100: Copyright(c) 1999-2006 Intel Corporation
[   10.951055] initcall e100_init_module+0x0/0x4c returned 0 after 15285 usecs
[   10.961418] calling  e1000_init_module+0x0/0x72 @ 1
[   10.968805] e1000: Intel(R) PRO/1000 Network Driver
[   10.976323] e1000: Copyright (c) 1999-2006 Intel Corporation.
[   10.986680] initcall e1000_init_module+0x0/0x72 returned 0 after 17450 usecs
[   10.997409] calling  e1000_init_module+0x0/0x2d @ 1
[   11.004887] e1000e: Intel(R) PRO/1000 Network Driver
[   11.012493] e1000e: Copyright(c) 1999 - 2015 Intel Corporation.
[   11.021556] initcall e1000_init_module+0x0/0x2d returned 0 after 16274 usecs
[   11.032579] calling  sky2_init_module+0x0/0x21 @ 1
[   11.039897] sky2: driver version 1.30
[   11.045605] initcall sky2_init_module+0x0/0x21 returned 0 after 5572 usecs
[   11.055587] calling  forcedeth_pci_driver_init+0x0/0x15 @ 1
[   11.064080] initcall forcedeth_pci_driver_init+0x0/0x15 returned 0 after 42 usecs
[   11.075163] calling  rtl8139_init_module+0x0/0x15 @ 1
[   11.081420] ata2: SATA link down (SStatus 0 SControl 300)
[   11.083292] initcall rtl8139_init_module+0x0/0x15 returned 0 after 90 usecs
[   11.093245] ata1: SATA link down (SStatus 0 SControl 300)
[   11.102021] calling  rtl8169_pci_driver_init+0x0/0x15 @ 1
[   11.102068] initcall rtl8169_pci_driver_init+0x0/0x15 returned 0 after 42 usecs
[   11.111862] ata6: SATA link down (SStatus 0 SControl 300)
[   11.118961] calling  cdrom_init+0x0/0xc @ 1
[   11.119083] initcall cdrom_init+0x0/0xc returned 0 after 115 usecs
[   11.119086] calling  nonstatic_sysfs_init+0x0/0xc @ 1
[   11.119272] initcall nonstatic_sysfs_init+0x0/0xc returned 0 after 177 usecs
[   11.119275] calling  yenta_cardbus_driver_init+0x0/0x15 @ 1
[   11.119425] initcall yenta_cardbus_driver_init+0x0/0x15 returned 0 after 142 usecs
[   11.132828] ata4: SATA link down (SStatus 0 SControl 300)
[   11.145612] calling  mon_init+0x0/0x144 @ 1
[   11.151982] initcall mon_init+0x0/0x144 returned 0 after 6214 usecs
[   11.157577] ata3: SATA link up 1.5 Gbps (SStatus 113 SControl 300)
[   11.162711] calling  ehci_hcd_init+0x0/0x56 @ 1
[   11.174512] ata3.00: ATAPI: QEMU DVD-ROM, 2.5+, max UDMA/100
[   11.181486] ehci_hcd: USB 2.0 'Enhanced' Host Controller (EHCI) Driver
[   11.189621] ata3.00: applying bridge limits
[   11.200719] initcall ehci_hcd_init+0x0/0x56 returned 0 after 18832 usecs
[   11.210512] ata5: SATA link down (SStatus 0 SControl 300)
[   11.215028] calling  ehci_pci_init+0x0/0x64 @ 1
[   11.226236] ata3.00: configured for UDMA/100
[   11.233799] ehci-pci: EHCI PCI platform driver
[   11.233960] initcall ehci_pci_init+0x0/0x64 returned 0 after 157 usecs
[   11.249022] scsi 2:0:0:0: CD-ROM            QEMU     QEMU DVD-ROM     2.5+ PQ: 0 ANSI: 5
[   11.249579] calling  ohci_hcd_mod_init+0x0/0x4e @ 1
[   11.249583] ohci_hcd: USB 1.1 'Open' Host Controller (OHCI) Driver
[   11.342600] initcall ohci_hcd_mod_init+0x0/0x4e returned 0 after 90832 usecs
[   11.352046] calling  ohci_pci_init+0x0/0x64 @ 1
[   11.357818] ohci-pci: OHCI PCI platform driver
[   11.363661] initcall ohci_pci_init+0x0/0x64 returned 0 after 5704 usecs
[   11.372430] calling  uhci_hcd_init+0x0/0xa8 @ 1
[   11.378670] uhci_hcd: USB Universal Host Controller Interface driver
[   11.388642] initcall uhci_hcd_init+0x0/0xa8 returned 0 after 9737 usecs
[   11.398359] calling  xhci_hcd_init+0x0/0x1e @ 1
[   11.404906] initcall xhci_hcd_init+0x0/0x1e returned 0 after 83 usecs
[   11.414981] calling  xhci_pci_init+0x0/0x49 @ 1
[   11.422265] initcall xhci_pci_init+0x0/0x49 returned 0 after 239 usecs
[   11.432509] calling  usblp_driver_init+0x0/0x15 @ 1
[   11.441589] usbcore: registered new interface driver usblp
[   11.450557] initcall usblp_driver_init+0x0/0x15 returned 0 after 10307 usecs
[   11.461165] calling  usb_storage_driver_init+0x0/0x2a @ 1
[   11.469447] usbcore: registered new interface driver usb-storage
[   11.478419] initcall usb_storage_driver_init+0x0/0x2a returned 0 after 9022 usecs
[   11.490262] calling  i8042_init+0x0/0x4c2 @ 1
[   11.497667] i8042: PNP: PS/2 Controller [PNP0303:KBD,PNP0f13:MOU] at 0x60,0x64 irq 1,12
[   11.501021] sr 2:0:0:0: [sr0] scsi3-mmc drive: 4x/4x cd/rw xa/form2 tray
[   11.519264] cdrom: Uniform CD-ROM driver Revision: 3.20
[   11.519868] serio: i8042 KBD port at 0x60,0x64 irq 1
[   11.535473] serio: i8042 AUX port at 0x60,0x64 irq 12
[   11.542049] initcall i8042_init+0x0/0x4c2 returned 0 after 44109 usecs
[   11.551105] calling  serport_init+0x0/0x2c @ 1
[   11.557433] initcall serport_init+0x0/0x2c returned 0 after 255 usecs
[   11.565768] calling  input_leds_init+0x0/0xc @ 1
[   11.572019] initcall input_leds_init+0x0/0xc returned 0 after 309 usecs
[   11.580957] calling  evdev_init+0x0/0xc @ 1
[   11.590275] initcall evdev_init+0x0/0xc returned 0 after 3374 usecs
[   11.599082] calling  atkbd_init+0x0/0x21 @ 1
[   11.604031] sr 2:0:0:0: Attached scsi CD-ROM sr0
[   11.605861] initcall atkbd_init+0x0/0x21 returned 0 after 461 usecs
[   11.614405] sr 2:0:0:0: Attached scsi generic sg0 type 5
[   11.621445] calling  psmouse_init+0x0/0x7f @ 1
[   11.637619] initcall psmouse_init+0x0/0x7f returned 0 after 1501 usecs
[   11.666360] calling  cmos_init+0x0/0x73 @ 1
[   11.681866] input: AT Translated Set 2 keyboard as /devices/platform/i8042/serio0/input/input1
[   11.696005] rtc_cmos 00:04: RTC can wake from S4
[   11.723121] rtc_cmos 00:04: registered as rtc0
[   11.729888] rtc_cmos 00:04: alarms up to one day, y3k, 242 bytes nvram, hpet irqs
[   11.740935] initcall cmos_init+0x0/0x73 returned 0 after 65933 usecs
[   11.750670] calling  smbalert_driver_init+0x0/0xe @ 1
[   11.759809] initcall smbalert_driver_init+0x0/0xe returned 0 after 2068 usecs
[   11.769780] calling  i2c_i801_init+0x0/0xc5 @ 1
[   11.789713] i801_smbus 0000:00:1f.3: SMBus using PCI interrupt
[   11.802088] i2c i2c-0: 1/1 memory slots populated (from DMI)
[   11.809882] i2c i2c-0: Memory type 0x07 not supported yet, not instantiating SPD
[   11.825193] initcall i2c_i801_init+0x0/0xc5 returned 0 after 47038 usecs
[   11.836549] calling  ptp_kvm_init+0x0/0xf0 @ 1
[   11.847101] initcall ptp_kvm_init+0x0/0xf0 returned 0 after 2310 usecs
[   11.857516] calling  dm_init+0x0/0x3c @ 1
[   11.866956] device-mapper: ioctl: 4.43.0-ioctl (2020-10-01) initialised: dm-devel@redhat.com
[   11.880002] initcall dm_init+0x0/0x3c returned 0 after 16045 usecs
[   11.889352] calling  dm_mirror_init+0x0/0x29 @ 1
[   11.896292] initcall dm_mirror_init+0x0/0x29 returned 0 after 2 usecs
[   11.905558] calling  dm_dirty_log_init+0x0/0x4f @ 1
[   11.912732] initcall dm_dirty_log_init+0x0/0x4f returned 0 after 111 usecs
[   11.922586] calling  dm_zero_init+0x0/0x29 @ 1
[   11.929140] initcall dm_zero_init+0x0/0x29 returned 0 after 1 usecs
[   11.937774] calling  intel_pstate_init+0x0/0x50f @ 1
[   11.944886] intel_pstate: CPU model not supported
[   11.952356] initcall intel_pstate_init+0x0/0x50f returned -19 after 7383 usecs
[   11.962515] calling  haltpoll_init+0x0/0xc0 @ 1
[   11.969509] initcall haltpoll_init+0x0/0xc0 returned -19 after 28 usecs
[   11.978842] calling  efivars_sysfs_init+0x0/0x30 @ 1
[   11.986022] initcall efivars_sysfs_init+0x0/0x30 returned 0 after 31 usecs
[   11.996210] calling  esrt_sysfs_init+0x0/0x2a2 @ 1
[   12.002991] initcall esrt_sysfs_init+0x0/0x2a2 returned -38 after 28 usecs
[   12.013641] calling  hid_init+0x0/0x5c @ 1
[   12.020488] hid: raw HID events driver (C) Jiri Kosina
[   12.034655] initcall hid_init+0x0/0x5c returned 0 after 14363 usecs
[   12.044432] calling  hid_generic_init+0x0/0x15 @ 1
[   12.052365] initcall hid_generic_init+0x0/0x15 returned 0 after 446 usecs
[   12.063011] calling  a4_driver_init+0x0/0x15 @ 1
[   12.070016] initcall a4_driver_init+0x0/0x15 returned 0 after 265 usecs
[   12.079980] calling  apple_driver_init+0x0/0x15 @ 1
[   12.088339] initcall apple_driver_init+0x0/0x15 returned 0 after 1479 usecs
[   12.098480] calling  belkin_driver_init+0x0/0x15 @ 1
[   12.106600] initcall belkin_driver_init+0x0/0x15 returned 0 after 242 usecs
[   12.116402] calling  ch_driver_init+0x0/0x15 @ 1
[   12.123374] initcall ch_driver_init+0x0/0x15 returned 0 after 227 usecs
[   12.132593] calling  ch_driver_init+0x0/0x15 @ 1
[   12.139612] initcall ch_driver_init+0x0/0x15 returned 0 after 49 usecs
[   12.149186] calling  cp_driver_init+0x0/0x15 @ 1
[   12.155945] initcall cp_driver_init+0x0/0x15 returned 0 after 55 usecs
[   12.165231] calling  ez_driver_init+0x0/0x15 @ 1
[   12.171935] initcall ez_driver_init+0x0/0x15 returned 0 after 39 usecs
[   12.181386] calling  gyration_driver_init+0x0/0x15 @ 1
[   12.188876] initcall gyration_driver_init+0x0/0x15 returned 0 after 39 usecs
[   12.199006] calling  ite_driver_init+0x0/0x15 @ 1
[   12.205617] initcall ite_driver_init+0x0/0x15 returned 0 after 29 usecs
[   12.215007] calling  ks_driver_init+0x0/0x15 @ 1
[   12.221536] initcall ks_driver_init+0x0/0x15 returned 0 after 31 usecs
[   12.230917] calling  lg_driver_init+0x0/0x15 @ 1
[   12.237613] initcall lg_driver_init+0x0/0x15 returned 0 after 68 usecs
[   12.247176] calling  lg_g15_driver_init+0x0/0x15 @ 1
[   12.254553] initcall lg_g15_driver_init+0x0/0x15 returned 0 after 61 usecs
[   12.264282] calling  ms_driver_init+0x0/0x15 @ 1
[   12.272898] initcall ms_driver_init+0x0/0x15 returned 0 after 30 usecs
[   12.281993] calling  mr_driver_init+0x0/0x15 @ 1
[   12.288545] initcall mr_driver_init+0x0/0x15 returned 0 after 26 usecs
[   12.297775] calling  ntrig_driver_init+0x0/0x15 @ 1
[   12.304890] initcall ntrig_driver_init+0x0/0x15 returned 0 after 220 usecs
[   12.314343] calling  pl_driver_init+0x0/0x15 @ 1
[   12.320957] initcall pl_driver_init+0x0/0x15 returned 0 after 27 usecs
[   12.330662] calling  pl_driver_init+0x0/0x15 @ 1
[   12.340402] initcall pl_driver_init+0x0/0x15 returned 0 after 369 usecs
[   12.359946] calling  redragon_driver_init+0x0/0x15 @ 1
[   12.368045] initcall redragon_driver_init+0x0/0x15 returned 0 after 257 usecs
[   12.381472] calling  samsung_driver_init+0x0/0x15 @ 1
[   12.390026] initcall samsung_driver_init+0x0/0x15 returned 0 after 279 usecs
[   12.401189] calling  sony_init+0x0/0x38 @ 1
[   12.407514] initcall sony_init+0x0/0x38 returned 0 after 269 usecs
[   12.416342] calling  sp_driver_init+0x0/0x15 @ 1
[   12.423217] initcall sp_driver_init+0x0/0x15 returned 0 after 326 usecs
[   12.433010] calling  ts_driver_init+0x0/0x15 @ 1
[   12.450269] initcall ts_driver_init+0x0/0x15 returned 0 after 313 usecs
[   12.460069] calling  hid_init+0x0/0x58 @ 1
[   12.466277] usbcore: registered new interface driver usbhid
[   12.474034] usbhid: USB HID core driver
[   12.479517] initcall hid_init+0x0/0x58 returned 0 after 13248 usecs
[   12.488141] calling  eeepc_laptop_init+0x0/0x57 @ 1
[   12.495672] initcall eeepc_laptop_init+0x0/0x57 returned -19 after 570 usecs
[   12.505224] calling  pmc_atom_init+0x0/0x27a @ 1
[   12.511943] initcall pmc_atom_init+0x0/0x27a returned -19 after 11 usecs
[   12.521442] calling  alsa_hwdep_init+0x0/0x5e @ 1
[   12.528727] initcall alsa_hwdep_init+0x0/0x5e returned 0 after 248 usecs
[   12.538424] calling  alsa_timer_init+0x0/0x1f9 @ 1
[   12.547277] initcall alsa_timer_init+0x0/0x1f9 returned 0 after 1569 usecs
[   12.557640] calling  snd_hrtimer_init+0x0/0x117 @ 1
[   12.564810] initcall snd_hrtimer_init+0x0/0x117 returned 0 after 33 usecs
[   12.574906] calling  alsa_pcm_init+0x0/0x64 @ 1
[   12.581504] initcall alsa_pcm_init+0x0/0x64 returned 0 after 18 usecs
[   12.590588] calling  alsa_seq_init+0x0/0x4a @ 1
[   12.612678] initcall alsa_seq_init+0x0/0x4a returned 0 after 9486 usecs
[   12.621282] calling  alsa_seq_dummy_init+0x0/0x9c @ 1
[   12.628145] initcall alsa_seq_dummy_init+0x0/0x9c returned 0 after 197 usecs
[   12.637972] calling  azx_driver_init+0x0/0x15 @ 1
[   12.642295] rcu-torture: rcu_torture_read_exit: End of episode
[   12.644696] initcall azx_driver_init+0x0/0x15 returned 0 after 343 usecs
[   12.662455] calling  sock_diag_init+0x0/0x2a @ 1
[   12.669479] initcall sock_diag_init+0x0/0x2a returned 0 after 665 usecs
[   12.678538] calling  blackhole_init+0x0/0xc @ 1
[   12.684998] initcall blackhole_init+0x0/0xc returned 0 after 75 usecs
[   12.695308] calling  nfnetlink_init+0x0/0x61 @ 1
[   12.704237] initcall nfnetlink_init+0x0/0x61 returned 0 after 169 usecs
[   12.713681] calling  nfnetlink_log_init+0x0/0x99 @ 1
[   12.720765] initcall nfnetlink_log_init+0x0/0x99 returned 0 after 205 usecs
[   12.730541] calling  nf_conntrack_standalone_init+0x0/0x87 @ 1
[   12.755708] initcall nf_conntrack_standalone_init+0x0/0x87 returned 0 after 5388 usecs
[   12.767253] calling  ctnetlink_init+0x0/0x83 @ 1
