c[?7l[2J[0mSeaBIOS (version 1.16.0-debian-1.16.0-4)
Booting from ROM...
early console in setup code
c[?7l[2J[    0.000000] Linux version 5.10.152+ (root@joelboxx.c.googlers.com) (gcc (Debian 12.2.0-3) 12.2.0, GNU ld (GNU Binutils for Debian) 2.39) #13 SMP PREEMPT Tue Dec 13 08:22:52 UTC 2022
[    0.000000] Command line: selinux=0 initcall_debug debug console=ttyS0 rcutorture.torture_type=tasks nohz_full=1 rcutorture.onoff_interval=1000 rcutorture.onoff_holdoff=30 rcutorture.n_barrier_cbs=4 rcutorture.stat_interval=15 rcutorture.shutdown_secs=1800 rcutorture.test_no_idle_hz=1 rcutorture.verbose=1
[    0.000000] x86/fpu: x87 FPU will use FXSAVE
[    0.000000] BIOS-provided physical RAM map:
[    0.000000] BIOS-e820: [mem 0x0000000000000000-0x000000000009fbff] usable
[    0.000000] BIOS-e820: [mem 0x000000000009fc00-0x000000000009ffff] reserved
[    0.000000] BIOS-e820: [mem 0x00000000000f0000-0x00000000000fffff] reserved
[    0.000000] BIOS-e820: [mem 0x0000000000100000-0x000000001ffdefff] usable
[    0.000000] BIOS-e820: [mem 0x000000001ffdf000-0x000000001fffffff] reserved
[    0.000000] BIOS-e820: [mem 0x00000000b0000000-0x00000000bfffffff] reserved
[    0.000000] BIOS-e820: [mem 0x00000000fed1c000-0x00000000fed1ffff] reserved
[    0.000000] BIOS-e820: [mem 0x00000000feffc000-0x00000000feffffff] reserved
[    0.000000] BIOS-e820: [mem 0x00000000fffc0000-0x00000000ffffffff] reserved
[    0.000000] NX (Execute Disable) protection: active
[    0.000000] SMBIOS 2.8 present.
[    0.000000] DMI: QEMU Standard PC (Q35 + ICH9, 2009), BIOS 1.16.0-debian-1.16.0-4 04/01/2014
[    0.000000] Hypervisor detected: KVM
[    0.000000] kvm-clock: Using msrs 4b564d01 and 4b564d00
[    0.000000] kvm-clock: cpu 0, msr 11ebd001, primary cpu clock
[    0.000001] kvm-clock: using sched offset of 2727908199 cycles
[    0.000164] clocksource: kvm-clock: mask: 0xffffffffffffffff max_cycles: 0x1cd42e4dffb, max_idle_ns: 881590591483 ns
[    0.000273] tsc: Detected 1999.999 MHz processor
[    0.005208] e820: update [mem 0x00000000-0x00000fff] usable ==> reserved
[    0.005212] e820: remove [mem 0x000a0000-0x000fffff] usable
[    0.005219] last_pfn = 0x1ffdf max_arch_pfn = 0x400000000
[    0.006123] MTRR default type: write-back
[    0.006150] MTRR fixed ranges enabled:
[    0.006152]   00000-9FFFF write-back
[    0.006153]   A0000-BFFFF uncachable
[    0.006155]   C0000-FFFFF write-protect
[    0.006156] MTRR variable ranges enabled:
[    0.006158]   0 base 00C0000000 mask FFC0000000 uncachable
[    0.006160]   1 disabled
[    0.006161]   2 disabled
[    0.006162]   3 disabled
[    0.006163]   4 disabled
[    0.006164]   5 disabled
[    0.006165]   6 disabled
[    0.006166]   7 disabled
[    0.006501] x86/PAT: Configuration [0-7]: WB  WC  UC- UC  WB  WC  UC- UC  
[    0.015377] found SMP MP-table at [mem 0x000f5ba0-0x000f5baf]
[    0.017013] check: Scanning 1 areas for low memory corruption
[    0.026413] ACPI: Early table checksum verification disabled
[    0.027815] ACPI: RSDP 0x00000000000F59E0 000014 (v00 BOCHS )
[    0.028051] ACPI: RSDT 0x000000001FFE22F5 000038 (v01 BOCHS  BXPC     00000001 BXPC 00000001)
[    0.028289] ACPI: FACP 0x000000001FFE20E5 0000F4 (v03 BOCHS  BXPC     00000001 BXPC 00000001)
[    0.028382] ACPI: DSDT 0x000000001FFE0040 0020A5 (v01 BOCHS  BXPC     00000001 BXPC 00000001)
[    0.028420] ACPI: FACS 0x000000001FFE0000 000040
[    0.028424] ACPI: APIC 0x000000001FFE21D9 000080 (v01 BOCHS  BXPC     00000001 BXPC 00000001)
[    0.028429] ACPI: HPET 0x000000001FFE2259 000038 (v01 BOCHS  BXPC     00000001 BXPC 00000001)
[    0.028433] ACPI: MCFG 0x000000001FFE2291 00003C (v01 BOCHS  BXPC     00000001 BXPC 00000001)
[    0.028438] ACPI: WAET 0x000000001FFE22CD 000028 (v01 BOCHS  BXPC     00000001 BXPC 00000001)
[    0.028442] ACPI: Reserving FACP table memory at [mem 0x1ffe20e5-0x1ffe21d8]
[    0.028444] ACPI: Reserving DSDT table memory at [mem 0x1ffe0040-0x1ffe20e4]
[    0.028445] ACPI: Reserving FACS table memory at [mem 0x1ffe0000-0x1ffe003f]
[    0.028446] ACPI: Reserving APIC table memory at [mem 0x1ffe21d9-0x1ffe2258]
[    0.028447] ACPI: Reserving HPET table memory at [mem 0x1ffe2259-0x1ffe2290]
[    0.028448] ACPI: Reserving MCFG table memory at [mem 0x1ffe2291-0x1ffe22cc]
[    0.028449] ACPI: Reserving WAET table memory at [mem 0x1ffe22cd-0x1ffe22f4]
[    0.029101] ACPI: Local APIC address 0xfee00000
[    0.033168] No NUMA configuration found
[    0.033171] Faking a node at [mem 0x0000000000000000-0x000000001ffdefff]
[    0.033403] NODE_DATA(0) allocated [mem 0x1ffdb000-0x1ffdefff]
[    0.034653] Zone ranges:
[    0.034714]   DMA      [mem 0x0000000000001000-0x0000000000ffffff]
[    0.034737]   DMA32    [mem 0x0000000001000000-0x000000001ffdefff]
[    0.034740]   Normal   empty
[    0.034741] Movable zone start for each node
[    0.034772] Early memory node ranges
[    0.034773]   node   0: [mem 0x0000000000001000-0x000000000009efff]
[    0.034800]   node   0: [mem 0x0000000000100000-0x000000001ffdefff]
[    0.034877] Initmem setup node 0 [mem 0x0000000000001000-0x000000001ffdefff]
[    0.034880] On node 0 totalpages: 130941
[    0.034968]   DMA zone: 64 pages used for memmap
[    0.034969]   DMA zone: 21 pages reserved
[    0.034970]   DMA zone: 3998 pages, LIFO batch:0
[    0.034972]   DMA32 zone: 1984 pages used for memmap
[    0.034973]   DMA32 zone: 126943 pages, LIFO batch:31
[    0.037559] On node 0, zone DMA: 1 pages in unavailable ranges
[    0.039338] On node 0, zone DMA: 97 pages in unavailable ranges
[    0.098791] On node 0, zone DMA32: 33 pages in unavailable ranges
[    0.103021] ACPI: PM-Timer IO Port: 0x608
[    0.103027] ACPI: Local APIC address 0xfee00000
[    0.103116] ACPI: LAPIC_NMI (acpi_id[0xff] dfl dfl lint[0x1])
[    0.103815] IOAPIC[0]: apic_id 0, version 17, address 0xfec00000, GSI 0-23
[    0.103820] ACPI: INT_SRC_OVR (bus 0 bus_irq 0 global_irq 2 dfl dfl)
[    0.103883] ACPI: INT_SRC_OVR (bus 0 bus_irq 5 global_irq 5 high level)
[    0.103885] ACPI: INT_SRC_OVR (bus 0 bus_irq 9 global_irq 9 high level)
[    0.103948] ACPI: INT_SRC_OVR (bus 0 bus_irq 10 global_irq 10 high level)
[    0.103969] ACPI: INT_SRC_OVR (bus 0 bus_irq 11 global_irq 11 high level)
[    0.103972] ACPI: IRQ0 used by override.
[    0.103973] ACPI: IRQ5 used by override.
[    0.103974] ACPI: IRQ9 used by override.
[    0.103975] ACPI: IRQ10 used by override.
[    0.103976] ACPI: IRQ11 used by override.
[    0.103995] Using ACPI (MADT) for SMP configuration information
[    0.103998] ACPI: HPET id: 0x8086a201 base: 0xfed00000
[    0.104359] smpboot: Allowing 2 CPUs, 0 hotplug CPUs
[    0.105432] PM: hibernation: Registered nosave memory: [mem 0x00000000-0x00000fff]
[    0.105435] PM: hibernation: Registered nosave memory: [mem 0x0009f000-0x0009ffff]
[    0.105436] PM: hibernation: Registered nosave memory: [mem 0x000a0000-0x000effff]
[    0.105437] PM: hibernation: Registered nosave memory: [mem 0x000f0000-0x000fffff]
[    0.105440] [mem 0x20000000-0xafffffff] available for PCI devices
[    0.105484] Booting paravirtualized kernel on KVM
[    0.105790] clocksource: refined-jiffies: mask: 0xffffffff max_cycles: 0xffffffff, max_idle_ns: 1910969940391419 ns
[    0.122336] setup_percpu: NR_CPUS:2 nr_cpumask_bits:2 nr_cpu_ids:2 nr_node_ids:1
[    0.135584] percpu: Embedded 56 pages/cpu s191448 r8192 d29736 u1048576
[    0.135619] pcpu-alloc: s191448 r8192 d29736 u1048576 alloc=1*2097152
[    0.135633] pcpu-alloc: [0] 0 1 
[    0.135891] kvm-guest: stealtime: cpu 0, msr 1f41b600
[    0.136006] Built 1 zonelists, mobility grouping on.  Total pages: 128872
[    0.136008] Policy zone: DMA32
[    0.136069] Kernel command line: selinux=0 initcall_debug debug console=ttyS0 rcutorture.torture_type=tasks nohz_full=1 rcutorture.onoff_interval=1000 rcutorture.onoff_holdoff=30 rcutorture.n_barrier_cbs=4 rcutorture.stat_interval=15 rcutorture.shutdown_secs=1800 rcutorture.test_no_idle_hz=1 rcutorture.verbose=1
[    0.143123] Dentry cache hash table entries: 65536 (order: 7, 524288 bytes, linear)
[    0.144249] Inode-cache hash table entries: 32768 (order: 6, 262144 bytes, linear)
[    0.144632] mem auto-init: stack:all(zero), heap alloc:off, heap free:off
[    0.150505] Memory: 479080K/523764K available (16397K kernel code, 2543K rwdata, 4708K rodata, 1508K init, 1396K bss, 44424K reserved, 0K cma-reserved)
[    0.150921] SLUB: HWalign=64, Order=0-3, MinObjects=0, CPUs=2, Nodes=1
[    0.151037] Kernel/User page tables isolation: enabled
[    0.156805] rcu: Preemptible hierarchical RCU implementation.
[    0.156808] rcu: 	RCU event tracing is enabled.
[    0.156849] 	Trampoline variant of Tasks RCU enabled.
[    0.156850] 	Rude variant of Tasks RCU enabled.
[    0.156851] 	Tracing variant of Tasks RCU enabled.
[    0.156892] rcu: RCU calculated value of scheduler-enlistment delay is 100 jiffies.
[    0.165176] NR_IRQS: 4352, nr_irqs: 440, preallocated irqs: 16
[    0.166324] NO_HZ: Full dynticks CPUs: 1.
[    0.166327] rcu: 	Offload RCU callbacks from CPUs: 1.
[    0.167033] calling  con_init+0x0/0x22a @ 0
[    0.264850] Console: colour VGA+ 80x25
[    0.264867] initcall con_init+0x0/0x22a returned 0 after 0 usecs
[    0.264885] calling  hvc_console_init+0x0/0x13 @ 0
[    0.264900] initcall hvc_console_init+0x0/0x13 returned 0 after 0 usecs
[    0.264903] calling  univ8250_console_init+0x0/0x26 @ 0
[    1.217210] printk: console [ttyS0] enabled
[    1.222605] initcall univ8250_console_init+0x0/0x26 returned 0 after 0 usecs
[    1.232142] ACPI: Core revision 20200925
[    1.239362] clocksource: hpet: mask: 0xffffffff max_cycles: 0xffffffff, max_idle_ns: 19112604467 ns
[    1.252899] APIC: Switch to symmetric I/O mode setup
[    1.276363] ..TIMER: vector=0x30 apic1=0 pin1=2 apic2=-1 pin2=-1
[    1.283581] clocksource: tsc-early: mask: 0xffffffffffffffff max_cycles: 0x39a85afc727, max_idle_ns: 881590685098 ns
[    1.296022] Calibrating delay loop (skipped) preset value.. 3999.99 BogoMIPS (lpj=1999999)
[    1.296787] pid_max: default: 32768 minimum: 301
[    1.298713] LSM: Security Framework initializing
[    1.301004] Mount-cache hash table entries: 1024 (order: 1, 8192 bytes, linear)
[    1.301757] Mountpoint-cache hash table entries: 1024 (order: 1, 8192 bytes, linear)
[    1.311735] Last level iTLB entries: 4KB 0, 2MB 0, 4MB 0
[    1.312716] Last level dTLB entries: 4KB 0, 2MB 0, 4MB 0, 1GB 0
[    1.313833] Spectre V1 : Mitigation: usercopy/swapgs barriers and __user pointer sanitization
[    1.314731] Spectre V2 : Mitigation: Retpolines
[    1.315714] Spectre V2 : Spectre v2 / SpectreRSB mitigation: Filling RSB on context switch
[    1.316714] Spectre V2 : Spectre v2 / SpectreRSB : Filling RSB on VMEXIT
[    1.317715] Speculative Store Bypass: Vulnerable
[    1.318745] MDS: Vulnerable: Clear CPU buffers attempted, no microcode
[    1.319714] MMIO Stale Data: Unknown: No mitigations
[    1.413998] Freeing SMP alternatives memory: 40K
[    1.518711] smpboot: CPU0: Intel Common KVM processor (family: 0xf, model: 0x6, stepping: 0x1)
[    1.519933] calling  init_hw_perf_events+0x0/0x6ce @ 1
[    1.520714] Performance Events: unsupported Netburst CPU model 6 no PMU driver, software events only.
[    1.521720] initcall init_hw_perf_events+0x0/0x6ce returned 0 after 976 usecs
[    1.522720] calling  init_real_mode+0x0/0x1e9 @ 1
[    1.524822] initcall init_real_mode+0x0/0x1e9 returned 0 after 976 usecs
[    1.525718] calling  trace_init_perf_perm_irq_work_exit+0x0/0x12 @ 1
[    1.526769] initcall trace_init_perf_perm_irq_work_exit+0x0/0x12 returned 0 after 0 usecs
[    1.527734] calling  validate_x2apic+0x0/0x4a @ 1
[    1.528740] initcall validate_x2apic+0x0/0x4a returned 0 after 0 usecs
[    1.529718] calling  register_nmi_cpu_backtrace_handler+0x0/0x15 @ 1
[    1.530718] initcall register_nmi_cpu_backtrace_handler+0x0/0x15 returned 0 after 0 usecs
[    1.531719] calling  kvm_setup_vsyscall_timeinfo+0x0/0xd1 @ 1
[    1.533718] initcall kvm_setup_vsyscall_timeinfo+0x0/0xd1 returned 0 after 0 usecs
[    1.534727] calling  spawn_ksoftirqd+0x0/0x38 @ 1
[    1.535876] initcall spawn_ksoftirqd+0x0/0x38 returned 0 after 0 usecs
[    1.536717] calling  migration_init+0x0/0x3d @ 1
[    1.537719] initcall migration_init+0x0/0x3d returned 0 after 0 usecs
[    1.538722] calling  srcu_bootup_announce+0x0/0x2f @ 1
[    1.539742] rcu: Hierarchical SRCU implementation.
[    1.540721] initcall srcu_bootup_announce+0x0/0x2f returned 0 after 976 usecs
[    1.541719] calling  rcu_spawn_gp_kthread+0x0/0x1dd @ 1
[    1.542809] initcall rcu_spawn_gp_kthread+0x0/0x1dd returned 0 after 0 usecs
[    1.543719] calling  check_cpu_stall_init+0x0/0x1a @ 1
[    1.544718] initcall check_cpu_stall_init+0x0/0x1a returned 0 after 0 usecs
[    1.545717] calling  rcu_sysrq_init+0x0/0x21 @ 1
[    1.546742] initcall rcu_sysrq_init+0x0/0x21 returned 0 after 0 usecs
[    1.547725] calling  trace_init_flags_sys_enter+0x0/0xe @ 1
[    1.548723] initcall trace_init_flags_sys_enter+0x0/0xe returned 0 after 0 usecs
[    1.549720] calling  trace_init_flags_sys_exit+0x0/0xe @ 1
[    1.550723] initcall trace_init_flags_sys_exit+0x0/0xe returned 0 after 0 usecs
[    1.551747] calling  cpu_stop_init+0x0/0x6e @ 1
[    1.552813] initcall cpu_stop_init+0x0/0x6e returned 0 after 0 usecs
[    1.553718] calling  init_kprobes+0x0/0x165 @ 1
[    1.555396] initcall init_kprobes+0x0/0x165 returned 0 after 0 usecs
[    1.555718] calling  init_events+0x0/0x3d @ 1
[    1.557717] initcall init_events+0x0/0x3d returned 0 after 976 usecs
[    1.558717] calling  init_trace_printk+0x0/0xc @ 1
[    1.559733] initcall init_trace_printk+0x0/0xc returned 0 after 0 usecs
[    1.560717] calling  event_trace_enable_again+0x0/0x23 @ 1
[    1.561718] initcall event_trace_enable_again+0x0/0x23 returned 0 after 0 usecs
[    1.562717] calling  static_call_init+0x0/0x77 @ 1
[    1.563783] initcall static_call_init+0x0/0x77 returned 0 after 0 usecs
[    1.564717] calling  jump_label_init_module+0x0/0xc @ 1
[    1.565717] initcall jump_label_init_module+0x0/0xc returned 0 after 0 usecs
[    1.566717] calling  init_zero_pfn+0x0/0x37 @ 1
[    1.567717] initcall init_zero_pfn+0x0/0x37 returned 0 after 0 usecs
[    1.568730] calling  initialize_ptr_random+0x0/0x54 @ 1
[    1.569717] initcall initialize_ptr_random+0x0/0x54 returned 0 after 0 usecs
[    1.570737] calling  efi_memreserve_root_init+0x0/0x25 @ 1
[    1.571771] initcall efi_memreserve_root_init+0x0/0x25 returned 0 after 0 usecs
[    1.572717] calling  efi_earlycon_remap_fb+0x0/0x51 @ 1
[    1.573717] initcall efi_earlycon_remap_fb+0x0/0x51 returned 0 after 0 usecs
[    1.575815] smp: Bringing up secondary CPUs ...
[    1.578740] x86: Booting SMP configuration:
[    1.579801] .... node  #0, CPUs:      #1
[    1.124300] kvm-clock: cpu 1, msr 11ebd041, secondary cpu clock
[    1.606329] kvm-guest: stealtime: cpu 1, msr 1f51b600
[    1.620727] smp: Brought up 1 node, 2 CPUs
[    1.622716] smpboot: Max logical packages: 1
[    1.623719] smpboot: Total of 2 processors activated (7999.99 BogoMIPS)
[    1.641307] devtmpfs: initialized
[    1.643925] calling  ipc_ns_init+0x0/0x3d @ 1
[    1.644785] initcall ipc_ns_init+0x0/0x3d returned 0 after 0 usecs
[    1.645721] calling  init_mmap_min_addr+0x0/0x21 @ 1
[    1.646721] initcall init_mmap_min_addr+0x0/0x21 returned 0 after 0 usecs
[    1.647725] calling  pci_realloc_setup_params+0x0/0x3f @ 1
[    1.648718] initcall pci_realloc_setup_params+0x0/0x3f returned 0 after 0 usecs
[    1.649719] calling  net_ns_init+0x0/0x140 @ 1
[    1.651493] initcall net_ns_init+0x0/0x140 returned 0 after 0 usecs
[    1.652753] calling  e820__register_nvs_regions+0x0/0x37 @ 1
[    1.653724] initcall e820__register_nvs_regions+0x0/0x37 returned 0 after 0 usecs
[    1.654746] calling  cpufreq_register_tsc_scaling+0x0/0x2e @ 1
[    1.655729] initcall cpufreq_register_tsc_scaling+0x0/0x2e returned 0 after 0 usecs
[    1.656727] calling  reboot_init+0x0/0x3c @ 1
[    1.657773] initcall reboot_init+0x0/0x3c returned 0 after 0 usecs
[    1.658721] calling  init_lapic_sysfs+0x0/0x20 @ 1
[    1.659720] initcall init_lapic_sysfs+0x0/0x20 returned 0 after 0 usecs
[    1.660719] calling  alloc_frozen_cpus+0x0/0x7 @ 1
[    1.661723] initcall alloc_frozen_cpus+0x0/0x7 returned 0 after 0 usecs
[    1.662718] calling  cpu_hotplug_pm_sync_init+0x0/0x13 @ 1
[    1.663718] initcall cpu_hotplug_pm_sync_init+0x0/0x13 returned 0 after 0 usecs
[    1.664719] calling  wq_sysfs_init+0x0/0x2a @ 1
[    1.665834] initcall wq_sysfs_init+0x0/0x2a returned 0 after 0 usecs
[    1.667716] calling  ksysfs_init+0x0/0x92 @ 1
[    1.668759] initcall ksysfs_init+0x0/0x92 returned 0 after 0 usecs
[    1.669719] calling  schedutil_gov_init+0x0/0xc @ 1
[    1.670738] initcall schedutil_gov_init+0x0/0xc returned 0 after 0 usecs
[    1.671717] calling  pm_init+0x0/0x76 @ 1
[    1.672779] initcall pm_init+0x0/0x76 returned 0 after 0 usecs
[    1.673718] calling  pm_disk_init+0x0/0x13 @ 1
[    1.674798] initcall pm_disk_init+0x0/0x13 returned 0 after 0 usecs
[    1.675717] calling  swsusp_header_init+0x0/0x2b @ 1
[    1.676719] initcall swsusp_header_init+0x0/0x2b returned 0 after 0 usecs
[    1.677717] calling  rcu_set_runtime_mode+0x0/0x16 @ 1
[    1.678717] initcall rcu_set_runtime_mode+0x0/0x16 returned 0 after 0 usecs
[    1.679718] calling  init_jiffies_clocksource+0x0/0x13 @ 1
[    1.680717] clocksource: jiffies: mask: 0xffffffff max_cycles: 0xffffffff, max_idle_ns: 1911260446275000 ns
[    1.681720] initcall init_jiffies_clocksource+0x0/0x13 returned 0 after 976 usecs
[    1.682722] calling  futex_init+0x0/0xfa @ 1
[    1.683725] futex hash table entries: 512 (order: 3, 32768 bytes, linear)
[    1.685830] initcall futex_init+0x0/0xfa returned 0 after 1953 usecs
[    1.686722] calling  cgroup_wq_init+0x0/0x28 @ 1
[    1.687726] initcall cgroup_wq_init+0x0/0x28 returned 0 after 0 usecs
[    1.688719] calling  cgroup1_wq_init+0x0/0x28 @ 1
[    1.689723] initcall cgroup1_wq_init+0x0/0x28 returned 0 after 0 usecs
[    1.690744] calling  init_kprobe_trace_early+0x0/0x2a @ 1
[    1.691742] initcall init_kprobe_trace_early+0x0/0x2a returned 0 after 0 usecs
[    1.692719] calling  fsnotify_init+0x0/0x48 @ 1
[    1.693729] initcall fsnotify_init+0x0/0x48 returned 0 after 0 usecs
[    1.694717] calling  filelock_init+0x0/0x96 @ 1
[    1.695726] initcall filelock_init+0x0/0x96 returned 0 after 0 usecs
[    1.696718] calling  init_misc_binfmt+0x0/0x2c @ 1
[    1.697741] initcall init_misc_binfmt+0x0/0x2c returned 0 after 0 usecs
[    1.698717] calling  init_script_binfmt+0x0/0x15 @ 1
[    1.699717] initcall init_script_binfmt+0x0/0x15 returned 0 after 0 usecs
[    1.700717] calling  init_elf_binfmt+0x0/0x15 @ 1
[    1.701717] initcall init_elf_binfmt+0x0/0x15 returned 0 after 0 usecs
[    1.702717] calling  init_compat_elf_binfmt+0x0/0x15 @ 1
[    1.703753] initcall init_compat_elf_binfmt+0x0/0x15 returned 0 after 0 usecs
[    1.704721] calling  debugfs_init+0x0/0x5c @ 1
[    1.705745] initcall debugfs_init+0x0/0x5c returned 0 after 0 usecs
[    1.706719] calling  tracefs_init+0x0/0x3a @ 1
[    1.707724] initcall tracefs_init+0x0/0x3a returned 0 after 0 usecs
[    1.708719] calling  prandom_init_early+0x0/0x15d @ 1
[    1.709718] initcall prandom_init_early+0x0/0x15d returned 0 after 0 usecs
[    1.710834] calling  virtio_init+0x0/0x20 @ 1
[    1.711874] initcall virtio_init+0x0/0x20 returned 0 after 0 usecs
[    1.712726] calling  iommu_init+0x0/0x2a @ 1
[    1.713770] initcall iommu_init+0x0/0x2a returned 0 after 0 usecs
[    1.714761] calling  component_debug_init+0x0/0x1c @ 1
[    1.716828] initcall component_debug_init+0x0/0x1c returned 0 after 0 usecs
[    1.717719] calling  early_resume_init+0x0/0xb9 @ 1
[    1.719720] PM: RTC time: 08:31:08, date: 2022-12-13
[    1.720722] initcall early_resume_init+0x0/0xb9 returned 0 after 1953 usecs
[    1.721720] calling  cpufreq_core_init+0x0/0x62 @ 1
[    1.722758] initcall cpufreq_core_init+0x0/0x62 returned 0 after 0 usecs
[    1.723720] calling  cpufreq_gov_performance_init+0x0/0xc @ 1
[    1.724721] initcall cpufreq_gov_performance_init+0x0/0xc returned 0 after 0 usecs
[    1.725720] calling  cpufreq_gov_userspace_init+0x0/0xc @ 1
[    1.726719] initcall cpufreq_gov_userspace_init+0x0/0xc returned 0 after 0 usecs
[    1.727718] calling  CPU_FREQ_GOV_ONDEMAND_init+0x0/0xc @ 1
[    1.728720] initcall CPU_FREQ_GOV_ONDEMAND_init+0x0/0xc returned 0 after 0 usecs
[    1.729718] calling  cpuidle_init+0x0/0x1f @ 1
[    1.730788] initcall cpuidle_init+0x0/0x1f returned 0 after 0 usecs
[    1.731719] calling  capsule_reboot_register+0x0/0xc @ 1
[    1.732745] initcall capsule_reboot_register+0x0/0xc returned 0 after 0 usecs
[    1.733721] calling  sock_init+0x0/0x93 @ 1
[    1.736288] initcall sock_init+0x0/0x93 returned 0 after 976 usecs
[    1.737717] calling  net_inuse_init+0x0/0x23 @ 1
[    1.738722] initcall net_inuse_init+0x0/0x23 returned 0 after 0 usecs
[    1.739718] calling  net_defaults_init+0x0/0x23 @ 1
[    1.740719] initcall net_defaults_init+0x0/0x23 returned 0 after 0 usecs
[    1.741719] calling  init_default_flow_dissectors+0x0/0x4f @ 1
[    1.742725] initcall init_default_flow_dissectors+0x0/0x4f returned 0 after 0 usecs
[    1.743719] calling  netpoll_init+0x0/0x26 @ 1
[    1.744719] initcall netpoll_init+0x0/0x26 returned 0 after 0 usecs
[    1.745718] calling  netlink_proto_init+0x0/0x14f @ 1
[    1.748793] NET: Registered protocol family 16
[    1.749770] initcall netlink_proto_init+0x0/0x14f returned 0 after 2929 usecs
[    1.750719] calling  genl_init+0x0/0x35 @ 1
[    1.751751] initcall genl_init+0x0/0x35 returned 0 after 0 usecs
[    1.752739] calling  bsp_pm_check_init+0x0/0x13 @ 1
[    1.753719] initcall bsp_pm_check_init+0x0/0x13 returned 0 after 0 usecs
[    1.755026] calling  irq_sysfs_init+0x0/0xb7 @ 1
[    1.755884] initcall irq_sysfs_init+0x0/0xb7 returned 0 after 0 usecs
[    1.756719] calling  audit_init+0x0/0x160 @ 1
[    1.757743] audit: initializing netlink subsys (disabled)
[    1.761208] initcall audit_init+0x0/0x160 returned 0 after 2929 usecs
[    1.761719] calling  release_early_probes+0x0/0x32 @ 1
[    1.762732] initcall release_early_probes+0x0/0x32 returned 0 after 0 usecs
[    1.763718] calling  bdi_class_init+0x0/0x48 @ 1
[    1.764798] initcall bdi_class_init+0x0/0x48 returned 0 after 0 usecs
[    1.765719] calling  mm_sysfs_init+0x0/0x28 @ 1
[    1.766739] audit: type=2000 audit(1670920266.839:1): state=initialized audit_enabled=0 res=1
[    1.766822] initcall mm_sysfs_init+0x0/0x28 returned 0 after 0 usecs
[    1.775726] calling  init_per_zone_wmark_min+0x0/0x6d @ 1
[    1.782725] initcall init_per_zone_wmark_min+0x0/0x6d returned 0 after 0 usecs
[    1.791720] calling  mpi_init+0x0/0x3e @ 1
[    1.796812] initcall mpi_init+0x0/0x3e returned 0 after 0 usecs
[    1.804722] calling  kobject_uevent_init+0x0/0xc @ 1
[    1.812030] initcall kobject_uevent_init+0x0/0xc returned 0 after 0 usecs
[    1.820723] calling  pcibus_class_init+0x0/0x13 @ 1
[    1.826926] initcall pcibus_class_init+0x0/0x13 returned 0 after 976 usecs
[    1.836729] calling  pci_driver_init+0x0/0x21 @ 1
[    1.842782] initcall pci_driver_init+0x0/0x21 returned 0 after 0 usecs
[    1.850721] calling  backlight_class_init+0x0/0xa8 @ 1
[    1.857767] initcall backlight_class_init+0x0/0xa8 returned 0 after 0 usecs
[    1.865719] calling  tty_class_init+0x0/0x33 @ 1
[    1.872748] initcall tty_class_init+0x0/0x33 returned 0 after 0 usecs
[    1.880721] calling  vtconsole_class_init+0x0/0xb5 @ 1
[    1.888899] initcall vtconsole_class_init+0x0/0xb5 returned 0 after 0 usecs
[    1.898722] calling  iommu_dev_init+0x0/0x13 @ 1
[    1.902787] initcall iommu_dev_init+0x0/0x13 returned 0 after 0 usecs
[    1.912722] calling  mipi_dsi_bus_init+0x0/0xc @ 1
[    1.919771] initcall mipi_dsi_bus_init+0x0/0xc returned 0 after 0 usecs
[    1.926719] calling  devlink_class_init+0x0/0x40 @ 1
[    1.932727] initcall devlink_class_init+0x0/0x40 returned 0 after 0 usecs
[    1.940723] calling  software_node_init+0x0/0x2a @ 1
[    1.947724] initcall software_node_init+0x0/0x2a returned 0 after 0 usecs
[    1.955720] calling  wakeup_sources_debugfs_init+0x0/0x23 @ 1
[    1.962933] initcall wakeup_sources_debugfs_init+0x0/0x23 returned 0 after 976 usecs
[    1.972720] calling  wakeup_sources_sysfs_init+0x0/0x2c @ 1
[    1.979733] initcall wakeup_sources_sysfs_init+0x0/0x2c returned 0 after 0 usecs
[    1.988720] calling  register_node_type+0x0/0x13 @ 1
[    1.994752] initcall register_node_type+0x0/0x13 returned 0 after 0 usecs
[    2.002719] calling  regmap_initcall+0x0/0xc @ 1
[    2.008771] initcall regmap_initcall+0x0/0xc returned 0 after 0 usecs
[    2.016720] calling  i2c_init+0x0/0xb3 @ 1
[    2.021864] initcall i2c_init+0x0/0xb3 returned 0 after 0 usecs
[    2.029719] calling  thermal_init+0x0/0xf2 @ 1
[    2.034757] thermal_sys: Registered thermal governor 'step_wise'
[    2.034774] thermal_sys: Registered thermal governor 'user_space'
[    2.042734] initcall thermal_init+0x0/0xf2 returned 0 after 7812 usecs
[    2.057718] calling  init_menu+0x0/0xc @ 1
[    2.064722] cpuidle: using governor menu
[    2.065726] initcall init_menu+0x0/0xc returned 0 after 2929 usecs
[    2.066724] calling  pcc_init+0x0/0x4d @ 1
[    2.067742] initcall pcc_init+0x0/0x4d returned -19 after 0 usecs
[    2.068724] calling  amd_postcore_init+0x0/0x11e @ 1
[    2.069720] initcall amd_postcore_init+0x0/0x11e returned 0 after 0 usecs
[    2.071064] calling  bts_init+0x0/0xba @ 1
[    2.071725] initcall bts_init+0x0/0xba returned -19 after 0 usecs
[    2.072722] calling  pt_init+0x0/0x341 @ 1
[    2.073719] initcall pt_init+0x0/0x341 returned -19 after 0 usecs
[    2.074719] calling  boot_params_ksysfs_init+0x0/0x2ee @ 1
[    2.075923] initcall boot_params_ksysfs_init+0x0/0x2ee returned 0 after 0 usecs
[    2.076720] calling  sbf_init+0x0/0xea @ 1
[    2.077719] initcall sbf_init+0x0/0xea returned 0 after 0 usecs
[    2.078719] calling  arch_kdebugfs_init+0x0/0x219 @ 1
[    2.079916] initcall arch_kdebugfs_init+0x0/0x219 returned 0 after 0 usecs
[    2.080721] calling  intel_pconfig_init+0x0/0x85 @ 1
[    2.081720] initcall intel_pconfig_init+0x0/0x85 returned 0 after 0 usecs
[    2.082720] calling  mtrr_if_init+0x0/0x5d @ 1
[    2.083724] initcall mtrr_if_init+0x0/0x5d returned 0 after 0 usecs
[    2.084719] calling  activate_jump_labels+0x0/0x31 @ 1
[    2.085719] initcall activate_jump_labels+0x0/0x31 returned 0 after 0 usecs
[    2.086719] calling  ffh_cstate_init+0x0/0x29 @ 1
[    2.087722] initcall ffh_cstate_init+0x0/0x29 returned 0 after 0 usecs
[    2.088719] calling  activate_jump_labels+0x0/0x31 @ 1
[    2.090913] initcall activate_jump_labels+0x0/0x31 returned 0 after 976 usecs
[    2.091718] calling  kvm_alloc_cpumask+0x0/0x74 @ 1
[    2.092798] initcall kvm_alloc_cpumask+0x0/0x74 returned 0 after 0 usecs
[    2.094718] calling  kcmp_cookies_init+0x0/0x37 @ 1
[    2.095723] initcall kcmp_cookies_init+0x0/0x37 returned 0 after 0 usecs
[    2.096719] calling  cryptomgr_init+0x0/0xc @ 1
[    2.097792] initcall cryptomgr_init+0x0/0xc returned 0 after 0 usecs
[    2.098720] calling  acpi_pci_init+0x0/0x57 @ 1
[    2.099717] ACPI: bus type PCI registered
[    2.100719] initcall acpi_pci_init+0x0/0x57 returned 0 after 976 usecs
[    2.101720] calling  dma_channel_table_init+0x0/0xd1 @ 1
[    2.102729] initcall dma_channel_table_init+0x0/0xd1 returned 0 after 0 usecs
[    2.103719] calling  dma_bus_init+0x0/0xdc @ 1
[    2.106031] initcall dma_bus_init+0x0/0xdc returned 0 after 976 usecs
[    2.106867] calling  iommu_dma_init+0x0/0x10 @ 1
[    2.107741] initcall iommu_dma_init+0x0/0x10 returned 0 after 0 usecs
[    2.108720] calling  dmi_id_init+0x0/0x37c @ 1
[    2.110024] initcall dmi_id_init+0x0/0x37c returned 0 after 0 usecs
[    2.110734] calling  pci_arch_init+0x0/0x71 @ 1
[    2.113270] PCI: MMCONFIG for domain 0000 [bus 00-ff] at [mem 0xb0000000-0xbfffffff] (base 0xb0000000)
[    2.113720] PCI: MMCONFIG at [mem 0xb0000000-0xbfffffff] reserved in E820
[    2.114758] PCI: Using configuration type 1 for base access
[    2.116143] initcall pci_arch_init+0x0/0x71 returned 0 after 3906 usecs
[    2.116737] calling  init_vdso+0x0/0x13 @ 1
[    2.117768] initcall init_vdso+0x0/0x13 returned 0 after 0 usecs
[    2.118718] calling  sysenter_setup+0x0/0x13 @ 1
[    2.119754] initcall sysenter_setup+0x0/0x13 returned 0 after 0 usecs
[    2.120719] calling  fixup_ht_bug+0x0/0xe5 @ 1
[    2.121734] initcall fixup_ht_bug+0x0/0xe5 returned 0 after 0 usecs
[    2.122717] calling  topology_init+0x0/0x88 @ 1
[    2.124831] initcall topology_init+0x0/0x88 returned 0 after 976 usecs
[    2.125718] calling  intel_epb_init+0x0/0x68 @ 1
[    2.126720] initcall intel_epb_init+0x0/0x68 returned -19 after 0 usecs
[    2.127720] calling  mtrr_init_finialize+0x0/0x3e @ 1
[    2.128718] initcall mtrr_init_finialize+0x0/0x3e returned 0 after 0 usecs
[    2.130718] calling  uid_cache_init+0x0/0x85 @ 1
[    2.131723] initcall uid_cache_init+0x0/0x85 returned 0 after 0 usecs
[    2.132718] calling  param_sysfs_init+0x0/0x1ba @ 1
[    2.138067] initcall param_sysfs_init+0x0/0x1ba returned 0 after 3906 usecs
[    2.139733] calling  user_namespace_sysctl_init+0x0/0x33 @ 1
[    2.140745] initcall user_namespace_sysctl_init+0x0/0x33 returned 0 after 0 usecs
[    2.141721] calling  proc_schedstat_init+0x0/0x24 @ 1
[    2.142722] initcall proc_schedstat_init+0x0/0x24 returned 0 after 0 usecs
[    2.143729] calling  pm_sysrq_init+0x0/0x18 @ 1
[    2.145920] initcall pm_sysrq_init+0x0/0x18 returned 0 after 976 usecs
[    2.153818] calling  create_proc_profile+0x0/0xd0 @ 1
[    2.159724] initcall create_proc_profile+0x0/0xd0 returned 0 after 0 usecs
[    2.168723] calling  time_ns_init+0x0/0x7 @ 1
[    2.174719] initcall time_ns_init+0x0/0x7 returned 0 after 0 usecs
[    2.182718] calling  crash_save_vmcoreinfo_init+0x0/0x722 @ 1
[    2.189926] initcall crash_save_vmcoreinfo_init+0x0/0x722 returned 0 after 0 usecs
[    2.198720] calling  crash_notes_memory_init+0x0/0x35 @ 1
[    2.205724] initcall crash_notes_memory_init+0x0/0x35 returned 0 after 0 usecs
[    2.214724] calling  cgroup_sysfs_init+0x0/0x13 @ 1
[    2.220859] initcall cgroup_sysfs_init+0x0/0x13 returned 0 after 0 usecs
[    2.228719] calling  cgroup_namespaces_init+0x0/0x7 @ 1
[    2.235719] initcall cgroup_namespaces_init+0x0/0x7 returned 0 after 0 usecs
[    2.243719] calling  init_optprobes+0x0/0x13 @ 1
[    2.250717] Kprobes globally optimized
[    2.254718] initcall init_optprobes+0x0/0x13 returned 0 after 3906 usecs
[    2.263719] calling  oom_init+0x0/0x2f @ 1
[    2.270172] initcall oom_init+0x0/0x2f returned 0 after 0 usecs
[    2.277721] calling  default_bdi_init+0x0/0xb3 @ 1
[    2.287066] initcall default_bdi_init+0x0/0xb3 returned 0 after 2929 usecs
[    2.295721] calling  percpu_enable_async+0x0/0xe @ 1
[    2.302899] initcall percpu_enable_async+0x0/0xe returned 0 after 0 usecs
[    2.310721] calling  kcompactd_init+0x0/0x8d @ 1
[    2.327726] initcall kcompactd_init+0x0/0x8d returned 0 after 7812 usecs
[    2.336711] calling  init_user_reserve+0x0/0x40 @ 1
[    2.338947] initcall init_user_reserve+0x0/0x40 returned 0 after 0 usecs
[    2.348723] calling  init_admin_reserve+0x0/0x40 @ 1
[    2.355722] initcall init_admin_reserve+0x0/0x40 returned 0 after 0 usecs
[    2.364721] calling  init_reserve_notifier+0x0/0x7 @ 1
[    2.368719] initcall init_reserve_notifier+0x0/0x7 returned 0 after 0 usecs
[    2.377720] calling  swap_init_sysfs+0x0/0x62 @ 1
[    2.383729] initcall swap_init_sysfs+0x0/0x62 returned 0 after 0 usecs
[    2.391721] calling  swapfile_init+0x0/0x94 @ 1
[    2.397719] initcall swapfile_init+0x0/0x94 returned 0 after 0 usecs
[    2.404718] calling  hugetlb_init+0x0/0x499 @ 1
[    2.410752] HugeTLB registered 2.00 MiB page size, pre-allocated 0 pages
[    2.416849] initcall hugetlb_init+0x0/0x499 returned 0 after 5859 usecs
[    2.426720] calling  io_wq_init+0x0/0x34 @ 1
[    2.431720] initcall io_wq_init+0x0/0x34 returned 0 after 0 usecs
[    2.439720] calling  seqiv_module_init+0x0/0xc @ 1
[    2.446721] initcall seqiv_module_init+0x0/0xc returned 0 after 0 usecs
[    2.454722] calling  echainiv_module_init+0x0/0xc @ 1
[    2.461721] initcall echainiv_module_init+0x0/0xc returned 0 after 0 usecs
[    2.470770] calling  rsa_init+0x0/0x50 @ 1
[    2.477209] initcall rsa_init+0x0/0x50 returned 0 after 976 usecs
[    2.477731] cryptomgr_test (31) used greatest stack depth: 15136 bytes left
[    2.477726] calling  crypto_cmac_module_init+0x0/0xc @ 1
[    2.477732] initcall crypto_cmac_module_init+0x0/0xc returned 0 after 0 usecs
[    2.494722] calling  hmac_module_init+0x0/0xc @ 1
[    2.500719] initcall hmac_module_init+0x0/0xc returned 0 after 0 usecs
[    2.508719] calling  crypto_null_mod_init+0x0/0x65 @ 1
[    2.517969] initcall crypto_null_mod_init+0x0/0x65 returned 0 after 2929 usecs
[    2.527874] calling  md5_mod_init+0x0/0xc @ 1
[    2.532888] initcall md5_mod_init+0x0/0xc returned 0 after 2929 usecs
[    2.540720] calling  sha256_generic_mod_init+0x0/0x11 @ 1
[    2.548902] initcall sha256_generic_mod_init+0x0/0x11 returned 0 after 1953 usecs
[    2.557720] calling  crypto_cbc_module_init+0x0/0xc @ 1
[    2.564752] initcall crypto_cbc_module_init+0x0/0xc returned 0 after 0 usecs
[    2.573718] calling  crypto_ctr_module_init+0x0/0x11 @ 1
[    2.579724] initcall crypto_ctr_module_init+0x0/0x11 returned 0 after 0 usecs
[    2.588719] calling  crypto_gcm_module_init+0x0/0x64 @ 1
[    2.594827] initcall crypto_gcm_module_init+0x0/0x64 returned 0 after 976 usecs
[    2.604718] calling  crypto_ccm_module_init+0x0/0x11 @ 1
[    2.610720] initcall crypto_ccm_module_init+0x0/0x11 returned 0 after 0 usecs
[    2.619718] calling  aes_init+0x0/0xc @ 1
[    2.627194] initcall aes_init+0x0/0xc returned 0 after 1953 usecs
[    2.634726] calling  crc32c_mod_init+0x0/0xc @ 1
[    2.643915] initcall crc32c_mod_init+0x0/0xc returned 0 after 3906 usecs
[    2.653736] calling  crypto_authenc_module_init+0x0/0xc @ 1
[    2.662723] initcall crypto_authenc_module_init+0x0/0xc returned 0 after 0 usecs
[    2.670721] calling  crypto_authenc_esn_module_init+0x0/0xc @ 1
[    2.685711] initcall crypto_authenc_esn_module_init+0x0/0xc returned 0 after 976 usecs
[    2.697936] calling  drbg_init+0x0/0x7c @ 1
[    2.750729] initcall drbg_init+0x0/0x7c returned 0 after 45898 usecs
[    2.759727] calling  ghash_mod_init+0x0/0xc @ 1
[    2.768728] initcall ghash_mod_init+0x0/0xc returned 0 after 4882 usecs
[    2.779724] calling  init_bio+0x0/0x9a @ 1
[    2.789385] initcall init_bio+0x0/0x9a returned 0 after 7812 usecs
[    2.798723] calling  blk_settings_init+0x0/0x29 @ 1
[    2.804719] initcall blk_settings_init+0x0/0x29 returned 0 after 0 usecs
[    2.812719] calling  blk_ioc_init+0x0/0x29 @ 1
[    2.817745] initcall blk_ioc_init+0x0/0x29 returned 0 after 0 usecs
[    2.825719] calling  blk_mq_init+0x0/0xb9 @ 1
[    2.831816] initcall blk_mq_init+0x0/0xb9 returned 0 after 0 usecs
[    2.839725] calling  genhd_device_init+0x0/0x75 @ 1
[    2.848415] initcall genhd_device_init+0x0/0x75 returned 0 after 2929 usecs
[    2.857208] calling  pci_slot_init+0x0/0x40 @ 1
[    2.862881] initcall pci_slot_init+0x0/0x40 returned 0 after 976 usecs
[    2.870720] calling  fbmem_init+0x0/0xd8 @ 1
[    2.876872] initcall fbmem_init+0x0/0xd8 returned 0 after 0 usecs
[    2.884734] calling  acpi_init+0x0/0x319 @ 1
[    2.891135] ACPI: Added _OSI(Module Device)
[    2.895718] ACPI: Added _OSI(Processor Device)
[    2.901732] ACPI: Added _OSI(3.0 _SCP Extensions)
[    2.907717] ACPI: Added _OSI(Processor Aggregator Device)
[    2.913720] ACPI: Added _OSI(Linux-Dell-Video)
[    2.919718] ACPI: Added _OSI(Linux-Lenovo-NV-HDMI-Audio)
[    2.925717] ACPI: Added _OSI(Linux-HPI-Hybrid-Graphics)
[    2.934850] ACPI: 1 ACPI AML tables successfully acquired and loaded
[    2.947821] ACPI: Interpreter enabled
[    2.952851] ACPI: (supports S0 S3 S4 S5)
[    2.957793] ACPI: Using IOAPIC for interrupt routing
[    2.963972] PCI: Using host bridge windows from ACPI; if necessary, use "pci=nocrs" and report a bug
[    2.975157] ACPI: Enabled 2 GPEs in block 00 to 3F
[    2.987495] ACPI: PCI Root Bridge [PCI0] (domain 0000 [bus 00-ff])
[    2.995914] acpi PNP0A08:00: _OSC: OS supports [ExtendedConfig ASPM ClockPM Segments MSI HPX-Type3]
[    3.007798] acpi PNP0A08:00: _OSC: platform does not support [LTR]
[    3.014847] acpi PNP0A08:00: _OSC: OS now controls [PME PCIeCapability]
[    3.024044] PCI host bridge to bus 0000:00
[    3.027820] pci_bus 0000:00: root bus resource [io  0x0000-0x0cf7 window]
[    3.036718] pci_bus 0000:00: root bus resource [io  0x0d00-0xffff window]
[    3.045725] pci_bus 0000:00: root bus resource [mem 0x000a0000-0x000bffff window]
[    3.054731] pci_bus 0000:00: root bus resource [mem 0x20000000-0xafffffff window]
[    3.063717] pci_bus 0000:00: root bus resource [mem 0xc0000000-0xfebfffff window]
[    3.073806] pci_bus 0000:00: root bus resource [mem 0x100000000-0x8ffffffff window]
[    3.084722] pci_bus 0000:00: root bus resource [bus 00-ff]
[    3.092484] pci 0000:00:00.0: calling  quirk_mmio_always_on+0x0/0x10 @ 1
[    3.100724] pci 0000:00:00.0: quirk_mmio_always_on+0x0/0x10 took 0 usecs
[    3.108716] pci 0000:00:00.0: [8086:29c0] type 00 class 0x060000
[    3.118218] pci 0000:00:00.0: calling  quirk_igfx_skip_te_disable+0x0/0x80 @ 1
[    3.127306] pci 0000:00:00.0: quirk_igfx_skip_te_disable+0x0/0x80 took 976 usecs
[    3.140528] pci 0000:00:01.0: [1234:1111] type 00 class 0x030000
[    3.160711] pci 0000:00:01.0: reg 0x10: [mem 0xfd000000-0xfdffffff pref]
[    3.191711] pci 0000:00:01.0: reg 0x18: [mem 0xfebf0000-0xfebf0fff]
[    3.226471] pci 0000:00:01.0: reg 0x30: [mem 0xfebe0000-0xfebeffff pref]
[    3.237711] pci 0000:00:01.0: calling  efifb_fixup_resources+0x0/0xf0 @ 1
[    3.246856] pci 0000:00:01.0: efifb_fixup_resources+0x0/0xf0 took 0 usecs
[    3.262273] pci 0000:00:1f.0: [8086:2918] type 00 class 0x060100
[    3.274840] pci 0000:00:1f.0: calling  quirk_ich7_lpc+0x0/0x60 @ 1
[    3.282983] pci 0000:00:1f.0: quirk: [io  0x0600-0x067f] claimed by ICH6 ACPI/GPIO/TCO
[    3.293146] pci 0000:00:1f.0: quirk_ich7_lpc+0x0/0x60 took 10742 usecs
[    3.302320] pci 0000:00:1f.0: calling  quirk_igfx_skip_te_disable+0x0/0x80 @ 1
[    3.310957] pci 0000:00:1f.0: quirk_igfx_skip_te_disable+0x0/0x80 took 0 usecs
[    3.323426] pci 0000:00:1f.2: [8086:2922] type 00 class 0x010601
[    3.340718] pci 0000:00:1f.2: reg 0x20: [io  0xc040-0xc05f]
[    3.351441] pci 0000:00:1f.2: reg 0x24: [mem 0xfebf1000-0xfebf1fff]
[    3.362949] pci 0000:00:1f.2: calling  quirk_igfx_skip_te_disable+0x0/0x80 @ 1
[    3.373727] pci 0000:00:1f.2: quirk_igfx_skip_te_disable+0x0/0x80 took 0 usecs
[    3.391016] pci 0000:00:1f.3: [8086:2930] type 00 class 0x0c0500
[    3.405264] pci 0000:00:1f.3: reg 0x20: [io  0x0700-0x073f]
[    3.414916] pci 0000:00:1f.3: calling  quirk_igfx_skip_te_disable+0x0/0x80 @ 1
[    3.424726] pci 0000:00:1f.3: quirk_igfx_skip_te_disable+0x0/0x80 took 0 usecs
[    3.455532] ACPI: PCI Interrupt Link [LNKA] (IRQs 5 *10 11)
[    3.466947] ACPI: PCI Interrupt Link [LNKB] (IRQs 5 *10 11)
[    3.474206] ACPI: PCI Interrupt Link [LNKC] (IRQs 5 10 *11)
[    3.480921] ACPI: PCI Interrupt Link [LNKD] (IRQs 5 10 *11)
[    3.486139] ACPI: PCI Interrupt Link [LNKE] (IRQs 5 *10 11)
[    3.487732] ACPI: PCI Interrupt Link [LNKF] (IRQs 5 *10 11)
[    3.493469] ACPI: PCI Interrupt Link [LNKG] (IRQs 5 10 *11)
[    3.501118] ACPI: PCI Interrupt Link [LNKH] (IRQs 5 10 *11)
[    3.506154] ACPI: PCI Interrupt Link [GSIA] (IRQs *16)
[    3.513731] ACPI: PCI Interrupt Link [GSIB] (IRQs *17)
[    3.518902] ACPI: PCI Interrupt Link [GSIC] (IRQs *18)
[    3.525732] ACPI: PCI Interrupt Link [GSID] (IRQs *19)
[    3.533092] ACPI: PCI Interrupt Link [GSIE] (IRQs *20)
[    3.539730] ACPI: PCI Interrupt Link [GSIF] (IRQs *21)
[    3.543960] ACPI: PCI Interrupt Link [GSIG] (IRQs *22)
[    3.552106] ACPI: PCI Interrupt Link [GSIH] (IRQs *23)
[    3.574711] initcall acpi_init+0x0/0x319 returned 0 after 666992 usecs
[    3.584234] calling  pnp_init+0x0/0xc @ 1
[    3.589718] initcall pnp_init+0x0/0xc returned 0 after 0 usecs
[    3.594918] calling  misc_init+0x0/0xbf @ 1
[    3.603718] initcall misc_init+0x0/0xbf returned 0 after 3906 usecs
[    3.611720] calling  iommu_subsys_init+0x0/0x4e @ 1
[    3.620097] iommu: Default domain type: Translated 
[    3.625719] initcall iommu_subsys_init+0x0/0x4e returned 0 after 5859 usecs
[    3.633718] calling  vga_arb_device_init+0x0/0x261 @ 1
[    3.648941] pci 0000:00:01.0: vgaarb: setting as boot VGA device
[    3.649711] pci 0000:00:01.0: vgaarb: VGA device added: decodes=io+mem,owns=io+mem,locks=none
[    3.667720] pci 0000:00:01.0: vgaarb: bridge control possible
[    3.674717] vgaarb: loaded
[    3.678721] initcall vga_arb_device_init+0x0/0x261 returned 0 after 36132 usecs
[    3.688280] calling  cn_init+0x0/0xf0 @ 1
[    3.697148] initcall cn_init+0x0/0xf0 returned 0 after 2929 usecs
[    3.704720] calling  dma_buf_init+0x0/0xad @ 1
[    3.713064] initcall dma_buf_init+0x0/0xad returned 0 after 1953 usecs
[    3.721719] calling  init_scsi+0x0/0x79 @ 1
[    3.728976] SCSI subsystem initialized
[    3.733719] initcall init_scsi+0x0/0x79 returned 0 after 7812 usecs
[    3.741719] calling  ata_init+0x0/0x332 @ 1
[    3.758578] libata version 3.00 loaded.
[    3.763721] initcall ata_init+0x0/0x332 returned 0 after 15625 usecs
[    3.771718] calling  phy_init+0x0/0x250 @ 1
[    3.777465] initcall phy_init+0x0/0x250 returned 0 after 976 usecs
[    3.785720] calling  init_pcmcia_cs+0x0/0x35 @ 1
[    3.791862] initcall init_pcmcia_cs+0x0/0x35 returned 0 after 0 usecs
[    3.799719] calling  usb_common_init+0x0/0x1c @ 1
[    3.806721] initcall usb_common_init+0x0/0x1c returned 0 after 1953 usecs
[    3.815720] calling  usb_init+0x0/0x12e @ 1
[    3.821918] ACPI: bus type USB registered
[    3.828858] usbcore: registered new interface driver usbfs
[    3.837013] usbcore: registered new interface driver hub
[    3.842731] usbcore: registered new device driver usb
[    3.850730] initcall usb_init+0x0/0x12e returned 0 after 28320 usecs
[    3.857728] calling  serio_init+0x0/0x29 @ 1
[    3.864735] initcall serio_init+0x0/0x29 returned 0 after 0 usecs
[    3.873720] calling  input_init+0x0/0xf6 @ 1
[    3.876716] initcall input_init+0x0/0xf6 returned 0 after 0 usecs
[    3.882976] calling  rtc_init+0x0/0x4d @ 1
[    3.887807] initcall rtc_init+0x0/0x4d returned 0 after 0 usecs
[    3.895718] calling  pps_init+0x0/0xa9 @ 1
[    3.900724] pps_core: LinuxPPS API ver. 1 registered
[    3.906714] pps_core: Software ver. 5.3.6 - Copyright 2005-2007 Rodolfo Giometti <giometti@linux.it>
[    3.916720] initcall pps_init+0x0/0xa9 returned 0 after 15625 usecs
[    3.922719] calling  ptp_init+0x0/0x98 @ 1
[    3.928729] PTP clock support registered
[    3.934722] initcall ptp_init+0x0/0x98 returned 0 after 5859 usecs
[    3.939118] calling  power_supply_class_init+0x0/0x3f @ 1
[    3.946240] initcall power_supply_class_init+0x0/0x3f returned 0 after 1953 usecs
[    3.956723] calling  hwmon_init+0x0/0x104 @ 1
[    3.960974] initcall hwmon_init+0x0/0x104 returned 0 after 0 usecs
[    3.968721] calling  md_init+0x0/0x16b @ 1
[    3.986724] initcall md_init+0x0/0x16b returned 0 after 10742 usecs
[    3.992723] calling  leds_init+0x0/0x3b @ 1
[    3.999977] initcall leds_init+0x0/0x3b returned 0 after 976 usecs
[    4.007730] calling  dmi_init+0x0/0x113 @ 1
[    4.013884] initcall dmi_init+0x0/0x113 returned 0 after 0 usecs
[    4.021722] calling  efisubsys_init+0x0/0x4e7 @ 1
[    4.027744] initcall efisubsys_init+0x0/0x4e7 returned 0 after 0 usecs
[    4.035721] calling  nvmem_init+0x0/0xc @ 1
[    4.040863] initcall nvmem_init+0x0/0xc returned 0 after 0 usecs
[    4.047718] calling  init_soundcore+0x0/0x33 @ 1
[    4.053800] initcall init_soundcore+0x0/0x33 returned 0 after 0 usecs
[    4.060718] calling  alsa_sound_init+0x0/0x8f @ 1
[    4.066798] Advanced Linux Sound Architecture Driver Initialized.
[    4.073718] initcall alsa_sound_init+0x0/0x8f returned 0 after 6835 usecs
[    4.081721] calling  alsa_seq_device_init+0x0/0x71 @ 1
[    4.086783] initcall alsa_seq_device_init+0x0/0x71 returned 0 after 0 usecs
[    4.095748] calling  hda_bus_init+0x0/0xc @ 1
[    4.100760] initcall hda_bus_init+0x0/0xc returned 0 after 0 usecs
[    4.107716] calling  proto_init+0x0/0xc @ 1
[    4.112779] initcall proto_init+0x0/0xc returned 0 after 0 usecs
[    4.119718] calling  net_dev_init+0x0/0x209 @ 1
[    4.126252] initcall net_dev_init+0x0/0x209 returned 0 after 976 usecs
[    4.133717] calling  neigh_init+0x0/0x84 @ 1
[    4.139717] initcall neigh_init+0x0/0x84 returned 0 after 0 usecs
[    4.146717] calling  fib_notifier_init+0x0/0xc @ 1
[    4.152736] initcall fib_notifier_init+0x0/0xc returned 0 after 0 usecs
[    4.160723] calling  fib_rules_init+0x0/0xab @ 1
[    4.165749] initcall fib_rules_init+0x0/0xab returned 0 after 0 usecs
[    4.173720] calling  pktsched_init+0x0/0x10e @ 1
[    4.179782] initcall pktsched_init+0x0/0x10e returned 0 after 0 usecs
[    4.186724] calling  tc_filter_init+0x0/0xfa @ 1
[    4.192766] initcall tc_filter_init+0x0/0xfa returned 0 after 0 usecs
[    4.200719] calling  tc_action_init+0x0/0x54 @ 1
[    4.205719] initcall tc_action_init+0x0/0x54 returned 0 after 0 usecs
[    4.213718] calling  ethnl_init+0x0/0x52 @ 1
[    4.219835] initcall ethnl_init+0x0/0x52 returned 0 after 0 usecs
[    4.226752] calling  nexthop_init+0x0/0xd8 @ 1
[    4.232796] initcall nexthop_init+0x0/0xd8 returned 0 after 0 usecs
[    4.239718] calling  cipso_v4_init+0x0/0x5d @ 1
[    4.245759] initcall cipso_v4_init+0x0/0x5d returned 0 after 0 usecs
[    4.253718] calling  ieee80211_init+0x0/0x24 @ 1
[    4.258892] initcall ieee80211_init+0x0/0x24 returned 0 after 0 usecs
[    4.266741] calling  netlbl_init+0x0/0x78 @ 1
[    4.271729] NetLabel: Initializing
[    4.275715] NetLabel:  domain hash size = 128
[    4.281715] NetLabel:  protocols = UNLABELED CIPSOv4 CALIPSO
[    4.287855] NetLabel:  unlabeled traffic allowed by default
[    4.294721] initcall netlbl_init+0x0/0x78 returned 0 after 22460 usecs
[    4.302726] calling  rfkill_init+0x0/0x111 @ 1
[    4.309057] initcall rfkill_init+0x0/0x111 returned 0 after 1953 usecs
[    4.316719] calling  pci_subsys_init+0x0/0x66 @ 1
[    4.323769] PCI: Using ACPI for IRQ routing
[    5.024054] PCI: pci_cache_line_size set to 64 bytes
[    5.030837] e820: reserve RAM buffer [mem 0x0009fc00-0x0009ffff]
[    5.038759] e820: reserve RAM buffer [mem 0x1ffdf000-0x1fffffff]
[    5.045773] initcall pci_subsys_init+0x0/0x66 returned 0 after 705078 usecs
[    5.054490] calling  nmi_warning_debugfs+0x0/0x26 @ 1
[    5.061827] initcall nmi_warning_debugfs+0x0/0x26 returned 0 after 0 usecs
[    5.069754] calling  save_microcode_in_initrd+0x0/0x51 @ 1
[    5.075832] initcall save_microcode_in_initrd+0x0/0x51 returned 0 after 0 usecs
[    5.084720] calling  hpet_late_init+0x0/0x20a @ 1
[    5.089853] hpet: 3 channels of 0 reserved for per-cpu timers
[    5.098040] hpet0: at MMIO 0xfed00000, IRQs 2, 8, 0
[    5.103715] hpet0: 3 comparators, 64-bit 100.000000 MHz counter
[    5.122721] initcall hpet_late_init+0x0/0x20a returned 0 after 32226 usecs
[    5.130721] calling  init_amd_nbs+0x0/0x11c @ 1
[    5.136741] initcall init_amd_nbs+0x0/0x11c returned 0 after 0 usecs
[    5.143732] calling  clocksource_done_booting+0x0/0x41 @ 1
[    5.150711] clocksource: Switched to clocksource kvm-clock
[    5.158492] initcall clocksource_done_booting+0x0/0x41 returned 0 after 8565 usecs
[    5.159396] calling  tracer_init_tracefs+0x0/0x242 @ 1
[    5.298827] initcall tracer_init_tracefs+0x0/0x242 returned 0 after 191286 usecs
[    5.298827] calling  init_trace_printk_function_export+0x0/0x2c @ 1
[    5.298827] initcall init_trace_printk_function_export+0x0/0x2c returned 0 after 7 usecs
[    5.298827] calling  init_kprobe_trace+0x0/0x1a9 @ 1
[    5.298827] initcall init_kprobe_trace+0x0/0x1a9 returned 0 after 15 usecs
[    5.298827] calling  init_dynamic_event+0x0/0x3d @ 1
[    5.298827] initcall init_dynamic_event+0x0/0x3d returned 0 after 22 usecs
[    5.298827] calling  init_uprobe_trace+0x0/0x5c @ 1
[    5.298827] initcall init_uprobe_trace+0x0/0x5c returned 0 after 97 usecs
[    5.298827] calling  init_pipe_fs+0x0/0x44 @ 1
[    5.298827] initcall init_pipe_fs+0x0/0x44 returned 0 after 120 usecs
[    5.298827] calling  inotify_user_setup+0x0/0x47 @ 1
[    5.298827] initcall inotify_user_setup+0x0/0x47 returned 0 after 21 usecs
[    5.298827] calling  eventpoll_init+0x0/0xd4 @ 1
[    5.298827] initcall eventpoll_init+0x0/0xd4 returned 0 after 45 usecs
[    5.298827] calling  anon_inode_init+0x0/0x58 @ 1
[    5.298827] initcall anon_inode_init+0x0/0x58 returned 0 after 59 usecs
[    5.298827] calling  proc_locks_init+0x0/0x27 @ 1
[    5.298827] initcall proc_locks_init+0x0/0x27 returned 0 after 6 usecs
[    5.298827] calling  iomap_init+0x0/0x1b @ 1
[    5.298827] initcall iomap_init+0x0/0x1b returned 0 after 3771 usecs
[    5.298827] calling  dquot_init+0x0/0x106 @ 1
[    5.298827] VFS: Disk quotas dquot_6.6.0
[    5.298827] VFS: Dquot-cache hash table entries: 512 (order 0, 4096 bytes)
[    5.298827] initcall dquot_init+0x0/0x106 returned 0 after 12276 usecs
[    5.298827] calling  quota_init+0x0/0x23 @ 1
[    5.298827] initcall quota_init+0x0/0x23 returned 0 after 13 usecs
[    5.298827] calling  proc_cmdline_init+0x0/0x21 @ 1
[    5.298827] initcall proc_cmdline_init+0x0/0x21 returned 0 after 5 usecs
[    5.298827] calling  proc_consoles_init+0x0/0x24 @ 1
[    5.298827] initcall proc_consoles_init+0x0/0x24 returned 0 after 4 usecs
[    5.298827] calling  proc_cpuinfo_init+0x0/0x1e @ 1
[    5.298827] initcall proc_cpuinfo_init+0x0/0x1e returned 0 after 4 usecs
[    5.298827] calling  proc_devices_init+0x0/0x24 @ 1
[    5.298827] initcall proc_devices_init+0x0/0x24 returned 0 after 3 usecs
[    5.298827] calling  proc_interrupts_init+0x0/0x24 @ 1
[    5.298827] initcall proc_interrupts_init+0x0/0x24 returned 0 after 3 usecs
[    5.298827] calling  proc_loadavg_init+0x0/0x21 @ 1
[    5.298827] initcall proc_loadavg_init+0x0/0x21 returned 0 after 3 usecs
[    5.298827] calling  proc_meminfo_init+0x0/0x21 @ 1
[    5.298827] initcall proc_meminfo_init+0x0/0x21 returned 0 after 3 usecs
[    5.298827] calling  proc_stat_init+0x0/0x1e @ 1
[    5.298827] initcall proc_stat_init+0x0/0x1e returned 0 after 4 usecs
[    5.298827] calling  proc_uptime_init+0x0/0x21 @ 1
[    5.298827] initcall proc_uptime_init+0x0/0x21 returned 0 after 593 usecs
[    5.298827] calling  proc_version_init+0x0/0x21 @ 1
[    5.298827] initcall proc_version_init+0x0/0x21 returned 0 after 17 usecs
[    5.298827] calling  proc_softirqs_init+0x0/0x21 @ 1
[    5.298827] initcall proc_softirqs_init+0x0/0x21 returned 0 after 29 usecs
[    5.298827] calling  proc_kcore_init+0x0/0xea @ 1
[    5.298827] initcall proc_kcore_init+0x0/0xea returned 0 after 434 usecs
[    5.298827] calling  vmcore_init+0x0/0x578 @ 1
[    5.298827] initcall vmcore_init+0x0/0x578 returned 0 after 46 usecs
[    5.738249] calling  proc_kmsg_init+0x0/0x21 @ 1
[    5.738249] initcall proc_kmsg_init+0x0/0x21 returned 0 after 36 usecs
[    5.738249] calling  proc_page_init+0x0/0x3b @ 1
[    5.738249] initcall proc_page_init+0x0/0x3b returned 0 after 39 usecs
[    5.738249] calling  init_ramfs_fs+0x0/0xc @ 1
[    5.738249] initcall init_ramfs_fs+0x0/0xc returned 0 after 1048 usecs
[    5.738249] calling  init_hugetlbfs_fs+0x0/0xf6 @ 1
[    5.738249] initcall init_hugetlbfs_fs+0x0/0xf6 returned 0 after 835 usecs
[    5.738249] calling  blk_scsi_ioctl_init+0x0/0x2a5 @ 1
[    5.738249] initcall blk_scsi_ioctl_init+0x0/0x2a5 returned 0 after 59 usecs
[    5.738249] calling  acpi_event_init+0x0/0x2c @ 1
[    5.738249] initcall acpi_event_init+0x0/0x2c returned 0 after 533 usecs
[    5.738249] calling  pnp_system_init+0x0/0xc @ 1
[    5.738249] initcall pnp_system_init+0x0/0xc returned 0 after 4613 usecs
[    5.738249] calling  pnpacpi_init+0x0/0x69 @ 1
[    5.738249] pnp: PnP ACPI init
[    5.738249] pnp 00:00: Plug and Play ACPI device, IDs PNP0303 (active)
[    5.738249] pnp 00:01: Plug and Play ACPI device, IDs PNP0f13 (active)
[    5.738249] pnp 00:02: Plug and Play ACPI device, IDs PNP0400 (active)
[    5.738249] pnp 00:03: Plug and Play ACPI device, IDs PNP0501 (active)
[    5.738249] pnp 00:04: Plug and Play ACPI device, IDs PNP0b00 (active)
[    5.738249] system 00:05: [mem 0xb0000000-0xbfffffff window] has been reserved
[    5.738249] system 00:05: Plug and Play ACPI device, IDs PNP0c01 (active)
[    5.738249] pnp: PnP ACPI: found 6 devices
[    5.738249] initcall pnpacpi_init+0x0/0x69 returned 0 after 61664 usecs
[    5.738249] calling  chr_dev_init+0x0/0x14d @ 1
[    5.974195] initcall chr_dev_init+0x0/0x14d returned 0 after 54463 usecs
[    5.983573] calling  firmware_class_init+0x0/0xe7 @ 1
[    5.984467] initcall firmware_class_init+0x0/0xe7 returned 0 after 128 usecs
[    5.984467] calling  init_pcmcia_bus+0x0/0x5b @ 1
[    5.984467] initcall init_pcmcia_bus+0x0/0x5b returned 0 after 249 usecs
[    5.984467] calling  init_acpi_pm_clocksource+0x0/0xda @ 1
[    5.984467] clocksource: acpi_pm: mask: 0xffffff max_cycles: 0xffffff, max_idle_ns: 2085701024 ns
[    5.984467] initcall init_acpi_pm_clocksource+0x0/0xda returned 0 after 15007 usecs
[    5.984467] calling  sysctl_core_init+0x0/0x26 @ 1
[    5.984467] initcall sysctl_core_init+0x0/0x26 returned 0 after 244 usecs
[    5.984467] calling  eth_offload_init+0x0/0x13 @ 1
[    5.984467] initcall eth_offload_init+0x0/0x13 returned 0 after 23 usecs
[    5.984467] calling  ipv4_offload_init+0x0/0x73 @ 1
[    5.984467] initcall ipv4_offload_init+0x0/0x73 returned 0 after 96 usecs
[    5.984467] calling  inet_init+0x0/0x276 @ 1
[    5.984467] NET: Registered protocol family 2
[    5.984467] IP idents hash table entries: 8192 (order: 4, 65536 bytes, linear)
[    6.106962] tcp_listen_portaddr_hash hash table entries: 256 (order: 0, 4096 bytes, linear)
[    6.116896] TCP established hash table entries: 4096 (order: 3, 32768 bytes, linear)
[    6.127144] TCP bind hash table entries: 4096 (order: 4, 65536 bytes, linear)
[    6.136424] TCP: Hash tables configured (established 4096 bind 4096)
[    6.145502] UDP hash table entries: 256 (order: 1, 8192 bytes, linear)
[    6.153009] UDP-Lite hash table entries: 256 (order: 1, 8192 bytes, linear)
[    6.161172] initcall inet_init+0x0/0x276 returned 0 after 69717 usecs
[    6.168529] calling  af_unix_init+0x0/0x4d @ 1
[    6.173645] NET: Registered protocol family 1
[    6.178661] initcall af_unix_init+0x0/0x4d returned 0 after 4911 usecs
[    6.186064] calling  ipv6_offload_init+0x0/0x7e @ 1
[    6.191717] initcall ipv6_offload_init+0x0/0x7e returned 0 after 42 usecs
[    6.199564] calling  init_sunrpc+0x0/0x65 @ 1
[    6.205748] RPC: Registered named UNIX socket transport module.
[    6.213554] RPC: Registered udp transport module.
[    6.219662] RPC: Registered tcp transport module.
[    6.225100] RPC: Registered tcp NFSv4.1 backchannel transport module.
[    6.232411] initcall init_sunrpc+0x0/0x65 returned 0 after 27152 usecs
[    6.239764] calling  cfg80211_init+0x0/0xc5 @ 1
[    6.246528] initcall cfg80211_init+0x0/0xc5 returned 0 after 1421 usecs
[    6.254068] calling  pcibios_assign_resources+0x0/0xbf @ 1
[    6.260584] pci_bus 0000:00: resource 4 [io  0x0000-0x0cf7 window]
[    6.267605] pci_bus 0000:00: resource 5 [io  0x0d00-0xffff window]
[    6.274658] pci_bus 0000:00: resource 6 [mem 0x000a0000-0x000bffff window]
[    6.283444] pci_bus 0000:00: resource 7 [mem 0x20000000-0xafffffff window]
[    6.291257] pci_bus 0000:00: resource 8 [mem 0xc0000000-0xfebfffff window]
[    6.299192] pci_bus 0000:00: resource 9 [mem 0x100000000-0x8ffffffff window]
[    6.307322] initcall pcibios_assign_resources+0x0/0xbf returned 0 after 45902 usecs
[    6.316632] calling  pci_apply_final_quirks+0x0/0x124 @ 1
[    6.323241] pci 0000:00:01.0: calling  pci_fixup_video+0x0/0xe0 @ 1
[    6.331509] pci 0000:00:01.0: Video device with shadowed ROM at [mem 0x000c0000-0x000dffff]
[    6.343368] pci 0000:00:01.0: pci_fixup_video+0x0/0xe0 took 11941 usecs
[    6.353391] PCI: CLS 0 bytes, default 64
[    6.359244] initcall pci_apply_final_quirks+0x0/0x124 returned 0 after 35526 usecs
[    6.368217] calling  acpi_reserve_resources+0x0/0xea @ 1
[    6.374440] initcall acpi_reserve_resources+0x0/0xea returned 0 after 29 usecs
[    6.382684] calling  populate_rootfs+0x0/0x102 @ 1
[    6.389930] initcall populate_rootfs+0x0/0x102 returned 0 after 1275 usecs
[    6.399289] calling  pci_iommu_init+0x0/0x3e @ 1
[    6.405308] initcall pci_iommu_init+0x0/0x3e returned 0 after 99 usecs
[    6.414004] calling  ia32_binfmt_init+0x0/0x13 @ 1
[    6.419632] initcall ia32_binfmt_init+0x0/0x13 returned 0 after 17 usecs
[    6.427355] calling  rapl_pmu_init+0x0/0x267 @ 1
[    6.432809] initcall rapl_pmu_init+0x0/0x267 returned -19 after 33 usecs
[    6.440488] calling  amd_uncore_init+0x0/0x310 @ 1
[    6.446034] initcall amd_uncore_init+0x0/0x310 returned -19 after 0 usecs
[    6.453969] calling  amd_ibs_init+0x0/0x27b @ 1
[    6.459360] initcall amd_ibs_init+0x0/0x27b returned -19 after 0 usecs
[    6.466899] calling  amd_iommu_pc_init+0x0/0x215 @ 1
[    6.472825] initcall amd_iommu_pc_init+0x0/0x215 returned -19 after 116 usecs
[    6.481076] calling  msr_init+0x0/0x55 @ 1
[    6.486058] initcall msr_init+0x0/0x55 returned 0 after 123 usecs
[    6.493119] calling  intel_uncore_init+0x0/0x36f @ 1
[    6.499054] initcall intel_uncore_init+0x0/0x36f returned -19 after 62 usecs
[    6.507251] calling  cstate_pmu_init+0x0/0x1a1 @ 1
[    6.512863] initcall cstate_pmu_init+0x0/0x1a1 returned -19 after 0 usecs
[    6.521053] calling  register_kernel_offset_dumper+0x0/0x1a @ 1
[    6.527975] initcall register_kernel_offset_dumper+0x0/0x1a returned 0 after 31 usecs
[    6.537775] calling  i8259A_init_ops+0x0/0x20 @ 1
[    6.543318] initcall i8259A_init_ops+0x0/0x20 returned 0 after 1 usecs
[    6.551873] calling  init_tsc_clocksource+0x0/0xa4 @ 1
[    6.558396] clocksource: tsc: mask: 0xffffffffffffffff max_cycles: 0x39a85afc727, max_idle_ns: 881590685098 ns
[    6.570083] initcall init_tsc_clocksource+0x0/0xa4 returned 0 after 11427 usecs
[    6.578478] calling  add_rtc_cmos+0x0/0xb0 @ 1
[    6.583683] initcall add_rtc_cmos+0x0/0xb0 returned 0 after 27 usecs
[    6.591671] calling  i8237A_init_ops+0x0/0x3a @ 1
[    6.597311] initcall i8237A_init_ops+0x0/0x3a returned 0 after 75 usecs
[    6.605654] calling  umwait_init+0x0/0x94 @ 1
[    6.610844] initcall umwait_init+0x0/0x94 returned -19 after 19 usecs
[    6.618508] calling  thermal_throttle_init_device+0x0/0x3d @ 1
[    6.625563] initcall thermal_throttle_init_device+0x0/0x3d returned 0 after 37 usecs
[    6.634827] calling  msr_init+0x0/0xd7 @ 1
[    6.641226] initcall msr_init+0x0/0xd7 returned 0 after 1334 usecs
[    6.649266] calling  cpuid_init+0x0/0xd7 @ 1
[    6.656936] initcall cpuid_init+0x0/0xd7 returned 0 after 1590 usecs
[    6.665256] calling  ioapic_init_ops+0x0/0x13 @ 1
[    6.671150] initcall ioapic_init_ops+0x0/0x13 returned 0 after 26 usecs
[    6.679374] calling  add_pcspkr+0x0/0x6c @ 1
[    6.684910] initcall add_pcspkr+0x0/0x6c returned 0 after 98 usecs
[    6.692703] calling  start_periodic_check_for_corruption+0x0/0x30 @ 1
[    6.700721] check: Scanning for low memory corruption every 60 seconds
[    6.708798] initcall start_periodic_check_for_corruption+0x0/0x30 returned 0 after 7930 usecs
[    6.720450] calling  sysfb_init+0x0/0x9c @ 1
[    6.726258] initcall sysfb_init+0x0/0x9c returned 0 after 231 usecs
[    6.733959] calling  audit_classes_init+0x0/0xae @ 1
[    6.740213] initcall audit_classes_init+0x0/0xae returned 0 after 15 usecs
[    6.748574] calling  iosf_mbi_init+0x0/0x24 @ 1
[    6.754370] initcall iosf_mbi_init+0x0/0x24 returned 0 after 211 usecs
[    6.762480] calling  proc_execdomains_init+0x0/0x21 @ 1
[    6.769054] initcall proc_execdomains_init+0x0/0x21 returned 0 after 5 usecs
[    6.777737] calling  register_warn_debugfs+0x0/0x23 @ 1
[    6.784566] initcall register_warn_debugfs+0x0/0x23 returned 0 after 9 usecs
[    6.794994] calling  cpuhp_sysfs_init+0x0/0x79 @ 1
[    6.802475] initcall cpuhp_sysfs_init+0x0/0x79 returned 0 after 145 usecs
[    6.812521] calling  ioresources_init+0x0/0x49 @ 1
[    6.819636] initcall ioresources_init+0x0/0x49 returned 0 after 7 usecs
[    6.829837] calling  snapshot_device_init+0x0/0xc @ 1
[    6.837710] initcall snapshot_device_init+0x0/0xc returned 0 after 154 usecs
[    6.846713] calling  irq_pm_init_ops+0x0/0x13 @ 1
[    6.852285] initcall irq_pm_init_ops+0x0/0x13 returned 0 after 21 usecs
[    6.859967] calling  rcu_torture_init+0x0/0x9a6 @ 1
[    6.865944] tasks-torture:--- Start of test: nreaders=1 nfakewriters=4 stat_interval=15 verbose=1 test_no_idle_hz=1 shuffle_interval=3 stutter=5 irqreader=1 fqs_duration=0 fqs_holdoff=0 fqs_stutter=3 test_boost=1/0 test_boost_interval=7 test_boost_duration=4 shutdown_secs=1800 stall_cpu=0 stall_cpu_holdoff=10 stall_cpu_irqsoff=0 stall_cpu_block=0 n_barrier_cbs=4 onoff_interval=1000 onoff_holdoff=30 read_exit_delay=13 read_exit_burst=16
[    6.910114] tasks:  Start-test grace-period state: g0 f0x0
[    6.916652] tasks-torture: Creating rcu_torture_writer task
[    6.923211] tasks-torture: Creating rcu_torture_fakewriter task
[    6.930154] tasks-torture: rcu_torture_writer task started
[    6.936828] tasks-torture: GP expediting controlled from boot/sysfs for tasks.
[    6.937267] tasks-torture: Creating rcu_torture_fakewriter task
[    6.945252] tasks-torture: rcu_torture_fakewriter task started
[    6.945258] rcu_torture_writer: Testing expedited GPs.
[    6.945259] rcu_torture_writer: Testing asynchronous GPs.
[    6.945270] rcu_torture_writer: Testing normal GPs.
[    6.978649] tasks-torture: Creating rcu_torture_fakewriter task
[    6.978670] tasks-torture: rcu_torture_fakewriter task started
[    6.994339] tasks-torture: Creating rcu_torture_fakewriter task
[    6.994368] tasks-torture: rcu_torture_fakewriter task started
[    7.010517] tasks-torture: Creating rcu_torture_reader task
[    7.010597] tasks-torture: rcu_torture_fakewriter task started
[    7.026227] tasks-torture: Creating rcu_torture_stats task
[    7.026251] tasks-torture: rcu_torture_reader task started
[    7.041086] tasks-torture: Creating torture_shuffle task
[    7.041128] tasks-torture: rcu_torture_stats task started
[    7.057511] tasks-torture: Creating torture_stutter task
[    7.057528] tasks-torture: torture_shuffle task started
[    7.071430] tasks-torture: Creating torture_shutdown task
[    7.071449] tasks-torture: torture_stutter task started
[    7.088541] tasks-torture: Creating torture_onoff task
[    7.088574] tasks-torture: torture_shutdown task started
[    7.103295] tasks-torture:torture_shutdown task: 1799968 ms remaining
[    7.103876] tasks-torture: rcu_torture_fwd_prog_init: Disabled, unsupported by RCU flavor under test
[    7.112328] tasks-torture: torture_onoff task started
[    7.104775] tasks-torture: Creating rcu_torture_barrier_cbs task
[    7.138132] tasks-torture: torture_onoff begin holdoff
[    7.138648] tasks-torture: Creating rcu_torture_barrier_cbs task
[    7.144971] tasks-torture: rcu_torture_barrier_cbs task started
[    7.160545] tasks-torture: Creating rcu_torture_barrier_cbs task
[    7.160644] tasks-torture: rcu_torture_barrier_cbs task started
[    7.175760] tasks-torture: Creating rcu_torture_barrier_cbs task
[    7.175866] tasks-torture: rcu_torture_barrier_cbs task started
[    7.191343] tasks-torture: Creating rcu_torture_barrier task
[    7.191374] tasks-torture: rcu_torture_barrier_cbs task started
[    7.206358] tasks-torture: Creating rcu_torture_read_exit task
[    7.206382] tasks-torture: rcu_torture_barrier task starting
[    7.222093] initcall rcu_torture_init+0x0/0x9a6 returned 0 after 347894 usecs
[    7.222110] tasks-torture: rcu_torture_read_exit: Start of test
[    7.222442] calling  timekeeping_init_ops+0x0/0x13 @ 1
[    7.222442] initcall timekeeping_init_ops+0x0/0x13 returned 0 after 24 usecs
[    7.222442] calling  init_clocksource_sysfs+0x0/0x23 @ 1
[    7.222442] initcall init_clocksource_sysfs+0x0/0x23 returned 0 after 153 usecs
[    7.222442] calling  init_timer_list_procfs+0x0/0x31 @ 1
[    7.222442] initcall init_timer_list_procfs+0x0/0x31 returned 0 after 7 usecs
[    7.222442] calling  alarmtimer_init+0x0/0xc7 @ 1
[    7.222442] initcall alarmtimer_init+0x0/0xc7 returned 0 after 123 usecs
[    7.299332] calling  init_posix_timers+0x0/0x29 @ 1
[    7.300054] initcall init_posix_timers+0x0/0x29 returned 0 after 5 usecs
[    7.312872] calling  clockevents_init_sysfs+0x0/0xbf @ 1
[    7.312872] initcall clockevents_init_sysfs+0x0/0xbf returned 0 after 126 usecs
[    7.312872] calling  proc_dma_init+0x0/0x21 @ 1
[    7.312872] initcall proc_dma_init+0x0/0x21 returned 0 after 17 usecs
[    7.312872] calling  proc_modules_init+0x0/0x1e @ 1
[    7.312872] initcall proc_modules_init+0x0/0x1e returned 0 after 3 usecs
[    7.312872] calling  kallsyms_init+0x0/0x21 @ 1
[    7.312872] initcall kallsyms_init+0x0/0x21 returned 0 after 3 usecs
[    7.312872] calling  pid_namespaces_init+0x0/0x2c @ 1
[    7.312872] initcall pid_namespaces_init+0x0/0x2c returned 0 after 16 usecs
[    7.312872] calling  audit_watch_init+0x0/0x37 @ 1
[    7.312872] initcall audit_watch_init+0x0/0x37 returned 0 after 20 usecs
[    7.312872] calling  audit_fsnotify_init+0x0/0x37 @ 1
[    7.312872] initcall audit_fsnotify_init+0x0/0x37 returned 0 after 1 usecs
[    7.312872] calling  audit_tree_init+0x0/0x6d @ 1
[    7.420844] initcall audit_tree_init+0x0/0x6d returned 0 after 164 usecs
[    7.429518] calling  seccomp_sysctl_init+0x0/0x2b @ 1
[    7.430133] initcall seccomp_sysctl_init+0x0/0x2b returned 0 after 51 usecs
[    7.430133] calling  utsname_sysctl_init+0x0/0x13 @ 1
[    7.430133] initcall utsname_sysctl_init+0x0/0x13 returned 0 after 9 usecs
[    7.430133] calling  init_tracepoints+0x0/0x27 @ 1
[    7.430133] initcall init_tracepoints+0x0/0x27 returned 0 after 34 usecs
[    7.430133] calling  init_blk_tracer+0x0/0x50 @ 1
[    7.430133] initcall init_blk_tracer+0x0/0x50 returned 0 after 362 usecs
[    7.430133] calling  perf_event_sysfs_init+0x0/0x81 @ 1
[    7.430133] initcall perf_event_sysfs_init+0x0/0x81 returned 0 after 245 usecs
[    7.430133] calling  system_trusted_keyring_init+0x0/0x60 @ 1
[    7.430133] Initialise system trusted keyrings
[    7.430133] initcall system_trusted_keyring_init+0x0/0x60 returned 0 after 5076 usecs
[    7.430133] calling  kswapd_init+0x0/0x5c @ 1
[    7.525568] initcall kswapd_init+0x0/0x5c returned 0 after 657 usecs
[    7.533187] calling  extfrag_debug_init+0x0/0x54 @ 1
[    7.533964] initcall extfrag_debug_init+0x0/0x54 returned 0 after 101 usecs
[    7.533964] calling  mm_compute_batch_init+0x0/0x12 @ 1
[    7.533964] initcall mm_compute_batch_init+0x0/0x12 returned 0 after 0 usecs
[    7.533964] calling  slab_proc_init+0x0/0x21 @ 1
[    7.533964] initcall slab_proc_init+0x0/0x21 returned 0 after 94 usecs
[    7.533964] calling  workingset_init+0x0/0x8c @ 1
[    7.533964] workingset: timestamp_bits=56 max_order=17 bucket_order=0
[    7.533964] initcall workingset_init+0x0/0x8c returned 0 after 7353 usecs
[    7.533964] calling  proc_vmalloc_init+0x0/0x32 @ 1
[    7.533964] initcall proc_vmalloc_init+0x0/0x32 returned 0 after 5 usecs
[    7.533964] calling  procswaps_init+0x0/0x1e @ 1
[    7.533964] initcall procswaps_init+0x0/0x1e returned 0 after 4 usecs
[    7.533964] calling  slab_sysfs_init+0x0/0xea @ 1
[    7.533964] initcall slab_sysfs_init+0x0/0xea returned 0 after 3103 usecs
[    7.640856] calling  fcntl_init+0x0/0x29 @ 1
[    7.640856] initcall fcntl_init+0x0/0x29 returned 0 after 8 usecs
[    7.640856] calling  proc_filesystems_init+0x0/0x21 @ 1
[    7.640856] initcall proc_filesystems_init+0x0/0x21 returned 0 after 5 usecs
[    7.640856] calling  start_dirtytime_writeback+0x0/0x29 @ 1
[    7.640856] initcall start_dirtytime_writeback+0x0/0x29 returned 0 after 4 usecs
[    7.640856] calling  blkdev_init+0x0/0x1b @ 1
[    7.640856] initcall blkdev_init+0x0/0x1b returned 0 after 168 usecs
[    7.640856] calling  dio_init+0x0/0x2c @ 1
[    7.640856] initcall dio_init+0x0/0x2c returned 0 after 56 usecs
[    7.640856] calling  dnotify_init+0x0/0x78 @ 1
[    7.640856] initcall dnotify_init+0x0/0x78 returned 0 after 10 usecs
[    7.640856] calling  aio_setup+0x0/0x78 @ 1
[    7.640856] initcall aio_setup+0x0/0x78 returned 0 after 52 usecs
[    7.640856] calling  io_uring_init+0x0/0x2c @ 1
[    7.640856] initcall io_uring_init+0x0/0x2c returned 0 after 5 usecs
[    7.640856] calling  mbcache_init+0x0/0x30 @ 1
[    7.640856] initcall mbcache_init+0x0/0x30 returned 0 after 59 usecs
[    7.757775] calling  init_grace+0x0/0xc @ 1
[    7.757775] initcall init_grace+0x0/0xc returned 0 after 4 usecs
[    7.757775] calling  init_v2_quota_format+0x0/0x21 @ 1
[    7.757775] initcall init_v2_quota_format+0x0/0x21 returned 0 after 112 usecs
[    7.757775] calling  init_devpts_fs+0x0/0x27 @ 1
[    7.785838] initcall init_devpts_fs+0x0/0x27 returned 0 after 62 usecs
[    7.785838] calling  ext4_init_fs+0x0/0x1d0 @ 1
[    7.785838] initcall ext4_init_fs+0x0/0x1d0 returned 0 after 560 usecs
[    7.785838] calling  journal_init+0x0/0x11c @ 1
[    7.785838] initcall journal_init+0x0/0x11c returned 0 after 100 usecs
[    7.785838] calling  init_fat_fs+0x0/0x49 @ 1
[    7.785838] initcall init_fat_fs+0x0/0x49 returned 0 after 97 usecs
[    7.785838] calling  init_vfat_fs+0x0/0xc @ 1
[    7.785838] initcall init_vfat_fs+0x0/0xc returned 0 after 4 usecs
[    7.785838] calling  init_msdos_fs+0x0/0xc @ 1
[    7.785838] initcall init_msdos_fs+0x0/0xc returned 0 after 2 usecs
[    7.785838] calling  init_iso9660_fs+0x0/0x6c @ 1
[    7.785838] initcall init_iso9660_fs+0x0/0x6c returned 0 after 76 usecs
[    7.785838] calling  init_nfs_fs+0x0/0x13a @ 1
[    7.884519] initcall init_nfs_fs+0x0/0x13a returned 0 after 2029 usecs
[    7.892604] calling  init_nfs_v2+0x0/0x13 @ 1
[    7.897888] initcall init_nfs_v2+0x0/0x13 returned 0 after 76 usecs
[    7.905477] calling  init_nfs_v3+0x0/0x13 @ 1
[    7.911108] initcall init_nfs_v3+0x0/0x13 returned 0 after 35 usecs
[    7.918700] calling  init_nfs_v4+0x0/0x32 @ 1
[    7.924062] NFS: Registering the id_resolver key type
[    7.930648] Key type id_resolver registered
[    7.935800] Key type id_legacy registered
[    7.941008] initcall init_nfs_v4+0x0/0x32 returned 0 after 16528 usecs
[    7.949431] calling  init_nlm+0x0/0x5b @ 1
[    7.954972] initcall init_nlm+0x0/0x5b returned 0 after 154 usecs
[    7.963470] calling  init_nls_cp437+0x0/0xe @ 1
[    7.969691] initcall init_nls_cp437+0x0/0xe returned 0 after 18 usecs
[    7.978926] calling  init_nls_ascii+0x0/0xe @ 1
[    7.985272] initcall init_nls_ascii+0x0/0xe returned 0 after 1 usecs
[    7.993650] calling  init_nls_iso8859_1+0x0/0xe @ 1
[    8.000190] initcall init_nls_iso8859_1+0x0/0xe returned 0 after 1 usecs
[    8.008950] calling  init_nls_utf8+0x0/0x21 @ 1
[    8.015305] initcall init_nls_utf8+0x0/0x21 returned 0 after 1 usecs
[    8.023847] calling  init_autofs_fs+0x0/0x25 @ 1
[    8.031210] initcall init_autofs_fs+0x0/0x25 returned 0 after 1050 usecs
[    8.040380] calling  ipc_init+0x0/0x24 @ 1
[    8.046357] initcall ipc_init+0x0/0x24 returned 0 after 284 usecs
[    8.054611] calling  ipc_sysctl_init+0x0/0x13 @ 1
[    8.060992] initcall ipc_sysctl_init+0x0/0x13 returned 0 after 16 usecs
[    8.069778] calling  init_mqueue_fs+0x0/0x9a @ 1
[    8.076980] initcall init_mqueue_fs+0x0/0x9a returned 0 after 381 usecs
[    8.086975] calling  key_proc_init+0x0/0x63 @ 1
[    8.093563] initcall key_proc_init+0x0/0x63 returned 0 after 7 usecs
[    8.102382] calling  selinux_nf_ip_init+0x0/0x2e @ 1
[    8.109189] initcall selinux_nf_ip_init+0x0/0x2e returned 0 after 46 usecs
[    8.118530] calling  init_sel_fs+0x0/0x116 @ 1
[    8.124858] initcall init_sel_fs+0x0/0x116 returned 0 after 1 usecs
[    8.133483] calling  selnl_init+0x0/0x7c @ 1
[    8.139353] initcall selnl_init+0x0/0x7c returned 0 after 74 usecs
[    8.147655] calling  sel_netif_init+0x0/0x36 @ 1
[    8.154102] initcall sel_netif_init+0x0/0x36 returned 0 after 0 usecs
[    8.163320] calling  sel_netnode_init+0x0/0x33 @ 1
[    8.170409] initcall sel_netnode_init+0x0/0x33 returned 0 after 0 usecs
[    8.179484] calling  sel_netport_init+0x0/0x33 @ 1
[    8.186417] initcall sel_netport_init+0x0/0x33 returned 0 after 0 usecs
[    8.195883] calling  aurule_init+0x0/0x2a @ 1
[    8.202270] initcall aurule_init+0x0/0x2a returned 0 after 2 usecs
[    8.210927] calling  crypto_algapi_init+0x0/0xc @ 1
[    8.217842] initcall crypto_algapi_init+0x0/0xc returned 0 after 6 usecs
[    8.227312] calling  jent_mod_init+0x0/0x2d @ 1
[    8.245128] cryptomgr_test (79) used greatest stack depth: 14968 bytes left
[    8.245961] initcall jent_mod_init+0x0/0x2d returned 0 after 12013 usecs
[    8.267851] calling  asymmetric_key_init+0x0/0xc @ 1
[    8.275428] Key type asymmetric registered
[    8.275866] initcall asymmetric_key_init+0x0/0xc returned 0 after 5622 usecs
[    8.275866] calling  x509_key_init+0x0/0xc @ 1
[    8.275866] Asymmetric key parser 'x509' registered
[    8.303840] initcall x509_key_init+0x0/0xc returned 0 after 6940 usecs
[    8.312864] calling  proc_genhd_init+0x0/0x41 @ 1
[    8.312864] initcall proc_genhd_init+0x0/0x41 returned 0 after 8 usecs
[    8.312864] calling  bsg_init+0x0/0x113 @ 1
[    8.312864] Block layer SCSI generic (bsg) driver version 0.4 loaded (major 251)
[    8.312864] initcall bsg_init+0x0/0x113 returned 0 after 10496 usecs
[    8.312864] calling  deadline_init+0x0/0xc @ 1
[    8.312864] io scheduler mq-deadline registered
[    8.312864] initcall deadline_init+0x0/0xc returned 0 after 6219 usecs
[    8.312864] calling  kyber_init+0x0/0xc @ 1
[    8.312864] io scheduler kyber registered
[    8.312864] initcall kyber_init+0x0/0xc returned 0 after 5267 usecs
[    8.312864] calling  mod_init+0x0/0x7 @ 1
[    8.312864] initcall mod_init+0x0/0x7 returned 0 after 0 usecs
[    8.312864] calling  percpu_counter_startup+0x0/0x55 @ 1
[    8.418669] initcall percpu_counter_startup+0x0/0x55 returned 0 after 1697 usecs
[    8.429605] calling  sg_pool_init+0x0/0xb4 @ 1
[    8.430228] initcall sg_pool_init+0x0/0xb4 returned 0 after 880 usecs
[    8.430228] calling  pcie_portdrv_init+0x0/0x39 @ 1
[    8.430228] initcall pcie_portdrv_init+0x0/0x39 returned 0 after 85 usecs
[    8.430228] calling  pci_proc_init+0x0/0x68 @ 1
[    8.430228] initcall pci_proc_init+0x0/0x68 returned 0 after 47 usecs
[    8.430228] calling  pci_hotplug_init+0x0/0x7 @ 1
[    8.430228] initcall pci_hotplug_init+0x0/0x7 returned 0 after 0 usecs
[    8.430228] calling  efifb_driver_init+0x0/0xe @ 1
[    8.430228] initcall efifb_driver_init+0x0/0xe returned 0 after 29 usecs
[    8.430228] calling  ged_driver_init+0x0/0xe @ 1
[    8.430228] initcall ged_driver_init+0x0/0xe returned 0 after 25 usecs
[    8.430228] calling  acpi_ac_init+0x0/0x92 @ 1
[    8.430228] initcall acpi_ac_init+0x0/0x92 returned 0 after 166 usecs
[    8.430228] calling  acpi_button_driver_init+0x0/0x52 @ 1
[    8.430228] input: Power Button as /devices/LNXSYSTM:00/LNXPWRBN:00/input/input0
[    8.561327] ACPI: Power Button [PWRF]
[    8.567232] initcall acpi_button_driver_init+0x0/0x52 returned 0 after 18140 usecs
[    8.578072] calling  acpi_fan_driver_init+0x0/0xe @ 1
[    8.585895] initcall acpi_fan_driver_init+0x0/0xe returned 0 after 166 usecs
[    8.596277] calling  acpi_video_init+0x0/0xcb @ 1
[    8.603363] initcall acpi_video_init+0x0/0xcb returned 0 after 85 usecs
[    8.613801] calling  acpi_processor_driver_init+0x0/0xad @ 1
[    8.624672] initcall acpi_processor_driver_init+0x0/0xad returned 0 after 2293 usecs
[    8.636340] calling  acpi_thermal_init+0x0/0x71 @ 1
[    8.644211] initcall acpi_thermal_init+0x0/0x71 returned 0 after 617 usecs
[    8.654944] calling  acpi_battery_init+0x0/0x32 @ 1
[    8.662673] initcall acpi_battery_init+0x0/0x32 returned 0 after 7 usecs
[    8.672905] calling  bgrt_init+0x0/0xb6 @ 1
[    8.679379] initcall bgrt_init+0x0/0xb6 returned -19 after 11 usecs
[    8.688593] calling  gpio_clk_driver_init+0x0/0xe @ 1
[    8.696462] initcall gpio_clk_driver_init+0x0/0xe returned 0 after 109 usecs
[    8.707369] calling  plt_clk_driver_init+0x0/0xe @ 1
[    8.714869] initcall plt_clk_driver_init+0x0/0xe returned 0 after 26 usecs
[    8.726316] calling  virtio_pci_driver_init+0x0/0x15 @ 1
[    8.735108] initcall virtio_pci_driver_init+0x0/0x15 returned 0 after 173 usecs
[    8.747076] calling  n_null_init+0x0/0x1e @ 1
[    8.754194] initcall n_null_init+0x0/0x1e returned 0 after 6 usecs
[    8.765342] calling  pty_init+0x0/0x1e8 @ 1
[    8.773238] initcall pty_init+0x0/0x1e8 returned 0 after 147 usecs
[    8.783844] calling  sysrq_init+0x0/0x62 @ 1
[    8.791296] initcall sysrq_init+0x0/0x62 returned 0 after 23 usecs
[    8.802641] calling  serial8250_init+0x0/0x17e @ 1
[    8.810839] Serial: 8250/16550 driver, 4 ports, IRQ sharing enabled
[    8.825453] 00:03: ttyS0 at I/O 0x3f8 (irq = 4, base_baud = 115200) is a 16550A
[    8.839614] initcall serial8250_init+0x0/0x17e returned 0 after 28300 usecs
[    8.851476] calling  serial_pci_driver_init+0x0/0x15 @ 1
[    8.861899] initcall serial_pci_driver_init+0x0/0x15 returned 0 after 402 usecs
[    8.874967] calling  exar_pci_driver_init+0x0/0x15 @ 1
[    8.885004] initcall exar_pci_driver_init+0x0/0x15 returned 0 after 37 usecs
[    8.895288] calling  lpss8250_pci_driver_init+0x0/0x15 @ 1
[    8.905171] initcall lpss8250_pci_driver_init+0x0/0x15 returned 0 after 46 usecs
[    8.918534] calling  mid8250_pci_driver_init+0x0/0x15 @ 1
[    8.928235] initcall mid8250_pci_driver_init+0x0/0x15 returned 0 after 46 usecs
[    8.940416] calling  virtio_console_init+0x0/0xff @ 1
[    8.947890] initcall virtio_console_init+0x0/0xff returned 0 after 56 usecs
[    8.958880] calling  hpet_init+0x0/0x64 @ 1
[    8.967426] initcall hpet_init+0x0/0x64 returned 0 after 889 usecs
[    8.977214] calling  nvram_module_init+0x0/0x83 @ 1
[    8.985160] Non-volatile memory driver v1.3
[    8.991666] initcall nvram_module_init+0x0/0x83 returned 0 after 6426 usecs
[    9.002576] calling  hwrng_modinit+0x0/0x8a @ 1
[    9.010022] initcall hwrng_modinit+0x0/0x8a returned 0 after 135 usecs
[    9.020587] calling  mod_init+0x0/0x48 @ 1
[    9.028200] initcall mod_init+0x0/0x48 returned -19 after 13 usecs
[    9.039671] calling  agp_init+0x0/0x23 @ 1
[    9.046950] Linux agpgart interface v0.103
[    9.053553] initcall agp_init+0x0/0x23 returned 0 after 6451 usecs
[    9.066410] calling  agp_amd64_mod_init+0x0/0x5 @ 1
[    9.078683] initcall agp_amd64_mod_init+0x0/0x5 returned -19 after 139 usecs
[    9.090514] calling  agp_intel_init+0x0/0x28 @ 1
[    9.100780] initcall agp_intel_init+0x0/0x28 returned 0 after 1202 usecs
[    9.110285] calling  drm_kms_helper_init+0x0/0x7 @ 1
[    9.117202] initcall drm_kms_helper_init+0x0/0x7 returned 0 after 103 usecs
[    9.127295] calling  drm_core_init+0x0/0xa4 @ 1
[    9.135095] initcall drm_core_init+0x0/0xa4 returned 0 after 926 usecs
[    9.145843] calling  i915_init+0x0/0x6b @ 1
[    9.153229] initcall i915_init+0x0/0x6b returned 0 after 1194 usecs
[    9.163152] calling  cn_proc_init+0x0/0x35 @ 1
[    9.170790] initcall cn_proc_init+0x0/0x35 returned 0 after 14 usecs
[    9.181068] calling  topology_sysfs_init+0x0/0x27 @ 1
[    9.189095] initcall topology_sysfs_init+0x0/0x27 returned 0 after 30 usecs
[    9.200283] calling  cacheinfo_sysfs_init+0x0/0x27 @ 1
[    9.212138] initcall cacheinfo_sysfs_init+0x0/0x27 returned 0 after 2651 usecs
[    9.225352] calling  loop_init+0x0/0x168 @ 1
[    9.286651] loop: module loaded
[    9.292420] initcall loop_init+0x0/0x168 returned 0 after 58575 usecs
[    9.303221] calling  mac_hid_init+0x0/0x21 @ 1
[    9.333051] initcall mac_hid_init+0x0/0x21 returned 0 after 5111 usecs
[    9.346521] calling  spi_transport_init+0x0/0x74 @ 1
[    9.363319] initcall spi_transport_init+0x0/0x74 returned 0 after 7166 usecs
[    9.382775] calling  init_sd+0x0/0x18c @ 1
[    9.401640] initcall init_sd+0x0/0x18c returned 0 after 11271 usecs
[    9.413013] calling  init_sr+0x0/0x43 @ 1
[    9.420576] initcall init_sr+0x0/0x43 returned 0 after 140 usecs
[    9.431620] calling  init_sg+0x0/0x1c0 @ 1
[    9.440698] initcall init_sg+0x0/0x1c0 returned 0 after 1154 usecs
[    9.452246] calling  ahci_pci_driver_init+0x0/0x15 @ 1
[    9.466156] ahci 0000:00:1f.2: version 3.0
[    9.481287] PCI Interrupt Link [GSIA] enabled at IRQ 16
[    9.519858] ahci 0000:00:1f.2: AHCI 0001.0000 32 slots 6 ports 1.5 Gbps 0x3f impl SATA mode
[    9.533633] ahci 0000:00:1f.2: flags: 64bit ncq only 
[    9.592074] scsi host0: ahci
[    9.604201] scsi host1: ahci
[    9.612097] scsi host2: ahci
[    9.619008] scsi host3: ahci
[    9.626192] scsi host4: ahci
[    9.633700] scsi host5: ahci
[    9.640380] ata1: SATA max UDMA/133 abar m4096@0xfebf1000 port 0xfebf1100 irq 24
[    9.652569] ata2: SATA max UDMA/133 abar m4096@0xfebf1000 port 0xfebf1180 irq 24
[    9.663647] ata3: SATA max UDMA/133 abar m4096@0xfebf1000 port 0xfebf1200 irq 24
[    9.676829] ata4: SATA max UDMA/133 abar m4096@0xfebf1000 port 0xfebf1280 irq 24
[    9.688738] ata5: SATA max UDMA/133 abar m4096@0xfebf1000 port 0xfebf1300 irq 24
[    9.699414] ata6: SATA max UDMA/133 abar m4096@0xfebf1000 port 0xfebf1380 irq 24
[    9.716213] initcall ahci_pci_driver_init+0x0/0x15 returned 0 after 249763 usecs
[    9.737197] calling  piix_init+0x0/0x26 @ 1
[    9.745934] initcall piix_init+0x0/0x26 returned 0 after 1316 usecs
[    9.757047] calling  amd_pci_driver_init+0x0/0x15 @ 1
[    9.765597] initcall amd_pci_driver_init+0x0/0x15 returned 0 after 123 usecs
[    9.776271] calling  oldpiix_pci_driver_init+0x0/0x15 @ 1
[    9.784838] initcall oldpiix_pci_driver_init+0x0/0x15 returned 0 after 590 usecs
[    9.797147] calling  sch_pci_driver_init+0x0/0x15 @ 1
[    9.806329] initcall sch_pci_driver_init+0x0/0x15 returned 0 after 61 usecs
[    9.818049] calling  net_olddevs_init+0x0/0x55 @ 1
[    9.826742] initcall net_olddevs_init+0x0/0x55 returned 0 after 1134 usecs
[    9.838128] calling  blackhole_netdev_init+0x0/0x78 @ 1
[    9.848147] initcall blackhole_netdev_init+0x0/0x78 returned 0 after 2030 usecs
[    9.858915] calling  phy_module_init+0x0/0x13 @ 1
[    9.867528] initcall phy_module_init+0x0/0x13 returned 0 after 1426 usecs
[    9.876932] calling  tg3_driver_init+0x0/0x15 @ 1
[    9.885517] initcall tg3_driver_init+0x0/0x15 returned 0 after 757 usecs
[    9.896946] calling  e100_init_module+0x0/0x4c @ 1
[    9.905995] e100: Intel(R) PRO/100 Network Driver
[    9.913875] e100: Copyright(c) 1999-2006 Intel Corporation
[    9.922724] initcall e100_init_module+0x0/0x4c returned 0 after 16563 usecs
[    9.933743] calling  e1000_init_module+0x0/0x72 @ 1
[    9.942271] e1000: Intel(R) PRO/1000 Network Driver
[    9.950918] e1000: Copyright (c) 1999-2006 Intel Corporation.
[    9.962353] initcall e1000_init_module+0x0/0x72 returned 0 after 20685 usecs
[    9.975205] calling  e1000_init_module+0x0/0x2d @ 1
[    9.984264] e1000e: Intel(R) PRO/1000 Network Driver
[    9.992951] e1000e: Copyright(c) 1999 - 2015 Intel Corporation.
[   10.003336] initcall e1000_init_module+0x0/0x2d returned 0 after 19264 usecs
[   10.015397] calling  sky2_init_module+0x0/0x21 @ 1
[   10.023381] sky2: driver version 1.30
[   10.030343] initcall sky2_init_module+0x0/0x21 returned 0 after 7229 usecs
[   10.042698] ata1: SATA link down (SStatus 0 SControl 300)
[   10.051447] calling  forcedeth_pci_driver_init+0x0/0x15 @ 1
[   10.063468] ata4: SATA link down (SStatus 0 SControl 300)
[   10.073245] initcall forcedeth_pci_driver_init+0x0/0x15 returned 0 after 12031 usecs
[   10.088146] ata3: SATA link up 1.5 Gbps (SStatus 113 SControl 300)
[   10.101038] calling  rtl8139_init_module+0x0/0x15 @ 1
[   10.104943] ata2: SATA link down (SStatus 0 SControl 300)
[   10.113717] initcall rtl8139_init_module+0x0/0x15 returned 0 after 1374 usecs
[   10.129593] ata5: SATA link down (SStatus 0 SControl 300)
[   10.134720] ata6: SATA link down (SStatus 0 SControl 300)
[   10.141982] calling  rtl8169_pci_driver_init+0x0/0x15 @ 1
[   10.142103] initcall rtl8169_pci_driver_init+0x0/0x15 returned 0 after 114 usecs
[   10.154226] ata3.00: ATAPI: QEMU DVD-ROM, 2.5+, max UDMA/100
[   10.163242] calling  cdrom_init+0x0/0xc @ 1
[   10.175582] ata3.00: applying bridge limits
[   10.185645] initcall cdrom_init+0x0/0xc returned 0 after 443 usecs
[   10.194104] ata3.00: configured for UDMA/100
[   10.198633] calling  nonstatic_sysfs_init+0x0/0xc @ 1
[   10.225073] initcall nonstatic_sysfs_init+0x0/0xc returned 0 after 184 usecs
[   10.228573] scsi 2:0:0:0: CD-ROM            QEMU     QEMU DVD-ROM     2.5+ PQ: 0 ANSI: 5
[   10.235556] calling  yenta_cardbus_driver_init+0x0/0x15 @ 1
[   10.257018] initcall yenta_cardbus_driver_init+0x0/0x15 returned 0 after 685 usecs
[   10.272769] calling  mon_init+0x0/0x12d @ 1
[   10.285478] sr 2:0:0:0: [sr0] scsi3-mmc drive: 4x/4x cd/rw xa/form2 tray
[   10.305859] cdrom: Uniform CD-ROM driver Revision: 3.20
[   10.306754] initcall mon_init+0x0/0x12d returned 0 after 25783 usecs
[   10.327968] calling  ehci_hcd_init+0x0/0x56 @ 1
[   10.336580] ehci_hcd: USB 2.0 'Enhanced' Host Controller (EHCI) Driver
[   10.347396] initcall ehci_hcd_init+0x0/0x56 returned 0 after 10767 usecs
[   10.358630] calling  ehci_pci_init+0x0/0x64 @ 1
[   10.367545] ehci-pci: EHCI PCI platform driver
[   10.382635] initcall ehci_pci_init+0x0/0x64 returned 0 after 14739 usecs
[   10.393229] calling  ohci_hcd_mod_init+0x0/0x4e @ 1
[   10.396340] sr 2:0:0:0: Attached scsi CD-ROM sr0
[   10.401489] ohci_hcd: USB 1.1 'Open' Host Controller (OHCI) Driver
[   10.410240] sr 2:0:0:0: Attached scsi generic sg0 type 5
[   10.420407] initcall ohci_hcd_mod_init+0x0/0x4e returned 0 after 18526 usecs
[   10.440696] calling  ohci_pci_init+0x0/0x64 @ 1
[   10.448995] ohci-pci: OHCI PCI platform driver
[   10.457152] initcall ohci_pci_init+0x0/0x64 returned 0 after 7988 usecs
[   10.469679] calling  uhci_hcd_init+0x0/0xa8 @ 1
[   10.478584] uhci_hcd: USB Universal Host Controller Interface driver
[   10.490583] initcall uhci_hcd_init+0x0/0xa8 returned 0 after 11715 usecs
[   10.502615] calling  xhci_hcd_init+0x0/0x1e @ 1
[   10.511354] initcall xhci_hcd_init+0x0/0x1e returned 0 after 93 usecs
[   10.524536] calling  xhci_pci_init+0x0/0x49 @ 1
[   10.533001] initcall xhci_pci_init+0x0/0x49 returned 0 after 482 usecs
[   10.544996] calling  usblp_driver_init+0x0/0x15 @ 1
[   10.553058] usbcore: registered new interface driver usblp
[   10.560890] initcall usblp_driver_init+0x0/0x15 returned 0 after 7756 usecs
[   10.571664] calling  usb_storage_driver_init+0x0/0x2a @ 1
[   10.581638] usbcore: registered new interface driver usb-storage
[   10.592518] initcall usb_storage_driver_init+0x0/0x2a returned 0 after 11194 usecs
[   10.605673] calling  i8042_init+0x0/0x4c2 @ 1
[   10.615746] i8042: PNP: PS/2 Controller [PNP0303:KBD,PNP0f13:MOU] at 0x60,0x64 irq 1,12
[   10.650745] serio: i8042 KBD port at 0x60,0x64 irq 1
[   10.662247] serio: i8042 AUX port at 0x60,0x64 irq 12
[   10.671257] initcall i8042_init+0x0/0x4c2 returned 0 after 55774 usecs
[   10.682577] calling  serport_init+0x0/0x2c @ 1
[   10.690952] initcall serport_init+0x0/0x2c returned 0 after 219 usecs
[   10.703170] calling  input_leds_init+0x0/0xc @ 1
[   10.712309] initcall input_leds_init+0x0/0xc returned 0 after 541 usecs
[   10.725233] calling  evdev_init+0x0/0xc @ 1
[   10.734475] initcall evdev_init+0x0/0xc returned 0 after 935 usecs
[   10.745617] calling  atkbd_init+0x0/0x21 @ 1
[   10.758816] initcall atkbd_init+0x0/0x21 returned 0 after 3620 usecs
[   10.764211] input: AT Translated Set 2 keyboard as /devices/platform/i8042/serio0/input/input1
[   10.770163] calling  psmouse_init+0x0/0x7f @ 1
[   10.795601] initcall psmouse_init+0x0/0x7f returned 0 after 230 usecs
[   10.807139] calling  cmos_init+0x0/0x73 @ 1
[   10.819004] rtc_cmos 00:04: RTC can wake from S4
[   10.840287] rtc_cmos 00:04: registered as rtc0
[   10.849321] rtc_cmos 00:04: alarms up to one day, y3k, 242 bytes nvram, hpet irqs
[   10.862991] initcall cmos_init+0x0/0x73 returned 0 after 46603 usecs
[   10.874733] calling  smbalert_driver_init+0x0/0xe @ 1
[   10.891173] initcall smbalert_driver_init+0x0/0xe returned 0 after 734 usecs
[   10.903291] calling  i2c_i801_init+0x0/0xc5 @ 1
[   10.919518] i801_smbus 0000:00:1f.3: SMBus using PCI interrupt
[   10.933535] i2c i2c-0: 1/1 memory slots populated (from DMI)
[   10.943425] i2c i2c-0: Memory type 0x07 not supported yet, not instantiating SPD
[   10.958058] initcall i2c_i801_init+0x0/0xc5 returned 0 after 45434 usecs
[   10.968745] calling  ptp_kvm_init+0x0/0xf0 @ 1
[   10.983177] initcall ptp_kvm_init+0x0/0xf0 returned 0 after 5812 usecs
[   10.994318] calling  dm_init+0x0/0x3c @ 1
[   11.006327] device-mapper: ioctl: 4.43.0-ioctl (2020-10-01) initialised: dm-devel@redhat.com
[   11.020404] initcall dm_init+0x0/0x3c returned 0 after 18307 usecs
[   11.030801] calling  dm_mirror_init+0x0/0x29 @ 1
[   11.040601] initcall dm_mirror_init+0x0/0x29 returned 0 after 42 usecs
[   11.051634] calling  dm_dirty_log_init+0x0/0x4f @ 1
[   11.060275] initcall dm_dirty_log_init+0x0/0x4f returned 0 after 164 usecs
[   11.072559] calling  dm_zero_init+0x0/0x29 @ 1
[   11.080664] initcall dm_zero_init+0x0/0x29 returned 0 after 1 usecs
[   11.091058] calling  intel_pstate_init+0x0/0x510 @ 1
[   11.102174] intel_pstate: CPU model not supported
[   11.110986] initcall intel_pstate_init+0x0/0x510 returned -19 after 8725 usecs
[   11.123609] calling  haltpoll_init+0x0/0xc0 @ 1
[   11.133290] initcall haltpoll_init+0x0/0xc0 returned -19 after 1091 usecs
[   11.144758] calling  efivars_sysfs_init+0x0/0x30 @ 1
[   11.152914] initcall efivars_sysfs_init+0x0/0x30 returned 0 after 72 usecs
[   11.163881] calling  esrt_sysfs_init+0x0/0x2a2 @ 1
[   11.171496] initcall esrt_sysfs_init+0x0/0x2a2 returned -38 after 91 usecs
[   11.182149] calling  hid_init+0x0/0x5c @ 1
[   11.189266] hid: raw HID events driver (C) Jiri Kosina
[   11.198839] initcall hid_init+0x0/0x5c returned 0 after 10531 usecs
[   11.208563] calling  hid_generic_init+0x0/0x15 @ 1
[   11.217019] initcall hid_generic_init+0x0/0x15 returned 0 after 290 usecs
[   11.226663] calling  a4_driver_init+0x0/0x15 @ 1
[   11.233276] initcall a4_driver_init+0x0/0x15 returned 0 after 76 usecs
[   11.242987] calling  apple_driver_init+0x0/0x15 @ 1
[   11.250166] initcall apple_driver_init+0x0/0x15 returned 0 after 40 usecs
[   11.263658] calling  belkin_driver_init+0x0/0x15 @ 1
[   11.274700] initcall belkin_driver_init+0x0/0x15 returned 0 after 265 usecs
[   11.285539] calling  ch_driver_init+0x0/0x15 @ 1
[   11.293083] initcall ch_driver_init+0x0/0x15 returned 0 after 408 usecs
[   11.304407] calling  ch_driver_init+0x0/0x15 @ 1
[   11.312223] initcall ch_driver_init+0x0/0x15 returned 0 after 281 usecs
[   11.322302] calling  cp_driver_init+0x0/0x15 @ 1
[   11.329616] initcall cp_driver_init+0x0/0x15 returned 0 after 234 usecs
[   11.340111] calling  ez_driver_init+0x0/0x15 @ 1
[   11.350434] initcall ez_driver_init+0x0/0x15 returned 0 after 2685 usecs
[   11.360554] calling  gyration_driver_init+0x0/0x15 @ 1
[   11.370218] initcall gyration_driver_init+0x0/0x15 returned 0 after 279 usecs
[   11.381575] calling  ite_driver_init+0x0/0x15 @ 1
[   11.389057] initcall ite_driver_init+0x0/0x15 returned 0 after 236 usecs
[   11.399084] calling  ks_driver_init+0x0/0x15 @ 1
[   11.406873] initcall ks_driver_init+0x0/0x15 returned 0 after 31 usecs
[   11.417807] calling  lg_driver_init+0x0/0x15 @ 1
[   11.425055] initcall lg_driver_init+0x0/0x15 returned 0 after 28 usecs
[   11.434863] calling  lg_g15_driver_init+0x0/0x15 @ 1
[   11.442251] initcall lg_g15_driver_init+0x0/0x15 returned 0 after 39 usecs
[   11.461883] calling  ms_driver_init+0x0/0x15 @ 1
[   11.481073] initcall ms_driver_init+0x0/0x15 returned 0 after 9465 usecs
[   11.492596] calling  mr_driver_init+0x0/0x15 @ 1
[   11.500413] initcall mr_driver_init+0x0/0x15 returned 0 after 27 usecs
[   11.511028] calling  ntrig_driver_init+0x0/0x15 @ 1
[   11.519460] initcall ntrig_driver_init+0x0/0x15 returned 0 after 234 usecs
[   11.530667] calling  pl_driver_init+0x0/0x15 @ 1
[   11.538949] initcall pl_driver_init+0x0/0x15 returned 0 after 51 usecs
[   11.549151] calling  pl_driver_init+0x0/0x15 @ 1
[   11.556654] initcall pl_driver_init+0x0/0x15 returned 0 after 134 usecs
[   11.566337] calling  redragon_driver_init+0x0/0x15 @ 1
[   11.574003] initcall redragon_driver_init+0x0/0x15 returned 0 after 24 usecs
[   11.584620] calling  samsung_driver_init+0x0/0x15 @ 1
[   11.591966] initcall samsung_driver_init+0x0/0x15 returned 0 after 51 usecs
[   11.604550] calling  sony_init+0x0/0x38 @ 1
[   11.612255] initcall sony_init+0x0/0x38 returned 0 after 420 usecs
[   11.622063] calling  sp_driver_init+0x0/0x15 @ 1
[   11.629389] initcall sp_driver_init+0x0/0x15 returned 0 after 234 usecs
[   11.640071] calling  ts_driver_init+0x0/0x15 @ 1
[   11.647244] initcall ts_driver_init+0x0/0x15 returned 0 after 258 usecs
[   11.657093] calling  hid_init+0x0/0x58 @ 1
[   11.665454] usbcore: registered new interface driver usbhid
[   11.674080] usbhid: USB HID core driver
[   11.680289] initcall hid_init+0x0/0x58 returned 0 after 16433 usecs
[   11.688629] calling  eeepc_laptop_init+0x0/0x57 @ 1
[   11.696663] initcall eeepc_laptop_init+0x0/0x57 returned -19 after 1356 usecs
[   11.706230] calling  pmc_atom_init+0x0/0x27a @ 1
[   11.713473] initcall pmc_atom_init+0x0/0x27a returned -19 after 994 usecs
[   11.722454] calling  alsa_hwdep_init+0x0/0x5e @ 1
[   11.730063] initcall alsa_hwdep_init+0x0/0x5e returned 0 after 739 usecs
[   11.739894] calling  alsa_timer_init+0x0/0x1f0 @ 1
[   11.750571] initcall alsa_timer_init+0x0/0x1f0 returned 0 after 3925 usecs
[   11.760553] calling  snd_hrtimer_init+0x0/0x117 @ 1
[   11.767601] initcall snd_hrtimer_init+0x0/0x117 returned 0 after 2 usecs
[   11.776863] calling  alsa_pcm_init+0x0/0x64 @ 1
[   11.783227] initcall alsa_pcm_init+0x0/0x64 returned 0 after 5 usecs
[   11.792617] calling  alsa_seq_init+0x0/0x4a @ 1
[   11.800372] initcall alsa_seq_init+0x0/0x4a returned 0 after 855 usecs
[   11.809694] calling  alsa_seq_dummy_init+0x0/0x9c @ 1
[   11.817141] initcall alsa_seq_dummy_init+0x0/0x9c returned 0 after 51 usecs
[   11.826187] calling  azx_driver_init+0x0/0x15 @ 1
[   11.833277] initcall azx_driver_init+0x0/0x15 returned 0 after 803 usecs
[   11.842359] calling  sock_diag_init+0x0/0x2a @ 1
[   11.850153] initcall sock_diag_init+0x0/0x2a returned 0 after 1100 usecs
[   11.859182] calling  blackhole_init+0x0/0xc @ 1
[   11.865092] initcall blackhole_init+0x0/0xc returned 0 after 58 usecs
[   11.874013] calling  nfnetlink_init+0x0/0x57 @ 1
[   11.880706] initcall nfnetlink_init+0x0/0x57 returned 0 after 140 usecs
[   11.890015] calling  nfnetlink_log_init+0x0/0x99 @ 1
[   11.896761] initcall nfnetlink_log_init+0x0/0x99 returned 0 after 183 usecs
[   11.906620] calling  nf_conntrack_standalone_init+0x0/0x87 @ 1
[   11.923233] initcall nf_conntrack_standalone_init+0x0/0x87 returned 0 after 7378 usecs
[   11.936961] calling  ctnetlink_init+0x0/0x83 @ 1
[   11.945019] initcall ctnetlink_init+0x0/0x83 returned 0 after 399 usecs
[   11.956355] calling  nf_conntrack_ftp_init+0x0/0x12c @ 1
[   11.965049] initcall nf_conntrack_ftp_init+0x0/0x12c returned 0 after 269 usecs
[   11.976582] calling  nf_conntrack_irc_init+0x0/0x129 @ 1
[   11.985493] initcall nf_conntrack_irc_init+0x0/0x129 returned 0 after 303 usecs
[   11.997128] calling  nf_conntrack_sip_init+0x0/0x172 @ 1
[   12.005880] initcall nf_conntrack_sip_init+0x0/0x172 returned 0 after 297 usecs
[   12.017464] calling  nf_nat_init+0x0/0xd2 @ 1
[   12.027582] initcall nf_nat_init+0x0/0xd2 returned 0 after 2529 usecs
[   12.037521] calling  nf_nat_ftp_init+0x0/0x2a @ 1
[   12.045165] initcall nf_nat_ftp_init+0x0/0x2a returned 0 after 311 usecs
[   12.055566] calling  nf_nat_irc_init+0x0/0x2a @ 1
[   12.063026] initcall nf_nat_irc_init+0x0/0x2a returned 0 after 241 usecs
[   12.073641] calling  nf_nat_sip_init+0x0/0x36 @ 1
[   12.080580] initcall nf_nat_sip_init+0x0/0x36 returned 0 after 209 usecs
[   12.090711] input: ImExPS/2 Generic Explorer Mouse as /devices/platform/i8042/serio1/input/input3
[   12.107628] calling  xt_init+0x0/0xf8 @ 1
[   12.115113] initcall xt_init+0x0/0xf8 returned 0 after 927 usecs
[   12.124686] calling  tcpudp_mt_init+0x0/0x11 @ 1
[   12.132212] initcall tcpudp_mt_init+0x0/0x11 returned 0 after 45 usecs
[   12.141921] calling  connsecmark_tg_init+0x0/0xc @ 1
[   12.152192] initcall connsecmark_tg_init+0x0/0xc returned 0 after 2699 usecs
[   12.162438] calling  nflog_tg_init+0x0/0xc @ 1
[   12.168577] initcall nflog_tg_init+0x0/0xc returned 0 after 5 usecs
[   12.192228] calling  secmark_tg_init+0x0/0x11 @ 1
[   12.198405] initcall secmark_tg_init+0x0/0x11 returned 0 after 5 usecs
[   12.206934] calling  tcpmss_tg_init+0x0/0x11 @ 1
[   12.213132] initcall tcpmss_tg_init+0x0/0x11 returned 0 after 5 usecs
[   12.221705] calling  conntrack_mt_init+0x0/0x11 @ 1
[   12.228406] initcall conntrack_mt_init+0x0/0x11 returned 0 after 1 usecs
[   12.237365] calling  policy_mt_init+0x0/0x11 @ 1
[   12.243565] initcall policy_mt_init+0x0/0x11 returned 0 after 5 usecs
[   12.252708] calling  state_mt_init+0x0/0xc @ 1
[   12.269998] initcall state_mt_init+0x0/0xc returned 0 after 200 usecs
[   12.279327] calling  gre_offload_init+0x0/0x48 @ 1
[   12.298350] initcall gre_offload_init+0x0/0x48 returned 0 after 604 usecs
[   12.320042] calling  sysctl_ipv4_init+0x0/0x46 @ 1
[   12.327295] initcall sysctl_ipv4_init+0x0/0x46 returned 0 after 456 usecs
[   12.338544] calling  tunnel4_init+0x0/0x58 @ 1
[   12.345408] initcall tunnel4_init+0x0/0x58 returned 0 after 211 usecs
[   12.362728] calling  nf_defrag_init+0x0/0xc @ 1
[   12.370548] initcall nf_defrag_init+0x0/0xc returned 0 after 22 usecs
[   12.382247] calling  ip_tables_init+0x0/0x8d @ 1
