c[?7l[2J[0mSeaBIOS (version 1.16.0-debian-1.16.0-4)
Booting from ROM...
early console in setup code
c[?7l[2J[    0.000000] Linux version 5.10.152+ (root@joelboxx.c.googlers.com) (gcc (Debian 12.2.0-3) 12.2.0, GNU ld (GNU Binutils for Debian) 2.39) #1 SMP PREEMPT Tue Dec 13 08:06:11 UTC 2022
[    0.000000] Command line: selinux=0 initcall_debug debug console=ttyS0 rcutorture.onoff_interval=200 rcutorture.onoff_holdoff=30 rcutree.gp_preinit_delay=12 rcutree.gp_init_delay=3 rcutree.gp_cleanup_delay=3 rcutree.kthread_prio=2 threadirqs rcutorture.n_barrier_cbs=4 rcutorture.stat_interval=15 rcutorture.shutdown_secs=1800 rcutorture.test_no_idle_hz=1 rcutorture.verbose=1
[    0.000000] x86/fpu: x87 FPU will use FXSAVE
[    0.000000] BIOS-provided physical RAM map:
[    0.000000] BIOS-e820: [mem 0x0000000000000000-0x000000000009fbff] usable
[    0.000000] BIOS-e820: [mem 0x000000000009fc00-0x000000000009ffff] reserved
[    0.000000] BIOS-e820: [mem 0x00000000000f0000-0x00000000000fffff] reserved
[    0.000000] BIOS-e820: [mem 0x0000000000100000-0x000000001ffdefff] usable
[    0.000000] BIOS-e820: [mem 0x000000001ffdf000-0x000000001fffffff] reserved
[    0.000000] BIOS-e820: [mem 0x00000000b0000000-0x00000000bfffffff] reserved
[    0.000000] BIOS-e820: [mem 0x00000000fed1c000-0x00000000fed1ffff] reserved
[    0.000000] BIOS-e820: [mem 0x00000000feffc000-0x00000000feffffff] reserved
[    0.000000] BIOS-e820: [mem 0x00000000fffc0000-0x00000000ffffffff] reserved
[    0.000000] NX (Execute Disable) protection: active
[    0.000000] SMBIOS 2.8 present.
[    0.000000] DMI: QEMU Standard PC (Q35 + ICH9, 2009), BIOS 1.16.0-debian-1.16.0-4 04/01/2014
[    0.000000] Hypervisor detected: KVM
[    0.000000] kvm-clock: Using msrs 4b564d01 and 4b564d00
[    0.000000] kvm-clock: cpu 0, msr 1b8ba001, primary cpu clock
[    0.000001] kvm-clock: using sched offset of 2703089936 cycles
[    0.000197] clocksource: kvm-clock: mask: 0xffffffffffffffff max_cycles: 0x1cd42e4dffb, max_idle_ns: 881590591483 ns
[    0.000303] tsc: Detected 1999.999 MHz processor
[    0.006710] e820: update [mem 0x00000000-0x00000fff] usable ==> reserved
[    0.006715] e820: remove [mem 0x000a0000-0x000fffff] usable
[    0.006722] last_pfn = 0x1ffdf max_arch_pfn = 0x400000000
[    0.007578] MTRR default type: write-back
[    0.007629] MTRR fixed ranges enabled:
[    0.007630]   00000-9FFFF write-back
[    0.007632]   A0000-BFFFF uncachable
[    0.007633]   C0000-FFFFF write-protect
[    0.007634] MTRR variable ranges enabled:
[    0.007636]   0 base 00C0000000 mask FFC0000000 uncachable
[    0.007637]   1 disabled
[    0.007638]   2 disabled
[    0.007639]   3 disabled
[    0.007640]   4 disabled
[    0.007640]   5 disabled
[    0.007641]   6 disabled
[    0.007642]   7 disabled
[    0.007947] x86/PAT: Configuration [0-7]: WB  WC  UC- UC  WB  WC  UC- UC  
[    0.016902] found SMP MP-table at [mem 0x000f5ba0-0x000f5baf]
[    0.019495] check: Scanning 1 areas for low memory corruption
[    0.028187] ACPI: Early table checksum verification disabled
[    0.030033] ACPI: RSDP 0x00000000000F59E0 000014 (v00 BOCHS )
[    0.030360] ACPI: RSDT 0x000000001FFE281A 000038 (v01 BOCHS  BXPC     00000001 BXPC 00000001)
[    0.030569] ACPI: FACP 0x000000001FFE259A 0000F4 (v03 BOCHS  BXPC     00000001 BXPC 00000001)
[    0.030689] ACPI: DSDT 0x000000001FFE0040 00255A (v01 BOCHS  BXPC     00000001 BXPC 00000001)
[    0.030693] ACPI: FACS 0x000000001FFE0000 000040
[    0.030697] ACPI: APIC 0x000000001FFE268E 0000F0 (v01 BOCHS  BXPC     00000001 BXPC 00000001)
[    0.030702] ACPI: HPET 0x000000001FFE277E 000038 (v01 BOCHS  BXPC     00000001 BXPC 00000001)
[    0.030706] ACPI: MCFG 0x000000001FFE27B6 00003C (v01 BOCHS  BXPC     00000001 BXPC 00000001)
[    0.030711] ACPI: WAET 0x000000001FFE27F2 000028 (v01 BOCHS  BXPC     00000001 BXPC 00000001)
[    0.030715] ACPI: Reserving FACP table memory at [mem 0x1ffe259a-0x1ffe268d]
[    0.030716] ACPI: Reserving DSDT table memory at [mem 0x1ffe0040-0x1ffe2599]
[    0.030718] ACPI: Reserving FACS table memory at [mem 0x1ffe0000-0x1ffe003f]
[    0.030719] ACPI: Reserving APIC table memory at [mem 0x1ffe268e-0x1ffe277d]
[    0.030720] ACPI: Reserving HPET table memory at [mem 0x1ffe277e-0x1ffe27b5]
[    0.030721] ACPI: Reserving MCFG table memory at [mem 0x1ffe27b6-0x1ffe27f1]
[    0.030722] ACPI: Reserving WAET table memory at [mem 0x1ffe27f2-0x1ffe2819]
[    0.031676] ACPI: Local APIC address 0xfee00000
[    0.036381] No NUMA configuration found
[    0.036436] Faking a node at [mem 0x0000000000000000-0x000000001ffdefff]
[    0.036712] NODE_DATA(0) allocated [mem 0x1ffdb000-0x1ffdefff]
[    0.038424] Zone ranges:
[    0.038547]   DMA      [mem 0x0000000000001000-0x0000000000ffffff]
[    0.038620]   DMA32    [mem 0x0000000001000000-0x000000001ffdefff]
[    0.038622]   Normal   empty
[    0.038623] Movable zone start for each node
[    0.038624] Early memory node ranges
[    0.038666]   node   0: [mem 0x0000000000001000-0x000000000009efff]
[    0.038715]   node   0: [mem 0x0000000000100000-0x000000001ffdefff]
[    0.038812] Initmem setup node 0 [mem 0x0000000000001000-0x000000001ffdefff]
[    0.038815] On node 0 totalpages: 130941
[    0.038933]   DMA zone: 64 pages used for memmap
[    0.038934]   DMA zone: 21 pages reserved
[    0.038999]   DMA zone: 3998 pages, LIFO batch:0
[    0.039001]   DMA32 zone: 1984 pages used for memmap
[    0.039002]   DMA32 zone: 126943 pages, LIFO batch:31
[    0.040121] On node 0, zone DMA: 1 pages in unavailable ranges
[    0.044243] On node 0, zone DMA: 97 pages in unavailable ranges
[    0.144697] On node 0, zone DMA32: 33 pages in unavailable ranges
[    0.148148] ACPI: PM-Timer IO Port: 0x608
[    0.148153] ACPI: Local APIC address 0xfee00000
[    0.148320] ACPI: LAPIC_NMI (acpi_id[0xff] dfl dfl lint[0x1])
[    0.149102] IOAPIC[0]: apic_id 0, version 17, address 0xfec00000, GSI 0-23
[    0.149107] ACPI: INT_SRC_OVR (bus 0 bus_irq 0 global_irq 2 dfl dfl)
[    0.149143] ACPI: INT_SRC_OVR (bus 0 bus_irq 5 global_irq 5 high level)
[    0.149144] ACPI: INT_SRC_OVR (bus 0 bus_irq 9 global_irq 9 high level)
[    0.149229] ACPI: INT_SRC_OVR (bus 0 bus_irq 10 global_irq 10 high level)
[    0.149230] ACPI: INT_SRC_OVR (bus 0 bus_irq 11 global_irq 11 high level)
[    0.149232] ACPI: IRQ0 used by override.
[    0.149233] ACPI: IRQ5 used by override.
[    0.149234] ACPI: IRQ9 used by override.
[    0.149235] ACPI: IRQ10 used by override.
[    0.149236] ACPI: IRQ11 used by override.
[    0.149269] Using ACPI (MADT) for SMP configuration information
[    0.149271] ACPI: HPET id: 0x8086a201 base: 0xfed00000
[    0.149592] smpboot: Allowing 16 CPUs, 0 hotplug CPUs
[    0.150545] PM: hibernation: Registered nosave memory: [mem 0x00000000-0x00000fff]
[    0.150547] PM: hibernation: Registered nosave memory: [mem 0x0009f000-0x0009ffff]
[    0.150549] PM: hibernation: Registered nosave memory: [mem 0x000a0000-0x000effff]
[    0.150550] PM: hibernation: Registered nosave memory: [mem 0x000f0000-0x000fffff]
[    0.150571] [mem 0x20000000-0xafffffff] available for PCI devices
[    0.150628] Booting paravirtualized kernel on KVM
[    0.151094] clocksource: refined-jiffies: mask: 0xffffffff max_cycles: 0xffffffff, max_idle_ns: 1910969940391419 ns
[    0.165731] setup_percpu: NR_CPUS:16 nr_cpumask_bits:16 nr_cpu_ids:16 nr_node_ids:1
[    0.196973] percpu: Embedded 55 pages/cpu s186328 r8192 d30760 u262144
[    0.196995] pcpu-alloc: s186328 r8192 d30760 u262144 alloc=1*2097152
[    0.197010] pcpu-alloc: [0] 00 01 02 03 04 05 06 07 [0] 08 09 10 11 12 13 14 15 
[    0.197231] kvm-guest: stealtime: cpu 0, msr 1f21b600
[    0.197294] Built 1 zonelists, mobility grouping on.  Total pages: 128872
[    0.197295] Policy zone: DMA32
[    0.197357] Kernel command line: selinux=0 initcall_debug debug console=ttyS0 rcutorture.onoff_interval=200 rcutorture.onoff_holdoff=30 rcutree.gp_preinit_delay=12 rcutree.gp_init_delay=3 rcutree.gp_cleanup_delay=3 rcutree.kthread_prio=2 threadirqs rcutorture.n_barrier_cbs=4 rcutorture.stat_interval=15 rcutorture.shutdown_secs=1800 rcutorture.test_no_idle_hz=1 rcutorture.verbose=1
[    0.211214] Dentry cache hash table entries: 65536 (order: 7, 524288 bytes, linear)
[    0.213262] Inode-cache hash table entries: 32768 (order: 6, 262144 bytes, linear)
[    0.214007] mem auto-init: stack:all(zero), heap alloc:off, heap free:off
[    0.218171] Memory: 476004K/523764K available (16397K kernel code, 2561K rwdata, 4696K rodata, 1492K init, 1408K bss, 47500K reserved, 0K cma-reserved)
[    0.218542] SLUB: HWalign=64, Order=0-3, MinObjects=0, CPUs=16, Nodes=1
[    0.218701] Kernel/User page tables isolation: enabled
[    0.222818] rcu: Preemptible hierarchical RCU implementation.
[    0.222821] rcu: 	RCU event tracing is enabled.
[    0.222822] rcu: 	CONFIG_RCU_FANOUT set to non-default value of 2.
[    0.222823] rcu: 	Four(or more)-level hierarchy is enabled.
[    0.222824] rcu: 	Build-time adjustment of leaf fanout to 2.
[    0.222846] rcu: 	RCU priority boosting: priority 2 delay 500 ms.
[    0.222847] rcu: 	RCU debug GP pre-init slowdown 12 jiffies.
[    0.222849] rcu: 	RCU debug GP init slowdown 3 jiffies.
[    0.222850] rcu: 	RCU debug GP init slowdown 3 jiffies.
[    0.222888] 	Trampoline variant of Tasks RCU enabled.
[    0.222890] 	Rude variant of Tasks RCU enabled.
[    0.222905] 	Tracing variant of Tasks RCU enabled.
[    0.222950] rcu: RCU calculated value of scheduler-enlistment delay is 100 jiffies.
[    0.229285] NR_IRQS: 4352, nr_irqs: 552, preallocated irqs: 16
[    0.231099] calling  con_init+0x0/0x22a @ 0
[    0.329459] Console: colour VGA+ 80x25
[    0.329470] initcall con_init+0x0/0x22a returned 0 after 0 usecs
[    0.329473] calling  hvc_console_init+0x0/0x13 @ 0
[    0.329484] initcall hvc_console_init+0x0/0x13 returned 0 after 0 usecs
[    0.329486] calling  univ8250_console_init+0x0/0x26 @ 0
[    1.362704] printk: console [ttyS0] enabled
[    1.367508] initcall univ8250_console_init+0x0/0x26 returned 0 after 0 usecs
[    1.375567] ACPI: Core revision 20200925
[    1.381201] clocksource: hpet: mask: 0xffffffff max_cycles: 0xffffffff, max_idle_ns: 19112604467 ns
[    1.394656] APIC: Switch to symmetric I/O mode setup
[    1.400529] Switched APIC routing to physical flat.
[    1.422795] ..TIMER: vector=0x30 apic1=0 pin1=2 apic2=-1 pin2=-1
[    1.430351] clocksource: tsc-early: mask: 0xffffffffffffffff max_cycles: 0x39a85afc727, max_idle_ns: 881590685098 ns
[    1.442840] Calibrating delay loop (skipped) preset value.. 3999.99 BogoMIPS (lpj=1999999)
[    1.443823] pid_max: default: 32768 minimum: 301
[    1.444973] LSM: Security Framework initializing
[    1.446911] Mount-cache hash table entries: 1024 (order: 1, 8192 bytes, linear)
[    1.447870] Mountpoint-cache hash table entries: 1024 (order: 1, 8192 bytes, linear)
[    1.455819] Last level iTLB entries: 4KB 0, 2MB 0, 4MB 0
[    1.456840] Last level dTLB entries: 4KB 0, 2MB 0, 4MB 0, 1GB 0
[    1.457866] Spectre V1 : Mitigation: usercopy/swapgs barriers and __user pointer sanitization
[    1.458821] Spectre V2 : Mitigation: Retpolines
[    1.459818] Spectre V2 : Spectre v2 / SpectreRSB mitigation: Filling RSB on context switch
[    1.460818] Spectre V2 : Spectre v2 / SpectreRSB : Filling RSB on VMEXIT
[    1.461819] Speculative Store Bypass: Vulnerable
[    1.462822] MDS: Vulnerable: Clear CPU buffers attempted, no microcode
[    1.463817] MMIO Stale Data: Unknown: No mitigations
[    1.537349] Freeing SMP alternatives memory: 40K
[    1.642765] smpboot: CPU0: Intel Common KVM processor (family: 0xf, model: 0x6, stepping: 0x1)
[    1.644467] calling  init_hw_perf_events+0x0/0x6ce @ 1
[    1.644821] Performance Events: unsupported Netburst CPU model 6 no PMU driver, software events only.
[    1.645832] initcall init_hw_perf_events+0x0/0x6ce returned 0 after 976 usecs
[    1.646828] calling  init_real_mode+0x0/0x1e9 @ 1
[    1.649040] initcall init_real_mode+0x0/0x1e9 returned 0 after 976 usecs
[    1.649824] calling  trace_init_perf_perm_irq_work_exit+0x0/0x12 @ 1
[    1.650833] initcall trace_init_perf_perm_irq_work_exit+0x0/0x12 returned 0 after 0 usecs
[    1.651850] calling  validate_x2apic+0x0/0x4a @ 1
[    1.653819] initcall validate_x2apic+0x0/0x4a returned 0 after 976 usecs
[    1.654825] calling  register_nmi_cpu_backtrace_handler+0x0/0x15 @ 1
[    1.655825] initcall register_nmi_cpu_backtrace_handler+0x0/0x15 returned 0 after 0 usecs
[    1.656824] calling  kvm_setup_vsyscall_timeinfo+0x0/0xce @ 1
[    1.657849] initcall kvm_setup_vsyscall_timeinfo+0x0/0xce returned 0 after 0 usecs
[    1.659838] calling  spawn_ksoftirqd+0x0/0x38 @ 1
[    1.660972] initcall spawn_ksoftirqd+0x0/0x38 returned 0 after 0 usecs
[    1.661821] calling  migration_init+0x0/0x31 @ 1
[    1.662822] initcall migration_init+0x0/0x31 returned 0 after 0 usecs
[    1.663822] calling  srcu_bootup_announce+0x0/0x2f @ 1
[    1.664845] rcu: Hierarchical SRCU implementation.
[    1.665825] initcall srcu_bootup_announce+0x0/0x2f returned 0 after 976 usecs
[    1.666825] calling  rcu_spawn_gp_kthread+0x0/0x1e1 @ 1
[    1.668115] initcall rcu_spawn_gp_kthread+0x0/0x1e1 returned 0 after 0 usecs
[    1.668828] calling  check_cpu_stall_init+0x0/0x1a @ 1
[    1.669850] initcall check_cpu_stall_init+0x0/0x1a returned 0 after 0 usecs
[    1.670842] calling  rcu_sysrq_init+0x0/0x21 @ 1
[    1.671836] initcall rcu_sysrq_init+0x0/0x21 returned 0 after 0 usecs
[    1.672823] calling  trace_init_flags_sys_enter+0x0/0xe @ 1
[    1.673822] initcall trace_init_flags_sys_enter+0x0/0xe returned 0 after 0 usecs
[    1.674823] calling  trace_init_flags_sys_exit+0x0/0xe @ 1
[    1.675841] initcall trace_init_flags_sys_exit+0x0/0xe returned 0 after 0 usecs
[    1.676824] calling  cpu_stop_init+0x0/0x6e @ 1
[    1.679008] initcall cpu_stop_init+0x0/0x6e returned 0 after 976 usecs
[    1.679825] calling  init_kprobes+0x0/0x165 @ 1
[    1.682498] initcall init_kprobes+0x0/0x165 returned 0 after 976 usecs
[    1.682824] calling  init_events+0x0/0x3d @ 1
[    1.683829] initcall init_events+0x0/0x3d returned 0 after 0 usecs
[    1.684823] calling  init_trace_printk+0x0/0xc @ 1
[    1.685823] initcall init_trace_printk+0x0/0xc returned 0 after 0 usecs
[    1.686822] calling  event_trace_enable_again+0x0/0x23 @ 1
[    1.687823] initcall event_trace_enable_again+0x0/0x23 returned 0 after 0 usecs
[    1.688822] calling  static_call_init+0x0/0x77 @ 1
[    1.689821] initcall static_call_init+0x0/0x77 returned 0 after 0 usecs
[    1.690822] calling  jump_label_init_module+0x0/0xc @ 1
[    1.691823] initcall jump_label_init_module+0x0/0xc returned 0 after 0 usecs
[    1.692821] calling  init_zero_pfn+0x0/0x37 @ 1
[    1.693820] initcall init_zero_pfn+0x0/0x37 returned 0 after 0 usecs
[    1.695840] calling  initialize_ptr_random+0x0/0x54 @ 1
[    1.696824] initcall initialize_ptr_random+0x0/0x54 returned 0 after 0 usecs
[    1.697822] calling  efi_memreserve_root_init+0x0/0x25 @ 1
[    1.698838] initcall efi_memreserve_root_init+0x0/0x25 returned 0 after 0 usecs
[    1.699840] calling  efi_earlycon_remap_fb+0x0/0x51 @ 1
[    1.700823] initcall efi_earlycon_remap_fb+0x0/0x51 returned 0 after 0 usecs
[    1.705119] smp: Bringing up secondary CPUs ...
[    1.707457] x86: Booting SMP configuration:
[    1.707861] .... node  #0, CPUs:        #1
[    1.209749] kvm-clock: cpu 1, msr 1b8ba041, secondary cpu clock
[    1.734344] kvm-guest: stealtime: cpu 1, msr 1f25b600
[    1.749311]   #2
[    1.209749] kvm-clock: cpu 2, msr 1b8ba081, secondary cpu clock
[    1.777417] kvm-guest: stealtime: cpu 2, msr 1f29b600
[    1.795415]   #3
[    1.209749] kvm-clock: cpu 3, msr 1b8ba0c1, secondary cpu clock
[    1.817816] kvm-guest: stealtime: cpu 3, msr 1f2db600
[    1.832216]   #4
[    1.209749] kvm-clock: cpu 4, msr 1b8ba101, secondary cpu clock
[    1.855370] kvm-guest: stealtime: cpu 4, msr 1f31b600
[    1.870825]   #5
[    1.209749] kvm-clock: cpu 5, msr 1b8ba141, secondary cpu clock
[    1.895015] kvm-guest: stealtime: cpu 5, msr 1f35b600
[    1.912348]   #6
[    1.209749] kvm-clock: cpu 6, msr 1b8ba181, secondary cpu clock
[    1.935000] kvm-guest: stealtime: cpu 6, msr 1f39b600
[    1.950962]   #7
[    1.209749] kvm-clock: cpu 7, msr 1b8ba1c1, secondary cpu clock
[    1.974818] kvm-guest: stealtime: cpu 7, msr 1f3db600
[    1.990442]   #8
[    1.209749] kvm-clock: cpu 8, msr 1b8ba201, secondary cpu clock
[    2.013175] kvm-guest: stealtime: cpu 8, msr 1f41b600
[    2.027822]   #9
[    1.209749] kvm-clock: cpu 9, msr 1b8ba241, secondary cpu clock
[    2.051186] kvm-guest: stealtime: cpu 9, msr 1f45b600
[    2.066822]  #10
[    1.209749] kvm-clock: cpu 10, msr 1b8ba281, secondary cpu clock
[    2.089452] kvm-guest: stealtime: cpu 10, msr 1f49b600
[    2.104825]  #11
[    1.209749] kvm-clock: cpu 11, msr 1b8ba2c1, secondary cpu clock
[    2.128181] kvm-guest: stealtime: cpu 11, msr 1f4db600
[    2.144825]  #12
[    1.209749] kvm-clock: cpu 12, msr 1b8ba301, secondary cpu clock
[    2.167818] kvm-guest: stealtime: cpu 12, msr 1f51b600
[    2.183387]  #13
[    1.209749] kvm-clock: cpu 13, msr 1b8ba341, secondary cpu clock
[    2.208535] kvm-guest: stealtime: cpu 13, msr 1f55b600
[    2.227805]  #14
[    1.209749] kvm-clock: cpu 14, msr 1b8ba381, secondary cpu clock
[    2.251957] kvm-guest: stealtime: cpu 14, msr 1f59b600
[    2.270825]  #15
[    1.209749] kvm-clock: cpu 15, msr 1b8ba3c1, secondary cpu clock
[    2.295815] kvm-guest: stealtime: cpu 15, msr 1f5db600
[    2.310842] smp: Brought up 1 node, 16 CPUs
[    2.311832] smpboot: Max logical packages: 1
[    2.312870] smpboot: Total of 16 processors activated (63999.96 BogoMIPS)
[    2.321435] devtmpfs: initialized
[    2.322399] calling  ipc_ns_init+0x0/0x3d @ 1
[    2.322906] initcall ipc_ns_init+0x0/0x3d returned 0 after 0 usecs
[    2.323824] calling  init_mmap_min_addr+0x0/0x21 @ 1
[    2.324822] initcall init_mmap_min_addr+0x0/0x21 returned 0 after 0 usecs
[    2.325822] calling  pci_realloc_setup_params+0x0/0x3f @ 1
[    2.326826] initcall pci_realloc_setup_params+0x0/0x3f returned 0 after 0 usecs
[    2.327849] calling  net_ns_init+0x0/0x140 @ 1
[    2.330875] initcall net_ns_init+0x0/0x140 returned 0 after 1953 usecs
[    2.331864] calling  e820__register_nvs_regions+0x0/0x37 @ 1
[    2.333822] initcall e820__register_nvs_regions+0x0/0x37 returned 0 after 0 usecs
[    2.334845] calling  cpufreq_register_tsc_scaling+0x0/0x2e @ 1
[    2.335822] initcall cpufreq_register_tsc_scaling+0x0/0x2e returned 0 after 0 usecs
[    2.336823] calling  reboot_init+0x0/0x3c @ 1
[    2.337875] initcall reboot_init+0x0/0x3c returned 0 after 0 usecs
[    2.338822] calling  init_lapic_sysfs+0x0/0x20 @ 1
[    2.339821] initcall init_lapic_sysfs+0x0/0x20 returned 0 after 0 usecs
[    2.340824] calling  alloc_frozen_cpus+0x0/0x7 @ 1
[    2.341823] initcall alloc_frozen_cpus+0x0/0x7 returned 0 after 0 usecs
[    2.342823] calling  cpu_hotplug_pm_sync_init+0x0/0x13 @ 1
[    2.343825] initcall cpu_hotplug_pm_sync_init+0x0/0x13 returned 0 after 0 usecs
[    2.344827] calling  wq_sysfs_init+0x0/0x2a @ 1
[    2.345868] initcall wq_sysfs_init+0x0/0x2a returned 0 after 0 usecs
[    2.346821] calling  ksysfs_init+0x0/0x92 @ 1
[    2.347829] initcall ksysfs_init+0x0/0x92 returned 0 after 0 usecs
[    2.348821] calling  schedutil_gov_init+0x0/0xc @ 1
[    2.349864] initcall schedutil_gov_init+0x0/0xc returned 0 after 0 usecs
[    2.350821] calling  pm_init+0x0/0x76 @ 1
[    2.352858] initcall pm_init+0x0/0x76 returned 0 after 976 usecs
[    2.353821] calling  pm_disk_init+0x0/0x13 @ 1
[    2.354858] initcall pm_disk_init+0x0/0x13 returned 0 after 0 usecs
[    2.355821] calling  swsusp_header_init+0x0/0x2b @ 1
[    2.356824] initcall swsusp_header_init+0x0/0x2b returned 0 after 0 usecs
[    2.357822] calling  rcu_set_runtime_mode+0x0/0x16 @ 1
[    2.358843] initcall rcu_set_runtime_mode+0x0/0x16 returned 0 after 0 usecs
[    2.359822] calling  init_jiffies_clocksource+0x0/0x13 @ 1
[    2.360820] clocksource: jiffies: mask: 0xffffffff max_cycles: 0xffffffff, max_idle_ns: 1911260446275000 ns
[    2.361823] initcall init_jiffies_clocksource+0x0/0x13 returned 0 after 976 usecs
[    2.362821] calling  futex_init+0x0/0xf7 @ 1
[    2.363825] futex hash table entries: 4096 (order: 6, 262144 bytes, linear)
[    2.366279] initcall futex_init+0x0/0xf7 returned 0 after 1953 usecs
[    2.366825] calling  cgroup_wq_init+0x0/0x28 @ 1
[    2.367834] initcall cgroup_wq_init+0x0/0x28 returned 0 after 0 usecs
[    2.368823] calling  cgroup1_wq_init+0x0/0x28 @ 1
[    2.369833] initcall cgroup1_wq_init+0x0/0x28 returned 0 after 0 usecs
[    2.370824] calling  init_kprobe_trace_early+0x0/0x2a @ 1
[    2.372822] initcall init_kprobe_trace_early+0x0/0x2a returned 0 after 976 usecs
[    2.373822] calling  fsnotify_init+0x0/0x48 @ 1
[    2.374870] initcall fsnotify_init+0x0/0x48 returned 0 after 0 usecs
[    2.375821] calling  filelock_init+0x0/0x96 @ 1
[    2.376833] initcall filelock_init+0x0/0x96 returned 0 after 0 usecs
[    2.377822] calling  init_misc_binfmt+0x0/0x2c @ 1
[    2.378824] initcall init_misc_binfmt+0x0/0x2c returned 0 after 0 usecs
[    2.379821] calling  init_script_binfmt+0x0/0x15 @ 1
[    2.380821] initcall init_script_binfmt+0x0/0x15 returned 0 after 0 usecs
[    2.381821] calling  init_elf_binfmt+0x0/0x15 @ 1
[    2.382839] initcall init_elf_binfmt+0x0/0x15 returned 0 after 0 usecs
[    2.383821] calling  init_compat_elf_binfmt+0x0/0x15 @ 1
[    2.384821] initcall init_compat_elf_binfmt+0x0/0x15 returned 0 after 0 usecs
[    2.385837] calling  debugfs_init+0x0/0x5c @ 1
[    2.386857] initcall debugfs_init+0x0/0x5c returned 0 after 0 usecs
[    2.387821] calling  tracefs_init+0x0/0x3a @ 1
[    2.388825] initcall tracefs_init+0x0/0x3a returned 0 after 0 usecs
[    2.389820] calling  prandom_init_early+0x0/0x15d @ 1
[    2.390822] initcall prandom_init_early+0x0/0x15d returned 0 after 0 usecs
[    2.391882] calling  virtio_init+0x0/0x20 @ 1
[    2.392853] initcall virtio_init+0x0/0x20 returned 0 after 0 usecs
[    2.393823] calling  iommu_init+0x0/0x2a @ 1
[    2.394828] initcall iommu_init+0x0/0x2a returned 0 after 0 usecs
[    2.395821] calling  component_debug_init+0x0/0x1c @ 1
[    2.396891] initcall component_debug_init+0x0/0x1c returned 0 after 0 usecs
[    2.397822] calling  early_resume_init+0x0/0xb9 @ 1
[    2.399819] PM: RTC time: 08:31:09, date: 2022-12-13
[    2.400823] initcall early_resume_init+0x0/0xb9 returned 0 after 1953 usecs
[    2.401821] calling  cpufreq_core_init+0x0/0x62 @ 1
[    2.402863] initcall cpufreq_core_init+0x0/0x62 returned 0 after 0 usecs
[    2.403821] calling  cpufreq_gov_performance_init+0x0/0xc @ 1
[    2.404821] initcall cpufreq_gov_performance_init+0x0/0xc returned 0 after 0 usecs
[    2.405821] calling  cpufreq_gov_userspace_init+0x0/0xc @ 1
[    2.406823] initcall cpufreq_gov_userspace_init+0x0/0xc returned 0 after 0 usecs
[    2.407824] calling  CPU_FREQ_GOV_ONDEMAND_init+0x0/0xc @ 1
[    2.408825] initcall CPU_FREQ_GOV_ONDEMAND_init+0x0/0xc returned 0 after 0 usecs
[    2.409824] calling  cpuidle_init+0x0/0x1f @ 1
[    2.410875] initcall cpuidle_init+0x0/0x1f returned 0 after 0 usecs
[    2.411825] calling  capsule_reboot_register+0x0/0xc @ 1
[    2.412826] initcall capsule_reboot_register+0x0/0xc returned 0 after 0 usecs
[    2.413824] calling  sock_init+0x0/0x93 @ 1
[    2.417918] initcall sock_init+0x0/0x93 returned 0 after 2929 usecs
[    2.418828] calling  net_inuse_init+0x0/0x23 @ 1
[    2.419834] initcall net_inuse_init+0x0/0x23 returned 0 after 0 usecs
[    2.420828] calling  net_defaults_init+0x0/0x23 @ 1
[    2.421827] initcall net_defaults_init+0x0/0x23 returned 0 after 0 usecs
[    2.422827] calling  init_default_flow_dissectors+0x0/0x4f @ 1
[    2.423826] initcall init_default_flow_dissectors+0x0/0x4f returned 0 after 0 usecs
[    2.424824] calling  netpoll_init+0x0/0x26 @ 1
[    2.425822] initcall netpoll_init+0x0/0x26 returned 0 after 0 usecs
[    2.426822] calling  netlink_proto_init+0x0/0x14f @ 1
[    2.428231] NET: Registered protocol family 16
[    2.428839] initcall netlink_proto_init+0x0/0x14f returned 0 after 976 usecs
[    2.429822] calling  genl_init+0x0/0x35 @ 1
[    2.430972] initcall genl_init+0x0/0x35 returned 0 after 0 usecs
[    2.431822] calling  bsp_pm_check_init+0x0/0x13 @ 1
[    2.432838] initcall bsp_pm_check_init+0x0/0x13 returned 0 after 0 usecs
[    2.433867] calling  irq_sysfs_init+0x0/0xb7 @ 1
[    2.434966] initcall irq_sysfs_init+0x0/0xb7 returned 0 after 0 usecs
[    2.435822] calling  audit_init+0x0/0x160 @ 1
[    2.436838] audit: initializing netlink subsys (disabled)
[    2.440124] initcall audit_init+0x0/0x160 returned 0 after 2929 usecs
[    2.439954] audit: type=2000 audit(1670920267.297:1): state=initialized audit_enabled=0 res=1
[    2.440824] calling  release_early_probes+0x0/0x32 @ 1
[    2.440831] initcall release_early_probes+0x0/0x32 returned 0 after 0 usecs
[    2.443827] calling  bdi_class_init+0x0/0x48 @ 1
[    2.444846] initcall bdi_class_init+0x0/0x48 returned 0 after 0 usecs
[    2.445823] calling  mm_sysfs_init+0x0/0x28 @ 1
[    2.446830] initcall mm_sysfs_init+0x0/0x28 returned 0 after 0 usecs
[    2.447823] calling  init_per_zone_wmark_min+0x0/0x6d @ 1
[    2.448831] initcall init_per_zone_wmark_min+0x0/0x6d returned 0 after 0 usecs
[    2.449825] calling  mpi_init+0x0/0x3e @ 1
[    2.450867] initcall mpi_init+0x0/0x3e returned 0 after 0 usecs
[    2.451822] calling  kobject_uevent_init+0x0/0xc @ 1
[    2.452833] initcall kobject_uevent_init+0x0/0xc returned 0 after 0 usecs
[    2.453824] calling  pcibus_class_init+0x0/0x13 @ 1
[    2.454834] initcall pcibus_class_init+0x0/0x13 returned 0 after 0 usecs
[    2.455823] calling  pci_driver_init+0x0/0x21 @ 1
[    2.456923] initcall pci_driver_init+0x0/0x21 returned 0 after 0 usecs
[    2.457822] calling  backlight_class_init+0x0/0xa8 @ 1
[    2.458882] initcall backlight_class_init+0x0/0xa8 returned 0 after 0 usecs
[    2.459822] calling  tty_class_init+0x0/0x33 @ 1
[    2.460830] initcall tty_class_init+0x0/0x33 returned 0 after 0 usecs
[    2.461821] calling  vtconsole_class_init+0x0/0xb5 @ 1
[    2.462901] initcall vtconsole_class_init+0x0/0xb5 returned 0 after 0 usecs
[    2.463824] calling  iommu_dev_init+0x0/0x13 @ 1
[    2.464891] initcall iommu_dev_init+0x0/0x13 returned 0 after 0 usecs
[    2.465822] calling  mipi_dsi_bus_init+0x0/0xc @ 1
[    2.466864] initcall mipi_dsi_bus_init+0x0/0xc returned 0 after 0 usecs
[    2.467822] calling  devlink_class_init+0x0/0x40 @ 1
[    2.468836] initcall devlink_class_init+0x0/0x40 returned 0 after 0 usecs
[    2.469822] calling  software_node_init+0x0/0x2a @ 1
[    2.470828] initcall software_node_init+0x0/0x2a returned 0 after 0 usecs
[    2.471825] calling  wakeup_sources_debugfs_init+0x0/0x23 @ 1
[    2.472834] initcall wakeup_sources_debugfs_init+0x0/0x23 returned 0 after 0 usecs
[    2.473853] calling  wakeup_sources_sysfs_init+0x0/0x2c @ 1
[    2.474845] initcall wakeup_sources_sysfs_init+0x0/0x2c returned 0 after 0 usecs
[    2.475828] calling  register_node_type+0x0/0x13 @ 1
[    2.476879] initcall register_node_type+0x0/0x13 returned 0 after 0 usecs
[    2.477824] calling  regmap_initcall+0x0/0xc @ 1
[    2.478832] initcall regmap_initcall+0x0/0xc returned 0 after 0 usecs
[    2.479823] calling  i2c_init+0x0/0xb3 @ 1
[    2.480874] initcall i2c_init+0x0/0xb3 returned 0 after 0 usecs
[    2.481844] calling  thermal_init+0x0/0xf2 @ 1
[    2.482869] thermal_sys: Registered thermal governor 'step_wise'
[    2.482870] thermal_sys: Registered thermal governor 'user_space'
[    2.483836] initcall thermal_init+0x0/0xf2 returned 0 after 976 usecs
[    2.485823] calling  init_menu+0x0/0xc @ 1
[    2.488974] cpuidle: using governor menu
[    2.494830] initcall init_menu+0x0/0xc returned 0 after 7812 usecs
[    2.502836] calling  pcc_init+0x0/0x4d @ 1
[    2.507903] initcall pcc_init+0x0/0x4d returned -19 after 0 usecs
[    2.516826] calling  amd_postcore_init+0x0/0x11e @ 1
[    2.522826] initcall amd_postcore_init+0x0/0x11e returned 0 after 0 usecs
[    2.531848] calling  bts_init+0x0/0xba @ 1
[    2.537825] initcall bts_init+0x0/0xba returned -19 after 0 usecs
[    2.544826] calling  pt_init+0x0/0x341 @ 1
[    2.550826] initcall pt_init+0x0/0x341 returned -19 after 0 usecs
[    2.559824] calling  boot_params_ksysfs_init+0x0/0x2ee @ 1
[    2.566839] initcall boot_params_ksysfs_init+0x0/0x2ee returned 0 after 0 usecs
[    2.576825] calling  sbf_init+0x0/0xea @ 1
[    2.582823] initcall sbf_init+0x0/0xea returned 0 after 0 usecs
[    2.590824] calling  arch_kdebugfs_init+0x0/0x219 @ 1
[    2.599004] initcall arch_kdebugfs_init+0x0/0x219 returned 0 after 976 usecs
[    2.608825] calling  intel_pconfig_init+0x0/0x85 @ 1
[    2.613824] initcall intel_pconfig_init+0x0/0x85 returned 0 after 0 usecs
[    2.620827] calling  mtrr_if_init+0x0/0x5d @ 1
[    2.631124] initcall mtrr_if_init+0x0/0x5d returned 0 after 4882 usecs
[    2.639827] calling  activate_jump_labels+0x0/0x31 @ 1
[    2.645823] initcall activate_jump_labels+0x0/0x31 returned 0 after 0 usecs
[    2.654823] calling  ffh_cstate_init+0x0/0x29 @ 1
[    2.660829] initcall ffh_cstate_init+0x0/0x29 returned 0 after 0 usecs
[    2.668823] calling  activate_jump_labels+0x0/0x31 @ 1
[    2.677824] initcall activate_jump_labels+0x0/0x31 returned 0 after 2929 usecs
[    2.686823] calling  kvm_alloc_cpumask+0x0/0x74 @ 1
[    2.692869] initcall kvm_alloc_cpumask+0x0/0x74 returned 0 after 0 usecs
[    2.700824] calling  kcmp_cookies_init+0x0/0x37 @ 1
[    2.706841] initcall kcmp_cookies_init+0x0/0x37 returned 0 after 0 usecs
[    2.712822] calling  cryptomgr_init+0x0/0xc @ 1
[    2.718842] initcall cryptomgr_init+0x0/0xc returned 0 after 0 usecs
[    2.726823] calling  acpi_pci_init+0x0/0x57 @ 1
[    2.732821] ACPI: bus type PCI registered
[    2.737824] initcall acpi_pci_init+0x0/0x57 returned 0 after 4882 usecs
[    2.745824] calling  dma_channel_table_init+0x0/0xd1 @ 1
[    2.752840] initcall dma_channel_table_init+0x0/0xd1 returned 0 after 0 usecs
[    2.760823] calling  dma_bus_init+0x0/0xdc @ 1
[    2.767040] initcall dma_bus_init+0x0/0xdc returned 0 after 0 usecs
[    2.774999] calling  iommu_dma_init+0x0/0x10 @ 1
[    2.780852] initcall iommu_dma_init+0x0/0x10 returned 0 after 0 usecs
[    2.788841] calling  dmi_id_init+0x0/0x37c @ 1
[    2.795082] initcall dmi_id_init+0x0/0x37c returned 0 after 976 usecs
[    2.803825] calling  pci_arch_init+0x0/0x71 @ 1
[    2.810821] PCI: MMCONFIG for domain 0000 [bus 00-ff] at [mem 0xb0000000-0xbfffffff] (base 0xb0000000)
[    2.821825] PCI: MMCONFIG at [mem 0xb0000000-0xbfffffff] reserved in E820
[    2.830845] PCI: Using configuration type 1 for base access
[    2.835013] initcall pci_arch_init+0x0/0x71 returned 0 after 24414 usecs
[    2.843849] calling  init_vdso+0x0/0x13 @ 1
[    2.849863] initcall init_vdso+0x0/0x13 returned 0 after 0 usecs
[    2.857826] calling  sysenter_setup+0x0/0x13 @ 1
[    2.864011] initcall sysenter_setup+0x0/0x13 returned 0 after 0 usecs
[    2.872824] calling  fixup_ht_bug+0x0/0xe5 @ 1
[    2.878869] initcall fixup_ht_bug+0x0/0xe5 returned 0 after 0 usecs
[    2.886824] calling  topology_init+0x0/0x88 @ 1
[    2.893968] initcall topology_init+0x0/0x88 returned 0 after 976 usecs
[    2.902882] calling  intel_epb_init+0x0/0x68 @ 1
[    2.908824] initcall intel_epb_init+0x0/0x68 returned -19 after 0 usecs
[    2.916831] calling  mtrr_init_finialize+0x0/0x3e @ 1
[    2.923824] initcall mtrr_init_finialize+0x0/0x3e returned 0 after 0 usecs
[    2.931822] calling  uid_cache_init+0x0/0x85 @ 1
[    2.937830] initcall uid_cache_init+0x0/0x85 returned 0 after 0 usecs
[    2.946823] calling  param_sysfs_init+0x0/0x1ba @ 1
[    2.958886] initcall param_sysfs_init+0x0/0x1ba returned 0 after 4882 usecs
[    2.968852] calling  user_namespace_sysctl_init+0x0/0x33 @ 1
[    2.975879] initcall user_namespace_sysctl_init+0x0/0x33 returned 0 after 0 usecs
[    2.988829] calling  proc_schedstat_init+0x0/0x24 @ 1
[    2.993830] initcall proc_schedstat_init+0x0/0x24 returned 0 after 0 usecs
[    3.003826] calling  pm_sysrq_init+0x0/0x18 @ 1
[    3.012812] initcall pm_sysrq_init+0x0/0x18 returned 0 after 976 usecs
[    3.014055] calling  create_proc_profile+0x0/0xd0 @ 1
[    3.015833] initcall create_proc_profile+0x0/0xd0 returned 0 after 0 usecs
[    3.016825] calling  time_ns_init+0x0/0x7 @ 1
[    3.017824] initcall time_ns_init+0x0/0x7 returned 0 after 0 usecs
[    3.018823] calling  crash_save_vmcoreinfo_init+0x0/0x722 @ 1
[    3.021116] initcall crash_save_vmcoreinfo_init+0x0/0x722 returned 0 after 976 usecs
[    3.021825] calling  crash_notes_memory_init+0x0/0x35 @ 1
[    3.022831] initcall crash_notes_memory_init+0x0/0x35 returned 0 after 0 usecs
[    3.023825] calling  cgroup_sysfs_init+0x0/0x13 @ 1
[    3.025986] initcall cgroup_sysfs_init+0x0/0x13 returned 0 after 976 usecs
[    3.026827] calling  cgroup_namespaces_init+0x0/0x7 @ 1
[    3.028826] initcall cgroup_namespaces_init+0x0/0x7 returned 0 after 0 usecs
[    3.029824] calling  init_optprobes+0x0/0x13 @ 1
[    3.030821] Kprobes globally optimized
[    3.032823] initcall init_optprobes+0x0/0x13 returned 0 after 1953 usecs
[    3.033822] calling  oom_init+0x0/0x2f @ 1
[    3.036826] initcall oom_init+0x0/0x2f returned 0 after 1953 usecs
[    3.037822] calling  default_bdi_init+0x0/0xb3 @ 1
[    3.040203] initcall default_bdi_init+0x0/0xb3 returned 0 after 976 usecs
[    3.040822] calling  percpu_enable_async+0x0/0xe @ 1
[    3.041821] initcall percpu_enable_async+0x0/0xe returned 0 after 0 usecs
[    3.042821] calling  kcompactd_init+0x0/0x8d @ 1
[    3.045255] initcall kcompactd_init+0x0/0x8d returned 0 after 976 usecs
[    3.045860] calling  init_user_reserve+0x0/0x40 @ 1
[    3.046823] initcall init_user_reserve+0x0/0x40 returned 0 after 0 usecs
[    3.047822] calling  init_admin_reserve+0x0/0x40 @ 1
[    3.048821] initcall init_admin_reserve+0x0/0x40 returned 0 after 0 usecs
[    3.049828] calling  init_reserve_notifier+0x0/0x7 @ 1
[    3.050823] initcall init_reserve_notifier+0x0/0x7 returned 0 after 0 usecs
[    3.051822] calling  swap_init_sysfs+0x0/0x62 @ 1
[    3.052829] initcall swap_init_sysfs+0x0/0x62 returned 0 after 0 usecs
[    3.053821] calling  swapfile_init+0x0/0x94 @ 1
[    3.054821] initcall swapfile_init+0x0/0x94 returned 0 after 0 usecs
[    3.055821] calling  hugetlb_init+0x0/0x496 @ 1
[    3.057821] HugeTLB registered 2.00 MiB page size, pre-allocated 0 pages
[    3.058856] initcall hugetlb_init+0x0/0x496 returned 0 after 1953 usecs
[    3.059824] calling  io_wq_init+0x0/0x34 @ 1
[    3.060839] initcall io_wq_init+0x0/0x34 returned 0 after 0 usecs
[    3.061825] calling  seqiv_module_init+0x0/0xc @ 1
[    3.062823] initcall seqiv_module_init+0x0/0xc returned 0 after 0 usecs
[    3.063826] calling  echainiv_module_init+0x0/0xc @ 1
[    3.064826] initcall echainiv_module_init+0x0/0xc returned 0 after 0 usecs
[    3.065896] calling  rsa_init+0x0/0x50 @ 1
[    3.071828] initcall rsa_init+0x0/0x50 returned 0 after 4882 usecs
[    3.071337] cryptomgr_test (125) used greatest stack depth: 15504 bytes left
[    3.072828] calling  crypto_cmac_module_init+0x0/0xc @ 1
[    3.074838] initcall crypto_cmac_module_init+0x0/0xc returned 0 after 0 usecs
[    3.075838] calling  hmac_module_init+0x0/0xc @ 1
[    3.076838] initcall hmac_module_init+0x0/0xc returned 0 after 0 usecs
[    3.077836] calling  crypto_null_mod_init+0x0/0x65 @ 1
[    3.094844] cryptomgr_test (127) used greatest stack depth: 15408 bytes left
[    3.104525] initcall crypto_null_mod_init+0x0/0x65 returned 0 after 24414 usecs
[    3.106842] calling  md5_mod_init+0x0/0xc @ 1
[    3.125208] initcall md5_mod_init+0x0/0xc returned 0 after 15625 usecs
[    3.126838] calling  sha256_generic_mod_init+0x0/0x11 @ 1
[    3.138220] initcall sha256_generic_mod_init+0x0/0x11 returned 0 after 10742 usecs
[    3.146835] calling  crypto_cbc_module_init+0x0/0xc @ 1
[    3.152828] initcall crypto_cbc_module_init+0x0/0xc returned 0 after 976 usecs
[    3.160830] calling  crypto_ctr_module_init+0x0/0x11 @ 1
[    3.167826] initcall crypto_ctr_module_init+0x0/0x11 returned 0 after 0 usecs
[    3.174829] calling  crypto_gcm_module_init+0x0/0x64 @ 1
[    3.185020] initcall crypto_gcm_module_init+0x0/0x64 returned 0 after 0 usecs
[    3.190824] calling  crypto_ccm_module_init+0x0/0x11 @ 1
[    3.198826] initcall crypto_ccm_module_init+0x0/0x11 returned 0 after 0 usecs
[    3.208438] calling  aes_init+0x0/0xc @ 1
[    3.226321] initcall aes_init+0x0/0xc returned 0 after 10742 usecs
[    3.233830] calling  crc32c_mod_init+0x0/0xc @ 1
[    3.243000] initcall crc32c_mod_init+0x0/0xc returned 0 after 2929 usecs
[    3.251048] calling  crypto_authenc_module_init+0x0/0xc @ 1
[    3.257829] initcall crypto_authenc_module_init+0x0/0xc returned 0 after 0 usecs
[    3.267011] calling  crypto_authenc_esn_module_init+0x0/0xc @ 1
[    3.274828] initcall crypto_authenc_esn_module_init+0x0/0xc returned 0 after 0 usecs
[    3.283985] calling  drbg_init+0x0/0x7c @ 1
[    3.297983] initcall drbg_init+0x0/0x7c returned 0 after 7812 usecs
[    3.305826] calling  ghash_mod_init+0x0/0xc @ 1
[    3.312870] initcall ghash_mod_init+0x0/0xc returned 0 after 1953 usecs
[    3.320984] calling  init_bio+0x0/0x9a @ 1
[    3.327528] initcall init_bio+0x0/0x9a returned 0 after 2929 usecs
[    3.334831] calling  blk_settings_init+0x0/0x29 @ 1
[    3.342005] initcall blk_settings_init+0x0/0x29 returned 0 after 0 usecs
[    3.350828] calling  blk_ioc_init+0x0/0x29 @ 1
[    3.356830] initcall blk_ioc_init+0x0/0x29 returned 0 after 0 usecs
[    3.364823] calling  blk_mq_init+0x0/0xb9 @ 1
[    3.371825] initcall blk_mq_init+0x0/0xb9 returned 0 after 0 usecs
[    3.379822] calling  genhd_device_init+0x0/0x75 @ 1
[    3.388007] initcall genhd_device_init+0x0/0x75 returned 0 after 1953 usecs
[    3.396922] calling  pci_slot_init+0x0/0x40 @ 1
[    3.402829] initcall pci_slot_init+0x0/0x40 returned 0 after 0 usecs
[    3.410824] calling  fbmem_init+0x0/0xd8 @ 1
[    3.415645] initcall fbmem_init+0x0/0xd8 returned 0 after 1953 usecs
[    3.423823] calling  acpi_init+0x0/0x319 @ 1
[    3.428845] ACPI: Added _OSI(Module Device)
[    3.436821] ACPI: Added _OSI(Processor Device)
[    3.442821] ACPI: Added _OSI(3.0 _SCP Extensions)
[    3.449820] ACPI: Added _OSI(Processor Aggregator Device)
[    3.456821] ACPI: Added _OSI(Linux-Dell-Video)
[    3.462822] ACPI: Added _OSI(Linux-Lenovo-NV-HDMI-Audio)
[    3.470822] ACPI: Added _OSI(Linux-HPI-Hybrid-Graphics)
[    3.484993] ACPI: 1 ACPI AML tables successfully acquired and loaded
[    3.566722] ACPI: Interpreter enabled
[    3.575024] ACPI: (supports S0 S3 S4 S5)
[    3.581285] ACPI: Using IOAPIC for interrupt routing
[    3.590021] PCI: Using host bridge windows from ACPI; if necessary, use "pci=nocrs" and report a bug
[    3.602286] ACPI: Enabled 2 GPEs in block 00 to 3F
[    3.628686] ACPI: PCI Root Bridge [PCI0] (domain 0000 [bus 00-ff])
[    3.636589] acpi PNP0A08:00: _OSC: OS supports [ExtendedConfig ASPM ClockPM Segments MSI HPX-Type3]
[    3.648897] acpi PNP0A08:00: _OSC: platform does not support [LTR]
[    3.655887] acpi PNP0A08:00: _OSC: OS now controls [PME PCIeCapability]
[    3.666998] PCI host bridge to bus 0000:00
[    3.672862] pci_bus 0000:00: root bus resource [io  0x0000-0x0cf7 window]
[    3.683823] pci_bus 0000:00: root bus resource [io  0x0d00-0xffff window]
[    3.691902] pci_bus 0000:00: root bus resource [mem 0x000a0000-0x000bffff window]
[    3.699821] pci_bus 0000:00: root bus resource [mem 0x20000000-0xafffffff window]
[    3.709821] pci_bus 0000:00: root bus resource [mem 0xc0000000-0xfebfffff window]
[    3.720822] pci_bus 0000:00: root bus resource [mem 0x100000000-0x8ffffffff window]
[    3.729822] pci_bus 0000:00: root bus resource [bus 00-ff]
[    3.738815] pci 0000:00:00.0: calling  quirk_mmio_always_on+0x0/0x10 @ 1
[    3.748825] pci 0000:00:00.0: quirk_mmio_always_on+0x0/0x10 took 0 usecs
[    3.758824] pci 0000:00:00.0: [8086:29c0] type 00 class 0x060000
[    3.770476] pci 0000:00:00.0: calling  quirk_igfx_skip_te_disable+0x0/0x80 @ 1
[    3.778914] pci 0000:00:00.0: quirk_igfx_skip_te_disable+0x0/0x80 took 0 usecs
[    3.791179] pci 0000:00:01.0: [1234:1111] type 00 class 0x030000
[    3.810815] pci 0000:00:01.0: reg 0x10: [mem 0xfd000000-0xfdffffff pref]
[    3.835815] pci 0000:00:01.0: reg 0x18: [mem 0xfebf0000-0xfebf0fff]
[    3.873815] pci 0000:00:01.0: reg 0x30: [mem 0xfebe0000-0xfebeffff pref]
[    3.889707] pci 0000:00:01.0: calling  efifb_fixup_resources+0x0/0xf0 @ 1
[    3.898861] pci 0000:00:01.0: efifb_fixup_resources+0x0/0xf0 took 976 usecs
[    3.916645] pci 0000:00:1f.0: [8086:2918] type 00 class 0x060100
[    3.929282] pci 0000:00:1f.0: calling  quirk_ich7_lpc+0x0/0x60 @ 1
[    3.937275] pci 0000:00:1f.0: quirk: [io  0x0600-0x067f] claimed by ICH6 ACPI/GPIO/TCO
[    3.949238] pci 0000:00:1f.0: quirk_ich7_lpc+0x0/0x60 took 11718 usecs
[    3.956948] pci 0000:00:1f.0: calling  quirk_igfx_skip_te_disable+0x0/0x80 @ 1
[    3.964937] pci 0000:00:1f.0: quirk_igfx_skip_te_disable+0x0/0x80 took 0 usecs
[    3.977142] pci 0000:00:1f.2: [8086:2922] type 00 class 0x010601
[    3.992822] pci 0000:00:1f.2: reg 0x20: [io  0xc040-0xc05f]
[    4.002823] pci 0000:00:1f.2: reg 0x24: [mem 0xfebf1000-0xfebf1fff]
[    4.012429] pci 0000:00:1f.2: calling  quirk_igfx_skip_te_disable+0x0/0x80 @ 1
[    4.020826] pci 0000:00:1f.2: quirk_igfx_skip_te_disable+0x0/0x80 took 0 usecs
[    4.033168] pci 0000:00:1f.3: [8086:2930] type 00 class 0x0c0500
[    4.045145] pci 0000:00:1f.3: reg 0x20: [io  0x0700-0x073f]
[    4.055302] pci 0000:00:1f.3: calling  quirk_igfx_skip_te_disable+0x0/0x80 @ 1
[    4.063829] pci 0000:00:1f.3: quirk_igfx_skip_te_disable+0x0/0x80 took 0 usecs
[    4.076440] ACPI: PCI Interrupt Link [LNKA] (IRQs 5 *10 11)
[    4.083236] ACPI: PCI Interrupt Link [LNKB] (IRQs 5 *10 11)
[    4.090941] ACPI: PCI Interrupt Link [LNKC] (IRQs 5 10 *11)
[    4.098238] ACPI: PCI Interrupt Link [LNKD] (IRQs 5 10 *11)
[    4.105947] ACPI: PCI Interrupt Link [LNKE] (IRQs 5 *10 11)
[    4.113210] ACPI: PCI Interrupt Link [LNKF] (IRQs 5 *10 11)
[    4.120247] ACPI: PCI Interrupt Link [LNKG] (IRQs 5 10 *11)
[    4.127836] ACPI: PCI Interrupt Link [LNKH] (IRQs 5 10 *11)
[    4.136082] ACPI: PCI Interrupt Link [GSIA] (IRQs *16)
[    4.141836] ACPI: PCI Interrupt Link [GSIB] (IRQs *17)
[    4.148888] ACPI: PCI Interrupt Link [GSIC] (IRQs *18)
[    4.154818] ACPI: PCI Interrupt Link [GSID] (IRQs *19)
[    4.161941] ACPI: PCI Interrupt Link [GSIE] (IRQs *20)
[    4.168834] ACPI: PCI Interrupt Link [GSIF] (IRQs *21)
[    4.175849] ACPI: PCI Interrupt Link [GSIG] (IRQs *22)
[    4.182815] ACPI: PCI Interrupt Link [GSIH] (IRQs *23)
[    4.198299] initcall acpi_init+0x0/0x319 returned 0 after 750976 usecs
[    4.207990] calling  pnp_init+0x0/0xc @ 1
[    4.213954] initcall pnp_init+0x0/0xc returned 0 after 0 usecs
[    4.222825] calling  misc_init+0x0/0xbf @ 1
[    4.229928] initcall misc_init+0x0/0xbf returned 0 after 976 usecs
[    4.238826] calling  iommu_subsys_init+0x0/0x4e @ 1
[    4.245964] iommu: Default domain type: Translated 
[    4.253825] initcall iommu_subsys_init+0x0/0x4e returned 0 after 7812 usecs
[    4.263824] calling  vga_arb_device_init+0x0/0x261 @ 1
[    4.273810] pci 0000:00:01.0: vgaarb: setting as boot VGA device
[    4.273815] pci 0000:00:01.0: vgaarb: VGA device added: decodes=io+mem,owns=io+mem,locks=none
[    4.294826] pci 0000:00:01.0: vgaarb: bridge control possible
[    4.303821] vgaarb: loaded
[    4.308836] initcall vga_arb_device_init+0x0/0x261 returned 0 after 36132 usecs
[    4.319867] calling  cn_init+0x0/0xf0 @ 1
[    4.326015] initcall cn_init+0x0/0xf0 returned 0 after 976 usecs
[    4.332825] calling  dma_buf_init+0x0/0xad @ 1
[    4.339397] initcall dma_buf_init+0x0/0xad returned 0 after 0 usecs
[    4.346839] calling  init_scsi+0x0/0x79 @ 1
[    4.353226] SCSI subsystem initialized
[    4.357823] initcall init_scsi+0x0/0x79 returned 0 after 4882 usecs
[    4.365823] calling  ata_init+0x0/0x332 @ 1
[    4.375907] libata version 3.00 loaded.
[    4.380823] initcall ata_init+0x0/0x332 returned 0 after 9765 usecs
[    4.387823] calling  phy_init+0x0/0x250 @ 1
[    4.393881] initcall phy_init+0x0/0x250 returned 0 after 976 usecs
[    4.400823] calling  init_pcmcia_cs+0x0/0x35 @ 1
[    4.406885] initcall init_pcmcia_cs+0x0/0x35 returned 0 after 0 usecs
[    4.415847] calling  usb_common_init+0x0/0x1c @ 1
[    4.421905] initcall usb_common_init+0x0/0x1c returned 0 after 0 usecs
[    4.429823] calling  usb_init+0x0/0x12e @ 1
[    4.434870] ACPI: bus type USB registered
[    4.440196] usbcore: registered new interface driver usbfs
[    4.446869] usbcore: registered new interface driver hub
[    4.453839] usbcore: registered new device driver usb
[    4.459826] initcall usb_init+0x0/0x12e returned 0 after 24414 usecs
[    4.467829] calling  serio_init+0x0/0x29 @ 1
[    4.472908] initcall serio_init+0x0/0x29 returned 0 after 0 usecs
[    4.480823] calling  input_init+0x0/0xf6 @ 1
[    4.487029] initcall input_init+0x0/0xf6 returned 0 after 0 usecs
[    4.493824] calling  rtc_init+0x0/0x4d @ 1
[    4.498851] initcall rtc_init+0x0/0x4d returned 0 after 0 usecs
[    4.505822] calling  pps_init+0x0/0xa9 @ 1
[    4.510857] pps_core: LinuxPPS API ver. 1 registered
[    4.516819] pps_core: Software ver. 5.3.6 - Copyright 2005-2007 Rodolfo Giometti <giometti@linux.it>
[    4.527822] initcall pps_init+0x0/0xa9 returned 0 after 16601 usecs
[    4.534840] calling  ptp_init+0x0/0x98 @ 1
[    4.539828] PTP clock support registered
[    4.544822] initcall ptp_init+0x0/0x98 returned 0 after 4882 usecs
[    4.551821] calling  power_supply_class_init+0x0/0x3f @ 1
[    4.558901] initcall power_supply_class_init+0x0/0x3f returned 0 after 0 usecs
[    4.566822] calling  hwmon_init+0x0/0x104 @ 1
[    4.572833] initcall hwmon_init+0x0/0x104 returned 0 after 0 usecs
[    4.579822] calling  md_init+0x0/0x16b @ 1
[    4.586823] initcall md_init+0x0/0x16b returned 0 after 1953 usecs
[    4.593824] calling  leds_init+0x0/0x3b @ 1
[    4.600886] initcall leds_init+0x0/0x3b returned 0 after 0 usecs
[    4.609824] calling  dmi_init+0x0/0x113 @ 1
[    4.617106] initcall dmi_init+0x0/0x113 returned 0 after 0 usecs
[    4.625838] calling  efisubsys_init+0x0/0x4e7 @ 1
[    4.632862] initcall efisubsys_init+0x0/0x4e7 returned 0 after 0 usecs
[    4.640840] calling  nvmem_init+0x0/0xc @ 1
[    4.646955] initcall nvmem_init+0x0/0xc returned 0 after 0 usecs
[    4.653823] calling  init_soundcore+0x0/0x33 @ 1
[    4.659858] initcall init_soundcore+0x0/0x33 returned 0 after 0 usecs
[    4.666822] calling  alsa_sound_init+0x0/0x8f @ 1
[    4.672977] Advanced Linux Sound Architecture Driver Initialized.
[    4.679823] initcall alsa_sound_init+0x0/0x8f returned 0 after 6835 usecs
[    4.688823] calling  alsa_seq_device_init+0x0/0x71 @ 1
[    4.694937] initcall alsa_seq_device_init+0x0/0x71 returned 0 after 0 usecs
[    4.702822] calling  hda_bus_init+0x0/0xc @ 1
[    4.708898] initcall hda_bus_init+0x0/0xc returned 0 after 0 usecs
[    4.716824] calling  proto_init+0x0/0xc @ 1
[    4.721881] initcall proto_init+0x0/0xc returned 0 after 0 usecs
[    4.728823] calling  net_dev_init+0x0/0x209 @ 1
[    4.734522] initcall net_dev_init+0x0/0x209 returned 0 after 976 usecs
[    4.742824] calling  neigh_init+0x0/0x84 @ 1
[    4.747843] initcall neigh_init+0x0/0x84 returned 0 after 0 usecs
[    4.754824] calling  fib_notifier_init+0x0/0xc @ 1
[    4.760839] initcall fib_notifier_init+0x0/0xc returned 0 after 0 usecs
[    4.768822] calling  fib_rules_init+0x0/0xab @ 1
[    4.773848] initcall fib_rules_init+0x0/0xab returned 0 after 0 usecs
[    4.781823] calling  pktsched_init+0x0/0x10e @ 1
[    4.787865] initcall pktsched_init+0x0/0x10e returned 0 after 0 usecs
[    4.794822] calling  tc_filter_init+0x0/0xfa @ 1
[    4.800868] initcall tc_filter_init+0x0/0xfa returned 0 after 0 usecs
[    4.808824] calling  tc_action_init+0x0/0x54 @ 1
[    4.813824] initcall tc_action_init+0x0/0x54 returned 0 after 0 usecs
[    4.822830] calling  ethnl_init+0x0/0x52 @ 1
[    4.827944] initcall ethnl_init+0x0/0x52 returned 0 after 0 usecs
[    4.832824] calling  nexthop_init+0x0/0xd8 @ 1
[    4.837907] initcall nexthop_init+0x0/0xd8 returned 0 after 976 usecs
[    4.845827] calling  cipso_v4_init+0x0/0x5d @ 1
[    4.851922] initcall cipso_v4_init+0x0/0x5d returned 0 after 0 usecs
[    4.859823] calling  ieee80211_init+0x0/0x24 @ 1
[    4.864929] initcall ieee80211_init+0x0/0x24 returned 0 after 0 usecs
[    4.872823] calling  netlbl_init+0x0/0x78 @ 1
[    4.878844] NetLabel: Initializing
[    4.882819] NetLabel:  domain hash size = 128
[    4.887819] NetLabel:  protocols = UNLABELED CIPSOv4 CALIPSO
[    4.895023] NetLabel:  unlabeled traffic allowed by default
[    4.901840] initcall netlbl_init+0x0/0x78 returned 0 after 22460 usecs
[    4.909829] calling  rfkill_init+0x0/0x111 @ 1
[    4.915408] initcall rfkill_init+0x0/0x111 returned 0 after 0 usecs
[    4.922828] calling  pci_subsys_init+0x0/0x66 @ 1
[    4.927886] PCI: Using ACPI for IRQ routing
[    5.616382] PCI: pci_cache_line_size set to 64 bytes
[    5.623166] e820: reserve RAM buffer [mem 0x0009fc00-0x0009ffff]
[    5.629851] e820: reserve RAM buffer [mem 0x1ffdf000-0x1fffffff]
[    5.636908] initcall pci_subsys_init+0x0/0x66 returned 0 after 692382 usecs
[    5.648065] calling  nmi_warning_debugfs+0x0/0x26 @ 1
[    5.654014] initcall nmi_warning_debugfs+0x0/0x26 returned 0 after 0 usecs
[    5.661838] calling  save_microcode_in_initrd+0x0/0x51 @ 1
[    5.668970] initcall save_microcode_in_initrd+0x0/0x51 returned 0 after 0 usecs
[    5.676825] calling  hpet_late_init+0x0/0x207 @ 1
[    5.682993] hpet: 3 channels of 0 reserved for per-cpu timers
[    5.689945] hpet0: at MMIO 0xfed00000, IRQs 2, 8, 0
[    5.700664] hpet0: 3 comparators, 64-bit 100.000000 MHz counter
[    5.712176] initcall hpet_late_init+0x0/0x207 returned 0 after 28320 usecs
[    5.719987] calling  init_amd_nbs+0x0/0x11c @ 1
[    5.726120] initcall init_amd_nbs+0x0/0x11c returned 0 after 976 usecs
[    5.733837] calling  clocksource_done_booting+0x0/0x41 @ 1
[    5.745307] clocksource: Switched to clocksource kvm-clock
[    5.751812] initcall clocksource_done_booting+0x0/0x41 returned 0 after 11710 usecs
[    5.760611] calling  tracer_init_tracefs+0x0/0x242 @ 1
[    5.947033] initcall tracer_init_tracefs+0x0/0x242 returned 0 after 174524 usecs
[    5.955727] calling  init_trace_printk_function_export+0x0/0x2c @ 1
[    5.963378] initcall init_trace_printk_function_export+0x0/0x2c returned 0 after 10 usecs
[    5.973159] calling  init_kprobe_trace+0x0/0x1a9 @ 1
[    5.979034] initcall init_kprobe_trace+0x0/0x1a9 returned 0 after 30 usecs
[    5.987221] calling  init_dynamic_event+0x0/0x3d @ 1
[    5.993017] initcall init_dynamic_event+0x0/0x3d returned 0 after 6 usecs
[    6.000834] calling  init_uprobe_trace+0x0/0x5c @ 1
[    6.006606] initcall init_uprobe_trace+0x0/0x5c returned 0 after 21 usecs
[    6.014424] calling  init_pipe_fs+0x0/0x44 @ 1
[    6.020197] initcall init_pipe_fs+0x0/0x44 returned 0 after 651 usecs
[    6.027890] calling  inotify_user_setup+0x0/0x47 @ 1
[    6.033816] initcall inotify_user_setup+0x0/0x47 returned 0 after 41 usecs
[    6.041795] calling  eventpoll_init+0x0/0xd4 @ 1
[    6.047315] initcall eventpoll_init+0x0/0xd4 returned 0 after 97 usecs
[    6.055048] calling  anon_inode_init+0x0/0x58 @ 1
[    6.060632] initcall anon_inode_init+0x0/0x58 returned 0 after 69 usecs
[    6.068335] calling  proc_locks_init+0x0/0x27 @ 1
[    6.074322] initcall proc_locks_init+0x0/0x27 returned 0 after 223 usecs
[    6.082097] calling  iomap_init+0x0/0x1b @ 1
[    6.087774] initcall iomap_init+0x0/0x1b returned 0 after 663 usecs
[    6.095099] calling  dquot_init+0x0/0x106 @ 1
[    6.100345] VFS: Disk quotas dquot_6.6.0
[    6.105344] VFS: Dquot-cache hash table entries: 512 (order 0, 4096 bytes)
[    6.113318] initcall dquot_init+0x0/0x106 returned 0 after 12729 usecs
[    6.120837] calling  quota_init+0x0/0x23 @ 1
[    6.126261] initcall quota_init+0x0/0x23 returned 0 after 338 usecs
[    6.133588] calling  proc_cmdline_init+0x0/0x21 @ 1
[    6.139404] initcall proc_cmdline_init+0x0/0x21 returned 0 after 17 usecs
[    6.147389] calling  proc_consoles_init+0x0/0x24 @ 1
[    6.153347] initcall proc_consoles_init+0x0/0x24 returned 0 after 2 usecs
[    6.161293] calling  proc_cpuinfo_init+0x0/0x1e @ 1
[    6.167079] initcall proc_cpuinfo_init+0x0/0x1e returned 0 after 2 usecs
[    6.174865] calling  proc_devices_init+0x0/0x24 @ 1
[    6.180648] initcall proc_devices_init+0x0/0x24 returned 0 after 15 usecs
[    6.188589] calling  proc_interrupts_init+0x0/0x24 @ 1
[    6.194651] initcall proc_interrupts_init+0x0/0x24 returned 0 after 2 usecs
[    6.202822] calling  proc_loadavg_init+0x0/0x21 @ 1
[    6.208670] initcall proc_loadavg_init+0x0/0x21 returned 0 after 2 usecs
[    6.216597] calling  proc_meminfo_init+0x0/0x21 @ 1
[    6.222430] initcall proc_meminfo_init+0x0/0x21 returned 0 after 2 usecs
[    6.230329] calling  proc_stat_init+0x0/0x1e @ 1
[    6.235826] initcall proc_stat_init+0x0/0x1e returned 0 after 2 usecs
[    6.243438] calling  proc_uptime_init+0x0/0x21 @ 1
[    6.249168] initcall proc_uptime_init+0x0/0x21 returned 0 after 2 usecs
[    6.256967] calling  proc_version_init+0x0/0x21 @ 1
[    6.262724] initcall proc_version_init+0x0/0x21 returned 0 after 2 usecs
[    6.272569] calling  proc_softirqs_init+0x0/0x21 @ 1
[    6.280108] initcall proc_softirqs_init+0x0/0x21 returned 0 after 3 usecs
[    6.290224] calling  proc_kcore_init+0x0/0xea @ 1
[    6.297082] initcall proc_kcore_init+0x0/0xea returned 0 after 66 usecs
[    6.304795] calling  vmcore_init+0x0/0x578 @ 1
[    6.310301] initcall vmcore_init+0x0/0x578 returned 0 after 26 usecs
[    6.317953] calling  proc_kmsg_init+0x0/0x21 @ 1
[    6.323433] initcall proc_kmsg_init+0x0/0x21 returned 0 after 16 usecs
[    6.331174] calling  proc_page_init+0x0/0x3b @ 1
[    6.336769] initcall proc_page_init+0x0/0x3b returned 0 after 3 usecs
[    6.344442] calling  init_ramfs_fs+0x0/0xc @ 1
[    6.349826] initcall init_ramfs_fs+0x0/0xc returned 0 after 15 usecs
[    6.357411] calling  init_hugetlbfs_fs+0x0/0xf6 @ 1
[    6.363794] initcall init_hugetlbfs_fs+0x0/0xf6 returned 0 after 427 usecs
[    6.372019] calling  blk_scsi_ioctl_init+0x0/0x2a5 @ 1
[    6.378194] initcall blk_scsi_ioctl_init+0x0/0x2a5 returned 0 after 19 usecs
[    6.386477] calling  acpi_event_init+0x0/0x2c @ 1
[    6.392157] initcall acpi_event_init+0x0/0x2c returned 0 after 60 usecs
[    6.399994] calling  pnp_system_init+0x0/0xc @ 1
[    6.406144] initcall pnp_system_init+0x0/0xc returned 0 after 598 usecs
[    6.414062] calling  pnpacpi_init+0x0/0x69 @ 1
[    6.419383] pnp: PnP ACPI init
[    6.424643] pnp 00:00: Plug and Play ACPI device, IDs PNP0303 (active)
[    6.432527] pnp 00:01: Plug and Play ACPI device, IDs PNP0f13 (active)
[    6.440423] pnp 00:02: Plug and Play ACPI device, IDs PNP0400 (active)
[    6.448134] pnp 00:03: Plug and Play ACPI device, IDs PNP0501 (active)
[    6.455966] pnp 00:04: Plug and Play ACPI device, IDs PNP0b00 (active)
[    6.464042] system 00:05: [mem 0xb0000000-0xbfffffff window] has been reserved
[    6.472570] system 00:05: Plug and Play ACPI device, IDs PNP0c01 (active)
[    6.482450] pnp: PnP ACPI: found 6 devices
[    6.487414] initcall pnpacpi_init+0x0/0x69 returned 0 after 66445 usecs
[    6.495257] calling  chr_dev_init+0x0/0x14d @ 1
[    6.533360] initcall chr_dev_init+0x0/0x14d returned 0 after 31891 usecs
[    6.541493] calling  firmware_class_init+0x0/0xe7 @ 1
[    6.547727] initcall firmware_class_init+0x0/0xe7 returned 0 after 96 usecs
[    6.555879] calling  init_pcmcia_bus+0x0/0x5b @ 1
[    6.561782] initcall init_pcmcia_bus+0x0/0x5b returned 0 after 190 usecs
[    6.569820] calling  init_acpi_pm_clocksource+0x0/0xda @ 1
[    6.582050] clocksource: acpi_pm: mask: 0xffffff max_cycles: 0xffffff, max_idle_ns: 2085701024 ns
[    6.592489] initcall init_acpi_pm_clocksource+0x0/0xda returned 0 after 15719 usecs
[    6.601537] calling  sysctl_core_init+0x0/0x26 @ 1
[    6.607432] initcall sysctl_core_init+0x0/0x26 returned 0 after 142 usecs
[    6.615493] calling  eth_offload_init+0x0/0x13 @ 1
[    6.621286] initcall eth_offload_init+0x0/0x13 returned 0 after 12 usecs
[    6.629265] calling  ipv4_offload_init+0x0/0x73 @ 1
[    6.635239] initcall ipv4_offload_init+0x0/0x73 returned 0 after 63 usecs
[    6.643398] calling  inet_init+0x0/0x276 @ 1
[    6.648830] NET: Registered protocol family 2
[    6.655015] IP idents hash table entries: 8192 (order: 4, 65536 bytes, linear)
[    6.669481] tcp_listen_portaddr_hash hash table entries: 256 (order: 0, 4096 bytes, linear)
[    6.679842] TCP established hash table entries: 4096 (order: 3, 32768 bytes, linear)
[    6.691361] TCP bind hash table entries: 4096 (order: 4, 65536 bytes, linear)
[    6.701521] TCP: Hash tables configured (established 4096 bind 4096)
[    6.710423] UDP hash table entries: 256 (order: 1, 8192 bytes, linear)
[    6.718445] UDP-Lite hash table entries: 256 (order: 1, 8192 bytes, linear)
[    6.727406] initcall inet_init+0x0/0x276 returned 0 after 76870 usecs
[    6.735240] calling  af_unix_init+0x0/0x4d @ 1
[    6.741115] NET: Registered protocol family 1
[    6.747092] initcall af_unix_init+0x0/0x4d returned 0 after 5893 usecs
[    6.756076] calling  ipv6_offload_init+0x0/0x7e @ 1
[    6.762176] initcall ipv6_offload_init+0x0/0x7e returned 0 after 65 usecs
[    6.770374] calling  init_sunrpc+0x0/0x65 @ 1
[    6.779232] RPC: Registered named UNIX socket transport module.
[    6.786540] RPC: Registered udp transport module.
[    6.793411] RPC: Registered tcp transport module.
[    6.800625] RPC: Registered tcp NFSv4.1 backchannel transport module.
[    6.810321] initcall init_sunrpc+0x0/0x65 returned 0 after 33833 usecs
[    6.820235] calling  cfg80211_init+0x0/0xc5 @ 1
[    6.829485] initcall cfg80211_init+0x0/0xc5 returned 0 after 2276 usecs
[    6.839744] calling  pcibios_assign_resources+0x0/0xbf @ 1
[    6.849454] pci_bus 0000:00: resource 4 [io  0x0000-0x0cf7 window]
[    6.857716] pci_bus 0000:00: resource 5 [io  0x0d00-0xffff window]
[    6.865457] pci_bus 0000:00: resource 6 [mem 0x000a0000-0x000bffff window]
[    6.873976] pci_bus 0000:00: resource 7 [mem 0x20000000-0xafffffff window]
[    6.882441] pci_bus 0000:00: resource 8 [mem 0xc0000000-0xfebfffff window]
[    6.890789] pci_bus 0000:00: resource 9 [mem 0x100000000-0x8ffffffff window]
[    6.899403] initcall pcibios_assign_resources+0x0/0xbf returned 0 after 49641 usecs
[    6.908641] calling  pci_apply_final_quirks+0x0/0x124 @ 1
[    6.915614] pci 0000:00:01.0: calling  pci_fixup_video+0x0/0xe0 @ 1
[    6.923482] pci 0000:00:01.0: Video device with shadowed ROM at [mem 0x000c0000-0x000dffff]
[    6.933445] pci 0000:00:01.0: pci_fixup_video+0x0/0xe0 took 10014 usecs
[    6.941771] PCI: CLS 0 bytes, default 64
[    6.946597] initcall pci_apply_final_quirks+0x0/0x124 returned 0 after 30491 usecs
[    6.955631] calling  acpi_reserve_resources+0x0/0xea @ 1
[    6.962167] initcall acpi_reserve_resources+0x0/0xea returned 0 after 51 usecs
[    6.971111] calling  populate_rootfs+0x0/0x102 @ 1
[    6.978713] initcall populate_rootfs+0x0/0x102 returned 0 after 1645 usecs
[    6.987342] calling  pci_iommu_init+0x0/0x3e @ 1
[    6.993261] initcall pci_iommu_init+0x0/0x3e returned 0 after 143 usecs
[    7.002653] calling  ia32_binfmt_init+0x0/0x13 @ 1
[    7.009812] initcall ia32_binfmt_init+0x0/0x13 returned 0 after 6 usecs
[    7.018351] calling  rapl_pmu_init+0x0/0x267 @ 1
[    7.025722] initcall rapl_pmu_init+0x0/0x267 returned -19 after 57 usecs
[    7.036138] calling  amd_uncore_init+0x0/0x310 @ 1
[    7.043713] initcall amd_uncore_init+0x0/0x310 returned -19 after 0 usecs
[    7.053315] calling  amd_ibs_init+0x0/0x27b @ 1
[    7.059029] initcall amd_ibs_init+0x0/0x27b returned -19 after 0 usecs
[    7.067168] calling  amd_iommu_pc_init+0x0/0x215 @ 1
[    7.073525] initcall amd_iommu_pc_init+0x0/0x215 returned -19 after 22 usecs
[    7.082810] calling  msr_init+0x0/0x55 @ 1
[    7.088445] initcall msr_init+0x0/0x55 returned 0 after 205 usecs
[    7.096393] calling  intel_uncore_init+0x0/0x36f @ 1
[    7.103814] initcall intel_uncore_init+0x0/0x36f returned -19 after 31 usecs
[    7.112737] calling  cstate_pmu_init+0x0/0x1a1 @ 1
[    7.118676] initcall cstate_pmu_init+0x0/0x1a1 returned -19 after 0 usecs
[    7.127208] calling  register_kernel_offset_dumper+0x0/0x1a @ 1
[    7.135038] initcall register_kernel_offset_dumper+0x0/0x1a returned 0 after 18 usecs
[    7.147392] calling  i8259A_init_ops+0x0/0x20 @ 1
[    7.155019] initcall i8259A_init_ops+0x0/0x20 returned 0 after 1 usecs
[    7.165284] calling  init_tsc_clocksource+0x0/0xa4 @ 1
[    7.173997] clocksource: tsc: mask: 0xffffffffffffffff max_cycles: 0x39a85afc727, max_idle_ns: 881590685098 ns
[    7.186828] initcall init_tsc_clocksource+0x0/0xa4 returned 0 after 13063 usecs
[    7.196235] calling  add_rtc_cmos+0x0/0xb0 @ 1
[    7.202421] initcall add_rtc_cmos+0x0/0xb0 returned 0 after 49 usecs
[    7.211063] calling  i8237A_init_ops+0x0/0x3a @ 1
[    7.218094] initcall i8237A_init_ops+0x0/0x3a returned 0 after 104 usecs
[    7.226255] calling  umwait_init+0x0/0x94 @ 1
[    7.231551] initcall umwait_init+0x0/0x94 returned -19 after 20 usecs
[    7.239292] calling  thermal_throttle_init_device+0x0/0x3d @ 1
[    7.246450] initcall thermal_throttle_init_device+0x0/0x3d returned 0 after 36 usecs
[    7.255677] calling  msr_init+0x0/0xd7 @ 1
[    7.281710] initcall msr_init+0x0/0xd7 returned 0 after 20550 usecs
[    7.289393] calling  cpuid_init+0x0/0xd7 @ 1
[    7.307645] initcall cpuid_init+0x0/0xd7 returned 0 after 12807 usecs
[    7.315468] calling  ioapic_init_ops+0x0/0x13 @ 1
[    7.321186] initcall ioapic_init_ops+0x0/0x13 returned 0 after 18 usecs
[    7.329162] calling  add_pcspkr+0x0/0x6c @ 1
[    7.334408] initcall add_pcspkr+0x0/0x6c returned 0 after 66 usecs
[    7.342085] calling  start_periodic_check_for_corruption+0x0/0x30 @ 1
[    7.349807] check: Scanning for low memory corruption every 60 seconds
[    7.357697] initcall start_periodic_check_for_corruption+0x0/0x30 returned 0 after 7712 usecs
[    7.368759] calling  sysfb_init+0x0/0x9c @ 1
[    7.374117] initcall sysfb_init+0x0/0x9c returned 0 after 120 usecs
[    7.381538] calling  audit_classes_init+0x0/0xae @ 1
[    7.387491] initcall audit_classes_init+0x0/0xae returned 0 after 3 usecs
[    7.395588] calling  iosf_mbi_init+0x0/0x24 @ 1
[    7.401417] initcall iosf_mbi_init+0x0/0x24 returned 0 after 277 usecs
[    7.409266] calling  proc_execdomains_init+0x0/0x21 @ 1
[    7.415591] initcall proc_execdomains_init+0x0/0x21 returned 0 after 52 usecs
[    7.424238] calling  register_warn_debugfs+0x0/0x23 @ 1
[    7.430618] initcall register_warn_debugfs+0x0/0x23 returned 0 after 92 usecs
[    7.440360] calling  cpuhp_sysfs_init+0x0/0x79 @ 1
[    7.448211] initcall cpuhp_sysfs_init+0x0/0x79 returned 0 after 418 usecs
[    7.458607] calling  ioresources_init+0x0/0x49 @ 1
[    7.465988] initcall ioresources_init+0x0/0x49 returned 0 after 6 usecs
[    7.475720] calling  snapshot_device_init+0x0/0xc @ 1
[    7.487282] initcall snapshot_device_init+0x0/0xc returned 0 after 2254 usecs
[    7.496026] calling  irq_pm_init_ops+0x0/0x13 @ 1
[    7.501940] initcall irq_pm_init_ops+0x0/0x13 returned 0 after 31 usecs
[    7.509993] calling  rcu_torture_init+0x0/0x9a6 @ 1
[    7.516060] rcu-torture:--- Start of test: nreaders=15 nfakewriters=4 stat_interval=15 verbose=1 test_no_idle_hz=1 shuffle_interval=3 stutter=5 irqreader=1 fqs_duration=0 fqs_holdoff=0 fqs_stutter=3 test_boost=1/0 test_boost_interval=7 test_boost_duration=4 shutdown_secs=1800 stall_cpu=0 stall_cpu_holdoff=10 stall_cpu_irqsoff=0 stall_cpu_block=0 n_barrier_cbs=4 onoff_interval=200 onoff_holdoff=30 read_exit_delay=13 read_exit_burst=16
[    7.561460] rcu:  Start-test grace-period state: g-972 f0x0
[    7.568787] rcu-torture: Creating rcu_torture_writer task
[    7.576443] rcu-torture: Creating rcu_torture_fakewriter task
[    7.576477] rcu-torture: rcu_torture_writer task started
[    7.584444] rcu-torture: Creating rcu_torture_fakewriter task
[    7.584489] rcu-torture: rcu_torture_fakewriter task started
[    7.590386] rcu-torture: GP expediting controlled from boot/sysfs for rcu.
[    7.590387] rcu_torture_writer: Testing conditional GPs.
[    7.590388] rcu_torture_writer: Testing expedited GPs.
[    7.590389] rcu_torture_writer: Testing asynchronous GPs.
[    7.590389] rcu_torture_writer: Testing normal GPs.
[    7.645375] rcu-torture: Creating rcu_torture_fakewriter task
[    7.645439] rcu-torture: rcu_torture_fakewriter task started
[    7.655049] rcu-torture: Creating rcu_torture_fakewriter task
[    7.655070] rcu-torture: rcu_torture_fakewriter task started
[    7.680578] rcu-torture: Creating rcu_torture_reader task
[    7.680614] rcu-torture: rcu_torture_fakewriter task started
[    7.690477] rcu-torture: Creating rcu_torture_reader task
[    7.690528] rcu-torture: rcu_torture_reader task started
[    7.713822] rcu-torture: Creating rcu_torture_reader task
[    7.713881] rcu-torture: rcu_torture_reader task started
[    7.723380] rcu-torture: Creating rcu_torture_reader task
[    7.723412] rcu-torture: rcu_torture_reader task started
[    7.749178] rcu-torture: Creating rcu_torture_reader task
[    7.749236] rcu-torture: rcu_torture_reader task started
[    7.757627] rcu-torture: Creating rcu_torture_reader task
[    7.757661] rcu-torture: rcu_torture_reader task started
[    7.780231] rcu-torture: Creating rcu_torture_reader task
[    7.780265] rcu-torture: rcu_torture_reader task started
[    7.789123] rcu-torture: rcu_torture_reader task started
[    7.789126] rcu-torture: Creating rcu_torture_reader task
[    7.790004] rcu-torture: Creating rcu_torture_reader task
[    7.790062] rcu-torture: rcu_torture_reader task started
[    7.791027] rcu-torture: Creating rcu_torture_reader task
[    7.791043] rcu-torture: rcu_torture_reader task started
[    7.791827] rcu-torture: Creating rcu_torture_reader task
[    7.792054] rcu-torture: rcu_torture_reader task started
[    7.793159] rcu-torture: Creating rcu_torture_reader task
[    7.793180] rcu-torture: rcu_torture_reader task started
[    7.794299] rcu-torture: Creating rcu_torture_reader task
[    7.794301] rcu-torture: rcu_torture_reader task started
[    7.795363] rcu-torture: Creating rcu_torture_reader task
[    7.795376] rcu-torture: rcu_torture_reader task started
[    7.796339] rcu-torture: Creating rcu_torture_reader task
[    7.796364] rcu-torture: rcu_torture_reader task started
[    7.924465] rcu-torture: Creating rcu_torture_stats task
[    7.924503] rcu-torture: rcu_torture_reader task started
[    7.934296] rcu-torture: Creating torture_shuffle task
[    7.934352] rcu-torture: rcu_torture_stats task started
[    7.957261] rcu-torture: Creating torture_stutter task
[    7.957965] rcu-torture: torture_shuffle task started
[    7.965531] rcu-torture: Creating torture_shutdown task
[    7.966043] rcu-torture: torture_stutter task started
[    7.989425] rcu-torture: Creating torture_onoff task
[    7.989482] rcu-torture: torture_shutdown task started
[    7.998856] rcu-torture: torture_onoff task started
[    7.999093] rcu-torture: Creating rcu_torture_fwd_prog task
[    8.001427] rcu-torture: Creating rcu_torture_barrier_cbs task
[    8.001517] rcu-torture: rcu_torture_fwd_progress task started
[    8.003339] rcu-torture: Creating rcu_torture_barrier_cbs task
[    8.003463] rcu-torture: rcu_torture_barrier_cbs task started
[    8.005438] rcu-torture: rcu_torture_barrier_cbs task started
[    8.005441] rcu-torture: Creating rcu_torture_barrier_cbs task
[    8.006432] rcu-torture:torture_shutdown task: 1799959 ms remaining
[    8.006804] rcu-torture: Creating rcu_torture_barrier_cbs task
[    8.006862] rcu-torture: rcu_torture_barrier_cbs task started
[    8.007716] rcu-torture: Creating rcu_torture_barrier task
[    8.007735] rcu-torture: rcu_torture_barrier_cbs task started
[    8.009058] rcu-torture: Creating rcu_torture_read_exit task
[    8.009382] rcu-torture: rcu_torture_barrier task starting
[    8.010140] rcu-torture: rcu_torture_read_exit: Start of test
[    8.010174] initcall rcu_torture_init+0x0/0x9a6 returned 0 after 482605 usecs
[    8.010178] calling  timekeeping_init_ops+0x0/0x13 @ 1
[    8.010181] initcall timekeeping_init_ops+0x0/0x13 returned 0 after 0 usecs
[    8.010184] calling  init_clocksource_sysfs+0x0/0x23 @ 1
[    8.010317] initcall init_clocksource_sysfs+0x0/0x23 returned 0 after 127 usecs
[    8.010319] calling  init_timer_list_procfs+0x0/0x31 @ 1
[    8.010329] initcall init_timer_list_procfs+0x0/0x31 returned 0 after 7 usecs
[    8.010331] calling  alarmtimer_init+0x0/0xc7 @ 1
[    8.010444] initcall alarmtimer_init+0x0/0xc7 returned 0 after 107 usecs
[    8.010447] calling  init_posix_timers+0x0/0x29 @ 1
[    8.010452] initcall init_posix_timers+0x0/0x29 returned 0 after 3 usecs
[    8.010454] calling  clockevents_init_sysfs+0x0/0xbf @ 1
[    8.010773] initcall clockevents_init_sysfs+0x0/0xbf returned 0 after 308 usecs
[    8.010776] calling  proc_dma_init+0x0/0x21 @ 1
[    8.010795] initcall proc_dma_init+0x0/0x21 returned 0 after 16 usecs
[    8.010797] calling  proc_modules_init+0x0/0x1e @ 1
[    8.010801] initcall proc_modules_init+0x0/0x1e returned 0 after 1 usecs
[    8.010803] calling  kallsyms_init+0x0/0x21 @ 1
[    8.010806] initcall kallsyms_init+0x0/0x21 returned 0 after 1 usecs
[    8.010809] calling  pid_namespaces_init+0x0/0x2c @ 1
[    8.010850] initcall pid_namespaces_init+0x0/0x2c returned 0 after 38 usecs
[    8.010853] calling  audit_watch_init+0x0/0x37 @ 1
[    8.010856] initcall audit_watch_init+0x0/0x37 returned 0 after 0 usecs
[    8.010857] calling  audit_fsnotify_init+0x0/0x37 @ 1
[    8.010936] initcall audit_fsnotify_init+0x0/0x37 returned 0 after 0 usecs
[    8.011064] calling  audit_tree_init+0x0/0x6d @ 1
[    8.011069] initcall audit_tree_init+0x0/0x6d returned 0 after 2 usecs
[    8.011071] calling  seccomp_sysctl_init+0x0/0x2b @ 1
[    8.011110] initcall seccomp_sysctl_init+0x0/0x2b returned 0 after 35 usecs
[    8.011112] calling  utsname_sysctl_init+0x0/0x13 @ 1
[    8.011118] initcall utsname_sysctl_init+0x0/0x13 returned 0 after 4 usecs
[    8.011120] calling  init_tracepoints+0x0/0x27 @ 1
[    8.011124] initcall init_tracepoints+0x0/0x27 returned 0 after 1 usecs
[    8.011126] calling  init_blk_tracer+0x0/0x50 @ 1
[    8.011438] initcall init_blk_tracer+0x0/0x50 returned 0 after 301 usecs
[    8.011440] calling  perf_event_sysfs_init+0x0/0x81 @ 1
[    8.011709] initcall perf_event_sysfs_init+0x0/0x81 returned 0 after 235 usecs
[    8.011713] calling  system_trusted_keyring_init+0x0/0x60 @ 1
[    8.011750] Initialise system trusted keyrings
[    8.011803] initcall system_trusted_keyring_init+0x0/0x60 returned 0 after 85 usecs
[    8.011806] calling  kswapd_init+0x0/0x5c @ 1
[    8.012203] rcu_torture_rea (209) used greatest stack depth: 15208 bytes left
[    8.012820] initcall kswapd_init+0x0/0x5c returned 0 after 983 usecs
[    8.012823] calling  extfrag_debug_init+0x0/0x54 @ 1
[    8.013123] initcall extfrag_debug_init+0x0/0x54 returned 0 after 289 usecs
[    8.013126] calling  mm_compute_batch_init+0x0/0x12 @ 1
[    8.013128] initcall mm_compute_batch_init+0x0/0x12 returned 0 after 0 usecs
[    8.013130] calling  slab_proc_init+0x0/0x21 @ 1
[    8.013195] initcall slab_proc_init+0x0/0x21 returned 0 after 60 usecs
[    8.013197] calling  workingset_init+0x0/0x8c @ 1
[    8.013231] workingset: timestamp_bits=56 max_order=17 bucket_order=0
[    8.013234] initcall workingset_init+0x0/0x8c returned 0 after 34 usecs
[    8.013235] calling  proc_vmalloc_init+0x0/0x32 @ 1
[    8.013238] initcall proc_vmalloc_init+0x0/0x32 returned 0 after 1 usecs
[    8.013239] calling  procswaps_init+0x0/0x1e @ 1
[    8.013268] initcall procswaps_init+0x0/0x1e returned 0 after 26 usecs
[    8.013270] calling  slab_sysfs_init+0x0/0xea @ 1
[    8.014643] rcu-torture: torture_onoff begin holdoff
[    8.015422] initcall slab_sysfs_init+0x0/0xea returned 0 after 2096 usecs
[    8.714790] calling  fcntl_init+0x0/0x29 @ 1
[    8.723074] initcall fcntl_init+0x0/0x29 returned 0 after 430 usecs
[    8.734714] calling  proc_filesystems_init+0x0/0x21 @ 1
[    8.742699] initcall proc_filesystems_init+0x0/0x21 returned 0 after 5 usecs
[    8.753072] calling  start_dirtytime_writeback+0x0/0x29 @ 1
[    8.761491] initcall start_dirtytime_writeback+0x0/0x29 returned 0 after 1 usecs
[    8.773172] calling  blkdev_init+0x0/0x1b @ 1
[    8.780808] initcall blkdev_init+0x0/0x1b returned 0 after 23 usecs
[    8.791119] calling  dio_init+0x0/0x2c @ 1
[    8.798704] initcall dio_init+0x0/0x2c returned 0 after 878 usecs
[    8.808356] calling  dnotify_init+0x0/0x78 @ 1
[    8.815777] initcall dnotify_init+0x0/0x78 returned 0 after 172 usecs
[    8.826069] calling  aio_setup+0x0/0x78 @ 1
[    8.833646] initcall aio_setup+0x0/0x78 returned 0 after 1172 usecs
[    8.843263] calling  io_uring_init+0x0/0x2c @ 1
[    8.850773] initcall io_uring_init+0x0/0x2c returned 0 after 261 usecs
[    8.860894] calling  mbcache_init+0x0/0x30 @ 1
[    8.868534] initcall mbcache_init+0x0/0x30 returned 0 after 311 usecs
[    8.880343] calling  init_grace+0x0/0xc @ 1
[    8.888636] initcall init_grace+0x0/0xc returned 0 after 226 usecs
[    8.900432] calling  init_v2_quota_format+0x0/0x21 @ 1
[    8.910165] initcall init_v2_quota_format+0x0/0x21 returned 0 after 32 usecs
[    8.930609] calling  init_devpts_fs+0x0/0x27 @ 1
[    8.939480] initcall init_devpts_fs+0x0/0x27 returned 0 after 113 usecs
[    8.952154] calling  ext4_init_fs+0x0/0x1d0 @ 1
[    8.961422] initcall ext4_init_fs+0x0/0x1d0 returned 0 after 729 usecs
[    8.972012] calling  journal_init+0x0/0x11c @ 1
[    8.979766] initcall journal_init+0x0/0x11c returned 0 after 140 usecs
[    8.991351] calling  init_fat_fs+0x0/0x49 @ 1
[    8.999731] initcall init_fat_fs+0x0/0x49 returned 0 after 54 usecs
[    9.011597] calling  init_vfat_fs+0x0/0xc @ 1
[    9.018965] initcall init_vfat_fs+0x0/0xc returned 0 after 4 usecs
[    9.028564] calling  init_msdos_fs+0x0/0xc @ 1
[    9.035756] initcall init_msdos_fs+0x0/0xc returned 0 after 3 usecs
[    9.045035] calling  init_iso9660_fs+0x0/0x6c @ 1
[    9.052162] initcall init_iso9660_fs+0x0/0x6c returned 0 after 59 usecs
[    9.062129] calling  init_nfs_fs+0x0/0x13a @ 1
[    9.071124] initcall init_nfs_fs+0x0/0x13a returned 0 after 1961 usecs
[    9.081815] calling  init_nfs_v2+0x0/0x13 @ 1
[    9.089307] initcall init_nfs_v2+0x0/0x13 returned 0 after 77 usecs
[    9.099742] calling  init_nfs_v3+0x0/0x13 @ 1
[    9.108058] initcall init_nfs_v3+0x0/0x13 returned 0 after 203 usecs
[    9.116819] calling  init_nfs_v4+0x0/0x32 @ 1
[    9.123277] NFS: Registering the id_resolver key type
[    9.130738] Key type id_resolver registered
[    9.137179] Key type id_legacy registered
[    9.143731] initcall init_nfs_v4+0x0/0x32 returned 0 after 20350 usecs
[    9.155171] calling  init_nlm+0x0/0x5b @ 1
[    9.162420] initcall init_nlm+0x0/0x5b returned 0 after 224 usecs
[    9.171501] calling  init_nls_cp437+0x0/0xe @ 1
[    9.179199] initcall init_nls_cp437+0x0/0xe returned 0 after 116 usecs
[    9.190845] calling  init_nls_ascii+0x0/0xe @ 1
[    9.199651] initcall init_nls_ascii+0x0/0xe returned 0 after 5 usecs
[    9.209417] calling  init_nls_iso8859_1+0x0/0xe @ 1
[    9.217109] initcall init_nls_iso8859_1+0x0/0xe returned 0 after 0 usecs
[    9.228443] calling  init_nls_utf8+0x0/0x21 @ 1
[    9.235998] initcall init_nls_utf8+0x0/0x21 returned 0 after 1 usecs
[    9.247227] calling  init_autofs_fs+0x0/0x25 @ 1
[    9.256503] initcall init_autofs_fs+0x0/0x25 returned 0 after 1056 usecs
[    9.269184] calling  ipc_init+0x0/0x24 @ 1
[    9.276279] initcall ipc_init+0x0/0x24 returned 0 after 23 usecs
[    9.286224] calling  ipc_sysctl_init+0x0/0x13 @ 1
[    9.294429] initcall ipc_sysctl_init+0x0/0x13 returned 0 after 10 usecs
[    9.305594] calling  init_mqueue_fs+0x0/0x9a @ 1
[    9.314162] initcall init_mqueue_fs+0x0/0x9a returned 0 after 753 usecs
[    9.325065] calling  key_proc_init+0x0/0x63 @ 1
[    9.333372] initcall key_proc_init+0x0/0x63 returned 0 after 519 usecs
[    9.344071] calling  selinux_nf_ip_init+0x0/0x2e @ 1
[    9.352750] initcall selinux_nf_ip_init+0x0/0x2e returned 0 after 120 usecs
[    9.362303] calling  init_sel_fs+0x0/0x116 @ 1
[    9.368839] initcall init_sel_fs+0x0/0x116 returned 0 after 0 usecs
[    9.377989] calling  selnl_init+0x0/0x7c @ 1
[    9.385312] initcall selnl_init+0x0/0x7c returned 0 after 844 usecs
[    9.393851] calling  sel_netif_init+0x0/0x36 @ 1
[    9.400802] initcall sel_netif_init+0x0/0x36 returned 0 after 0 usecs
[    9.410164] calling  sel_netnode_init+0x0/0x33 @ 1
[    9.417095] initcall sel_netnode_init+0x0/0x33 returned 0 after 0 usecs
[    9.426876] calling  sel_netport_init+0x0/0x33 @ 1
[    9.434059] initcall sel_netport_init+0x0/0x33 returned 0 after 0 usecs
[    9.443697] calling  aurule_init+0x0/0x2a @ 1
[    9.450270] initcall aurule_init+0x0/0x2a returned 0 after 7 usecs
[    9.460108] calling  crypto_algapi_init+0x0/0xc @ 1
[    9.467701] initcall crypto_algapi_init+0x0/0xc returned 0 after 12 usecs
[    9.478429] calling  jent_mod_init+0x0/0x2d @ 1
[    9.500746] initcall jent_mod_init+0x0/0x2d returned 0 after 14840 usecs
[    9.512202] calling  asymmetric_key_init+0x0/0xc @ 1
[    9.520721] Key type asymmetric registered
[    9.527367] initcall asymmetric_key_init+0x0/0xc returned 0 after 6650 usecs
[    9.539881] calling  x509_key_init+0x0/0xc @ 1
[    9.547478] Asymmetric key parser 'x509' registered
[    9.554642] initcall x509_key_init+0x0/0xc returned 0 after 7454 usecs
[    9.565562] calling  proc_genhd_init+0x0/0x41 @ 1
[    9.573961] initcall proc_genhd_init+0x0/0x41 returned 0 after 20 usecs
[    9.585366] calling  bsg_init+0x0/0x113 @ 1
[    9.592341] Block layer SCSI generic (bsg) driver version 0.4 loaded (major 251)
[    9.605315] initcall bsg_init+0x0/0x113 returned 0 after 12839 usecs
[    9.616370] calling  deadline_init+0x0/0xc @ 1
[    9.623798] io scheduler mq-deadline registered
[    9.630702] initcall deadline_init+0x0/0xc returned 0 after 6833 usecs
[    9.640386] calling  kyber_init+0x0/0xc @ 1
[    9.646719] io scheduler kyber registered
[    9.653953] initcall kyber_init+0x0/0xc returned 0 after 7062 usecs
[    9.664692] calling  mod_init+0x0/0x7 @ 1
[    9.671801] initcall mod_init+0x0/0x7 returned 0 after 0 usecs
[    9.681452] calling  percpu_counter_startup+0x0/0x55 @ 1
[    9.719500] initcall percpu_counter_startup+0x0/0x55 returned 0 after 28941 usecs
[    9.731663] calling  sg_pool_init+0x0/0xb4 @ 1
[    9.739625] initcall sg_pool_init+0x0/0xb4 returned 0 after 393 usecs
[    9.752210] calling  pcie_portdrv_init+0x0/0x39 @ 1
[    9.761347] initcall pcie_portdrv_init+0x0/0x39 returned 0 after 179 usecs
[    9.773744] calling  pci_proc_init+0x0/0x68 @ 1
[    9.781249] initcall pci_proc_init+0x0/0x68 returned 0 after 16 usecs
[    9.792287] calling  pci_hotplug_init+0x0/0x7 @ 1
[    9.800627] initcall pci_hotplug_init+0x0/0x7 returned 0 after 0 usecs
[    9.812905] calling  efifb_driver_init+0x0/0xe @ 1
[    9.822207] initcall efifb_driver_init+0x0/0xe returned 0 after 28 usecs
[    9.835045] calling  ged_driver_init+0x0/0xe @ 1
[    9.844423] initcall ged_driver_init+0x0/0xe returned 0 after 33 usecs
[    9.855810] calling  acpi_ac_init+0x0/0x92 @ 1
[    9.865100] initcall acpi_ac_init+0x0/0x92 returned 0 after 820 usecs
[    9.876271] calling  acpi_button_driver_init+0x0/0x52 @ 1
[    9.885752] input: Power Button as /devices/LNXSYSTM:00/LNXPWRBN:00/input/input0
[    9.899244] ACPI: Power Button [PWRF]
[    9.907438] initcall acpi_button_driver_init+0x0/0x52 returned 0 after 22494 usecs
[    9.922690] calling  acpi_fan_driver_init+0x0/0xe @ 1
[    9.932531] initcall acpi_fan_driver_init+0x0/0xe returned 0 after 25 usecs
[    9.946051] calling  acpi_video_init+0x0/0xcb @ 1
[    9.955265] initcall acpi_video_init+0x0/0xcb returned 0 after 114 usecs
[    9.988035] calling  acpi_processor_driver_init+0x0/0xad @ 1
[   10.025468] initcall acpi_processor_driver_init+0x0/0xad returned 0 after 22706 usecs
[   10.040319] calling  acpi_thermal_init+0x0/0x71 @ 1
[   10.061297] initcall acpi_thermal_init+0x0/0x71 returned 0 after 11492 usecs
[   10.074037] calling  acpi_battery_init+0x0/0x32 @ 1
[   10.083199] initcall acpi_battery_init+0x0/0x32 returned 0 after 973 usecs
[   10.093148] calling  bgrt_init+0x0/0xb6 @ 1
[   10.099192] initcall bgrt_init+0x0/0xb6 returned -19 after 135 usecs
[   10.108010] calling  gpio_clk_driver_init+0x0/0xe @ 1
[   10.117675] initcall gpio_clk_driver_init+0x0/0xe returned 0 after 1926 usecs
[   10.128301] calling  plt_clk_driver_init+0x0/0xe @ 1
[   10.136115] initcall plt_clk_driver_init+0x0/0xe returned 0 after 124 usecs
[   10.146527] calling  virtio_pci_driver_init+0x0/0x15 @ 1
[   10.158179] initcall virtio_pci_driver_init+0x0/0x15 returned 0 after 3516 usecs
[   10.168956] calling  n_null_init+0x0/0x1e @ 1
[   10.175818] initcall n_null_init+0x0/0x1e returned 0 after 85 usecs
[   10.185401] calling  pty_init+0x0/0x1e8 @ 1
[   10.203397] initcall pty_init+0x0/0x1e8 returned 0 after 11343 usecs
[   10.213276] calling  sysrq_init+0x0/0x62 @ 1
[   10.220104] initcall sysrq_init+0x0/0x62 returned 0 after 648 usecs
[   10.229508] calling  serial8250_init+0x0/0x17e @ 1
[   10.237170] Serial: 8250/16550 driver, 4 ports, IRQ sharing enabled
[   10.252300] 00:03: ttyS0 at I/O 0x3f8 (irq = 4, base_baud = 115200) is a 16550A
[   10.279520] initcall serial8250_init+0x0/0x17e returned 0 after 41530 usecs
[   10.291855] calling  serial_pci_driver_init+0x0/0x15 @ 1
[   10.303186] initcall serial_pci_driver_init+0x0/0x15 returned 0 after 1476 usecs
[   10.317030] calling  exar_pci_driver_init+0x0/0x15 @ 1
[   10.326631] initcall exar_pci_driver_init+0x0/0x15 returned 0 after 28 usecs
[   10.340055] calling  lpss8250_pci_driver_init+0x0/0x15 @ 1
[   10.350354] initcall lpss8250_pci_driver_init+0x0/0x15 returned 0 after 111 usecs
[   10.364219] calling  mid8250_pci_driver_init+0x0/0x15 @ 1
[   10.374354] initcall mid8250_pci_driver_init+0x0/0x15 returned 0 after 22 usecs
[   10.387618] calling  virtio_console_init+0x0/0xff @ 1
[   10.400007] initcall virtio_console_init+0x0/0xff returned 0 after 2659 usecs
[   10.412743] calling  hpet_init+0x0/0x64 @ 1
[   10.428173] initcall hpet_init+0x0/0x64 returned 0 after 8168 usecs
[   10.438250] calling  nvram_module_init+0x0/0x83 @ 1
[   10.447780] Non-volatile memory driver v1.3
[   10.456256] initcall nvram_module_init+0x0/0x83 returned 0 after 9204 usecs
[   10.469053] calling  hwrng_modinit+0x0/0x8a @ 1
[   10.482282] initcall hwrng_modinit+0x0/0x8a returned 0 after 4757 usecs
[   10.493933] calling  mod_init+0x0/0x48 @ 1
[   10.501192] initcall mod_init+0x0/0x48 returned -19 after 0 usecs
[   10.511673] calling  agp_init+0x0/0x23 @ 1
[   10.518911] Linux agpgart interface v0.103
[   10.526182] initcall agp_init+0x0/0x23 returned 0 after 7101 usecs
[   10.536955] calling  agp_amd64_mod_init+0x0/0x5 @ 1
[   10.547528] initcall agp_amd64_mod_init+0x0/0x5 returned -19 after 1743 usecs
[   10.558703] calling  agp_intel_init+0x0/0x28 @ 1
[   10.567618] initcall agp_intel_init+0x0/0x28 returned 0 after 1966 usecs
[   10.578060] calling  drm_kms_helper_init+0x0/0x7 @ 1
[   10.585848] initcall drm_kms_helper_init+0x0/0x7 returned 0 after 39 usecs
[   10.596013] calling  drm_core_init+0x0/0xa4 @ 1
[   10.605158] initcall drm_core_init+0x0/0xa4 returned 0 after 1842 usecs
[   10.617013] calling  i915_init+0x0/0x6b @ 1
[   10.626836] initcall i915_init+0x0/0x6b returned 0 after 3093 usecs
[   10.636486] calling  cn_proc_init+0x0/0x35 @ 1
[   10.643481] initcall cn_proc_init+0x0/0x35 returned 0 after 3 usecs
[   10.653058] calling  topology_sysfs_init+0x0/0x27 @ 1
[   10.661936] initcall topology_sysfs_init+0x0/0x27 returned 0 after 1067 usecs
[   10.672893] calling  cacheinfo_sysfs_init+0x0/0x27 @ 1
[   10.715293] initcall cacheinfo_sysfs_init+0x0/0x27 returned 0 after 33210 usecs
[   10.726769] calling  loop_init+0x0/0x168 @ 1
[   10.925579] loop: module loaded
[   10.930668] initcall loop_init+0x0/0x168 returned 0 after 191051 usecs
[   10.940735] calling  mac_hid_init+0x0/0x21 @ 1
[   10.947468] initcall mac_hid_init+0x0/0x21 returned 0 after 14 usecs
[   10.957035] calling  spi_transport_init+0x0/0x74 @ 1
[   10.965596] initcall spi_transport_init+0x0/0x74 returned 0 after 646 usecs
[   10.976318] calling  init_sd+0x0/0x18c @ 1
[   10.982658] initcall init_sd+0x0/0x18c returned 0 after 173 usecs
[   10.991634] calling  init_sr+0x0/0x43 @ 1
[   10.998026] initcall init_sr+0x0/0x43 returned 0 after 101 usecs
[   11.007425] calling  init_sg+0x0/0x1c0 @ 1
[   11.013649] initcall init_sg+0x0/0x1c0 returned 0 after 120 usecs
[   11.022799] calling  ahci_pci_driver_init+0x0/0x15 @ 1
[   11.063532] ahci 0000:00:1f.2: version 3.0
[   11.079159] PCI Interrupt Link [GSIA] enabled at IRQ 16
[   11.119250] ahci 0000:00:1f.2: AHCI 0001.0000 32 slots 6 ports 1.5 Gbps 0x3f impl SATA mode
[   11.132075] ahci 0000:00:1f.2: flags: 64bit ncq only 
[   11.172402] scsi host0: ahci
[   11.195487] scsi host1: ahci
[   11.204698] scsi host2: ahci
[   11.218792] scsi host3: ahci
[   11.231124] scsi host4: ahci
[   11.239242] scsi host5: ahci
[   11.244013] ata1: SATA max UDMA/133 abar m4096@0xfebf1000 port 0xfebf1100 irq 24
[   11.253466] ata2: SATA max UDMA/133 abar m4096@0xfebf1000 port 0xfebf1180 irq 24
[   11.263393] ata3: SATA max UDMA/133 abar m4096@0xfebf1000 port 0xfebf1200 irq 24
[   11.274052] ata4: SATA max UDMA/133 abar m4096@0xfebf1000 port 0xfebf1280 irq 24
[   11.284034] ata5: SATA max UDMA/133 abar m4096@0xfebf1000 port 0xfebf1300 irq 24
[   11.294002] ata6: SATA max UDMA/133 abar m4096@0xfebf1000 port 0xfebf1380 irq 24
[   11.305155] initcall ahci_pci_driver_init+0x0/0x15 returned 0 after 245537 usecs
[   11.316598] calling  piix_init+0x0/0x26 @ 1
[   11.323172] initcall piix_init+0x0/0x26 returned 0 after 404 usecs
[   11.333077] calling  amd_pci_driver_init+0x0/0x15 @ 1
[   11.340619] initcall amd_pci_driver_init+0x0/0x15 returned 0 after 29 usecs
[   11.350572] calling  oldpiix_pci_driver_init+0x0/0x15 @ 1
[   11.358274] initcall oldpiix_pci_driver_init+0x0/0x15 returned 0 after 45 usecs
[   11.368179] calling  sch_pci_driver_init+0x0/0x15 @ 1
[   11.375481] initcall sch_pci_driver_init+0x0/0x15 returned 0 after 61 usecs
[   11.386200] calling  net_olddevs_init+0x0/0x55 @ 1
[   11.394423] initcall net_olddevs_init+0x0/0x55 returned 0 after 356 usecs
[   11.404524] calling  blackhole_netdev_init+0x0/0x78 @ 1
[   11.412528] initcall blackhole_netdev_init+0x0/0x78 returned 0 after 517 usecs
[   11.422625] calling  phy_module_init+0x0/0x13 @ 1
[   11.429504] initcall phy_module_init+0x0/0x13 returned 0 after 233 usecs
[   11.438880] calling  tg3_driver_init+0x0/0x15 @ 1
[   11.445941] initcall tg3_driver_init+0x0/0x15 returned 0 after 350 usecs
[   11.455253] calling  e100_init_module+0x0/0x4c @ 1
[   11.462018] e100: Intel(R) PRO/100 Network Driver
[   11.468493] e100: Copyright(c) 1999-2006 Intel Corporation
[   11.476062] initcall e100_init_module+0x0/0x4c returned 0 after 13873 usecs
[   11.485757] calling  e1000_init_module+0x0/0x72 @ 1
[   11.492809] e1000: Intel(R) PRO/1000 Network Driver
[   11.499719] e1000: Copyright (c) 1999-2006 Intel Corporation.
[   11.507509] initcall e1000_init_module+0x0/0x72 returned 0 after 14374 usecs
[   11.517189] calling  e1000_init_module+0x0/0x2d @ 1
[   11.524109] e1000e: Intel(R) PRO/1000 Network Driver
[   11.531178] e1000e: Copyright(c) 1999 - 2015 Intel Corporation.
[   11.539937] initcall e1000_init_module+0x0/0x2d returned 0 after 15471 usecs
[   11.551181] calling  sky2_init_module+0x0/0x21 @ 1
[   11.559217] sky2: driver version 1.30
[   11.568308] hrtimer: interrupt took 2676462 ns
[   11.573709] initcall sky2_init_module+0x0/0x21 returned 0 after 13982 usecs
[   11.592229] calling  forcedeth_pci_driver_init+0x0/0x15 @ 1
[   11.607062] initcall forcedeth_pci_driver_init+0x0/0x15 returned 0 after 542 usecs
[   11.620234] calling  rtl8139_init_module+0x0/0x15 @ 1
[   11.624303] ata3: SATA link up 1.5 Gbps (SStatus 113 SControl 300)
[   11.629304] initcall rtl8139_init_module+0x0/0x15 returned 0 after 525 usecs
[   11.643401] ata2: SATA link down (SStatus 0 SControl 300)
[   11.651233] calling  rtl8169_pci_driver_init+0x0/0x15 @ 1
[   11.660409] ata3.00: ATAPI: QEMU DVD-ROM, 2.5+, max UDMA/100
[   11.668077] initcall rtl8169_pci_driver_init+0x0/0x15 returned 0 after 268 usecs
[   11.676595] ata3.00: applying bridge limits
[   11.687618] calling  cdrom_init+0x0/0xc @ 1
[   11.687743] initcall cdrom_init+0x0/0xc returned 0 after 117 usecs
[   11.699993] ata5: SATA link down (SStatus 0 SControl 300)
[   11.703442] calling  nonstatic_sysfs_init+0x0/0xc @ 1
[   11.714099] ata6: SATA link down (SStatus 0 SControl 300)
[   11.720553] initcall nonstatic_sysfs_init+0x0/0xc returned 0 after 1 usecs
[   11.720558] calling  yenta_cardbus_driver_init+0x0/0x15 @ 1
[   11.738302] ata4: SATA link down (SStatus 0 SControl 300)
[   11.739204] initcall yenta_cardbus_driver_init+0x0/0x15 returned 0 after 58 usecs
[   11.753360] ata1: SATA link down (SStatus 0 SControl 300)
[   11.758514] calling  mon_init+0x0/0x12d @ 1
[   11.761399] initcall mon_init+0x0/0x12d returned 0 after 2810 usecs
[   11.806001] calling  ehci_hcd_init+0x0/0x56 @ 1
[   11.806428] ata3.00: configured for UDMA/100
[   11.813276] ehci_hcd: USB 2.0 'Enhanced' Host Controller (EHCI) Driver
[   11.823727] scsi 2:0:0:0: CD-ROM            QEMU     QEMU DVD-ROM     2.5+ PQ: 0 ANSI: 5
[   11.828994] initcall ehci_hcd_init+0x0/0x56 returned 0 after 15493 usecs
[   11.850801] calling  ehci_pci_init+0x0/0x64 @ 1
[   11.857756] ehci-pci: EHCI PCI platform driver
[   11.864951] initcall ehci_pci_init+0x0/0x64 returned 0 after 7021 usecs
[   11.874697] calling  ohci_hcd_mod_init+0x0/0x4e @ 1
[   11.879261] sr 2:0:0:0: [sr0] scsi3-mmc drive: 4x/4x cd/rw xa/form2 tray
[   11.882091] ohci_hcd: USB 1.1 'Open' Host Controller (OHCI) Driver
[   11.882303] initcall ohci_hcd_mod_init+0x0/0x4e returned 0 after 204 usecs
[   11.891757] cdrom: Uniform CD-ROM driver Revision: 3.20
[   11.900947] calling  ohci_pci_init+0x0/0x64 @ 1
[   11.900950] ohci-pci: OHCI PCI platform driver
[   11.901064] initcall ohci_pci_init+0x0/0x64 returned 0 after 110 usecs
[   11.942961] calling  uhci_hcd_init+0x0/0xa8 @ 1
[   11.949991] uhci_hcd: USB Universal Host Controller Interface driver
[   11.968197] initcall uhci_hcd_init+0x0/0xa8 returned 0 after 17702 usecs
[   11.977256] sr 2:0:0:0: Attached scsi CD-ROM sr0
[   11.978528] calling  xhci_hcd_init+0x0/0x1e @ 1
[   11.978620] initcall xhci_hcd_init+0x0/0x1e returned 0 after 85 usecs
[   11.989294] sr 2:0:0:0: Attached scsi generic sg0 type 5
[   11.992634] calling  xhci_pci_init+0x0/0x49 @ 1
[   11.992956] initcall xhci_pci_init+0x0/0x49 returned 0 after 308 usecs
[   12.063973] calling  usblp_driver_init+0x0/0x15 @ 1
[   12.071058] usbcore: registered new interface driver usblp
[   12.091508] initcall usblp_driver_init+0x0/0x15 returned 0 after 20387 usecs
[   12.101493] calling  usb_storage_driver_init+0x0/0x2a @ 1
[   12.109383] usbcore: registered new interface driver usb-storage
[   12.117986] initcall usb_storage_driver_init+0x0/0x2a returned 0 after 8611 usecs
[   12.128929] calling  i8042_init+0x0/0x4c2 @ 1
[   12.135638] i8042: PNP: PS/2 Controller [PNP0303:KBD,PNP0f13:MOU] at 0x60,0x64 irq 1,12
[   12.159313] serio: i8042 KBD port at 0x60,0x64 irq 1
[   12.166812] serio: i8042 AUX port at 0x60,0x64 irq 12
[   12.175662] initcall i8042_init+0x0/0x4c2 returned 0 after 39690 usecs
[   12.185408] calling  serport_init+0x0/0x2c @ 1
[   12.191785] initcall serport_init+0x0/0x2c returned 0 after 42 usecs
[   12.200417] calling  input_leds_init+0x0/0xc @ 1
[   12.208182] initcall input_leds_init+0x0/0xc returned 0 after 573 usecs
[   12.217663] calling  evdev_init+0x0/0xc @ 1
[   12.237111] initcall evdev_init+0x0/0xc returned 0 after 13088 usecs
[   12.246449] calling  atkbd_init+0x0/0x21 @ 1
[   12.268929] initcall atkbd_init+0x0/0x21 returned 0 after 16027 usecs
[   12.278030] calling  psmouse_init+0x0/0x7f @ 1
[   12.284969] initcall psmouse_init+0x0/0x7f returned 0 after 424 usecs
[   12.310248] calling  cmos_init+0x0/0x73 @ 1
[   12.317331] rtc_cmos 00:04: RTC can wake from S4
[   12.350186] rtc_cmos 00:04: registered as rtc0
[   12.373262] rtc_cmos 00:04: alarms up to one day, y3k, 242 bytes nvram, hpet irqs
[   12.400258] initcall cmos_init+0x0/0x73 returned 0 after 81999 usecs
[   12.421498] calling  smbalert_driver_init+0x0/0xe @ 1
[   12.429212] initcall smbalert_driver_init+0x0/0xe returned 0 after 233 usecs
[   12.444745] input: AT Translated Set 2 keyboard as /devices/platform/i8042/serio0/input/input1
[   12.473121] calling  i2c_i801_init+0x0/0xc5 @ 1
[   12.483211] i801_smbus 0000:00:1f.3: SMBus using PCI interrupt
[   12.513130] i2c i2c-0: 1/1 memory slots populated (from DMI)
[   12.537572] i2c i2c-0: Memory type 0x07 not supported yet, not instantiating SPD
[   12.550229] initcall i2c_i801_init+0x0/0xc5 returned 0 after 69015 usecs
[   12.560729] calling  ptp_kvm_init+0x0/0xf0 @ 1
[   12.568426] initcall ptp_kvm_init+0x0/0xf0 returned 0 after 585 usecs
[   12.582139] calling  dm_init+0x0/0x3c @ 1
[   12.589722] device-mapper: ioctl: 4.43.0-ioctl (2020-10-01) initialised: dm-devel@redhat.com
[   12.602255] initcall dm_init+0x0/0x3c returned 0 after 13838 usecs
[   12.611086] calling  dm_mirror_init+0x0/0x29 @ 1
[   12.622204] initcall dm_mirror_init+0x0/0x29 returned 0 after 445 usecs
[   12.631160] calling  dm_dirty_log_init+0x0/0x4f @ 1
[   12.652333] initcall dm_dirty_log_init+0x0/0x4f returned 0 after 353 usecs
[   12.662361] calling  dm_zero_init+0x0/0x29 @ 1
[   12.669103] initcall dm_zero_init+0x0/0x29 returned 0 after 230 usecs
[   12.678019] calling  intel_pstate_init+0x0/0x50d @ 1
[   12.685287] intel_pstate: CPU model not supported
[   12.692469] initcall intel_pstate_init+0x0/0x50d returned -19 after 7248 usecs
[   12.702213] calling  haltpoll_init+0x0/0xc0 @ 1
[   12.708711] initcall haltpoll_init+0x0/0xc0 returned -19 after 291 usecs
[   12.718816] calling  efivars_sysfs_init+0x0/0x30 @ 1
[   12.726231] initcall efivars_sysfs_init+0x0/0x30 returned 0 after 289 usecs
[   12.736597] calling  esrt_sysfs_init+0x0/0x2a2 @ 1
[   12.743756] initcall esrt_sysfs_init+0x0/0x2a2 returned -38 after 231 usecs
[   12.754382] calling  hid_init+0x0/0x5c @ 1
[   12.761863] hid: raw HID events driver (C) Jiri Kosina
[   12.770146] initcall hid_init+0x0/0x5c returned 0 after 9617 usecs
[   12.783643] calling  hid_generic_init+0x0/0x15 @ 1
[   12.791184] initcall hid_generic_init+0x0/0x15 returned 0 after 489 usecs
[   12.802794] calling  a4_driver_init+0x0/0x15 @ 1
[   12.810017] initcall a4_driver_init+0x0/0x15 returned 0 after 337 usecs
[   12.819787] calling  apple_driver_init+0x0/0x15 @ 1
[   12.827299] initcall apple_driver_init+0x0/0x15 returned 0 after 368 usecs
[   12.837472] calling  belkin_driver_init+0x0/0x15 @ 1
[   12.845180] initcall belkin_driver_init+0x0/0x15 returned 0 after 368 usecs
[   12.855713] calling  ch_driver_init+0x0/0x15 @ 1
[   12.862984] initcall ch_driver_init+0x0/0x15 returned 0 after 321 usecs
[   12.872698] calling  ch_driver_init+0x0/0x15 @ 1
[   12.879279] initcall ch_driver_init+0x0/0x15 returned 0 after 252 usecs
[   12.889546] calling  cp_driver_init+0x0/0x15 @ 1
[   12.896492] initcall cp_driver_init+0x0/0x15 returned 0 after 236 usecs
[   12.917676] calling  ez_driver_init+0x0/0x15 @ 1
[   12.936841] initcall ez_driver_init+0x0/0x15 returned 0 after 184 usecs
[   12.946426] calling  gyration_driver_init+0x0/0x15 @ 1
[   12.953650] initcall gyration_driver_init+0x0/0x15 returned 0 after 38 usecs
[   12.963998] calling  ite_driver_init+0x0/0x15 @ 1
[   12.970942] initcall ite_driver_init+0x0/0x15 returned 0 after 17 usecs
[   12.980430] calling  ks_driver_init+0x0/0x15 @ 1
[   12.987293] initcall ks_driver_init+0x0/0x15 returned 0 after 19 usecs
[   12.996194] calling  lg_driver_init+0x0/0x15 @ 1
[   13.003085] initcall lg_driver_init+0x0/0x15 returned 0 after 36 usecs
[   13.012699] calling  lg_g15_driver_init+0x0/0x15 @ 1
[   13.019930] initcall lg_g15_driver_init+0x0/0x15 returned 0 after 51 usecs
[   13.026335] rcu_torture_rea (246) used greatest stack depth: 15120 bytes left
[   13.030428] calling  ms_driver_init+0x0/0x15 @ 1
[   13.036997] rcu-torture: rcu_torture_read_exit: End of episode
[   13.055492] initcall ms_driver_init+0x0/0x15 returned 0 after 48 usecs
[   13.064670] calling  mr_driver_init+0x0/0x15 @ 1
[   13.071450] initcall mr_driver_init+0x0/0x15 returned 0 after 83 usecs
[   13.082007] calling  ntrig_driver_init+0x0/0x15 @ 1
[   13.089587] initcall ntrig_driver_init+0x0/0x15 returned 0 after 65 usecs
[   13.099695] calling  pl_driver_init+0x0/0x15 @ 1
[   13.107249] initcall pl_driver_init+0x0/0x15 returned 0 after 65 usecs
[   13.116707] calling  pl_driver_init+0x0/0x15 @ 1
[   13.130586] initcall pl_driver_init+0x0/0x15 returned 0 after 743 usecs
[   13.139215] calling  redragon_driver_init+0x0/0x15 @ 1
[   13.146565] initcall redragon_driver_init+0x0/0x15 returned 0 after 33 usecs
[   13.156798] calling  samsung_driver_init+0x0/0x15 @ 1
[   13.163947] initcall samsung_driver_init+0x0/0x15 returned 0 after 34 usecs
[   13.173241] calling  sony_init+0x0/0x38 @ 1
[   13.179329] initcall sony_init+0x0/0x38 returned 0 after 47 usecs
[   13.186762] calling  sp_driver_init+0x0/0x15 @ 1
[   13.192294] initcall sp_driver_init+0x0/0x15 returned 0 after 24 usecs
[   13.200742] calling  ts_driver_init+0x0/0x15 @ 1
[   13.207347] initcall ts_driver_init+0x0/0x15 returned 0 after 24 usecs
[   13.216141] calling  hid_init+0x0/0x58 @ 1
[   13.222184] usbcore: registered new interface driver usbhid
[   13.229742] usbhid: USB HID core driver
[   13.235204] initcall hid_init+0x0/0x58 returned 0 after 12781 usecs
[   13.243459] calling  eeepc_laptop_init+0x0/0x57 @ 1
