c[?7l[2J[0mSeaBIOS (version 1.16.0-debian-1.16.0-4)
Booting from ROM...
early console in setup code
c[?7l[2J[    0.000000] Linux version 6.0.0-g5f9f4a5a10fd (root@joelboxx.c.googlers.com) (gcc (Debian 12.2.0-3) 12.2.0, GNU ld (GNU Binutils for Debian) 2.39) #3 SMP PREEMPT_DYNAMIC Sun Dec 18 03:34:04 UTC 2022
[    0.000000] Command line: debug_boot_weak_hash panic=-1 selinux=0 initcall_debug debug console=ttyS0 rcutorture.torture_type=srcu rcutorture.fwd_progress=3 rcutorture.onoff_interval=1000 rcutorture.onoff_holdoff=30 rcutorture.n_barrier_cbs=4 rcutorture.stat_interval=15 rcutorture.shutdown_secs=21600 rcutorture.test_no_idle_hz=1 rcutorture.verbose=1
[    0.000000] x86/fpu: x87 FPU will use FXSAVE
[    0.000000] signal: max sigframe size: 1440
[    0.000000] BIOS-provided physical RAM map:
[    0.000000] BIOS-e820: [mem 0x0000000000000000-0x000000000009fbff] usable
[    0.000000] BIOS-e820: [mem 0x000000000009fc00-0x000000000009ffff] reserved
[    0.000000] BIOS-e820: [mem 0x00000000000f0000-0x00000000000fffff] reserved
[    0.000000] BIOS-e820: [mem 0x0000000000100000-0x000000001ffdefff] usable
[    0.000000] BIOS-e820: [mem 0x000000001ffdf000-0x000000001fffffff] reserved
[    0.000000] BIOS-e820: [mem 0x00000000b0000000-0x00000000bfffffff] reserved
[    0.000000] BIOS-e820: [mem 0x00000000fed1c000-0x00000000fed1ffff] reserved
[    0.000000] BIOS-e820: [mem 0x00000000feffc000-0x00000000feffffff] reserved
[    0.000000] BIOS-e820: [mem 0x00000000fffc0000-0x00000000ffffffff] reserved
[    0.000000] debug_boot_weak_hash enabled
[    0.000000] NX (Execute Disable) protection: active
[    0.000000] SMBIOS 2.8 present.
[    0.000000] DMI: QEMU Standard PC (Q35 + ICH9, 2009), BIOS 1.16.0-debian-1.16.0-4 04/01/2014
[    0.000000] Hypervisor detected: KVM
[    0.000000] kvm-clock: Using msrs 4b564d01 and 4b564d00
[    0.000002] kvm-clock: using sched offset of 667351197 cycles
[    0.000013] clocksource: kvm-clock: mask: 0xffffffffffffffff max_cycles: 0x1cd42e4dffb, max_idle_ns: 881590591483 ns
[    0.000042] tsc: Detected 1999.999 MHz processor
[    0.002300] e820: update [mem 0x00000000-0x00000fff] usable ==> reserved
[    0.002305] e820: remove [mem 0x000a0000-0x000fffff] usable
[    0.002311] last_pfn = 0x1ffdf max_arch_pfn = 0x400000000
[    0.003114] x86/PAT: Configuration [0-7]: WB  WC  UC- UC  WB  WC  UC- UC  
[    0.011202] found SMP MP-table at [mem 0x000f5ba0-0x000f5baf]
[    0.012866] ACPI: Early table checksum verification disabled
[    0.012962] ACPI: RSDP 0x00000000000F59E0 000014 (v00 BOCHS )
[    0.013022] ACPI: RSDT 0x000000001FFE23B1 000038 (v01 BOCHS  BXPC     00000001 BXPC 00000001)
[    0.013030] ACPI: FACP 0x000000001FFE2191 0000F4 (v03 BOCHS  BXPC     00000001 BXPC 00000001)
[    0.013047] ACPI: DSDT 0x000000001FFE0040 002151 (v01 BOCHS  BXPC     00000001 BXPC 00000001)
[    0.013051] ACPI: FACS 0x000000001FFE0000 000040
[    0.013054] ACPI: APIC 0x000000001FFE2285 000090 (v01 BOCHS  BXPC     00000001 BXPC 00000001)
[    0.013058] ACPI: HPET 0x000000001FFE2315 000038 (v01 BOCHS  BXPC     00000001 BXPC 00000001)
[    0.013061] ACPI: MCFG 0x000000001FFE234D 00003C (v01 BOCHS  BXPC     00000001 BXPC 00000001)
[    0.013065] ACPI: WAET 0x000000001FFE2389 000028 (v01 BOCHS  BXPC     00000001 BXPC 00000001)
[    0.013067] ACPI: Reserving FACP table memory at [mem 0x1ffe2191-0x1ffe2284]
[    0.013069] ACPI: Reserving DSDT table memory at [mem 0x1ffe0040-0x1ffe2190]
[    0.013070] ACPI: Reserving FACS table memory at [mem 0x1ffe0000-0x1ffe003f]
[    0.013071] ACPI: Reserving APIC table memory at [mem 0x1ffe2285-0x1ffe2314]
[    0.013072] ACPI: Reserving HPET table memory at [mem 0x1ffe2315-0x1ffe234c]
[    0.013073] ACPI: Reserving MCFG table memory at [mem 0x1ffe234d-0x1ffe2388]
[    0.013074] ACPI: Reserving WAET table memory at [mem 0x1ffe2389-0x1ffe23b0]
[    0.015783] No NUMA configuration found
[    0.015784] Faking a node at [mem 0x0000000000000000-0x000000001ffdefff]
[    0.015788] NODE_DATA(0) allocated [mem 0x1ffdb000-0x1ffdefff]
[    0.015853] Zone ranges:
[    0.015875]   DMA      [mem 0x0000000000001000-0x0000000000ffffff]
[    0.015878]   DMA32    [mem 0x0000000001000000-0x000000001ffdefff]
[    0.015879]   Normal   empty
[    0.015880] Movable zone start for each node
[    0.015881] Early memory node ranges
[    0.015882]   node   0: [mem 0x0000000000001000-0x000000000009efff]
[    0.015883]   node   0: [mem 0x0000000000100000-0x000000001ffdefff]
[    0.015885] Initmem setup node 0 [mem 0x0000000000001000-0x000000001ffdefff]
[    0.016593] On node 0, zone DMA: 1 pages in unavailable ranges
[    0.017043] On node 0, zone DMA: 97 pages in unavailable ranges
[    0.028559] On node 0, zone DMA32: 33 pages in unavailable ranges
[    0.031713] ACPI: PM-Timer IO Port: 0x608
[    0.031738] ACPI: LAPIC_NMI (acpi_id[0xff] dfl dfl lint[0x1])
[    0.032061] IOAPIC[0]: apic_id 0, version 17, address 0xfec00000, GSI 0-23
[    0.032066] ACPI: INT_SRC_OVR (bus 0 bus_irq 0 global_irq 2 dfl dfl)
[    0.032068] ACPI: INT_SRC_OVR (bus 0 bus_irq 5 global_irq 5 high level)
[    0.032070] ACPI: INT_SRC_OVR (bus 0 bus_irq 9 global_irq 9 high level)
[    0.032071] ACPI: INT_SRC_OVR (bus 0 bus_irq 10 global_irq 10 high level)
[    0.032072] ACPI: INT_SRC_OVR (bus 0 bus_irq 11 global_irq 11 high level)
[    0.032083] ACPI: Using ACPI (MADT) for SMP configuration information
[    0.032085] ACPI: HPET id: 0x8086a201 base: 0xfed00000
[    0.032139] smpboot: Allowing 4 CPUs, 0 hotplug CPUs
[    0.032537] PM: hibernation: Registered nosave memory: [mem 0x00000000-0x00000fff]
[    0.032540] PM: hibernation: Registered nosave memory: [mem 0x0009f000-0x0009ffff]
[    0.032541] PM: hibernation: Registered nosave memory: [mem 0x000a0000-0x000effff]
[    0.032542] PM: hibernation: Registered nosave memory: [mem 0x000f0000-0x000fffff]
[    0.032549] [mem 0x20000000-0xafffffff] available for PCI devices
[    0.032551] Booting paravirtualized kernel on KVM
[    0.032592] clocksource: refined-jiffies: mask: 0xffffffff max_cycles: 0xffffffff, max_idle_ns: 1910969940391419 ns
[    0.040677] setup_percpu: NR_CPUS:4 nr_cpumask_bits:4 nr_cpu_ids:4 nr_node_ids:1
[    0.046778] percpu: Embedded 44 pages/cpu s142696 r8192 d29336 u524288
[    0.046798] pcpu-alloc: s142696 r8192 d29336 u524288 alloc=1*2097152
[    0.046802] pcpu-alloc: [0] 0 1 2 3 
[    0.047051] Fallback order for Node 0: 0 
[    0.047058] Built 1 zonelists, mobility grouping on.  Total pages: 128735
[    0.047060] Policy zone: DMA32
[    0.047063] Kernel command line: debug_boot_weak_hash panic=-1 selinux=0 initcall_debug debug console=ttyS0 rcutorture.torture_type=srcu rcutorture.fwd_progress=3 rcutorture.onoff_interval=1000 rcutorture.onoff_holdoff=30 rcutorture.n_barrier_cbs=4 rcutorture.stat_interval=15 rcutorture.shutdown_secs=21600 rcutorture.test_no_idle_hz=1 rcutorture.verbose=1
[    0.048387] Dentry cache hash table entries: 65536 (order: 7, 524288 bytes, linear)
[    0.048434] Inode-cache hash table entries: 32768 (order: 6, 262144 bytes, linear)
[    0.048768] mem auto-init: stack:all(zero), heap alloc:off, heap free:off
[    0.050888] Memory: 482356K/523764K available (14337K kernel code, 1624K rwdata, 4324K rodata, 1392K init, 720K bss, 41148K reserved, 0K cma-reserved)
[    0.051042] SLUB: HWalign=64, Order=0-3, MinObjects=0, CPUs=4, Nodes=1
[    0.051099] Kernel/User page tables isolation: enabled
[    0.055978] Dynamic Preempt: none
[    0.056653] rcu: Preemptible hierarchical RCU implementation.
[    0.056667] rcu: RCU calculated value of scheduler-enlistment delay is 100 jiffies.
[    0.056744] NR_IRQS: 4352, nr_irqs: 456, preallocated irqs: 16
[    0.057260] rcu: srcu_init: Setting srcu_struct sizes based on contention.
[    0.127514] Console: colour VGA+ 80x25
[    0.796386] printk: console [ttyS0] enabled
[    0.801208] ACPI: Core revision 20220331
[    0.806298] clocksource: hpet: mask: 0xffffffff max_cycles: 0xffffffff, max_idle_ns: 19112604467 ns
[    0.816555] APIC: Switch to symmetric I/O mode setup
[    0.835249] ..TIMER: vector=0x30 apic1=0 pin1=2 apic2=-1 pin2=-1
[    0.841558] clocksource: tsc-early: mask: 0xffffffffffffffff max_cycles: 0x39a85afc727, max_idle_ns: 881590685098 ns
[    0.852259] Calibrating delay loop (skipped) preset value.. 3999.99 BogoMIPS (lpj=1999999)
[    0.853061] pid_max: default: 32768 minimum: 301
[    0.854104] LSM: Security Framework initializing
[    0.855339] Mount-cache hash table entries: 1024 (order: 1, 8192 bytes, linear)
[    0.856063] Mountpoint-cache hash table entries: 1024 (order: 1, 8192 bytes, linear)
[    0.862507] Last level iTLB entries: 4KB 0, 2MB 0, 4MB 0
[    0.863059] Last level dTLB entries: 4KB 0, 2MB 0, 4MB 0, 1GB 0
[    0.864080] Spectre V1 : Mitigation: usercopy/swapgs barriers and __user pointer sanitization
[    0.865064] Spectre V2 : Mitigation: Retpolines
[    0.866060] Spectre V2 : Spectre v2 / SpectreRSB mitigation: Filling RSB on context switch
[    0.867061] Spectre V2 : Spectre v2 / SpectreRSB : Filling RSB on VMEXIT
[    0.868061] Speculative Store Bypass: Vulnerable
[    0.870091] MDS: Vulnerable: Clear CPU buffers attempted, no microcode
[    0.871062] MMIO Stale Data: Unknown: No mitigations
[    0.899514] Freeing SMP alternatives memory: 44K
[    1.003055] smpboot: CPU0: Intel Common KVM processor (family: 0xf, model: 0x6, stepping: 0x1)
[    1.003285] calling  init_hw_perf_events+0x0/0x606 @ 1
[    1.004059] Performance Events: unsupported Netburst CPU model 6 no PMU driver, software events only.
[    1.005058] initcall init_hw_perf_events+0x0/0x606 returned 0 after 1000 usecs
[    1.006058] calling  init_real_mode+0x0/0x1c5 @ 1
[    1.008346] initcall init_real_mode+0x0/0x1c5 returned 0 after 1000 usecs
[    1.009059] calling  bp_init_aperfmperf+0x0/0x245 @ 1
[    1.010058] initcall bp_init_aperfmperf+0x0/0x245 returned 0 after 0 usecs
[    1.011059] calling  validate_x2apic+0x0/0x26 @ 1
[    1.012080] initcall validate_x2apic+0x0/0x26 returned 0 after 0 usecs
[    1.013062] calling  register_nmi_cpu_backtrace_handler+0x0/0x15 @ 1
[    1.014062] initcall register_nmi_cpu_backtrace_handler+0x0/0x15 returned 0 after 0 usecs
[    1.015060] calling  kvm_setup_vsyscall_timeinfo+0x0/0xf8 @ 1
[    1.016062] initcall kvm_setup_vsyscall_timeinfo+0x0/0xf8 returned 0 after 0 usecs
[    1.017060] calling  spawn_ksoftirqd+0x0/0x38 @ 1
[    1.018137] initcall spawn_ksoftirqd+0x0/0x38 returned 0 after 0 usecs
[    1.019061] calling  migration_init+0x0/0x31 @ 1
[    1.020060] initcall migration_init+0x0/0x31 returned 0 after 0 usecs
[    1.021061] calling  srcu_bootup_announce+0x0/0x77 @ 1
[    1.022059] rcu: Hierarchical SRCU implementation.
[    1.023059] rcu: 	Max phase no-delay instances is 400.
[    1.024059] initcall srcu_bootup_announce+0x0/0x77 returned 0 after 2000 usecs
[    1.025061] calling  rcu_spawn_gp_kthread+0x0/0x195 @ 1
[    1.026204] initcall rcu_spawn_gp_kthread+0x0/0x195 returned 0 after 0 usecs
[    1.027060] calling  check_cpu_stall_init+0x0/0x1a @ 1
[    1.028060] initcall check_cpu_stall_init+0x0/0x1a returned 0 after 0 usecs
[    1.029060] calling  rcu_sysrq_init+0x0/0x21 @ 1
[    1.030059] initcall rcu_sysrq_init+0x0/0x21 returned 0 after 0 usecs
[    1.031059] calling  cpu_stop_init+0x0/0x88 @ 1
[    1.033086] initcall cpu_stop_init+0x0/0x88 returned 0 after 1000 usecs
[    1.034061] calling  irq_work_init_threads+0x0/0x7 @ 1
[    1.035058] initcall irq_work_init_threads+0x0/0x7 returned 0 after 0 usecs
[    1.036061] calling  static_call_init+0x0/0x77 @ 1
[    1.037058] initcall static_call_init+0x0/0x77 returned 0 after 0 usecs
[    1.038058] calling  jump_label_init_module+0x0/0xc @ 1
[    1.039060] initcall jump_label_init_module+0x0/0xc returned 0 after 0 usecs
[    1.040059] calling  init_zero_pfn+0x0/0x37 @ 1
[    1.041059] initcall init_zero_pfn+0x0/0x37 returned 0 after 0 usecs
[    1.042065] calling  init_fs_inode_sysctls+0x0/0x21 @ 1
[    1.043064] initcall init_fs_inode_sysctls+0x0/0x21 returned 0 after 0 usecs
[    1.044059] calling  init_fs_locks_sysctls+0x0/0x21 @ 1
[    1.045061] initcall init_fs_locks_sysctls+0x0/0x21 returned 0 after 0 usecs
[    1.046058] calling  efi_memreserve_root_init+0x0/0x25 @ 1
[    1.047058] initcall efi_memreserve_root_init+0x0/0x25 returned 0 after 0 usecs
[    1.048058] calling  efi_earlycon_remap_fb+0x0/0x51 @ 1
[    1.050058] initcall efi_earlycon_remap_fb+0x0/0x51 returned 0 after 0 usecs
[    1.052138] smp: Bringing up secondary CPUs ...
[    1.055581] x86: Booting SMP configuration:
[    1.056059] .... node  #0, CPUs:      #1 #2 #3
[    1.117677] smp: Brought up 1 node, 4 CPUs
[    1.119059] smpboot: Max logical packages: 1
[    1.120059] smpboot: Total of 4 processors activated (15999.99 BogoMIPS)
[    1.146060] devtmpfs: initialized
[    1.149081] calling  ipc_ns_init+0x0/0x3d @ 1
[    1.150091] initcall ipc_ns_init+0x0/0x3d returned 0 after 0 usecs
[    1.151059] calling  init_mmap_min_addr+0x0/0x21 @ 1
[    1.152059] initcall init_mmap_min_addr+0x0/0x21 returned 0 after 0 usecs
[    1.153060] calling  pci_realloc_setup_params+0x0/0x3f @ 1
[    1.154058] initcall pci_realloc_setup_params+0x0/0x3f returned 0 after 0 usecs
[    1.155059] calling  inet_frag_wq_init+0x0/0x3c @ 1
[    1.157181] initcall inet_frag_wq_init+0x0/0x3c returned 0 after 1000 usecs
[    1.158089] calling  e820__register_nvs_regions+0x0/0x37 @ 1
[    1.159060] initcall e820__register_nvs_regions+0x0/0x37 returned 0 after 0 usecs
[    1.160059] calling  cpufreq_register_tsc_scaling+0x0/0x2e @ 1
[    1.161058] initcall cpufreq_register_tsc_scaling+0x0/0x2e returned 0 after 0 usecs
[    1.162058] calling  reboot_init+0x0/0x3c @ 1
[    1.163106] initcall reboot_init+0x0/0x3c returned 0 after 0 usecs
[    1.164060] calling  init_lapic_sysfs+0x0/0x20 @ 1
[    1.165060] initcall init_lapic_sysfs+0x0/0x20 returned 0 after 0 usecs
[    1.166060] calling  alloc_frozen_cpus+0x0/0x7 @ 1
[    1.167059] initcall alloc_frozen_cpus+0x0/0x7 returned 0 after 0 usecs
[    1.168061] calling  cpu_hotplug_pm_sync_init+0x0/0x13 @ 1
[    1.169060] initcall cpu_hotplug_pm_sync_init+0x0/0x13 returned 0 after 0 usecs
[    1.170060] calling  wq_sysfs_init+0x0/0x2a @ 1
[    1.171106] initcall wq_sysfs_init+0x0/0x2a returned 0 after 0 usecs
[    1.172059] calling  ksysfs_init+0x0/0x92 @ 1
[    1.173074] initcall ksysfs_init+0x0/0x92 returned 0 after 0 usecs
[    1.174060] calling  schedutil_gov_init+0x0/0xc @ 1
[    1.175102] initcall schedutil_gov_init+0x0/0xc returned 0 after 0 usecs
[    1.176058] calling  pm_init+0x0/0x76 @ 1
[    1.177084] initcall pm_init+0x0/0x76 returned 0 after 0 usecs
[    1.178059] calling  pm_disk_init+0x0/0x13 @ 1
[    1.179062] initcall pm_disk_init+0x0/0x13 returned 0 after 0 usecs
[    1.180059] calling  swsusp_header_init+0x0/0x2b @ 1
[    1.181060] initcall swsusp_header_init+0x0/0x2b returned 0 after 0 usecs
[    1.182058] calling  rcu_set_runtime_mode+0x0/0x16 @ 1
[    1.183059] initcall rcu_set_runtime_mode+0x0/0x16 returned 0 after 0 usecs
[    1.184058] calling  init_jiffies_clocksource+0x0/0x13 @ 1
[    1.185091] clocksource: jiffies: mask: 0xffffffff max_cycles: 0xffffffff, max_idle_ns: 1911260446275000 ns
[    1.186073] initcall init_jiffies_clocksource+0x0/0x13 returned 0 after 1000 usecs
[    1.187058] calling  futex_init+0x0/0xd6 @ 1
[    1.188073] futex hash table entries: 1024 (order: 4, 65536 bytes, linear)
[    1.190067] initcall futex_init+0x0/0xd6 returned 0 after 2000 usecs
[    1.191058] calling  cgroup_wq_init+0x0/0x28 @ 1
[    1.193064] initcall cgroup_wq_init+0x0/0x28 returned 0 after 0 usecs
[    1.194058] calling  cgroup1_wq_init+0x0/0x28 @ 1
[    1.195063] initcall cgroup1_wq_init+0x0/0x28 returned 0 after 0 usecs
[    1.196058] calling  fsnotify_init+0x0/0x48 @ 1
[    1.198080] initcall fsnotify_init+0x0/0x48 returned 0 after 0 usecs
[    1.199058] calling  filelock_init+0x0/0xa9 @ 1
[    1.200068] initcall filelock_init+0x0/0xa9 returned 0 after 0 usecs
[    1.201058] calling  init_misc_binfmt+0x0/0x2c @ 1
[    1.202082] initcall init_misc_binfmt+0x0/0x2c returned 0 after 0 usecs
[    1.203059] calling  init_script_binfmt+0x0/0x15 @ 1
[    1.204059] initcall init_script_binfmt+0x0/0x15 returned 0 after 0 usecs
[    1.205058] calling  init_elf_binfmt+0x0/0x15 @ 1
[    1.206058] initcall init_elf_binfmt+0x0/0x15 returned 0 after 0 usecs
[    1.208058] calling  init_compat_elf_binfmt+0x0/0x15 @ 1
[    1.209058] initcall init_compat_elf_binfmt+0x0/0x15 returned 0 after 0 usecs
[    1.210059] calling  debugfs_init+0x0/0x5c @ 1
[    1.211064] initcall debugfs_init+0x0/0x5c returned 0 after 0 usecs
[    1.212058] calling  virtio_init+0x0/0x20 @ 1
[    1.214072] initcall virtio_init+0x0/0x20 returned 0 after 0 usecs
[    1.215058] calling  iommu_init+0x0/0x2a @ 1
[    1.216066] initcall iommu_init+0x0/0x2a returned 0 after 0 usecs
[    1.217058] calling  component_debug_init+0x0/0x1c @ 1
[    1.218159] initcall component_debug_init+0x0/0x1c returned 0 after 0 usecs
[    1.219058] calling  early_resume_init+0x0/0xd1 @ 1
[    1.220872] PM: RTC time: 03:37:16, date: 2022-12-18
[    1.221058] initcall early_resume_init+0x0/0xd1 returned 0 after 1000 usecs
[    1.222059] calling  cpufreq_core_init+0x0/0x62 @ 1
[    1.223080] initcall cpufreq_core_init+0x0/0x62 returned 0 after 0 usecs
[    1.224058] calling  cpufreq_gov_performance_init+0x0/0xc @ 1
[    1.225059] initcall cpufreq_gov_performance_init+0x0/0xc returned 0 after 0 usecs
[    1.226059] calling  cpufreq_gov_userspace_init+0x0/0xc @ 1
[    1.227061] initcall cpufreq_gov_userspace_init+0x0/0xc returned 0 after 0 usecs
[    1.228060] calling  CPU_FREQ_GOV_ONDEMAND_init+0x0/0xc @ 1
[    1.229060] initcall CPU_FREQ_GOV_ONDEMAND_init+0x0/0xc returned 0 after 0 usecs
[    1.230060] calling  cpuidle_init+0x0/0x1f @ 1
[    1.231085] initcall cpuidle_init+0x0/0x1f returned 0 after 0 usecs
[    1.232060] calling  sock_init+0x0/0x93 @ 1
[    1.234871] initcall sock_init+0x0/0x93 returned 0 after 1000 usecs
[    1.235061] calling  net_inuse_init+0x0/0x23 @ 1
[    1.236086] initcall net_inuse_init+0x0/0x23 returned 0 after 0 usecs
[    1.237059] calling  net_defaults_init+0x0/0x23 @ 1
[    1.238060] initcall net_defaults_init+0x0/0x23 returned 0 after 0 usecs
[    1.239059] calling  init_default_flow_dissectors+0x0/0x4f @ 1
[    1.240071] initcall init_default_flow_dissectors+0x0/0x4f returned 0 after 0 usecs
[    1.241060] calling  netpoll_init+0x0/0x26 @ 1
[    1.242059] initcall netpoll_init+0x0/0x26 returned 0 after 0 usecs
[    1.243059] calling  netlink_proto_init+0x0/0x145 @ 1
[    1.244166] NET: Registered PF_NETLINK/PF_ROUTE protocol family
[    1.245293] initcall netlink_proto_init+0x0/0x145 returned 0 after 1000 usecs
[    1.246059] calling  genl_init+0x0/0x35 @ 1
[    1.247101] initcall genl_init+0x0/0x35 returned 0 after 0 usecs
[    1.248059] calling  bsp_pm_check_init+0x0/0x13 @ 1
[    1.249060] initcall bsp_pm_check_init+0x0/0x13 returned 0 after 0 usecs
[    1.250088] calling  irq_sysfs_init+0x0/0xb7 @ 1
[    1.251138] initcall irq_sysfs_init+0x0/0xb7 returned 0 after 0 usecs
[    1.252059] calling  audit_init+0x0/0x160 @ 1
[    1.253066] audit: initializing netlink subsys (disabled)
[    1.255379] initcall audit_init+0x0/0x160 returned 0 after 2000 usecs
[    1.255252] audit: type=2000 audit(1671334635.422:1): state=initialized audit_enabled=0 res=1
[    1.256061] calling  bdi_class_init+0x0/0x48 @ 1
[    1.258076] initcall bdi_class_init+0x0/0x48 returned 0 after 0 usecs
[    1.259059] calling  mm_sysfs_init+0x0/0x28 @ 1
[    1.260063] initcall mm_sysfs_init+0x0/0x28 returned 0 after 0 usecs
[    1.261058] calling  init_per_zone_wmark_min+0x0/0x25 @ 1
[    1.262078] initcall init_per_zone_wmark_min+0x0/0x25 returned 0 after 0 usecs
[    1.263059] calling  mpi_init+0x0/0x3e @ 1
[    1.264107] initcall mpi_init+0x0/0x3e returned 0 after 0 usecs
[    1.266058] calling  kobject_uevent_init+0x0/0xc @ 1
[    1.267068] initcall kobject_uevent_init+0x0/0xc returned 0 after 0 usecs
[    1.268061] calling  pcibus_class_init+0x0/0x13 @ 1
[    1.269069] initcall pcibus_class_init+0x0/0x13 returned 0 after 0 usecs
[    1.270058] calling  pci_driver_init+0x0/0x21 @ 1
[    1.271078] initcall pci_driver_init+0x0/0x21 returned 0 after 0 usecs
[    1.272059] calling  backlight_class_init+0x0/0xa8 @ 1
[    1.273066] initcall backlight_class_init+0x0/0xa8 returned 0 after 0 usecs
[    1.274058] calling  tty_class_init+0x0/0x33 @ 1
[    1.275067] initcall tty_class_init+0x0/0x33 returned 0 after 0 usecs
[    1.276059] calling  vtconsole_class_init+0x0/0xb5 @ 1
[    1.277087] initcall vtconsole_class_init+0x0/0xb5 returned 0 after 0 usecs
[    1.278058] calling  iommu_dev_init+0x0/0x13 @ 1
[    1.279066] initcall iommu_dev_init+0x0/0x13 returned 0 after 0 usecs
[    1.280059] calling  mipi_dsi_bus_init+0x0/0xc @ 1
[    1.281071] initcall mipi_dsi_bus_init+0x0/0xc returned 0 after 0 usecs
[    1.282059] calling  devlink_class_init+0x0/0x40 @ 1
[    1.283068] initcall devlink_class_init+0x0/0x40 returned 0 after 0 usecs
[    1.284059] calling  software_node_init+0x0/0x2a @ 1
[    1.285065] initcall software_node_init+0x0/0x2a returned 0 after 0 usecs
[    1.286059] calling  wakeup_sources_debugfs_init+0x0/0x23 @ 1
[    1.287066] initcall wakeup_sources_debugfs_init+0x0/0x23 returned 0 after 0 usecs
[    1.288058] calling  wakeup_sources_sysfs_init+0x0/0x2c @ 1
[    1.289074] initcall wakeup_sources_sysfs_init+0x0/0x2c returned 0 after 0 usecs
[    1.290059] calling  regmap_initcall+0x0/0xc @ 1
[    1.291067] initcall regmap_initcall+0x0/0xc returned 0 after 0 usecs
[    1.292058] calling  i2c_init+0x0/0xb3 @ 1
[    1.293102] initcall i2c_init+0x0/0xb3 returned 0 after 0 usecs
[    1.294058] calling  thermal_init+0x0/0xf2 @ 1
[    1.295121] thermal_sys: Registered thermal governor 'step_wise'
[    1.295124] thermal_sys: Registered thermal governor 'user_space'
[    1.296068] initcall thermal_init+0x0/0xf2 returned 0 after 1000 usecs
[    1.298059] calling  init_menu+0x0/0xc @ 1
[    1.300175] cpuidle: using governor menu
[    1.305058] initcall init_menu+0x0/0xc returned 0 after 6000 usecs
[    1.311060] calling  pcc_init+0x0/0x4d @ 1
[    1.316061] initcall pcc_init+0x0/0x4d returned -19 after 0 usecs
[    1.322058] calling  amd_postcore_init+0x0/0x11e @ 1
[    1.328058] initcall amd_postcore_init+0x0/0x11e returned 0 after 0 usecs
[    1.335089] calling  bts_init+0x0/0xba @ 1
[    1.339059] initcall bts_init+0x0/0xba returned -19 after 0 usecs
[    1.346058] calling  pt_init+0x0/0x352 @ 1
[    1.350058] initcall pt_init+0x0/0x352 returned -19 after 0 usecs
[    1.357058] calling  boot_params_ksysfs_init+0x0/0x2ee @ 1
[    1.363065] initcall boot_params_ksysfs_init+0x0/0x2ee returned 0 after 0 usecs
[    1.370059] calling  sbf_init+0x0/0xea @ 1
[    1.375058] initcall sbf_init+0x0/0xea returned 0 after 0 usecs
[    1.381058] calling  arch_kdebugfs_init+0x0/0x214 @ 1
[    1.386143] initcall arch_kdebugfs_init+0x0/0x214 returned 0 after 0 usecs
[    1.394058] calling  xfd_update_static_branch+0x0/0x1d @ 1
[    1.399060] initcall xfd_update_static_branch+0x0/0x1d returned 0 after 0 usecs
[    1.409059] calling  intel_pconfig_init+0x0/0x85 @ 1
[    1.414058] initcall intel_pconfig_init+0x0/0x85 returned 0 after 0 usecs
[    1.421059] calling  mtrr_if_init+0x0/0x5d @ 1
[    1.426077] initcall mtrr_if_init+0x0/0x5d returned 0 after 0 usecs
[    1.433058] calling  activate_jump_labels+0x0/0x31 @ 1
[    1.439059] initcall activate_jump_labels+0x0/0x31 returned 0 after 0 usecs
[    1.446059] calling  init_s4_sigcheck+0x0/0x23 @ 1
[    1.451058] initcall init_s4_sigcheck+0x0/0x23 returned 0 after 0 usecs
[    1.458058] calling  ffh_cstate_init+0x0/0x30 @ 1
[    1.463062] initcall ffh_cstate_init+0x0/0x30 returned 0 after 0 usecs
[    1.470058] calling  kvm_alloc_cpumask+0x0/0x88 @ 1
[    1.476131] initcall kvm_alloc_cpumask+0x0/0x88 returned 0 after 0 usecs
[    1.483059] calling  activate_jump_labels+0x0/0x31 @ 1
[    1.489576] initcall activate_jump_labels+0x0/0x31 returned 0 after 0 usecs
[    1.497059] calling  kcmp_cookies_init+0x0/0x37 @ 1
[    1.502063] initcall kcmp_cookies_init+0x0/0x37 returned 0 after 0 usecs
[    1.509059] calling  cryptomgr_init+0x0/0xc @ 1
[    1.514059] initcall cryptomgr_init+0x0/0xc returned 0 after 0 usecs
[    1.521059] calling  acpi_pci_init+0x0/0x3b @ 1
[    1.526058] initcall acpi_pci_init+0x0/0x3b returned 0 after 0 usecs
[    1.533058] calling  dma_channel_table_init+0x0/0xf4 @ 1
[    1.539066] initcall dma_channel_table_init+0x0/0xf4 returned 0 after 0 usecs
[    1.546059] calling  dma_bus_init+0x0/0xdc @ 1
[    1.551199] initcall dma_bus_init+0x0/0xdc returned 0 after 0 usecs
[    1.558062] calling  iommu_dma_init+0x0/0x20 @ 1
[    1.565063] initcall iommu_dma_init+0x0/0x20 returned 0 after 0 usecs
[    1.572059] calling  dmi_id_init+0x0/0x377 @ 1
[    1.579113] initcall dmi_id_init+0x0/0x377 returned 0 after 0 usecs
[    1.590060] calling  pci_arch_init+0x0/0x71 @ 1
[    1.599496] PCI: MMCONFIG for domain 0000 [bus 00-ff] at [mem 0xb0000000-0xbfffffff] (base 0xb0000000)
[    1.613061] PCI: MMCONFIG at [mem 0xb0000000-0xbfffffff] reserved in E820
[    1.625396] PCI: Using configuration type 1 for base access
[    1.636062] initcall pci_arch_init+0x0/0x71 returned 0 after 38000 usecs
[    1.646081] calling  init_vdso+0x0/0x13 @ 1
[    1.651089] initcall init_vdso+0x0/0x13 returned 0 after 0 usecs
[    1.657058] calling  sysenter_setup+0x0/0x13 @ 1
[    1.662064] initcall sysenter_setup+0x0/0x13 returned 0 after 0 usecs
[    1.669059] calling  fixup_ht_bug+0x0/0xfb @ 1
[    1.674058] initcall fixup_ht_bug+0x0/0xfb returned 0 after 0 usecs
[    1.681060] calling  topology_init+0x0/0x48 @ 1
[    1.686147] initcall topology_init+0x0/0x48 returned 0 after 0 usecs
[    1.693058] calling  intel_epb_init+0x0/0x83 @ 1
[    1.698059] initcall intel_epb_init+0x0/0x83 returned -19 after 0 usecs
[    1.706059] calling  mtrr_init_finialize+0x0/0x3e @ 1
[    1.711059] initcall mtrr_init_finialize+0x0/0x3e returned 0 after 0 usecs
[    1.719060] calling  uid_cache_init+0x0/0xaf @ 1
[    1.724065] initcall uid_cache_init+0x0/0xaf returned 0 after 0 usecs
[    1.731059] calling  param_sysfs_init+0x0/0x1b5 @ 1
[    1.739906] initcall param_sysfs_init+0x0/0x1b5 returned 0 after 4000 usecs
[    1.747058] calling  user_namespace_sysctl_init+0x0/0xbb @ 1
[    1.753068] initcall user_namespace_sysctl_init+0x0/0xbb returned 0 after 0 usecs
[    1.761059] calling  proc_schedstat_init+0x0/0x24 @ 1
[    1.767062] initcall proc_schedstat_init+0x0/0x24 returned 0 after 0 usecs
[    1.775059] calling  pm_sysrq_init+0x0/0x18 @ 1
[    1.780237] initcall pm_sysrq_init+0x0/0x18 returned 0 after 1000 usecs
[    1.788060] calling  create_proc_profile+0x0/0xd0 @ 1
[    1.793058] initcall create_proc_profile+0x0/0xd0 returned 0 after 0 usecs
[    1.795060] calling  crash_save_vmcoreinfo_init+0x0/0x6ed @ 1
[    1.802132] initcall crash_save_vmcoreinfo_init+0x0/0x6ed returned 0 after 0 usecs
[    1.809058] calling  crash_notes_memory_init+0x0/0x35 @ 1
[    1.815062] initcall crash_notes_memory_init+0x0/0x35 returned 0 after 0 usecs
[    1.822060] calling  cgroup_sysfs_init+0x0/0x13 @ 1
[    1.827084] initcall cgroup_sysfs_init+0x0/0x13 returned 0 after 0 usecs
[    1.834058] calling  cgroup_namespaces_init+0x0/0x7 @ 1
[    1.839058] initcall cgroup_namespaces_init+0x0/0x7 returned 0 after 0 usecs
[    1.846058] calling  oom_init+0x0/0x49 @ 1
[    1.851203] initcall oom_init+0x0/0x49 returned 0 after 0 usecs
[    1.858059] calling  default_bdi_init+0x0/0x28 @ 1
[    1.863230] initcall default_bdi_init+0x0/0x28 returned 0 after 0 usecs
[    1.870059] calling  percpu_enable_async+0x0/0xe @ 1
[    1.876061] initcall percpu_enable_async+0x0/0xe returned 0 after 0 usecs
[    1.883058] calling  kcompactd_init+0x0/0x8a @ 1
[    1.888211] initcall kcompactd_init+0x0/0x8a returned 0 after 1000 usecs
[    1.895059] calling  init_user_reserve+0x0/0x40 @ 1
[    1.900090] initcall init_user_reserve+0x0/0x40 returned 0 after 0 usecs
[    1.907059] calling  init_admin_reserve+0x0/0x40 @ 1
[    1.913059] initcall init_admin_reserve+0x0/0x40 returned 0 after 0 usecs
[    1.919059] calling  init_reserve_notifier+0x0/0x7 @ 1
[    1.925058] initcall init_reserve_notifier+0x0/0x7 returned 0 after 0 usecs
[    1.932059] calling  swap_init_sysfs+0x0/0x62 @ 1
[    1.938070] initcall swap_init_sysfs+0x0/0x62 returned 0 after 0 usecs
[    1.946060] calling  swapfile_init+0x0/0x91 @ 1
[    1.952061] initcall swapfile_init+0x0/0x91 returned 0 after 0 usecs
[    1.960060] calling  hugetlb_init+0x0/0x575 @ 1
[    1.966080] HugeTLB: registered 2.00 MiB page size, pre-allocated 0 pages
[    1.973058] HugeTLB: 28 KiB vmemmap can be freed for a 2.00 MiB page
[    1.979182] initcall hugetlb_init+0x0/0x575 returned 0 after 14000 usecs
[    1.986060] calling  numa_init_sysfs+0x0/0x62 @ 1
[    1.992065] initcall numa_init_sysfs+0x0/0x62 returned 0 after 0 usecs
[    1.998059] calling  seqiv_module_init+0x0/0xc @ 1
[    2.003059] initcall seqiv_module_init+0x0/0xc returned 0 after 0 usecs
[    2.010059] calling  echainiv_module_init+0x0/0xc @ 1
[    2.015062] initcall echainiv_module_init+0x0/0xc returned 0 after 0 usecs
[    2.023060] calling  rsa_init+0x0/0x50 @ 1
[    2.027061] initcall rsa_init+0x0/0x50 returned 0 after 0 usecs
[    2.033058] calling  crypto_cmac_module_init+0x0/0xc @ 1
[    2.038059] initcall crypto_cmac_module_init+0x0/0xc returned 0 after 0 usecs
[    2.046058] calling  hmac_module_init+0x0/0xc @ 1
[    2.051059] initcall hmac_module_init+0x0/0xc returned 0 after 0 usecs
[    2.057058] calling  crypto_null_mod_init+0x0/0x65 @ 1
[    2.063064] initcall crypto_null_mod_init+0x0/0x65 returned 0 after 0 usecs
[    2.070058] calling  md5_mod_init+0x0/0xc @ 1
[    2.074061] initcall md5_mod_init+0x0/0xc returned 0 after 0 usecs
[    2.080058] calling  sha256_generic_mod_init+0x0/0x11 @ 1
[    2.086062] initcall sha256_generic_mod_init+0x0/0x11 returned 0 after 0 usecs
[    2.093058] calling  sha512_generic_mod_init+0x0/0x11 @ 1
[    2.099062] initcall sha512_generic_mod_init+0x0/0x11 returned 0 after 0 usecs
[    2.106058] calling  crypto_cbc_module_init+0x0/0xc @ 1
[    2.112059] initcall crypto_cbc_module_init+0x0/0xc returned 0 after 0 usecs
[    2.119058] calling  crypto_ctr_module_init+0x0/0x11 @ 1
[    2.124059] initcall crypto_ctr_module_init+0x0/0x11 returned 0 after 0 usecs
[    2.131058] calling  crypto_gcm_module_init+0x0/0x5f @ 1
[    2.137060] initcall crypto_gcm_module_init+0x0/0x5f returned 0 after 0 usecs
[    2.144062] calling  crypto_ccm_module_init+0x0/0x11 @ 1
[    2.149060] initcall crypto_ccm_module_init+0x0/0x11 returned 0 after 0 usecs
[    2.157058] calling  aes_init+0x0/0xc @ 1
[    2.161062] initcall aes_init+0x0/0xc returned 0 after 0 usecs
[    2.167058] calling  crc32c_mod_init+0x0/0xc @ 1
[    2.172063] initcall crc32c_mod_init+0x0/0xc returned 0 after 0 usecs
[    2.178058] calling  crypto_authenc_module_init+0x0/0xc @ 1
[    2.184059] initcall crypto_authenc_module_init+0x0/0xc returned 0 after 0 usecs
[    2.191059] calling  crypto_authenc_esn_module_init+0x0/0xc @ 1
[    2.197059] initcall crypto_authenc_esn_module_init+0x0/0xc returned 0 after 0 usecs
[    2.205058] calling  drbg_init+0x0/0x7c @ 1
[    2.210085] initcall drbg_init+0x0/0x7c returned 0 after 0 usecs
[    2.216058] calling  ghash_mod_init+0x0/0xc @ 1
[    2.220062] initcall ghash_mod_init+0x0/0xc returned 0 after 0 usecs
[    2.228059] calling  init_bio+0x0/0x83 @ 1
[    2.233080] initcall init_bio+0x0/0x83 returned 0 after 0 usecs
[    2.239058] calling  blk_ioc_init+0x0/0x29 @ 1
[    2.244065] initcall blk_ioc_init+0x0/0x29 returned 0 after 0 usecs
[    2.251059] calling  blk_mq_init+0x0/0xce @ 1
[    2.257060] initcall blk_mq_init+0x0/0xce returned 0 after 0 usecs
[    2.263058] calling  genhd_device_init+0x0/0x5d @ 1
[    2.270249] initcall genhd_device_init+0x0/0x5d returned 0 after 2000 usecs
[    2.277059] calling  blkcg_init+0x0/0x28 @ 1
[    2.283272] initcall blkcg_init+0x0/0x28 returned 0 after 1000 usecs
[    2.292060] calling  io_wq_init+0x0/0x38 @ 1
[    2.298063] initcall io_wq_init+0x0/0x38 returned 0 after 0 usecs
[    2.304060] calling  pci_slot_init+0x0/0x40 @ 1
[    2.309073] initcall pci_slot_init+0x0/0x40 returned 0 after 0 usecs
[    2.316059] calling  acpi_init+0x0/0x485 @ 1
[    2.321096] ACPI: Added _OSI(Module Device)
[    2.326060] ACPI: Added _OSI(Processor Device)
[    2.330059] ACPI: Added _OSI(3.0 _SCP Extensions)
[    2.335060] ACPI: Added _OSI(Processor Aggregator Device)
[    2.340061] ACPI: Added _OSI(Linux-Dell-Video)
[    2.345060] ACPI: Added _OSI(Linux-Lenovo-NV-HDMI-Audio)
[    2.350059] ACPI: Added _OSI(Linux-HPI-Hybrid-Graphics)
[    2.357179] ACPI: 1 ACPI AML tables successfully acquired and loaded
[    2.373154] ACPI: Interpreter enabled
[    2.377170] ACPI: PM: (supports S0 S3 S4 S5)
[    2.382060] ACPI: Using IOAPIC for interrupt routing
[    2.387103] PCI: Using host bridge windows from ACPI; if necessary, use "pci=nocrs" and report a bug
[    2.397058] PCI: Using E820 reservations for host bridge windows
[    2.403316] ACPI: Enabled 2 GPEs in block 00 to 3F
[    2.412640] ACPI: PCI Root Bridge [PCI0] (domain 0000 [bus 00-ff])
[    2.419110] acpi PNP0A08:00: _OSC: OS supports [ExtendedConfig ASPM ClockPM Segments MSI HPX-Type3]
[    2.429080] acpi PNP0A08:00: _OSC: platform does not support [LTR]
[    2.435124] acpi PNP0A08:00: _OSC: OS now controls [PME PCIeCapability]
[    2.442187] PCI host bridge to bus 0000:00
[    2.447061] pci_bus 0000:00: root bus resource [io  0x0000-0x0cf7 window]
[    2.454060] pci_bus 0000:00: root bus resource [io  0x0d00-0xffff window]
[    2.461060] pci_bus 0000:00: root bus resource [mem 0x000a0000-0x000bffff window]
[    2.468060] pci_bus 0000:00: root bus resource [mem 0x20000000-0xafffffff window]
[    2.476059] pci_bus 0000:00: root bus resource [mem 0xc0000000-0xfebfffff window]
[    2.484060] pci_bus 0000:00: root bus resource [mem 0x100000000-0x8ffffffff window]
[    2.491061] pci_bus 0000:00: root bus resource [bus 00-ff]
[    2.497491] pci 0000:00:00.0: calling  quirk_mmio_always_on+0x0/0x10 @ 1
[    2.504060] pci 0000:00:00.0: quirk_mmio_always_on+0x0/0x10 took 0 usecs
[    2.511073] pci 0000:00:00.0: [8086:29c0] type 00 class 0x060000
[    2.520415] pci 0000:00:00.0: calling  quirk_igfx_skip_te_disable+0x0/0x80 @ 1
[    2.528059] pci 0000:00:00.0: quirk_igfx_skip_te_disable+0x0/0x80 took 0 usecs
[    2.536203] pci 0000:00:01.0: [1234:1111] type 00 class 0x030000
[    2.546230] pci 0000:00:01.0: reg 0x10: [mem 0xfd000000-0xfdffffff pref]
[    2.563233] pci 0000:00:01.0: reg 0x18: [mem 0xfebf0000-0xfebf0fff]
[    2.591233] pci 0000:00:01.0: reg 0x30: [mem 0xfebe0000-0xfebeffff pref]
[    2.599554] pci 0000:00:01.0: calling  pci_fixup_video+0x0/0xe0 @ 1
[    2.606328] pci 0000:00:01.0: Video device with shadowed ROM at [mem 0x000c0000-0x000dffff]
[    2.615061] pci 0000:00:01.0: pci_fixup_video+0x0/0xe0 took 8789 usecs
[    2.626207] pci 0000:00:1f.0: [8086:2918] type 00 class 0x060100
[    2.638602] pci 0000:00:1f.0: calling  quirk_ich7_lpc+0x0/0x60 @ 1
[    2.647160] pci 0000:00:1f.0: quirk: [io  0x0600-0x067f] claimed by ICH6 ACPI/GPIO/TCO
[    2.656059] pci 0000:00:1f.0: quirk_ich7_lpc+0x0/0x60 took 8789 usecs
[    2.664063] pci 0000:00:1f.0: calling  quirk_igfx_skip_te_disable+0x0/0x80 @ 1
[    2.673061] pci 0000:00:1f.0: quirk_igfx_skip_te_disable+0x0/0x80 took 0 usecs
[    2.682058] pci 0000:00:1f.2: [8086:2922] type 00 class 0x010601
[    2.696059] pci 0000:00:1f.2: reg 0x20: [io  0xc040-0xc05f]
[    2.704060] pci 0000:00:1f.2: reg 0x24: [mem 0xfebf1000-0xfebf1fff]
[    2.712059] pci 0000:00:1f.2: calling  quirk_igfx_skip_te_disable+0x0/0x80 @ 1
[    2.719060] pci 0000:00:1f.2: quirk_igfx_skip_te_disable+0x0/0x80 took 0 usecs
[    2.729481] pci 0000:00:1f.3: [8086:2930] type 00 class 0x0c0500
[    2.741059] pci 0000:00:1f.3: reg 0x20: [io  0x0700-0x073f]
[    2.748614] pci 0000:00:1f.3: calling  quirk_igfx_skip_te_disable+0x0/0x80 @ 1
[    2.756062] pci 0000:00:1f.3: quirk_igfx_skip_te_disable+0x0/0x80 took 0 usecs
[    2.765257] ACPI: PCI: Interrupt link LNKA configured for IRQ 10
[    2.772059] ACPI: PCI: Interrupt link LNKB configured for IRQ 10
[    2.778400] ACPI: PCI: Interrupt link LNKC configured for IRQ 11
[    2.785075] ACPI: PCI: Interrupt link LNKD configured for IRQ 11
[    2.791414] ACPI: PCI: Interrupt link LNKE configured for IRQ 10
[    2.798319] ACPI: PCI: Interrupt link LNKF configured for IRQ 10
[    2.805244] ACPI: PCI: Interrupt link LNKG configured for IRQ 11
[    2.811300] ACPI: PCI: Interrupt link LNKH configured for IRQ 11
[    2.818251] ACPI: PCI: Interrupt link GSIA configured for IRQ 16
[    2.825074] ACPI: PCI: Interrupt link GSIB configured for IRQ 17
[    2.831079] ACPI: PCI: Interrupt link GSIC configured for IRQ 18
[    2.837073] ACPI: PCI: Interrupt link GSID configured for IRQ 19
[    2.844075] ACPI: PCI: Interrupt link GSIE configured for IRQ 20
[    2.850075] ACPI: PCI: Interrupt link GSIF configured for IRQ 21
[    2.857067] ACPI: PCI: Interrupt link GSIG configured for IRQ 22
[    2.863089] ACPI: PCI: Interrupt link GSIH configured for IRQ 23
[    2.870356] initcall acpi_init+0x0/0x485 returned 0 after 549000 usecs
[    2.877073] calling  pnp_init+0x0/0xc @ 1
[    2.881072] initcall pnp_init+0x0/0xc returned 0 after 0 usecs
[    2.887062] calling  misc_init+0x0/0xbf @ 1
[    2.891120] initcall misc_init+0x0/0xbf returned 0 after 0 usecs
[    2.898059] calling  iommu_subsys_init+0x0/0xca @ 1
[    2.903080] iommu: Default domain type: Translated 
[    2.908059] iommu: DMA domain TLB invalidation policy: lazy mode 
[    2.914059] initcall iommu_subsys_init+0x0/0xca returned 0 after 11000 usecs
[    2.921059] calling  cn_init+0x0/0xf0 @ 1
[    2.925287] initcall cn_init+0x0/0xf0 returned 0 after 0 usecs
[    2.931058] calling  dma_buf_init+0x0/0xad @ 1
[    2.937200] initcall dma_buf_init+0x0/0xad returned 0 after 1000 usecs
[    2.944060] calling  init_scsi+0x0/0x79 @ 1
[    2.949285] SCSI subsystem initialized
[    2.953059] initcall init_scsi+0x0/0x79 returned 0 after 4000 usecs
[    2.961060] calling  ata_init+0x0/0x332 @ 1
[    2.971831] libata version 3.00 loaded.
[    2.977060] initcall ata_init+0x0/0x332 returned 0 after 10000 usecs
[    2.984063] calling  phy_init+0x0/0x1e9 @ 1
[    2.989270] initcall phy_init+0x0/0x1e9 returned 0 after 0 usecs
[    2.996060] calling  init_pcmcia_cs+0x0/0x35 @ 1
[    3.002073] initcall init_pcmcia_cs+0x0/0x35 returned 0 after 0 usecs
[    3.010060] calling  usb_common_init+0x0/0x1c @ 1
[    3.015070] initcall usb_common_init+0x0/0x1c returned 0 after 0 usecs
[    3.023060] calling  usb_init+0x0/0x120 @ 1
[    3.029069] ACPI: bus type USB registered
[    3.034168] usbcore: registered new interface driver usbfs
[    3.041079] usbcore: registered new interface driver hub
[    3.047082] usbcore: registered new device driver usb
[    3.052059] initcall usb_init+0x0/0x120 returned 0 after 23000 usecs
[    3.059059] calling  serio_init+0x0/0x29 @ 1
[    3.063072] initcall serio_init+0x0/0x29 returned 0 after 0 usecs
[    3.070062] calling  input_init+0x0/0xf6 @ 1
[    3.076060] initcall input_init+0x0/0xf6 returned 0 after 1000 usecs
[    3.083059] calling  rtc_init+0x0/0x4d @ 1
[    3.087070] initcall rtc_init+0x0/0x4d returned 0 after 0 usecs
[    3.093060] calling  pps_init+0x0/0xa9 @ 1
[    3.097068] pps_core: LinuxPPS API ver. 1 registered
[    3.102058] pps_core: Software ver. 5.3.6 - Copyright 2005-2007 Rodolfo Giometti <giometti@linux.it>
[    3.111059] initcall pps_init+0x0/0xa9 returned 0 after 14000 usecs
[    3.118059] calling  ptp_init+0x0/0x98 @ 1
[    3.122069] PTP clock support registered
[    3.127059] initcall ptp_init+0x0/0x98 returned 0 after 5000 usecs
[    3.135061] calling  power_supply_class_init+0x0/0x3f @ 1
[    3.141122] initcall power_supply_class_init+0x0/0x3f returned 0 after 0 usecs
[    3.150060] calling  hwmon_init+0x0/0x104 @ 1
[    3.156077] initcall hwmon_init+0x0/0x104 returned 0 after 0 usecs
[    3.162059] calling  md_init+0x0/0x132 @ 1
[    3.166224] initcall md_init+0x0/0x132 returned 0 after 1000 usecs
[    3.173061] calling  leds_init+0x0/0x3b @ 1
[    3.177069] initcall leds_init+0x0/0x3b returned 0 after 0 usecs
[    3.183059] calling  dmi_init+0x0/0x113 @ 1
[    3.187195] initcall dmi_init+0x0/0x113 returned 0 after 0 usecs
[    3.193059] calling  efisubsys_init+0x0/0x54f @ 1
[    3.198059] initcall efisubsys_init+0x0/0x54f returned 0 after 0 usecs
[    3.204059] calling  nvmem_init+0x0/0xc @ 1
[    3.208078] initcall nvmem_init+0x0/0xc returned 0 after 0 usecs
[    3.214059] calling  init_soundcore+0x0/0x33 @ 1
[    3.219068] initcall init_soundcore+0x0/0x33 returned 0 after 0 usecs
[    3.225063] calling  alsa_sound_init+0x0/0x8f @ 1
[    3.230165] Advanced Linux Sound Architecture Driver Initialized.
[    3.236059] initcall alsa_sound_init+0x0/0x8f returned 0 after 6000 usecs
[    3.242059] calling  alsa_seq_device_init+0x0/0x71 @ 1
[    3.247077] initcall alsa_seq_device_init+0x0/0x71 returned 0 after 0 usecs
[    3.254059] calling  hda_bus_init+0x0/0xc @ 1
[    3.258069] initcall hda_bus_init+0x0/0xc returned 0 after 0 usecs
[    3.264058] calling  proto_init+0x0/0xc @ 1
[    3.268106] initcall proto_init+0x0/0xc returned 0 after 0 usecs
[    3.274059] calling  net_dev_init+0x0/0x24d @ 1
[    3.279466] initcall net_dev_init+0x0/0x24d returned 0 after 0 usecs
[    3.285059] calling  neigh_init+0x0/0x84 @ 1
[    3.290060] initcall neigh_init+0x0/0x84 returned 0 after 0 usecs
[    3.295058] calling  fib_notifier_init+0x0/0xc @ 1
[    3.300072] initcall fib_notifier_init+0x0/0xc returned 0 after 0 usecs
[    3.307058] calling  fib_rules_init+0x0/0xab @ 1
[    3.311089] initcall fib_rules_init+0x0/0xab returned 0 after 0 usecs
[    3.317058] calling  init_cgroup_netprio+0x0/0x13 @ 1
[    3.324083] initcall init_cgroup_netprio+0x0/0x13 returned 0 after 0 usecs
[    3.331058] calling  pktsched_init+0x0/0x10e @ 1
[    3.336076] initcall pktsched_init+0x0/0x10e returned 0 after 0 usecs
[    3.342058] calling  tc_filter_init+0x0/0xfa @ 1
[    3.346092] initcall tc_filter_init+0x0/0xfa returned 0 after 0 usecs
[    3.353063] calling  tc_action_init+0x0/0x54 @ 1
[    3.357059] initcall tc_action_init+0x0/0x54 returned 0 after 0 usecs
[    3.363057] calling  ethnl_init+0x0/0x52 @ 1
[    3.368147] initcall ethnl_init+0x0/0x52 returned 0 after 0 usecs
[    3.374058] calling  nexthop_init+0x0/0xf5 @ 1
[    3.378103] initcall nexthop_init+0x0/0xf5 returned 0 after 0 usecs
[    3.384058] calling  cipso_v4_init+0x0/0x58 @ 1
[    3.389060] initcall cipso_v4_init+0x0/0x58 returned 0 after 0 usecs
[    3.395058] calling  ieee80211_init+0x0/0x24 @ 1
[    3.399132] initcall ieee80211_init+0x0/0x24 returned 0 after 0 usecs
[    3.406057] calling  netlbl_init+0x0/0x78 @ 1
[    3.410058] NetLabel: Initializing
[    3.413057] NetLabel:  domain hash size = 128
[    3.418057] NetLabel:  protocols = UNLABELED CIPSOv4 CALIPSO
[    3.424064] NetLabel:  unlabeled traffic allowed by default
[    3.430059] initcall netlbl_init+0x0/0x78 returned 0 after 20000 usecs
[    3.437059] calling  rfkill_init+0x0/0x111 @ 1
[    3.442415] initcall rfkill_init+0x0/0x111 returned 0 after 0 usecs
[    3.449061] calling  pci_subsys_init+0x0/0x66 @ 1
[    3.454059] PCI: Using ACPI for IRQ routing
[    4.048755] PCI: pci_cache_line_size set to 64 bytes
[    4.054687] e820: reserve RAM buffer [mem 0x0009fc00-0x0009ffff]
[    4.061060] e820: reserve RAM buffer [mem 0x1ffdf000-0x1fffffff]
[    4.067061] initcall pci_subsys_init+0x0/0x66 returned 0 after 613000 usecs
[    4.074059] calling  vga_arb_device_init+0x0/0x72 @ 1
[    4.079241] pci 0000:00:01.0: vgaarb: setting as boot VGA device
[    4.080055] pci 0000:00:01.0: vgaarb: bridge control possible
[    4.080055] pci 0000:00:01.0: vgaarb: VGA device added: decodes=io+mem,owns=io+mem,locks=none
[    4.100062] vgaarb: loaded
[    4.103058] initcall vga_arb_device_init+0x0/0x72 returned 0 after 24000 usecs
[    4.111320] calling  nmi_warning_debugfs+0x0/0x26 @ 1
[    4.116093] initcall nmi_warning_debugfs+0x0/0x26 returned 0 after 0 usecs
[    4.124059] calling  save_microcode_in_initrd+0x0/0x51 @ 1
[    4.129144] initcall save_microcode_in_initrd+0x0/0x51 returned 0 after 0 usecs
[    4.137058] calling  hpet_late_init+0x0/0x364 @ 1
[    4.142112] hpet: 3 channels of 0 reserved for per-cpu timers
[    4.148139] hpet0: at MMIO 0xfed00000, IRQs 2, 8, 0
[    4.153058] hpet0: 3 comparators, 64-bit 100.000000 MHz counter
[    4.164058] initcall hpet_late_init+0x0/0x364 returned 0 after 22000 usecs
[    4.171059] calling  init_amd_nbs+0x0/0x378 @ 1
[    4.176079] initcall init_amd_nbs+0x0/0x378 returned 0 after 0 usecs
[    4.182058] calling  iomem_init_inode+0x0/0x80 @ 1
[    4.188083] initcall iomem_init_inode+0x0/0x80 returned 0 after 0 usecs
[    4.195063] calling  clocksource_done_booting+0x0/0x41 @ 1
[    4.201327] clocksource: Switched to clocksource kvm-clock
[    4.207171] initcall clocksource_done_booting+0x0/0x41 returned 0 after 7116 usecs
[    4.214562] calling  secretmem_init+0x0/0x40 @ 1
[    4.219375] initcall secretmem_init+0x0/0x40 returned 0 after 37 usecs
[    4.225743] calling  init_fs_stat_sysctls+0x0/0x2d @ 1
[    4.230900] initcall init_fs_stat_sysctls+0x0/0x2d returned 0 after 9 usecs
[    4.237539] calling  init_fs_exec_sysctls+0x0/0x21 @ 1
[    4.242503] initcall init_fs_exec_sysctls+0x0/0x21 returned 0 after 4 usecs
[    4.249164] calling  init_pipe_fs+0x0/0x5e @ 1
[    4.253646] initcall init_pipe_fs+0x0/0x5e returned 0 after 41 usecs
[    4.259749] calling  init_fs_namei_sysctls+0x0/0x21 @ 1
[    4.264736] initcall init_fs_namei_sysctls+0x0/0x21 returned 0 after 3 usecs
[    4.271460] calling  init_fs_dcache_sysctls+0x0/0x21 @ 1
[    4.276650] initcall init_fs_dcache_sysctls+0x0/0x21 returned 0 after 2 usecs
[    4.283503] calling  init_fs_namespace_sysctls+0x0/0x21 @ 1
[    4.289011] initcall init_fs_namespace_sysctls+0x0/0x21 returned 0 after 2 usecs
[    4.296121] calling  inotify_user_setup+0x0/0xdc @ 1
[    4.300956] initcall inotify_user_setup+0x0/0xdc returned 0 after 32 usecs
[    4.307579] calling  eventpoll_init+0x0/0xeb @ 1
[    4.312177] initcall eventpoll_init+0x0/0xeb returned 0 after 14 usecs
[    4.318441] calling  anon_inode_init+0x0/0x58 @ 1
[    4.323192] initcall anon_inode_init+0x0/0x58 returned 0 after 25 usecs
[    4.329584] calling  proc_locks_init+0x0/0x27 @ 1
[    4.334159] initcall proc_locks_init+0x0/0x27 returned 0 after 4 usecs
[    4.340509] calling  init_fs_coredump_sysctls+0x0/0x21 @ 1
[    4.345836] initcall init_fs_coredump_sysctls+0x0/0x21 returned 0 after 5 usecs
[    4.352877] calling  iomap_init+0x0/0x1b @ 1
[    4.358424] initcall iomap_init+0x0/0x1b returned 0 after 1233 usecs
[    4.364554] calling  dquot_init+0x0/0x10d @ 1
[    4.368833] VFS: Disk quotas dquot_6.6.0
[    4.372697] VFS: Dquot-cache hash table entries: 512 (order 0, 4096 bytes)
[    4.379303] initcall dquot_init+0x0/0x10d returned 0 after 10470 usecs
[    4.385549] calling  quota_init+0x0/0x23 @ 1
[    4.389753] initcall quota_init+0x0/0x23 returned 0 after 26 usecs
[    4.395810] calling  proc_cmdline_init+0x0/0x21 @ 1
[    4.400545] initcall proc_cmdline_init+0x0/0x21 returned 0 after 4 usecs
[    4.406973] calling  proc_consoles_init+0x0/0x24 @ 1
[    4.411943] initcall proc_consoles_init+0x0/0x24 returned 0 after 2 usecs
[    4.419427] calling  proc_cpuinfo_init+0x0/0x1e @ 1
[    4.424192] initcall proc_cpuinfo_init+0x0/0x1e returned 0 after 2 usecs
[    4.430768] calling  proc_devices_init+0x0/0x24 @ 1
[    4.438176] initcall proc_devices_init+0x0/0x24 returned 0 after 250 usecs
[    4.444998] calling  proc_interrupts_init+0x0/0x24 @ 1
[    4.449999] initcall proc_interrupts_init+0x0/0x24 returned 0 after 3 usecs
[    4.456708] calling  proc_loadavg_init+0x0/0x21 @ 1
[    4.461418] initcall proc_loadavg_init+0x0/0x21 returned 0 after 3 usecs
[    4.468036] calling  proc_meminfo_init+0x0/0x21 @ 1
[    4.472789] initcall proc_meminfo_init+0x0/0x21 returned 0 after 2 usecs
[    4.479500] calling  proc_stat_init+0x0/0x1e @ 1
[    4.484059] initcall proc_stat_init+0x0/0x1e returned 0 after 41 usecs
[    4.491396] calling  proc_uptime_init+0x0/0x21 @ 1
[    4.496536] initcall proc_uptime_init+0x0/0x21 returned 0 after 4 usecs
[    4.503054] calling  proc_version_init+0x0/0x21 @ 1
[    4.507892] initcall proc_version_init+0x0/0x21 returned 0 after 3 usecs
[    4.514329] calling  proc_softirqs_init+0x0/0x21 @ 1
[    4.519172] initcall proc_softirqs_init+0x0/0x21 returned 0 after 2 usecs
[    4.525685] calling  proc_kcore_init+0x0/0xea @ 1
[    4.530376] initcall proc_kcore_init+0x0/0xea returned 0 after 93 usecs
[    4.536894] calling  vmcore_init+0x0/0x5a6 @ 1
[    4.541230] initcall vmcore_init+0x0/0x5a6 returned 0 after 0 usecs
[    4.547235] calling  proc_kmsg_init+0x0/0x21 @ 1
[    4.551740] initcall proc_kmsg_init+0x0/0x21 returned 0 after 3 usecs
[    4.557908] calling  proc_page_init+0x0/0x3b @ 1
[    4.562371] initcall proc_page_init+0x0/0x3b returned 0 after 3 usecs
[    4.568557] calling  init_ramfs_fs+0x0/0xc @ 1
[    4.572922] initcall init_ramfs_fs+0x0/0xc returned 0 after 24 usecs
[    4.579005] calling  init_hugetlbfs_fs+0x0/0xf6 @ 1
[    4.584417] initcall init_hugetlbfs_fs+0x0/0xf6 returned 0 after 679 usecs
[    4.591045] calling  acpi_event_init+0x0/0x2c @ 1
[    4.595942] initcall acpi_event_init+0x0/0x2c returned 0 after 196 usecs
[    4.602476] calling  pnp_system_init+0x0/0xc @ 1
[    4.608561] initcall pnp_system_init+0x0/0xc returned 0 after 1153 usecs
[    4.615527] calling  pnpacpi_init+0x0/0x69 @ 1
[    4.621343] pnp: PnP ACPI init
[    4.625600] system 00:05: [mem 0xb0000000-0xbfffffff window] has been reserved
[    4.633823] pnp: PnP ACPI: found 6 devices
[    4.637982] initcall pnpacpi_init+0x0/0x69 returned 0 after 16640 usecs
[    4.644534] calling  chr_dev_init+0x0/0xa6 @ 1
[    4.733491] initcall chr_dev_init+0x0/0xa6 returned 0 after 84478 usecs
[    4.740346] calling  hwrng_modinit+0x0/0x80 @ 1
[    4.745975] initcall hwrng_modinit+0x0/0x80 returned 0 after 879 usecs
[    4.752741] calling  firmware_class_init+0x0/0xe7 @ 1
[    4.757852] initcall firmware_class_init+0x0/0xe7 returned 0 after 18 usecs
[    4.764890] calling  init_pcmcia_bus+0x0/0x5b @ 1
[    4.769703] initcall init_pcmcia_bus+0x0/0x5b returned 0 after 15 usecs
[    4.776338] calling  init_acpi_pm_clocksource+0x0/0xda @ 1
[    4.787276] clocksource: acpi_pm: mask: 0xffffff max_cycles: 0xffffff, max_idle_ns: 2085701024 ns
[    4.796057] initcall init_acpi_pm_clocksource+0x0/0xda returned 0 after 14086 usecs
[    4.803677] calling  sysctl_core_init+0x0/0x26 @ 1
[    4.808681] initcall sysctl_core_init+0x0/0x26 returned 0 after 92 usecs
[    4.815747] calling  eth_offload_init+0x0/0x13 @ 1
[    4.820654] initcall eth_offload_init+0x0/0x13 returned 0 after 55 usecs
[    4.828526] calling  ipv4_offload_init+0x0/0x73 @ 1
[    4.833705] initcall ipv4_offload_init+0x0/0x73 returned 0 after 15 usecs
[    4.840376] calling  inet_init+0x0/0x29b @ 1
[    4.844700] NET: Registered PF_INET protocol family
[    4.850067] IP idents hash table entries: 8192 (order: 4, 65536 bytes, linear)
[    4.858361] tcp_listen_portaddr_hash hash table entries: 256 (order: 0, 4096 bytes, linear)
[    4.866614] Table-perturb hash table entries: 65536 (order: 6, 262144 bytes, linear)
[    4.874281] TCP established hash table entries: 4096 (order: 3, 32768 bytes, linear)
[    4.882061] TCP bind hash table entries: 4096 (order: 4, 65536 bytes, linear)
[    4.890970] TCP: Hash tables configured (established 4096 bind 4096)
[    4.897958] UDP hash table entries: 256 (order: 1, 8192 bytes, linear)
[    4.904584] UDP-Lite hash table entries: 256 (order: 1, 8192 bytes, linear)
[    4.911797] initcall inet_init+0x0/0x29b returned 0 after 67193 usecs
[    4.918322] calling  af_unix_init+0x0/0x9d @ 1
[    4.922926] NET: Registered PF_UNIX/PF_LOCAL protocol family
[    4.928722] initcall af_unix_init+0x0/0x9d returned 0 after 5801 usecs
[    4.935344] calling  ipv6_offload_init+0x0/0x7e @ 1
[    4.940363] initcall ipv6_offload_init+0x0/0x7e returned 0 after 39 usecs
[    4.947232] calling  init_sunrpc+0x0/0x75 @ 1
[    4.955638] RPC: Registered named UNIX socket transport module.
[    4.961741] RPC: Registered udp transport module.
[    4.966714] RPC: Registered tcp transport module.
[    4.971598] RPC: Registered tcp NFSv4.1 backchannel transport module.
[    4.978042] initcall init_sunrpc+0x0/0x75 returned 0 after 26294 usecs
[    4.984619] calling  cfg80211_init+0x0/0xc5 @ 1
[    4.991584] initcall cfg80211_init+0x0/0xc5 returned 0 after 2315 usecs
[    4.998254] calling  pcibios_assign_resources+0x0/0xbf @ 1
[    5.003911] pci_bus 0000:00: resource 4 [io  0x0000-0x0cf7 window]
[    5.010209] pci_bus 0000:00: resource 5 [io  0x0d00-0xffff window]
[    5.016512] pci_bus 0000:00: resource 6 [mem 0x000a0000-0x000bffff window]
[    5.023715] pci_bus 0000:00: resource 7 [mem 0x20000000-0xafffffff window]
[    5.032166] pci_bus 0000:00: resource 8 [mem 0xc0000000-0xfebfffff window]
[    5.039148] pci_bus 0000:00: resource 9 [mem 0x100000000-0x8ffffffff window]
[    5.046263] initcall pcibios_assign_resources+0x0/0xbf returned 0 after 42400 usecs
[    5.053929] calling  pci_apply_final_quirks+0x0/0x124 @ 1
[    5.059923] PCI: CLS 0 bytes, default 64
[    5.064025] initcall pci_apply_final_quirks+0x0/0x124 returned 0 after 4540 usecs
[    5.071549] calling  acpi_reserve_resources+0x0/0xea @ 1
[    5.077007] initcall acpi_reserve_resources+0x0/0xea returned 0 after 3 usecs
[    5.084335] calling  populate_rootfs+0x0/0x3b @ 1
[    5.089448] initcall populate_rootfs+0x0/0x3b returned 0 after 136 usecs
[    5.097110] calling  pci_iommu_init+0x0/0x31 @ 1
[    5.102237] initcall pci_iommu_init+0x0/0x31 returned 0 after 1 usecs
[    5.110406] calling  ia32_binfmt_init+0x0/0x13 @ 1
[    5.115475] initcall ia32_binfmt_init+0x0/0x13 returned 0 after 5 usecs
[    5.122077] calling  rapl_pmu_init+0x0/0x240 @ 1
[    5.126876] initcall rapl_pmu_init+0x0/0x240 returned -19 after 16 usecs
[    5.133634] calling  amd_ibs_init+0x0/0x2a9 @ 1
[    5.138236] initcall amd_ibs_init+0x0/0x2a9 returned -19 after 0 usecs
[    5.147204] calling  amd_uncore_init+0x0/0x331 @ 1
[    5.152056] initcall amd_uncore_init+0x0/0x331 returned -19 after 0 usecs
[    5.158712] calling  amd_iommu_pc_init+0x0/0x210 @ 1
[    5.163718] initcall amd_iommu_pc_init+0x0/0x210 returned -19 after 0 usecs
[    5.170565] calling  msr_init+0x0/0x55 @ 1
[    5.174760] initcall msr_init+0x0/0x55 returned 0 after 70 usecs
[    5.180732] calling  intel_uncore_init+0x0/0x450 @ 1
[    5.185725] initcall intel_uncore_init+0x0/0x450 returned -19 after 0 usecs
[    5.192634] calling  cstate_pmu_init+0x0/0x1a1 @ 1
[    5.197517] initcall cstate_pmu_init+0x0/0x1a1 returned -19 after 0 usecs
[    5.204240] calling  register_kernel_offset_dumper+0x0/0x1a @ 1
[    5.210182] initcall register_kernel_offset_dumper+0x0/0x1a returned 0 after 0 usecs
[    5.218296] calling  i8259A_init_ops+0x0/0x20 @ 1
[    5.223045] initcall i8259A_init_ops+0x0/0x20 returned 0 after 1 usecs
[    5.230491] calling  init_tsc_clocksource+0x0/0xa4 @ 1
[    5.236428] clocksource: tsc: mask: 0xffffffffffffffff max_cycles: 0x39a85afc727, max_idle_ns: 881590685098 ns
[    5.246225] initcall init_tsc_clocksource+0x0/0xa4 returned 0 after 9798 usecs
[    5.253973] calling  add_rtc_cmos+0x0/0xb0 @ 1
[    5.259863] initcall add_rtc_cmos+0x0/0xb0 returned 0 after 3 usecs
[    5.268790] calling  i8237A_init_ops+0x0/0x3a @ 1
[    5.276070] initcall i8237A_init_ops+0x0/0x3a returned 0 after 91 usecs
[    5.284243] calling  umwait_init+0x0/0x6c @ 1
[    5.288783] initcall umwait_init+0x0/0x6c returned -19 after 0 usecs
[    5.299992] calling  msr_init+0x0/0xd7 @ 1
[    5.319917] initcall msr_init+0x0/0xd7 returned 0 after 14371 usecs
[    5.326480] calling  cpuid_init+0x0/0xd7 @ 1
[    5.335052] initcall cpuid_init+0x0/0xd7 returned 0 after 4131 usecs
[    5.341479] calling  ioapic_init_ops+0x0/0x13 @ 1
[    5.346183] initcall ioapic_init_ops+0x0/0x13 returned 0 after 0 usecs
[    5.352764] calling  add_pcspkr+0x0/0x6c @ 1
[    5.357215] initcall add_pcspkr+0x0/0x6c returned 0 after 24 usecs
[    5.363311] calling  start_periodic_check_for_corruption+0x0/0x30 @ 1
[    5.369865] initcall start_periodic_check_for_corruption+0x0/0x30 returned 0 after 0 usecs
[    5.377926] calling  audit_classes_init+0x0/0xae @ 1
[    5.382906] initcall audit_classes_init+0x0/0xae returned 0 after 19 usecs
[    5.389611] calling  iosf_mbi_init+0x0/0x24 @ 1
[    5.394218] initcall iosf_mbi_init+0x0/0x24 returned 0 after 59 usecs
[    5.400523] calling  proc_execdomains_init+0x0/0x21 @ 1
[    5.405777] initcall proc_execdomains_init+0x0/0x21 returned 0 after 4 usecs
[    5.412636] calling  register_warn_debugfs+0x0/0x23 @ 1
[    5.417860] initcall register_warn_debugfs+0x0/0x23 returned 0 after 8 usecs
[    5.424729] calling  cpuhp_sysfs_init+0x0/0x7d @ 1
[    5.429492] initcall cpuhp_sysfs_init+0x0/0x7d returned 0 after 30 usecs
[    5.436165] calling  ioresources_init+0x0/0x49 @ 1
[    5.441022] initcall ioresources_init+0x0/0x49 returned 0 after 5 usecs
[    5.447513] calling  snapshot_device_init+0x0/0xc @ 1
[    5.453339] initcall snapshot_device_init+0x0/0xc returned 0 after 871 usecs
[    5.460375] calling  irq_pm_init_ops+0x0/0x13 @ 1
[    5.465054] initcall irq_pm_init_ops+0x0/0x13 returned 0 after 0 usecs
[    5.471454] calling  rcu_torture_init+0x0/0x1228 @ 1
[    5.476520] srcu-torture:--- Start of test: nreaders=3 nfakewriters=4 stat_interval=15 verbose=1 test_no_idle_hz=1 shuffle_interval=3 stutter=5 irqreader=1 fqs_duration=0 fqs_holdoff=0 fqs_stutter=3 test_boost=1/0 test_boost_interval=7 test_boost_duration=4 shutdown_secs=21600 stall_cpu=0 stall_cpu_holdoff=10 stall_cpu_irqsoff=0 stall_cpu_block=0 n_barrier_cbs=4 onoff_interval=1000 onoff_holdoff=30 read_exit_delay=13 read_exit_burst=16 nocbs_nthreads=0 nocbs_toggle=1000
[    5.519277] srcu:  Start-test grace-period state: g0 f0x0
[    5.526323] rcu_torture_write_types: Testing expedited GPs.
[    5.533304] rcu_torture_write_types: Testing asynchronous GPs.
[    5.541529] rcu_torture_write_types: Testing polling GPs.
[    5.548645] rcu_torture_write_types: Testing normal GPs.
[    5.555431] srcu-torture: Creating rcu_torture_writer task
[    5.564034] srcu-torture: Creating rcu_torture_fakewriter task
[    5.564497] srcu-torture: rcu_torture_writer task started
[    5.576962] srcu-torture: GP expediting controlled from boot/sysfs for srcu.
[    5.581010] srcu-torture: Creating rcu_torture_fakewriter task
[    5.581022] srcu-torture: rcu_torture_fakewriter task started
[    5.611951] srcu-torture: Creating rcu_torture_fakewriter task
[    5.612452] srcu-torture: rcu_torture_fakewriter task started
[    5.620713] srcu-torture: Creating rcu_torture_fakewriter task
[    5.620810] srcu-torture: rcu_torture_fakewriter task started
[    5.638683] srcu-torture: Creating rcu_torture_reader task
[    5.638741] srcu-torture: rcu_torture_fakewriter task started
[    5.645243] srcu-torture: Creating rcu_torture_reader task
[    5.645319] srcu-torture: rcu_torture_reader task started
[    5.663578] srcu-torture: Creating rcu_torture_reader task
[    5.663645] srcu-torture: rcu_torture_reader task started
[    5.670663] srcu-torture: Creating rcu_torture_stats task
[    5.671032] srcu-torture: rcu_torture_reader task started
[    5.687550] srcu-torture: Creating torture_shuffle task
[    5.689172] srcu-torture: rcu_torture_stats task started
[    5.694071] srcu-torture: Creating torture_stutter task
[    5.695067] srcu-torture: torture_shuffle task started
[    5.712178] srcu-torture: Creating torture_shutdown task
[    5.712213] srcu-torture: torture_stutter task started
[    5.719520] srcu-torture: Creating torture_onoff task
[    5.719540] srcu-torture: torture_shutdown task started
[    5.719559] srcu-torture:torture_shutdown task: 21599992 ms remaining
[    5.744404] srcu-torture: Creating rcu_torture_fwd_prog task
[    5.744477] srcu-torture: torture_onoff task started
[    5.751388] srcu-torture: Creating rcu_torture_fwd_prog task
[    5.751412] srcu-torture: rcu_torture_fwd_progress task started
[    5.756745] srcu-torture: torture_onoff begin holdoff
[    5.763661] srcu-torture: Creating rcu_torture_fwd_prog task
[    5.763686] srcu-torture: rcu_torture_fwd_progress task started
[    5.787777] srcu-torture: Creating rcu_torture_barrier_cbs task
[    5.787885] srcu-torture: rcu_torture_fwd_progress task started
[    5.795032] srcu-torture: Creating rcu_torture_barrier_cbs task
[    5.795660] srcu-torture: rcu_torture_barrier_cbs task started
[    5.815251] srcu-torture: Creating rcu_torture_barrier_cbs task
[    5.815330] srcu-torture: rcu_torture_barrier_cbs task started
[    5.822325] srcu-torture: Creating rcu_torture_barrier_cbs task
[    5.822577] srcu-torture: rcu_torture_barrier_cbs task started
[    5.842322] srcu-torture: rcu_torture_barrier_cbs task started
[    5.842404] srcu-torture: Creating rcu_torture_barrier task
[    5.855322] srcu-torture: Creating rcu_torture_read_exit task
[    5.855370] srcu-torture: rcu_torture_barrier task starting
[    5.862762] initcall rcu_torture_init+0x0/0x1228 returned 0 after 386298 usecs
[    5.862786] srcu-torture: rcu_torture_read_exit: Start of test
[    5.862789] srcu-torture: rcu_torture_read_exit: Start of episode
[    5.887891] calling  proc_modules_init+0x0/0x1e @ 1
[    5.893073] initcall proc_modules_init+0x0/0x1e returned 0 after 21 usecs
[    5.900258] calling  timer_sysctl_init+0x0/0x1a @ 1
[    5.905275] initcall timer_sysctl_init+0x0/0x1a returned 0 after 4 usecs
[    5.912128] calling  timekeeping_init_ops+0x0/0x13 @ 1
[    5.917406] initcall timekeeping_init_ops+0x0/0x13 returned 0 after 0 usecs
[    5.924875] calling  init_clocksource_sysfs+0x0/0x23 @ 1
[    5.930719] initcall init_clocksource_sysfs+0x0/0x23 returned 0 after 73 usecs
[    5.938369] calling  init_timer_list_procfs+0x0/0x31 @ 1
[    5.943938] initcall init_timer_list_procfs+0x0/0x31 returned 0 after 4 usecs
[    5.951349] calling  alarmtimer_init+0x0/0xc7 @ 1
[    5.956284] initcall alarmtimer_init+0x0/0xc7 returned 0 after 57 usecs
[    5.963619] calling  init_posix_timers+0x0/0x29 @ 1
[    5.968856] initcall init_posix_timers+0x0/0x29 returned 0 after 3 usecs
[    5.975939] calling  clockevents_init_sysfs+0x0/0xe9 @ 1
[    5.981666] initcall clockevents_init_sysfs+0x0/0xe9 returned 0 after 90 usecs
[    5.989743] calling  proc_dma_init+0x0/0x21 @ 1
[    5.994870] initcall proc_dma_init+0x0/0x21 returned 0 after 4 usecs
[    6.001849] calling  kallsyms_init+0x0/0x21 @ 1
[    6.006772] initcall kallsyms_init+0x0/0x21 returned 0 after 55 usecs
[    6.013630] calling  pid_namespaces_init+0x0/0x2c @ 1
[    6.019167] initcall pid_namespaces_init+0x0/0x2c returned 0 after 42 usecs
[    6.026410] calling  audit_watch_init+0x0/0x39 @ 1
[    6.031602] initcall audit_watch_init+0x0/0x39 returned 0 after 1 usecs
[    6.038590] calling  audit_fsnotify_init+0x0/0x3c @ 1
[    6.044187] initcall audit_fsnotify_init+0x0/0x3c returned 0 after 0 usecs
[    6.052221] calling  audit_tree_init+0x0/0x6f @ 1
[    6.058117] initcall audit_tree_init+0x0/0x6f returned 0 after 4 usecs
[    6.066344] calling  seccomp_sysctl_init+0x0/0x2b @ 1
[    6.072883] initcall seccomp_sysctl_init+0x0/0x2b returned 0 after 10 usecs
[    6.080970] calling  utsname_sysctl_init+0x0/0x13 @ 1
[    6.086797] initcall utsname_sysctl_init+0x0/0x13 returned 0 after 11 usecs
[    6.094605] calling  perf_event_sysfs_init+0x0/0x81 @ 1
[    6.100850] initcall perf_event_sysfs_init+0x0/0x81 returned 0 after 101 usecs
[    6.108886] calling  system_trusted_keyring_init+0x0/0x60 @ 1
[    6.115324] Initialise system trusted keyrings
[    6.120375] initcall system_trusted_keyring_init+0x0/0x60 returned 0 after 5050 usecs
[    6.129045] calling  kswapd_init+0x0/0x59 @ 1
[    6.135060] initcall kswapd_init+0x0/0x59 returned 0 after 852 usecs
[    6.142309] calling  extfrag_debug_init+0x0/0x54 @ 1
[    6.148259] initcall extfrag_debug_init+0x0/0x54 returned 0 after 64 usecs
[    6.155877] calling  mm_compute_batch_init+0x0/0x12 @ 1
[    6.161829] initcall mm_compute_batch_init+0x0/0x12 returned 0 after 1 usecs
[    6.169656] calling  slab_proc_init+0x0/0x21 @ 1
[    6.174958] initcall slab_proc_init+0x0/0x21 returned 0 after 6 usecs
[    6.183676] calling  workingset_init+0x0/0x93 @ 1
[    6.188897] workingset: timestamp_bits=56 max_order=17 bucket_order=0
[    6.195703] initcall workingset_init+0x0/0x93 returned 0 after 6805 usecs
[    6.202853] calling  proc_vmalloc_init+0x0/0x32 @ 1
[    6.208378] initcall proc_vmalloc_init+0x0/0x32 returned 0 after 7 usecs
[    6.217559] calling  procswaps_init+0x0/0x1e @ 1
[    6.224016] initcall procswaps_init+0x0/0x1e returned 0 after 7 usecs
[    6.232680] calling  slab_sysfs_init+0x0/0xea @ 1
[    6.242359] initcall slab_sysfs_init+0x0/0xea returned 0 after 3308 usecs
[    6.253095] calling  slab_debugfs_init+0x0/0x4d @ 1
[    6.259646] initcall slab_debugfs_init+0x0/0x4d returned 0 after 388 usecs
[    6.267433] calling  fcntl_init+0x0/0x29 @ 1
[    6.273517] initcall fcntl_init+0x0/0x29 returned 0 after 366 usecs
[    6.281364] calling  proc_filesystems_init+0x0/0x21 @ 1
[    6.286923] initcall proc_filesystems_init+0x0/0x21 returned 0 after 33 usecs
[    6.294383] calling  start_dirtytime_writeback+0x0/0x29 @ 1
[    6.300270] initcall start_dirtytime_writeback+0x0/0x29 returned 0 after 2 usecs
[    6.308056] calling  dio_init+0x0/0x2c @ 1
[    6.313185] initcall dio_init+0x0/0x2c returned 0 after 630 usecs
[    6.319679] calling  dnotify_init+0x0/0x97 @ 1
[    6.324494] initcall dnotify_init+0x0/0x97 returned 0 after 82 usecs
[    6.331206] calling  aio_setup+0x0/0x92 @ 1
[    6.336055] initcall aio_setup+0x0/0x92 returned 0 after 437 usecs
[    6.342529] calling  mbcache_init+0x0/0x30 @ 1
[    6.347543] initcall mbcache_init+0x0/0x30 returned 0 after 122 usecs
[    6.354360] calling  init_grace+0x0/0xc @ 1
[    6.359701] initcall init_grace+0x0/0xc returned 0 after 60 usecs
[    6.366266] calling  init_v2_quota_format+0x0/0x21 @ 1
[    6.371865] initcall init_v2_quota_format+0x0/0x21 returned 0 after 0 usecs
[    6.379255] calling  init_devpts_fs+0x0/0x27 @ 1
[    6.384366] initcall init_devpts_fs+0x0/0x27 returned 0 after 36 usecs
[    6.391438] calling  ext4_init_fs+0x0/0x1b6 @ 1
[    6.397023] initcall ext4_init_fs+0x0/0x1b6 returned 0 after 718 usecs
[    6.403954] calling  journal_init+0x0/0x11c @ 1
[    6.408849] initcall journal_init+0x0/0x11c returned 0 after 86 usecs
[    6.415592] calling  init_fat_fs+0x0/0x49 @ 1
[    6.420378] initcall init_fat_fs+0x0/0x49 returned 0 after 49 usecs
[    6.427147] calling  init_vfat_fs+0x0/0xc @ 1
[    6.431983] initcall init_vfat_fs+0x0/0xc returned 0 after 2 usecs
[    6.438727] calling  init_msdos_fs+0x0/0xc @ 1
[    6.443709] initcall init_msdos_fs+0x0/0xc returned 0 after 2 usecs
[    6.450472] calling  init_iso9660_fs+0x0/0x6c @ 1
[    6.455655] initcall init_iso9660_fs+0x0/0x6c returned 0 after 93 usecs
[    6.462716] calling  init_nfs_fs+0x0/0x13a @ 1
[    6.469478] initcall init_nfs_fs+0x0/0x13a returned 0 after 2042 usecs
[    6.476673] calling  init_nfs_v2+0x0/0x13 @ 1
[    6.481513] initcall init_nfs_v2+0x0/0x13 returned 0 after 12 usecs
[    6.488242] calling  init_nfs_v3+0x0/0x13 @ 1
[    6.493117] initcall init_nfs_v3+0x0/0x13 returned 0 after 0 usecs
[    6.499734] calling  init_nfs_v4+0x0/0x32 @ 1
[    6.504488] NFS: Registering the id_resolver key type
[    6.510013] Key type id_resolver registered
[    6.514617] Key type id_legacy registered
[    6.519303] initcall init_nfs_v4+0x0/0x32 returned 0 after 14845 usecs
[    6.526376] calling  init_nlm+0x0/0x5b @ 1
[    6.530982] initcall init_nlm+0x0/0x5b returned 0 after 40 usecs
[    6.537318] calling  init_nls_cp437+0x0/0xe @ 1
[    6.542294] initcall init_nls_cp437+0x0/0xe returned 0 after 0 usecs
[    6.549156] calling  init_nls_ascii+0x0/0xe @ 1
[    6.553976] initcall init_nls_ascii+0x0/0xe returned 0 after 0 usecs
[    6.560655] calling  init_nls_iso8859_1+0x0/0xe @ 1
[    6.566007] initcall init_nls_iso8859_1+0x0/0xe returned 0 after 0 usecs
[    6.573124] calling  init_nls_utf8+0x0/0x21 @ 1
[    6.577979] initcall init_nls_utf8+0x0/0x21 returned 0 after 0 usecs
[    6.584834] calling  init_autofs_fs+0x0/0x25 @ 1
[    6.591369] initcall init_autofs_fs+0x0/0x25 returned 0 after 1486 usecs
[    6.599988] calling  init_v9fs+0x0/0xe0 @ 1
[    6.604983] 9p: Installing v9fs 9p2000 file system support
[    6.611690] initcall init_v9fs+0x0/0xe0 returned 0 after 6707 usecs
[    6.618551] calling  ipc_init+0x0/0x24 @ 1
[    6.623008] initcall ipc_init+0x0/0x24 returned 0 after 72 usecs
[    6.629763] calling  ipc_sysctl_init+0x0/0x2a @ 1
[    6.634973] initcall ipc_sysctl_init+0x0/0x2a returned 0 after 67 usecs
[    6.641655] calling  init_mqueue_fs+0x0/0x9b @ 1
[    6.646773] initcall init_mqueue_fs+0x0/0x9b returned 0 after 217 usecs
[    6.653722] calling  key_proc_init+0x0/0x63 @ 1
[    6.658471] initcall key_proc_init+0x0/0x63 returned 0 after 5 usecs
[    6.665049] calling  selinux_nf_ip_init+0x0/0x2e @ 1
[    6.670151] initcall selinux_nf_ip_init+0x0/0x2e returned 0 after 1 usecs
[    6.677105] calling  init_sel_fs+0x0/0x116 @ 1
[    6.681679] initcall init_sel_fs+0x0/0x116 returned 0 after 0 usecs
[    6.688118] calling  selnl_init+0x0/0x7c @ 1
[    6.693330] initcall selnl_init+0x0/0x7c returned 0 after 162 usecs
[    6.699782] calling  sel_netif_init+0x0/0x36 @ 1
[    6.704639] initcall sel_netif_init+0x0/0x36 returned 0 after 0 usecs
[    6.711239] calling  sel_netnode_init+0x0/0x33 @ 1
[    6.716648] initcall sel_netnode_init+0x0/0x33 returned 0 after 0 usecs
[    6.724341] calling  sel_netport_init+0x0/0x33 @ 1
[    6.729916] initcall sel_netport_init+0x0/0x33 returned 0 after 0 usecs
[    6.737497] calling  aurule_init+0x0/0x2a @ 1
[    6.742616] initcall aurule_init+0x0/0x2a returned 0 after 1 usecs
[    6.749745] calling  jent_mod_init+0x0/0x2d @ 1
[    6.764314] initcall jent_mod_init+0x0/0x2d returned 0 after 9696 usecs
[    6.771328] calling  asymmetric_key_init+0x0/0xc @ 1
[    6.776567] Key type asymmetric registered
[    6.780976] initcall asymmetric_key_init+0x0/0xc returned 0 after 4410 usecs
[    6.788300] calling  x509_key_init+0x0/0x18 @ 1
[    6.793341] Asymmetric key parser 'x509' registered
[    6.799405] initcall x509_key_init+0x0/0x18 returned 0 after 6080 usecs
[    6.806922] calling  blkdev_init+0x0/0x1b @ 1
[    6.811767] initcall blkdev_init+0x0/0x1b returned 0 after 129 usecs
[    6.818583] calling  proc_genhd_init+0x0/0x41 @ 1
[    6.823577] initcall proc_genhd_init+0x0/0x41 returned 0 after 5 usecs
[    6.830430] calling  bsg_init+0x0/0xaf @ 1
[    6.835037] Block layer SCSI generic (bsg) driver version 0.4 loaded (major 251)
[    6.842916] initcall bsg_init+0x0/0xaf returned 0 after 7917 usecs
[    6.849448] calling  ioprio_init+0x0/0xc @ 1
[    6.854344] initcall ioprio_init+0x0/0xc returned 0 after 51 usecs
[    6.861317] calling  iolatency_init+0x0/0xc @ 1
[    6.867075] initcall iolatency_init+0x0/0xc returned 0 after 4 usecs
[    6.874192] calling  ioc_init+0x0/0xc @ 1
[    6.879337] initcall ioc_init+0x0/0xc returned 0 after 12 usecs
[    6.887014] calling  deadline_init+0x0/0xc @ 1
[    6.892811] io scheduler mq-deadline registered
[    6.898632] initcall deadline_init+0x0/0xc returned 0 after 5821 usecs
[    6.906824] calling  kyber_init+0x0/0xc @ 1
[    6.911166] io scheduler kyber registered
[    6.915288] initcall kyber_init+0x0/0xc returned 0 after 4123 usecs
[    6.921428] calling  io_uring_init+0x0/0x31 @ 1
[    6.926029] initcall io_uring_init+0x0/0x31 returned 0 after 25 usecs
[    6.932344] calling  blake2s_mod_init+0x0/0x7 @ 1
[    6.937123] initcall blake2s_mod_init+0x0/0x7 returned 0 after 0 usecs
[    6.944133] calling  percpu_counter_startup+0x0/0x55 @ 1
[    6.952640] initcall percpu_counter_startup+0x0/0x55 returned 0 after 2313 usecs
[    6.960718] calling  sg_pool_init+0x0/0xb4 @ 1
[    6.966008] initcall sg_pool_init+0x0/0xb4 returned 0 after 233 usecs
[    6.973198] calling  pcie_portdrv_init+0x0/0x39 @ 1
[    6.978896] initcall pcie_portdrv_init+0x0/0x39 returned 0 after 203 usecs
[    6.986146] calling  pci_proc_init+0x0/0x68 @ 1
[    6.991255] initcall pci_proc_init+0x0/0x68 returned 0 after 14 usecs
[    6.998022] calling  pci_hotplug_init+0x0/0x7 @ 1
[    7.003193] initcall pci_hotplug_init+0x0/0x7 returned 0 after 0 usecs
[    7.010000] calling  ged_driver_init+0x0/0xe @ 1
[    7.015076] initcall ged_driver_init+0x0/0xe returned 0 after 81 usecs
[    7.021966] calling  acpi_ac_init+0x0/0x3f @ 1
[    7.026912] initcall acpi_ac_init+0x0/0x3f returned 0 after 91 usecs
[    7.033720] calling  acpi_button_driver_init+0x0/0x52 @ 1
[    7.039686] input: Power Button as /devices/LNXSYSTM:00/LNXPWRBN:00/input/input0
[    7.048434] ACPI: button: Power Button [PWRF]
[    7.053424] initcall acpi_button_driver_init+0x0/0x52 returned 0 after 13967 usecs
[    7.061741] calling  acpi_fan_driver_init+0x0/0xe @ 1
[    7.067320] initcall acpi_fan_driver_init+0x0/0xe returned 0 after 14 usecs
[    7.075421] calling  acpi_video_init+0x0/0xcb @ 1
[    7.081077] initcall acpi_video_init+0x0/0xcb returned 0 after 47 usecs
[    7.088725] calling  acpi_processor_driver_init+0x0/0xad @ 1
[    7.095572] initcall acpi_processor_driver_init+0x0/0xad returned 0 after 563 usecs
[    7.103627] calling  acpi_thermal_init+0x0/0x71 @ 1
[    7.110620] initcall acpi_thermal_init+0x0/0x71 returned 0 after 1870 usecs
[    7.118241] calling  acpi_battery_init+0x0/0x32 @ 1
[    7.123633] initcall acpi_battery_init+0x0/0x32 returned 0 after 115 usecs
[    7.130868] calling  bgrt_init+0x0/0xb6 @ 1
[    7.135395] initcall bgrt_init+0x0/0xb6 returned -19 after 0 usecs
[    7.141898] calling  virtio_pci_driver_init+0x0/0x15 @ 1
[    7.147522] initcall virtio_pci_driver_init+0x0/0x15 returned 0 after 57 usecs
[    7.155155] calling  virtio_input_driver_init+0x0/0xc @ 1
[    7.160922] initcall virtio_input_driver_init+0x0/0xc returned 0 after 11 usecs
[    7.168686] calling  n_null_init+0x0/0x19 @ 1
[    7.173887] initcall n_null_init+0x0/0x19 returned 0 after 0 usecs
[    7.180510] calling  pty_init+0x0/0x1cc @ 1
[    7.185723] initcall pty_init+0x0/0x1cc returned 0 after 759 usecs
[    7.192575] calling  sysrq_init+0x0/0x62 @ 1
[    7.197192] initcall sysrq_init+0x0/0x62 returned 0 after 6 usecs
[    7.203739] calling  serial8250_init+0x0/0x17e @ 1
[    7.208761] Serial: 8250/16550 driver, 4 ports, IRQ sharing enabled
[    7.217960] 00:03: ttyS0 at I/O 0x3f8 (irq = 4, base_baud = 115200) is a 16550A
[    7.229241] initcall serial8250_init+0x0/0x17e returned 0 after 20479 usecs
[    7.236373] calling  serial_pci_driver_init+0x0/0x15 @ 1
[    7.241988] initcall serial_pci_driver_init+0x0/0x15 returned 0 after 64 usecs
[    7.249280] calling  exar_pci_driver_init+0x0/0x15 @ 1
[    7.255168] initcall exar_pci_driver_init+0x0/0x15 returned 0 after 99 usecs
[    7.262346] calling  lpss8250_pci_driver_init+0x0/0x15 @ 1
[    7.268539] initcall lpss8250_pci_driver_init+0x0/0x15 returned 0 after 37 usecs
[    7.277861] calling  mid8250_pci_driver_init+0x0/0x15 @ 1
[    7.284890] initcall mid8250_pci_driver_init+0x0/0x15 returned 0 after 26 usecs
[    7.294078] calling  pericom8250_pci_driver_init+0x0/0x15 @ 1
[    7.300883] initcall pericom8250_pci_driver_init+0x0/0x15 returned 0 after 50 usecs
[    7.309443] calling  random_sysctls_init+0x0/0x21 @ 1
[    7.314784] initcall random_sysctls_init+0x0/0x21 returned 0 after 8 usecs
[    7.323193] calling  virtio_console_init+0x0/0xee @ 1
[    7.329777] initcall virtio_console_init+0x0/0xee returned 0 after 66 usecs
[    7.338951] calling  hpet_init+0x0/0x6b @ 1
[    7.345687] initcall hpet_init+0x0/0x6b returned 0 after 1109 usecs
[    7.354238] calling  nvram_module_init+0x0/0x83 @ 1
[    7.360396] Non-volatile memory driver v1.3
[    7.364722] initcall nvram_module_init+0x0/0x83 returned 0 after 5093 usecs
[    7.371969] calling  via_rng_mod_init+0x0/0x48 @ 1
[    7.377019] initcall via_rng_mod_init+0x0/0x48 returned -19 after 0 usecs
[    7.383917] calling  agp_init+0x0/0x23 @ 1
[    7.388264] Linux agpgart interface v0.103
[    7.392624] initcall agp_init+0x0/0x23 returned 0 after 4360 usecs
[    7.398893] calling  agp_amd64_mod_init+0x0/0x5 @ 1
[    7.403887] initcall agp_amd64_mod_init+0x0/0x5 returned -19 after 63 usecs
[    7.411023] calling  agp_intel_init+0x0/0x28 @ 1
[    7.415926] initcall agp_intel_init+0x0/0x28 returned 0 after 202 usecs
[    7.422688] calling  drm_core_init+0x0/0xa9 @ 1
[    7.427291] ACPI: bus type drm_connector registered
[    7.432396] initcall drm_core_init+0x0/0xa9 returned 0 after 5116 usecs
[    7.439220] calling  drm_buddy_module_init+0x0/0x30 @ 1
[    7.444735] initcall drm_buddy_module_init+0x0/0x30 returned 0 after 21 usecs
[    7.452137] calling  drm_display_helper_module_init+0x0/0x7 @ 1
[    7.458240] initcall drm_display_helper_module_init+0x0/0x7 returned 0 after 0 usecs
[    7.466200] calling  i915_init+0x0/0x74 @ 1
[    7.470873] initcall i915_init+0x0/0x74 returned 0 after 299 usecs
[    7.477276] calling  virtio_gpu_driver_init+0x0/0xc @ 1
[    7.482763] initcall virtio_gpu_driver_init+0x0/0xc returned 0 after 12 usecs
[    7.490194] calling  cn_proc_init+0x0/0x35 @ 1
[    7.494963] initcall cn_proc_init+0x0/0x35 returned 0 after 15 usecs
[    7.501433] calling  topology_sysfs_init+0x0/0x27 @ 1
[    7.506808] initcall topology_sysfs_init+0x0/0x27 returned 0 after 70 usecs
[    7.513797] calling  cacheinfo_sysfs_init+0x0/0x27 @ 1
[    7.521682] initcall cacheinfo_sysfs_init+0x0/0x27 returned 0 after 2492 usecs
[    7.529155] calling  loop_init+0x0/0xe6 @ 1
[    7.547203] loop: module loaded
[    7.551137] initcall loop_init+0x0/0xe6 returned 0 after 17564 usecs
[    7.558186] calling  virtio_blk_init+0x0/0x76 @ 1
[    7.564140] initcall virtio_blk_init+0x0/0x76 returned 0 after 21 usecs
[    7.571636] calling  mac_hid_init+0x0/0x28 @ 1
[    7.576487] initcall mac_hid_init+0x0/0x28 returned 0 after 7 usecs
[    7.583150] calling  spi_transport_init+0x0/0x74 @ 1
[    7.588598] initcall spi_transport_init+0x0/0x74 returned 0 after 71 usecs
[    7.596281] calling  virtio_scsi_init+0x0/0xb8 @ 1
[    7.602583] initcall virtio_scsi_init+0x0/0xb8 returned 0 after 88 usecs
[    7.611127] calling  init_sd+0x0/0x126 @ 1
[    7.616641] initcall init_sd+0x0/0x126 returned 0 after 96 usecs
[    7.624120] calling  init_sr+0x0/0x45 @ 1
[    7.628681] initcall init_sr+0x0/0x45 returned 0 after 34 usecs
[    7.634539] calling  init_sg+0x0/0x1e4 @ 1
[    7.638867] initcall init_sg+0x0/0x1e4 returned 0 after 59 usecs
[    7.644926] calling  ahci_pci_driver_init+0x0/0x15 @ 1
[    7.650367] ahci 0000:00:1f.2: version 3.0
[    7.654956] ACPI: \_SB_.GSIA: Enabled at IRQ 16
[    7.664812] ahci 0000:00:1f.2: AHCI 0001.0000 32 slots 6 ports 1.5 Gbps 0x3f impl SATA mode
[    7.673221] ahci 0000:00:1f.2: flags: 64bit ncq only 
[    7.690566] scsi host0: ahci
[    7.697601] scsi host1: ahci
[    7.702865] scsi host2: ahci
[    7.708020] scsi host3: ahci
[    7.712789] scsi host4: ahci
[    7.717760] scsi host5: ahci
[    7.721155] ata1: SATA max UDMA/133 abar m4096@0xfebf1000 port 0xfebf1100 irq 24
[    7.728968] ata2: SATA max UDMA/133 abar m4096@0xfebf1000 port 0xfebf1180 irq 24
[    7.736733] ata3: SATA max UDMA/133 abar m4096@0xfebf1000 port 0xfebf1200 irq 24
[    7.744313] ata4: SATA max UDMA/133 abar m4096@0xfebf1000 port 0xfebf1280 irq 24
[    7.752033] ata5: SATA max UDMA/133 abar m4096@0xfebf1000 port 0xfebf1300 irq 24
[    7.759918] ata6: SATA max UDMA/133 abar m4096@0xfebf1000 port 0xfebf1380 irq 24
[    7.767884] initcall ahci_pci_driver_init+0x0/0x15 returned 0 after 117673 usecs
[    7.776541] calling  piix_init+0x0/0x26 @ 1
[    7.781389] initcall piix_init+0x0/0x26 returned 0 after 49 usecs
[    7.787767] calling  amd_pci_driver_init+0x0/0x15 @ 1
[    7.793070] initcall amd_pci_driver_init+0x0/0x15 returned 0 after 18 usecs
[    7.800835] calling  oldpiix_pci_driver_init+0x0/0x15 @ 1
[    7.806828] initcall oldpiix_pci_driver_init+0x0/0x15 returned 0 after 23 usecs
[    7.814396] calling  sch_pci_driver_init+0x0/0x15 @ 1
[    7.819837] initcall sch_pci_driver_init+0x0/0x15 returned 0 after 24 usecs
[    7.827065] calling  blackhole_netdev_init+0x0/0x78 @ 1
[    7.832836] initcall blackhole_netdev_init+0x0/0x78 returned 0 after 299 usecs
[    7.840309] calling  fixed_mdio_bus_init+0x0/0x101 @ 1
[    7.846888] initcall fixed_mdio_bus_init+0x0/0x101 returned 0 after 181 usecs
[    7.855801] calling  phy_module_init+0x0/0x13 @ 1
[    7.861872] initcall phy_module_init+0x0/0x13 returned 0 after 162 usecs
[    7.870316] calling  virtio_net_driver_init+0x0/0x8f @ 1
[    7.876611] initcall virtio_net_driver_init+0x0/0x8f returned 0 after 18 usecs
[    7.883874] calling  tg3_driver_init+0x0/0x15 @ 1
[    7.888772] initcall tg3_driver_init+0x0/0x15 returned 0 after 60 usecs
[    7.895461] calling  e100_init_module+0x0/0x4c @ 1
[    7.900380] e100: Intel(R) PRO/100 Network Driver
[    7.905164] e100: Copyright(c) 1999-2006 Intel Corporation
[    7.910872] initcall e100_init_module+0x0/0x4c returned 0 after 10491 usecs
[    7.917803] calling  e1000_init_module+0x0/0x72 @ 1
[    7.923314] e1000: Intel(R) PRO/1000 Network Driver
[    7.928900] e1000: Copyright (c) 1999-2006 Intel Corporation.
[    7.935197] initcall e1000_init_module+0x0/0x72 returned 0 after 11883 usecs
[    7.942751] calling  e1000_init_module+0x0/0x2d @ 1
[    7.947978] e1000e: Intel(R) PRO/1000 Network Driver
[    7.953353] e1000e: Copyright(c) 1999 - 2015 Intel Corporation.
[    7.959691] initcall e1000_init_module+0x0/0x2d returned 0 after 11712 usecs
[    7.967264] calling  sky2_init_module+0x0/0x21 @ 1
[    7.972570] sky2: driver version 1.30
[    7.976693] initcall sky2_init_module+0x0/0x21 returned 0 after 4123 usecs
[    7.984122] calling  forcedeth_pci_driver_init+0x0/0x15 @ 1
[    7.990221] initcall forcedeth_pci_driver_init+0x0/0x15 returned 0 after 41 usecs
[    7.998799] calling  rtl8139_init_module+0x0/0x15 @ 1
[    8.004916] initcall rtl8139_init_module+0x0/0x15 returned 0 after 38 usecs
[    8.011695] calling  rtl8169_pci_driver_init+0x0/0x15 @ 1
[    8.016972] initcall rtl8169_pci_driver_init+0x0/0x15 returned 0 after 37 usecs
[    8.024905] calling  net_failover_init+0x0/0x7 @ 1
[    8.031139] initcall net_failover_init+0x0/0x7 returned 0 after 0 usecs
[    8.039369] calling  cdrom_init+0x0/0xc @ 1
[    8.044812] initcall cdrom_init+0x0/0xc returned 0 after 56 usecs
[    8.052479] calling  nonstatic_sysfs_init+0x0/0xc @ 1
[    8.057462] initcall nonstatic_sysfs_init+0x0/0xc returned 0 after 1 usecs
[    8.064237] calling  yenta_cardbus_driver_init+0x0/0x15 @ 1
[    8.069888] initcall yenta_cardbus_driver_init+0x0/0x15 returned 0 after 48 usecs
[    8.079553] calling  mon_init+0x0/0x12d @ 1
[    8.080060] ata2: SATA link down (SStatus 0 SControl 300)
[    8.084369] initcall mon_init+0x0/0x12d returned 0 after 652 usecs
[    8.095837] calling  ehci_hcd_init+0x0/0x74 @ 1
[    8.100329] ehci_hcd: USB 2.0 'Enhanced' Host Controller (EHCI) Driver
[    8.103905] ata4: SATA link down (SStatus 0 SControl 300)
[    8.106831] initcall ehci_hcd_init+0x0/0x74 returned 0 after 6544 usecs
[    8.106838] calling  ehci_pci_init+0x0/0x64 @ 1
[    8.106841] ehci-pci: EHCI PCI platform driver
[    8.114897] ata3: SATA link up 1.5 Gbps (SStatus 113 SControl 300)
[    8.119473] initcall ehci_pci_init+0x0/0x64 returned 0 after 12631 usecs
[    8.125785] ata3.00: ATAPI: QEMU DVD-ROM, 2.5+, max UDMA/100
[    8.130001] calling  ohci_hcd_mod_init+0x0/0x4e @ 1
[    8.136556] ata3.00: applying bridge limits
[    8.143841] ohci_hcd: USB 1.1 'Open' Host Controller (OHCI) Driver
[    8.151798] ata5: SATA link down (SStatus 0 SControl 300)
[    8.155414] initcall ohci_hcd_mod_init+0x0/0x4e returned 0 after 11573 usecs
[    8.162069] ata1: SATA link down (SStatus 0 SControl 300)
[    8.167798] calling  ohci_pci_init+0x0/0x64 @ 1
[    8.174211] ata3.00: configured for UDMA/100
[    8.181655] ohci-pci: OHCI PCI platform driver
[    8.188895] ata6: SATA link down (SStatus 0 SControl 300)
[    8.207784] initcall ohci_pci_init+0x0/0x64 returned 0 after 26130 usecs
[    8.216449] scsi 2:0:0:0: CD-ROM            QEMU     QEMU DVD-ROM     2.5+ PQ: 0 ANSI: 5
[    8.218285] calling  uhci_hcd_init+0x0/0xa8 @ 1
[    8.218294] uhci_hcd: USB Universal Host Controller Interface driver
[    8.218330] initcall uhci_hcd_init+0x0/0xa8 returned 0 after 37 usecs
[    8.218334] calling  xhci_hcd_init+0x0/0x1e @ 1
[    8.218346] initcall xhci_hcd_init+0x0/0x1e returned 0 after 8 usecs
[    8.218350] calling  xhci_pci_init+0x0/0x49 @ 1
[    8.218398] initcall xhci_pci_init+0x0/0x49 returned 0 after 44 usecs
[    8.284594] calling  usblp_driver_init+0x0/0x15 @ 1
[    8.290614] usbcore: registered new interface driver usblp
[    8.297121] initcall usblp_driver_init+0x0/0x15 returned 0 after 6881 usecs
[    8.305688] calling  usb_storage_driver_init+0x0/0x2a @ 1
[    8.312217] usbcore: registered new interface driver usb-storage
[    8.319229] initcall usb_storage_driver_init+0x0/0x2a returned 0 after 7052 usecs
[    8.328416] calling  i8042_init+0x0/0x4a6 @ 1
[    8.333291] i8042: PNP: PS/2 Controller [PNP0303:KBD,PNP0f13:MOU] at 0x60,0x64 irq 1,12
[    8.366634] serio: i8042 KBD port at 0x60,0x64 irq 1
[    8.372501] serio: i8042 AUX port at 0x60,0x64 irq 12
[    8.378190] initcall i8042_init+0x0/0x4a6 returned 0 after 44997 usecs
[    8.389170] calling  serport_init+0x0/0x27 @ 1
[    8.395034] initcall serport_init+0x0/0x27 returned 0 after 0 usecs
[    8.402630] calling  input_leds_init+0x0/0xc @ 1
[    8.413413] initcall input_leds_init+0x0/0xc returned 0 after 16 usecs
[    8.420742] calling  evdev_init+0x0/0xc @ 1
[    8.428866] initcall evdev_init+0x0/0xc returned 0 after 800 usecs
[    8.436194] calling  atkbd_init+0x0/0x21 @ 1
[    8.441222] initcall atkbd_init+0x0/0x21 returned 0 after 29 usecs
[    8.449933] calling  psmouse_init+0x0/0x7f @ 1
[    8.457666] initcall psmouse_init+0x0/0x7f returned 0 after 44 usecs
[    8.468448] calling  cmos_init+0x0/0x73 @ 1
[    8.477501] rtc_cmos 00:04: RTC can wake from S4
[    8.489586] rtc_cmos 00:04: registered as rtc0
[    8.490779] input: AT Translated Set 2 keyboard as /devices/platform/i8042/serio0/input/input1
[    8.494951] rtc_cmos 00:04: alarms up to one day, y3k, 242 bytes nvram, hpet irqs
[    8.512531] initcall cmos_init+0x0/0x73 returned 0 after 35771 usecs
[    8.516852] sr 2:0:0:0: [sr0] scsi3-mmc drive: 4x/4x cd/rw xa/form2 tray
[    8.520452] calling  smbalert_driver_init+0x0/0xe @ 1
[    8.530323] cdrom: Uniform CD-ROM driver Revision: 3.20
[    8.543602] initcall smbalert_driver_init+0x0/0xe returned 0 after 39 usecs
[    8.551789] calling  i2c_i801_init+0x0/0xc5 @ 1
[    8.559053] i801_smbus 0000:00:1f.3: SMBus using PCI interrupt
[    8.566400] i2c i2c-0: 1/1 memory slots populated (from DMI)
[    8.576963] sr 2:0:0:0: Attached scsi CD-ROM sr0
[    8.578022] sr 2:0:0:0: Attached scsi generic sg0 type 5
[    8.600311] i2c i2c-0: Memory type 0x07 not supported yet, not instantiating SPD
[    8.608974] initcall i2c_i801_init+0x0/0xc5 returned 0 after 51545 usecs
[    8.616736] calling  ptp_kvm_init+0x0/0xcc @ 1
[    8.623234] initcall ptp_kvm_init+0x0/0xcc returned 0 after 1325 usecs
[    8.630314] calling  thermal_throttle_init_device+0x0/0x3d @ 1
[    8.639587] hrtimer: interrupt took 3046189 ns
[    8.642891] initcall thermal_throttle_init_device+0x0/0x3d returned 0 after 0 usecs
[    8.657687] calling  dm_init+0x0/0x3c @ 1
[    8.663941] device-mapper: ioctl: 4.47.0-ioctl (2022-07-28) initialised: dm-devel@redhat.com
[    8.672947] initcall dm_init+0x0/0x3c returned 0 after 10047 usecs
[    8.679599] calling  dm_mirror_init+0x0/0x29 @ 1
[    8.684468] initcall dm_mirror_init+0x0/0x29 returned 0 after 1 usecs
[    8.691386] calling  dm_dirty_log_init+0x0/0x4f @ 1
[    8.696830] initcall dm_dirty_log_init+0x0/0x4f returned 0 after 15 usecs
[    8.704009] calling  dm_zero_init+0x0/0x29 @ 1
[    8.709242] initcall dm_zero_init+0x0/0x29 returned 0 after 1 usecs
[    8.716302] calling  intel_pstate_init+0x0/0x656 @ 1
[    8.722405] intel_pstate: CPU model not supported
[    8.727897] initcall intel_pstate_init+0x0/0x656 returned -19 after 5493 usecs
[    8.738106] calling  haltpoll_init+0x0/0xc0 @ 1
[    8.744141] initcall haltpoll_init+0x0/0xc0 returned -19 after 29 usecs
[    8.752698] calling  esrt_sysfs_init+0x0/0x28d @ 1
[    8.759204] initcall esrt_sysfs_init+0x0/0x28d returned -38 after 0 usecs
[    8.767917] calling  hid_init+0x0/0x5c @ 1
[    8.773271] hid: raw HID events driver (C) Jiri Kosina
[    8.778708] initcall hid_init+0x0/0x5c returned 0 after 5459 usecs
[    8.784976] calling  hid_generic_init+0x0/0x15 @ 1
[    8.790050] initcall hid_generic_init+0x0/0x15 returned 0 after 72 usecs
[    8.796881] calling  a4_driver_init+0x0/0x15 @ 1
[    8.801756] initcall a4_driver_init+0x0/0x15 returned 0 after 18 usecs
[    8.808493] calling  apple_driver_init+0x0/0x15 @ 1
[    8.813476] initcall apple_driver_init+0x0/0x15 returned 0 after 19 usecs
[    8.820253] calling  belkin_driver_init+0x0/0x15 @ 1
[    8.825311] initcall belkin_driver_init+0x0/0x15 returned 0 after 17 usecs
[    8.832267] calling  ch_driver_init+0x0/0x15 @ 1
[    8.836986] initcall ch_driver_init+0x0/0x15 returned 0 after 15 usecs
[    8.843575] calling  ch_driver_init+0x0/0x15 @ 1
[    8.848374] initcall ch_driver_init+0x0/0x15 returned 0 after 13 usecs
[    8.855056] calling  cp_driver_init+0x0/0x15 @ 1
[    8.859787] initcall cp_driver_init+0x0/0x15 returned 0 after 17 usecs
[    8.866408] calling  ez_driver_init+0x0/0x15 @ 1
[    8.871413] initcall ez_driver_init+0x0/0x15 returned 0 after 16 usecs
[    8.878542] calling  gyration_driver_init+0x0/0x15 @ 1
[    8.883768] initcall gyration_driver_init+0x0/0x15 returned 0 after 16 usecs
[    8.891002] calling  ite_driver_init+0x0/0x15 @ 1
[    8.895804] initcall ite_driver_init+0x0/0x15 returned 0 after 15 usecs
[    8.902459] calling  ks_driver_init+0x0/0x15 @ 1
[    8.907184] initcall ks_driver_init+0x0/0x15 returned 0 after 17 usecs
[    8.913710] calling  lg_driver_init+0x0/0x15 @ 1
[    8.918593] initcall lg_driver_init+0x0/0x15 returned 0 after 25 usecs
[    8.925474] calling  lg_g15_driver_init+0x0/0x15 @ 1
[    8.931027] initcall lg_g15_driver_init+0x0/0x15 returned 0 after 25 usecs
[    8.938255] calling  ms_driver_init+0x0/0x15 @ 1
[    8.943254] initcall ms_driver_init+0x0/0x15 returned 0 after 20 usecs
[    8.949911] calling  mr_driver_init+0x0/0x15 @ 1
[    8.954946] initcall mr_driver_init+0x0/0x15 returned 0 after 19 usecs
[    8.961706] calling  ntrig_driver_init+0x0/0x15 @ 1
[    8.967045] initcall ntrig_driver_init+0x0/0x15 returned 0 after 23 usecs
[    8.974323] calling  pl_driver_init+0x0/0x15 @ 1
[    8.979306] initcall pl_driver_init+0x0/0x15 returned 0 after 18 usecs
[    8.986107] calling  pl_driver_init+0x0/0x15 @ 1
[    8.991154] initcall pl_driver_init+0x0/0x15 returned 0 after 22 usecs
[    8.998094] calling  redragon_driver_init+0x0/0x15 @ 1
[    9.003564] initcall redragon_driver_init+0x0/0x15 returned 0 after 36 usecs
[    9.010869] calling  samsung_driver_init+0x0/0x15 @ 1
[    9.016217] initcall samsung_driver_init+0x0/0x15 returned 0 after 16 usecs
[    9.024187] calling  sony_init+0x0/0x38 @ 1
[    9.030186] initcall sony_init+0x0/0x38 returned 0 after 20 usecs
[    9.038805] calling  sp_driver_init+0x0/0x15 @ 1
[    9.045587] initcall sp_driver_init+0x0/0x15 returned 0 after 20 usecs
[    9.054739] calling  ts_driver_init+0x0/0x15 @ 1
[    9.061230] initcall ts_driver_init+0x0/0x15 returned 0 after 25 usecs
[    9.068167] calling  hid_init+0x0/0x58 @ 1
[    9.072660] usbcore: registered new interface driver usbhid
[    9.078534] usbhid: USB HID core driver
[    9.083298] initcall hid_init+0x0/0x58 returned 0 after 10725 usecs
[    9.090580] calling  eeepc_laptop_init+0x0/0x57 @ 1
[    9.096197] initcall eeepc_laptop_init+0x0/0x57 returned -19 after 53 usecs
[    9.106940] calling  alsa_hwdep_init+0x0/0x5e @ 1
[    9.113229] initcall alsa_hwdep_init+0x0/0x5e returned 0 after 172 usecs
[    9.120677] calling  alsa_timer_init+0x0/0x1eb @ 1
[    9.127720] initcall alsa_timer_init+0x0/0x1eb returned 0 after 847 usecs
[    9.135890] calling  snd_hrtimer_init+0x0/0x117 @ 1
[    9.141401] initcall snd_hrtimer_init+0x0/0x117 returned 0 after 2 usecs
[    9.148901] calling  alsa_pcm_init+0x0/0x64 @ 1
[    9.153966] initcall alsa_pcm_init+0x0/0x64 returned 0 after 5 usecs
[    9.161157] calling  alsa_seq_init+0x0/0x4a @ 1
[    9.166858] initcall alsa_seq_init+0x0/0x4a returned 0 after 713 usecs
[    9.173763] calling  alsa_seq_dummy_init+0x0/0x9c @ 1
[    9.179284] initcall alsa_seq_dummy_init+0x0/0x9c returned 0 after 27 usecs
[    9.186799] calling  azx_driver_init+0x0/0x15 @ 1
[    9.192181] initcall azx_driver_init+0x0/0x15 returned 0 after 126 usecs
[    9.199426] calling  sock_diag_init+0x0/0x2a @ 1
[    9.204548] initcall sock_diag_init+0x0/0x2a returned 0 after 46 usecs
[    9.211710] calling  failover_init+0x0/0x13 @ 1
[    9.216806] initcall failover_init+0x0/0x13 returned 0 after 44 usecs
[    9.224040] calling  blackhole_init+0x0/0xc @ 1
[    9.229678] initcall blackhole_init+0x0/0xc returned 0 after 1 usecs
[    9.236719] calling  init_cgroup_cls+0x0/0xc @ 1
[    9.241964] initcall init_cgroup_cls+0x0/0xc returned 0 after 33 usecs
[    9.252180] calling  nfnetlink_init+0x0/0x57 @ 1
[    9.258361] initcall nfnetlink_init+0x0/0x57 returned 0 after 51 usecs
[    9.266902] calling  nfnetlink_log_init+0x0/0x99 @ 1
[    9.273533] initcall nfnetlink_log_init+0x0/0x99 returned 0 after 32 usecs
[    9.280636] calling  nf_conntrack_standalone_init+0x0/0x87 @ 1
[    9.288245] initcall nf_conntrack_standalone_init+0x0/0x87 returned 0 after 442 usecs
[    9.296545] calling  ctnetlink_init+0x0/0x83 @ 1
[    9.301577] initcall ctnetlink_init+0x0/0x83 returned 0 after 17 usecs
[    9.308462] calling  nf_conntrack_ftp_init+0x0/0xf7 @ 1
[    9.313956] initcall nf_conntrack_ftp_init+0x0/0xf7 returned 0 after 3 usecs
[    9.321263] calling  nf_conntrack_irc_init+0x0/0x126 @ 1
[    9.326728] initcall nf_conntrack_irc_init+0x0/0x126 returned 0 after 3 usecs
[    9.334057] calling  nf_conntrack_sip_init+0x0/0x172 @ 1
[    9.339634] initcall nf_conntrack_sip_init+0x0/0x172 returned 0 after 5 usecs
[    9.347521] calling  nf_nat_init+0x0/0x96 @ 1
[    9.353395] initcall nf_nat_init+0x0/0x96 returned 0 after 12 usecs
[    9.361603] calling  nf_nat_ftp_init+0x0/0x2a @ 1
[    9.367934] initcall nf_nat_ftp_init+0x0/0x2a returned 0 after 0 usecs
[    9.376187] calling  nf_nat_irc_init+0x0/0x2a @ 1
[    9.381096] initcall nf_nat_irc_init+0x0/0x2a returned 0 after 0 usecs
[    9.387889] calling  nf_nat_sip_init+0x0/0x36 @ 1
[    9.392740] initcall nf_nat_sip_init+0x0/0x36 returned 0 after 0 usecs
[    9.399535] calling  xt_init+0x0/0x124 @ 1
[    9.403958] initcall xt_init+0x0/0x124 returned 0 after 53 usecs
[    9.410299] calling  tcpudp_mt_init+0x0/0x11 @ 1
[    9.415652] initcall tcpudp_mt_init+0x0/0x11 returned 0 after 23 usecs
[    9.422802] calling  connsecmark_tg_init+0x0/0xc @ 1
[    9.428497] initcall connsecmark_tg_init+0x0/0xc returned 0 after 15 usecs
[    9.436627] calling  nflog_tg_init+0x0/0xc @ 1
[    9.446346] initcall nflog_tg_init+0x0/0xc returned 0 after 0 usecs
[    9.453736] calling  secmark_tg_init+0x0/0x11 @ 1
[    9.458970] initcall secmark_tg_init+0x0/0x11 returned 0 after 1 usecs
[    9.466323] calling  tcpmss_tg_init+0x0/0x11 @ 1
[    9.471382] initcall tcpmss_tg_init+0x0/0x11 returned 0 after 1 usecs
[    9.478207] calling  conntrack_mt_init+0x0/0x11 @ 1
[    9.483646] initcall conntrack_mt_init+0x0/0x11 returned 0 after 0 usecs
[    9.490409] calling  policy_mt_init+0x0/0x11 @ 1
[    9.495791] initcall policy_mt_init+0x0/0x11 returned 0 after 1 usecs
[    9.503150] calling  state_mt_init+0x0/0xc @ 1
[    9.508126] initcall state_mt_init+0x0/0xc returned 0 after 0 usecs
[    9.515026] calling  gre_offload_init+0x0/0x48 @ 1
[    9.521238] initcall gre_offload_init+0x0/0x48 returned 0 after 59 usecs
[    9.529008] calling  sysctl_ipv4_init+0x0/0x46 @ 1
[    9.534565] initcall sysctl_ipv4_init+0x0/0x46 returned 0 after 74 usecs
[    9.541532] calling  tunnel4_init+0x0/0x58 @ 1
[    9.546268] initcall tunnel4_init+0x0/0x58 returned 0 after 0 usecs
[    9.553172] calling  nf_defrag_init+0x0/0xc @ 1
[    9.558029] initcall nf_defrag_init+0x0/0xc returned 0 after 1 usecs
[    9.564899] calling  ip_tables_init+0x0/0x8d @ 1
[    9.570044] initcall ip_tables_init+0x0/0x8d returned 0 after 50 usecs
[    9.576937] calling  iptable_filter_init+0x0/0x86 @ 1
[    9.582769] initcall iptable_filter_init+0x0/0x86 returned 0 after 70 usecs
[    9.590644] calling  iptable_mangle_init+0x0/0x82 @ 1
[    9.596058] initcall iptable_mangle_init+0x0/0x82 returned 0 after 2 usecs
[    9.603151] calling  reject_tg_init+0x0/0xc @ 1
[    9.607880] initcall reject_tg_init+0x0/0xc returned 0 after 0 usecs
[    9.614551] calling  cubictcp_register+0x0/0x53 @ 1
[    9.619946] initcall cubictcp_register+0x0/0x53 returned 0 after 89 usecs
[    9.627405] calling  xfrm_user_init+0x0/0x2f @ 1
[    9.632503] Initializing XFRM netlink socket
[    9.637387] initcall xfrm_user_init+0x0/0x2f returned 0 after 4883 usecs
[    9.645692] calling  inet6_init+0x0/0x393 @ 1
[    9.651940] NET: Registered PF_INET6 protocol family
[    9.663719] Segment Routing with IPv6
[    9.668191] In-situ OAM (IOAM) with IPv6
[    9.673272] initcall inet6_init+0x0/0x393 returned 0 after 21597 usecs
[    9.680738] calling  ah6_init+0x0/0x71 @ 1
[    9.685420] initcall ah6_init+0x0/0x71 returned 0 after 37 usecs
[    9.691925] calling  esp6_init+0x0/0x71 @ 1
[    9.696606] initcall esp6_init+0x0/0x71 returned 0 after 1 usecs
[    9.703171] calling  ip6_tables_init+0x0/0x8d @ 1
