c[?7l[2J[0mSeaBIOS (version 1.16.0-debian-1.16.0-4)
Booting from ROM...
early console in setup code
c[?7l[2J[    0.000000] Linux version 5.10.156+ (root@joelboxx.c.googlers.com) (gcc (Debian 12.2.0-3) 12.2.0, GNU ld (GNU Binutils for Debian) 2.39) #9 SMP Tue Dec 13 04:31:38 UTC 2022
[    0.000000] Command line: selinux=0 initcall_debug debug console=ttyS0 rcutorture.torture_type=tasks-tracing rcutorture.onoff_interval=1000 rcutorture.onoff_holdoff=30 rcutorture.n_barrier_cbs=4 rcutorture.stat_interval=15 rcutorture.shutdown_secs=1800 rcutorture.test_no_idle_hz=1 rcutorture.verbose=1
[    0.000000] x86/fpu: x87 FPU will use FXSAVE
[    0.000000] BIOS-provided physical RAM map:
[    0.000000] BIOS-e820: [mem 0x0000000000000000-0x000000000009fbff] usable
[    0.000000] BIOS-e820: [mem 0x000000000009fc00-0x000000000009ffff] reserved
[    0.000000] BIOS-e820: [mem 0x00000000000f0000-0x00000000000fffff] reserved
[    0.000000] BIOS-e820: [mem 0x0000000000100000-0x000000001ffdefff] usable
[    0.000000] BIOS-e820: [mem 0x000000001ffdf000-0x000000001fffffff] reserved
[    0.000000] BIOS-e820: [mem 0x00000000b0000000-0x00000000bfffffff] reserved
[    0.000000] BIOS-e820: [mem 0x00000000fed1c000-0x00000000fed1ffff] reserved
[    0.000000] BIOS-e820: [mem 0x00000000feffc000-0x00000000feffffff] reserved
[    0.000000] BIOS-e820: [mem 0x00000000fffc0000-0x00000000ffffffff] reserved
[    0.000000] NX (Execute Disable) protection: active
[    0.000000] SMBIOS 2.8 present.
[    0.000000] DMI: QEMU Standard PC (Q35 + ICH9, 2009), BIOS 1.16.0-debian-1.16.0-4 04/01/2014
[    0.000000] Hypervisor detected: KVM
[    0.000000] kvm-clock: Using msrs 4b564d01 and 4b564d00
[    0.000000] kvm-clock: cpu 0, msr 15925001, primary cpu clock
[    0.000043] kvm-clock: using sched offset of 2930942202 cycles
[    0.000261] clocksource: kvm-clock: mask: 0xffffffffffffffff max_cycles: 0x1cd42e4dffb, max_idle_ns: 881590591483 ns
[    0.000440] tsc: Detected 1999.999 MHz processor
[    0.006873] e820: update [mem 0x00000000-0x00000fff] usable ==> reserved
[    0.006882] e820: remove [mem 0x000a0000-0x000fffff] usable
[    0.006892] last_pfn = 0x1ffdf max_arch_pfn = 0x400000000
[    0.007806] MTRR default type: write-back
[    0.007868] MTRR fixed ranges enabled:
[    0.007872]   00000-9FFFF write-back
[    0.007876]   A0000-BFFFF uncachable
[    0.007879]   C0000-FFFFF write-protect
[    0.007881] MTRR variable ranges enabled:
[    0.007886]   0 base 00C0000000 mask FFC0000000 uncachable
[    0.007888]   1 disabled
[    0.007891]   2 disabled
[    0.007894]   3 disabled
[    0.007897]   4 disabled
[    0.007900]   5 disabled
[    0.007902]   6 disabled
[    0.007904]   7 disabled
[    0.008404] x86/PAT: Configuration [0-7]: WB  WC  UC- UC  WB  WC  UC- UC  
[    0.020572] found SMP MP-table at [mem 0x000f5ba0-0x000f5baf]
[    0.022719] check: Scanning 1 areas for low memory corruption
[    0.035877] ACPI: Early table checksum verification disabled
[    0.037517] ACPI: RSDP 0x00000000000F59E0 000014 (v00 BOCHS )
[    0.037930] ACPI: RSDT 0x000000001FFE23B1 000038 (v01 BOCHS  BXPC     00000001 BXPC 00000001)
[    0.038288] ACPI: FACP 0x000000001FFE2191 0000F4 (v03 BOCHS  BXPC     00000001 BXPC 00000001)
[    0.038366] ACPI: DSDT 0x000000001FFE0040 002151 (v01 BOCHS  BXPC     00000001 BXPC 00000001)
[    0.038375] ACPI: FACS 0x000000001FFE0000 000040
[    0.038382] ACPI: APIC 0x000000001FFE2285 000090 (v01 BOCHS  BXPC     00000001 BXPC 00000001)
[    0.038437] ACPI: HPET 0x000000001FFE2315 000038 (v01 BOCHS  BXPC     00000001 BXPC 00000001)
[    0.038444] ACPI: MCFG 0x000000001FFE234D 00003C (v01 BOCHS  BXPC     00000001 BXPC 00000001)
[    0.038451] ACPI: WAET 0x000000001FFE2389 000028 (v01 BOCHS  BXPC     00000001 BXPC 00000001)
[    0.038458] ACPI: Reserving FACP table memory at [mem 0x1ffe2191-0x1ffe2284]
[    0.038461] ACPI: Reserving DSDT table memory at [mem 0x1ffe0040-0x1ffe2190]
[    0.038464] ACPI: Reserving FACS table memory at [mem 0x1ffe0000-0x1ffe003f]
[    0.038466] ACPI: Reserving APIC table memory at [mem 0x1ffe2285-0x1ffe2314]
[    0.038468] ACPI: Reserving HPET table memory at [mem 0x1ffe2315-0x1ffe234c]
[    0.038471] ACPI: Reserving MCFG table memory at [mem 0x1ffe234d-0x1ffe2388]
[    0.038473] ACPI: Reserving WAET table memory at [mem 0x1ffe2389-0x1ffe23b0]
[    0.039353] ACPI: Local APIC address 0xfee00000
[    0.043792] No NUMA configuration found
[    0.043796] Faking a node at [mem 0x0000000000000000-0x000000001ffdefff]
[    0.043904] NODE_DATA(0) allocated [mem 0x1ffdb000-0x1ffdefff]
[    0.044714] Zone ranges:
[    0.044895]   DMA      [mem 0x0000000000001000-0x0000000000ffffff]
[    0.045035]   DMA32    [mem 0x0000000001000000-0x000000001ffdefff]
[    0.045039]   Normal   empty
[    0.045042] Movable zone start for each node
[    0.045044] Early memory node ranges
[    0.045047]   node   0: [mem 0x0000000000001000-0x000000000009efff]
[    0.045116]   node   0: [mem 0x0000000000100000-0x000000001ffdefff]
[    0.045257] Initmem setup node 0 [mem 0x0000000000001000-0x000000001ffdefff]
[    0.045309] On node 0 totalpages: 130941
[    0.045430]   DMA zone: 64 pages used for memmap
[    0.045432]   DMA zone: 21 pages reserved
[    0.045435]   DMA zone: 3998 pages, LIFO batch:0
[    0.045438]   DMA32 zone: 1984 pages used for memmap
[    0.045440]   DMA32 zone: 126943 pages, LIFO batch:31
[    0.048961] On node 0, zone DMA: 1 pages in unavailable ranges
[    0.049199] On node 0, zone DMA: 97 pages in unavailable ranges
[    0.115765] On node 0, zone DMA32: 33 pages in unavailable ranges
[    0.119428] ACPI: PM-Timer IO Port: 0x608
[    0.119436] ACPI: Local APIC address 0xfee00000
[    0.119559] ACPI: LAPIC_NMI (acpi_id[0xff] dfl dfl lint[0x1])
[    0.120503] IOAPIC[0]: apic_id 0, version 17, address 0xfec00000, GSI 0-23
[    0.120513] ACPI: INT_SRC_OVR (bus 0 bus_irq 0 global_irq 2 dfl dfl)
[    0.120627] ACPI: INT_SRC_OVR (bus 0 bus_irq 5 global_irq 5 high level)
[    0.120630] ACPI: INT_SRC_OVR (bus 0 bus_irq 9 global_irq 9 high level)
[    0.120726] ACPI: INT_SRC_OVR (bus 0 bus_irq 10 global_irq 10 high level)
[    0.120729] ACPI: INT_SRC_OVR (bus 0 bus_irq 11 global_irq 11 high level)
[    0.120732] ACPI: IRQ0 used by override.
[    0.120735] ACPI: IRQ5 used by override.
[    0.120737] ACPI: IRQ9 used by override.
[    0.120740] ACPI: IRQ10 used by override.
[    0.120742] ACPI: IRQ11 used by override.
[    0.120817] Using ACPI (MADT) for SMP configuration information
[    0.120822] ACPI: HPET id: 0x8086a201 base: 0xfed00000
[    0.121235] smpboot: Allowing 4 CPUs, 0 hotplug CPUs
[    0.122429] PM: hibernation: Registered nosave memory: [mem 0x00000000-0x00000fff]
[    0.122433] PM: hibernation: Registered nosave memory: [mem 0x0009f000-0x0009ffff]
[    0.122436] PM: hibernation: Registered nosave memory: [mem 0x000a0000-0x000effff]
[    0.122438] PM: hibernation: Registered nosave memory: [mem 0x000f0000-0x000fffff]
[    0.122516] [mem 0x20000000-0xafffffff] available for PCI devices
[    0.122550] Booting paravirtualized kernel on KVM
[    0.122859] clocksource: refined-jiffies: mask: 0xffffffff max_cycles: 0xffffffff, max_idle_ns: 1910969940391419 ns
[    0.162125] setup_percpu: NR_CPUS:4 nr_cpumask_bits:4 nr_cpu_ids:4 nr_node_ids:1
[    0.170969] percpu: Embedded 58 pages/cpu s198480 r8192 d30896 u524288
[    0.171065] pcpu-alloc: s198480 r8192 d30896 u524288 alloc=1*2097152
[    0.171130] pcpu-alloc: [0] 0 1 2 3 
[    0.172966] kvm-guest: stealtime: cpu 0, msr 1f41bb40
[    0.176032] Built 1 zonelists, mobility grouping on.  Total pages: 128872
[    0.176160] Policy zone: DMA32
[    0.176567] Kernel command line: selinux=0 initcall_debug debug console=ttyS0 rcutorture.torture_type=tasks-tracing rcutorture.onoff_interval=1000 rcutorture.onoff_holdoff=30 rcutorture.n_barrier_cbs=4 rcutorture.stat_interval=15 rcutorture.shutdown_secs=1800 rcutorture.test_no_idle_hz=1 rcutorture.verbose=1
[    0.182846] Dentry cache hash table entries: 65536 (order: 7, 524288 bytes, linear)
[    0.182896] Inode-cache hash table entries: 32768 (order: 6, 262144 bytes, linear)
[    0.183940] mem auto-init: stack:all(zero), heap alloc:off, heap free:off
[    0.208042] Memory: 466312K/523764K available (16398K kernel code, 2805K rwdata, 4840K rodata, 1520K init, 13284K bss, 57192K reserved, 0K cma-reserved)
[    0.208493] SLUB: HWalign=64, Order=0-3, MinObjects=0, CPUs=4, Nodes=1
[    0.208806] Kernel/User page tables isolation: enabled
[    0.216514] Running RCU self tests
[    0.216803] rcu: Hierarchical RCU implementation.
[    0.216807] rcu: 	RCU event tracing is enabled.
[    0.216809] rcu: 	RCU lockdep checking is enabled.
[    0.216865] 	Trampoline variant of Tasks RCU enabled.
[    0.216868] 	Rude variant of Tasks RCU enabled.
[    0.216870] 	Tracing variant of Tasks RCU enabled.
[    0.217833] rcu: RCU calculated value of scheduler-enlistment delay is 100 jiffies.
[    0.230541] NR_IRQS: 4352, nr_irqs: 456, preallocated irqs: 16
[    0.233208] calling  con_init+0x0/0x24f @ 0
[    0.327611] Console: colour VGA+ 80x25
[    0.327731] initcall con_init+0x0/0x24f returned 0 after 0 usecs
[    0.327736] calling  hvc_console_init+0x0/0x13 @ 0
[    0.327756] initcall hvc_console_init+0x0/0x13 returned 0 after 0 usecs
[    0.327759] calling  univ8250_console_init+0x0/0x26 @ 0
[    1.248646] printk: console [ttyS0] enabled
[    1.254422] initcall univ8250_console_init+0x0/0x26 returned 0 after 0 usecs
[    1.264247] Lock dependency validator: Copyright (c) 2006 Red Hat, Inc., Ingo Molnar
[    1.274060] ... MAX_LOCKDEP_SUBCLASSES:  8
[    1.279695] ... MAX_LOCK_DEPTH:          48
[    1.285609] ... MAX_LOCKDEP_KEYS:        8192
[    1.291720] ... CLASSHASH_SIZE:          4096
[    1.297746] ... MAX_LOCKDEP_ENTRIES:     32768
[    1.304050] ... MAX_LOCKDEP_CHAINS:      65536
[    1.309020] ... CHAINHASH_SIZE:          32768
[    1.313981]  memory used by lock dependency info: 6365 kB
[    1.320031]  memory used for stack traces: 4224 kB
[    1.325493]  per task-struct memory footprint: 1920 bytes
[    1.331822] ACPI: Core revision 20200925
[    1.338019] clocksource: hpet: mask: 0xffffffff max_cycles: 0xffffffff, max_idle_ns: 19112604467 ns
[    1.349485] APIC: Switch to symmetric I/O mode setup
[    1.371640] ..TIMER: vector=0x30 apic1=0 pin1=2 apic2=-1 pin2=-1
[    1.378559] clocksource: tsc-early: mask: 0xffffffffffffffff max_cycles: 0x39a85afc727, max_idle_ns: 881590685098 ns
[    1.390613] Calibrating delay loop (skipped) preset value.. 3999.99 BogoMIPS (lpj=1999999)
[    1.392525] pid_max: default: 32768 minimum: 301
[    1.393710] LSM: Security Framework initializing
[    1.395524] Mount-cache hash table entries: 1024 (order: 1, 8192 bytes, linear)
[    1.396557] Mountpoint-cache hash table entries: 1024 (order: 1, 8192 bytes, linear)
[    1.404396] Last level iTLB entries: 4KB 0, 2MB 0, 4MB 0
[    1.404525] Last level dTLB entries: 4KB 0, 2MB 0, 4MB 0, 1GB 0
[    1.405614] Spectre V1 : Mitigation: usercopy/swapgs barriers and __user pointer sanitization
[    1.406527] Spectre V2 : Mitigation: Retpolines
[    1.407525] Spectre V2 : Spectre v2 / SpectreRSB mitigation: Filling RSB on context switch
[    1.409524] Spectre V2 : Spectre v2 / SpectreRSB : Filling RSB on VMEXIT
[    1.410525] Speculative Store Bypass: Vulnerable
[    1.411555] MDS: Vulnerable: Clear CPU buffers attempted, no microcode
[    1.412526] MMIO Stale Data: Unknown: No mitigations
[    1.496381] Freeing SMP alternatives memory: 40K
[    1.601062] smpboot: CPU0: Intel Common KVM processor (family: 0xf, model: 0x6, stepping: 0x1)
[    1.602986] calling  init_hw_perf_events+0x0/0x6ce @ 1
[    1.603527] Performance Events: unsupported Netburst CPU model 6 no PMU driver, software events only.
[    1.604532] initcall init_hw_perf_events+0x0/0x6ce returned 0 after 976 usecs
[    1.605531] calling  init_real_mode+0x0/0x1e9 @ 1
[    1.606937] initcall init_real_mode+0x0/0x1e9 returned 0 after 0 usecs
[    1.607531] calling  trace_init_perf_perm_irq_work_exit+0x0/0x12 @ 1
[    1.608530] initcall trace_init_perf_perm_irq_work_exit+0x0/0x12 returned 0 after 0 usecs
[    1.609548] calling  validate_x2apic+0x0/0x4a @ 1
[    1.610562] initcall validate_x2apic+0x0/0x4a returned 0 after 0 usecs
[    1.611531] calling  register_nmi_cpu_backtrace_handler+0x0/0x15 @ 1
[    1.612548] initcall register_nmi_cpu_backtrace_handler+0x0/0x15 returned 0 after 0 usecs
[    1.613528] calling  kvm_setup_vsyscall_timeinfo+0x0/0xd1 @ 1
[    1.614557] initcall kvm_setup_vsyscall_timeinfo+0x0/0xd1 returned 0 after 0 usecs
[    1.615544] calling  spawn_ksoftirqd+0x0/0x38 @ 1
[    1.616785] initcall spawn_ksoftirqd+0x0/0x38 returned 0 after 0 usecs
[    1.617530] calling  migration_init+0x0/0x33 @ 1
[    1.618530] initcall migration_init+0x0/0x33 returned 0 after 0 usecs
[    1.619535] calling  srcu_bootup_announce+0x0/0x2f @ 1
[    1.620529] rcu: Hierarchical SRCU implementation.
[    1.621535] initcall srcu_bootup_announce+0x0/0x2f returned 0 after 976 usecs
[    1.622555] calling  rcu_spawn_gp_kthread+0x0/0x1b0 @ 1
[    1.624619] initcall rcu_spawn_gp_kthread+0x0/0x1b0 returned 0 after 976 usecs
[    1.625536] calling  check_cpu_stall_init+0x0/0x1a @ 1
[    1.626537] initcall check_cpu_stall_init+0x0/0x1a returned 0 after 0 usecs
[    1.627535] calling  rcu_sysrq_init+0x0/0x21 @ 1
[    1.628532] initcall rcu_sysrq_init+0x0/0x21 returned 0 after 0 usecs
[    1.629530] calling  trace_init_flags_sys_enter+0x0/0xe @ 1
[    1.630530] initcall trace_init_flags_sys_enter+0x0/0xe returned 0 after 0 usecs
[    1.631530] calling  trace_init_flags_sys_exit+0x0/0xe @ 1
[    1.633532] initcall trace_init_flags_sys_exit+0x0/0xe returned 0 after 0 usecs
[    1.634535] calling  cpu_stop_init+0x0/0x8d @ 1
[    1.636728] initcall cpu_stop_init+0x0/0x8d returned 0 after 976 usecs
[    1.637562] calling  init_kprobes+0x0/0x16e @ 1
[    1.639806] initcall init_kprobes+0x0/0x16e returned 0 after 976 usecs
[    1.640532] calling  init_events+0x0/0x3d @ 1
[    1.641558] initcall init_events+0x0/0x3d returned 0 after 0 usecs
[    1.642534] calling  init_trace_printk+0x0/0xc @ 1
[    1.643538] initcall init_trace_printk+0x0/0xc returned 0 after 0 usecs
[    1.644532] calling  event_trace_enable_again+0x0/0x23 @ 1
[    1.645531] initcall event_trace_enable_again+0x0/0x23 returned 0 after 0 usecs
[    1.646530] calling  static_call_init+0x0/0x79 @ 1
[    1.648528] initcall static_call_init+0x0/0x79 returned 0 after 0 usecs
[    1.649531] calling  jump_label_init_module+0x0/0xc @ 1
[    1.650532] initcall jump_label_init_module+0x0/0xc returned 0 after 0 usecs
[    1.651530] calling  init_zero_pfn+0x0/0x37 @ 1
[    1.652528] initcall init_zero_pfn+0x0/0x37 returned 0 after 0 usecs
[    1.653529] calling  initialize_ptr_random+0x0/0x54 @ 1
[    1.654574] initcall initialize_ptr_random+0x0/0x54 returned 0 after 0 usecs
[    1.655550] calling  efi_memreserve_root_init+0x0/0x25 @ 1
[    1.656531] initcall efi_memreserve_root_init+0x0/0x25 returned 0 after 0 usecs
[    1.657528] calling  efi_earlycon_remap_fb+0x0/0x51 @ 1
[    1.658529] initcall efi_earlycon_remap_fb+0x0/0x51 returned 0 after 0 usecs
[    1.660677] smp: Bringing up secondary CPUs ...
[    1.663256] x86: Booting SMP configuration:
[    1.663527] .... node  #0, CPUs:      #1
[    1.156644] kvm-clock: cpu 1, msr 15925041, secondary cpu clock
[    1.688753] kvm-guest: stealtime: cpu 1, msr 1f49bb40
[    1.703159]  #2
[    1.156644] kvm-clock: cpu 2, msr 15925081, secondary cpu clock
[    1.726735] kvm-guest: stealtime: cpu 2, msr 1f51bb40
[    1.742343]  #3
[    1.156644] kvm-clock: cpu 3, msr 159250c1, secondary cpu clock
[    1.763722] kvm-guest: stealtime: cpu 3, msr 1f59bb40
[    1.779062] smp: Brought up 1 node, 4 CPUs
[    1.779540] smpboot: Max logical packages: 1
[    1.780527] smpboot: Total of 4 processors activated (15999.99 BogoMIPS)
[    1.784692] devtmpfs: initialized
[    1.786325] calling  ipc_ns_init+0x0/0x3d @ 1
[    1.787606] initcall ipc_ns_init+0x0/0x3d returned 0 after 976 usecs
[    1.788529] calling  init_mmap_min_addr+0x0/0x21 @ 1
[    1.789531] initcall init_mmap_min_addr+0x0/0x21 returned 0 after 0 usecs
[    1.791527] calling  pci_realloc_setup_params+0x0/0x3f @ 1
[    1.792529] initcall pci_realloc_setup_params+0x0/0x3f returned 0 after 0 usecs
[    1.793528] calling  net_ns_init+0x0/0x12a @ 1
[    1.796998] initcall net_ns_init+0x0/0x12a returned 0 after 1953 usecs
[    1.797547] calling  e820__register_nvs_regions+0x0/0x37 @ 1
[    1.798529] initcall e820__register_nvs_regions+0x0/0x37 returned 0 after 0 usecs
[    1.799528] calling  cpufreq_register_tsc_scaling+0x0/0x2e @ 1
[    1.800527] initcall cpufreq_register_tsc_scaling+0x0/0x2e returned 0 after 0 usecs
[    1.801526] calling  reboot_init+0x0/0x3c @ 1
[    1.802529] initcall reboot_init+0x0/0x3c returned 0 after 0 usecs
[    1.803526] calling  init_lapic_sysfs+0x0/0x20 @ 1
[    1.804538] initcall init_lapic_sysfs+0x0/0x20 returned 0 after 0 usecs
[    1.805528] calling  alloc_frozen_cpus+0x0/0x7 @ 1
[    1.806527] initcall alloc_frozen_cpus+0x0/0x7 returned 0 after 0 usecs
[    1.807527] calling  cpu_hotplug_pm_sync_init+0x0/0x13 @ 1
[    1.808550] initcall cpu_hotplug_pm_sync_init+0x0/0x13 returned 0 after 0 usecs
[    1.809527] calling  wq_sysfs_init+0x0/0x2a @ 1
[    1.810659] initcall wq_sysfs_init+0x0/0x2a returned 0 after 0 usecs
[    1.811526] calling  ksysfs_init+0x0/0x92 @ 1
[    1.812561] initcall ksysfs_init+0x0/0x92 returned 0 after 0 usecs
[    1.813528] calling  schedutil_gov_init+0x0/0xc @ 1
[    1.814634] initcall schedutil_gov_init+0x0/0xc returned 0 after 0 usecs
[    1.815527] calling  pm_init+0x0/0x76 @ 1
[    1.816620] initcall pm_init+0x0/0x76 returned 0 after 0 usecs
[    1.817527] calling  pm_disk_init+0x0/0x13 @ 1
[    1.818580] initcall pm_disk_init+0x0/0x13 returned 0 after 0 usecs
[    1.820526] calling  swsusp_header_init+0x0/0x2b @ 1
[    1.821530] initcall swsusp_header_init+0x0/0x2b returned 0 after 0 usecs
[    1.822526] calling  rcu_set_runtime_mode+0x0/0x2a @ 1
[    1.825573] initcall rcu_set_runtime_mode+0x0/0x2a returned 0 after 1953 usecs
[    1.826530] calling  init_jiffies_clocksource+0x0/0x13 @ 1
[    1.827526] clocksource: jiffies: mask: 0xffffffff max_cycles: 0xffffffff, max_idle_ns: 1911260446275000 ns
[    1.828529] initcall init_jiffies_clocksource+0x0/0x13 returned 0 after 976 usecs
[    1.829527] calling  futex_init+0x0/0x11b @ 1
[    1.830531] futex hash table entries: 1024 (order: 5, 131072 bytes, linear)
[    1.831603] initcall futex_init+0x0/0x11b returned 0 after 976 usecs
[    1.832531] calling  cgroup_wq_init+0x0/0x28 @ 1
[    1.833542] initcall cgroup_wq_init+0x0/0x28 returned 0 after 0 usecs
[    1.834528] calling  cgroup1_wq_init+0x0/0x28 @ 1
[    1.835536] initcall cgroup1_wq_init+0x0/0x28 returned 0 after 0 usecs
[    1.836528] calling  init_kprobe_trace_early+0x0/0x2a @ 1
[    1.837591] initcall init_kprobe_trace_early+0x0/0x2a returned 0 after 0 usecs
[    1.838544] calling  fsnotify_init+0x0/0x56 @ 1
[    1.839544] initcall fsnotify_init+0x0/0x56 returned 0 after 0 usecs
[    1.840526] calling  filelock_init+0x0/0xb3 @ 1
[    1.841541] initcall filelock_init+0x0/0xb3 returned 0 after 0 usecs
[    1.842525] calling  init_misc_binfmt+0x0/0x2c @ 1
[    1.843564] initcall init_misc_binfmt+0x0/0x2c returned 0 after 0 usecs
[    1.844526] calling  init_script_binfmt+0x0/0x15 @ 1
[    1.845526] initcall init_script_binfmt+0x0/0x15 returned 0 after 0 usecs
[    1.846554] calling  init_elf_binfmt+0x0/0x15 @ 1
[    1.848526] initcall init_elf_binfmt+0x0/0x15 returned 0 after 0 usecs
[    1.849531] calling  init_compat_elf_binfmt+0x0/0x15 @ 1
[    1.850532] initcall init_compat_elf_binfmt+0x0/0x15 returned 0 after 0 usecs
[    1.851529] calling  debugfs_init+0x0/0x5c @ 1
[    1.852540] initcall debugfs_init+0x0/0x5c returned 0 after 0 usecs
[    1.853528] calling  tracefs_init+0x0/0x3a @ 1
[    1.854536] initcall tracefs_init+0x0/0x3a returned 0 after 0 usecs
[    1.855528] calling  prandom_init_early+0x0/0x15d @ 1
[    1.856530] initcall prandom_init_early+0x0/0x15d returned 0 after 0 usecs
[    1.857578] calling  virtio_init+0x0/0x20 @ 1
[    1.858619] initcall virtio_init+0x0/0x20 returned 0 after 0 usecs
[    1.859536] calling  iommu_init+0x0/0x2a @ 1
[    1.861565] initcall iommu_init+0x0/0x2a returned 0 after 0 usecs
[    1.862531] calling  component_debug_init+0x0/0x1c @ 1
[    1.863770] initcall component_debug_init+0x0/0x1c returned 0 after 0 usecs
[    1.864529] calling  early_resume_init+0x0/0xb9 @ 1
[    1.866524] PM: RTC time: 04:45:32, date: 2022-12-13
[    1.867528] initcall early_resume_init+0x0/0xb9 returned 0 after 1953 usecs
[    1.868530] calling  cpufreq_core_init+0x0/0x62 @ 1
[    1.869567] initcall cpufreq_core_init+0x0/0x62 returned 0 after 0 usecs
[    1.871529] calling  cpufreq_gov_performance_init+0x0/0xc @ 1
[    1.872530] initcall cpufreq_gov_performance_init+0x0/0xc returned 0 after 0 usecs
[    1.873528] calling  cpufreq_gov_userspace_init+0x0/0xc @ 1
[    1.874547] initcall cpufreq_gov_userspace_init+0x0/0xc returned 0 after 0 usecs
[    1.875527] calling  CPU_FREQ_GOV_ONDEMAND_init+0x0/0xc @ 1
[    1.876530] initcall CPU_FREQ_GOV_ONDEMAND_init+0x0/0xc returned 0 after 0 usecs
[    1.877528] calling  cpuidle_init+0x0/0x1f @ 1
[    1.878568] initcall cpuidle_init+0x0/0x1f returned 0 after 0 usecs
[    1.879529] calling  capsule_reboot_register+0x0/0xc @ 1
[    1.880562] initcall capsule_reboot_register+0x0/0xc returned 0 after 0 usecs
[    1.881528] calling  sock_init+0x0/0x93 @ 1
[    1.883849] initcall sock_init+0x0/0x93 returned 0 after 976 usecs
[    1.884529] calling  net_inuse_init+0x0/0x23 @ 1
[    1.885561] initcall net_inuse_init+0x0/0x23 returned 0 after 0 usecs
[    1.886527] calling  net_defaults_init+0x0/0x23 @ 1
[    1.887527] initcall net_defaults_init+0x0/0x23 returned 0 after 0 usecs
[    1.888525] calling  init_default_flow_dissectors+0x0/0x4f @ 1
[    1.889552] initcall init_default_flow_dissectors+0x0/0x4f returned 0 after 0 usecs
[    1.890539] calling  netpoll_init+0x0/0x44 @ 1
[    1.891571] initcall netpoll_init+0x0/0x44 returned 0 after 0 usecs
[    1.892527] calling  netlink_proto_init+0x0/0x154 @ 1
[    1.893736] NET: Registered protocol family 16
[    1.894658] initcall netlink_proto_init+0x0/0x154 returned 0 after 976 usecs
[    1.895529] calling  genl_init+0x0/0x35 @ 1
[    1.896595] initcall genl_init+0x0/0x35 returned 0 after 0 usecs
[    1.897559] calling  bsp_pm_check_init+0x0/0x13 @ 1
[    1.898533] initcall bsp_pm_check_init+0x0/0x13 returned 0 after 0 usecs
[    1.899548] calling  irq_sysfs_init+0x0/0xb9 @ 1
[    1.900845] initcall irq_sysfs_init+0x0/0xb9 returned 0 after 0 usecs
[    1.902528] calling  audit_init+0x0/0x127 @ 1
[    1.903533] audit: initializing netlink subsys (disabled)
[    1.905788] initcall audit_init+0x0/0x127 returned 0 after 1953 usecs
[    1.905771] audit: type=2000 audit(1670906730.738:1): state=initialized audit_enabled=0 res=1
[    1.906532] calling  release_early_probes+0x0/0x32 @ 1
[    1.908532] initcall release_early_probes+0x0/0x32 returned 0 after 0 usecs
[    1.909529] calling  bdi_class_init+0x0/0x48 @ 1
[    1.910564] initcall bdi_class_init+0x0/0x48 returned 0 after 0 usecs
[    1.911528] calling  mm_sysfs_init+0x0/0x28 @ 1
[    1.912537] initcall mm_sysfs_init+0x0/0x28 returned 0 after 0 usecs
[    1.913531] calling  init_per_zone_wmark_min+0x0/0x6d @ 1
[    1.914583] initcall init_per_zone_wmark_min+0x0/0x6d returned 0 after 0 usecs
[    1.915529] calling  mpi_init+0x0/0x3e @ 1
[    1.916553] initcall mpi_init+0x0/0x3e returned 0 after 0 usecs
[    1.917528] calling  kobject_uevent_init+0x0/0xc @ 1
[    1.918556] initcall kobject_uevent_init+0x0/0xc returned 0 after 0 usecs
[    1.919528] calling  pcibus_class_init+0x0/0x13 @ 1
[    1.920567] initcall pcibus_class_init+0x0/0x13 returned 0 after 0 usecs
[    1.921534] calling  pci_driver_init+0x0/0x21 @ 1
[    1.922573] initcall pci_driver_init+0x0/0x21 returned 0 after 0 usecs
[    1.923533] calling  backlight_class_init+0x0/0xa8 @ 1
[    1.924564] initcall backlight_class_init+0x0/0xa8 returned 0 after 0 usecs
[    1.925530] calling  tty_class_init+0x0/0x33 @ 1
[    1.926545] initcall tty_class_init+0x0/0x33 returned 0 after 0 usecs
[    1.927529] calling  vtconsole_class_init+0x0/0xb5 @ 1
[    1.928743] initcall vtconsole_class_init+0x0/0xb5 returned 0 after 0 usecs
[    1.929533] calling  iommu_dev_init+0x0/0x13 @ 1
[    1.930633] initcall iommu_dev_init+0x0/0x13 returned 0 after 0 usecs
[    1.931530] calling  mipi_dsi_bus_init+0x0/0xc @ 1
[    1.932571] initcall mipi_dsi_bus_init+0x0/0xc returned 0 after 0 usecs
[    1.933528] calling  devlink_class_init+0x0/0x40 @ 1
[    1.934571] initcall devlink_class_init+0x0/0x40 returned 0 after 0 usecs
[    1.935530] calling  software_node_init+0x0/0x2a @ 1
[    1.936539] initcall software_node_init+0x0/0x2a returned 0 after 0 usecs
[    1.937528] calling  wakeup_sources_debugfs_init+0x0/0x23 @ 1
[    1.938562] initcall wakeup_sources_debugfs_init+0x0/0x23 returned 0 after 0 usecs
[    1.939527] calling  wakeup_sources_sysfs_init+0x0/0x2c @ 1
[    1.940544] initcall wakeup_sources_sysfs_init+0x0/0x2c returned 0 after 0 usecs
[    1.941527] calling  register_node_type+0x0/0x13 @ 1
[    1.942585] initcall register_node_type+0x0/0x13 returned 0 after 0 usecs
[    1.943527] calling  regmap_initcall+0x0/0xc @ 1
[    1.944646] initcall regmap_initcall+0x0/0xc returned 0 after 0 usecs
[    1.945528] calling  i2c_init+0x0/0xb3 @ 1
[    1.946667] initcall i2c_init+0x0/0xb3 returned 0 after 0 usecs
[    1.947528] calling  thermal_init+0x0/0x116 @ 1
[    1.948586] thermal_sys: Registered thermal governor 'step_wise'
[    1.948590] thermal_sys: Registered thermal governor 'user_space'
[    1.949553] initcall thermal_init+0x0/0x116 returned 0 after 976 usecs
[    1.951530] calling  init_menu+0x0/0xc @ 1
[    1.953634] cpuidle: using governor menu
[    1.954529] initcall init_menu+0x0/0xc returned 0 after 976 usecs
[    1.955530] calling  pcc_init+0x0/0x4d @ 1
[    1.956550] initcall pcc_init+0x0/0x4d returned -19 after 0 usecs
[    1.957529] calling  amd_postcore_init+0x0/0x11e @ 1
[    1.958528] initcall amd_postcore_init+0x0/0x11e returned 0 after 0 usecs
[    1.959546] calling  bts_init+0x0/0xba @ 1
[    1.960528] initcall bts_init+0x0/0xba returned -19 after 0 usecs
[    1.961528] calling  pt_init+0x0/0x34d @ 1
[    1.962527] initcall pt_init+0x0/0x34d returned -19 after 0 usecs
[    1.963528] calling  boot_params_ksysfs_init+0x0/0x2ee @ 1
[    1.964577] initcall boot_params_ksysfs_init+0x0/0x2ee returned 0 after 0 usecs
[    1.965528] calling  sbf_init+0x0/0xea @ 1
[    1.966527] initcall sbf_init+0x0/0xea returned 0 after 0 usecs
[    1.967527] calling  arch_kdebugfs_init+0x0/0x219 @ 1
[    1.968563] initcall arch_kdebugfs_init+0x0/0x219 returned 0 after 0 usecs
[    1.969528] calling  intel_pconfig_init+0x0/0x85 @ 1
[    1.970527] initcall intel_pconfig_init+0x0/0x85 returned 0 after 0 usecs
[    1.971526] calling  mtrr_if_init+0x0/0x5d @ 1
[    1.972535] initcall mtrr_if_init+0x0/0x5d returned 0 after 0 usecs
[    1.973528] calling  activate_jump_labels+0x0/0x31 @ 1
[    1.974528] initcall activate_jump_labels+0x0/0x31 returned 0 after 0 usecs
[    1.975530] calling  ffh_cstate_init+0x0/0x29 @ 1
[    1.976535] initcall ffh_cstate_init+0x0/0x29 returned 0 after 0 usecs
[    1.977531] calling  activate_jump_labels+0x0/0x31 @ 1
[    1.979748] initcall activate_jump_labels+0x0/0x31 returned 0 after 976 usecs
[    1.980528] calling  kvm_alloc_cpumask+0x0/0x74 @ 1
[    1.981580] initcall kvm_alloc_cpumask+0x0/0x74 returned 0 after 0 usecs
[    1.982530] calling  kcmp_cookies_init+0x0/0x37 @ 1
[    1.983536] initcall kcmp_cookies_init+0x0/0x37 returned 0 after 0 usecs
[    1.984530] calling  cryptomgr_init+0x0/0xc @ 1
[    1.985606] initcall cryptomgr_init+0x0/0xc returned 0 after 0 usecs
[    1.986528] calling  acpi_pci_init+0x0/0x57 @ 1
[    1.987728] ACPI: bus type PCI registered
[    1.988530] initcall acpi_pci_init+0x0/0x57 returned 0 after 976 usecs
[    1.989529] calling  dma_channel_table_init+0x0/0xd1 @ 1
[    1.990545] initcall dma_channel_table_init+0x0/0xd1 returned 0 after 0 usecs
[    1.991530] calling  dma_bus_init+0x0/0xdc @ 1
[    1.992649] initcall dma_bus_init+0x0/0xdc returned 0 after 0 usecs
[    1.993594] calling  iommu_dma_init+0x0/0x10 @ 1
[    1.994591] initcall iommu_dma_init+0x0/0x10 returned 0 after 0 usecs
[    1.995530] calling  dmi_id_init+0x0/0x37c @ 1
[    1.996726] initcall dmi_id_init+0x0/0x37c returned 0 after 0 usecs
[    1.997533] calling  pci_arch_init+0x0/0x71 @ 1
[    2.000011] PCI: MMCONFIG for domain 0000 [bus 00-ff] at [mem 0xb0000000-0xbfffffff] (base 0xb0000000)
[    2.000532] PCI: MMCONFIG at [mem 0xb0000000-0xbfffffff] reserved in E820
[    2.001579] PCI: Using configuration type 1 for base access
[    2.002534] initcall pci_arch_init+0x0/0x71 returned 0 after 3906 usecs
[    2.003547] calling  init_vdso+0x0/0x13 @ 1
[    2.005535] initcall init_vdso+0x0/0x13 returned 0 after 976 usecs
[    2.006529] calling  sysenter_setup+0x0/0x13 @ 1
[    2.007577] initcall sysenter_setup+0x0/0x13 returned 0 after 0 usecs
[    2.008529] calling  fixup_ht_bug+0x0/0xe5 @ 1
[    2.009529] initcall fixup_ht_bug+0x0/0xe5 returned 0 after 0 usecs
[    2.010529] calling  topology_init+0x0/0x88 @ 1
[    2.012841] initcall topology_init+0x0/0x88 returned 0 after 976 usecs
[    2.013530] calling  intel_epb_init+0x0/0x68 @ 1
[    2.014529] initcall intel_epb_init+0x0/0x68 returned -19 after 0 usecs
[    2.015530] calling  mtrr_init_finialize+0x0/0x3e @ 1
[    2.016530] initcall mtrr_init_finialize+0x0/0x3e returned 0 after 0 usecs
[    2.017532] calling  uid_cache_init+0x0/0x85 @ 1
[    2.018568] initcall uid_cache_init+0x0/0x85 returned 0 after 0 usecs
[    2.019531] calling  param_sysfs_init+0x0/0x1ba @ 1
[    2.031929] initcall param_sysfs_init+0x0/0x1ba returned 0 after 10742 usecs
[    2.032538] calling  user_namespace_sysctl_init+0x0/0x33 @ 1
[    2.033542] initcall user_namespace_sysctl_init+0x0/0x33 returned 0 after 0 usecs
[    2.034530] calling  proc_schedstat_init+0x0/0x24 @ 1
[    2.035537] initcall proc_schedstat_init+0x0/0x24 returned 0 after 0 usecs
[    2.036527] calling  pm_sysrq_init+0x0/0x18 @ 1
[    2.037757] initcall pm_sysrq_init+0x0/0x18 returned 0 after 0 usecs
[    2.038755] calling  create_proc_profile+0x0/0xd0 @ 1
[    2.039543] initcall create_proc_profile+0x0/0xd0 returned 0 after 0 usecs
[    2.040537] calling  time_ns_init+0x0/0x7 @ 1
[    2.041532] initcall time_ns_init+0x0/0x7 returned 0 after 0 usecs
[    2.042531] calling  crash_save_vmcoreinfo_init+0x0/0x722 @ 1
[    2.043607] initcall crash_save_vmcoreinfo_init+0x0/0x722 returned 0 after 0 usecs
[    2.044533] calling  crash_notes_memory_init+0x0/0x35 @ 1
[    2.045536] initcall crash_notes_memory_init+0x0/0x35 returned 0 after 0 usecs
[    2.046534] calling  cgroup_sysfs_init+0x0/0x13 @ 1
[    2.047572] initcall cgroup_sysfs_init+0x0/0x13 returned 0 after 0 usecs
[    2.048551] calling  cgroup_namespaces_init+0x0/0x7 @ 1
[    2.049530] initcall cgroup_namespaces_init+0x0/0x7 returned 0 after 0 usecs
[    2.050531] calling  init_optprobes+0x0/0x13 @ 1
[    2.051600] Kprobes globally optimized
[    2.053532] initcall init_optprobes+0x0/0x13 returned 0 after 1953 usecs
[    2.054534] calling  oom_init+0x0/0x2f @ 1
[    2.057708] initcall oom_init+0x0/0x2f returned 0 after 976 usecs
[    2.058659] calling  default_bdi_init+0x0/0xb3 @ 1
[    2.060822] initcall default_bdi_init+0x0/0xb3 returned 0 after 976 usecs
[    2.061534] calling  percpu_enable_async+0x0/0xe @ 1
[    2.062536] initcall percpu_enable_async+0x0/0xe returned 0 after 0 usecs
[    2.063536] calling  kcompactd_init+0x0/0x8d @ 1
[    2.066532] initcall kcompactd_init+0x0/0x8d returned 0 after 976 usecs
[    2.067571] calling  init_user_reserve+0x0/0x40 @ 1
[    2.069529] initcall init_user_reserve+0x0/0x40 returned 0 after 0 usecs
[    2.070529] calling  init_admin_reserve+0x0/0x40 @ 1
[    2.071531] initcall init_admin_reserve+0x0/0x40 returned 0 after 0 usecs
[    2.072530] calling  init_reserve_notifier+0x0/0x7 @ 1
[    2.073530] initcall init_reserve_notifier+0x0/0x7 returned 0 after 0 usecs
[    2.074531] calling  swap_init_sysfs+0x0/0x62 @ 1
[    2.075593] initcall swap_init_sysfs+0x0/0x62 returned 0 after 0 usecs
[    2.076529] calling  swapfile_init+0x0/0x94 @ 1
[    2.077532] initcall swapfile_init+0x0/0x94 returned 0 after 0 usecs
[    2.078530] calling  hugetlb_init+0x0/0x4a1 @ 1
[    2.079529] HugeTLB registered 2.00 MiB page size, pre-allocated 0 pages
[    2.080569] initcall hugetlb_init+0x0/0x4a1 returned 0 after 976 usecs
[    2.081527] calling  io_wq_init+0x0/0x34 @ 1
[    2.082529] initcall io_wq_init+0x0/0x34 returned 0 after 0 usecs
[    2.083527] calling  seqiv_module_init+0x0/0xc @ 1
[    2.084581] initcall seqiv_module_init+0x0/0xc returned 0 after 0 usecs
[    2.085531] calling  echainiv_module_init+0x0/0xc @ 1
[    2.086531] initcall echainiv_module_init+0x0/0xc returned 0 after 0 usecs
[    2.087620] calling  rsa_init+0x0/0x50 @ 1
[    2.090637] initcall rsa_init+0x0/0x50 returned 0 after 1953 usecs
[    2.089954] cryptomgr_test (39) used greatest stack depth: 14848 bytes left
[    2.091532] calling  crypto_cmac_module_init+0x0/0xc @ 1
[    2.091538] initcall crypto_cmac_module_init+0x0/0xc returned 0 after 0 usecs
[    2.091541] calling  hmac_module_init+0x0/0xc @ 1
[    2.091544] initcall hmac_module_init+0x0/0xc returned 0 after 0 usecs
[    2.091546] calling  crypto_null_mod_init+0x0/0x65 @ 1
[    2.142058] initcall crypto_null_mod_init+0x0/0x65 returned 0 after 48828 usecs
[    2.150612] calling  md5_mod_init+0x0/0xc @ 1
[    2.157940] initcall md5_mod_init+0x0/0xc returned 0 after 976 usecs
[    2.165537] calling  sha256_generic_mod_init+0x0/0x11 @ 1
[    2.175544] initcall sha256_generic_mod_init+0x0/0x11 returned 0 after 4882 usecs
[    2.185534] calling  crypto_cbc_module_init+0x0/0xc @ 1
[    2.191554] initcall crypto_cbc_module_init+0x0/0xc returned 0 after 0 usecs
[    2.200533] calling  crypto_ctr_module_init+0x0/0x11 @ 1
[    2.205535] initcall crypto_ctr_module_init+0x0/0x11 returned 0 after 0 usecs
[    2.211533] calling  crypto_gcm_module_init+0x0/0x64 @ 1
[    2.218885] initcall crypto_gcm_module_init+0x0/0x64 returned 0 after 0 usecs
[    2.227533] calling  crypto_ccm_module_init+0x0/0x11 @ 1
[    2.233538] initcall crypto_ccm_module_init+0x0/0x11 returned 0 after 0 usecs
[    2.240649] calling  aes_init+0x0/0xc @ 1
[    2.248530] initcall aes_init+0x0/0xc returned 0 after 1953 usecs
[    2.255535] calling  crc32c_mod_init+0x0/0xc @ 1
[    2.267041] initcall crc32c_mod_init+0x0/0xc returned 0 after 5859 usecs
[    2.273544] calling  crypto_authenc_module_init+0x0/0xc @ 1
[    2.278539] initcall crypto_authenc_module_init+0x0/0xc returned 0 after 0 usecs
[    2.287539] calling  crypto_authenc_esn_module_init+0x0/0xc @ 1
[    2.294741] initcall crypto_authenc_esn_module_init+0x0/0xc returned 0 after 976 usecs
[    2.304537] calling  drbg_init+0x0/0x7c @ 1
[    2.359542] initcall drbg_init+0x0/0x7c returned 0 after 51757 usecs
[    2.366537] calling  ghash_mod_init+0x0/0xc @ 1
[    2.380539] initcall ghash_mod_init+0x0/0xc returned 0 after 6835 usecs
[    2.385542] calling  init_bio+0x0/0x9a @ 1
[    2.398533] initcall init_bio+0x0/0x9a returned 0 after 9765 usecs
[    2.405534] calling  blk_settings_init+0x0/0x29 @ 1
[    2.411532] initcall blk_settings_init+0x0/0x29 returned 0 after 0 usecs
[    2.418532] calling  blk_ioc_init+0x0/0x29 @ 1
[    2.425660] initcall blk_ioc_init+0x0/0x29 returned 0 after 0 usecs
[    2.433531] calling  blk_mq_init+0x0/0xb9 @ 1
[    2.437974] initcall blk_mq_init+0x0/0xb9 returned 0 after 976 usecs
[    2.447532] calling  genhd_device_init+0x0/0x75 @ 1
[    2.478498] initcall genhd_device_init+0x0/0x75 returned 0 after 26367 usecs
[    2.487503] calling  pci_slot_init+0x0/0x40 @ 1
[    2.492633] initcall pci_slot_init+0x0/0x40 returned 0 after 1953 usecs
[    2.501533] calling  fbmem_init+0x0/0xd8 @ 1
[    2.517534] initcall fbmem_init+0x0/0xd8 returned 0 after 7812 usecs
[    2.524630] calling  acpi_init+0x0/0x319 @ 1
[    2.531202] ACPI: Added _OSI(Module Device)
[    2.535525] ACPI: Added _OSI(Processor Device)
[    2.542529] ACPI: Added _OSI(3.0 _SCP Extensions)
[    2.547532] ACPI: Added _OSI(Processor Aggregator Device)
[    2.553522] ACPI: Added _OSI(Linux-Dell-Video)
[    2.558530] ACPI: Added _OSI(Linux-Lenovo-NV-HDMI-Audio)
[    2.565529] ACPI: Added _OSI(Linux-HPI-Hybrid-Graphics)
[    2.585304] ACPI: 1 ACPI AML tables successfully acquired and loaded
[    2.611680] ACPI: Interpreter enabled
[    2.616650] ACPI: (supports S0 S3 S4 S5)
[    2.621889] ACPI: Using IOAPIC for interrupt routing
[    2.628244] PCI: Using host bridge windows from ACPI; if necessary, use "pci=nocrs" and report a bug
[    2.639519] ACPI: Enabled 2 GPEs in block 00 to 3F
[    2.670961] ACPI: PCI Root Bridge [PCI0] (domain 0000 [bus 00-ff])
[    2.681840] acpi PNP0A08:00: _OSC: OS supports [ExtendedConfig ASPM ClockPM Segments MSI HPX-Type3]
[    2.693508] acpi PNP0A08:00: _OSC: platform does not support [LTR]
[    2.699763] acpi PNP0A08:00: _OSC: OS now controls [PME PCIeCapability]
[    2.710928] PCI host bridge to bus 0000:00
[    2.716675] pci_bus 0000:00: root bus resource [io  0x0000-0x0cf7 window]
[    2.727547] pci_bus 0000:00: root bus resource [io  0x0d00-0xffff window]
[    2.736536] pci_bus 0000:00: root bus resource [mem 0x000a0000-0x000bffff window]
[    2.743532] pci_bus 0000:00: root bus resource [mem 0x20000000-0xafffffff window]
[    2.753535] pci_bus 0000:00: root bus resource [mem 0xc0000000-0xfebfffff window]
[    2.762537] pci_bus 0000:00: root bus resource [mem 0x100000000-0x8ffffffff window]
[    2.772536] pci_bus 0000:00: root bus resource [bus 00-ff]
[    2.782798] pci 0000:00:00.0: calling  quirk_mmio_always_on+0x0/0x10 @ 1
[    2.790585] pci 0000:00:00.0: quirk_mmio_always_on+0x0/0x10 took 0 usecs
[    2.798532] pci 0000:00:00.0: [8086:29c0] type 00 class 0x060000
[    2.809519] pci 0000:00:00.0: calling  quirk_igfx_skip_te_disable+0x0/0x80 @ 1
[    2.816673] pci 0000:00:00.0: quirk_igfx_skip_te_disable+0x0/0x80 took 0 usecs
[    2.832253] pci 0000:00:01.0: [1234:1111] type 00 class 0x030000
[    2.851519] pci 0000:00:01.0: reg 0x10: [mem 0xfd000000-0xfdffffff pref]
[    2.877519] pci 0000:00:01.0: reg 0x18: [mem 0xfebf0000-0xfebf0fff]
[    2.911519] pci 0000:00:01.0: reg 0x30: [mem 0xfebe0000-0xfebeffff pref]
[    2.923367] pci 0000:00:01.0: calling  efifb_fixup_resources+0x0/0xf0 @ 1
[    2.931613] pci 0000:00:01.0: efifb_fixup_resources+0x0/0xf0 took 0 usecs
[    2.949322] pci 0000:00:1f.0: [8086:2918] type 00 class 0x060100
[    2.965334] pci 0000:00:1f.0: calling  quirk_ich7_lpc+0x0/0x60 @ 1
[    2.974552] pci 0000:00:1f.0: quirk: [io  0x0600-0x067f] claimed by ICH6 ACPI/GPIO/TCO
[    2.986632] pci 0000:00:1f.0: quirk_ich7_lpc+0x0/0x60 took 12695 usecs
[    2.996707] pci 0000:00:1f.0: calling  quirk_igfx_skip_te_disable+0x0/0x80 @ 1
[    3.006559] pci 0000:00:1f.0: quirk_igfx_skip_te_disable+0x0/0x80 took 0 usecs
[    3.017526] pci 0000:00:1f.2: [8086:2922] type 00 class 0x010601
[    3.033527] pci 0000:00:1f.2: reg 0x20: [io  0xc040-0xc05f]
[    3.042017] pci 0000:00:1f.2: reg 0x24: [mem 0xfebf1000-0xfebf1fff]
[    3.050715] pci 0000:00:1f.2: calling  quirk_igfx_skip_te_disable+0x0/0x80 @ 1
[    3.059533] pci 0000:00:1f.2: quirk_igfx_skip_te_disable+0x0/0x80 took 0 usecs
[    3.072870] pci 0000:00:1f.3: [8086:2930] type 00 class 0x0c0500
[    3.086017] pci 0000:00:1f.3: reg 0x20: [io  0x0700-0x073f]
[    3.095117] pci 0000:00:1f.3: calling  quirk_igfx_skip_te_disable+0x0/0x80 @ 1
[    3.104544] pci 0000:00:1f.3: quirk_igfx_skip_te_disable+0x0/0x80 took 0 usecs
[    3.121746] ACPI: PCI Interrupt Link [LNKA] (IRQs 5 *10 11)
[    3.128960] ACPI: PCI Interrupt Link [LNKB] (IRQs 5 *10 11)
[    3.137710] ACPI: PCI Interrupt Link [LNKC] (IRQs 5 10 *11)
[    3.144777] ACPI: PCI Interrupt Link [LNKD] (IRQs 5 10 *11)
[    3.153058] ACPI: PCI Interrupt Link [LNKE] (IRQs 5 *10 11)
[    3.162578] ACPI: PCI Interrupt Link [LNKF] (IRQs 5 *10 11)
[    3.170218] ACPI: PCI Interrupt Link [LNKG] (IRQs 5 10 *11)
[    3.178131] ACPI: PCI Interrupt Link [LNKH] (IRQs 5 10 *11)
[    3.187073] ACPI: PCI Interrupt Link [GSIA] (IRQs *16)
[    3.194740] ACPI: PCI Interrupt Link [GSIB] (IRQs *17)
[    3.201710] ACPI: PCI Interrupt Link [GSIC] (IRQs *18)
[    3.210553] ACPI: PCI Interrupt Link [GSID] (IRQs *19)
[    3.217630] ACPI: PCI Interrupt Link [GSIE] (IRQs *20)
[    3.225654] ACPI: PCI Interrupt Link [GSIF] (IRQs *21)
[    3.233662] ACPI: PCI Interrupt Link [GSIG] (IRQs *22)
[    3.239832] ACPI: PCI Interrupt Link [GSIH] (IRQs *23)
[    3.258526] initcall acpi_init+0x0/0x319 returned 0 after 709960 usecs
[    3.266724] calling  pnp_init+0x0/0xc @ 1
[    3.271582] initcall pnp_init+0x0/0xc returned 0 after 0 usecs
[    3.279541] calling  misc_init+0x0/0xbf @ 1
[    3.285324] initcall misc_init+0x0/0xbf returned 0 after 1953 usecs
[    3.292544] calling  iommu_subsys_init+0x0/0x4e @ 1
[    3.299733] iommu: Default domain type: Translated 
[    3.305541] initcall iommu_subsys_init+0x0/0x4e returned 0 after 5859 usecs
[    3.314538] calling  vga_arb_device_init+0x0/0x261 @ 1
[    3.324048] pci 0000:00:01.0: vgaarb: setting as boot VGA device
[    3.330524] pci 0000:00:01.0: vgaarb: VGA device added: decodes=io+mem,owns=io+mem,locks=none
[    3.341661] pci 0000:00:01.0: vgaarb: bridge control possible
[    3.349529] vgaarb: loaded
[    3.353534] initcall vga_arb_device_init+0x0/0x261 returned 0 after 32226 usecs
[    3.363574] calling  cn_init+0x0/0xf0 @ 1
[    3.368963] initcall cn_init+0x0/0xf0 returned 0 after 976 usecs
[    3.375531] calling  dma_buf_init+0x0/0xad @ 1
[    3.381882] initcall dma_buf_init+0x0/0xad returned 0 after 976 usecs
[    3.389530] calling  dma_resv_lockdep+0x0/0x281 @ 1
[    3.398915] initcall dma_resv_lockdep+0x0/0x281 returned 0 after 3906 usecs
[    3.407532] calling  init_scsi+0x0/0x79 @ 1
[    3.418050] SCSI subsystem initialized
[    3.422532] initcall init_scsi+0x0/0x79 returned 0 after 9765 usecs
[    3.429530] calling  ata_init+0x0/0x332 @ 1
[    3.439631] libata version 3.00 loaded.
[    3.444534] initcall ata_init+0x0/0x332 returned 0 after 10742 usecs
[    3.452532] calling  phy_init+0x0/0x250 @ 1
[    3.458628] initcall phy_init+0x0/0x250 returned 0 after 976 usecs
[    3.466531] calling  init_pcmcia_cs+0x0/0x35 @ 1
[    3.473720] initcall init_pcmcia_cs+0x0/0x35 returned 0 after 0 usecs
[    3.481530] calling  usb_common_init+0x0/0x1c @ 1
[    3.486677] initcall usb_common_init+0x0/0x1c returned 0 after 0 usecs
[    3.496531] calling  usb_init+0x0/0x12e @ 1
[    3.502783] ACPI: bus type USB registered
[    3.510741] usbcore: registered new interface driver usbfs
[    3.517765] usbcore: registered new interface driver hub
[    3.524562] usbcore: registered new device driver usb
[    3.531542] initcall usb_init+0x0/0x12e returned 0 after 28320 usecs
[    3.540533] calling  serio_init+0x0/0x29 @ 1
[    3.546028] initcall serio_init+0x0/0x29 returned 0 after 0 usecs
[    3.553534] calling  input_init+0x0/0xf6 @ 1
[    3.559538] initcall input_init+0x0/0xf6 returned 0 after 0 usecs
[    3.567541] calling  rtc_init+0x0/0x4d @ 1
[    3.569556] initcall rtc_init+0x0/0x4d returned 0 after 0 usecs
[    3.577530] calling  pps_init+0x0/0xa9 @ 1
[    3.581105] pps_core: LinuxPPS API ver. 1 registered
[    3.589533] pps_core: Software ver. 5.3.6 - Copyright 2005-2007 Rodolfo Giometti <giometti@linux.it>
[    3.602542] initcall pps_init+0x0/0xa9 returned 0 after 21484 usecs
[    3.610544] calling  ptp_init+0x0/0x98 @ 1
[    3.615566] PTP clock support registered
[    3.620538] initcall ptp_init+0x0/0x98 returned 0 after 4882 usecs
[    3.629746] calling  power_supply_class_init+0x0/0x3f @ 1
[    3.636678] initcall power_supply_class_init+0x0/0x3f returned 0 after 0 usecs
[    3.644539] calling  hwmon_init+0x0/0x104 @ 1
[    3.650571] initcall hwmon_init+0x0/0x104 returned 0 after 0 usecs
[    3.658538] calling  md_init+0x0/0x16b @ 1
[    3.665716] initcall md_init+0x0/0x16b returned 0 after 1953 usecs
[    3.673543] calling  leds_init+0x0/0x3b @ 1
[    3.679062] initcall leds_init+0x0/0x3b returned 0 after 976 usecs
[    3.686535] calling  dmi_init+0x0/0x113 @ 1
[    3.691684] initcall dmi_init+0x0/0x113 returned 0 after 1953 usecs
[    3.702538] calling  efisubsys_init+0x0/0x4e7 @ 1
[    3.707981] initcall efisubsys_init+0x0/0x4e7 returned 0 after 0 usecs
[    3.717539] calling  nvmem_init+0x0/0xc @ 1
[    3.722755] initcall nvmem_init+0x0/0xc returned 0 after 976 usecs
[    3.729538] calling  init_soundcore+0x0/0x33 @ 1
[    3.734364] initcall init_soundcore+0x0/0x33 returned 0 after 2929 usecs
[    3.743539] calling  alsa_sound_init+0x0/0x8f @ 1
[    3.752951] Advanced Linux Sound Architecture Driver Initialized.
[    3.760538] initcall alsa_sound_init+0x0/0x8f returned 0 after 9765 usecs
[    3.769536] calling  alsa_seq_device_init+0x0/0x71 @ 1
[    3.775644] initcall alsa_seq_device_init+0x0/0x71 returned 0 after 0 usecs
[    3.783534] calling  hda_bus_init+0x0/0xc @ 1
[    3.788593] initcall hda_bus_init+0x0/0xc returned 0 after 0 usecs
[    3.796535] calling  proto_init+0x0/0xc @ 1
[    3.800591] initcall proto_init+0x0/0xc returned 0 after 976 usecs
[    3.808528] calling  net_dev_init+0x0/0x27f @ 1
[    3.816714] initcall net_dev_init+0x0/0x27f returned 0 after 2929 usecs
[    3.824531] calling  neigh_init+0x0/0x84 @ 1
[    3.829537] initcall neigh_init+0x0/0x84 returned 0 after 0 usecs
[    3.835530] calling  fib_notifier_init+0x0/0xc @ 1
[    3.841606] initcall fib_notifier_init+0x0/0xc returned 0 after 0 usecs
[    3.850536] calling  fib_rules_init+0x0/0xab @ 1
[    3.856576] initcall fib_rules_init+0x0/0xab returned 0 after 0 usecs
[    3.864534] calling  pktsched_init+0x0/0x10e @ 1
[    3.869652] initcall pktsched_init+0x0/0x10e returned 0 after 0 usecs
[    3.877533] calling  tc_filter_init+0x0/0xfa @ 1
[    3.883615] initcall tc_filter_init+0x0/0xfa returned 0 after 0 usecs
[    3.891533] calling  tc_action_init+0x0/0x54 @ 1
[    3.898544] initcall tc_action_init+0x0/0x54 returned 0 after 0 usecs
[    3.907537] calling  ethnl_init+0x0/0x52 @ 1
[    3.914705] initcall ethnl_init+0x0/0x52 returned 0 after 0 usecs
[    3.924567] calling  nexthop_init+0x0/0xd8 @ 1
[    3.930768] initcall nexthop_init+0x0/0xd8 returned 0 after 976 usecs
[    3.939535] calling  cipso_v4_init+0x0/0x8d @ 1
[    3.944822] initcall cipso_v4_init+0x0/0x8d returned 0 after 976 usecs
[    3.953532] calling  ieee80211_init+0x0/0x24 @ 1
[    3.959563] initcall ieee80211_init+0x0/0x24 returned 0 after 976 usecs
[    3.967531] calling  netlbl_init+0x0/0x78 @ 1
[    3.972543] NetLabel: Initializing
[    3.977526] NetLabel:  domain hash size = 128
[    3.982525] NetLabel:  protocols = UNLABELED CIPSOv4 CALIPSO
[    3.990524] NetLabel:  unlabeled traffic allowed by default
[    3.997535] initcall netlbl_init+0x0/0x78 returned 0 after 24414 usecs
[    4.005533] calling  rfkill_init+0x0/0x136 @ 1
[    4.011875] initcall rfkill_init+0x0/0x136 returned 0 after 976 usecs
[    4.019536] calling  pci_subsys_init+0x0/0x66 @ 1
[    4.025527] PCI: Using ACPI for IRQ routing
[    4.755147] PCI: pci_cache_line_size set to 64 bytes
[    4.762646] e820: reserve RAM buffer [mem 0x0009fc00-0x0009ffff]
[    4.770737] e820: reserve RAM buffer [mem 0x1ffdf000-0x1fffffff]
[    4.778075] initcall pci_subsys_init+0x0/0x66 returned 0 after 734375 usecs
[    4.789088] calling  nmi_warning_debugfs+0x0/0x26 @ 1
[    4.796796] initcall nmi_warning_debugfs+0x0/0x26 returned 0 after 0 usecs
[    4.804554] calling  save_microcode_in_initrd+0x0/0x51 @ 1
[    4.811525] initcall save_microcode_in_initrd+0x0/0x51 returned 0 after 976 usecs
[    4.818554] calling  hpet_late_init+0x0/0x20a @ 1
[    4.824837] hpet: 3 channels of 0 reserved for per-cpu timers
[    4.832808] hpet0: at MMIO 0xfed00000, IRQs 2, 8, 0
[    4.839531] hpet0: 3 comparators, 64-bit 100.000000 MHz counter
[    4.853537] initcall hpet_late_init+0x0/0x20a returned 0 after 28320 usecs
[    4.862535] calling  init_amd_nbs+0x0/0x11c @ 1
[    4.867703] initcall init_amd_nbs+0x0/0x11c returned 0 after 976 usecs
[    4.875545] calling  clocksource_done_booting+0x0/0x43 @ 1
[    4.884642] clocksource: Switched to clocksource kvm-clock
[    4.892557] initcall clocksource_done_booting+0x0/0x43 returned 0 after 9795 usecs
[    4.901419] calling  tracer_init_tracefs+0x0/0x248 @ 1
[    5.234584] initcall tracer_init_tracefs+0x0/0x248 returned 0 after 319267 usecs
[    5.243261] calling  init_trace_printk_function_export+0x0/0x2c @ 1
[    5.250633] initcall init_trace_printk_function_export+0x0/0x2c returned 0 after 109 usecs
[    5.260080] calling  init_kprobe_trace+0x0/0x1ab @ 1
[    5.265996] initcall init_kprobe_trace+0x0/0x1ab returned 0 after 40 usecs
[    5.273930] calling  init_dynamic_event+0x0/0x3d @ 1
[    5.279815] initcall init_dynamic_event+0x0/0x3d returned 0 after 16 usecs
[    5.287799] calling  init_uprobe_trace+0x0/0x5c @ 1
[    5.293657] initcall init_uprobe_trace+0x0/0x5c returned 0 after 155 usecs
[    5.301615] calling  init_pipe_fs+0x0/0x44 @ 1
[    5.307261] initcall init_pipe_fs+0x0/0x44 returned 0 after 339 usecs
[    5.314783] calling  inotify_user_setup+0x0/0x47 @ 1
[    5.320712] initcall inotify_user_setup+0x0/0x47 returned 0 after 81 usecs
[    5.328680] calling  eventpoll_init+0x0/0xeb @ 1
[    5.334291] initcall eventpoll_init+0x0/0xeb returned 0 after 112 usecs
[    5.342003] calling  anon_inode_init+0x0/0x58 @ 1
[    5.347815] initcall anon_inode_init+0x0/0x58 returned 0 after 158 usecs
[    5.355601] calling  proc_locks_init+0x0/0x27 @ 1
[    5.361147] initcall proc_locks_init+0x0/0x27 returned 0 after 29 usecs
[    5.368765] calling  iomap_init+0x0/0x1b @ 1
[    5.374463] initcall iomap_init+0x0/0x1b returned 0 after 585 usecs
[    5.381799] calling  dquot_init+0x0/0x106 @ 1
[    5.387089] VFS: Disk quotas dquot_6.6.0
[    5.391929] VFS: Dquot-cache hash table entries: 512 (order 0, 4096 bytes)
[    5.399934] initcall dquot_init+0x0/0x106 returned 0 after 12553 usecs
[    5.407596] calling  quota_init+0x0/0x23 @ 1
[    5.413042] initcall quota_init+0x0/0x23 returned 0 after 315 usecs
[    5.420416] calling  proc_cmdline_init+0x0/0x21 @ 1
[    5.426277] initcall proc_cmdline_init+0x0/0x21 returned 0 after 28 usecs
[    5.434161] calling  proc_consoles_init+0x0/0x24 @ 1
[    5.440128] initcall proc_consoles_init+0x0/0x24 returned 0 after 8 usecs
[    5.449120] calling  proc_cpuinfo_init+0x0/0x1e @ 1
[    5.455885] initcall proc_cpuinfo_init+0x0/0x1e returned 0 after 9 usecs
[    5.463734] calling  proc_devices_init+0x0/0x24 @ 1
[    5.469447] initcall proc_devices_init+0x0/0x24 returned 0 after 7 usecs
[    5.477265] calling  proc_interrupts_init+0x0/0x24 @ 1
[    5.483356] initcall proc_interrupts_init+0x0/0x24 returned 0 after 8 usecs
[    5.491385] calling  proc_loadavg_init+0x0/0x21 @ 1
[    5.497151] initcall proc_loadavg_init+0x0/0x21 returned 0 after 7 usecs
[    5.505167] calling  proc_meminfo_init+0x0/0x21 @ 1
[    5.510981] initcall proc_meminfo_init+0x0/0x21 returned 0 after 8 usecs
[    5.518683] calling  proc_stat_init+0x0/0x1e @ 1
[    5.524141] initcall proc_stat_init+0x0/0x1e returned 0 after 7 usecs
[    5.531626] calling  proc_uptime_init+0x0/0x21 @ 1
[    5.537256] initcall proc_uptime_init+0x0/0x21 returned 0 after 7 usecs
[    5.544873] calling  proc_version_init+0x0/0x21 @ 1
[    5.550751] initcall proc_version_init+0x0/0x21 returned 0 after 5 usecs
[    5.558465] calling  proc_softirqs_init+0x0/0x21 @ 1
[    5.564300] initcall proc_softirqs_init+0x0/0x21 returned 0 after 5 usecs
[    5.572244] calling  proc_kcore_init+0x0/0xea @ 1
[    5.577857] initcall proc_kcore_init+0x0/0xea returned 0 after 187 usecs
[    5.585405] calling  vmcore_init+0x0/0x57b @ 1
[    5.590658] initcall vmcore_init+0x0/0x57b returned 0 after 29 usecs
[    5.597906] calling  proc_kmsg_init+0x0/0x21 @ 1
[    5.603285] initcall proc_kmsg_init+0x0/0x21 returned 0 after 6 usecs
[    5.610522] calling  proc_page_init+0x0/0x3b @ 1
[    5.615797] initcall proc_page_init+0x0/0x3b returned 0 after 6 usecs
[    5.623068] calling  init_ramfs_fs+0x0/0xc @ 1
[    5.628204] initcall init_ramfs_fs+0x0/0xc returned 0 after 17 usecs
[    5.635423] calling  init_hugetlbfs_fs+0x0/0xf6 @ 1
[    5.641527] initcall init_hugetlbfs_fs+0x0/0xf6 returned 0 after 406 usecs
[    5.649372] calling  blk_scsi_ioctl_init+0x0/0x2a5 @ 1
[    5.655314] initcall blk_scsi_ioctl_init+0x0/0x2a5 returned 0 after 22 usecs
[    5.663399] calling  acpi_event_init+0x0/0x2c @ 1
[    5.668943] initcall acpi_event_init+0x0/0x2c returned 0 after 37 usecs
[    5.676606] calling  pnp_system_init+0x0/0xc @ 1
[    5.682767] initcall pnp_system_init+0x0/0xc returned 0 after 736 usecs
[    5.690308] calling  pnpacpi_init+0x0/0x69 @ 1
[    5.703686] pnp: PnP ACPI init
[    5.714533] pnp 00:00: Plug and Play ACPI device, IDs PNP0303 (active)
[    5.722482] pnp 00:01: Plug and Play ACPI device, IDs PNP0f13 (active)
[    5.730285] pnp 00:02: Plug and Play ACPI device, IDs PNP0400 (active)
[    5.737955] pnp 00:03: Plug and Play ACPI device, IDs PNP0501 (active)
[    5.745677] pnp 00:04: Plug and Play ACPI device, IDs PNP0b00 (active)
[    5.753842] system 00:05: [mem 0xb0000000-0xbfffffff window] has been reserved
[    5.762457] system 00:05: Plug and Play ACPI device, IDs PNP0c01 (active)
[    5.772517] pnp: PnP ACPI: found 6 devices
[    5.777851] initcall pnpacpi_init+0x0/0x69 returned 0 after 72312 usecs
[    5.785471] calling  chr_dev_init+0x0/0x14d @ 1
[    5.881173] initcall chr_dev_init+0x0/0x14d returned 0 after 88060 usecs
[    5.889808] calling  firmware_class_init+0x0/0x14a @ 1
[    5.895915] initcall firmware_class_init+0x0/0x14a returned 0 after 159 usecs
[    5.904010] calling  init_pcmcia_bus+0x0/0x5b @ 1
[    5.909891] initcall init_pcmcia_bus+0x0/0x5b returned 0 after 371 usecs
[    5.917612] calling  init_acpi_pm_clocksource+0x0/0xda @ 1
[    5.929338] clocksource: acpi_pm: mask: 0xffffff max_cycles: 0xffffff, max_idle_ns: 2085701024 ns
[    5.939708] initcall init_acpi_pm_clocksource+0x0/0xda returned 0 after 15453 usecs
[    5.948621] calling  sysctl_core_init+0x0/0x26 @ 1
[    5.954698] initcall sysctl_core_init+0x0/0x26 returned 0 after 314 usecs
[    5.962627] calling  eth_offload_init+0x0/0x13 @ 1
[    5.968409] initcall eth_offload_init+0x0/0x13 returned 0 after 146 usecs
[    5.976377] calling  ipv4_offload_init+0x0/0x73 @ 1
[    5.982301] initcall ipv4_offload_init+0x0/0x73 returned 0 after 102 usecs
[    5.990326] calling  inet_init+0x0/0x276 @ 1
[    5.995820] NET: Registered protocol family 2
[    6.002169] IP idents hash table entries: 8192 (order: 4, 65536 bytes, linear)
[    6.017419] tcp_listen_portaddr_hash hash table entries: 256 (order: 2, 20480 bytes, linear)
[    6.027309] TCP established hash table entries: 4096 (order: 3, 32768 bytes, linear)
[    6.036682] TCP bind hash table entries: 4096 (order: 6, 294912 bytes, linear)
[    6.079155] TCP: Hash tables configured (established 4096 bind 4096)
[    6.087502] UDP hash table entries: 256 (order: 3, 40960 bytes, linear)
[    6.095830] UDP-Lite hash table entries: 256 (order: 3, 40960 bytes, linear)
[    6.105154] initcall inet_init+0x0/0x276 returned 0 after 107147 usecs
[    6.112826] calling  af_unix_init+0x0/0x4d @ 1
[    6.118200] NET: Registered protocol family 1
[    6.123491] initcall af_unix_init+0x0/0x4d returned 0 after 5203 usecs
[    6.131220] calling  ipv6_offload_init+0x0/0x7e @ 1
[    6.137325] initcall ipv6_offload_init+0x0/0x7e returned 0 after 58 usecs
[    6.145044] calling  init_sunrpc+0x0/0x65 @ 1
[    6.157926] RPC: Registered named UNIX socket transport module.
[    6.164951] RPC: Registered udp transport module.
[    6.170465] RPC: Registered tcp transport module.
[    6.175970] RPC: Registered tcp NFSv4.1 backchannel transport module.
[    6.183394] initcall init_sunrpc+0x0/0x65 returned 0 after 32560 usecs
[    6.190931] calling  cfg80211_init+0x0/0xc5 @ 1
[    6.202300] initcall cfg80211_init+0x0/0xc5 returned 0 after 5912 usecs
[    6.210044] calling  pcibios_assign_resources+0x0/0xbf @ 1
[    6.216966] pci_bus 0000:00: resource 4 [io  0x0000-0x0cf7 window]
[    6.224365] pci_bus 0000:00: resource 5 [io  0x0d00-0xffff window]
[    6.231549] pci_bus 0000:00: resource 6 [mem 0x000a0000-0x000bffff window]
[    6.239500] pci_bus 0000:00: resource 7 [mem 0x20000000-0xafffffff window]
[    6.248995] pci_bus 0000:00: resource 8 [mem 0xc0000000-0xfebfffff window]
[    6.257145] pci_bus 0000:00: resource 9 [mem 0x100000000-0x8ffffffff window]
[    6.265507] initcall pcibios_assign_resources+0x0/0xbf returned 0 after 47690 usecs
[    6.274491] calling  pci_apply_final_quirks+0x0/0x124 @ 1
[    6.281386] pci 0000:00:01.0: calling  pci_fixup_video+0x0/0xe0 @ 1
[    6.288986] pci 0000:00:01.0: Video device with shadowed ROM at [mem 0x000c0000-0x000dffff]
[    6.298519] pci 0000:00:01.0: pci_fixup_video+0x0/0xe0 took 9587 usecs
[    6.306813] PCI: CLS 0 bytes, default 64
[    6.311450] initcall pci_apply_final_quirks+0x0/0x124 returned 0 after 29775 usecs
[    6.321764] calling  acpi_reserve_resources+0x0/0xea @ 1
[    6.329393] initcall acpi_reserve_resources+0x0/0xea returned 0 after 40 usecs
[    6.339843] calling  populate_rootfs+0x0/0x102 @ 1
[    6.350297] initcall populate_rootfs+0x0/0x102 returned 0 after 3160 usecs
[    6.358750] calling  pci_iommu_init+0x0/0x3e @ 1
[    6.364232] initcall pci_iommu_init+0x0/0x3e returned 0 after 37 usecs
[    6.373475] calling  ia32_binfmt_init+0x0/0x13 @ 1
[    6.379388] initcall ia32_binfmt_init+0x0/0x13 returned 0 after 32 usecs
[    6.388475] calling  rapl_pmu_init+0x0/0x267 @ 1
[    6.394275] initcall rapl_pmu_init+0x0/0x267 returned -19 after 66 usecs
[    6.402897] calling  amd_uncore_init+0x0/0x310 @ 1
[    6.409297] initcall amd_uncore_init+0x0/0x310 returned -19 after 1 usecs
[    6.417333] calling  amd_ibs_init+0x0/0x25f @ 1
[    6.422889] initcall amd_ibs_init+0x0/0x25f returned -19 after 1 usecs
[    6.430653] calling  amd_iommu_pc_init+0x0/0x22c @ 1
[    6.436693] initcall amd_iommu_pc_init+0x0/0x22c returned -19 after 88 usecs
[    6.444983] calling  msr_init+0x0/0x55 @ 1
[    6.450126] initcall msr_init+0x0/0x55 returned 0 after 149 usecs
[    6.457194] calling  intel_uncore_init+0x0/0x36f @ 1
[    6.463101] initcall intel_uncore_init+0x0/0x36f returned -19 after 22 usecs
[    6.472757] calling  cstate_pmu_init+0x0/0x1a1 @ 1
[    6.478421] initcall cstate_pmu_init+0x0/0x1a1 returned -19 after 1 usecs
[    6.486467] calling  register_kernel_offset_dumper+0x0/0x1a @ 1
[    6.493421] initcall register_kernel_offset_dumper+0x0/0x1a returned 0 after 29 usecs
[    6.502772] calling  i8259A_init_ops+0x0/0x20 @ 1
[    6.508234] initcall i8259A_init_ops+0x0/0x20 returned 0 after 2 usecs
[    6.515750] calling  init_tsc_clocksource+0x0/0xa4 @ 1
[    6.522009] clocksource: tsc: mask: 0xffffffffffffffff max_cycles: 0x39a85afc727, max_idle_ns: 881590685098 ns
[    6.533639] initcall init_tsc_clocksource+0x0/0xa4 returned 0 after 11368 usecs
[    6.542459] calling  add_rtc_cmos+0x0/0xb0 @ 1
[    6.547859] initcall add_rtc_cmos+0x0/0xb0 returned 0 after 14 usecs
[    6.555474] calling  i8237A_init_ops+0x0/0x3a @ 1
[    6.561434] initcall i8237A_init_ops+0x0/0x3a returned 0 after 89 usecs
[    6.569239] calling  umwait_init+0x0/0x94 @ 1
[    6.574683] initcall umwait_init+0x0/0x94 returned -19 after 16 usecs
[    6.582353] calling  thermal_throttle_init_device+0x0/0x3d @ 1
[    6.589307] initcall thermal_throttle_init_device+0x0/0x3d returned 0 after 12 usecs
[    6.598477] calling  msr_init+0x0/0xd7 @ 1
[    6.608929] initcall msr_init+0x0/0xd7 returned 0 after 5350 usecs
[    6.617990] calling  cpuid_init+0x0/0xd7 @ 1
[    6.629968] initcall cpuid_init+0x0/0xd7 returned 0 after 5586 usecs
[    6.639165] calling  ioapic_init_ops+0x0/0x13 @ 1
[    6.646128] initcall ioapic_init_ops+0x0/0x13 returned 0 after 32 usecs
[    6.656533] calling  add_pcspkr+0x0/0x6c @ 1
[    6.663226] initcall add_pcspkr+0x0/0x6c returned 0 after 228 usecs
[    6.672436] calling  start_periodic_check_for_corruption+0x0/0x30 @ 1
[    6.680914] check: Scanning for low memory corruption every 60 seconds
[    6.690323] initcall start_periodic_check_for_corruption+0x0/0x30 returned 0 after 9213 usecs
[    6.702596] calling  sysfb_init+0x0/0x9c @ 1
[    6.709119] initcall sysfb_init+0x0/0x9c returned 0 after 170 usecs
[    6.718375] calling  audit_classes_init+0x0/0xae @ 1
[    6.725325] initcall audit_classes_init+0x0/0xae returned 0 after 51 usecs
[    6.734464] calling  iosf_mbi_init+0x0/0x24 @ 1
[    6.741336] initcall iosf_mbi_init+0x0/0x24 returned 0 after 446 usecs
[    6.749410] calling  proc_execdomains_init+0x0/0x21 @ 1
[    6.756876] initcall proc_execdomains_init+0x0/0x21 returned 0 after 58 usecs
[    6.766672] calling  register_warn_debugfs+0x0/0x23 @ 1
[    6.772617] initcall register_warn_debugfs+0x0/0x23 returned 0 after 24 usecs
[    6.781371] calling  cpuhp_sysfs_init+0x0/0x79 @ 1
[    6.787846] initcall cpuhp_sysfs_init+0x0/0x79 returned 0 after 78 usecs
[    6.796354] calling  ioresources_init+0x0/0x49 @ 1
[    6.802826] initcall ioresources_init+0x0/0x49 returned 0 after 13 usecs
[    6.811426] calling  lockdep_proc_init+0x0/0x64 @ 1
[    6.818082] initcall lockdep_proc_init+0x0/0x64 returned 0 after 119 usecs
[    6.827405] calling  snapshot_device_init+0x0/0xc @ 1
[    6.842371] initcall snapshot_device_init+0x0/0xc returned 0 after 7595 usecs
[    6.851901] calling  irq_pm_init_ops+0x0/0x13 @ 1
[    6.858104] initcall irq_pm_init_ops+0x0/0x13 returned 0 after 92 usecs
[    6.866470] calling  rcu_torture_init+0x0/0x9be @ 1
[    6.872816] tasks-tracing-torture:--- Start of test: nreaders=3 nfakewriters=4 stat_interval=15 verbose=1 test_no_idle_hz=1 shuffle_interval=3 stutter=5 irqreader=1 fqs_duration=0 fqs_holdoff=0 fqs_stutter=3 test_boost=1/0 test_boost_interval=7 test_boost_duration=4 shutdown_secs=1800 stall_cpu=0 stall_cpu_holdoff=10 stall_cpu_irqsoff=0 stall_cpu_block=0 n_barrier_cbs=4 onoff_interval=1000 onoff_holdoff=30 read_exit_delay=13 read_exit_burst=16
[    6.918802] tasks-tracing:  Start-test grace-period state: g0 f0x0
[    6.926506] tasks-tracing-torture: Creating rcu_torture_writer task
[    6.937459] tasks-tracing-torture: Creating rcu_torture_fakewriter task
[    6.937986] tasks-tracing-torture: rcu_torture_writer task started
[    6.948422] tasks-tracing-torture: Creating rcu_torture_fakewriter task
[    6.948836] tasks-tracing-torture: rcu_torture_fakewriter task started
[    6.956086] tasks-tracing-torture: GP expediting controlled from boot/sysfs for tasks-tracing.
[    6.966907] tasks-tracing-torture: Creating rcu_torture_fakewriter task
[    6.966920] tasks-tracing-torture: rcu_torture_fakewriter task started
[    6.974109] rcu_torture_writer: Testing expedited GPs.
[    6.974112] rcu_torture_writer: Testing asynchronous GPs.
[    6.974113] rcu_torture_writer: Testing normal GPs.
[    7.031340] tasks-tracing-torture: Creating rcu_torture_fakewriter task
[    7.031829] tasks-tracing-torture: rcu_torture_fakewriter task started
[    7.042073] tasks-tracing-torture: Creating rcu_torture_reader task
[    7.042082] tasks-tracing-torture: rcu_torture_fakewriter task started
[    7.070305] tasks-tracing-torture: Creating rcu_torture_reader task
[    7.070713] tasks-tracing-torture: rcu_torture_reader task started
[    7.080931] tasks-tracing-torture: Creating rcu_torture_reader task
[    7.081220] tasks-tracing-torture: rcu_torture_reader task started
[    7.106884] tasks-tracing-torture: Creating rcu_torture_stats task
[    7.107078] tasks-tracing-torture: rcu_torture_reader task started
[    7.115824] tasks-tracing-torture: Creating torture_shuffle task
[    7.115862] tasks-tracing-torture: rcu_torture_stats task started
[    7.140029] tasks-tracing-torture: Creating torture_stutter task
[    7.140045] tasks-tracing-torture: torture_shuffle task started
[    7.149690] tasks-tracing-torture: Creating torture_shutdown task
[    7.156396] tasks-tracing-torture: torture_stutter task started
[    7.173069] tasks-tracing-torture: Creating torture_onoff task
[    7.173365] tasks-tracing-torture: torture_shutdown task started
[    7.182093] tasks-tracing-torture: rcu_torture_fwd_prog_init: Disabled, unsupported by RCU flavor under test
[    7.182111] tasks-tracing-torture: torture_onoff task started
[    7.182114] tasks-tracing-torture: torture_onoff begin holdoff
[    7.188014] tasks-tracing-torture:torture_shutdown task: 1799961 ms remaining
[    7.203036] tasks-tracing-torture: Creating rcu_torture_barrier_cbs task
[    7.242133] tasks-tracing-torture: Creating rcu_torture_barrier_cbs task
[    7.242451] tasks-tracing-torture: rcu_torture_barrier_cbs task started
[    7.254435] tasks-tracing-torture: Creating rcu_torture_barrier_cbs task
[    7.254494] tasks-tracing-torture: rcu_torture_barrier_cbs task started
[    7.279967] tasks-tracing-torture: Creating rcu_torture_barrier_cbs task
[    7.280260] tasks-tracing-torture: rcu_torture_barrier_cbs task started
[    7.291823] tasks-tracing-torture: Creating rcu_torture_barrier task
[    7.292142] tasks-tracing-torture: rcu_torture_barrier_cbs task started
[    7.320275] tasks-tracing-torture: Creating rcu_torture_read_exit task
[    7.320285] tasks-tracing-torture: rcu_torture_barrier task starting
[    7.330452] initcall rcu_torture_init+0x0/0x9be returned 0 after 447209 usecs
[    7.330472] tasks-tracing-torture: rcu_torture_read_exit: Start of test
[    7.356802] calling  timekeeping_init_ops+0x0/0x13 @ 1
[    7.363369] initcall timekeeping_init_ops+0x0/0x13 returned 0 after 19 usecs
[    7.372495] calling  init_clocksource_sysfs+0x0/0x23 @ 1
[    7.381180] initcall init_clocksource_sysfs+0x0/0x23 returned 0 after 223 usecs
[    7.392334] calling  init_timer_list_procfs+0x0/0x31 @ 1
[    7.401161] initcall init_timer_list_procfs+0x0/0x31 returned 0 after 11 usecs
[    7.412211] calling  alarmtimer_init+0x0/0xf5 @ 1
[    7.420001] initcall alarmtimer_init+0x0/0xf5 returned 0 after 480 usecs
[    7.430382] calling  init_posix_timers+0x0/0x29 @ 1
[    7.438046] initcall init_posix_timers+0x0/0x29 returned 0 after 24 usecs
[    7.448016] calling  clockevents_init_sysfs+0x0/0xbf @ 1
[    7.455952] initcall clockevents_init_sysfs+0x0/0xbf returned 0 after 599 usecs
[    7.465503] calling  proc_dma_init+0x0/0x21 @ 1
[    7.471681] initcall proc_dma_init+0x0/0x21 returned 0 after 87 usecs
[    7.480767] calling  proc_modules_init+0x0/0x1e @ 1
[    7.487862] initcall proc_modules_init+0x0/0x1e returned 0 after 12 usecs
[    7.497915] calling  kallsyms_init+0x0/0x21 @ 1
[    7.504888] initcall kallsyms_init+0x0/0x21 returned 0 after 12 usecs
[    7.515385] calling  pid_namespaces_init+0x0/0x2c @ 1
[    7.522938] initcall pid_namespaces_init+0x0/0x2c returned 0 after 22 usecs
[    7.532918] calling  audit_watch_init+0x0/0x37 @ 1
[    7.540436] initcall audit_watch_init+0x0/0x37 returned 0 after 22 usecs
[    7.550829] calling  audit_fsnotify_init+0x0/0x37 @ 1
[    7.558453] initcall audit_fsnotify_init+0x0/0x37 returned 0 after 4 usecs
[    7.567106] calling  audit_tree_init+0x0/0x6d @ 1
[    7.572938] initcall audit_tree_init+0x0/0x6d returned 0 after 15 usecs
[    7.581380] calling  seccomp_sysctl_init+0x0/0x2b @ 1
[    7.587916] initcall seccomp_sysctl_init+0x0/0x2b returned 0 after 30 usecs
[    7.596605] calling  utsname_sysctl_init+0x0/0x13 @ 1
[    7.602917] initcall utsname_sysctl_init+0x0/0x13 returned 0 after 31 usecs
[    7.611734] calling  init_tracepoints+0x0/0x27 @ 1
[    7.618029] initcall init_tracepoints+0x0/0x27 returned 0 after 123 usecs
[    7.626817] calling  init_blk_tracer+0x0/0x50 @ 1
[    7.634083] initcall init_blk_tracer+0x0/0x50 returned 0 after 946 usecs
[    7.643100] calling  perf_event_sysfs_init+0x0/0x83 @ 1
[    7.651020] initcall perf_event_sysfs_init+0x0/0x83 returned 0 after 860 usecs
[    7.661038] calling  system_trusted_keyring_init+0x0/0x60 @ 1
[    7.668923] Initialise system trusted keyrings
[    7.675225] initcall system_trusted_keyring_init+0x0/0x60 returned 0 after 6169 usecs
[    7.685179] calling  kswapd_init+0x0/0x5c @ 1
[    7.693498] initcall kswapd_init+0x0/0x5c returned 0 after 2417 usecs
[    7.701862] calling  extfrag_debug_init+0x0/0x54 @ 1
[    7.708448] initcall extfrag_debug_init+0x0/0x54 returned 0 after 281 usecs
[    7.717319] calling  mm_compute_batch_init+0x0/0x12 @ 1
[    7.724048] initcall mm_compute_batch_init+0x0/0x12 returned 0 after 16 usecs
[    7.732737] calling  slab_proc_init+0x0/0x21 @ 1
[    7.738975] initcall slab_proc_init+0x0/0x21 returned 0 after 73 usecs
[    7.748819] calling  workingset_init+0x0/0x8c @ 1
[    7.755689] workingset: timestamp_bits=56 max_order=17 bucket_order=0
[    7.766396] initcall workingset_init+0x0/0x8c returned 0 after 10448 usecs
[    7.777614] calling  proc_vmalloc_init+0x0/0x32 @ 1
[    7.785414] initcall proc_vmalloc_init+0x0/0x32 returned 0 after 17 usecs
[    7.794814] calling  procswaps_init+0x0/0x1e @ 1
[    7.801207] initcall procswaps_init+0x0/0x1e returned 0 after 286 usecs
[    7.809848] calling  slab_sysfs_init+0x0/0xec @ 1
[    7.841709] initcall slab_sysfs_init+0x0/0xec returned 0 after 25100 usecs
[    7.851226] calling  fcntl_init+0x0/0x29 @ 1
[    7.857257] initcall fcntl_init+0x0/0x29 returned 0 after 132 usecs
[    7.865157] calling  proc_filesystems_init+0x0/0x21 @ 1
[    7.872522] initcall proc_filesystems_init+0x0/0x21 returned 0 after 13 usecs
[    7.881800] calling  start_dirtytime_writeback+0x0/0x29 @ 1
[    7.889591] initcall start_dirtytime_writeback+0x0/0x29 returned 0 after 3 usecs
[    7.900630] calling  blkdev_init+0x0/0x1b @ 1
[    7.908046] initcall blkdev_init+0x0/0x1b returned 0 after 1568 usecs
[    7.916254] calling  dio_init+0x0/0x2c @ 1
[    7.922266] initcall dio_init+0x0/0x2c returned 0 after 213 usecs
[    7.930844] calling  dnotify_init+0x0/0x78 @ 1
[    7.937227] initcall dnotify_init+0x0/0x78 returned 0 after 154 usecs
[    7.946454] calling  aio_setup+0x0/0x78 @ 1
[    7.952538] initcall aio_setup+0x0/0x78 returned 0 after 186 usecs
[    7.961275] calling  io_uring_init+0x0/0x2c @ 1
[    7.967931] initcall io_uring_init+0x0/0x2c returned 0 after 18 usecs
[    7.977164] calling  mbcache_init+0x0/0x30 @ 1
[    7.983987] initcall mbcache_init+0x0/0x30 returned 0 after 237 usecs
[    7.993048] calling  init_grace+0x0/0xc @ 1
[    7.999996] initcall init_grace+0x0/0xc returned 0 after 72 usecs
[    8.008354] calling  init_v2_quota_format+0x0/0x21 @ 1
[    8.015869] initcall init_v2_quota_format+0x0/0x21 returned 0 after 333 usecs
[    8.025529] calling  init_devpts_fs+0x0/0x27 @ 1
[    8.031998] initcall init_devpts_fs+0x0/0x27 returned 0 after 96 usecs
[    8.041993] calling  ext4_init_fs+0x0/0x1c2 @ 1
[    8.054159] initcall ext4_init_fs+0x0/0x1c2 returned 0 after 4706 usecs
[    8.064579] calling  journal_init+0x0/0x11c @ 1
[    8.070672] initcall journal_init+0x0/0x11c returned 0 after 307 usecs
[    8.079175] calling  init_fat_fs+0x0/0x49 @ 1
[    8.085255] initcall init_fat_fs+0x0/0x49 returned 0 after 189 usecs
[    8.093973] calling  init_vfat_fs+0x0/0xc @ 1
[    8.100716] initcall init_vfat_fs+0x0/0xc returned 0 after 192 usecs
[    8.108891] calling  init_msdos_fs+0x0/0xc @ 1
[    8.115777] initcall init_msdos_fs+0x0/0xc returned 0 after 6 usecs
[    8.126169] calling  init_iso9660_fs+0x0/0x6c @ 1
[    8.134285] initcall init_iso9660_fs+0x0/0x6c returned 0 after 230 usecs
[    8.145262] calling  init_nfs_fs+0x0/0x13a @ 1
[    8.156052] initcall init_nfs_fs+0x0/0x13a returned 0 after 4714 usecs
[    8.166165] calling  init_nfs_v2+0x0/0x13 @ 1
[    8.172892] initcall init_nfs_v2+0x0/0x13 returned 0 after 451 usecs
[    8.182207] calling  init_nfs_v3+0x0/0x13 @ 1
[    8.188792] initcall init_nfs_v3+0x0/0x13 returned 0 after 2 usecs
[    8.198006] calling  init_nfs_v4+0x0/0x32 @ 1
[    8.204157] NFS: Registering the id_resolver key type
[    8.212966] Key type id_resolver registered
[    8.218763] Key type id_legacy registered
[    8.225135] initcall init_nfs_v4+0x0/0x32 returned 0 after 20562 usecs
[    8.235584] calling  init_nlm+0x0/0x5b @ 1
[    8.242225] initcall init_nlm+0x0/0x5b returned 0 after 70 usecs
[    8.250560] calling  init_nls_cp437+0x0/0xe @ 1
[    8.258539] initcall init_nls_cp437+0x0/0xe returned 0 after 953 usecs
[    8.268400] calling  init_nls_ascii+0x0/0xe @ 1
[    8.275002] initcall init_nls_ascii+0x0/0xe returned 0 after 2 usecs
[    8.284293] calling  init_nls_iso8859_1+0x0/0xe @ 1
[    8.291321] initcall init_nls_iso8859_1+0x0/0xe returned 0 after 2 usecs
[    8.302118] calling  init_nls_utf8+0x0/0x21 @ 1
[    8.309367] initcall init_nls_utf8+0x0/0x21 returned 0 after 3 usecs
[    8.319874] calling  init_autofs_fs+0x0/0x25 @ 1
[    8.329270] initcall init_autofs_fs+0x0/0x25 returned 0 after 1434 usecs
[    8.339910] calling  ipc_init+0x0/0x24 @ 1
[    8.346891] initcall ipc_init+0x0/0x24 returned 0 after 339 usecs
[    8.357046] calling  ipc_sysctl_init+0x0/0x13 @ 1
[    8.364419] initcall ipc_sysctl_init+0x0/0x13 returned 0 after 19 usecs
[    8.374052] calling  init_mqueue_fs+0x0/0xb1 @ 1
[    8.384108] initcall init_mqueue_fs+0x0/0xb1 returned 0 after 3065 usecs
[    8.393090] calling  key_proc_init+0x0/0x63 @ 1
[    8.399530] initcall key_proc_init+0x0/0x63 returned 0 after 12 usecs
[    8.409118] calling  selinux_nf_ip_init+0x0/0x2e @ 1
[    8.416355] initcall selinux_nf_ip_init+0x0/0x2e returned 0 after 84 usecs
[    8.426355] calling  init_sel_fs+0x0/0x116 @ 1
[    8.432737] initcall init_sel_fs+0x0/0x116 returned 0 after 1 usecs
[    8.441518] calling  selnl_init+0x0/0x7c @ 1
[    8.447899] initcall selnl_init+0x0/0x7c returned 0 after 53 usecs
[    8.457158] calling  sel_netif_init+0x0/0x36 @ 1
[    8.464071] initcall sel_netif_init+0x0/0x36 returned 0 after 1 usecs
[    8.473376] calling  sel_netnode_init+0x0/0x33 @ 1
[    8.480714] initcall sel_netnode_init+0x0/0x33 returned 0 after 1 usecs
[    8.490356] calling  sel_netport_init+0x0/0x33 @ 1
[    8.497299] initcall sel_netport_init+0x0/0x33 returned 0 after 1 usecs
[    8.506685] calling  aurule_init+0x0/0x2a @ 1
[    8.514187] initcall aurule_init+0x0/0x2a returned 0 after 3 usecs
[    8.523498] calling  crypto_algapi_init+0x0/0xc @ 1
[    8.530539] initcall crypto_algapi_init+0x0/0xc returned 0 after 11 usecs
[    8.540263] calling  jent_mod_init+0x0/0x2d @ 1
[    8.561587] initcall jent_mod_init+0x0/0x2d returned 0 after 14417 usecs
[    8.562468] cryptomgr_test (90) used greatest stack depth: 14616 bytes left
[    8.571919] calling  asymmetric_key_init+0x0/0xc @ 1
[    8.589368] Key type asymmetric registered
[    8.595350] initcall asymmetric_key_init+0x0/0xc returned 0 after 5839 usecs
[    8.605448] calling  x509_key_init+0x0/0xc @ 1
[    8.612238] Asymmetric key parser 'x509' registered
[    8.619416] initcall x509_key_init+0x0/0xc returned 0 after 7089 usecs
[    8.629779] calling  proc_genhd_init+0x0/0x41 @ 1
[    8.636668] initcall proc_genhd_init+0x0/0x41 returned 0 after 13 usecs
[    8.646142] calling  bsg_init+0x0/0x113 @ 1
[    8.652624] Block layer SCSI generic (bsg) driver version 0.4 loaded (major 251)
[    8.664011] initcall bsg_init+0x0/0x113 returned 0 after 11147 usecs
[    8.673387] calling  deadline_init+0x0/0xc @ 1
[    8.679834] io scheduler mq-deadline registered
[    8.686731] initcall deadline_init+0x0/0xc returned 0 after 6917 usecs
[    8.696006] calling  kyber_init+0x0/0xc @ 1
[    8.702458] io scheduler kyber registered
[    8.708543] initcall kyber_init+0x0/0xc returned 0 after 5940 usecs
[    8.717628] calling  mod_init+0x0/0x7 @ 1
[    8.723953] initcall mod_init+0x0/0x7 returned 0 after 0 usecs
[    8.732506] calling  percpu_counter_startup+0x0/0x55 @ 1
[    8.741932] initcall percpu_counter_startup+0x0/0x55 returned 0 after 1666 usecs
[    8.752417] calling  sg_pool_init+0x0/0xb4 @ 1
[    8.759314] initcall sg_pool_init+0x0/0xb4 returned 0 after 483 usecs
[    8.768437] calling  pcie_portdrv_init+0x0/0x39 @ 1
[    8.775474] initcall pcie_portdrv_init+0x0/0x39 returned 0 after 99 usecs
[    8.785290] calling  pci_proc_init+0x0/0x68 @ 1
[    8.791969] initcall pci_proc_init+0x0/0x68 returned 0 after 53 usecs
[    8.801151] calling  pci_hotplug_init+0x0/0x7 @ 1
[    8.807859] initcall pci_hotplug_init+0x0/0x7 returned 0 after 0 usecs
[    8.818813] calling  efifb_driver_init+0x0/0xe @ 1
[    8.826367] initcall efifb_driver_init+0x0/0xe returned 0 after 87 usecs
[    8.835660] calling  ged_driver_init+0x0/0xe @ 1
[    8.842752] initcall ged_driver_init+0x0/0xe returned 0 after 254 usecs
[    8.852068] calling  acpi_ac_init+0x0/0x92 @ 1
[    8.863233] initcall acpi_ac_init+0x0/0x92 returned 0 after 1817 usecs
[    8.872383] calling  acpi_button_driver_init+0x0/0x52 @ 1
[    8.882355] input: Power Button as /devices/LNXSYSTM:00/LNXPWRBN:00/input/input0
[    8.895300] ACPI: Power Button [PWRF]
[    8.901417] initcall acpi_button_driver_init+0x0/0x52 returned 0 after 20582 usecs
[    8.912376] calling  acpi_fan_driver_init+0x0/0xe @ 1
[    8.919634] initcall acpi_fan_driver_init+0x0/0xe returned 0 after 33 usecs
[    8.929706] calling  acpi_video_init+0x0/0xcb @ 1
[    8.937045] initcall acpi_video_init+0x0/0xcb returned 0 after 328 usecs
[    8.946806] calling  acpi_processor_driver_init+0x0/0xad @ 1
[    8.956235] initcall acpi_processor_driver_init+0x0/0xad returned 0 after 1338 usecs
[    8.967147] calling  acpi_thermal_init+0x0/0x71 @ 1
[    8.975918] initcall acpi_thermal_init+0x0/0x71 returned 0 after 1739 usecs
[    8.985763] calling  acpi_battery_init+0x0/0x32 @ 1
[    8.993261] initcall acpi_battery_init+0x0/0x32 returned 0 after 193 usecs
[    9.002937] calling  bgrt_init+0x0/0xb6 @ 1
[    9.009471] initcall bgrt_init+0x0/0xb6 returned -19 after 0 usecs
[    9.018795] calling  gpio_clk_driver_init+0x0/0xe @ 1
[    9.026173] initcall gpio_clk_driver_init+0x0/0xe returned 0 after 42 usecs
[    9.036056] calling  plt_clk_driver_init+0x0/0xe @ 1
[    9.043398] initcall plt_clk_driver_init+0x0/0xe returned 0 after 41 usecs
[    9.053147] calling  virtio_pci_driver_init+0x0/0x15 @ 1
[    9.061180] initcall virtio_pci_driver_init+0x0/0x15 returned 0 after 63 usecs
[    9.070985] calling  n_null_init+0x0/0x1e @ 1
[    9.076767] initcall n_null_init+0x0/0x1e returned 0 after 53 usecs
[    9.086081] calling  pty_init+0x0/0x1e8 @ 1
[    9.093895] initcall pty_init+0x0/0x1e8 returned 0 after 1588 usecs
[    9.104325] calling  sysrq_init+0x0/0x62 @ 1
[    9.110432] initcall sysrq_init+0x0/0x62 returned 0 after 13 usecs
[    9.118268] calling  serial8250_init+0x0/0x17e @ 1
[    9.124912] Serial: 8250/16550 driver, 4 ports, IRQ sharing enabled
[    9.135721] 00:03: ttyS0 at I/O 0x3f8 (irq = 4, base_baud = 115200) is a 16550A
[    9.163313] initcall serial8250_init+0x0/0x17e returned 0 after 37519 usecs
[    9.174665] calling  serial_pci_driver_init+0x0/0x15 @ 1
[    9.184132] initcall serial_pci_driver_init+0x0/0x15 returned 0 after 163 usecs
[    9.196754] calling  exar_pci_driver_init+0x0/0x15 @ 1
[    9.205357] initcall exar_pci_driver_init+0x0/0x15 returned 0 after 51 usecs
[    9.216769] calling  lpss8250_pci_driver_init+0x0/0x15 @ 1
[    9.225348] initcall lpss8250_pci_driver_init+0x0/0x15 returned 0 after 43 usecs
[    9.236682] calling  mid8250_pci_driver_init+0x0/0x15 @ 1
[    9.244837] initcall mid8250_pci_driver_init+0x0/0x15 returned 0 after 47 usecs
[    9.257206] calling  virtio_console_init+0x0/0xff @ 1
[    9.265159] initcall virtio_console_init+0x0/0xff returned 0 after 151 usecs
[    9.276307] calling  hpet_init+0x0/0x64 @ 1
[    9.285739] initcall hpet_init+0x0/0x64 returned 0 after 2361 usecs
[    9.295068] calling  nvram_module_init+0x0/0x83 @ 1
[    9.305226] Non-volatile memory driver v1.3
[    9.312784] initcall nvram_module_init+0x0/0x83 returned 0 after 10117 usecs
[    9.323483] calling  hwrng_modinit+0x0/0x8a @ 1
[    9.333687] initcall hwrng_modinit+0x0/0x8a returned 0 after 3301 usecs
[    9.345333] calling  mod_init+0x0/0x48 @ 1
[    9.352833] initcall mod_init+0x0/0x48 returned -19 after 1 usecs
[    9.363402] calling  agp_init+0x0/0x23 @ 1
[    9.370529] Linux agpgart interface v0.103
[    9.377756] initcall agp_init+0x0/0x23 returned 0 after 7053 usecs
[    9.389242] calling  agp_amd64_mod_init+0x0/0x5 @ 1
[    9.398448] initcall agp_amd64_mod_init+0x0/0x5 returned -19 after 291 usecs
[    9.411102] calling  agp_intel_init+0x0/0x28 @ 1
[    9.420341] initcall agp_intel_init+0x0/0x28 returned 0 after 714 usecs
[    9.432056] calling  drm_kms_helper_init+0x0/0x7 @ 1
[    9.441239] initcall drm_kms_helper_init+0x0/0x7 returned 0 after 0 usecs
[    9.453112] calling  drm_core_init+0x0/0xbd @ 1
[    9.462337] initcall drm_core_init+0x0/0xbd returned 0 after 695 usecs
[    9.474478] calling  i915_init+0x0/0x6b @ 1
[    9.482944] initcall i915_init+0x0/0x6b returned 0 after 821 usecs
[    9.496217] calling  cn_proc_init+0x0/0x35 @ 1
[    9.503918] initcall cn_proc_init+0x0/0x35 returned 0 after 135 usecs
[    9.515264] calling  topology_sysfs_init+0x0/0x27 @ 1
[    9.524439] initcall topology_sysfs_init+0x0/0x27 returned 0 after 209 usecs
[    9.536700] calling  cacheinfo_sysfs_init+0x0/0x27 @ 1
[    9.553543] initcall cacheinfo_sysfs_init+0x0/0x27 returned 0 after 7451 usecs
[    9.567416] calling  loop_init+0x0/0x16a @ 1
[    9.682245] loop: module loaded
[    9.687158] initcall loop_init+0x0/0x16a returned 0 after 109603 usecs
[    9.696624] calling  mac_hid_init+0x0/0x21 @ 1
[    9.703294] initcall mac_hid_init+0x0/0x21 returned 0 after 56 usecs
[    9.712977] calling  spi_transport_init+0x0/0x74 @ 1
[    9.721173] initcall spi_transport_init+0x0/0x74 returned 0 after 319 usecs
[    9.732239] calling  init_sd+0x0/0x18c @ 1
[    9.739264] initcall init_sd+0x0/0x18c returned 0 after 281 usecs
[    9.748987] calling  init_sr+0x0/0x43 @ 1
[    9.755959] initcall init_sr+0x0/0x43 returned 0 after 463 usecs
[    9.765692] calling  init_sg+0x0/0x1c0 @ 1
[    9.772487] initcall init_sg+0x0/0x1c0 returned 0 after 378 usecs
[    9.782377] calling  ahci_pci_driver_init+0x0/0x15 @ 1
[    9.792558] ahci 0000:00:1f.2: version 3.0
[    9.806153] PCI Interrupt Link [GSIA] enabled at IRQ 16
[    9.828992] ahci 0000:00:1f.2: AHCI 0001.0000 32 slots 6 ports 1.5 Gbps 0x3f impl SATA mode
[    9.840619] ahci 0000:00:1f.2: flags: 64bit ncq only 
[    9.885244] scsi host0: ahci
[    9.919001] scsi host1: ahci
[    9.927873] scsi host2: ahci
[    9.939201] scsi host3: ahci
[    9.950024] scsi host4: ahci
[    9.959320] scsi host5: ahci
[    9.965283] ata1: SATA max UDMA/133 abar m4096@0xfebf1000 port 0xfebf1100 irq 24
[    9.975727] ata2: SATA max UDMA/133 abar m4096@0xfebf1000 port 0xfebf1180 irq 24
[    9.985756] ata3: SATA max UDMA/133 abar m4096@0xfebf1000 port 0xfebf1200 irq 24
[    9.996498] ata4: SATA max UDMA/133 abar m4096@0xfebf1000 port 0xfebf1280 irq 24
[   10.007392] ata5: SATA max UDMA/133 abar m4096@0xfebf1000 port 0xfebf1300 irq 24
[   10.018059] ata6: SATA max UDMA/133 abar m4096@0xfebf1000 port 0xfebf1380 irq 24
[   10.029160] initcall ahci_pci_driver_init+0x0/0x15 returned 0 after 231538 usecs
[   10.040624] calling  piix_init+0x0/0x26 @ 1
[   10.047915] initcall piix_init+0x0/0x26 returned 0 after 474 usecs
[   10.057144] calling  amd_pci_driver_init+0x0/0x15 @ 1
[   10.064778] initcall amd_pci_driver_init+0x0/0x15 returned 0 after 67 usecs
[   10.075976] calling  oldpiix_pci_driver_init+0x0/0x15 @ 1
[   10.085153] initcall oldpiix_pci_driver_init+0x0/0x15 returned 0 after 266 usecs
[   10.097190] calling  sch_pci_driver_init+0x0/0x15 @ 1
[   10.104145] initcall sch_pci_driver_init+0x0/0x15 returned 0 after 65 usecs
[   10.113556] calling  net_olddevs_init+0x0/0x55 @ 1
[   10.120293] initcall net_olddevs_init+0x0/0x55 returned 0 after 105 usecs
[   10.129857] calling  blackhole_netdev_init+0x0/0x78 @ 1
[   10.138257] initcall blackhole_netdev_init+0x0/0x78 returned 0 after 553 usecs
[   10.148204] calling  phy_module_init+0x0/0x13 @ 1
[   10.156474] initcall phy_module_init+0x0/0x13 returned 0 after 1572 usecs
[   10.185935] calling  tg3_driver_init+0x0/0x15 @ 1
[   10.201486] initcall tg3_driver_init+0x0/0x15 returned 0 after 5307 usecs
[   10.212878] calling  e100_init_module+0x0/0x4c @ 1
[   10.221478] e100: Intel(R) PRO/100 Network Driver
[   10.229635] e100: Copyright(c) 1999-2006 Intel Corporation
[   10.239402] initcall e100_init_module+0x0/0x4c returned 0 after 17529 usecs
[   10.250803] calling  e1000_init_module+0x0/0x72 @ 1
[   10.258089] e1000: Intel(R) PRO/1000 Network Driver
[   10.265186] e1000: Copyright (c) 1999-2006 Intel Corporation.
[   10.275626] initcall e1000_init_module+0x0/0x72 returned 0 after 17114 usecs
[   10.287232] calling  e1000_init_module+0x0/0x2d @ 1
[   10.293536] e1000e: Intel(R) PRO/1000 Network Driver
[   10.301204] e1000e: Copyright(c) 1999 - 2015 Intel Corporation.
[   10.311876] initcall e1000_init_module+0x0/0x2d returned 0 after 18004 usecs
[   10.322260] calling  sky2_init_module+0x0/0x21 @ 1
[   10.329574] sky2: driver version 1.30
[   10.337370] initcall sky2_init_module+0x0/0x21 returned 0 after 7607 usecs
[   10.349244] calling  forcedeth_pci_driver_init+0x0/0x15 @ 1
[   10.355725] ata1: SATA link down (SStatus 0 SControl 300)
[   10.367372] initcall forcedeth_pci_driver_init+0x0/0x15 returned 0 after 201 usecs
[   10.367376] calling  rtl8139_init_module+0x0/0x15 @ 1
[   10.367527] initcall rtl8139_init_module+0x0/0x15 returned 0 after 145 usecs
[   10.367530] calling  rtl8169_pci_driver_init+0x0/0x15 @ 1
[   10.368021] initcall rtl8169_pci_driver_init+0x0/0x15 returned 0 after 476 usecs
[   10.368095] calling  cdrom_init+0x0/0xc @ 1
[   10.368963] initcall cdrom_init+0x0/0xc returned 0 after 843 usecs
[   10.368966] calling  nonstatic_sysfs_init+0x0/0xc @ 1
[   10.369283] initcall nonstatic_sysfs_init+0x0/0xc returned 0 after 307 usecs
[   10.369285] calling  yenta_cardbus_driver_init+0x0/0x15 @ 1
[   10.369781] initcall yenta_cardbus_driver_init+0x0/0x15 returned 0 after 480 usecs
[   10.369784] calling  mon_init+0x0/0x144 @ 1
[   10.394433] initcall mon_init+0x0/0x144 returned 0 after 24058 usecs
[   10.407833] ata4: SATA link down (SStatus 0 SControl 300)
[   10.409201] calling  ehci_hcd_init+0x0/0x56 @ 1
[   10.409366] ehci_hcd: USB 2.0 'Enhanced' Host Controller (EHCI) Driver
[   10.409371] initcall ehci_hcd_init+0x0/0x56 returned 0 after 161 usecs
[   10.409374] calling  ehci_pci_init+0x0/0x64 @ 1
[   10.409446] ehci-pci: EHCI PCI platform driver
[   10.409893] initcall ehci_pci_init+0x0/0x64 returned 0 after 502 usecs
[   10.426315] ata5: SATA link down (SStatus 0 SControl 300)
[   10.428712] calling  ohci_hcd_mod_init+0x0/0x4e @ 1
[   10.428792] ohci_hcd: USB 1.1 'Open' Host Controller (OHCI) Driver
[   10.428886] initcall ohci_hcd_mod_init+0x0/0x4e returned 0 after 165 usecs
[   10.428888] calling  ohci_pci_init+0x0/0x64 @ 1
[   10.428890] ohci-pci: OHCI PCI platform driver
[   10.429016] initcall ohci_pci_init+0x0/0x64 returned 0 after 121 usecs
[   10.429019] calling  uhci_hcd_init+0x0/0xa8 @ 1
[   10.429020] uhci_hcd: USB Universal Host Controller Interface driver
[   10.430301] initcall uhci_hcd_init+0x0/0xa8 returned 0 after 1247 usecs
[   10.443970] ata6: SATA link down (SStatus 0 SControl 300)
[   10.448648] calling  xhci_hcd_init+0x0/0x1e @ 1
[   10.470347] ata3: SATA link up 1.5 Gbps (SStatus 113 SControl 300)
[   10.474458] ata3.00: ATAPI: QEMU DVD-ROM, 2.5+, max UDMA/100
[   10.482872] initcall xhci_hcd_init+0x0/0x1e returned 0 after 100 usecs
[   10.482877] calling  xhci_pci_init+0x0/0x49 @ 1
[   10.483210] initcall xhci_pci_init+0x0/0x49 returned 0 after 321 usecs
[   10.489225] ata3.00: applying bridge limits
[   10.492400] ata2: SATA link down (SStatus 0 SControl 300)
[   10.500389] calling  usblp_driver_init+0x0/0x15 @ 1
[   10.512482] ata3.00: configured for UDMA/100
[   10.517016] usbcore: registered new interface driver usblp
[   10.517025] initcall usblp_driver_init+0x0/0x15 returned 0 after 960 usecs
[   10.517028] calling  usb_storage_driver_init+0x0/0x2a @ 1
[   10.517203] usbcore: registered new interface driver usb-storage
[   10.517207] initcall usb_storage_driver_init+0x0/0x2a returned 0 after 171 usecs
[   10.517209] calling  i8042_init+0x0/0x4c2 @ 1
[   10.523950] i8042: PNP: PS/2 Controller [PNP0303:KBD,PNP0f13:MOU] at 0x60,0x64 irq 1,12
[   10.548899] scsi 2:0:0:0: CD-ROM            QEMU     QEMU DVD-ROM     2.5+ PQ: 0 ANSI: 5
[   10.575290] serio: i8042 KBD port at 0x60,0x64 irq 1
[   10.841266] serio: i8042 AUX port at 0x60,0x64 irq 12
[   10.849174] initcall i8042_init+0x0/0x4c2 returned 0 after 324175 usecs
[   10.859393] calling  serport_init+0x0/0x2c @ 1
[   10.866553] initcall serport_init+0x0/0x2c returned 0 after 119 usecs
[   10.876257] calling  input_leds_init+0x0/0xc @ 1
[   10.883507] initcall input_leds_init+0x0/0xc returned 0 after 105 usecs
[   10.892927] calling  evdev_init+0x0/0xc @ 1
[   10.903050] initcall evdev_init+0x0/0xc returned 0 after 3418 usecs
[   10.913047] calling  atkbd_init+0x0/0x21 @ 1
[   10.921507] sr 2:0:0:0: [sr0] scsi3-mmc drive: 4x/4x cd/rw xa/form2 tray
[   10.921963] initcall atkbd_init+0x0/0x21 returned 0 after 91 usecs
[   10.931515] cdrom: Uniform CD-ROM driver Revision: 3.20
[   10.940768] calling  psmouse_init+0x0/0x7f @ 1
[   10.956534] initcall psmouse_init+0x0/0x7f returned 0 after 1052 usecs
[   10.966511] calling  cmos_init+0x0/0x73 @ 1
[   10.977349] rtc_cmos 00:04: RTC can wake from S4
[   10.997598] rtc_cmos 00:04: registered as rtc0
[   11.001896] input: AT Translated Set 2 keyboard as /devices/platform/i8042/serio0/input/input1
[   11.005802] rtc_cmos 00:04: alarms up to one day, y3k, 242 bytes nvram, hpet irqs
[   11.029588] initcall cmos_init+0x0/0x73 returned 0 after 53050 usecs
[   11.039733] calling  smbalert_driver_init+0x0/0xe @ 1
[   11.047566] initcall smbalert_driver_init+0x0/0xe returned 0 after 186 usecs
[   11.058473] calling  i2c_i801_init+0x0/0xc5 @ 1
[   11.076075] i801_smbus 0000:00:1f.3: SMBus using PCI interrupt
[   11.087344] i2c i2c-0: 1/1 memory slots populated (from DMI)
[   11.096251] i2c i2c-0: Memory type 0x07 not supported yet, not instantiating SPD
[   11.107888] initcall i2c_i801_init+0x0/0xc5 returned 0 after 41240 usecs
[   11.118334] calling  ptp_kvm_init+0x0/0xf0 @ 1
[   11.129393] initcall ptp_kvm_init+0x0/0xf0 returned 0 after 4040 usecs
[   11.139543] calling  dm_init+0x0/0x3c @ 1
[   11.151901] device-mapper: ioctl: 4.43.0-ioctl (2020-10-01) initialised: dm-devel@redhat.com
[   11.162076] sr 2:0:0:0: Attached scsi CD-ROM sr0
[   11.163412] initcall dm_init+0x0/0x3c returned 0 after 17044 usecs
[   11.163416] calling  dm_mirror_init+0x0/0x29 @ 1
[   11.163436] initcall dm_mirror_init+0x0/0x29 returned 0 after 16 usecs
[   11.163438] calling  dm_dirty_log_init+0x0/0x4f @ 1
[   11.163924] initcall dm_dirty_log_init+0x0/0x4f returned 0 after 469 usecs
[   11.172408] sr 2:0:0:0: Attached scsi generic sg0 type 5
[   11.178891] calling  dm_zero_init+0x0/0x29 @ 1
[   11.224239] initcall dm_zero_init+0x0/0x29 returned 0 after 4 usecs
[   11.232931] calling  intel_pstate_init+0x0/0x512 @ 1
[   11.240219] intel_pstate: CPU model not supported
[   11.246988] initcall intel_pstate_init+0x0/0x512 returned -19 after 6645 usecs
[   11.258344] calling  haltpoll_init+0x0/0xc0 @ 1
[   11.265110] initcall haltpoll_init+0x0/0xc0 returned -19 after 36 usecs
[   11.274788] calling  efivars_sysfs_init+0x0/0x30 @ 1
[   11.281988] initcall efivars_sysfs_init+0x0/0x30 returned 0 after 62 usecs
[   11.291748] calling  esrt_sysfs_init+0x0/0x2a2 @ 1
[   11.298819] initcall esrt_sysfs_init+0x0/0x2a2 returned -38 after 27 usecs
[   11.308259] calling  hid_init+0x0/0x5c @ 1
[   11.313902] hid: raw HID events driver (C) Jiri Kosina
[   11.320873] initcall hid_init+0x0/0x5c returned 0 after 6977 usecs
[   11.329597] calling  hid_generic_init+0x0/0x15 @ 1
[   11.336365] initcall hid_generic_init+0x0/0x15 returned 0 after 143 usecs
[   11.346766] calling  a4_driver_init+0x0/0x15 @ 1
[   11.353781] initcall a4_driver_init+0x0/0x15 returned 0 after 130 usecs
[   11.363531] calling  apple_driver_init+0x0/0x15 @ 1
[   11.371048] initcall apple_driver_init+0x0/0x15 returned 0 after 90 usecs
[   11.381735] calling  belkin_driver_init+0x0/0x15 @ 1
[   11.389318] initcall belkin_driver_init+0x0/0x15 returned 0 after 45 usecs
[   11.402178] calling  ch_driver_init+0x0/0x15 @ 1
[   11.412218] initcall ch_driver_init+0x0/0x15 returned 0 after 40 usecs
[   11.421145] calling  ch_driver_init+0x0/0x15 @ 1
[   11.427477] initcall ch_driver_init+0x0/0x15 returned 0 after 65 usecs
[   11.436771] calling  cp_driver_init+0x0/0x15 @ 1
[   11.443709] initcall cp_driver_init+0x0/0x15 returned 0 after 157 usecs
[   11.453142] calling  ez_driver_init+0x0/0x15 @ 1
[   11.459968] initcall ez_driver_init+0x0/0x15 returned 0 after 60 usecs
[   11.469186] calling  gyration_driver_init+0x0/0x15 @ 1
[   11.476473] initcall gyration_driver_init+0x0/0x15 returned 0 after 35 usecs
[   11.486737] calling  ite_driver_init+0x0/0x15 @ 1
[   11.493768] initcall ite_driver_init+0x0/0x15 returned 0 after 40 usecs
[   11.503188] calling  ks_driver_init+0x0/0x15 @ 1
[   11.510030] initcall ks_driver_init+0x0/0x15 returned 0 after 71 usecs
[   11.520728] calling  lg_driver_init+0x0/0x15 @ 1
[   11.527699] initcall lg_driver_init+0x0/0x15 returned 0 after 101 usecs
[   11.550064] calling  lg_g15_driver_init+0x0/0x15 @ 1
[   11.562177] initcall lg_g15_driver_init+0x0/0x15 returned 0 after 3212 usecs
[   11.572192] calling  ms_driver_init+0x0/0x15 @ 1
[   11.579016] initcall ms_driver_init+0x0/0x15 returned 0 after 94 usecs
[   11.588718] calling  mr_driver_init+0x0/0x15 @ 1
[   11.595792] initcall mr_driver_init+0x0/0x15 returned 0 after 55 usecs
[   11.605133] calling  ntrig_driver_init+0x0/0x15 @ 1
[   11.612282] initcall ntrig_driver_init+0x0/0x15 returned 0 after 238 usecs
[   11.622085] calling  pl_driver_init+0x0/0x15 @ 1
[   11.628752] initcall pl_driver_init+0x0/0x15 returned 0 after 46 usecs
[   11.638070] calling  pl_driver_init+0x0/0x15 @ 1
[   11.644967] initcall pl_driver_init+0x0/0x15 returned 0 after 52 usecs
[   11.654637] calling  redragon_driver_init+0x0/0x15 @ 1
[   11.662423] initcall redragon_driver_init+0x0/0x15 returned 0 after 56 usecs
[   11.672717] calling  samsung_driver_init+0x0/0x15 @ 1
[   11.680175] initcall samsung_driver_init+0x0/0x15 returned 0 after 88 usecs
[   11.690744] calling  sony_init+0x0/0x38 @ 1
[   11.697442] initcall sony_init+0x0/0x38 returned 0 after 172 usecs
[   11.707068] calling  sp_driver_init+0x0/0x15 @ 1
[   11.713971] initcall sp_driver_init+0x0/0x15 returned 0 after 50 usecs
[   11.725225] calling  ts_driver_init+0x0/0x15 @ 1
[   11.731862] initcall ts_driver_init+0x0/0x15 returned 0 after 51 usecs
[   11.741178] calling  hid_init+0x0/0x58 @ 1
[   11.747950] usbcore: registered new interface driver usbhid
[   11.755968] usbhid: USB HID core driver
[   11.761418] initcall hid_init+0x0/0x58 returned 0 after 13976 usecs
[   11.770185] calling  eeepc_laptop_init+0x0/0x57 @ 1
[   11.779963] initcall eeepc_laptop_init+0x0/0x57 returned -19 after 2781 usecs
[   11.790316] calling  pmc_atom_init+0x0/0x27a @ 1
[   11.796959] initcall pmc_atom_init+0x0/0x27a returned -19 after 165 usecs
[   11.806481] calling  alsa_hwdep_init+0x0/0x5e @ 1
[   11.826943] initcall alsa_hwdep_init+0x0/0x5e returned 0 after 13318 usecs
[   11.836349] calling  alsa_timer_init+0x0/0x1f9 @ 1
[   11.846938] initcall alsa_timer_init+0x0/0x1f9 returned 0 after 4171 usecs
[   11.856750] calling  snd_hrtimer_init+0x0/0x117 @ 1
[   11.863668] initcall snd_hrtimer_init+0x0/0x117 returned 0 after 4 usecs
[   11.873078] calling  alsa_pcm_init+0x0/0x64 @ 1
[   11.879589] initcall alsa_pcm_init+0x0/0x64 returned 0 after 18 usecs
[   11.888770] calling  alsa_seq_init+0x0/0x4a @ 1
[   11.897359] initcall alsa_seq_init+0x0/0x4a returned 0 after 1867 usecs
[   11.907049] calling  alsa_seq_dummy_init+0x0/0x9c @ 1
[   11.914300] initcall alsa_seq_dummy_init+0x0/0x9c returned 0 after 311 usecs
[   11.923131] calling  azx_driver_init+0x0/0x15 @ 1
[   11.931060] initcall azx_driver_init+0x0/0x15 returned 0 after 1897 usecs
[   11.939703] calling  sock_diag_init+0x0/0x2a @ 1
[   11.947005] initcall sock_diag_init+0x0/0x2a returned 0 after 936 usecs
[   11.955625] calling  blackhole_init+0x0/0xc @ 1
[   11.961857] initcall blackhole_init+0x0/0xc returned 0 after 111 usecs
[   11.970290] calling  nfnetlink_init+0x0/0x61 @ 1
[   11.977076] initcall nfnetlink_init+0x0/0x61 returned 0 after 562 usecs
[   11.986462] calling  nfnetlink_log_init+0x0/0x99 @ 1
[   11.994938] initcall nfnetlink_log_init+0x0/0x99 returned 0 after 1001 usecs
[   12.004508] calling  nf_conntrack_standalone_init+0x0/0x87 @ 1
[   12.015363] initcall nf_conntrack_standalone_init+0x0/0x87 returned 0 after 2454 usecs
[   12.026408] calling  ctnetlink_init+0x0/0x83 @ 1
[   12.033023] initcall ctnetlink_init+0x0/0x83 returned 0 after 61 usecs
[   12.042476] calling  nf_conntrack_ftp_init+0x0/0x12c @ 1
[   12.050370] initcall nf_conntrack_ftp_init+0x0/0x12c returned 0 after 80 usecs
[   12.060862] calling  nf_conntrack_irc_init+0x0/0x129 @ 1
[   12.068719] initcall nf_conntrack_irc_init+0x0/0x129 returned 0 after 197 usecs
[   12.079348] calling  nf_conntrack_sip_init+0x0/0x172 @ 1
[   12.087139] initcall nf_conntrack_sip_init+0x0/0x172 returned 0 after 64 usecs
[   12.097353] calling  nf_nat_init+0x0/0xf0 @ 1
[   12.104491] initcall nf_nat_init+0x0/0xf0 returned 0 after 750 usecs
[   12.113284] calling  nf_nat_ftp_init+0x0/0x2a @ 1
[   12.119963] initcall nf_nat_ftp_init+0x0/0x2a returned 0 after 48 usecs
[   12.128720] calling  nf_nat_irc_init+0x0/0x2a @ 1
[   12.134915] initcall nf_nat_irc_init+0x0/0x2a returned 0 after 2 usecs
[   12.143234] calling  nf_nat_sip_init+0x0/0x36 @ 1
[   12.149557] initcall nf_nat_sip_init+0x0/0x36 returned 0 after 4 usecs
[   12.157873] calling  xt_init+0x0/0x146 @ 1
