c[?7l[2J[0mSeaBIOS (version 1.16.0-debian-1.16.0-4)
Booting from ROM...
early console in setup code
c[?7l[2J[    0.000000] Linux version 5.10.155+ (root@joelboxx.c.googlers.com) (gcc (Debian 12.2.0-3) 12.2.0, GNU ld (GNU Binutils for Debian) 2.39) #7 SMP Tue Dec 13 05:25:34 UTC 2022
[    0.000000] Command line: selinux=0 initcall_debug debug console=ttyS0 rcutree.gp_preinit_delay=3 rcutree.gp_init_delay=3 rcutree.gp_cleanup_delay=3 rcupdate.rcu_self_test=1 rcutorture.onoff_interval=1000 rcutorture.onoff_holdoff=30 rcutorture.n_barrier_cbs=4 rcutorture.stat_interval=15 rcutorture.shutdown_secs=1800 rcutorture.test_no_idle_hz=1 rcutorture.verbose=1
[    0.000000] x86/fpu: x87 FPU will use FXSAVE
[    0.000000] BIOS-provided physical RAM map:
[    0.000000] BIOS-e820: [mem 0x0000000000000000-0x000000000009fbff] usable
[    0.000000] BIOS-e820: [mem 0x000000000009fc00-0x000000000009ffff] reserved
[    0.000000] BIOS-e820: [mem 0x00000000000f0000-0x00000000000fffff] reserved
[    0.000000] BIOS-e820: [mem 0x0000000000100000-0x000000001ffdefff] usable
[    0.000000] BIOS-e820: [mem 0x000000001ffdf000-0x000000001fffffff] reserved
[    0.000000] BIOS-e820: [mem 0x00000000b0000000-0x00000000bfffffff] reserved
[    0.000000] BIOS-e820: [mem 0x00000000fed1c000-0x00000000fed1ffff] reserved
[    0.000000] BIOS-e820: [mem 0x00000000feffc000-0x00000000feffffff] reserved
[    0.000000] BIOS-e820: [mem 0x00000000fffc0000-0x00000000ffffffff] reserved
[    0.000000] NX (Execute Disable) protection: active
[    0.000000] SMBIOS 2.8 present.
[    0.000000] DMI: QEMU Standard PC (Q35 + ICH9, 2009), BIOS 1.16.0-debian-1.16.0-4 04/01/2014
[    0.000000] Hypervisor detected: KVM
[    0.000000] kvm-clock: Using msrs 4b564d01 and 4b564d00
[    0.000000] kvm-clock: cpu 0, msr 7723001, primary cpu clock
[    0.000001] kvm-clock: using sched offset of 1851252094 cycles
[    0.000351] clocksource: kvm-clock: mask: 0xffffffffffffffff max_cycles: 0x1cd42e4dffb, max_idle_ns: 881590591483 ns
[    0.000585] tsc: Detected 1999.999 MHz processor
[    0.008707] e820: update [mem 0x00000000-0x00000fff] usable ==> reserved
[    0.008719] e820: remove [mem 0x000a0000-0x000fffff] usable
[    0.008732] last_pfn = 0x1ffdf max_arch_pfn = 0x400000000
[    0.009557] MTRR default type: write-back
[    0.009672] MTRR fixed ranges enabled:
[    0.009676]   00000-9FFFF write-back
[    0.009678]   A0000-BFFFF uncachable
[    0.009681]   C0000-FFFFF write-protect
[    0.009684] MTRR variable ranges enabled:
[    0.009687]   0 base 00C0000000 mask FFC0000000 uncachable
[    0.009689]   1 disabled
[    0.009692]   2 disabled
[    0.009694]   3 disabled
[    0.009696]   4 disabled
[    0.009698]   5 disabled
[    0.009700]   6 disabled
[    0.009702]   7 disabled
[    0.010046] x86/PAT: Configuration [0-7]: WB  WC  UC- UC  WB  WC  UC- UC  
[    0.019609] found SMP MP-table at [mem 0x000f5ba0-0x000f5baf]
[    0.022256] check: Scanning 1 areas for low memory corruption
[    0.037446] ACPI: Early table checksum verification disabled
[    0.039310] ACPI: RSDP 0x00000000000F59E0 000014 (v00 BOCHS )
[    0.039636] ACPI: RSDT 0x000000001FFE252A 000038 (v01 BOCHS  BXPC     00000001 BXPC 00000001)
[    0.039991] ACPI: FACP 0x000000001FFE22EA 0000F4 (v03 BOCHS  BXPC     00000001 BXPC 00000001)
[    0.040003] ACPI: DSDT 0x000000001FFE0040 0022AA (v01 BOCHS  BXPC     00000001 BXPC 00000001)
[    0.040011] ACPI: FACS 0x000000001FFE0000 000040
[    0.040019] ACPI: APIC 0x000000001FFE23DE 0000B0 (v01 BOCHS  BXPC     00000001 BXPC 00000001)
[    0.040026] ACPI: HPET 0x000000001FFE248E 000038 (v01 BOCHS  BXPC     00000001 BXPC 00000001)
[    0.040035] ACPI: MCFG 0x000000001FFE24C6 00003C (v01 BOCHS  BXPC     00000001 BXPC 00000001)
[    0.040045] ACPI: WAET 0x000000001FFE2502 000028 (v01 BOCHS  BXPC     00000001 BXPC 00000001)
[    0.040055] ACPI: Reserving FACP table memory at [mem 0x1ffe22ea-0x1ffe23dd]
[    0.040059] ACPI: Reserving DSDT table memory at [mem 0x1ffe0040-0x1ffe22e9]
[    0.040062] ACPI: Reserving FACS table memory at [mem 0x1ffe0000-0x1ffe003f]
[    0.040065] ACPI: Reserving APIC table memory at [mem 0x1ffe23de-0x1ffe248d]
[    0.040067] ACPI: Reserving HPET table memory at [mem 0x1ffe248e-0x1ffe24c5]
[    0.040070] ACPI: Reserving MCFG table memory at [mem 0x1ffe24c6-0x1ffe2501]
[    0.040073] ACPI: Reserving WAET table memory at [mem 0x1ffe2502-0x1ffe2529]
[    0.040829] ACPI: Local APIC address 0xfee00000
[    0.044281] No NUMA configuration found
[    0.044285] Faking a node at [mem 0x0000000000000000-0x000000001ffdefff]
[    0.044428] NODE_DATA(0) allocated [mem 0x1ffdb000-0x1ffdefff]
[    0.045381] Zone ranges:
[    0.045453]   DMA      [mem 0x0000000000001000-0x0000000000ffffff]
[    0.045535]   DMA32    [mem 0x0000000001000000-0x000000001ffdefff]
[    0.045610]   Normal   empty
[    0.045614] Movable zone start for each node
[    0.045616] Early memory node ranges
[    0.045619]   node   0: [mem 0x0000000000001000-0x000000000009efff]
[    0.045718]   node   0: [mem 0x0000000000100000-0x000000001ffdefff]
[    0.045768] Initmem setup node 0 [mem 0x0000000000001000-0x000000001ffdefff]
[    0.045771] On node 0 totalpages: 130941
[    0.045851]   DMA zone: 64 pages used for memmap
[    0.045853]   DMA zone: 21 pages reserved
[    0.045891]   DMA zone: 3998 pages, LIFO batch:0
[    0.045894]   DMA32 zone: 1984 pages used for memmap
[    0.045896]   DMA32 zone: 126943 pages, LIFO batch:31
[    0.048205] On node 0, zone DMA: 1 pages in unavailable ranges
[    0.052158] On node 0, zone DMA: 97 pages in unavailable ranges
[    0.198530] On node 0, zone DMA32: 33 pages in unavailable ranges
[    0.203086] ACPI: PM-Timer IO Port: 0x608
[    0.203099] ACPI: Local APIC address 0xfee00000
[    0.203466] ACPI: LAPIC_NMI (acpi_id[0xff] dfl dfl lint[0x1])
[    0.207036] IOAPIC[0]: apic_id 0, version 17, address 0xfec00000, GSI 0-23
[    0.207259] ACPI: INT_SRC_OVR (bus 0 bus_irq 0 global_irq 2 dfl dfl)
[    0.207394] ACPI: INT_SRC_OVR (bus 0 bus_irq 5 global_irq 5 high level)
[    0.207398] ACPI: INT_SRC_OVR (bus 0 bus_irq 9 global_irq 9 high level)
[    0.207630] ACPI: INT_SRC_OVR (bus 0 bus_irq 10 global_irq 10 high level)
[    0.207633] ACPI: INT_SRC_OVR (bus 0 bus_irq 11 global_irq 11 high level)
[    0.207637] ACPI: IRQ0 used by override.
[    0.207640] ACPI: IRQ5 used by override.
[    0.207642] ACPI: IRQ9 used by override.
[    0.207644] ACPI: IRQ10 used by override.
[    0.207646] ACPI: IRQ11 used by override.
[    0.207713] Using ACPI (MADT) for SMP configuration information
[    0.207718] ACPI: HPET id: 0x8086a201 base: 0xfed00000
[    0.208382] smpboot: Allowing 8 CPUs, 0 hotplug CPUs
[    0.210904] PM: hibernation: Registered nosave memory: [mem 0x00000000-0x00000fff]
[    0.210909] PM: hibernation: Registered nosave memory: [mem 0x0009f000-0x0009ffff]
[    0.210912] PM: hibernation: Registered nosave memory: [mem 0x000a0000-0x000effff]
[    0.210914] PM: hibernation: Registered nosave memory: [mem 0x000f0000-0x000fffff]
[    0.210961] [mem 0x20000000-0xafffffff] available for PCI devices
[    0.211075] Booting paravirtualized kernel on KVM
[    0.211544] clocksource: refined-jiffies: mask: 0xffffffff max_cycles: 0xffffffff, max_idle_ns: 1910969940391419 ns
[    0.251526] setup_percpu: NR_CPUS:8 nr_cpumask_bits:8 nr_cpu_ids:8 nr_node_ids:1
[    0.286458] percpu: Embedded 58 pages/cpu s199184 r8192 d30192 u262144
[    0.286537] pcpu-alloc: s199184 r8192 d30192 u262144 alloc=1*2097152
[    0.286594] pcpu-alloc: [0] 0 1 2 3 4 5 6 7 
[    0.287061] kvm-guest: stealtime: cpu 0, msr 1f41bb40
[    0.288719] Built 1 zonelists, mobility grouping on.  Total pages: 128872
[    0.288723] Policy zone: DMA32
[    0.288900] Kernel command line: selinux=0 initcall_debug debug console=ttyS0 rcutree.gp_preinit_delay=3 rcutree.gp_init_delay=3 rcutree.gp_cleanup_delay=3 rcupdate.rcu_self_test=1 rcutorture.onoff_interval=1000 rcutorture.onoff_holdoff=30 rcutorture.n_barrier_cbs=4 rcutorture.stat_interval=15 rcutorture.shutdown_secs=1800 rcutorture.test_no_idle_hz=1 rcutorture.verbose=1
[    0.291723] Dentry cache hash table entries: 65536 (order: 7, 524288 bytes, linear)
[    0.291802] Inode-cache hash table entries: 32768 (order: 6, 262144 bytes, linear)
[    0.292668] mem auto-init: stack:all(zero), heap alloc:off, heap free:off
[    0.300585] Memory: 465384K/523764K available (16398K kernel code, 2799K rwdata, 4844K rodata, 1520K init, 13292K bss, 58120K reserved, 0K cma-reserved)
[    0.301965] SLUB: HWalign=64, Order=0-3, MinObjects=0, CPUs=8, Nodes=1
[    0.302787] Kernel/User page tables isolation: enabled
[    0.317335] Running RCU self tests
[    0.318091] rcu: RCU calculated value of scheduler-enlistment delay is 100 jiffies.
[    0.318870] rcu: Hierarchical RCU implementation.
[    0.318874] rcu: 	CONFIG_RCU_FANOUT set to non-default value of 6.
[    0.318877] rcu: 	RCU lockdep checking is enabled.
[    0.318880] rcu: 	Build-time adjustment of leaf fanout to 6.
[    0.318882] rcu: 	Boot-time adjustment of first FQS scan delay to 3 jiffies.
[    0.318885] rcu: 	Boot-time adjustment of subsequent FQS scan delay to 3 jiffies.
[    0.318887] rcu: 	RCU debug GP pre-init slowdown 3 jiffies.
[    0.318889] rcu: 	RCU debug GP init slowdown 3 jiffies.
[    0.318892] rcu: 	RCU debug GP init slowdown 3 jiffies.
[    0.318895] 	Trampoline variant of Tasks RCU enabled.
[    0.318897] 	Rude variant of Tasks RCU enabled.
[    0.318899] 	Tracing variant of Tasks RCU enabled.
[    0.357205] NR_IRQS: 4352, nr_irqs: 488, preallocated irqs: 16
[    0.369519] rcu: 	Offload RCU callbacks from CPUs: (none).
[    0.375584] calling  con_init+0x0/0x24f @ 0
[    0.555305] Console: colour VGA+ 80x25
[    0.561037] initcall con_init+0x0/0x24f returned 0 after 0 usecs
[    0.561046] calling  hvc_console_init+0x0/0x13 @ 0
[    0.561052] initcall hvc_console_init+0x0/0x13 returned 0 after 0 usecs
[    0.561057] calling  univ8250_console_init+0x0/0x26 @ 0
[    1.567825] printk: console [ttyS0] enabled
[    1.572486] initcall univ8250_console_init+0x0/0x26 returned 0 after 0 usecs
[    1.580209] Lock dependency validator: Copyright (c) 2006 Red Hat, Inc., Ingo Molnar
[    1.588644] ... MAX_LOCKDEP_SUBCLASSES:  8
[    1.593178] ... MAX_LOCK_DEPTH:          48
[    1.597736] ... MAX_LOCKDEP_KEYS:        8192
[    1.602549] ... CLASSHASH_SIZE:          4096
[    1.607357] ... MAX_LOCKDEP_ENTRIES:     32768
[    1.612223] ... MAX_LOCKDEP_CHAINS:      65536
[    1.617098] ... CHAINHASH_SIZE:          32768
[    1.622027]  memory used by lock dependency info: 6365 kB
[    1.627942]  memory used for stack traces: 4224 kB
[    1.633210]  per task-struct memory footprint: 1920 bytes
[    1.639852] ACPI: Core revision 20200925
[    1.646384] clocksource: hpet: mask: 0xffffffff max_cycles: 0xffffffff, max_idle_ns: 19112604467 ns
[    1.663185] APIC: Switch to symmetric I/O mode setup
[    1.688321] ..TIMER: vector=0x30 apic1=0 pin1=2 apic2=-1 pin2=-1
[    1.696416] clocksource: tsc-early: mask: 0xffffffffffffffff max_cycles: 0x39a85afc727, max_idle_ns: 881590685098 ns
[    1.708429] Calibrating delay loop (skipped) preset value.. 3999.99 BogoMIPS (lpj=1999999)
[    1.710397] pid_max: default: 32768 minimum: 301
[    1.711918] LSM: Security Framework initializing
[    1.712676] Mount-cache hash table entries: 1024 (order: 1, 8192 bytes, linear)
[    1.714408] Mountpoint-cache hash table entries: 1024 (order: 1, 8192 bytes, linear)
[    1.723965] Last level iTLB entries: 4KB 0, 2MB 0, 4MB 0
[    1.724380] Last level dTLB entries: 4KB 0, 2MB 0, 4MB 0, 1GB 0
[    1.725448] Spectre V1 : Mitigation: usercopy/swapgs barriers and __user pointer sanitization
[    1.726382] Spectre V2 : Mitigation: Retpolines
[    1.727379] Spectre V2 : Spectre v2 / SpectreRSB mitigation: Filling RSB on context switch
[    1.728380] Spectre V2 : Spectre v2 / SpectreRSB : Filling RSB on VMEXIT
[    1.729380] Speculative Store Bypass: Vulnerable
[    1.730446] MDS: Vulnerable: Clear CPU buffers attempted, no microcode
[    1.731380] MMIO Stale Data: Unknown: No mitigations
[    1.786919] Freeing SMP alternatives memory: 40K
[    1.886375] smpboot: CPU0: Intel Common KVM processor (family: 0xf, model: 0x6, stepping: 0x1)
[    1.888959] calling  init_hw_perf_events+0x0/0x6ce @ 1
[    1.889455] Performance Events: unsupported Netburst CPU model 6 no PMU driver, software events only.
[    1.890391] initcall init_hw_perf_events+0x0/0x6ce returned 0 after 976 usecs
[    1.891389] calling  init_real_mode+0x0/0x1e9 @ 1
[    1.892845] initcall init_real_mode+0x0/0x1e9 returned 0 after 0 usecs
[    1.893387] calling  trace_init_perf_perm_irq_work_exit+0x0/0x12 @ 1
[    1.894385] initcall trace_init_perf_perm_irq_work_exit+0x0/0x12 returned 0 after 0 usecs
[    1.895400] calling  validate_x2apic+0x0/0x4a @ 1
[    1.896409] initcall validate_x2apic+0x0/0x4a returned 0 after 0 usecs
[    1.897384] calling  register_nmi_cpu_backtrace_handler+0x0/0x15 @ 1
[    1.898406] initcall register_nmi_cpu_backtrace_handler+0x0/0x15 returned 0 after 0 usecs
[    1.899384] calling  kvm_setup_vsyscall_timeinfo+0x0/0xce @ 1
[    1.900387] initcall kvm_setup_vsyscall_timeinfo+0x0/0xce returned 0 after 0 usecs
[    1.901399] calling  spawn_ksoftirqd+0x0/0x38 @ 1
[    1.902499] RCU test callback executed 1
[    1.903609] initcall spawn_ksoftirqd+0x0/0x38 returned 0 after 976 usecs
[    1.904388] calling  migration_init+0x0/0x33 @ 1
[    1.905385] initcall migration_init+0x0/0x33 returned 0 after 0 usecs
[    1.906384] calling  srcu_bootup_announce+0x0/0x2f @ 1
[    1.907381] rcu: Hierarchical SRCU implementation.
[    1.908383] initcall srcu_bootup_announce+0x0/0x2f returned 0 after 976 usecs
[    1.909383] calling  rcu_spawn_gp_kthread+0x0/0x1dd @ 1
[    1.911385] initcall rcu_spawn_gp_kthread+0x0/0x1dd returned 0 after 976 usecs
[    1.912385] calling  check_cpu_stall_init+0x0/0x1a @ 1
[    1.913385] initcall check_cpu_stall_init+0x0/0x1a returned 0 after 0 usecs
[    1.914383] calling  rcu_sysrq_init+0x0/0x21 @ 1
[    1.915384] initcall rcu_sysrq_init+0x0/0x21 returned 0 after 0 usecs
[    1.916383] calling  trace_init_flags_sys_enter+0x0/0xe @ 1
[    1.917391] initcall trace_init_flags_sys_enter+0x0/0xe returned 0 after 0 usecs
[    1.918383] calling  trace_init_flags_sys_exit+0x0/0xe @ 1
[    1.919384] initcall trace_init_flags_sys_exit+0x0/0xe returned 0 after 0 usecs
[    1.920384] calling  cpu_stop_init+0x0/0x8d @ 1
[    1.921679] initcall cpu_stop_init+0x0/0x8d returned 0 after 0 usecs
[    1.922414] calling  init_kprobes+0x0/0x16e @ 1
[    1.923764] initcall init_kprobes+0x0/0x16e returned 0 after 0 usecs
[    1.924384] calling  init_events+0x0/0x3d @ 1
[    1.925505] initcall init_events+0x0/0x3d returned 0 after 0 usecs
[    1.926385] calling  init_trace_printk+0x0/0xc @ 1
[    1.927387] initcall init_trace_printk+0x0/0xc returned 0 after 0 usecs
[    1.928400] calling  event_trace_enable_again+0x0/0x23 @ 1
[    1.929386] initcall event_trace_enable_again+0x0/0x23 returned 0 after 0 usecs
[    1.930386] calling  static_call_init+0x0/0x79 @ 1
[    1.931385] initcall static_call_init+0x0/0x79 returned 0 after 0 usecs
[    1.932383] calling  jump_label_init_module+0x0/0xc @ 1
[    1.933385] initcall jump_label_init_module+0x0/0xc returned 0 after 0 usecs
[    1.934384] calling  init_zero_pfn+0x0/0x37 @ 1
[    1.935387] initcall init_zero_pfn+0x0/0x37 returned 0 after 0 usecs
[    1.936385] calling  initialize_ptr_random+0x0/0x54 @ 1
[    1.937466] initcall initialize_ptr_random+0x0/0x54 returned 0 after 0 usecs
[    1.938399] calling  efi_memreserve_root_init+0x0/0x25 @ 1
[    1.939436] initcall efi_memreserve_root_init+0x0/0x25 returned 0 after 0 usecs
[    1.940385] calling  efi_earlycon_remap_fb+0x0/0x51 @ 1
[    1.941385] initcall efi_earlycon_remap_fb+0x0/0x51 returned 0 after 0 usecs
[    1.944402] RCU test callback executed 2
[    1.945563] smp: Bringing up secondary CPUs ...
[    1.948926] x86: Booting SMP configuration:
[    1.949383] .... node  #0, CPUs:      #1
[    1.335425] kvm-clock: cpu 1, msr 7723041, secondary cpu clock
[    1.975663] kvm-guest: stealtime: cpu 1, msr 1f45bb40
[    1.989920]  #2
[    1.335425] kvm-clock: cpu 2, msr 7723081, secondary cpu clock
[    2.011546] kvm-guest: stealtime: cpu 2, msr 1f49bb40
[    2.025394]  #3
[    1.335425] kvm-clock: cpu 3, msr 77230c1, secondary cpu clock
[    2.046556] kvm-guest: stealtime: cpu 3, msr 1f4dbb40
[    2.061394]  #4
[    1.335425] kvm-clock: cpu 4, msr 7723101, secondary cpu clock
[    2.084558] kvm-guest: stealtime: cpu 4, msr 1f51bb40
[    2.099166]  #5
[    1.335425] kvm-clock: cpu 5, msr 7723141, secondary cpu clock
[    2.123552] kvm-guest: stealtime: cpu 5, msr 1f55bb40
[    2.137076]  #6
[    1.335425] kvm-clock: cpu 6, msr 7723181, secondary cpu clock
[    2.159546] kvm-guest: stealtime: cpu 6, msr 1f59bb40
[    2.173198]  #7
[    1.335425] kvm-clock: cpu 7, msr 77231c1, secondary cpu clock
[    2.197567] kvm-guest: stealtime: cpu 7, msr 1f5dbb40
[    2.211615] smp: Brought up 1 node, 8 CPUs
[    2.212384] smpboot: Max logical packages: 1
[    2.213387] smpboot: Total of 8 processors activated (31999.98 BogoMIPS)
[    2.230439] devtmpfs: initialized
[    2.233180] calling  ipc_ns_init+0x0/0x3d @ 1
[    2.233395] initcall ipc_ns_init+0x0/0x3d returned 0 after 0 usecs
[    2.234386] calling  init_mmap_min_addr+0x0/0x21 @ 1
[    2.235390] initcall init_mmap_min_addr+0x0/0x21 returned 0 after 0 usecs
[    2.236389] calling  pci_realloc_setup_params+0x0/0x3f @ 1
[    2.237389] initcall pci_realloc_setup_params+0x0/0x3f returned 0 after 0 usecs
[    2.238386] calling  net_ns_init+0x0/0x12a @ 1
[    2.240702] initcall net_ns_init+0x0/0x12a returned 0 after 976 usecs
[    2.241407] calling  e820__register_nvs_regions+0x0/0x37 @ 1
[    2.242387] initcall e820__register_nvs_regions+0x0/0x37 returned 0 after 0 usecs
[    2.243384] calling  cpufreq_register_tsc_scaling+0x0/0x2e @ 1
[    2.244384] initcall cpufreq_register_tsc_scaling+0x0/0x2e returned 0 after 0 usecs
[    2.246387] calling  reboot_init+0x0/0x3c @ 1
[    2.247435] initcall reboot_init+0x0/0x3c returned 0 after 0 usecs
[    2.248384] calling  init_lapic_sysfs+0x0/0x20 @ 1
[    2.249407] initcall init_lapic_sysfs+0x0/0x20 returned 0 after 0 usecs
[    2.250385] calling  alloc_frozen_cpus+0x0/0x7 @ 1
[    2.251383] initcall alloc_frozen_cpus+0x0/0x7 returned 0 after 0 usecs
[    2.252384] calling  cpu_hotplug_pm_sync_init+0x0/0x13 @ 1
[    2.253404] initcall cpu_hotplug_pm_sync_init+0x0/0x13 returned 0 after 0 usecs
[    2.254396] calling  wq_sysfs_init+0x0/0x2a @ 1
[    2.255489] initcall wq_sysfs_init+0x0/0x2a returned 0 after 0 usecs
[    2.256386] calling  ksysfs_init+0x0/0x92 @ 1
[    2.257411] initcall ksysfs_init+0x0/0x92 returned 0 after 0 usecs
[    2.258386] calling  schedutil_gov_init+0x0/0xc @ 1
[    2.259717] initcall schedutil_gov_init+0x0/0xc returned 0 after 0 usecs
[    2.260385] calling  pm_init+0x0/0x76 @ 1
[    2.261499] initcall pm_init+0x0/0x76 returned 0 after 0 usecs
[    2.262384] calling  pm_disk_init+0x0/0x13 @ 1
[    2.263412] initcall pm_disk_init+0x0/0x13 returned 0 after 0 usecs
[    2.264389] calling  swsusp_header_init+0x0/0x2b @ 1
[    2.265389] initcall swsusp_header_init+0x0/0x2b returned 0 after 0 usecs
[    2.266400] calling  rcu_set_runtime_mode+0x0/0x2a @ 1
[    2.269591] initcall rcu_set_runtime_mode+0x0/0x2a returned 0 after 1953 usecs
[    2.270385] calling  init_jiffies_clocksource+0x0/0x13 @ 1
[    2.271384] clocksource: jiffies: mask: 0xffffffff max_cycles: 0xffffffff, max_idle_ns: 1911260446275000 ns
[    2.272388] initcall init_jiffies_clocksource+0x0/0x13 returned 0 after 976 usecs
[    2.273383] calling  futex_init+0x0/0x118 @ 1
[    2.274389] futex hash table entries: 2048 (order: 6, 262144 bytes, linear)
[    2.275493] initcall futex_init+0x0/0x118 returned 0 after 976 usecs
[    2.276383] calling  cgroup_wq_init+0x0/0x28 @ 1
[    2.277407] initcall cgroup_wq_init+0x0/0x28 returned 0 after 0 usecs
[    2.278386] calling  cgroup1_wq_init+0x0/0x28 @ 1
[    2.279404] initcall cgroup1_wq_init+0x0/0x28 returned 0 after 0 usecs
[    2.280418] calling  init_kprobe_trace_early+0x0/0x2a @ 1
[    2.282453] initcall init_kprobe_trace_early+0x0/0x2a returned 0 after 0 usecs
[    2.283385] calling  fsnotify_init+0x0/0x56 @ 1
[    2.284431] initcall fsnotify_init+0x0/0x56 returned 0 after 0 usecs
[    2.285388] calling  filelock_init+0x0/0xb3 @ 1
[    2.286421] initcall filelock_init+0x0/0xb3 returned 0 after 0 usecs
[    2.287383] calling  init_misc_binfmt+0x0/0x2c @ 1
[    2.288484] initcall init_misc_binfmt+0x0/0x2c returned 0 after 0 usecs
[    2.289384] calling  init_script_binfmt+0x0/0x15 @ 1
[    2.290385] initcall init_script_binfmt+0x0/0x15 returned 0 after 0 usecs
[    2.291383] calling  init_elf_binfmt+0x0/0x15 @ 1
[    2.292385] initcall init_elf_binfmt+0x0/0x15 returned 0 after 0 usecs
[    2.293383] calling  init_compat_elf_binfmt+0x0/0x15 @ 1
[    2.294385] initcall init_compat_elf_binfmt+0x0/0x15 returned 0 after 0 usecs
[    2.295384] calling  debugfs_init+0x0/0x5c @ 1
[    2.296421] initcall debugfs_init+0x0/0x5c returned 0 after 0 usecs
[    2.297384] calling  tracefs_init+0x0/0x3a @ 1
[    2.298394] initcall tracefs_init+0x0/0x3a returned 0 after 0 usecs
[    2.299384] calling  prandom_init_early+0x0/0x15d @ 1
[    2.300385] initcall prandom_init_early+0x0/0x15d returned 0 after 0 usecs
[    2.301386] calling  virtio_init+0x0/0x20 @ 1
[    2.302510] initcall virtio_init+0x0/0x20 returned 0 after 0 usecs
[    2.303385] calling  iommu_init+0x0/0x2a @ 1
[    2.304417] initcall iommu_init+0x0/0x2a returned 0 after 0 usecs
[    2.305385] calling  component_debug_init+0x0/0x1c @ 1
[    2.306737] initcall component_debug_init+0x0/0x1c returned 0 after 0 usecs
[    2.307385] calling  early_resume_init+0x0/0xb9 @ 1
[    2.309002] PM: RTC time: 05:41:51, date: 2022-12-13
[    2.309387] initcall early_resume_init+0x0/0xb9 returned 0 after 976 usecs
[    2.310387] calling  cpufreq_core_init+0x0/0x62 @ 1
[    2.311399] initcall cpufreq_core_init+0x0/0x62 returned 0 after 0 usecs
[    2.312384] calling  cpufreq_gov_performance_init+0x0/0xc @ 1
[    2.313391] initcall cpufreq_gov_performance_init+0x0/0xc returned 0 after 0 usecs
[    2.314385] calling  cpufreq_gov_userspace_init+0x0/0xc @ 1
[    2.315385] initcall cpufreq_gov_userspace_init+0x0/0xc returned 0 after 0 usecs
[    2.316382] calling  CPU_FREQ_GOV_ONDEMAND_init+0x0/0xc @ 1
[    2.317390] initcall CPU_FREQ_GOV_ONDEMAND_init+0x0/0xc returned 0 after 0 usecs
[    2.318385] calling  cpuidle_init+0x0/0x1f @ 1
[    2.319425] initcall cpuidle_init+0x0/0x1f returned 0 after 0 usecs
[    2.320383] calling  capsule_reboot_register+0x0/0xc @ 1
[    2.321431] initcall capsule_reboot_register+0x0/0xc returned 0 after 0 usecs
[    2.322385] calling  sock_init+0x0/0x93 @ 1
[    2.334637] initcall sock_init+0x0/0x93 returned 0 after 10742 usecs
[    2.342388] calling  net_inuse_init+0x0/0x23 @ 1
[    2.347439] initcall net_inuse_init+0x0/0x23 returned 0 after 0 usecs
[    2.356386] calling  net_defaults_init+0x0/0x23 @ 1
[    2.362387] initcall net_defaults_init+0x0/0x23 returned 0 after 0 usecs
[    2.371388] calling  init_default_flow_dissectors+0x0/0x4f @ 1
[    2.378392] initcall init_default_flow_dissectors+0x0/0x4f returned 0 after 0 usecs
[    2.388386] calling  netpoll_init+0x0/0x44 @ 1
[    2.393385] initcall netpoll_init+0x0/0x44 returned 0 after 0 usecs
[    2.402386] calling  netlink_proto_init+0x0/0x154 @ 1
[    2.409450] NET: Registered protocol family 16
[    2.415019] initcall netlink_proto_init+0x0/0x154 returned 0 after 6835 usecs
[    2.423419] calling  genl_init+0x0/0x35 @ 1
[    2.428674] initcall genl_init+0x0/0x35 returned 0 after 0 usecs
[    2.436386] calling  bsp_pm_check_init+0x0/0x13 @ 1
[    2.442387] initcall bsp_pm_check_init+0x0/0x13 returned 0 after 0 usecs
[    2.450405] calling  irq_sysfs_init+0x0/0xb9 @ 1
[    2.455648] initcall irq_sysfs_init+0x0/0xb9 returned 0 after 0 usecs
[    2.463384] calling  audit_init+0x0/0x127 @ 1
[    2.468392] audit: initializing netlink subsys (disabled)
[    2.477618] initcall audit_init+0x0/0x127 returned 0 after 8789 usecs
[    2.477408] audit: type=2000 audit(1670910109.917:1): state=initialized audit_enabled=0 res=1
[    2.485384] calling  release_early_probes+0x0/0x32 @ 1
[    2.485388] initcall release_early_probes+0x0/0x32 returned 0 after 0 usecs
[    2.510388] calling  bdi_class_init+0x0/0x48 @ 1
[    2.516655] initcall bdi_class_init+0x0/0x48 returned 0 after 976 usecs
[    2.524391] calling  mm_sysfs_init+0x0/0x28 @ 1
[    2.529396] initcall mm_sysfs_init+0x0/0x28 returned 0 after 0 usecs
[    2.537405] calling  init_per_zone_wmark_min+0x0/0x6d @ 1
[    2.543435] initcall init_per_zone_wmark_min+0x0/0x6d returned 0 after 0 usecs
[    2.552387] calling  mpi_init+0x0/0x3e @ 1
[    2.557393] initcall mpi_init+0x0/0x3e returned 0 after 0 usecs
[    2.564383] calling  kobject_uevent_init+0x0/0xc @ 1
[    2.570420] initcall kobject_uevent_init+0x0/0xc returned 0 after 0 usecs
[    2.578384] calling  pcibus_class_init+0x0/0x13 @ 1
[    2.584426] initcall pcibus_class_init+0x0/0x13 returned 0 after 0 usecs
[    2.592384] calling  pci_driver_init+0x0/0x21 @ 1
[    2.598433] initcall pci_driver_init+0x0/0x21 returned 0 after 0 usecs
[    2.606384] calling  backlight_class_init+0x0/0xa8 @ 1
[    2.612439] initcall backlight_class_init+0x0/0xa8 returned 0 after 0 usecs
[    2.620386] calling  tty_class_init+0x0/0x33 @ 1
[    2.626401] initcall tty_class_init+0x0/0x33 returned 0 after 0 usecs
[    2.633384] calling  vtconsole_class_init+0x0/0xb5 @ 1
[    2.640495] initcall vtconsole_class_init+0x0/0xb5 returned 0 after 976 usecs
[    2.648384] calling  iommu_dev_init+0x0/0x13 @ 1
[    2.654413] initcall iommu_dev_init+0x0/0x13 returned 0 after 0 usecs
[    2.662385] calling  mipi_dsi_bus_init+0x0/0xc @ 1
[    2.667407] initcall mipi_dsi_bus_init+0x0/0xc returned 0 after 0 usecs
[    2.675383] calling  devlink_class_init+0x0/0x40 @ 1
[    2.681431] initcall devlink_class_init+0x0/0x40 returned 0 after 0 usecs
[    2.689383] calling  software_node_init+0x0/0x2a @ 1
[    2.695390] initcall software_node_init+0x0/0x2a returned 0 after 0 usecs
[    2.703383] calling  wakeup_sources_debugfs_init+0x0/0x23 @ 1
[    2.710465] initcall wakeup_sources_debugfs_init+0x0/0x23 returned 0 after 0 usecs
[    2.719384] calling  wakeup_sources_sysfs_init+0x0/0x2c @ 1
[    2.726399] initcall wakeup_sources_sysfs_init+0x0/0x2c returned 0 after 0 usecs
[    2.735388] calling  register_node_type+0x0/0x13 @ 1
[    2.741436] initcall register_node_type+0x0/0x13 returned 0 after 0 usecs
[    2.749383] calling  regmap_initcall+0x0/0xc @ 1
[    2.754537] initcall regmap_initcall+0x0/0xc returned 0 after 0 usecs
[    2.762384] calling  i2c_init+0x0/0xb3 @ 1
[    2.767580] initcall i2c_init+0x0/0xb3 returned 0 after 0 usecs
[    2.774383] calling  thermal_init+0x0/0x116 @ 1
[    2.780490] thermal_sys: Registered thermal governor 'step_wise'
[    2.780494] thermal_sys: Registered thermal governor 'user_space'
[    2.787400] initcall thermal_init+0x0/0x116 returned 0 after 6835 usecs
[    2.802384] calling  init_menu+0x0/0xc @ 1
[    2.809523] cpuidle: using governor menu
[    2.810385] initcall init_menu+0x0/0xc returned 0 after 2929 usecs
[    2.811385] calling  pcc_init+0x0/0x4d @ 1
[    2.812388] initcall pcc_init+0x0/0x4d returned -19 after 0 usecs
[    2.813385] calling  amd_postcore_init+0x0/0x11e @ 1
[    2.814385] initcall amd_postcore_init+0x0/0x11e returned 0 after 0 usecs
[    2.815407] calling  bts_init+0x0/0xba @ 1
[    2.816385] initcall bts_init+0x0/0xba returned -19 after 0 usecs
[    2.817384] calling  pt_init+0x0/0x34d @ 1
[    2.818384] initcall pt_init+0x0/0x34d returned -19 after 0 usecs
[    2.819383] calling  boot_params_ksysfs_init+0x0/0x2ee @ 1
[    2.820430] initcall boot_params_ksysfs_init+0x0/0x2ee returned 0 after 0 usecs
[    2.821388] calling  sbf_init+0x0/0xea @ 1
[    2.822385] initcall sbf_init+0x0/0xea returned 0 after 0 usecs
[    2.823401] calling  arch_kdebugfs_init+0x0/0x219 @ 1
[    2.824558] initcall arch_kdebugfs_init+0x0/0x219 returned 0 after 0 usecs
[    2.825384] calling  intel_pconfig_init+0x0/0x85 @ 1
[    2.826384] initcall intel_pconfig_init+0x0/0x85 returned 0 after 0 usecs
[    2.827383] calling  mtrr_if_init+0x0/0x5d @ 1
[    2.828392] initcall mtrr_if_init+0x0/0x5d returned 0 after 0 usecs
[    2.829384] calling  activate_jump_labels+0x0/0x31 @ 1
[    2.830385] initcall activate_jump_labels+0x0/0x31 returned 0 after 0 usecs
[    2.831384] calling  ffh_cstate_init+0x0/0x29 @ 1
[    2.832392] initcall ffh_cstate_init+0x0/0x29 returned 0 after 0 usecs
[    2.833384] calling  activate_jump_labels+0x0/0x31 @ 1
[    2.837458] initcall activate_jump_labels+0x0/0x31 returned 0 after 2929 usecs
[    2.838386] calling  kvm_alloc_cpumask+0x0/0x74 @ 1
[    2.839432] initcall kvm_alloc_cpumask+0x0/0x74 returned 0 after 0 usecs
[    2.840384] calling  kcmp_cookies_init+0x0/0x37 @ 1
[    2.841392] initcall kcmp_cookies_init+0x0/0x37 returned 0 after 0 usecs
[    2.842385] calling  cryptomgr_init+0x0/0xc @ 1
[    2.844383] initcall cryptomgr_init+0x0/0xc returned 0 after 976 usecs
[    2.845383] calling  acpi_pci_init+0x0/0x57 @ 1
[    2.846391] ACPI: bus type PCI registered
[    2.847384] initcall acpi_pci_init+0x0/0x57 returned 0 after 976 usecs
[    2.848385] calling  dma_channel_table_init+0x0/0xd1 @ 1
[    2.849401] initcall dma_channel_table_init+0x0/0xd1 returned 0 after 0 usecs
[    2.850384] calling  dma_bus_init+0x0/0xdc @ 1
[    2.851612] initcall dma_bus_init+0x0/0xdc returned 0 after 0 usecs
[    2.852386] calling  iommu_dma_init+0x0/0x10 @ 1
[    2.853546] initcall iommu_dma_init+0x0/0x10 returned 0 after 0 usecs
[    2.854386] calling  dmi_id_init+0x0/0x37c @ 1
[    2.855625] initcall dmi_id_init+0x0/0x37c returned 0 after 0 usecs
[    2.856385] calling  pci_arch_init+0x0/0x71 @ 1
[    2.858972] PCI: MMCONFIG for domain 0000 [bus 00-ff] at [mem 0xb0000000-0xbfffffff] (base 0xb0000000)
[    2.859390] PCI: MMCONFIG at [mem 0xb0000000-0xbfffffff] reserved in E820
[    2.860447] PCI: Using configuration type 1 for base access
[    2.861427] initcall pci_arch_init+0x0/0x71 returned 0 after 3906 usecs
[    2.862413] calling  init_vdso+0x0/0x13 @ 1
[    2.863413] initcall init_vdso+0x0/0x13 returned 0 after 0 usecs
[    2.864387] calling  sysenter_setup+0x0/0x13 @ 1
[    2.865422] initcall sysenter_setup+0x0/0x13 returned 0 after 0 usecs
[    2.866384] calling  fixup_ht_bug+0x0/0xe5 @ 1
[    2.867384] initcall fixup_ht_bug+0x0/0xe5 returned 0 after 0 usecs
[    2.868383] calling  topology_init+0x0/0x88 @ 1
[    2.870398] initcall topology_init+0x0/0x88 returned 0 after 976 usecs
[    2.871385] calling  intel_epb_init+0x0/0x68 @ 1
[    2.872384] initcall intel_epb_init+0x0/0x68 returned -19 after 0 usecs
[    2.873384] calling  mtrr_init_finialize+0x0/0x3e @ 1
[    2.874386] initcall mtrr_init_finialize+0x0/0x3e returned 0 after 0 usecs
[    2.875389] calling  uid_cache_init+0x0/0x85 @ 1
[    2.876424] initcall uid_cache_init+0x0/0x85 returned 0 after 0 usecs
[    2.877387] calling  param_sysfs_init+0x0/0x1ba @ 1
[    2.891024] initcall param_sysfs_init+0x0/0x1ba returned 0 after 11718 usecs
[    2.891385] calling  user_namespace_sysctl_init+0x0/0x33 @ 1
[    2.892510] initcall user_namespace_sysctl_init+0x0/0x33 returned 0 after 0 usecs
[    2.893385] calling  proc_schedstat_init+0x0/0x24 @ 1
[    2.894397] initcall proc_schedstat_init+0x0/0x24 returned 0 after 0 usecs
[    2.895387] calling  pm_sysrq_init+0x0/0x18 @ 1
[    2.896539] initcall pm_sysrq_init+0x0/0x18 returned 0 after 0 usecs
[    2.897600] calling  create_proc_profile+0x0/0xd0 @ 1
[    2.898404] initcall create_proc_profile+0x0/0xd0 returned 0 after 0 usecs
[    2.899386] calling  time_ns_init+0x0/0x7 @ 1
[    2.900386] initcall time_ns_init+0x0/0x7 returned 0 after 0 usecs
[    2.901385] calling  crash_save_vmcoreinfo_init+0x0/0x722 @ 1
[    2.902537] initcall crash_save_vmcoreinfo_init+0x0/0x722 returned 0 after 0 usecs
[    2.903386] calling  crash_notes_memory_init+0x0/0x35 @ 1
[    2.904405] initcall crash_notes_memory_init+0x0/0x35 returned 0 after 0 usecs
[    2.905386] calling  cgroup_sysfs_init+0x0/0x13 @ 1
[    2.906426] initcall cgroup_sysfs_init+0x0/0x13 returned 0 after 0 usecs
[    2.907405] calling  cgroup_namespaces_init+0x0/0x7 @ 1
[    2.908388] initcall cgroup_namespaces_init+0x0/0x7 returned 0 after 0 usecs
[    2.909388] calling  init_optprobes+0x0/0x13 @ 1
[    2.910450] Kprobes globally optimized
[    2.911388] initcall init_optprobes+0x0/0x13 returned 0 after 976 usecs
[    2.912386] calling  oom_init+0x0/0x2f @ 1
[    2.918385] initcall oom_init+0x0/0x2f returned 0 after 4882 usecs
[    2.919387] calling  default_bdi_init+0x0/0xb3 @ 1
[    2.924992] initcall default_bdi_init+0x0/0xb3 returned 0 after 3906 usecs
[    2.925388] calling  percpu_enable_async+0x0/0xe @ 1
[    2.926385] initcall percpu_enable_async+0x0/0xe returned 0 after 0 usecs
[    2.927385] calling  kcompactd_init+0x0/0x8d @ 1
[    2.930394] initcall kcompactd_init+0x0/0x8d returned 0 after 1953 usecs
[    2.931388] calling  init_user_reserve+0x0/0x40 @ 1
[    2.932391] initcall init_user_reserve+0x0/0x40 returned 0 after 0 usecs
[    2.933387] calling  init_admin_reserve+0x0/0x40 @ 1
[    2.934385] initcall init_admin_reserve+0x0/0x40 returned 0 after 0 usecs
[    2.935386] calling  init_reserve_notifier+0x0/0x7 @ 1
[    2.936384] initcall init_reserve_notifier+0x0/0x7 returned 0 after 0 usecs
[    2.937385] calling  swap_init_sysfs+0x0/0x62 @ 1
[    2.938401] initcall swap_init_sysfs+0x0/0x62 returned 0 after 0 usecs
[    2.939383] calling  swapfile_init+0x0/0x94 @ 1
[    2.940402] initcall swapfile_init+0x0/0x94 returned 0 after 0 usecs
[    2.941389] calling  hugetlb_init+0x0/0x49e @ 1
[    2.942389] HugeTLB registered 2.00 MiB page size, pre-allocated 0 pages
[    2.943517] initcall hugetlb_init+0x0/0x49e returned 0 after 976 usecs
[    2.944389] calling  io_wq_init+0x0/0x34 @ 1
[    2.945393] initcall io_wq_init+0x0/0x34 returned 0 after 0 usecs
[    2.946386] calling  seqiv_module_init+0x0/0xc @ 1
[    2.948383] initcall seqiv_module_init+0x0/0xc returned 0 after 976 usecs
[    2.949386] calling  echainiv_module_init+0x0/0xc @ 1
[    2.950387] initcall echainiv_module_init+0x0/0xc returned 0 after 0 usecs
[    2.951387] calling  rsa_init+0x0/0x50 @ 1
[    2.954650] initcall rsa_init+0x0/0x50 returned 0 after 1953 usecs
[    2.954714] cryptomgr_test (63) used greatest stack depth: 14864 bytes left
[    2.955390] calling  crypto_cmac_module_init+0x0/0xc @ 1
[    2.955397] initcall crypto_cmac_module_init+0x0/0xc returned 0 after 0 usecs
[    2.955400] calling  hmac_module_init+0x0/0xc @ 1
[    2.955404] initcall hmac_module_init+0x0/0xc returned 0 after 0 usecs
[    2.955408] calling  crypto_null_mod_init+0x0/0x65 @ 1
[    2.960386] initcall crypto_null_mod_init+0x0/0x65 returned 0 after 4882 usecs
[    2.968389] calling  md5_mod_init+0x0/0xc @ 1
[    2.971467] initcall md5_mod_init+0x0/0xc returned 0 after 1953 usecs
[    2.973533] calling  sha256_generic_mod_init+0x0/0x11 @ 1
[    2.976541] initcall sha256_generic_mod_init+0x0/0x11 returned 0 after 1953 usecs
[    2.977547] calling  crypto_cbc_module_init+0x0/0xc @ 1
[    2.978390] initcall crypto_cbc_module_init+0x0/0xc returned 0 after 0 usecs
[    2.979386] calling  crypto_ctr_module_init+0x0/0x11 @ 1
[    2.980387] initcall crypto_ctr_module_init+0x0/0x11 returned 0 after 0 usecs
[    2.981385] calling  crypto_gcm_module_init+0x0/0x64 @ 1
[    2.982427] initcall crypto_gcm_module_init+0x0/0x64 returned 0 after 0 usecs
[    2.983389] calling  crypto_ccm_module_init+0x0/0x11 @ 1
[    2.984393] initcall crypto_ccm_module_init+0x0/0x11 returned 0 after 0 usecs
[    2.985385] calling  aes_init+0x0/0xc @ 1
[    2.987720] initcall aes_init+0x0/0xc returned 0 after 976 usecs
[    2.988386] calling  crc32c_mod_init+0x0/0xc @ 1
[    2.990658] initcall crc32c_mod_init+0x0/0xc returned 0 after 976 usecs
[    2.991384] calling  crypto_authenc_module_init+0x0/0xc @ 1
[    2.992388] initcall crypto_authenc_module_init+0x0/0xc returned 0 after 0 usecs
[    2.993385] calling  crypto_authenc_esn_module_init+0x0/0xc @ 1
[    2.994385] initcall crypto_authenc_esn_module_init+0x0/0xc returned 0 after 0 usecs
[    2.995385] calling  drbg_init+0x0/0x7c @ 1
[    3.005477] initcall drbg_init+0x0/0x7c returned 0 after 8789 usecs
[    3.006388] calling  ghash_mod_init+0x0/0xc @ 1
[    3.015948] initcall ghash_mod_init+0x0/0xc returned 0 after 6835 usecs
[    3.016454] calling  init_bio+0x0/0x9a @ 1
[    3.019402] initcall init_bio+0x0/0x9a returned 0 after 1953 usecs
[    3.020386] calling  blk_settings_init+0x0/0x29 @ 1
[    3.021447] initcall blk_settings_init+0x0/0x29 returned 0 after 0 usecs
[    3.023385] calling  blk_ioc_init+0x0/0x29 @ 1
[    3.024394] initcall blk_ioc_init+0x0/0x29 returned 0 after 0 usecs
[    3.025385] calling  blk_mq_init+0x0/0xb9 @ 1
[    3.026409] initcall blk_mq_init+0x0/0xb9 returned 0 after 0 usecs
[    3.027384] calling  genhd_device_init+0x0/0x75 @ 1
[    3.032516] initcall genhd_device_init+0x0/0x75 returned 0 after 3906 usecs
[    3.033388] calling  pci_slot_init+0x0/0x40 @ 1
[    3.035458] initcall pci_slot_init+0x0/0x40 returned 0 after 976 usecs
[    3.036384] calling  fbmem_init+0x0/0xd8 @ 1
[    3.039542] initcall fbmem_init+0x0/0xd8 returned 0 after 1953 usecs
[    3.040408] calling  acpi_init+0x0/0x319 @ 1
[    3.042391] ACPI: Added _OSI(Module Device)
[    3.043382] ACPI: Added _OSI(Processor Device)
[    3.044382] ACPI: Added _OSI(3.0 _SCP Extensions)
[    3.046380] ACPI: Added _OSI(Processor Aggregator Device)
[    3.047384] ACPI: Added _OSI(Linux-Dell-Video)
[    3.048383] ACPI: Added _OSI(Linux-Lenovo-NV-HDMI-Audio)
[    3.049384] ACPI: Added _OSI(Linux-HPI-Hybrid-Graphics)
[    3.056380] ACPI: 1 ACPI AML tables successfully acquired and loaded
[    3.067131] ACPI: Interpreter enabled
[    3.067608] ACPI: (supports S0 S3 S4 S5)
[    3.068418] ACPI: Using IOAPIC for interrupt routing
[    3.069599] PCI: Using host bridge windows from ACPI; if necessary, use "pci=nocrs" and report a bug
[    3.072037] ACPI: Enabled 2 GPEs in block 00 to 3F
[    3.086846] ACPI: PCI Root Bridge [PCI0] (domain 0000 [bus 00-ff])
[    3.087490] acpi PNP0A08:00: _OSC: OS supports [ExtendedConfig ASPM ClockPM Segments MSI HPX-Type3]
[    3.088749] acpi PNP0A08:00: _OSC: platform does not support [LTR]
[    3.090474] acpi PNP0A08:00: _OSC: OS now controls [PME PCIeCapability]
[    3.092965] PCI host bridge to bus 0000:00
[    3.093400] pci_bus 0000:00: root bus resource [io  0x0000-0x0cf7 window]
[    3.094384] pci_bus 0000:00: root bus resource [io  0x0d00-0xffff window]
[    3.095383] pci_bus 0000:00: root bus resource [mem 0x000a0000-0x000bffff window]
[    3.096383] pci_bus 0000:00: root bus resource [mem 0x20000000-0xafffffff window]
[    3.097387] pci_bus 0000:00: root bus resource [mem 0xc0000000-0xfebfffff window]
[    3.098384] pci_bus 0000:00: root bus resource [mem 0x100000000-0x8ffffffff window]
[    3.099405] pci_bus 0000:00: root bus resource [bus 00-ff]
[    3.103558] pci 0000:00:00.0: calling  quirk_mmio_always_on+0x0/0x10 @ 1
[    3.106385] pci 0000:00:00.0: quirk_mmio_always_on+0x0/0x10 took 0 usecs
[    3.107521] pci 0000:00:00.0: [8086:29c0] type 00 class 0x060000
[    3.112386] pci 0000:00:00.0: calling  quirk_igfx_skip_te_disable+0x0/0x80 @ 1
[    3.113642] pci 0000:00:00.0: quirk_igfx_skip_te_disable+0x0/0x80 took 0 usecs
[    3.117534] pci 0000:00:01.0: [1234:1111] type 00 class 0x030000
[    3.131375] pci 0000:00:01.0: reg 0x10: [mem 0xfd000000-0xfdffffff pref]
[    3.152375] pci 0000:00:01.0: reg 0x18: [mem 0xfebf0000-0xfebf0fff]
[    3.177375] pci 0000:00:01.0: reg 0x30: [mem 0xfebe0000-0xfebeffff pref]
[    3.181367] pci 0000:00:01.0: calling  efifb_fixup_resources+0x0/0xf0 @ 1
[    3.182415] pci 0000:00:01.0: efifb_fixup_resources+0x0/0xf0 took 0 usecs
[    3.193669] pci 0000:00:1f.0: [8086:2918] type 00 class 0x060100
[    3.200944] pci 0000:00:1f.0: calling  quirk_ich7_lpc+0x0/0x60 @ 1
[    3.201685] pci 0000:00:1f.0: quirk: [io  0x0600-0x067f] claimed by ICH6 ACPI/GPIO/TCO
[    3.202799] pci 0000:00:1f.0: quirk_ich7_lpc+0x0/0x60 took 976 usecs
[    3.203388] pci 0000:00:1f.0: calling  quirk_igfx_skip_te_disable+0x0/0x80 @ 1
[    3.204403] pci 0000:00:1f.0: quirk_igfx_skip_te_disable+0x0/0x80 took 0 usecs
[    3.208486] pci 0000:00:1f.2: [8086:2922] type 00 class 0x010601
[    3.218386] pci 0000:00:1f.2: reg 0x20: [io  0xc040-0xc05f]
[    3.221077] pci 0000:00:1f.2: reg 0x24: [mem 0xfebf1000-0xfebf1fff]
[    3.223577] pci 0000:00:1f.2: calling  quirk_igfx_skip_te_disable+0x0/0x80 @ 1
[    3.224392] pci 0000:00:1f.2: quirk_igfx_skip_te_disable+0x0/0x80 took 0 usecs
[    3.230391] pci 0000:00:1f.3: [8086:2930] type 00 class 0x0c0500
[    3.238272] pci 0000:00:1f.3: reg 0x20: [io  0x0700-0x073f]
[    3.240803] pci 0000:00:1f.3: calling  quirk_igfx_skip_te_disable+0x0/0x80 @ 1
[    3.241387] pci 0000:00:1f.3: quirk_igfx_skip_te_disable+0x0/0x80 took 0 usecs
[    3.264363] ACPI: PCI Interrupt Link [LNKA] (IRQs 5 *10 11)
[    3.267610] ACPI: PCI Interrupt Link [LNKB] (IRQs 5 *10 11)
[    3.269423] ACPI: PCI Interrupt Link [LNKC] (IRQs 5 10 *11)
[    3.271831] ACPI: PCI Interrupt Link [LNKD] (IRQs 5 10 *11)
[    3.273631] ACPI: PCI Interrupt Link [LNKE] (IRQs 5 *10 11)
[    3.276134] ACPI: PCI Interrupt Link [LNKF] (IRQs 5 *10 11)
[    3.278455] ACPI: PCI Interrupt Link [LNKG] (IRQs 5 10 *11)
[    3.280762] ACPI: PCI Interrupt Link [LNKH] (IRQs 5 10 *11)
[    3.281685] ACPI: PCI Interrupt Link [GSIA] (IRQs *16)
[    3.282435] ACPI: PCI Interrupt Link [GSIB] (IRQs *17)
[    3.283453] ACPI: PCI Interrupt Link [GSIC] (IRQs *18)
[    3.285401] ACPI: PCI Interrupt Link [GSID] (IRQs *19)
[    3.287411] ACPI: PCI Interrupt Link [GSIE] (IRQs *20)
[    3.288622] ACPI: PCI Interrupt Link [GSIF] (IRQs *21)
[    3.290595] ACPI: PCI Interrupt Link [GSIG] (IRQs *22)
[    3.291467] ACPI: PCI Interrupt Link [GSIH] (IRQs *23)
[    3.302306] initcall acpi_init+0x0/0x319 returned 0 after 253906 usecs
[    3.303770] calling  pnp_init+0x0/0xc @ 1
[    3.304436] initcall pnp_init+0x0/0xc returned 0 after 0 usecs
[    3.305384] calling  misc_init+0x0/0xbf @ 1
[    3.308276] initcall misc_init+0x0/0xbf returned 0 after 976 usecs
[    3.308384] calling  iommu_subsys_init+0x0/0x4e @ 1
[    3.309543] iommu: Default domain type: Translated 
[    3.310384] initcall iommu_subsys_init+0x0/0x4e returned 0 after 976 usecs
[    3.311384] calling  vga_arb_device_init+0x0/0x261 @ 1
[    3.325735] pci 0000:00:01.0: vgaarb: setting as boot VGA device
[    3.326375] pci 0000:00:01.0: vgaarb: VGA device added: decodes=io+mem,owns=io+mem,locks=none
[    3.326389] pci 0000:00:01.0: vgaarb: bridge control possible
[    3.327395] vgaarb: loaded
[    3.328386] initcall vga_arb_device_init+0x0/0x261 returned 0 after 15625 usecs
[    3.329407] calling  cn_init+0x0/0xf0 @ 1
[    3.330721] initcall cn_init+0x0/0xf0 returned 0 after 0 usecs
[    3.331389] calling  dma_buf_init+0x0/0xad @ 1
[    3.333118] initcall dma_buf_init+0x0/0xad returned 0 after 0 usecs
[    3.333385] calling  dma_resv_lockdep+0x0/0x281 @ 1
[    3.337875] initcall dma_resv_lockdep+0x0/0x281 returned 0 after 2929 usecs
[    3.338387] calling  init_scsi+0x0/0x79 @ 1
[    3.340656] SCSI subsystem initialized
[    3.341386] initcall init_scsi+0x0/0x79 returned 0 after 1953 usecs
[    3.342385] calling  ata_init+0x0/0x332 @ 1
[    3.345867] libata version 3.00 loaded.
[    3.346386] initcall ata_init+0x0/0x332 returned 0 after 2929 usecs
[    3.347385] calling  phy_init+0x0/0x250 @ 1
[    3.349649] initcall phy_init+0x0/0x250 returned 0 after 976 usecs
[    3.350384] calling  init_pcmcia_cs+0x0/0x35 @ 1
[    3.351475] initcall init_pcmcia_cs+0x0/0x35 returned 0 after 0 usecs
[    3.352384] calling  usb_common_init+0x0/0x1c @ 1
[    3.354394] initcall usb_common_init+0x0/0x1c returned 0 after 976 usecs
[    3.355386] calling  usb_init+0x0/0x12e @ 1
[    3.358192] ACPI: bus type USB registered
[    3.362992] usbcore: registered new interface driver usbfs
[    3.364710] usbcore: registered new interface driver hub
[    3.365476] usbcore: registered new device driver usb
[    3.366389] initcall usb_init+0x0/0x12e returned 0 after 9765 usecs
[    3.367390] calling  serio_init+0x0/0x29 @ 1
[    3.368934] initcall serio_init+0x0/0x29 returned 0 after 0 usecs
[    3.369388] calling  input_init+0x0/0xf6 @ 1
[    3.371514] initcall input_init+0x0/0xf6 returned 0 after 976 usecs
[    3.372386] calling  rtc_init+0x0/0x4d @ 1
[    3.374401] initcall rtc_init+0x0/0x4d returned 0 after 976 usecs
[    3.375387] calling  pps_init+0x0/0xa9 @ 1
[    3.376404] pps_core: LinuxPPS API ver. 1 registered
[    3.377383] pps_core: Software ver. 5.3.6 - Copyright 2005-2007 Rodolfo Giometti <giometti@linux.it>
[    3.379387] initcall pps_init+0x0/0xa9 returned 0 after 2929 usecs
[    3.380392] calling  ptp_init+0x0/0x98 @ 1
[    3.382498] PTP clock support registered
[    3.383386] initcall ptp_init+0x0/0x98 returned 0 after 1953 usecs
[    3.384386] calling  power_supply_class_init+0x0/0x3f @ 1
[    3.386548] initcall power_supply_class_init+0x0/0x3f returned 0 after 976 usecs
[    3.387390] calling  hwmon_init+0x0/0x104 @ 1
[    3.388409] initcall hwmon_init+0x0/0x104 returned 0 after 0 usecs
[    3.389385] calling  md_init+0x0/0x16b @ 1
[    3.399050] initcall md_init+0x0/0x16b returned 0 after 7812 usecs
[    3.399536] calling  leds_init+0x0/0x3b @ 1
[    3.400907] initcall leds_init+0x0/0x3b returned 0 after 0 usecs
[    3.402385] calling  dmi_init+0x0/0x113 @ 1
[    3.405979] initcall dmi_init+0x0/0x113 returned 0 after 1953 usecs
[    3.406390] calling  efisubsys_init+0x0/0x4e7 @ 1
[    3.409390] initcall efisubsys_init+0x0/0x4e7 returned 0 after 1953 usecs
[    3.410386] calling  nvmem_init+0x0/0xc @ 1
[    3.411914] initcall nvmem_init+0x0/0xc returned 0 after 0 usecs
[    3.412386] calling  init_soundcore+0x0/0x33 @ 1
[    3.414385] initcall init_soundcore+0x0/0x33 returned 0 after 976 usecs
[    3.415389] calling  alsa_sound_init+0x0/0x8f @ 1
[    3.417682] Advanced Linux Sound Architecture Driver Initialized.
[    3.418389] initcall alsa_sound_init+0x0/0x8f returned 0 after 1953 usecs
[    3.419385] calling  alsa_seq_device_init+0x0/0x71 @ 1
[    3.420602] initcall alsa_seq_device_init+0x0/0x71 returned 0 after 0 usecs
[    3.421384] calling  hda_bus_init+0x0/0xc @ 1
[    3.423682] initcall hda_bus_init+0x0/0xc returned 0 after 976 usecs
[    3.424385] calling  proto_init+0x0/0xc @ 1
[    3.426599] initcall proto_init+0x0/0xc returned 0 after 976 usecs
[    3.427386] calling  net_dev_init+0x0/0x27f @ 1
[    3.443903] initcall net_dev_init+0x0/0x27f returned 0 after 14648 usecs
[    3.444389] calling  neigh_init+0x0/0x84 @ 1
[    3.445397] initcall neigh_init+0x0/0x84 returned 0 after 0 usecs
[    3.446388] calling  fib_notifier_init+0x0/0xc @ 1
[    3.447419] initcall fib_notifier_init+0x0/0xc returned 0 after 0 usecs
[    3.448384] calling  fib_rules_init+0x0/0xab @ 1
[    3.450384] initcall fib_rules_init+0x0/0xab returned 0 after 976 usecs
[    3.452383] calling  pktsched_init+0x0/0x10e @ 1
[    3.453503] initcall pktsched_init+0x0/0x10e returned 0 after 0 usecs
[    3.454384] calling  tc_filter_init+0x0/0xfa @ 1
[    3.455455] initcall tc_filter_init+0x0/0xfa returned 0 after 0 usecs
[    3.456384] calling  tc_action_init+0x0/0x54 @ 1
[    3.457409] initcall tc_action_init+0x0/0x54 returned 0 after 0 usecs
[    3.458383] calling  ethnl_init+0x0/0x52 @ 1
[    3.459564] initcall ethnl_init+0x0/0x52 returned 0 after 0 usecs
[    3.460386] calling  nexthop_init+0x0/0xd8 @ 1
[    3.461479] initcall nexthop_init+0x0/0xd8 returned 0 after 0 usecs
[    3.462386] calling  cipso_v4_init+0x0/0x8d @ 1
[    3.463521] initcall cipso_v4_init+0x0/0x8d returned 0 after 0 usecs
[    3.464677] calling  ieee80211_init+0x0/0x24 @ 1
[    3.466441] initcall ieee80211_init+0x0/0x24 returned 0 after 976 usecs
[    3.467384] calling  netlbl_init+0x0/0x78 @ 1
[    3.468397] NetLabel: Initializing
[    3.469380] NetLabel:  domain hash size = 128
[    3.470380] NetLabel:  protocols = UNLABELED CIPSOv4 CALIPSO
[    3.471561] NetLabel:  unlabeled traffic allowed by default
[    3.472385] initcall netlbl_init+0x0/0x78 returned 0 after 3906 usecs
[    3.473385] calling  rfkill_init+0x0/0x136 @ 1
[    3.475011] initcall rfkill_init+0x0/0x136 returned 0 after 976 usecs
[    3.485388] calling  pci_subsys_init+0x0/0x66 @ 1
[    3.491425] PCI: Using ACPI for IRQ routing
[    4.301382] PCI: pci_cache_line_size set to 64 bytes
[    4.307267] e820: reserve RAM buffer [mem 0x0009fc00-0x0009ffff]
[    4.315442] e820: reserve RAM buffer [mem 0x1ffdf000-0x1fffffff]
[    4.322470] initcall pci_subsys_init+0x0/0x66 returned 0 after 811523 usecs
[    4.329598] calling  nmi_warning_debugfs+0x0/0x26 @ 1
[    4.335624] initcall nmi_warning_debugfs+0x0/0x26 returned 0 after 976 usecs
[    4.344398] calling  save_microcode_in_initrd+0x0/0x51 @ 1
[    4.350498] initcall save_microcode_in_initrd+0x0/0x51 returned 0 after 0 usecs
[    4.358390] calling  hpet_late_init+0x0/0x207 @ 1
[    4.364625] hpet: 3 channels of 0 reserved for per-cpu timers
[    4.370533] hpet0: at MMIO 0xfed00000, IRQs 2, 8, 0
[    4.376381] hpet0: 3 comparators, 64-bit 100.000000 MHz counter
[    4.387383] initcall hpet_late_init+0x0/0x207 returned 0 after 22460 usecs
[    4.395383] calling  init_amd_nbs+0x0/0x11c @ 1
[    4.400430] initcall init_amd_nbs+0x0/0x11c returned 0 after 0 usecs
[    4.407395] calling  clocksource_done_booting+0x0/0x43 @ 1
[    4.416286] clocksource: Switched to clocksource kvm-clock
[    4.422625] initcall clocksource_done_booting+0x0/0x43 returned 0 after 8050 usecs
[    4.431809] calling  tracer_init_tracefs+0x0/0x248 @ 1
[    4.735472] initcall tracer_init_tracefs+0x0/0x248 returned 0 after 289108 usecs
[    4.745032] calling  init_trace_printk_function_export+0x0/0x2c @ 1
[    4.753275] initcall init_trace_printk_function_export+0x0/0x2c returned 0 after 109 usecs
[    4.763650] calling  init_kprobe_trace+0x0/0x1ab @ 1
[    4.769633] initcall init_kprobe_trace+0x0/0x1ab returned 0 after 118 usecs
[    4.779805] calling  init_dynamic_event+0x0/0x3d @ 1
[    4.787096] initcall init_dynamic_event+0x0/0x3d returned 0 after 37 usecs
[    4.797244] calling  init_uprobe_trace+0x0/0x5c @ 1
[    4.803959] initcall init_uprobe_trace+0x0/0x5c returned 0 after 156 usecs
[    4.812692] calling  init_pipe_fs+0x0/0x44 @ 1
[    4.821064] initcall init_pipe_fs+0x0/0x44 returned 0 after 3069 usecs
[    4.828739] calling  inotify_user_setup+0x0/0x47 @ 1
[    4.834697] initcall inotify_user_setup+0x0/0x47 returned 0 after 209 usecs
[    4.842675] calling  eventpoll_init+0x0/0xeb @ 1
[    4.848176] initcall eventpoll_init+0x0/0xeb returned 0 after 121 usecs
[    4.856016] calling  anon_inode_init+0x0/0x58 @ 1
[    4.863041] initcall anon_inode_init+0x0/0x58 returned 0 after 288 usecs
[    4.872786] calling  proc_locks_init+0x0/0x27 @ 1
[    4.879709] initcall proc_locks_init+0x0/0x27 returned 0 after 144 usecs
[    4.889024] calling  iomap_init+0x0/0x1b @ 1
[    4.894776] initcall iomap_init+0x0/0x1b returned 0 after 868 usecs
[    4.901916] calling  dquot_init+0x0/0x106 @ 1
[    4.906927] VFS: Disk quotas dquot_6.6.0
[    4.914965] VFS: Dquot-cache hash table entries: 512 (order 0, 4096 bytes)
[    4.922917] initcall dquot_init+0x0/0x106 returned 0 after 15633 usecs
[    4.930660] calling  quota_init+0x0/0x23 @ 1
[    4.937587] initcall quota_init+0x0/0x23 returned 0 after 496 usecs
[    4.944778] calling  proc_cmdline_init+0x0/0x21 @ 1
[    4.950469] initcall proc_cmdline_init+0x0/0x21 returned 0 after 33 usecs
[    4.958475] calling  proc_consoles_init+0x0/0x24 @ 1
[    4.964372] initcall proc_consoles_init+0x0/0x24 returned 0 after 6 usecs
[    4.972448] calling  proc_cpuinfo_init+0x0/0x1e @ 1
[    4.978250] initcall proc_cpuinfo_init+0x0/0x1e returned 0 after 5 usecs
[    4.986338] calling  proc_devices_init+0x0/0x24 @ 1
[    4.992143] initcall proc_devices_init+0x0/0x24 returned 0 after 5 usecs
[    5.000268] calling  proc_interrupts_init+0x0/0x24 @ 1
[    5.006349] initcall proc_interrupts_init+0x0/0x24 returned 0 after 5 usecs
[    5.014931] calling  proc_loadavg_init+0x0/0x21 @ 1
[    5.020743] initcall proc_loadavg_init+0x0/0x21 returned 0 after 5 usecs
[    5.028796] calling  proc_meminfo_init+0x0/0x21 @ 1
[    5.034639] initcall proc_meminfo_init+0x0/0x21 returned 0 after 5 usecs
[    5.042900] calling  proc_stat_init+0x0/0x1e @ 1
[    5.048387] initcall proc_stat_init+0x0/0x1e returned 0 after 5 usecs
[    5.056090] calling  proc_uptime_init+0x0/0x21 @ 1
[    5.061734] initcall proc_uptime_init+0x0/0x21 returned 0 after 5 usecs
[    5.069583] calling  proc_version_init+0x0/0x21 @ 1
[    5.075449] initcall proc_version_init+0x0/0x21 returned 0 after 5 usecs
[    5.083673] calling  proc_softirqs_init+0x0/0x21 @ 1
[    5.089704] initcall proc_softirqs_init+0x0/0x21 returned 0 after 5 usecs
[    5.097955] calling  proc_kcore_init+0x0/0xea @ 1
[    5.103934] initcall proc_kcore_init+0x0/0xea returned 0 after 304 usecs
[    5.112060] calling  vmcore_init+0x0/0x57b @ 1
[    5.117497] initcall vmcore_init+0x0/0x57b returned 0 after 99 usecs
[    5.125134] calling  proc_kmsg_init+0x0/0x21 @ 1
[    5.132273] initcall proc_kmsg_init+0x0/0x21 returned 0 after 7 usecs
[    5.139983] calling  proc_page_init+0x0/0x3b @ 1
[    5.145688] initcall proc_page_init+0x0/0x3b returned 0 after 85 usecs
[    5.153783] calling  init_ramfs_fs+0x0/0xc @ 1
[    5.159058] initcall init_ramfs_fs+0x0/0xc returned 0 after 18 usecs
[    5.166699] calling  init_hugetlbfs_fs+0x0/0xf6 @ 1
[    5.173267] initcall init_hugetlbfs_fs+0x0/0xf6 returned 0 after 712 usecs
[    5.181517] calling  blk_scsi_ioctl_init+0x0/0x2a5 @ 1
[    5.187667] initcall blk_scsi_ioctl_init+0x0/0x2a5 returned 0 after 32 usecs
[    5.195985] calling  acpi_event_init+0x0/0x2c @ 1
[    5.201669] initcall acpi_event_init+0x0/0x2c returned 0 after 93 usecs
[    5.209661] calling  pnp_system_init+0x0/0xc @ 1
[    5.216295] initcall pnp_system_init+0x0/0xc returned 0 after 795 usecs
[    5.226344] calling  pnpacpi_init+0x0/0x69 @ 1
[    5.232476] pnp: PnP ACPI init
[    5.239824] pnp 00:00: Plug and Play ACPI device, IDs PNP0303 (active)
[    5.247895] pnp 00:01: Plug and Play ACPI device, IDs PNP0f13 (active)
[    5.256026] pnp 00:02: Plug and Play ACPI device, IDs PNP0400 (active)
[    5.264199] pnp 00:03: Plug and Play ACPI device, IDs PNP0501 (active)
[    5.272240] pnp 00:04: Plug and Play ACPI device, IDs PNP0b00 (active)
[    5.280879] system 00:05: [mem 0xb0000000-0xbfffffff window] has been reserved
[    5.289787] system 00:05: Plug and Play ACPI device, IDs PNP0c01 (active)
[    5.300007] pnp: PnP ACPI: found 6 devices
[    5.305205] initcall pnpacpi_init+0x0/0x69 returned 0 after 71093 usecs
[    5.313798] calling  chr_dev_init+0x0/0x14d @ 1
[    5.413808] initcall chr_dev_init+0x0/0x14d returned 0 after 92433 usecs
[    5.422709] calling  firmware_class_init+0x0/0x14a @ 1
[    5.429059] initcall firmware_class_init+0x0/0x14a returned 0 after 92 usecs
[    5.437498] calling  init_pcmcia_bus+0x0/0x5b @ 1
[    5.443337] initcall init_pcmcia_bus+0x0/0x5b returned 0 after 226 usecs
[    5.451384] calling  init_acpi_pm_clocksource+0x0/0xda @ 1
[    5.463596] clocksource: acpi_pm: mask: 0xffffff max_cycles: 0xffffff, max_idle_ns: 2085701024 ns
[    5.474283] initcall init_acpi_pm_clocksource+0x0/0xda returned 0 after 15841 usecs
[    5.483567] calling  sysctl_core_init+0x0/0x26 @ 1
[    5.489687] initcall sysctl_core_init+0x0/0x26 returned 0 after 291 usecs
[    5.498722] calling  eth_offload_init+0x0/0x13 @ 1
[    5.505030] initcall eth_offload_init+0x0/0x13 returned 0 after 162 usecs
[    5.513207] calling  ipv4_offload_init+0x0/0x73 @ 1
[    5.519534] initcall ipv4_offload_init+0x0/0x73 returned 0 after 134 usecs
[    5.528392] calling  inet_init+0x0/0x276 @ 1
[    5.533755] NET: Registered protocol family 2
[    5.540638] IP idents hash table entries: 8192 (order: 4, 65536 bytes, linear)
[    5.552716] tcp_listen_portaddr_hash hash table entries: 256 (order: 2, 20480 bytes, linear)
[    5.564587] TCP established hash table entries: 4096 (order: 3, 32768 bytes, linear)
[    5.578781] TCP bind hash table entries: 4096 (order: 6, 294912 bytes, linear)
[    5.591666] TCP: Hash tables configured (established 4096 bind 4096)
[    5.603072] UDP hash table entries: 256 (order: 3, 40960 bytes, linear)
[    5.613211] UDP-Lite hash table entries: 256 (order: 3, 40960 bytes, linear)
[    5.622760] initcall inet_init+0x0/0x276 returned 0 after 87073 usecs
[    5.630587] calling  af_unix_init+0x0/0x4d @ 1
[    5.636022] NET: Registered protocol family 1
[    5.641542] initcall af_unix_init+0x0/0x4d returned 0 after 5404 usecs
[    5.649278] calling  ipv6_offload_init+0x0/0x7e @ 1
[    5.655277] initcall ipv6_offload_init+0x0/0x7e returned 0 after 26 usecs
[    5.663513] calling  init_sunrpc+0x0/0x65 @ 1
[    5.677314] RPC: Registered named UNIX socket transport module.
[    5.684434] RPC: Registered udp transport module.
[    5.690104] RPC: Registered tcp transport module.
[    5.695715] RPC: Registered tcp NFSv4.1 backchannel transport module.
[    5.703390] initcall init_sunrpc+0x0/0x65 returned 0 after 33824 usecs
[    5.711256] calling  cfg80211_init+0x0/0xc5 @ 1
[    5.718863] initcall cfg80211_init+0x0/0xc5 returned 0 after 2144 usecs
[    5.726652] calling  pcibios_assign_resources+0x0/0xbf @ 1
[    5.734059] pci_bus 0000:00: resource 4 [io  0x0000-0x0cf7 window]
[    5.741333] pci_bus 0000:00: resource 5 [io  0x0d00-0xffff window]
[    5.748790] pci_bus 0000:00: resource 6 [mem 0x000a0000-0x000bffff window]
[    5.757028] pci_bus 0000:00: resource 7 [mem 0x20000000-0xafffffff window]
[    5.765003] pci_bus 0000:00: resource 8 [mem 0xc0000000-0xfebfffff window]
[    5.773224] pci_bus 0000:00: resource 9 [mem 0x100000000-0x8ffffffff window]
[    5.781655] initcall pcibios_assign_resources+0x0/0xbf returned 0 after 46912 usecs
[    5.790651] calling  pci_apply_final_quirks+0x0/0x124 @ 1
[    5.797193] pci 0000:00:01.0: calling  pci_fixup_video+0x0/0xe0 @ 1
[    5.804853] pci 0000:00:01.0: Video device with shadowed ROM at [mem 0x000c0000-0x000dffff]
[    5.814564] pci 0000:00:01.0: pci_fixup_video+0x0/0xe0 took 9780 usecs
[    5.822424] PCI: CLS 0 bytes, default 64
[    5.827457] initcall pci_apply_final_quirks+0x0/0x124 returned 0 after 29747 usecs
[    5.838297] calling  acpi_reserve_resources+0x0/0xea @ 1
[    5.846352] initcall acpi_reserve_resources+0x0/0xea returned 0 after 27 usecs
[    5.857048] calling  populate_rootfs+0x0/0x102 @ 1
[    5.865257] initcall populate_rootfs+0x0/0x102 returned 0 after 2528 usecs
[    5.873321] calling  pci_iommu_init+0x0/0x3e @ 1
[    5.878928] initcall pci_iommu_init+0x0/0x3e returned 0 after 177 usecs
[    5.887020] calling  ia32_binfmt_init+0x0/0x13 @ 1
[    5.893225] initcall ia32_binfmt_init+0x0/0x13 returned 0 after 359 usecs
[    5.901230] calling  rapl_pmu_init+0x0/0x267 @ 1
[    5.906919] initcall rapl_pmu_init+0x0/0x267 returned -19 after 141 usecs
[    5.915155] calling  amd_uncore_init+0x0/0x310 @ 1
[    5.920928] initcall amd_uncore_init+0x0/0x310 returned -19 after 0 usecs
[    5.928888] calling  amd_ibs_init+0x0/0x25f @ 1
[    5.934250] initcall amd_ibs_init+0x0/0x25f returned -19 after 1 usecs
[    5.942039] calling  amd_iommu_pc_init+0x0/0x22c @ 1
[    5.948123] initcall amd_iommu_pc_init+0x0/0x22c returned -19 after 43 usecs
[    5.956523] calling  msr_init+0x0/0x55 @ 1
[    5.961611] initcall msr_init+0x0/0x55 returned 0 after 74 usecs
[    5.968765] calling  intel_uncore_init+0x0/0x36f @ 1
[    5.974957] initcall intel_uncore_init+0x0/0x36f returned -19 after 59 usecs
[    5.983308] calling  cstate_pmu_init+0x0/0x1a1 @ 1
[    5.989216] initcall cstate_pmu_init+0x0/0x1a1 returned -19 after 0 usecs
[    5.997352] calling  register_kernel_offset_dumper+0x0/0x1a @ 1
[    6.004316] initcall register_kernel_offset_dumper+0x0/0x1a returned 0 after 15 usecs
[    6.013371] calling  i8259A_init_ops+0x0/0x20 @ 1
[    6.018955] initcall i8259A_init_ops+0x0/0x20 returned 0 after 1 usecs
[    6.026574] calling  init_tsc_clocksource+0x0/0xa4 @ 1
[    6.032593] clocksource: tsc: mask: 0xffffffffffffffff max_cycles: 0x39a85afc727, max_idle_ns: 881590685098 ns
[    6.044161] initcall init_tsc_clocksource+0x0/0xa4 returned 0 after 11295 usecs
[    6.052722] calling  add_rtc_cmos+0x0/0xb0 @ 1
[    6.058062] initcall add_rtc_cmos+0x0/0xb0 returned 0 after 16 usecs
[    6.066911] calling  i8237A_init_ops+0x0/0x3a @ 1
[    6.074083] initcall i8237A_init_ops+0x0/0x3a returned 0 after 86 usecs
[    6.084043] calling  umwait_init+0x0/0x94 @ 1
[    6.090582] initcall umwait_init+0x0/0x94 returned -19 after 16 usecs
[    6.098490] calling  thermal_throttle_init_device+0x0/0x3d @ 1
[    6.105462] initcall thermal_throttle_init_device+0x0/0x3d returned 0 after 24 usecs
[    6.114548] calling  msr_init+0x0/0xd7 @ 1
[    6.131382] initcall msr_init+0x0/0xd7 returned 0 after 11747 usecs
[    6.138849] calling  cpuid_init+0x0/0xd7 @ 1
[    6.164727] initcall cpuid_init+0x0/0xd7 returned 0 after 20367 usecs
[    6.172224] calling  ioapic_init_ops+0x0/0x13 @ 1
[    6.177853] initcall ioapic_init_ops+0x0/0x13 returned 0 after 52 usecs
[    6.185700] calling  add_pcspkr+0x0/0x6c @ 1
[    6.190998] initcall add_pcspkr+0x0/0x6c returned 0 after 93 usecs
[    6.198236] calling  start_periodic_check_for_corruption+0x0/0x30 @ 1
[    6.205808] check: Scanning for low memory corruption every 60 seconds
[    6.213506] initcall start_periodic_check_for_corruption+0x0/0x30 returned 0 after 7548 usecs
[    6.223542] calling  sysfb_init+0x0/0x9c @ 1
[    6.228802] initcall sysfb_init+0x0/0x9c returned 0 after 204 usecs
[    6.236367] calling  audit_classes_init+0x0/0xae @ 1
[    6.242223] initcall audit_classes_init+0x0/0xae returned 0 after 16 usecs
[    6.250370] calling  iosf_mbi_init+0x0/0x24 @ 1
[    6.256144] initcall iosf_mbi_init+0x0/0x24 returned 0 after 332 usecs
[    6.264026] calling  proc_execdomains_init+0x0/0x21 @ 1
[    6.270531] initcall proc_execdomains_init+0x0/0x21 returned 0 after 39 usecs
[    6.279604] calling  register_warn_debugfs+0x0/0x23 @ 1
[    6.287076] initcall register_warn_debugfs+0x0/0x23 returned 0 after 1212 usecs
[    6.295801] calling  cpuhp_sysfs_init+0x0/0x79 @ 1
[    6.301640] initcall cpuhp_sysfs_init+0x0/0x79 returned 0 after 152 usecs
[    6.309921] calling  ioresources_init+0x0/0x49 @ 1
[    6.315754] initcall ioresources_init+0x0/0x49 returned 0 after 9 usecs
[    6.323623] calling  lockdep_proc_init+0x0/0x64 @ 1
[    6.329493] initcall lockdep_proc_init+0x0/0x64 returned 0 after 110 usecs
[    6.337765] calling  snapshot_device_init+0x0/0xc @ 1
[    6.345360] initcall snapshot_device_init+0x0/0xc returned 0 after 1492 usecs
[    6.354128] calling  irq_pm_init_ops+0x0/0x13 @ 1
[    6.359832] initcall irq_pm_init_ops+0x0/0x13 returned 0 after 17 usecs
[    6.367714] calling  rcu_torture_init+0x0/0x9be @ 1
[    6.373691] rcu-torture:--- Start of test: nreaders=7 nfakewriters=4 stat_interval=15 verbose=1 test_no_idle_hz=1 shuffle_interval=3 stutter=5 irqreader=1 fqs_duration=0 fqs_holdoff=0 fqs_stutter=3 test_boost=1/0 test_boost_interval=7 test_boost_duration=4 shutdown_secs=1800 stall_cpu=0 stall_cpu_holdoff=10 stall_cpu_irqsoff=0 stall_cpu_block=0 n_barrier_cbs=4 onoff_interval=1000 onoff_holdoff=30 read_exit_delay=13 read_exit_burst=16
[    6.422365] rcu:  Start-test grace-period state: g-1092 f0x0
[    6.428984] rcu-torture: Creating rcu_torture_writer task
[    6.437979] rcu-torture: Creating rcu_torture_fakewriter task
[    6.438171] rcu-torture: rcu_torture_writer task started
[    6.446703] rcu-torture: Creating rcu_torture_fakewriter task
[    6.447015] rcu-torture: rcu_torture_fakewriter task started
[    6.451957] rcu-torture: GP expediting controlled from boot/sysfs for rcu.
[    6.461549] rcu-torture: Creating rcu_torture_fakewriter task
[    6.461831] rcu-torture: rcu_torture_fakewriter task started
[    6.467373] rcu_torture_writer: Testing conditional GPs.
[    6.477889] rcu-torture: Creating rcu_torture_fakewriter task
[    6.478050] rcu-torture: rcu_torture_fakewriter task started
[    6.484257] rcu_torture_writer: Testing expedited GPs.
[    6.484259] rcu_torture_writer: Testing asynchronous GPs.
[    6.484261] rcu_torture_writer: Testing normal GPs.
[    6.532721] rcu-torture: Creating rcu_torture_reader task
[    6.533141] rcu-torture: rcu_torture_fakewriter task started
[    6.541817] rcu-torture: Creating rcu_torture_reader task
[    6.542106] rcu-torture: rcu_torture_reader task started
[    6.562106] rcu-torture: Creating rcu_torture_reader task
[    6.562119] rcu-torture: rcu_torture_reader task started
[    6.572350] rcu-torture: Creating rcu_torture_reader task
[    6.572607] rcu-torture: rcu_torture_reader task started
[    6.594832] rcu-torture: Creating rcu_torture_reader task
[    6.594929] rcu-torture: rcu_torture_reader task started
[    6.605063] rcu-torture: Creating rcu_torture_reader task
[    6.605544] rcu-torture: rcu_torture_reader task started
[    6.627700] rcu-torture: Creating rcu_torture_reader task
[    6.628071] rcu-torture: rcu_torture_reader task started
[    6.636835] rcu-torture: Creating rcu_torture_stats task
[    6.637125] rcu-torture: rcu_torture_reader task started
[    6.660193] rcu-torture: Creating torture_shuffle task
[    6.660216] rcu-torture: rcu_torture_stats task started
[    6.667534] rcu-torture: Creating torture_stutter task
[    6.667536] rcu-torture: torture_shuffle task started
[    6.688942] rcu-torture: Creating torture_shutdown task
[    6.697626] rcu-torture: torture_stutter task started
[    6.705535] rcu-torture: torture_shutdown task started
[    6.705726] rcu-torture: Creating torture_onoff task
[    6.712237] rcu-torture:torture_shutdown task: 1799976 ms remaining
[    6.719141] rcu-torture: torture_onoff task started
[    6.719175] rcu-torture: Creating rcu_torture_fwd_prog task
[    6.721292] rcu-torture: Creating rcu_torture_barrier_cbs task
[    6.721703] rcu-torture: rcu_torture_fwd_progress task started
[    6.723010] rcu-torture: Creating rcu_torture_barrier_cbs task
[    6.723033] rcu-torture: rcu_torture_barrier_cbs task started
[    6.724301] rcu-torture: Creating rcu_torture_barrier_cbs task
[    6.725006] rcu-torture: rcu_torture_barrier_cbs task started
[    6.725219] rcu-torture: Creating rcu_torture_barrier_cbs task
[    6.725246] rcu-torture: rcu_torture_barrier_cbs task started
[    6.726351] rcu-torture: Creating rcu_torture_barrier task
[    6.726375] rcu-torture: rcu_torture_barrier_cbs task started
[    6.732550] rcu-torture: torture_onoff begin holdoff
[    6.830587] rcu-torture: Creating rcu_torture_read_exit task
[    6.830813] rcu-torture: rcu_torture_barrier task starting
[    6.840922] initcall rcu_torture_init+0x0/0x9be returned 0 after 456460 usecs
[    6.841040] rcu-torture: rcu_torture_read_exit: Start of test
[    6.869291] calling  timekeeping_init_ops+0x0/0x13 @ 1
[    6.876292] initcall timekeeping_init_ops+0x0/0x13 returned 0 after 18 usecs
[    6.885816] calling  init_clocksource_sysfs+0x0/0x23 @ 1
[    6.893687] initcall init_clocksource_sysfs+0x0/0x23 returned 0 after 553 usecs
[    6.905635] calling  init_timer_list_procfs+0x0/0x31 @ 1
[    6.914385] initcall init_timer_list_procfs+0x0/0x31 returned 0 after 44 usecs
[    6.926159] calling  alarmtimer_init+0x0/0xf5 @ 1
[    6.933098] initcall alarmtimer_init+0x0/0xf5 returned 0 after 704 usecs
[    6.942879] calling  init_posix_timers+0x0/0x29 @ 1
[    6.951245] initcall init_posix_timers+0x0/0x29 returned 0 after 248 usecs
[    6.962535] calling  clockevents_init_sysfs+0x0/0xbf @ 1
[    6.970683] initcall clockevents_init_sysfs+0x0/0xbf returned 0 after 538 usecs
[    6.980380] calling  proc_dma_init+0x0/0x21 @ 1
[    6.989691] initcall proc_dma_init+0x0/0x21 returned 0 after 2681 usecs
[    6.998390] calling  proc_modules_init+0x0/0x1e @ 1
[    7.004918] initcall proc_modules_init+0x0/0x1e returned 0 after 7 usecs
[    7.013456] calling  kallsyms_init+0x0/0x21 @ 1
[    7.019274] initcall kallsyms_init+0x0/0x21 returned 0 after 6 usecs
[    7.027159] calling  pid_namespaces_init+0x0/0x2c @ 1
[    7.033822] initcall pid_namespaces_init+0x0/0x2c returned 0 after 16 usecs
[    7.042752] calling  audit_watch_init+0x0/0x37 @ 1
[    7.048945] initcall audit_watch_init+0x0/0x37 returned 0 after 3 usecs
[    7.057454] calling  audit_fsnotify_init+0x0/0x37 @ 1
[    7.064239] initcall audit_fsnotify_init+0x0/0x37 returned 0 after 3 usecs
[    7.074499] calling  audit_tree_init+0x0/0x6d @ 1
[    7.080690] initcall audit_tree_init+0x0/0x6d returned 0 after 11 usecs
[    7.089270] calling  seccomp_sysctl_init+0x0/0x2b @ 1
[    7.097401] initcall seccomp_sysctl_init+0x0/0x2b returned 0 after 33 usecs
[    7.108575] calling  utsname_sysctl_init+0x0/0x13 @ 1
[    7.116713] initcall utsname_sysctl_init+0x0/0x13 returned 0 after 13 usecs
[    7.126306] calling  init_tracepoints+0x0/0x27 @ 1
[    7.133148] initcall init_tracepoints+0x0/0x27 returned 0 after 3 usecs
[    7.143867] calling  init_blk_tracer+0x0/0x50 @ 1
[    7.151901] initcall init_blk_tracer+0x0/0x50 returned 0 after 352 usecs
[    7.162034] calling  perf_event_sysfs_init+0x0/0x83 @ 1
[    7.169792] initcall perf_event_sysfs_init+0x0/0x83 returned 0 after 877 usecs
[    7.181368] calling  system_trusted_keyring_init+0x0/0x60 @ 1
[    7.192888] Initialise system trusted keyrings
[    7.200117] initcall system_trusted_keyring_init+0x0/0x60 returned 0 after 7056 usecs
[    7.211821] calling  kswapd_init+0x0/0x5c @ 1
[    7.220249] initcall kswapd_init+0x0/0x5c returned 0 after 1686 usecs
[    7.230270] calling  extfrag_debug_init+0x0/0x54 @ 1
[    7.237778] initcall extfrag_debug_init+0x0/0x54 returned 0 after 48 usecs
[    7.247378] calling  mm_compute_batch_init+0x0/0x12 @ 1
[    7.255624] initcall mm_compute_batch_init+0x0/0x12 returned 0 after 24 usecs
[    7.266146] calling  slab_proc_init+0x0/0x21 @ 1
[    7.273802] initcall slab_proc_init+0x0/0x21 returned 0 after 27 usecs
[    7.283673] calling  workingset_init+0x0/0x8c @ 1
[    7.290449] workingset: timestamp_bits=56 max_order=17 bucket_order=0
[    7.299485] initcall workingset_init+0x0/0x8c returned 0 after 8822 usecs
[    7.309270] calling  proc_vmalloc_init+0x0/0x32 @ 1
[    7.316198] initcall proc_vmalloc_init+0x0/0x32 returned 0 after 198 usecs
[    7.325802] calling  procswaps_init+0x0/0x1e @ 1
[    7.333686] initcall procswaps_init+0x0/0x1e returned 0 after 273 usecs
[    7.342341] calling  slab_sysfs_init+0x0/0xec @ 1
[    7.357668] initcall slab_sysfs_init+0x0/0xec returned 0 after 9000 usecs
[    7.366379] calling  fcntl_init+0x0/0x29 @ 1
[    7.372726] initcall fcntl_init+0x0/0x29 returned 0 after 174 usecs
[    7.382543] calling  proc_filesystems_init+0x0/0x21 @ 1
[    7.390738] initcall proc_filesystems_init+0x0/0x21 returned 0 after 8 usecs
[    7.400496] calling  start_dirtytime_writeback+0x0/0x29 @ 1
[    7.409098] initcall start_dirtytime_writeback+0x0/0x29 returned 0 after 2 usecs
[    7.420433] calling  blkdev_init+0x0/0x1b @ 1
[    7.428212] initcall blkdev_init+0x0/0x1b returned 0 after 305 usecs
[    7.437932] calling  dio_init+0x0/0x2c @ 1
[    7.444580] initcall dio_init+0x0/0x2c returned 0 after 213 usecs
[    7.452723] calling  dnotify_init+0x0/0x78 @ 1
[    7.458786] initcall dnotify_init+0x0/0x78 returned 0 after 164 usecs
[    7.468187] calling  aio_setup+0x0/0x78 @ 1
[    7.475144] initcall aio_setup+0x0/0x78 returned 0 after 366 usecs
[    7.485405] calling  io_uring_init+0x0/0x2c @ 1
[    7.492859] initcall io_uring_init+0x0/0x2c returned 0 after 15 usecs
[    7.502229] calling  mbcache_init+0x0/0x30 @ 1
[    7.508797] initcall mbcache_init+0x0/0x30 returned 0 after 457 usecs
[    7.518051] calling  init_grace+0x0/0xc @ 1
[    7.523948] initcall init_grace+0x0/0xc returned 0 after 6 usecs
[    7.532827] calling  init_v2_quota_format+0x0/0x21 @ 1
[    7.541663] initcall init_v2_quota_format+0x0/0x21 returned 0 after 333 usecs
[    7.552251] calling  init_devpts_fs+0x0/0x27 @ 1
[    7.560060] initcall init_devpts_fs+0x0/0x27 returned 0 after 33 usecs
[    7.570640] calling  ext4_init_fs+0x0/0x1c2 @ 1
[    7.579314] initcall ext4_init_fs+0x0/0x1c2 returned 0 after 1152 usecs
[    7.590194] calling  journal_init+0x0/0x11c @ 1
[    7.598036] initcall journal_init+0x0/0x11c returned 0 after 256 usecs
[    7.608596] calling  init_fat_fs+0x0/0x49 @ 1
[    7.616319] initcall init_fat_fs+0x0/0x49 returned 0 after 194 usecs
[    7.627012] calling  init_vfat_fs+0x0/0xc @ 1
[    7.634109] initcall init_vfat_fs+0x0/0xc returned 0 after 27 usecs
[    7.644890] calling  init_msdos_fs+0x0/0xc @ 1
[    7.652119] initcall init_msdos_fs+0x0/0xc returned 0 after 4 usecs
[    7.662171] calling  init_iso9660_fs+0x0/0x6c @ 1
[    7.670295] initcall init_iso9660_fs+0x0/0x6c returned 0 after 481 usecs
[    7.679655] calling  init_nfs_fs+0x0/0x13a @ 1
[    7.687804] initcall init_nfs_fs+0x0/0x13a returned 0 after 2395 usecs
[    7.696863] calling  init_nfs_v2+0x0/0x13 @ 1
[    7.702705] initcall init_nfs_v2+0x0/0x13 returned 0 after 187 usecs
[    7.710786] calling  init_nfs_v3+0x0/0x13 @ 1
[    7.716629] initcall init_nfs_v3+0x0/0x13 returned 0 after 1 usecs
[    7.724796] calling  init_nfs_v4+0x0/0x32 @ 1
[    7.730521] NFS: Registering the id_resolver key type
[    7.737328] Key type id_resolver registered
[    7.743102] Key type id_legacy registered
[    7.748970] initcall init_nfs_v4+0x0/0x32 returned 0 after 18029 usecs
[    7.758371] calling  init_nlm+0x0/0x5b @ 1
[    7.765224] initcall init_nlm+0x0/0x5b returned 0 after 63 usecs
[    7.775025] calling  init_nls_cp437+0x0/0xe @ 1
[    7.782777] initcall init_nls_cp437+0x0/0xe returned 0 after 242 usecs
[    7.792188] calling  init_nls_ascii+0x0/0xe @ 1
[    7.798749] initcall init_nls_ascii+0x0/0xe returned 0 after 8 usecs
[    7.807796] calling  init_nls_iso8859_1+0x0/0xe @ 1
[    7.814876] initcall init_nls_iso8859_1+0x0/0xe returned 0 after 1 usecs
[    7.824489] calling  init_nls_utf8+0x0/0x21 @ 1
[    7.831010] initcall init_nls_utf8+0x0/0x21 returned 0 after 2 usecs
[    7.839993] calling  init_autofs_fs+0x0/0x25 @ 1
[    7.847366] initcall init_autofs_fs+0x0/0x25 returned 0 after 596 usecs
[    7.856906] calling  ipc_init+0x0/0x24 @ 1
[    7.863199] initcall ipc_init+0x0/0x24 returned 0 after 77 usecs
[    7.873374] calling  ipc_sysctl_init+0x0/0x13 @ 1
[    7.881283] initcall ipc_sysctl_init+0x0/0x13 returned 0 after 15 usecs
[    7.892508] calling  init_mqueue_fs+0x0/0xb1 @ 1
[    7.900124] initcall init_mqueue_fs+0x0/0xb1 returned 0 after 702 usecs
[    7.909579] calling  key_proc_init+0x0/0x63 @ 1
[    7.917355] initcall key_proc_init+0x0/0x63 returned 0 after 9 usecs
[    7.926453] calling  selinux_nf_ip_init+0x0/0x2e @ 1
[    7.933538] initcall selinux_nf_ip_init+0x0/0x2e returned 0 after 130 usecs
[    7.943971] calling  init_sel_fs+0x0/0x116 @ 1
[    7.950196] initcall init_sel_fs+0x0/0x116 returned 0 after 0 usecs
[    7.959520] calling  selnl_init+0x0/0x7c @ 1
[    7.965631] initcall selnl_init+0x0/0x7c returned 0 after 180 usecs
[    7.974316] calling  sel_netif_init+0x0/0x36 @ 1
[    7.982471] initcall sel_netif_init+0x0/0x36 returned 0 after 0 usecs
[    7.992032] calling  sel_netnode_init+0x0/0x33 @ 1
[    7.998951] initcall sel_netnode_init+0x0/0x33 returned 0 after 1 usecs
[    8.010174] calling  sel_netport_init+0x0/0x33 @ 1
[    8.018668] initcall sel_netport_init+0x0/0x33 returned 0 after 1 usecs
[    8.030119] calling  aurule_init+0x0/0x2a @ 1
[    8.037640] initcall aurule_init+0x0/0x2a returned 0 after 2 usecs
[    8.048368] calling  crypto_algapi_init+0x0/0xc @ 1
[    8.056757] initcall crypto_algapi_init+0x0/0xc returned 0 after 18 usecs
[    8.066854] calling  jent_mod_init+0x0/0x2d @ 1
[    8.086125] initcall jent_mod_init+0x0/0x2d returned 0 after 12663 usecs
[    8.095931] calling  asymmetric_key_init+0x0/0xc @ 1
[    8.103563] Key type asymmetric registered
[    8.109218] initcall asymmetric_key_init+0x0/0xc returned 0 after 5504 usecs
[    8.119025] calling  x509_key_init+0x0/0xc @ 1
[    8.125794] Asymmetric key parser 'x509' registered
[    8.132783] initcall x509_key_init+0x0/0xc returned 0 after 7208 usecs
[    8.141960] calling  proc_genhd_init+0x0/0x41 @ 1
[    8.148606] initcall proc_genhd_init+0x0/0x41 returned 0 after 9 usecs
[    8.158273] calling  bsg_init+0x0/0x113 @ 1
[    8.164215] Block layer SCSI generic (bsg) driver version 0.4 loaded (major 251)
[    8.174364] initcall bsg_init+0x0/0x113 returned 0 after 9937 usecs
[    8.183180] calling  deadline_init+0x0/0xc @ 1
[    8.190175] io scheduler mq-deadline registered
[    8.197632] initcall deadline_init+0x0/0xc returned 0 after 7494 usecs
[    8.207651] calling  kyber_init+0x0/0xc @ 1
[    8.215447] io scheduler kyber registered
[    8.222591] initcall kyber_init+0x0/0xc returned 0 after 6973 usecs
[    8.233087] calling  mod_init+0x0/0x7 @ 1
[    8.241031] initcall mod_init+0x0/0x7 returned 0 after 1 usecs
[    8.250357] calling  percpu_counter_startup+0x0/0x55 @ 1
[    8.264364] initcall percpu_counter_startup+0x0/0x55 returned 0 after 4559 usecs
[    8.277000] calling  sg_pool_init+0x0/0xb4 @ 1
[    8.286364] initcall sg_pool_init+0x0/0xb4 returned 0 after 2627 usecs
[    8.296323] calling  pcie_portdrv_init+0x0/0x39 @ 1
[    8.303846] initcall pcie_portdrv_init+0x0/0x39 returned 0 after 107 usecs
[    8.314269] calling  pci_proc_init+0x0/0x68 @ 1
[    8.321089] initcall pci_proc_init+0x0/0x68 returned 0 after 162 usecs
[    8.330846] calling  pci_hotplug_init+0x0/0x7 @ 1
[    8.337164] initcall pci_hotplug_init+0x0/0x7 returned 0 after 0 usecs
[    8.346971] calling  efifb_driver_init+0x0/0xe @ 1
[    8.353918] initcall efifb_driver_init+0x0/0xe returned 0 after 34 usecs
[    8.364343] calling  ged_driver_init+0x0/0xe @ 1
[    8.373959] initcall ged_driver_init+0x0/0xe returned 0 after 43 usecs
[    8.383964] calling  acpi_ac_init+0x0/0x92 @ 1
[    8.391766] initcall acpi_ac_init+0x0/0x92 returned 0 after 1331 usecs
[    8.401870] calling  acpi_button_driver_init+0x0/0x52 @ 1
[    8.412266] input: Power Button as /devices/LNXSYSTM:00/LNXPWRBN:00/input/input0
[    8.424050] ACPI: Power Button [PWRF]
[    8.430145] initcall acpi_button_driver_init+0x0/0x52 returned 0 after 19532 usecs
[    8.441319] calling  acpi_fan_driver_init+0x0/0xe @ 1
[    8.449528] initcall acpi_fan_driver_init+0x0/0xe returned 0 after 44 usecs
[    8.461647] calling  acpi_video_init+0x0/0xcb @ 1
[    8.469787] initcall acpi_video_init+0x0/0xcb returned 0 after 216 usecs
[    8.480799] calling  acpi_processor_driver_init+0x0/0xad @ 1
[    8.492306] initcall acpi_processor_driver_init+0x0/0xad returned 0 after 2233 usecs
[    8.504532] calling  acpi_thermal_init+0x0/0x71 @ 1
[    8.514495] initcall acpi_thermal_init+0x0/0x71 returned 0 after 1991 usecs
[    8.526074] calling  acpi_battery_init+0x0/0x32 @ 1
[    8.534823] initcall acpi_battery_init+0x0/0x32 returned 0 after 488 usecs
[    8.547175] calling  bgrt_init+0x0/0xb6 @ 1
[    8.554909] initcall bgrt_init+0x0/0xb6 returned -19 after 1 usecs
[    8.567312] calling  gpio_clk_driver_init+0x0/0xe @ 1
[    8.577162] initcall gpio_clk_driver_init+0x0/0xe returned 0 after 43 usecs
[    8.589276] calling  plt_clk_driver_init+0x0/0xe @ 1
[    8.598247] initcall plt_clk_driver_init+0x0/0xe returned 0 after 40 usecs
[    8.610684] calling  virtio_pci_driver_init+0x0/0x15 @ 1
[    8.620180] initcall virtio_pci_driver_init+0x0/0x15 returned 0 after 230 usecs
[    8.634022] calling  n_null_init+0x0/0x1e @ 1
[    8.642026] initcall n_null_init+0x0/0x1e returned 0 after 45 usecs
[    8.652131] calling  pty_init+0x0/0x1e8 @ 1
[    8.662700] initcall pty_init+0x0/0x1e8 returned 0 after 3615 usecs
[    8.672453] calling  sysrq_init+0x0/0x62 @ 1
[    8.679897] initcall sysrq_init+0x0/0x62 returned 0 after 95 usecs
[    8.690463] calling  serial8250_init+0x0/0x17e @ 1
[    8.698933] Serial: 8250/16550 driver, 4 ports, IRQ sharing enabled
[    8.713076] 00:03: ttyS0 at I/O 0x3f8 (irq = 4, base_baud = 115200) is a 16550A
[    8.730929] initcall serial8250_init+0x0/0x17e returned 0 after 31280 usecs
[    8.740039] calling  serial_pci_driver_init+0x0/0x15 @ 1
[    8.747402] initcall serial_pci_driver_init+0x0/0x15 returned 0 after 52 usecs
[    8.785538] calling  exar_pci_driver_init+0x0/0x15 @ 1
[    8.820283] initcall exar_pci_driver_init+0x0/0x15 returned 0 after 16960 usecs
[    8.831577] calling  lpss8250_pci_driver_init+0x0/0x15 @ 1
[    8.840712] initcall lpss8250_pci_driver_init+0x0/0x15 returned 0 after 84 usecs
[    8.853345] calling  mid8250_pci_driver_init+0x0/0x15 @ 1
[    8.864320] initcall mid8250_pci_driver_init+0x0/0x15 returned 0 after 1438 usecs
[    8.877406] calling  virtio_console_init+0x0/0xff @ 1
[    8.892384] initcall virtio_console_init+0x0/0xff returned 0 after 6605 usecs
[    8.905010] calling  hpet_init+0x0/0x64 @ 1
[    8.932827] initcall hpet_init+0x0/0x64 returned 0 after 18910 usecs
[    8.943451] calling  nvram_module_init+0x0/0x83 @ 1
[    8.953243] Non-volatile memory driver v1.3
[    8.960295] initcall nvram_module_init+0x0/0x83 returned 0 after 9014 usecs
[    8.972641] calling  hwrng_modinit+0x0/0x8a @ 1
[    8.988813] initcall hwrng_modinit+0x0/0x8a returned 0 after 6364 usecs
[    9.001011] calling  mod_init+0x0/0x48 @ 1
[    9.008924] initcall mod_init+0x0/0x48 returned -19 after 0 usecs
[    9.020285] calling  agp_init+0x0/0x23 @ 1
[    9.028607] Linux agpgart interface v0.103
[    9.035981] initcall agp_init+0x0/0x23 returned 0 after 7198 usecs
[    9.045413] calling  agp_amd64_mod_init+0x0/0x5 @ 1
[    9.067991] initcall agp_amd64_mod_init+0x0/0x5 returned -19 after 12433 usecs
[    9.080399] calling  agp_intel_init+0x0/0x28 @ 1
[    9.091189] initcall agp_intel_init+0x0/0x28 returned 0 after 2977 usecs
[    9.102523] calling  drm_kms_helper_init+0x0/0x7 @ 1
[    9.111175] initcall drm_kms_helper_init+0x0/0x7 returned 0 after 53 usecs
[    9.123781] calling  drm_core_init+0x0/0xbd @ 1
[    9.134719] initcall drm_core_init+0x0/0xbd returned 0 after 2309 usecs
[    9.147185] calling  i915_init+0x0/0x6b @ 1
[    9.165716] initcall i915_init+0x0/0x6b returned 0 after 9421 usecs
[    9.177956] calling  cn_proc_init+0x0/0x35 @ 1
[    9.187242] initcall cn_proc_init+0x0/0x35 returned 0 after 601 usecs
[    9.199588] calling  topology_sysfs_init+0x0/0x27 @ 1
[    9.213201] initcall topology_sysfs_init+0x0/0x27 returned 0 after 3857 usecs
[    9.227556] calling  cacheinfo_sysfs_init+0x0/0x27 @ 1
[    9.274771] initcall cacheinfo_sysfs_init+0x0/0x27 returned 0 after 35576 usecs
[    9.287335] calling  loop_init+0x0/0x16a @ 1
[    9.540480] loop: module loaded
[    9.546998] initcall loop_init+0x0/0x16a returned 0 after 246767 usecs
[    9.556735] calling  mac_hid_init+0x0/0x21 @ 1
[    9.563221] initcall mac_hid_init+0x0/0x21 returned 0 after 13 usecs
[    9.572635] calling  spi_transport_init+0x0/0x74 @ 1
[    9.582437] initcall spi_transport_init+0x0/0x74 returned 0 after 1798 usecs
[    9.593204] calling  init_sd+0x0/0x18c @ 1
[    9.600733] initcall init_sd+0x0/0x18c returned 0 after 1274 usecs
[    9.609761] calling  init_sr+0x0/0x43 @ 1
[    9.617057] initcall init_sr+0x0/0x43 returned 0 after 691 usecs
[    9.626791] calling  init_sg+0x0/0x1c0 @ 1
[    9.634352] initcall init_sg+0x0/0x1c0 returned 0 after 1421 usecs
[    9.644243] calling  ahci_pci_driver_init+0x0/0x15 @ 1
[    9.654070] ahci 0000:00:1f.2: version 3.0
[    9.670703] PCI Interrupt Link [GSIA] enabled at IRQ 16
[    9.703250] ahci 0000:00:1f.2: AHCI 0001.0000 32 slots 6 ports 1.5 Gbps 0x3f impl SATA mode
[    9.716105] ahci 0000:00:1f.2: flags: 64bit ncq only 
[    9.779959] scsi host0: ahci
[    9.801143] scsi host1: ahci
[    9.823054] scsi host2: ahci
[    9.836657] scsi host3: ahci
[    9.855301] scsi host4: ahci
[    9.868650] scsi host5: ahci
[    9.876691] ata1: SATA max UDMA/133 abar m4096@0xfebf1000 port 0xfebf1100 irq 24
[    9.887579] ata2: SATA max UDMA/133 abar m4096@0xfebf1000 port 0xfebf1180 irq 24
[    9.899168] ata3: SATA max UDMA/133 abar m4096@0xfebf1000 port 0xfebf1200 irq 24
[    9.909922] ata4: SATA max UDMA/133 abar m4096@0xfebf1000 port 0xfebf1280 irq 24
[    9.921967] ata5: SATA max UDMA/133 abar m4096@0xfebf1000 port 0xfebf1300 irq 24
[    9.934416] ata6: SATA max UDMA/133 abar m4096@0xfebf1000 port 0xfebf1380 irq 24
[    9.946983] initcall ahci_pci_driver_init+0x0/0x15 returned 0 after 287026 usecs
[    9.958117] calling  piix_init+0x0/0x26 @ 1
[    9.964791] initcall piix_init+0x0/0x26 returned 0 after 353 usecs
[    9.973865] calling  amd_pci_driver_init+0x0/0x15 @ 1
[    9.981378] initcall amd_pci_driver_init+0x0/0x15 returned 0 after 49 usecs
[    9.991814] calling  oldpiix_pci_driver_init+0x0/0x15 @ 1
[   10.000877] initcall oldpiix_pci_driver_init+0x0/0x15 returned 0 after 231 usecs
[   10.013470] calling  sch_pci_driver_init+0x0/0x15 @ 1
[   10.022009] initcall sch_pci_driver_init+0x0/0x15 returned 0 after 102 usecs
[   10.032794] calling  net_olddevs_init+0x0/0x55 @ 1
[   10.039813] initcall net_olddevs_init+0x0/0x55 returned 0 after 315 usecs
[   10.049192] calling  blackhole_netdev_init+0x0/0x78 @ 1
[   10.058962] initcall blackhole_netdev_init+0x0/0x78 returned 0 after 1987 usecs
[   10.069701] calling  phy_module_init+0x0/0x13 @ 1
[   10.078312] initcall phy_module_init+0x0/0x13 returned 0 after 1377 usecs
[   10.088336] calling  tg3_driver_init+0x0/0x15 @ 1
[   10.095721] initcall tg3_driver_init+0x0/0x15 returned 0 after 262 usecs
[   10.106162] calling  e100_init_module+0x0/0x4c @ 1
[   10.113210] e100: Intel(R) PRO/100 Network Driver
[   10.120141] e100: Copyright(c) 1999-2006 Intel Corporation
[   10.128151] initcall e100_init_module+0x0/0x4c returned 0 after 14587 usecs
[   10.138655] calling  e1000_init_module+0x0/0x72 @ 1
[   10.145873] e1000: Intel(R) PRO/1000 Network Driver
[   10.153972] e1000: Copyright (c) 1999-2006 Intel Corporation.
[   10.163438] initcall e1000_init_module+0x0/0x72 returned 0 after 17219 usecs
[   10.174870] calling  e1000_init_module+0x0/0x2d @ 1
[   10.182088] e1000e: Intel(R) PRO/1000 Network Driver
[   10.189198] e1000e: Copyright(c) 1999 - 2015 Intel Corporation.
[   10.198019] initcall e1000_init_module+0x0/0x2d returned 0 after 15628 usecs
[   10.208531] calling  sky2_init_module+0x0/0x21 @ 1
[   10.216395] sky2: driver version 1.30
[   10.222138] initcall sky2_init_module+0x0/0x21 returned 0 after 5604 usecs
[   10.232543] calling  forcedeth_pci_driver_init+0x0/0x15 @ 1
[   10.241104] initcall forcedeth_pci_driver_init+0x0/0x15 returned 0 after 56 usecs
[   10.252208] calling  rtl8139_init_module+0x0/0x15 @ 1
[   10.274589] ata3: SATA link up 1.5 Gbps (SStatus 113 SControl 300)
[   10.282561] initcall rtl8139_init_module+0x0/0x15 returned 0 after 14257 usecs
[   10.305070] ata6: SATA link down (SStatus 0 SControl 300)
[   10.312892] calling  rtl8169_pci_driver_init+0x0/0x15 @ 1
[   10.324687] ata5: SATA link down (SStatus 0 SControl 300)
[   10.332844] initcall rtl8169_pci_driver_init+0x0/0x15 returned 0 after 1011 usecs
[   10.345278] ata3.00: ATAPI: QEMU DVD-ROM, 2.5+, max UDMA/100
[   10.353841] calling  cdrom_init+0x0/0xc @ 1
[   10.363570] ata3.00: applying bridge limits
[   10.371892] initcall cdrom_init+0x0/0xc returned 0 after 958 usecs
[   10.381027] ata1: SATA link down (SStatus 0 SControl 300)
[   10.388777] calling  nonstatic_sysfs_init+0x0/0xc @ 1
[   10.401944] ata4: SATA link down (SStatus 0 SControl 300)
[   10.406236] initcall nonstatic_sysfs_init+0x0/0xc returned 0 after 207 usecs
[   10.416179] ata3.00: configured for UDMA/100
[   10.426218] calling  yenta_cardbus_driver_init+0x0/0x15 @ 1
[   10.426356] initcall yenta_cardbus_driver_init+0x0/0x15 returned 0 after 128 usecs
[   10.438770] ata2: SATA link down (SStatus 0 SControl 300)
[   10.443924] calling  mon_init+0x0/0x144 @ 1
[   10.494519] scsi 2:0:0:0: CD-ROM            QEMU     QEMU DVD-ROM     2.5+ PQ: 0 ANSI: 5
[   10.494703] initcall mon_init+0x0/0x144 returned 0 after 22197 usecs
[   10.518002] calling  ehci_hcd_init+0x0/0x56 @ 1
[   10.526946] ehci_hcd: USB 2.0 'Enhanced' Host Controller (EHCI) Driver
[   10.536993] initcall ehci_hcd_init+0x0/0x56 returned 0 after 9944 usecs
[   10.548438] calling  ehci_pci_init+0x0/0x64 @ 1
[   10.556357] ehci-pci: EHCI PCI platform driver
[   10.564383] initcall ehci_pci_init+0x0/0x64 returned 0 after 7835 usecs
[   10.574900] calling  ohci_hcd_mod_init+0x0/0x4e @ 1
[   10.583267] ohci_hcd: USB 1.1 'Open' Host Controller (OHCI) Driver
[   10.595099] initcall ohci_hcd_mod_init+0x0/0x4e returned 0 after 11550 usecs
[   10.609992] calling  ohci_pci_init+0x0/0x64 @ 1
[   10.619245] ohci-pci: OHCI PCI platform driver
[   10.627298] initcall ohci_pci_init+0x0/0x64 returned 0 after 7860 usecs
[   10.637373] calling  uhci_hcd_init+0x0/0xa8 @ 1
[   10.644299] uhci_hcd: USB Universal Host Controller Interface driver
[   10.656255] initcall uhci_hcd_init+0x0/0xa8 returned 0 after 11672 usecs
[   10.667508] calling  xhci_hcd_init+0x0/0x1e @ 1
[   10.675579] initcall xhci_hcd_init+0x0/0x1e returned 0 after 178 usecs
[   10.686371] calling  xhci_pci_init+0x0/0x49 @ 1
[   10.694172] initcall xhci_pci_init+0x0/0x49 returned 0 after 158 usecs
[   10.705610] calling  usblp_driver_init+0x0/0x15 @ 1
[   10.713822] usbcore: registered new interface driver usblp
[   10.722551] initcall usblp_driver_init+0x0/0x15 returned 0 after 8749 usecs
[   10.734157] calling  usb_storage_driver_init+0x0/0x2a @ 1
[   10.746684] usbcore: registered new interface driver usb-storage
[   10.756039] initcall usb_storage_driver_init+0x0/0x2a returned 0 after 12368 usecs
[   10.767263] calling  i8042_init+0x0/0x4c2 @ 1
[   10.775811] i8042: PNP: PS/2 Controller [PNP0303:KBD,PNP0f13:MOU] at 0x60,0x64 irq 1,12
[   10.804128] sr 2:0:0:0: [sr0] scsi3-mmc drive: 4x/4x cd/rw xa/form2 tray
[   10.815055] cdrom: Uniform CD-ROM driver Revision: 3.20
[   10.819864] serio: i8042 KBD port at 0x60,0x64 irq 1
[   10.835417] serio: i8042 AUX port at 0x60,0x64 irq 12
[   10.843574] initcall i8042_init+0x0/0x4c2 returned 0 after 67640 usecs
[   10.854233] calling  serport_init+0x0/0x2c @ 1
[   10.861606] initcall serport_init+0x0/0x2c returned 0 after 149 usecs
[   10.872354] calling  input_leds_init+0x0/0xc @ 1
[   10.880649] initcall input_leds_init+0x0/0xc returned 0 after 442 usecs
[   10.891845] calling  evdev_init+0x0/0xc @ 1
[   10.901018] initcall evdev_init+0x0/0xc returned 0 after 1767 usecs
[   10.912046] calling  atkbd_init+0x0/0x21 @ 1
[   10.918769] initcall atkbd_init+0x0/0x21 returned 0 after 137 usecs
[   10.928910] calling  psmouse_init+0x0/0x7f @ 1
[   10.936060] initcall psmouse_init+0x0/0x7f returned 0 after 317 usecs
[   10.945501] calling  cmos_init+0x0/0x73 @ 1
[   10.952651] rtc_cmos 00:04: RTC can wake from S4
[   10.967938] rtc_cmos 00:04: registered as rtc0
[   10.975030] rtc_cmos 00:04: alarms up to one day, y3k, 242 bytes nvram, hpet irqs
[   10.985920] initcall cmos_init+0x0/0x73 returned 0 after 33423 usecs
[   10.995292] calling  smbalert_driver_init+0x0/0xe @ 1
[   11.003026] initcall smbalert_driver_init+0x0/0xe returned 0 after 99 usecs
[   11.013714] calling  i2c_i801_init+0x0/0xc5 @ 1
[   11.028116] i801_smbus 0000:00:1f.3: SMBus using PCI interrupt
[   11.039894] i2c i2c-0: 1/1 memory slots populated (from DMI)
[   11.048671] i2c i2c-0: Memory type 0x07 not supported yet, not instantiating SPD
[   11.060286] initcall i2c_i801_init+0x0/0xc5 returned 0 after 38565 usecs
[   11.070611] calling  ptp_kvm_init+0x0/0xf0 @ 1
[   11.081712] initcall ptp_kvm_init+0x0/0xf0 returned 0 after 4100 usecs
[   11.091869] calling  dm_init+0x0/0x3c @ 1
[   11.099915] device-mapper: ioctl: 4.43.0-ioctl (2020-10-01) initialised: dm-devel@redhat.com
[   11.112852] initcall dm_init+0x0/0x3c returned 0 after 14639 usecs
[   11.122181] calling  dm_mirror_init+0x0/0x29 @ 1
[   11.129308] initcall dm_mirror_init+0x0/0x29 returned 0 after 62 usecs
[   11.138837] calling  dm_dirty_log_init+0x0/0x4f @ 1
[   11.146149] initcall dm_dirty_log_init+0x0/0x4f returned 0 after 115 usecs
[   11.156271] calling  dm_zero_init+0x0/0x29 @ 1
[   11.162917] initcall dm_zero_init+0x0/0x29 returned 0 after 3 usecs
[   11.171914] calling  intel_pstate_init+0x0/0x50f @ 1
[   11.178893] intel_pstate: CPU model not supported
[   11.185803] initcall intel_pstate_init+0x0/0x50f returned -19 after 6804 usecs
[   11.196597] calling  haltpoll_init+0x0/0xc0 @ 1
[   11.203843] initcall haltpoll_init+0x0/0xc0 returned -19 after 75 usecs
[   11.213876] calling  efivars_sysfs_init+0x0/0x30 @ 1
[   11.221926] initcall efivars_sysfs_init+0x0/0x30 returned 0 after 182 usecs
[   11.233118] calling  esrt_sysfs_init+0x0/0x2a2 @ 1
[   11.240950] initcall esrt_sysfs_init+0x0/0x2a2 returned -38 after 26 usecs
[   11.250863] calling  hid_init+0x0/0x5c @ 1
[   11.257978] hid: raw HID events driver (C) Jiri Kosina
[   11.266319] initcall hid_init+0x0/0x5c returned 0 after 8483 usecs
[   11.276584] calling  hid_generic_init+0x0/0x15 @ 1
[   11.285341] initcall hid_generic_init+0x0/0x15 returned 0 after 127 usecs
[   11.295628] calling  a4_driver_init+0x0/0x15 @ 1
[   11.302731] initcall a4_driver_init+0x0/0x15 returned 0 after 59 usecs
[   11.312648] calling  apple_driver_init+0x0/0x15 @ 1
[   11.320096] initcall apple_driver_init+0x0/0x15 returned 0 after 225 usecs
[   11.329876] calling  belkin_driver_init+0x0/0x15 @ 1
[   11.337246] initcall belkin_driver_init+0x0/0x15 returned 0 after 57 usecs
[   11.347567] calling  ch_driver_init+0x0/0x15 @ 1
[   11.354648] initcall ch_driver_init+0x0/0x15 returned 0 after 30 usecs
[   11.364019] calling  ch_driver_init+0x0/0x15 @ 1
[   11.371047] initcall ch_driver_init+0x0/0x15 returned 0 after 29 usecs
[   11.381213] calling  cp_driver_init+0x0/0x15 @ 1
[   11.388830] initcall cp_driver_init+0x0/0x15 returned 0 after 36 usecs
[   11.399342] calling  ez_driver_init+0x0/0x15 @ 1
[   11.406947] initcall ez_driver_init+0x0/0x15 returned 0 after 76 usecs
[   11.421644] calling  gyration_driver_init+0x0/0x15 @ 1
[   11.429551] initcall gyration_driver_init+0x0/0x15 returned 0 after 37 usecs
[   11.440041] calling  ite_driver_init+0x0/0x15 @ 1
[   11.447175] initcall ite_driver_init+0x0/0x15 returned 0 after 36 usecs
[   11.456707] calling  ks_driver_init+0x0/0x15 @ 1
[   11.463759] initcall ks_driver_init+0x0/0x15 returned 0 after 37 usecs
[   11.473528] calling  lg_driver_init+0x0/0x15 @ 1
[   11.489975] initcall lg_driver_init+0x0/0x15 returned 0 after 84 usecs
[   11.500354] calling  lg_g15_driver_init+0x0/0x15 @ 1
[   11.508572] initcall lg_g15_driver_init+0x0/0x15 returned 0 after 176 usecs
[   11.519718] calling  ms_driver_init+0x0/0x15 @ 1
[   11.527093] initcall ms_driver_init+0x0/0x15 returned 0 after 38 usecs
[   11.537329] calling  mr_driver_init+0x0/0x15 @ 1
[   11.544689] initcall mr_driver_init+0x0/0x15 returned 0 after 41 usecs
[   11.555009] calling  ntrig_driver_init+0x0/0x15 @ 1
[   11.562828] initcall ntrig_driver_init+0x0/0x15 returned 0 after 124 usecs
[   11.573369] calling  pl_driver_init+0x0/0x15 @ 1
[   11.580587] initcall pl_driver_init+0x0/0x15 returned 0 after 43 usecs
[   11.590764] calling  pl_driver_init+0x0/0x15 @ 1
[   11.597733] initcall pl_driver_init+0x0/0x15 returned 0 after 59 usecs
[   11.607127] calling  redragon_driver_init+0x0/0x15 @ 1
[   11.614960] initcall redragon_driver_init+0x0/0x15 returned 0 after 63 usecs
[   11.624845] calling  samsung_driver_init+0x0/0x15 @ 1
[   11.632279] initcall samsung_driver_init+0x0/0x15 returned 0 after 63 usecs
[   11.642559] calling  sony_init+0x0/0x38 @ 1
[   11.656198] initcall sony_init+0x0/0x38 returned 0 after 97 usecs
[   11.665885] calling  sp_driver_init+0x0/0x15 @ 1
[   11.673322] initcall sp_driver_init+0x0/0x15 returned 0 after 121 usecs
[   11.683682] calling  ts_driver_init+0x0/0x15 @ 1
[   11.691742] initcall ts_driver_init+0x0/0x15 returned 0 after 43 usecs
[   11.701823] calling  hid_init+0x0/0x58 @ 1
[   11.712875] usbcore: registered new interface driver usbhid
[   11.722885] usbhid: USB HID core driver
[   11.730078] initcall hid_init+0x0/0x58 returned 0 after 16890 usecs
[   11.742137] calling  eeepc_laptop_init+0x0/0x57 @ 1
[   11.750212] initcall eeepc_laptop_init+0x0/0x57 returned -19 after 663 usecs
[   11.760347] calling  pmc_atom_init+0x0/0x27a @ 1
[   11.767045] initcall pmc_atom_init+0x0/0x27a returned -19 after 27 usecs
[   11.776686] calling  alsa_hwdep_init+0x0/0x5e @ 1
[   11.783861] initcall alsa_hwdep_init+0x0/0x5e returned 0 after 268 usecs
[   11.793731] calling  alsa_timer_init+0x0/0x1f9 @ 1
[   11.818303] initcall alsa_timer_init+0x0/0x1f9 returned 0 after 16753 usecs
[   11.826902] sr 2:0:0:0: Attached scsi CD-ROM sr0
[   11.828335] calling  snd_hrtimer_init+0x0/0x117 @ 1
[   11.836051] sr 2:0:0:0: Attached scsi generic sg0 type 5
[   11.842060] initcall snd_hrtimer_init+0x0/0x117 returned 0 after 4 usecs
[   11.842063] calling  alsa_pcm_init+0x0/0x64 @ 1
[   11.842078] initcall alsa_pcm_init+0x0/0x64 returned 0 after 11 usecs
[   11.842080] calling  alsa_seq_init+0x0/0x4a @ 1
[   11.846812] initcall alsa_seq_init+0x0/0x4a returned 0 after 4615 usecs
[   11.879896] input: AT Translated Set 2 keyboard as /devices/platform/i8042/serio0/input/input1
[   11.885910] calling  alsa_seq_dummy_init+0x0/0x9c @ 1
[   11.922575] rcu-torture: rcu_torture_read_exit: End of episode
[   11.934881] initcall alsa_seq_dummy_init+0x0/0x9c returned 0 after 134 usecs
[   11.934885] calling  azx_driver_init+0x0/0x15 @ 1
[   11.935081] initcall azx_driver_init+0x0/0x15 returned 0 after 186 usecs
[   11.977888] calling  sock_diag_init+0x0/0x2a @ 1
[   11.987604] initcall sock_diag_init+0x0/0x2a returned 0 after 1197 usecs
[   11.996492] calling  blackhole_init+0x0/0xc @ 1
[   12.002771] initcall blackhole_init+0x0/0xc returned 0 after 99 usecs
[   12.011413] calling  nfnetlink_init+0x0/0x61 @ 1
