c[?7l[2J[0mSeaBIOS (version 1.16.0-debian-1.16.0-4)
Booting from ROM...
early console in setup code
c[?7l[2J[    0.000000] Linux version 6.0.0-g5f9f4a5a10fd (root@joelboxx.c.googlers.com) (gcc (Debian 12.2.0-3) 12.2.0, GNU ld (GNU Binutils for Debian) 2.39) #4 Sun Dec 18 03:35:23 UTC 2022
[    0.000000] Command line: debug_boot_weak_hash panic=-1 selinux=0 initcall_debug debug console=ttyS0 rcutorture.torture_type=srcu rcutorture.n_barrier_cbs=4 rcutorture.stat_interval=15 rcutorture.shutdown_secs=21600 rcutorture.test_no_idle_hz=1 rcutorture.verbose=1
[    0.000000] x86/fpu: x87 FPU will use FXSAVE
[    0.000000] signal: max sigframe size: 1440
[    0.000000] BIOS-provided physical RAM map:
[    0.000000] BIOS-e820: [mem 0x0000000000000000-0x000000000009fbff] usable
[    0.000000] BIOS-e820: [mem 0x000000000009fc00-0x000000000009ffff] reserved
[    0.000000] BIOS-e820: [mem 0x00000000000f0000-0x00000000000fffff] reserved
[    0.000000] BIOS-e820: [mem 0x0000000000100000-0x000000001ffdefff] usable
[    0.000000] BIOS-e820: [mem 0x000000001ffdf000-0x000000001fffffff] reserved
[    0.000000] BIOS-e820: [mem 0x00000000b0000000-0x00000000bfffffff] reserved
[    0.000000] BIOS-e820: [mem 0x00000000fed1c000-0x00000000fed1ffff] reserved
[    0.000000] BIOS-e820: [mem 0x00000000feffc000-0x00000000feffffff] reserved
[    0.000000] BIOS-e820: [mem 0x00000000fffc0000-0x00000000ffffffff] reserved
[    0.000000] debug_boot_weak_hash enabled
[    0.000000] NX (Execute Disable) protection: active
[    0.000000] SMBIOS 2.8 present.
[    0.000000] DMI: QEMU Standard PC (Q35 + ICH9, 2009), BIOS 1.16.0-debian-1.16.0-4 04/01/2014
[    0.000000] Hypervisor detected: KVM
[    0.000000] kvm-clock: Using msrs 4b564d01 and 4b564d00
[    0.000016] kvm-clock: using sched offset of 799823596 cycles
[    0.000038] clocksource: kvm-clock: mask: 0xffffffffffffffff max_cycles: 0x1cd42e4dffb, max_idle_ns: 881590591483 ns
[    0.000082] tsc: Detected 1999.999 MHz processor
[    0.002372] e820: update [mem 0x00000000-0x00000fff] usable ==> reserved
[    0.002378] e820: remove [mem 0x000a0000-0x000fffff] usable
[    0.002385] last_pfn = 0x1ffdf max_arch_pfn = 0x400000000
[    0.003286] x86/PAT: Configuration [0-7]: WB  WC  UC- UC  WB  WC  UC- UC  
[    0.011885] found SMP MP-table at [mem 0x000f5ba0-0x000f5baf]
[    0.017194] ACPI: Early table checksum verification disabled
[    0.017622] ACPI: RSDP 0x00000000000F59E0 000014 (v00 BOCHS )
[    0.017743] ACPI: RSDT 0x000000001FFE229A 000038 (v01 BOCHS  BXPC     00000001 BXPC 00000001)
[    0.017811] ACPI: FACP 0x000000001FFE2092 0000F4 (v03 BOCHS  BXPC     00000001 BXPC 00000001)
[    0.017840] ACPI: DSDT 0x000000001FFE0040 002052 (v01 BOCHS  BXPC     00000001 BXPC 00000001)
[    0.017846] ACPI: FACS 0x000000001FFE0000 000040
[    0.017850] ACPI: APIC 0x000000001FFE2186 000078 (v01 BOCHS  BXPC     00000001 BXPC 00000001)
[    0.017855] ACPI: HPET 0x000000001FFE21FE 000038 (v01 BOCHS  BXPC     00000001 BXPC 00000001)
[    0.017859] ACPI: MCFG 0x000000001FFE2236 00003C (v01 BOCHS  BXPC     00000001 BXPC 00000001)
[    0.017872] ACPI: WAET 0x000000001FFE2272 000028 (v01 BOCHS  BXPC     00000001 BXPC 00000001)
[    0.017875] ACPI: Reserving FACP table memory at [mem 0x1ffe2092-0x1ffe2185]
[    0.017878] ACPI: Reserving DSDT table memory at [mem 0x1ffe0040-0x1ffe2091]
[    0.017879] ACPI: Reserving FACS table memory at [mem 0x1ffe0000-0x1ffe003f]
[    0.017880] ACPI: Reserving APIC table memory at [mem 0x1ffe2186-0x1ffe21fd]
[    0.017881] ACPI: Reserving HPET table memory at [mem 0x1ffe21fe-0x1ffe2235]
[    0.017882] ACPI: Reserving MCFG table memory at [mem 0x1ffe2236-0x1ffe2271]
[    0.017883] ACPI: Reserving WAET table memory at [mem 0x1ffe2272-0x1ffe2299]
[    0.018601] Zone ranges:
[    0.018622]   DMA      [mem 0x0000000000001000-0x0000000000ffffff]
[    0.018643]   DMA32    [mem 0x0000000001000000-0x000000001ffdefff]
[    0.018652]   Normal   empty
[    0.018653] Movable zone start for each node
[    0.018654] Early memory node ranges
[    0.018655]   node   0: [mem 0x0000000000001000-0x000000000009efff]
[    0.018662]   node   0: [mem 0x0000000000100000-0x000000001ffdefff]
[    0.018668] Initmem setup node 0 [mem 0x0000000000001000-0x000000001ffdefff]
[    0.019235] On node 0, zone DMA: 1 pages in unavailable ranges
[    0.019338] On node 0, zone DMA: 97 pages in unavailable ranges
[    0.024958] On node 0, zone DMA32: 33 pages in unavailable ranges
[    0.028241] ACPI: PM-Timer IO Port: 0x608
[    0.028290] ACPI: LAPIC_NMI (acpi_id[0xff] dfl dfl lint[0x1])
[    0.028622] IOAPIC[0]: apic_id 0, version 17, address 0xfec00000, GSI 0-23
[    0.028636] ACPI: INT_SRC_OVR (bus 0 bus_irq 0 global_irq 2 dfl dfl)
[    0.028639] ACPI: INT_SRC_OVR (bus 0 bus_irq 5 global_irq 5 high level)
[    0.028641] ACPI: INT_SRC_OVR (bus 0 bus_irq 9 global_irq 9 high level)
[    0.028685] ACPI: INT_SRC_OVR (bus 0 bus_irq 10 global_irq 10 high level)
[    0.028686] ACPI: INT_SRC_OVR (bus 0 bus_irq 11 global_irq 11 high level)
[    0.028696] ACPI: Using ACPI (MADT) for SMP configuration information
[    0.028703] ACPI: HPET id: 0x8086a201 base: 0xfed00000
[    0.029337] PM: hibernation: Registered nosave memory: [mem 0x00000000-0x00000fff]
[    0.029340] PM: hibernation: Registered nosave memory: [mem 0x0009f000-0x0009ffff]
[    0.029341] PM: hibernation: Registered nosave memory: [mem 0x000a0000-0x000effff]
[    0.029343] PM: hibernation: Registered nosave memory: [mem 0x000f0000-0x000fffff]
[    0.029346] [mem 0x20000000-0xafffffff] available for PCI devices
[    0.029356] Booting paravirtualized kernel on KVM
[    0.029416] clocksource: refined-jiffies: mask: 0xffffffff max_cycles: 0xffffffff, max_idle_ns: 1910969940391419 ns
[    0.039678] pcpu-alloc: s0 r0 d32768 u32768 alloc=1*32768
[    0.039720] pcpu-alloc: [0] 0 
[    0.040050] Built 1 zonelists, mobility grouping on.  Total pages: 128735
[    0.040086] Kernel command line: debug_boot_weak_hash panic=-1 selinux=0 initcall_debug debug console=ttyS0 rcutorture.torture_type=srcu rcutorture.n_barrier_cbs=4 rcutorture.stat_interval=15 rcutorture.shutdown_secs=21600 rcutorture.test_no_idle_hz=1 rcutorture.verbose=1
[    0.041925] Dentry cache hash table entries: 65536 (order: 7, 524288 bytes, linear)
[    0.042396] Inode-cache hash table entries: 32768 (order: 6, 262144 bytes, linear)
[    0.042666] mem auto-init: stack:all(zero), heap alloc:off, heap free:off
[    0.045103] Memory: 466660K/523764K available (16396K kernel code, 2928K rwdata, 5200K rodata, 1280K init, 13276K bss, 56844K reserved, 0K cma-reserved)
[    0.045379] SLUB: HWalign=64, Order=0-3, MinObjects=0, CPUs=1, Nodes=1
[    0.045496] Kernel/User page tables isolation: enabled
[    0.047459] Running RCU self tests
[    0.052816] NR_IRQS: 4352, nr_irqs: 256, preallocated irqs: 16
[    0.053903] calling  con_init+0x0/0x24f @ 0
[    0.122724] Console: colour VGA+ 80x25
[    0.122750] initcall con_init+0x0/0x24f returned 0 after 0 usecs
[    0.122757] calling  hvc_console_init+0x0/0x13 @ 0
[    0.122787] initcall hvc_console_init+0x0/0x13 returned 0 after 0 usecs
[    0.122789] calling  univ8250_console_init+0x0/0x26 @ 0
[    0.738076] printk: console [ttyS0] enabled
[    0.742599] initcall univ8250_console_init+0x0/0x26 returned 0 after 0 usecs
[    0.749723] Lock dependency validator: Copyright (c) 2006 Red Hat, Inc., Ingo Molnar
[    0.757127] ... MAX_LOCKDEP_SUBCLASSES:  8
[    0.761164] ... MAX_LOCK_DEPTH:          48
[    0.765307] ... MAX_LOCKDEP_KEYS:        8192
[    0.769519] ... CLASSHASH_SIZE:          4096
[    0.773743] ... MAX_LOCKDEP_ENTRIES:     32768
[    0.778083] ... MAX_LOCKDEP_CHAINS:      65536
[    0.782437] ... CHAINHASH_SIZE:          32768
[    0.786749]  memory used by lock dependency info: 6365 kB
[    0.791957]  memory used for stack traces: 4224 kB
[    0.797093]  per task-struct memory footprint: 1920 bytes
[    0.802796] ACPI: Core revision 20220331
[    0.810874] clocksource: hpet: mask: 0xffffffff max_cycles: 0xffffffff, max_idle_ns: 19112604467 ns
[    0.825814] APIC: Switch to symmetric I/O mode setup
[    0.849852] ..TIMER: vector=0x30 apic1=0 pin1=2 apic2=-1 pin2=-1
[    0.856136] clocksource: tsc-early: mask: 0xffffffffffffffff max_cycles: 0x39a85afc727, max_idle_ns: 881590685098 ns
[    0.870912] Calibrating delay loop (skipped) preset value.. 3999.99 BogoMIPS (lpj=1999999)
[    0.871626] pid_max: default: 32768 minimum: 301
[    0.872932] LSM: Security Framework initializing
[    0.875162] Mount-cache hash table entries: 1024 (order: 1, 8192 bytes, linear)
[    0.875638] Mountpoint-cache hash table entries: 1024 (order: 1, 8192 bytes, linear)
[    0.885196] Last level iTLB entries: 4KB 0, 2MB 0, 4MB 0
[    0.885615] Last level dTLB entries: 4KB 0, 2MB 0, 4MB 0, 1GB 0
[    0.886632] CPU: Intel Common KVM processor (family: 0xf, model: 0x6, stepping: 0x1)
[    0.887626] Spectre V1 : Mitigation: usercopy/swapgs barriers and __user pointer sanitization
[    0.888617] Spectre V2 : Mitigation: Retpolines
[    0.889614] Spectre V2 : Spectre v2 / SpectreRSB mitigation: Filling RSB on context switch
[    0.890615] Spectre V2 : Spectre v2 / SpectreRSB : Filling RSB on VMEXIT
[    0.891616] Speculative Store Bypass: Vulnerable
[    0.892692] MDS: Vulnerable: Clear CPU buffers attempted, no microcode
[    0.893615] MMIO Stale Data: Unknown: No mitigations
[    0.942615] calling  init_hw_perf_events+0x0/0x5f3 @ 1
[    0.943616] Performance Events: unsupported Netburst CPU model 6 no PMU driver, software events only.
[    0.944616] initcall init_hw_perf_events+0x0/0x5f3 returned 0 after 1000 usecs
[    0.945616] calling  init_real_mode+0x0/0x1e6 @ 1
[    0.947919] initcall init_real_mode+0x0/0x1e6 returned 0 after 1000 usecs
[    0.948616] calling  trace_init_perf_perm_irq_work_exit+0x0/0x12 @ 1
[    0.949616] initcall trace_init_perf_perm_irq_work_exit+0x0/0x12 returned 0 after 0 usecs
[    0.950616] calling  bp_init_aperfmperf+0x0/0x6d @ 1
[    0.951616] initcall bp_init_aperfmperf+0x0/0x6d returned 0 after 0 usecs
[    0.952694] calling  validate_x2apic+0x0/0x47 @ 1
[    0.954637] initcall validate_x2apic+0x0/0x47 returned 0 after 0 usecs
[    0.955616] calling  register_nmi_cpu_backtrace_handler+0x0/0x15 @ 1
[    0.956642] initcall register_nmi_cpu_backtrace_handler+0x0/0x15 returned 0 after 0 usecs
[    0.957616] calling  kvm_setup_vsyscall_timeinfo+0x0/0x4f @ 1
[    0.958616] initcall kvm_setup_vsyscall_timeinfo+0x0/0x4f returned 0 after 0 usecs
[    0.959616] calling  spawn_ksoftirqd+0x0/0x34 @ 1
[    0.960872] initcall spawn_ksoftirqd+0x0/0x34 returned 0 after 0 usecs
[    0.961616] calling  trace_init_flags_sys_enter+0x0/0xe @ 1
[    0.962626] initcall trace_init_flags_sys_enter+0x0/0xe returned 0 after 0 usecs
[    0.964615] calling  trace_init_flags_sys_exit+0x0/0xe @ 1
[    0.965616] initcall trace_init_flags_sys_exit+0x0/0xe returned 0 after 0 usecs
[    0.966616] calling  init_kprobes+0x0/0x13d @ 1
[    0.969280] initcall init_kprobes+0x0/0x13d returned 0 after 0 usecs
[    0.969616] calling  init_events+0x0/0x4d @ 1
[    0.971855] initcall init_events+0x0/0x4d returned 0 after 1000 usecs
[    0.972618] calling  init_trace_printk+0x0/0xc @ 1
[    0.974618] initcall init_trace_printk+0x0/0xc returned 0 after 0 usecs
[    0.975616] calling  event_trace_enable_again+0x0/0x23 @ 1
[    0.976617] initcall event_trace_enable_again+0x0/0x23 returned 0 after 0 usecs
[    0.977616] calling  irq_work_init_threads+0x0/0x7 @ 1
[    0.978616] initcall irq_work_init_threads+0x0/0x7 returned 0 after 0 usecs
[    0.979616] calling  static_call_init+0x0/0x6f @ 1
[    0.981616] initcall static_call_init+0x0/0x6f returned 0 after 0 usecs
[    0.982615] calling  jump_label_init_module+0x0/0xc @ 1
[    0.983617] initcall jump_label_init_module+0x0/0xc returned 0 after 0 usecs
[    0.984615] calling  init_zero_pfn+0x0/0x37 @ 1
[    0.985616] initcall init_zero_pfn+0x0/0x37 returned 0 after 0 usecs
[    0.986618] calling  init_fs_inode_sysctls+0x0/0x21 @ 1
[    0.987628] initcall init_fs_inode_sysctls+0x0/0x21 returned 0 after 0 usecs
[    0.988618] calling  init_fs_locks_sysctls+0x0/0x21 @ 1
[    0.990640] initcall init_fs_locks_sysctls+0x0/0x21 returned 0 after 0 usecs
[    0.991616] calling  efi_memreserve_root_init+0x0/0x25 @ 1
[    0.992655] initcall efi_memreserve_root_init+0x0/0x25 returned 0 after 0 usecs
[    0.993616] calling  efi_earlycon_remap_fb+0x0/0x51 @ 1
[    0.994618] initcall efi_earlycon_remap_fb+0x0/0x51 returned 0 after 0 usecs
[    1.101459] devtmpfs: initialized
[    1.104268] calling  ipc_ns_init+0x0/0x3d @ 1
[    1.104669] initcall ipc_ns_init+0x0/0x3d returned 0 after 0 usecs
[    1.105614] calling  init_mmap_min_addr+0x0/0x21 @ 1
[    1.106614] initcall init_mmap_min_addr+0x0/0x21 returned 0 after 0 usecs
[    1.107614] calling  pci_realloc_setup_params+0x0/0x3f @ 1
[    1.108628] initcall pci_realloc_setup_params+0x0/0x3f returned 0 after 0 usecs
[    1.109614] calling  inet_frag_wq_init+0x0/0x3c @ 1
[    1.110789] initcall inet_frag_wq_init+0x0/0x3c returned 0 after 0 usecs
[    1.111633] calling  e820__register_nvs_regions+0x0/0x37 @ 1
[    1.112701] initcall e820__register_nvs_regions+0x0/0x37 returned 0 after 0 usecs
[    1.113614] calling  cpufreq_register_tsc_scaling+0x0/0x2e @ 1
[    1.114633] initcall cpufreq_register_tsc_scaling+0x0/0x2e returned 0 after 0 usecs
[    1.115616] calling  reboot_init+0x0/0x3c @ 1
[    1.116744] initcall reboot_init+0x0/0x3c returned 0 after 0 usecs
[    1.117615] calling  init_lapic_sysfs+0x0/0x20 @ 1
[    1.118680] initcall init_lapic_sysfs+0x0/0x20 returned 0 after 0 usecs
[    1.119616] calling  wq_sysfs_init+0x0/0x2a @ 1
[    1.120759] initcall wq_sysfs_init+0x0/0x2a returned 0 after 0 usecs
[    1.121615] calling  ksysfs_init+0x0/0x92 @ 1
[    1.122635] initcall ksysfs_init+0x0/0x92 returned 0 after 0 usecs
[    1.123614] calling  pm_init+0x0/0x76 @ 1
[    1.124748] initcall pm_init+0x0/0x76 returned 0 after 0 usecs
[    1.125617] calling  pm_disk_init+0x0/0x13 @ 1
[    1.126673] initcall pm_disk_init+0x0/0x13 returned 0 after 0 usecs
[    1.127615] calling  swsusp_header_init+0x0/0x2b @ 1
[    1.128620] initcall swsusp_header_init+0x0/0x2b returned 0 after 0 usecs
[    1.129617] calling  rcu_set_runtime_mode+0x0/0x25 @ 1
[    1.130616] initcall rcu_set_runtime_mode+0x0/0x25 returned 0 after 0 usecs
[    1.131617] calling  init_jiffies_clocksource+0x0/0x13 @ 1
[    1.132649] clocksource: jiffies: mask: 0xffffffff max_cycles: 0xffffffff, max_idle_ns: 1911260446275000 ns
[    1.133633] initcall init_jiffies_clocksource+0x0/0x13 returned 0 after 1000 usecs
[    1.134616] calling  futex_init+0x0/0xda @ 1
[    1.135637] futex hash table entries: 256 (order: 2, 22528 bytes, linear)
[    1.136688] initcall futex_init+0x0/0xda returned 0 after 1000 usecs
[    1.137615] calling  cgroup_wq_init+0x0/0x28 @ 1
[    1.138647] initcall cgroup_wq_init+0x0/0x28 returned 0 after 0 usecs
[    1.139614] calling  cgroup1_wq_init+0x0/0x28 @ 1
[    1.140629] initcall cgroup1_wq_init+0x0/0x28 returned 0 after 0 usecs
[    1.141614] calling  trace_events_eprobe_init_early+0x0/0x27 @ 1
[    1.142763] initcall trace_events_eprobe_init_early+0x0/0x27 returned 0 after 0 usecs
[    1.143614] calling  init_kprobe_trace_early+0x0/0x2a @ 1
[    1.144643] initcall init_kprobe_trace_early+0x0/0x2a returned 0 after 0 usecs
[    1.145614] calling  fsnotify_init+0x0/0x56 @ 1
[    1.146627] initcall fsnotify_init+0x0/0x56 returned 0 after 0 usecs
[    1.147614] calling  filelock_init+0x0/0x7f @ 1
[    1.148642] initcall filelock_init+0x0/0x7f returned 0 after 0 usecs
[    1.149616] calling  init_misc_binfmt+0x0/0x2c @ 1
[    1.150676] initcall init_misc_binfmt+0x0/0x2c returned 0 after 0 usecs
[    1.151614] calling  init_script_binfmt+0x0/0x15 @ 1
[    1.152615] initcall init_script_binfmt+0x0/0x15 returned 0 after 0 usecs
[    1.153614] calling  init_elf_binfmt+0x0/0x15 @ 1
[    1.154615] initcall init_elf_binfmt+0x0/0x15 returned 0 after 0 usecs
[    1.155614] calling  init_compat_elf_binfmt+0x0/0x15 @ 1
[    1.156615] initcall init_compat_elf_binfmt+0x0/0x15 returned 0 after 0 usecs
[    1.157614] calling  debugfs_init+0x0/0x5c @ 1
[    1.158654] initcall debugfs_init+0x0/0x5c returned 0 after 0 usecs
[    1.159616] calling  tracefs_init+0x0/0x3a @ 1
[    1.160646] initcall tracefs_init+0x0/0x3a returned 0 after 0 usecs
[    1.161617] calling  virtio_init+0x0/0x20 @ 1
[    1.162725] initcall virtio_init+0x0/0x20 returned 0 after 0 usecs
[    1.163616] calling  iommu_init+0x0/0x2a @ 1
[    1.164658] initcall iommu_init+0x0/0x2a returned 0 after 0 usecs
[    1.165615] calling  component_debug_init+0x0/0x1c @ 1
[    1.166961] initcall component_debug_init+0x0/0x1c returned 0 after 0 usecs
[    1.167615] calling  early_resume_init+0x0/0xd1 @ 1
[    1.169613] PM: RTC time: 03:37:15, date: 2022-12-18
[    1.170639] initcall early_resume_init+0x0/0xd1 returned 0 after 2000 usecs
[    1.171615] calling  cpufreq_core_init+0x0/0x62 @ 1
[    1.172682] initcall cpufreq_core_init+0x0/0x62 returned 0 after 0 usecs
[    1.173614] calling  cpufreq_gov_performance_init+0x0/0xc @ 1
[    1.174676] initcall cpufreq_gov_performance_init+0x0/0xc returned 0 after 0 usecs
[    1.175615] calling  cpufreq_gov_userspace_init+0x0/0xc @ 1
[    1.176616] initcall cpufreq_gov_userspace_init+0x0/0xc returned 0 after 0 usecs
[    1.177614] calling  CPU_FREQ_GOV_ONDEMAND_init+0x0/0xc @ 1
[    1.178616] initcall CPU_FREQ_GOV_ONDEMAND_init+0x0/0xc returned 0 after 0 usecs
[    1.179614] calling  cpuidle_init+0x0/0x1f @ 1
[    1.180654] initcall cpuidle_init+0x0/0x1f returned 0 after 0 usecs
[    1.181614] calling  sock_init+0x0/0x93 @ 1
[    1.184624] initcall sock_init+0x0/0x93 returned 0 after 2000 usecs
[    1.185615] calling  net_inuse_init+0x0/0x23 @ 1
[    1.186649] initcall net_inuse_init+0x0/0x23 returned 0 after 0 usecs
[    1.188614] calling  net_defaults_init+0x0/0x23 @ 1
[    1.189615] initcall net_defaults_init+0x0/0x23 returned 0 after 0 usecs
[    1.190614] calling  init_default_flow_dissectors+0x0/0x4f @ 1
[    1.191662] initcall init_default_flow_dissectors+0x0/0x4f returned 0 after 0 usecs
[    1.192614] calling  netpoll_init+0x0/0x44 @ 1
[    1.193615] initcall netpoll_init+0x0/0x44 returned 0 after 0 usecs
[    1.194614] calling  netlink_proto_init+0x0/0x14d @ 1
[    1.195952] NET: Registered PF_NETLINK/PF_ROUTE protocol family
[    1.196978] initcall netlink_proto_init+0x0/0x14d returned 0 after 1000 usecs
[    1.197615] calling  genl_init+0x0/0x35 @ 1
[    1.198742] initcall genl_init+0x0/0x35 returned 0 after 0 usecs
[    1.199614] calling  bsp_pm_check_init+0x0/0x13 @ 1
[    1.200628] initcall bsp_pm_check_init+0x0/0x13 returned 0 after 0 usecs
[    1.201632] calling  irq_sysfs_init+0x0/0xb9 @ 1
[    1.202980] initcall irq_sysfs_init+0x0/0xb9 returned 0 after 0 usecs
[    1.204614] calling  audit_init+0x0/0x127 @ 1
[    1.205663] audit: initializing netlink subsys (disabled)
[    1.206866] initcall audit_init+0x0/0x127 returned 0 after 1000 usecs
[    1.207615] calling  release_early_probes+0x0/0x32 @ 1
[    1.208615] initcall release_early_probes+0x0/0x32 returned 0 after 0 usecs
[    1.209615] calling  bdi_class_init+0x0/0x48 @ 1
[    1.210690] initcall bdi_class_init+0x0/0x48 returned 0 after 0 usecs
[    1.211614] calling  mm_sysfs_init+0x0/0x28 @ 1
[    1.212622] initcall mm_sysfs_init+0x0/0x28 returned 0 after 0 usecs
[    1.213614] calling  init_per_zone_wmark_min+0x0/0x16 @ 1
[    1.214688] initcall init_per_zone_wmark_min+0x0/0x16 returned 0 after 0 usecs
[    1.215614] calling  mpi_init+0x0/0x3e @ 1
[    1.217617] initcall mpi_init+0x0/0x3e returned 0 after 1000 usecs
[    1.218614] calling  kobject_uevent_init+0x0/0xc @ 1
[    1.220645] initcall kobject_uevent_init+0x0/0xc returned 0 after 1000 usecs
[    1.221614] calling  pcibus_class_init+0x0/0x13 @ 1
[    1.222674] initcall pcibus_class_init+0x0/0x13 returned 0 after 0 usecs
[    1.223614] calling  pci_driver_init+0x0/0x21 @ 1
[    1.225673] initcall pci_driver_init+0x0/0x21 returned 0 after 1000 usecs
[    1.226615] calling  backlight_class_init+0x0/0xa8 @ 1
[    1.227679] initcall backlight_class_init+0x0/0xa8 returned 0 after 0 usecs
[    1.229615] calling  tty_class_init+0x0/0x33 @ 1
[    1.230659] initcall tty_class_init+0x0/0x33 returned 0 after 0 usecs
[    1.231614] calling  vtconsole_class_init+0x0/0xb5 @ 1
[    1.232800] initcall vtconsole_class_init+0x0/0xb5 returned 0 after 0 usecs
[    1.233615] calling  iommu_dev_init+0x0/0x13 @ 1
[    1.234662] initcall iommu_dev_init+0x0/0x13 returned 0 after 0 usecs
[    1.235615] calling  mipi_dsi_bus_init+0x0/0xc @ 1
[    1.236664] initcall mipi_dsi_bus_init+0x0/0xc returned 0 after 0 usecs
[    1.237616] calling  devlink_class_init+0x0/0x40 @ 1
[    1.238726] initcall devlink_class_init+0x0/0x40 returned 0 after 0 usecs
[    1.239615] calling  software_node_init+0x0/0x2a @ 1
[    1.241623] initcall software_node_init+0x0/0x2a returned 0 after 0 usecs
[    1.242617] calling  wakeup_sources_debugfs_init+0x0/0x23 @ 1
[    1.243645] initcall wakeup_sources_debugfs_init+0x0/0x23 returned 0 after 0 usecs
[    1.244615] calling  wakeup_sources_sysfs_init+0x0/0x2c @ 1
[    1.245634] initcall wakeup_sources_sysfs_init+0x0/0x2c returned 0 after 0 usecs
[    1.246628] calling  regmap_initcall+0x0/0xc @ 1
[    1.247719] initcall regmap_initcall+0x0/0xc returned 0 after 0 usecs
[    1.248617] calling  i2c_init+0x0/0xb3 @ 1
[    1.250866] initcall i2c_init+0x0/0xb3 returned 0 after 0 usecs
[    1.251617] calling  thermal_init+0x0/0x10a @ 1
[    1.253725] thermal_sys: Registered thermal governor 'step_wise'
[    1.253741] thermal_sys: Registered thermal governor 'user_space'
[    1.254658] initcall thermal_init+0x0/0x10a returned 0 after 2000 usecs
[    1.256616] calling  init_menu+0x0/0xc @ 1
[    1.257692] cpuidle: using governor menu
[    1.258616] initcall init_menu+0x0/0xc returned 0 after 1000 usecs
[    1.259616] calling  pcc_init+0x0/0x4d @ 1
[    1.260739] initcall pcc_init+0x0/0x4d returned -19 after 0 usecs
[    1.261617] calling  amd_postcore_init+0x0/0x11e @ 1
[    1.262616] initcall amd_postcore_init+0x0/0x11e returned 0 after 0 usecs
[    1.263634] calling  bts_init+0x0/0xba @ 1
[    1.264648] initcall bts_init+0x0/0xba returned -19 after 0 usecs
[    1.265615] calling  pt_init+0x0/0x2f4 @ 1
[    1.266630] initcall pt_init+0x0/0x2f4 returned -19 after 0 usecs
[    1.267616] calling  boot_params_ksysfs_init+0x0/0x2ee @ 1
[    1.268682] initcall boot_params_ksysfs_init+0x0/0x2ee returned 0 after 0 usecs
[    1.270809] calling  sbf_init+0x0/0xea @ 1
[    1.271669] initcall sbf_init+0x0/0xea returned 0 after 0 usecs
[    1.272616] calling  arch_kdebugfs_init+0x0/0x219 @ 1
[    1.275847] initcall arch_kdebugfs_init+0x0/0x219 returned 0 after 2000 usecs
[    1.276615] calling  xfd_update_static_branch+0x0/0x1d @ 1
[    1.278615] initcall xfd_update_static_branch+0x0/0x1d returned 0 after 0 usecs
[    1.279614] calling  intel_pconfig_init+0x0/0x85 @ 1
[    1.281648] initcall intel_pconfig_init+0x0/0x85 returned 0 after 0 usecs
[    1.282615] calling  mtrr_if_init+0x0/0x5d @ 1
[    1.283828] initcall mtrr_if_init+0x0/0x5d returned 0 after 0 usecs
[    1.284615] calling  activate_jump_labels+0x0/0x31 @ 1
[    1.285647] initcall activate_jump_labels+0x0/0x31 returned 0 after 0 usecs
[    1.286614] calling  init_s4_sigcheck+0x0/0x23 @ 1
[    1.287644] initcall init_s4_sigcheck+0x0/0x23 returned 0 after 0 usecs
[    1.288615] calling  ffh_cstate_init+0x0/0x30 @ 1
[    1.289758] initcall ffh_cstate_init+0x0/0x30 returned 0 after 0 usecs
[    1.290614] calling  activate_jump_labels+0x0/0x31 @ 1
[    1.293713] initcall activate_jump_labels+0x0/0x31 returned 0 after 1000 usecs
[    1.294616] calling  kcmp_cookies_init+0x0/0x37 @ 1
[    1.295686] initcall kcmp_cookies_init+0x0/0x37 returned 0 after 0 usecs
[    1.296614] calling  cryptomgr_init+0x0/0xc @ 1
[    1.298614] initcall cryptomgr_init+0x0/0xc returned 0 after 1000 usecs
[    1.299616] calling  acpi_pci_init+0x0/0x3b @ 1
[    1.300682] initcall acpi_pci_init+0x0/0x3b returned 0 after 0 usecs
[    1.301616] calling  dma_channel_table_init+0x0/0xf1 @ 1
[    1.302684] initcall dma_channel_table_init+0x0/0xf1 returned 0 after 0 usecs
[    1.303616] calling  dma_bus_init+0x0/0xdc @ 1
[    1.306307] initcall dma_bus_init+0x0/0xdc returned 0 after 1000 usecs
[    1.306615] calling  iommu_dma_init+0x0/0x20 @ 1
[    1.308805] initcall iommu_dma_init+0x0/0x20 returned 0 after 1000 usecs
[    1.309615] calling  dmi_id_init+0x0/0x37c @ 1
[    1.311810] initcall dmi_id_init+0x0/0x37c returned 0 after 1000 usecs
[    1.312615] calling  pci_arch_init+0x0/0x71 @ 1
[    1.314881] PCI: MMCONFIG for domain 0000 [bus 00-ff] at [mem 0xb0000000-0xbfffffff] (base 0xb0000000)
[    1.315721] PCI: MMCONFIG at [mem 0xb0000000-0xbfffffff] reserved in E820
[    1.317112] PCI: Using configuration type 1 for base access
[    1.317657] initcall pci_arch_init+0x0/0x71 returned 0 after 4000 usecs
[    1.320663] calling  init_vdso+0x0/0x13 @ 1
[    1.321666] initcall init_vdso+0x0/0x13 returned 0 after 0 usecs
[    1.322614] calling  sysenter_setup+0x0/0x13 @ 1
[    1.323643] initcall sysenter_setup+0x0/0x13 returned 0 after 0 usecs
[    1.324615] calling  fixup_ht_bug+0x0/0x7f @ 1
[    1.325640] initcall fixup_ht_bug+0x0/0x7f returned 0 after 0 usecs
[    1.326614] calling  topology_init+0x0/0x15 @ 1
[    1.328115] initcall topology_init+0x0/0x15 returned 0 after 0 usecs
[    1.328615] calling  intel_epb_init+0x0/0x83 @ 1
[    1.329637] initcall intel_epb_init+0x0/0x83 returned -19 after 0 usecs
[    1.330614] calling  mtrr_init_finialize+0x0/0x3e @ 1
[    1.331636] initcall mtrr_init_finialize+0x0/0x3e returned 0 after 0 usecs
[    1.332625] calling  uid_cache_init+0x0/0x8e @ 1
[    1.333686] initcall uid_cache_init+0x0/0x8e returned 0 after 0 usecs
[    1.334614] calling  param_sysfs_init+0x0/0x1b5 @ 1
[    1.349654] initcall param_sysfs_init+0x0/0x1b5 returned 0 after 14000 usecs
[    1.350616] calling  user_namespace_sysctl_init+0x0/0xbb @ 1
[    1.351687] initcall user_namespace_sysctl_init+0x0/0xbb returned 0 after 0 usecs
[    1.352615] calling  proc_schedstat_init+0x0/0x24 @ 1
[    1.353635] initcall proc_schedstat_init+0x0/0x24 returned 0 after 0 usecs
[    1.354614] calling  pm_sysrq_init+0x0/0x18 @ 1
[    1.355748] initcall pm_sysrq_init+0x0/0x18 returned 0 after 0 usecs
[    1.356615] calling  create_proc_profile+0x0/0x50 @ 1
[    1.357615] initcall create_proc_profile+0x0/0x50 returned 0 after 0 usecs
[    1.358614] calling  crash_save_vmcoreinfo_init+0x0/0x721 @ 1
[    1.359795] initcall crash_save_vmcoreinfo_init+0x0/0x721 returned 0 after 0 usecs
[    1.360615] calling  crash_notes_memory_init+0x0/0x35 @ 1
[    1.361630] initcall crash_notes_memory_init+0x0/0x35 returned 0 after 0 usecs
[    1.362615] calling  cgroup_sysfs_init+0x0/0x13 @ 1
[    1.363744] initcall cgroup_sysfs_init+0x0/0x13 returned 0 after 0 usecs
[    1.364614] calling  cgroup_namespaces_init+0x0/0x7 @ 1
[    1.365617] initcall cgroup_namespaces_init+0x0/0x7 returned 0 after 0 usecs
[    1.366616] calling  init_optprobes+0x0/0x13 @ 1
[    1.367779] kprobes: kprobe jump-optimization is enabled. All kprobes are optimized if possible.
[    1.368616] initcall init_optprobes+0x0/0x13 returned 0 after 1000 usecs
[    1.369615] calling  trace_eval_init+0x0/0xb2 @ 1
[    1.371708] initcall trace_eval_init+0x0/0xb2 returned 0 after 1000 usecs
[    1.372614] calling  oom_init+0x0/0x49 @ 1
[    1.375965] audit: type=2000 audit(1671334634.969:1): state=initialized audit_enabled=0 res=1
[    1.514250] initcall oom_init+0x0/0x49 returned 0 after 140000 usecs
[    1.514616] calling  default_bdi_init+0x0/0x28 @ 1
[    1.516826] initcall default_bdi_init+0x0/0x28 returned 0 after 1000 usecs
[    1.517615] calling  percpu_enable_async+0x0/0xe @ 1
[    1.518614] initcall percpu_enable_async+0x0/0xe returned 0 after 0 usecs
[    1.519614] calling  kcompactd_init+0x0/0x46 @ 1
[    1.520761] initcall kcompactd_init+0x0/0x46 returned 0 after 0 usecs
[    1.521614] calling  init_user_reserve+0x0/0x30 @ 1
[    1.522643] initcall init_user_reserve+0x0/0x30 returned 0 after 0 usecs
[    1.523668] calling  init_admin_reserve+0x0/0x30 @ 1
[    1.524615] initcall init_admin_reserve+0x0/0x30 returned 0 after 0 usecs
[    1.525614] calling  init_reserve_notifier+0x0/0x7 @ 1
[    1.526633] initcall init_reserve_notifier+0x0/0x7 returned 0 after 0 usecs
[    1.527614] calling  swap_init_sysfs+0x0/0x62 @ 1
[    1.528651] initcall swap_init_sysfs+0x0/0x62 returned 0 after 0 usecs
[    1.529614] calling  swapfile_init+0x0/0x46 @ 1
[    1.530617] initcall swapfile_init+0x0/0x46 returned 0 after 0 usecs
[    1.531615] calling  hugetlb_init+0x0/0x55b @ 1
[    1.533628] HugeTLB: registered 2.00 MiB page size, pre-allocated 0 pages
[    1.534616] HugeTLB: 28 KiB vmemmap can be freed for a 2.00 MiB page
[    1.536621] initcall hugetlb_init+0x0/0x55b returned 0 after 4000 usecs
[    1.537615] calling  seqiv_module_init+0x0/0xc @ 1
[    1.538686] initcall seqiv_module_init+0x0/0xc returned 0 after 0 usecs
[    1.539614] calling  echainiv_module_init+0x0/0xc @ 1
[    1.540617] initcall echainiv_module_init+0x0/0xc returned 0 after 0 usecs
[    1.541614] calling  rsa_init+0x0/0x50 @ 1
[    1.542734] initcall rsa_init+0x0/0x50 returned 0 after 0 usecs
[    1.543614] calling  crypto_cmac_module_init+0x0/0xc @ 1
[    1.544630] initcall crypto_cmac_module_init+0x0/0xc returned 0 after 0 usecs
[    1.545615] calling  hmac_module_init+0x0/0xc @ 1
[    1.546616] initcall hmac_module_init+0x0/0xc returned 0 after 0 usecs
[    1.547615] calling  crypto_null_mod_init+0x0/0x65 @ 1
[    1.548676] initcall crypto_null_mod_init+0x0/0x65 returned 0 after 0 usecs
[    1.549615] calling  md5_mod_init+0x0/0xc @ 1
[    1.550619] initcall md5_mod_init+0x0/0xc returned 0 after 0 usecs
[    1.551615] calling  sha256_generic_mod_init+0x0/0x11 @ 1
[    1.552621] initcall sha256_generic_mod_init+0x0/0x11 returned 0 after 0 usecs
[    1.553614] calling  sha512_generic_mod_init+0x0/0x11 @ 1
[    1.554633] initcall sha512_generic_mod_init+0x0/0x11 returned 0 after 0 usecs
[    1.555614] calling  crypto_cbc_module_init+0x0/0xc @ 1
[    1.556615] initcall crypto_cbc_module_init+0x0/0xc returned 0 after 0 usecs
[    1.557614] calling  crypto_ctr_module_init+0x0/0x11 @ 1
[    1.558617] initcall crypto_ctr_module_init+0x0/0x11 returned 0 after 0 usecs
[    1.559614] calling  crypto_gcm_module_init+0x0/0x64 @ 1
[    1.560633] initcall crypto_gcm_module_init+0x0/0x64 returned 0 after 0 usecs
[    1.561615] calling  crypto_ccm_module_init+0x0/0x11 @ 1
[    1.562617] initcall crypto_ccm_module_init+0x0/0x11 returned 0 after 0 usecs
[    1.563617] calling  aes_init+0x0/0xc @ 1
[    1.564624] initcall aes_init+0x0/0xc returned 0 after 0 usecs
[    1.565617] calling  crc32c_mod_init+0x0/0xc @ 1
[    1.566651] initcall crc32c_mod_init+0x0/0xc returned 0 after 0 usecs
[    1.568615] calling  crypto_authenc_module_init+0x0/0xc @ 1
[    1.569617] initcall crypto_authenc_module_init+0x0/0xc returned 0 after 0 usecs
[    1.570615] calling  crypto_authenc_esn_module_init+0x0/0xc @ 1
[    1.571616] initcall crypto_authenc_esn_module_init+0x0/0xc returned 0 after 0 usecs
[    1.573614] calling  drbg_init+0x0/0x7c @ 1
[    1.574714] initcall drbg_init+0x0/0x7c returned 0 after 0 usecs
[    1.575615] calling  ghash_mod_init+0x0/0xc @ 1
[    1.576634] initcall ghash_mod_init+0x0/0xc returned 0 after 0 usecs
[    1.577615] calling  init_bio+0x0/0x83 @ 1
[    1.578962] initcall init_bio+0x0/0x83 returned 0 after 0 usecs
[    1.579615] calling  blk_ioc_init+0x0/0x29 @ 1
[    1.580631] initcall blk_ioc_init+0x0/0x29 returned 0 after 0 usecs
[    1.581615] calling  blk_mq_init+0x0/0x89 @ 1
[    1.582641] initcall blk_mq_init+0x0/0x89 returned 0 after 0 usecs
[    1.583616] calling  genhd_device_init+0x0/0x5d @ 1
[    1.585712] initcall genhd_device_init+0x0/0x5d returned 0 after 1000 usecs
[    1.586616] calling  blkcg_init+0x0/0x28 @ 1
[    1.587804] initcall blkcg_init+0x0/0x28 returned 0 after 0 usecs
[    1.588615] calling  io_wq_init+0x0/0x38 @ 1
[    1.589617] initcall io_wq_init+0x0/0x38 returned 0 after 0 usecs
[    1.590617] calling  pci_slot_init+0x0/0x40 @ 1
[    1.591689] initcall pci_slot_init+0x0/0x40 returned 0 after 0 usecs
[    1.592617] calling  acpi_init+0x0/0x473 @ 1
[    1.593913] ACPI: Added _OSI(Module Device)
[    1.595615] ACPI: Added _OSI(Processor Device)
[    1.596618] ACPI: Added _OSI(3.0 _SCP Extensions)
[    1.597616] ACPI: Added _OSI(Processor Aggregator Device)
[    1.598619] ACPI: Added _OSI(Linux-Dell-Video)
[    1.599621] ACPI: Added _OSI(Linux-Lenovo-NV-HDMI-Audio)
[    1.600618] ACPI: Added _OSI(Linux-HPI-Hybrid-Graphics)
[    1.606510] ACPI: 1 ACPI AML tables successfully acquired and loaded
[    1.612281] ACPI: Interpreter enabled
[    1.612767] ACPI: PM: (supports S0 S3 S4 S5)
[    1.613626] ACPI: Using IOAPIC for interrupt routing
[    1.614738] PCI: Using host bridge windows from ACPI; if necessary, use "pci=nocrs" and report a bug
[    1.615615] PCI: Using E820 reservations for host bridge windows
[    1.617128] ACPI: Enabled 2 GPEs in block 00 to 3F
[    1.626804] ACPI: PCI Root Bridge [PCI0] (domain 0000 [bus 00-ff])
[    1.627711] acpi PNP0A08:00: _OSC: OS supports [ExtendedConfig ASPM ClockPM Segments MSI HPX-Type3]
[    1.628759] acpi PNP0A08:00: _OSC: platform does not support [LTR]
[    1.629872] acpi PNP0A08:00: _OSC: OS now controls [PME PCIeCapability]
[    1.631199] PCI host bridge to bus 0000:00
[    1.631616] pci_bus 0000:00: root bus resource [io  0x0000-0x0cf7 window]
[    1.632616] pci_bus 0000:00: root bus resource [io  0x0d00-0xffff window]
[    1.633616] pci_bus 0000:00: root bus resource [mem 0x000a0000-0x000bffff window]
[    1.634616] pci_bus 0000:00: root bus resource [mem 0x20000000-0xafffffff window]
[    1.635618] pci_bus 0000:00: root bus resource [mem 0xc0000000-0xfebfffff window]
[    1.636616] pci_bus 0000:00: root bus resource [mem 0x100000000-0x8ffffffff window]
[    1.637618] pci_bus 0000:00: root bus resource [bus 00-ff]
[    1.639768] pci 0000:00:00.0: calling  quirk_mmio_always_on+0x0/0x10 @ 1
[    1.640656] pci 0000:00:00.0: quirk_mmio_always_on+0x0/0x10 took 0 usecs
[    1.641640] pci 0000:00:00.0: [8086:29c0] type 00 class 0x060000
[    1.645787] pci 0000:00:00.0: calling  quirk_igfx_skip_te_disable+0x0/0x80 @ 1
[    1.646658] pci 0000:00:00.0: quirk_igfx_skip_te_disable+0x0/0x80 took 0 usecs
[    1.651687] pci 0000:00:01.0: [1234:1111] type 00 class 0x030000
[    1.656972] pci 0000:00:01.0: reg 0x10: [mem 0xfd000000-0xfdffffff pref]
[    1.667955] pci 0000:00:01.0: reg 0x18: [mem 0xfebf0000-0xfebf0fff]
[    1.685806] pci 0000:00:01.0: reg 0x30: [mem 0xfebe0000-0xfebeffff pref]
[    1.692724] pci 0000:00:01.0: calling  pci_fixup_video+0x0/0xe0 @ 1
[    1.695051] pci 0000:00:01.0: Video device with shadowed ROM at [mem 0x000c0000-0x000dffff]
[    1.695616] pci 0000:00:01.0: pci_fixup_video+0x0/0xe0 took 976 usecs
[    1.708175] pci 0000:00:1f.0: [8086:2918] type 00 class 0x060100
[    1.713835] pci 0000:00:1f.0: calling  quirk_ich7_lpc+0x0/0x60 @ 1
[    1.714793] pci 0000:00:1f.0: quirk: [io  0x0600-0x067f] claimed by ICH6 ACPI/GPIO/TCO
[    1.715957] pci 0000:00:1f.0: quirk_ich7_lpc+0x0/0x60 took 976 usecs
[    1.716615] pci 0000:00:1f.0: calling  quirk_igfx_skip_te_disable+0x0/0x80 @ 1
[    1.717651] pci 0000:00:1f.0: quirk_igfx_skip_te_disable+0x0/0x80 took 0 usecs
[    1.720615] pci 0000:00:1f.2: [8086:2922] type 00 class 0x010601
[    1.730358] pci 0000:00:1f.2: reg 0x20: [io  0xc040-0xc05f]
[    1.732243] pci 0000:00:1f.2: reg 0x24: [mem 0xfebf1000-0xfebf1fff]
[    1.734700] pci 0000:00:1f.2: calling  quirk_igfx_skip_te_disable+0x0/0x80 @ 1
[    1.735617] pci 0000:00:1f.2: quirk_igfx_skip_te_disable+0x0/0x80 took 0 usecs
[    1.739761] pci 0000:00:1f.3: [8086:2930] type 00 class 0x0c0500
[    1.745149] pci 0000:00:1f.3: reg 0x20: [io  0x0700-0x073f]
[    1.747776] pci 0000:00:1f.3: calling  quirk_igfx_skip_te_disable+0x0/0x80 @ 1
[    1.748617] pci 0000:00:1f.3: quirk_igfx_skip_te_disable+0x0/0x80 took 0 usecs
[    1.752766] pci_bus 0000:00: on NUMA node 0
[    1.756931] ACPI: PCI: Interrupt link LNKA configured for IRQ 10
[    1.758800] ACPI: PCI: Interrupt link LNKB configured for IRQ 10
[    1.760075] ACPI: PCI: Interrupt link LNKC configured for IRQ 11
[    1.761069] ACPI: PCI: Interrupt link LNKD configured for IRQ 11
[    1.762665] ACPI: PCI: Interrupt link LNKE configured for IRQ 10
[    1.765115] ACPI: PCI: Interrupt link LNKF configured for IRQ 10
[    1.766648] ACPI: PCI: Interrupt link LNKG configured for IRQ 11
[    1.768892] ACPI: PCI: Interrupt link LNKH configured for IRQ 11
[    1.769833] ACPI: PCI: Interrupt link GSIA configured for IRQ 16
[    1.770657] ACPI: PCI: Interrupt link GSIB configured for IRQ 17
[    1.771661] ACPI: PCI: Interrupt link GSIC configured for IRQ 18
[    1.773621] ACPI: PCI: Interrupt link GSID configured for IRQ 19
[    1.774666] ACPI: PCI: Interrupt link GSIE configured for IRQ 20
[    1.775652] ACPI: PCI: Interrupt link GSIF configured for IRQ 21
[    1.776647] ACPI: PCI: Interrupt link GSIG configured for IRQ 22
[    1.777664] ACPI: PCI: Interrupt link GSIH configured for IRQ 23
[    1.780642] initcall acpi_init+0x0/0x473 returned 0 after 187000 usecs
[    1.781678] calling  pnp_init+0x0/0xc @ 1
[    1.782678] initcall pnp_init+0x0/0xc returned 0 after 0 usecs
[    1.783615] calling  misc_init+0x0/0xbf @ 1
[    1.784929] initcall misc_init+0x0/0xbf returned 0 after 0 usecs
[    1.785616] calling  iommu_subsys_init+0x0/0xca @ 1
[    1.786659] iommu: Default domain type: Translated 
[    1.787614] iommu: DMA domain TLB invalidation policy: lazy mode 
[    1.788614] initcall iommu_subsys_init+0x0/0xca returned 0 after 2000 usecs
[    1.789617] calling  cn_init+0x0/0xf0 @ 1
[    1.790936] initcall cn_init+0x0/0xf0 returned 0 after 0 usecs
[    1.791615] calling  dma_buf_init+0x0/0xad @ 1
[    1.794226] initcall dma_buf_init+0x0/0xad returned 0 after 1000 usecs
[    1.794617] calling  dma_resv_lockdep+0x0/0x2b2 @ 1
[    1.796629] initcall dma_resv_lockdep+0x0/0x2b2 returned 0 after 1000 usecs
[    1.797616] calling  init_scsi+0x0/0x79 @ 1
[    1.799227] SCSI subsystem initialized
[    1.799616] initcall init_scsi+0x0/0x79 returned 0 after 1000 usecs
[    1.800616] calling  ata_init+0x0/0x332 @ 1
[    1.802902] libata version 3.00 loaded.
[    1.803616] initcall ata_init+0x0/0x332 returned 0 after 2000 usecs
[    1.804617] calling  phy_init+0x0/0x1e9 @ 1
[    1.805812] initcall phy_init+0x0/0x1e9 returned 0 after 0 usecs
[    1.806616] calling  init_pcmcia_cs+0x0/0x35 @ 1
[    1.807694] initcall init_pcmcia_cs+0x0/0x35 returned 0 after 0 usecs
[    1.808616] calling  usb_common_init+0x0/0x1c @ 1
[    1.809660] initcall usb_common_init+0x0/0x1c returned 0 after 0 usecs
[    1.810614] calling  usb_init+0x0/0x120 @ 1
[    1.811706] ACPI: bus type USB registered
[    1.813206] usbcore: registered new interface driver usbfs
[    1.813676] usbcore: registered new interface driver hub
[    1.814669] usbcore: registered new device driver usb
[    1.815615] initcall usb_init+0x0/0x120 returned 0 after 4000 usecs
[    1.816616] calling  serio_init+0x0/0x29 @ 1
[    1.818683] initcall serio_init+0x0/0x29 returned 0 after 1000 usecs
[    1.819617] calling  input_init+0x0/0xf6 @ 1
[    1.820684] initcall input_init+0x0/0xf6 returned 0 after 0 usecs
[    1.821615] calling  rtc_init+0x0/0x4d @ 1
[    1.822634] initcall rtc_init+0x0/0x4d returned 0 after 0 usecs
[    1.823615] calling  pps_init+0x0/0xa9 @ 1
[    1.824649] pps_core: LinuxPPS API ver. 1 registered
[    1.825614] pps_core: Software ver. 5.3.6 - Copyright 2005-2007 Rodolfo Giometti <giometti@linux.it>
[    1.826616] initcall pps_init+0x0/0xa9 returned 0 after 2000 usecs
[    1.827616] calling  ptp_init+0x0/0x98 @ 1
[    1.828641] PTP clock support registered
[    1.829614] initcall ptp_init+0x0/0x98 returned 0 after 1000 usecs
[    1.830615] calling  power_supply_class_init+0x0/0x3f @ 1
[    1.831897] initcall power_supply_class_init+0x0/0x3f returned 0 after 0 usecs
[    1.832617] calling  hwmon_init+0x0/0x104 @ 1
[    1.833637] initcall hwmon_init+0x0/0x104 returned 0 after 0 usecs
[    1.835614] calling  md_init+0x0/0x132 @ 1
[    1.837796] initcall md_init+0x0/0x132 returned 0 after 1000 usecs
[    1.838615] calling  leds_init+0x0/0x3b @ 1
[    1.839642] initcall leds_init+0x0/0x3b returned 0 after 0 usecs
[    1.840615] calling  dmi_init+0x0/0x113 @ 1
[    1.842907] initcall dmi_init+0x0/0x113 returned 0 after 1000 usecs
[    1.843616] calling  efisubsys_init+0x0/0x553 @ 1
[    1.844706] initcall efisubsys_init+0x0/0x553 returned 0 after 0 usecs
[    1.845615] calling  nvmem_init+0x0/0xc @ 1
[    1.847838] initcall nvmem_init+0x0/0xc returned 0 after 1000 usecs
[    1.848615] calling  init_soundcore+0x0/0x33 @ 1
[    1.850613] initcall init_soundcore+0x0/0x33 returned 0 after 1000 usecs
[    1.851615] calling  alsa_sound_init+0x0/0x8f @ 1
[    1.854054] Advanced Linux Sound Architecture Driver Initialized.
[    1.854615] initcall alsa_sound_init+0x0/0x8f returned 0 after 2000 usecs
[    1.855617] calling  alsa_seq_device_init+0x0/0x71 @ 1
[    1.857633] initcall alsa_seq_device_init+0x0/0x71 returned 0 after 1000 usecs
[    1.858615] calling  hda_bus_init+0x0/0xc @ 1
[    1.859668] initcall hda_bus_init+0x0/0xc returned 0 after 0 usecs
[    1.860615] calling  proto_init+0x0/0xc @ 1
[    1.861646] initcall proto_init+0x0/0xc returned 0 after 0 usecs
[    1.862615] calling  net_dev_init+0x0/0x262 @ 1
[    1.865702] initcall net_dev_init+0x0/0x262 returned 0 after 2000 usecs
[    1.866615] calling  neigh_init+0x0/0x84 @ 1
[    1.867636] initcall neigh_init+0x0/0x84 returned 0 after 0 usecs
[    1.868614] calling  fib_notifier_init+0x0/0xc @ 1
[    1.869630] initcall fib_notifier_init+0x0/0xc returned 0 after 0 usecs
[    1.870615] calling  fib_rules_init+0x0/0xab @ 1
[    1.871651] initcall fib_rules_init+0x0/0xab returned 0 after 0 usecs
[    1.873704] calling  init_cgroup_netprio+0x0/0x13 @ 1
[    1.874639] initcall init_cgroup_netprio+0x0/0x13 returned 0 after 0 usecs
[    1.875616] calling  pktsched_init+0x0/0x10e @ 1
[    1.876729] initcall pktsched_init+0x0/0x10e returned 0 after 0 usecs
[    1.877615] calling  tc_filter_init+0x0/0xfa @ 1
[    1.878701] initcall tc_filter_init+0x0/0xfa returned 0 after 0 usecs
[    1.879614] calling  tc_action_init+0x0/0x54 @ 1
[    1.880618] initcall tc_action_init+0x0/0x54 returned 0 after 0 usecs
[    1.881615] calling  ethnl_init+0x0/0x52 @ 1
[    1.882755] initcall ethnl_init+0x0/0x52 returned 0 after 0 usecs
[    1.883614] calling  nexthop_init+0x0/0xf5 @ 1
[    1.885705] initcall nexthop_init+0x0/0xf5 returned 0 after 0 usecs
[    1.886614] calling  cipso_v4_init+0x0/0x86 @ 1
[    1.888689] initcall cipso_v4_init+0x0/0x86 returned 0 after 0 usecs
[    1.889615] calling  ieee80211_init+0x0/0x24 @ 1
[    1.891625] initcall ieee80211_init+0x0/0x24 returned 0 after 1000 usecs
[    1.892615] calling  netlbl_init+0x0/0x78 @ 1
[    1.893614] NetLabel: Initializing
[    1.894614] NetLabel:  domain hash size = 128
[    1.895614] NetLabel:  protocols = UNLABELED CIPSOv4 CALIPSO
[    1.896821] NetLabel:  unlabeled traffic allowed by default
[    1.897616] initcall netlbl_init+0x0/0x78 returned 0 after 4000 usecs
[    1.898616] calling  rfkill_init+0x0/0x136 @ 1
[    1.900891] initcall rfkill_init+0x0/0x136 returned 0 after 1000 usecs
[    1.901617] calling  pci_subsys_init+0x0/0x66 @ 1
[    1.902643] PCI: Using ACPI for IRQ routing
[    2.493427] PCI: pci_cache_line_size set to 64 bytes
[    2.495151] e820: reserve RAM buffer [mem 0x0009fc00-0x0009ffff]
[    2.495645] e820: reserve RAM buffer [mem 0x1ffdf000-0x1fffffff]
[    2.496672] initcall pci_subsys_init+0x0/0x66 returned 0 after 594000 usecs
[    2.497617] calling  vga_arb_device_init+0x0/0x72 @ 1
[    2.499802] pci 0000:00:01.0: vgaarb: setting as boot VGA device
[    2.500611] pci 0000:00:01.0: vgaarb: bridge control possible
[    2.500611] pci 0000:00:01.0: vgaarb: VGA device added: decodes=io+mem,owns=io+mem,locks=none
[    2.500617] vgaarb: loaded
[    2.501614] initcall vga_arb_device_init+0x0/0x72 returned 0 after 3000 usecs
[    2.504434] calling  nmi_warning_debugfs+0x0/0x26 @ 1
[    2.504688] initcall nmi_warning_debugfs+0x0/0x26 returned 0 after 0 usecs
[    2.505615] calling  save_microcode_in_initrd+0x0/0x51 @ 1
[    2.506733] initcall save_microcode_in_initrd+0x0/0x51 returned 0 after 0 usecs
[    2.507616] calling  hpet_late_init+0x0/0x35d @ 1
[    2.508782] hpet: 3 channels of 0 reserved for per-cpu timers
[    2.509727] hpet0: at MMIO 0xfed00000, IRQs 2, 8, 0
[    2.510614] hpet0: 3 comparators, 64-bit 100.000000 MHz counter
[    2.515614] initcall hpet_late_init+0x0/0x35d returned 0 after 7000 usecs
[    2.516615] calling  init_amd_nbs+0x0/0x378 @ 1
[    2.517653] initcall init_amd_nbs+0x0/0x378 returned 0 after 0 usecs
[    2.518614] calling  iomem_init_inode+0x0/0x80 @ 1
[    2.519756] initcall iomem_init_inode+0x0/0x80 returned 0 after 0 usecs
[    2.520615] calling  clocksource_done_booting+0x0/0x43 @ 1
[    2.521695] clocksource: Switched to clocksource kvm-clock
[    2.527377] initcall clocksource_done_booting+0x0/0x43 returned 0 after 5765 usecs
[    2.535539] calling  tracer_init_tracefs+0x0/0x95 @ 1
[    2.541361] initcall tracer_init_tracefs+0x0/0x95 returned 0 after 107 usecs
[    2.548274] calling  init_trace_printk_function_export+0x0/0x2c @ 1
[    2.555053] initcall init_trace_printk_function_export+0x0/0x2c returned 0 after 592 usecs
[    2.563392] calling  init_kprobe_trace+0x0/0x178 @ 1
[    2.568541] initcall init_kprobe_trace+0x0/0x178 returned 0 after 89 usecs
[    2.575319] calling  init_dynamic_event+0x0/0x2c @ 1
[    2.581016] initcall init_dynamic_event+0x0/0x2c returned 0 after 81 usecs
[    2.587762] calling  init_uprobe_trace+0x0/0x5c @ 1
[    2.592784] initcall init_uprobe_trace+0x0/0x5c returned 0 after 174 usecs
[    2.603124] calling  secretmem_init+0x0/0x40 @ 1
[    2.607866] initcall secretmem_init+0x0/0x40 returned 0 after 25 usecs
[    2.615475] calling  init_fs_stat_sysctls+0x0/0x2d @ 1
[    2.620737] initcall init_fs_stat_sysctls+0x0/0x2d returned 0 after 119 usecs
[    2.627771] calling  init_fs_exec_sysctls+0x0/0x21 @ 1
[    2.633345] initcall init_fs_exec_sysctls+0x0/0x21 returned 0 after 7 usecs
[    2.642958] calling  init_pipe_fs+0x0/0x5e @ 1
[    2.647631] initcall init_pipe_fs+0x0/0x5e returned 0 after 201 usecs
[    2.654056] calling  init_fs_namei_sysctls+0x0/0x21 @ 1
[    2.663566] initcall init_fs_namei_sysctls+0x0/0x21 returned 0 after 8 usecs
[    2.670610] calling  init_fs_dcache_sysctls+0x0/0x21 @ 1
[    2.676530] initcall init_fs_dcache_sysctls+0x0/0x21 returned 0 after 6 usecs
[    2.683559] calling  init_fs_namespace_sysctls+0x0/0x21 @ 1
[    2.689125] initcall init_fs_namespace_sysctls+0x0/0x21 returned 0 after 6 usecs
[    2.699821] calling  inotify_user_setup+0x0/0xdc @ 1
[    2.704928] initcall inotify_user_setup+0x0/0xdc returned 0 after 144 usecs
[    2.712599] calling  eventpoll_init+0x0/0xeb @ 1
[    2.717285] initcall eventpoll_init+0x0/0xeb returned 0 after 33 usecs
[    2.733446] calling  anon_inode_init+0x0/0x58 @ 1
[    2.738401] initcall anon_inode_init+0x0/0x58 returned 0 after 149 usecs
[    2.745760] calling  proc_locks_init+0x0/0x27 @ 1
[    2.750569] initcall proc_locks_init+0x0/0x27 returned 0 after 22 usecs
[    2.757154] calling  init_fs_coredump_sysctls+0x0/0x21 @ 1
[    2.766306] initcall init_fs_coredump_sysctls+0x0/0x21 returned 0 after 31 usecs
[    2.773566] calling  iomap_init+0x0/0x1b @ 1
[    2.780214] initcall iomap_init+0x0/0x1b returned 0 after 604 usecs
[    2.786441] calling  dquot_init+0x0/0xde @ 1
[    2.790747] VFS: Disk quotas dquot_6.6.0
[    2.794754] VFS: Dquot-cache hash table entries: 512 (order 0, 4096 bytes)
[    2.801704] initcall dquot_init+0x0/0xde returned 0 after 10957 usecs
[    2.808061] calling  quota_init+0x0/0x23 @ 1
[    2.812393] initcall quota_init+0x0/0x23 returned 0 after 28 usecs
[    2.818549] calling  proc_cmdline_init+0x0/0x21 @ 1
[    2.823434] initcall proc_cmdline_init+0x0/0x21 returned 0 after 20 usecs
[    2.830113] calling  proc_consoles_init+0x0/0x24 @ 1
[    2.835074] initcall proc_consoles_init+0x0/0x24 returned 0 after 5 usecs
[    2.841673] calling  proc_cpuinfo_init+0x0/0x1e @ 1
[    2.846549] initcall proc_cpuinfo_init+0x0/0x1e returned 0 after 4 usecs
[    2.853169] calling  proc_devices_init+0x0/0x24 @ 1
[    2.858014] initcall proc_devices_init+0x0/0x24 returned 0 after 4 usecs
[    2.864605] calling  proc_interrupts_init+0x0/0x24 @ 1
[    2.869812] initcall proc_interrupts_init+0x0/0x24 returned 0 after 19 usecs
[    2.876977] calling  proc_loadavg_init+0x0/0x21 @ 1
[    2.881871] initcall proc_loadavg_init+0x0/0x21 returned 0 after 5 usecs
[    2.888470] calling  proc_meminfo_init+0x0/0x21 @ 1
[    2.893395] initcall proc_meminfo_init+0x0/0x21 returned 0 after 4 usecs
[    2.899970] calling  proc_stat_init+0x0/0x1e @ 1
[    2.904562] initcall proc_stat_init+0x0/0x1e returned 0 after 4 usecs
[    2.910951] calling  proc_uptime_init+0x0/0x21 @ 1
[    2.915727] initcall proc_uptime_init+0x0/0x21 returned 0 after 4 usecs
[    2.922233] calling  proc_version_init+0x0/0x21 @ 1
[    2.927133] initcall proc_version_init+0x0/0x21 returned 0 after 4 usecs
[    2.933712] calling  proc_softirqs_init+0x0/0x21 @ 1
[    2.938664] initcall proc_softirqs_init+0x0/0x21 returned 0 after 4 usecs
[    2.945330] calling  proc_kcore_init+0x0/0xea @ 1
[    2.950160] initcall proc_kcore_init+0x0/0xea returned 0 after 145 usecs
[    2.956732] calling  vmcore_init+0x0/0x58f @ 1
[    2.961224] initcall vmcore_init+0x0/0x58f returned 0 after 24 usecs
[    2.967592] calling  proc_kmsg_init+0x0/0x21 @ 1
[    2.972245] initcall proc_kmsg_init+0x0/0x21 returned 0 after 6 usecs
[    2.978616] calling  proc_page_init+0x0/0x3b @ 1
[    2.983267] initcall proc_page_init+0x0/0x3b returned 0 after 24 usecs
[    2.989719] calling  init_ramfs_fs+0x0/0xc @ 1
[    2.994280] initcall init_ramfs_fs+0x0/0xc returned 0 after 45 usecs
[    3.000550] calling  init_hugetlbfs_fs+0x0/0xf6 @ 1
[    3.005705] initcall init_hugetlbfs_fs+0x0/0xf6 returned 0 after 306 usecs
[    3.013865] calling  acpi_event_init+0x0/0x2c @ 1
[    3.019962] initcall acpi_event_init+0x0/0x2c returned 0 after 109 usecs
[    3.028370] calling  pnp_system_init+0x0/0xc @ 1
[    3.034362] initcall pnp_system_init+0x0/0xc returned 0 after 94 usecs
[    3.041618] calling  pnpacpi_init+0x0/0x69 @ 1
[    3.046119] pnp: PnP ACPI init
[    3.050212] system 00:05: [mem 0xb0000000-0xbfffffff window] has been reserved
[    3.058616] pnp: PnP ACPI: found 6 devices
[    3.062748] initcall pnpacpi_init+0x0/0x69 returned 0 after 16629 usecs
[    3.069364] calling  chr_dev_init+0x0/0xa6 @ 1
[    3.169841] initcall chr_dev_init+0x0/0xa6 returned 0 after 96028 usecs
[    3.176521] calling  hwrng_modinit+0x0/0x8a @ 1
[    3.181231] initcall hwrng_modinit+0x0/0x8a returned 0 after 153 usecs
[    3.187783] calling  firmware_class_init+0x0/0x14a @ 1
[    3.192967] initcall firmware_class_init+0x0/0x14a returned 0 after 4 usecs
[    3.199946] calling  init_pcmcia_bus+0x0/0x5b @ 1
[    3.204775] initcall init_pcmcia_bus+0x0/0x5b returned 0 after 74 usecs
[    3.212670] calling  init_acpi_pm_clocksource+0x0/0xda @ 1
[    3.223601] clocksource: acpi_pm: mask: 0xffffff max_cycles: 0xffffff, max_idle_ns: 2085701024 ns
[    3.232315] initcall init_acpi_pm_clocksource+0x0/0xda returned 0 after 14001 usecs
[    3.239793] calling  sysctl_core_init+0x0/0x26 @ 1
[    3.244610] initcall sysctl_core_init+0x0/0x26 returned 0 after 37 usecs
[    3.251172] calling  eth_offload_init+0x0/0x13 @ 1
[    3.255950] initcall eth_offload_init+0x0/0x13 returned 0 after 57 usecs
[    3.262553] calling  ipv4_offload_init+0x0/0x73 @ 1
[    3.267734] initcall ipv4_offload_init+0x0/0x73 returned 0 after 55 usecs
[    3.274470] calling  inet_init+0x0/0x2b2 @ 1
[    3.278834] NET: Registered PF_INET protocol family
[    3.284769] IP idents hash table entries: 8192 (order: 4, 65536 bytes, linear)
[    3.293218] tcp_listen_portaddr_hash hash table entries: 256 (order: 2, 18432 bytes, linear)
[    3.301632] Table-perturb hash table entries: 65536 (order: 6, 262144 bytes, linear)
[    3.309360] TCP established hash table entries: 4096 (order: 3, 32768 bytes, linear)
[    3.317119] TCP bind hash table entries: 4096 (order: 6, 294912 bytes, linear)
[    3.324926] TCP: Hash tables configured (established 4096 bind 4096)
[    3.331746] UDP hash table entries: 256 (order: 3, 40960 bytes, linear)
[    3.338369] UDP-Lite hash table entries: 256 (order: 3, 40960 bytes, linear)
[    3.345700] initcall inet_init+0x0/0x2b2 returned 0 after 66967 usecs
[    3.352097] calling  af_unix_init+0x0/0xa4 @ 1
[    3.356638] NET: Registered PF_UNIX/PF_LOCAL protocol family
[    3.362422] initcall af_unix_init+0x0/0xa4 returned 0 after 5881 usecs
[    3.368899] calling  ipv6_offload_init+0x0/0x7e @ 1
[    3.373746] initcall ipv6_offload_init+0x0/0x7e returned 0 after 55 usecs
[    3.380414] calling  init_sunrpc+0x0/0x75 @ 1
[    3.385832] RPC: Registered named UNIX socket transport module.
[    3.391711] RPC: Registered udp transport module.
[    3.396481] RPC: Registered tcp transport module.
[    3.401161] RPC: Registered tcp NFSv4.1 backchannel transport module.
[    3.407489] initcall init_sunrpc+0x0/0x75 returned 0 after 22776 usecs
[    3.413920] calling  cfg80211_init+0x0/0xc5 @ 1
[    3.419024] initcall cfg80211_init+0x0/0xc5 returned 0 after 604 usecs
[    3.425793] calling  pcibios_assign_resources+0x0/0xbf @ 1
[    3.431311] pci_bus 0000:00: resource 4 [io  0x0000-0x0cf7 window]
[    3.437394] pci_bus 0000:00: resource 5 [io  0x0d00-0xffff window]
[    3.443490] pci_bus 0000:00: resource 6 [mem 0x000a0000-0x000bffff window]
[    3.450221] pci_bus 0000:00: resource 7 [mem 0x20000000-0xafffffff window]
[    3.456979] pci_bus 0000:00: resource 8 [mem 0xc0000000-0xfebfffff window]
[    3.463695] pci_bus 0000:00: resource 9 [mem 0x100000000-0x8ffffffff window]
[    3.470760] initcall pcibios_assign_resources+0x0/0xbf returned 0 after 39495 usecs
[    3.478219] calling  pci_apply_final_quirks+0x0/0x124 @ 1
[    3.484017] PCI: CLS 0 bytes, default 64
[    3.487930] initcall pci_apply_final_quirks+0x0/0x124 returned 0 after 4359 usecs
[    3.495257] calling  acpi_reserve_resources+0x0/0xea @ 1
[    3.500521] initcall acpi_reserve_resources+0x0/0xea returned 0 after 7 usecs
[    3.507515] calling  populate_rootfs+0x0/0x3b @ 1
[    3.518973] initcall populate_rootfs+0x0/0x3b returned 0 after 2430 usecs
[    3.525883] calling  pci_iommu_init+0x0/0x31 @ 1
[    3.530607] initcall pci_iommu_init+0x0/0x31 returned 0 after 81 usecs
[    3.538319] calling  ia32_binfmt_init+0x0/0x13 @ 1
[    3.543309] initcall ia32_binfmt_init+0x0/0x13 returned 0 after 211 usecs
[    3.549992] calling  rapl_pmu_init+0x0/0x25c @ 1
[    3.554597] initcall rapl_pmu_init+0x0/0x25c returned -19 after 33 usecs
[    3.561156] calling  amd_ibs_init+0x0/0x28c @ 1
[    3.565809] initcall amd_ibs_init+0x0/0x28c returned -19 after 0 usecs
[    3.572191] calling  amd_uncore_init+0x0/0x331 @ 1
[    3.576909] initcall amd_uncore_init+0x0/0x331 returned -19 after 12 usecs
[    3.583594] calling  amd_iommu_pc_init+0x0/0x22b @ 1
[    3.588539] initcall amd_iommu_pc_init+0x0/0x22b returned -19 after 42 usecs
[    3.595406] calling  msr_init+0x0/0x55 @ 1
[    3.600246] initcall msr_init+0x0/0x55 returned 0 after 428 usecs
[    3.606339] calling  intel_uncore_init+0x0/0x447 @ 1
[    3.611218] initcall intel_uncore_init+0x0/0x447 returned -19 after 21 usecs
[    3.617988] calling  cstate_pmu_init+0x0/0x181 @ 1
[    3.622705] initcall cstate_pmu_init+0x0/0x181 returned -19 after 0 usecs
[    3.629229] calling  register_kernel_offset_dumper+0x0/0x1a @ 1
[    3.634954] initcall register_kernel_offset_dumper+0x0/0x1a returned 0 after 29 usecs
[    3.642561] calling  i8259A_init_ops+0x0/0x20 @ 1
[    3.647264] initcall i8259A_init_ops+0x0/0x20 returned 0 after 97 usecs
[    3.653659] calling  init_tsc_clocksource+0x0/0xa4 @ 1
[    3.658740] clocksource: tsc: mask: 0xffffffffffffffff max_cycles: 0x39a85afc727, max_idle_ns: 881590685098 ns
[    3.668503] initcall init_tsc_clocksource+0x0/0xa4 returned 0 after 9807 usecs
[    3.675616] calling  add_rtc_cmos+0x0/0xb0 @ 1
[    3.679991] initcall add_rtc_cmos+0x0/0xb0 returned 0 after 56 usecs
[    3.686103] calling  i8237A_init_ops+0x0/0x3a @ 1
[    3.690867] initcall i8237A_init_ops+0x0/0x3a returned 0 after 158 usecs
[    3.697339] calling  umwait_init+0x0/0x91 @ 1
[    3.701697] initcall umwait_init+0x0/0x91 returned -19 after 77 usecs
[    3.707880] calling  msr_init+0x0/0xd7 @ 1
[    3.717163] initcall msr_init+0x0/0xd7 returned 0 after 5224 usecs
[    3.723469] calling  cpuid_init+0x0/0xd7 @ 1
[    3.727919] initcall cpuid_init+0x0/0xd7 returned 0 after 165 usecs
[    3.734125] calling  ioapic_init_ops+0x0/0x13 @ 1
[    3.738810] initcall ioapic_init_ops+0x0/0x13 returned 0 after 25 usecs
[    3.745233] calling  add_pcspkr+0x0/0x6c @ 1
[    3.749723] initcall add_pcspkr+0x0/0x6c returned 0 after 286 usecs
[    3.755872] calling  start_periodic_check_for_corruption+0x0/0x30 @ 1
[    3.762366] initcall start_periodic_check_for_corruption+0x0/0x30 returned 0 after 10 usecs
[    3.770721] calling  audit_classes_init+0x0/0xae @ 1
[    3.775734] initcall audit_classes_init+0x0/0xae returned 0 after 74 usecs
[    3.782492] calling  iosf_mbi_init+0x0/0x24 @ 1
[    3.787354] initcall iosf_mbi_init+0x0/0x24 returned 0 after 347 usecs
[    3.793768] calling  proc_execdomains_init+0x0/0x21 @ 1
[    3.799161] initcall proc_execdomains_init+0x0/0x21 returned 0 after 152 usecs
[    3.806352] calling  register_warn_debugfs+0x0/0x23 @ 1
[    3.812905] initcall register_warn_debugfs+0x0/0x23 returned 0 after 920 usecs
[    3.820167] calling  ioresources_init+0x0/0x49 @ 1
[    3.824992] initcall ioresources_init+0x0/0x49 returned 0 after 24 usecs
[    3.831525] calling  lockdep_proc_init+0x0/0x64 @ 1
[    3.836386] initcall lockdep_proc_init+0x0/0x64 returned 0 after 27 usecs
[    3.842992] calling  snapshot_device_init+0x0/0xc @ 1
[    3.848273] initcall snapshot_device_init+0x0/0xc returned 0 after 214 usecs
[    3.855156] calling  irq_pm_init_ops+0x0/0x13 @ 1
[    3.859806] initcall irq_pm_init_ops+0x0/0x13 returned 0 after 12 usecs
[    3.866336] calling  rcu_torture_init+0x0/0x10d2 @ 1
[    3.871945] srcu-torture:--- Start of test: nreaders=1 nfakewriters=4 stat_interval=15 verbose=1 test_no_idle_hz=1 shuffle_interval=3 stutter=5 irqreader=1 fqs_duration=0 fqs_holdoff=0 fqs_stutter=3 test_boost=1/0 test_boost_interval=7 test_boost_duration=4 shutdown_secs=21600 stall_cpu=0 stall_cpu_holdoff=10 stall_cpu_irqsoff=0 stall_cpu_block=0 n_barrier_cbs=4 onoff_interval=0 onoff_holdoff=0 read_exit_delay=13 read_exit_burst=16 nocbs_nthreads=0 nocbs_toggle=1000
[    3.917186] srcu:  Start-test grace-period state: g0 f0x0
[    3.923463] rcu_torture_write_types: Testing expedited GPs.
[    3.929474] rcu_torture_write_types: Testing asynchronous GPs.
[    3.935249] rcu_torture_write_types: Testing polling GPs.
[    3.940550] rcu_torture_write_types: Testing normal GPs.
[    3.945811] srcu-torture: Creating rcu_torture_writer task
[    3.952207] srcu-torture: Creating rcu_torture_fakewriter task
[    3.958155] srcu-torture: rcu_torture_writer task started
[    3.963510] srcu-torture: GP expediting controlled from boot/sysfs for srcu.
[    3.970514] srcu-torture: Creating rcu_torture_fakewriter task
[    3.976319] srcu-torture: rcu_torture_fakewriter task started
[    3.981981] srcu-torture: Creating rcu_torture_fakewriter task
[    3.987727] srcu-torture: rcu_torture_fakewriter task started
[    3.994279] srcu-torture: Creating rcu_torture_fakewriter task
[    3.999991] srcu-torture: rcu_torture_fakewriter task started
[    4.007551] srcu-torture: Creating rcu_torture_reader task
[    4.013776] srcu-torture: rcu_torture_fakewriter task started
[    4.021359] srcu-torture: Creating rcu_torture_stats task
[    4.028171] srcu-torture: rcu_torture_reader task started
[    4.036813] srcu-torture: Creating torture_shuffle task
[    4.043427] srcu-torture: rcu_torture_stats task started
[    4.048897] srcu-torture: Creating torture_stutter task
[    4.054160] srcu-torture: torture_shuffle task started
[    4.060101] srcu-torture: Creating torture_shutdown task
[    4.065450] srcu-torture: torture_stutter task started
[    4.070905] srcu-torture: rcu_torture_fwd_prog_init: Limiting fwd_progress to # CPUs.
[    4.070905] 
[    4.080263] srcu-torture: Creating rcu_torture_fwd_prog task
[    4.085933] srcu-torture: torture_shutdown task started
[    4.091687] srcu-torture:torture_shutdown task: 21599968 ms remaining
[    4.100174] srcu-torture: Creating rcu_torture_barrier_cbs task
[    4.107713] srcu-torture: rcu_torture_fwd_progress task started
[    4.115403] srcu-torture: Creating rcu_torture_barrier_cbs task
[    4.122442] srcu-torture: rcu_torture_barrier_cbs task started
[    4.128421] srcu-torture: Creating rcu_torture_barrier_cbs task
[    4.134384] srcu-torture: rcu_torture_barrier_cbs task started
[    4.140351] srcu-torture: Creating rcu_torture_barrier_cbs task
[    4.146315] srcu-torture: rcu_torture_barrier_cbs task started
[    4.152334] srcu-torture: Creating rcu_torture_barrier task
[    4.157954] srcu-torture: rcu_torture_barrier_cbs task started
[    4.163982] srcu-torture: Creating rcu_torture_read_exit task
[    4.169822] srcu-torture: rcu_torture_barrier task starting
[    4.175713] initcall rcu_torture_init+0x0/0x10d2 returned 0 after 303880 usecs
[    4.182992] calling  proc_modules_init+0x0/0x1e @ 1
[    4.187928] initcall proc_modules_init+0x0/0x1e returned 0 after 8 usecs
[    4.194714] calling  timekeeping_init_ops+0x0/0x13 @ 1
[    4.199989] initcall timekeeping_init_ops+0x0/0x13 returned 0 after 2 usecs
[    4.206978] calling  init_clocksource_sysfs+0x0/0x23 @ 1
[    4.212631] initcall init_clocksource_sysfs+0x0/0x23 returned 0 after 189 usecs
[    4.220012] calling  init_timer_list_procfs+0x0/0x31 @ 1
[    4.225350] initcall init_timer_list_procfs+0x0/0x31 returned 0 after 7 usecs
[    4.232447] calling  alarmtimer_init+0x0/0xf5 @ 1
[    4.237338] initcall alarmtimer_init+0x0/0xf5 returned 0 after 148 usecs
[    4.244048] calling  init_posix_timers+0x0/0x29 @ 1
[    4.249266] initcall init_posix_timers+0x0/0x29 returned 0 after 95 usecs
[    4.256177] calling  clockevents_init_sysfs+0x0/0x8b @ 1
[    4.261821] initcall clockevents_init_sysfs+0x0/0x8b returned 0 after 307 usecs
[    4.269104] calling  proc_dma_init+0x0/0x21 @ 1
[    4.273746] initcall proc_dma_init+0x0/0x21 returned 0 after 23 usecs
[    4.280089] calling  kallsyms_init+0x0/0x21 @ 1
[    4.284687] initcall kallsyms_init+0x0/0x21 returned 0 after 20 usecs
[    4.291072] calling  pid_namespaces_init+0x0/0x2c @ 1
[    4.296293] initcall pid_namespaces_init+0x0/0x2c returned 0 after 30 usecs
[    4.303388] calling  audit_watch_init+0x0/0x39 @ 1
[    4.308220] initcall audit_watch_init+0x0/0x39 returned 0 after 37 usecs
[    4.314761] calling  audit_fsnotify_init+0x0/0x3c @ 1
[    4.319697] initcall audit_fsnotify_init+0x0/0x3c returned 0 after 2 usecs
[    4.326379] calling  audit_tree_init+0x0/0x6f @ 1
[    4.331047] initcall audit_tree_init+0x0/0x6f returned 0 after 8 usecs
[    4.337486] calling  seccomp_sysctl_init+0x0/0x2b @ 1
[    4.342526] initcall seccomp_sysctl_init+0x0/0x2b returned 0 after 60 usecs
[    4.349369] calling  utsname_sysctl_init+0x0/0x13 @ 1
[    4.354484] initcall utsname_sysctl_init+0x0/0x13 returned 0 after 39 usecs
[    4.361338] calling  init_tracepoints+0x0/0x27 @ 1
[    4.366213] initcall init_tracepoints+0x0/0x27 returned 0 after 29 usecs
[    4.372743] calling  init_blk_tracer+0x0/0x50 @ 1
[    4.378158] initcall init_blk_tracer+0x0/0x50 returned 0 after 745 usecs
[    4.385028] calling  perf_event_sysfs_init+0x0/0x83 @ 1
[    4.390911] initcall perf_event_sysfs_init+0x0/0x83 returned 0 after 563 usecs
[    4.398060] calling  system_trusted_keyring_init+0x0/0x5f @ 1
[    4.403781] Initialise system trusted keyrings
[    4.408440] initcall system_trusted_keyring_init+0x0/0x5f returned 0 after 4669 usecs
[    4.416225] calling  kswapd_init+0x0/0x13 @ 1
[    4.420751] srcu-torture: rcu_torture_read_exit: Start of test
[    4.426726] srcu-torture: rcu_torture_read_exit: Start of episode
[    4.433183] initcall kswapd_init+0x0/0x13 returned 0 after 12459 usecs
[    4.439709] calling  extfrag_debug_init+0x0/0x54 @ 1
[    4.444899] initcall extfrag_debug_init+0x0/0x54 returned 0 after 66 usecs
[    4.451906] calling  slab_proc_init+0x0/0x21 @ 1
[    4.456787] initcall slab_proc_init+0x0/0x21 returned 0 after 36 usecs
[    4.464683] calling  workingset_init+0x0/0x93 @ 1
[    4.470773] workingset: timestamp_bits=62 max_order=17 bucket_order=0
[    4.478834] initcall workingset_init+0x0/0x93 returned 0 after 8062 usecs
[    4.487322] calling  proc_vmalloc_init+0x0/0x27 @ 1
[    4.492821] initcall proc_vmalloc_init+0x0/0x27 returned 0 after 8 usecs
[    4.499523] calling  procswaps_init+0x0/0x1e @ 1
[    4.504182] initcall procswaps_init+0x0/0x1e returned 0 after 27 usecs
[    4.510629] calling  slab_sysfs_init+0x0/0xec @ 1
[    4.522950] initcall slab_sysfs_init+0x0/0xec returned 0 after 7494 usecs
[    4.529699] calling  slab_debugfs_init+0x0/0x4d @ 1
[    4.534775] initcall slab_debugfs_init+0x0/0x4d returned 0 after 107 usecs
[    4.541612] calling  fcntl_init+0x0/0x29 @ 1
[    4.545935] initcall fcntl_init+0x0/0x29 returned 0 after 13 usecs
[    4.552156] calling  proc_filesystems_init+0x0/0x21 @ 1
[    4.557389] initcall proc_filesystems_init+0x0/0x21 returned 0 after 7 usecs
[    4.564389] calling  start_dirtytime_writeback+0x0/0x29 @ 1
[    4.569979] initcall start_dirtytime_writeback+0x0/0x29 returned 0 after 2 usecs
[    4.577277] calling  dio_init+0x0/0x2c @ 1
[    4.581473] initcall dio_init+0x0/0x2c returned 0 after 76 usecs
[    4.587445] calling  dnotify_init+0x0/0x97 @ 1
[    4.593297] initcall dnotify_init+0x0/0x97 returned 0 after 147 usecs
[    4.600060] calling  aio_setup+0x0/0x92 @ 1
[    4.604733] initcall aio_setup+0x0/0x92 returned 0 after 422 usecs
[    4.610961] calling  mbcache_init+0x0/0x30 @ 1
[    4.615551] initcall mbcache_init+0x0/0x30 returned 0 after 80 usecs
[    4.621888] calling  init_grace+0x0/0xc @ 1
[    4.626227] initcall init_grace+0x0/0xc returned 0 after 64 usecs
[    4.632280] calling  init_v2_quota_format+0x0/0x21 @ 1
[    4.637540] initcall init_v2_quota_format+0x0/0x21 returned 0 after 117 usecs
[    4.644654] calling  init_devpts_fs+0x0/0x27 @ 1
[    4.649518] initcall init_devpts_fs+0x0/0x27 returned 0 after 193 usecs
[    4.656015] calling  ext4_init_fs+0x0/0x1a8 @ 1
[    4.661236] initcall ext4_init_fs+0x0/0x1a8 returned 0 after 642 usecs
[    4.667734] calling  journal_init+0x0/0x11c @ 1
[    4.672499] initcall journal_init+0x0/0x11c returned 0 after 153 usecs
[    4.678971] calling  init_fat_fs+0x0/0x49 @ 1
[    4.683497] initcall init_fat_fs+0x0/0x49 returned 0 after 99 usecs
[    4.689709] calling  init_vfat_fs+0x0/0xc @ 1
[    4.694166] initcall init_vfat_fs+0x0/0xc returned 0 after 3 usecs
[    4.700314] calling  init_msdos_fs+0x0/0xc @ 1
[    4.704841] initcall init_msdos_fs+0x0/0xc returned 0 after 3 usecs
[    4.711084] calling  init_iso9660_fs+0x0/0x6c @ 1
[    4.716103] initcall init_iso9660_fs+0x0/0x6c returned 0 after 245 usecs
[    4.722771] calling  init_nfs_fs+0x0/0x13a @ 1
[    4.728227] initcall init_nfs_fs+0x0/0x13a returned 0 after 953 usecs
[    4.734671] calling  init_nfs_v2+0x0/0x13 @ 1
[    4.739167] initcall init_nfs_v2+0x0/0x13 returned 0 after 92 usecs
[    4.745367] calling  init_nfs_v3+0x0/0x13 @ 1
[    4.749768] initcall init_nfs_v3+0x0/0x13 returned 0 after 12 usecs
[    4.756012] calling  init_nfs_v4+0x0/0x32 @ 1
[    4.760394] NFS: Registering the id_resolver key type
[    4.765514] Key type id_resolver registered
[    4.769826] Key type id_legacy registered
[    4.773911] initcall init_nfs_v4+0x0/0x32 returned 0 after 13549 usecs
[    4.780380] calling  init_nlm+0x0/0x5b @ 1
[    4.784550] initcall init_nlm+0x0/0x5b returned 0 after 62 usecs
[    4.790537] calling  init_nls_cp437+0x0/0xe @ 1
[    4.795259] initcall init_nls_cp437+0x0/0xe returned 0 after 153 usecs
[    4.801670] calling  init_nls_ascii+0x0/0xe @ 1
[    4.806233] initcall init_nls_ascii+0x0/0xe returned 0 after 0 usecs
[    4.812555] calling  init_nls_iso8859_1+0x0/0xe @ 1
[    4.817470] initcall init_nls_iso8859_1+0x0/0xe returned 0 after 1 usecs
[    4.827295] calling  init_nls_utf8+0x0/0x21 @ 1
[    4.832397] initcall init_nls_utf8+0x0/0x21 returned 0 after 117 usecs
[    4.838825] calling  init_autofs_fs+0x0/0x25 @ 1
[    4.848125] initcall init_autofs_fs+0x0/0x25 returned 0 after 4692 usecs
[    4.854763] calling  init_v9fs+0x0/0xe0 @ 1
[    4.858963] 9p: Installing v9fs 9p2000 file system support
[    4.864943] initcall init_v9fs+0x0/0xe0 returned 0 after 5979 usecs
[    4.871314] calling  ipc_init+0x0/0x24 @ 1
[    4.875709] initcall ipc_init+0x0/0x24 returned 0 after 214 usecs
[    4.881742] calling  ipc_sysctl_init+0x0/0x2a @ 1
[    4.886718] initcall ipc_sysctl_init+0x0/0x2a returned 0 after 235 usecs
[    4.893340] calling  init_mqueue_fs+0x0/0xb2 @ 1
[    4.900017] initcall init_mqueue_fs+0x0/0xb2 returned 0 after 2035 usecs
[    4.906690] calling  key_proc_init+0x0/0x63 @ 1
[    4.911287] initcall key_proc_init+0x0/0x63 returned 0 after 20 usecs
[    4.917715] calling  selinux_nf_ip_init+0x0/0x2e @ 1
[    4.923750] initcall selinux_nf_ip_init+0x0/0x2e returned 0 after 145 usecs
[    4.932601] calling  init_sel_fs+0x0/0x116 @ 1
[    4.938371] initcall init_sel_fs+0x0/0x116 returned 0 after 0 usecs
[    4.946356] calling  selnl_init+0x0/0x7c @ 1
[    4.951970] initcall selnl_init+0x0/0x7c returned 0 after 302 usecs
[    4.958302] calling  sel_netif_init+0x0/0x36 @ 1
[    4.962973] initcall sel_netif_init+0x0/0x36 returned 0 after 0 usecs
[    4.969504] calling  sel_netnode_init+0x0/0x33 @ 1
[    4.974402] initcall sel_netnode_init+0x0/0x33 returned 0 after 0 usecs
[    4.981041] calling  sel_netport_init+0x0/0x33 @ 1
[    4.985989] initcall sel_netport_init+0x0/0x33 returned 0 after 0 usecs
[    4.992584] calling  aurule_init+0x0/0x2a @ 1
[    4.997045] initcall aurule_init+0x0/0x2a returned 0 after 3 usecs
[    5.003275] calling  jent_mod_init+0x0/0x2d @ 1
[    5.017173] initcall jent_mod_init+0x0/0x2d returned 0 after 9318 usecs
[    5.023867] calling  asymmetric_key_init+0x0/0xc @ 1
[    5.028929] Key type asymmetric registered
[    5.033103] initcall asymmetric_key_init+0x0/0xc returned 0 after 4213 usecs
[    5.040198] calling  x509_key_init+0x0/0x18 @ 1
[    5.044949] Asymmetric key parser 'x509' registered
[    5.050200] initcall x509_key_init+0x0/0x18 returned 0 after 5390 usecs
[    5.056790] calling  blkdev_init+0x0/0x1b @ 1
[    5.061556] initcall blkdev_init+0x0/0x1b returned 0 after 331 usecs
[    5.067988] calling  proc_genhd_init+0x0/0x41 @ 1
[    5.072820] initcall proc_genhd_init+0x0/0x41 returned 0 after 81 usecs
[    5.079433] calling  bsg_init+0x0/0xaf @ 1
[    5.083902] Block layer SCSI generic (bsg) driver version 0.4 loaded (major 251)
[    5.091290] initcall bsg_init+0x0/0xaf returned 0 after 7683 usecs
[    5.097440] calling  ioprio_init+0x0/0xc @ 1
[    5.102179] initcall ioprio_init+0x0/0xc returned 0 after 452 usecs
[    5.108439] calling  iolatency_init+0x0/0xc @ 1
[    5.113035] initcall iolatency_init+0x0/0xc returned 0 after 18 usecs
[    5.119509] calling  ioc_init+0x0/0xc @ 1
[    5.123612] initcall ioc_init+0x0/0xc returned 0 after 59 usecs
[    5.129603] calling  deadline_init+0x0/0xc @ 1
[    5.134270] io scheduler mq-deadline registered
[    5.138885] initcall deadline_init+0x0/0xc returned 0 after 4756 usecs
[    5.145410] calling  kyber_init+0x0/0xc @ 1
[    5.149675] io scheduler kyber registered
[    5.153741] initcall kyber_init+0x0/0xc returned 0 after 4087 usecs
[    5.159994] calling  io_uring_init+0x0/0x31 @ 1
[    5.164623] initcall io_uring_init+0x0/0x31 returned 0 after 66 usecs
[    5.171084] calling  blake2s_mod_init+0x0/0x7 @ 1
[    5.175900] initcall blake2s_mod_init+0x0/0x7 returned 0 after 0 usecs
[    5.182390] calling  sg_pool_init+0x0/0xb4 @ 1
[    5.187166] initcall sg_pool_init+0x0/0xb4 returned 0 after 340 usecs
[    5.193571] calling  pcie_portdrv_init+0x0/0x39 @ 1
[    5.199154] initcall pcie_portdrv_init+0x0/0x39 returned 0 after 737 usecs
[    5.206037] calling  pci_proc_init+0x0/0x68 @ 1
[    5.210858] initcall pci_proc_init+0x0/0x68 returned 0 after 103 usecs
[    5.217301] calling  pci_hotplug_init+0x0/0x7 @ 1
[    5.221989] initcall pci_hotplug_init+0x0/0x7 returned 0 after 0 usecs
[    5.228396] calling  ged_driver_init+0x0/0xe @ 1
[    5.233416] initcall ged_driver_init+0x0/0xe returned 0 after 342 usecs
[    5.240014] calling  acpi_ac_init+0x0/0x3f @ 1
[    5.245000] initcall acpi_ac_init+0x0/0x3f returned 0 after 523 usecs
[    5.251393] calling  acpi_button_driver_init+0x0/0x52 @ 1
[    5.257492] input: Power Button as /devices/LNXSYSTM:00/LNXPWRBN:00/input/input0
[    5.266148] ACPI: button: Power Button [PWRF]
[    5.271056] initcall acpi_button_driver_init+0x0/0x52 returned 0 after 14358 usecs
[    5.278582] calling  acpi_fan_driver_init+0x0/0xe @ 1
[    5.283754] initcall acpi_fan_driver_init+0x0/0xe returned 0 after 26 usecs
[    5.290690] calling  acpi_video_init+0x0/0xcb @ 1
[    5.295555] initcall acpi_video_init+0x0/0xcb returned 0 after 149 usecs
[    5.302235] calling  acpi_processor_driver_init+0x0/0xad @ 1
[    5.308810] initcall acpi_processor_driver_init+0x0/0xad returned 0 after 870 usecs
[    5.316485] calling  acpi_thermal_init+0x0/0x71 @ 1
[    5.321940] initcall acpi_thermal_init+0x0/0x71 returned 0 after 554 usecs
[    5.328805] calling  acpi_battery_init+0x0/0x32 @ 1
[    5.333700] initcall acpi_battery_init+0x0/0x32 returned 0 after 24 usecs
[    5.340492] calling  bgrt_init+0x0/0xb6 @ 1
[    5.344694] initcall bgrt_init+0x0/0xb6 returned -19 after 0 usecs
[    5.350793] calling  virtio_pci_driver_init+0x0/0x15 @ 1
[    5.356195] initcall virtio_pci_driver_init+0x0/0x15 returned 0 after 101 usecs
[    5.363504] calling  virtio_input_driver_init+0x0/0xc @ 1
[    5.369255] initcall virtio_input_driver_init+0x0/0xc returned 0 after 116 usecs
[    5.376719] calling  n_null_init+0x0/0x19 @ 1
[    5.381154] initcall n_null_init+0x0/0x19 returned 0 after 68 usecs
[    5.387390] calling  pty_init+0x0/0x1cc @ 1
[    5.392392] initcall pty_init+0x0/0x1cc returned 0 after 785 usecs
[    5.398570] calling  sysrq_init+0x0/0x62 @ 1
[    5.402902] initcall sysrq_init+0x0/0x62 returned 0 after 30 usecs
[    5.409235] calling  serial8250_init+0x0/0x17e @ 1
[    5.414049] Serial: 8250/16550 driver, 4 ports, IRQ sharing enabled
[    5.421783] 00:03: ttyS0 at I/O 0x3f8 (irq = 4, base_baud = 115200) is a 16550A
[    5.431522] initcall serial8250_init+0x0/0x17e returned 0 after 17473 usecs
[    5.438502] calling  serial_pci_driver_init+0x0/0x15 @ 1
[    5.443798] initcall serial_pci_driver_init+0x0/0x15 returned 0 after 75 usecs
[    5.450895] calling  exar_pci_driver_init+0x0/0x15 @ 1
[    5.456077] initcall exar_pci_driver_init+0x0/0x15 returned 0 after 54 usecs
[    5.463055] calling  lpss8250_pci_driver_init+0x0/0x15 @ 1
[    5.468740] initcall lpss8250_pci_driver_init+0x0/0x15 returned 0 after 118 usecs
[    5.476225] calling  mid8250_pci_driver_init+0x0/0x15 @ 1
[    5.481591] initcall mid8250_pci_driver_init+0x0/0x15 returned 0 after 43 usecs
[    5.488782] calling  pericom8250_pci_driver_init+0x0/0x15 @ 1
[    5.494551] initcall pericom8250_pci_driver_init+0x0/0x15 returned 0 after 42 usecs
[    5.502077] calling  random_sysctls_init+0x0/0x21 @ 1
[    5.507170] initcall random_sysctls_init+0x0/0x21 returned 0 after 32 usecs
[    5.514336] calling  virtio_console_init+0x0/0xee @ 1
[    5.519909] initcall virtio_console_init+0x0/0xee returned 0 after 189 usecs
[    5.528288] calling  hpet_init+0x0/0x6b @ 1
[    5.533234] initcall hpet_init+0x0/0x6b returned 0 after 709 usecs
[    5.546743] calling  nvram_module_init+0x0/0x83 @ 1
[    5.551900] Non-volatile memory driver v1.3
[    5.558301] initcall nvram_module_init+0x0/0x83 returned 0 after 6583 usecs
[    5.565294] calling  via_rng_mod_init+0x0/0x48 @ 1
[    5.570104] initcall via_rng_mod_init+0x0/0x48 returned -19 after 0 usecs
[    5.576774] calling  agp_init+0x0/0x23 @ 1
[    5.580904] Linux agpgart interface v0.103
[    5.584994] initcall agp_init+0x0/0x23 returned 0 after 4090 usecs
[    5.591144] calling  agp_amd64_mod_init+0x0/0x5 @ 1
[    5.596280] initcall agp_amd64_mod_init+0x0/0x5 returned -19 after 271 usecs
[    5.603684] calling  agp_intel_init+0x0/0x28 @ 1
[    5.608793] initcall agp_intel_init+0x0/0x28 returned 0 after 527 usecs
[    5.616124] calling  drm_core_init+0x0/0xc2 @ 1
[    5.620834] ACPI: bus type drm_connector registered
[    5.625851] initcall drm_core_init+0x0/0xc2 returned 0 after 5174 usecs
[    5.636081] calling  drm_buddy_module_init+0x0/0x30 @ 1
[    5.641357] initcall drm_buddy_module_init+0x0/0x30 returned 0 after 61 usecs
[    5.649154] calling  drm_display_helper_module_init+0x0/0x7 @ 1
[    5.655123] initcall drm_display_helper_module_init+0x0/0x7 returned 0 after 0 usecs
[    5.666217] calling  i915_init+0x0/0x74 @ 1
[    5.671395] initcall i915_init+0x0/0x74 returned 0 after 915 usecs
[    5.677588] calling  virtio_gpu_driver_init+0x0/0xc @ 1
[    5.683597] initcall virtio_gpu_driver_init+0x0/0xc returned 0 after 22 usecs
[    5.699389] calling  cn_proc_init+0x0/0x35 @ 1
[    5.709350] initcall cn_proc_init+0x0/0x35 returned 0 after 68 usecs
[    5.720893] calling  topology_sysfs_init+0x0/0x27 @ 1
[    5.726153] initcall topology_sysfs_init+0x0/0x27 returned 0 after 26 usecs
[    5.739136] calling  cacheinfo_sysfs_init+0x0/0x27 @ 1
[    5.744776] initcall cacheinfo_sysfs_init+0x0/0x27 returned 0 after 447 usecs
[    5.751841] calling  loop_init+0x0/0xe6 @ 1
[    5.764318] loop: module loaded
[    5.767620] initcall loop_init+0x0/0xe6 returned 0 after 11562 usecs
[    5.773890] calling  virtio_blk_init+0x0/0x76 @ 1
[    5.778744] initcall virtio_blk_init+0x0/0x76 returned 0 after 126 usecs
[    5.785362] calling  mac_hid_init+0x0/0x28 @ 1
[    5.789816] initcall mac_hid_init+0x0/0x28 returned 0 after 20 usecs
[    5.796054] calling  spi_transport_init+0x0/0x74 @ 1
[    5.801226] initcall spi_transport_init+0x0/0x74 returned 0 after 197 usecs
[    5.808096] calling  virtio_scsi_init+0x0/0xb8 @ 1
[    5.813006] initcall virtio_scsi_init+0x0/0xb8 returned 0 after 96 usecs
[    5.819618] calling  init_sd+0x0/0x126 @ 1
[    5.823876] initcall init_sd+0x0/0x126 returned 0 after 115 usecs
[    5.829876] calling  init_sr+0x0/0x45 @ 1
[    5.833942] initcall init_sr+0x0/0x45 returned 0 after 20 usecs
[    5.839828] calling  init_sg+0x0/0x1e4 @ 1
[    5.844036] initcall init_sg+0x0/0x1e4 returned 0 after 126 usecs
[    5.850059] calling  ahci_pci_driver_init+0x0/0x15 @ 1
[    5.855895] ahci 0000:00:1f.2: version 3.0
[    5.862289] ACPI: \_SB_.GSIA: Enabled at IRQ 16
[    5.873900] ahci 0000:00:1f.2: AHCI 0001.0000 32 slots 6 ports 1.5 Gbps 0x3f impl SATA mode
[    5.882019] ahci 0000:00:1f.2: flags: 64bit ncq only 
[    5.907346] scsi host0: ahci
[    5.911370] scsi host1: ahci
[    5.916277] scsi host2: ahci
[    5.919852] scsi host3: ahci
[    5.934418] scsi host4: ahci
[    5.940171] scsi host5: ahci
[    5.943505] ata1: SATA max UDMA/133 abar m4096@0xfebf1000 port 0xfebf1100 irq 24
[    5.960311] ata2: SATA max UDMA/133 abar m4096@0xfebf1000 port 0xfebf1180 irq 24
[    5.980920] ata3: SATA max UDMA/133 abar m4096@0xfebf1000 port 0xfebf1200 irq 24
[    5.988330] ata4: SATA max UDMA/133 abar m4096@0xfebf1000 port 0xfebf1280 irq 24
[    5.996927] ata5: SATA max UDMA/133 abar m4096@0xfebf1000 port 0xfebf1300 irq 24
[    6.004386] ata6: SATA max UDMA/133 abar m4096@0xfebf1000 port 0xfebf1380 irq 24
[    6.013504] initcall ahci_pci_driver_init+0x0/0x15 returned 0 after 157894 usecs
[    6.020928] calling  piix_init+0x0/0x26 @ 1
[    6.025896] initcall piix_init+0x0/0x26 returned 0 after 596 usecs
[    6.032078] calling  amd_pci_driver_init+0x0/0x15 @ 1
[    6.037104] initcall amd_pci_driver_init+0x0/0x15 returned 0 after 48 usecs
[    6.043991] calling  oldpiix_pci_driver_init+0x0/0x15 @ 1
[    6.049496] initcall oldpiix_pci_driver_init+0x0/0x15 returned 0 after 64 usecs
[    6.056849] calling  sch_pci_driver_init+0x0/0x15 @ 1
[    6.062017] initcall sch_pci_driver_init+0x0/0x15 returned 0 after 56 usecs
[    6.068870] calling  blackhole_netdev_init+0x0/0x78 @ 1
[    6.074451] initcall blackhole_netdev_init+0x0/0x78 returned 0 after 308 usecs
[    6.081528] calling  fixed_mdio_bus_init+0x0/0x101 @ 1
[    6.087250] initcall fixed_mdio_bus_init+0x0/0x101 returned 0 after 567 usecs
[    6.094351] calling  phy_module_init+0x0/0x13 @ 1
[    6.099230] initcall phy_module_init+0x0/0x13 returned 0 after 247 usecs
[    6.105809] calling  virtio_net_driver_init+0x0/0x8f @ 1
[    6.111179] initcall virtio_net_driver_init+0x0/0x8f returned 0 after 43 usecs
[    6.118311] calling  tg3_driver_init+0x0/0x15 @ 1
[    6.123065] initcall tg3_driver_init+0x0/0x15 returned 0 after 61 usecs
[    6.129717] calling  e100_init_module+0x0/0x4c @ 1
[    6.134542] e100: Intel(R) PRO/100 Network Driver
[    6.139282] e100: Copyright(c) 1999-2006 Intel Corporation
[    6.144771] initcall e100_init_module+0x0/0x4c returned 0 after 10228 usecs
[    6.151682] calling  e1000_init_module+0x0/0x72 @ 1
[    6.156583] e1000: Intel(R) PRO/1000 Network Driver
[    6.161555] e1000: Copyright (c) 1999-2006 Intel Corporation.
[    6.167540] initcall e1000_init_module+0x0/0x72 returned 0 after 10957 usecs
[    6.174600] calling  e1000_init_module+0x0/0x2d @ 1
[    6.179759] e1000e: Intel(R) PRO/1000 Network Driver
[    6.184768] e1000e: Copyright(c) 1999 - 2015 Intel Corporation.
[    6.190808] initcall e1000_init_module+0x0/0x2d returned 0 after 11049 usecs
[    6.198518] calling  sky2_init_module+0x0/0x21 @ 1
[    6.203338] sky2: driver version 1.30
[    6.207130] initcall sky2_init_module+0x0/0x21 returned 0 after 3792 usecs
[    6.217530] calling  forcedeth_pci_driver_init+0x0/0x15 @ 1
[    6.223155] initcall forcedeth_pci_driver_init+0x0/0x15 returned 0 after 55 usecs
[    6.235429] calling  rtl8139_init_module+0x0/0x15 @ 1
[    6.242911] initcall rtl8139_init_module+0x0/0x15 returned 0 after 1975 usecs
[    6.250007] calling  rtl8169_pci_driver_init+0x0/0x15 @ 1
[    6.255566] initcall rtl8169_pci_driver_init+0x0/0x15 returned 0 after 168 usecs
[    6.263046] calling  net_failover_init+0x0/0x7 @ 1
[    6.267905] initcall net_failover_init+0x0/0x7 returned 0 after 0 usecs
[    6.274437] calling  cdrom_init+0x0/0xc @ 1
[    6.278988] initcall cdrom_init+0x0/0xc returned 0 after 336 usecs
[    6.285129] calling  nonstatic_sysfs_init+0x0/0xc @ 1
[    6.290274] initcall nonstatic_sysfs_init+0x0/0xc returned 0 after 81 usecs
[    6.297131] calling  yenta_cardbus_driver_init+0x0/0x15 @ 1
[    6.302851] initcall yenta_cardbus_driver_init+0x0/0x15 returned 0 after 142 usecs
[    6.310329] calling  mon_init+0x0/0x144 @ 1
[    6.325061] initcall mon_init+0x0/0x144 returned 0 after 10504 usecs
[    6.331438] calling  ehci_hcd_init+0x0/0x72 @ 1
[    6.335956] ehci_hcd: USB 2.0 'Enhanced' Host Controller (EHCI) Driver
[    6.342449] initcall ehci_hcd_init+0x0/0x72 returned 0 after 6494 usecs
[    6.348995] calling  ehci_pci_init+0x0/0x64 @ 1
[    6.353533] ehci-pci: EHCI PCI platform driver
[    6.358103] initcall ehci_pci_init+0x0/0x64 returned 0 after 4570 usecs
[    6.364673] calling  ohci_hcd_mod_init+0x0/0x4d @ 1
[    6.369697] ohci_hcd: USB 1.1 'Open' Host Controller (OHCI) Driver
[    6.375923] initcall ohci_hcd_mod_init+0x0/0x4d returned 0 after 6226 usecs
[    6.382840] calling  ohci_pci_init+0x0/0x64 @ 1
[    6.387440] ohci-pci: OHCI PCI platform driver
[    6.392000] initcall ohci_pci_init+0x0/0x64 returned 0 after 4561 usecs
[    6.398576] calling  uhci_hcd_init+0x0/0xa6 @ 1
[    6.403141] uhci_hcd: USB Universal Host Controller Interface driver
[    6.409986] initcall uhci_hcd_init+0x0/0xa6 returned 0 after 6845 usecs
[    6.416486] calling  xhci_hcd_init+0x0/0x1e @ 1
[    6.421137] initcall xhci_hcd_init+0x0/0x1e returned 0 after 77 usecs
[    6.427887] calling  xhci_pci_init+0x0/0x49 @ 1
[    6.432777] initcall xhci_pci_init+0x0/0x49 returned 0 after 90 usecs
[    6.439302] calling  usblp_driver_init+0x0/0x15 @ 1
[    6.444410] usbcore: registered new interface driver usblp
[    6.450000] initcall usblp_driver_init+0x0/0x15 returned 0 after 5777 usecs
[    6.456912] calling  usb_storage_driver_init+0x0/0x2a @ 1
[    6.462413] usbcore: registered new interface driver usb-storage
[    6.468466] initcall usb_storage_driver_init+0x0/0x2a returned 0 after 6131 usecs
[    6.477156] calling  i8042_init+0x0/0x4a6 @ 1
[    6.482750] i8042: PNP: PS/2 Controller [PNP0303:KBD,PNP0f13:MOU] at 0x60,0x64 irq 1,12
[    6.496439] serio: i8042 KBD port at 0x60,0x64 irq 1
[    6.501782] serio: i8042 AUX port at 0x60,0x64 irq 12
[    6.506944] initcall i8042_init+0x0/0x4a6 returned 0 after 25059 usecs
[    6.513527] calling  serport_init+0x0/0x27 @ 1
[    6.518157] initcall serport_init+0x0/0x27 returned 0 after 90 usecs
[    6.524578] calling  input_leds_init+0x0/0xc @ 1
[    6.529250] initcall input_leds_init+0x0/0xc returned 0 after 13 usecs
[    6.535886] calling  evdev_init+0x0/0xc @ 1
[    6.542862] initcall evdev_init+0x0/0xc returned 0 after 2695 usecs
[    6.549156] calling  atkbd_init+0x0/0x21 @ 1
[    6.553555] initcall atkbd_init+0x0/0x21 returned 0 after 79 usecs
[    6.559816] calling  psmouse_init+0x0/0x7f @ 1
[    6.564615] initcall psmouse_init+0x0/0x7f returned 0 after 207 usecs
[    6.571103] calling  cmos_init+0x0/0x73 @ 1
[    6.576529] rtc_cmos 00:04: RTC can wake from S4
[    6.589347] input: AT Translated Set 2 keyboard as /devices/platform/i8042/serio0/input/input1
[    6.619905] rtc_cmos 00:04: registered as rtc0
[    6.628092] rtc_cmos 00:04: alarms up to one day, y3k, 242 bytes nvram, hpet irqs
[    6.635621] initcall cmos_init+0x0/0x73 returned 0 after 59704 usecs
[    6.642767] calling  smbalert_driver_init+0x0/0xe @ 1
[    6.647856] initcall smbalert_driver_init+0x0/0xe returned 0 after 51 usecs
[    6.664192] calling  i2c_i801_init+0x0/0xc5 @ 1
[    6.672086] i801_smbus 0000:00:1f.3: SMBus using PCI interrupt
[    6.679304] i2c i2c-0: 1/1 memory slots populated (from DMI)
[    6.684896] i2c i2c-0: Memory type 0x07 not supported yet, not instantiating SPD
[    6.695896] initcall i2c_i801_init+0x0/0xc5 returned 0 after 27131 usecs
[    6.704013] calling  ptp_kvm_init+0x0/0xcc @ 1
[    6.709751] ata1: SATA link down (SStatus 0 SControl 300)
[    6.716523] ata3: SATA link up 1.5 Gbps (SStatus 113 SControl 300)
[    6.723546] ata3.00: ATAPI: QEMU DVD-ROM, 2.5+, max UDMA/100
[    6.729163] ata3.00: applying bridge limits
[    6.734094] ata3.00: configured for UDMA/100
[    6.740205] ata2: SATA link down (SStatus 0 SControl 300)
[    6.749187] ata4: SATA link down (SStatus 0 SControl 300)
[    6.757753] scsi 2:0:0:0: CD-ROM            QEMU     QEMU DVD-ROM     2.5+ PQ: 0 ANSI: 5
[    6.769903] initcall ptp_kvm_init+0x0/0xcc returned 0 after 61405 usecs
[    6.776446] calling  thermal_throttle_init_device+0x0/0x3d @ 1
[    6.782438] initcall thermal_throttle_init_device+0x0/0x3d returned 0 after 9 usecs
[    6.789991] calling  dm_init+0x0/0x3c @ 1
[    6.797279] device-mapper: ioctl: 4.47.0-ioctl (2022-07-28) initialised: dm-devel@redhat.com
[    6.805669] initcall dm_init+0x0/0x3c returned 0 after 11665 usecs
[    6.811874] calling  dm_mirror_init+0x0/0x29 @ 1
[    6.816513] initcall dm_mirror_init+0x0/0x29 returned 0 after 2 usecs
[    6.822824] calling  dm_dirty_log_init+0x0/0x4f @ 1
[    6.827804] initcall dm_dirty_log_init+0x0/0x4f returned 0 after 69 usecs
[    6.834437] calling  dm_zero_init+0x0/0x29 @ 1
[    6.838820] initcall dm_zero_init+0x0/0x29 returned 0 after 2 usecs
[    6.844960] calling  intel_pstate_init+0x0/0x577 @ 1
[    6.850804] intel_pstate: CPU model not supported
[    6.855533] initcall intel_pstate_init+0x0/0x577 returned -19 after 4750 usecs
[    6.863021] calling  haltpoll_init+0x0/0xc0 @ 1
[    6.868484] initcall haltpoll_init+0x0/0xc0 returned -19 after 21 usecs
[    6.875050] calling  esrt_sysfs_init+0x0/0x292 @ 1
[    6.879897] initcall esrt_sysfs_init+0x0/0x292 returned -38 after 26 usecs
[    6.890381] calling  hid_init+0x0/0x5c @ 1
[    6.894727] hid: raw HID events driver (C) Jiri Kosina
[    6.900744] initcall hid_init+0x0/0x5c returned 0 after 6223 usecs
[    6.906886] calling  hid_generic_init+0x0/0x15 @ 1
[    6.911761] initcall hid_generic_init+0x0/0x15 returned 0 after 56 usecs
[    6.921901] calling  a4_driver_init+0x0/0x15 @ 1
[    6.926561] initcall a4_driver_init+0x0/0x15 returned 0 after 33 usecs
[    6.933919] calling  apple_driver_init+0x0/0x15 @ 1
[    6.938850] initcall apple_driver_init+0x0/0x15 returned 0 after 63 usecs
[    6.953960] calling  belkin_driver_init+0x0/0x15 @ 1
[    6.958952] initcall belkin_driver_init+0x0/0x15 returned 0 after 61 usecs
[    6.966585] calling  ch_driver_init+0x0/0x15 @ 1
[    6.971348] initcall ch_driver_init+0x0/0x15 returned 0 after 33 usecs
[    6.977965] calling  ch_driver_init+0x0/0x15 @ 1
[    6.986455] initcall ch_driver_init+0x0/0x15 returned 0 after 37 usecs
[    6.993214] calling  cp_driver_init+0x0/0x15 @ 1
[    6.998114] initcall cp_driver_init+0x0/0x15 returned 0 after 32 usecs
[    7.006908] calling  ez_driver_init+0x0/0x15 @ 1
[    7.011765] initcall ez_driver_init+0x0/0x15 returned 0 after 49 usecs
[    7.023259] calling  gyration_driver_init+0x0/0x15 @ 1
[    7.029069] initcall gyration_driver_init+0x0/0x15 returned 0 after 275 usecs
[    7.037404] calling  ite_driver_init+0x0/0x15 @ 1
[    7.042363] initcall ite_driver_init+0x0/0x15 returned 0 after 33 usecs
[    7.049173] calling  ks_driver_init+0x0/0x15 @ 1
[    7.055246] initcall ks_driver_init+0x0/0x15 returned 0 after 41 usecs
[    7.063549] calling  lg_driver_init+0x0/0x15 @ 1
[    7.069934] initcall lg_driver_init+0x0/0x15 returned 0 after 80 usecs
[    7.079694] calling  lg_g15_driver_init+0x0/0x15 @ 1
[    7.084866] initcall lg_g15_driver_init+0x0/0x15 returned 0 after 63 usecs
[    7.096344] calling  ms_driver_init+0x0/0x15 @ 1
[    7.109839] initcall ms_driver_init+0x0/0x15 returned 0 after 45 usecs
[    7.116389] calling  mr_driver_init+0x0/0x15 @ 1
[    7.121046] initcall mr_driver_init+0x0/0x15 returned 0 after 35 usecs
[    7.128690] calling  ntrig_driver_init+0x0/0x15 @ 1
[    7.133605] initcall ntrig_driver_init+0x0/0x15 returned 0 after 61 usecs
[    7.140939] calling  pl_driver_init+0x0/0x15 @ 1
[    7.145720] initcall pl_driver_init+0x0/0x15 returned 0 after 127 usecs
[    7.152450] calling  pl_driver_init+0x0/0x15 @ 1
[    7.160721] initcall pl_driver_init+0x0/0x15 returned 0 after 37 usecs
[    7.168012] calling  redragon_driver_init+0x0/0x15 @ 1
[    7.173102] initcall redragon_driver_init+0x0/0x15 returned 0 after 38 usecs
[    7.187445] calling  samsung_driver_init+0x0/0x15 @ 1
[    7.194338] initcall samsung_driver_init+0x0/0x15 returned 0 after 38 usecs
[    7.201330] calling  sony_init+0x0/0x38 @ 1
[    7.209708] initcall sony_init+0x0/0x38 returned 0 after 103 usecs
[    7.220585] calling  sp_driver_init+0x0/0x15 @ 1
[    7.225360] initcall sp_driver_init+0x0/0x15 returned 0 after 54 usecs
[    7.237407] calling  ts_driver_init+0x0/0x15 @ 1
[    7.242217] initcall ts_driver_init+0x0/0x15 returned 0 after 48 usecs
[    7.249624] calling  hid_init+0x0/0x58 @ 1
[    7.253881] usbcore: registered new interface driver usbhid
[    7.267761] usbhid: USB HID core driver
[    7.271722] initcall hid_init+0x0/0x58 returned 0 after 17883 usecs
[    7.280392] calling  eeepc_laptop_init+0x0/0x57 @ 1
[    7.285538] initcall eeepc_laptop_init+0x0/0x57 returned -19 after 181 usecs
[    7.292685] calling  alsa_hwdep_init+0x0/0x5e @ 1
[    7.301391] initcall alsa_hwdep_init+0x0/0x5e returned 0 after 112 usecs
[    7.308374] calling  alsa_timer_init+0x0/0x1f9 @ 1
[    7.317231] ata5: SATA link down (SStatus 0 SControl 300)
[    7.323814] ata6: SATA link down (SStatus 0 SControl 300)
[    7.336209] sr 2:0:0:0: [sr0] scsi3-mmc drive: 4x/4x cd/rw xa/form2 tray
[    7.343169] cdrom: Uniform CD-ROM driver Revision: 3.20
[    7.349342] initcall alsa_timer_init+0x0/0x1f9 returned 0 after 33225 usecs
[    7.356681] calling  snd_hrtimer_init+0x0/0x117 @ 1
[    7.361731] initcall snd_hrtimer_init+0x0/0x117 returned 0 after 10 usecs
[    7.368562] calling  alsa_pcm_init+0x0/0x64 @ 1
[    7.376570] initcall alsa_pcm_init+0x0/0x64 returned 0 after 12 usecs
[    7.383190] calling  alsa_seq_init+0x0/0x4a @ 1
[    7.393173] sr 2:0:0:0: Attached scsi CD-ROM sr0
[    7.401889] sr 2:0:0:0: Attached scsi generic sg0 type 5
[    7.409411] initcall alsa_seq_init+0x0/0x4a returned 0 after 20481 usecs
[    7.418059] calling  alsa_seq_dummy_init+0x0/0x9c @ 1
[    7.424479] initcall alsa_seq_dummy_init+0x0/0x9c returned 0 after 71 usecs
[    7.431523] calling  azx_driver_init+0x0/0x15 @ 1
[    7.436443] initcall azx_driver_init+0x0/0x15 returned 0 after 130 usecs
[    7.443185] calling  sock_diag_init+0x0/0x2a @ 1
[    7.448252] initcall sock_diag_init+0x0/0x2a returned 0 after 370 usecs
[    7.455175] calling  failover_init+0x0/0x13 @ 1
[    7.460063] initcall failover_init+0x0/0x13 returned 0 after 238 usecs
[    7.466793] calling  blackhole_init+0x0/0xc @ 1
[    7.471546] initcall blackhole_init+0x0/0xc returned 0 after 25 usecs
[    7.478027] calling  init_cgroup_cls+0x0/0xc @ 1
[    7.482893] initcall init_cgroup_cls+0x0/0xc returned 0 after 124 usecs
[    7.489591] calling  nfnetlink_init+0x0/0x61 @ 1
[    7.494540] initcall nfnetlink_init+0x0/0x61 returned 0 after 257 usecs
[    7.501236] calling  nfnetlink_log_init+0x0/0x99 @ 1
[    7.506514] initcall nfnetlink_log_init+0x0/0x99 returned 0 after 174 usecs
[    7.513547] calling  nf_conntrack_standalone_init+0x0/0x87 @ 1
[    7.520352] initcall nf_conntrack_standalone_init+0x0/0x87 returned 0 after 859 usecs
[    7.528269] calling  ctnetlink_init+0x0/0x83 @ 1
[    7.532972] initcall ctnetlink_init+0x0/0x83 returned 0 after 46 usecs
[    7.540103] calling  nf_conntrack_ftp_init+0x0/0xf7 @ 1
[    7.545440] initcall nf_conntrack_ftp_init+0x0/0xf7 returned 0 after 44 usecs
[    7.552575] calling  nf_conntrack_irc_init+0x0/0x12b @ 1
[    7.563916] initcall nf_conntrack_irc_init+0x0/0x12b returned 0 after 30 usecs
[    7.575937] calling  nf_conntrack_sip_init+0x0/0x172 @ 1
[    7.582786] initcall nf_conntrack_sip_init+0x0/0x172 returned 0 after 13 usecs
[    7.595600] calling  nf_nat_init+0x0/0xb2 @ 1
[    7.600404] initcall nf_nat_init+0x0/0xb2 returned 0 after 311 usecs
[    7.609607] calling  nf_nat_ftp_init+0x0/0x2a @ 1
[    7.620063] initcall nf_nat_ftp_init+0x0/0x2a returned 0 after 32 usecs
[    7.628022] calling  nf_nat_irc_init+0x0/0x2a @ 1
[    7.632749] initcall nf_nat_irc_init+0x0/0x2a returned 0 after 2 usecs
[    7.639288] calling  nf_nat_sip_init+0x0/0x36 @ 1
[    7.644912] initcall nf_nat_sip_init+0x0/0x36 returned 0 after 3 usecs
[    7.651488] calling  xt_init+0x0/0x128 @ 1
[    7.659434] initcall xt_init+0x0/0x128 returned 0 after 98 usecs
[    7.665567] calling  tcpudp_mt_init+0x0/0x11 @ 1
[    7.672130] initcall tcpudp_mt_init+0x0/0x11 returned 0 after 92 usecs
[    7.679509] calling  connsecmark_tg_init+0x0/0xc @ 1
[    7.685367] initcall connsecmark_tg_init+0x0/0xc returned 0 after 18 usecs
[    7.692937] calling  nflog_tg_init+0x0/0xc @ 1
[    7.698317] initcall nflog_tg_init+0x0/0xc returned 0 after 2 usecs
[    7.704623] calling  secmark_tg_init+0x0/0x11 @ 1
[    7.709402] initcall secmark_tg_init+0x0/0x11 returned 0 after 2 usecs
[    7.716266] calling  tcpmss_tg_init+0x0/0x11 @ 1
[    7.722244] initcall tcpmss_tg_init+0x0/0x11 returned 0 after 3 usecs
[    7.730498] calling  conntrack_mt_init+0x0/0x11 @ 1
[    7.736737] initcall conntrack_mt_init+0x0/0x11 returned 0 after 23 usecs
[    7.745431] calling  policy_mt_init+0x0/0x11 @ 1
[    7.750559] initcall policy_mt_init+0x0/0x11 returned 0 after 2 usecs
[    7.757138] calling  state_mt_init+0x0/0xc @ 1
[    7.761872] initcall state_mt_init+0x0/0xc returned 0 after 2 usecs
[    7.768287] calling  gre_offload_init+0x0/0x48 @ 1
[    7.773301] initcall gre_offload_init+0x0/0x48 returned 0 after 121 usecs
[    7.780217] calling  sysctl_ipv4_init+0x0/0x46 @ 1
[    7.785882] initcall sysctl_ipv4_init+0x0/0x46 returned 0 after 187 usecs
[    7.794130] calling  tunnel4_init+0x0/0x58 @ 1
[    7.800722] initcall tunnel4_init+0x0/0x58 returned 0 after 1 usecs
[    7.808799] calling  nf_defrag_init+0x0/0xc @ 1
[    7.818928] initcall nf_defrag_init+0x0/0xc returned 0 after 24 usecs
[    7.825528] calling  ip_tables_init+0x0/0x8d @ 1
[    7.830389] initcall ip_tables_init+0x0/0x8d returned 0 after 117 usecs
[    7.837693] calling  iptable_filter_init+0x0/0x86 @ 1
[    7.843019] initcall iptable_filter_init+0x0/0x86 returned 0 after 127 usecs
[    7.853810] calling  iptable_mangle_init+0x0/0x82 @ 1
[    7.858998] initcall iptable_mangle_init+0x0/0x82 returned 0 after 6 usecs
[    7.866693] calling  reject_tg_init+0x0/0xc @ 1
[    7.871314] initcall reject_tg_init+0x0/0xc returned 0 after 1 usecs
[    7.886599] calling  cubictcp_register+0x0/0x53 @ 1
[    7.891700] initcall cubictcp_register+0x0/0x53 returned 0 after 80 usecs
[    7.899283] calling  xfrm_user_init+0x0/0x2f @ 1
[    7.904038] Initializing XFRM netlink socket
[    7.908750] initcall xfrm_user_init+0x0/0x2f returned 0 after 4712 usecs
[    7.919130] calling  inet6_init+0x0/0x3aa @ 1
[    7.924781] NET: Registered PF_INET6 protocol family
[    7.938550] Segment Routing with IPv6
[    7.942431] In-situ OAM (IOAM) with IPv6
[    7.950487] initcall inet6_init+0x0/0x3aa returned 0 after 26874 usecs
[    7.957070] calling  ah6_init+0x0/0x71 @ 1
