c[?7l[2J[0mSeaBIOS (version 1.16.0-debian-1.16.0-4)
Booting from ROM...
early console in setup code
c[?7l[2J[    0.000000] Linux version 5.10.158+ (root@joelboxx.c.googlers.com) (gcc (Debian 12.2.0-3) 12.2.0, GNU ld (GNU Binutils for Debian) 2.39) #12 SMP PREEMPT Tue Dec 13 02:42:40 UTC 2022
[    0.000000] Command line: selinux=0 initcall_debug debug console=ttyS0 rcutorture.torture_type=tasks rcutorture.onoff_interval=1000 rcutorture.onoff_holdoff=30 rcutorture.n_barrier_cbs=4 rcutorture.stat_interval=15 rcutorture.shutdown_secs=1800 rcutorture.test_no_idle_hz=1 rcutorture.verbose=1
[    0.000000] x86/fpu: x87 FPU will use FXSAVE
[    0.000000] BIOS-provided physical RAM map:
[    0.000000] BIOS-e820: [mem 0x0000000000000000-0x000000000009fbff] usable
[    0.000000] BIOS-e820: [mem 0x000000000009fc00-0x000000000009ffff] reserved
[    0.000000] BIOS-e820: [mem 0x00000000000f0000-0x00000000000fffff] reserved
[    0.000000] BIOS-e820: [mem 0x0000000000100000-0x000000001ffdefff] usable
[    0.000000] BIOS-e820: [mem 0x000000001ffdf000-0x000000001fffffff] reserved
[    0.000000] BIOS-e820: [mem 0x00000000b0000000-0x00000000bfffffff] reserved
[    0.000000] BIOS-e820: [mem 0x00000000fed1c000-0x00000000fed1ffff] reserved
[    0.000000] BIOS-e820: [mem 0x00000000feffc000-0x00000000feffffff] reserved
[    0.000000] BIOS-e820: [mem 0x00000000fffc0000-0x00000000ffffffff] reserved
[    0.000000] NX (Execute Disable) protection: active
[    0.000000] SMBIOS 2.8 present.
[    0.000000] DMI: QEMU Standard PC (Q35 + ICH9, 2009), BIOS 1.16.0-debian-1.16.0-4 04/01/2014
[    0.000000] Hypervisor detected: KVM
[    0.000000] kvm-clock: Using msrs 4b564d01 and 4b564d00
[    0.000000] kvm-clock: cpu 0, msr e525001, primary cpu clock
[    0.000149] kvm-clock: using sched offset of 3432289690 cycles
[    0.000487] clocksource: kvm-clock: mask: 0xffffffffffffffff max_cycles: 0x1cd42e4dffb, max_idle_ns: 881590591483 ns
[    0.000691] tsc: Detected 1999.999 MHz processor
[    0.008056] e820: update [mem 0x00000000-0x00000fff] usable ==> reserved
[    0.008066] e820: remove [mem 0x000a0000-0x000fffff] usable
[    0.008076] last_pfn = 0x1ffdf max_arch_pfn = 0x400000000
[    0.009136] MTRR default type: write-back
[    0.009198] MTRR fixed ranges enabled:
[    0.009203]   00000-9FFFF write-back
[    0.009207]   A0000-BFFFF uncachable
[    0.009211]   C0000-FFFFF write-protect
[    0.009214] MTRR variable ranges enabled:
[    0.009219]   0 base 00C0000000 mask FFC0000000 uncachable
[    0.009222]   1 disabled
[    0.009225]   2 disabled
[    0.009228]   3 disabled
[    0.009231]   4 disabled
[    0.009235]   5 disabled
[    0.009238]   6 disabled
[    0.009241]   7 disabled
[    0.009800] x86/PAT: Configuration [0-7]: WB  WC  UC- UC  WB  WC  UC- UC  
[    0.023114] found SMP MP-table at [mem 0x000f5ba0-0x000f5baf]
[    0.026189] check: Scanning 1 areas for low memory corruption
[    0.041988] ACPI: Early table checksum verification disabled
[    0.043891] ACPI: RSDP 0x00000000000F59E0 000014 (v00 BOCHS )
[    0.044206] ACPI: RSDT 0x000000001FFE22F5 000038 (v01 BOCHS  BXPC     00000001 BXPC 00000001)
[    0.044439] ACPI: FACP 0x000000001FFE20E5 0000F4 (v03 BOCHS  BXPC     00000001 BXPC 00000001)
[    0.044574] ACPI: DSDT 0x000000001FFE0040 0020A5 (v01 BOCHS  BXPC     00000001 BXPC 00000001)
[    0.044584] ACPI: FACS 0x000000001FFE0000 000040
[    0.044591] ACPI: APIC 0x000000001FFE21D9 000080 (v01 BOCHS  BXPC     00000001 BXPC 00000001)
[    0.044599] ACPI: HPET 0x000000001FFE2259 000038 (v01 BOCHS  BXPC     00000001 BXPC 00000001)
[    0.044607] ACPI: MCFG 0x000000001FFE2291 00003C (v01 BOCHS  BXPC     00000001 BXPC 00000001)
[    0.044615] ACPI: WAET 0x000000001FFE22CD 000028 (v01 BOCHS  BXPC     00000001 BXPC 00000001)
[    0.044622] ACPI: Reserving FACP table memory at [mem 0x1ffe20e5-0x1ffe21d8]
[    0.044626] ACPI: Reserving DSDT table memory at [mem 0x1ffe0040-0x1ffe20e4]
[    0.044629] ACPI: Reserving FACS table memory at [mem 0x1ffe0000-0x1ffe003f]
[    0.044632] ACPI: Reserving APIC table memory at [mem 0x1ffe21d9-0x1ffe2258]
[    0.044634] ACPI: Reserving HPET table memory at [mem 0x1ffe2259-0x1ffe2290]
[    0.044637] ACPI: Reserving MCFG table memory at [mem 0x1ffe2291-0x1ffe22cc]
[    0.044639] ACPI: Reserving WAET table memory at [mem 0x1ffe22cd-0x1ffe22f4]
[    0.045764] ACPI: Local APIC address 0xfee00000
[    0.049623] No NUMA configuration found
[    0.049628] Faking a node at [mem 0x0000000000000000-0x000000001ffdefff]
[    0.049779] NODE_DATA(0) allocated [mem 0x1ffdb000-0x1ffdefff]
[    0.051344] Zone ranges:
[    0.051601]   DMA      [mem 0x0000000000001000-0x0000000000ffffff]
[    0.051720]   DMA32    [mem 0x0000000001000000-0x000000001ffdefff]
[    0.051726]   Normal   empty
[    0.051898] Movable zone start for each node
[    0.051902] Early memory node ranges
[    0.051905]   node   0: [mem 0x0000000000001000-0x000000000009efff]
[    0.051947]   node   0: [mem 0x0000000000100000-0x000000001ffdefff]
[    0.051990] Initmem setup node 0 [mem 0x0000000000001000-0x000000001ffdefff]
[    0.052080] On node 0 totalpages: 130941
[    0.052282]   DMA zone: 64 pages used for memmap
[    0.052285]   DMA zone: 21 pages reserved
[    0.052382]   DMA zone: 3998 pages, LIFO batch:0
[    0.052386]   DMA32 zone: 1984 pages used for memmap
[    0.052388]   DMA32 zone: 126943 pages, LIFO batch:31
[    0.069519] On node 0, zone DMA: 1 pages in unavailable ranges
[    0.072055] On node 0, zone DMA: 97 pages in unavailable ranges
[    0.190847] On node 0, zone DMA32: 33 pages in unavailable ranges
[    0.194352] ACPI: PM-Timer IO Port: 0x608
[    0.194360] ACPI: Local APIC address 0xfee00000
[    0.194441] ACPI: LAPIC_NMI (acpi_id[0xff] dfl dfl lint[0x1])
[    0.195013] IOAPIC[0]: apic_id 0, version 17, address 0xfec00000, GSI 0-23
[    0.195049] ACPI: INT_SRC_OVR (bus 0 bus_irq 0 global_irq 2 dfl dfl)
[    0.195088] ACPI: INT_SRC_OVR (bus 0 bus_irq 5 global_irq 5 high level)
[    0.195093] ACPI: INT_SRC_OVR (bus 0 bus_irq 9 global_irq 9 high level)
[    0.195121] ACPI: INT_SRC_OVR (bus 0 bus_irq 10 global_irq 10 high level)
[    0.195124] ACPI: INT_SRC_OVR (bus 0 bus_irq 11 global_irq 11 high level)
[    0.195128] ACPI: IRQ0 used by override.
[    0.195139] ACPI: IRQ5 used by override.
[    0.195142] ACPI: IRQ9 used by override.
[    0.195144] ACPI: IRQ10 used by override.
[    0.195147] ACPI: IRQ11 used by override.
[    0.195160] Using ACPI (MADT) for SMP configuration information
[    0.195201] ACPI: HPET id: 0x8086a201 base: 0xfed00000
[    0.195423] smpboot: Allowing 2 CPUs, 0 hotplug CPUs
[    0.195994] PM: hibernation: Registered nosave memory: [mem 0x00000000-0x00000fff]
[    0.195999] PM: hibernation: Registered nosave memory: [mem 0x0009f000-0x0009ffff]
[    0.196002] PM: hibernation: Registered nosave memory: [mem 0x000a0000-0x000effff]
[    0.196005] PM: hibernation: Registered nosave memory: [mem 0x000f0000-0x000fffff]
[    0.196011] [mem 0x20000000-0xafffffff] available for PCI devices
[    0.196027] Booting paravirtualized kernel on KVM
[    0.196201] clocksource: refined-jiffies: mask: 0xffffffff max_cycles: 0xffffffff, max_idle_ns: 1910969940391419 ns
[    0.216889] setup_percpu: NR_CPUS:2 nr_cpumask_bits:2 nr_cpu_ids:2 nr_node_ids:1
[    0.296464] percpu: Embedded 58 pages/cpu s198480 r8192 d30896 u1048576
[    0.296566] pcpu-alloc: s198480 r8192 d30896 u1048576 alloc=1*2097152
[    0.296654] pcpu-alloc: [0] 0 1 
[    0.297015] kvm-guest: stealtime: cpu 0, msr 1f41bb40
[    0.298255] Built 1 zonelists, mobility grouping on.  Total pages: 128872
[    0.298263] Policy zone: DMA32
[    0.298348] Kernel command line: selinux=0 initcall_debug debug console=ttyS0 rcutorture.torture_type=tasks rcutorture.onoff_interval=1000 rcutorture.onoff_holdoff=30 rcutorture.n_barrier_cbs=4 rcutorture.stat_interval=15 rcutorture.shutdown_secs=1800 rcutorture.test_no_idle_hz=1 rcutorture.verbose=1
[    0.308381] Dentry cache hash table entries: 65536 (order: 7, 524288 bytes, linear)
[    0.309787] Inode-cache hash table entries: 32768 (order: 6, 262144 bytes, linear)
[    0.310402] mem auto-init: stack:all(zero), heap alloc:off, heap free:off
[    0.361365] Memory: 466776K/523764K available (16398K kernel code, 2805K rwdata, 4820K rodata, 1500K init, 13284K bss, 56728K reserved, 0K cma-reserved)
[    0.361831] SLUB: HWalign=64, Order=0-3, MinObjects=0, CPUs=2, Nodes=1
[    0.362069] Kernel/User page tables isolation: enabled
[    0.379004] Running RCU self tests
[    0.379171] rcu: Preemptible hierarchical RCU implementation.
[    0.379175] rcu: 	RCU event tracing is enabled.
[    0.379178] rcu: 	RCU lockdep checking is enabled.
[    0.379221] 	Trampoline variant of Tasks RCU enabled.
[    0.379225] 	Rude variant of Tasks RCU enabled.
[    0.379228] 	Tracing variant of Tasks RCU enabled.
[    0.379260] rcu: RCU calculated value of scheduler-enlistment delay is 100 jiffies.
[    0.384585] NR_IRQS: 4352, nr_irqs: 440, preallocated irqs: 16
[    0.387045] calling  con_init+0x0/0x24f @ 0
[    0.469385] Console: colour VGA+ 80x25
[    0.469449] initcall con_init+0x0/0x24f returned 0 after 0 usecs
[    0.469454] calling  hvc_console_init+0x0/0x13 @ 0
[    0.469459] initcall hvc_console_init+0x0/0x13 returned 0 after 0 usecs
[    0.469462] calling  univ8250_console_init+0x0/0x26 @ 0
[    1.395478] printk: console [ttyS0] enabled
[    1.400004] initcall univ8250_console_init+0x0/0x26 returned 0 after 0 usecs
[    1.407833] Lock dependency validator: Copyright (c) 2006 Red Hat, Inc., Ingo Molnar
[    1.416084] ... MAX_LOCKDEP_SUBCLASSES:  8
[    1.420546] ... MAX_LOCK_DEPTH:          48
[    1.425270] ... MAX_LOCKDEP_KEYS:        8192
[    1.430123] ... CLASSHASH_SIZE:          4096
[    1.434947] ... MAX_LOCKDEP_ENTRIES:     32768
[    1.439850] ... MAX_LOCKDEP_CHAINS:      65536
[    1.444711] ... CHAINHASH_SIZE:          32768
[    1.449581]  memory used by lock dependency info: 6365 kB
[    1.455702]  memory used for stack traces: 4224 kB
[    1.460931]  per task-struct memory footprint: 1920 bytes
[    1.467199] ACPI: Core revision 20200925
[    1.473570] clocksource: hpet: mask: 0xffffffff max_cycles: 0xffffffff, max_idle_ns: 19112604467 ns
[    1.485764] APIC: Switch to symmetric I/O mode setup
[    1.515314] ..TIMER: vector=0x30 apic1=0 pin1=2 apic2=-1 pin2=-1
[    1.522740] clocksource: tsc-early: mask: 0xffffffffffffffff max_cycles: 0x39a85afc727, max_idle_ns: 881590685098 ns
[    1.535058] Calibrating delay loop (skipped) preset value.. 3999.99 BogoMIPS (lpj=1999999)
[    1.535989] pid_max: default: 32768 minimum: 301
[    1.537498] LSM: Security Framework initializing
[    1.540364] Mount-cache hash table entries: 1024 (order: 1, 8192 bytes, linear)
[    1.541040] Mountpoint-cache hash table entries: 1024 (order: 1, 8192 bytes, linear)
[    1.554113] Last level iTLB entries: 4KB 0, 2MB 0, 4MB 0
[    1.554989] Last level dTLB entries: 4KB 0, 2MB 0, 4MB 0, 1GB 0
[    1.556113] Spectre V1 : Mitigation: usercopy/swapgs barriers and __user pointer sanitization
[    1.556989] Spectre V2 : Mitigation: Retpolines
[    1.557986] Spectre V2 : Spectre v2 / SpectreRSB mitigation: Filling RSB on context switch
[    1.558986] Spectre V2 : Spectre v2 / SpectreRSB : Filling RSB on VMEXIT
[    1.559989] Speculative Store Bypass: Vulnerable
[    1.560995] MDS: Vulnerable: Clear CPU buffers attempted, no microcode
[    1.561986] MMIO Stale Data: Unknown: No mitigations
[    1.632593] Freeing SMP alternatives memory: 40K
[    1.738966] smpboot: CPU0: Intel Common KVM processor (family: 0xf, model: 0x6, stepping: 0x1)
[    1.741231] calling  init_hw_perf_events+0x0/0x6ce @ 1
[    1.741989] Performance Events: unsupported Netburst CPU model 6 no PMU driver, software events only.
[    1.742998] initcall init_hw_perf_events+0x0/0x6ce returned 0 after 976 usecs
[    1.743996] calling  init_real_mode+0x0/0x1e9 @ 1
[    1.746031] initcall init_real_mode+0x0/0x1e9 returned 0 after 976 usecs
[    1.746992] calling  trace_init_perf_perm_irq_work_exit+0x0/0x12 @ 1
[    1.747990] initcall trace_init_perf_perm_irq_work_exit+0x0/0x12 returned 0 after 0 usecs
[    1.749035] calling  validate_x2apic+0x0/0x4a @ 1
[    1.750028] initcall validate_x2apic+0x0/0x4a returned 0 after 0 usecs
[    1.750995] calling  register_nmi_cpu_backtrace_handler+0x0/0x15 @ 1
[    1.752024] initcall register_nmi_cpu_backtrace_handler+0x0/0x15 returned 0 after 0 usecs
[    1.752992] calling  kvm_setup_vsyscall_timeinfo+0x0/0xd1 @ 1
[    1.753993] initcall kvm_setup_vsyscall_timeinfo+0x0/0xd1 returned 0 after 0 usecs
[    1.755039] calling  spawn_ksoftirqd+0x0/0x38 @ 1
[    1.756231] initcall spawn_ksoftirqd+0x0/0x38 returned 0 after 0 usecs
[    1.756991] calling  migration_init+0x0/0x31 @ 1
[    1.757990] initcall migration_init+0x0/0x31 returned 0 after 0 usecs
[    1.758990] calling  srcu_bootup_announce+0x0/0x2f @ 1
[    1.760033] rcu: Hierarchical SRCU implementation.
[    1.760990] initcall srcu_bootup_announce+0x0/0x2f returned 0 after 976 usecs
[    1.761990] calling  rcu_spawn_gp_kthread+0x0/0x1b0 @ 1
[    1.765071] initcall rcu_spawn_gp_kthread+0x0/0x1b0 returned 0 after 1953 usecs
[    1.765991] calling  check_cpu_stall_init+0x0/0x1a @ 1
[    1.766997] initcall check_cpu_stall_init+0x0/0x1a returned 0 after 0 usecs
[    1.767994] calling  rcu_sysrq_init+0x0/0x21 @ 1
[    1.769093] initcall rcu_sysrq_init+0x0/0x21 returned 0 after 0 usecs
[    1.770088] calling  trace_init_flags_sys_enter+0x0/0xe @ 1
[    1.771014] initcall trace_init_flags_sys_enter+0x0/0xe returned 0 after 0 usecs
[    1.771991] calling  trace_init_flags_sys_exit+0x0/0xe @ 1
[    1.772996] initcall trace_init_flags_sys_exit+0x0/0xe returned 0 after 0 usecs
[    1.773991] calling  cpu_stop_init+0x0/0x8d @ 1
[    1.776221] initcall cpu_stop_init+0x0/0x8d returned 0 after 976 usecs
[    1.776991] calling  init_kprobes+0x0/0x16e @ 1
[    1.779632] initcall init_kprobes+0x0/0x16e returned 0 after 976 usecs
[    1.779990] calling  init_events+0x0/0x3d @ 1
[    1.781018] initcall init_events+0x0/0x3d returned 0 after 0 usecs
[    1.781990] calling  init_trace_printk+0x0/0xc @ 1
[    1.782992] initcall init_trace_printk+0x0/0xc returned 0 after 0 usecs
[    1.783990] calling  event_trace_enable_again+0x0/0x23 @ 1
[    1.784992] initcall event_trace_enable_again+0x0/0x23 returned 0 after 0 usecs
[    1.785990] calling  static_call_init+0x0/0x79 @ 1
[    1.786990] initcall static_call_init+0x0/0x79 returned 0 after 0 usecs
[    1.787990] calling  jump_label_init_module+0x0/0xc @ 1
[    1.788996] initcall jump_label_init_module+0x0/0xc returned 0 after 0 usecs
[    1.790066] calling  init_zero_pfn+0x0/0x37 @ 1
[    1.791993] initcall init_zero_pfn+0x0/0x37 returned 0 after 0 usecs
[    1.792993] calling  initialize_ptr_random+0x0/0x54 @ 1
[    1.794055] initcall initialize_ptr_random+0x0/0x54 returned 0 after 0 usecs
[    1.795041] calling  efi_memreserve_root_init+0x0/0x25 @ 1
[    1.796029] initcall efi_memreserve_root_init+0x0/0x25 returned 0 after 0 usecs
[    1.796991] calling  efi_earlycon_remap_fb+0x0/0x51 @ 1
[    1.797995] initcall efi_earlycon_remap_fb+0x0/0x51 returned 0 after 0 usecs
[    1.800093] smp: Bringing up secondary CPUs ...
[    1.804033] x86: Booting SMP configuration:
[    1.804994] .... node  #0, CPUs:      #1
[    1.145288] kvm-clock: cpu 1, msr e525041, secondary cpu clock
[    1.830331] kvm-guest: stealtime: cpu 1, msr 1f51bb40
[    1.844236] smp: Brought up 1 node, 2 CPUs
[    1.844993] smpboot: Max logical packages: 1
[    1.845989] smpboot: Total of 2 processors activated (7999.99 BogoMIPS)
[    1.860757] devtmpfs: initialized
[    1.865391] calling  ipc_ns_init+0x0/0x3d @ 1
[    1.871043] initcall ipc_ns_init+0x0/0x3d returned 0 after 0 usecs
[    1.877990] calling  init_mmap_min_addr+0x0/0x21 @ 1
[    1.883993] initcall init_mmap_min_addr+0x0/0x21 returned 0 after 0 usecs
[    1.891990] calling  pci_realloc_setup_params+0x0/0x3f @ 1
[    1.897990] initcall pci_realloc_setup_params+0x0/0x3f returned 0 after 0 usecs
[    1.905991] calling  net_ns_init+0x0/0x140 @ 1
[    1.912374] initcall net_ns_init+0x0/0x140 returned 0 after 976 usecs
[    1.913012] calling  e820__register_nvs_regions+0x0/0x37 @ 1
[    1.913997] initcall e820__register_nvs_regions+0x0/0x37 returned 0 after 0 usecs
[    1.914991] calling  cpufreq_register_tsc_scaling+0x0/0x2e @ 1
[    1.915995] initcall cpufreq_register_tsc_scaling+0x0/0x2e returned 0 after 0 usecs
[    1.916992] calling  reboot_init+0x0/0x3c @ 1
[    1.918038] initcall reboot_init+0x0/0x3c returned 0 after 0 usecs
[    1.918994] calling  init_lapic_sysfs+0x0/0x20 @ 1
[    1.920008] initcall init_lapic_sysfs+0x0/0x20 returned 0 after 0 usecs
[    1.920991] calling  alloc_frozen_cpus+0x0/0x7 @ 1
[    1.921991] initcall alloc_frozen_cpus+0x0/0x7 returned 0 after 0 usecs
[    1.922992] calling  cpu_hotplug_pm_sync_init+0x0/0x13 @ 1
[    1.924021] initcall cpu_hotplug_pm_sync_init+0x0/0x13 returned 0 after 0 usecs
[    1.924997] calling  wq_sysfs_init+0x0/0x2a @ 1
[    1.926107] initcall wq_sysfs_init+0x0/0x2a returned 0 after 0 usecs
[    1.926991] calling  ksysfs_init+0x0/0x92 @ 1
[    1.928091] initcall ksysfs_init+0x0/0x92 returned 0 after 0 usecs
[    1.928990] calling  schedutil_gov_init+0x0/0xc @ 1
[    1.930165] initcall schedutil_gov_init+0x0/0xc returned 0 after 0 usecs
[    1.930992] calling  pm_init+0x0/0x76 @ 1
[    1.932162] initcall pm_init+0x0/0x76 returned 0 after 0 usecs
[    1.932991] calling  pm_disk_init+0x0/0x13 @ 1
[    1.934102] initcall pm_disk_init+0x0/0x13 returned 0 after 0 usecs
[    1.934991] calling  swsusp_header_init+0x0/0x2b @ 1
[    1.935995] initcall swsusp_header_init+0x0/0x2b returned 0 after 0 usecs
[    1.936991] calling  rcu_set_runtime_mode+0x0/0x2a @ 1
[    1.940252] initcall rcu_set_runtime_mode+0x0/0x2a returned 0 after 976 usecs
[    1.940992] calling  init_jiffies_clocksource+0x0/0x13 @ 1
[    1.941993] clocksource: jiffies: mask: 0xffffffff max_cycles: 0xffffffff, max_idle_ns: 1911260446275000 ns
[    1.943001] initcall init_jiffies_clocksource+0x0/0x13 returned 0 after 976 usecs
[    1.944011] calling  futex_init+0x0/0x11b @ 1
[    1.944999] futex hash table entries: 512 (order: 4, 65536 bytes, linear)
[    1.946993] initcall futex_init+0x0/0x11b returned 0 after 1953 usecs
[    1.947993] calling  cgroup_wq_init+0x0/0x28 @ 1
[    1.949024] initcall cgroup_wq_init+0x0/0x28 returned 0 after 0 usecs
[    1.950044] calling  cgroup1_wq_init+0x0/0x28 @ 1
[    1.952043] initcall cgroup1_wq_init+0x0/0x28 returned 0 after 0 usecs
[    1.952999] calling  init_kprobe_trace_early+0x0/0x2a @ 1
[    1.954992] initcall init_kprobe_trace_early+0x0/0x2a returned 0 after 976 usecs
[    1.955995] calling  fsnotify_init+0x0/0x56 @ 1
[    1.957036] initcall fsnotify_init+0x0/0x56 returned 0 after 0 usecs
[    1.957993] calling  filelock_init+0x0/0xb3 @ 1
[    1.959022] initcall filelock_init+0x0/0xb3 returned 0 after 0 usecs
[    1.959994] calling  init_misc_binfmt+0x0/0x2c @ 1
[    1.961043] initcall init_misc_binfmt+0x0/0x2c returned 0 after 0 usecs
[    1.961999] calling  init_script_binfmt+0x0/0x15 @ 1
[    1.962998] initcall init_script_binfmt+0x0/0x15 returned 0 after 0 usecs
[    1.963993] calling  init_elf_binfmt+0x0/0x15 @ 1
[    1.965000] initcall init_elf_binfmt+0x0/0x15 returned 0 after 0 usecs
[    1.966016] calling  init_compat_elf_binfmt+0x0/0x15 @ 1
[    1.966996] initcall init_compat_elf_binfmt+0x0/0x15 returned 0 after 0 usecs
[    1.967993] calling  debugfs_init+0x0/0x5c @ 1
[    1.969006] initcall debugfs_init+0x0/0x5c returned 0 after 0 usecs
[    1.969995] calling  tracefs_init+0x0/0x3a @ 1
[    1.971005] initcall tracefs_init+0x0/0x3a returned 0 after 0 usecs
[    1.971991] calling  prandom_init_early+0x0/0x15d @ 1
[    1.972992] initcall prandom_init_early+0x0/0x15d returned 0 after 0 usecs
[    1.974342] calling  virtio_init+0x0/0x20 @ 1
[    1.976028] initcall virtio_init+0x0/0x20 returned 0 after 0 usecs
[    1.976996] calling  iommu_init+0x0/0x2a @ 1
[    1.978021] initcall iommu_init+0x0/0x2a returned 0 after 0 usecs
[    1.978992] calling  component_debug_init+0x0/0x1c @ 1
[    1.981250] initcall component_debug_init+0x0/0x1c returned 0 after 976 usecs
[    1.981994] calling  early_resume_init+0x0/0xb9 @ 1
[    1.983988] PM: RTC time: 02:52:21, date: 2022-12-13
[    1.984997] initcall early_resume_init+0x0/0xb9 returned 0 after 1953 usecs
[    1.985992] calling  cpufreq_core_init+0x0/0x62 @ 1
[    1.987006] initcall cpufreq_core_init+0x0/0x62 returned 0 after 0 usecs
[    1.988989] calling  cpufreq_gov_performance_init+0x0/0xc @ 1
[    1.989991] initcall cpufreq_gov_performance_init+0x0/0xc returned 0 after 0 usecs
[    1.990989] calling  cpufreq_gov_userspace_init+0x0/0xc @ 1
[    1.991992] initcall cpufreq_gov_userspace_init+0x0/0xc returned 0 after 0 usecs
[    1.992996] calling  CPU_FREQ_GOV_ONDEMAND_init+0x0/0xc @ 1
[    1.995010] initcall CPU_FREQ_GOV_ONDEMAND_init+0x0/0xc returned 0 after 0 usecs
[    1.995990] calling  cpuidle_init+0x0/0x1f @ 1
[    1.997078] initcall cpuidle_init+0x0/0x1f returned 0 after 0 usecs
[    1.997991] calling  capsule_reboot_register+0x0/0xc @ 1
[    1.999014] initcall capsule_reboot_register+0x0/0xc returned 0 after 0 usecs
[    1.999990] calling  sock_init+0x0/0x93 @ 1
[    2.002802] initcall sock_init+0x0/0x93 returned 0 after 976 usecs
[    2.003035] calling  net_inuse_init+0x0/0x23 @ 1
[    2.005037] initcall net_inuse_init+0x0/0x23 returned 0 after 0 usecs
[    2.005991] calling  net_defaults_init+0x0/0x23 @ 1
[    2.006991] initcall net_defaults_init+0x0/0x23 returned 0 after 0 usecs
[    2.007989] calling  init_default_flow_dissectors+0x0/0x4f @ 1
[    2.009064] initcall init_default_flow_dissectors+0x0/0x4f returned 0 after 0 usecs
[    2.009989] calling  netpoll_init+0x0/0x44 @ 1
[    2.010990] initcall netpoll_init+0x0/0x44 returned 0 after 0 usecs
[    2.011990] calling  netlink_proto_init+0x0/0x154 @ 1
[    2.013589] NET: Registered protocol family 16
[    2.014284] initcall netlink_proto_init+0x0/0x154 returned 0 after 976 usecs
[    2.014993] calling  genl_init+0x0/0x35 @ 1
[    2.016101] initcall genl_init+0x0/0x35 returned 0 after 0 usecs
[    2.017041] calling  bsp_pm_check_init+0x0/0x13 @ 1
[    2.017995] initcall bsp_pm_check_init+0x0/0x13 returned 0 after 0 usecs
[    2.019012] calling  irq_sysfs_init+0x0/0xb9 @ 1
[    2.020437] initcall irq_sysfs_init+0x0/0xb9 returned 0 after 0 usecs
[    2.020995] calling  audit_init+0x0/0x127 @ 1
[    2.021999] audit: initializing netlink subsys (disabled)
[    2.024257] initcall audit_init+0x0/0x127 returned 0 after 1953 usecs
[    2.024117] audit: type=2000 audit(1670899940.194:1): state=initialized audit_enabled=0 res=1
[    2.024994] calling  release_early_probes+0x0/0x32 @ 1
[    2.025001] initcall release_early_probes+0x0/0x32 returned 0 after 0 usecs
[    2.040995] calling  bdi_class_init+0x0/0x48 @ 1
[    2.046165] initcall bdi_class_init+0x0/0x48 returned 0 after 0 usecs
[    2.053991] calling  mm_sysfs_init+0x0/0x28 @ 1
[    2.060006] initcall mm_sysfs_init+0x0/0x28 returned 0 after 0 usecs
[    2.067995] calling  init_per_zone_wmark_min+0x0/0x6d @ 1
[    2.074030] initcall init_per_zone_wmark_min+0x0/0x6d returned 0 after 0 usecs
[    2.082997] calling  mpi_init+0x0/0x3e @ 1
[    2.088158] initcall mpi_init+0x0/0x3e returned 0 after 0 usecs
[    2.094997] calling  kobject_uevent_init+0x0/0xc @ 1
[    2.101123] initcall kobject_uevent_init+0x0/0xc returned 0 after 0 usecs
[    2.108992] calling  pcibus_class_init+0x0/0x13 @ 1
[    2.115017] initcall pcibus_class_init+0x0/0x13 returned 0 after 0 usecs
[    2.122992] calling  pci_driver_init+0x0/0x21 @ 1
[    2.128178] initcall pci_driver_init+0x0/0x21 returned 0 after 0 usecs
[    2.135993] calling  backlight_class_init+0x0/0xa8 @ 1
[    2.142031] initcall backlight_class_init+0x0/0xa8 returned 0 after 0 usecs
[    2.151003] calling  tty_class_init+0x0/0x33 @ 1
[    2.156016] initcall tty_class_init+0x0/0x33 returned 0 after 0 usecs
[    2.164996] calling  vtconsole_class_init+0x0/0xb5 @ 1
[    2.173348] initcall vtconsole_class_init+0x0/0xb5 returned 0 after 0 usecs
[    2.182999] calling  iommu_dev_init+0x0/0x13 @ 1
[    2.190086] initcall iommu_dev_init+0x0/0x13 returned 0 after 0 usecs
[    2.196992] calling  mipi_dsi_bus_init+0x0/0xc @ 1
[    2.203123] initcall mipi_dsi_bus_init+0x0/0xc returned 0 after 0 usecs
[    2.212002] calling  devlink_class_init+0x0/0x40 @ 1
[    2.219061] initcall devlink_class_init+0x0/0x40 returned 0 after 0 usecs
[    2.226994] calling  software_node_init+0x0/0x2a @ 1
[    2.233003] initcall software_node_init+0x0/0x2a returned 0 after 0 usecs
[    2.241996] calling  wakeup_sources_debugfs_init+0x0/0x23 @ 1
[    2.249019] initcall wakeup_sources_debugfs_init+0x0/0x23 returned 0 after 0 usecs
[    2.256991] calling  wakeup_sources_sysfs_init+0x0/0x2c @ 1
[    2.263014] initcall wakeup_sources_sysfs_init+0x0/0x2c returned 0 after 0 usecs
[    2.271991] calling  register_node_type+0x0/0x13 @ 1
[    2.278130] initcall register_node_type+0x0/0x13 returned 0 after 976 usecs
[    2.285996] calling  regmap_initcall+0x0/0xc @ 1
[    2.291092] initcall regmap_initcall+0x0/0xc returned 0 after 0 usecs
[    2.297991] calling  i2c_init+0x0/0xb3 @ 1
[    2.303211] initcall i2c_init+0x0/0xb3 returned 0 after 0 usecs
[    2.309991] calling  thermal_init+0x0/0x116 @ 1
[    2.315067] thermal_sys: Registered thermal governor 'step_wise'
[    2.315071] thermal_sys: Registered thermal governor 'user_space'
[    2.322012] initcall thermal_init+0x0/0x116 returned 0 after 6835 usecs
[    2.337007] calling  init_menu+0x0/0xc @ 1
[    2.342140] cpuidle: using governor menu
[    2.345991] initcall init_menu+0x0/0xc returned 0 after 3906 usecs
[    2.353997] calling  pcc_init+0x0/0x4d @ 1
[    2.358014] initcall pcc_init+0x0/0x4d returned -19 after 0 usecs
[    2.366995] calling  amd_postcore_init+0x0/0x11e @ 1
[    2.372994] initcall amd_postcore_init+0x0/0x11e returned 0 after 0 usecs
[    2.381013] calling  bts_init+0x0/0xba @ 1
[    2.385992] initcall bts_init+0x0/0xba returned -19 after 0 usecs
[    2.392994] calling  pt_init+0x0/0x34d @ 1
[    2.397994] initcall pt_init+0x0/0x34d returned -19 after 0 usecs
[    2.404993] calling  boot_params_ksysfs_init+0x0/0x2ee @ 1
[    2.412038] initcall boot_params_ksysfs_init+0x0/0x2ee returned 0 after 0 usecs
[    2.420998] calling  sbf_init+0x0/0xea @ 1
[    2.425991] initcall sbf_init+0x0/0xea returned 0 after 0 usecs
[    2.432992] calling  arch_kdebugfs_init+0x0/0x219 @ 1
[    2.439044] initcall arch_kdebugfs_init+0x0/0x219 returned 0 after 0 usecs
[    2.446996] calling  intel_pconfig_init+0x0/0x85 @ 1
[    2.452994] initcall intel_pconfig_init+0x0/0x85 returned 0 after 0 usecs
[    2.461994] calling  mtrr_if_init+0x0/0x5d @ 1
[    2.467006] initcall mtrr_if_init+0x0/0x5d returned 0 after 0 usecs
[    2.474992] calling  activate_jump_labels+0x0/0x31 @ 1
[    2.480995] initcall activate_jump_labels+0x0/0x31 returned 0 after 0 usecs
[    2.489998] calling  ffh_cstate_init+0x0/0x29 @ 1
[    2.495999] initcall ffh_cstate_init+0x0/0x29 returned 0 after 0 usecs
[    2.503993] calling  activate_jump_labels+0x0/0x31 @ 1
[    2.510002] initcall activate_jump_labels+0x0/0x31 returned 0 after 0 usecs
[    2.518992] calling  kvm_alloc_cpumask+0x0/0x74 @ 1
[    2.525044] initcall kvm_alloc_cpumask+0x0/0x74 returned 0 after 0 usecs
[    2.532993] calling  kcmp_cookies_init+0x0/0x37 @ 1
[    2.538010] initcall kcmp_cookies_init+0x0/0x37 returned 0 after 0 usecs
[    2.545995] calling  cryptomgr_init+0x0/0xc @ 1
[    2.551022] initcall cryptomgr_init+0x0/0xc returned 0 after 0 usecs
[    2.558998] calling  acpi_pci_init+0x0/0x57 @ 1
[    2.564004] ACPI: bus type PCI registered
[    2.568995] initcall acpi_pci_init+0x0/0x57 returned 0 after 4882 usecs
[    2.576992] calling  dma_channel_table_init+0x0/0xd1 @ 1
[    2.583009] initcall dma_channel_table_init+0x0/0xd1 returned 0 after 0 usecs
[    2.588991] calling  dma_bus_init+0x0/0xdc @ 1
[    2.595143] initcall dma_bus_init+0x0/0xdc returned 0 after 0 usecs
[    2.603257] calling  iommu_dma_init+0x0/0x10 @ 1
[    2.608153] initcall iommu_dma_init+0x0/0x10 returned 0 after 0 usecs
[    2.614994] calling  dmi_id_init+0x0/0x37c @ 1
[    2.620317] initcall dmi_id_init+0x0/0x37c returned 0 after 0 usecs
[    2.628001] calling  pci_arch_init+0x0/0x71 @ 1
[    2.635049] PCI: MMCONFIG for domain 0000 [bus 00-ff] at [mem 0xb0000000-0xbfffffff] (base 0xb0000000)
[    2.645998] PCI: MMCONFIG at [mem 0xb0000000-0xbfffffff] reserved in E820
[    2.654124] PCI: Using configuration type 1 for base access
[    2.661027] initcall pci_arch_init+0x0/0x71 returned 0 after 25390 usecs
[    2.669062] calling  init_vdso+0x0/0x13 @ 1
[    2.675152] initcall init_vdso+0x0/0x13 returned 0 after 0 usecs
[    2.682993] calling  sysenter_setup+0x0/0x13 @ 1
[    2.688039] initcall sysenter_setup+0x0/0x13 returned 0 after 0 usecs
[    2.696000] calling  fixup_ht_bug+0x0/0xe5 @ 1
[    2.701995] initcall fixup_ht_bug+0x0/0xe5 returned 0 after 0 usecs
[    2.709994] calling  topology_init+0x0/0x88 @ 1
[    2.716425] initcall topology_init+0x0/0x88 returned 0 after 0 usecs
[    2.723996] calling  intel_epb_init+0x0/0x68 @ 1
[    2.729999] initcall intel_epb_init+0x0/0x68 returned -19 after 0 usecs
[    2.737994] calling  mtrr_init_finialize+0x0/0x3e @ 1
[    2.743992] initcall mtrr_init_finialize+0x0/0x3e returned 0 after 0 usecs
[    2.752024] calling  uid_cache_init+0x0/0x85 @ 1
[    2.758030] initcall uid_cache_init+0x0/0x85 returned 0 after 0 usecs
[    2.767001] calling  param_sysfs_init+0x0/0x1ba @ 1
[    2.787080] initcall param_sysfs_init+0x0/0x1ba returned 0 after 13671 usecs
[    2.794993] calling  user_namespace_sysctl_init+0x0/0x33 @ 1
[    2.802010] initcall user_namespace_sysctl_init+0x0/0x33 returned 0 after 0 usecs
[    2.811993] calling  proc_schedstat_init+0x0/0x24 @ 1
[    2.817999] initcall proc_schedstat_init+0x0/0x24 returned 0 after 0 usecs
[    2.825989] calling  pm_sysrq_init+0x0/0x18 @ 1
[    2.832091] initcall pm_sysrq_init+0x0/0x18 returned 0 after 0 usecs
[    2.840254] calling  create_proc_profile+0x0/0xd0 @ 1
[    2.847013] initcall create_proc_profile+0x0/0xd0 returned 0 after 0 usecs
[    2.856999] calling  time_ns_init+0x0/0x7 @ 1
[    2.863998] initcall time_ns_init+0x0/0x7 returned 0 after 0 usecs
[    2.872996] calling  crash_save_vmcoreinfo_init+0x0/0x722 @ 1
[    2.882103] initcall crash_save_vmcoreinfo_init+0x0/0x722 returned 0 after 0 usecs
[    2.890993] calling  crash_notes_memory_init+0x0/0x35 @ 1
[    2.898007] initcall crash_notes_memory_init+0x0/0x35 returned 0 after 0 usecs
[    2.906992] calling  cgroup_sysfs_init+0x0/0x13 @ 1
[    2.913048] initcall cgroup_sysfs_init+0x0/0x13 returned 0 after 0 usecs
[    2.921993] calling  cgroup_namespaces_init+0x0/0x7 @ 1
[    2.927993] initcall cgroup_namespaces_init+0x0/0x7 returned 0 after 0 usecs
[    2.936994] calling  init_optprobes+0x0/0x13 @ 1
[    2.942009] Kprobes globally optimized
[    2.947009] initcall init_optprobes+0x0/0x13 returned 0 after 4882 usecs
[    2.956999] calling  oom_init+0x0/0x2f @ 1
[    2.966993] initcall oom_init+0x0/0x2f returned 0 after 3906 usecs
[    2.967993] calling  default_bdi_init+0x0/0xb3 @ 1
[    2.970125] initcall default_bdi_init+0x0/0xb3 returned 0 after 976 usecs
[    2.978000] calling  percpu_enable_async+0x0/0xe @ 1
[    2.984997] initcall percpu_enable_async+0x0/0xe returned 0 after 0 usecs
[    2.992994] calling  kcompactd_init+0x0/0x8d @ 1
[    3.002991] initcall kcompactd_init+0x0/0x8d returned 0 after 4882 usecs
[    3.004512] calling  init_user_reserve+0x0/0x40 @ 1
[    3.004995] initcall init_user_reserve+0x0/0x40 returned 0 after 0 usecs
[    3.006000] calling  init_admin_reserve+0x0/0x40 @ 1
[    3.006996] initcall init_admin_reserve+0x0/0x40 returned 0 after 0 usecs
[    3.007996] calling  init_reserve_notifier+0x0/0x7 @ 1
[    3.008995] initcall init_reserve_notifier+0x0/0x7 returned 0 after 0 usecs
[    3.009995] calling  swap_init_sysfs+0x0/0x62 @ 1
[    3.011016] initcall swap_init_sysfs+0x0/0x62 returned 0 after 0 usecs
[    3.011994] calling  swapfile_init+0x0/0x94 @ 1
[    3.013993] initcall swapfile_init+0x0/0x94 returned 0 after 976 usecs
[    3.014994] calling  hugetlb_init+0x0/0x49c @ 1
[    3.016000] HugeTLB registered 2.00 MiB page size, pre-allocated 0 pages
[    3.017048] initcall hugetlb_init+0x0/0x49c returned 0 after 976 usecs
[    3.018055] calling  io_wq_init+0x0/0x34 @ 1
[    3.019991] initcall io_wq_init+0x0/0x34 returned 0 after 976 usecs
[    3.020997] calling  seqiv_module_init+0x0/0xc @ 1
[    3.023297] initcall seqiv_module_init+0x0/0xc returned 0 after 0 usecs
[    3.023998] calling  echainiv_module_init+0x0/0xc @ 1
[    3.025000] initcall echainiv_module_init+0x0/0xc returned 0 after 0 usecs
[    3.026980] calling  rsa_init+0x0/0x50 @ 1
[    3.035237] initcall rsa_init+0x0/0x50 returned 0 after 6835 usecs
[    3.036031] cryptomgr_test (29) used greatest stack depth: 14864 bytes left
[    3.036999] calling  crypto_cmac_module_init+0x0/0xc @ 1
[    3.037005] initcall crypto_cmac_module_init+0x0/0xc returned 0 after 0 usecs
[    3.037008] calling  hmac_module_init+0x0/0xc @ 1
[    3.037011] initcall hmac_module_init+0x0/0xc returned 0 after 0 usecs
[    3.037013] calling  crypto_null_mod_init+0x0/0x65 @ 1
[    3.053178] initcall crypto_null_mod_init+0x0/0x65 returned 0 after 15625 usecs
[    3.054003] calling  md5_mod_init+0x0/0xc @ 1
[    3.057563] initcall md5_mod_init+0x0/0xc returned 0 after 2929 usecs
[    3.065999] calling  sha256_generic_mod_init+0x0/0x11 @ 1
[    3.076006] initcall sha256_generic_mod_init+0x0/0x11 returned 0 after 2929 usecs
[    3.085015] calling  crypto_cbc_module_init+0x0/0xc @ 1
[    3.091995] initcall crypto_cbc_module_init+0x0/0xc returned 0 after 0 usecs
[    3.104009] calling  crypto_ctr_module_init+0x0/0x11 @ 1
[    3.109000] initcall crypto_ctr_module_init+0x0/0x11 returned 0 after 0 usecs
[    3.116993] calling  crypto_gcm_module_init+0x0/0x64 @ 1
[    3.124574] initcall crypto_gcm_module_init+0x0/0x64 returned 0 after 976 usecs
[    3.132995] calling  crypto_ccm_module_init+0x0/0x11 @ 1
[    3.139996] initcall crypto_ccm_module_init+0x0/0x11 returned 0 after 0 usecs
[    3.149004] calling  aes_init+0x0/0xc @ 1
[    3.157996] initcall aes_init+0x0/0xc returned 0 after 4882 usecs
[    3.158998] calling  crc32c_mod_init+0x0/0xc @ 1
[    3.164396] initcall crc32c_mod_init+0x0/0xc returned 0 after 3906 usecs
[    3.164994] calling  crypto_authenc_module_init+0x0/0xc @ 1
[    3.165994] initcall crypto_authenc_module_init+0x0/0xc returned 0 after 0 usecs
[    3.166992] calling  crypto_authenc_esn_module_init+0x0/0xc @ 1
[    3.167995] initcall crypto_authenc_esn_module_init+0x0/0xc returned 0 after 0 usecs
[    3.168991] calling  drbg_init+0x0/0x7c @ 1
[    3.200165] initcall drbg_init+0x0/0x7c returned 0 after 29296 usecs
[    3.207997] calling  ghash_mod_init+0x0/0xc @ 1
[    3.216218] initcall ghash_mod_init+0x0/0xc returned 0 after 2929 usecs
[    3.223003] calling  init_bio+0x0/0x9a @ 1
[    3.232992] initcall init_bio+0x0/0x9a returned 0 after 2929 usecs
[    3.240999] calling  blk_settings_init+0x0/0x29 @ 1
[    3.245992] initcall blk_settings_init+0x0/0x29 returned 0 after 0 usecs
[    3.253991] calling  blk_ioc_init+0x0/0x29 @ 1
[    3.260124] initcall blk_ioc_init+0x0/0x29 returned 0 after 0 usecs
[    3.267992] calling  blk_mq_init+0x0/0xb9 @ 1
[    3.274000] initcall blk_mq_init+0x0/0xb9 returned 0 after 0 usecs
[    3.280996] calling  genhd_device_init+0x0/0x75 @ 1
[    3.290430] initcall genhd_device_init+0x0/0x75 returned 0 after 1953 usecs
[    3.293987] calling  pci_slot_init+0x0/0x40 @ 1
[    3.296027] initcall pci_slot_init+0x0/0x40 returned 0 after 0 usecs
[    3.302995] calling  fbmem_init+0x0/0xd8 @ 1
[    3.307523] initcall fbmem_init+0x0/0xd8 returned 0 after 0 usecs
[    3.313997] calling  acpi_init+0x0/0x319 @ 1
[    3.319036] ACPI: Added _OSI(Module Device)
[    3.325992] ACPI: Added _OSI(Processor Device)
[    3.329986] ACPI: Added _OSI(3.0 _SCP Extensions)
[    3.334992] ACPI: Added _OSI(Processor Aggregator Device)
[    3.339994] ACPI: Added _OSI(Linux-Dell-Video)
[    3.346999] ACPI: Added _OSI(Linux-Lenovo-NV-HDMI-Audio)
[    3.352992] ACPI: Added _OSI(Linux-HPI-Hybrid-Graphics)
[    3.374166] ACPI: 1 ACPI AML tables successfully acquired and loaded
[    3.387671] ACPI: Interpreter enabled
[    3.394281] ACPI: (supports S0 S3 S4 S5)
[    3.401993] ACPI: Using IOAPIC for interrupt routing
[    3.410142] PCI: Using host bridge windows from ACPI; if necessary, use "pci=nocrs" and report a bug
[    3.424980] ACPI: Enabled 2 GPEs in block 00 to 3F
[    3.447772] ACPI: PCI Root Bridge [PCI0] (domain 0000 [bus 00-ff])
[    3.456031] acpi PNP0A08:00: _OSC: OS supports [ExtendedConfig ASPM ClockPM Segments MSI HPX-Type3]
[    3.467395] acpi PNP0A08:00: _OSC: platform does not support [LTR]
[    3.475282] acpi PNP0A08:00: _OSC: OS now controls [PME PCIeCapability]
[    3.484341] PCI host bridge to bus 0000:00
[    3.489007] pci_bus 0000:00: root bus resource [io  0x0000-0x0cf7 window]
[    3.496994] pci_bus 0000:00: root bus resource [io  0x0d00-0xffff window]
[    3.506164] pci_bus 0000:00: root bus resource [mem 0x000a0000-0x000bffff window]
[    3.514995] pci_bus 0000:00: root bus resource [mem 0x20000000-0xafffffff window]
[    3.523996] pci_bus 0000:00: root bus resource [mem 0xc0000000-0xfebfffff window]
[    3.533994] pci_bus 0000:00: root bus resource [mem 0x100000000-0x8ffffffff window]
[    3.543005] pci_bus 0000:00: root bus resource [bus 00-ff]
[    3.551018] pci 0000:00:00.0: calling  quirk_mmio_always_on+0x0/0x10 @ 1
[    3.560083] pci 0000:00:00.0: quirk_mmio_always_on+0x0/0x10 took 0 usecs
[    3.570031] pci 0000:00:00.0: [8086:29c0] type 00 class 0x060000
[    3.584344] pci 0000:00:00.0: calling  quirk_igfx_skip_te_disable+0x0/0x80 @ 1
[    3.592005] pci 0000:00:00.0: quirk_igfx_skip_te_disable+0x0/0x80 took 0 usecs
[    3.605099] pci 0000:00:01.0: [1234:1111] type 00 class 0x030000
[    3.620980] pci 0000:00:01.0: reg 0x10: [mem 0xfd000000-0xfdffffff pref]
[    3.652980] pci 0000:00:01.0: reg 0x18: [mem 0xfebf0000-0xfebf0fff]
[    3.692980] pci 0000:00:01.0: reg 0x30: [mem 0xfebe0000-0xfebeffff pref]
[    3.706980] pci 0000:00:01.0: calling  efifb_fixup_resources+0x0/0xf0 @ 1
[    3.717064] pci 0000:00:01.0: efifb_fixup_resources+0x0/0xf0 took 0 usecs
[    3.746365] pci 0000:00:1f.0: [8086:2918] type 00 class 0x060100
[    3.758980] pci 0000:00:1f.0: calling  quirk_ich7_lpc+0x0/0x60 @ 1
[    3.769228] pci 0000:00:1f.0: quirk: [io  0x0600-0x067f] claimed by ICH6 ACPI/GPIO/TCO
[    3.779549] pci 0000:00:1f.0: quirk_ich7_lpc+0x0/0x60 took 10742 usecs
[    3.790507] pci 0000:00:1f.0: calling  quirk_igfx_skip_te_disable+0x0/0x80 @ 1
[    3.801066] pci 0000:00:1f.0: quirk_igfx_skip_te_disable+0x0/0x80 took 976 usecs
[    3.815189] pci 0000:00:1f.2: [8086:2922] type 00 class 0x010601
[    3.832996] pci 0000:00:1f.2: reg 0x20: [io  0xc040-0xc05f]
[    3.841514] pci 0000:00:1f.2: reg 0x24: [mem 0xfebf1000-0xfebf1fff]
[    3.851023] pci 0000:00:1f.2: calling  quirk_igfx_skip_te_disable+0x0/0x80 @ 1
[    3.859997] pci 0000:00:1f.2: quirk_igfx_skip_te_disable+0x0/0x80 took 0 usecs
[    3.874993] pci 0000:00:1f.3: [8086:2930] type 00 class 0x0c0500
[    3.887523] pci 0000:00:1f.3: reg 0x20: [io  0x0700-0x073f]
[    3.898113] pci 0000:00:1f.3: calling  quirk_igfx_skip_te_disable+0x0/0x80 @ 1
[    3.905997] pci 0000:00:1f.3: quirk_igfx_skip_te_disable+0x0/0x80 took 0 usecs
[    3.992980] ACPI: PCI Interrupt Link [LNKA] (IRQs 5 *10 11)
[    4.005250] ACPI: PCI Interrupt Link [LNKB] (IRQs 5 *10 11)
[    4.013329] ACPI: PCI Interrupt Link [LNKC] (IRQs 5 10 *11)
[    4.022192] ACPI: PCI Interrupt Link [LNKD] (IRQs 5 10 *11)
[    4.028706] ACPI: PCI Interrupt Link [LNKE] (IRQs 5 *10 11)
[    4.033871] ACPI: PCI Interrupt Link [LNKF] (IRQs 5 *10 11)
[    4.039060] ACPI: PCI Interrupt Link [LNKG] (IRQs 5 10 *11)
[    4.046552] ACPI: PCI Interrupt Link [LNKH] (IRQs 5 10 *11)
[    4.053009] ACPI: PCI Interrupt Link [GSIA] (IRQs *16)
[    4.058283] ACPI: PCI Interrupt Link [GSIB] (IRQs *17)
[    4.063221] ACPI: PCI Interrupt Link [GSIC] (IRQs *18)
[    4.071147] ACPI: PCI Interrupt Link [GSID] (IRQs *19)
[    4.076333] ACPI: PCI Interrupt Link [GSIE] (IRQs *20)
[    4.080270] ACPI: PCI Interrupt Link [GSIF] (IRQs *21)
[    4.088197] ACPI: PCI Interrupt Link [GSIG] (IRQs *22)
[    4.094357] ACPI: PCI Interrupt Link [GSIH] (IRQs *23)
[    4.112729] initcall acpi_init+0x0/0x319 returned 0 after 774414 usecs
[    4.123128] calling  pnp_init+0x0/0xc @ 1
[    4.130097] initcall pnp_init+0x0/0xc returned 0 after 0 usecs
[    4.139130] calling  misc_init+0x0/0xbf @ 1
[    4.147572] initcall misc_init+0x0/0xbf returned 0 after 0 usecs
[    4.157010] calling  iommu_subsys_init+0x0/0x4e @ 1
[    4.164271] iommu: Default domain type: Translated 
[    4.172997] initcall iommu_subsys_init+0x0/0x4e returned 0 after 8789 usecs
[    4.182994] calling  vga_arb_device_init+0x0/0x261 @ 1
[    4.198572] pci 0000:00:01.0: vgaarb: setting as boot VGA device
[    4.198980] pci 0000:00:01.0: vgaarb: VGA device added: decodes=io+mem,owns=io+mem,locks=none
[    4.220002] pci 0000:00:01.0: vgaarb: bridge control possible
[    4.227987] vgaarb: loaded
[    4.231998] initcall vga_arb_device_init+0x0/0x261 returned 0 after 40039 usecs
[    4.237980] calling  cn_init+0x0/0xf0 @ 1
[    4.249120] initcall cn_init+0x0/0xf0 returned 0 after 5859 usecs
[    4.253089] calling  dma_buf_init+0x0/0xad @ 1
[    4.258900] initcall dma_buf_init+0x0/0xad returned 0 after 976 usecs
[    4.267995] calling  dma_resv_lockdep+0x0/0x281 @ 1
[    4.283496] initcall dma_resv_lockdep+0x0/0x281 returned 0 after 8789 usecs
[    4.292996] calling  init_scsi+0x0/0x79 @ 1
[    4.305111] SCSI subsystem initialized
[    4.310998] initcall init_scsi+0x0/0x79 returned 0 after 10742 usecs
[    4.320022] calling  ata_init+0x0/0x332 @ 1
[    4.351974] libata version 3.00 loaded.
[    4.353002] initcall ata_init+0x0/0x332 returned 0 after 27343 usecs
[    4.354002] calling  phy_init+0x0/0x250 @ 1
[    4.361018] initcall phy_init+0x0/0x250 returned 0 after 4882 usecs
[    4.362394] calling  init_pcmcia_cs+0x0/0x35 @ 1
[    4.365010] initcall init_pcmcia_cs+0x0/0x35 returned 0 after 976 usecs
[    4.365994] calling  usb_common_init+0x0/0x1c @ 1
[    4.368287] initcall usb_common_init+0x0/0x1c returned 0 after 0 usecs
[    4.368993] calling  usb_init+0x0/0x12e @ 1
[    4.370311] ACPI: bus type USB registered
[    4.374476] usbcore: registered new interface driver usbfs
[    4.375999] usbcore: registered new interface driver hub
[    4.377998] usbcore: registered new device driver usb
[    4.378995] initcall usb_init+0x0/0x12e returned 0 after 8789 usecs
[    4.379992] calling  serio_init+0x0/0x29 @ 1
[    4.381066] initcall serio_init+0x0/0x29 returned 0 after 0 usecs
[    4.381991] calling  input_init+0x0/0xf6 @ 1
[    4.383178] initcall input_init+0x0/0xf6 returned 0 after 0 usecs
[    4.383993] calling  rtc_init+0x0/0x4d @ 1
[    4.385041] initcall rtc_init+0x0/0x4d returned 0 after 0 usecs
[    4.385991] calling  pps_init+0x0/0xa9 @ 1
[    4.387028] pps_core: LinuxPPS API ver. 1 registered
[    4.387988] pps_core: Software ver. 5.3.6 - Copyright 2005-2007 Rodolfo Giometti <giometti@linux.it>
[    4.388992] initcall pps_init+0x0/0xa9 returned 0 after 1953 usecs
[    4.389997] calling  ptp_init+0x0/0x98 @ 1
[    4.391007] PTP clock support registered
[    4.391992] initcall ptp_init+0x0/0x98 returned 0 after 976 usecs
[    4.392991] calling  power_supply_class_init+0x0/0x3f @ 1
[    4.394170] initcall power_supply_class_init+0x0/0x3f returned 0 after 0 usecs
[    4.394993] calling  hwmon_init+0x0/0x104 @ 1
[    4.396023] initcall hwmon_init+0x0/0x104 returned 0 after 0 usecs
[    4.396994] calling  md_init+0x0/0x16b @ 1
[    4.400007] initcall md_init+0x0/0x16b returned 0 after 1953 usecs
[    4.406992] calling  leds_init+0x0/0x3b @ 1
[    4.412029] initcall leds_init+0x0/0x3b returned 0 after 0 usecs
[    4.420994] calling  dmi_init+0x0/0x113 @ 1
[    4.427319] initcall dmi_init+0x0/0x113 returned 0 after 0 usecs
[    4.433993] calling  efisubsys_init+0x0/0x4e7 @ 1
[    4.440013] initcall efisubsys_init+0x0/0x4e7 returned 0 after 0 usecs
[    4.447992] calling  nvmem_init+0x0/0xc @ 1
[    4.453026] initcall nvmem_init+0x0/0xc returned 0 after 976 usecs
[    4.460996] calling  init_soundcore+0x0/0x33 @ 1
[    4.467038] initcall init_soundcore+0x0/0x33 returned 0 after 0 usecs
[    4.474991] calling  alsa_sound_init+0x0/0x8f @ 1
[    4.482104] Advanced Linux Sound Architecture Driver Initialized.
[    4.488992] initcall alsa_sound_init+0x0/0x8f returned 0 after 7812 usecs
[    4.497992] calling  alsa_seq_device_init+0x0/0x71 @ 1
[    4.504079] initcall alsa_seq_device_init+0x0/0x71 returned 0 after 0 usecs
[    4.512991] calling  hda_bus_init+0x0/0xc @ 1
[    4.519036] initcall hda_bus_init+0x0/0xc returned 0 after 0 usecs
[    4.526030] calling  proto_init+0x0/0xc @ 1
[    4.532074] initcall proto_init+0x0/0xc returned 0 after 0 usecs
[    4.540001] calling  net_dev_init+0x0/0x27f @ 1
[    4.547544] initcall net_dev_init+0x0/0x27f returned 0 after 2929 usecs
[    4.555992] calling  neigh_init+0x0/0x84 @ 1
[    4.562016] initcall neigh_init+0x0/0x84 returned 0 after 0 usecs
[    4.569992] calling  fib_notifier_init+0x0/0xc @ 1
[    4.576000] initcall fib_notifier_init+0x0/0xc returned 0 after 0 usecs
[    4.584994] calling  fib_rules_init+0x0/0xab @ 1
[    4.591071] initcall fib_rules_init+0x0/0xab returned 0 after 0 usecs
[    4.599011] calling  pktsched_init+0x0/0x10e @ 1
[    4.605126] initcall pktsched_init+0x0/0x10e returned 0 after 0 usecs
[    4.613991] calling  tc_filter_init+0x0/0xfa @ 1
[    4.620079] initcall tc_filter_init+0x0/0xfa returned 0 after 0 usecs
[    4.627992] calling  tc_action_init+0x0/0x54 @ 1
[    4.634000] initcall tc_action_init+0x0/0x54 returned 0 after 0 usecs
[    4.641992] calling  ethnl_init+0x0/0x52 @ 1
[    4.648200] initcall ethnl_init+0x0/0x52 returned 0 after 0 usecs
[    4.655996] calling  nexthop_init+0x0/0xd8 @ 1
[    4.662188] initcall nexthop_init+0x0/0xd8 returned 0 after 0 usecs
[    4.669990] calling  cipso_v4_init+0x0/0x8d @ 1
[    4.676191] initcall cipso_v4_init+0x0/0x8d returned 0 after 976 usecs
[    4.684994] calling  ieee80211_init+0x0/0x24 @ 1
[    4.692387] initcall ieee80211_init+0x0/0x24 returned 0 after 0 usecs
[    4.699992] calling  netlbl_init+0x0/0x78 @ 1
[    4.706004] NetLabel: Initializing
[    4.708987] NetLabel:  domain hash size = 128
[    4.715989] NetLabel:  protocols = UNLABELED CIPSOv4 CALIPSO
[    4.724203] NetLabel:  unlabeled traffic allowed by default
[    4.732010] initcall netlbl_init+0x0/0x78 returned 0 after 25390 usecs
[    4.741001] calling  rfkill_init+0x0/0x136 @ 1
[    4.750026] initcall rfkill_init+0x0/0x136 returned 0 after 3906 usecs
[    4.758534] calling  pci_subsys_init+0x0/0x66 @ 1
[    4.764107] PCI: Using ACPI for IRQ routing
[    5.493147] PCI: pci_cache_line_size set to 64 bytes
[    5.500135] e820: reserve RAM buffer [mem 0x0009fc00-0x0009ffff]
[    5.507183] e820: reserve RAM buffer [mem 0x1ffdf000-0x1fffffff]
[    5.514128] initcall pci_subsys_init+0x0/0x66 returned 0 after 732421 usecs
[    5.527365] calling  nmi_warning_debugfs+0x0/0x26 @ 1
[    5.534329] initcall nmi_warning_debugfs+0x0/0x26 returned 0 after 0 usecs
[    5.543102] calling  save_microcode_in_initrd+0x0/0x51 @ 1
[    5.549079] initcall save_microcode_in_initrd+0x0/0x51 returned 0 after 976 usecs
[    5.558993] calling  hpet_late_init+0x0/0x20a @ 1
[    5.565307] hpet: 3 channels of 0 reserved for per-cpu timers
[    5.572127] hpet0: at MMIO 0xfed00000, IRQs 2, 8, 0
[    5.575989] hpet0: 3 comparators, 64-bit 100.000000 MHz counter
[    5.594093] initcall hpet_late_init+0x0/0x20a returned 0 after 28320 usecs
[    5.604002] calling  init_amd_nbs+0x0/0x11c @ 1
[    5.611047] initcall init_amd_nbs+0x0/0x11c returned 0 after 0 usecs
[    5.620980] calling  clocksource_done_booting+0x0/0x43 @ 1
[    5.635980] clocksource: Switched to clocksource kvm-clock
[    5.653641] initcall clocksource_done_booting+0x0/0x43 returned 0 after 23093 usecs
[    5.665259] calling  tracer_init_tracefs+0x0/0x248 @ 1
[    6.068968] initcall tracer_init_tracefs+0x0/0x248 returned 0 after 386458 usecs
[    6.080447] calling  init_trace_printk_function_export+0x0/0x2c @ 1
[    6.088000] initcall init_trace_printk_function_export+0x0/0x2c returned 0 after 21 usecs
[    6.099300] calling  init_kprobe_trace+0x0/0x1ab @ 1
[    6.106609] initcall init_kprobe_trace+0x0/0x1ab returned 0 after 52 usecs
[    6.114763] calling  init_dynamic_event+0x0/0x3d @ 1
[    6.121411] initcall init_dynamic_event+0x0/0x3d returned 0 after 23 usecs
[    6.130323] calling  init_uprobe_trace+0x0/0x5c @ 1
[    6.136173] initcall init_uprobe_trace+0x0/0x5c returned 0 after 210 usecs
[    6.144316] calling  init_pipe_fs+0x0/0x44 @ 1
[    6.150213] initcall init_pipe_fs+0x0/0x44 returned 0 after 766 usecs
[    6.157503] calling  inotify_user_setup+0x0/0x47 @ 1
[    6.163360] initcall inotify_user_setup+0x0/0x47 returned 0 after 137 usecs
[    6.171409] calling  eventpoll_init+0x0/0xeb @ 1
[    6.176955] initcall eventpoll_init+0x0/0xeb returned 0 after 122 usecs
[    6.185149] calling  anon_inode_init+0x0/0x58 @ 1
[    6.191765] initcall anon_inode_init+0x0/0x58 returned 0 after 386 usecs
[    6.200469] calling  proc_locks_init+0x0/0x27 @ 1
[    6.207197] initcall proc_locks_init+0x0/0x27 returned 0 after 63 usecs
[    6.217284] calling  iomap_init+0x0/0x1b @ 1
[    6.224251] initcall iomap_init+0x0/0x1b returned 0 after 680 usecs
[    6.232552] calling  dquot_init+0x0/0x106 @ 1
[    6.237578] VFS: Disk quotas dquot_6.6.0
[    6.242794] VFS: Dquot-cache hash table entries: 512 (order 0, 4096 bytes)
[    6.250632] initcall dquot_init+0x0/0x106 returned 0 after 12742 usecs
[    6.257976] calling  quota_init+0x0/0x23 @ 1
[    6.263365] initcall quota_init+0x0/0x23 returned 0 after 405 usecs
[    6.270389] calling  proc_cmdline_init+0x0/0x21 @ 1
[    6.275879] initcall proc_cmdline_init+0x0/0x21 returned 0 after 8 usecs
[    6.283285] calling  proc_consoles_init+0x0/0x24 @ 1
[    6.288889] initcall proc_consoles_init+0x0/0x24 returned 0 after 5 usecs
[    6.296426] calling  proc_cpuinfo_init+0x0/0x1e @ 1
[    6.302586] initcall proc_cpuinfo_init+0x0/0x1e returned 0 after 76 usecs
[    6.310285] calling  proc_devices_init+0x0/0x24 @ 1
[    6.316090] initcall proc_devices_init+0x0/0x24 returned 0 after 5 usecs
[    6.323568] calling  proc_interrupts_init+0x0/0x24 @ 1
[    6.329388] initcall proc_interrupts_init+0x0/0x24 returned 0 after 5 usecs
[    6.337544] calling  proc_loadavg_init+0x0/0x21 @ 1
[    6.343067] initcall proc_loadavg_init+0x0/0x21 returned 0 after 6 usecs
[    6.351092] calling  proc_meminfo_init+0x0/0x21 @ 1
[    6.357172] initcall proc_meminfo_init+0x0/0x21 returned 0 after 41 usecs
[    6.364780] calling  proc_stat_init+0x0/0x1e @ 1
[    6.370039] initcall proc_stat_init+0x0/0x1e returned 0 after 8 usecs
[    6.377219] calling  proc_uptime_init+0x0/0x21 @ 1
[    6.382582] initcall proc_uptime_init+0x0/0x21 returned 0 after 7 usecs
[    6.390138] calling  proc_version_init+0x0/0x21 @ 1
[    6.395676] initcall proc_version_init+0x0/0x21 returned 0 after 6 usecs
[    6.403283] calling  proc_softirqs_init+0x0/0x21 @ 1
[    6.408926] initcall proc_softirqs_init+0x0/0x21 returned 0 after 6 usecs
[    6.416669] calling  proc_kcore_init+0x0/0xea @ 1
[    6.422553] initcall proc_kcore_init+0x0/0xea returned 0 after 224 usecs
[    6.430057] calling  vmcore_init+0x0/0x57b @ 1
[    6.435495] initcall vmcore_init+0x0/0x57b returned 0 after 16 usecs
[    6.443829] calling  proc_kmsg_init+0x0/0x21 @ 1
[    6.449138] initcall proc_kmsg_init+0x0/0x21 returned 0 after 6 usecs
[    6.456429] calling  proc_page_init+0x0/0x3b @ 1
[    6.461799] initcall proc_page_init+0x0/0x3b returned 0 after 8 usecs
[    6.469217] calling  init_ramfs_fs+0x0/0xc @ 1
[    6.474466] initcall init_ramfs_fs+0x0/0xc returned 0 after 78 usecs
[    6.481718] calling  init_hugetlbfs_fs+0x0/0xf6 @ 1
[    6.487972] initcall init_hugetlbfs_fs+0x0/0xf6 returned 0 after 436 usecs
[    6.495995] calling  blk_scsi_ioctl_init+0x0/0x2a5 @ 1
[    6.502121] initcall blk_scsi_ioctl_init+0x0/0x2a5 returned 0 after 32 usecs
[    6.510389] calling  acpi_event_init+0x0/0x2c @ 1
[    6.516492] initcall acpi_event_init+0x0/0x2c returned 0 after 500 usecs
[    6.524425] calling  pnp_system_init+0x0/0xc @ 1
[    6.530670] initcall pnp_system_init+0x0/0xc returned 0 after 741 usecs
[    6.538535] calling  pnpacpi_init+0x0/0x69 @ 1
[    6.544754] pnp: PnP ACPI init
[    6.551272] pnp 00:00: Plug and Play ACPI device, IDs PNP0303 (active)
[    6.558956] pnp 00:01: Plug and Play ACPI device, IDs PNP0f13 (active)
[    6.566657] pnp 00:02: Plug and Play ACPI device, IDs PNP0400 (active)
[    6.574328] pnp 00:03: Plug and Play ACPI device, IDs PNP0501 (active)
[    6.585172] pnp 00:04: Plug and Play ACPI device, IDs PNP0b00 (active)
[    6.594317] system 00:05: [mem 0xb0000000-0xbfffffff window] has been reserved
[    6.603207] system 00:05: Plug and Play ACPI device, IDs PNP0c01 (active)
[    6.613507] pnp: PnP ACPI: found 6 devices
[    6.618742] initcall pnpacpi_init+0x0/0x69 returned 0 after 72328 usecs
[    6.626761] calling  chr_dev_init+0x0/0x14d @ 1
[    6.729549] initcall chr_dev_init+0x0/0x14d returned 0 after 95164 usecs
[    6.737312] calling  firmware_class_init+0x0/0x14a @ 1
[    6.743820] initcall firmware_class_init+0x0/0x14a returned 0 after 266 usecs
[    6.752230] calling  init_pcmcia_bus+0x0/0x5b @ 1
[    6.758220] initcall init_pcmcia_bus+0x0/0x5b returned 0 after 301 usecs
[    6.766054] calling  init_acpi_pm_clocksource+0x0/0xda @ 1
[    6.777995] clocksource: acpi_pm: mask: 0xffffff max_cycles: 0xffffff, max_idle_ns: 2085701024 ns
[    6.788093] initcall init_acpi_pm_clocksource+0x0/0xda returned 0 after 15341 usecs
[    6.796925] calling  sysctl_core_init+0x0/0x26 @ 1
[    6.802948] initcall sysctl_core_init+0x0/0x26 returned 0 after 226 usecs
[    6.810746] calling  eth_offload_init+0x0/0x13 @ 1
[    6.816495] initcall eth_offload_init+0x0/0x13 returned 0 after 133 usecs
[    6.824666] calling  ipv4_offload_init+0x0/0x73 @ 1
[    6.830416] initcall ipv4_offload_init+0x0/0x73 returned 0 after 65 usecs
[    6.838453] calling  inet_init+0x0/0x276 @ 1
[    6.843702] NET: Registered protocol family 2
[    6.850436] IP idents hash table entries: 8192 (order: 4, 65536 bytes, linear)
[    6.863333] tcp_listen_portaddr_hash hash table entries: 256 (order: 2, 20480 bytes, linear)
[    6.873782] TCP established hash table entries: 4096 (order: 3, 32768 bytes, linear)
[    6.882901] TCP bind hash table entries: 4096 (order: 6, 294912 bytes, linear)
[    6.891523] TCP: Hash tables configured (established 4096 bind 4096)
[    6.899407] UDP hash table entries: 256 (order: 3, 40960 bytes, linear)
[    6.907634] UDP-Lite hash table entries: 256 (order: 3, 40960 bytes, linear)
[    6.916705] initcall inet_init+0x0/0x276 returned 0 after 71504 usecs
[    6.924587] calling  af_unix_init+0x0/0x4d @ 1
[    6.929896] NET: Registered protocol family 1
[    6.935115] initcall af_unix_init+0x0/0x4d returned 0 after 5126 usecs
[    6.942646] calling  ipv6_offload_init+0x0/0x7e @ 1
[    6.948371] initcall ipv6_offload_init+0x0/0x7e returned 0 after 82 usecs
[    6.956374] calling  init_sunrpc+0x0/0x65 @ 1
[    6.968459] RPC: Registered named UNIX socket transport module.
[    6.975589] RPC: Registered udp transport module.
[    6.981220] RPC: Registered tcp transport module.
[    6.986736] RPC: Registered tcp NFSv4.1 backchannel transport module.
[    6.994132] initcall init_sunrpc+0x0/0x65 returned 0 after 31687 usecs
[    7.001918] calling  cfg80211_init+0x0/0xc5 @ 1
[    7.010795] initcall cfg80211_init+0x0/0xc5 returned 0 after 3447 usecs
[    7.019263] calling  pcibios_assign_resources+0x0/0xbf @ 1
[    7.025810] pci_bus 0000:00: resource 4 [io  0x0000-0x0cf7 window]
[    7.033396] pci_bus 0000:00: resource 5 [io  0x0d00-0xffff window]
[    7.042092] pci_bus 0000:00: resource 6 [mem 0x000a0000-0x000bffff window]
[    7.051407] pci_bus 0000:00: resource 7 [mem 0x20000000-0xafffffff window]
[    7.060563] pci_bus 0000:00: resource 8 [mem 0xc0000000-0xfebfffff window]
[    7.068843] pci_bus 0000:00: resource 9 [mem 0x100000000-0x8ffffffff window]
[    7.077588] initcall pcibios_assign_resources+0x0/0xbf returned 0 after 50771 usecs
[    7.086516] calling  pci_apply_final_quirks+0x0/0x124 @ 1
[    7.093789] pci 0000:00:01.0: calling  pci_fixup_video+0x0/0xe0 @ 1
[    7.102989] pci 0000:00:01.0: Video device with shadowed ROM at [mem 0x000c0000-0x000dffff]
[    7.115354] pci 0000:00:01.0: pci_fixup_video+0x0/0xe0 took 12561 usecs
[    7.125443] PCI: CLS 0 bytes, default 64
[    7.130829] initcall pci_apply_final_quirks+0x0/0x124 returned 0 after 36897 usecs
[    7.141621] calling  acpi_reserve_resources+0x0/0xea @ 1
[    7.149604] initcall acpi_reserve_resources+0x0/0xea returned 0 after 234 usecs
[    7.168098] calling  populate_rootfs+0x0/0x102 @ 1
[    7.189431] initcall populate_rootfs+0x0/0x102 returned 0 after 14108 usecs
[    7.203651] calling  pci_iommu_init+0x0/0x3e @ 1
[    7.209669] initcall pci_iommu_init+0x0/0x3e returned 0 after 122 usecs
[    7.232488] calling  ia32_binfmt_init+0x0/0x13 @ 1
[    7.238591] initcall ia32_binfmt_init+0x0/0x13 returned 0 after 155 usecs
[    7.248914] calling  rapl_pmu_init+0x0/0x267 @ 1
[    7.255915] initcall rapl_pmu_init+0x0/0x267 returned -19 after 55 usecs
[    7.266349] calling  amd_uncore_init+0x0/0x310 @ 1
[    7.273452] initcall amd_uncore_init+0x0/0x310 returned -19 after 1 usecs
[    7.281664] calling  amd_ibs_init+0x0/0x27b @ 1
[    7.287122] initcall amd_ibs_init+0x0/0x27b returned -19 after 0 usecs
[    7.294699] calling  amd_iommu_pc_init+0x0/0x22c @ 1
[    7.300613] initcall amd_iommu_pc_init+0x0/0x22c returned -19 after 50 usecs
[    7.310109] calling  msr_init+0x0/0x55 @ 1
[    7.315220] initcall msr_init+0x0/0x55 returned 0 after 288 usecs
[    7.322201] calling  intel_uncore_init+0x0/0x36f @ 1
[    7.327989] initcall intel_uncore_init+0x0/0x36f returned -19 after 28 usecs
[    7.336310] calling  cstate_pmu_init+0x0/0x1a1 @ 1
[    7.342135] initcall cstate_pmu_init+0x0/0x1a1 returned -19 after 0 usecs
[    7.350031] calling  register_kernel_offset_dumper+0x0/0x1a @ 1
[    7.357132] initcall register_kernel_offset_dumper+0x0/0x1a returned 0 after 15 usecs
[    7.366176] calling  i8259A_init_ops+0x0/0x20 @ 1
[    7.372174] initcall i8259A_init_ops+0x0/0x20 returned 0 after 225 usecs
[    7.380245] calling  init_tsc_clocksource+0x0/0xa4 @ 1
[    7.386446] clocksource: tsc: mask: 0xffffffffffffffff max_cycles: 0x39a85afc727, max_idle_ns: 881590685098 ns
[    7.398420] initcall init_tsc_clocksource+0x0/0xa4 returned 0 after 11734 usecs
[    7.407463] calling  add_rtc_cmos+0x0/0xb0 @ 1
[    7.413098] initcall add_rtc_cmos+0x0/0xb0 returned 0 after 58 usecs
[    7.420556] calling  i8237A_init_ops+0x0/0x3a @ 1
[    7.426419] initcall i8237A_init_ops+0x0/0x3a returned 0 after 162 usecs
[    7.434416] calling  umwait_init+0x0/0x94 @ 1
[    7.439850] initcall umwait_init+0x0/0x94 returned -19 after 15 usecs
[    7.447804] calling  thermal_throttle_init_device+0x0/0x3d @ 1
[    7.454962] initcall thermal_throttle_init_device+0x0/0x3d returned 0 after 34 usecs
[    7.464387] calling  msr_init+0x0/0xd7 @ 1
[    7.479893] initcall msr_init+0x0/0xd7 returned 0 after 9997 usecs
[    7.487618] calling  cpuid_init+0x0/0xd7 @ 1
[    7.496887] initcall cpuid_init+0x0/0xd7 returned 0 after 4137 usecs
[    7.504944] calling  ioapic_init_ops+0x0/0x13 @ 1
[    7.510926] initcall ioapic_init_ops+0x0/0x13 returned 0 after 33 usecs
[    7.519167] calling  add_pcspkr+0x0/0x6c @ 1
[    7.525408] initcall add_pcspkr+0x0/0x6c returned 0 after 737 usecs
[    7.534149] calling  start_periodic_check_for_corruption+0x0/0x30 @ 1
[    7.542520] check: Scanning for low memory corruption every 60 seconds
[    7.551011] initcall start_periodic_check_for_corruption+0x0/0x30 returned 0 after 8401 usecs
[    7.562866] calling  sysfb_init+0x0/0x9c @ 1
[    7.568525] initcall sysfb_init+0x0/0x9c returned 0 after 212 usecs
[    7.576464] calling  audit_classes_init+0x0/0xae @ 1
[    7.582905] initcall audit_classes_init+0x0/0xae returned 0 after 60 usecs
[    7.592059] calling  iosf_mbi_init+0x0/0x24 @ 1
[    7.600677] initcall iosf_mbi_init+0x0/0x24 returned 0 after 1983 usecs
[    7.611064] calling  proc_execdomains_init+0x0/0x21 @ 1
[    7.619404] initcall proc_execdomains_init+0x0/0x21 returned 0 after 189 usecs
[    7.630631] calling  register_warn_debugfs+0x0/0x23 @ 1
[    7.639321] initcall register_warn_debugfs+0x0/0x23 returned 0 after 250 usecs
[    7.648485] calling  cpuhp_sysfs_init+0x0/0x79 @ 1
[    7.655181] initcall cpuhp_sysfs_init+0x0/0x79 returned 0 after 534 usecs
[    7.664051] calling  ioresources_init+0x0/0x49 @ 1
[    7.670419] initcall ioresources_init+0x0/0x49 returned 0 after 9 usecs
[    7.679180] calling  lockdep_proc_init+0x0/0x64 @ 1
[    7.685616] initcall lockdep_proc_init+0x0/0x64 returned 0 after 160 usecs
[    7.694507] calling  snapshot_device_init+0x0/0xc @ 1
[    7.703378] initcall snapshot_device_init+0x0/0xc returned 0 after 2417 usecs
[    7.712424] calling  irq_pm_init_ops+0x0/0x13 @ 1
[    7.718106] initcall irq_pm_init_ops+0x0/0x13 returned 0 after 19 usecs
[    7.726032] calling  rcu_torture_init+0x0/0x9be @ 1
[    7.732286] tasks-torture:--- Start of test: nreaders=1 nfakewriters=4 stat_interval=15 verbose=1 test_no_idle_hz=1 shuffle_interval=3 stutter=5 irqreader=1 fqs_duration=0 fqs_holdoff=0 fqs_stutter=3 test_boost=1/0 test_boost_interval=7 test_boost_duration=4 shutdown_secs=1800 stall_cpu=0 stall_cpu_holdoff=10 stall_cpu_irqsoff=0 stall_cpu_block=0 n_barrier_cbs=4 onoff_interval=1000 onoff_holdoff=30 read_exit_delay=13 read_exit_burst=16
[    7.777887] tasks:  Start-test grace-period state: g0 f0x0
[    7.784824] tasks-torture: Creating rcu_torture_writer task
[    7.794390] tasks-torture: Creating rcu_torture_fakewriter task
[    7.794769] tasks-torture: rcu_torture_writer task started
[    7.802208] tasks-torture: Creating rcu_torture_fakewriter task
[    7.808601] tasks-torture: GP expediting controlled from boot/sysfs for tasks.
[    7.808621] rcu_torture_writer: Testing expedited GPs.
[    7.815806] tasks-torture: rcu_torture_fakewriter task started
[    7.824268] rcu_torture_writer: Testing asynchronous GPs.
[    7.824270] rcu_torture_writer: Testing normal GPs.
[    7.824510] tasks-torture: Creating rcu_torture_fakewriter task
[    7.830534] tasks-torture: rcu_torture_fakewriter task started
[    7.839642] tasks-torture: Creating rcu_torture_fakewriter task
[    7.845890] tasks-torture: rcu_torture_fakewriter task started
[    7.852569] tasks-torture: Creating rcu_torture_reader task
[    7.861700] tasks-torture: rcu_torture_fakewriter task started
[    7.867872] tasks-torture: Creating rcu_torture_stats task
[    7.875305] tasks-torture: rcu_torture_reader task started
[    7.882803] tasks-torture: Creating torture_shuffle task
[    7.890767] tasks-torture: rcu_torture_stats task started
[    7.913547] tasks-torture: Creating torture_stutter task
[    7.929125] tasks-torture: torture_shuffle task started
[    7.933166] tasks-torture: Creating torture_shutdown task
[    7.946992] tasks-torture: torture_stutter task started
[    7.950421] tasks-torture: Creating torture_onoff task
[    7.954144] tasks-torture: torture_shutdown task started
[    7.960471] tasks-torture: rcu_torture_fwd_prog_init: Disabled, unsupported by RCU flavor under test
[    7.967315] tasks-torture:torture_shutdown task: 1799965 ms remaining
[    7.978432] tasks-torture: torture_onoff task started
[    7.987288] tasks-torture: Creating rcu_torture_barrier_cbs task
[    7.993362] tasks-torture: torture_onoff begin holdoff
[    8.002169] tasks-torture: Creating rcu_torture_barrier_cbs task
[    8.008191] tasks-torture: rcu_torture_barrier_cbs task started
[    8.017221] tasks-torture: Creating rcu_torture_barrier_cbs task
[    8.024127] tasks-torture: rcu_torture_barrier_cbs task started
[    8.032766] tasks-torture: Creating rcu_torture_barrier_cbs task
[    8.039922] tasks-torture: rcu_torture_barrier_cbs task started
[    8.059460] tasks-torture: Creating rcu_torture_barrier task
[    8.059574] tasks-torture: rcu_torture_barrier_cbs task started
[    8.066521] tasks-torture: Creating rcu_torture_read_exit task
[    8.073811] tasks-torture: rcu_torture_barrier task starting
[    8.081665] initcall rcu_torture_init+0x0/0x9be returned 0 after 341404 usecs
[    8.091229] tasks-torture: rcu_torture_read_exit: Start of test
[    8.109050] calling  timekeeping_init_ops+0x0/0x13 @ 1
[    8.116344] initcall timekeeping_init_ops+0x0/0x13 returned 0 after 84 usecs
[    8.125971] calling  init_clocksource_sysfs+0x0/0x23 @ 1
[    8.133306] initcall init_clocksource_sysfs+0x0/0x23 returned 0 after 338 usecs
[    8.143510] calling  init_timer_list_procfs+0x0/0x31 @ 1
[    8.150574] initcall init_timer_list_procfs+0x0/0x31 returned 0 after 10 usecs
[    8.164971] calling  alarmtimer_init+0x0/0xf5 @ 1
[    8.171796] initcall alarmtimer_init+0x0/0xf5 returned 0 after 505 usecs
[    8.180806] calling  init_posix_timers+0x0/0x29 @ 1
[    8.187829] initcall init_posix_timers+0x0/0x29 returned 0 after 198 usecs
[    8.197079] calling  clockevents_init_sysfs+0x0/0xbf @ 1
[    8.205537] initcall clockevents_init_sysfs+0x0/0xbf returned 0 after 764 usecs
[    8.215566] calling  proc_dma_init+0x0/0x21 @ 1
[    8.222944] initcall proc_dma_init+0x0/0x21 returned 0 after 147 usecs
[    8.232894] calling  proc_modules_init+0x0/0x1e @ 1
[    8.240418] initcall proc_modules_init+0x0/0x1e returned 0 after 9 usecs
[    8.249861] calling  kallsyms_init+0x0/0x21 @ 1
[    8.256082] initcall kallsyms_init+0x0/0x21 returned 0 after 7 usecs
[    8.264505] calling  pid_namespaces_init+0x0/0x2c @ 1
[    8.271442] initcall pid_namespaces_init+0x0/0x2c returned 0 after 24 usecs
[    8.281392] calling  audit_watch_init+0x0/0x37 @ 1
[    8.288490] initcall audit_watch_init+0x0/0x37 returned 0 after 27 usecs
[    8.298203] calling  audit_fsnotify_init+0x0/0x37 @ 1
[    8.314150] initcall audit_fsnotify_init+0x0/0x37 returned 0 after 702 usecs
[    8.324774] calling  audit_tree_init+0x0/0x6d @ 1
[    8.331812] initcall audit_tree_init+0x0/0x6d returned 0 after 505 usecs
[    8.340421] calling  seccomp_sysctl_init+0x0/0x2b @ 1
[    8.348216] initcall seccomp_sysctl_init+0x0/0x2b returned 0 after 1022 usecs
[    8.357628] calling  utsname_sysctl_init+0x0/0x13 @ 1
[    8.364567] initcall utsname_sysctl_init+0x0/0x13 returned 0 after 161 usecs
[    8.374126] calling  init_tracepoints+0x0/0x27 @ 1
[    8.380736] initcall init_tracepoints+0x0/0x27 returned 0 after 36 usecs
[    8.389879] calling  init_blk_tracer+0x0/0x50 @ 1
[    8.398919] initcall init_blk_tracer+0x0/0x50 returned 0 after 2493 usecs
[    8.409930] calling  perf_event_sysfs_init+0x0/0x83 @ 1
[    8.430772] initcall perf_event_sysfs_init+0x0/0x83 returned 0 after 12109 usecs
[    8.442357] calling  system_trusted_keyring_init+0x0/0x60 @ 1
[    8.450431] Initialise system trusted keyrings
[    8.457615] initcall system_trusted_keyring_init+0x0/0x60 returned 0 after 7010 usecs
[    8.469831] calling  kswapd_init+0x0/0x5c @ 1
[    8.480934] initcall kswapd_init+0x0/0x5c returned 0 after 4023 usecs
[    8.491324] calling  extfrag_debug_init+0x0/0x54 @ 1
[    8.498746] initcall extfrag_debug_init+0x0/0x54 returned 0 after 447 usecs
[    8.507822] calling  mm_compute_batch_init+0x0/0x12 @ 1
[    8.514706] initcall mm_compute_batch_init+0x0/0x12 returned 0 after 47 usecs
[    8.524356] calling  slab_proc_init+0x0/0x21 @ 1
[    8.531347] initcall slab_proc_init+0x0/0x21 returned 0 after 390 usecs
[    8.540305] calling  workingset_init+0x0/0x8c @ 1
[    8.546730] workingset: timestamp_bits=56 max_order=17 bucket_order=0
[    8.555677] initcall workingset_init+0x0/0x8c returned 0 after 8734 usecs
[    8.564817] calling  proc_vmalloc_init+0x0/0x32 @ 1
[    8.573521] initcall proc_vmalloc_init+0x0/0x32 returned 0 after 8 usecs
[    8.582907] calling  procswaps_init+0x0/0x1e @ 1
[    8.589903] initcall procswaps_init+0x0/0x1e returned 0 after 277 usecs
[    8.599614] calling  slab_sysfs_init+0x0/0xec @ 1
[    8.623310] initcall slab_sysfs_init+0x0/0xec returned 0 after 16436 usecs
[    8.633525] calling  fcntl_init+0x0/0x29 @ 1
[    8.640631] initcall fcntl_init+0x0/0x29 returned 0 after 630 usecs
[    8.649717] calling  proc_filesystems_init+0x0/0x21 @ 1
[    8.657505] initcall proc_filesystems_init+0x0/0x21 returned 0 after 139 usecs
[    8.668218] calling  start_dirtytime_writeback+0x0/0x29 @ 1
[    8.676398] initcall start_dirtytime_writeback+0x0/0x29 returned 0 after 26 usecs
[    8.687431] calling  blkdev_init+0x0/0x1b @ 1
[    8.694498] initcall blkdev_init+0x0/0x1b returned 0 after 576 usecs
[    8.703922] calling  dio_init+0x0/0x2c @ 1
[    8.710172] initcall dio_init+0x0/0x2c returned 0 after 273 usecs
[    8.719240] calling  dnotify_init+0x0/0x78 @ 1
[    8.726239] initcall dnotify_init+0x0/0x78 returned 0 after 327 usecs
[    8.736310] calling  aio_setup+0x0/0x78 @ 1
[    8.744770] initcall aio_setup+0x0/0x78 returned 0 after 1929 usecs
[    8.754550] calling  io_uring_init+0x0/0x2c @ 1
[    8.761527] initcall io_uring_init+0x0/0x2c returned 0 after 18 usecs
[    8.770845] calling  mbcache_init+0x0/0x30 @ 1
[    8.777705] initcall mbcache_init+0x0/0x30 returned 0 after 163 usecs
[    8.787683] calling  init_grace+0x0/0xc @ 1
[    8.794431] initcall init_grace+0x0/0xc returned 0 after 429 usecs
[    8.805891] calling  init_v2_quota_format+0x0/0x21 @ 1
[    8.815307] initcall init_v2_quota_format+0x0/0x21 returned 0 after 415 usecs
[    8.827400] calling  init_devpts_fs+0x0/0x27 @ 1
[    8.836259] initcall init_devpts_fs+0x0/0x27 returned 0 after 618 usecs
[    8.846540] calling  ext4_init_fs+0x0/0x1c2 @ 1
[    8.856757] initcall ext4_init_fs+0x0/0x1c2 returned 0 after 2729 usecs
[    8.866498] calling  journal_init+0x0/0x11c @ 1
[    8.873902] initcall journal_init+0x0/0x11c returned 0 after 277 usecs
[    8.883884] calling  init_fat_fs+0x0/0x49 @ 1
[    8.891436] initcall init_fat_fs+0x0/0x49 returned 0 after 270 usecs
[    8.900935] calling  init_vfat_fs+0x0/0xc @ 1
[    8.907680] initcall init_vfat_fs+0x0/0xc returned 0 after 4 usecs
[    8.916721] calling  init_msdos_fs+0x0/0xc @ 1
[    8.923411] initcall init_msdos_fs+0x0/0xc returned 0 after 5 usecs
[    8.932930] calling  init_iso9660_fs+0x0/0x6c @ 1
[    8.941308] initcall init_iso9660_fs+0x0/0x6c returned 0 after 969 usecs
[    8.952603] calling  init_nfs_fs+0x0/0x13a @ 1
[    8.963947] initcall init_nfs_fs+0x0/0x13a returned 0 after 4620 usecs
[    8.973143] calling  init_nfs_v2+0x0/0x13 @ 1
[    8.983020] initcall init_nfs_v2+0x0/0x13 returned 0 after 1147 usecs
[    8.991431] calling  init_nfs_v3+0x0/0x13 @ 1
[    8.997938] initcall init_nfs_v3+0x0/0x13 returned 0 after 2 usecs
[    9.008415] calling  init_nfs_v4+0x0/0x32 @ 1
[    9.016012] NFS: Registering the id_resolver key type
[    9.024398] Key type id_resolver registered
[    9.031317] Key type id_legacy registered
[    9.038253] initcall init_nfs_v4+0x0/0x32 returned 0 after 21837 usecs
[    9.048525] calling  init_nlm+0x0/0x5b @ 1
[    9.055555] initcall init_nlm+0x0/0x5b returned 0 after 369 usecs
[    9.065246] calling  init_nls_cp437+0x0/0xe @ 1
[    9.073755] initcall init_nls_cp437+0x0/0xe returned 0 after 735 usecs
[    9.084782] calling  init_nls_ascii+0x0/0xe @ 1
[    9.092508] initcall init_nls_ascii+0x0/0xe returned 0 after 631 usecs
[    9.101957] calling  init_nls_iso8859_1+0x0/0xe @ 1
[    9.109429] initcall init_nls_iso8859_1+0x0/0xe returned 0 after 2 usecs
[    9.120805] calling  init_nls_utf8+0x0/0x21 @ 1
[    9.128297] initcall init_nls_utf8+0x0/0x21 returned 0 after 2 usecs
[    9.138792] calling  init_autofs_fs+0x0/0x25 @ 1
[    9.152715] initcall init_autofs_fs+0x0/0x25 returned 0 after 4940 usecs
[    9.163719] calling  ipc_init+0x0/0x24 @ 1
[    9.171308] initcall ipc_init+0x0/0x24 returned 0 after 525 usecs
[    9.181762] calling  ipc_sysctl_init+0x0/0x13 @ 1
[    9.190885] initcall ipc_sysctl_init+0x0/0x13 returned 0 after 102 usecs
[    9.202528] calling  init_mqueue_fs+0x0/0xb1 @ 1
[    9.213927] initcall init_mqueue_fs+0x0/0xb1 returned 0 after 3753 usecs
[    9.225546] calling  key_proc_init+0x0/0x63 @ 1
[    9.233545] initcall key_proc_init+0x0/0x63 returned 0 after 70 usecs
[    9.243326] calling  selinux_nf_ip_init+0x0/0x2e @ 1
[    9.250719] initcall selinux_nf_ip_init+0x0/0x2e returned 0 after 86 usecs
[    9.261231] calling  init_sel_fs+0x0/0x116 @ 1
[    9.267591] initcall init_sel_fs+0x0/0x116 returned 0 after 1 usecs
[    9.277202] calling  selnl_init+0x0/0x7c @ 1
[    9.285549] initcall selnl_init+0x0/0x7c returned 0 after 960 usecs
[    9.296947] calling  sel_netif_init+0x0/0x36 @ 1
[    9.304501] initcall sel_netif_init+0x0/0x36 returned 0 after 1 usecs
[    9.313923] calling  sel_netnode_init+0x0/0x33 @ 1
[    9.321422] initcall sel_netnode_init+0x0/0x33 returned 0 after 3 usecs
[    9.330922] calling  sel_netport_init+0x0/0x33 @ 1
[    9.337971] initcall sel_netport_init+0x0/0x33 returned 0 after 0 usecs
[    9.347474] calling  aurule_init+0x0/0x2a @ 1
[    9.353898] initcall aurule_init+0x0/0x2a returned 0 after 3 usecs
[    9.362839] calling  crypto_algapi_init+0x0/0xc @ 1
[    9.370166] initcall crypto_algapi_init+0x0/0xc returned 0 after 7 usecs
[    9.379945] calling  jent_mod_init+0x0/0x2d @ 1
[    9.399801] initcall jent_mod_init+0x0/0x2d returned 0 after 12917 usecs
[    9.411825] calling  asymmetric_key_init+0x0/0xc @ 1
[    9.420789] Key type asymmetric registered
[    9.429286] initcall asymmetric_key_init+0x0/0xc returned 0 after 8296 usecs
[    9.441688] calling  x509_key_init+0x0/0xc @ 1
[    9.449647] Asymmetric key parser 'x509' registered
[    9.458157] initcall x509_key_init+0x0/0xc returned 0 after 8514 usecs
[    9.469492] calling  proc_genhd_init+0x0/0x41 @ 1
[    9.478707] initcall proc_genhd_init+0x0/0x41 returned 0 after 13 usecs
[    9.488940] calling  bsg_init+0x0/0x113 @ 1
[    9.496479] Block layer SCSI generic (bsg) driver version 0.4 loaded (major 251)
[    9.508737] initcall bsg_init+0x0/0x113 returned 0 after 12878 usecs
[    9.519500] calling  deadline_init+0x0/0xc @ 1
[    9.527655] io scheduler mq-deadline registered
[    9.535243] initcall deadline_init+0x0/0xc returned 0 after 7812 usecs
[    9.545152] calling  kyber_init+0x0/0xc @ 1
[    9.552681] io scheduler kyber registered
[    9.558923] initcall kyber_init+0x0/0xc returned 0 after 6584 usecs
[    9.568445] calling  mod_init+0x0/0x7 @ 1
[    9.574953] initcall mod_init+0x0/0x7 returned 0 after 0 usecs
[    9.584138] calling  percpu_counter_startup+0x0/0x55 @ 1
[    9.595702] initcall percpu_counter_startup+0x0/0x55 returned 0 after 1649 usecs
[    9.608387] calling  sg_pool_init+0x0/0xb4 @ 1
[    9.616748] initcall sg_pool_init+0x0/0xb4 returned 0 after 290 usecs
[    9.631329] calling  pcie_portdrv_init+0x0/0x39 @ 1
[    9.641351] initcall pcie_portdrv_init+0x0/0x39 returned 0 after 1633 usecs
[    9.652671] calling  pci_proc_init+0x0/0x68 @ 1
[    9.659792] initcall pci_proc_init+0x0/0x68 returned 0 after 195 usecs
[    9.669526] calling  pci_hotplug_init+0x0/0x7 @ 1
[    9.677032] initcall pci_hotplug_init+0x0/0x7 returned 0 after 0 usecs
[    9.687034] calling  efifb_driver_init+0x0/0xe @ 1
[    9.696430] initcall efifb_driver_init+0x0/0xe returned 0 after 2317 usecs
[    9.706903] calling  ged_driver_init+0x0/0xe @ 1
[    9.715946] initcall ged_driver_init+0x0/0xe returned 0 after 1540 usecs
[    9.727168] calling  acpi_ac_init+0x0/0x92 @ 1
[    9.741556] initcall acpi_ac_init+0x0/0x92 returned 0 after 6787 usecs
[    9.751727] calling  acpi_button_driver_init+0x0/0x52 @ 1
[    9.765913] input: Power Button as /devices/LNXSYSTM:00/LNXPWRBN:00/input/input0
[    9.786659] ACPI: Power Button [PWRF]
[    9.793853] initcall acpi_button_driver_init+0x0/0x52 returned 0 after 32782 usecs
[    9.805888] calling  acpi_fan_driver_init+0x0/0xe @ 1
[    9.813574] initcall acpi_fan_driver_init+0x0/0xe returned 0 after 49 usecs
[    9.824638] calling  acpi_video_init+0x0/0xcb @ 1
[    9.835487] initcall acpi_video_init+0x0/0xcb returned 0 after 1516 usecs
[    9.846373] calling  acpi_processor_driver_init+0x0/0xad @ 1
[    9.864941] initcall acpi_processor_driver_init+0x0/0xad returned 0 after 8688 usecs
[    9.877762] calling  acpi_thermal_init+0x0/0x71 @ 1
[    9.891512] initcall acpi_thermal_init+0x0/0x71 returned 0 after 5354 usecs
[    9.902639] calling  acpi_battery_init+0x0/0x32 @ 1
[    9.911770] initcall acpi_battery_init+0x0/0x32 returned 0 after 1076 usecs
[    9.923265] calling  bgrt_init+0x0/0xb6 @ 1
[    9.930269] initcall bgrt_init+0x0/0xb6 returned -19 after 1 usecs
[    9.939979] calling  gpio_clk_driver_init+0x0/0xe @ 1
[    9.947824] initcall gpio_clk_driver_init+0x0/0xe returned 0 after 616 usecs
[    9.958621] calling  plt_clk_driver_init+0x0/0xe @ 1
[    9.966797] initcall plt_clk_driver_init+0x0/0xe returned 0 after 39 usecs
[    9.978280] calling  virtio_pci_driver_init+0x0/0x15 @ 1
[    9.986969] initcall virtio_pci_driver_init+0x0/0x15 returned 0 after 458 usecs
[    9.999831] calling  n_null_init+0x0/0x1e @ 1
[   10.007592] initcall n_null_init+0x0/0x1e returned 0 after 402 usecs
[   10.018209] calling  pty_init+0x0/0x1e8 @ 1
[   10.029278] initcall pty_init+0x0/0x1e8 returned 0 after 3733 usecs
[   10.039578] calling  sysrq_init+0x0/0x62 @ 1
[   10.045663] initcall sysrq_init+0x0/0x62 returned 0 after 13 usecs
[   10.054667] calling  serial8250_init+0x0/0x17e @ 1
[   10.062792] Serial: 8250/16550 driver, 4 ports, IRQ sharing enabled
[   10.081479] 00:03: ttyS0 at I/O 0x3f8 (irq = 4, base_baud = 115200) is a 16550A
[   10.118680] initcall serial8250_init+0x0/0x17e returned 0 after 54672 usecs
[   10.129070] calling  serial_pci_driver_init+0x0/0x15 @ 1
[   10.142185] initcall serial_pci_driver_init+0x0/0x15 returned 0 after 5205 usecs
[   10.153475] calling  exar_pci_driver_init+0x0/0x15 @ 1
[   10.161243] initcall exar_pci_driver_init+0x0/0x15 returned 0 after 279 usecs
[   10.171558] calling  lpss8250_pci_driver_init+0x0/0x15 @ 1
[   10.179592] initcall lpss8250_pci_driver_init+0x0/0x15 returned 0 after 287 usecs
[   10.189973] calling  mid8250_pci_driver_init+0x0/0x15 @ 1
[   10.197824] initcall mid8250_pci_driver_init+0x0/0x15 returned 0 after 206 usecs
[   10.208414] calling  virtio_console_init+0x0/0xff @ 1
[   10.218809] initcall virtio_console_init+0x0/0xff returned 0 after 2145 usecs
[   10.229185] calling  hpet_init+0x0/0x64 @ 1
[   10.242641] initcall hpet_init+0x0/0x64 returned 0 after 7460 usecs
[   10.250909] calling  nvram_module_init+0x0/0x83 @ 1
[   10.259443] Non-volatile memory driver v1.3
[   10.265265] initcall nvram_module_init+0x0/0x83 returned 0 after 7696 usecs
[   10.275049] calling  hwrng_modinit+0x0/0x8a @ 1
[   10.286313] initcall hwrng_modinit+0x0/0x8a returned 0 after 4998 usecs
[   10.296667] calling  mod_init+0x0/0x48 @ 1
[   10.302302] initcall mod_init+0x0/0x48 returned -19 after 0 usecs
[   10.310537] calling  agp_init+0x0/0x23 @ 1
[   10.316065] Linux agpgart interface v0.103
[   10.321681] initcall agp_init+0x0/0x23 returned 0 after 5482 usecs
[   10.330238] calling  agp_amd64_mod_init+0x0/0x5 @ 1
[   10.340839] initcall agp_amd64_mod_init+0x0/0x5 returned -19 after 3388 usecs
[   10.352111] calling  agp_intel_init+0x0/0x28 @ 1
[   10.361999] initcall agp_intel_init+0x0/0x28 returned 0 after 2790 usecs
[   10.373045] calling  drm_kms_helper_init+0x0/0x7 @ 1
[   10.381610] initcall drm_kms_helper_init+0x0/0x7 returned 0 after 449 usecs
[   10.392666] calling  drm_core_init+0x0/0xbd @ 1
[   10.402420] initcall drm_core_init+0x0/0xbd returned 0 after 1937 usecs
[   10.413028] calling  i915_init+0x0/0x6b @ 1
[   10.424760] initcall i915_init+0x0/0x6b returned 0 after 4851 usecs
[   10.435243] calling  cn_proc_init+0x0/0x35 @ 1
[   10.442117] initcall cn_proc_init+0x0/0x35 returned 0 after 467 usecs
[   10.450744] calling  topology_sysfs_init+0x0/0x27 @ 1
[   10.458682] initcall topology_sysfs_init+0x0/0x27 returned 0 after 1154 usecs
[   10.469232] calling  cacheinfo_sysfs_init+0x0/0x27 @ 1
[   10.483433] initcall cacheinfo_sysfs_init+0x0/0x27 returned 0 after 5229 usecs
[   10.494163] calling  loop_init+0x0/0x16a @ 1
[   10.751237] loop: module loaded
[   10.758604] initcall loop_init+0x0/0x16a returned 0 after 250893 usecs
[   10.769791] calling  mac_hid_init+0x0/0x21 @ 1
[   10.777176] initcall mac_hid_init+0x0/0x21 returned 0 after 366 usecs
[   10.786384] calling  spi_transport_init+0x0/0x74 @ 1
[   10.794776] initcall spi_transport_init+0x0/0x74 returned 0 after 1343 usecs
[   10.806613] calling  init_sd+0x0/0x18c @ 1
[   10.817064] initcall init_sd+0x0/0x18c returned 0 after 3279 usecs
[   10.827528] calling  init_sr+0x0/0x43 @ 1
[   10.834744] initcall init_sr+0x0/0x43 returned 0 after 396 usecs
[   10.844719] calling  init_sg+0x0/0x1c0 @ 1
[   10.852292] initcall init_sg+0x0/0x1c0 returned 0 after 966 usecs
[   10.860794] calling  ahci_pci_driver_init+0x0/0x15 @ 1
[   10.870713] ahci 0000:00:1f.2: version 3.0
[   10.882889] PCI Interrupt Link [GSIA] enabled at IRQ 16
[   10.916867] ahci 0000:00:1f.2: AHCI 0001.0000 32 slots 6 ports 1.5 Gbps 0x3f impl SATA mode
[   10.930547] ahci 0000:00:1f.2: flags: 64bit ncq only 
[   10.984303] scsi host0: ahci
[   11.003553] scsi host1: ahci
[   11.011779] scsi host2: ahci
[   11.023976] scsi host3: ahci
[   11.034264] scsi host4: ahci
[   11.050040] scsi host5: ahci
[   11.055943] ata1: SATA max UDMA/133 abar m4096@0xfebf1000 port 0xfebf1100 irq 24
[   11.067289] ata2: SATA max UDMA/133 abar m4096@0xfebf1000 port 0xfebf1180 irq 24
[   11.078724] ata3: SATA max UDMA/133 abar m4096@0xfebf1000 port 0xfebf1200 irq 24
[   11.090304] ata4: SATA max UDMA/133 abar m4096@0xfebf1000 port 0xfebf1280 irq 24
[   11.102202] ata5: SATA max UDMA/133 abar m4096@0xfebf1000 port 0xfebf1300 irq 24
[   11.116999] ata6: SATA max UDMA/133 abar m4096@0xfebf1000 port 0xfebf1380 irq 24
[   11.130765] initcall ahci_pci_driver_init+0x0/0x15 returned 0 after 256348 usecs
[   11.145674] calling  piix_init+0x0/0x26 @ 1
[   11.155539] initcall piix_init+0x0/0x26 returned 0 after 2818 usecs
[   11.164813] calling  amd_pci_driver_init+0x0/0x15 @ 1
[   11.171889] initcall amd_pci_driver_init+0x0/0x15 returned 0 after 233 usecs
[   11.183278] calling  oldpiix_pci_driver_init+0x0/0x15 @ 1
[   11.191525] initcall oldpiix_pci_driver_init+0x0/0x15 returned 0 after 501 usecs
[   11.202269] calling  sch_pci_driver_init+0x0/0x15 @ 1
[   11.210017] initcall sch_pci_driver_init+0x0/0x15 returned 0 after 171 usecs
[   11.219829] calling  net_olddevs_init+0x0/0x55 @ 1
[   11.228384] initcall net_olddevs_init+0x0/0x55 returned 0 after 1358 usecs
[   11.238317] calling  blackhole_netdev_init+0x0/0x78 @ 1
[   11.251606] initcall blackhole_netdev_init+0x0/0x78 returned 0 after 5481 usecs
[   11.264592] calling  phy_module_init+0x0/0x13 @ 1
[   11.276407] initcall phy_module_init+0x0/0x13 returned 0 after 3884 usecs
[   11.287924] calling  tg3_driver_init+0x0/0x15 @ 1
[   11.296389] initcall tg3_driver_init+0x0/0x15 returned 0 after 567 usecs
[   11.307325] calling  e100_init_module+0x0/0x4c @ 1
[   11.315286] e100: Intel(R) PRO/100 Network Driver
[   11.323360] e100: Copyright(c) 1999-2006 Intel Corporation
[   11.333386] initcall e100_init_module+0x0/0x4c returned 0 after 17729 usecs
[   11.344960] calling  e1000_init_module+0x0/0x72 @ 1
[   11.355436] e1000: Intel(R) PRO/1000 Network Driver
[   11.364125] e1000: Copyright (c) 1999-2006 Intel Corporation.
[   11.373313] initcall e1000_init_module+0x0/0x72 returned 0 after 17978 usecs
[   11.384468] calling  e1000_init_module+0x0/0x2d @ 1
[   11.392748] e1000e: Intel(R) PRO/1000 Network Driver
[   11.401610] e1000e: Copyright(c) 1999 - 2015 Intel Corporation.
[   11.412661] initcall e1000_init_module+0x0/0x2d returned 0 after 19692 usecs
[   11.424506] calling  sky2_init_module+0x0/0x21 @ 1
[   11.431604] sky2: driver version 1.30
[   11.437408] initcall sky2_init_module+0x0/0x21 returned 0 after 5694 usecs
[   11.448917] calling  forcedeth_pci_driver_init+0x0/0x15 @ 1
[   11.459349] initcall forcedeth_pci_driver_init+0x0/0x15 returned 0 after 649 usecs
[   11.466044] ata2: SATA link down (SStatus 0 SControl 300)
[   11.471608] calling  rtl8139_init_module+0x0/0x15 @ 1
[   11.483769] ata1: SATA link down (SStatus 0 SControl 300)
[   11.489400] initcall rtl8139_init_module+0x0/0x15 returned 0 after 395 usecs
[   11.501355] ata3: SATA link up 1.5 Gbps (SStatus 113 SControl 300)
[   11.510270] calling  rtl8169_pci_driver_init+0x0/0x15 @ 1
[   11.524896] ata5: SATA link down (SStatus 0 SControl 300)
[   11.530808] initcall rtl8169_pci_driver_init+0x0/0x15 returned 0 after 1294 usecs
[   11.541813] ata4: SATA link down (SStatus 0 SControl 300)
[   11.551582] calling  cdrom_init+0x0/0xc @ 1
[   11.563759] ata6: SATA link down (SStatus 0 SControl 300)
[   11.568213] initcall cdrom_init+0x0/0xc returned 0 after 243 usecs
[   11.577608] ata3.00: ATAPI: QEMU DVD-ROM, 2.5+, max UDMA/100
[   11.586719] calling  nonstatic_sysfs_init+0x0/0xc @ 1
[   11.595496] ata3.00: applying bridge limits
[   11.603594] initcall nonstatic_sysfs_init+0x0/0xc returned 0 after 87 usecs
[   11.611717] ata3.00: configured for UDMA/100
[   11.621616] calling  yenta_cardbus_driver_init+0x0/0x15 @ 1
[   11.638380] initcall yenta_cardbus_driver_init+0x0/0x15 returned 0 after 555 usecs
[   11.647107] scsi 2:0:0:0: CD-ROM            QEMU     QEMU DVD-ROM     2.5+ PQ: 0 ANSI: 5
[   11.650557] calling  mon_init+0x0/0x144 @ 1
[   11.673598] initcall mon_init+0x0/0x144 returned 0 after 2993 usecs
[   11.683490] calling  ehci_hcd_init+0x0/0x56 @ 1
[   11.691155] ehci_hcd: USB 2.0 'Enhanced' Host Controller (EHCI) Driver
[   11.702513] initcall ehci_hcd_init+0x0/0x56 returned 0 after 11165 usecs
[   11.713702] calling  ehci_pci_init+0x0/0x64 @ 1
[   11.720711] ehci-pci: EHCI PCI platform driver
[   11.727494] initcall ehci_pci_init+0x0/0x64 returned 0 after 6622 usecs
[   11.736070] calling  ohci_hcd_mod_init+0x0/0x4e @ 1
[   11.742993] ohci_hcd: USB 1.1 'Open' Host Controller (OHCI) Driver
[   11.752873] initcall ohci_hcd_mod_init+0x0/0x4e returned 0 after 9675 usecs
[   11.763870] calling  ohci_pci_init+0x0/0x64 @ 1
[   11.771326] ohci-pci: OHCI PCI platform driver
[   11.778479] initcall ohci_pci_init+0x0/0x64 returned 0 after 7160 usecs
[   11.791398] calling  uhci_hcd_init+0x0/0xa8 @ 1
[   11.800705] uhci_hcd: USB Universal Host Controller Interface driver
[   11.800942] sr 2:0:0:0: [sr0] scsi3-mmc drive: 4x/4x cd/rw xa/form2 tray
[   11.811930] initcall uhci_hcd_init+0x0/0xa8 returned 0 after 10959 usecs
[   11.822481] cdrom: Uniform CD-ROM driver Revision: 3.20
[   11.833259] calling  xhci_hcd_init+0x0/0x1e @ 1
[   11.833567] initcall xhci_hcd_init+0x0/0x1e returned 0 after 293 usecs
[   11.865327] calling  xhci_pci_init+0x0/0x49 @ 1
[   11.872665] initcall xhci_pci_init+0x0/0x49 returned 0 after 1000 usecs
[   11.884249] calling  usblp_driver_init+0x0/0x15 @ 1
[   11.894572] usbcore: registered new interface driver usblp
[   11.906530] initcall usblp_driver_init+0x0/0x15 returned 0 after 13304 usecs
[   11.920903] calling  usb_storage_driver_init+0x0/0x2a @ 1
[   11.928575] sr 2:0:0:0: Attached scsi CD-ROM sr0
[   11.931863] usbcore: registered new interface driver usb-storage
[   11.942738] sr 2:0:0:0: Attached scsi generic sg0 type 5
[   11.948938] initcall usb_storage_driver_init+0x0/0x2a returned 0 after 16862 usecs
[   11.948944] calling  i8042_init+0x0/0x4c2 @ 1
[   11.949740] i8042: PNP: PS/2 Controller [PNP0303:KBD,PNP0f13:MOU] at 0x60,0x64 irq 1,12
[   12.035750] serio: i8042 KBD port at 0x60,0x64 irq 1
[   12.056238] serio: i8042 AUX port at 0x60,0x64 irq 12
[   12.063987] initcall i8042_init+0x0/0x4c2 returned 0 after 112338 usecs
[   12.074030] calling  serport_init+0x0/0x2c @ 1
[   12.080839] initcall serport_init+0x0/0x2c returned 0 after 77 usecs
[   12.089942] calling  input_leds_init+0x0/0xc @ 1
[   12.097033] initcall input_leds_init+0x0/0xc returned 0 after 180 usecs
[   12.106976] calling  evdev_init+0x0/0xc @ 1
[   12.114643] initcall evdev_init+0x0/0xc returned 0 after 1064 usecs
[   12.124083] calling  atkbd_init+0x0/0x21 @ 1
[   12.166301] initcall atkbd_init+0x0/0x21 returned 0 after 19339 usecs
[   12.185443] input: AT Translated Set 2 keyboard as /devices/platform/i8042/serio0/input/input1
[   12.198458] calling  psmouse_init+0x0/0x7f @ 1
[   12.205721] initcall psmouse_init+0x0/0x7f returned 0 after 659 usecs
[   12.225531] calling  cmos_init+0x0/0x73 @ 1
[   12.233905] rtc_cmos 00:04: RTC can wake from S4
[   12.258104] rtc_cmos 00:04: registered as rtc0
[   12.267573] rtc_cmos 00:04: alarms up to one day, y3k, 242 bytes nvram, hpet irqs
[   12.280687] initcall cmos_init+0x0/0x73 returned 0 after 47912 usecs
[   12.291933] calling  smbalert_driver_init+0x0/0xe @ 1
[   12.301772] initcall smbalert_driver_init+0x0/0xe returned 0 after 1155 usecs
[   12.313097] calling  i2c_i801_init+0x0/0xc5 @ 1
[   12.345914] i801_smbus 0000:00:1f.3: SMBus using PCI interrupt
[   12.358200] i2c i2c-0: 1/1 memory slots populated (from DMI)
[   12.366929] i2c i2c-0: Memory type 0x07 not supported yet, not instantiating SPD
[   12.380901] initcall i2c_i801_init+0x0/0xc5 returned 0 after 59059 usecs
[   12.390971] calling  ptp_kvm_init+0x0/0xf0 @ 1
[   12.398856] initcall ptp_kvm_init+0x0/0xf0 returned 0 after 1227 usecs
[   12.408355] calling  dm_init+0x0/0x3c @ 1
[   12.417462] device-mapper: ioctl: 4.43.0-ioctl (2020-10-01) initialised: dm-devel@redhat.com
[   12.429183] initcall dm_init+0x0/0x3c returned 0 after 14912 usecs
[   12.437950] calling  dm_mirror_init+0x0/0x29 @ 1
[   12.444332] initcall dm_mirror_init+0x0/0x29 returned 0 after 3 usecs
[   12.453735] calling  dm_dirty_log_init+0x0/0x4f @ 1
[   12.461243] initcall dm_dirty_log_init+0x0/0x4f returned 0 after 183 usecs
[   12.471914] calling  dm_zero_init+0x0/0x29 @ 1
[   12.478782] initcall dm_zero_init+0x0/0x29 returned 0 after 125 usecs
[   12.488202] calling  intel_pstate_init+0x0/0x512 @ 1
[   12.495793] intel_pstate: CPU model not supported
[   12.502958] initcall intel_pstate_init+0x0/0x512 returned -19 after 7060 usecs
[   12.513648] calling  haltpoll_init+0x0/0xc0 @ 1
[   12.520685] initcall haltpoll_init+0x0/0xc0 returned -19 after 29 usecs
[   12.530811] calling  efivars_sysfs_init+0x0/0x30 @ 1
[   12.538187] initcall efivars_sysfs_init+0x0/0x30 returned 0 after 76 usecs
[   12.548289] calling  esrt_sysfs_init+0x0/0x2a2 @ 1
[   12.555441] initcall esrt_sysfs_init+0x0/0x2a2 returned -38 after 291 usecs
[   12.565870] calling  hid_init+0x0/0x5c @ 1
[   12.579033] hid: raw HID events driver (C) Jiri Kosina
[   12.600308] initcall hid_init+0x0/0x5c returned 0 after 22311 usecs
[   12.624424] calling  hid_generic_init+0x0/0x15 @ 1
[   12.632557] initcall hid_generic_init+0x0/0x15 returned 0 after 545 usecs
[   12.643837] calling  a4_driver_init+0x0/0x15 @ 1
[   12.651813] initcall a4_driver_init+0x0/0x15 returned 0 after 320 usecs
[   12.662229] calling  apple_driver_init+0x0/0x15 @ 1
[   12.670147] initcall apple_driver_init+0x0/0x15 returned 0 after 417 usecs
[   12.680707] calling  belkin_driver_init+0x0/0x15 @ 1
[   12.702494] initcall belkin_driver_init+0x0/0x15 returned 0 after 358 usecs
[   12.725538] calling  ch_driver_init+0x0/0x15 @ 1
[   12.733128] initcall ch_driver_init+0x0/0x15 returned 0 after 175 usecs
[   12.752130] calling  ch_driver_init+0x0/0x15 @ 1
[   12.759211] initcall ch_driver_init+0x0/0x15 returned 0 after 47 usecs
[   12.769095] calling  cp_driver_init+0x0/0x15 @ 1
[   12.776004] initcall cp_driver_init+0x0/0x15 returned 0 after 62 usecs
[   12.785376] calling  ez_driver_init+0x0/0x15 @ 1
[   12.792242] initcall ez_driver_init+0x0/0x15 returned 0 after 41 usecs
[   12.801947] calling  gyration_driver_init+0x0/0x15 @ 1
[   12.809332] initcall gyration_driver_init+0x0/0x15 returned 0 after 43 usecs
[   12.819644] calling  ite_driver_init+0x0/0x15 @ 1
[   12.826757] initcall ite_driver_init+0x0/0x15 returned 0 after 68 usecs
[   12.836531] calling  ks_driver_init+0x0/0x15 @ 1
[   12.843405] initcall ks_driver_init+0x0/0x15 returned 0 after 50 usecs
[   12.852828] calling  lg_driver_init+0x0/0x15 @ 1
[   12.859685] initcall lg_driver_init+0x0/0x15 returned 0 after 55 usecs
[   12.869205] calling  lg_g15_driver_init+0x0/0x15 @ 1
[   12.892845] initcall lg_g15_driver_init+0x0/0x15 returned 0 after 95 usecs
[   12.903123] calling  ms_driver_init+0x0/0x15 @ 1
[   12.926250] initcall ms_driver_init+0x0/0x15 returned 0 after 88 usecs
[   12.936250] calling  mr_driver_init+0x0/0x15 @ 1
[   12.943938] initcall mr_driver_init+0x0/0x15 returned 0 after 289 usecs
[   12.955771] calling  ntrig_driver_init+0x0/0x15 @ 1
[   12.966842] initcall ntrig_driver_init+0x0/0x15 returned 0 after 680 usecs
[   12.992974] calling  pl_driver_init+0x0/0x15 @ 1
[   13.015613] initcall pl_driver_init+0x0/0x15 returned 0 after 321 usecs
[   13.037307] calling  pl_driver_init+0x0/0x15 @ 1
[   13.050720] tasks-torture: rcu_torture_read_exit: End of episode
[   13.065456] initcall pl_driver_init+0x0/0x15 returned 0 after 8776 usecs
[   13.091627] calling  redragon_driver_init+0x0/0x15 @ 1
[   13.137237] initcall redragon_driver_init+0x0/0x15 returned 0 after 10369 usecs
[   13.193449] calling  samsung_driver_init+0x0/0x15 @ 1
[   13.200721] initcall samsung_driver_init+0x0/0x15 returned 0 after 101 usecs
[   13.224498] calling  sony_init+0x0/0x38 @ 1
[   13.233264] initcall sony_init+0x0/0x38 returned 0 after 87 usecs
[   13.243637] calling  sp_driver_init+0x0/0x15 @ 1
[   13.266871] initcall sp_driver_init+0x0/0x15 returned 0 after 179 usecs
[   13.280949] hrtimer: interrupt took 3051620 ns
[   13.288174] calling  ts_driver_init+0x0/0x15 @ 1
[   13.307573] initcall ts_driver_init+0x0/0x15 returned 0 after 10489 usecs
[   13.317654] calling  hid_init+0x0/0x58 @ 1
[   13.326066] usbcore: registered new interface driver usbhid
[   13.334543] usbhid: USB HID core driver
[   13.340357] initcall hid_init+0x0/0x58 returned 0 after 16434 usecs
[   13.349128] calling  eeepc_laptop_init+0x0/0x57 @ 1
[   13.357324] initcall eeepc_laptop_init+0x0/0x57 returned -19 after 856 usecs
[   13.367864] calling  pmc_atom_init+0x0/0x27a @ 1
[   13.374702] initcall pmc_atom_init+0x0/0x27a returned -19 after 11 usecs
[   13.384271] calling  alsa_hwdep_init+0x0/0x5e @ 1
[   13.391642] initcall alsa_hwdep_init+0x0/0x5e returned 0 after 329 usecs
[   13.401221] calling  alsa_timer_init+0x0/0x1f9 @ 1
[   13.409468] initcall alsa_timer_init+0x0/0x1f9 returned 0 after 1133 usecs
[   13.419900] calling  snd_hrtimer_init+0x0/0x117 @ 1
[   13.427233] initcall snd_hrtimer_init+0x0/0x117 returned 0 after 6 usecs
[   13.436380] calling  alsa_pcm_init+0x0/0x64 @ 1
[   13.443003] initcall alsa_pcm_init+0x0/0x64 returned 0 after 20 usecs
[   13.454698] calling  alsa_seq_init+0x0/0x4a @ 1
[   13.463537] initcall alsa_seq_init+0x0/0x4a returned 0 after 2284 usecs
[   13.479057] calling  alsa_seq_dummy_init+0x0/0x9c @ 1
[   13.492280] initcall alsa_seq_dummy_init+0x0/0x9c returned 0 after 5298 usecs
[   13.501977] calling  azx_driver_init+0x0/0x15 @ 1
[   13.513521] initcall azx_driver_init+0x0/0x15 returned 0 after 4892 usecs
[   13.522602] calling  sock_diag_init+0x0/0x2a @ 1
[   13.533577] initcall sock_diag_init+0x0/0x2a returned 0 after 4158 usecs
[   13.543578] calling  blackhole_init+0x0/0xc @ 1
[   13.550622] initcall blackhole_init+0x0/0xc returned 0 after 455 usecs
[   13.560561] calling  nfnetlink_init+0x0/0x61 @ 1
[   13.567426] initcall nfnetlink_init+0x0/0x61 returned 0 after 611 usecs
[   13.578893] calling  nfnetlink_log_init+0x0/0x99 @ 1
[   13.585976] input: ImExPS/2 Generic Explorer Mouse as /devices/platform/i8042/serio1/input/input3
[   13.587366] initcall nfnetlink_log_init+0x0/0x99 returned 0 after 1436 usecs
[   13.614822] calling  nf_conntrack_standalone_init+0x0/0x87 @ 1
[   13.628972] initcall nf_conntrack_standalone_init+0x0/0x87 returned 0 after 5487 usecs
[   13.644792] calling  ctnetlink_init+0x0/0x83 @ 1
[   13.651509] initcall ctnetlink_init+0x0/0x83 returned 0 after 149 usecs
[   13.665958] calling  nf_conntrack_ftp_init+0x0/0x12c @ 1
[   13.674680] initcall nf_conntrack_ftp_init+0x0/0x12c returned 0 after 65 usecs
[   13.691155] calling  nf_conntrack_irc_init+0x0/0x129 @ 1
[   13.698811] initcall nf_conntrack_irc_init+0x0/0x129 returned 0 after 31 usecs
[   13.708871] calling  nf_conntrack_sip_init+0x0/0x172 @ 1
[   13.716593] initcall nf_conntrack_sip_init+0x0/0x172 returned 0 after 98 usecs
[   13.727172] calling  nf_nat_init+0x0/0xf0 @ 1
[   13.734458] initcall nf_nat_init+0x0/0xf0 returned 0 after 1187 usecs
[   13.743303] calling  nf_nat_ftp_init+0x0/0x2a @ 1
[   13.749525] initcall nf_nat_ftp_init+0x0/0x2a returned 0 after 42 usecs
[   13.757687] calling  nf_nat_irc_init+0x0/0x2a @ 1
[   13.763846] initcall nf_nat_irc_init+0x0/0x2a returned 0 after 3 usecs
[   13.772932] calling  nf_nat_sip_init+0x0/0x36 @ 1
[   13.779561] initcall nf_nat_sip_init+0x0/0x36 returned 0 after 4 usecs
[   13.788619] calling  xt_init+0x0/0x146 @ 1
[   13.794586] initcall xt_init+0x0/0x146 returned 0 after 54 usecs
[   13.803274] calling  tcpudp_mt_init+0x0/0x11 @ 1
[   13.810499] initcall tcpudp_mt_init+0x0/0x11 returned 0 after 616 usecs
[   13.819803] calling  connsecmark_tg_init+0x0/0xc @ 1
[   13.827004] initcall connsecmark_tg_init+0x0/0xc returned 0 after 16 usecs
[   13.837175] calling  nflog_tg_init+0x0/0xc @ 1
[   13.858913] initcall nflog_tg_init+0x0/0xc returned 0 after 7 usecs
[   13.868004] calling  secmark_tg_init+0x0/0x11 @ 1
[   13.883438] initcall secmark_tg_init+0x0/0x11 returned 0 after 3 usecs
[   13.892516] calling  tcpmss_tg_init+0x0/0x11 @ 1
[   13.900145] initcall tcpmss_tg_init+0x0/0x11 returned 0 after 5 usecs
