c[?7l[2J[0mSeaBIOS (version 1.16.0-debian-1.16.0-4)
Booting from ROM...
early console in setup code
c[?7l[2J[    0.000000] Linux version 5.10.157+ (root@joelboxx.c.googlers.com) (gcc (Debian 12.2.0-3) 12.2.0, GNU ld (GNU Binutils for Debian) 2.39) #6 SMP Tue Dec 13 03:31:05 UTC 2022
[    0.000000] Command line: selinux=0 initcall_debug debug console=ttyS0 rcutree.rcu_fanout_leaf=4 nohz_full=1-7 rcutorture.onoff_interval=1000 rcutorture.onoff_holdoff=30 rcutorture.n_barrier_cbs=4 rcutorture.stat_interval=15 rcutorture.shutdown_secs=1800 rcutorture.test_no_idle_hz=1 rcutorture.verbose=1
[    0.000000] x86/fpu: x87 FPU will use FXSAVE
[    0.000000] BIOS-provided physical RAM map:
[    0.000000] BIOS-e820: [mem 0x0000000000000000-0x000000000009fbff] usable
[    0.000000] BIOS-e820: [mem 0x000000000009fc00-0x000000000009ffff] reserved
[    0.000000] BIOS-e820: [mem 0x00000000000f0000-0x00000000000fffff] reserved
[    0.000000] BIOS-e820: [mem 0x0000000000100000-0x000000001ffdefff] usable
[    0.000000] BIOS-e820: [mem 0x000000001ffdf000-0x000000001fffffff] reserved
[    0.000000] BIOS-e820: [mem 0x00000000b0000000-0x00000000bfffffff] reserved
[    0.000000] BIOS-e820: [mem 0x00000000fed1c000-0x00000000fed1ffff] reserved
[    0.000000] BIOS-e820: [mem 0x00000000feffc000-0x00000000feffffff] reserved
[    0.000000] BIOS-e820: [mem 0x00000000fffc0000-0x00000000ffffffff] reserved
[    0.000000] NX (Execute Disable) protection: active
[    0.000000] SMBIOS 2.8 present.
[    0.000000] DMI: QEMU Standard PC (Q35 + ICH9, 2009), BIOS 1.16.0-debian-1.16.0-4 04/01/2014
[    0.000000] Hypervisor detected: KVM
[    0.000000] kvm-clock: Using msrs 4b564d01 and 4b564d00
[    0.000000] kvm-clock: cpu 0, msr 12ea8001, primary cpu clock
[    0.000001] kvm-clock: using sched offset of 3109974372 cycles
[    0.000426] clocksource: kvm-clock: mask: 0xffffffffffffffff max_cycles: 0x1cd42e4dffb, max_idle_ns: 881590591483 ns
[    0.000765] tsc: Detected 1999.999 MHz processor
[    0.019343] e820: update [mem 0x00000000-0x00000fff] usable ==> reserved
[    0.019349] e820: remove [mem 0x000a0000-0x000fffff] usable
[    0.019357] last_pfn = 0x1ffdf max_arch_pfn = 0x400000000
[    0.020974] MTRR default type: write-back
[    0.021047] MTRR fixed ranges enabled:
[    0.021049]   00000-9FFFF write-back
[    0.021050]   A0000-BFFFF uncachable
[    0.021051]   C0000-FFFFF write-protect
[    0.021052] MTRR variable ranges enabled:
[    0.021054]   0 base 00C0000000 mask FFC0000000 uncachable
[    0.021055]   1 disabled
[    0.021056]   2 disabled
[    0.021056]   3 disabled
[    0.021057]   4 disabled
[    0.021058]   5 disabled
[    0.021058]   6 disabled
[    0.021101]   7 disabled
[    0.021649] x86/PAT: Configuration [0-7]: WB  WC  UC- UC  WB  WC  UC- UC  
[    0.033000] found SMP MP-table at [mem 0x000f5ba0-0x000f5baf]
[    0.035689] check: Scanning 1 areas for low memory corruption
[    0.049778] ACPI: Early table checksum verification disabled
[    0.052284] ACPI: RSDP 0x00000000000F59E0 000014 (v00 BOCHS )
[    0.052646] ACPI: RSDT 0x000000001FFE252A 000038 (v01 BOCHS  BXPC     00000001 BXPC 00000001)
[    0.052853] ACPI: FACP 0x000000001FFE22EA 0000F4 (v03 BOCHS  BXPC     00000001 BXPC 00000001)
[    0.053036] ACPI: DSDT 0x000000001FFE0040 0022AA (v01 BOCHS  BXPC     00000001 BXPC 00000001)
[    0.053042] ACPI: FACS 0x000000001FFE0000 000040
[    0.053046] ACPI: APIC 0x000000001FFE23DE 0000B0 (v01 BOCHS  BXPC     00000001 BXPC 00000001)
[    0.053051] ACPI: HPET 0x000000001FFE248E 000038 (v01 BOCHS  BXPC     00000001 BXPC 00000001)
[    0.053055] ACPI: MCFG 0x000000001FFE24C6 00003C (v01 BOCHS  BXPC     00000001 BXPC 00000001)
[    0.053059] ACPI: WAET 0x000000001FFE2502 000028 (v01 BOCHS  BXPC     00000001 BXPC 00000001)
[    0.053063] ACPI: Reserving FACP table memory at [mem 0x1ffe22ea-0x1ffe23dd]
[    0.053065] ACPI: Reserving DSDT table memory at [mem 0x1ffe0040-0x1ffe22e9]
[    0.053067] ACPI: Reserving FACS table memory at [mem 0x1ffe0000-0x1ffe003f]
[    0.053068] ACPI: Reserving APIC table memory at [mem 0x1ffe23de-0x1ffe248d]
[    0.053069] ACPI: Reserving HPET table memory at [mem 0x1ffe248e-0x1ffe24c5]
[    0.053070] ACPI: Reserving MCFG table memory at [mem 0x1ffe24c6-0x1ffe2501]
[    0.053071] ACPI: Reserving WAET table memory at [mem 0x1ffe2502-0x1ffe2529]
[    0.054245] ACPI: Local APIC address 0xfee00000
[    0.058383] No NUMA configuration found
[    0.058386] Faking a node at [mem 0x0000000000000000-0x000000001ffdefff]
[    0.058612] NODE_DATA(0) allocated [mem 0x1ffdb000-0x1ffdefff]
[    0.060541] Zone ranges:
[    0.060625]   DMA      [mem 0x0000000000001000-0x0000000000ffffff]
[    0.060667]   DMA32    [mem 0x0000000001000000-0x000000001ffdefff]
[    0.060669]   Normal   empty
[    0.060670] Movable zone start for each node
[    0.060671] Early memory node ranges
[    0.060760]   node   0: [mem 0x0000000000001000-0x000000000009efff]
[    0.060791]   node   0: [mem 0x0000000000100000-0x000000001ffdefff]
[    0.060877] Initmem setup node 0 [mem 0x0000000000001000-0x000000001ffdefff]
[    0.060879] On node 0 totalpages: 130941
[    0.061165]   DMA zone: 64 pages used for memmap
[    0.061166]   DMA zone: 21 pages reserved
[    0.061167]   DMA zone: 3998 pages, LIFO batch:0
[    0.061168]   DMA32 zone: 1984 pages used for memmap
[    0.061170]   DMA32 zone: 126943 pages, LIFO batch:31
[    0.066301] On node 0, zone DMA: 1 pages in unavailable ranges
[    0.069629] On node 0, zone DMA: 97 pages in unavailable ranges
[    0.183182] On node 0, zone DMA32: 33 pages in unavailable ranges
[    0.186878] ACPI: PM-Timer IO Port: 0x608
[    0.186882] ACPI: Local APIC address 0xfee00000
[    0.187757] ACPI: LAPIC_NMI (acpi_id[0xff] dfl dfl lint[0x1])
[    0.189993] IOAPIC[0]: apic_id 0, version 17, address 0xfec00000, GSI 0-23
[    0.190077] ACPI: INT_SRC_OVR (bus 0 bus_irq 0 global_irq 2 dfl dfl)
[    0.190209] ACPI: INT_SRC_OVR (bus 0 bus_irq 5 global_irq 5 high level)
[    0.190211] ACPI: INT_SRC_OVR (bus 0 bus_irq 9 global_irq 9 high level)
[    0.190386] ACPI: INT_SRC_OVR (bus 0 bus_irq 10 global_irq 10 high level)
[    0.190388] ACPI: INT_SRC_OVR (bus 0 bus_irq 11 global_irq 11 high level)
[    0.190390] ACPI: IRQ0 used by override.
[    0.190391] ACPI: IRQ5 used by override.
[    0.190392] ACPI: IRQ9 used by override.
[    0.190393] ACPI: IRQ10 used by override.
[    0.190394] ACPI: IRQ11 used by override.
[    0.190465] Using ACPI (MADT) for SMP configuration information
[    0.190468] ACPI: HPET id: 0x8086a201 base: 0xfed00000
[    0.191150] smpboot: Allowing 8 CPUs, 0 hotplug CPUs
[    0.193540] PM: hibernation: Registered nosave memory: [mem 0x00000000-0x00000fff]
[    0.193543] PM: hibernation: Registered nosave memory: [mem 0x0009f000-0x0009ffff]
[    0.193544] PM: hibernation: Registered nosave memory: [mem 0x000a0000-0x000effff]
[    0.193545] PM: hibernation: Registered nosave memory: [mem 0x000f0000-0x000fffff]
[    0.193547] [mem 0x20000000-0xafffffff] available for PCI devices
[    0.193819] Booting paravirtualized kernel on KVM
[    0.194896] clocksource: refined-jiffies: mask: 0xffffffff max_cycles: 0xffffffff, max_idle_ns: 1910969940391419 ns
[    0.232567] setup_percpu: NR_CPUS:8 nr_cpumask_bits:8 nr_cpu_ids:8 nr_node_ids:1
[    0.284478] percpu: Embedded 56 pages/cpu s191512 r8192 d29672 u262144
[    0.284533] pcpu-alloc: s191512 r8192 d29672 u262144 alloc=1*2097152
[    0.284590] pcpu-alloc: [0] 0 1 2 3 4 5 6 7 
[    0.285102] kvm-guest: stealtime: cpu 0, msr 1f41b600
[    0.285375] Built 1 zonelists, mobility grouping on.  Total pages: 128872
[    0.285376] Policy zone: DMA32
[    0.285559] Kernel command line: selinux=0 initcall_debug debug console=ttyS0 rcutree.rcu_fanout_leaf=4 nohz_full=1-7 rcutorture.onoff_interval=1000 rcutorture.onoff_holdoff=30 rcutorture.n_barrier_cbs=4 rcutorture.stat_interval=15 rcutorture.shutdown_secs=1800 rcutorture.test_no_idle_hz=1 rcutorture.verbose=1
[    0.302901] Dentry cache hash table entries: 65536 (order: 7, 524288 bytes, linear)
[    0.306425] Inode-cache hash table entries: 32768 (order: 6, 262144 bytes, linear)
[    0.307351] mem auto-init: stack:all(zero), heap alloc:off, heap free:off
[    0.319020] Memory: 479784K/523764K available (14349K kernel code, 2548K rwdata, 4708K rodata, 1504K init, 1480K bss, 43720K reserved, 0K cma-reserved)
[    0.320063] SLUB: HWalign=64, Order=0-3, MinObjects=0, CPUs=8, Nodes=1
[    0.320870] Kernel/User page tables isolation: enabled
[    0.336630] rcu: Hierarchical RCU implementation.
[    0.336633] rcu: 	RCU event tracing is enabled.
[    0.336635] rcu: 	CONFIG_RCU_FANOUT set to non-default value of 4.
[    0.336636] rcu: 	RCU dyntick-idle grace-period acceleration is enabled.
[    0.336637] rcu: 	Build-time adjustment of leaf fanout to 3.
[    0.336638] rcu: 	Boot-time adjustment of leaf fanout to 4.
[    0.336640] rcu: 	RCU debug extended QS entry/exit.
[    0.336681] 	Trampoline variant of Tasks RCU enabled.
[    0.336682] 	Rude variant of Tasks RCU enabled.
[    0.336775] 	Tracing variant of Tasks RCU enabled.
[    0.336832] rcu: RCU calculated value of scheduler-enlistment delay is 100 jiffies.
[    0.336834] rcu: Adjusting geometry for rcu_fanout_leaf=4, nr_cpu_ids=8
[    0.359721] NR_IRQS: 4352, nr_irqs: 488, preallocated irqs: 16
[    0.361611] NO_HZ: Full dynticks CPUs: 1-7.
[    0.361614] rcu: 	Offload RCU callbacks from CPUs: 1-7.
[    0.364013] calling  con_init+0x0/0x22a @ 0
[    0.521813] Console: colour VGA+ 80x25
[    0.521826] initcall con_init+0x0/0x22a returned 0 after 0 usecs
[    0.521830] calling  hvc_console_init+0x0/0x13 @ 0
[    0.521878] initcall hvc_console_init+0x0/0x13 returned 0 after 0 usecs
[    0.521881] calling  univ8250_console_init+0x0/0x26 @ 0
[    1.481738] printk: console [ttyS0] enabled
[    1.487702] initcall univ8250_console_init+0x0/0x26 returned 0 after 0 usecs
[    1.495914] ACPI: Core revision 20200925
[    1.501956] clocksource: hpet: mask: 0xffffffff max_cycles: 0xffffffff, max_idle_ns: 19112604467 ns
[    1.513194] APIC: Switch to symmetric I/O mode setup
[    1.534039] ..TIMER: vector=0x30 apic1=0 pin1=2 apic2=-1 pin2=-1
[    1.541182] clocksource: tsc-early: mask: 0xffffffffffffffff max_cycles: 0x39a85afc727, max_idle_ns: 881590685098 ns
[    1.553153] Calibrating delay loop (skipped) preset value.. 3999.99 BogoMIPS (lpj=1999999)
[    1.554140] pid_max: default: 32768 minimum: 301
[    1.555302] LSM: Security Framework initializing
[    1.556296] Mount-cache hash table entries: 1024 (order: 1, 8192 bytes, linear)
[    1.558168] Mountpoint-cache hash table entries: 1024 (order: 1, 8192 bytes, linear)
[    1.564898] Last level iTLB entries: 4KB 0, 2MB 0, 4MB 0
[    1.565138] Last level dTLB entries: 4KB 0, 2MB 0, 4MB 0, 1GB 0
[    1.566193] Spectre V1 : Mitigation: usercopy/swapgs barriers and __user pointer sanitization
[    1.567140] Spectre V2 : Mitigation: Retpolines
[    1.568137] Spectre V2 : Spectre v2 / SpectreRSB mitigation: Filling RSB on context switch
[    1.569137] Spectre V2 : Spectre v2 / SpectreRSB : Filling RSB on VMEXIT
[    1.570138] Speculative Store Bypass: Vulnerable
[    1.571142] MDS: Vulnerable: Clear CPU buffers attempted, no microcode
[    1.572138] MMIO Stale Data: Unknown: No mitigations
[    1.635272] Freeing SMP alternatives memory: 44K
[    1.741668] smpboot: CPU0: Intel Common KVM processor (family: 0xf, model: 0x6, stepping: 0x1)
[    1.743361] calling  init_hw_perf_events+0x0/0x6ce @ 1
[    1.744138] Performance Events: unsupported Netburst CPU model 6 no PMU driver, software events only.
[    1.745144] initcall init_hw_perf_events+0x0/0x6ce returned 0 after 976 usecs
[    1.746144] calling  init_real_mode+0x0/0x1e9 @ 1
[    1.748573] initcall init_real_mode+0x0/0x1e9 returned 0 after 976 usecs
[    1.749142] calling  trace_init_perf_perm_irq_work_exit+0x0/0x12 @ 1
[    1.750142] initcall trace_init_perf_perm_irq_work_exit+0x0/0x12 returned 0 after 0 usecs
[    1.751181] calling  validate_x2apic+0x0/0x4a @ 1
[    1.753141] initcall validate_x2apic+0x0/0x4a returned 0 after 976 usecs
[    1.754140] calling  register_nmi_cpu_backtrace_handler+0x0/0x15 @ 1
[    1.755141] initcall register_nmi_cpu_backtrace_handler+0x0/0x15 returned 0 after 0 usecs
[    1.756141] calling  kvm_setup_vsyscall_timeinfo+0x0/0xce @ 1
[    1.757141] initcall kvm_setup_vsyscall_timeinfo+0x0/0xce returned 0 after 0 usecs
[    1.758165] calling  spawn_ksoftirqd+0x0/0x38 @ 1
[    1.759237] initcall spawn_ksoftirqd+0x0/0x38 returned 0 after 0 usecs
[    1.760175] calling  migration_init+0x0/0x3c @ 1
[    1.761141] initcall migration_init+0x0/0x3c returned 0 after 0 usecs
[    1.762140] calling  srcu_bootup_announce+0x0/0x2f @ 1
[    1.763138] rcu: Hierarchical SRCU implementation.
[    1.764139] initcall srcu_bootup_announce+0x0/0x2f returned 0 after 976 usecs
[    1.765138] calling  rcu_spawn_gp_kthread+0x0/0x1dd @ 1
[    1.766232] initcall rcu_spawn_gp_kthread+0x0/0x1dd returned 0 after 0 usecs
[    1.767139] calling  check_cpu_stall_init+0x0/0x1a @ 1
[    1.768139] initcall check_cpu_stall_init+0x0/0x1a returned 0 after 0 usecs
[    1.769139] calling  rcu_sysrq_init+0x0/0x21 @ 1
[    1.770139] initcall rcu_sysrq_init+0x0/0x21 returned 0 after 0 usecs
[    1.771140] calling  trace_init_flags_sys_enter+0x0/0xe @ 1
[    1.772139] initcall trace_init_flags_sys_enter+0x0/0xe returned 0 after 0 usecs
[    1.773139] calling  trace_init_flags_sys_exit+0x0/0xe @ 1
[    1.774139] initcall trace_init_flags_sys_exit+0x0/0xe returned 0 after 0 usecs
[    1.775140] calling  cpu_stop_init+0x0/0x6e @ 1
[    1.776313] initcall cpu_stop_init+0x0/0x6e returned 0 after 0 usecs
[    1.778139] calling  init_kprobes+0x0/0x165 @ 1
[    1.779883] initcall init_kprobes+0x0/0x165 returned 0 after 0 usecs
[    1.780142] calling  init_events+0x0/0x3d @ 1
[    1.781159] initcall init_events+0x0/0x3d returned 0 after 0 usecs
[    1.782139] calling  init_trace_printk+0x0/0xc @ 1
[    1.783141] initcall init_trace_printk+0x0/0xc returned 0 after 0 usecs
[    1.784140] calling  event_trace_enable_again+0x0/0x23 @ 1
[    1.785140] initcall event_trace_enable_again+0x0/0x23 returned 0 after 0 usecs
[    1.786141] calling  static_call_init+0x0/0x77 @ 1
[    1.787139] initcall static_call_init+0x0/0x77 returned 0 after 0 usecs
[    1.788140] calling  jump_label_init_module+0x0/0xc @ 1
[    1.789140] initcall jump_label_init_module+0x0/0xc returned 0 after 0 usecs
[    1.790140] calling  init_zero_pfn+0x0/0x37 @ 1
[    1.791139] initcall init_zero_pfn+0x0/0x37 returned 0 after 0 usecs
[    1.792139] calling  initialize_ptr_random+0x0/0x54 @ 1
[    1.793141] initcall initialize_ptr_random+0x0/0x54 returned 0 after 0 usecs
[    1.794144] calling  efi_memreserve_root_init+0x0/0x25 @ 1
[    1.795157] initcall efi_memreserve_root_init+0x0/0x25 returned 0 after 0 usecs
[    1.796155] calling  efi_earlycon_remap_fb+0x0/0x51 @ 1
[    1.797141] initcall efi_earlycon_remap_fb+0x0/0x51 returned 0 after 0 usecs
[    1.798771] smp: Bringing up secondary CPUs ...
[    1.803138] x86: Booting SMP configuration:
[    1.804139] .... node  #0, CPUs:      #1
[    1.188376] kvm-clock: cpu 1, msr 12ea8041, secondary cpu clock
[    1.829475] kvm-guest: stealtime: cpu 1, msr 1f45b600
[    1.843550]  #2
[    1.188376] kvm-clock: cpu 2, msr 12ea8081, secondary cpu clock
[    1.867543] kvm-guest: stealtime: cpu 2, msr 1f49b600
[    1.884488]  #3
[    1.188376] kvm-clock: cpu 3, msr 12ea80c1, secondary cpu clock
[    1.907575] kvm-guest: stealtime: cpu 3, msr 1f4db600
[    1.922144]  #4
[    1.188376] kvm-clock: cpu 4, msr 12ea8101, secondary cpu clock
[    1.944492] kvm-guest: stealtime: cpu 4, msr 1f51b600
[    1.958747]  #5
[    1.188376] kvm-clock: cpu 5, msr 12ea8141, secondary cpu clock
[    1.979135] kvm-guest: stealtime: cpu 5, msr 1f55b600
[    1.994163]  #6
[    1.188376] kvm-clock: cpu 6, msr 12ea8181, secondary cpu clock
[    2.017478] kvm-guest: stealtime: cpu 6, msr 1f59b600
[    2.032799]  #7
[    1.188376] kvm-clock: cpu 7, msr 12ea81c1, secondary cpu clock
[    2.056258] kvm-guest: stealtime: cpu 7, msr 1f5db600
[    2.070830] smp: Brought up 1 node, 8 CPUs
[    2.071146] smpboot: Max logical packages: 1
[    2.072141] smpboot: Total of 8 processors activated (31999.98 BogoMIPS)
[    2.077266] devtmpfs: initialized
[    2.078526] calling  ipc_ns_init+0x0/0x3d @ 1
[    2.079204] initcall ipc_ns_init+0x0/0x3d returned 0 after 0 usecs
[    2.080142] calling  init_mmap_min_addr+0x0/0x21 @ 1
[    2.081141] initcall init_mmap_min_addr+0x0/0x21 returned 0 after 0 usecs
[    2.082142] calling  pci_realloc_setup_params+0x0/0x3f @ 1
[    2.083141] initcall pci_realloc_setup_params+0x0/0x3f returned 0 after 0 usecs
[    2.084141] calling  net_ns_init+0x0/0x11c @ 1
[    2.086203] initcall net_ns_init+0x0/0x11c returned 0 after 976 usecs
[    2.087162] calling  e820__register_nvs_regions+0x0/0x37 @ 1
[    2.088142] initcall e820__register_nvs_regions+0x0/0x37 returned 0 after 0 usecs
[    2.089144] calling  cpufreq_register_tsc_scaling+0x0/0x2e @ 1
[    2.090141] initcall cpufreq_register_tsc_scaling+0x0/0x2e returned 0 after 0 usecs
[    2.091142] calling  reboot_init+0x0/0x3c @ 1
[    2.092327] initcall reboot_init+0x0/0x3c returned 0 after 0 usecs
[    2.093142] calling  init_lapic_sysfs+0x0/0x20 @ 1
[    2.094141] initcall init_lapic_sysfs+0x0/0x20 returned 0 after 0 usecs
[    2.095146] calling  alloc_frozen_cpus+0x0/0x7 @ 1
[    2.096141] initcall alloc_frozen_cpus+0x0/0x7 returned 0 after 0 usecs
[    2.097140] calling  cpu_hotplug_pm_sync_init+0x0/0x13 @ 1
[    2.099143] initcall cpu_hotplug_pm_sync_init+0x0/0x13 returned 0 after 0 usecs
[    2.100143] calling  wq_sysfs_init+0x0/0x2a @ 1
[    2.101220] initcall wq_sysfs_init+0x0/0x2a returned 0 after 0 usecs
[    2.102141] calling  ksysfs_init+0x0/0x92 @ 1
[    2.103149] initcall ksysfs_init+0x0/0x92 returned 0 after 0 usecs
[    2.104142] calling  schedutil_gov_init+0x0/0xc @ 1
[    2.105547] initcall schedutil_gov_init+0x0/0xc returned 0 after 0 usecs
[    2.106141] calling  pm_init+0x0/0x76 @ 1
[    2.107205] initcall pm_init+0x0/0x76 returned 0 after 0 usecs
[    2.108141] calling  pm_disk_init+0x0/0x13 @ 1
[    2.109256] initcall pm_disk_init+0x0/0x13 returned 0 after 0 usecs
[    2.110142] calling  swsusp_header_init+0x0/0x2b @ 1
[    2.111172] initcall swsusp_header_init+0x0/0x2b returned 0 after 0 usecs
[    2.113140] calling  rcu_set_runtime_mode+0x0/0x16 @ 1
[    2.114167] initcall rcu_set_runtime_mode+0x0/0x16 returned 0 after 0 usecs
[    2.115140] calling  init_jiffies_clocksource+0x0/0x13 @ 1
[    2.116140] clocksource: jiffies: mask: 0xffffffff max_cycles: 0xffffffff, max_idle_ns: 1911260446275000 ns
[    2.117142] initcall init_jiffies_clocksource+0x0/0x13 returned 0 after 976 usecs
[    2.118140] calling  futex_init+0x0/0xf7 @ 1
[    2.119143] futex hash table entries: 2048 (order: 5, 131072 bytes, linear)
[    2.120563] initcall futex_init+0x0/0xf7 returned 0 after 976 usecs
[    2.121142] calling  cgroup_wq_init+0x0/0x28 @ 1
[    2.122148] initcall cgroup_wq_init+0x0/0x28 returned 0 after 0 usecs
[    2.123139] calling  cgroup1_wq_init+0x0/0x28 @ 1
[    2.124147] initcall cgroup1_wq_init+0x0/0x28 returned 0 after 0 usecs
[    2.125141] calling  init_kprobe_trace_early+0x0/0x2a @ 1
[    2.126142] initcall init_kprobe_trace_early+0x0/0x2a returned 0 after 0 usecs
[    2.127143] calling  fsnotify_init+0x0/0x48 @ 1
[    2.128159] initcall fsnotify_init+0x0/0x48 returned 0 after 0 usecs
[    2.129144] calling  filelock_init+0x0/0x96 @ 1
[    2.130157] initcall filelock_init+0x0/0x96 returned 0 after 0 usecs
[    2.131142] calling  init_misc_binfmt+0x0/0x2c @ 1
[    2.133140] initcall init_misc_binfmt+0x0/0x2c returned 0 after 976 usecs
[    2.134141] calling  init_script_binfmt+0x0/0x15 @ 1
[    2.135141] initcall init_script_binfmt+0x0/0x15 returned 0 after 0 usecs
[    2.136140] calling  init_elf_binfmt+0x0/0x15 @ 1
[    2.137141] initcall init_elf_binfmt+0x0/0x15 returned 0 after 0 usecs
[    2.138141] calling  init_compat_elf_binfmt+0x0/0x15 @ 1
[    2.139141] initcall init_compat_elf_binfmt+0x0/0x15 returned 0 after 0 usecs
[    2.140144] calling  debugfs_init+0x0/0x5c @ 1
[    2.141149] initcall debugfs_init+0x0/0x5c returned 0 after 0 usecs
[    2.142142] calling  tracefs_init+0x0/0x3a @ 1
[    2.143145] initcall tracefs_init+0x0/0x3a returned 0 after 0 usecs
[    2.144140] calling  prandom_init_early+0x0/0x15d @ 1
[    2.145143] initcall prandom_init_early+0x0/0x15d returned 0 after 0 usecs
[    2.146257] calling  virtio_init+0x0/0x20 @ 1
[    2.147188] initcall virtio_init+0x0/0x20 returned 0 after 0 usecs
[    2.148142] calling  iommu_init+0x0/0x2a @ 1
[    2.149147] initcall iommu_init+0x0/0x2a returned 0 after 0 usecs
[    2.150142] calling  component_debug_init+0x0/0x1c @ 1
[    2.151191] initcall component_debug_init+0x0/0x1c returned 0 after 0 usecs
[    2.152141] calling  early_resume_init+0x0/0xb9 @ 1
[    2.154159] PM: RTC time: 03:48:46, date: 2022-12-13
[    2.155163] initcall early_resume_init+0x0/0xb9 returned 0 after 1953 usecs
[    2.156143] calling  cpufreq_core_init+0x0/0x62 @ 1
[    2.157165] initcall cpufreq_core_init+0x0/0x62 returned 0 after 0 usecs
[    2.158144] calling  cpufreq_gov_performance_init+0x0/0xc @ 1
[    2.159166] initcall cpufreq_gov_performance_init+0x0/0xc returned 0 after 0 usecs
[    2.160146] calling  cpufreq_gov_userspace_init+0x0/0xc @ 1
[    2.162144] initcall cpufreq_gov_userspace_init+0x0/0xc returned 0 after 976 usecs
[    2.163145] calling  CPU_FREQ_GOV_ONDEMAND_init+0x0/0xc @ 1
[    2.164143] initcall CPU_FREQ_GOV_ONDEMAND_init+0x0/0xc returned 0 after 0 usecs
[    2.165142] calling  cpuidle_init+0x0/0x1f @ 1
[    2.166164] initcall cpuidle_init+0x0/0x1f returned 0 after 0 usecs
[    2.167142] calling  capsule_reboot_register+0x0/0xc @ 1
[    2.168160] initcall capsule_reboot_register+0x0/0xc returned 0 after 0 usecs
[    2.169142] calling  sock_init+0x0/0x93 @ 1
[    2.171623] initcall sock_init+0x0/0x93 returned 0 after 976 usecs
[    2.179149] calling  net_inuse_init+0x0/0x23 @ 1
[    2.185150] initcall net_inuse_init+0x0/0x23 returned 0 after 0 usecs
[    2.193144] calling  net_defaults_init+0x0/0x23 @ 1
[    2.199144] initcall net_defaults_init+0x0/0x23 returned 0 after 0 usecs
[    2.208143] calling  init_default_flow_dissectors+0x0/0x4f @ 1
[    2.215303] initcall init_default_flow_dissectors+0x0/0x4f returned 0 after 0 usecs
[    2.224143] calling  netpoll_init+0x0/0x26 @ 1
[    2.230141] initcall netpoll_init+0x0/0x26 returned 0 after 0 usecs
[    2.237141] calling  netlink_proto_init+0x0/0x14f @ 1
[    2.244349] NET: Registered protocol family 16
[    2.250150] initcall netlink_proto_init+0x0/0x14f returned 0 after 5859 usecs
[    2.258142] calling  genl_init+0x0/0x35 @ 1
[    2.265263] initcall genl_init+0x0/0x35 returned 0 after 0 usecs
[    2.274145] calling  bsp_pm_check_init+0x0/0x13 @ 1
[    2.281146] initcall bsp_pm_check_init+0x0/0x13 returned 0 after 0 usecs
[    2.291179] calling  irq_sysfs_init+0x0/0xb7 @ 1
[    2.297332] initcall irq_sysfs_init+0x0/0xb7 returned 0 after 0 usecs
[    2.305143] calling  audit_init+0x0/0x160 @ 1
[    2.310144] audit: initializing netlink subsys (disabled)
[    2.317683] initcall audit_init+0x0/0x160 returned 0 after 7812 usecs
[    2.318269] audit: type=2000 audit(1670903324.706:1): state=initialized audit_enabled=0 res=1
[    2.318144] calling  release_early_probes+0x0/0x32 @ 1
[    2.318150] initcall release_early_probes+0x0/0x32 returned 0 after 0 usecs
[    2.334146] calling  bdi_class_init+0x0/0x48 @ 1
[    2.340604] initcall bdi_class_init+0x0/0x48 returned 0 after 0 usecs
[    2.348143] calling  mm_sysfs_init+0x0/0x28 @ 1
[    2.354168] initcall mm_sysfs_init+0x0/0x28 returned 0 after 0 usecs
[    2.361143] calling  init_per_zone_wmark_min+0x0/0x6d @ 1
[    2.368162] initcall init_per_zone_wmark_min+0x0/0x6d returned 0 after 0 usecs
[    2.376142] calling  mpi_init+0x0/0x3e @ 1
[    2.382155] initcall mpi_init+0x0/0x3e returned 0 after 0 usecs
[    2.389141] calling  kobject_uevent_init+0x0/0xc @ 1
[    2.396156] initcall kobject_uevent_init+0x0/0xc returned 0 after 0 usecs
[    2.405144] calling  pcibus_class_init+0x0/0x13 @ 1
[    2.411175] initcall pcibus_class_init+0x0/0x13 returned 0 after 0 usecs
[    2.418199] calling  pci_driver_init+0x0/0x21 @ 1
[    2.425198] initcall pci_driver_init+0x0/0x21 returned 0 after 0 usecs
[    2.432142] calling  backlight_class_init+0x0/0xa8 @ 1
[    2.439179] initcall backlight_class_init+0x0/0xa8 returned 0 after 0 usecs
[    2.450149] calling  tty_class_init+0x0/0x33 @ 1
[    2.457164] initcall tty_class_init+0x0/0x33 returned 0 after 0 usecs
[    2.467146] calling  vtconsole_class_init+0x0/0xb5 @ 1
[    2.473247] initcall vtconsole_class_init+0x0/0xb5 returned 0 after 0 usecs
[    2.481143] calling  iommu_dev_init+0x0/0x13 @ 1
[    2.487167] initcall iommu_dev_init+0x0/0x13 returned 0 after 0 usecs
[    2.494143] calling  mipi_dsi_bus_init+0x0/0xc @ 1
[    2.500170] initcall mipi_dsi_bus_init+0x0/0xc returned 0 after 0 usecs
[    2.508141] calling  devlink_class_init+0x0/0x40 @ 1
[    2.514149] initcall devlink_class_init+0x0/0x40 returned 0 after 0 usecs
[    2.522141] calling  software_node_init+0x0/0x2a @ 1
[    2.528150] initcall software_node_init+0x0/0x2a returned 0 after 0 usecs
[    2.537146] calling  wakeup_sources_debugfs_init+0x0/0x23 @ 1
[    2.545226] initcall wakeup_sources_debugfs_init+0x0/0x23 returned 0 after 0 usecs
[    2.556158] calling  wakeup_sources_sysfs_init+0x0/0x2c @ 1
[    2.564173] initcall wakeup_sources_sysfs_init+0x0/0x2c returned 0 after 0 usecs
[    2.574148] calling  register_node_type+0x0/0x13 @ 1
[    2.581144] initcall register_node_type+0x0/0x13 returned 0 after 0 usecs
[    2.589143] calling  regmap_initcall+0x0/0xc @ 1
[    2.595172] initcall regmap_initcall+0x0/0xc returned 0 after 0 usecs
[    2.603144] calling  i2c_init+0x0/0xb3 @ 1
[    2.608194] initcall i2c_init+0x0/0xb3 returned 0 after 0 usecs
[    2.615142] calling  thermal_init+0x0/0xf2 @ 1
[    2.620158] thermal_sys: Registered thermal governor 'step_wise'
[    2.620159] thermal_sys: Registered thermal governor 'user_space'
[    2.627155] initcall thermal_init+0x0/0xf2 returned 0 after 6835 usecs
[    2.643142] calling  init_menu+0x0/0xc @ 1
[    2.650343] cpuidle: using governor menu
[    2.651150] initcall init_menu+0x0/0xc returned 0 after 2929 usecs
[    2.652152] calling  pcc_init+0x0/0x4d @ 1
[    2.653145] initcall pcc_init+0x0/0x4d returned -19 after 0 usecs
[    2.654143] calling  amd_postcore_init+0x0/0x11e @ 1
[    2.655143] initcall amd_postcore_init+0x0/0x11e returned 0 after 0 usecs
[    2.656189] calling  bts_init+0x0/0xba @ 1
[    2.657235] initcall bts_init+0x0/0xba returned -19 after 0 usecs
[    2.658144] calling  pt_init+0x0/0x341 @ 1
[    2.659160] initcall pt_init+0x0/0x341 returned -19 after 0 usecs
[    2.660141] calling  boot_params_ksysfs_init+0x0/0x2ee @ 1
[    2.661211] initcall boot_params_ksysfs_init+0x0/0x2ee returned 0 after 0 usecs
[    2.662142] calling  sbf_init+0x0/0xea @ 1
[    2.663142] initcall sbf_init+0x0/0xea returned 0 after 0 usecs
[    2.664140] calling  arch_kdebugfs_init+0x0/0x219 @ 1
[    2.665156] initcall arch_kdebugfs_init+0x0/0x219 returned 0 after 0 usecs
[    2.666163] calling  intel_pconfig_init+0x0/0x85 @ 1
[    2.667141] initcall intel_pconfig_init+0x0/0x85 returned 0 after 0 usecs
[    2.668142] calling  mtrr_if_init+0x0/0x5d @ 1
[    2.669145] initcall mtrr_if_init+0x0/0x5d returned 0 after 0 usecs
[    2.670142] calling  activate_jump_labels+0x0/0x31 @ 1
[    2.671143] initcall activate_jump_labels+0x0/0x31 returned 0 after 0 usecs
[    2.672142] calling  ffh_cstate_init+0x0/0x29 @ 1
[    2.673164] initcall ffh_cstate_init+0x0/0x29 returned 0 after 0 usecs
[    2.674143] calling  activate_jump_labels+0x0/0x31 @ 1
[    2.675848] initcall activate_jump_labels+0x0/0x31 returned 0 after 0 usecs
[    2.676142] calling  kvm_alloc_cpumask+0x0/0x74 @ 1
[    2.677193] initcall kvm_alloc_cpumask+0x0/0x74 returned 0 after 0 usecs
[    2.678142] calling  kcmp_cookies_init+0x0/0x37 @ 1
[    2.679149] initcall kcmp_cookies_init+0x0/0x37 returned 0 after 0 usecs
[    2.680144] calling  cryptomgr_init+0x0/0xc @ 1
[    2.681255] initcall cryptomgr_init+0x0/0xc returned 0 after 0 usecs
[    2.682143] calling  acpi_pci_init+0x0/0x57 @ 1
[    2.683140] ACPI: bus type PCI registered
[    2.684143] initcall acpi_pci_init+0x0/0x57 returned 0 after 976 usecs
[    2.685144] calling  dma_channel_table_init+0x0/0xd1 @ 1
[    2.686151] initcall dma_channel_table_init+0x0/0xd1 returned 0 after 0 usecs
[    2.687142] calling  dma_bus_init+0x0/0xdc @ 1
[    2.688209] initcall dma_bus_init+0x0/0xdc returned 0 after 0 usecs
[    2.689214] calling  iommu_dma_init+0x0/0x10 @ 1
[    2.690148] initcall iommu_dma_init+0x0/0x10 returned 0 after 0 usecs
[    2.691144] calling  dmi_id_init+0x0/0x37c @ 1
[    2.692294] initcall dmi_id_init+0x0/0x37c returned 0 after 0 usecs
[    2.693141] calling  pci_arch_init+0x0/0x71 @ 1
[    2.695648] PCI: MMCONFIG for domain 0000 [bus 00-ff] at [mem 0xb0000000-0xbfffffff] (base 0xb0000000)
[    2.696143] PCI: MMCONFIG at [mem 0xb0000000-0xbfffffff] reserved in E820
[    2.697175] PCI: Using configuration type 1 for base access
[    2.698258] initcall pci_arch_init+0x0/0x71 returned 0 after 3906 usecs
[    2.700144] calling  init_vdso+0x0/0x13 @ 1
[    2.701186] initcall init_vdso+0x0/0x13 returned 0 after 0 usecs
[    2.703142] calling  sysenter_setup+0x0/0x13 @ 1
[    2.704190] initcall sysenter_setup+0x0/0x13 returned 0 after 0 usecs
[    2.705142] calling  fixup_ht_bug+0x0/0xe5 @ 1
[    2.706140] initcall fixup_ht_bug+0x0/0xe5 returned 0 after 0 usecs
[    2.707141] calling  topology_init+0x0/0x88 @ 1
[    2.708462] initcall topology_init+0x0/0x88 returned 0 after 0 usecs
[    2.709141] calling  intel_epb_init+0x0/0x68 @ 1
[    2.710140] initcall intel_epb_init+0x0/0x68 returned -19 after 0 usecs
[    2.711140] calling  mtrr_init_finialize+0x0/0x3e @ 1
[    2.712141] initcall mtrr_init_finialize+0x0/0x3e returned 0 after 0 usecs
[    2.713142] calling  uid_cache_init+0x0/0x81 @ 1
[    2.714145] initcall uid_cache_init+0x0/0x81 returned 0 after 0 usecs
[    2.715181] calling  param_sysfs_init+0x0/0x1ba @ 1
[    2.719056] initcall param_sysfs_init+0x0/0x1ba returned 0 after 1953 usecs
[    2.719144] calling  user_namespace_sysctl_init+0x0/0x33 @ 1
[    2.720159] initcall user_namespace_sysctl_init+0x0/0x33 returned 0 after 0 usecs
[    2.721143] calling  proc_schedstat_init+0x0/0x24 @ 1
[    2.722150] initcall proc_schedstat_init+0x0/0x24 returned 0 after 0 usecs
[    2.723145] calling  pm_sysrq_init+0x0/0x18 @ 1
[    2.725322] initcall pm_sysrq_init+0x0/0x18 returned 0 after 976 usecs
[    2.734247] calling  create_proc_profile+0x0/0xd0 @ 1
[    2.740147] initcall create_proc_profile+0x0/0xd0 returned 0 after 0 usecs
[    2.750148] calling  time_ns_init+0x0/0x7 @ 1
[    2.757145] initcall time_ns_init+0x0/0x7 returned 0 after 0 usecs
[    2.766147] calling  crash_save_vmcoreinfo_init+0x0/0x722 @ 1
[    2.775394] initcall crash_save_vmcoreinfo_init+0x0/0x722 returned 0 after 0 usecs
[    2.785179] calling  crash_notes_memory_init+0x0/0x35 @ 1
[    2.791147] initcall crash_notes_memory_init+0x0/0x35 returned 0 after 0 usecs
[    2.800141] calling  cgroup_sysfs_init+0x0/0x13 @ 1
[    2.806151] initcall cgroup_sysfs_init+0x0/0x13 returned 0 after 0 usecs
[    2.815144] calling  cgroup_namespaces_init+0x0/0x7 @ 1
[    2.823145] initcall cgroup_namespaces_init+0x0/0x7 returned 0 after 0 usecs
[    2.834144] calling  init_optprobes+0x0/0x13 @ 1
[    2.841141] Kprobes globally optimized
[    2.845143] initcall init_optprobes+0x0/0x13 returned 0 after 3906 usecs
[    2.854143] calling  oom_init+0x0/0x2f @ 1
[    2.859441] initcall oom_init+0x0/0x2f returned 0 after 0 usecs
[    2.867145] calling  default_bdi_init+0x0/0xb3 @ 1
[    2.874381] initcall default_bdi_init+0x0/0xb3 returned 0 after 976 usecs
[    2.882161] calling  percpu_enable_async+0x0/0xe @ 1
[    2.889142] initcall percpu_enable_async+0x0/0xe returned 0 after 0 usecs
[    2.897143] calling  kcompactd_init+0x0/0x8d @ 1
[    2.903404] initcall kcompactd_init+0x0/0x8d returned 0 after 0 usecs
[    2.911209] calling  init_user_reserve+0x0/0x40 @ 1
[    2.918145] initcall init_user_reserve+0x0/0x40 returned 0 after 0 usecs
[    2.926144] calling  init_admin_reserve+0x0/0x40 @ 1
[    2.932144] initcall init_admin_reserve+0x0/0x40 returned 0 after 0 usecs
[    2.940144] calling  init_reserve_notifier+0x0/0x7 @ 1
[    2.947144] initcall init_reserve_notifier+0x0/0x7 returned 0 after 0 usecs
[    2.955143] calling  swap_init_sysfs+0x0/0x62 @ 1
[    2.961149] initcall swap_init_sysfs+0x0/0x62 returned 0 after 0 usecs
[    2.969145] calling  swapfile_init+0x0/0x94 @ 1
[    2.974143] initcall swapfile_init+0x0/0x94 returned 0 after 0 usecs
[    2.983144] calling  hugetlb_init+0x0/0x496 @ 1
[    2.988274] HugeTLB registered 2.00 MiB page size, pre-allocated 0 pages
[    2.997397] initcall hugetlb_init+0x0/0x496 returned 0 after 8789 usecs
[    3.005146] calling  io_wq_init+0x0/0x34 @ 1
[    3.011144] initcall io_wq_init+0x0/0x34 returned 0 after 0 usecs
[    3.018144] calling  seqiv_module_init+0x0/0xc @ 1
[    3.024177] initcall seqiv_module_init+0x0/0xc returned 0 after 0 usecs
[    3.033142] calling  echainiv_module_init+0x0/0xc @ 1
[    3.039143] initcall echainiv_module_init+0x0/0xc returned 0 after 0 usecs
[    3.045284] calling  rsa_init+0x0/0x50 @ 1
[    3.051576] initcall rsa_init+0x0/0x50 returned 0 after 976 usecs
[    3.051576] cryptomgr_test (71) used greatest stack depth: 15184 bytes left
[    3.051576] calling  crypto_cmac_module_init+0x0/0xc @ 1
[    3.051576] initcall crypto_cmac_module_init+0x0/0xc returned 0 after 0 usecs
[    3.051576] calling  hmac_module_init+0x0/0xc @ 1
[    3.051576] initcall hmac_module_init+0x0/0xc returned 0 after 0 usecs
[    3.083152] calling  crypto_null_mod_init+0x0/0x65 @ 1
[    3.130134] initcall crypto_null_mod_init+0x0/0x65 returned 0 after 38085 usecs
[    3.146558] calling  md5_mod_init+0x0/0xc @ 1
[    3.155225] initcall md5_mod_init+0x0/0xc returned 0 after 976 usecs
[    3.163191] calling  sha256_generic_mod_init+0x0/0x11 @ 1
[    3.181552] initcall sha256_generic_mod_init+0x0/0x11 returned 0 after 8789 usecs
[    3.190151] calling  crypto_cbc_module_init+0x0/0xc @ 1
[    3.199149] initcall crypto_cbc_module_init+0x0/0xc returned 0 after 0 usecs
[    3.209151] calling  crypto_ctr_module_init+0x0/0x11 @ 1
[    3.217148] initcall crypto_ctr_module_init+0x0/0x11 returned 0 after 0 usecs
[    3.227147] calling  crypto_gcm_module_init+0x0/0x64 @ 1
[    3.235186] initcall crypto_gcm_module_init+0x0/0x64 returned 0 after 0 usecs
[    3.244145] calling  crypto_ccm_module_init+0x0/0x11 @ 1
[    3.251147] initcall crypto_ccm_module_init+0x0/0x11 returned 0 after 0 usecs
[    3.261144] calling  aes_init+0x0/0xc @ 1
[    3.270145] initcall aes_init+0x0/0xc returned 0 after 2929 usecs
[    3.279146] calling  crc32c_mod_init+0x0/0xc @ 1
[    3.289487] initcall crc32c_mod_init+0x0/0xc returned 0 after 2929 usecs
[    3.298147] calling  crypto_authenc_module_init+0x0/0xc @ 1
[    3.306148] initcall crypto_authenc_module_init+0x0/0xc returned 0 after 0 usecs
[    3.317148] calling  crypto_authenc_esn_module_init+0x0/0xc @ 1
[    3.326149] initcall crypto_authenc_esn_module_init+0x0/0xc returned 0 after 0 usecs
[    3.336145] calling  drbg_init+0x0/0x7c @ 1
[    3.352426] cryptomgr_test (85) used greatest stack depth: 15136 bytes left
[    3.355172] initcall drbg_init+0x0/0x7c returned 0 after 12695 usecs
[    3.364353] calling  ghash_mod_init+0x0/0xc @ 1
[    3.372488] initcall ghash_mod_init+0x0/0xc returned 0 after 976 usecs
[    3.382145] calling  init_bio+0x0/0x9a @ 1
[    3.389524] initcall init_bio+0x0/0x9a returned 0 after 1953 usecs
[    3.399144] calling  blk_settings_init+0x0/0x29 @ 1
[    3.406143] initcall blk_settings_init+0x0/0x29 returned 0 after 0 usecs
[    3.417143] calling  blk_ioc_init+0x0/0x29 @ 1
[    3.423177] initcall blk_ioc_init+0x0/0x29 returned 0 after 976 usecs
[    3.433145] calling  blk_mq_init+0x0/0xb9 @ 1
[    3.440199] initcall blk_mq_init+0x0/0xb9 returned 0 after 0 usecs
[    3.450144] calling  genhd_device_init+0x0/0x75 @ 1
[    3.461794] initcall genhd_device_init+0x0/0x75 returned 0 after 4882 usecs
[    3.472494] calling  pci_slot_init+0x0/0x40 @ 1
[    3.480342] initcall pci_slot_init+0x0/0x40 returned 0 after 0 usecs
[    3.490144] calling  fbmem_init+0x0/0xd8 @ 1
[    3.497311] initcall fbmem_init+0x0/0xd8 returned 0 after 976 usecs
[    3.506143] calling  acpi_init+0x0/0x319 @ 1
[    3.513399] ACPI: Added _OSI(Module Device)
[    3.520140] ACPI: Added _OSI(Processor Device)
[    3.526142] ACPI: Added _OSI(3.0 _SCP Extensions)
[    3.533140] ACPI: Added _OSI(Processor Aggregator Device)
[    3.540142] ACPI: Added _OSI(Linux-Dell-Video)
[    3.546142] ACPI: Added _OSI(Linux-Lenovo-NV-HDMI-Audio)
[    3.550142] ACPI: Added _OSI(Linux-HPI-Hybrid-Graphics)
[    3.560400] ACPI: 1 ACPI AML tables successfully acquired and loaded
[    3.577873] ACPI: Interpreter enabled
[    3.583487] ACPI: (supports S0 S3 S4 S5)
[    3.588234] ACPI: Using IOAPIC for interrupt routing
[    3.595403] PCI: Using host bridge windows from ACPI; if necessary, use "pci=nocrs" and report a bug
[    3.607523] ACPI: Enabled 2 GPEs in block 00 to 3F
[    3.621263] ACPI: PCI Root Bridge [PCI0] (domain 0000 [bus 00-ff])
[    3.630253] acpi PNP0A08:00: _OSC: OS supports [ExtendedConfig ASPM ClockPM Segments MSI HPX-Type3]
[    3.644295] acpi PNP0A08:00: _OSC: platform does not support [LTR]
[    3.653242] acpi PNP0A08:00: _OSC: OS now controls [PME PCIeCapability]
[    3.663540] PCI host bridge to bus 0000:00
[    3.670169] pci_bus 0000:00: root bus resource [io  0x0000-0x0cf7 window]
[    3.681141] pci_bus 0000:00: root bus resource [io  0x0d00-0xffff window]
[    3.691142] pci_bus 0000:00: root bus resource [mem 0x000a0000-0x000bffff window]
[    3.702143] pci_bus 0000:00: root bus resource [mem 0x20000000-0xafffffff window]
[    3.713143] pci_bus 0000:00: root bus resource [mem 0xc0000000-0xfebfffff window]
[    3.725144] pci_bus 0000:00: root bus resource [mem 0x100000000-0x8ffffffff window]
[    3.736143] pci_bus 0000:00: root bus resource [bus 00-ff]
[    3.745493] pci 0000:00:00.0: calling  quirk_mmio_always_on+0x0/0x10 @ 1
[    3.753302] pci 0000:00:00.0: quirk_mmio_always_on+0x0/0x10 took 0 usecs
[    3.764179] pci 0000:00:00.0: [8086:29c0] type 00 class 0x060000
[    3.777134] pci 0000:00:00.0: calling  quirk_igfx_skip_te_disable+0x0/0x80 @ 1
[    3.787219] pci 0000:00:00.0: quirk_igfx_skip_te_disable+0x0/0x80 took 0 usecs
[    3.797771] pci 0000:00:01.0: [1234:1111] type 00 class 0x030000
[    3.812134] pci 0000:00:01.0: reg 0x10: [mem 0xfd000000-0xfdffffff pref]
[    3.842134] pci 0000:00:01.0: reg 0x18: [mem 0xfebf0000-0xfebf0fff]
[    3.904141] pci 0000:00:01.0: reg 0x30: [mem 0xfebe0000-0xfebeffff pref]
[    3.930139] pci 0000:00:01.0: calling  efifb_fixup_resources+0x0/0xf0 @ 1
[    3.938552] pci 0000:00:01.0: efifb_fixup_resources+0x0/0xf0 took 0 usecs
[    3.982784] pci 0000:00:1f.0: [8086:2918] type 00 class 0x060100
[    3.993134] pci 0000:00:1f.0: calling  quirk_ich7_lpc+0x0/0x60 @ 1
[    4.002422] pci 0000:00:1f.0: quirk: [io  0x0600-0x067f] claimed by ICH6 ACPI/GPIO/TCO
[    4.007576] pci 0000:00:1f.0: quirk_ich7_lpc+0x0/0x60 took 8789 usecs
[    4.013134] pci 0000:00:1f.0: calling  quirk_igfx_skip_te_disable+0x0/0x80 @ 1
[    4.017559] pci 0000:00:1f.0: quirk_igfx_skip_te_disable+0x0/0x80 took 0 usecs
[    4.025654] pci 0000:00:1f.2: [8086:2922] type 00 class 0x010601
[    4.035143] pci 0000:00:1f.2: reg 0x20: [io  0xc040-0xc05f]
[    4.040823] pci 0000:00:1f.2: reg 0x24: [mem 0xfebf1000-0xfebf1fff]
[    4.049134] pci 0000:00:1f.2: calling  quirk_igfx_skip_te_disable+0x0/0x80 @ 1
[    4.053147] pci 0000:00:1f.2: quirk_igfx_skip_te_disable+0x0/0x80 took 0 usecs
[    4.063141] pci 0000:00:1f.3: [8086:2930] type 00 class 0x0c0500
[    4.074143] pci 0000:00:1f.3: reg 0x20: [io  0x0700-0x073f]
[    4.083349] pci 0000:00:1f.3: calling  quirk_igfx_skip_te_disable+0x0/0x80 @ 1
[    4.091147] pci 0000:00:1f.3: quirk_igfx_skip_te_disable+0x0/0x80 took 0 usecs
[    4.117779] ACPI: PCI Interrupt Link [LNKA] (IRQs 5 *10 11)
[    4.125575] ACPI: PCI Interrupt Link [LNKB] (IRQs 5 *10 11)
[    4.133262] ACPI: PCI Interrupt Link [LNKC] (IRQs 5 10 *11)
[    4.141170] ACPI: PCI Interrupt Link [LNKD] (IRQs 5 10 *11)
[    4.148369] ACPI: PCI Interrupt Link [LNKE] (IRQs 5 *10 11)
[    4.155570] ACPI: PCI Interrupt Link [LNKF] (IRQs 5 *10 11)
[    4.163594] ACPI: PCI Interrupt Link [LNKG] (IRQs 5 10 *11)
[    4.171156] ACPI: PCI Interrupt Link [LNKH] (IRQs 5 10 *11)
[    4.178375] ACPI: PCI Interrupt Link [GSIA] (IRQs *16)
[    4.185153] ACPI: PCI Interrupt Link [GSIB] (IRQs *17)
[    4.191176] ACPI: PCI Interrupt Link [GSIC] (IRQs *18)
[    4.198169] ACPI: PCI Interrupt Link [GSID] (IRQs *19)
[    4.205177] ACPI: PCI Interrupt Link [GSIE] (IRQs *20)
[    4.211156] ACPI: PCI Interrupt Link [GSIF] (IRQs *21)
[    4.218172] ACPI: PCI Interrupt Link [GSIG] (IRQs *22)
[    4.224166] ACPI: PCI Interrupt Link [GSIH] (IRQs *23)
[    4.234134] initcall acpi_init+0x0/0x319 returned 0 after 703125 usecs
[    4.242301] calling  pnp_init+0x0/0xc @ 1
[    4.247189] initcall pnp_init+0x0/0xc returned 0 after 0 usecs
[    4.254140] calling  misc_init+0x0/0xbf @ 1
[    4.259606] initcall misc_init+0x0/0xbf returned 0 after 0 usecs
[    4.267147] calling  iommu_subsys_init+0x0/0x4e @ 1
[    4.273258] iommu: Default domain type: Translated 
[    4.278140] initcall iommu_subsys_init+0x0/0x4e returned 0 after 4882 usecs
[    4.287177] calling  vga_arb_device_init+0x0/0x261 @ 1
[    4.295600] pci 0000:00:01.0: vgaarb: setting as boot VGA device
[    4.302145] pci 0000:00:01.0: vgaarb: VGA device added: decodes=io+mem,owns=io+mem,locks=none
[    4.313332] pci 0000:00:01.0: vgaarb: bridge control possible
[    4.321139] vgaarb: loaded
[    4.324145] initcall vga_arb_device_init+0x0/0x261 returned 0 after 30273 usecs
[    4.333190] calling  cn_init+0x0/0xf0 @ 1
[    4.338825] initcall cn_init+0x0/0xf0 returned 0 after 976 usecs
[    4.346147] calling  dma_buf_init+0x0/0xad @ 1
[    4.352904] initcall dma_buf_init+0x0/0xad returned 0 after 976 usecs
[    4.361142] calling  init_scsi+0x0/0x79 @ 1
[    4.370146] SCSI subsystem initialized
[    4.375143] initcall init_scsi+0x0/0x79 returned 0 after 8789 usecs
[    4.383205] calling  ata_init+0x0/0x332 @ 1
[    4.390627] libata version 3.00 loaded.
[    4.396149] initcall ata_init+0x0/0x332 returned 0 after 6835 usecs
[    4.404145] calling  phy_init+0x0/0x250 @ 1
[    4.410632] initcall phy_init+0x0/0x250 returned 0 after 976 usecs
[    4.419143] calling  init_pcmcia_cs+0x0/0x35 @ 1
[    4.424531] initcall init_pcmcia_cs+0x0/0x35 returned 0 after 0 usecs
[    4.434142] calling  usb_common_init+0x0/0x1c @ 1
[    4.439283] initcall usb_common_init+0x0/0x1c returned 0 after 976 usecs
[    4.448141] calling  usb_init+0x0/0x12e @ 1
[    4.453517] ACPI: bus type USB registered
[    4.460528] usbcore: registered new interface driver usbfs
[    4.467556] usbcore: registered new interface driver hub
[    4.476158] usbcore: registered new device driver usb
[    4.482149] initcall usb_init+0x0/0x12e returned 0 after 28320 usecs
[    4.490145] calling  serio_init+0x0/0x29 @ 1
[    4.496198] initcall serio_init+0x0/0x29 returned 0 after 0 usecs
[    4.504151] calling  input_init+0x0/0xf6 @ 1
[    4.512410] initcall input_init+0x0/0xf6 returned 0 after 0 usecs
[    4.521147] calling  rtc_init+0x0/0x4d @ 1
[    4.526162] initcall rtc_init+0x0/0x4d returned 0 after 0 usecs
[    4.533148] calling  pps_init+0x0/0xa9 @ 1
[    4.540151] pps_core: LinuxPPS API ver. 1 registered
[    4.547143] pps_core: Software ver. 5.3.6 - Copyright 2005-2007 Rodolfo Giometti <giometti@linux.it>
[    4.558145] initcall pps_init+0x0/0xa9 returned 0 after 17578 usecs
[    4.566140] calling  ptp_init+0x0/0x98 @ 1
[    4.573165] PTP clock support registered
[    4.578146] initcall ptp_init+0x0/0x98 returned 0 after 4882 usecs
[    4.588145] calling  power_supply_class_init+0x0/0x3f @ 1
[    4.596816] initcall power_supply_class_init+0x0/0x3f returned 0 after 1953 usecs
[    4.610145] calling  hwmon_init+0x0/0x104 @ 1
[    4.617280] initcall hwmon_init+0x0/0x104 returned 0 after 0 usecs
[    4.626143] calling  md_init+0x0/0x16b @ 1
[    4.633907] initcall md_init+0x0/0x16b returned 0 after 1953 usecs
[    4.644145] calling  leds_init+0x0/0x3b @ 1
[    4.650312] initcall leds_init+0x0/0x3b returned 0 after 0 usecs
[    4.658153] calling  dmi_init+0x0/0x113 @ 1
[    4.666751] initcall dmi_init+0x0/0x113 returned 0 after 3906 usecs
[    4.673146] calling  efisubsys_init+0x0/0x4e7 @ 1
[    4.677384] initcall efisubsys_init+0x0/0x4e7 returned 0 after 0 usecs
[    4.682392] calling  nvmem_init+0x0/0xc @ 1
[    4.687222] initcall nvmem_init+0x0/0xc returned 0 after 0 usecs
[    4.697146] calling  init_soundcore+0x0/0x33 @ 1
[    4.704290] initcall init_soundcore+0x0/0x33 returned 0 after 0 usecs
[    4.713143] calling  alsa_sound_init+0x0/0x8f @ 1
[    4.719434] Advanced Linux Sound Architecture Driver Initialized.
[    4.727162] initcall alsa_sound_init+0x0/0x8f returned 0 after 7812 usecs
[    4.735144] calling  alsa_seq_device_init+0x0/0x71 @ 1
[    4.742165] initcall alsa_seq_device_init+0x0/0x71 returned 0 after 0 usecs
[    4.752143] calling  hda_bus_init+0x0/0xc @ 1
[    4.757174] initcall hda_bus_init+0x0/0xc returned 0 after 0 usecs
[    4.765141] calling  proto_init+0x0/0xc @ 1
[    4.770289] initcall proto_init+0x0/0xc returned 0 after 0 usecs
[    4.777141] calling  net_dev_init+0x0/0x209 @ 1
[    4.784160] initcall net_dev_init+0x0/0x209 returned 0 after 976 usecs
[    4.792142] calling  neigh_init+0x0/0x84 @ 1
[    4.798142] initcall neigh_init+0x0/0x84 returned 0 after 0 usecs
[    4.806144] calling  fib_notifier_init+0x0/0xc @ 1
[    4.814170] initcall fib_notifier_init+0x0/0xc returned 0 after 0 usecs
[    4.824143] calling  fib_rules_init+0x0/0xab @ 1
[    4.831140] initcall fib_rules_init+0x0/0xab returned 0 after 0 usecs
[    4.839141] calling  pktsched_init+0x0/0x10e @ 1
[    4.845217] initcall pktsched_init+0x0/0x10e returned 0 after 0 usecs
[    4.853141] calling  tc_filter_init+0x0/0xfa @ 1
[    4.858220] initcall tc_filter_init+0x0/0xfa returned 0 after 0 usecs
[    4.866141] calling  tc_action_init+0x0/0x54 @ 1
[    4.872142] initcall tc_action_init+0x0/0x54 returned 0 after 0 usecs
[    4.879141] calling  ethnl_init+0x0/0x52 @ 1
[    4.885298] initcall ethnl_init+0x0/0x52 returned 0 after 0 usecs
[    4.894144] calling  nexthop_init+0x0/0xd8 @ 1
[    4.901227] initcall nexthop_init+0x0/0xd8 returned 0 after 0 usecs
[    4.911145] calling  cipso_v4_init+0x0/0x5d @ 1
[    4.918253] initcall cipso_v4_init+0x0/0x5d returned 0 after 0 usecs
[    4.928145] calling  ieee80211_init+0x0/0x24 @ 1
[    4.935572] initcall ieee80211_init+0x0/0x24 returned 0 after 0 usecs
[    4.945147] calling  netlbl_init+0x0/0x78 @ 1
[    4.952191] NetLabel: Initializing
[    4.957140] NetLabel:  domain hash size = 128
[    4.964140] NetLabel:  protocols = UNLABELED CIPSOv4 CALIPSO
[    4.972294] NetLabel:  unlabeled traffic allowed by default
[    4.981152] initcall netlbl_init+0x0/0x78 returned 0 after 28320 usecs
[    4.991152] calling  rfkill_init+0x0/0x111 @ 1
[    4.998981] initcall rfkill_init+0x0/0x111 returned 0 after 1953 usecs
[    5.009148] calling  pci_subsys_init+0x0/0x66 @ 1
[    5.016198] PCI: Using ACPI for IRQ routing
[    5.739138] PCI: pci_cache_line_size set to 64 bytes
[    5.748988] e820: reserve RAM buffer [mem 0x0009fc00-0x0009ffff]
[    5.759178] e820: reserve RAM buffer [mem 0x1ffdf000-0x1fffffff]
[    5.768923] initcall pci_subsys_init+0x0/0x66 returned 0 after 734375 usecs
[    5.781299] calling  nmi_warning_debugfs+0x0/0x26 @ 1
[    5.790216] initcall nmi_warning_debugfs+0x0/0x26 returned 0 after 976 usecs
[    5.799152] calling  save_microcode_in_initrd+0x0/0x51 @ 1
[    5.806339] initcall save_microcode_in_initrd+0x0/0x51 returned 0 after 0 usecs
[    5.815197] calling  hpet_late_init+0x0/0x207 @ 1
[    5.821196] hpet: 3 channels of 0 reserved for per-cpu timers
[    5.829510] hpet0: at MMIO 0xfed00000, IRQs 2, 8, 0
[    5.836140] hpet0: 3 comparators, 64-bit 100.000000 MHz counter
[    5.847144] initcall hpet_late_init+0x0/0x207 returned 0 after 25390 usecs
[    5.855144] calling  init_amd_nbs+0x0/0x11c @ 1
[    5.860279] initcall init_amd_nbs+0x0/0x11c returned 0 after 0 usecs
[    5.868157] calling  clocksource_done_booting+0x0/0x41 @ 1
[    5.877134] clocksource: Switched to clocksource kvm-clock
[    5.879864] initcall clocksource_done_booting+0x0/0x41 returned 0 after 11420 usecs
[    5.879864] calling  tracer_init_tracefs+0x0/0x242 @ 1
[    5.996332] initcall tracer_init_tracefs+0x0/0x242 returned 0 after 167278 usecs
[    5.996332] calling  init_trace_printk_function_export+0x0/0x2c @ 1
[    5.996332] initcall init_trace_printk_function_export+0x0/0x2c returned 0 after 8 usecs
[    5.996332] calling  init_kprobe_trace+0x0/0x1a9 @ 1
[    5.996332] initcall init_kprobe_trace+0x0/0x1a9 returned 0 after 167 usecs
[    5.996332] calling  init_dynamic_event+0x0/0x3d @ 1
[    5.996332] initcall init_dynamic_event+0x0/0x3d returned 0 after 5 usecs
[    5.996332] calling  init_uprobe_trace+0x0/0x5c @ 1
[    5.996332] initcall init_uprobe_trace+0x0/0x5c returned 0 after 98 usecs
[    5.996332] calling  init_pipe_fs+0x0/0x44 @ 1
[    5.996332] initcall init_pipe_fs+0x0/0x44 returned 0 after 338 usecs
[    5.996332] calling  inotify_user_setup+0x0/0x47 @ 1
[    5.996332] initcall inotify_user_setup+0x0/0x47 returned 0 after 152 usecs
[    5.996332] calling  eventpoll_init+0x0/0xd4 @ 1
[    5.996332] initcall eventpoll_init+0x0/0xd4 returned 0 after 176 usecs
[    5.996332] calling  anon_inode_init+0x0/0x58 @ 1
[    5.996332] initcall anon_inode_init+0x0/0x58 returned 0 after 278 usecs
[    5.996332] calling  proc_locks_init+0x0/0x27 @ 1
[    5.996332] initcall proc_locks_init+0x0/0x27 returned 0 after 266 usecs
[    5.996332] calling  iomap_init+0x0/0x1b @ 1
[    5.996332] initcall iomap_init+0x0/0x1b returned 0 after 996 usecs
[    5.996332] calling  dquot_init+0x0/0x106 @ 1
[    5.996332] VFS: Disk quotas dquot_6.6.0
[    5.996332] VFS: Dquot-cache hash table entries: 512 (order 0, 4096 bytes)
[    5.996332] initcall dquot_init+0x0/0x106 returned 0 after 12621 usecs
[    5.996332] calling  quota_init+0x0/0x23 @ 1
[    5.996332] initcall quota_init+0x0/0x23 returned 0 after 581 usecs
[    5.996332] calling  proc_cmdline_init+0x0/0x21 @ 1
[    5.996332] initcall proc_cmdline_init+0x0/0x21 returned 0 after 16 usecs
[    5.996332] calling  proc_consoles_init+0x0/0x24 @ 1
[    5.996332] initcall proc_consoles_init+0x0/0x24 returned 0 after 37 usecs
[    5.996332] calling  proc_cpuinfo_init+0x0/0x1e @ 1
[    5.996332] initcall proc_cpuinfo_init+0x0/0x1e returned 0 after 3 usecs
[    5.996332] calling  proc_devices_init+0x0/0x24 @ 1
[    5.996332] initcall proc_devices_init+0x0/0x24 returned 0 after 14 usecs
[    5.996332] calling  proc_interrupts_init+0x0/0x24 @ 1
[    5.996332] initcall proc_interrupts_init+0x0/0x24 returned 0 after 3 usecs
[    6.316912] calling  proc_loadavg_init+0x0/0x21 @ 1
[    6.328444] initcall proc_loadavg_init+0x0/0x21 returned 0 after 3 usecs
[    6.336195] calling  proc_meminfo_init+0x0/0x21 @ 1
[    6.341981] initcall proc_meminfo_init+0x0/0x21 returned 0 after 3 usecs
[    6.349754] calling  proc_stat_init+0x0/0x1e @ 1
[    6.355106] initcall proc_stat_init+0x0/0x1e returned 0 after 4 usecs
[    6.362379] calling  proc_uptime_init+0x0/0x21 @ 1
[    6.367937] initcall proc_uptime_init+0x0/0x21 returned 0 after 2 usecs
[    6.375593] calling  proc_version_init+0x0/0x21 @ 1
[    6.381232] initcall proc_version_init+0x0/0x21 returned 0 after 2 usecs
[    6.388887] calling  proc_softirqs_init+0x0/0x21 @ 1
[    6.395275] initcall proc_softirqs_init+0x0/0x21 returned 0 after 3 usecs
[    6.405155] calling  proc_kcore_init+0x0/0xea @ 1
[    6.412300] initcall proc_kcore_init+0x0/0xea returned 0 after 146 usecs
[    6.422066] calling  vmcore_init+0x0/0x578 @ 1
[    6.427710] initcall vmcore_init+0x0/0x578 returned 0 after 16 usecs
[    6.435204] calling  proc_kmsg_init+0x0/0x21 @ 1
[    6.440539] initcall proc_kmsg_init+0x0/0x21 returned 0 after 4 usecs
[    6.448081] calling  proc_page_init+0x0/0x3b @ 1
[    6.453495] initcall proc_page_init+0x0/0x3b returned 0 after 4 usecs
[    6.461062] calling  init_ramfs_fs+0x0/0xc @ 1
[    6.466382] initcall init_ramfs_fs+0x0/0xc returned 0 after 39 usecs
[    6.473943] calling  init_hugetlbfs_fs+0x0/0xf6 @ 1
[    6.480052] initcall init_hugetlbfs_fs+0x0/0xf6 returned 0 after 280 usecs
[    6.488222] calling  blk_scsi_ioctl_init+0x0/0x2a5 @ 1
[    6.494344] initcall blk_scsi_ioctl_init+0x0/0x2a5 returned 0 after 30 usecs
[    6.502657] calling  acpi_event_init+0x0/0x2c @ 1
[    6.508475] initcall acpi_event_init+0x0/0x2c returned 0 after 74 usecs
[    6.516235] calling  pnp_system_init+0x0/0xc @ 1
[    6.522588] initcall pnp_system_init+0x0/0xc returned 0 after 619 usecs
[    6.531064] calling  pnpacpi_init+0x0/0x69 @ 1
[    6.536379] pnp: PnP ACPI init
[    6.542076] pnp 00:00: Plug and Play ACPI device, IDs PNP0303 (active)
[    6.550091] pnp 00:01: Plug and Play ACPI device, IDs PNP0f13 (active)
[    6.558094] pnp 00:02: Plug and Play ACPI device, IDs PNP0400 (active)
[    6.565902] pnp 00:03: Plug and Play ACPI device, IDs PNP0501 (active)
[    6.573872] pnp 00:04: Plug and Play ACPI device, IDs PNP0b00 (active)
[    6.583036] system 00:05: [mem 0xb0000000-0xbfffffff window] has been reserved
[    6.592101] system 00:05: Plug and Play ACPI device, IDs PNP0c01 (active)
[    6.602786] pnp: PnP ACPI: found 6 devices
[    6.608034] initcall pnpacpi_init+0x0/0x69 returned 0 after 70007 usecs
[    6.615858] calling  chr_dev_init+0x0/0x14d @ 1
[    6.628488] initcall chr_dev_init+0x0/0x14d returned 0 after 6666 usecs
[    6.637721] calling  firmware_class_init+0x0/0xe7 @ 1
[    6.643828] initcall firmware_class_init+0x0/0xe7 returned 0 after 86 usecs
[    6.652160] calling  init_pcmcia_bus+0x0/0x5b @ 1
[    6.658047] initcall init_pcmcia_bus+0x0/0x5b returned 0 after 288 usecs
[    6.665985] calling  init_acpi_pm_clocksource+0x0/0xda @ 1
[    6.679063] clocksource: acpi_pm: mask: 0xffffff max_cycles: 0xffffff, max_idle_ns: 2085701024 ns
[    6.692241] initcall init_acpi_pm_clocksource+0x0/0xda returned 0 after 18617 usecs
[    6.703599] calling  sysctl_core_init+0x0/0x26 @ 1
[    6.710464] initcall sysctl_core_init+0x0/0x26 returned 0 after 308 usecs
[    6.718582] calling  eth_offload_init+0x0/0x13 @ 1
[    6.724470] initcall eth_offload_init+0x0/0x13 returned 0 after 100 usecs
[    6.732662] calling  ipv4_offload_init+0x0/0x73 @ 1
[    6.738718] initcall ipv4_offload_init+0x0/0x73 returned 0 after 179 usecs
[    6.747197] calling  inet_init+0x0/0x276 @ 1
[    6.752540] NET: Registered protocol family 2
[    6.759141] IP idents hash table entries: 8192 (order: 4, 65536 bytes, linear)
[    6.772065] tcp_listen_portaddr_hash hash table entries: 256 (order: 0, 4096 bytes, linear)
[    6.784600] TCP established hash table entries: 4096 (order: 3, 32768 bytes, linear)
[    6.798404] TCP bind hash table entries: 4096 (order: 4, 65536 bytes, linear)
[    6.807268] TCP: Hash tables configured (established 4096 bind 4096)
[    6.815515] UDP hash table entries: 256 (order: 1, 8192 bytes, linear)
[    6.823306] UDP-Lite hash table entries: 256 (order: 1, 8192 bytes, linear)
[    6.832104] initcall inet_init+0x0/0x276 returned 0 after 77847 usecs
[    6.839807] calling  af_unix_init+0x0/0x4d @ 1
[    6.845152] NET: Registered protocol family 1
[    6.850560] initcall af_unix_init+0x0/0x4d returned 0 after 5283 usecs
[    6.858347] calling  ipv6_offload_init+0x0/0x7e @ 1
[    6.864342] initcall ipv6_offload_init+0x0/0x7e returned 0 after 82 usecs
[    6.872403] calling  init_sunrpc+0x0/0x65 @ 1
[    6.882226] RPC: Registered named UNIX socket transport module.
[    6.889348] RPC: Registered udp transport module.
[    6.901683] RPC: Registered tcp transport module.
[    6.907632] RPC: Registered tcp NFSv4.1 backchannel transport module.
[    6.915621] initcall init_sunrpc+0x0/0x65 returned 0 after 34813 usecs
[    6.923756] calling  cfg80211_init+0x0/0xc5 @ 1
[    6.938709] initcall cfg80211_init+0x0/0xc5 returned 0 after 8154 usecs
[    6.946977] calling  pcibios_assign_resources+0x0/0xbf @ 1
[    6.954223] pci_bus 0000:00: resource 4 [io  0x0000-0x0cf7 window]
[    6.961856] pci_bus 0000:00: resource 5 [io  0x0d00-0xffff window]
[    6.969322] pci_bus 0000:00: resource 6 [mem 0x000a0000-0x000bffff window]
[    6.977657] pci_bus 0000:00: resource 7 [mem 0x20000000-0xafffffff window]
[    6.986040] pci_bus 0000:00: resource 8 [mem 0xc0000000-0xfebfffff window]
[    6.994372] pci_bus 0000:00: resource 9 [mem 0x100000000-0x8ffffffff window]
[    7.003490] initcall pcibios_assign_resources+0x0/0xbf returned 0 after 48643 usecs
[    7.012776] calling  pci_apply_final_quirks+0x0/0x124 @ 1
[    7.020249] pci 0000:00:01.0: calling  pci_fixup_video+0x0/0xe0 @ 1
[    7.028572] pci 0000:00:01.0: Video device with shadowed ROM at [mem 0x000c0000-0x000dffff]
[    7.038827] pci 0000:00:01.0: pci_fixup_video+0x0/0xe0 took 10503 usecs
[    7.047686] PCI: CLS 0 bytes, default 64
[    7.052569] initcall pci_apply_final_quirks+0x0/0x124 returned 0 after 32282 usecs
[    7.061807] calling  acpi_reserve_resources+0x0/0xea @ 1
[    7.068524] initcall acpi_reserve_resources+0x0/0xea returned 0 after 149 usecs
[    7.077599] calling  populate_rootfs+0x0/0x102 @ 1
[    7.086339] initcall populate_rootfs+0x0/0x102 returned 0 after 2718 usecs
[    7.094705] calling  pci_iommu_init+0x0/0x3e @ 1
[    7.100530] initcall pci_iommu_init+0x0/0x3e returned 0 after 114 usecs
[    7.110330] calling  ia32_binfmt_init+0x0/0x13 @ 1
[    7.116346] initcall ia32_binfmt_init+0x0/0x13 returned 0 after 192 usecs
[    7.124568] calling  rapl_pmu_init+0x0/0x267 @ 1
[    7.130285] initcall rapl_pmu_init+0x0/0x267 returned -19 after 134 usecs
[    7.138460] calling  amd_uncore_init+0x0/0x310 @ 1
[    7.144306] initcall amd_uncore_init+0x0/0x310 returned -19 after 0 usecs
[    7.152691] calling  amd_ibs_init+0x0/0x243 @ 1
[    7.158268] initcall amd_ibs_init+0x0/0x243 returned -19 after 0 usecs
[    7.166346] calling  amd_iommu_pc_init+0x0/0x215 @ 1
[    7.172485] initcall amd_iommu_pc_init+0x0/0x215 returned -19 after 36 usecs
[    7.181114] calling  msr_init+0x0/0x55 @ 1
[    7.186601] initcall msr_init+0x0/0x55 returned 0 after 314 usecs
[    7.194777] calling  intel_uncore_init+0x0/0x36f @ 1
[    7.201649] initcall intel_uncore_init+0x0/0x36f returned -19 after 75 usecs
[    7.210979] calling  cstate_pmu_init+0x0/0x1a1 @ 1
[    7.216829] initcall cstate_pmu_init+0x0/0x1a1 returned -19 after 1 usecs
[    7.225103] calling  register_kernel_offset_dumper+0x0/0x1a @ 1
[    7.233453] initcall register_kernel_offset_dumper+0x0/0x1a returned 0 after 37 usecs
[    7.245145] calling  i8259A_init_ops+0x0/0x20 @ 1
[    7.252345] initcall i8259A_init_ops+0x0/0x20 returned 0 after 1 usecs
[    7.261587] calling  init_tsc_clocksource+0x0/0xa4 @ 1
[    7.267926] clocksource: tsc: mask: 0xffffffffffffffff max_cycles: 0x39a85afc727, max_idle_ns: 881590685098 ns
[    7.281850] initcall init_tsc_clocksource+0x0/0xa4 returned 0 after 13672 usecs
[    7.292639] calling  add_rtc_cmos+0x0/0xb0 @ 1
[    7.302784] initcall add_rtc_cmos+0x0/0xb0 returned 0 after 3391 usecs
[    7.312645] calling  i8237A_init_ops+0x0/0x3a @ 1
[    7.319841] initcall i8237A_init_ops+0x0/0x3a returned 0 after 208 usecs
[    7.328187] calling  umwait_init+0x0/0x94 @ 1
[    7.333658] initcall umwait_init+0x0/0x94 returned -19 after 22 usecs
[    7.341575] calling  thermal_throttle_init_device+0x0/0x3d @ 1
[    7.348869] initcall thermal_throttle_init_device+0x0/0x3d returned 0 after 110 usecs
[    7.358521] calling  msr_init+0x0/0xd7 @ 1
[    7.385327] initcall msr_init+0x0/0xd7 returned 0 after 21177 usecs
[    7.393089] calling  cpuid_init+0x0/0xd7 @ 1
[    7.409631] initcall cpuid_init+0x0/0xd7 returned 0 after 10845 usecs
[    7.417603] calling  ioapic_init_ops+0x0/0x13 @ 1
[    7.424255] initcall ioapic_init_ops+0x0/0x13 returned 0 after 64 usecs
[    7.433744] calling  add_pcspkr+0x0/0x6c @ 1
[    7.439596] initcall add_pcspkr+0x0/0x6c returned 0 after 362 usecs
[    7.448284] calling  start_periodic_check_for_corruption+0x0/0x30 @ 1
[    7.457710] check: Scanning for low memory corruption every 60 seconds
[    7.466616] initcall start_periodic_check_for_corruption+0x0/0x30 returned 0 after 8888 usecs
[    7.478515] calling  sysfb_init+0x0/0x9c @ 1
[    7.484824] initcall sysfb_init+0x0/0x9c returned 0 after 302 usecs
[    7.493675] calling  audit_classes_init+0x0/0xae @ 1
[    7.501418] initcall audit_classes_init+0x0/0xae returned 0 after 107 usecs
[    7.512124] calling  iosf_mbi_init+0x0/0x24 @ 1
[    7.519771] initcall iosf_mbi_init+0x0/0x24 returned 0 after 461 usecs
[    7.529725] calling  proc_execdomains_init+0x0/0x21 @ 1
[    7.537949] initcall proc_execdomains_init+0x0/0x21 returned 0 after 219 usecs
[    7.548336] calling  register_warn_debugfs+0x0/0x23 @ 1
[    7.555259] initcall register_warn_debugfs+0x0/0x23 returned 0 after 94 usecs
[    7.563972] calling  cpuhp_sysfs_init+0x0/0x79 @ 1
[    7.570498] initcall cpuhp_sysfs_init+0x0/0x79 returned 0 after 440 usecs
[    7.579696] calling  ioresources_init+0x0/0x49 @ 1
[    7.587134] initcall ioresources_init+0x0/0x49 returned 0 after 31 usecs
[    7.597722] calling  snapshot_device_init+0x0/0xc @ 1
[    7.607229] initcall snapshot_device_init+0x0/0xc returned 0 after 1368 usecs
[    7.616232] calling  irq_pm_init_ops+0x0/0x13 @ 1
[    7.622253] initcall irq_pm_init_ops+0x0/0x13 returned 0 after 14 usecs
[    7.630421] calling  rcu_torture_init+0x0/0x9a6 @ 1
[    7.636707] rcu-torture:--- Start of test: nreaders=7 nfakewriters=4 stat_interval=15 verbose=1 test_no_idle_hz=1 shuffle_interval=3 stutter=5 irqreader=1 fqs_duration=0 fqs_holdoff=0 fqs_stutter=3 test_boost=1/0 test_boost_interval=7 test_boost_duration=4 shutdown_secs=1800 stall_cpu=0 stall_cpu_holdoff=10 stall_cpu_irqsoff=0 stall_cpu_block=0 n_barrier_cbs=4 onoff_interval=1000 onoff_holdoff=30 read_exit_delay=13 read_exit_burst=16
[    7.685901] rcu:  Start-test grace-period state: g-1068 f0x0
[    7.693352] rcu-torture: Creating rcu_torture_writer task
[    7.700293] rcu-torture: Creating rcu_torture_fakewriter task
[    7.707960] rcu-torture: rcu_torture_writer task started
[    7.714788] rcu-torture: GP expediting controlled from boot/sysfs for rcu.
[    7.724268] rcu_torture_writer: Testing conditional GPs.
[    7.732654] rcu_torture_writer: Testing expedited GPs.
[    7.740730] rcu_torture_writer: Testing asynchronous GPs.
[    7.749121] rcu_torture_writer: Testing normal GPs.
[    7.755680] rcu-torture: Creating rcu_torture_fakewriter task
[    7.762956] rcu-torture: rcu_torture_fakewriter task started
[    7.772669] rcu-torture: Creating rcu_torture_fakewriter task
[    7.772686] rcu-torture: rcu_torture_fakewriter task started
[    7.790078] rcu-torture: Creating rcu_torture_fakewriter task
[    7.790096] rcu-torture: rcu_torture_fakewriter task started
[    7.806674] rcu-torture: Creating rcu_torture_reader task
[    7.806694] rcu-torture: rcu_torture_fakewriter task started
[    7.824326] rcu-torture: rcu_torture_reader task started
[    7.824448] rcu-torture: Creating rcu_torture_reader task
[    7.841728] rcu-torture: Creating rcu_torture_reader task
[    7.841751] rcu-torture: rcu_torture_reader task started
[    7.864688] rcu-torture: Creating rcu_torture_reader task
[    7.864705] rcu-torture: rcu_torture_reader task started
[    8.195683] rcu-torture: Creating rcu_torture_reader task
[    8.195690] rcu-torture: rcu_torture_reader task started
[    8.216115] rcu-torture: Creating rcu_torture_reader task
[    8.216410] rcu-torture: rcu_torture_reader task started
[    8.242829] rcu-torture: Creating rcu_torture_reader task
[    8.242840] rcu-torture: rcu_torture_reader task started
[    8.275140] rcu-torture: Creating rcu_torture_stats task
[    8.275152] rcu-torture: rcu_torture_reader task started
[    8.311068] rcu-torture: Creating torture_shuffle task
[    8.311070] rcu-torture: rcu_torture_stats task started
[    8.341608] rcu-torture: torture_shuffle task started
[    8.342293] rcu-torture: Creating torture_stutter task
[    8.364832] rcu-torture: Creating torture_shutdown task
[    8.364834] rcu-torture: torture_stutter task started
[    8.381810] rcu-torture: Creating torture_onoff task
[    8.381832] rcu-torture: torture_shutdown task started
[    8.395416] rcu-torture:torture_shutdown task: 1799969 ms remaining
[    8.405043] rcu-torture: torture_onoff task started
[    8.405082] rcu-torture: Creating rcu_torture_fwd_prog task
[    8.411559] rcu-torture: torture_onoff begin holdoff
[    8.430401] rcu-torture: rcu_torture_fwd_progress task started
[    8.430592] rcu-torture: Creating rcu_torture_barrier_cbs task
[    8.448160] rcu-torture: Creating rcu_torture_barrier_cbs task
[    8.448182] rcu-torture: rcu_torture_barrier_cbs task started
[    8.465833] rcu-torture: Creating rcu_torture_barrier_cbs task
[    8.465852] rcu-torture: rcu_torture_barrier_cbs task started
[    8.482904] rcu-torture: Creating rcu_torture_barrier_cbs task
[    8.482941] rcu-torture: rcu_torture_barrier_cbs task started
[    8.501155] rcu-torture: Creating rcu_torture_barrier task
[    8.501176] rcu-torture: rcu_torture_barrier_cbs task started
[    8.518681] rcu-torture: Creating rcu_torture_read_exit task
[    8.518708] rcu-torture: rcu_torture_barrier task starting
[    8.537362] rcu-torture: rcu_torture_read_exit: Start of test
[    8.537608] initcall rcu_torture_init+0x0/0x9a6 returned 0 after 879986 usecs
[    8.538265] calling  timekeeping_init_ops+0x0/0x13 @ 1
[    8.538265] initcall timekeeping_init_ops+0x0/0x13 returned 0 after 48 usecs
[    8.538265] calling  init_clocksource_sysfs+0x0/0x23 @ 1
[    8.538265] initcall init_clocksource_sysfs+0x0/0x23 returned 0 after 172 usecs
[    8.538265] calling  init_timer_list_procfs+0x0/0x31 @ 1
[    8.538265] initcall init_timer_list_procfs+0x0/0x31 returned 0 after 44 usecs
[    8.538265] calling  alarmtimer_init+0x0/0xc7 @ 1
[    8.538265] initcall alarmtimer_init+0x0/0xc7 returned 0 after 346 usecs
[    8.538265] calling  init_posix_timers+0x0/0x29 @ 1
[    8.538265] initcall init_posix_timers+0x0/0x29 returned 0 after 310 usecs
[    8.538265] calling  clockevents_init_sysfs+0x0/0xbf @ 1
[    8.538265] initcall clockevents_init_sysfs+0x0/0xbf returned 0 after 531 usecs
[    8.538265] calling  proc_dma_init+0x0/0x21 @ 1
[    8.538265] initcall proc_dma_init+0x0/0x21 returned 0 after 26 usecs
[    8.538265] calling  proc_modules_init+0x0/0x1e @ 1
[    8.538265] initcall proc_modules_init+0x0/0x1e returned 0 after 5 usecs
[    8.538265] calling  kallsyms_init+0x0/0x21 @ 1
[    8.538265] initcall kallsyms_init+0x0/0x21 returned 0 after 4 usecs
[    8.538265] calling  pid_namespaces_init+0x0/0x2c @ 1
[    8.538265] initcall pid_namespaces_init+0x0/0x2c returned 0 after 200 usecs
[    8.538265] calling  audit_watch_init+0x0/0x37 @ 1
[    8.538265] initcall audit_watch_init+0x0/0x37 returned 0 after 21 usecs
[    8.538265] calling  audit_fsnotify_init+0x0/0x37 @ 1
[    8.538265] initcall audit_fsnotify_init+0x0/0x37 returned 0 after 1 usecs
[    8.538265] calling  audit_tree_init+0x0/0x6d @ 1
[    8.538265] initcall audit_tree_init+0x0/0x6d returned 0 after 4 usecs
[    8.538265] calling  seccomp_sysctl_init+0x0/0x2b @ 1
[    8.538265] initcall seccomp_sysctl_init+0x0/0x2b returned 0 after 70 usecs
[    8.538265] calling  utsname_sysctl_init+0x0/0x13 @ 1
[    8.538265] initcall utsname_sysctl_init+0x0/0x13 returned 0 after 92 usecs
[    8.538265] calling  init_tracepoints+0x0/0x27 @ 1
[    8.538265] initcall init_tracepoints+0x0/0x27 returned 0 after 61 usecs
[    8.538265] calling  init_blk_tracer+0x0/0x50 @ 1
[    8.845999] initcall init_blk_tracer+0x0/0x50 returned 0 after 950 usecs
[    8.855216] calling  perf_event_sysfs_init+0x0/0x81 @ 1
[    8.863048] initcall perf_event_sysfs_init+0x0/0x81 returned 0 after 455 usecs
[    8.872974] calling  system_trusted_keyring_init+0x0/0x60 @ 1
[    8.880913] Initialise system trusted keyrings
[    8.887688] initcall system_trusted_keyring_init+0x0/0x60 returned 0 after 6611 usecs
[    8.899273] calling  kswapd_init+0x0/0x5c @ 1
[    8.906931] initcall kswapd_init+0x0/0x5c returned 0 after 1159 usecs
[    8.907279] calling  extfrag_debug_init+0x0/0x54 @ 1
[    8.907279] initcall extfrag_debug_init+0x0/0x54 returned 0 after 40 usecs
[    8.907279] calling  mm_compute_batch_init+0x0/0x12 @ 1
[    8.907279] initcall mm_compute_batch_init+0x0/0x12 returned 0 after 1 usecs
[    8.907279] calling  slab_proc_init+0x0/0x21 @ 1
[    8.907279] initcall slab_proc_init+0x0/0x21 returned 0 after 174 usecs
[    8.907279] calling  workingset_init+0x0/0x8c @ 1
[    8.907279] workingset: timestamp_bits=56 max_order=17 bucket_order=0
[    8.907279] initcall workingset_init+0x0/0x8c returned 0 after 9271 usecs
[    8.907279] calling  proc_vmalloc_init+0x0/0x32 @ 1
[    8.907279] initcall proc_vmalloc_init+0x0/0x32 returned 0 after 75 usecs
[    8.907279] calling  procswaps_init+0x0/0x1e @ 1
[    8.907279] initcall procswaps_init+0x0/0x1e returned 0 after 63 usecs
[    8.907279] calling  slab_sysfs_init+0x0/0xea @ 1
[    8.907279] initcall slab_sysfs_init+0x0/0xea returned 0 after 13496 usecs
[    8.907279] calling  fcntl_init+0x0/0x29 @ 1
[    8.907279] initcall fcntl_init+0x0/0x29 returned 0 after 6 usecs
[    8.907279] calling  proc_filesystems_init+0x0/0x21 @ 1
[    8.907279] initcall proc_filesystems_init+0x0/0x21 returned 0 after 125 usecs
[    8.907279] calling  start_dirtytime_writeback+0x0/0x29 @ 1
[    8.907279] initcall start_dirtytime_writeback+0x0/0x29 returned 0 after 2 usecs
[    8.907279] calling  blkdev_init+0x0/0x1b @ 1
[    8.907279] initcall blkdev_init+0x0/0x1b returned 0 after 3080 usecs
[    8.907279] calling  dio_init+0x0/0x2c @ 1
[    8.907279] initcall dio_init+0x0/0x2c returned 0 after 74 usecs
[    8.907279] calling  dnotify_init+0x0/0x78 @ 1
[    9.159257] initcall dnotify_init+0x0/0x78 returned 0 after 37 usecs
[    9.170515] calling  aio_setup+0x0/0x78 @ 1
[    9.178596] initcall aio_setup+0x0/0x78 returned 0 after 786 usecs
[    9.187416] calling  io_uring_init+0x0/0x2c @ 1
[    9.193670] initcall io_uring_init+0x0/0x2c returned 0 after 6 usecs
[    9.202114] calling  mbcache_init+0x0/0x30 @ 1
[    9.208468] initcall mbcache_init+0x0/0x30 returned 0 after 324 usecs
[    9.217395] calling  init_grace+0x0/0xc @ 1
[    9.223660] initcall init_grace+0x0/0xc returned 0 after 123 usecs
[    9.233137] calling  init_v2_quota_format+0x0/0x21 @ 1
[    9.241117] initcall init_v2_quota_format+0x0/0x21 returned 0 after 73 usecs
[    9.251833] calling  init_devpts_fs+0x0/0x27 @ 1
[    9.259308] initcall init_devpts_fs+0x0/0x27 returned 0 after 230 usecs
[    9.269146] calling  ext4_init_fs+0x0/0x1d0 @ 1
[    9.276818] initcall ext4_init_fs+0x0/0x1d0 returned 0 after 712 usecs
[    9.286930] calling  journal_init+0x0/0x11c @ 1
[    9.294688] initcall journal_init+0x0/0x11c returned 0 after 518 usecs
[    9.306039] calling  init_fat_fs+0x0/0x49 @ 1
[    9.314144] initcall init_fat_fs+0x0/0x49 returned 0 after 108 usecs
[    9.324777] calling  init_vfat_fs+0x0/0xc @ 1
[    9.332072] initcall init_vfat_fs+0x0/0xc returned 0 after 3 usecs
[    9.342060] calling  init_msdos_fs+0x0/0xc @ 1
[    9.348394] initcall init_msdos_fs+0x0/0xc returned 0 after 58 usecs
[    9.356872] calling  init_iso9660_fs+0x0/0x6c @ 1
[    9.363535] initcall init_iso9660_fs+0x0/0x6c returned 0 after 133 usecs
[    9.374622] calling  init_nfs_fs+0x0/0x13a @ 1
[    9.384140] initcall init_nfs_fs+0x0/0x13a returned 0 after 2864 usecs
[    9.384278] calling  init_nfs_v2+0x0/0x13 @ 1
[    9.384278] initcall init_nfs_v2+0x0/0x13 returned 0 after 100 usecs
[    9.384278] calling  init_nfs_v3+0x0/0x13 @ 1
[    9.384278] initcall init_nfs_v3+0x0/0x13 returned 0 after 23 usecs
[    9.384278] calling  init_nfs_v4+0x0/0x32 @ 1
[    9.384278] NFS: Registering the id_resolver key type
[    9.384278] Key type id_resolver registered
[    9.384278] Key type id_legacy registered
[    9.384278] initcall init_nfs_v4+0x0/0x32 returned 0 after 20872 usecs
[    9.384278] calling  init_nlm+0x0/0x5b @ 1
[    9.384278] initcall init_nlm+0x0/0x5b returned 0 after 194 usecs
[    9.384278] calling  init_nls_cp437+0x0/0xe @ 1
[    9.384278] initcall init_nls_cp437+0x0/0xe returned 0 after 66 usecs
[    9.384278] calling  init_nls_ascii+0x0/0xe @ 1
[    9.384278] initcall init_nls_ascii+0x0/0xe returned 0 after 0 usecs
[    9.384278] calling  init_nls_iso8859_1+0x0/0xe @ 1
[    9.384278] initcall init_nls_iso8859_1+0x0/0xe returned 0 after 0 usecs
[    9.384278] calling  init_nls_utf8+0x0/0x21 @ 1
[    9.384278] initcall init_nls_utf8+0x0/0x21 returned 0 after 1 usecs
[    9.384278] calling  init_autofs_fs+0x0/0x25 @ 1
[    9.563126] initcall init_autofs_fs+0x0/0x25 returned 0 after 851 usecs
[    9.572963] calling  ipc_init+0x0/0x24 @ 1
[    9.573456] initcall ipc_init+0x0/0x24 returned 0 after 88 usecs
[    9.573456] calling  ipc_sysctl_init+0x0/0x13 @ 1
[    9.573456] initcall ipc_sysctl_init+0x0/0x13 returned 0 after 50 usecs
[    9.573456] calling  init_mqueue_fs+0x0/0x9a @ 1
[    9.573456] initcall init_mqueue_fs+0x0/0x9a returned 0 after 487 usecs
[    9.573456] calling  key_proc_init+0x0/0x63 @ 1
[    9.573456] initcall key_proc_init+0x0/0x63 returned 0 after 5 usecs
[    9.573456] calling  selinux_nf_ip_init+0x0/0x2e @ 1
[    9.573456] initcall selinux_nf_ip_init+0x0/0x2e returned 0 after 69 usecs
[    9.573456] calling  init_sel_fs+0x0/0x116 @ 1
[    9.573456] initcall init_sel_fs+0x0/0x116 returned 0 after 0 usecs
[    9.573456] calling  selnl_init+0x0/0x7c @ 1
[    9.573456] initcall selnl_init+0x0/0x7c returned 0 after 588 usecs
[    9.573456] calling  sel_netif_init+0x0/0x36 @ 1
[    9.573456] initcall sel_netif_init+0x0/0x36 returned 0 after 0 usecs
[    9.573456] calling  sel_netnode_init+0x0/0x33 @ 1
[    9.573456] initcall sel_netnode_init+0x0/0x33 returned 0 after 0 usecs
[    9.573456] calling  sel_netport_init+0x0/0x33 @ 1
[    9.573456] initcall sel_netport_init+0x0/0x33 returned 0 after 0 usecs
[    9.573456] calling  aurule_init+0x0/0x2a @ 1
[    9.573456] initcall aurule_init+0x0/0x2a returned 0 after 1 usecs
[    9.573456] calling  crypto_algapi_init+0x0/0xc @ 1
[    9.573456] initcall crypto_algapi_init+0x0/0xc returned 0 after 5 usecs
[    9.573456] calling  jent_mod_init+0x0/0x2d @ 1
[    9.798403] initcall jent_mod_init+0x0/0x2d returned 0 after 15690 usecs
[    9.798634] calling  asymmetric_key_init+0x0/0xc @ 1
[    9.798634] Key type asymmetric registered
[    9.798634] initcall asymmetric_key_init+0x0/0xc returned 0 after 6150 usecs
[    9.798634] calling  x509_key_init+0x0/0xc @ 1
[    9.798634] Asymmetric key parser 'x509' registered
[    9.798634] initcall x509_key_init+0x0/0xc returned 0 after 7696 usecs
[    9.798634] calling  proc_genhd_init+0x0/0x41 @ 1
[    9.798634] initcall proc_genhd_init+0x0/0x41 returned 0 after 80 usecs
[    9.798634] calling  bsg_init+0x0/0x113 @ 1
[    9.798634] Block layer SCSI generic (bsg) driver version 0.4 loaded (major 251)
[    9.798634] initcall bsg_init+0x0/0x113 returned 0 after 12101 usecs
[    9.908020] calling  deadline_init+0x0/0xc @ 1
[    9.908653] io scheduler mq-deadline registered
[    9.908653] initcall deadline_init+0x0/0xc returned 0 after 6152 usecs
[    9.908653] calling  kyber_init+0x0/0xc @ 1
[    9.908653] io scheduler kyber registered
[    9.908653] initcall kyber_init+0x0/0xc returned 0 after 6191 usecs
[    9.908653] calling  mod_init+0x0/0x7 @ 1
[    9.908653] initcall mod_init+0x0/0x7 returned 0 after 0 usecs
[    9.908653] calling  percpu_counter_startup+0x0/0x55 @ 1
[    9.991795] initcall percpu_counter_startup+0x0/0x55 returned 0 after 13706 usecs
[   10.003905] calling  sg_pool_init+0x0/0xb4 @ 1
[   10.004261] initcall sg_pool_init+0x0/0xb4 returned 0 after 707 usecs
[   10.004261] calling  pcie_portdrv_init+0x0/0x39 @ 1
[   10.004261] initcall pcie_portdrv_init+0x0/0x39 returned 0 after 137 usecs
[   10.004261] calling  pci_proc_init+0x0/0x68 @ 1
[   10.004261] initcall pci_proc_init+0x0/0x68 returned 0 after 22 usecs
[   10.004261] calling  pci_hotplug_init+0x0/0x7 @ 1
[   10.004261] initcall pci_hotplug_init+0x0/0x7 returned 0 after 0 usecs
[   10.004261] calling  efifb_driver_init+0x0/0xe @ 1
[   10.004261] initcall efifb_driver_init+0x0/0xe returned 0 after 36 usecs
[   10.004261] calling  ged_driver_init+0x0/0xe @ 1
[   10.004261] initcall ged_driver_init+0x0/0xe returned 0 after 1967 usecs
[   10.004261] calling  acpi_ac_init+0x0/0x92 @ 1
[   10.004261] initcall acpi_ac_init+0x0/0x92 returned 0 after 2611 usecs
[   10.004261] calling  acpi_button_driver_init+0x0/0x52 @ 1
[   10.004261] input: Power Button as /devices/LNXSYSTM:00/LNXPWRBN:00/input/input0
[   10.150937] ACPI: Power Button [PWRF]
[   10.157577] initcall acpi_button_driver_init+0x0/0x52 returned 0 after 20206 usecs
[   10.157577] calling  acpi_fan_driver_init+0x0/0xe @ 1
[   10.157577] initcall acpi_fan_driver_init+0x0/0xe returned 0 after 19 usecs
[   10.157577] calling  acpi_video_init+0x0/0xcb @ 1
[   10.157577] initcall acpi_video_init+0x0/0xcb returned 0 after 55 usecs
[   10.157577] calling  acpi_processor_driver_init+0x0/0xad @ 1
[   10.157577] initcall acpi_processor_driver_init+0x0/0xad returned 0 after 3131 usecs
[   10.220377] calling  acpi_thermal_init+0x0/0x71 @ 1
[   10.238820] initcall acpi_thermal_init+0x0/0x71 returned 0 after 2444 usecs
[   10.239262] calling  acpi_battery_init+0x0/0x32 @ 1
[   10.258809] initcall acpi_battery_init+0x0/0x32 returned 0 after 461 usecs
[   10.258809] calling  bgrt_init+0x0/0xb6 @ 1
[   10.258809] initcall bgrt_init+0x0/0xb6 returned -19 after 223 usecs
[   10.258809] calling  gpio_clk_driver_init+0x0/0xe @ 1
[   10.258809] initcall gpio_clk_driver_init+0x0/0xe returned 0 after 90 usecs
[   10.258809] calling  plt_clk_driver_init+0x0/0xe @ 1
[   10.258809] initcall plt_clk_driver_init+0x0/0xe returned 0 after 19 usecs
[   10.258809] calling  virtio_pci_driver_init+0x0/0x15 @ 1
[   10.258809] initcall virtio_pci_driver_init+0x0/0x15 returned 0 after 125 usecs
[   10.258809] calling  n_null_init+0x0/0x1e @ 1
[   10.258809] initcall n_null_init+0x0/0x1e returned 0 after 72 usecs
[   10.258809] calling  pty_init+0x0/0x1e8 @ 1
[   10.371150] initcall pty_init+0x0/0x1e8 returned 0 after 2229 usecs
[   10.383087] calling  sysrq_init+0x0/0x62 @ 1
[   10.391589] initcall sysrq_init+0x0/0x62 returned 0 after 216 usecs
[   10.402089] calling  serial8250_init+0x0/0x17e @ 1
[   10.410004] Serial: 8250/16550 driver, 4 ports, IRQ sharing enabled
[   10.422703] 00:03: ttyS0 at I/O 0x3f8 (irq = 4, base_baud = 115200) is a 16550A
[   10.447165] initcall serial8250_init+0x0/0x17e returned 0 after 36406 usecs
[   10.458369] calling  serial_pci_driver_init+0x0/0x15 @ 1
[   10.459203] initcall serial_pci_driver_init+0x0/0x15 returned 0 after 409 usecs
[   10.459203] calling  exar_pci_driver_init+0x0/0x15 @ 1
[   10.459203] initcall exar_pci_driver_init+0x0/0x15 returned 0 after 52 usecs
[   10.459203] calling  lpss8250_pci_driver_init+0x0/0x15 @ 1
[   10.459203] initcall lpss8250_pci_driver_init+0x0/0x15 returned 0 after 99 usecs
[   10.459203] calling  mid8250_pci_driver_init+0x0/0x15 @ 1
[   10.459203] initcall mid8250_pci_driver_init+0x0/0x15 returned 0 after 24 usecs
[   10.459203] calling  virtio_console_init+0x0/0xff @ 1
[   10.459203] initcall virtio_console_init+0x0/0xff returned 0 after 449 usecs
[   10.563093] calling  hpet_init+0x0/0x64 @ 1
[   10.574297] initcall hpet_init+0x0/0x64 returned 0 after 4604 usecs
[   10.574297] calling  nvram_module_init+0x0/0x83 @ 1
[   10.594825] Non-volatile memory driver v1.3
[   10.601971] initcall nvram_module_init+0x0/0x83 returned 0 after 8600 usecs
[   10.602540] calling  hwrng_modinit+0x0/0x8a @ 1
[   10.621686] initcall hwrng_modinit+0x0/0x8a returned 0 after 2200 usecs
[   10.631809] calling  mod_init+0x0/0x48 @ 1
[   10.632377] initcall mod_init+0x0/0x48 returned -19 after 0 usecs
[   10.632377] calling  agp_init+0x0/0x23 @ 1
[   10.632377] Linux agpgart interface v0.103
[   10.632377] initcall agp_init+0x0/0x23 returned 0 after 6214 usecs
[   10.632377] calling  agp_amd64_mod_init+0x0/0x5 @ 1
[   10.632377] initcall agp_amd64_mod_init+0x0/0x5 returned -19 after 158 usecs
[   10.632377] calling  agp_intel_init+0x0/0x28 @ 1
[   10.632377] initcall agp_intel_init+0x0/0x28 returned 0 after 727 usecs
[   10.632377] calling  drm_kms_helper_init+0x0/0x7 @ 1
[   10.632377] initcall drm_kms_helper_init+0x0/0x7 returned 0 after 44 usecs
[   10.632377] calling  drm_core_init+0x0/0xa4 @ 1
[   10.632377] initcall drm_core_init+0x0/0xa4 returned 0 after 957 usecs
[   10.632377] calling  i915_init+0x0/0x6b @ 1
[   10.632377] initcall i915_init+0x0/0x6b returned 0 after 1150 usecs
[   10.632377] calling  cn_proc_init+0x0/0x35 @ 1
[   10.632377] initcall cn_proc_init+0x0/0x35 returned 0 after 3 usecs
[   10.632377] calling  topology_sysfs_init+0x0/0x27 @ 1
[   10.632377] initcall topology_sysfs_init+0x0/0x27 returned 0 after 337 usecs
[   10.632377] calling  cacheinfo_sysfs_init+0x0/0x27 @ 1
[   10.836509] initcall cacheinfo_sysfs_init+0x0/0x27 returned 0 after 22263 usecs
[   10.847305] calling  loop_init+0x0/0x168 @ 1
[   10.952271] loop: module loaded
[   10.952271] initcall loop_init+0x0/0x168 returned 0 after 101550 usecs
[   10.952271] calling  mac_hid_init+0x0/0x21 @ 1
[   10.952271] initcall mac_hid_init+0x0/0x21 returned 0 after 31 usecs
[   10.952271] calling  spi_transport_init+0x0/0x74 @ 1
[   10.952271] initcall spi_transport_init+0x0/0x74 returned 0 after 479 usecs
[   10.952271] calling  init_sd+0x0/0x18c @ 1
[   10.952271] initcall init_sd+0x0/0x18c returned 0 after 403 usecs
[   10.952271] calling  init_sr+0x0/0x43 @ 1
[   10.952271] initcall init_sr+0x0/0x43 returned 0 after 93 usecs
[   10.952271] calling  init_sg+0x0/0x1c0 @ 1
[   10.952271] initcall init_sg+0x0/0x1c0 returned 0 after 18 usecs
[   10.952271] calling  ahci_pci_driver_init+0x0/0x15 @ 1
[   10.952271] ahci 0000:00:1f.2: version 3.0
[   10.952271] PCI Interrupt Link [GSIA] enabled at IRQ 16
[   10.952271] ahci 0000:00:1f.2: AHCI 0001.0000 32 slots 6 ports 1.5 Gbps 0x3f impl SATA mode
[   10.952271] ahci 0000:00:1f.2: flags: 64bit ncq only 
[   11.148019] scsi host0: ahci
[   11.155989] scsi host1: ahci
[   11.165544] scsi host2: ahci
[   11.179472] scsi host3: ahci
[   11.192060] scsi host4: ahci
[   11.204884] scsi host5: ahci
[   11.205373] ata1: SATA max UDMA/133 abar m4096@0xfebf1000 port 0xfebf1100 irq 24
[   11.205373] ata2: SATA max UDMA/133 abar m4096@0xfebf1000 port 0xfebf1180 irq 24
[   11.205373] ata3: SATA max UDMA/133 abar m4096@0xfebf1000 port 0xfebf1200 irq 24
[   11.205373] ata4: SATA max UDMA/133 abar m4096@0xfebf1000 port 0xfebf1280 irq 24
[   11.244698] ata5: SATA max UDMA/133 abar m4096@0xfebf1000 port 0xfebf1300 irq 24
[   11.244698] ata6: SATA max UDMA/133 abar m4096@0xfebf1000 port 0xfebf1380 irq 24
[   11.280317] initcall ahci_pci_driver_init+0x0/0x15 returned 0 after 207759 usecs
[   11.280317] calling  piix_init+0x0/0x26 @ 1
[   11.280317] initcall piix_init+0x0/0x26 returned 0 after 260 usecs
[   11.280317] calling  amd_pci_driver_init+0x0/0x15 @ 1
[   11.280317] initcall amd_pci_driver_init+0x0/0x15 returned 0 after 71 usecs
[   11.280317] calling  oldpiix_pci_driver_init+0x0/0x15 @ 1
[   11.280317] initcall oldpiix_pci_driver_init+0x0/0x15 returned 0 after 127 usecs
[   11.280317] calling  sch_pci_driver_init+0x0/0x15 @ 1
[   11.280317] initcall sch_pci_driver_init+0x0/0x15 returned 0 after 36 usecs
[   11.280317] calling  net_olddevs_init+0x0/0x55 @ 1
[   11.378596] initcall net_olddevs_init+0x0/0x55 returned 0 after 210 usecs
[   11.390649] calling  blackhole_netdev_init+0x0/0x78 @ 1
[   11.401027] initcall blackhole_netdev_init+0x0/0x78 returned 0 after 994 usecs
[   11.413353] calling  phy_module_init+0x0/0x13 @ 1
[   11.421722] initcall phy_module_init+0x0/0x13 returned 0 after 256 usecs
[   11.433101] calling  tg3_driver_init+0x0/0x15 @ 1
[   11.441358] initcall tg3_driver_init+0x0/0x15 returned 0 after 450 usecs
[   11.452859] calling  e100_init_module+0x0/0x4c @ 1
[   11.462418] e100: Intel(R) PRO/100 Network Driver
[   11.471564] e100: Copyright(c) 1999-2006 Intel Corporation
[   11.481571] initcall e100_init_module+0x0/0x4c returned 0 after 18808 usecs
[   11.494166] calling  e1000_init_module+0x0/0x72 @ 1
[   11.502694] e1000: Intel(R) PRO/1000 Network Driver
[   11.511516] e1000: Copyright (c) 1999-2006 Intel Corporation.
[   11.520314] initcall e1000_init_module+0x0/0x72 returned 0 after 17291 usecs
[   11.529711] calling  e1000_init_module+0x0/0x2d @ 1
[   11.537068] e1000e: Intel(R) PRO/1000 Network Driver
[   11.544016] e1000e: Copyright(c) 1999 - 2015 Intel Corporation.
[   11.552687] initcall e1000_init_module+0x0/0x2d returned 0 after 15421 usecs
[   11.563492] calling  sky2_init_module+0x0/0x21 @ 1
[   11.571056] sky2: driver version 1.30
[   11.577026] initcall sky2_init_module+0x0/0x21 returned 0 after 5827 usecs
[   11.587578] calling  forcedeth_pci_driver_init+0x0/0x15 @ 1
[   11.596534] initcall forcedeth_pci_driver_init+0x0/0x15 returned 0 after 30 usecs
[   11.607592] calling  rtl8139_init_module+0x0/0x15 @ 1
[   11.615609] initcall rtl8139_init_module+0x0/0x15 returned 0 after 27 usecs
[   11.626767] calling  rtl8169_pci_driver_init+0x0/0x15 @ 1
[   11.636336] initcall rtl8169_pci_driver_init+0x0/0x15 returned 0 after 178 usecs
[   11.648613] calling  cdrom_init+0x0/0xc @ 1
[   11.655500] initcall cdrom_init+0x0/0xc returned 0 after 92 usecs
[   11.665039] calling  nonstatic_sysfs_init+0x0/0xc @ 1
[   11.673466] initcall nonstatic_sysfs_init+0x0/0xc returned 0 after 254 usecs
[   11.684349] calling  yenta_cardbus_driver_init+0x0/0x15 @ 1
[   11.692747] initcall yenta_cardbus_driver_init+0x0/0x15 returned 0 after 168 usecs
[   11.704389] calling  mon_init+0x0/0x12d @ 1
[   11.757411] ata2: SATA link down (SStatus 0 SControl 300)
[   11.768082] initcall mon_init+0x0/0x12d returned 0 after 55323 usecs
[   11.771305] ata6: SATA link down (SStatus 0 SControl 300)
[   11.768563] calling  ehci_hcd_init+0x0/0x56 @ 1
[   11.768563] ehci_hcd: USB 2.0 'Enhanced' Host Controller (EHCI) Driver
[   11.768563] initcall ehci_hcd_init+0x0/0x56 returned 0 after 236 usecs
[   11.791693] ata4: SATA link down (SStatus 0 SControl 300)
[   11.768563] calling  ehci_pci_init+0x0/0x64 @ 1
[   11.768563] ehci-pci: EHCI PCI platform driver
[   11.768563] initcall ehci_pci_init+0x0/0x64 returned 0 after 137 usecs
[   11.768563] calling  ohci_hcd_mod_init+0x0/0x4e @ 1
[   11.768563] ohci_hcd: USB 1.1 'Open' Host Controller (OHCI) Driver
[   11.768563] initcall ohci_hcd_mod_init+0x0/0x4e returned 0 after 8 usecs
[   11.768563] calling  ohci_pci_init+0x0/0x64 @ 1
[   11.768563] ohci-pci: OHCI PCI platform driver
[   11.818194] ata3: SATA link up 1.5 Gbps (SStatus 113 SControl 300)
[   11.768563] initcall ohci_pci_init+0x0/0x64 returned 0 after 24478 usecs
[   11.768563] calling  uhci_hcd_init+0x0/0xa8 @ 1
[   11.768563] uhci_hcd: USB Universal Host Controller Interface driver
[   11.768563] initcall uhci_hcd_init+0x0/0xa8 returned 0 after 410 usecs
[   11.833832] ata5: SATA link down (SStatus 0 SControl 300)
[   11.768563] calling  xhci_hcd_init+0x0/0x1e @ 1
[   11.768563] initcall xhci_hcd_init+0x0/0x1e returned 0 after 71 usecs
[   11.768563] calling  xhci_pci_init+0x0/0x49 @ 1
[   11.768563] initcall xhci_pci_init+0x0/0x49 returned 0 after 110 usecs
[   11.854430] ata1: SATA link down (SStatus 0 SControl 300)
[   11.768563] calling  usblp_driver_init+0x0/0x15 @ 1
[   11.865446] ata3.00: ATAPI: QEMU DVD-ROM, 2.5+, max UDMA/100
[   11.768563] usbcore: registered new interface driver usblp
[   11.881503] ata3.00: applying bridge limits
[   11.768563] initcall usblp_driver_init+0x0/0x15 returned 0 after 13976 usecs
[   11.768563] calling  usb_storage_driver_init+0x0/0x2a @ 1
[   11.768563] usbcore: registered new interface driver usb-storage
[   11.907127] ata3.00: configured for UDMA/100
[   11.768563] initcall usb_storage_driver_init+0x0/0x2a returned 0 after 21641 usecs
[   11.768563] calling  i8042_init+0x0/0x4c2 @ 1
[   11.768563] i8042: PNP: PS/2 Controller [PNP0303:KBD,PNP0f13:MOU] at 0x60,0x64 irq 1,12
[   11.920238] serio: i8042 KBD port at 0x60,0x64 irq 1
[   12.010971] scsi 2:0:0:0: CD-ROM            QEMU     QEMU DVD-ROM     2.5+ PQ: 0 ANSI: 5
[   11.920238] serio: i8042 AUX port at 0x60,0x64 irq 12
[   12.115556] initcall i8042_init+0x0/0x4c2 returned 0 after 199823 usecs
[   12.124793] calling  serport_init+0x0/0x2c @ 1
[   12.131357] initcall serport_init+0x0/0x2c returned 0 after 1 usecs
[   12.141163] calling  input_leds_init+0x0/0xc @ 1
[   12.148085] initcall input_leds_init+0x0/0xc returned 0 after 59 usecs
[   12.157670] calling  evdev_init+0x0/0xc @ 1
[   12.227084] initcall evdev_init+0x0/0xc returned 0 after 61347 usecs
[   12.238128] calling  atkbd_init+0x0/0x21 @ 1
[   12.246129] initcall atkbd_init+0x0/0x21 returned 0 after 1011 usecs
[   12.257827] calling  psmouse_init+0x0/0x7f @ 1
[   12.266419] initcall psmouse_init+0x0/0x7f returned 0 after 577 usecs
[   12.278154] calling  cmos_init+0x0/0x73 @ 1
[   12.290605] rtc_cmos 00:04: RTC can wake from S4
[   12.316053] rtc_cmos 00:04: registered as rtc0
[   12.326518] rtc_cmos 00:04: alarms up to one day, y3k, 242 bytes nvram, hpet irqs
[   12.328596] sr 2:0:0:0: [sr0] scsi3-mmc drive: 4x/4x cd/rw xa/form2 tray
[   12.338320] initcall cmos_init+0x0/0x73 returned 0 after 51981 usecs
[   12.348639] cdrom: Uniform CD-ROM driver Revision: 3.20
[   12.358992] calling  smbalert_driver_init+0x0/0xe @ 1
[   12.359408] initcall smbalert_driver_init+0x0/0xe returned 0 after 402 usecs
[   12.388562] calling  i2c_i801_init+0x0/0xc5 @ 1
[   12.399783] i801_smbus 0000:00:1f.3: SMBus using PCI interrupt
[   12.410850] i2c i2c-0: 1/1 memory slots populated (from DMI)
[   12.419866] i2c i2c-0: Memory type 0x07 not supported yet, not instantiating SPD
[   12.431160] initcall i2c_i801_init+0x0/0xc5 returned 0 after 33460 usecs
[   12.440507] calling  ptp_kvm_init+0x0/0xf0 @ 1
[   12.449046] initcall ptp_kvm_init+0x0/0xf0 returned 0 after 1825 usecs
[   12.455155] input: AT Translated Set 2 keyboard as /devices/platform/i8042/serio0/input/input1
[   12.459500] calling  dm_init+0x0/0x3c @ 1
[   12.460121] device-mapper: ioctl: 4.43.0-ioctl (2020-10-01) initialised: dm-devel@redhat.com
[   12.490115] initcall dm_init+0x0/0x3c returned 0 after 29890 usecs
[   12.499076] calling  dm_mirror_init+0x0/0x29 @ 1
[   12.507225] initcall dm_mirror_init+0x0/0x29 returned 0 after 1 usecs
[   12.516460] calling  dm_dirty_log_init+0x0/0x4f @ 1
[   12.523735] initcall dm_dirty_log_init+0x0/0x4f returned 0 after 115 usecs
[   12.534270] calling  dm_zero_init+0x0/0x29 @ 1
[   12.541038] initcall dm_zero_init+0x0/0x29 returned 0 after 1 usecs
[   12.550958] calling  intel_pstate_init+0x0/0x50d @ 1
[   12.558498] intel_pstate: CPU model not supported
[   12.565990] initcall intel_pstate_init+0x0/0x50d returned -19 after 7371 usecs
[   12.576108] calling  haltpoll_init+0x0/0xc0 @ 1
[   12.582414] initcall haltpoll_init+0x0/0xc0 returned -19 after 30 usecs
[   12.592440] calling  efivars_sysfs_init+0x0/0x30 @ 1
[   12.600373] initcall efivars_sysfs_init+0x0/0x30 returned 0 after 84 usecs
[   12.610577] calling  esrt_sysfs_init+0x0/0x2a2 @ 1
[   12.618256] initcall esrt_sysfs_init+0x0/0x2a2 returned -38 after 109 usecs
[   12.627550] calling  hid_init+0x0/0x5c @ 1
[   12.636973] hid: raw HID events driver (C) Jiri Kosina
[   12.644335] initcall hid_init+0x0/0x5c returned 0 after 7247 usecs
[   12.654476] calling  hid_generic_init+0x0/0x15 @ 1
[   12.660839] initcall hid_generic_init+0x0/0x15 returned 0 after 79 usecs
[   12.669831] calling  a4_driver_init+0x0/0x15 @ 1
[   12.676331] initcall a4_driver_init+0x0/0x15 returned 0 after 36 usecs
[   12.685268] calling  apple_driver_init+0x0/0x15 @ 1
[   12.691552] initcall apple_driver_init+0x0/0x15 returned 0 after 39 usecs
[   12.700496] calling  belkin_driver_init+0x0/0x15 @ 1
[   12.707615] initcall belkin_driver_init+0x0/0x15 returned 0 after 19 usecs
[   12.716672] calling  ch_driver_init+0x0/0x15 @ 1
[   12.723459] initcall ch_driver_init+0x0/0x15 returned 0 after 33 usecs
[   12.745540] calling  ch_driver_init+0x0/0x15 @ 1
[   12.752796] initcall ch_driver_init+0x0/0x15 returned 0 after 34 usecs
[   12.773953] calling  cp_driver_init+0x0/0x15 @ 1
[   12.791954] initcall cp_driver_init+0x0/0x15 returned 0 after 27 usecs
[   12.813132] calling  ez_driver_init+0x0/0x15 @ 1
[   12.825362] initcall ez_driver_init+0x0/0x15 returned 0 after 47 usecs
[   12.834455] calling  gyration_driver_init+0x0/0x15 @ 1
[   12.841983] initcall gyration_driver_init+0x0/0x15 returned 0 after 24 usecs
[   12.851978] calling  ite_driver_init+0x0/0x15 @ 1
[   12.863416] initcall ite_driver_init+0x0/0x15 returned 0 after 24 usecs
[   12.874410] calling  ks_driver_init+0x0/0x15 @ 1
[   12.881570] initcall ks_driver_init+0x0/0x15 returned 0 after 23 usecs
[   12.891489] calling  lg_driver_init+0x0/0x15 @ 1
[   12.898196] initcall lg_driver_init+0x0/0x15 returned 0 after 23 usecs
[   12.907773] calling  lg_g15_driver_init+0x0/0x15 @ 1
[   12.915338] initcall lg_g15_driver_init+0x0/0x15 returned 0 after 47 usecs
[   12.925193] calling  ms_driver_init+0x0/0x15 @ 1
[   12.932418] initcall ms_driver_init+0x0/0x15 returned 0 after 45 usecs
[   12.942455] calling  mr_driver_init+0x0/0x15 @ 1
[   12.949346] initcall mr_driver_init+0x0/0x15 returned 0 after 110 usecs
[   12.959010] calling  ntrig_driver_init+0x0/0x15 @ 1
[   12.966068] initcall ntrig_driver_init+0x0/0x15 returned 0 after 40 usecs
[   12.976284] calling  pl_driver_init+0x0/0x15 @ 1
[   12.983063] initcall pl_driver_init+0x0/0x15 returned 0 after 20 usecs
[   12.992829] calling  pl_driver_init+0x0/0x15 @ 1
[   12.999795] initcall pl_driver_init+0x0/0x15 returned 0 after 18 usecs
[   13.009672] calling  redragon_driver_init+0x0/0x15 @ 1
[   13.017348] initcall redragon_driver_init+0x0/0x15 returned 0 after 18 usecs
[   13.027533] calling  samsung_driver_init+0x0/0x15 @ 1
[   13.035107] initcall samsung_driver_init+0x0/0x15 returned 0 after 39 usecs
[   13.045381] calling  sony_init+0x0/0x38 @ 1
[   13.051610] initcall sony_init+0x0/0x38 returned 0 after 19 usecs
[   13.060429] calling  sp_driver_init+0x0/0x15 @ 1
[   13.067253] initcall sp_driver_init+0x0/0x15 returned 0 after 34 usecs
[   13.076497] calling  ts_driver_init+0x0/0x15 @ 1
[   13.098072] initcall ts_driver_init+0x0/0x15 returned 0 after 3513 usecs
[   13.107797] calling  hid_init+0x0/0x58 @ 1
[   13.114515] usbcore: registered new interface driver usbhid
[   13.122616] usbhid: USB HID core driver
[   13.128443] initcall hid_init+0x0/0x58 returned 0 after 14347 usecs
[   13.137581] calling  eeepc_laptop_init+0x0/0x57 @ 1
[   13.146913] initcall eeepc_laptop_init+0x0/0x57 returned -19 after 2183 usecs
[   13.157506] calling  pmc_atom_init+0x0/0x27a @ 1
[   13.164693] initcall pmc_atom_init+0x0/0x27a returned -19 after 264 usecs
[   13.174719] calling  alsa_hwdep_init+0x0/0x5e @ 1
[   13.182160] initcall alsa_hwdep_init+0x0/0x5e returned 0 after 488 usecs
[   13.191936] calling  alsa_timer_init+0x0/0x1f0 @ 1
[   13.223166] initcall alsa_timer_init+0x0/0x1f0 returned 0 after 23571 usecs
[   13.233848] calling  snd_hrtimer_init+0x0/0x117 @ 1
[   13.246547] initcall snd_hrtimer_init+0x0/0x117 returned 0 after 24 usecs
[   13.269553] calling  alsa_pcm_init+0x0/0x64 @ 1
[   13.277081] initcall alsa_pcm_init+0x0/0x64 returned 0 after 54 usecs
[   13.286386] calling  alsa_seq_init+0x0/0x4a @ 1
[   13.320035] initcall alsa_seq_init+0x0/0x4a returned 0 after 639 usecs
[   13.339662] calling  alsa_seq_dummy_init+0x0/0x9c @ 1
[   13.347029] initcall alsa_seq_dummy_init+0x0/0x9c returned 0 after 22 usecs
[   13.370250] calling  azx_driver_init+0x0/0x15 @ 1
[   13.389310] initcall azx_driver_init+0x0/0x15 returned 0 after 690 usecs
[   13.398917] calling  sock_diag_init+0x0/0x2a @ 1
[   13.432894] initcall sock_diag_init+0x0/0x2a returned 0 after 3695 usecs
[   13.485363] calling  blackhole_init+0x0/0xc @ 1
[   13.491894] initcall blackhole_init+0x0/0xc returned 0 after 78 usecs
[   13.529969] calling  nfnetlink_init+0x0/0x57 @ 1
[   13.538937] initcall nfnetlink_init+0x0/0x57 returned 0 after 2235 usecs
[   13.558778] calling  nfnetlink_log_init+0x0/0x99 @ 1
[   13.566995] initcall nfnetlink_log_init+0x0/0x99 returned 0 after 393 usecs
[   13.578044] calling  nf_conntrack_standalone_init+0x0/0x87 @ 1
[   13.590006] initcall nf_conntrack_standalone_init+0x0/0x87 returned 0 after 3041 usecs
[   13.606861] calling  ctnetlink_init+0x0/0x83 @ 1
[   13.615941] initcall ctnetlink_init+0x0/0x83 returned 0 after 2 usecs
[   13.625300] calling  nf_conntrack_ftp_init+0x0/0x12c @ 1
[   13.638347] initcall nf_conntrack_ftp_init+0x0/0x12c returned 0 after 77 usecs
[   13.648767] calling  nf_conntrack_irc_init+0x0/0x129 @ 1
[   13.660297] initcall nf_conntrack_irc_init+0x0/0x129 returned 0 after 25 usecs
[   13.671841] calling  nf_conntrack_sip_init+0x0/0x172 @ 1
[   13.679710] initcall nf_conntrack_sip_init+0x0/0x172 returned 0 after 11 usecs
[   13.693457] calling  nf_nat_init+0x0/0xd2 @ 1
[   13.700000] initcall nf_nat_init+0x0/0xd2 returned 0 after 391 usecs
[   13.709873] calling  nf_nat_ftp_init+0x0/0x2a @ 1
[   13.716825] initcall nf_nat_ftp_init+0x0/0x2a returned 0 after 1 usecs
[   13.725705] calling  nf_nat_irc_init+0x0/0x2a @ 1
[   13.732012] initcall nf_nat_irc_init+0x0/0x2a returned 0 after 1 usecs
[   13.740980] calling  nf_nat_sip_init+0x0/0x36 @ 1
