c[?7l[2J[0mSeaBIOS (version 1.16.0-debian-1.16.0-4)
Booting from ROM...
early console in setup code
c[?7l[2J[    0.000000] Linux version 5.10.152+ (root@joelboxx.c.googlers.com) (gcc (Debian 12.2.0-3) 12.2.0, GNU ld (GNU Binutils for Debian) 2.39) #10 SMP PREEMPT Tue Dec 13 08:18:48 UTC 2022
[    0.000000] Command line: selinux=0 initcall_debug debug console=ttyS0 rcutorture.torture_type=tasks-tracing rcutorture.onoff_interval=1000 rcutorture.onoff_holdoff=30 rcutorture.n_barrier_cbs=4 rcutorture.stat_interval=15 rcutorture.shutdown_secs=1800 rcutorture.test_no_idle_hz=1 rcutorture.verbose=1
[    0.000000] x86/fpu: x87 FPU will use FXSAVE
[    0.000000] BIOS-provided physical RAM map:
[    0.000000] BIOS-e820: [mem 0x0000000000000000-0x000000000009fbff] usable
[    0.000000] BIOS-e820: [mem 0x000000000009fc00-0x000000000009ffff] reserved
[    0.000000] BIOS-e820: [mem 0x00000000000f0000-0x00000000000fffff] reserved
[    0.000000] BIOS-e820: [mem 0x0000000000100000-0x000000001ffdefff] usable
[    0.000000] BIOS-e820: [mem 0x000000001ffdf000-0x000000001fffffff] reserved
[    0.000000] BIOS-e820: [mem 0x00000000b0000000-0x00000000bfffffff] reserved
[    0.000000] BIOS-e820: [mem 0x00000000fed1c000-0x00000000fed1ffff] reserved
[    0.000000] BIOS-e820: [mem 0x00000000feffc000-0x00000000feffffff] reserved
[    0.000000] BIOS-e820: [mem 0x00000000fffc0000-0x00000000ffffffff] reserved
[    0.000000] NX (Execute Disable) protection: active
[    0.000000] SMBIOS 2.8 present.
[    0.000000] DMI: QEMU Standard PC (Q35 + ICH9, 2009), BIOS 1.16.0-debian-1.16.0-4 04/01/2014
[    0.000000] Hypervisor detected: KVM
[    0.000000] kvm-clock: Using msrs 4b564d01 and 4b564d00
[    0.000000] kvm-clock: cpu 0, msr 168b9001, primary cpu clock
[    0.000001] kvm-clock: using sched offset of 2401922420 cycles
[    0.000230] clocksource: kvm-clock: mask: 0xffffffffffffffff max_cycles: 0x1cd42e4dffb, max_idle_ns: 881590591483 ns
[    0.000333] tsc: Detected 1999.999 MHz processor
[    0.007620] e820: update [mem 0x00000000-0x00000fff] usable ==> reserved
[    0.007624] e820: remove [mem 0x000a0000-0x000fffff] usable
[    0.007632] last_pfn = 0x1ffdf max_arch_pfn = 0x400000000
[    0.008632] MTRR default type: write-back
[    0.008724] MTRR fixed ranges enabled:
[    0.008726]   00000-9FFFF write-back
[    0.008728]   A0000-BFFFF uncachable
[    0.008729]   C0000-FFFFF write-protect
[    0.008730] MTRR variable ranges enabled:
[    0.008732]   0 base 00C0000000 mask FFC0000000 uncachable
[    0.008733]   1 disabled
[    0.008734]   2 disabled
[    0.008735]   3 disabled
[    0.008736]   4 disabled
[    0.008736]   5 disabled
[    0.008737]   6 disabled
[    0.008738]   7 disabled
[    0.009183] x86/PAT: Configuration [0-7]: WB  WC  UC- UC  WB  WC  UC- UC  
[    0.018394] found SMP MP-table at [mem 0x000f5ba0-0x000f5baf]
[    0.021075] check: Scanning 1 areas for low memory corruption
[    0.038603] ACPI: Early table checksum verification disabled
[    0.040892] ACPI: RSDP 0x00000000000F59E0 000014 (v00 BOCHS )
[    0.041308] ACPI: RSDT 0x000000001FFE23B1 000038 (v01 BOCHS  BXPC     00000001 BXPC 00000001)
[    0.041565] ACPI: FACP 0x000000001FFE2191 0000F4 (v03 BOCHS  BXPC     00000001 BXPC 00000001)
[    0.041644] ACPI: DSDT 0x000000001FFE0040 002151 (v01 BOCHS  BXPC     00000001 BXPC 00000001)
[    0.041649] ACPI: FACS 0x000000001FFE0000 000040
[    0.041653] ACPI: APIC 0x000000001FFE2285 000090 (v01 BOCHS  BXPC     00000001 BXPC 00000001)
[    0.041657] ACPI: HPET 0x000000001FFE2315 000038 (v01 BOCHS  BXPC     00000001 BXPC 00000001)
[    0.041662] ACPI: MCFG 0x000000001FFE234D 00003C (v01 BOCHS  BXPC     00000001 BXPC 00000001)
[    0.041666] ACPI: WAET 0x000000001FFE2389 000028 (v01 BOCHS  BXPC     00000001 BXPC 00000001)
[    0.041670] ACPI: Reserving FACP table memory at [mem 0x1ffe2191-0x1ffe2284]
[    0.041672] ACPI: Reserving DSDT table memory at [mem 0x1ffe0040-0x1ffe2190]
[    0.041673] ACPI: Reserving FACS table memory at [mem 0x1ffe0000-0x1ffe003f]
[    0.041674] ACPI: Reserving APIC table memory at [mem 0x1ffe2285-0x1ffe2314]
[    0.041675] ACPI: Reserving HPET table memory at [mem 0x1ffe2315-0x1ffe234c]
[    0.041676] ACPI: Reserving MCFG table memory at [mem 0x1ffe234d-0x1ffe2388]
[    0.041677] ACPI: Reserving WAET table memory at [mem 0x1ffe2389-0x1ffe23b0]
[    0.042852] ACPI: Local APIC address 0xfee00000
[    0.047731] No NUMA configuration found
[    0.047734] Faking a node at [mem 0x0000000000000000-0x000000001ffdefff]
[    0.047965] NODE_DATA(0) allocated [mem 0x1ffdb000-0x1ffdefff]
[    0.049252] Zone ranges:
[    0.049391]   DMA      [mem 0x0000000000001000-0x0000000000ffffff]
[    0.049488]   DMA32    [mem 0x0000000001000000-0x000000001ffdefff]
[    0.049490]   Normal   empty
[    0.049492] Movable zone start for each node
[    0.049555] Early memory node ranges
[    0.049557]   node   0: [mem 0x0000000000001000-0x000000000009efff]
[    0.049621]   node   0: [mem 0x0000000000100000-0x000000001ffdefff]
[    0.049678] Initmem setup node 0 [mem 0x0000000000001000-0x000000001ffdefff]
[    0.049680] On node 0 totalpages: 130941
[    0.049812]   DMA zone: 64 pages used for memmap
[    0.049813]   DMA zone: 21 pages reserved
[    0.049876]   DMA zone: 3998 pages, LIFO batch:0
[    0.049878]   DMA32 zone: 1984 pages used for memmap
[    0.049879]   DMA32 zone: 126943 pages, LIFO batch:31
[    0.052450] On node 0, zone DMA: 1 pages in unavailable ranges
[    0.056737] On node 0, zone DMA: 97 pages in unavailable ranges
[    0.207329] On node 0, zone DMA32: 33 pages in unavailable ranges
[    0.210886] ACPI: PM-Timer IO Port: 0x608
[    0.210891] ACPI: Local APIC address 0xfee00000
[    0.211218] ACPI: LAPIC_NMI (acpi_id[0xff] dfl dfl lint[0x1])
[    0.212919] IOAPIC[0]: apic_id 0, version 17, address 0xfec00000, GSI 0-23
[    0.212924] ACPI: INT_SRC_OVR (bus 0 bus_irq 0 global_irq 2 dfl dfl)
[    0.213024] ACPI: INT_SRC_OVR (bus 0 bus_irq 5 global_irq 5 high level)
[    0.213025] ACPI: INT_SRC_OVR (bus 0 bus_irq 9 global_irq 9 high level)
[    0.213270] ACPI: INT_SRC_OVR (bus 0 bus_irq 10 global_irq 10 high level)
[    0.213272] ACPI: INT_SRC_OVR (bus 0 bus_irq 11 global_irq 11 high level)
[    0.213275] ACPI: IRQ0 used by override.
[    0.213277] ACPI: IRQ5 used by override.
[    0.213278] ACPI: IRQ9 used by override.
[    0.213280] ACPI: IRQ10 used by override.
[    0.213281] ACPI: IRQ11 used by override.
[    0.213371] Using ACPI (MADT) for SMP configuration information
[    0.213375] ACPI: HPET id: 0x8086a201 base: 0xfed00000
[    0.214105] smpboot: Allowing 4 CPUs, 0 hotplug CPUs
[    0.216340] PM: hibernation: Registered nosave memory: [mem 0x00000000-0x00000fff]
[    0.216346] PM: hibernation: Registered nosave memory: [mem 0x0009f000-0x0009ffff]
[    0.216348] PM: hibernation: Registered nosave memory: [mem 0x000a0000-0x000effff]
[    0.216350] PM: hibernation: Registered nosave memory: [mem 0x000f0000-0x000fffff]
[    0.216355] [mem 0x20000000-0xafffffff] available for PCI devices
[    0.216505] Booting paravirtualized kernel on KVM
[    0.217418] clocksource: refined-jiffies: mask: 0xffffffff max_cycles: 0xffffffff, max_idle_ns: 1910969940391419 ns
[    0.261490] setup_percpu: NR_CPUS:4 nr_cpumask_bits:4 nr_cpu_ids:4 nr_node_ids:1
[    0.298188] percpu: Embedded 56 pages/cpu s191128 r8192 d30056 u524288
[    0.298258] pcpu-alloc: s191128 r8192 d30056 u524288 alloc=1*2097152
[    0.298317] pcpu-alloc: [0] 0 1 2 3 
[    0.298830] kvm-guest: stealtime: cpu 0, msr 1f41b600
[    0.299149] Built 1 zonelists, mobility grouping on.  Total pages: 128872
[    0.299151] Policy zone: DMA32
[    0.299311] Kernel command line: selinux=0 initcall_debug debug console=ttyS0 rcutorture.torture_type=tasks-tracing rcutorture.onoff_interval=1000 rcutorture.onoff_holdoff=30 rcutorture.n_barrier_cbs=4 rcutorture.stat_interval=15 rcutorture.shutdown_secs=1800 rcutorture.test_no_idle_hz=1 rcutorture.verbose=1
[    0.306296] Dentry cache hash table entries: 65536 (order: 7, 524288 bytes, linear)
[    0.306338] Inode-cache hash table entries: 32768 (order: 6, 262144 bytes, linear)
[    0.307178] mem auto-init: stack:all(zero), heap alloc:off, heap free:off
[    0.317092] Memory: 478632K/523764K available (16397K kernel code, 2542K rwdata, 4700K rodata, 1504K init, 1412K bss, 44872K reserved, 0K cma-reserved)
[    0.318183] SLUB: HWalign=64, Order=0-3, MinObjects=0, CPUs=4, Nodes=1
[    0.318573] Kernel/User page tables isolation: enabled
[    0.327469] rcu: Preemptible hierarchical RCU implementation.
[    0.327472] rcu: 	RCU event tracing is enabled.
[    0.327648] 	Trampoline variant of Tasks RCU enabled.
[    0.327649] 	Rude variant of Tasks RCU enabled.
[    0.327650] 	Tracing variant of Tasks RCU enabled.
[    0.327787] rcu: RCU calculated value of scheduler-enlistment delay is 100 jiffies.
[    0.352841] NR_IRQS: 4352, nr_irqs: 456, preallocated irqs: 16
[    0.358575] calling  con_init+0x0/0x22a @ 0
[    0.542406] Console: colour VGA+ 80x25
[    0.542421] initcall con_init+0x0/0x22a returned 0 after 0 usecs
[    0.542425] calling  hvc_console_init+0x0/0x13 @ 0
[    0.542462] initcall hvc_console_init+0x0/0x13 returned 0 after 0 usecs
[    0.542501] calling  univ8250_console_init+0x0/0x26 @ 0
[    1.476640] printk: console [ttyS0] enabled
[    1.482728] initcall univ8250_console_init+0x0/0x26 returned 0 after 0 usecs
[    1.495012] ACPI: Core revision 20200925
[    1.504220] clocksource: hpet: mask: 0xffffffff max_cycles: 0xffffffff, max_idle_ns: 19112604467 ns
[    1.515994] APIC: Switch to symmetric I/O mode setup
[    1.535893] ..TIMER: vector=0x30 apic1=0 pin1=2 apic2=-1 pin2=-1
[    1.542888] clocksource: tsc-early: mask: 0xffffffffffffffff max_cycles: 0x39a85afc727, max_idle_ns: 881590685098 ns
[    1.554688] Calibrating delay loop (skipped) preset value.. 3999.99 BogoMIPS (lpj=1999999)
[    1.556403] pid_max: default: 32768 minimum: 301
[    1.557868] LSM: Security Framework initializing
[    1.558694] Mount-cache hash table entries: 1024 (order: 1, 8192 bytes, linear)
[    1.559393] Mountpoint-cache hash table entries: 1024 (order: 1, 8192 bytes, linear)
[    1.569943] Last level iTLB entries: 4KB 0, 2MB 0, 4MB 0
[    1.570366] Last level dTLB entries: 4KB 0, 2MB 0, 4MB 0, 1GB 0
[    1.571453] Spectre V1 : Mitigation: usercopy/swapgs barriers and __user pointer sanitization
[    1.572381] Spectre V2 : Mitigation: Retpolines
[    1.573365] Spectre V2 : Spectre v2 / SpectreRSB mitigation: Filling RSB on context switch
[    1.574365] Spectre V2 : Spectre v2 / SpectreRSB : Filling RSB on VMEXIT
[    1.575366] Speculative Store Bypass: Vulnerable
[    1.576442] MDS: Vulnerable: Clear CPU buffers attempted, no microcode
[    1.577365] MMIO Stale Data: Unknown: No mitigations
[    1.632620] Freeing SMP alternatives memory: 40K
[    1.737361] smpboot: CPU0: Intel Common KVM processor (family: 0xf, model: 0x6, stepping: 0x1)
[    1.739573] calling  init_hw_perf_events+0x0/0x6ce @ 1
[    1.740365] Performance Events: unsupported Netburst CPU model 6 no PMU driver, software events only.
[    1.741371] initcall init_hw_perf_events+0x0/0x6ce returned 0 after 976 usecs
[    1.742368] calling  init_real_mode+0x0/0x1e9 @ 1
[    1.743901] initcall init_real_mode+0x0/0x1e9 returned 0 after 0 usecs
[    1.744368] calling  trace_init_perf_perm_irq_work_exit+0x0/0x12 @ 1
[    1.745414] initcall trace_init_perf_perm_irq_work_exit+0x0/0x12 returned 0 after 0 usecs
[    1.746400] calling  validate_x2apic+0x0/0x4a @ 1
[    1.747388] initcall validate_x2apic+0x0/0x4a returned 0 after 0 usecs
[    1.748366] calling  register_nmi_cpu_backtrace_handler+0x0/0x15 @ 1
[    1.749367] initcall register_nmi_cpu_backtrace_handler+0x0/0x15 returned 0 after 0 usecs
[    1.750369] calling  kvm_setup_vsyscall_timeinfo+0x0/0xd1 @ 1
[    1.751367] initcall kvm_setup_vsyscall_timeinfo+0x0/0xd1 returned 0 after 0 usecs
[    1.752441] calling  spawn_ksoftirqd+0x0/0x38 @ 1
[    1.753466] initcall spawn_ksoftirqd+0x0/0x38 returned 0 after 0 usecs
[    1.754369] calling  migration_init+0x0/0x31 @ 1
[    1.755372] initcall migration_init+0x0/0x31 returned 0 after 0 usecs
[    1.756372] calling  srcu_bootup_announce+0x0/0x2f @ 1
[    1.757385] rcu: Hierarchical SRCU implementation.
[    1.758369] initcall srcu_bootup_announce+0x0/0x2f returned 0 after 976 usecs
[    1.759367] calling  rcu_spawn_gp_kthread+0x0/0x1b0 @ 1
[    1.760519] initcall rcu_spawn_gp_kthread+0x0/0x1b0 returned 0 after 0 usecs
[    1.761369] calling  check_cpu_stall_init+0x0/0x1a @ 1
[    1.762367] initcall check_cpu_stall_init+0x0/0x1a returned 0 after 0 usecs
[    1.763368] calling  rcu_sysrq_init+0x0/0x21 @ 1
[    1.764394] initcall rcu_sysrq_init+0x0/0x21 returned 0 after 0 usecs
[    1.765394] calling  trace_init_flags_sys_enter+0x0/0xe @ 1
[    1.766372] initcall trace_init_flags_sys_enter+0x0/0xe returned 0 after 0 usecs
[    1.767367] calling  trace_init_flags_sys_exit+0x0/0xe @ 1
[    1.768370] initcall trace_init_flags_sys_exit+0x0/0xe returned 0 after 0 usecs
[    1.769370] calling  cpu_stop_init+0x0/0x6e @ 1
[    1.770512] initcall cpu_stop_init+0x0/0x6e returned 0 after 0 usecs
[    1.771369] calling  init_kprobes+0x0/0x165 @ 1
[    1.773899] initcall init_kprobes+0x0/0x165 returned 0 after 976 usecs
[    1.774370] calling  init_events+0x0/0x3d @ 1
[    1.776454] initcall init_events+0x0/0x3d returned 0 after 976 usecs
[    1.777367] calling  init_trace_printk+0x0/0xc @ 1
[    1.778367] initcall init_trace_printk+0x0/0xc returned 0 after 0 usecs
[    1.779405] calling  event_trace_enable_again+0x0/0x23 @ 1
[    1.780368] initcall event_trace_enable_again+0x0/0x23 returned 0 after 0 usecs
[    1.781368] calling  static_call_init+0x0/0x77 @ 1
[    1.782381] initcall static_call_init+0x0/0x77 returned 0 after 0 usecs
[    1.783367] calling  jump_label_init_module+0x0/0xc @ 1
[    1.784367] initcall jump_label_init_module+0x0/0xc returned 0 after 0 usecs
[    1.785380] calling  init_zero_pfn+0x0/0x37 @ 1
[    1.786367] initcall init_zero_pfn+0x0/0x37 returned 0 after 0 usecs
[    1.787367] calling  initialize_ptr_random+0x0/0x54 @ 1
[    1.788369] initcall initialize_ptr_random+0x0/0x54 returned 0 after 0 usecs
[    1.789392] calling  efi_memreserve_root_init+0x0/0x25 @ 1
[    1.790422] initcall efi_memreserve_root_init+0x0/0x25 returned 0 after 0 usecs
[    1.791367] calling  efi_earlycon_remap_fb+0x0/0x51 @ 1
[    1.792366] initcall efi_earlycon_remap_fb+0x0/0x51 returned 0 after 0 usecs
[    1.795032] smp: Bringing up secondary CPUs ...
[    1.796965] x86: Booting SMP configuration:
[    1.797431] .... node  #0, CPUs:      #1
[    1.196536] kvm-clock: cpu 1, msr 168b9041, secondary cpu clock
[    1.822535] kvm-guest: stealtime: cpu 1, msr 1f49b600
[    1.837249]  #2
[    1.196536] kvm-clock: cpu 2, msr 168b9081, secondary cpu clock
[    1.860481] kvm-guest: stealtime: cpu 2, msr 1f51b600
[    1.875368]  #3
[    1.196536] kvm-clock: cpu 3, msr 168b90c1, secondary cpu clock
[    1.897517] kvm-guest: stealtime: cpu 3, msr 1f59b600
[    1.912123] smp: Brought up 1 node, 4 CPUs
[    1.912377] smpboot: Max logical packages: 1
[    1.913368] smpboot: Total of 4 processors activated (15999.99 BogoMIPS)
[    1.933550] devtmpfs: initialized
[    1.936108] calling  ipc_ns_init+0x0/0x3d @ 1
[    1.937372] initcall ipc_ns_init+0x0/0x3d returned 0 after 976 usecs
[    1.938368] calling  init_mmap_min_addr+0x0/0x21 @ 1
[    1.940367] initcall init_mmap_min_addr+0x0/0x21 returned 0 after 0 usecs
[    1.941370] calling  pci_realloc_setup_params+0x0/0x3f @ 1
[    1.942368] initcall pci_realloc_setup_params+0x0/0x3f returned 0 after 0 usecs
[    1.943382] calling  net_ns_init+0x0/0x140 @ 1
[    1.946435] initcall net_ns_init+0x0/0x140 returned 0 after 1953 usecs
[    1.947385] calling  e820__register_nvs_regions+0x0/0x37 @ 1
[    1.948375] initcall e820__register_nvs_regions+0x0/0x37 returned 0 after 0 usecs
[    1.949368] calling  cpufreq_register_tsc_scaling+0x0/0x2e @ 1
[    1.950367] initcall cpufreq_register_tsc_scaling+0x0/0x2e returned 0 after 0 usecs
[    1.951401] calling  reboot_init+0x0/0x3c @ 1
[    1.952455] initcall reboot_init+0x0/0x3c returned 0 after 0 usecs
[    1.953372] calling  init_lapic_sysfs+0x0/0x20 @ 1
[    1.954370] initcall init_lapic_sysfs+0x0/0x20 returned 0 after 0 usecs
[    1.955369] calling  alloc_frozen_cpus+0x0/0x7 @ 1
[    1.956368] initcall alloc_frozen_cpus+0x0/0x7 returned 0 after 0 usecs
[    1.957369] calling  cpu_hotplug_pm_sync_init+0x0/0x13 @ 1
[    1.958371] initcall cpu_hotplug_pm_sync_init+0x0/0x13 returned 0 after 0 usecs
[    1.959370] calling  wq_sysfs_init+0x0/0x2a @ 1
[    1.960446] initcall wq_sysfs_init+0x0/0x2a returned 0 after 0 usecs
[    1.961370] calling  ksysfs_init+0x0/0x92 @ 1
[    1.962380] initcall ksysfs_init+0x0/0x92 returned 0 after 0 usecs
[    1.963372] calling  schedutil_gov_init+0x0/0xc @ 1
[    1.965391] initcall schedutil_gov_init+0x0/0xc returned 0 after 0 usecs
[    1.966371] calling  pm_init+0x0/0x76 @ 1
[    1.967433] initcall pm_init+0x0/0x76 returned 0 after 0 usecs
[    1.968369] calling  pm_disk_init+0x0/0x13 @ 1
[    1.970390] initcall pm_disk_init+0x0/0x13 returned 0 after 0 usecs
[    1.971368] calling  swsusp_header_init+0x0/0x2b @ 1
[    1.972372] initcall swsusp_header_init+0x0/0x2b returned 0 after 0 usecs
[    1.974367] calling  rcu_set_runtime_mode+0x0/0x16 @ 1
[    1.976369] initcall rcu_set_runtime_mode+0x0/0x16 returned 0 after 0 usecs
[    1.977368] calling  init_jiffies_clocksource+0x0/0x13 @ 1
[    1.978367] clocksource: jiffies: mask: 0xffffffff max_cycles: 0xffffffff, max_idle_ns: 1911260446275000 ns
[    1.979370] initcall init_jiffies_clocksource+0x0/0x13 returned 0 after 976 usecs
[    1.980369] calling  futex_init+0x0/0xfa @ 1
[    1.981371] futex hash table entries: 1024 (order: 4, 65536 bytes, linear)
[    1.982643] initcall futex_init+0x0/0xfa returned 0 after 976 usecs
[    1.983369] calling  cgroup_wq_init+0x0/0x28 @ 1
[    1.984398] initcall cgroup_wq_init+0x0/0x28 returned 0 after 0 usecs
[    1.985369] calling  cgroup1_wq_init+0x0/0x28 @ 1
[    1.986374] initcall cgroup1_wq_init+0x0/0x28 returned 0 after 0 usecs
[    1.987369] calling  init_kprobe_trace_early+0x0/0x2a @ 1
[    1.988403] initcall init_kprobe_trace_early+0x0/0x2a returned 0 after 0 usecs
[    1.989370] calling  fsnotify_init+0x0/0x48 @ 1
[    1.990381] initcall fsnotify_init+0x0/0x48 returned 0 after 0 usecs
[    1.991375] calling  filelock_init+0x0/0x96 @ 1
[    1.992395] initcall filelock_init+0x0/0x96 returned 0 after 0 usecs
[    1.993368] calling  init_misc_binfmt+0x0/0x2c @ 1
[    1.994383] initcall init_misc_binfmt+0x0/0x2c returned 0 after 0 usecs
[    1.995381] calling  init_script_binfmt+0x0/0x15 @ 1
[    1.996367] initcall init_script_binfmt+0x0/0x15 returned 0 after 0 usecs
[    1.997368] calling  init_elf_binfmt+0x0/0x15 @ 1
[    1.998369] initcall init_elf_binfmt+0x0/0x15 returned 0 after 0 usecs
[    1.999369] calling  init_compat_elf_binfmt+0x0/0x15 @ 1
[    2.000371] initcall init_compat_elf_binfmt+0x0/0x15 returned 0 after 0 usecs
[    2.001369] calling  debugfs_init+0x0/0x5c @ 1
[    2.002374] initcall debugfs_init+0x0/0x5c returned 0 after 0 usecs
[    2.003366] calling  tracefs_init+0x0/0x3a @ 1
[    2.004388] initcall tracefs_init+0x0/0x3a returned 0 after 0 usecs
[    2.005372] calling  prandom_init_early+0x0/0x15d @ 1
[    2.006371] initcall prandom_init_early+0x0/0x15d returned 0 after 0 usecs
[    2.007503] calling  virtio_init+0x0/0x20 @ 1
[    2.008416] initcall virtio_init+0x0/0x20 returned 0 after 0 usecs
[    2.009369] calling  iommu_init+0x0/0x2a @ 1
[    2.010414] initcall iommu_init+0x0/0x2a returned 0 after 0 usecs
[    2.011368] calling  component_debug_init+0x0/0x1c @ 1
[    2.012496] initcall component_debug_init+0x0/0x1c returned 0 after 0 usecs
[    2.013368] calling  early_resume_init+0x0/0xb9 @ 1
[    2.015365] PM: RTC time: 08:31:08, date: 2022-12-13
[    2.016373] initcall early_resume_init+0x0/0xb9 returned 0 after 1953 usecs
[    2.017368] calling  cpufreq_core_init+0x0/0x62 @ 1
[    2.018394] initcall cpufreq_core_init+0x0/0x62 returned 0 after 0 usecs
[    2.019367] calling  cpufreq_gov_performance_init+0x0/0xc @ 1
[    2.020368] initcall cpufreq_gov_performance_init+0x0/0xc returned 0 after 0 usecs
[    2.021371] calling  cpufreq_gov_userspace_init+0x0/0xc @ 1
[    2.022369] initcall cpufreq_gov_userspace_init+0x0/0xc returned 0 after 0 usecs
[    2.023367] calling  CPU_FREQ_GOV_ONDEMAND_init+0x0/0xc @ 1
[    2.024368] initcall CPU_FREQ_GOV_ONDEMAND_init+0x0/0xc returned 0 after 0 usecs
[    2.025369] calling  cpuidle_init+0x0/0x1f @ 1
[    2.026404] initcall cpuidle_init+0x0/0x1f returned 0 after 0 usecs
[    2.027371] calling  capsule_reboot_register+0x0/0xc @ 1
[    2.029401] initcall capsule_reboot_register+0x0/0xc returned 0 after 0 usecs
[    2.030367] calling  sock_init+0x0/0x93 @ 1
[    2.032607] initcall sock_init+0x0/0x93 returned 0 after 976 usecs
[    2.033368] calling  net_inuse_init+0x0/0x23 @ 1
[    2.035372] initcall net_inuse_init+0x0/0x23 returned 0 after 0 usecs
[    2.036369] calling  net_defaults_init+0x0/0x23 @ 1
[    2.037369] initcall net_defaults_init+0x0/0x23 returned 0 after 0 usecs
[    2.038370] calling  init_default_flow_dissectors+0x0/0x4f @ 1
[    2.039370] initcall init_default_flow_dissectors+0x0/0x4f returned 0 after 0 usecs
[    2.040369] calling  netpoll_init+0x0/0x26 @ 1
[    2.041368] initcall netpoll_init+0x0/0x26 returned 0 after 0 usecs
[    2.042368] calling  netlink_proto_init+0x0/0x14f @ 1
[    2.043659] NET: Registered protocol family 16
[    2.044401] initcall netlink_proto_init+0x0/0x14f returned 0 after 976 usecs
[    2.045368] calling  genl_init+0x0/0x35 @ 1
[    2.046416] initcall genl_init+0x0/0x35 returned 0 after 0 usecs
[    2.047383] calling  bsp_pm_check_init+0x0/0x13 @ 1
[    2.048370] initcall bsp_pm_check_init+0x0/0x13 returned 0 after 0 usecs
[    2.049456] calling  irq_sysfs_init+0x0/0xb7 @ 1
[    2.050530] initcall irq_sysfs_init+0x0/0xb7 returned 0 after 0 usecs
[    2.051369] calling  audit_init+0x0/0x160 @ 1
[    2.052370] audit: initializing netlink subsys (disabled)
[    2.054797] initcall audit_init+0x0/0x160 returned 0 after 1953 usecs
[    2.054638] audit: type=2000 audit(1670920266.299:1): state=initialized audit_enabled=0 res=1
[    2.055388] calling  release_early_probes+0x0/0x32 @ 1
[    2.055393] initcall release_early_probes+0x0/0x32 returned 0 after 0 usecs
[    2.058372] calling  bdi_class_init+0x0/0x48 @ 1
[    2.059501] initcall bdi_class_init+0x0/0x48 returned 0 after 0 usecs
[    2.060370] calling  mm_sysfs_init+0x0/0x28 @ 1
[    2.061377] initcall mm_sysfs_init+0x0/0x28 returned 0 after 0 usecs
[    2.062379] calling  init_per_zone_wmark_min+0x0/0x6d @ 1
[    2.063376] initcall init_per_zone_wmark_min+0x0/0x6d returned 0 after 0 usecs
[    2.064369] calling  mpi_init+0x0/0x3e @ 1
[    2.065390] initcall mpi_init+0x0/0x3e returned 0 after 0 usecs
[    2.066367] calling  kobject_uevent_init+0x0/0xc @ 1
[    2.067375] initcall kobject_uevent_init+0x0/0xc returned 0 after 0 usecs
[    2.068367] calling  pcibus_class_init+0x0/0x13 @ 1
[    2.069396] initcall pcibus_class_init+0x0/0x13 returned 0 after 0 usecs
[    2.070367] calling  pci_driver_init+0x0/0x21 @ 1
[    2.072442] initcall pci_driver_init+0x0/0x21 returned 0 after 0 usecs
[    2.073368] calling  backlight_class_init+0x0/0xa8 @ 1
[    2.074404] initcall backlight_class_init+0x0/0xa8 returned 0 after 0 usecs
[    2.075368] calling  tty_class_init+0x0/0x33 @ 1
[    2.076375] initcall tty_class_init+0x0/0x33 returned 0 after 0 usecs
[    2.077367] calling  vtconsole_class_init+0x0/0xb5 @ 1
[    2.078472] initcall vtconsole_class_init+0x0/0xb5 returned 0 after 0 usecs
[    2.079368] calling  iommu_dev_init+0x0/0x13 @ 1
[    2.080436] initcall iommu_dev_init+0x0/0x13 returned 0 after 0 usecs
[    2.081368] calling  mipi_dsi_bus_init+0x0/0xc @ 1
[    2.082413] initcall mipi_dsi_bus_init+0x0/0xc returned 0 after 0 usecs
[    2.083366] calling  devlink_class_init+0x0/0x40 @ 1
[    2.084373] initcall devlink_class_init+0x0/0x40 returned 0 after 0 usecs
[    2.085367] calling  software_node_init+0x0/0x2a @ 1
[    2.086377] initcall software_node_init+0x0/0x2a returned 0 after 0 usecs
[    2.087371] calling  wakeup_sources_debugfs_init+0x0/0x23 @ 1
[    2.088412] initcall wakeup_sources_debugfs_init+0x0/0x23 returned 0 after 0 usecs
[    2.089371] calling  wakeup_sources_sysfs_init+0x0/0x2c @ 1
[    2.090381] initcall wakeup_sources_sysfs_init+0x0/0x2c returned 0 after 0 usecs
[    2.091369] calling  register_node_type+0x0/0x13 @ 1
[    2.092403] initcall register_node_type+0x0/0x13 returned 0 after 0 usecs
[    2.093373] calling  regmap_initcall+0x0/0xc @ 1
[    2.094446] initcall regmap_initcall+0x0/0xc returned 0 after 0 usecs
[    2.095370] calling  i2c_init+0x0/0xb3 @ 1
[    2.096498] initcall i2c_init+0x0/0xb3 returned 0 after 0 usecs
[    2.097372] calling  thermal_init+0x0/0xf2 @ 1
[    2.098434] thermal_sys: Registered thermal governor 'step_wise'
[    2.098436] thermal_sys: Registered thermal governor 'user_space'
[    2.099384] initcall thermal_init+0x0/0xf2 returned 0 after 976 usecs
[    2.102370] calling  init_menu+0x0/0xc @ 1
[    2.104387] cpuidle: using governor menu
[    2.109375] initcall init_menu+0x0/0xc returned 0 after 5859 usecs
[    2.116370] calling  pcc_init+0x0/0x4d @ 1
[    2.121370] initcall pcc_init+0x0/0x4d returned -19 after 0 usecs
[    2.128370] calling  amd_postcore_init+0x0/0x11e @ 1
[    2.134371] initcall amd_postcore_init+0x0/0x11e returned 0 after 0 usecs
[    2.142431] calling  bts_init+0x0/0xba @ 1
[    2.147371] initcall bts_init+0x0/0xba returned -19 after 0 usecs
[    2.154370] calling  pt_init+0x0/0x341 @ 1
[    2.159369] initcall pt_init+0x0/0x341 returned -19 after 0 usecs
[    2.166369] calling  boot_params_ksysfs_init+0x0/0x2ee @ 1
[    2.173384] initcall boot_params_ksysfs_init+0x0/0x2ee returned 0 after 0 usecs
[    2.182370] calling  sbf_init+0x0/0xea @ 1
[    2.187373] initcall sbf_init+0x0/0xea returned 0 after 0 usecs
[    2.196370] calling  arch_kdebugfs_init+0x0/0x219 @ 1
[    2.202696] initcall arch_kdebugfs_init+0x0/0x219 returned 0 after 976 usecs
[    2.211371] calling  intel_pconfig_init+0x0/0x85 @ 1
[    2.217369] initcall intel_pconfig_init+0x0/0x85 returned 0 after 0 usecs
[    2.225373] calling  mtrr_if_init+0x0/0x5d @ 1
[    2.230412] initcall mtrr_if_init+0x0/0x5d returned 0 after 0 usecs
[    2.238370] calling  activate_jump_labels+0x0/0x31 @ 1
[    2.245373] initcall activate_jump_labels+0x0/0x31 returned 0 after 0 usecs
[    2.253369] calling  ffh_cstate_init+0x0/0x29 @ 1
[    2.259373] initcall ffh_cstate_init+0x0/0x29 returned 0 after 0 usecs
[    2.268390] calling  activate_jump_labels+0x0/0x31 @ 1
[    2.274940] initcall activate_jump_labels+0x0/0x31 returned 0 after 976 usecs
[    2.283370] calling  kvm_alloc_cpumask+0x0/0x74 @ 1
[    2.290438] initcall kvm_alloc_cpumask+0x0/0x74 returned 0 after 0 usecs
[    2.300373] calling  kcmp_cookies_init+0x0/0x37 @ 1
[    2.307379] initcall kcmp_cookies_init+0x0/0x37 returned 0 after 0 usecs
[    2.317370] calling  cryptomgr_init+0x0/0xc @ 1
[    2.323453] initcall cryptomgr_init+0x0/0xc returned 0 after 0 usecs
[    2.331370] calling  acpi_pci_init+0x0/0x57 @ 1
[    2.337369] ACPI: bus type PCI registered
[    2.341372] initcall acpi_pci_init+0x0/0x57 returned 0 after 3906 usecs
[    2.350374] calling  dma_channel_table_init+0x0/0xd1 @ 1
[    2.356383] initcall dma_channel_table_init+0x0/0xd1 returned 0 after 0 usecs
[    2.365369] calling  dma_bus_init+0x0/0xdc @ 1
[    2.370714] initcall dma_bus_init+0x0/0xdc returned 0 after 0 usecs
[    2.378498] calling  iommu_dma_init+0x0/0x10 @ 1
[    2.384373] initcall iommu_dma_init+0x0/0x10 returned 0 after 0 usecs
[    2.391369] calling  dmi_id_init+0x0/0x37c @ 1
[    2.397589] initcall dmi_id_init+0x0/0x37c returned 0 after 0 usecs
[    2.404369] calling  pci_arch_init+0x0/0x71 @ 1
[    2.411501] PCI: MMCONFIG for domain 0000 [bus 00-ff] at [mem 0xb0000000-0xbfffffff] (base 0xb0000000)
[    2.423376] PCI: MMCONFIG at [mem 0xb0000000-0xbfffffff] reserved in E820
[    2.433425] PCI: Using configuration type 1 for base access
[    2.440414] initcall pci_arch_init+0x0/0x71 returned 0 after 30273 usecs
[    2.448390] calling  init_vdso+0x0/0x13 @ 1
[    2.454392] initcall init_vdso+0x0/0x13 returned 0 after 0 usecs
[    2.461368] calling  sysenter_setup+0x0/0x13 @ 1
[    2.467378] initcall sysenter_setup+0x0/0x13 returned 0 after 0 usecs
[    2.475368] calling  fixup_ht_bug+0x0/0xe5 @ 1
[    2.480368] initcall fixup_ht_bug+0x0/0xe5 returned 0 after 0 usecs
[    2.488373] calling  topology_init+0x0/0x88 @ 1
[    2.494544] initcall topology_init+0x0/0x88 returned 0 after 0 usecs
[    2.502373] calling  intel_epb_init+0x0/0x68 @ 1
[    2.509371] initcall intel_epb_init+0x0/0x68 returned -19 after 0 usecs
[    2.517371] calling  mtrr_init_finialize+0x0/0x3e @ 1
[    2.524371] initcall mtrr_init_finialize+0x0/0x3e returned 0 after 0 usecs
[    2.533371] calling  uid_cache_init+0x0/0x85 @ 1
[    2.539378] initcall uid_cache_init+0x0/0x85 returned 0 after 0 usecs
[    2.548371] calling  param_sysfs_init+0x0/0x1ba @ 1
[    2.557949] initcall param_sysfs_init+0x0/0x1ba returned 0 after 3906 usecs
[    2.567384] calling  user_namespace_sysctl_init+0x0/0x33 @ 1
[    2.575439] initcall user_namespace_sysctl_init+0x0/0x33 returned 0 after 0 usecs
[    2.586381] calling  proc_schedstat_init+0x0/0x24 @ 1
[    2.592375] initcall proc_schedstat_init+0x0/0x24 returned 0 after 0 usecs
[    2.601369] calling  pm_sysrq_init+0x0/0x18 @ 1
[    2.610370] initcall pm_sysrq_init+0x0/0x18 returned 0 after 976 usecs
[    2.618606] calling  create_proc_profile+0x0/0xd0 @ 1
[    2.624379] initcall create_proc_profile+0x0/0xd0 returned 0 after 0 usecs
[    2.633372] calling  time_ns_init+0x0/0x7 @ 1
[    2.639371] initcall time_ns_init+0x0/0x7 returned 0 after 0 usecs
[    2.647370] calling  crash_save_vmcoreinfo_init+0x0/0x722 @ 1
[    2.654378] initcall crash_save_vmcoreinfo_init+0x0/0x722 returned 0 after 0 usecs
[    2.664369] calling  crash_notes_memory_init+0x0/0x35 @ 1
[    2.671373] initcall crash_notes_memory_init+0x0/0x35 returned 0 after 0 usecs
[    2.680369] calling  cgroup_sysfs_init+0x0/0x13 @ 1
[    2.687780] initcall cgroup_sysfs_init+0x0/0x13 returned 0 after 976 usecs
[    2.695369] calling  cgroup_namespaces_init+0x0/0x7 @ 1
[    2.702369] initcall cgroup_namespaces_init+0x0/0x7 returned 0 after 0 usecs
[    2.711369] calling  init_optprobes+0x0/0x13 @ 1
[    2.716367] Kprobes globally optimized
[    2.721368] initcall init_optprobes+0x0/0x13 returned 0 after 4882 usecs
[    2.729393] calling  oom_init+0x0/0x2f @ 1
[    2.735614] initcall oom_init+0x0/0x2f returned 0 after 976 usecs
[    2.742369] calling  default_bdi_init+0x0/0xb3 @ 1
[    2.750081] initcall default_bdi_init+0x0/0xb3 returned 0 after 1953 usecs
[    2.758369] calling  percpu_enable_async+0x0/0xe @ 1
[    2.764366] initcall percpu_enable_async+0x0/0xe returned 0 after 0 usecs
[    2.772387] calling  kcompactd_init+0x0/0x8d @ 1
[    2.779516] initcall kcompactd_init+0x0/0x8d returned 0 after 976 usecs
[    2.787519] calling  init_user_reserve+0x0/0x40 @ 1
[    2.792367] initcall init_user_reserve+0x0/0x40 returned 0 after 0 usecs
[    2.800367] calling  init_admin_reserve+0x0/0x40 @ 1
[    2.806367] initcall init_admin_reserve+0x0/0x40 returned 0 after 0 usecs
[    2.815374] calling  init_reserve_notifier+0x0/0x7 @ 1
[    2.821368] initcall init_reserve_notifier+0x0/0x7 returned 0 after 0 usecs
[    2.829369] calling  swap_init_sysfs+0x0/0x62 @ 1
[    2.835399] initcall swap_init_sysfs+0x0/0x62 returned 0 after 0 usecs
[    2.843368] calling  swapfile_init+0x0/0x94 @ 1
[    2.848368] initcall swapfile_init+0x0/0x94 returned 0 after 0 usecs
[    2.856367] calling  hugetlb_init+0x0/0x499 @ 1
[    2.861416] HugeTLB registered 2.00 MiB page size, pre-allocated 0 pages
[    2.869420] initcall hugetlb_init+0x0/0x499 returned 0 after 7812 usecs
[    2.877368] calling  io_wq_init+0x0/0x34 @ 1
[    2.882369] initcall io_wq_init+0x0/0x34 returned 0 after 0 usecs
[    2.890369] calling  seqiv_module_init+0x0/0xc @ 1
[    2.896369] initcall seqiv_module_init+0x0/0xc returned 0 after 0 usecs
[    2.903367] calling  echainiv_module_init+0x0/0xc @ 1
[    2.910372] initcall echainiv_module_init+0x0/0xc returned 0 after 0 usecs
[    2.917426] calling  rsa_init+0x0/0x50 @ 1
[    2.925372] initcall rsa_init+0x0/0x50 returned 0 after 2929 usecs
[    2.925749] cryptomgr_test (39) used greatest stack depth: 15504 bytes left
[    2.932374] calling  crypto_cmac_module_init+0x0/0xc @ 1
[    2.947370] initcall crypto_cmac_module_init+0x0/0xc returned 0 after 0 usecs
[    2.956370] calling  hmac_module_init+0x0/0xc @ 1
[    2.961369] initcall hmac_module_init+0x0/0xc returned 0 after 0 usecs
[    2.969396] calling  crypto_null_mod_init+0x0/0x65 @ 1
[    2.981369] initcall crypto_null_mod_init+0x0/0x65 returned 0 after 5859 usecs
[    2.989370] calling  md5_mod_init+0x0/0xc @ 1
[    2.995670] initcall md5_mod_init+0x0/0xc returned 0 after 976 usecs
[    3.003369] calling  sha256_generic_mod_init+0x0/0x11 @ 1
[    3.012370] initcall sha256_generic_mod_init+0x0/0x11 returned 0 after 1953 usecs
[    3.021368] calling  crypto_cbc_module_init+0x0/0xc @ 1
[    3.028370] initcall crypto_cbc_module_init+0x0/0xc returned 0 after 0 usecs
[    3.036368] calling  crypto_ctr_module_init+0x0/0x11 @ 1
[    3.042369] initcall crypto_ctr_module_init+0x0/0x11 returned 0 after 0 usecs
[    3.051371] calling  crypto_gcm_module_init+0x0/0x64 @ 1
[    3.057387] initcall crypto_gcm_module_init+0x0/0x64 returned 0 after 0 usecs
[    3.066372] calling  crypto_ccm_module_init+0x0/0x11 @ 1
[    3.073384] initcall crypto_ccm_module_init+0x0/0x11 returned 0 after 0 usecs
[    3.082368] calling  aes_init+0x0/0xc @ 1
[    3.088547] initcall aes_init+0x0/0xc returned 0 after 976 usecs
[    3.096371] calling  crc32c_mod_init+0x0/0xc @ 1
[    3.103368] initcall crc32c_mod_init+0x0/0xc returned 0 after 1953 usecs
[    3.111371] calling  crypto_authenc_module_init+0x0/0xc @ 1
[    3.118372] initcall crypto_authenc_module_init+0x0/0xc returned 0 after 0 usecs
[    3.127368] calling  crypto_authenc_esn_module_init+0x0/0xc @ 1
[    3.134370] initcall crypto_authenc_esn_module_init+0x0/0xc returned 0 after 0 usecs
[    3.143368] calling  drbg_init+0x0/0x7c @ 1
[    3.158370] initcall drbg_init+0x0/0x7c returned 0 after 9765 usecs
[    3.166372] calling  ghash_mod_init+0x0/0xc @ 1
[    3.173369] initcall ghash_mod_init+0x0/0xc returned 0 after 1953 usecs
[    3.181630] calling  init_bio+0x0/0x9a @ 1
[    3.186619] initcall init_bio+0x0/0x9a returned 0 after 0 usecs
[    3.193368] calling  blk_settings_init+0x0/0x29 @ 1
[    3.199368] initcall blk_settings_init+0x0/0x29 returned 0 after 0 usecs
[    3.208368] calling  blk_ioc_init+0x0/0x29 @ 1
[    3.213374] initcall blk_ioc_init+0x0/0x29 returned 0 after 0 usecs
[    3.221371] calling  blk_mq_init+0x0/0xb9 @ 1
[    3.226369] initcall blk_mq_init+0x0/0xb9 returned 0 after 0 usecs
[    3.234369] calling  genhd_device_init+0x0/0x75 @ 1
[    3.242558] initcall genhd_device_init+0x0/0x75 returned 0 after 1953 usecs
[    3.251904] calling  pci_slot_init+0x0/0x40 @ 1
[    3.258379] initcall pci_slot_init+0x0/0x40 returned 0 after 0 usecs
[    3.266374] calling  fbmem_init+0x0/0xd8 @ 1
[    3.271569] initcall fbmem_init+0x0/0xd8 returned 0 after 976 usecs
[    3.279389] calling  acpi_init+0x0/0x319 @ 1
[    3.285747] ACPI: Added _OSI(Module Device)
[    3.290366] ACPI: Added _OSI(Processor Device)
[    3.296366] ACPI: Added _OSI(3.0 _SCP Extensions)
[    3.302367] ACPI: Added _OSI(Processor Aggregator Device)
[    3.309368] ACPI: Added _OSI(Linux-Dell-Video)
[    3.316370] ACPI: Added _OSI(Linux-Lenovo-NV-HDMI-Audio)
[    3.324388] ACPI: Added _OSI(Linux-HPI-Hybrid-Graphics)
[    3.338499] ACPI: 1 ACPI AML tables successfully acquired and loaded
[    3.350810] ACPI: Interpreter enabled
[    3.355426] ACPI: (supports S0 S3 S4 S5)
[    3.360367] ACPI: Using IOAPIC for interrupt routing
[    3.366407] PCI: Using host bridge windows from ACPI; if necessary, use "pci=nocrs" and report a bug
[    3.374888] ACPI: Enabled 2 GPEs in block 00 to 3F
[    3.389375] ACPI: PCI Root Bridge [PCI0] (domain 0000 [bus 00-ff])
[    3.397386] acpi PNP0A08:00: _OSC: OS supports [ExtendedConfig ASPM ClockPM Segments MSI HPX-Type3]
[    3.408442] acpi PNP0A08:00: _OSC: platform does not support [LTR]
[    3.415432] acpi PNP0A08:00: _OSC: OS now controls [PME PCIeCapability]
[    3.423441] PCI host bridge to bus 0000:00
[    3.429396] pci_bus 0000:00: root bus resource [io  0x0000-0x0cf7 window]
[    3.438370] pci_bus 0000:00: root bus resource [io  0x0d00-0xffff window]
[    3.446369] pci_bus 0000:00: root bus resource [mem 0x000a0000-0x000bffff window]
[    3.456369] pci_bus 0000:00: root bus resource [mem 0x20000000-0xafffffff window]
[    3.466369] pci_bus 0000:00: root bus resource [mem 0xc0000000-0xfebfffff window]
[    3.475369] pci_bus 0000:00: root bus resource [mem 0x100000000-0x8ffffffff window]
[    3.485371] pci_bus 0000:00: root bus resource [bus 00-ff]
[    3.493841] pci 0000:00:00.0: calling  quirk_mmio_always_on+0x0/0x10 @ 1
[    3.502394] pci 0000:00:00.0: quirk_mmio_always_on+0x0/0x10 took 0 usecs
[    3.510369] pci 0000:00:00.0: [8086:29c0] type 00 class 0x060000
[    3.521862] pci 0000:00:00.0: calling  quirk_igfx_skip_te_disable+0x0/0x80 @ 1
[    3.531372] pci 0000:00:00.0: quirk_igfx_skip_te_disable+0x0/0x80 took 0 usecs
[    3.541988] pci 0000:00:01.0: [1234:1111] type 00 class 0x030000
[    3.556662] pci 0000:00:01.0: reg 0x10: [mem 0xfd000000-0xfdffffff pref]
[    3.576927] pci 0000:00:01.0: reg 0x18: [mem 0xfebf0000-0xfebf0fff]
[    3.603281] pci 0000:00:01.0: reg 0x30: [mem 0xfebe0000-0xfebeffff pref]
[    3.613361] pci 0000:00:01.0: calling  efifb_fixup_resources+0x0/0xf0 @ 1
[    3.622526] pci 0000:00:01.0: efifb_fixup_resources+0x0/0xf0 took 0 usecs
[    3.643997] pci 0000:00:1f.0: [8086:2918] type 00 class 0x060100
[    3.656287] pci 0000:00:1f.0: calling  quirk_ich7_lpc+0x0/0x60 @ 1
[    3.665786] pci 0000:00:1f.0: quirk: [io  0x0600-0x067f] claimed by ICH6 ACPI/GPIO/TCO
[    3.676702] pci 0000:00:1f.0: quirk_ich7_lpc+0x0/0x60 took 10742 usecs
[    3.684361] pci 0000:00:1f.0: calling  quirk_igfx_skip_te_disable+0x0/0x80 @ 1
[    3.692371] pci 0000:00:1f.0: quirk_igfx_skip_te_disable+0x0/0x80 took 0 usecs
[    3.703574] pci 0000:00:1f.2: [8086:2922] type 00 class 0x010601
[    3.720369] pci 0000:00:1f.2: reg 0x20: [io  0xc040-0xc05f]
[    3.729412] pci 0000:00:1f.2: reg 0x24: [mem 0xfebf1000-0xfebf1fff]
[    3.741599] pci 0000:00:1f.2: calling  quirk_igfx_skip_te_disable+0x0/0x80 @ 1
[    3.750374] pci 0000:00:1f.2: quirk_igfx_skip_te_disable+0x0/0x80 took 0 usecs
[    3.764574] pci 0000:00:1f.3: [8086:2930] type 00 class 0x0c0500
[    3.780371] pci 0000:00:1f.3: reg 0x20: [io  0x0700-0x073f]
[    3.793573] pci 0000:00:1f.3: calling  quirk_igfx_skip_te_disable+0x0/0x80 @ 1
[    3.802377] pci 0000:00:1f.3: quirk_igfx_skip_te_disable+0x0/0x80 took 0 usecs
[    3.813161] ACPI: PCI Interrupt Link [LNKA] (IRQs 5 *10 11)
[    3.820839] ACPI: PCI Interrupt Link [LNKB] (IRQs 5 *10 11)
[    3.828805] ACPI: PCI Interrupt Link [LNKC] (IRQs 5 10 *11)
[    3.835592] ACPI: PCI Interrupt Link [LNKD] (IRQs 5 10 *11)
[    3.843810] ACPI: PCI Interrupt Link [LNKE] (IRQs 5 *10 11)
[    3.850795] ACPI: PCI Interrupt Link [LNKF] (IRQs 5 *10 11)
[    3.858716] ACPI: PCI Interrupt Link [LNKG] (IRQs 5 10 *11)
[    3.866500] ACPI: PCI Interrupt Link [LNKH] (IRQs 5 10 *11)
[    3.874574] ACPI: PCI Interrupt Link [GSIA] (IRQs *16)
[    3.880385] ACPI: PCI Interrupt Link [GSIB] (IRQs *17)
[    3.887425] ACPI: PCI Interrupt Link [GSIC] (IRQs *18)
[    3.894405] ACPI: PCI Interrupt Link [GSID] (IRQs *19)
[    3.900397] ACPI: PCI Interrupt Link [GSIE] (IRQs *20)
[    3.906381] ACPI: PCI Interrupt Link [GSIF] (IRQs *21)
[    3.913457] ACPI: PCI Interrupt Link [GSIG] (IRQs *22)
[    3.919383] ACPI: PCI Interrupt Link [GSIH] (IRQs *23)
[    3.928361] initcall acpi_init+0x0/0x319 returned 0 after 627929 usecs
[    3.937605] calling  pnp_init+0x0/0xc @ 1
[    3.942448] initcall pnp_init+0x0/0xc returned 0 after 0 usecs
[    3.949369] calling  misc_init+0x0/0xbf @ 1
[    3.954744] initcall misc_init+0x0/0xbf returned 0 after 976 usecs
[    3.962371] calling  iommu_subsys_init+0x0/0x4e @ 1
[    3.969503] iommu: Default domain type: Translated 
[    3.975370] initcall iommu_subsys_init+0x0/0x4e returned 0 after 5859 usecs
[    3.983369] calling  vga_arb_device_init+0x0/0x261 @ 1
[    3.993569] pci 0000:00:01.0: vgaarb: setting as boot VGA device
[    3.994361] pci 0000:00:01.0: vgaarb: VGA device added: decodes=io+mem,owns=io+mem,locks=none
[    4.011371] pci 0000:00:01.0: vgaarb: bridge control possible
[    4.018366] vgaarb: loaded
[    4.021373] initcall vga_arb_device_init+0x0/0x261 returned 0 after 30273 usecs
[    4.030446] calling  cn_init+0x0/0xf0 @ 1
[    4.035914] initcall cn_init+0x0/0xf0 returned 0 after 976 usecs
[    4.044371] calling  dma_buf_init+0x0/0xad @ 1
[    4.052372] initcall dma_buf_init+0x0/0xad returned 0 after 1953 usecs
[    4.060371] calling  init_scsi+0x0/0x79 @ 1
[    4.068377] SCSI subsystem initialized
[    4.073369] initcall init_scsi+0x0/0x79 returned 0 after 6835 usecs
[    4.080369] calling  ata_init+0x0/0x332 @ 1
[    4.094540] libata version 3.00 loaded.
[    4.098375] initcall ata_init+0x0/0x332 returned 0 after 11718 usecs
[    4.105373] calling  phy_init+0x0/0x250 @ 1
[    4.113594] initcall phy_init+0x0/0x250 returned 0 after 2929 usecs
[    4.120619] calling  init_pcmcia_cs+0x0/0x35 @ 1
[    4.128712] initcall init_pcmcia_cs+0x0/0x35 returned 0 after 0 usecs
[    4.136372] calling  usb_common_init+0x0/0x1c @ 1
[    4.141653] initcall usb_common_init+0x0/0x1c returned 0 after 0 usecs
[    4.152380] calling  usb_init+0x0/0x12e @ 1
[    4.159967] ACPI: bus type USB registered
[    4.172321] usbcore: registered new interface driver usbfs
[    4.180923] usbcore: registered new interface driver hub
[    4.187387] usbcore: registered new device driver usb
[    4.194378] initcall usb_init+0x0/0x12e returned 0 after 34179 usecs
[    4.202375] calling  serio_init+0x0/0x29 @ 1
[    4.209855] initcall serio_init+0x0/0x29 returned 0 after 0 usecs
[    4.218377] calling  input_init+0x0/0xf6 @ 1
[    4.223632] initcall input_init+0x0/0xf6 returned 0 after 0 usecs
[    4.232370] calling  rtc_init+0x0/0x4d @ 1
[    4.235564] initcall rtc_init+0x0/0x4d returned 0 after 0 usecs
[    4.244369] calling  pps_init+0x0/0xa9 @ 1
[    4.249594] pps_core: LinuxPPS API ver. 1 registered
[    4.252597] pps_core: Software ver. 5.3.6 - Copyright 2005-2007 Rodolfo Giometti <giometti@linux.it>
[    4.263369] initcall pps_init+0x0/0xa9 returned 0 after 13671 usecs
[    4.274096] calling  ptp_init+0x0/0x98 @ 1
[    4.280520] PTP clock support registered
[    4.285371] initcall ptp_init+0x0/0x98 returned 0 after 4882 usecs
[    4.293372] calling  power_supply_class_init+0x0/0x3f @ 1
[    4.301588] initcall power_supply_class_init+0x0/0x3f returned 0 after 0 usecs
[    4.310370] calling  hwmon_init+0x0/0x104 @ 1
[    4.317434] initcall hwmon_init+0x0/0x104 returned 0 after 0 usecs
[    4.326371] calling  md_init+0x0/0x16b @ 1
[    4.333568] initcall md_init+0x0/0x16b returned 0 after 1953 usecs
[    4.341371] calling  leds_init+0x0/0x3b @ 1
[    4.346400] initcall leds_init+0x0/0x3b returned 0 after 0 usecs
[    4.353368] calling  dmi_init+0x0/0x113 @ 1
[    4.358533] initcall dmi_init+0x0/0x113 returned 0 after 976 usecs
[    4.366368] calling  efisubsys_init+0x0/0x4e7 @ 1
[    4.372402] initcall efisubsys_init+0x0/0x4e7 returned 0 after 0 usecs
[    4.380369] calling  nvmem_init+0x0/0xc @ 1
[    4.384545] initcall nvmem_init+0x0/0xc returned 0 after 0 usecs
[    4.393473] calling  init_soundcore+0x0/0x33 @ 1
[    4.399564] initcall init_soundcore+0x0/0x33 returned 0 after 0 usecs
[    4.408372] calling  alsa_sound_init+0x0/0x8f @ 1
[    4.414581] Advanced Linux Sound Architecture Driver Initialized.
[    4.423372] initcall alsa_sound_init+0x0/0x8f returned 0 after 8789 usecs
[    4.431373] calling  alsa_seq_device_init+0x0/0x71 @ 1
[    4.438569] initcall alsa_seq_device_init+0x0/0x71 returned 0 after 976 usecs
[    4.449372] calling  hda_bus_init+0x0/0xc @ 1
[    4.456444] initcall hda_bus_init+0x0/0xc returned 0 after 0 usecs
[    4.466378] calling  proto_init+0x0/0xc @ 1
[    4.472540] initcall proto_init+0x0/0xc returned 0 after 0 usecs
[    4.478370] calling  net_dev_init+0x0/0x209 @ 1
[    4.492849] initcall net_dev_init+0x0/0x209 returned 0 after 8789 usecs
[    4.501371] calling  neigh_init+0x0/0x84 @ 1
[    4.506375] initcall neigh_init+0x0/0x84 returned 0 after 0 usecs
[    4.511369] calling  fib_notifier_init+0x0/0xc @ 1
[    4.519596] initcall fib_notifier_init+0x0/0xc returned 0 after 0 usecs
[    4.526379] calling  fib_rules_init+0x0/0xab @ 1
[    4.530372] initcall fib_rules_init+0x0/0xab returned 0 after 0 usecs
[    4.538371] calling  pktsched_init+0x0/0x10e @ 1
[    4.547367] initcall pktsched_init+0x0/0x10e returned 0 after 2929 usecs
[    4.555369] calling  tc_filter_init+0x0/0xfa @ 1
[    4.559379] initcall tc_filter_init+0x0/0xfa returned 0 after 0 usecs
[    4.566372] calling  tc_action_init+0x0/0x54 @ 1
[    4.572373] initcall tc_action_init+0x0/0x54 returned 0 after 0 usecs
[    4.580370] calling  ethnl_init+0x0/0x52 @ 1
[    4.586165] initcall ethnl_init+0x0/0x52 returned 0 after 976 usecs
[    4.595378] calling  nexthop_init+0x0/0xd8 @ 1
[    4.601915] initcall nexthop_init+0x0/0xd8 returned 0 after 0 usecs
[    4.610371] calling  cipso_v4_init+0x0/0x5d @ 1
[    4.617687] initcall cipso_v4_init+0x0/0x5d returned 0 after 976 usecs
[    4.623372] calling  ieee80211_init+0x0/0x24 @ 1
[    4.630370] initcall ieee80211_init+0x0/0x24 returned 0 after 1953 usecs
[    4.637370] calling  netlbl_init+0x0/0x78 @ 1
[    4.641366] NetLabel: Initializing
[    4.645366] NetLabel:  domain hash size = 128
[    4.650365] NetLabel:  protocols = UNLABELED CIPSOv4 CALIPSO
[    4.659306] NetLabel:  unlabeled traffic allowed by default
[    4.664371] initcall netlbl_init+0x0/0x78 returned 0 after 22460 usecs
[    4.672371] calling  rfkill_init+0x0/0x111 @ 1
[    4.681758] initcall rfkill_init+0x0/0x111 returned 0 after 4882 usecs
[    4.688596] calling  pci_subsys_init+0x0/0x66 @ 1
[    4.694539] PCI: Using ACPI for IRQ routing
[    5.446361] PCI: pci_cache_line_size set to 64 bytes
[    5.454131] e820: reserve RAM buffer [mem 0x0009fc00-0x0009ffff]
[    5.462702] e820: reserve RAM buffer [mem 0x1ffdf000-0x1fffffff]
[    5.469868] initcall pci_subsys_init+0x0/0x66 returned 0 after 757812 usecs
[    5.480361] calling  nmi_warning_debugfs+0x0/0x26 @ 1
[    5.487588] initcall nmi_warning_debugfs+0x0/0x26 returned 0 after 0 usecs
[    5.496395] calling  save_microcode_in_initrd+0x0/0x51 @ 1
[    5.504671] initcall save_microcode_in_initrd+0x0/0x51 returned 0 after 0 usecs
[    5.513371] calling  hpet_late_init+0x0/0x20a @ 1
[    5.518839] hpet: 3 channels of 0 reserved for per-cpu timers
[    5.526445] hpet0: at MMIO 0xfed00000, IRQs 2, 8, 0
[    5.532367] hpet0: 3 comparators, 64-bit 100.000000 MHz counter
[    5.547375] initcall hpet_late_init+0x0/0x20a returned 0 after 28320 usecs
[    5.555371] calling  init_amd_nbs+0x0/0x11c @ 1
[    5.561515] initcall init_amd_nbs+0x0/0x11c returned 0 after 0 usecs
[    5.569387] calling  clocksource_done_booting+0x0/0x41 @ 1
[    5.576888] clocksource: Switched to clocksource kvm-clock
[    5.585257] initcall clocksource_done_booting+0x0/0x41 returned 0 after 9656 usecs
[    5.596242] calling  tracer_init_tracefs+0x0/0x242 @ 1
[    5.785121] initcall tracer_init_tracefs+0x0/0x242 returned 0 after 177047 usecs
[    5.793679] calling  init_trace_printk_function_export+0x0/0x2c @ 1
[    5.801019] initcall init_trace_printk_function_export+0x0/0x2c returned 0 after 9 usecs
[    5.810369] calling  init_kprobe_trace+0x0/0x1a9 @ 1
[    5.816160] initcall init_kprobe_trace+0x0/0x1a9 returned 0 after 38 usecs
[    5.824037] calling  init_dynamic_event+0x0/0x3d @ 1
[    5.829818] initcall init_dynamic_event+0x0/0x3d returned 0 after 5 usecs
[    5.837915] calling  init_uprobe_trace+0x0/0x5c @ 1
[    5.844073] initcall init_uprobe_trace+0x0/0x5c returned 0 after 44 usecs
[    5.852084] calling  init_pipe_fs+0x0/0x44 @ 1
[    5.857922] initcall init_pipe_fs+0x0/0x44 returned 0 after 259 usecs
[    5.867557] calling  inotify_user_setup+0x0/0x47 @ 1
[    5.875073] initcall inotify_user_setup+0x0/0x47 returned 0 after 51 usecs
[    5.885053] calling  eventpoll_init+0x0/0xd4 @ 1
[    5.890826] initcall eventpoll_init+0x0/0xd4 returned 0 after 129 usecs
[    5.898702] calling  anon_inode_init+0x0/0x58 @ 1
[    5.905997] initcall anon_inode_init+0x0/0x58 returned 0 after 103 usecs
[    5.915588] calling  proc_locks_init+0x0/0x27 @ 1
[    5.921832] initcall proc_locks_init+0x0/0x27 returned 0 after 91 usecs
[    5.929627] calling  iomap_init+0x0/0x1b @ 1
[    5.935616] initcall iomap_init+0x0/0x1b returned 0 after 937 usecs
[    5.942961] calling  dquot_init+0x0/0x106 @ 1
[    5.948051] VFS: Disk quotas dquot_6.6.0
[    5.952984] VFS: Dquot-cache hash table entries: 512 (order 0, 4096 bytes)
[    5.961111] initcall dquot_init+0x0/0x106 returned 0 after 12749 usecs
[    5.968634] calling  quota_init+0x0/0x23 @ 1
[    5.974215] initcall quota_init+0x0/0x23 returned 0 after 521 usecs
[    5.981435] calling  proc_cmdline_init+0x0/0x21 @ 1
[    5.987183] initcall proc_cmdline_init+0x0/0x21 returned 0 after 19 usecs
[    5.995041] calling  proc_consoles_init+0x0/0x24 @ 1
[    6.000934] initcall proc_consoles_init+0x0/0x24 returned 0 after 19 usecs
[    6.008891] calling  proc_cpuinfo_init+0x0/0x1e @ 1
[    6.014658] initcall proc_cpuinfo_init+0x0/0x1e returned 0 after 4 usecs
[    6.022450] calling  proc_devices_init+0x0/0x24 @ 1
[    6.028462] initcall proc_devices_init+0x0/0x24 returned 0 after 95 usecs
[    6.037058] calling  proc_interrupts_init+0x0/0x24 @ 1
[    6.043872] initcall proc_interrupts_init+0x0/0x24 returned 0 after 4 usecs
[    6.052062] calling  proc_loadavg_init+0x0/0x21 @ 1
[    6.058973] initcall proc_loadavg_init+0x0/0x21 returned 0 after 3 usecs
[    6.066812] calling  proc_meminfo_init+0x0/0x21 @ 1
[    6.072519] initcall proc_meminfo_init+0x0/0x21 returned 0 after 3 usecs
[    6.080456] calling  proc_stat_init+0x0/0x1e @ 1
[    6.085998] initcall proc_stat_init+0x0/0x1e returned 0 after 4 usecs
[    6.094231] calling  proc_uptime_init+0x0/0x21 @ 1
[    6.100261] initcall proc_uptime_init+0x0/0x21 returned 0 after 4 usecs
[    6.108412] calling  proc_version_init+0x0/0x21 @ 1
[    6.114535] initcall proc_version_init+0x0/0x21 returned 0 after 3 usecs
[    6.122849] calling  proc_softirqs_init+0x0/0x21 @ 1
[    6.129046] initcall proc_softirqs_init+0x0/0x21 returned 0 after 4 usecs
[    6.137485] calling  proc_kcore_init+0x0/0xea @ 1
[    6.143516] initcall proc_kcore_init+0x0/0xea returned 0 after 37 usecs
[    6.151914] calling  vmcore_init+0x0/0x578 @ 1
[    6.157128] initcall vmcore_init+0x0/0x578 returned 0 after 37 usecs
[    6.164300] calling  proc_kmsg_init+0x0/0x21 @ 1
[    6.169518] initcall proc_kmsg_init+0x0/0x21 returned 0 after 5 usecs
[    6.176788] calling  proc_page_init+0x0/0x3b @ 1
[    6.182163] initcall proc_page_init+0x0/0x3b returned 0 after 3 usecs
[    6.189483] calling  init_ramfs_fs+0x0/0xc @ 1
[    6.195577] initcall init_ramfs_fs+0x0/0xc returned 0 after 33 usecs
[    6.203117] calling  init_hugetlbfs_fs+0x0/0xf6 @ 1
[    6.208858] initcall init_hugetlbfs_fs+0x0/0xf6 returned 0 after 177 usecs
[    6.216649] calling  blk_scsi_ioctl_init+0x0/0x2a5 @ 1
[    6.222514] initcall blk_scsi_ioctl_init+0x0/0x2a5 returned 0 after 29 usecs
[    6.230652] calling  acpi_event_init+0x0/0x2c @ 1
[    6.237682] initcall acpi_event_init+0x0/0x2c returned 0 after 145 usecs
[    6.247078] calling  pnp_system_init+0x0/0xc @ 1
[    6.254156] initcall pnp_system_init+0x0/0xc returned 0 after 546 usecs
[    6.263436] calling  pnpacpi_init+0x0/0x69 @ 1
[    6.269839] pnp: PnP ACPI init
[    6.275775] pnp 00:00: Plug and Play ACPI device, IDs PNP0303 (active)
[    6.284904] pnp 00:01: Plug and Play ACPI device, IDs PNP0f13 (active)
[    6.293940] pnp 00:02: Plug and Play ACPI device, IDs PNP0400 (active)
[    6.302977] pnp 00:03: Plug and Play ACPI device, IDs PNP0501 (active)
[    6.312138] pnp 00:04: Plug and Play ACPI device, IDs PNP0b00 (active)
[    6.321810] system 00:05: [mem 0xb0000000-0xbfffffff window] has been reserved
[    6.330328] system 00:05: Plug and Play ACPI device, IDs PNP0c01 (active)
[    6.339323] pnp: PnP ACPI: found 6 devices
[    6.344120] initcall pnpacpi_init+0x0/0x69 returned 0 after 72583 usecs
[    6.351799] calling  chr_dev_init+0x0/0x14d @ 1
[    6.450195] initcall chr_dev_init+0x0/0x14d returned 0 after 90103 usecs
[    6.458255] calling  firmware_class_init+0x0/0xe7 @ 1
[    6.464119] initcall firmware_class_init+0x0/0xe7 returned 0 after 206 usecs
[    6.471969] calling  init_pcmcia_bus+0x0/0x5b @ 1
[    6.477746] initcall init_pcmcia_bus+0x0/0x5b returned 0 after 425 usecs
[    6.485317] calling  init_acpi_pm_clocksource+0x0/0xda @ 1
[    6.496997] clocksource: acpi_pm: mask: 0xffffff max_cycles: 0xffffff, max_idle_ns: 2085701024 ns
[    6.507008] initcall init_acpi_pm_clocksource+0x0/0xda returned 0 after 15082 usecs
[    6.515409] calling  sysctl_core_init+0x0/0x26 @ 1
[    6.521219] initcall sysctl_core_init+0x0/0x26 returned 0 after 401 usecs
[    6.528949] calling  eth_offload_init+0x0/0x13 @ 1
[    6.534355] initcall eth_offload_init+0x0/0x13 returned 0 after 29 usecs
[    6.541792] calling  ipv4_offload_init+0x0/0x73 @ 1
[    6.547340] initcall ipv4_offload_init+0x0/0x73 returned 0 after 72 usecs
[    6.554866] calling  inet_init+0x0/0x276 @ 1
[    6.560148] NET: Registered protocol family 2
[    6.566239] IP idents hash table entries: 8192 (order: 4, 65536 bytes, linear)
[    6.576698] tcp_listen_portaddr_hash hash table entries: 256 (order: 0, 4096 bytes, linear)
[    6.588386] TCP established hash table entries: 4096 (order: 3, 32768 bytes, linear)
[    6.599053] TCP bind hash table entries: 4096 (order: 4, 65536 bytes, linear)
[    6.607723] TCP: Hash tables configured (established 4096 bind 4096)
[    6.615184] UDP hash table entries: 256 (order: 1, 8192 bytes, linear)
[    6.622526] UDP-Lite hash table entries: 256 (order: 1, 8192 bytes, linear)
[    6.630554] initcall inet_init+0x0/0x276 returned 0 after 69206 usecs
[    6.637829] calling  af_unix_init+0x0/0x4d @ 1
[    6.642893] NET: Registered protocol family 1
[    6.647930] initcall af_unix_init+0x0/0x4d returned 0 after 4937 usecs
[    6.655218] calling  ipv6_offload_init+0x0/0x7e @ 1
[    6.660778] initcall ipv6_offload_init+0x0/0x7e returned 0 after 55 usecs
[    6.668295] calling  init_sunrpc+0x0/0x65 @ 1
[    6.679642] RPC: Registered named UNIX socket transport module.
[    6.686267] RPC: Registered udp transport module.
[    6.691568] RPC: Registered tcp transport module.
[    6.696931] RPC: Registered tcp NFSv4.1 backchannel transport module.
[    6.704768] initcall init_sunrpc+0x0/0x65 returned 0 after 30668 usecs
[    6.712390] calling  cfg80211_init+0x0/0xc5 @ 1
[    6.721823] initcall cfg80211_init+0x0/0xc5 returned 0 after 4194 usecs
[    6.729404] calling  pcibios_assign_resources+0x0/0xbf @ 1
[    6.736215] pci_bus 0000:00: resource 4 [io  0x0000-0x0cf7 window]
[    6.744097] pci_bus 0000:00: resource 5 [io  0x0d00-0xffff window]
[    6.751304] pci_bus 0000:00: resource 6 [mem 0x000a0000-0x000bffff window]
[    6.759114] pci_bus 0000:00: resource 7 [mem 0x20000000-0xafffffff window]
[    6.766741] pci_bus 0000:00: resource 8 [mem 0xc0000000-0xfebfffff window]
[    6.774405] pci_bus 0000:00: resource 9 [mem 0x100000000-0x8ffffffff window]
[    6.782980] initcall pcibios_assign_resources+0x0/0xbf returned 0 after 46238 usecs
[    6.791667] calling  pci_apply_final_quirks+0x0/0x124 @ 1
[    6.798136] pci 0000:00:01.0: calling  pci_fixup_video+0x0/0xe0 @ 1
[    6.805611] pci 0000:00:01.0: Video device with shadowed ROM at [mem 0x000c0000-0x000dffff]
[    6.814882] pci 0000:00:01.0: pci_fixup_video+0x0/0xe0 took 9434 usecs
[    6.822519] PCI: CLS 0 bytes, default 64
[    6.827081] initcall pci_apply_final_quirks+0x0/0x124 returned 0 after 28703 usecs
[    6.836894] calling  acpi_reserve_resources+0x0/0xea @ 1
[    6.844557] initcall acpi_reserve_resources+0x0/0xea returned 0 after 163 usecs
[    6.854963] calling  populate_rootfs+0x0/0x102 @ 1
[    6.863516] initcall populate_rootfs+0x0/0x102 returned 0 after 1663 usecs
[    6.871164] calling  pci_iommu_init+0x0/0x3e @ 1
[    6.876690] initcall pci_iommu_init+0x0/0x3e returned 0 after 122 usecs
[    6.885961] calling  ia32_binfmt_init+0x0/0x13 @ 1
[    6.891508] initcall ia32_binfmt_init+0x0/0x13 returned 0 after 91 usecs
[    6.898969] calling  rapl_pmu_init+0x0/0x267 @ 1
[    6.904858] initcall rapl_pmu_init+0x0/0x267 returned -19 after 523 usecs
[    6.912850] calling  amd_uncore_init+0x0/0x310 @ 1
[    6.918313] initcall amd_uncore_init+0x0/0x310 returned -19 after 0 usecs
[    6.925933] calling  amd_ibs_init+0x0/0x27b @ 1
[    6.931019] initcall amd_ibs_init+0x0/0x27b returned -19 after 0 usecs
[    6.938274] calling  amd_iommu_pc_init+0x0/0x215 @ 1
[    6.943805] initcall amd_iommu_pc_init+0x0/0x215 returned -19 after 36 usecs
[    6.951656] calling  msr_init+0x0/0x55 @ 1
[    6.956308] initcall msr_init+0x0/0x55 returned 0 after 84 usecs
[    6.963188] calling  intel_uncore_init+0x0/0x36f @ 1
[    6.968839] initcall intel_uncore_init+0x0/0x36f returned -19 after 111 usecs
[    6.976827] calling  cstate_pmu_init+0x0/0x1a1 @ 1
[    6.982233] initcall cstate_pmu_init+0x0/0x1a1 returned -19 after 0 usecs
[    6.989819] calling  register_kernel_offset_dumper+0x0/0x1a @ 1
[    6.996436] initcall register_kernel_offset_dumper+0x0/0x1a returned 0 after 25 usecs
[    7.005384] calling  i8259A_init_ops+0x0/0x20 @ 1
[    7.010956] initcall i8259A_init_ops+0x0/0x20 returned 0 after 1 usecs
[    7.018303] calling  init_tsc_clocksource+0x0/0xa4 @ 1
[    7.024114] clocksource: tsc: mask: 0xffffffffffffffff max_cycles: 0x39a85afc727, max_idle_ns: 881590685098 ns
[    7.035182] initcall init_tsc_clocksource+0x0/0xa4 returned 0 after 10805 usecs
[    7.043277] calling  add_rtc_cmos+0x0/0xb0 @ 1
[    7.048735] initcall add_rtc_cmos+0x0/0xb0 returned 0 after 145 usecs
[    7.055967] calling  i8237A_init_ops+0x0/0x3a @ 1
[    7.061300] initcall i8237A_init_ops+0x0/0x3a returned 0 after 86 usecs
[    7.068518] calling  umwait_init+0x0/0x94 @ 1
[    7.073364] initcall umwait_init+0x0/0x94 returned -19 after 14 usecs
[    7.080478] calling  thermal_throttle_init_device+0x0/0x3d @ 1
[    7.087146] initcall thermal_throttle_init_device+0x0/0x3d returned 0 after 35 usecs
[    7.095786] calling  msr_init+0x0/0xd7 @ 1
[    7.106341] initcall msr_init+0x0/0xd7 returned 0 after 5821 usecs
[    7.113470] calling  cpuid_init+0x0/0xd7 @ 1
[    7.124120] initcall cpuid_init+0x0/0xd7 returned 0 after 5615 usecs
[    7.131241] calling  ioapic_init_ops+0x0/0x13 @ 1
[    7.136569] initcall ioapic_init_ops+0x0/0x13 returned 0 after 27 usecs
[    7.143961] calling  add_pcspkr+0x0/0x6c @ 1
[    7.148857] initcall add_pcspkr+0x0/0x6c returned 0 after 78 usecs
[    7.155934] calling  start_periodic_check_for_corruption+0x0/0x30 @ 1
[    7.163279] check: Scanning for low memory corruption every 60 seconds
[    7.170673] initcall start_periodic_check_for_corruption+0x0/0x30 returned 0 after 7237 usecs
[    7.181695] calling  sysfb_init+0x0/0x9c @ 1
[    7.186770] initcall sysfb_init+0x0/0x9c returned 0 after 100 usecs
[    7.193904] calling  audit_classes_init+0x0/0xae @ 1
[    7.199598] initcall audit_classes_init+0x0/0xae returned 0 after 70 usecs
[    7.207361] calling  iosf_mbi_init+0x0/0x24 @ 1
[    7.212723] initcall iosf_mbi_init+0x0/0x24 returned 0 after 265 usecs
[    7.220108] calling  proc_execdomains_init+0x0/0x21 @ 1
[    7.226115] initcall proc_execdomains_init+0x0/0x21 returned 0 after 28 usecs
[    7.234100] calling  register_warn_debugfs+0x0/0x23 @ 1
[    7.239945] initcall register_warn_debugfs+0x0/0x23 returned 0 after 12 usecs
[    7.249276] calling  cpuhp_sysfs_init+0x0/0x79 @ 1
[    7.255234] initcall cpuhp_sysfs_init+0x0/0x79 returned 0 after 209 usecs
[    7.262826] calling  ioresources_init+0x0/0x49 @ 1
[    7.268225] initcall ioresources_init+0x0/0x49 returned 0 after 6 usecs
[    7.275582] calling  snapshot_device_init+0x0/0xc @ 1
[    7.282698] initcall snapshot_device_init+0x0/0xc returned 0 after 1364 usecs
[    7.290724] calling  irq_pm_init_ops+0x0/0x13 @ 1
[    7.296068] initcall irq_pm_init_ops+0x0/0x13 returned 0 after 21 usecs
[    7.303609] calling  rcu_torture_init+0x0/0x9a6 @ 1
[    7.309163] tasks-tracing-torture:--- Start of test: nreaders=3 nfakewriters=4 stat_interval=15 verbose=1 test_no_idle_hz=1 shuffle_interval=3 stutter=5 irqreader=1 fqs_duration=0 fqs_holdoff=0 fqs_stutter=3 test_boost=1/0 test_boost_interval=7 test_boost_duration=4 shutdown_secs=1800 stall_cpu=0 stall_cpu_holdoff=10 stall_cpu_irqsoff=0 stall_cpu_block=0 n_barrier_cbs=4 onoff_interval=1000 onoff_holdoff=30 read_exit_delay=13 read_exit_burst=16
[    7.352069] tasks-tracing:  Start-test grace-period state: g0 f0x0
[    7.359129] tasks-tracing-torture: Creating rcu_torture_writer task
[    7.367769] tasks-tracing-torture: Creating rcu_torture_fakewriter task
[    7.368099] tasks-tracing-torture: rcu_torture_writer task started
[    7.377185] tasks-tracing-torture: Creating rcu_torture_fakewriter task
[    7.377682] tasks-tracing-torture: rcu_torture_fakewriter task started
[    7.382364] tasks-tracing-torture: GP expediting controlled from boot/sysfs for tasks-tracing.
[    7.382379] rcu_torture_writer: Testing expedited GPs.
[    7.393011] tasks-tracing-torture: Creating rcu_torture_fakewriter task
[    7.393482] tasks-tracing-torture: rcu_torture_fakewriter task started
[    7.398448] rcu_torture_writer: Testing asynchronous GPs.
[    7.410511] tasks-tracing-torture: Creating rcu_torture_fakewriter task
[    7.410740] tasks-tracing-torture: rcu_torture_fakewriter task started
[    7.414330] rcu_torture_writer: Testing normal GPs.
[    7.423792] tasks-tracing-torture: Creating rcu_torture_reader task
[    7.424038] tasks-tracing-torture: rcu_torture_fakewriter task started
[    7.483926] tasks-tracing-torture: Creating rcu_torture_reader task
[    7.484286] tasks-tracing-torture: rcu_torture_reader task started
[    7.494934] tasks-tracing-torture: Creating rcu_torture_reader task
[    7.495101] tasks-tracing-torture: rcu_torture_reader task started
[    7.516045] tasks-tracing-torture: Creating rcu_torture_stats task
[    7.516349] tasks-tracing-torture: rcu_torture_reader task started
[    7.524070] tasks-tracing-torture: Creating torture_shuffle task
[    7.524347] tasks-tracing-torture: rcu_torture_stats task started
[    7.547655] tasks-tracing-torture: Creating torture_stutter task
[    7.548463] tasks-tracing-torture: torture_shuffle task started
[    7.561810] tasks-tracing-torture: Creating torture_shutdown task
[    7.562127] tasks-tracing-torture: torture_stutter task started
[    7.576182] tasks-tracing-torture: Creating torture_onoff task
[    7.576187] tasks-tracing-torture: torture_shutdown task started
[    7.584704] tasks-tracing-torture: torture_onoff task started
[    7.584728] tasks-tracing-torture: rcu_torture_fwd_prog_init: Disabled, unsupported by RCU flavor under test
[    7.584731] tasks-tracing-torture: Creating rcu_torture_barrier_cbs task
[    7.584954] tasks-tracing-torture: Creating rcu_torture_barrier_cbs task
[    7.585029] tasks-tracing-torture: rcu_torture_barrier_cbs task started
[    7.585036] tasks-tracing-torture: Creating rcu_torture_barrier_cbs task
[    7.585124] tasks-tracing-torture: rcu_torture_barrier_cbs task started
[    7.586258] tasks-tracing-torture: Creating rcu_torture_barrier_cbs task
[    7.586268] tasks-tracing-torture: rcu_torture_barrier_cbs task started
[    7.588015] tasks-tracing-torture: Creating rcu_torture_barrier task
[    7.588035] tasks-tracing-torture: rcu_torture_barrier_cbs task started
[    7.588767] tasks-tracing-torture: Creating rcu_torture_read_exit task
[    7.588782] tasks-tracing-torture: rcu_torture_barrier task starting
[    7.590234] tasks-tracing-torture:torture_shutdown task: 1799971 ms remaining
[    7.591545] tasks-tracing-torture: rcu_torture_read_exit: Start of test
[    7.592482] initcall rcu_torture_init+0x0/0x9a6 returned 0 after 276067 usecs
[    7.592930] calling  timekeeping_init_ops+0x0/0x13 @ 1
[    7.593009] initcall timekeeping_init_ops+0x0/0x13 returned 0 after 55 usecs
[    7.593012] calling  init_clocksource_sysfs+0x0/0x23 @ 1
[    7.595040] initcall init_clocksource_sysfs+0x0/0x23 returned 0 after 1974 usecs
[    7.595043] calling  init_timer_list_procfs+0x0/0x31 @ 1
[    7.595227] initcall init_timer_list_procfs+0x0/0x31 returned 0 after 177 usecs
[    7.595229] calling  alarmtimer_init+0x0/0xc7 @ 1
[    7.595602] initcall alarmtimer_init+0x0/0xc7 returned 0 after 361 usecs
[    7.595604] calling  init_posix_timers+0x0/0x29 @ 1
[    7.595693] initcall init_posix_timers+0x0/0x29 returned 0 after 84 usecs
[    7.595695] calling  clockevents_init_sysfs+0x0/0xbf @ 1
[    7.595857] initcall clockevents_init_sysfs+0x0/0xbf returned 0 after 154 usecs
[    7.595859] calling  proc_dma_init+0x0/0x21 @ 1
[    7.595875] initcall proc_dma_init+0x0/0x21 returned 0 after 13 usecs
[    7.595878] calling  proc_modules_init+0x0/0x1e @ 1
[    7.595893] initcall proc_modules_init+0x0/0x1e returned 0 after 12 usecs
[    7.595895] calling  kallsyms_init+0x0/0x21 @ 1
[    7.595898] initcall kallsyms_init+0x0/0x21 returned 0 after 1 usecs
[    7.595901] calling  pid_namespaces_init+0x0/0x2c @ 1
[    7.596088] initcall pid_namespaces_init+0x0/0x2c returned 0 after 180 usecs
[    7.596090] calling  audit_watch_init+0x0/0x37 @ 1
[    7.596145] initcall audit_watch_init+0x0/0x37 returned 0 after 41 usecs
[    7.596147] calling  audit_fsnotify_init+0x0/0x37 @ 1
[    7.596149] initcall audit_fsnotify_init+0x0/0x37 returned 0 after 0 usecs
[    7.596151] calling  audit_tree_init+0x0/0x6d @ 1
[    7.596172] initcall audit_tree_init+0x0/0x6d returned 0 after 18 usecs
[    7.596174] calling  seccomp_sysctl_init+0x0/0x2b @ 1
[    7.596277] initcall seccomp_sysctl_init+0x0/0x2b returned 0 after 98 usecs
[    7.596279] calling  utsname_sysctl_init+0x0/0x13 @ 1
[    7.596365] initcall utsname_sysctl_init+0x0/0x13 returned 0 after 81 usecs
[    7.596367] calling  init_tracepoints+0x0/0x27 @ 1
[    7.596484] initcall init_tracepoints+0x0/0x27 returned 0 after 111 usecs
[    7.596485] calling  init_blk_tracer+0x0/0x50 @ 1
[    7.597101] tasks-tracing-torture: torture_onoff begin holdoff
[    7.597583] initcall init_blk_tracer+0x0/0x50 returned 0 after 1067 usecs
[    7.597595] calling  perf_event_sysfs_init+0x0/0x81 @ 1
[    7.598075] initcall perf_event_sysfs_init+0x0/0x81 returned 0 after 464 usecs
[    7.598077] calling  system_trusted_keyring_init+0x0/0x60 @ 1
[    7.598079] Initialise system trusted keyrings
[    7.598150] initcall system_trusted_keyring_init+0x0/0x60 returned 0 after 68 usecs
[    7.598163] calling  kswapd_init+0x0/0x5c @ 1
[    7.609769] rcu_torture_rea (88) used greatest stack depth: 15184 bytes left
[    7.616720] initcall kswapd_init+0x0/0x5c returned 0 after 18116 usecs
[    8.031306] calling  extfrag_debug_init+0x0/0x54 @ 1
[    8.037746] initcall extfrag_debug_init+0x0/0x54 returned 0 after 376 usecs
[    8.046790] calling  mm_compute_batch_init+0x0/0x12 @ 1
[    8.054209] initcall mm_compute_batch_init+0x0/0x12 returned 0 after 17 usecs
[    8.062555] calling  slab_proc_init+0x0/0x21 @ 1
[    8.068573] initcall slab_proc_init+0x0/0x21 returned 0 after 45 usecs
[    8.076913] calling  workingset_init+0x0/0x8c @ 1
[    8.083689] workingset: timestamp_bits=56 max_order=17 bucket_order=0
[    8.094673] initcall workingset_init+0x0/0x8c returned 0 after 10763 usecs
[    8.105874] calling  proc_vmalloc_init+0x0/0x32 @ 1
[    8.113374] initcall proc_vmalloc_init+0x0/0x32 returned 0 after 78 usecs
[    8.128211] calling  procswaps_init+0x0/0x1e @ 1
[    8.136579] initcall procswaps_init+0x0/0x1e returned 0 after 72 usecs
[    8.146344] calling  slab_sysfs_init+0x0/0xea @ 1
[    8.157553] initcall slab_sysfs_init+0x0/0xea returned 0 after 3972 usecs
[    8.167638] calling  fcntl_init+0x0/0x29 @ 1
[    8.174127] initcall fcntl_init+0x0/0x29 returned 0 after 25 usecs
[    8.183532] calling  proc_filesystems_init+0x0/0x21 @ 1
[    8.191578] initcall proc_filesystems_init+0x0/0x21 returned 0 after 241 usecs
[    8.202325] calling  start_dirtytime_writeback+0x0/0x29 @ 1
[    8.210073] initcall start_dirtytime_writeback+0x0/0x29 returned 0 after 2 usecs
[    8.219547] calling  blkdev_init+0x0/0x1b @ 1
[    8.225208] initcall blkdev_init+0x0/0x1b returned 0 after 314 usecs
[    8.232933] calling  dio_init+0x0/0x2c @ 1
[    8.238094] initcall dio_init+0x0/0x2c returned 0 after 65 usecs
[    8.245204] calling  dnotify_init+0x0/0x78 @ 1
[    8.250747] initcall dnotify_init+0x0/0x78 returned 0 after 11 usecs
[    8.258381] calling  aio_setup+0x0/0x78 @ 1
[    8.264098] initcall aio_setup+0x0/0x78 returned 0 after 452 usecs
[    8.271860] calling  io_uring_init+0x0/0x2c @ 1
[    8.277544] initcall io_uring_init+0x0/0x2c returned 0 after 6 usecs
[    8.285455] calling  mbcache_init+0x0/0x30 @ 1
[    8.291080] initcall mbcache_init+0x0/0x30 returned 0 after 46 usecs
[    8.299087] calling  init_grace+0x0/0xc @ 1
[    8.305974] initcall init_grace+0x0/0xc returned 0 after 230 usecs
[    8.315391] calling  init_v2_quota_format+0x0/0x21 @ 1
[    8.323688] initcall init_v2_quota_format+0x0/0x21 returned 0 after 291 usecs
[    8.333718] calling  init_devpts_fs+0x0/0x27 @ 1
[    8.339683] initcall init_devpts_fs+0x0/0x27 returned 0 after 168 usecs
[    8.347849] calling  ext4_init_fs+0x0/0x1d0 @ 1
[    8.353755] initcall ext4_init_fs+0x0/0x1d0 returned 0 after 288 usecs
[    8.363105] calling  journal_init+0x0/0x11c @ 1
[    8.369132] initcall journal_init+0x0/0x11c returned 0 after 238 usecs
[    8.377165] calling  init_fat_fs+0x0/0x49 @ 1
[    8.382720] initcall init_fat_fs+0x0/0x49 returned 0 after 86 usecs
[    8.390211] calling  init_vfat_fs+0x0/0xc @ 1
[    8.396199] initcall init_vfat_fs+0x0/0xc returned 0 after 4 usecs
[    8.404057] calling  init_msdos_fs+0x0/0xc @ 1
[    8.409658] initcall init_msdos_fs+0x0/0xc returned 0 after 3 usecs
[    8.417625] calling  init_iso9660_fs+0x0/0x6c @ 1
[    8.424123] initcall init_iso9660_fs+0x0/0x6c returned 0 after 72 usecs
[    8.432993] calling  init_nfs_fs+0x0/0x13a @ 1
[    8.442365] initcall init_nfs_fs+0x0/0x13a returned 0 after 3204 usecs
[    8.451628] calling  init_nfs_v2+0x0/0x13 @ 1
[    8.458244] initcall init_nfs_v2+0x0/0x13 returned 0 after 43 usecs
[    8.467475] calling  init_nfs_v3+0x0/0x13 @ 1
[    8.472652] initcall init_nfs_v3+0x0/0x13 returned 0 after 15 usecs
[    8.480259] calling  init_nfs_v4+0x0/0x32 @ 1
[    8.485587] NFS: Registering the id_resolver key type
[    8.491951] Key type id_resolver registered
[    8.497011] Key type id_legacy registered
[    8.502030] initcall init_nfs_v4+0x0/0x32 returned 0 after 16115 usecs
[    8.509923] calling  init_nlm+0x0/0x5b @ 1
[    8.515188] initcall init_nlm+0x0/0x5b returned 0 after 281 usecs
[    8.522416] calling  init_nls_cp437+0x0/0xe @ 1
[    8.527964] initcall init_nls_cp437+0x0/0xe returned 0 after 44 usecs
[    8.537109] calling  init_nls_ascii+0x0/0xe @ 1
[    8.543991] initcall init_nls_ascii+0x0/0xe returned 0 after 1 usecs
[    8.553158] calling  init_nls_iso8859_1+0x0/0xe @ 1
[    8.558944] initcall init_nls_iso8859_1+0x0/0xe returned 0 after 1 usecs
[    8.566871] calling  init_nls_utf8+0x0/0x21 @ 1
[    8.572247] initcall init_nls_utf8+0x0/0x21 returned 0 after 1 usecs
[    8.579733] calling  init_autofs_fs+0x0/0x25 @ 1
[    8.587691] initcall init_autofs_fs+0x0/0x25 returned 0 after 2026 usecs
[    8.596138] calling  ipc_init+0x0/0x24 @ 1
[    8.601290] initcall ipc_init+0x0/0x24 returned 0 after 146 usecs
[    8.608807] calling  ipc_sysctl_init+0x0/0x13 @ 1
[    8.614673] initcall ipc_sysctl_init+0x0/0x13 returned 0 after 39 usecs
[    8.622991] calling  init_mqueue_fs+0x0/0x9a @ 1
[    8.629002] initcall init_mqueue_fs+0x0/0x9a returned 0 after 265 usecs
[    8.637241] calling  key_proc_init+0x0/0x63 @ 1
[    8.642705] initcall key_proc_init+0x0/0x63 returned 0 after 6 usecs
[    8.650554] calling  selinux_nf_ip_init+0x0/0x2e @ 1
[    8.656476] initcall selinux_nf_ip_init+0x0/0x2e returned 0 after 44 usecs
[    8.664658] calling  init_sel_fs+0x0/0x116 @ 1
[    8.670193] initcall init_sel_fs+0x0/0x116 returned 0 after 135 usecs
[    8.677970] calling  selnl_init+0x0/0x7c @ 1
[    8.683349] initcall selnl_init+0x0/0x7c returned 0 after 166 usecs
[    8.691281] calling  sel_netif_init+0x0/0x36 @ 1
[    8.697217] initcall sel_netif_init+0x0/0x36 returned 0 after 0 usecs
[    8.704907] calling  sel_netnode_init+0x0/0x33 @ 1
[    8.713698] initcall sel_netnode_init+0x0/0x33 returned 0 after 0 usecs
[    8.721699] calling  sel_netport_init+0x0/0x33 @ 1
[    8.727809] initcall sel_netport_init+0x0/0x33 returned 0 after 1 usecs
[    8.736210] calling  aurule_init+0x0/0x2a @ 1
[    8.741749] initcall aurule_init+0x0/0x2a returned 0 after 1 usecs
[    8.749194] calling  crypto_algapi_init+0x0/0xc @ 1
[    8.755146] initcall crypto_algapi_init+0x0/0xc returned 0 after 5 usecs
[    8.763157] calling  jent_mod_init+0x0/0x2d @ 1
[    8.781690] initcall jent_mod_init+0x0/0x2d returned 0 after 11847 usecs
[    8.790458] calling  asymmetric_key_init+0x0/0xc @ 1
[    8.796654] Key type asymmetric registered
[    8.802051] initcall asymmetric_key_init+0x0/0xc returned 0 after 5273 usecs
[    8.810992] calling  x509_key_init+0x0/0xc @ 1
[    8.816576] Asymmetric key parser 'x509' registered
[    8.823049] initcall x509_key_init+0x0/0xc returned 0 after 6335 usecs
[    8.831257] calling  proc_genhd_init+0x0/0x41 @ 1
[    8.837286] initcall proc_genhd_init+0x0/0x41 returned 0 after 8 usecs
[    8.845640] calling  bsg_init+0x0/0x113 @ 1
[    8.851104] Block layer SCSI generic (bsg) driver version 0.4 loaded (major 251)
[    8.860626] initcall bsg_init+0x0/0x113 returned 0 after 9437 usecs
[    8.868644] calling  deadline_init+0x0/0xc @ 1
[    8.874664] io scheduler mq-deadline registered
[    8.880854] initcall deadline_init+0x0/0xc returned 0 after 6102 usecs
[    8.889261] calling  kyber_init+0x0/0xc @ 1
[    8.894746] io scheduler kyber registered
[    8.900320] initcall kyber_init+0x0/0xc returned 0 after 5482 usecs
[    8.909016] calling  mod_init+0x0/0x7 @ 1
[    8.915431] initcall mod_init+0x0/0x7 returned 0 after 0 usecs
[    8.924315] calling  percpu_counter_startup+0x0/0x55 @ 1
[    8.935009] initcall percpu_counter_startup+0x0/0x55 returned 0 after 2513 usecs
[    8.947583] calling  sg_pool_init+0x0/0xb4 @ 1
[    8.954769] initcall sg_pool_init+0x0/0xb4 returned 0 after 1122 usecs
[    8.963495] calling  pcie_portdrv_init+0x0/0x39 @ 1
[    8.971287] initcall pcie_portdrv_init+0x0/0x39 returned 0 after 830 usecs
[    8.980645] calling  pci_proc_init+0x0/0x68 @ 1
[    8.986919] initcall pci_proc_init+0x0/0x68 returned 0 after 78 usecs
[    8.996088] calling  pci_hotplug_init+0x0/0x7 @ 1
[    9.002751] initcall pci_hotplug_init+0x0/0x7 returned 0 after 0 usecs
[    9.011811] calling  efifb_driver_init+0x0/0xe @ 1
[    9.019088] initcall efifb_driver_init+0x0/0xe returned 0 after 44 usecs
[    9.028851] calling  ged_driver_init+0x0/0xe @ 1
[    9.036212] initcall ged_driver_init+0x0/0xe returned 0 after 240 usecs
[    9.046281] calling  acpi_ac_init+0x0/0x92 @ 1
[    9.053269] initcall acpi_ac_init+0x0/0x92 returned 0 after 704 usecs
[    9.061620] calling  acpi_button_driver_init+0x0/0x52 @ 1
[    9.070918] input: Power Button as /devices/LNXSYSTM:00/LNXPWRBN:00/input/input0
[    9.083374] ACPI: Power Button [PWRF]
[    9.089758] initcall acpi_button_driver_init+0x0/0x52 returned 0 after 19133 usecs
[    9.099789] calling  acpi_fan_driver_init+0x0/0xe @ 1
[    9.106845] initcall acpi_fan_driver_init+0x0/0xe returned 0 after 210 usecs
[    9.116592] calling  acpi_video_init+0x0/0xcb @ 1
[    9.123207] initcall acpi_video_init+0x0/0xcb returned 0 after 176 usecs
[    9.132172] calling  acpi_processor_driver_init+0x0/0xad @ 1
[    9.141556] initcall acpi_processor_driver_init+0x0/0xad returned 0 after 1572 usecs
[    9.151685] calling  acpi_thermal_init+0x0/0x71 @ 1
[    9.160934] initcall acpi_thermal_init+0x0/0x71 returned 0 after 2504 usecs
[    9.170638] calling  acpi_battery_init+0x0/0x32 @ 1
[    9.178375] initcall acpi_battery_init+0x0/0x32 returned 0 after 191 usecs
[    9.188420] calling  bgrt_init+0x0/0xb6 @ 1
[    9.194898] initcall bgrt_init+0x0/0xb6 returned -19 after 1 usecs
[    9.203308] calling  gpio_clk_driver_init+0x0/0xe @ 1
[    9.211522] initcall gpio_clk_driver_init+0x0/0xe returned 0 after 63 usecs
[    9.222619] calling  plt_clk_driver_init+0x0/0xe @ 1
[    9.230535] initcall plt_clk_driver_init+0x0/0xe returned 0 after 25 usecs
[    9.241600] calling  virtio_pci_driver_init+0x0/0x15 @ 1
[    9.249810] initcall virtio_pci_driver_init+0x0/0x15 returned 0 after 103 usecs
[    9.261294] calling  n_null_init+0x0/0x1e @ 1
[    9.267523] initcall n_null_init+0x0/0x1e returned 0 after 27 usecs
[    9.278384] calling  pty_init+0x0/0x1e8 @ 1
[    9.287730] initcall pty_init+0x0/0x1e8 returned 0 after 2236 usecs
[    9.297793] calling  sysrq_init+0x0/0x62 @ 1
[    9.305129] initcall sysrq_init+0x0/0x62 returned 0 after 48 usecs
[    9.314755] calling  serial8250_init+0x0/0x17e @ 1
[    9.322623] Serial: 8250/16550 driver, 4 ports, IRQ sharing enabled
[    9.334786] 00:03: ttyS0 at I/O 0x3f8 (irq = 4, base_baud = 115200) is a 16550A
[    9.353038] initcall serial8250_init+0x0/0x17e returned 0 after 29753 usecs
[    9.365636] calling  serial_pci_driver_init+0x0/0x15 @ 1
[    9.374741] initcall serial_pci_driver_init+0x0/0x15 returned 0 after 184 usecs
[    9.386260] calling  exar_pci_driver_init+0x0/0x15 @ 1
[    9.394501] initcall exar_pci_driver_init+0x0/0x15 returned 0 after 30 usecs
[    9.404745] calling  lpss8250_pci_driver_init+0x0/0x15 @ 1
[    9.412185] initcall lpss8250_pci_driver_init+0x0/0x15 returned 0 after 56 usecs
[    9.422224] calling  mid8250_pci_driver_init+0x0/0x15 @ 1
[    9.429984] initcall mid8250_pci_driver_init+0x0/0x15 returned 0 after 279 usecs
[    9.440150] calling  virtio_console_init+0x0/0xff @ 1
[    9.447329] initcall virtio_console_init+0x0/0xff returned 0 after 558 usecs
[    9.456552] calling  hpet_init+0x0/0x64 @ 1
[    9.464001] initcall hpet_init+0x0/0x64 returned 0 after 1543 usecs
[    9.472739] calling  nvram_module_init+0x0/0x83 @ 1
[    9.480564] Non-volatile memory driver v1.3
[    9.486487] initcall nvram_module_init+0x0/0x83 returned 0 after 6778 usecs
[    9.495846] calling  hwrng_modinit+0x0/0x8a @ 1
[    9.502991] initcall hwrng_modinit+0x0/0x8a returned 0 after 455 usecs
[    9.512523] calling  mod_init+0x0/0x48 @ 1
[    9.518681] initcall mod_init+0x0/0x48 returned -19 after 0 usecs
[    9.527722] calling  agp_init+0x0/0x23 @ 1
[    9.534087] Linux agpgart interface v0.103
[    9.540479] initcall agp_init+0x0/0x23 returned 0 after 6239 usecs
[    9.549354] calling  agp_amd64_mod_init+0x0/0x5 @ 1
[    9.556769] initcall agp_amd64_mod_init+0x0/0x5 returned -19 after 601 usecs
[    9.567014] calling  agp_intel_init+0x0/0x28 @ 1
[    9.575049] initcall agp_intel_init+0x0/0x28 returned 0 after 1300 usecs
[    9.585232] calling  drm_kms_helper_init+0x0/0x7 @ 1
[    9.592253] initcall drm_kms_helper_init+0x0/0x7 returned 0 after 50 usecs
[    9.601624] calling  drm_core_init+0x0/0xa4 @ 1
[    9.609183] initcall drm_core_init+0x0/0xa4 returned 0 after 967 usecs
[    9.618119] calling  i915_init+0x0/0x6b @ 1
[    9.624965] initcall i915_init+0x0/0x6b returned 0 after 760 usecs
[    9.633571] calling  cn_proc_init+0x0/0x35 @ 1
[    9.639837] initcall cn_proc_init+0x0/0x35 returned 0 after 3 usecs
[    9.648743] calling  topology_sysfs_init+0x0/0x27 @ 1
[    9.656912] initcall topology_sysfs_init+0x0/0x27 returned 0 after 96 usecs
[    9.668139] calling  cacheinfo_sysfs_init+0x0/0x27 @ 1
[    9.681214] initcall cacheinfo_sysfs_init+0x0/0x27 returned 0 after 4719 usecs
[    9.692936] calling  loop_init+0x0/0x168 @ 1
[    9.778379] loop: module loaded
[    9.783101] initcall loop_init+0x0/0x168 returned 0 after 80976 usecs
[    9.792253] calling  mac_hid_init+0x0/0x21 @ 1
[    9.799358] initcall mac_hid_init+0x0/0x21 returned 0 after 46 usecs
[    9.809931] calling  spi_transport_init+0x0/0x74 @ 1
[    9.818722] initcall spi_transport_init+0x0/0x74 returned 0 after 572 usecs
[    9.829667] calling  init_sd+0x0/0x18c @ 1
[    9.836765] initcall init_sd+0x0/0x18c returned 0 after 535 usecs
[    9.845638] calling  init_sr+0x0/0x43 @ 1
[    9.851929] initcall init_sr+0x0/0x43 returned 0 after 37 usecs
[    9.860395] calling  init_sg+0x0/0x1c0 @ 1
[    9.866394] initcall init_sg+0x0/0x1c0 returned 0 after 357 usecs
[    9.875119] calling  ahci_pci_driver_init+0x0/0x15 @ 1
[    9.885151] ahci 0000:00:1f.2: version 3.0
[    9.918573] PCI Interrupt Link [GSIA] enabled at IRQ 16
[    9.950248] ahci 0000:00:1f.2: AHCI 0001.0000 32 slots 6 ports 1.5 Gbps 0x3f impl SATA mode
[    9.962491] ahci 0000:00:1f.2: flags: 64bit ncq only 
[   10.002928] scsi host0: ahci
[   10.016135] scsi host1: ahci
[   10.025109] scsi host2: ahci
[   10.036201] scsi host3: ahci
[   10.046180] scsi host4: ahci
[   10.063127] scsi host5: ahci
[   10.068998] ata1: SATA max UDMA/133 abar m4096@0xfebf1000 port 0xfebf1100 irq 24
[   10.080590] ata2: SATA max UDMA/133 abar m4096@0xfebf1000 port 0xfebf1180 irq 24
[   10.091989] ata3: SATA max UDMA/133 abar m4096@0xfebf1000 port 0xfebf1200 irq 24
[   10.103374] ata4: SATA max UDMA/133 abar m4096@0xfebf1000 port 0xfebf1280 irq 24
[   10.115773] ata5: SATA max UDMA/133 abar m4096@0xfebf1000 port 0xfebf1300 irq 24
[   10.128234] ata6: SATA max UDMA/133 abar m4096@0xfebf1000 port 0xfebf1380 irq 24
[   10.140507] initcall ahci_pci_driver_init+0x0/0x15 returned 0 after 250460 usecs
[   10.160484] calling  piix_init+0x0/0x26 @ 1
[   10.169226] initcall piix_init+0x0/0x26 returned 0 after 1187 usecs
[   10.180081] calling  amd_pci_driver_init+0x0/0x15 @ 1
[   10.189492] initcall amd_pci_driver_init+0x0/0x15 returned 0 after 35 usecs
[   10.200638] calling  oldpiix_pci_driver_init+0x0/0x15 @ 1
[   10.209862] initcall oldpiix_pci_driver_init+0x0/0x15 returned 0 after 153 usecs
[   10.221848] calling  sch_pci_driver_init+0x0/0x15 @ 1
[   10.230690] initcall sch_pci_driver_init+0x0/0x15 returned 0 after 49 usecs
[   10.241820] calling  net_olddevs_init+0x0/0x55 @ 1
[   10.249856] initcall net_olddevs_init+0x0/0x55 returned 0 after 667 usecs
[   10.261570] calling  blackhole_netdev_init+0x0/0x78 @ 1
[   10.270351] initcall blackhole_netdev_init+0x0/0x78 returned 0 after 677 usecs
[   10.282894] calling  phy_module_init+0x0/0x13 @ 1
[   10.290936] initcall phy_module_init+0x0/0x13 returned 0 after 303 usecs
[   10.301811] calling  tg3_driver_init+0x0/0x15 @ 1
[   10.310285] initcall tg3_driver_init+0x0/0x15 returned 0 after 172 usecs
[   10.321092] calling  e100_init_module+0x0/0x4c @ 1
[   10.329460] e100: Intel(R) PRO/100 Network Driver
[   10.336667] e100: Copyright(c) 1999-2006 Intel Corporation
[   10.345734] initcall e100_init_module+0x0/0x4c returned 0 after 15957 usecs
[   10.355475] calling  e1000_init_module+0x0/0x72 @ 1
[   10.363681] e1000: Intel(R) PRO/1000 Network Driver
[   10.373408] e1000: Copyright (c) 1999-2006 Intel Corporation.
[   10.384770] initcall e1000_init_module+0x0/0x72 returned 0 after 20782 usecs
[   10.396610] calling  e1000_init_module+0x0/0x2d @ 1
[   10.405354] e1000e: Intel(R) PRO/1000 Network Driver
[   10.413260] e1000e: Copyright(c) 1999 - 2015 Intel Corporation.
[   10.423114] initcall e1000_init_module+0x0/0x2d returned 0 after 17424 usecs
[   10.434955] calling  sky2_init_module+0x0/0x21 @ 1
[   10.444165] sky2: driver version 1.30
[   10.451662] initcall sky2_init_module+0x0/0x21 returned 0 after 7318 usecs
[   10.456704] ata2: SATA link down (SStatus 0 SControl 300)
[   10.463285] calling  forcedeth_pci_driver_init+0x0/0x15 @ 1
[   10.463312] initcall forcedeth_pci_driver_init+0x0/0x15 returned 0 after 23 usecs
[   10.477054] ata4: SATA link down (SStatus 0 SControl 300)
[   10.481983] calling  rtl8139_init_module+0x0/0x15 @ 1
[   10.499090] ata1: SATA link down (SStatus 0 SControl 300)
[   10.502929] initcall rtl8139_init_module+0x0/0x15 returned 0 after 198 usecs
[   10.502932] calling  rtl8169_pci_driver_init+0x0/0x15 @ 1
[   10.503033] initcall rtl8169_pci_driver_init+0x0/0x15 returned 0 after 95 usecs
[   10.514882] ata6: SATA link down (SStatus 0 SControl 300)
[   10.521122] calling  cdrom_init+0x0/0xc @ 1
[   10.535783] ata5: SATA link down (SStatus 0 SControl 300)
[   10.542238] initcall cdrom_init+0x0/0xc returned 0 after 1485 usecs
[   10.557811] ata3: SATA link up 1.5 Gbps (SStatus 113 SControl 300)
[   10.562392] calling  nonstatic_sysfs_init+0x0/0xc @ 1
[   10.576184] ata3.00: ATAPI: QEMU DVD-ROM, 2.5+, max UDMA/100
[   10.578121] initcall nonstatic_sysfs_init+0x0/0xc returned 0 after 157 usecs
[   10.587544] ata3.00: applying bridge limits
[   10.597216] calling  yenta_cardbus_driver_init+0x0/0x15 @ 1
[   10.597669] initcall yenta_cardbus_driver_init+0x0/0x15 returned 0 after 436 usecs
[   10.597672] calling  mon_init+0x0/0x12d @ 1
[   10.611886] initcall mon_init+0x0/0x12d returned 0 after 13875 usecs
[   10.619399] ata3.00: configured for UDMA/100
[   10.625313] calling  ehci_hcd_init+0x0/0x56 @ 1
[   10.625528] ehci_hcd: USB 2.0 'Enhanced' Host Controller (EHCI) Driver
[   10.651809] scsi 2:0:0:0: CD-ROM            QEMU     QEMU DVD-ROM     2.5+ PQ: 0 ANSI: 5
[   10.653644] initcall ehci_hcd_init+0x0/0x56 returned 0 after 27659 usecs
[   10.718090] calling  ehci_pci_init+0x0/0x64 @ 1
[   10.726415] ehci-pci: EHCI PCI platform driver
[   10.733838] sr 2:0:0:0: [sr0] scsi3-mmc drive: 4x/4x cd/rw xa/form2 tray
[   10.734932] initcall ehci_pci_init+0x0/0x64 returned 0 after 8314 usecs
[   10.745625] cdrom: Uniform CD-ROM driver Revision: 3.20
[   10.765486] calling  ohci_hcd_mod_init+0x0/0x4e @ 1
[   10.772896] ohci_hcd: USB 1.1 'Open' Host Controller (OHCI) Driver
[   10.784249] initcall ohci_hcd_mod_init+0x0/0x4e returned 0 after 11083 usecs
[   10.797263] calling  ohci_pci_init+0x0/0x64 @ 1
[   10.806005] sr 2:0:0:0: Attached scsi CD-ROM sr0
[   10.810939] sr 2:0:0:0: Attached scsi generic sg0 type 5
[   10.814775] ohci-pci: OHCI PCI platform driver
[   10.815017] initcall ohci_pci_init+0x0/0x64 returned 0 after 306 usecs
[   10.815020] calling  uhci_hcd_init+0x0/0xa8 @ 1
[   10.815021] uhci_hcd: USB Universal Host Controller Interface driver
[   10.815871] initcall uhci_hcd_init+0x0/0xa8 returned 0 after 827 usecs
[   10.875148] calling  xhci_hcd_init+0x0/0x1e @ 1
[   10.883981] initcall xhci_hcd_init+0x0/0x1e returned 0 after 121 usecs
[   10.897157] calling  xhci_pci_init+0x0/0x49 @ 1
[   10.906723] initcall xhci_pci_init+0x0/0x49 returned 0 after 432 usecs
[   10.917964] calling  usblp_driver_init+0x0/0x15 @ 1
[   10.927518] usbcore: registered new interface driver usblp
[   10.936853] initcall usblp_driver_init+0x0/0x15 returned 0 after 10122 usecs
[   10.947208] calling  usb_storage_driver_init+0x0/0x2a @ 1
[   10.955924] usbcore: registered new interface driver usb-storage
[   10.965942] initcall usb_storage_driver_init+0x0/0x2a returned 0 after 9578 usecs
[   10.978782] calling  i8042_init+0x0/0x4c2 @ 1
[   10.989063] i8042: PNP: PS/2 Controller [PNP0303:KBD,PNP0f13:MOU] at 0x60,0x64 irq 1,12
[   11.022255] serio: i8042 KBD port at 0x60,0x64 irq 1
[   11.031199] serio: i8042 AUX port at 0x60,0x64 irq 12
[   11.040458] initcall i8042_init+0x0/0x4c2 returned 0 after 52176 usecs
[   11.053373] calling  serport_init+0x0/0x2c @ 1
[   11.062809] initcall serport_init+0x0/0x2c returned 0 after 121 usecs
[   11.074648] calling  input_leds_init+0x0/0xc @ 1
[   11.083637] initcall input_leds_init+0x0/0xc returned 0 after 140 usecs
[   11.096356] calling  evdev_init+0x0/0xc @ 1
[   11.107114] initcall evdev_init+0x0/0xc returned 0 after 2696 usecs
[   11.116584] calling  atkbd_init+0x0/0x21 @ 1
[   11.128604] input: AT Translated Set 2 keyboard as /devices/platform/i8042/serio0/input/input1
[   11.134920] initcall atkbd_init+0x0/0x21 returned 0 after 11073 usecs
[   11.157887] calling  psmouse_init+0x0/0x7f @ 1
[   11.168225] initcall psmouse_init+0x0/0x7f returned 0 after 2938 usecs
[   11.178423] calling  cmos_init+0x0/0x73 @ 1
[   11.186329] rtc_cmos 00:04: RTC can wake from S4
[   11.213291] rtc_cmos 00:04: registered as rtc0
[   11.221987] rtc_cmos 00:04: alarms up to one day, y3k, 242 bytes nvram, hpet irqs
[   11.234621] initcall cmos_init+0x0/0x73 returned 0 after 48602 usecs
[   11.246036] calling  smbalert_driver_init+0x0/0xe @ 1
[   11.254465] initcall smbalert_driver_init+0x0/0xe returned 0 after 348 usecs
[   11.266834] calling  i2c_i801_init+0x0/0xc5 @ 1
[   11.279640] i801_smbus 0000:00:1f.3: SMBus using PCI interrupt
[   11.289386] i2c i2c-0: 1/1 memory slots populated (from DMI)
[   11.298491] i2c i2c-0: Memory type 0x07 not supported yet, not instantiating SPD
[   11.313981] initcall i2c_i801_init+0x0/0xc5 returned 0 after 38304 usecs
[   11.324973] calling  ptp_kvm_init+0x0/0xf0 @ 1
[   11.338668] initcall ptp_kvm_init+0x0/0xf0 returned 0 after 6839 usecs
[   11.349151] calling  dm_init+0x0/0x3c @ 1
[   11.362036] device-mapper: ioctl: 4.43.0-ioctl (2020-10-01) initialised: dm-devel@redhat.com
[   11.375968] initcall dm_init+0x0/0x3c returned 0 after 20210 usecs
[   11.386143] calling  dm_mirror_init+0x0/0x29 @ 1
[   11.393243] initcall dm_mirror_init+0x0/0x29 returned 0 after 92 usecs
[   11.404575] calling  dm_dirty_log_init+0x0/0x4f @ 1
[   11.412852] initcall dm_dirty_log_init+0x0/0x4f returned 0 after 476 usecs
[   11.423545] calling  dm_zero_init+0x0/0x29 @ 1
[   11.431987] initcall dm_zero_init+0x0/0x29 returned 0 after 2 usecs
[   11.442386] calling  intel_pstate_init+0x0/0x510 @ 1
[   11.451453] intel_pstate: CPU model not supported
[   11.460375] initcall intel_pstate_init+0x0/0x510 returned -19 after 8839 usecs
[   11.471785] calling  haltpoll_init+0x0/0xc0 @ 1
[   11.478983] initcall haltpoll_init+0x0/0xc0 returned -19 after 32 usecs
[   11.490526] calling  efivars_sysfs_init+0x0/0x30 @ 1
[   11.499659] initcall efivars_sysfs_init+0x0/0x30 returned 0 after 51 usecs
[   11.511243] calling  esrt_sysfs_init+0x0/0x2a2 @ 1
[   11.519678] initcall esrt_sysfs_init+0x0/0x2a2 returned -38 after 73 usecs
[   11.531405] calling  hid_init+0x0/0x5c @ 1
[   11.540173] hid: raw HID events driver (C) Jiri Kosina
[   11.549840] initcall hid_init+0x0/0x5c returned 0 after 10189 usecs
[   11.561404] calling  hid_generic_init+0x0/0x15 @ 1
[   11.570299] initcall hid_generic_init+0x0/0x15 returned 0 after 283 usecs
[   11.581962] calling  a4_driver_init+0x0/0x15 @ 1
[   11.589979] initcall a4_driver_init+0x0/0x15 returned 0 after 25 usecs
[   11.600504] calling  apple_driver_init+0x0/0x15 @ 1
[   11.609030] initcall apple_driver_init+0x0/0x15 returned 0 after 95 usecs
[   11.619726] calling  belkin_driver_init+0x0/0x15 @ 1
[   11.628213] initcall belkin_driver_init+0x0/0x15 returned 0 after 22 usecs
[   11.638521] calling  ch_driver_init+0x0/0x15 @ 1
[   11.645143] initcall ch_driver_init+0x0/0x15 returned 0 after 19 usecs
[   11.654346] calling  ch_driver_init+0x0/0x15 @ 1
[   11.661931] initcall ch_driver_init+0x0/0x15 returned 0 after 23 usecs
[   11.672465] calling  cp_driver_init+0x0/0x15 @ 1
[   11.680568] initcall cp_driver_init+0x0/0x15 returned 0 after 175 usecs
[   11.691783] calling  ez_driver_init+0x0/0x15 @ 1
[   11.700666] initcall ez_driver_init+0x0/0x15 returned 0 after 87 usecs
[   11.711286] calling  gyration_driver_init+0x0/0x15 @ 1
[   11.719424] initcall gyration_driver_init+0x0/0x15 returned 0 after 20 usecs
[   11.731038] calling  ite_driver_init+0x0/0x15 @ 1
[   11.739241] initcall ite_driver_init+0x0/0x15 returned 0 after 20 usecs
[   11.750049] calling  ks_driver_init+0x0/0x15 @ 1
[   11.757749] initcall ks_driver_init+0x0/0x15 returned 0 after 326 usecs
[   11.768370] calling  lg_driver_init+0x0/0x15 @ 1
[   11.775881] initcall lg_driver_init+0x0/0x15 returned 0 after 24 usecs
[   11.786575] calling  lg_g15_driver_init+0x0/0x15 @ 1
[   11.794680] initcall lg_g15_driver_init+0x0/0x15 returned 0 after 273 usecs
[   11.805881] calling  ms_driver_init+0x0/0x15 @ 1
[   11.813721] initcall ms_driver_init+0x0/0x15 returned 0 after 97 usecs
[   11.823932] calling  mr_driver_init+0x0/0x15 @ 1
[   11.831672] initcall mr_driver_init+0x0/0x15 returned 0 after 22 usecs
[   11.843854] calling  ntrig_driver_init+0x0/0x15 @ 1
[   11.851866] initcall ntrig_driver_init+0x0/0x15 returned 0 after 82 usecs
[   11.856951] input: ImExPS/2 Generic Explorer Mouse as /devices/platform/i8042/serio1/input/input3
[   11.864884] calling  pl_driver_init+0x0/0x15 @ 1
[   11.885070] initcall pl_driver_init+0x0/0x15 returned 0 after 27 usecs
[   11.894555] calling  pl_driver_init+0x0/0x15 @ 1
[   11.902713] initcall pl_driver_init+0x0/0x15 returned 0 after 480 usecs
[   11.913153] calling  redragon_driver_init+0x0/0x15 @ 1
[   11.921246] initcall redragon_driver_init+0x0/0x15 returned 0 after 110 usecs
[   11.932091] calling  samsung_driver_init+0x0/0x15 @ 1
[   11.940015] initcall samsung_driver_init+0x0/0x15 returned 0 after 23 usecs
[   11.950989] calling  sony_init+0x0/0x38 @ 1
[   11.957817] initcall sony_init+0x0/0x38 returned 0 after 26 usecs
[   11.967539] calling  sp_driver_init+0x0/0x15 @ 1
[   11.974306] initcall sp_driver_init+0x0/0x15 returned 0 after 146 usecs
[   11.984682] calling  ts_driver_init+0x0/0x15 @ 1
[   11.990884] initcall ts_driver_init+0x0/0x15 returned 0 after 23 usecs
[   11.999829] calling  hid_init+0x0/0x58 @ 1
[   12.006103] usbcore: registered new interface driver usbhid
[   12.014512] usbhid: USB HID core driver
[   12.020368] initcall hid_init+0x0/0x58 returned 0 after 14152 usecs
[   12.029510] calling  eeepc_laptop_init+0x0/0x57 @ 1
[   12.036940] initcall eeepc_laptop_init+0x0/0x57 returned -19 after 254 usecs
[   12.047089] calling  pmc_atom_init+0x0/0x27a @ 1
[   12.053762] initcall pmc_atom_init+0x0/0x27a returned -19 after 7 usecs
[   12.063281] calling  alsa_hwdep_init+0x0/0x5e @ 1
[   12.070842] initcall alsa_hwdep_init+0x0/0x5e returned 0 after 645 usecs
[   12.081249] calling  alsa_timer_init+0x0/0x1f0 @ 1
[   12.090181] initcall alsa_timer_init+0x0/0x1f0 returned 0 after 726 usecs
[   12.102187] calling  snd_hrtimer_init+0x0/0x117 @ 1
[   12.110758] initcall snd_hrtimer_init+0x0/0x117 returned 0 after 2 usecs
[   12.122059] calling  alsa_pcm_init+0x0/0x64 @ 1
[   12.130645] initcall alsa_pcm_init+0x0/0x64 returned 0 after 223 usecs
[   12.141390] calling  alsa_seq_init+0x0/0x4a @ 1
[   12.151278] initcall alsa_seq_init+0x0/0x4a returned 0 after 1894 usecs
[   12.162125] calling  alsa_seq_dummy_init+0x0/0x9c @ 1
[   12.170617] initcall alsa_seq_dummy_init+0x0/0x9c returned 0 after 210 usecs
[   12.181913] calling  azx_driver_init+0x0/0x15 @ 1
[   12.190741] initcall azx_driver_init+0x0/0x15 returned 0 after 486 usecs
[   12.201678] calling  sock_diag_init+0x0/0x2a @ 1
[   12.209775] initcall sock_diag_init+0x0/0x2a returned 0 after 657 usecs
[   12.219853] calling  blackhole_init+0x0/0xc @ 1
[   12.227273] initcall blackhole_init+0x0/0xc returned 0 after 1 usecs
[   12.237262] calling  nfnetlink_init+0x0/0x57 @ 1
[   12.245512] initcall nfnetlink_init+0x0/0x57 returned 0 after 238 usecs
[   12.255726] calling  nfnetlink_log_init+0x0/0x99 @ 1
[   12.268237] initcall nfnetlink_log_init+0x0/0x99 returned 0 after 1436 usecs
[   12.278001] calling  nf_conntrack_standalone_init+0x0/0x87 @ 1
[   12.289411] initcall nf_conntrack_standalone_init+0x0/0x87 returned 0 after 2912 usecs
[   12.302494] calling  ctnetlink_init+0x0/0x83 @ 1
[   12.310490] initcall ctnetlink_init+0x0/0x83 returned 0 after 38 usecs
[   12.337767] calling  nf_conntrack_ftp_init+0x0/0x12c @ 1
[   12.346974] initcall nf_conntrack_ftp_init+0x0/0x12c returned 0 after 904 usecs
[   12.357882] calling  nf_conntrack_irc_init+0x0/0x129 @ 1
[   12.365877] initcall nf_conntrack_irc_init+0x0/0x129 returned 0 after 30 usecs
[   12.376876] calling  nf_conntrack_sip_init+0x0/0x172 @ 1
[   12.385927] initcall nf_conntrack_sip_init+0x0/0x172 returned 0 after 10 usecs
[   12.397779] calling  nf_nat_init+0x0/0xd2 @ 1
[   12.411386] initcall nf_nat_init+0x0/0xd2 returned 0 after 7045 usecs
[   12.421678] calling  nf_nat_ftp_init+0x0/0x2a @ 1
[   12.429963] initcall nf_nat_ftp_init+0x0/0x2a returned 0 after 273 usecs
[   12.442102] calling  nf_nat_irc_init+0x0/0x2a @ 1
[   12.450104] initcall nf_nat_irc_init+0x0/0x2a returned 0 after 1 usecs
[   12.460683] calling  nf_nat_sip_init+0x0/0x36 @ 1
[   12.468432] initcall nf_nat_sip_init+0x0/0x36 returned 0 after 1 usecs
[   12.479087] calling  xt_init+0x0/0xf8 @ 1
[   12.485733] initcall xt_init+0x0/0xf8 returned 0 after 211 usecs
[   12.495705] calling  tcpudp_mt_init+0x0/0x11 @ 1
[   12.503570] initcall tcpudp_mt_init+0x0/0x11 returned 0 after 45 usecs
[   12.513565] calling  connsecmark_tg_init+0x0/0xc @ 1
[   12.520035] initcall connsecmark_tg_init+0x0/0xc returned 0 after 15 usecs
[   12.529042] calling  nflog_tg_init+0x0/0xc @ 1
[   12.534945] initcall nflog_tg_init+0x0/0xc returned 0 after 1 usecs
[   12.543972] calling  secmark_tg_init+0x0/0x11 @ 1
[   12.551065] initcall secmark_tg_init+0x0/0x11 returned 0 after 1 usecs
[   12.560710] calling  tcpmss_tg_init+0x0/0x11 @ 1
[   12.568294] initcall tcpmss_tg_init+0x0/0x11 returned 0 after 2 usecs
[   12.579066] calling  conntrack_mt_init+0x0/0x11 @ 1
[   12.587109] initcall conntrack_mt_init+0x0/0x11 returned 0 after 1 usecs
[   12.598075] calling  policy_mt_init+0x0/0x11 @ 1
