c[?7l[2J[0mSeaBIOS (version 1.16.0-debian-1.16.0-4)
Booting from ROM...
early console in setup code
c[?7l[2J[    0.000000] Linux version 5.10.156+ (root@joelboxx.c.googlers.com) (gcc (Debian 12.2.0-3) 12.2.0, GNU ld (GNU Binutils for Debian) 2.39) #1 SMP PREEMPT Tue Dec 13 04:20:20 UTC 2022
[    0.000000] Command line: selinux=0 initcall_debug debug console=ttyS0 rcutorture.onoff_interval=200 rcutorture.onoff_holdoff=30 rcutree.gp_preinit_delay=12 rcutree.gp_init_delay=3 rcutree.gp_cleanup_delay=3 rcutree.kthread_prio=2 threadirqs rcutorture.n_barrier_cbs=4 rcutorture.stat_interval=15 rcutorture.shutdown_secs=1800 rcutorture.test_no_idle_hz=1 rcutorture.verbose=1
[    0.000000] x86/fpu: x87 FPU will use FXSAVE
[    0.000000] BIOS-provided physical RAM map:
[    0.000000] BIOS-e820: [mem 0x0000000000000000-0x000000000009fbff] usable
[    0.000000] BIOS-e820: [mem 0x000000000009fc00-0x000000000009ffff] reserved
[    0.000000] BIOS-e820: [mem 0x00000000000f0000-0x00000000000fffff] reserved
[    0.000000] BIOS-e820: [mem 0x0000000000100000-0x000000001ffdefff] usable
[    0.000000] BIOS-e820: [mem 0x000000001ffdf000-0x000000001fffffff] reserved
[    0.000000] BIOS-e820: [mem 0x00000000b0000000-0x00000000bfffffff] reserved
[    0.000000] BIOS-e820: [mem 0x00000000fed1c000-0x00000000fed1ffff] reserved
[    0.000000] BIOS-e820: [mem 0x00000000feffc000-0x00000000feffffff] reserved
[    0.000000] BIOS-e820: [mem 0x00000000fffc0000-0x00000000ffffffff] reserved
[    0.000000] NX (Execute Disable) protection: active
[    0.000000] SMBIOS 2.8 present.
[    0.000000] DMI: QEMU Standard PC (Q35 + ICH9, 2009), BIOS 1.16.0-debian-1.16.0-4 04/01/2014
[    0.000000] Hypervisor detected: KVM
[    0.000000] kvm-clock: Using msrs 4b564d01 and 4b564d00
[    0.000000] kvm-clock: cpu 0, msr 136bb001, primary cpu clock
[    0.000001] kvm-clock: using sched offset of 2648021549 cycles
[    0.000146] clocksource: kvm-clock: mask: 0xffffffffffffffff max_cycles: 0x1cd42e4dffb, max_idle_ns: 881590591483 ns
[    0.000269] tsc: Detected 1999.999 MHz processor
[    0.005403] e820: update [mem 0x00000000-0x00000fff] usable ==> reserved
[    0.005408] e820: remove [mem 0x000a0000-0x000fffff] usable
[    0.005416] last_pfn = 0x1ffdf max_arch_pfn = 0x400000000
[    0.006329] MTRR default type: write-back
[    0.006388] MTRR fixed ranges enabled:
[    0.006390]   00000-9FFFF write-back
[    0.006391]   A0000-BFFFF uncachable
[    0.006393]   C0000-FFFFF write-protect
[    0.006394] MTRR variable ranges enabled:
[    0.006396]   0 base 00C0000000 mask FFC0000000 uncachable
[    0.006397]   1 disabled
[    0.006398]   2 disabled
[    0.006399]   3 disabled
[    0.006399]   4 disabled
[    0.006400]   5 disabled
[    0.006401]   6 disabled
[    0.006402]   7 disabled
[    0.006844] x86/PAT: Configuration [0-7]: WB  WC  UC- UC  WB  WC  UC- UC  
[    0.016149] found SMP MP-table at [mem 0x000f5ba0-0x000f5baf]
[    0.018560] check: Scanning 1 areas for low memory corruption
[    0.027916] ACPI: Early table checksum verification disabled
[    0.029436] ACPI: RSDP 0x00000000000F59E0 000014 (v00 BOCHS )
[    0.029764] ACPI: RSDT 0x000000001FFE281A 000038 (v01 BOCHS  BXPC     00000001 BXPC 00000001)
[    0.029952] ACPI: FACP 0x000000001FFE259A 0000F4 (v03 BOCHS  BXPC     00000001 BXPC 00000001)
[    0.030043] ACPI: DSDT 0x000000001FFE0040 00255A (v01 BOCHS  BXPC     00000001 BXPC 00000001)
[    0.030049] ACPI: FACS 0x000000001FFE0000 000040
[    0.030053] ACPI: APIC 0x000000001FFE268E 0000F0 (v01 BOCHS  BXPC     00000001 BXPC 00000001)
[    0.030057] ACPI: HPET 0x000000001FFE277E 000038 (v01 BOCHS  BXPC     00000001 BXPC 00000001)
[    0.030062] ACPI: MCFG 0x000000001FFE27B6 00003C (v01 BOCHS  BXPC     00000001 BXPC 00000001)
[    0.030066] ACPI: WAET 0x000000001FFE27F2 000028 (v01 BOCHS  BXPC     00000001 BXPC 00000001)
[    0.030070] ACPI: Reserving FACP table memory at [mem 0x1ffe259a-0x1ffe268d]
[    0.030073] ACPI: Reserving DSDT table memory at [mem 0x1ffe0040-0x1ffe2599]
[    0.030074] ACPI: Reserving FACS table memory at [mem 0x1ffe0000-0x1ffe003f]
[    0.030075] ACPI: Reserving APIC table memory at [mem 0x1ffe268e-0x1ffe277d]
[    0.030076] ACPI: Reserving HPET table memory at [mem 0x1ffe277e-0x1ffe27b5]
[    0.030077] ACPI: Reserving MCFG table memory at [mem 0x1ffe27b6-0x1ffe27f1]
[    0.030078] ACPI: Reserving WAET table memory at [mem 0x1ffe27f2-0x1ffe2819]
[    0.030680] ACPI: Local APIC address 0xfee00000
[    0.035098] No NUMA configuration found
[    0.035111] Faking a node at [mem 0x0000000000000000-0x000000001ffdefff]
[    0.035382] NODE_DATA(0) allocated [mem 0x1ffdb000-0x1ffdefff]
[    0.036666] Zone ranges:
[    0.036744]   DMA      [mem 0x0000000000001000-0x0000000000ffffff]
[    0.036817]   DMA32    [mem 0x0000000001000000-0x000000001ffdefff]
[    0.036820]   Normal   empty
[    0.036822] Movable zone start for each node
[    0.036823] Early memory node ranges
[    0.036862]   node   0: [mem 0x0000000000001000-0x000000000009efff]
[    0.036919]   node   0: [mem 0x0000000000100000-0x000000001ffdefff]
[    0.036965] Initmem setup node 0 [mem 0x0000000000001000-0x000000001ffdefff]
[    0.036967] On node 0 totalpages: 130941
[    0.037071]   DMA zone: 64 pages used for memmap
[    0.037073]   DMA zone: 21 pages reserved
[    0.037114]   DMA zone: 3998 pages, LIFO batch:0
[    0.037116]   DMA32 zone: 1984 pages used for memmap
[    0.037117]   DMA32 zone: 126943 pages, LIFO batch:31
[    0.040209] On node 0, zone DMA: 1 pages in unavailable ranges
[    0.040236] On node 0, zone DMA: 97 pages in unavailable ranges
[    0.116986] On node 0, zone DMA32: 33 pages in unavailable ranges
[    0.120485] ACPI: PM-Timer IO Port: 0x608
[    0.120490] ACPI: Local APIC address 0xfee00000
[    0.120554] ACPI: LAPIC_NMI (acpi_id[0xff] dfl dfl lint[0x1])
[    0.120976] IOAPIC[0]: apic_id 0, version 17, address 0xfec00000, GSI 0-23
[    0.120981] ACPI: INT_SRC_OVR (bus 0 bus_irq 0 global_irq 2 dfl dfl)
[    0.121008] ACPI: INT_SRC_OVR (bus 0 bus_irq 5 global_irq 5 high level)
[    0.121009] ACPI: INT_SRC_OVR (bus 0 bus_irq 9 global_irq 9 high level)
[    0.121046] ACPI: INT_SRC_OVR (bus 0 bus_irq 10 global_irq 10 high level)
[    0.121047] ACPI: INT_SRC_OVR (bus 0 bus_irq 11 global_irq 11 high level)
[    0.121049] ACPI: IRQ0 used by override.
[    0.121050] ACPI: IRQ5 used by override.
[    0.121052] ACPI: IRQ9 used by override.
[    0.121053] ACPI: IRQ10 used by override.
[    0.121054] ACPI: IRQ11 used by override.
[    0.121070] Using ACPI (MADT) for SMP configuration information
[    0.121072] ACPI: HPET id: 0x8086a201 base: 0xfed00000
[    0.121310] smpboot: Allowing 16 CPUs, 0 hotplug CPUs
[    0.122005] PM: hibernation: Registered nosave memory: [mem 0x00000000-0x00000fff]
[    0.122008] PM: hibernation: Registered nosave memory: [mem 0x0009f000-0x0009ffff]
[    0.122009] PM: hibernation: Registered nosave memory: [mem 0x000a0000-0x000effff]
[    0.122010] PM: hibernation: Registered nosave memory: [mem 0x000f0000-0x000fffff]
[    0.122022] [mem 0x20000000-0xafffffff] available for PCI devices
[    0.122048] Booting paravirtualized kernel on KVM
[    0.122234] clocksource: refined-jiffies: mask: 0xffffffff max_cycles: 0xffffffff, max_idle_ns: 1910969940391419 ns
[    0.137494] setup_percpu: NR_CPUS:16 nr_cpumask_bits:16 nr_cpu_ids:16 nr_node_ids:1
[    0.161409] percpu: Embedded 55 pages/cpu s186328 r8192 d30760 u262144
[    0.161431] pcpu-alloc: s186328 r8192 d30760 u262144 alloc=1*2097152
[    0.161445] pcpu-alloc: [0] 00 01 02 03 04 05 06 07 [0] 08 09 10 11 12 13 14 15 
[    0.161680] kvm-guest: stealtime: cpu 0, msr 1f21b600
[    0.161782] Built 1 zonelists, mobility grouping on.  Total pages: 128872
[    0.161784] Policy zone: DMA32
[    0.161900] Kernel command line: selinux=0 initcall_debug debug console=ttyS0 rcutorture.onoff_interval=200 rcutorture.onoff_holdoff=30 rcutree.gp_preinit_delay=12 rcutree.gp_init_delay=3 rcutree.gp_cleanup_delay=3 rcutree.kthread_prio=2 threadirqs rcutorture.n_barrier_cbs=4 rcutorture.stat_interval=15 rcutorture.shutdown_secs=1800 rcutorture.test_no_idle_hz=1 rcutorture.verbose=1
[    0.164479] Dentry cache hash table entries: 65536 (order: 7, 524288 bytes, linear)
[    0.165142] Inode-cache hash table entries: 32768 (order: 6, 262144 bytes, linear)
[    0.165767] mem auto-init: stack:all(zero), heap alloc:off, heap free:off
[    0.213205] Memory: 476004K/523764K available (16397K kernel code, 2561K rwdata, 4696K rodata, 1496K init, 1404K bss, 47500K reserved, 0K cma-reserved)
[    0.213415] SLUB: HWalign=64, Order=0-3, MinObjects=0, CPUs=16, Nodes=1
[    0.213511] Kernel/User page tables isolation: enabled
[    0.218548] rcu: Preemptible hierarchical RCU implementation.
[    0.218551] rcu: 	RCU event tracing is enabled.
[    0.218553] rcu: 	CONFIG_RCU_FANOUT set to non-default value of 2.
[    0.218554] rcu: 	Four(or more)-level hierarchy is enabled.
[    0.218555] rcu: 	Build-time adjustment of leaf fanout to 2.
[    0.218566] rcu: 	RCU priority boosting: priority 2 delay 500 ms.
[    0.218568] rcu: 	RCU debug GP pre-init slowdown 12 jiffies.
[    0.218569] rcu: 	RCU debug GP init slowdown 3 jiffies.
[    0.218570] rcu: 	RCU debug GP init slowdown 3 jiffies.
[    0.218589] 	Trampoline variant of Tasks RCU enabled.
[    0.218590] 	Rude variant of Tasks RCU enabled.
[    0.218600] 	Tracing variant of Tasks RCU enabled.
[    0.218660] rcu: RCU calculated value of scheduler-enlistment delay is 100 jiffies.
[    0.223970] NR_IRQS: 4352, nr_irqs: 552, preallocated irqs: 16
[    0.225405] calling  con_init+0x0/0x22a @ 0
[    0.302777] Console: colour VGA+ 80x25
[    0.302790] initcall con_init+0x0/0x22a returned 0 after 0 usecs
[    0.302793] calling  hvc_console_init+0x0/0x13 @ 0
[    0.302805] initcall hvc_console_init+0x0/0x13 returned 0 after 0 usecs
[    0.302807] calling  univ8250_console_init+0x0/0x26 @ 0
[    1.255866] printk: console [ttyS0] enabled
[    1.260601] initcall univ8250_console_init+0x0/0x26 returned 0 after 0 usecs
[    1.269340] ACPI: Core revision 20200925
[    1.276569] clocksource: hpet: mask: 0xffffffff max_cycles: 0xffffffff, max_idle_ns: 19112604467 ns
[    1.288528] APIC: Switch to symmetric I/O mode setup
[    1.294514] Switched APIC routing to physical flat.
[    1.317973] ..TIMER: vector=0x30 apic1=0 pin1=2 apic2=-1 pin2=-1
[    1.327309] clocksource: tsc-early: mask: 0xffffffffffffffff max_cycles: 0x39a85afc727, max_idle_ns: 881590685098 ns
[    1.342006] Calibrating delay loop (skipped) preset value.. 3999.99 BogoMIPS (lpj=1999999)
[    1.342756] pid_max: default: 32768 minimum: 301
[    1.346817] LSM: Security Framework initializing
[    1.349549] Mount-cache hash table entries: 1024 (order: 1, 8192 bytes, linear)
[    1.349698] Mountpoint-cache hash table entries: 1024 (order: 1, 8192 bytes, linear)
[    1.360403] Last level iTLB entries: 4KB 0, 2MB 0, 4MB 0
[    1.360652] Last level dTLB entries: 4KB 0, 2MB 0, 4MB 0, 1GB 0
[    1.361720] Spectre V1 : Mitigation: usercopy/swapgs barriers and __user pointer sanitization
[    1.362682] Spectre V2 : Mitigation: Retpolines
[    1.363651] Spectre V2 : Spectre v2 / SpectreRSB mitigation: Filling RSB on context switch
[    1.364651] Spectre V2 : Spectre v2 / SpectreRSB : Filling RSB on VMEXIT
[    1.365651] Speculative Store Bypass: Vulnerable
[    1.366677] MDS: Vulnerable: Clear CPU buffers attempted, no microcode
[    1.367658] MMIO Stale Data: Unknown: No mitigations
[    1.424023] Freeing SMP alternatives memory: 40K
[    1.527437] smpboot: CPU0: Intel Common KVM processor (family: 0xf, model: 0x6, stepping: 0x1)
[    1.529418] calling  init_hw_perf_events+0x0/0x6ce @ 1
[    1.529652] Performance Events: unsupported Netburst CPU model 6 no PMU driver, software events only.
[    1.530661] initcall init_hw_perf_events+0x0/0x6ce returned 0 after 976 usecs
[    1.531659] calling  init_real_mode+0x0/0x1e9 @ 1
[    1.533127] initcall init_real_mode+0x0/0x1e9 returned 0 after 0 usecs
[    1.533659] calling  trace_init_perf_perm_irq_work_exit+0x0/0x12 @ 1
[    1.534657] initcall trace_init_perf_perm_irq_work_exit+0x0/0x12 returned 0 after 0 usecs
[    1.535685] calling  validate_x2apic+0x0/0x4a @ 1
[    1.536680] initcall validate_x2apic+0x0/0x4a returned 0 after 0 usecs
[    1.537655] calling  register_nmi_cpu_backtrace_handler+0x0/0x15 @ 1
[    1.538656] initcall register_nmi_cpu_backtrace_handler+0x0/0x15 returned 0 after 0 usecs
[    1.539657] calling  kvm_setup_vsyscall_timeinfo+0x0/0xce @ 1
[    1.540659] initcall kvm_setup_vsyscall_timeinfo+0x0/0xce returned 0 after 0 usecs
[    1.541675] calling  spawn_ksoftirqd+0x0/0x38 @ 1
[    1.543036] initcall spawn_ksoftirqd+0x0/0x38 returned 0 after 0 usecs
[    1.543656] calling  migration_init+0x0/0x31 @ 1
[    1.544670] initcall migration_init+0x0/0x31 returned 0 after 0 usecs
[    1.545656] calling  srcu_bootup_announce+0x0/0x2f @ 1
[    1.546659] rcu: Hierarchical SRCU implementation.
[    1.547670] initcall srcu_bootup_announce+0x0/0x2f returned 0 after 976 usecs
[    1.548655] calling  rcu_spawn_gp_kthread+0x0/0x1e1 @ 1
[    1.550953] initcall rcu_spawn_gp_kthread+0x0/0x1e1 returned 0 after 976 usecs
[    1.551658] calling  check_cpu_stall_init+0x0/0x1a @ 1
[    1.552657] initcall check_cpu_stall_init+0x0/0x1a returned 0 after 0 usecs
[    1.553680] calling  rcu_sysrq_init+0x0/0x21 @ 1
[    1.554673] initcall rcu_sysrq_init+0x0/0x21 returned 0 after 0 usecs
[    1.555658] calling  trace_init_flags_sys_enter+0x0/0xe @ 1
[    1.556655] initcall trace_init_flags_sys_enter+0x0/0xe returned 0 after 0 usecs
[    1.557655] calling  trace_init_flags_sys_exit+0x0/0xe @ 1
[    1.558675] initcall trace_init_flags_sys_exit+0x0/0xe returned 0 after 0 usecs
[    1.559655] calling  cpu_stop_init+0x0/0x6e @ 1
[    1.561028] initcall cpu_stop_init+0x0/0x6e returned 0 after 0 usecs
[    1.561655] calling  init_kprobes+0x0/0x165 @ 1
[    1.563709] initcall init_kprobes+0x0/0x165 returned 0 after 976 usecs
[    1.564654] calling  init_events+0x0/0x3d @ 1
[    1.566933] initcall init_events+0x0/0x3d returned 0 after 976 usecs
[    1.567654] calling  init_trace_printk+0x0/0xc @ 1
[    1.568655] initcall init_trace_printk+0x0/0xc returned 0 after 0 usecs
[    1.569654] calling  event_trace_enable_again+0x0/0x23 @ 1
[    1.570659] initcall event_trace_enable_again+0x0/0x23 returned 0 after 0 usecs
[    1.571654] calling  static_call_init+0x0/0x77 @ 1
[    1.572654] initcall static_call_init+0x0/0x77 returned 0 after 0 usecs
[    1.573655] calling  jump_label_init_module+0x0/0xc @ 1
[    1.574656] initcall jump_label_init_module+0x0/0xc returned 0 after 0 usecs
[    1.575654] calling  init_zero_pfn+0x0/0x37 @ 1
[    1.576653] initcall init_zero_pfn+0x0/0x37 returned 0 after 0 usecs
[    1.577672] calling  initialize_ptr_random+0x0/0x54 @ 1
[    1.578656] initcall initialize_ptr_random+0x0/0x54 returned 0 after 0 usecs
[    1.579655] calling  efi_memreserve_root_init+0x0/0x25 @ 1
[    1.580707] initcall efi_memreserve_root_init+0x0/0x25 returned 0 after 0 usecs
[    1.581676] calling  efi_earlycon_remap_fb+0x0/0x51 @ 1
[    1.582658] initcall efi_earlycon_remap_fb+0x0/0x51 returned 0 after 0 usecs
[    1.586730] smp: Bringing up secondary CPUs ...
[    1.588079] x86: Booting SMP configuration:
[    1.588723] .... node  #0, CPUs:        #1
[    1.110846] kvm-clock: cpu 1, msr 136bb041, secondary cpu clock
[    1.614275] kvm-guest: stealtime: cpu 1, msr 1f25b600
[    1.628655]   #2
[    1.110846] kvm-clock: cpu 2, msr 136bb081, secondary cpu clock
[    1.650652] kvm-guest: stealtime: cpu 2, msr 1f29b600
[    1.664351]   #3
[    1.110846] kvm-clock: cpu 3, msr 136bb0c1, secondary cpu clock
[    1.686176] kvm-guest: stealtime: cpu 3, msr 1f2db600
[    1.700038]   #4
[    1.110846] kvm-clock: cpu 4, msr 136bb101, secondary cpu clock
[    1.721986] kvm-guest: stealtime: cpu 4, msr 1f31b600
[    1.738574]   #5
[    1.110846] kvm-clock: cpu 5, msr 136bb141, secondary cpu clock
[    1.762647] kvm-guest: stealtime: cpu 5, msr 1f35b600
[    1.779655]   #6
[    1.110846] kvm-clock: cpu 6, msr 136bb181, secondary cpu clock
[    1.802145] kvm-guest: stealtime: cpu 6, msr 1f39b600
[    1.816983]   #7
[    1.110846] kvm-clock: cpu 7, msr 136bb1c1, secondary cpu clock
[    1.838234] kvm-guest: stealtime: cpu 7, msr 1f3db600
[    1.852583]   #8
[    1.110846] kvm-clock: cpu 8, msr 136bb201, secondary cpu clock
[    1.874208] kvm-guest: stealtime: cpu 8, msr 1f41b600
[    1.888656]   #9
[    1.110846] kvm-clock: cpu 9, msr 136bb241, secondary cpu clock
[    1.910783] kvm-guest: stealtime: cpu 9, msr 1f45b600
[    1.924449]  #10
[    1.110846] kvm-clock: cpu 10, msr 136bb281, secondary cpu clock
[    1.947157] kvm-guest: stealtime: cpu 10, msr 1f49b600
[    1.961659]  #11
[    1.110846] kvm-clock: cpu 11, msr 136bb2c1, secondary cpu clock
[    1.984220] kvm-guest: stealtime: cpu 11, msr 1f4db600
[    1.999039]  #12
[    1.110846] kvm-clock: cpu 12, msr 136bb301, secondary cpu clock
[    2.023118] kvm-guest: stealtime: cpu 12, msr 1f51b600
[    2.040655]  #13
[    1.110846] kvm-clock: cpu 13, msr 136bb341, secondary cpu clock
[    2.062795] kvm-guest: stealtime: cpu 13, msr 1f55b600
[    2.077654]  #14
[    1.110846] kvm-clock: cpu 14, msr 136bb381, secondary cpu clock
[    2.099789] kvm-guest: stealtime: cpu 14, msr 1f59b600
[    2.114072]  #15
[    1.110846] kvm-clock: cpu 15, msr 136bb3c1, secondary cpu clock
[    2.136650] kvm-guest: stealtime: cpu 15, msr 1f5db600
[    2.152713] smp: Brought up 1 node, 16 CPUs
[    2.153663] smpboot: Max logical packages: 1
[    2.154657] smpboot: Total of 16 processors activated (63999.96 BogoMIPS)
[    2.178183] devtmpfs: initialized
[    2.178994] calling  ipc_ns_init+0x0/0x3d @ 1
[    2.180668] initcall ipc_ns_init+0x0/0x3d returned 0 after 0 usecs
[    2.181658] calling  init_mmap_min_addr+0x0/0x21 @ 1
[    2.182658] initcall init_mmap_min_addr+0x0/0x21 returned 0 after 0 usecs
[    2.183659] calling  pci_realloc_setup_params+0x0/0x3f @ 1
[    2.184655] initcall pci_realloc_setup_params+0x0/0x3f returned 0 after 0 usecs
[    2.185767] calling  net_ns_init+0x0/0x140 @ 1
[    2.188698] initcall net_ns_init+0x0/0x140 returned 0 after 976 usecs
[    2.189675] calling  e820__register_nvs_regions+0x0/0x37 @ 1
[    2.190654] initcall e820__register_nvs_regions+0x0/0x37 returned 0 after 0 usecs
[    2.191654] calling  cpufreq_register_tsc_scaling+0x0/0x2e @ 1
[    2.192653] initcall cpufreq_register_tsc_scaling+0x0/0x2e returned 0 after 0 usecs
[    2.193655] calling  reboot_init+0x0/0x3c @ 1
[    2.194739] initcall reboot_init+0x0/0x3c returned 0 after 0 usecs
[    2.195654] calling  init_lapic_sysfs+0x0/0x20 @ 1
[    2.196654] initcall init_lapic_sysfs+0x0/0x20 returned 0 after 0 usecs
[    2.197654] calling  alloc_frozen_cpus+0x0/0x7 @ 1
[    2.198658] initcall alloc_frozen_cpus+0x0/0x7 returned 0 after 0 usecs
[    2.199657] calling  cpu_hotplug_pm_sync_init+0x0/0x13 @ 1
[    2.200659] initcall cpu_hotplug_pm_sync_init+0x0/0x13 returned 0 after 0 usecs
[    2.201654] calling  wq_sysfs_init+0x0/0x2a @ 1
[    2.202716] initcall wq_sysfs_init+0x0/0x2a returned 0 after 0 usecs
[    2.203653] calling  ksysfs_init+0x0/0x92 @ 1
[    2.204661] initcall ksysfs_init+0x0/0x92 returned 0 after 0 usecs
[    2.205654] calling  schedutil_gov_init+0x0/0xc @ 1
[    2.206714] initcall schedutil_gov_init+0x0/0xc returned 0 after 0 usecs
[    2.207655] calling  pm_init+0x0/0x76 @ 1
[    2.208702] initcall pm_init+0x0/0x76 returned 0 after 0 usecs
[    2.209653] calling  pm_disk_init+0x0/0x13 @ 1
[    2.210688] initcall pm_disk_init+0x0/0x13 returned 0 after 0 usecs
[    2.211653] calling  swsusp_header_init+0x0/0x2b @ 1
[    2.212655] initcall swsusp_header_init+0x0/0x2b returned 0 after 0 usecs
[    2.213653] calling  rcu_set_runtime_mode+0x0/0x16 @ 1
[    2.214656] initcall rcu_set_runtime_mode+0x0/0x16 returned 0 after 0 usecs
[    2.215653] calling  init_jiffies_clocksource+0x0/0x13 @ 1
[    2.216652] clocksource: jiffies: mask: 0xffffffff max_cycles: 0xffffffff, max_idle_ns: 1911260446275000 ns
[    2.217660] initcall init_jiffies_clocksource+0x0/0x13 returned 0 after 976 usecs
[    2.218656] calling  futex_init+0x0/0xf7 @ 1
[    2.219660] futex hash table entries: 4096 (order: 6, 262144 bytes, linear)
[    2.220681] initcall futex_init+0x0/0xf7 returned 0 after 976 usecs
[    2.221654] calling  cgroup_wq_init+0x0/0x28 @ 1
[    2.222664] initcall cgroup_wq_init+0x0/0x28 returned 0 after 0 usecs
[    2.223654] calling  cgroup1_wq_init+0x0/0x28 @ 1
[    2.224664] initcall cgroup1_wq_init+0x0/0x28 returned 0 after 0 usecs
[    2.225655] calling  init_kprobe_trace_early+0x0/0x2a @ 1
[    2.226710] initcall init_kprobe_trace_early+0x0/0x2a returned 0 after 0 usecs
[    2.227654] calling  fsnotify_init+0x0/0x48 @ 1
[    2.228685] initcall fsnotify_init+0x0/0x48 returned 0 after 0 usecs
[    2.229656] calling  filelock_init+0x0/0x96 @ 1
[    2.230671] initcall filelock_init+0x0/0x96 returned 0 after 0 usecs
[    2.231670] calling  init_misc_binfmt+0x0/0x2c @ 1
[    2.232668] initcall init_misc_binfmt+0x0/0x2c returned 0 after 0 usecs
[    2.233664] calling  init_script_binfmt+0x0/0x15 @ 1
[    2.234652] initcall init_script_binfmt+0x0/0x15 returned 0 after 0 usecs
[    2.235653] calling  init_elf_binfmt+0x0/0x15 @ 1
[    2.236653] initcall init_elf_binfmt+0x0/0x15 returned 0 after 0 usecs
[    2.237653] calling  init_compat_elf_binfmt+0x0/0x15 @ 1
[    2.238653] initcall init_compat_elf_binfmt+0x0/0x15 returned 0 after 0 usecs
[    2.239654] calling  debugfs_init+0x0/0x5c @ 1
[    2.240678] initcall debugfs_init+0x0/0x5c returned 0 after 0 usecs
[    2.241653] calling  tracefs_init+0x0/0x3a @ 1
[    2.242656] initcall tracefs_init+0x0/0x3a returned 0 after 0 usecs
[    2.243652] calling  prandom_init_early+0x0/0x15d @ 1
[    2.244653] initcall prandom_init_early+0x0/0x15d returned 0 after 0 usecs
[    2.245654] calling  virtio_init+0x0/0x20 @ 1
[    2.246689] initcall virtio_init+0x0/0x20 returned 0 after 0 usecs
[    2.247655] calling  iommu_init+0x0/0x2a @ 1
[    2.248697] initcall iommu_init+0x0/0x2a returned 0 after 0 usecs
[    2.249653] calling  component_debug_init+0x0/0x1c @ 1
[    2.250736] initcall component_debug_init+0x0/0x1c returned 0 after 0 usecs
[    2.251653] calling  early_resume_init+0x0/0xb9 @ 1
[    2.253256] PM: RTC time: 04:45:32, date: 2022-12-13
[    2.253682] initcall early_resume_init+0x0/0xb9 returned 0 after 976 usecs
[    2.255657] calling  cpufreq_core_init+0x0/0x62 @ 1
[    2.256699] initcall cpufreq_core_init+0x0/0x62 returned 0 after 0 usecs
[    2.257654] calling  cpufreq_gov_performance_init+0x0/0xc @ 1
[    2.258653] initcall cpufreq_gov_performance_init+0x0/0xc returned 0 after 0 usecs
[    2.259656] calling  cpufreq_gov_userspace_init+0x0/0xc @ 1
[    2.260656] initcall cpufreq_gov_userspace_init+0x0/0xc returned 0 after 0 usecs
[    2.261655] calling  CPU_FREQ_GOV_ONDEMAND_init+0x0/0xc @ 1
[    2.262654] initcall CPU_FREQ_GOV_ONDEMAND_init+0x0/0xc returned 0 after 0 usecs
[    2.263653] calling  cpuidle_init+0x0/0x1f @ 1
[    2.264693] initcall cpuidle_init+0x0/0x1f returned 0 after 0 usecs
[    2.265654] calling  capsule_reboot_register+0x0/0xc @ 1
[    2.266678] initcall capsule_reboot_register+0x0/0xc returned 0 after 0 usecs
[    2.267654] calling  sock_init+0x0/0x93 @ 1
[    2.269791] initcall sock_init+0x0/0x93 returned 0 after 976 usecs
[    2.270654] calling  net_inuse_init+0x0/0x23 @ 1
[    2.271659] initcall net_inuse_init+0x0/0x23 returned 0 after 0 usecs
[    2.272653] calling  net_defaults_init+0x0/0x23 @ 1
[    2.273653] initcall net_defaults_init+0x0/0x23 returned 0 after 0 usecs
[    2.274653] calling  init_default_flow_dissectors+0x0/0x4f @ 1
[    2.275654] initcall init_default_flow_dissectors+0x0/0x4f returned 0 after 0 usecs
[    2.276654] calling  netpoll_init+0x0/0x26 @ 1
[    2.277653] initcall netpoll_init+0x0/0x26 returned 0 after 0 usecs
[    2.278653] calling  netlink_proto_init+0x0/0x14f @ 1
[    2.279887] NET: Registered protocol family 16
[    2.280668] initcall netlink_proto_init+0x0/0x14f returned 0 after 976 usecs
[    2.281653] calling  genl_init+0x0/0x35 @ 1
[    2.282759] initcall genl_init+0x0/0x35 returned 0 after 0 usecs
[    2.283654] calling  bsp_pm_check_init+0x0/0x13 @ 1
[    2.284654] initcall bsp_pm_check_init+0x0/0x13 returned 0 after 0 usecs
[    2.285673] calling  irq_sysfs_init+0x0/0xb7 @ 1
[    2.286720] initcall irq_sysfs_init+0x0/0xb7 returned 0 after 0 usecs
[    2.287652] calling  audit_init+0x0/0x160 @ 1
[    2.288654] audit: initializing netlink subsys (disabled)
[    2.291253] initcall audit_init+0x0/0x160 returned 0 after 1953 usecs
[    2.291105] audit: type=2000 audit(1670906731.322:1): state=initialized audit_enabled=0 res=1
[    2.291655] calling  release_early_probes+0x0/0x32 @ 1
[    2.291659] initcall release_early_probes+0x0/0x32 returned 0 after 0 usecs
[    2.294656] calling  bdi_class_init+0x0/0x48 @ 1
[    2.295724] initcall bdi_class_init+0x0/0x48 returned 0 after 0 usecs
[    2.296654] calling  mm_sysfs_init+0x0/0x28 @ 1
[    2.297659] initcall mm_sysfs_init+0x0/0x28 returned 0 after 0 usecs
[    2.298654] calling  init_per_zone_wmark_min+0x0/0x6d @ 1
[    2.299659] initcall init_per_zone_wmark_min+0x0/0x6d returned 0 after 0 usecs
[    2.300655] calling  mpi_init+0x0/0x3e @ 1
[    2.301655] initcall mpi_init+0x0/0x3e returned 0 after 0 usecs
[    2.302654] calling  kobject_uevent_init+0x0/0xc @ 1
[    2.303662] initcall kobject_uevent_init+0x0/0xc returned 0 after 0 usecs
[    2.304654] calling  pcibus_class_init+0x0/0x13 @ 1
[    2.305670] initcall pcibus_class_init+0x0/0x13 returned 0 after 0 usecs
[    2.306654] calling  pci_driver_init+0x0/0x21 @ 1
[    2.307727] initcall pci_driver_init+0x0/0x21 returned 0 after 0 usecs
[    2.308655] calling  backlight_class_init+0x0/0xa8 @ 1
[    2.309734] initcall backlight_class_init+0x0/0xa8 returned 0 after 0 usecs
[    2.310654] calling  tty_class_init+0x0/0x33 @ 1
[    2.311658] initcall tty_class_init+0x0/0x33 returned 0 after 0 usecs
[    2.312653] calling  vtconsole_class_init+0x0/0xb5 @ 1
[    2.313695] initcall vtconsole_class_init+0x0/0xb5 returned 0 after 0 usecs
[    2.314653] calling  iommu_dev_init+0x0/0x13 @ 1
[    2.315802] initcall iommu_dev_init+0x0/0x13 returned 0 after 0 usecs
[    2.316658] calling  mipi_dsi_bus_init+0x0/0xc @ 1
[    2.318673] initcall mipi_dsi_bus_init+0x0/0xc returned 0 after 0 usecs
[    2.319652] calling  devlink_class_init+0x0/0x40 @ 1
[    2.320658] initcall devlink_class_init+0x0/0x40 returned 0 after 0 usecs
[    2.321652] calling  software_node_init+0x0/0x2a @ 1
[    2.322666] initcall software_node_init+0x0/0x2a returned 0 after 0 usecs
[    2.323652] calling  wakeup_sources_debugfs_init+0x0/0x23 @ 1
[    2.324694] initcall wakeup_sources_debugfs_init+0x0/0x23 returned 0 after 0 usecs
[    2.325680] calling  wakeup_sources_sysfs_init+0x0/0x2c @ 1
[    2.326663] initcall wakeup_sources_sysfs_init+0x0/0x2c returned 0 after 0 usecs
[    2.327652] calling  register_node_type+0x0/0x13 @ 1
[    2.329678] initcall register_node_type+0x0/0x13 returned 0 after 976 usecs
[    2.330652] calling  regmap_initcall+0x0/0xc @ 1
[    2.331709] initcall regmap_initcall+0x0/0xc returned 0 after 0 usecs
[    2.332669] calling  i2c_init+0x0/0xb3 @ 1
[    2.333706] initcall i2c_init+0x0/0xb3 returned 0 after 0 usecs
[    2.334653] calling  thermal_init+0x0/0xf2 @ 1
[    2.335675] thermal_sys: Registered thermal governor 'step_wise'
[    2.335677] thermal_sys: Registered thermal governor 'user_space'
[    2.336663] initcall thermal_init+0x0/0xf2 returned 0 after 976 usecs
[    2.338653] calling  init_menu+0x0/0xc @ 1
[    2.341010] cpuidle: using governor menu
[    2.345663] initcall init_menu+0x0/0xc returned 0 after 5859 usecs
[    2.353656] calling  pcc_init+0x0/0x4d @ 1
[    2.358713] initcall pcc_init+0x0/0x4d returned -19 after 0 usecs
[    2.366664] calling  amd_postcore_init+0x0/0x11e @ 1
[    2.372655] initcall amd_postcore_init+0x0/0x11e returned 0 after 0 usecs
[    2.380678] calling  bts_init+0x0/0xba @ 1
[    2.386655] initcall bts_init+0x0/0xba returned -19 after 0 usecs
[    2.394654] calling  pt_init+0x0/0x341 @ 1
[    2.399654] initcall pt_init+0x0/0x341 returned -19 after 0 usecs
[    2.408665] calling  boot_params_ksysfs_init+0x0/0x2ee @ 1
[    2.417710] initcall boot_params_ksysfs_init+0x0/0x2ee returned 0 after 0 usecs
[    2.427659] calling  sbf_init+0x0/0xea @ 1
[    2.429654] initcall sbf_init+0x0/0xea returned 0 after 0 usecs
[    2.438657] calling  arch_kdebugfs_init+0x0/0x219 @ 1
[    2.444747] initcall arch_kdebugfs_init+0x0/0x219 returned 0 after 0 usecs
[    2.452654] calling  intel_pconfig_init+0x0/0x85 @ 1
[    2.458655] initcall intel_pconfig_init+0x0/0x85 returned 0 after 0 usecs
[    2.466655] calling  mtrr_if_init+0x0/0x5d @ 1
[    2.477762] initcall mtrr_if_init+0x0/0x5d returned 0 after 4882 usecs
[    2.484655] calling  activate_jump_labels+0x0/0x31 @ 1
[    2.490653] initcall activate_jump_labels+0x0/0x31 returned 0 after 0 usecs
[    2.499662] calling  ffh_cstate_init+0x0/0x29 @ 1
[    2.505666] initcall ffh_cstate_init+0x0/0x29 returned 0 after 0 usecs
[    2.514657] calling  activate_jump_labels+0x0/0x31 @ 1
[    2.521806] initcall activate_jump_labels+0x0/0x31 returned 0 after 976 usecs
[    2.530655] calling  kvm_alloc_cpumask+0x0/0x74 @ 1
[    2.537701] initcall kvm_alloc_cpumask+0x0/0x74 returned 0 after 0 usecs
[    2.545658] calling  kcmp_cookies_init+0x0/0x37 @ 1
[    2.552661] initcall kcmp_cookies_init+0x0/0x37 returned 0 after 0 usecs
[    2.561657] calling  cryptomgr_init+0x0/0xc @ 1
[    2.566691] initcall cryptomgr_init+0x0/0xc returned 0 after 0 usecs
[    2.575657] calling  acpi_pci_init+0x0/0x57 @ 1
[    2.581654] ACPI: bus type PCI registered
[    2.586657] initcall acpi_pci_init+0x0/0x57 returned 0 after 4882 usecs
[    2.592659] calling  dma_channel_table_init+0x0/0xd1 @ 1
[    2.599667] initcall dma_channel_table_init+0x0/0xd1 returned 0 after 0 usecs
[    2.606658] calling  dma_bus_init+0x0/0xdc @ 1
[    2.613601] initcall dma_bus_init+0x0/0xdc returned 0 after 1953 usecs
[    2.622685] calling  iommu_dma_init+0x0/0x10 @ 1
[    2.629685] initcall iommu_dma_init+0x0/0x10 returned 0 after 0 usecs
[    2.638659] calling  dmi_id_init+0x0/0x37c @ 1
[    2.646815] initcall dmi_id_init+0x0/0x37c returned 0 after 976 usecs
[    2.655659] calling  pci_arch_init+0x0/0x71 @ 1
[    2.663119] PCI: MMCONFIG for domain 0000 [bus 00-ff] at [mem 0xb0000000-0xbfffffff] (base 0xb0000000)
[    2.674657] PCI: MMCONFIG at [mem 0xb0000000-0xbfffffff] reserved in E820
[    2.682679] PCI: Using configuration type 1 for base access
[    2.686071] initcall pci_arch_init+0x0/0x71 returned 0 after 23437 usecs
[    2.693688] calling  init_vdso+0x0/0x13 @ 1
[    2.698663] initcall init_vdso+0x0/0x13 returned 0 after 0 usecs
[    2.705655] calling  sysenter_setup+0x0/0x13 @ 1
[    2.709662] initcall sysenter_setup+0x0/0x13 returned 0 after 0 usecs
[    2.716656] calling  fixup_ht_bug+0x0/0xe5 @ 1
[    2.722656] initcall fixup_ht_bug+0x0/0xe5 returned 0 after 0 usecs
[    2.730656] calling  topology_init+0x0/0x88 @ 1
[    2.739980] initcall topology_init+0x0/0x88 returned 0 after 3906 usecs
[    2.747657] calling  intel_epb_init+0x0/0x68 @ 1
[    2.753656] initcall intel_epb_init+0x0/0x68 returned -19 after 0 usecs
[    2.761656] calling  mtrr_init_finialize+0x0/0x3e @ 1
[    2.767657] initcall mtrr_init_finialize+0x0/0x3e returned 0 after 0 usecs
[    2.778661] calling  uid_cache_init+0x0/0x85 @ 1
[    2.781664] initcall uid_cache_init+0x0/0x85 returned 0 after 0 usecs
[    2.790658] calling  param_sysfs_init+0x0/0x1ba @ 1
[    2.861480] initcall param_sysfs_init+0x0/0x1ba returned 0 after 66406 usecs
[    2.869665] calling  user_namespace_sysctl_init+0x0/0x33 @ 1
[    2.878679] initcall user_namespace_sysctl_init+0x0/0x33 returned 0 after 0 usecs
[    2.884661] calling  proc_schedstat_init+0x0/0x24 @ 1
[    2.893855] initcall proc_schedstat_init+0x0/0x24 returned 0 after 976 usecs
[    2.903664] calling  pm_sysrq_init+0x0/0x18 @ 1
[    2.925647] initcall pm_sysrq_init+0x0/0x18 returned 0 after 14648 usecs
[    2.934908] calling  create_proc_profile+0x0/0xd0 @ 1
[    2.939655] initcall create_proc_profile+0x0/0xd0 returned 0 after 0 usecs
[    2.948664] calling  time_ns_init+0x0/0x7 @ 1
[    2.954656] initcall time_ns_init+0x0/0x7 returned 0 after 0 usecs
[    2.962662] calling  crash_save_vmcoreinfo_init+0x0/0x722 @ 1
[    2.970803] initcall crash_save_vmcoreinfo_init+0x0/0x722 returned 0 after 0 usecs
[    2.981659] calling  crash_notes_memory_init+0x0/0x35 @ 1
[    2.988664] initcall crash_notes_memory_init+0x0/0x35 returned 0 after 0 usecs
[    2.998657] calling  cgroup_sysfs_init+0x0/0x13 @ 1
[    3.002764] initcall cgroup_sysfs_init+0x0/0x13 returned 0 after 0 usecs
[    3.012656] calling  cgroup_namespaces_init+0x0/0x7 @ 1
[    3.019656] initcall cgroup_namespaces_init+0x0/0x7 returned 0 after 0 usecs
[    3.028655] calling  init_optprobes+0x0/0x13 @ 1
[    3.034653] Kprobes globally optimized
[    3.039655] initcall init_optprobes+0x0/0x13 returned 0 after 4882 usecs
[    3.046656] calling  oom_init+0x0/0x2f @ 1
[    3.056770] initcall oom_init+0x0/0x2f returned 0 after 5859 usecs
[    3.065660] calling  default_bdi_init+0x0/0xb3 @ 1
[    3.078274] initcall default_bdi_init+0x0/0xb3 returned 0 after 8789 usecs
[    3.088665] calling  percpu_enable_async+0x0/0xe @ 1
[    3.094662] initcall percpu_enable_async+0x0/0xe returned 0 after 0 usecs
[    3.102663] calling  kcompactd_init+0x0/0x8d @ 1
[    3.128427] initcall kcompactd_init+0x0/0x8d returned 0 after 17578 usecs
[    3.135663] calling  init_user_reserve+0x0/0x40 @ 1
[    3.140659] initcall init_user_reserve+0x0/0x40 returned 0 after 0 usecs
[    3.149658] calling  init_admin_reserve+0x0/0x40 @ 1
[    3.154666] initcall init_admin_reserve+0x0/0x40 returned 0 after 0 usecs
[    3.164658] calling  init_reserve_notifier+0x0/0x7 @ 1
[    3.170659] initcall init_reserve_notifier+0x0/0x7 returned 0 after 0 usecs
[    3.181657] calling  swap_init_sysfs+0x0/0x62 @ 1
[    3.185668] initcall swap_init_sysfs+0x0/0x62 returned 0 after 0 usecs
[    3.190657] calling  swapfile_init+0x0/0x94 @ 1
[    3.197658] initcall swapfile_init+0x0/0x94 returned 0 after 0 usecs
[    3.207658] calling  hugetlb_init+0x0/0x496 @ 1
[    3.213659] HugeTLB registered 2.00 MiB page size, pre-allocated 0 pages
[    3.221680] initcall hugetlb_init+0x0/0x496 returned 0 after 7812 usecs
[    3.229657] calling  io_wq_init+0x0/0x34 @ 1
[    3.234660] initcall io_wq_init+0x0/0x34 returned 0 after 0 usecs
[    3.243656] calling  seqiv_module_init+0x0/0xc @ 1
[    3.251657] initcall seqiv_module_init+0x0/0xc returned 0 after 0 usecs
[    3.258658] calling  echainiv_module_init+0x0/0xc @ 1
[    3.267657] initcall echainiv_module_init+0x0/0xc returned 0 after 0 usecs
[    3.275658] calling  rsa_init+0x0/0x50 @ 1
[    3.290269] cryptomgr_test (131) used greatest stack depth: 15288 bytes left
[    3.289784] initcall rsa_init+0x0/0x50 returned 0 after 7812 usecs
[    3.308676] calling  crypto_cmac_module_init+0x0/0xc @ 1
[    3.319119] initcall crypto_cmac_module_init+0x0/0xc returned 0 after 976 usecs
[    3.327670] calling  hmac_module_init+0x0/0xc @ 1
[    3.333697] initcall hmac_module_init+0x0/0xc returned 0 after 0 usecs
[    3.337669] calling  crypto_null_mod_init+0x0/0x65 @ 1
[    3.426782] initcall crypto_null_mod_init+0x0/0x65 returned 0 after 77148 usecs
[    3.438857] calling  md5_mod_init+0x0/0xc @ 1
[    3.450083] initcall md5_mod_init+0x0/0xc returned 0 after 2929 usecs
[    3.459676] calling  sha256_generic_mod_init+0x0/0x11 @ 1
[    3.480081] initcall sha256_generic_mod_init+0x0/0x11 returned 0 after 11718 usecs
[    3.490662] calling  crypto_cbc_module_init+0x0/0xc @ 1
[    3.496844] initcall crypto_cbc_module_init+0x0/0xc returned 0 after 0 usecs
[    3.505659] calling  crypto_ctr_module_init+0x0/0x11 @ 1
[    3.511822] initcall crypto_ctr_module_init+0x0/0x11 returned 0 after 0 usecs
[    3.520660] calling  crypto_gcm_module_init+0x0/0x64 @ 1
[    3.527049] initcall crypto_gcm_module_init+0x0/0x64 returned 0 after 0 usecs
[    3.535660] calling  crypto_ccm_module_init+0x0/0x11 @ 1
[    3.543675] initcall crypto_ccm_module_init+0x0/0x11 returned 0 after 0 usecs
[    3.554660] calling  aes_init+0x0/0xc @ 1
[    3.562290] initcall aes_init+0x0/0xc returned 0 after 976 usecs
[    3.569664] calling  crc32c_mod_init+0x0/0xc @ 1
[    3.578329] initcall crc32c_mod_init+0x0/0xc returned 0 after 1953 usecs
[    3.577994] cryptomgr_test (140) used greatest stack depth: 15208 bytes left
[    3.586663] calling  crypto_authenc_module_init+0x0/0xc @ 1
[    3.603877] initcall crypto_authenc_module_init+0x0/0xc returned 0 after 0 usecs
[    3.613663] calling  crypto_authenc_esn_module_init+0x0/0xc @ 1
[    3.620815] initcall crypto_authenc_esn_module_init+0x0/0xc returned 0 after 0 usecs
[    3.630664] calling  drbg_init+0x0/0x7c @ 1
[    3.660437] initcall drbg_init+0x0/0x7c returned 0 after 23437 usecs
[    3.669838] calling  ghash_mod_init+0x0/0xc @ 1
[    3.679341] initcall ghash_mod_init+0x0/0xc returned 0 after 1953 usecs
[    3.688663] calling  init_bio+0x0/0x9a @ 1
[    3.696394] initcall init_bio+0x0/0x9a returned 0 after 2929 usecs
[    3.704661] calling  blk_settings_init+0x0/0x29 @ 1
[    3.711657] initcall blk_settings_init+0x0/0x29 returned 0 after 0 usecs
[    3.721660] calling  blk_ioc_init+0x0/0x29 @ 1
[    3.725657] initcall blk_ioc_init+0x0/0x29 returned 0 after 0 usecs
[    3.733657] calling  blk_mq_init+0x0/0xb9 @ 1
[    3.740655] initcall blk_mq_init+0x0/0xb9 returned 0 after 0 usecs
[    3.749662] calling  genhd_device_init+0x0/0x75 @ 1
[    3.775663] initcall genhd_device_init+0x0/0x75 returned 0 after 19531 usecs
[    3.786663] calling  pci_slot_init+0x0/0x40 @ 1
[    3.792739] initcall pci_slot_init+0x0/0x40 returned 0 after 0 usecs
[    3.800664] calling  fbmem_init+0x0/0xd8 @ 1
[    3.817277] initcall fbmem_init+0x0/0xd8 returned 0 after 9765 usecs
[    3.827661] calling  acpi_init+0x0/0x319 @ 1
[    3.835243] ACPI: Added _OSI(Module Device)
[    3.840652] ACPI: Added _OSI(Processor Device)
[    3.846651] ACPI: Added _OSI(3.0 _SCP Extensions)
[    3.852652] ACPI: Added _OSI(Processor Aggregator Device)
[    3.858652] ACPI: Added _OSI(Linux-Dell-Video)
[    3.863652] ACPI: Added _OSI(Linux-Lenovo-NV-HDMI-Audio)
[    3.868652] ACPI: Added _OSI(Linux-HPI-Hybrid-Graphics)
[    3.889866] ACPI: 1 ACPI AML tables successfully acquired and loaded
[    3.904762] ACPI: Interpreter enabled
[    3.909765] ACPI: (supports S0 S3 S4 S5)
[    3.914694] ACPI: Using IOAPIC for interrupt routing
[    3.921288] PCI: Using host bridge windows from ACPI; if necessary, use "pci=nocrs" and report a bug
[    3.933092] ACPI: Enabled 2 GPEs in block 00 to 3F
[    3.950982] ACPI: PCI Root Bridge [PCI0] (domain 0000 [bus 00-ff])
[    3.960902] acpi PNP0A08:00: _OSC: OS supports [ExtendedConfig ASPM ClockPM Segments MSI HPX-Type3]
[    3.973773] acpi PNP0A08:00: _OSC: platform does not support [LTR]
[    3.982731] acpi PNP0A08:00: _OSC: OS now controls [PME PCIeCapability]
[    3.991222] PCI host bridge to bus 0000:00
[    3.997693] pci_bus 0000:00: root bus resource [io  0x0000-0x0cf7 window]
[    4.006657] pci_bus 0000:00: root bus resource [io  0x0d00-0xffff window]
[    4.015655] pci_bus 0000:00: root bus resource [mem 0x000a0000-0x000bffff window]
[    4.023655] pci_bus 0000:00: root bus resource [mem 0x20000000-0xafffffff window]
[    4.035654] pci_bus 0000:00: root bus resource [mem 0xc0000000-0xfebfffff window]
[    4.045654] pci_bus 0000:00: root bus resource [mem 0x100000000-0x8ffffffff window]
[    4.054654] pci_bus 0000:00: root bus resource [bus 00-ff]
[    4.062389] pci 0000:00:00.0: calling  quirk_mmio_always_on+0x0/0x10 @ 1
[    4.071662] pci 0000:00:00.0: quirk_mmio_always_on+0x0/0x10 took 0 usecs
[    4.081675] pci 0000:00:00.0: [8086:29c0] type 00 class 0x060000
[    4.091844] pci 0000:00:00.0: calling  quirk_igfx_skip_te_disable+0x0/0x80 @ 1
[    4.101840] pci 0000:00:00.0: quirk_igfx_skip_te_disable+0x0/0x80 took 0 usecs
[    4.114125] pci 0000:00:01.0: [1234:1111] type 00 class 0x030000
[    4.135647] pci 0000:00:01.0: reg 0x10: [mem 0xfd000000-0xfdffffff pref]
[    4.161441] pci 0000:00:01.0: reg 0x18: [mem 0xfebf0000-0xfebf0fff]
[    4.195647] pci 0000:00:01.0: reg 0x30: [mem 0xfebe0000-0xfebeffff pref]
[    4.210387] pci 0000:00:01.0: calling  efifb_fixup_resources+0x0/0xf0 @ 1
[    4.221697] pci 0000:00:01.0: efifb_fixup_resources+0x0/0xf0 took 0 usecs
[    4.242450] pci 0000:00:1f.0: [8086:2918] type 00 class 0x060100
[    4.254925] pci 0000:00:1f.0: calling  quirk_ich7_lpc+0x0/0x60 @ 1
[    4.264646] pci 0000:00:1f.0: quirk: [io  0x0600-0x067f] claimed by ICH6 ACPI/GPIO/TCO
[    4.275739] pci 0000:00:1f.0: quirk_ich7_lpc+0x0/0x60 took 13671 usecs
[    4.284709] pci 0000:00:1f.0: calling  quirk_igfx_skip_te_disable+0x0/0x80 @ 1
[    4.292694] pci 0000:00:1f.0: quirk_igfx_skip_te_disable+0x0/0x80 took 0 usecs
[    4.304654] pci 0000:00:1f.2: [8086:2922] type 00 class 0x010601
[    4.320342] pci 0000:00:1f.2: reg 0x20: [io  0xc040-0xc05f]
[    4.329654] pci 0000:00:1f.2: reg 0x24: [mem 0xfebf1000-0xfebf1fff]
[    4.338884] pci 0000:00:1f.2: calling  quirk_igfx_skip_te_disable+0x0/0x80 @ 1
[    4.348671] pci 0000:00:1f.2: quirk_igfx_skip_te_disable+0x0/0x80 took 0 usecs
[    4.360655] pci 0000:00:1f.3: [8086:2930] type 00 class 0x0c0500
[    4.374655] pci 0000:00:1f.3: reg 0x20: [io  0x0700-0x073f]
[    4.384377] pci 0000:00:1f.3: calling  quirk_igfx_skip_te_disable+0x0/0x80 @ 1
[    4.392694] pci 0000:00:1f.3: quirk_igfx_skip_te_disable+0x0/0x80 took 0 usecs
[    4.405853] ACPI: PCI Interrupt Link [LNKA] (IRQs 5 *10 11)
[    4.415922] ACPI: PCI Interrupt Link [LNKB] (IRQs 5 *10 11)
[    4.425174] ACPI: PCI Interrupt Link [LNKC] (IRQs 5 10 *11)
[    4.434143] ACPI: PCI Interrupt Link [LNKD] (IRQs 5 10 *11)
[    4.443211] ACPI: PCI Interrupt Link [LNKE] (IRQs 5 *10 11)
[    4.451675] ACPI: PCI Interrupt Link [LNKF] (IRQs 5 *10 11)
[    4.461674] ACPI: PCI Interrupt Link [LNKG] (IRQs 5 10 *11)
[    4.469082] ACPI: PCI Interrupt Link [LNKH] (IRQs 5 10 *11)
[    4.475966] ACPI: PCI Interrupt Link [GSIA] (IRQs *16)
[    4.482668] ACPI: PCI Interrupt Link [GSIB] (IRQs *17)
[    4.488725] ACPI: PCI Interrupt Link [GSIC] (IRQs *18)
[    4.494665] ACPI: PCI Interrupt Link [GSID] (IRQs *19)
[    4.501792] ACPI: PCI Interrupt Link [GSIE] (IRQs *20)
[    4.507682] ACPI: PCI Interrupt Link [GSIF] (IRQs *21)
[    4.513721] ACPI: PCI Interrupt Link [GSIG] (IRQs *22)
[    4.519729] ACPI: PCI Interrupt Link [GSIH] (IRQs *23)
[    4.534402] initcall acpi_init+0x0/0x319 returned 0 after 684570 usecs
[    4.544781] calling  pnp_init+0x0/0xc @ 1
[    4.549712] initcall pnp_init+0x0/0xc returned 0 after 976 usecs
[    4.557655] calling  misc_init+0x0/0xbf @ 1
[    4.562794] initcall misc_init+0x0/0xbf returned 0 after 976 usecs
[    4.570655] calling  iommu_subsys_init+0x0/0x4e @ 1
[    4.576783] iommu: Default domain type: Translated 
[    4.583656] initcall iommu_subsys_init+0x0/0x4e returned 0 after 6835 usecs
[    4.591655] calling  vga_arb_device_init+0x0/0x261 @ 1
[    4.600015] pci 0000:00:01.0: vgaarb: setting as boot VGA device
[    4.600647] pci 0000:00:01.0: vgaarb: VGA device added: decodes=io+mem,owns=io+mem,locks=none
[    4.619658] pci 0000:00:01.0: vgaarb: bridge control possible
[    4.628653] vgaarb: loaded
[    4.632666] initcall vga_arb_device_init+0x0/0x261 returned 0 after 33203 usecs
[    4.643658] calling  cn_init+0x0/0xf0 @ 1
[    4.649814] initcall cn_init+0x0/0xf0 returned 0 after 976 usecs
[    4.657657] calling  dma_buf_init+0x0/0xad @ 1
[    4.664411] initcall dma_buf_init+0x0/0xad returned 0 after 976 usecs
[    4.672655] calling  init_scsi+0x0/0x79 @ 1
[    4.678713] SCSI subsystem initialized
[    4.683655] initcall init_scsi+0x0/0x79 returned 0 after 4882 usecs
[    4.691655] calling  ata_init+0x0/0x332 @ 1
[    4.701647] libata version 3.00 loaded.
[    4.706656] initcall ata_init+0x0/0x332 returned 0 after 9765 usecs
[    4.715661] calling  phy_init+0x0/0x250 @ 1
[    4.722122] initcall phy_init+0x0/0x250 returned 0 after 0 usecs
[    4.729668] calling  init_pcmcia_cs+0x0/0x35 @ 1
[    4.735735] initcall init_pcmcia_cs+0x0/0x35 returned 0 after 0 usecs
[    4.744681] calling  usb_common_init+0x0/0x1c @ 1
[    4.750661] initcall usb_common_init+0x0/0x1c returned 0 after 0 usecs
[    4.759655] calling  usb_init+0x0/0x12e @ 1
[    4.766330] ACPI: bus type USB registered
[    4.775234] usbcore: registered new interface driver usbfs
[    4.786472] usbcore: registered new interface driver hub
[    4.791771] usbcore: registered new device driver usb
[    4.799657] initcall usb_init+0x0/0x12e returned 0 after 34179 usecs
[    4.807656] calling  serio_init+0x0/0x29 @ 1
[    4.812884] initcall serio_init+0x0/0x29 returned 0 after 976 usecs
[    4.821713] calling  input_init+0x0/0xf6 @ 1
[    4.826698] initcall input_init+0x0/0xf6 returned 0 after 0 usecs
[    4.834655] calling  rtc_init+0x0/0x4d @ 1
[    4.839683] initcall rtc_init+0x0/0x4d returned 0 after 0 usecs
[    4.841656] calling  pps_init+0x0/0xa9 @ 1
[    4.846724] pps_core: LinuxPPS API ver. 1 registered
[    4.853679] pps_core: Software ver. 5.3.6 - Copyright 2005-2007 Rodolfo Giometti <giometti@linux.it>
[    4.864660] initcall pps_init+0x0/0xa9 returned 0 after 17578 usecs
[    4.872658] calling  ptp_init+0x0/0x98 @ 1
[    4.877670] PTP clock support registered
[    4.882655] initcall ptp_init+0x0/0x98 returned 0 after 4882 usecs
[    4.889655] calling  power_supply_class_init+0x0/0x3f @ 1
[    4.896751] initcall power_supply_class_init+0x0/0x3f returned 0 after 0 usecs
[    4.905656] calling  hwmon_init+0x0/0x104 @ 1
[    4.911678] initcall hwmon_init+0x0/0x104 returned 0 after 0 usecs
[    4.919655] calling  md_init+0x0/0x16b @ 1
[    4.927324] initcall md_init+0x0/0x16b returned 0 after 1953 usecs
[    4.934654] calling  leds_init+0x0/0x3b @ 1
[    4.939778] initcall leds_init+0x0/0x3b returned 0 after 0 usecs
[    4.946653] calling  dmi_init+0x0/0x113 @ 1
[    4.951827] initcall dmi_init+0x0/0x113 returned 0 after 976 usecs
[    4.959660] calling  efisubsys_init+0x0/0x4e7 @ 1
[    4.965674] initcall efisubsys_init+0x0/0x4e7 returned 0 after 0 usecs
[    4.973686] calling  nvmem_init+0x0/0xc @ 1
[    4.978748] initcall nvmem_init+0x0/0xc returned 0 after 0 usecs
[    4.986655] calling  init_soundcore+0x0/0x33 @ 1
[    4.992669] initcall init_soundcore+0x0/0x33 returned 0 after 0 usecs
[    5.000655] calling  alsa_sound_init+0x0/0x8f @ 1
[    5.006891] Advanced Linux Sound Architecture Driver Initialized.
[    5.015187] initcall alsa_sound_init+0x0/0x8f returned 0 after 7812 usecs
[    5.023656] calling  alsa_seq_device_init+0x0/0x71 @ 1
[    5.029792] initcall alsa_seq_device_init+0x0/0x71 returned 0 after 0 usecs
[    5.038656] calling  hda_bus_init+0x0/0xc @ 1
[    5.043686] initcall hda_bus_init+0x0/0xc returned 0 after 0 usecs
[    5.050653] calling  proto_init+0x0/0xc @ 1
[    5.055710] initcall proto_init+0x0/0xc returned 0 after 0 usecs
[    5.062654] calling  net_dev_init+0x0/0x209 @ 1
[    5.069669] initcall net_dev_init+0x0/0x209 returned 0 after 1953 usecs
[    5.076655] calling  neigh_init+0x0/0x84 @ 1
[    5.082725] initcall neigh_init+0x0/0x84 returned 0 after 0 usecs
[    5.089655] calling  fib_notifier_init+0x0/0xc @ 1
[    5.095682] initcall fib_notifier_init+0x0/0xc returned 0 after 0 usecs
[    5.104659] calling  fib_rules_init+0x0/0xab @ 1
[    5.111724] initcall fib_rules_init+0x0/0xab returned 0 after 0 usecs
[    5.121657] calling  pktsched_init+0x0/0x10e @ 1
[    5.127694] initcall pktsched_init+0x0/0x10e returned 0 after 976 usecs
[    5.136655] calling  tc_filter_init+0x0/0xfa @ 1
[    5.141690] initcall tc_filter_init+0x0/0xfa returned 0 after 0 usecs
[    5.149653] calling  tc_action_init+0x0/0x54 @ 1
[    5.154654] initcall tc_action_init+0x0/0x54 returned 0 after 0 usecs
[    5.162654] calling  ethnl_init+0x0/0x52 @ 1
[    5.167746] initcall ethnl_init+0x0/0x52 returned 0 after 0 usecs
[    5.175671] calling  nexthop_init+0x0/0xd8 @ 1
[    5.180739] initcall nexthop_init+0x0/0xd8 returned 0 after 0 usecs
[    5.188657] calling  cipso_v4_init+0x0/0x5d @ 1
[    5.194720] initcall cipso_v4_init+0x0/0x5d returned 0 after 0 usecs
[    5.202656] calling  ieee80211_init+0x0/0x24 @ 1
[    5.208837] initcall ieee80211_init+0x0/0x24 returned 0 after 0 usecs
[    5.216654] calling  netlbl_init+0x0/0x78 @ 1
[    5.221651] NetLabel: Initializing
[    5.226653] NetLabel:  domain hash size = 128
[    5.232651] NetLabel:  protocols = UNLABELED CIPSOv4 CALIPSO
[    5.239658] NetLabel:  unlabeled traffic allowed by default
[    5.246647] initcall netlbl_init+0x0/0x78 returned 0 after 23437 usecs
[    5.254653] calling  rfkill_init+0x0/0x111 @ 1
[    5.261319] initcall rfkill_init+0x0/0x111 returned 0 after 0 usecs
[    5.268663] calling  pci_subsys_init+0x0/0x66 @ 1
[    5.273728] PCI: Using ACPI for IRQ routing
[    5.964537] PCI: pci_cache_line_size set to 64 bytes
[    5.972991] e820: reserve RAM buffer [mem 0x0009fc00-0x0009ffff]
[    5.979668] e820: reserve RAM buffer [mem 0x1ffdf000-0x1fffffff]
[    5.987981] initcall pci_subsys_init+0x0/0x66 returned 0 after 697265 usecs
[    5.995901] calling  nmi_warning_debugfs+0x0/0x26 @ 1
[    6.001924] initcall nmi_warning_debugfs+0x0/0x26 returned 0 after 976 usecs
[    6.010671] calling  save_microcode_in_initrd+0x0/0x51 @ 1
[    6.017846] initcall save_microcode_in_initrd+0x0/0x51 returned 0 after 0 usecs
[    6.025655] calling  hpet_late_init+0x0/0x207 @ 1
[    6.031796] hpet: 3 channels of 0 reserved for per-cpu timers
[    6.039910] hpet0: at MMIO 0xfed00000, IRQs 2, 8, 0
[    6.045652] hpet0: 3 comparators, 64-bit 100.000000 MHz counter
[    6.056657] initcall hpet_late_init+0x0/0x207 returned 0 after 24414 usecs
[    6.064655] calling  init_amd_nbs+0x0/0x11c @ 1
[    6.070834] initcall init_amd_nbs+0x0/0x11c returned 0 after 0 usecs
[    6.078707] calling  clocksource_done_booting+0x0/0x41 @ 1
[    6.088437] clocksource: Switched to clocksource kvm-clock
[    6.094595] initcall clocksource_done_booting+0x0/0x41 returned 0 after 8731 usecs
[    6.103346] calling  tracer_init_tracefs+0x0/0x242 @ 1
[    6.308350] initcall tracer_init_tracefs+0x0/0x242 returned 0 after 192979 usecs
[    6.317060] calling  init_trace_printk_function_export+0x0/0x2c @ 1
[    6.324355] initcall init_trace_printk_function_export+0x0/0x2c returned 0 after 6 usecs
[    6.334353] calling  init_kprobe_trace+0x0/0x1a9 @ 1
[    6.341927] initcall init_kprobe_trace+0x0/0x1a9 returned 0 after 41 usecs
[    6.352233] calling  init_dynamic_event+0x0/0x3d @ 1
[    6.359641] initcall init_dynamic_event+0x0/0x3d returned 0 after 10 usecs
[    6.368084] calling  init_uprobe_trace+0x0/0x5c @ 1
[    6.373880] initcall init_uprobe_trace+0x0/0x5c returned 0 after 22 usecs
[    6.381764] calling  init_pipe_fs+0x0/0x44 @ 1
[    6.387560] initcall init_pipe_fs+0x0/0x44 returned 0 after 408 usecs
[    6.397243] calling  inotify_user_setup+0x0/0x47 @ 1
[    6.404744] initcall inotify_user_setup+0x0/0x47 returned 0 after 61 usecs
[    6.414926] calling  eventpoll_init+0x0/0xd4 @ 1
[    6.421086] initcall eventpoll_init+0x0/0xd4 returned 0 after 79 usecs
[    6.428671] calling  anon_inode_init+0x0/0x58 @ 1
[    6.434515] initcall anon_inode_init+0x0/0x58 returned 0 after 208 usecs
[    6.442315] calling  proc_locks_init+0x0/0x27 @ 1
[    6.448016] initcall proc_locks_init+0x0/0x27 returned 0 after 109 usecs
[    6.455870] calling  iomap_init+0x0/0x1b @ 1
[    6.464500] initcall iomap_init+0x0/0x1b returned 0 after 3405 usecs
[    6.471797] calling  dquot_init+0x0/0x106 @ 1
[    6.477009] VFS: Disk quotas dquot_6.6.0
[    6.484089] VFS: Dquot-cache hash table entries: 512 (order 0, 4096 bytes)
[    6.491851] initcall dquot_init+0x0/0x106 returned 0 after 14503 usecs
[    6.499311] calling  quota_init+0x0/0x23 @ 1
[    6.504538] initcall quota_init+0x0/0x23 returned 0 after 248 usecs
[    6.511729] calling  proc_cmdline_init+0x0/0x21 @ 1
[    6.517513] initcall proc_cmdline_init+0x0/0x21 returned 0 after 17 usecs
[    6.526252] calling  proc_consoles_init+0x0/0x24 @ 1
[    6.532362] initcall proc_consoles_init+0x0/0x24 returned 0 after 2 usecs
[    6.540092] calling  proc_cpuinfo_init+0x0/0x1e @ 1
[    6.545768] initcall proc_cpuinfo_init+0x0/0x1e returned 0 after 2 usecs
[    6.553450] calling  proc_devices_init+0x0/0x24 @ 1
[    6.559161] initcall proc_devices_init+0x0/0x24 returned 0 after 16 usecs
[    6.566948] calling  proc_interrupts_init+0x0/0x24 @ 1
[    6.573153] initcall proc_interrupts_init+0x0/0x24 returned 0 after 72 usecs
[    6.581356] calling  proc_loadavg_init+0x0/0x21 @ 1
[    6.586979] initcall proc_loadavg_init+0x0/0x21 returned 0 after 2 usecs
[    6.594601] calling  proc_meminfo_init+0x0/0x21 @ 1
[    6.600345] initcall proc_meminfo_init+0x0/0x21 returned 0 after 2 usecs
[    6.608023] calling  proc_stat_init+0x0/0x1e @ 1
[    6.614234] initcall proc_stat_init+0x0/0x1e returned 0 after 3 usecs
[    6.622080] calling  proc_uptime_init+0x0/0x21 @ 1
[    6.627775] initcall proc_uptime_init+0x0/0x21 returned 0 after 5 usecs
[    6.635546] calling  proc_version_init+0x0/0x21 @ 1
[    6.641278] initcall proc_version_init+0x0/0x21 returned 0 after 5 usecs
[    6.649005] calling  proc_softirqs_init+0x0/0x21 @ 1
[    6.654996] initcall proc_softirqs_init+0x0/0x21 returned 0 after 3 usecs
[    6.662861] calling  proc_kcore_init+0x0/0xea @ 1
[    6.668398] initcall proc_kcore_init+0x0/0xea returned 0 after 51 usecs
[    6.676028] calling  vmcore_init+0x0/0x578 @ 1
[    6.681327] initcall vmcore_init+0x0/0x578 returned 0 after 53 usecs
[    6.688762] calling  proc_kmsg_init+0x0/0x21 @ 1
[    6.694190] initcall proc_kmsg_init+0x0/0x21 returned 0 after 4 usecs
[    6.701604] calling  proc_page_init+0x0/0x3b @ 1
[    6.707287] initcall proc_page_init+0x0/0x3b returned 0 after 4 usecs
[    6.714829] calling  init_ramfs_fs+0x0/0xc @ 1
[    6.720030] initcall init_ramfs_fs+0x0/0xc returned 0 after 19 usecs
[    6.727378] calling  init_hugetlbfs_fs+0x0/0xf6 @ 1
[    6.733580] initcall init_hugetlbfs_fs+0x0/0xf6 returned 0 after 404 usecs
[    6.741507] calling  blk_scsi_ioctl_init+0x0/0x2a5 @ 1
[    6.747467] initcall blk_scsi_ioctl_init+0x0/0x2a5 returned 0 after 24 usecs
[    6.755548] calling  acpi_event_init+0x0/0x2c @ 1
[    6.761143] initcall acpi_event_init+0x0/0x2c returned 0 after 67 usecs
[    6.768802] calling  pnp_system_init+0x0/0xc @ 1
[    6.774546] initcall pnp_system_init+0x0/0xc returned 0 after 302 usecs
[    6.782298] calling  pnpacpi_init+0x0/0x69 @ 1
[    6.787789] pnp: PnP ACPI init
[    6.793134] pnp 00:00: Plug and Play ACPI device, IDs PNP0303 (active)
[    6.802126] pnp 00:01: Plug and Play ACPI device, IDs PNP0f13 (active)
[    6.809962] pnp 00:02: Plug and Play ACPI device, IDs PNP0400 (active)
[    6.817679] pnp 00:03: Plug and Play ACPI device, IDs PNP0501 (active)
[    6.825359] pnp 00:04: Plug and Play ACPI device, IDs PNP0b00 (active)
[    6.833505] system 00:05: [mem 0xb0000000-0xbfffffff window] has been reserved
[    6.842296] system 00:05: Plug and Play ACPI device, IDs PNP0c01 (active)
[    6.852102] pnp: PnP ACPI: found 6 devices
[    6.858365] initcall pnpacpi_init+0x0/0x69 returned 0 after 69030 usecs
[    6.866375] calling  chr_dev_init+0x0/0x14d @ 1
[    6.935641] initcall chr_dev_init+0x0/0x14d returned 0 after 62333 usecs
[    6.944625] calling  firmware_class_init+0x0/0xe7 @ 1
[    6.951242] initcall firmware_class_init+0x0/0xe7 returned 0 after 91 usecs
[    6.959888] calling  init_pcmcia_bus+0x0/0x5b @ 1
[    6.966316] initcall init_pcmcia_bus+0x0/0x5b returned 0 after 89 usecs
[    6.974625] calling  init_acpi_pm_clocksource+0x0/0xda @ 1
[    6.987222] clocksource: acpi_pm: mask: 0xffffff max_cycles: 0xffffff, max_idle_ns: 2085701024 ns
[    6.998630] initcall init_acpi_pm_clocksource+0x0/0xda returned 0 after 16652 usecs
[    7.008589] calling  sysctl_core_init+0x0/0x26 @ 1
[    7.015094] initcall sysctl_core_init+0x0/0x26 returned 0 after 258 usecs
[    7.023885] calling  eth_offload_init+0x0/0x13 @ 1
[    7.030084] initcall eth_offload_init+0x0/0x13 returned 0 after 15 usecs
[    7.038594] calling  ipv4_offload_init+0x0/0x73 @ 1
[    7.045068] initcall ipv4_offload_init+0x0/0x73 returned 0 after 102 usecs
[    7.053869] calling  inet_init+0x0/0x276 @ 1
[    7.059786] NET: Registered protocol family 2
[    7.066509] IP idents hash table entries: 8192 (order: 4, 65536 bytes, linear)
[    7.083142] tcp_listen_portaddr_hash hash table entries: 256 (order: 0, 4096 bytes, linear)
[    7.095131] TCP established hash table entries: 4096 (order: 3, 32768 bytes, linear)
[    7.104860] TCP bind hash table entries: 4096 (order: 4, 65536 bytes, linear)
[    7.114535] TCP: Hash tables configured (established 4096 bind 4096)
[    7.123052] UDP hash table entries: 256 (order: 1, 8192 bytes, linear)
[    7.133640] UDP-Lite hash table entries: 256 (order: 1, 8192 bytes, linear)
[    7.143121] initcall inet_init+0x0/0x276 returned 0 after 81761 usecs
[    7.151719] calling  af_unix_init+0x0/0x4d @ 1
[    7.158041] NET: Registered protocol family 1
[    7.163506] initcall af_unix_init+0x0/0x4d returned 0 after 5329 usecs
[    7.171294] calling  ipv6_offload_init+0x0/0x7e @ 1
[    7.177325] initcall ipv6_offload_init+0x0/0x7e returned 0 after 91 usecs
[    7.185481] calling  init_sunrpc+0x0/0x65 @ 1
[    7.195103] RPC: Registered named UNIX socket transport module.
[    7.203416] RPC: Registered udp transport module.
[    7.210749] RPC: Registered tcp transport module.
[    7.217951] RPC: Registered tcp NFSv4.1 backchannel transport module.
[    7.227645] initcall init_sunrpc+0x0/0x65 returned 0 after 35942 usecs
[    7.249930] calling  cfg80211_init+0x0/0xc5 @ 1
[    7.282049] initcall cfg80211_init+0x0/0xc5 returned 0 after 23216 usecs
[    7.292551] calling  pcibios_assign_resources+0x0/0xbf @ 1
[    7.302086] pci_bus 0000:00: resource 4 [io  0x0000-0x0cf7 window]
[    7.309604] pci_bus 0000:00: resource 5 [io  0x0d00-0xffff window]
[    7.317188] pci_bus 0000:00: resource 6 [mem 0x000a0000-0x000bffff window]
[    7.325459] pci_bus 0000:00: resource 7 [mem 0x20000000-0xafffffff window]
[    7.333786] pci_bus 0000:00: resource 8 [mem 0xc0000000-0xfebfffff window]
[    7.342075] pci_bus 0000:00: resource 9 [mem 0x100000000-0x8ffffffff window]
[    7.351043] initcall pcibios_assign_resources+0x0/0xbf returned 0 after 48730 usecs
[    7.362292] calling  pci_apply_final_quirks+0x0/0x124 @ 1
[    7.371210] pci 0000:00:01.0: calling  pci_fixup_video+0x0/0xe0 @ 1
[    7.381360] pci 0000:00:01.0: Video device with shadowed ROM at [mem 0x000c0000-0x000dffff]
[    7.392555] pci 0000:00:01.0: pci_fixup_video+0x0/0xe0 took 11337 usecs
[    7.401885] PCI: CLS 0 bytes, default 64
[    7.407102] initcall pci_apply_final_quirks+0x0/0x124 returned 0 after 35400 usecs
[    7.417408] calling  acpi_reserve_resources+0x0/0xea @ 1
[    7.424569] initcall acpi_reserve_resources+0x0/0xea returned 0 after 53 usecs
[    7.433810] calling  populate_rootfs+0x0/0x102 @ 1
[    7.442897] initcall populate_rootfs+0x0/0x102 returned 0 after 2699 usecs
[    7.452097] calling  pci_iommu_init+0x0/0x3e @ 1
[    7.458291] initcall pci_iommu_init+0x0/0x3e returned 0 after 144 usecs
[    7.467059] calling  ia32_binfmt_init+0x0/0x13 @ 1
[    7.473219] initcall ia32_binfmt_init+0x0/0x13 returned 0 after 58 usecs
[    7.481668] calling  rapl_pmu_init+0x0/0x267 @ 1
[    7.487886] initcall rapl_pmu_init+0x0/0x267 returned -19 after 87 usecs
[    7.496282] calling  amd_uncore_init+0x0/0x310 @ 1
[    7.502293] initcall amd_uncore_init+0x0/0x310 returned -19 after 0 usecs
[    7.510814] calling  amd_ibs_init+0x0/0x27b @ 1
[    7.516629] initcall amd_ibs_init+0x0/0x27b returned -19 after 0 usecs
[    7.525015] calling  amd_iommu_pc_init+0x0/0x215 @ 1
[    7.531381] initcall amd_iommu_pc_init+0x0/0x215 returned -19 after 28 usecs
[    7.540415] calling  msr_init+0x0/0x55 @ 1
[    7.546552] initcall msr_init+0x0/0x55 returned 0 after 557 usecs
[    7.554494] calling  intel_uncore_init+0x0/0x36f @ 1
[    7.561013] initcall intel_uncore_init+0x0/0x36f returned -19 after 31 usecs
[    7.570047] calling  cstate_pmu_init+0x0/0x1a1 @ 1
[    7.576373] initcall cstate_pmu_init+0x0/0x1a1 returned -19 after 0 usecs
[    7.585064] calling  register_kernel_offset_dumper+0x0/0x1a @ 1
[    7.592857] initcall register_kernel_offset_dumper+0x0/0x1a returned 0 after 180 usecs
[    7.603175] calling  i8259A_init_ops+0x0/0x20 @ 1
[    7.609509] initcall i8259A_init_ops+0x0/0x20 returned 0 after 1 usecs
[    7.619267] calling  init_tsc_clocksource+0x0/0xa4 @ 1
[    7.626988] clocksource: tsc: mask: 0xffffffffffffffff max_cycles: 0x39a85afc727, max_idle_ns: 881590685098 ns
[    7.641030] initcall init_tsc_clocksource+0x0/0xa4 returned 0 after 13778 usecs
[    7.651245] calling  add_rtc_cmos+0x0/0xb0 @ 1
[    7.657609] initcall add_rtc_cmos+0x0/0xb0 returned 0 after 179 usecs
[    7.667019] calling  i8237A_init_ops+0x0/0x3a @ 1
[    7.674205] initcall i8237A_init_ops+0x0/0x3a returned 0 after 311 usecs
[    7.685032] calling  umwait_init+0x0/0x94 @ 1
[    7.692017] initcall umwait_init+0x0/0x94 returned -19 after 25 usecs
[    7.704490] calling  thermal_throttle_init_device+0x0/0x3d @ 1
[    7.712839] initcall thermal_throttle_init_device+0x0/0x3d returned 0 after 63 usecs
[    7.723611] calling  msr_init+0x0/0xd7 @ 1
[    7.755564] initcall msr_init+0x0/0xd7 returned 0 after 25553 usecs
[    7.763939] calling  cpuid_init+0x0/0xd7 @ 1
[    7.784275] initcall cpuid_init+0x0/0xd7 returned 0 after 14459 usecs
[    7.793463] calling  ioapic_init_ops+0x0/0x13 @ 1
[    7.800002] initcall ioapic_init_ops+0x0/0x13 returned 0 after 45 usecs
[    7.809842] calling  add_pcspkr+0x0/0x6c @ 1
[    7.816403] initcall add_pcspkr+0x0/0x6c returned 0 after 315 usecs
[    7.824818] calling  start_periodic_check_for_corruption+0x0/0x30 @ 1
[    7.833278] check: Scanning for low memory corruption every 60 seconds
[    7.842035] initcall start_periodic_check_for_corruption+0x0/0x30 returned 0 after 8592 usecs
[    7.855891] calling  sysfb_init+0x0/0x9c @ 1
[    7.863061] initcall sysfb_init+0x0/0x9c returned 0 after 161 usecs
[    7.873295] calling  audit_classes_init+0x0/0xae @ 1
[    7.881497] initcall audit_classes_init+0x0/0xae returned 0 after 153 usecs
[    7.892817] calling  iosf_mbi_init+0x0/0x24 @ 1
[    7.900185] initcall iosf_mbi_init+0x0/0x24 returned 0 after 792 usecs
[    7.909293] calling  proc_execdomains_init+0x0/0x21 @ 1
[    7.916500] initcall proc_execdomains_init+0x0/0x21 returned 0 after 139 usecs
[    7.926373] calling  register_warn_debugfs+0x0/0x23 @ 1
[    7.933607] initcall register_warn_debugfs+0x0/0x23 returned 0 after 83 usecs
[    7.943777] calling  cpuhp_sysfs_init+0x0/0x79 @ 1
[    7.950662] initcall cpuhp_sysfs_init+0x0/0x79 returned 0 after 306 usecs
[    7.960714] calling  ioresources_init+0x0/0x49 @ 1
[    7.968938] initcall ioresources_init+0x0/0x49 returned 0 after 74 usecs
[    7.980294] calling  snapshot_device_init+0x0/0xc @ 1
[    7.989631] initcall snapshot_device_init+0x0/0xc returned 0 after 821 usecs
[    7.999338] calling  irq_pm_init_ops+0x0/0x13 @ 1
[    8.006050] initcall irq_pm_init_ops+0x0/0x13 returned 0 after 19 usecs
[    8.015185] calling  rcu_torture_init+0x0/0x9a6 @ 1
[    8.022322] rcu-torture:--- Start of test: nreaders=15 nfakewriters=4 stat_interval=15 verbose=1 test_no_idle_hz=1 shuffle_interval=3 stutter=5 irqreader=1 fqs_duration=0 fqs_holdoff=0 fqs_stutter=3 test_boost=1/0 test_boost_interval=7 test_boost_duration=4 shutdown_secs=1800 stall_cpu=0 stall_cpu_holdoff=10 stall_cpu_irqsoff=0 stall_cpu_block=0 n_barrier_cbs=4 onoff_interval=200 onoff_holdoff=30 read_exit_delay=13 read_exit_burst=16
[    8.076270] rcu:  Start-test grace-period state: g-908 f0x0
[    8.085684] rcu-torture: Creating rcu_torture_writer task
[    8.097386] rcu-torture: Creating rcu_torture_fakewriter task
[    8.097629] rcu-torture: rcu_torture_writer task started
[    8.106521] rcu-torture: Creating rcu_torture_fakewriter task
[    8.106576] rcu-torture: rcu_torture_fakewriter task started
[    8.113560] rcu-torture: GP expediting controlled from boot/sysfs for rcu.
[    8.123350] rcu-torture: Creating rcu_torture_fakewriter task
[    8.123384] rcu-torture: rcu_torture_fakewriter task started
[    8.130132] rcu_torture_writer: Testing conditional GPs.
[    8.140561] rcu-torture: Creating rcu_torture_fakewriter task
[    8.140606] rcu-torture: rcu_torture_fakewriter task started
[    8.148195] rcu_torture_writer: Testing expedited GPs.
[    8.158407] rcu-torture: Creating rcu_torture_reader task
[    8.158456] rcu-torture: rcu_torture_fakewriter task started
[    8.165398] rcu_torture_writer: Testing asynchronous GPs.
[    8.177394] rcu-torture: Creating rcu_torture_reader task
[    8.177437] rcu-torture: rcu_torture_reader task started
[    8.186540] rcu_torture_writer: Testing normal GPs.
[    8.198026] rcu-torture: Creating rcu_torture_reader task
[    8.198085] rcu-torture: rcu_torture_reader task started
[    8.255923] rcu-torture: Creating rcu_torture_reader task
[    8.255994] rcu-torture: rcu_torture_reader task started
[    8.265722] rcu-torture: Creating rcu_torture_reader task
[    8.265884] rcu-torture: rcu_torture_reader task started
[    8.288278] rcu-torture: Creating rcu_torture_reader task
[    8.288294] rcu-torture: rcu_torture_reader task started
[    8.298305] rcu-torture: Creating rcu_torture_reader task
[    8.298387] rcu-torture: rcu_torture_reader task started
[    8.342351] rcu-torture: Creating rcu_torture_reader task
[    8.342444] rcu-torture: rcu_torture_reader task started
[    8.355115] rcu-torture: Creating rcu_torture_reader task
[    8.355350] rcu-torture: rcu_torture_reader task started
[    8.379331] rcu-torture: Creating rcu_torture_reader task
[    8.379356] rcu-torture: rcu_torture_reader task started
[    8.388287] rcu-torture: Creating rcu_torture_reader task
[    8.388310] rcu-torture: rcu_torture_reader task started
[    8.412176] rcu-torture: Creating rcu_torture_reader task
[    8.412363] rcu-torture: rcu_torture_reader task started
[    8.423787] rcu-torture: rcu_torture_reader task started
[    8.423833] rcu-torture: Creating rcu_torture_reader task
[    8.425334] rcu-torture: Creating rcu_torture_reader task
[    8.425351] rcu-torture: rcu_torture_reader task started
[    8.428525] rcu-torture: Creating rcu_torture_reader task
[    8.428733] rcu-torture: rcu_torture_reader task started
[    8.478481] rcu-torture: Creating rcu_torture_stats task
[    8.478507] rcu-torture: rcu_torture_reader task started
[    8.488310] rcu-torture: Creating torture_shuffle task
[    8.488313] rcu-torture: rcu_torture_stats task started
[    8.515473] rcu-torture: Creating torture_stutter task
[    8.515535] rcu-torture: torture_shuffle task started
[    8.525934] rcu-torture: Creating torture_shutdown task
[    8.525980] rcu-torture: torture_stutter task started
[    8.553145] rcu-torture: torture_shutdown task started
[    8.553462] rcu-torture: Creating torture_onoff task
[    8.561144] rcu-torture:torture_shutdown task: 1799964 ms remaining
[    8.574265] rcu-torture: torture_onoff task started
[    8.574299] rcu-torture: Creating rcu_torture_fwd_prog task
[    8.576249] rcu-torture: Creating rcu_torture_barrier_cbs task
[    8.576279] rcu-torture: rcu_torture_fwd_progress task started
[    8.578036] rcu-torture: rcu_torture_barrier_cbs task started
[    8.578211] rcu-torture: Creating rcu_torture_barrier_cbs task
[    8.580433] rcu-torture: Creating rcu_torture_barrier_cbs task
[    8.580479] rcu-torture: rcu_torture_barrier_cbs task started
[    8.586353] rcu-torture: torture_onoff begin holdoff
[    8.598310] rcu-torture: rcu_torture_barrier_cbs task started
[    8.598315] rcu-torture: Creating rcu_torture_barrier_cbs task
[    8.602673] rcu-torture: Creating rcu_torture_barrier task
[    8.602925] rcu-torture: rcu_torture_barrier_cbs task started
[    8.607219] rcu-torture: Creating rcu_torture_read_exit task
[    8.607282] rcu-torture: rcu_torture_barrier task starting
[    8.715182] rcu-torture: rcu_torture_read_exit: Start of test
[    8.715225] initcall rcu_torture_init+0x0/0x9a6 returned 0 after 676754 usecs
[    8.733253] rcu_torture_rea (211) used greatest stack depth: 15120 bytes left
[    8.738453] calling  timekeeping_init_ops+0x0/0x13 @ 1
[    8.758186] initcall timekeeping_init_ops+0x0/0x13 returned 0 after 207 usecs
[    8.768298] calling  init_clocksource_sysfs+0x0/0x23 @ 1
[    8.776682] initcall init_clocksource_sysfs+0x0/0x23 returned 0 after 1059 usecs
[    8.787117] calling  init_timer_list_procfs+0x0/0x31 @ 1
[    8.796132] initcall init_timer_list_procfs+0x0/0x31 returned 0 after 1086 usecs
[    8.808627] calling  alarmtimer_init+0x0/0xc7 @ 1
[    8.817389] initcall alarmtimer_init+0x0/0xc7 returned 0 after 921 usecs
[    8.827601] calling  init_posix_timers+0x0/0x29 @ 1
[    8.834952] initcall init_posix_timers+0x0/0x29 returned 0 after 283 usecs
[    8.844982] calling  clockevents_init_sysfs+0x0/0xbf @ 1
[    8.856345] initcall clockevents_init_sysfs+0x0/0xbf returned 0 after 3399 usecs
[    8.868097] calling  proc_dma_init+0x0/0x21 @ 1
[    8.875007] initcall proc_dma_init+0x0/0x21 returned 0 after 28 usecs
[    8.884452] calling  proc_modules_init+0x0/0x1e @ 1
[    8.891816] initcall proc_modules_init+0x0/0x1e returned 0 after 5 usecs
[    8.902092] calling  kallsyms_init+0x0/0x21 @ 1
[    8.909079] initcall kallsyms_init+0x0/0x21 returned 0 after 5 usecs
[    8.918244] calling  pid_namespaces_init+0x0/0x2c @ 1
[    8.927536] initcall pid_namespaces_init+0x0/0x2c returned 0 after 722 usecs
[    8.937722] calling  audit_watch_init+0x0/0x37 @ 1
[    8.944571] initcall audit_watch_init+0x0/0x37 returned 0 after 2 usecs
[    8.954303] calling  audit_fsnotify_init+0x0/0x37 @ 1
[    8.962244] initcall audit_fsnotify_init+0x0/0x37 returned 0 after 7 usecs
[    8.972593] calling  audit_tree_init+0x0/0x6d @ 1
[    8.980073] initcall audit_tree_init+0x0/0x6d returned 0 after 11 usecs
[    8.989684] calling  seccomp_sysctl_init+0x0/0x2b @ 1
[    8.997130] initcall seccomp_sysctl_init+0x0/0x2b returned 0 after 34 usecs
[    9.007313] calling  utsname_sysctl_init+0x0/0x13 @ 1
[    9.015139] initcall utsname_sysctl_init+0x0/0x13 returned 0 after 204 usecs
[    9.027097] calling  init_tracepoints+0x0/0x27 @ 1
[    9.035555] initcall init_tracepoints+0x0/0x27 returned 0 after 266 usecs
[    9.047238] calling  init_blk_tracer+0x0/0x50 @ 1
[    9.056612] initcall init_blk_tracer+0x0/0x50 returned 0 after 1988 usecs
[    9.066983] calling  perf_event_sysfs_init+0x0/0x81 @ 1
[    9.076374] initcall perf_event_sysfs_init+0x0/0x81 returned 0 after 1068 usecs
[    9.087871] calling  system_trusted_keyring_init+0x0/0x60 @ 1
[    9.096411] Initialise system trusted keyrings
[    9.103468] initcall system_trusted_keyring_init+0x0/0x60 returned 0 after 6893 usecs
[    9.115323] calling  kswapd_init+0x0/0x5c @ 1
[    9.125042] initcall kswapd_init+0x0/0x5c returned 0 after 2810 usecs
[    9.134613] calling  extfrag_debug_init+0x0/0x54 @ 1
[    9.142261] initcall extfrag_debug_init+0x0/0x54 returned 0 after 18 usecs
[    9.152529] calling  mm_compute_batch_init+0x0/0x12 @ 1
[    9.160480] initcall mm_compute_batch_init+0x0/0x12 returned 0 after 6 usecs
[    9.170415] calling  slab_proc_init+0x0/0x21 @ 1
[    9.177414] initcall slab_proc_init+0x0/0x21 returned 0 after 54 usecs
[    9.187258] calling  workingset_init+0x0/0x8c @ 1
[    9.194451] workingset: timestamp_bits=56 max_order=17 bucket_order=0
[    9.204839] initcall workingset_init+0x0/0x8c returned 0 after 10226 usecs
[    9.214805] calling  proc_vmalloc_init+0x0/0x32 @ 1
[    9.221902] initcall proc_vmalloc_init+0x0/0x32 returned 0 after 8 usecs
[    9.231496] calling  procswaps_init+0x0/0x1e @ 1
[    9.239292] initcall procswaps_init+0x0/0x1e returned 0 after 193 usecs
[    9.249181] calling  slab_sysfs_init+0x0/0xea @ 1
[    9.265494] initcall slab_sysfs_init+0x0/0xea returned 0 after 8851 usecs
[    9.276627] calling  fcntl_init+0x0/0x29 @ 1
[    9.283631] initcall fcntl_init+0x0/0x29 returned 0 after 10 usecs
[    9.293529] calling  proc_filesystems_init+0x0/0x21 @ 1
[    9.300972] initcall proc_filesystems_init+0x0/0x21 returned 0 after 135 usecs
[    9.310710] calling  start_dirtytime_writeback+0x0/0x29 @ 1
[    9.318789] initcall start_dirtytime_writeback+0x0/0x29 returned 0 after 2 usecs
[    9.330936] calling  blkdev_init+0x0/0x1b @ 1
[    9.337864] initcall blkdev_init+0x0/0x1b returned 0 after 821 usecs
[    9.346399] calling  dio_init+0x0/0x2c @ 1
[    9.352587] initcall dio_init+0x0/0x2c returned 0 after 639 usecs
[    9.361082] calling  dnotify_init+0x0/0x78 @ 1
[    9.367126] initcall dnotify_init+0x0/0x78 returned 0 after 14 usecs
[    9.376156] calling  aio_setup+0x0/0x78 @ 1
[    9.383317] initcall aio_setup+0x0/0x78 returned 0 after 1101 usecs
[    9.392131] calling  io_uring_init+0x0/0x2c @ 1
[    9.398401] initcall io_uring_init+0x0/0x2c returned 0 after 178 usecs
[    9.407604] calling  mbcache_init+0x0/0x30 @ 1
[    9.414042] initcall mbcache_init+0x0/0x30 returned 0 after 91 usecs
[    9.422725] calling  init_grace+0x0/0xc @ 1
[    9.429346] initcall init_grace+0x0/0xc returned 0 after 95 usecs
[    9.438263] calling  init_v2_quota_format+0x0/0x21 @ 1
[    9.445731] initcall init_v2_quota_format+0x0/0x21 returned 0 after 18 usecs
[    9.455870] calling  init_devpts_fs+0x0/0x27 @ 1
[    9.464083] initcall init_devpts_fs+0x0/0x27 returned 0 after 410 usecs
[    9.473517] calling  ext4_init_fs+0x0/0x1d0 @ 1
[    9.480549] initcall ext4_init_fs+0x0/0x1d0 returned 0 after 545 usecs
[    9.489991] calling  journal_init+0x0/0x11c @ 1
[    9.497235] initcall journal_init+0x0/0x11c returned 0 after 128 usecs
[    9.506791] calling  init_fat_fs+0x0/0x49 @ 1
[    9.514170] initcall init_fat_fs+0x0/0x49 returned 0 after 318 usecs
[    9.523660] calling  init_vfat_fs+0x0/0xc @ 1
[    9.530069] initcall init_vfat_fs+0x0/0xc returned 0 after 106 usecs
[    9.539448] calling  init_msdos_fs+0x0/0xc @ 1
[    9.546239] initcall init_msdos_fs+0x0/0xc returned 0 after 5 usecs
[    9.555458] calling  init_iso9660_fs+0x0/0x6c @ 1
[    9.562961] initcall init_iso9660_fs+0x0/0x6c returned 0 after 136 usecs
[    9.572996] calling  init_nfs_fs+0x0/0x13a @ 1
[    9.584631] initcall init_nfs_fs+0x0/0x13a returned 0 after 4920 usecs
[    9.594467] calling  init_nfs_v2+0x0/0x13 @ 1
[    9.600850] initcall init_nfs_v2+0x0/0x13 returned 0 after 36 usecs
[    9.610042] calling  init_nfs_v3+0x0/0x13 @ 1
[    9.616321] initcall init_nfs_v3+0x0/0x13 returned 0 after 1 usecs
[    9.625870] calling  init_nfs_v4+0x0/0x32 @ 1
[    9.633082] NFS: Registering the id_resolver key type
[    9.640942] Key type id_resolver registered
[    9.647828] Key type id_legacy registered
[    9.654764] initcall init_nfs_v4+0x0/0x32 returned 0 after 21181 usecs
[    9.664980] calling  init_nlm+0x0/0x5b @ 1
[    9.672300] initcall init_nlm+0x0/0x5b returned 0 after 1406 usecs
[    9.681294] calling  init_nls_cp437+0x0/0xe @ 1
[    9.688073] initcall init_nls_cp437+0x0/0xe returned 0 after 142 usecs
[    9.697345] calling  init_nls_ascii+0x0/0xe @ 1
[    9.703467] initcall init_nls_ascii+0x0/0xe returned 0 after 1 usecs
[    9.712475] calling  init_nls_iso8859_1+0x0/0xe @ 1
[    9.719435] initcall init_nls_iso8859_1+0x0/0xe returned 0 after 1 usecs
[    9.729125] calling  init_nls_utf8+0x0/0x21 @ 1
[    9.735426] initcall init_nls_utf8+0x0/0x21 returned 0 after 1 usecs
[    9.744499] calling  init_autofs_fs+0x0/0x25 @ 1
[    9.753386] initcall init_autofs_fs+0x0/0x25 returned 0 after 2143 usecs
[    9.764353] calling  ipc_init+0x0/0x24 @ 1
[    9.771578] initcall ipc_init+0x0/0x24 returned 0 after 592 usecs
[    9.781068] calling  ipc_sysctl_init+0x0/0x13 @ 1
[    9.789142] initcall ipc_sysctl_init+0x0/0x13 returned 0 after 610 usecs
[    9.800104] calling  init_mqueue_fs+0x0/0x9a @ 1
[    9.810957] initcall init_mqueue_fs+0x0/0x9a returned 0 after 3117 usecs
[    9.823253] calling  key_proc_init+0x0/0x63 @ 1
[    9.831762] initcall key_proc_init+0x0/0x63 returned 0 after 6 usecs
[    9.843922] calling  selinux_nf_ip_init+0x0/0x2e @ 1
[    9.853095] initcall selinux_nf_ip_init+0x0/0x2e returned 0 after 201 usecs
[    9.865518] calling  init_sel_fs+0x0/0x116 @ 1
[    9.872167] initcall init_sel_fs+0x0/0x116 returned 0 after 1 usecs
[    9.882434] calling  selnl_init+0x0/0x7c @ 1
[    9.892517] initcall selnl_init+0x0/0x7c returned 0 after 2746 usecs
[    9.904249] calling  sel_netif_init+0x0/0x36 @ 1
[    9.913550] initcall sel_netif_init+0x0/0x36 returned 0 after 0 usecs
[    9.925892] calling  sel_netnode_init+0x0/0x33 @ 1
[    9.935206] initcall sel_netnode_init+0x0/0x33 returned 0 after 291 usecs
[    9.948037] calling  sel_netport_init+0x0/0x33 @ 1
[    9.957165] initcall sel_netport_init+0x0/0x33 returned 0 after 508 usecs
[    9.967612] calling  aurule_init+0x0/0x2a @ 1
[    9.974309] initcall aurule_init+0x0/0x2a returned 0 after 2 usecs
[    9.983718] calling  crypto_algapi_init+0x0/0xc @ 1
[    9.991629] initcall crypto_algapi_init+0x0/0xc returned 0 after 75 usecs
[   10.002606] calling  jent_mod_init+0x0/0x2d @ 1
[   10.025266] initcall jent_mod_init+0x0/0x2d returned 0 after 15888 usecs
[   10.035629] calling  asymmetric_key_init+0x0/0xc @ 1
[   10.043180] Key type asymmetric registered
[   10.050426] initcall asymmetric_key_init+0x0/0xc returned 0 after 7076 usecs
[   10.062243] calling  x509_key_init+0x0/0xc @ 1
[   10.070034] Asymmetric key parser 'x509' registered
[   10.078323] initcall x509_key_init+0x0/0xc returned 0 after 8190 usecs
[   10.087833] calling  proc_genhd_init+0x0/0x41 @ 1
[   10.095240] initcall proc_genhd_init+0x0/0x41 returned 0 after 623 usecs
[   10.105881] calling  bsg_init+0x0/0x113 @ 1
[   10.112618] Block layer SCSI generic (bsg) driver version 0.4 loaded (major 251)
[   10.123600] initcall bsg_init+0x0/0x113 returned 0 after 10902 usecs
[   10.133605] calling  deadline_init+0x0/0xc @ 1
[   10.140917] io scheduler mq-deadline registered
[   10.147656] initcall deadline_init+0x0/0xc returned 0 after 6898 usecs
[   10.157371] calling  kyber_init+0x0/0xc @ 1
[   10.164010] io scheduler kyber registered
[   10.170289] initcall kyber_init+0x0/0xc returned 0 after 6273 usecs
[   10.179826] calling  mod_init+0x0/0x7 @ 1
[   10.185570] initcall mod_init+0x0/0x7 returned 0 after 0 usecs
[   10.194207] calling  percpu_counter_startup+0x0/0x55 @ 1
[   10.223516] initcall percpu_counter_startup+0x0/0x55 returned 0 after 20397 usecs
[   10.234327] calling  sg_pool_init+0x0/0xb4 @ 1
[   10.274146] initcall sg_pool_init+0x0/0xb4 returned 0 after 32945 usecs
[   10.285302] calling  pcie_portdrv_init+0x0/0x39 @ 1
[   10.293909] initcall pcie_portdrv_init+0x0/0x39 returned 0 after 274 usecs
[   10.303714] calling  pci_proc_init+0x0/0x68 @ 1
[   10.310519] initcall pci_proc_init+0x0/0x68 returned 0 after 96 usecs
[   10.319727] calling  pci_hotplug_init+0x0/0x7 @ 1
[   10.326948] initcall pci_hotplug_init+0x0/0x7 returned 0 after 0 usecs
[   10.336320] calling  efifb_driver_init+0x0/0xe @ 1
[   10.343547] initcall efifb_driver_init+0x0/0xe returned 0 after 27 usecs
[   10.353858] calling  ged_driver_init+0x0/0xe @ 1
[   10.362175] initcall ged_driver_init+0x0/0xe returned 0 after 598 usecs
[   10.371797] calling  acpi_ac_init+0x0/0x92 @ 1
[   10.379816] initcall acpi_ac_init+0x0/0x92 returned 0 after 1437 usecs
[   10.389405] calling  acpi_button_driver_init+0x0/0x52 @ 1
[   10.399397] input: Power Button as /devices/LNXSYSTM:00/LNXPWRBN:00/input/input0
[   10.412890] ACPI: Power Button [PWRF]
[   10.421151] initcall acpi_button_driver_init+0x0/0x52 returned 0 after 23356 usecs
[   10.434150] calling  acpi_fan_driver_init+0x0/0xe @ 1
[   10.442347] initcall acpi_fan_driver_init+0x0/0xe returned 0 after 33 usecs
[   10.453789] calling  acpi_video_init+0x0/0xcb @ 1
[   10.462200] initcall acpi_video_init+0x0/0xcb returned 0 after 147 usecs
[   10.473637] calling  acpi_processor_driver_init+0x0/0xad @ 1
[   10.488687] initcall acpi_processor_driver_init+0x0/0xad returned 0 after 5080 usecs
[   10.503223] calling  acpi_thermal_init+0x0/0x71 @ 1
[   10.521463] initcall acpi_thermal_init+0x0/0x71 returned 0 after 9745 usecs
[   10.532895] calling  acpi_battery_init+0x0/0x32 @ 1
[   10.541459] initcall acpi_battery_init+0x0/0x32 returned 0 after 1050 usecs
[   10.553217] calling  bgrt_init+0x0/0xb6 @ 1
[   10.559992] initcall bgrt_init+0x0/0xb6 returned -19 after 272 usecs
[   10.569767] calling  gpio_clk_driver_init+0x0/0xe @ 1
[   10.577126] initcall gpio_clk_driver_init+0x0/0xe returned 0 after 253 usecs
[   10.586949] calling  plt_clk_driver_init+0x0/0xe @ 1
[   10.593941] initcall plt_clk_driver_init+0x0/0xe returned 0 after 26 usecs
[   10.603828] calling  virtio_pci_driver_init+0x0/0x15 @ 1
[   10.613998] initcall virtio_pci_driver_init+0x0/0x15 returned 0 after 537 usecs
[   10.624567] calling  n_null_init+0x0/0x1e @ 1
[   10.631457] initcall n_null_init+0x0/0x1e returned 0 after 105 usecs
[   10.641140] calling  pty_init+0x0/0x1e8 @ 1
[   10.650375] initcall pty_init+0x0/0x1e8 returned 0 after 2817 usecs
[   10.659686] calling  sysrq_init+0x0/0x62 @ 1
[   10.709800] initcall sysrq_init+0x0/0x62 returned 0 after 7101 usecs
[   10.723511] calling  serial8250_init+0x0/0x17e @ 1
[   10.732651] Serial: 8250/16550 driver, 4 ports, IRQ sharing enabled
[   10.765060] 00:03: ttyS0 at I/O 0x3f8 (irq = 4, base_baud = 115200) is a 16550A
[   10.826241] initcall serial8250_init+0x0/0x17e returned 0 after 91627 usecs
[   10.838299] calling  serial_pci_driver_init+0x0/0x15 @ 1
[   10.850678] initcall serial_pci_driver_init+0x0/0x15 returned 0 after 2750 usecs
[   10.865108] calling  exar_pci_driver_init+0x0/0x15 @ 1
[   10.873030] initcall exar_pci_driver_init+0x0/0x15 returned 0 after 47 usecs
[   10.883591] calling  lpss8250_pci_driver_init+0x0/0x15 @ 1
[   10.892569] initcall lpss8250_pci_driver_init+0x0/0x15 returned 0 after 33 usecs
[   10.905213] calling  mid8250_pci_driver_init+0x0/0x15 @ 1
[   10.914488] initcall mid8250_pci_driver_init+0x0/0x15 returned 0 after 1433 usecs
[   10.925915] calling  virtio_console_init+0x0/0xff @ 1
[   10.937617] initcall virtio_console_init+0x0/0xff returned 0 after 4143 usecs
[   10.947846] calling  hpet_init+0x0/0x64 @ 1
[   10.977676] initcall hpet_init+0x0/0x64 returned 0 after 23267 usecs
[   10.988933] calling  nvram_module_init+0x0/0x83 @ 1
[   11.001900] Non-volatile memory driver v1.3
[   11.010165] initcall nvram_module_init+0x0/0x83 returned 0 after 12424 usecs
[   11.021855] calling  hwrng_modinit+0x0/0x8a @ 1
[   11.033118] initcall hwrng_modinit+0x0/0x8a returned 0 after 3396 usecs
[   11.050162] calling  mod_init+0x0/0x48 @ 1
[   11.058314] initcall mod_init+0x0/0x48 returned -19 after 187 usecs
[   11.069495] calling  agp_init+0x0/0x23 @ 1
[   11.076866] Linux agpgart interface v0.103
[   11.084326] initcall agp_init+0x0/0x23 returned 0 after 7282 usecs
[   11.095956] calling  agp_amd64_mod_init+0x0/0x5 @ 1
[   11.105027] initcall agp_amd64_mod_init+0x0/0x5 returned -19 after 1405 usecs
[   11.117066] calling  agp_intel_init+0x0/0x28 @ 1
[   11.129669] initcall agp_intel_init+0x0/0x28 returned 0 after 4590 usecs
[   11.140393] calling  drm_kms_helper_init+0x0/0x7 @ 1
[   11.148460] initcall drm_kms_helper_init+0x0/0x7 returned 0 after 60 usecs
[   11.159929] calling  drm_core_init+0x0/0xa4 @ 1
[   11.168956] initcall drm_core_init+0x0/0xa4 returned 0 after 1505 usecs
[   11.179133] calling  i915_init+0x0/0x6b @ 1
[   11.197744] initcall i915_init+0x0/0x6b returned 0 after 11468 usecs
[   11.207814] calling  cn_proc_init+0x0/0x35 @ 1
[   11.215438] initcall cn_proc_init+0x0/0x35 returned 0 after 3 usecs
[   11.225735] calling  topology_sysfs_init+0x0/0x27 @ 1
[   11.240116] initcall topology_sysfs_init+0x0/0x27 returned 0 after 6724 usecs
[   11.252586] calling  cacheinfo_sysfs_init+0x0/0x27 @ 1
[   11.313617] initcall cacheinfo_sysfs_init+0x0/0x27 returned 0 after 50752 usecs
[   11.323115] calling  loop_init+0x0/0x168 @ 1
[   11.485354] loop: module loaded
[   11.490830] initcall loop_init+0x0/0x168 returned 0 after 158102 usecs
[   11.501778] calling  mac_hid_init+0x0/0x21 @ 1
[   11.509390] initcall mac_hid_init+0x0/0x21 returned 0 after 119 usecs
[   11.519814] calling  spi_transport_init+0x0/0x74 @ 1
[   11.528617] initcall spi_transport_init+0x0/0x74 returned 0 after 406 usecs
[   11.540148] calling  init_sd+0x0/0x18c @ 1
[   11.548134] initcall init_sd+0x0/0x18c returned 0 after 355 usecs
[   11.559220] calling  init_sr+0x0/0x43 @ 1
[   11.566141] initcall init_sr+0x0/0x43 returned 0 after 81 usecs
[   11.581081] calling  init_sg+0x0/0x1c0 @ 1
[   11.588195] initcall init_sg+0x0/0x1c0 returned 0 after 559 usecs
[   11.598425] calling  ahci_pci_driver_init+0x0/0x15 @ 1
[   11.612920] ahci 0000:00:1f.2: version 3.0
[   11.627652] PCI Interrupt Link [GSIA] enabled at IRQ 16
[   11.659434] ahci 0000:00:1f.2: AHCI 0001.0000 32 slots 6 ports 1.5 Gbps 0x3f impl SATA mode
[   11.675547] ahci 0000:00:1f.2: flags: 64bit ncq only 
[   11.704118] scsi host0: ahci
[   11.714144] scsi host1: ahci
[   11.738305] scsi host2: ahci
[   11.747402] scsi host3: ahci
[   11.756712] scsi host4: ahci
[   11.780905] scsi host5: ahci
[   11.786241] ata1: SATA max UDMA/133 abar m4096@0xfebf1000 port 0xfebf1100 irq 24
[   11.797267] ata2: SATA max UDMA/133 abar m4096@0xfebf1000 port 0xfebf1180 irq 24
[   11.808459] ata3: SATA max UDMA/133 abar m4096@0xfebf1000 port 0xfebf1200 irq 24
[   11.825565] ata4: SATA max UDMA/133 abar m4096@0xfebf1000 port 0xfebf1280 irq 24
[   11.836522] ata5: SATA max UDMA/133 abar m4096@0xfebf1000 port 0xfebf1300 irq 24
[   11.847094] ata6: SATA max UDMA/133 abar m4096@0xfebf1000 port 0xfebf1380 irq 24
[   11.859375] initcall ahci_pci_driver_init+0x0/0x15 returned 0 after 246844 usecs
[   11.872650] calling  piix_init+0x0/0x26 @ 1
[   11.879305] initcall piix_init+0x0/0x26 returned 0 after 44 usecs
[   11.890861] calling  amd_pci_driver_init+0x0/0x15 @ 1
[   11.898835] initcall amd_pci_driver_init+0x0/0x15 returned 0 after 61 usecs
[   11.910013] calling  oldpiix_pci_driver_init+0x0/0x15 @ 1
[   11.919120] initcall oldpiix_pci_driver_init+0x0/0x15 returned 0 after 50 usecs
[   11.931274] calling  sch_pci_driver_init+0x0/0x15 @ 1
[   11.939548] initcall sch_pci_driver_init+0x0/0x15 returned 0 after 64 usecs
[   11.954696] calling  net_olddevs_init+0x0/0x55 @ 1
[   11.963461] initcall net_olddevs_init+0x0/0x55 returned 0 after 403 usecs
[   11.978622] calling  blackhole_netdev_init+0x0/0x78 @ 1
[   11.989283] initcall blackhole_netdev_init+0x0/0x78 returned 0 after 404 usecs
[   12.013416] calling  phy_module_init+0x0/0x13 @ 1
[   12.021253] initcall phy_module_init+0x0/0x13 returned 0 after 434 usecs
[   12.032847] calling  tg3_driver_init+0x0/0x15 @ 1
[   12.041255] initcall tg3_driver_init+0x0/0x15 returned 0 after 31 usecs
[   12.052216] calling  e100_init_module+0x0/0x4c @ 1
[   12.064147] e100: Intel(R) PRO/100 Network Driver
[   12.071908] e100: Copyright(c) 1999-2006 Intel Corporation
[   12.080940] initcall e100_init_module+0x0/0x4c returned 0 after 16449 usecs
[   12.092284] calling  e1000_init_module+0x0/0x72 @ 1
[   12.100381] e1000: Intel(R) PRO/1000 Network Driver
[   12.108226] e1000: Copyright (c) 1999-2006 Intel Corporation.
[   12.117252] initcall e1000_init_module+0x0/0x72 returned 0 after 16555 usecs
[   12.130518] calling  e1000_init_module+0x0/0x2d @ 1
[   12.139586] e1000e: Intel(R) PRO/1000 Network Driver
[   12.147419] e1000e: Copyright(c) 1999 - 2015 Intel Corporation.
[   12.161927] initcall e1000_init_module+0x0/0x2d returned 0 after 21844 usecs
[   12.174031] calling  sky2_init_module+0x0/0x21 @ 1
[   12.177291] ata3: SATA link up 1.5 Gbps (SStatus 113 SControl 300)
[   12.185298] sky2: driver version 1.30
[   12.202979] ata3.00: ATAPI: QEMU DVD-ROM, 2.5+, max UDMA/100
[   12.206230] initcall sky2_init_module+0x0/0x21 returned 0 after 20436 usecs
[   12.206234] calling  forcedeth_pci_driver_init+0x0/0x15 @ 1
[   12.206249] initcall forcedeth_pci_driver_init+0x0/0x15 returned 0 after 12 usecs
[   12.206270] calling  rtl8139_init_module+0x0/0x15 @ 1
[   12.206282] initcall rtl8139_init_module+0x0/0x15 returned 0 after 9 usecs
[   12.206285] calling  rtl8169_pci_driver_init+0x0/0x15 @ 1
[   12.206313] initcall rtl8169_pci_driver_init+0x0/0x15 returned 0 after 24 usecs
[   12.206315] calling  cdrom_init+0x0/0xc @ 1
[   12.206343] initcall cdrom_init+0x0/0xc returned 0 after 25 usecs
[   12.206345] calling  nonstatic_sysfs_init+0x0/0xc @ 1
[   12.206384] initcall nonstatic_sysfs_init+0x0/0xc returned 0 after 35 usecs
[   12.206386] calling  yenta_cardbus_driver_init+0x0/0x15 @ 1
[   12.206482] initcall yenta_cardbus_driver_init+0x0/0x15 returned 0 after 91 usecs
[   12.206485] calling  mon_init+0x0/0x12d @ 1
[   12.208479] initcall mon_init+0x0/0x12d returned 0 after 1942 usecs
[   12.220952] ata3.00: applying bridge limits
[   12.222922] ata5: SATA link down (SStatus 0 SControl 300)
[   12.234307] calling  ehci_hcd_init+0x0/0x56 @ 1
[   12.251623] ata1: SATA link down (SStatus 0 SControl 300)
[   12.260042] ehci_hcd: USB 2.0 'Enhanced' Host Controller (EHCI) Driver
[   12.270328] ata4: SATA link down (SStatus 0 SControl 300)
[   12.278553] initcall ehci_hcd_init+0x0/0x56 returned 0 after 18120 usecs
[   12.288961] ata2: SATA link down (SStatus 0 SControl 300)
[   12.297415] calling  ehci_pci_init+0x0/0x64 @ 1
[   12.309193] ata6: SATA link down (SStatus 0 SControl 300)
[   12.313127] ehci-pci: EHCI PCI platform driver
[   12.327019] ata3.00: configured for UDMA/100
[   12.334157] initcall ehci_pci_init+0x0/0x64 returned 0 after 20562 usecs
[   12.349657] scsi 2:0:0:0: CD-ROM            QEMU     QEMU DVD-ROM     2.5+ PQ: 0 ANSI: 5
[   12.352974] calling  ohci_hcd_mod_init+0x0/0x4e @ 1
[   12.493907] ohci_hcd: USB 1.1 'Open' Host Controller (OHCI) Driver
[   12.503618] initcall ohci_hcd_mod_init+0x0/0x4e returned 0 after 9501 usecs
[   12.514228] calling  ohci_pci_init+0x0/0x64 @ 1
[   12.518195] sr 2:0:0:0: [sr0] scsi3-mmc drive: 4x/4x cd/rw xa/form2 tray
[   12.521257] ohci-pci: OHCI PCI platform driver
[   12.530208] cdrom: Uniform CD-ROM driver Revision: 3.20
[   12.536976] initcall ohci_pci_init+0x0/0x64 returned 0 after 15331 usecs
[   12.554345] calling  uhci_hcd_init+0x0/0xa8 @ 1
[   12.561312] uhci_hcd: USB Universal Host Controller Interface driver
[   12.569946] initcall uhci_hcd_init+0x0/0xa8 returned 0 after 8427 usecs
[   12.579335] calling  xhci_hcd_init+0x0/0x1e @ 1
[   12.586220] initcall xhci_hcd_init+0x0/0x1e returned 0 after 65 usecs
[   12.596033] calling  xhci_pci_init+0x0/0x49 @ 1
[   12.603192] initcall xhci_pci_init+0x0/0x49 returned 0 after 123 usecs
[   12.612079] sr 2:0:0:0: Attached scsi CD-ROM sr0
[   12.613212] calling  usblp_driver_init+0x0/0x15 @ 1
[   12.621969] sr 2:0:0:0: Attached scsi generic sg0 type 5
[   12.628566] usbcore: registered new interface driver usblp
[   12.642753] initcall usblp_driver_init+0x0/0x15 returned 0 after 15362 usecs
[   12.657793] calling  usb_storage_driver_init+0x0/0x2a @ 1
[   12.666486] usbcore: registered new interface driver usb-storage
[   12.675243] initcall usb_storage_driver_init+0x0/0x2a returned 0 after 8634 usecs
[   12.687720] calling  i8042_init+0x0/0x4c2 @ 1
[   12.694041] i8042: PNP: PS/2 Controller [PNP0303:KBD,PNP0f13:MOU] at 0x60,0x64 irq 1,12
[   12.716043] serio: i8042 KBD port at 0x60,0x64 irq 1
[   12.724168] serio: i8042 AUX port at 0x60,0x64 irq 12
[   12.732033] initcall i8042_init+0x0/0x4c2 returned 0 after 37411 usecs
[   12.741493] calling  serport_init+0x0/0x2c @ 1
[   12.748619] initcall serport_init+0x0/0x2c returned 0 after 23 usecs
[   12.767879] calling  input_leds_init+0x0/0xc @ 1
[   12.775009] initcall input_leds_init+0x0/0xc returned 0 after 532 usecs
[   12.784638] calling  evdev_init+0x0/0xc @ 1
[   12.794419] initcall evdev_init+0x0/0xc returned 0 after 3415 usecs
[   12.804425] calling  atkbd_init+0x0/0x21 @ 1
[   12.813261] initcall atkbd_init+0x0/0x21 returned 0 after 2738 usecs
[   12.822867] calling  psmouse_init+0x0/0x7f @ 1
[   12.840228] initcall psmouse_init+0x0/0x7f returned 0 after 1056 usecs
[   12.850204] calling  cmos_init+0x0/0x73 @ 1
[   12.857977] rtc_cmos 00:04: RTC can wake from S4
[   12.869611] input: AT Translated Set 2 keyboard as /devices/platform/i8042/serio0/input/input1
[   12.887173] rtc_cmos 00:04: registered as rtc0
[   12.893964] rtc_cmos 00:04: alarms up to one day, y3k, 242 bytes nvram, hpet irqs
[   12.907867] initcall cmos_init+0x0/0x73 returned 0 after 50220 usecs
[   12.927153] calling  smbalert_driver_init+0x0/0xe @ 1
[   12.945439] initcall smbalert_driver_init+0x0/0xe returned 0 after 315 usecs
[   12.958463] calling  i2c_i801_init+0x0/0xc5 @ 1
[   12.975213] i801_smbus 0000:00:1f.3: SMBus using PCI interrupt
[   12.985301] i2c i2c-0: 1/1 memory slots populated (from DMI)
[   12.993561] i2c i2c-0: Memory type 0x07 not supported yet, not instantiating SPD
[   13.009004] initcall i2c_i801_init+0x0/0xc5 returned 0 after 42844 usecs
[   13.019446] calling  ptp_kvm_init+0x0/0xf0 @ 1
[   13.032275] initcall ptp_kvm_init+0x0/0xf0 returned 0 after 6266 usecs
[   13.042359] calling  dm_init+0x0/0x3c @ 1
[   13.053505] device-mapper: ioctl: 4.43.0-ioctl (2020-10-01) initialised: dm-devel@redhat.com
[   13.065871] initcall dm_init+0x0/0x3c returned 0 after 16981 usecs
[   13.074499] calling  dm_mirror_init+0x0/0x29 @ 1
[   13.081182] initcall dm_mirror_init+0x0/0x29 returned 0 after 169 usecs
[   13.090832] calling  dm_dirty_log_init+0x0/0x4f @ 1
[   13.098016] initcall dm_dirty_log_init+0x0/0x4f returned 0 after 163 usecs
[   13.107454] calling  dm_zero_init+0x0/0x29 @ 1
[   13.114405] initcall dm_zero_init+0x0/0x29 returned 0 after 413 usecs
[   13.124113] calling  intel_pstate_init+0x0/0x50d @ 1
[   13.131550] intel_pstate: CPU model not supported
[   13.137920] initcall intel_pstate_init+0x0/0x50d returned -19 after 6233 usecs
[   13.147979] calling  haltpoll_init+0x0/0xc0 @ 1
[   13.153974] initcall haltpoll_init+0x0/0xc0 returned -19 after 31 usecs
[   13.163409] calling  efivars_sysfs_init+0x0/0x30 @ 1
[   13.170614] initcall efivars_sysfs_init+0x0/0x30 returned 0 after 39 usecs
[   13.180144] calling  esrt_sysfs_init+0x0/0x2a2 @ 1
[   13.187130] initcall esrt_sysfs_init+0x0/0x2a2 returned -38 after 26 usecs
[   13.196886] calling  hid_init+0x0/0x5c @ 1
[   13.203008] hid: raw HID events driver (C) Jiri Kosina
[   13.211064] initcall hid_init+0x0/0x5c returned 0 after 7991 usecs
[   13.220152] calling  hid_generic_init+0x0/0x15 @ 1
[   13.227696] initcall hid_generic_init+0x0/0x15 returned 0 after 185 usecs
[   13.239815] calling  a4_driver_init+0x0/0x15 @ 1
[   13.246955] initcall a4_driver_init+0x0/0x15 returned 0 after 416 usecs
[   13.257497] calling  apple_driver_init+0x0/0x15 @ 1
[   13.266152] initcall apple_driver_init+0x0/0x15 returned 0 after 829 usecs
[   13.280464] calling  belkin_driver_init+0x0/0x15 @ 1
[   13.289283] initcall belkin_driver_init+0x0/0x15 returned 0 after 405 usecs
[   13.315296] calling  ch_driver_init+0x0/0x15 @ 1
[   13.322113] initcall ch_driver_init+0x0/0x15 returned 0 after 25 usecs
[   13.344543] calling  ch_driver_init+0x0/0x15 @ 1
[   13.363207] initcall ch_driver_init+0x0/0x15 returned 0 after 275 usecs
[   13.373307] calling  cp_driver_init+0x0/0x15 @ 1
[   13.391658] initcall cp_driver_init+0x0/0x15 returned 0 after 231 usecs
[   13.411624] calling  ez_driver_init+0x0/0x15 @ 1
[   13.419174] initcall ez_driver_init+0x0/0x15 returned 0 after 772 usecs
[   13.428935] calling  gyration_driver_init+0x0/0x15 @ 1
[   13.436841] initcall gyration_driver_init+0x0/0x15 returned 0 after 285 usecs
[   13.447329] calling  ite_driver_init+0x0/0x15 @ 1
[   13.454125] initcall ite_driver_init+0x0/0x15 returned 0 after 23 usecs
[   13.463639] calling  ks_driver_init+0x0/0x15 @ 1
[   13.470515] initcall ks_driver_init+0x0/0x15 returned 0 after 27 usecs
[   13.480177] calling  lg_driver_init+0x0/0x15 @ 1
[   13.487157] initcall lg_driver_init+0x0/0x15 returned 0 after 57 usecs
[   13.496551] calling  lg_g15_driver_init+0x0/0x15 @ 1
[   13.503871] initcall lg_g15_driver_init+0x0/0x15 returned 0 after 41 usecs
[   13.513758] calling  ms_driver_init+0x0/0x15 @ 1
[   13.520866] initcall ms_driver_init+0x0/0x15 returned 0 after 31 usecs
[   13.530333] calling  mr_driver_init+0x0/0x15 @ 1
[   13.537007] initcall mr_driver_init+0x0/0x15 returned 0 after 24 usecs
[   13.546542] calling  ntrig_driver_init+0x0/0x15 @ 1
[   13.554042] initcall ntrig_driver_init+0x0/0x15 returned 0 after 24 usecs
[   13.563873] calling  pl_driver_init+0x0/0x15 @ 1
[   13.571598] initcall pl_driver_init+0x0/0x15 returned 0 after 192 usecs
[   13.581054] calling  pl_driver_init+0x0/0x15 @ 1
[   13.592224] initcall pl_driver_init+0x0/0x15 returned 0 after 173 usecs
[   13.602056] calling  redragon_driver_init+0x0/0x15 @ 1
[   13.612187] initcall redragon_driver_init+0x0/0x15 returned 0 after 1027 usecs
[   13.617022] rcu-torture: rcu_torture_read_exit: End of episode
[   13.622878] calling  samsung_driver_init+0x0/0x15 @ 1
[   13.639532] initcall samsung_driver_init+0x0/0x15 returned 0 after 322 usecs
[   13.650336] calling  sony_init+0x0/0x38 @ 1
[   13.656906] initcall sony_init+0x0/0x38 returned 0 after 36 usecs
[   13.666285] calling  sp_driver_init+0x0/0x15 @ 1
[   13.673427] initcall sp_driver_init+0x0/0x15 returned 0 after 30 usecs
[   13.683514] calling  ts_driver_init+0x0/0x15 @ 1
[   13.691259] initcall ts_driver_init+0x0/0x15 returned 0 after 35 usecs
[   13.701370] calling  hid_init+0x0/0x58 @ 1
[   13.708318] usbcore: registered new interface driver usbhid
[   13.717201] usbhid: USB HID core driver
[   13.723274] initcall hid_init+0x0/0x58 returned 0 after 15104 usecs
[   13.733236] calling  eeepc_laptop_init+0x0/0x57 @ 1
[   13.741402] initcall eeepc_laptop_init+0x0/0x57 returned -19 after 541 usecs
