c[?7l[2J[0mSeaBIOS (version 1.16.0-debian-1.16.0-4)
Booting from ROM...
early console in setup code
c[?7l[2J[    0.000000] Linux version 5.10.153+ (root@joelboxx.c.googlers.com) (gcc (Debian 12.2.0-3) 12.2.0, GNU ld (GNU Binutils for Debian) 2.39) #11 SMP PREEMPT Tue Dec 13 07:23:37 UTC 2022
[    0.000000] Command line: selinux=0 initcall_debug debug console=ttyS0 rcutorture.torture_type=tasks-rude rcutorture.onoff_interval=1000 rcutorture.onoff_holdoff=30 rcutorture.n_barrier_cbs=4 rcutorture.stat_interval=15 rcutorture.shutdown_secs=1800 rcutorture.test_no_idle_hz=1 rcutorture.verbose=1
[    0.000000] x86/fpu: x87 FPU will use FXSAVE
[    0.000000] BIOS-provided physical RAM map:
[    0.000000] BIOS-e820: [mem 0x0000000000000000-0x000000000009fbff] usable
[    0.000000] BIOS-e820: [mem 0x000000000009fc00-0x000000000009ffff] reserved
[    0.000000] BIOS-e820: [mem 0x00000000000f0000-0x00000000000fffff] reserved
[    0.000000] BIOS-e820: [mem 0x0000000000100000-0x000000001ffdefff] usable
[    0.000000] BIOS-e820: [mem 0x000000001ffdf000-0x000000001fffffff] reserved
[    0.000000] BIOS-e820: [mem 0x00000000b0000000-0x00000000bfffffff] reserved
[    0.000000] BIOS-e820: [mem 0x00000000fed1c000-0x00000000fed1ffff] reserved
[    0.000000] BIOS-e820: [mem 0x00000000feffc000-0x00000000feffffff] reserved
[    0.000000] BIOS-e820: [mem 0x00000000fffc0000-0x00000000ffffffff] reserved
[    0.000000] NX (Execute Disable) protection: active
[    0.000000] SMBIOS 2.8 present.
[    0.000000] DMI: QEMU Standard PC (Q35 + ICH9, 2009), BIOS 1.16.0-debian-1.16.0-4 04/01/2014
[    0.000000] Hypervisor detected: KVM
[    0.000000] kvm-clock: Using msrs 4b564d01 and 4b564d00
[    0.000000] kvm-clock: cpu 0, msr 1eb29001, primary cpu clock
[    0.000001] kvm-clock: using sched offset of 1945242469 cycles
[    0.000191] clocksource: kvm-clock: mask: 0xffffffffffffffff max_cycles: 0x1cd42e4dffb, max_idle_ns: 881590591483 ns
[    0.000279] tsc: Detected 1999.999 MHz processor
[    0.010883] e820: update [mem 0x00000000-0x00000fff] usable ==> reserved
[    0.010893] e820: remove [mem 0x000a0000-0x000fffff] usable
[    0.010902] last_pfn = 0x1ffdf max_arch_pfn = 0x400000000
[    0.011660] MTRR default type: write-back
[    0.011664] MTRR fixed ranges enabled:
[    0.011667]   00000-9FFFF write-back
[    0.011669]   A0000-BFFFF uncachable
[    0.011672]   C0000-FFFFF write-protect
[    0.011674] MTRR variable ranges enabled:
[    0.011677]   0 base 00C0000000 mask FFC0000000 uncachable
[    0.011679]   1 disabled
[    0.011682]   2 disabled
[    0.011684]   3 disabled
[    0.011686]   4 disabled
[    0.011688]   5 disabled
[    0.011690]   6 disabled
[    0.011692]   7 disabled
[    0.011854] x86/PAT: Configuration [0-7]: WB  WC  UC- UC  WB  WC  UC- UC  
[    0.020948] found SMP MP-table at [mem 0x000f5ba0-0x000f5baf]
[    0.024188] check: Scanning 1 areas for low memory corruption
[    0.039896] ACPI: Early table checksum verification disabled
[    0.042054] ACPI: RSDP 0x00000000000F59E0 000014 (v00 BOCHS )
[    0.042581] ACPI: RSDT 0x000000001FFE22F5 000038 (v01 BOCHS  BXPC     00000001 BXPC 00000001)
[    0.043099] ACPI: FACP 0x000000001FFE20E5 0000F4 (v03 BOCHS  BXPC     00000001 BXPC 00000001)
[    0.043238] ACPI: DSDT 0x000000001FFE0040 0020A5 (v01 BOCHS  BXPC     00000001 BXPC 00000001)
[    0.043247] ACPI: FACS 0x000000001FFE0000 000040
[    0.043255] ACPI: APIC 0x000000001FFE21D9 000080 (v01 BOCHS  BXPC     00000001 BXPC 00000001)
[    0.043262] ACPI: HPET 0x000000001FFE2259 000038 (v01 BOCHS  BXPC     00000001 BXPC 00000001)
[    0.043269] ACPI: MCFG 0x000000001FFE2291 00003C (v01 BOCHS  BXPC     00000001 BXPC 00000001)
[    0.043276] ACPI: WAET 0x000000001FFE22CD 000028 (v01 BOCHS  BXPC     00000001 BXPC 00000001)
[    0.043379] ACPI: Reserving FACP table memory at [mem 0x1ffe20e5-0x1ffe21d8]
[    0.043383] ACPI: Reserving DSDT table memory at [mem 0x1ffe0040-0x1ffe20e4]
[    0.043385] ACPI: Reserving FACS table memory at [mem 0x1ffe0000-0x1ffe003f]
[    0.043388] ACPI: Reserving APIC table memory at [mem 0x1ffe21d9-0x1ffe2258]
[    0.043390] ACPI: Reserving HPET table memory at [mem 0x1ffe2259-0x1ffe2290]
[    0.043393] ACPI: Reserving MCFG table memory at [mem 0x1ffe2291-0x1ffe22cc]
[    0.043396] ACPI: Reserving WAET table memory at [mem 0x1ffe22cd-0x1ffe22f4]
[    0.044213] ACPI: Local APIC address 0xfee00000
[    0.049119] No NUMA configuration found
[    0.049123] Faking a node at [mem 0x0000000000000000-0x000000001ffdefff]
[    0.049129] NODE_DATA(0) allocated [mem 0x1ffdb000-0x1ffdefff]
[    0.050123] Zone ranges:
[    0.050282]   DMA      [mem 0x0000000000001000-0x0000000000ffffff]
[    0.050401]   DMA32    [mem 0x0000000001000000-0x000000001ffdefff]
[    0.050473]   Normal   empty
[    0.050477] Movable zone start for each node
[    0.050479] Early memory node ranges
[    0.050482]   node   0: [mem 0x0000000000001000-0x000000000009efff]
[    0.050597]   node   0: [mem 0x0000000000100000-0x000000001ffdefff]
[    0.050600] Initmem setup node 0 [mem 0x0000000000001000-0x000000001ffdefff]
[    0.050604] On node 0 totalpages: 130941
[    0.050607]   DMA zone: 64 pages used for memmap
[    0.050609]   DMA zone: 21 pages reserved
[    0.050612]   DMA zone: 3998 pages, LIFO batch:0
[    0.050615]   DMA32 zone: 1984 pages used for memmap
[    0.050617]   DMA32 zone: 126943 pages, LIFO batch:31
[    0.052012] On node 0, zone DMA: 1 pages in unavailable ranges
[    0.062182] On node 0, zone DMA: 97 pages in unavailable ranges
[    0.290335] On node 0, zone DMA32: 33 pages in unavailable ranges
[    0.297488] ACPI: PM-Timer IO Port: 0x608
[    0.297621] ACPI: Local APIC address 0xfee00000
[    0.298143] ACPI: LAPIC_NMI (acpi_id[0xff] dfl dfl lint[0x1])
[    0.303418] IOAPIC[0]: apic_id 0, version 17, address 0xfec00000, GSI 0-23
[    0.304039] ACPI: INT_SRC_OVR (bus 0 bus_irq 0 global_irq 2 dfl dfl)
[    0.304266] ACPI: INT_SRC_OVR (bus 0 bus_irq 5 global_irq 5 high level)
[    0.304270] ACPI: INT_SRC_OVR (bus 0 bus_irq 9 global_irq 9 high level)
[    0.304510] ACPI: INT_SRC_OVR (bus 0 bus_irq 10 global_irq 10 high level)
[    0.304512] ACPI: INT_SRC_OVR (bus 0 bus_irq 11 global_irq 11 high level)
[    0.304609] ACPI: IRQ0 used by override.
[    0.304612] ACPI: IRQ5 used by override.
[    0.304615] ACPI: IRQ9 used by override.
[    0.304617] ACPI: IRQ10 used by override.
[    0.304619] ACPI: IRQ11 used by override.
[    0.304624] Using ACPI (MADT) for SMP configuration information
[    0.304753] ACPI: HPET id: 0x8086a201 base: 0xfed00000
[    0.305827] smpboot: Allowing 2 CPUs, 0 hotplug CPUs
[    0.308486] PM: hibernation: Registered nosave memory: [mem 0x00000000-0x00000fff]
[    0.308490] PM: hibernation: Registered nosave memory: [mem 0x0009f000-0x0009ffff]
[    0.308493] PM: hibernation: Registered nosave memory: [mem 0x000a0000-0x000effff]
[    0.308495] PM: hibernation: Registered nosave memory: [mem 0x000f0000-0x000fffff]
[    0.308618] [mem 0x20000000-0xafffffff] available for PCI devices
[    0.308844] Booting paravirtualized kernel on KVM
[    0.309340] clocksource: refined-jiffies: mask: 0xffffffff max_cycles: 0xffffffff, max_idle_ns: 1910969940391419 ns
[    0.350195] setup_percpu: NR_CPUS:2 nr_cpumask_bits:2 nr_cpu_ids:2 nr_node_ids:1
[    0.409525] percpu: Embedded 58 pages/cpu s198480 r8192 d30896 u1048576
[    0.409593] pcpu-alloc: s198480 r8192 d30896 u1048576 alloc=1*2097152
[    0.409635] pcpu-alloc: [0] 0 1 
[    0.410541] kvm-guest: stealtime: cpu 0, msr 1fc1bb40
[    0.411674] Built 1 zonelists, mobility grouping on.  Total pages: 128872
[    0.411679] Policy zone: DMA32
[    0.411847] Kernel command line: selinux=0 initcall_debug debug console=ttyS0 rcutorture.torture_type=tasks-rude rcutorture.onoff_interval=1000 rcutorture.onoff_holdoff=30 rcutorture.n_barrier_cbs=4 rcutorture.stat_interval=15 rcutorture.shutdown_secs=1800 rcutorture.test_no_idle_hz=1 rcutorture.verbose=1
[    0.414000] Dentry cache hash table entries: 65536 (order: 7, 524288 bytes, linear)
[    0.414044] Inode-cache hash table entries: 32768 (order: 6, 262144 bytes, linear)
[    0.414798] mem auto-init: stack:all(zero), heap alloc:off, heap free:off
[    0.426680] Memory: 466776K/523764K available (16398K kernel code, 2805K rwdata, 4836K rodata, 1516K init, 13268K bss, 56728K reserved, 0K cma-reserved)
[    0.428755] SLUB: HWalign=64, Order=0-3, MinObjects=0, CPUs=2, Nodes=1
[    0.429912] Kernel/User page tables isolation: enabled
[    0.442560] Running RCU self tests
[    0.443121] rcu: Preemptible hierarchical RCU implementation.
[    0.443124] rcu: 	RCU event tracing is enabled.
[    0.443127] rcu: 	RCU lockdep checking is enabled.
[    0.443196] 	Trampoline variant of Tasks RCU enabled.
[    0.443199] 	Rude variant of Tasks RCU enabled.
[    0.443201] 	Tracing variant of Tasks RCU enabled.
[    0.443310] rcu: RCU calculated value of scheduler-enlistment delay is 100 jiffies.
[    0.467968] NR_IRQS: 4352, nr_irqs: 440, preallocated irqs: 16
[    0.471794] calling  con_init+0x0/0x24f @ 0
[    0.680463] Console: colour VGA+ 80x25
[    0.680609] initcall con_init+0x0/0x24f returned 0 after 0 usecs
[    0.680616] calling  hvc_console_init+0x0/0x13 @ 0
[    0.680724] initcall hvc_console_init+0x0/0x13 returned 0 after 0 usecs
[    0.680729] calling  univ8250_console_init+0x0/0x26 @ 0
[    1.594040] printk: console [ttyS0] enabled
[    1.602431] initcall univ8250_console_init+0x0/0x26 returned 0 after 0 usecs
[    1.611996] Lock dependency validator: Copyright (c) 2006 Red Hat, Inc., Ingo Molnar
[    1.623147] ... MAX_LOCKDEP_SUBCLASSES:  8
[    1.627604] ... MAX_LOCK_DEPTH:          48
[    1.632160] ... MAX_LOCKDEP_KEYS:        8192
[    1.636894] ... CLASSHASH_SIZE:          4096
[    1.641518] ... MAX_LOCKDEP_ENTRIES:     32768
[    1.646234] ... MAX_LOCKDEP_CHAINS:      65536
[    1.650961] ... CHAINHASH_SIZE:          32768
[    1.655700]  memory used by lock dependency info: 6365 kB
[    1.661513]  memory used for stack traces: 4224 kB
[    1.666677]  per task-struct memory footprint: 1920 bytes
[    1.682270] ACPI: Core revision 20200925
[    1.694223] clocksource: hpet: mask: 0xffffffff max_cycles: 0xffffffff, max_idle_ns: 19112604467 ns
[    1.709446] APIC: Switch to symmetric I/O mode setup
[    1.751154] ..TIMER: vector=0x30 apic1=0 pin1=2 apic2=-1 pin2=-1
[    1.758408] clocksource: tsc-early: mask: 0xffffffffffffffff max_cycles: 0x39a85afc727, max_idle_ns: 881590685098 ns
[    1.769624] Calibrating delay loop (skipped) preset value.. 3999.99 BogoMIPS (lpj=1999999)
[    1.770356] pid_max: default: 32768 minimum: 301
[    1.773227] LSM: Security Framework initializing
[    1.773756] Mount-cache hash table entries: 1024 (order: 1, 8192 bytes, linear)
[    1.774480] Mountpoint-cache hash table entries: 1024 (order: 1, 8192 bytes, linear)
[    1.787484] Last level iTLB entries: 4KB 0, 2MB 0, 4MB 0
[    1.788352] Last level dTLB entries: 4KB 0, 2MB 0, 4MB 0, 1GB 0
[    1.789412] Spectre V1 : Mitigation: usercopy/swapgs barriers and __user pointer sanitization
[    1.790354] Spectre V2 : Mitigation: Retpolines
[    1.791351] Spectre V2 : Spectre v2 / SpectreRSB mitigation: Filling RSB on context switch
[    1.792356] Spectre V2 : Spectre v2 / SpectreRSB : Filling RSB on VMEXIT
[    1.793354] Speculative Store Bypass: Vulnerable
[    1.794359] MDS: Vulnerable: Clear CPU buffers attempted, no microcode
[    1.795351] MMIO Stale Data: Unknown: No mitigations
[    1.846875] Freeing SMP alternatives memory: 40K
[    1.953345] smpboot: CPU0: Intel Common KVM processor (family: 0xf, model: 0x6, stepping: 0x1)
[    1.955853] calling  init_hw_perf_events+0x0/0x6ce @ 1
[    1.956366] Performance Events: unsupported Netburst CPU model 6 no PMU driver, software events only.
[    1.957359] initcall init_hw_perf_events+0x0/0x6ce returned 0 after 976 usecs
[    1.958374] calling  init_real_mode+0x0/0x1e9 @ 1
[    1.959768] initcall init_real_mode+0x0/0x1e9 returned 0 after 0 usecs
[    1.960358] calling  trace_init_perf_perm_irq_work_exit+0x0/0x12 @ 1
[    1.961374] initcall trace_init_perf_perm_irq_work_exit+0x0/0x12 returned 0 after 0 usecs
[    1.962378] calling  validate_x2apic+0x0/0x4a @ 1
[    1.963379] initcall validate_x2apic+0x0/0x4a returned 0 after 0 usecs
[    1.964353] calling  register_nmi_cpu_backtrace_handler+0x0/0x15 @ 1
[    1.965383] initcall register_nmi_cpu_backtrace_handler+0x0/0x15 returned 0 after 0 usecs
[    1.966358] calling  kvm_setup_vsyscall_timeinfo+0x0/0xd1 @ 1
[    1.967358] initcall kvm_setup_vsyscall_timeinfo+0x0/0xd1 returned 0 after 0 usecs
[    1.968376] calling  spawn_ksoftirqd+0x0/0x38 @ 1
[    1.969613] initcall spawn_ksoftirqd+0x0/0x38 returned 0 after 0 usecs
[    1.970355] calling  migration_init+0x0/0x31 @ 1
[    1.971354] initcall migration_init+0x0/0x31 returned 0 after 0 usecs
[    1.972357] calling  srcu_bootup_announce+0x0/0x2f @ 1
[    1.973365] rcu: Hierarchical SRCU implementation.
[    1.974379] initcall srcu_bootup_announce+0x0/0x2f returned 0 after 976 usecs
[    1.975357] calling  rcu_spawn_gp_kthread+0x0/0x1b0 @ 1
[    1.976585] initcall rcu_spawn_gp_kthread+0x0/0x1b0 returned 0 after 0 usecs
[    1.977382] calling  check_cpu_stall_init+0x0/0x1a @ 1
[    1.978380] initcall check_cpu_stall_init+0x0/0x1a returned 0 after 0 usecs
[    1.979358] calling  rcu_sysrq_init+0x0/0x21 @ 1
[    1.980426] initcall rcu_sysrq_init+0x0/0x21 returned 0 after 0 usecs
[    1.981427] calling  trace_init_flags_sys_enter+0x0/0xe @ 1
[    1.982382] initcall trace_init_flags_sys_enter+0x0/0xe returned 0 after 0 usecs
[    1.983355] calling  trace_init_flags_sys_exit+0x0/0xe @ 1
[    1.984359] initcall trace_init_flags_sys_exit+0x0/0xe returned 0 after 0 usecs
[    1.985355] calling  cpu_stop_init+0x0/0x8d @ 1
[    1.987551] initcall cpu_stop_init+0x0/0x8d returned 0 after 976 usecs
[    1.988354] calling  init_kprobes+0x0/0x16e @ 1
[    1.989725] initcall init_kprobes+0x0/0x16e returned 0 after 0 usecs
[    1.990389] calling  init_events+0x0/0x3d @ 1
[    1.991840] initcall init_events+0x0/0x3d returned 0 after 0 usecs
[    1.992379] calling  init_trace_printk+0x0/0xc @ 1
[    1.993362] initcall init_trace_printk+0x0/0xc returned 0 after 0 usecs
[    1.994356] calling  event_trace_enable_again+0x0/0x23 @ 1
[    1.995356] initcall event_trace_enable_again+0x0/0x23 returned 0 after 0 usecs
[    1.996359] calling  static_call_init+0x0/0x79 @ 1
[    1.997357] initcall static_call_init+0x0/0x79 returned 0 after 0 usecs
[    1.998354] calling  jump_label_init_module+0x0/0xc @ 1
[    1.999356] initcall jump_label_init_module+0x0/0xc returned 0 after 0 usecs
[    2.000354] calling  init_zero_pfn+0x0/0x37 @ 1
[    2.001355] initcall init_zero_pfn+0x0/0x37 returned 0 after 0 usecs
[    2.002371] calling  initialize_ptr_random+0x0/0x54 @ 1
[    2.003405] initcall initialize_ptr_random+0x0/0x54 returned 0 after 0 usecs
[    2.004370] calling  efi_memreserve_root_init+0x0/0x25 @ 1
[    2.005374] initcall efi_memreserve_root_init+0x0/0x25 returned 0 after 0 usecs
[    2.006356] calling  efi_earlycon_remap_fb+0x0/0x51 @ 1
[    2.007361] initcall efi_earlycon_remap_fb+0x0/0x51 returned 0 after 0 usecs
[    2.008877] smp: Bringing up secondary CPUs ...
[    2.011883] x86: Booting SMP configuration:
[    2.012373] .... node  #0, CPUs:      #1
[    1.294285] kvm-clock: cpu 1, msr 1eb29041, secondary cpu clock
[    2.038347] kvm-guest: stealtime: cpu 1, msr 1fd1bb40
[    2.051699] smp: Brought up 1 node, 2 CPUs
[    2.052356] smpboot: Max logical packages: 1
[    2.053352] smpboot: Total of 2 processors activated (7999.99 BogoMIPS)
[    2.076874] devtmpfs: initialized
[    2.081802] calling  ipc_ns_init+0x0/0x3d @ 1
[    2.086414] initcall ipc_ns_init+0x0/0x3d returned 0 after 976 usecs
[    2.094357] calling  init_mmap_min_addr+0x0/0x21 @ 1
[    2.099355] initcall init_mmap_min_addr+0x0/0x21 returned 0 after 0 usecs
[    2.109393] calling  pci_realloc_setup_params+0x0/0x3f @ 1
[    2.116382] initcall pci_realloc_setup_params+0x0/0x3f returned 0 after 0 usecs
[    2.127363] calling  net_ns_init+0x0/0x140 @ 1
[    2.135403] initcall net_ns_init+0x0/0x140 returned 0 after 1953 usecs
[    2.136375] calling  e820__register_nvs_regions+0x0/0x37 @ 1
[    2.137370] initcall e820__register_nvs_regions+0x0/0x37 returned 0 after 0 usecs
[    2.138355] calling  cpufreq_register_tsc_scaling+0x0/0x2e @ 1
[    2.139357] initcall cpufreq_register_tsc_scaling+0x0/0x2e returned 0 after 0 usecs
[    2.140357] calling  reboot_init+0x0/0x3c @ 1
[    2.141357] initcall reboot_init+0x0/0x3c returned 0 after 0 usecs
[    2.142353] calling  init_lapic_sysfs+0x0/0x20 @ 1
[    2.143367] initcall init_lapic_sysfs+0x0/0x20 returned 0 after 0 usecs
[    2.144355] calling  alloc_frozen_cpus+0x0/0x7 @ 1
[    2.145353] initcall alloc_frozen_cpus+0x0/0x7 returned 0 after 0 usecs
[    2.146353] calling  cpu_hotplug_pm_sync_init+0x0/0x13 @ 1
[    2.147379] initcall cpu_hotplug_pm_sync_init+0x0/0x13 returned 0 after 0 usecs
[    2.148353] calling  wq_sysfs_init+0x0/0x2a @ 1
[    2.149499] initcall wq_sysfs_init+0x0/0x2a returned 0 after 0 usecs
[    2.150356] calling  ksysfs_init+0x0/0x92 @ 1
[    2.151384] initcall ksysfs_init+0x0/0x92 returned 0 after 0 usecs
[    2.152353] calling  schedutil_gov_init+0x0/0xc @ 1
[    2.153399] initcall schedutil_gov_init+0x0/0xc returned 0 after 0 usecs
[    2.154353] calling  pm_init+0x0/0x76 @ 1
[    2.155487] initcall pm_init+0x0/0x76 returned 0 after 0 usecs
[    2.156356] calling  pm_disk_init+0x0/0x13 @ 1
[    2.157391] initcall pm_disk_init+0x0/0x13 returned 0 after 0 usecs
[    2.158353] calling  swsusp_header_init+0x0/0x2b @ 1
[    2.159356] initcall swsusp_header_init+0x0/0x2b returned 0 after 0 usecs
[    2.160354] calling  rcu_set_runtime_mode+0x0/0x2a @ 1
[    2.163364] initcall rcu_set_runtime_mode+0x0/0x2a returned 0 after 1953 usecs
[    2.164356] calling  init_jiffies_clocksource+0x0/0x13 @ 1
[    2.166350] clocksource: jiffies: mask: 0xffffffff max_cycles: 0xffffffff, max_idle_ns: 1911260446275000 ns
[    2.167359] initcall init_jiffies_clocksource+0x0/0x13 returned 0 after 1953 usecs
[    2.168354] calling  futex_init+0x0/0x11b @ 1
[    2.169358] futex hash table entries: 512 (order: 4, 65536 bytes, linear)
[    2.170532] initcall futex_init+0x0/0x11b returned 0 after 976 usecs
[    2.171358] calling  cgroup_wq_init+0x0/0x28 @ 1
[    2.172390] initcall cgroup_wq_init+0x0/0x28 returned 0 after 0 usecs
[    2.173355] calling  cgroup1_wq_init+0x0/0x28 @ 1
[    2.174421] initcall cgroup1_wq_init+0x0/0x28 returned 0 after 0 usecs
[    2.175359] calling  init_kprobe_trace_early+0x0/0x2a @ 1
[    2.176474] initcall init_kprobe_trace_early+0x0/0x2a returned 0 after 0 usecs
[    2.177361] calling  fsnotify_init+0x0/0x56 @ 1
[    2.178426] initcall fsnotify_init+0x0/0x56 returned 0 after 0 usecs
[    2.179355] calling  filelock_init+0x0/0xb3 @ 1
[    2.180393] initcall filelock_init+0x0/0xb3 returned 0 after 0 usecs
[    2.181354] calling  init_misc_binfmt+0x0/0x2c @ 1
[    2.182398] initcall init_misc_binfmt+0x0/0x2c returned 0 after 0 usecs
[    2.183353] calling  init_script_binfmt+0x0/0x15 @ 1
[    2.184355] initcall init_script_binfmt+0x0/0x15 returned 0 after 0 usecs
[    2.186353] calling  init_elf_binfmt+0x0/0x15 @ 1
[    2.187372] initcall init_elf_binfmt+0x0/0x15 returned 0 after 0 usecs
[    2.188384] calling  init_compat_elf_binfmt+0x0/0x15 @ 1
[    2.189356] initcall init_compat_elf_binfmt+0x0/0x15 returned 0 after 0 usecs
[    2.191354] calling  debugfs_init+0x0/0x5c @ 1
[    2.193410] initcall debugfs_init+0x0/0x5c returned 0 after 0 usecs
[    2.194353] calling  tracefs_init+0x0/0x3a @ 1
[    2.195364] initcall tracefs_init+0x0/0x3a returned 0 after 0 usecs
[    2.196354] calling  prandom_init_early+0x0/0x15d @ 1
[    2.197355] initcall prandom_init_early+0x0/0x15d returned 0 after 0 usecs
[    2.198356] calling  virtio_init+0x0/0x20 @ 1
[    2.199419] initcall virtio_init+0x0/0x20 returned 0 after 0 usecs
[    2.200355] calling  iommu_init+0x0/0x2a @ 1
[    2.201393] initcall iommu_init+0x0/0x2a returned 0 after 0 usecs
[    2.202359] calling  component_debug_init+0x0/0x1c @ 1
[    2.203830] initcall component_debug_init+0x0/0x1c returned 0 after 0 usecs
[    2.204360] calling  early_resume_init+0x0/0xb9 @ 1
[    2.206363] PM: RTC time: 07:34:32, date: 2022-12-13
[    2.207372] initcall early_resume_init+0x0/0xb9 returned 0 after 1953 usecs
[    2.208361] calling  cpufreq_core_init+0x0/0x62 @ 1
[    2.209372] initcall cpufreq_core_init+0x0/0x62 returned 0 after 0 usecs
[    2.210356] calling  cpufreq_gov_performance_init+0x0/0xc @ 1
[    2.211363] initcall cpufreq_gov_performance_init+0x0/0xc returned 0 after 0 usecs
[    2.212359] calling  cpufreq_gov_userspace_init+0x0/0xc @ 1
[    2.213368] initcall cpufreq_gov_userspace_init+0x0/0xc returned 0 after 0 usecs
[    2.214359] calling  CPU_FREQ_GOV_ONDEMAND_init+0x0/0xc @ 1
[    2.215401] initcall CPU_FREQ_GOV_ONDEMAND_init+0x0/0xc returned 0 after 0 usecs
[    2.216362] calling  cpuidle_init+0x0/0x1f @ 1
[    2.217409] initcall cpuidle_init+0x0/0x1f returned 0 after 0 usecs
[    2.218399] calling  capsule_reboot_register+0x0/0xc @ 1
[    2.219404] initcall capsule_reboot_register+0x0/0xc returned 0 after 0 usecs
[    2.220357] calling  sock_init+0x0/0x93 @ 1
[    2.223060] initcall sock_init+0x0/0x93 returned 0 after 976 usecs
[    2.223356] calling  net_inuse_init+0x0/0x23 @ 1
[    2.224389] initcall net_inuse_init+0x0/0x23 returned 0 after 0 usecs
[    2.225355] calling  net_defaults_init+0x0/0x23 @ 1
[    2.226356] initcall net_defaults_init+0x0/0x23 returned 0 after 0 usecs
[    2.227355] calling  init_default_flow_dissectors+0x0/0x4f @ 1
[    2.228387] initcall init_default_flow_dissectors+0x0/0x4f returned 0 after 0 usecs
[    2.229356] calling  netpoll_init+0x0/0x44 @ 1
[    2.230356] initcall netpoll_init+0x0/0x44 returned 0 after 0 usecs
[    2.231361] calling  netlink_proto_init+0x0/0x154 @ 1
[    2.233839] NET: Registered protocol family 16
[    2.235455] initcall netlink_proto_init+0x0/0x154 returned 0 after 2929 usecs
[    2.236362] calling  genl_init+0x0/0x35 @ 1
[    2.237469] initcall genl_init+0x0/0x35 returned 0 after 0 usecs
[    2.238359] calling  bsp_pm_check_init+0x0/0x13 @ 1
[    2.239362] initcall bsp_pm_check_init+0x0/0x13 returned 0 after 0 usecs
[    2.240412] calling  irq_sysfs_init+0x0/0xb9 @ 1
[    2.241710] initcall irq_sysfs_init+0x0/0xb9 returned 0 after 0 usecs
[    2.242358] calling  audit_init+0x0/0x127 @ 1
[    2.243362] audit: initializing netlink subsys (disabled)
[    2.245655] initcall audit_init+0x0/0x127 returned 0 after 1953 usecs
[    2.245655] audit: type=2000 audit(1670916871.034:1): state=initialized audit_enabled=0 res=1
[    2.245655] calling  release_early_probes+0x0/0x32 @ 1
[    2.245655] initcall release_early_probes+0x0/0x32 returned 0 after 0 usecs
[    2.245655] calling  bdi_class_init+0x0/0x48 @ 1
[    2.245717] initcall bdi_class_init+0x0/0x48 returned 0 after 0 usecs
[    2.273370] calling  mm_sysfs_init+0x0/0x28 @ 1
[    2.278369] initcall mm_sysfs_init+0x0/0x28 returned 0 after 0 usecs
[    2.285356] calling  init_per_zone_wmark_min+0x0/0x6d @ 1
[    2.291403] initcall init_per_zone_wmark_min+0x0/0x6d returned 0 after 0 usecs
[    2.299356] calling  mpi_init+0x0/0x3e @ 1
[    2.304389] initcall mpi_init+0x0/0x3e returned 0 after 0 usecs
[    2.311360] calling  kobject_uevent_init+0x0/0xc @ 1
[    2.316537] initcall kobject_uevent_init+0x0/0xc returned 0 after 976 usecs
[    2.324354] calling  pcibus_class_init+0x0/0x13 @ 1
[    2.330390] initcall pcibus_class_init+0x0/0x13 returned 0 after 0 usecs
[    2.338354] calling  pci_driver_init+0x0/0x21 @ 1
[    2.343386] initcall pci_driver_init+0x0/0x21 returned 0 after 0 usecs
[    2.350354] calling  backlight_class_init+0x0/0xa8 @ 1
[    2.356368] initcall backlight_class_init+0x0/0xa8 returned 0 after 0 usecs
[    2.364354] calling  tty_class_init+0x0/0x33 @ 1
[    2.369370] initcall tty_class_init+0x0/0x33 returned 0 after 0 usecs
[    2.376361] calling  vtconsole_class_init+0x0/0xb5 @ 1
[    2.382580] initcall vtconsole_class_init+0x0/0xb5 returned 0 after 0 usecs
[    2.390355] calling  iommu_dev_init+0x0/0x13 @ 1
[    2.396394] initcall iommu_dev_init+0x0/0x13 returned 0 after 0 usecs
[    2.403369] calling  mipi_dsi_bus_init+0x0/0xc @ 1
[    2.409377] initcall mipi_dsi_bus_init+0x0/0xc returned 0 after 0 usecs
[    2.416352] calling  devlink_class_init+0x0/0x40 @ 1
[    2.422394] initcall devlink_class_init+0x0/0x40 returned 0 after 0 usecs
[    2.429353] calling  software_node_init+0x0/0x2a @ 1
[    2.435361] initcall software_node_init+0x0/0x2a returned 0 after 0 usecs
[    2.442361] calling  wakeup_sources_debugfs_init+0x0/0x23 @ 1
[    2.449445] initcall wakeup_sources_debugfs_init+0x0/0x23 returned 0 after 0 usecs
[    2.458355] calling  wakeup_sources_sysfs_init+0x0/0x2c @ 1
[    2.464374] initcall wakeup_sources_sysfs_init+0x0/0x2c returned 0 after 0 usecs
[    2.472355] calling  register_node_type+0x0/0x13 @ 1
[    2.478510] initcall register_node_type+0x0/0x13 returned 0 after 0 usecs
[    2.486383] calling  regmap_initcall+0x0/0xc @ 1
[    2.491496] initcall regmap_initcall+0x0/0xc returned 0 after 0 usecs
[    2.499355] calling  i2c_init+0x0/0xb3 @ 1
[    2.503512] initcall i2c_init+0x0/0xb3 returned 0 after 0 usecs
[    2.510378] calling  thermal_init+0x0/0x116 @ 1
[    2.515417] thermal_sys: Registered thermal governor 'step_wise'
[    2.515420] thermal_sys: Registered thermal governor 'user_space'
[    2.522370] initcall thermal_init+0x0/0x116 returned 0 after 6835 usecs
[    2.537354] calling  init_menu+0x0/0xc @ 1
[    2.541456] cpuidle: using governor menu
[    2.546356] initcall init_menu+0x0/0xc returned 0 after 4882 usecs
[    2.553355] calling  pcc_init+0x0/0x4d @ 1
[    2.558358] initcall pcc_init+0x0/0x4d returned -19 after 0 usecs
[    2.564355] calling  amd_postcore_init+0x0/0x11e @ 1
[    2.570355] initcall amd_postcore_init+0x0/0x11e returned 0 after 0 usecs
[    2.578380] calling  bts_init+0x0/0xba @ 1
[    2.582354] initcall bts_init+0x0/0xba returned -19 after 0 usecs
[    2.589352] calling  pt_init+0x0/0x34d @ 1
[    2.594353] initcall pt_init+0x0/0x34d returned -19 after 0 usecs
[    2.601353] calling  boot_params_ksysfs_init+0x0/0x2ee @ 1
[    2.607422] initcall boot_params_ksysfs_init+0x0/0x2ee returned 0 after 0 usecs
[    2.615354] calling  sbf_init+0x0/0xea @ 1
[    2.620354] initcall sbf_init+0x0/0xea returned 0 after 0 usecs
[    2.627355] calling  arch_kdebugfs_init+0x0/0x219 @ 1
[    2.636622] initcall arch_kdebugfs_init+0x0/0x219 returned 0 after 976 usecs
[    2.645368] calling  intel_pconfig_init+0x0/0x85 @ 1
[    2.651357] initcall intel_pconfig_init+0x0/0x85 returned 0 after 0 usecs
[    2.658356] calling  mtrr_if_init+0x0/0x5d @ 1
[    2.664363] initcall mtrr_if_init+0x0/0x5d returned 0 after 0 usecs
[    2.671355] calling  activate_jump_labels+0x0/0x31 @ 1
[    2.677356] initcall activate_jump_labels+0x0/0x31 returned 0 after 0 usecs
[    2.685355] calling  ffh_cstate_init+0x0/0x29 @ 1
[    2.690360] initcall ffh_cstate_init+0x0/0x29 returned 0 after 0 usecs
[    2.698355] calling  activate_jump_labels+0x0/0x31 @ 1
[    2.704639] initcall activate_jump_labels+0x0/0x31 returned 0 after 0 usecs
[    2.712359] calling  kvm_alloc_cpumask+0x0/0x74 @ 1
[    2.718408] initcall kvm_alloc_cpumask+0x0/0x74 returned 0 after 0 usecs
[    2.726355] calling  kcmp_cookies_init+0x0/0x37 @ 1
[    2.732360] initcall kcmp_cookies_init+0x0/0x37 returned 0 after 0 usecs
[    2.739356] calling  cryptomgr_init+0x0/0xc @ 1
[    2.745447] initcall cryptomgr_init+0x0/0xc returned 0 after 0 usecs
[    2.752353] calling  acpi_pci_init+0x0/0x57 @ 1
[    2.757389] ACPI: bus type PCI registered
[    2.762354] initcall acpi_pci_init+0x0/0x57 returned 0 after 4882 usecs
[    2.770359] calling  dma_channel_table_init+0x0/0xd1 @ 1
[    2.776357] initcall dma_channel_table_init+0x0/0xd1 returned 0 after 0 usecs
[    2.784353] calling  dma_bus_init+0x0/0xdc @ 1
[    2.789505] initcall dma_bus_init+0x0/0xdc returned 0 after 0 usecs
[    2.797370] calling  iommu_dma_init+0x0/0x10 @ 1
[    2.802451] initcall iommu_dma_init+0x0/0x10 returned 0 after 0 usecs
[    2.810356] calling  dmi_id_init+0x0/0x37c @ 1
[    2.815625] initcall dmi_id_init+0x0/0x37c returned 0 after 0 usecs
[    2.822358] calling  pci_arch_init+0x0/0x71 @ 1
[    2.828701] PCI: MMCONFIG for domain 0000 [bus 00-ff] at [mem 0xb0000000-0xbfffffff] (base 0xb0000000)
[    2.839364] PCI: MMCONFIG at [mem 0xb0000000-0xbfffffff] reserved in E820
[    2.847421] PCI: Using configuration type 1 for base access
[    2.853364] initcall pci_arch_init+0x0/0x71 returned 0 after 24414 usecs
[    2.864393] calling  init_vdso+0x0/0x13 @ 1
[    2.870372] initcall init_vdso+0x0/0x13 returned 0 after 0 usecs
[    2.879364] calling  sysenter_setup+0x0/0x13 @ 1
[    2.886375] initcall sysenter_setup+0x0/0x13 returned 0 after 0 usecs
[    2.896367] calling  fixup_ht_bug+0x0/0xe5 @ 1
[    2.903373] initcall fixup_ht_bug+0x0/0xe5 returned 0 after 0 usecs
[    2.910359] calling  topology_init+0x0/0x88 @ 1
[    2.916652] initcall topology_init+0x0/0x88 returned 0 after 0 usecs
[    2.924359] calling  intel_epb_init+0x0/0x68 @ 1
[    2.930355] initcall intel_epb_init+0x0/0x68 returned -19 after 0 usecs
[    2.938355] calling  mtrr_init_finialize+0x0/0x3e @ 1
[    2.944355] initcall mtrr_init_finialize+0x0/0x3e returned 0 after 0 usecs
[    2.951356] calling  uid_cache_init+0x0/0x85 @ 1
[    2.957384] initcall uid_cache_init+0x0/0x85 returned 0 after 0 usecs
[    2.965356] calling  param_sysfs_init+0x0/0x1ba @ 1
[    2.987190] initcall param_sysfs_init+0x0/0x1ba returned 0 after 15625 usecs
[    2.995387] calling  user_namespace_sysctl_init+0x0/0x33 @ 1
[    3.002373] initcall user_namespace_sysctl_init+0x0/0x33 returned 0 after 0 usecs
[    3.010357] calling  proc_schedstat_init+0x0/0x24 @ 1
[    3.016366] initcall proc_schedstat_init+0x0/0x24 returned 0 after 0 usecs
[    3.025357] calling  pm_sysrq_init+0x0/0x18 @ 1
[    3.030519] initcall pm_sysrq_init+0x0/0x18 returned 0 after 0 usecs
[    3.038576] calling  create_proc_profile+0x0/0xd0 @ 1
[    3.045407] initcall create_proc_profile+0x0/0xd0 returned 0 after 0 usecs
[    3.055367] calling  time_ns_init+0x0/0x7 @ 1
[    3.062360] initcall time_ns_init+0x0/0x7 returned 0 after 0 usecs
[    3.069362] calling  crash_save_vmcoreinfo_init+0x0/0x722 @ 1
[    3.076462] initcall crash_save_vmcoreinfo_init+0x0/0x722 returned 0 after 0 usecs
[    3.082357] calling  crash_notes_memory_init+0x0/0x35 @ 1
[    3.088365] initcall crash_notes_memory_init+0x0/0x35 returned 0 after 0 usecs
[    3.097356] calling  cgroup_sysfs_init+0x0/0x13 @ 1
[    3.102482] initcall cgroup_sysfs_init+0x0/0x13 returned 0 after 976 usecs
[    3.111357] calling  cgroup_namespaces_init+0x0/0x7 @ 1
[    3.117361] initcall cgroup_namespaces_init+0x0/0x7 returned 0 after 0 usecs
[    3.125355] calling  init_optprobes+0x0/0x13 @ 1
[    3.131421] Kprobes globally optimized
[    3.135356] initcall init_optprobes+0x0/0x13 returned 0 after 3906 usecs
[    3.143358] calling  oom_init+0x0/0x2f @ 1
[    3.150408] initcall oom_init+0x0/0x2f returned 0 after 976 usecs
[    3.157370] calling  default_bdi_init+0x0/0xb3 @ 1
[    3.164708] initcall default_bdi_init+0x0/0xb3 returned 0 after 976 usecs
[    3.165364] calling  percpu_enable_async+0x0/0xe @ 1
[    3.166361] initcall percpu_enable_async+0x0/0xe returned 0 after 0 usecs
[    3.167365] calling  kcompactd_init+0x0/0x8d @ 1
[    3.169691] initcall kcompactd_init+0x0/0x8d returned 0 after 976 usecs
[    3.177367] calling  init_user_reserve+0x0/0x40 @ 1
[    3.183360] initcall init_user_reserve+0x0/0x40 returned 0 after 0 usecs
[    3.191356] calling  init_admin_reserve+0x0/0x40 @ 1
[    3.197360] initcall init_admin_reserve+0x0/0x40 returned 0 after 0 usecs
[    3.206366] calling  init_reserve_notifier+0x0/0x7 @ 1
[    3.210363] initcall init_reserve_notifier+0x0/0x7 returned 0 after 0 usecs
[    3.220365] calling  swap_init_sysfs+0x0/0x62 @ 1
[    3.225380] initcall swap_init_sysfs+0x0/0x62 returned 0 after 0 usecs
[    3.233361] calling  swapfile_init+0x0/0x94 @ 1
[    3.238377] initcall swapfile_init+0x0/0x94 returned 0 after 0 usecs
[    3.246356] calling  hugetlb_init+0x0/0x49c @ 1
[    3.251360] HugeTLB registered 2.00 MiB page size, pre-allocated 0 pages
[    3.259403] initcall hugetlb_init+0x0/0x49c returned 0 after 7812 usecs
[    3.267357] calling  io_wq_init+0x0/0x34 @ 1
[    3.272381] initcall io_wq_init+0x0/0x34 returned 0 after 0 usecs
[    3.281363] calling  seqiv_module_init+0x0/0xc @ 1
[    3.288495] initcall seqiv_module_init+0x0/0xc returned 0 after 0 usecs
[    3.298376] calling  echainiv_module_init+0x0/0xc @ 1
[    3.305365] initcall echainiv_module_init+0x0/0xc returned 0 after 0 usecs
[    3.315364] calling  rsa_init+0x0/0x50 @ 1
[    3.323796] initcall rsa_init+0x0/0x50 returned 0 after 1953 usecs
[    3.323835] cryptomgr_test (29) used greatest stack depth: 14864 bytes left
[    3.324360] calling  crypto_cmac_module_init+0x0/0xc @ 1
[    3.324367] initcall crypto_cmac_module_init+0x0/0xc returned 0 after 0 usecs
[    3.324370] calling  hmac_module_init+0x0/0xc @ 1
[    3.324373] initcall hmac_module_init+0x0/0xc returned 0 after 0 usecs
[    3.324376] calling  crypto_null_mod_init+0x0/0x65 @ 1
[    3.372576] initcall crypto_null_mod_init+0x0/0x65 returned 0 after 46875 usecs
[    3.381388] calling  md5_mod_init+0x0/0xc @ 1
[    3.389385] initcall md5_mod_init+0x0/0xc returned 0 after 976 usecs
[    3.390371] calling  sha256_generic_mod_init+0x0/0x11 @ 1
[    3.393593] initcall sha256_generic_mod_init+0x0/0x11 returned 0 after 1953 usecs
[    3.394360] calling  crypto_cbc_module_init+0x0/0xc @ 1
[    3.395360] initcall crypto_cbc_module_init+0x0/0xc returned 0 after 0 usecs
[    3.396547] calling  crypto_ctr_module_init+0x0/0x11 @ 1
[    3.397387] initcall crypto_ctr_module_init+0x0/0x11 returned 0 after 0 usecs
[    3.398357] calling  crypto_gcm_module_init+0x0/0x64 @ 1
[    3.399480] initcall crypto_gcm_module_init+0x0/0x64 returned 0 after 0 usecs
[    3.400364] calling  crypto_ccm_module_init+0x0/0x11 @ 1
[    3.401366] initcall crypto_ccm_module_init+0x0/0x11 returned 0 after 0 usecs
[    3.402365] calling  aes_init+0x0/0xc @ 1
[    3.404727] initcall aes_init+0x0/0xc returned 0 after 976 usecs
[    3.405401] calling  crc32c_mod_init+0x0/0xc @ 1
[    3.408359] initcall crc32c_mod_init+0x0/0xc returned 0 after 1953 usecs
[    3.416592] calling  crypto_authenc_module_init+0x0/0xc @ 1
[    3.423377] initcall crypto_authenc_module_init+0x0/0xc returned 0 after 0 usecs
[    3.431359] calling  crypto_authenc_esn_module_init+0x0/0xc @ 1
[    3.438368] initcall crypto_authenc_esn_module_init+0x0/0xc returned 0 after 0 usecs
[    3.447358] calling  drbg_init+0x0/0x7c @ 1
[    3.460497] initcall drbg_init+0x0/0x7c returned 0 after 6835 usecs
[    3.468364] calling  ghash_mod_init+0x0/0xc @ 1
[    3.474360] initcall ghash_mod_init+0x0/0xc returned 0 after 976 usecs
[    3.483367] calling  init_bio+0x0/0x9a @ 1
[    3.489613] initcall init_bio+0x0/0x9a returned 0 after 0 usecs
[    3.498364] calling  blk_settings_init+0x0/0x29 @ 1
[    3.505361] initcall blk_settings_init+0x0/0x29 returned 0 after 0 usecs
[    3.514362] calling  blk_ioc_init+0x0/0x29 @ 1
[    3.520404] initcall blk_ioc_init+0x0/0x29 returned 0 after 0 usecs
[    3.529380] calling  blk_mq_init+0x0/0xb9 @ 1
[    3.536557] initcall blk_mq_init+0x0/0xb9 returned 0 after 0 usecs
[    3.544363] calling  genhd_device_init+0x0/0x75 @ 1
[    3.553631] initcall genhd_device_init+0x0/0x75 returned 0 after 1953 usecs
[    3.554361] calling  pci_slot_init+0x0/0x40 @ 1
[    3.555374] initcall pci_slot_init+0x0/0x40 returned 0 after 0 usecs
[    3.556359] calling  fbmem_init+0x0/0xd8 @ 1
[    3.557615] initcall fbmem_init+0x0/0xd8 returned 0 after 0 usecs
[    3.558361] calling  acpi_init+0x0/0x319 @ 1
[    3.559429] ACPI: Added _OSI(Module Device)
[    3.560354] ACPI: Added _OSI(Processor Device)
[    3.561354] ACPI: Added _OSI(3.0 _SCP Extensions)
[    3.562354] ACPI: Added _OSI(Processor Aggregator Device)
[    3.563357] ACPI: Added _OSI(Linux-Dell-Video)
[    3.564356] ACPI: Added _OSI(Linux-Lenovo-NV-HDMI-Audio)
[    3.565356] ACPI: Added _OSI(Linux-HPI-Hybrid-Graphics)
[    3.570974] ACPI: 1 ACPI AML tables successfully acquired and loaded
[    3.577829] ACPI: Interpreter enabled
[    3.578488] ACPI: (supports S0 S3 S4 S5)
[    3.579354] ACPI: Using IOAPIC for interrupt routing
[    3.580439] PCI: Using host bridge windows from ACPI; if necessary, use "pci=nocrs" and report a bug
[    3.581991] ACPI: Enabled 2 GPEs in block 00 to 3F
[    3.598999] ACPI: PCI Root Bridge [PCI0] (domain 0000 [bus 00-ff])
[    3.599439] acpi PNP0A08:00: _OSC: OS supports [ExtendedConfig ASPM ClockPM Segments MSI HPX-Type3]
[    3.600776] acpi PNP0A08:00: _OSC: platform does not support [LTR]
[    3.601692] acpi PNP0A08:00: _OSC: OS now controls [PME PCIeCapability]
[    3.603789] PCI host bridge to bus 0000:00
[    3.604358] pci_bus 0000:00: root bus resource [io  0x0000-0x0cf7 window]
[    3.605359] pci_bus 0000:00: root bus resource [io  0x0d00-0xffff window]
[    3.606358] pci_bus 0000:00: root bus resource [mem 0x000a0000-0x000bffff window]
[    3.607358] pci_bus 0000:00: root bus resource [mem 0x20000000-0xafffffff window]
[    3.608402] pci_bus 0000:00: root bus resource [mem 0xc0000000-0xfebfffff window]
[    3.609356] pci_bus 0000:00: root bus resource [mem 0x100000000-0x8ffffffff window]
[    3.610357] pci_bus 0000:00: root bus resource [bus 00-ff]
[    3.612789] pci 0000:00:00.0: calling  quirk_mmio_always_on+0x0/0x10 @ 1
[    3.613454] pci 0000:00:00.0: quirk_mmio_always_on+0x0/0x10 took 0 usecs
[    3.614369] pci 0000:00:00.0: [8086:29c0] type 00 class 0x060000
[    3.619927] pci 0000:00:00.0: calling  quirk_igfx_skip_te_disable+0x0/0x80 @ 1
[    3.620361] pci 0000:00:00.0: quirk_igfx_skip_te_disable+0x0/0x80 took 0 usecs
[    3.623801] pci 0000:00:01.0: [1234:1111] type 00 class 0x030000
[    3.631345] pci 0000:00:01.0: reg 0x10: [mem 0xfd000000-0xfdffffff pref]
[    3.641152] pci 0000:00:01.0: reg 0x18: [mem 0xfebf0000-0xfebf0fff]
[    3.657104] pci 0000:00:01.0: reg 0x30: [mem 0xfebe0000-0xfebeffff pref]
[    3.659566] pci 0000:00:01.0: calling  efifb_fixup_resources+0x0/0xf0 @ 1
[    3.660411] pci 0000:00:01.0: efifb_fixup_resources+0x0/0xf0 took 0 usecs
[    3.671374] pci 0000:00:1f.0: [8086:2918] type 00 class 0x060100
[    3.678552] pci 0000:00:1f.0: calling  quirk_ich7_lpc+0x0/0x60 @ 1
[    3.680370] pci 0000:00:1f.0: quirk: [io  0x0600-0x067f] claimed by ICH6 ACPI/GPIO/TCO
[    3.682531] pci 0000:00:1f.0: quirk_ich7_lpc+0x0/0x60 took 2929 usecs
[    3.683360] pci 0000:00:1f.0: calling  quirk_igfx_skip_te_disable+0x0/0x80 @ 1
[    3.684409] pci 0000:00:1f.0: quirk_igfx_skip_te_disable+0x0/0x80 took 0 usecs
[    3.688615] pci 0000:00:1f.2: [8086:2922] type 00 class 0x010601
[    3.699054] pci 0000:00:1f.2: reg 0x20: [io  0xc040-0xc05f]
[    3.700943] pci 0000:00:1f.2: reg 0x24: [mem 0xfebf1000-0xfebf1fff]
[    3.702909] pci 0000:00:1f.2: calling  quirk_igfx_skip_te_disable+0x0/0x80 @ 1
[    3.703360] pci 0000:00:1f.2: quirk_igfx_skip_te_disable+0x0/0x80 took 0 usecs
[    3.708909] pci 0000:00:1f.3: [8086:2930] type 00 class 0x0c0500
[    3.716566] pci 0000:00:1f.3: reg 0x20: [io  0x0700-0x073f]
[    3.720107] pci 0000:00:1f.3: calling  quirk_igfx_skip_te_disable+0x0/0x80 @ 1
[    3.720363] pci 0000:00:1f.3: quirk_igfx_skip_te_disable+0x0/0x80 took 0 usecs
[    3.727396] ACPI: PCI Interrupt Link [LNKA] (IRQs 5 *10 11)
[    3.729443] ACPI: PCI Interrupt Link [LNKB] (IRQs 5 *10 11)
[    3.731566] ACPI: PCI Interrupt Link [LNKC] (IRQs 5 10 *11)
[    3.733528] ACPI: PCI Interrupt Link [LNKD] (IRQs 5 10 *11)
[    3.735429] ACPI: PCI Interrupt Link [LNKE] (IRQs 5 *10 11)
[    3.737417] ACPI: PCI Interrupt Link [LNKF] (IRQs 5 *10 11)
[    3.739416] ACPI: PCI Interrupt Link [LNKG] (IRQs 5 10 *11)
[    3.741579] ACPI: PCI Interrupt Link [LNKH] (IRQs 5 10 *11)
[    3.743519] ACPI: PCI Interrupt Link [GSIA] (IRQs *16)
[    3.745377] ACPI: PCI Interrupt Link [GSIB] (IRQs *17)
[    3.746514] ACPI: PCI Interrupt Link [GSIC] (IRQs *18)
[    3.747482] ACPI: PCI Interrupt Link [GSID] (IRQs *19)
[    3.748418] ACPI: PCI Interrupt Link [GSIE] (IRQs *20)
[    3.749424] ACPI: PCI Interrupt Link [GSIF] (IRQs *21)
[    3.750427] ACPI: PCI Interrupt Link [GSIG] (IRQs *22)
[    3.751421] ACPI: PCI Interrupt Link [GSIH] (IRQs *23)
[    3.756345] initcall acpi_init+0x0/0x319 returned 0 after 191406 usecs
[    3.757375] calling  pnp_init+0x0/0xc @ 1
[    3.758421] initcall pnp_init+0x0/0xc returned 0 after 0 usecs
[    3.759355] calling  misc_init+0x0/0xbf @ 1
[    3.760597] initcall misc_init+0x0/0xbf returned 0 after 0 usecs
[    3.761355] calling  iommu_subsys_init+0x0/0x4e @ 1
[    3.762354] iommu: Default domain type: Translated 
[    3.763357] initcall iommu_subsys_init+0x0/0x4e returned 0 after 976 usecs
[    3.764357] calling  vga_arb_device_init+0x0/0x261 @ 1
[    3.768652] pci 0000:00:01.0: vgaarb: setting as boot VGA device
[    3.769345] pci 0000:00:01.0: vgaarb: VGA device added: decodes=io+mem,owns=io+mem,locks=none
[    3.769407] pci 0000:00:01.0: vgaarb: bridge control possible
[    3.770354] vgaarb: loaded
[    3.771362] initcall vga_arb_device_init+0x0/0x261 returned 0 after 5859 usecs
[    3.772497] calling  cn_init+0x0/0xf0 @ 1
[    3.773722] initcall cn_init+0x0/0xf0 returned 0 after 0 usecs
[    3.774362] calling  dma_buf_init+0x0/0xad @ 1
[    3.779618] initcall dma_buf_init+0x0/0xad returned 0 after 3906 usecs
[    3.780362] calling  dma_resv_lockdep+0x0/0x281 @ 1
[    3.783707] initcall dma_resv_lockdep+0x0/0x281 returned 0 after 1953 usecs
[    3.785357] calling  init_scsi+0x0/0x79 @ 1
[    3.787454] SCSI subsystem initialized
[    3.788359] initcall init_scsi+0x0/0x79 returned 0 after 1953 usecs
[    3.789359] calling  ata_init+0x0/0x332 @ 1
[    3.796610] libata version 3.00 loaded.
[    3.801361] initcall ata_init+0x0/0x332 returned 0 after 10742 usecs
[    3.809357] calling  phy_init+0x0/0x250 @ 1
[    3.814907] initcall phy_init+0x0/0x250 returned 0 after 976 usecs
[    3.822356] calling  init_pcmcia_cs+0x0/0x35 @ 1
[    3.827438] initcall init_pcmcia_cs+0x0/0x35 returned 0 after 976 usecs
[    3.835356] calling  usb_common_init+0x0/0x1c @ 1
[    3.841487] initcall usb_common_init+0x0/0x1c returned 0 after 0 usecs
[    3.849368] calling  usb_init+0x0/0x12e @ 1
[    3.855452] ACPI: bus type USB registered
[    3.861745] usbcore: registered new interface driver usbfs
[    3.868442] usbcore: registered new interface driver hub
[    3.874416] usbcore: registered new device driver usb
[    3.880402] initcall usb_init+0x0/0x12e returned 0 after 24414 usecs
[    3.888354] calling  serio_init+0x0/0x29 @ 1
[    3.893435] initcall serio_init+0x0/0x29 returned 0 after 0 usecs
[    3.901355] calling  input_init+0x0/0xf6 @ 1
[    3.906378] initcall input_init+0x0/0xf6 returned 0 after 0 usecs
[    3.913365] calling  rtc_init+0x0/0x4d @ 1
[    3.918402] initcall rtc_init+0x0/0x4d returned 0 after 976 usecs
[    3.926354] calling  pps_init+0x0/0xa9 @ 1
[    3.931372] pps_core: LinuxPPS API ver. 1 registered
[    3.937353] pps_core: Software ver. 5.3.6 - Copyright 2005-2007 Rodolfo Giometti <giometti@linux.it>
[    3.948364] initcall pps_init+0x0/0xa9 returned 0 after 16601 usecs
[    3.955379] calling  ptp_init+0x0/0x98 @ 1
[    3.961397] PTP clock support registered
[    3.966362] initcall ptp_init+0x0/0x98 returned 0 after 4882 usecs
[    3.974359] calling  power_supply_class_init+0x0/0x3f @ 1
[    3.981485] initcall power_supply_class_init+0x0/0x3f returned 0 after 0 usecs
[    3.990360] calling  hwmon_init+0x0/0x104 @ 1
[    3.997358] initcall hwmon_init+0x0/0x104 returned 0 after 0 usecs
[    4.006361] calling  md_init+0x0/0x16b @ 1
[    4.018012] initcall md_init+0x0/0x16b returned 0 after 4882 usecs
[    4.018359] calling  leds_init+0x0/0x3b @ 1
[    4.019381] initcall leds_init+0x0/0x3b returned 0 after 0 usecs
[    4.020359] calling  dmi_init+0x0/0x113 @ 1
[    4.021471] initcall dmi_init+0x0/0x113 returned 0 after 0 usecs
[    4.022375] calling  efisubsys_init+0x0/0x4e7 @ 1
[    4.023360] initcall efisubsys_init+0x0/0x4e7 returned 0 after 0 usecs
[    4.024361] calling  nvmem_init+0x0/0xc @ 1
[    4.025497] initcall nvmem_init+0x0/0xc returned 0 after 0 usecs
[    4.026362] calling  init_soundcore+0x0/0x33 @ 1
[    4.027405] initcall init_soundcore+0x0/0x33 returned 0 after 0 usecs
[    4.028357] calling  alsa_sound_init+0x0/0x8f @ 1
[    4.029576] Advanced Linux Sound Architecture Driver Initialized.
[    4.030357] initcall alsa_sound_init+0x0/0x8f returned 0 after 976 usecs
[    4.031355] calling  alsa_seq_device_init+0x0/0x71 @ 1
[    4.033410] initcall alsa_seq_device_init+0x0/0x71 returned 0 after 976 usecs
[    4.034360] calling  hda_bus_init+0x0/0xc @ 1
[    4.035431] initcall hda_bus_init+0x0/0xc returned 0 after 0 usecs
[    4.037356] calling  proto_init+0x0/0xc @ 1
[    4.038406] initcall proto_init+0x0/0xc returned 0 after 0 usecs
[    4.039359] calling  net_dev_init+0x0/0x27f @ 1
[    4.044712] initcall net_dev_init+0x0/0x27f returned 0 after 3906 usecs
[    4.045362] calling  neigh_init+0x0/0x84 @ 1
[    4.046406] initcall neigh_init+0x0/0x84 returned 0 after 0 usecs
[    4.047356] calling  fib_notifier_init+0x0/0xc @ 1
[    4.049391] initcall fib_notifier_init+0x0/0xc returned 0 after 0 usecs
[    4.050359] calling  fib_rules_init+0x0/0xab @ 1
[    4.051370] initcall fib_rules_init+0x0/0xab returned 0 after 0 usecs
[    4.052360] calling  pktsched_init+0x0/0x10e @ 1
[    4.053476] initcall pktsched_init+0x0/0x10e returned 0 after 0 usecs
[    4.054359] calling  tc_filter_init+0x0/0xfa @ 1
[    4.055394] initcall tc_filter_init+0x0/0xfa returned 0 after 0 usecs
[    4.056357] calling  tc_action_init+0x0/0x54 @ 1
[    4.057362] initcall tc_action_init+0x0/0x54 returned 0 after 0 usecs
[    4.058357] calling  ethnl_init+0x0/0x52 @ 1
[    4.059916] initcall ethnl_init+0x0/0x52 returned 0 after 0 usecs
[    4.060361] calling  nexthop_init+0x0/0xd8 @ 1
[    4.061630] initcall nexthop_init+0x0/0xd8 returned 0 after 0 usecs
[    4.062476] calling  cipso_v4_init+0x0/0x8d @ 1
[    4.065618] initcall cipso_v4_init+0x0/0x8d returned 0 after 976 usecs
[    4.067356] calling  ieee80211_init+0x0/0x24 @ 1
[    4.068944] initcall ieee80211_init+0x0/0x24 returned 0 after 0 usecs
[    4.069359] calling  netlbl_init+0x0/0x78 @ 1
[    4.070353] NetLabel: Initializing
[    4.071354] NetLabel:  domain hash size = 128
[    4.072355] NetLabel:  protocols = UNLABELED CIPSOv4 CALIPSO
[    4.074412] NetLabel:  unlabeled traffic allowed by default
[    4.075369] initcall netlbl_init+0x0/0x78 returned 0 after 4882 usecs
[    4.076359] calling  rfkill_init+0x0/0x136 @ 1
[    4.081926] initcall rfkill_init+0x0/0x136 returned 0 after 3906 usecs
[    4.083356] calling  pci_subsys_init+0x0/0x66 @ 1
[    4.084353] PCI: Using ACPI for IRQ routing
[    4.902967] PCI: pci_cache_line_size set to 64 bytes
[    4.905711] e820: reserve RAM buffer [mem 0x0009fc00-0x0009ffff]
[    4.906571] e820: reserve RAM buffer [mem 0x1ffdf000-0x1fffffff]
[    4.907368] initcall pci_subsys_init+0x0/0x66 returned 0 after 803710 usecs
[    4.908545] calling  nmi_warning_debugfs+0x0/0x26 @ 1
[    4.909916] initcall nmi_warning_debugfs+0x0/0x26 returned 0 after 0 usecs
[    4.910386] calling  save_microcode_in_initrd+0x0/0x51 @ 1
[    4.911603] initcall save_microcode_in_initrd+0x0/0x51 returned 0 after 0 usecs
[    4.912361] calling  hpet_late_init+0x0/0x20a @ 1
[    4.914356] hpet: 3 channels of 0 reserved for per-cpu timers
[    4.916493] hpet0: at MMIO 0xfed00000, IRQs 2, 8, 0
[    4.917352] hpet0: 3 comparators, 64-bit 100.000000 MHz counter
[    4.920356] initcall hpet_late_init+0x0/0x20a returned 0 after 6835 usecs
[    4.921358] calling  init_amd_nbs+0x0/0x11c @ 1
[    4.922372] initcall init_amd_nbs+0x0/0x11c returned 0 after 0 usecs
[    4.923510] calling  clocksource_done_booting+0x0/0x43 @ 1
[    4.926263] clocksource: Switched to clocksource kvm-clock
[    4.935436] initcall clocksource_done_booting+0x0/0x43 returned 0 after 9848 usecs
[    4.944780] calling  tracer_init_tracefs+0x0/0x248 @ 1
[    5.541404] initcall tracer_init_tracefs+0x0/0x248 returned 0 after 575371 usecs
[    5.551122] calling  init_trace_printk_function_export+0x0/0x2c @ 1
[    5.558661] initcall init_trace_printk_function_export+0x0/0x2c returned 0 after 33 usecs
[    5.569474] calling  init_kprobe_trace+0x0/0x1ab @ 1
[    5.575976] initcall init_kprobe_trace+0x0/0x1ab returned 0 after 109 usecs
[    5.584437] calling  init_dynamic_event+0x0/0x3d @ 1
[    5.590585] initcall init_dynamic_event+0x0/0x3d returned 0 after 16 usecs
[    5.598910] calling  init_uprobe_trace+0x0/0x5c @ 1
[    5.604813] initcall init_uprobe_trace+0x0/0x5c returned 0 after 45 usecs
[    5.612986] calling  init_pipe_fs+0x0/0x44 @ 1
[    5.622055] initcall init_pipe_fs+0x0/0x44 returned 0 after 3491 usecs
[    5.630023] calling  inotify_user_setup+0x0/0x47 @ 1
[    5.637196] initcall inotify_user_setup+0x0/0x47 returned 0 after 236 usecs
[    5.646250] calling  eventpoll_init+0x0/0xeb @ 1
[    5.652090] initcall eventpoll_init+0x0/0xeb returned 0 after 154 usecs
[    5.660215] calling  anon_inode_init+0x0/0x58 @ 1
[    5.666547] initcall anon_inode_init+0x0/0x58 returned 0 after 579 usecs
[    5.678012] calling  proc_locks_init+0x0/0x27 @ 1
[    5.684040] initcall proc_locks_init+0x0/0x27 returned 0 after 242 usecs
[    5.692183] calling  iomap_init+0x0/0x1b @ 1
[    5.709164] initcall iomap_init+0x0/0x1b returned 0 after 10294 usecs
[    5.718638] calling  dquot_init+0x0/0x106 @ 1
[    5.725400] VFS: Disk quotas dquot_6.6.0
[    5.732122] VFS: Dquot-cache hash table entries: 512 (order 0, 4096 bytes)
[    5.741511] initcall dquot_init+0x0/0x106 returned 0 after 15808 usecs
[    5.749360] calling  quota_init+0x0/0x23 @ 1
[    5.756027] initcall quota_init+0x0/0x23 returned 0 after 997 usecs
[    5.763591] calling  proc_cmdline_init+0x0/0x21 @ 1
[    5.769618] initcall proc_cmdline_init+0x0/0x21 returned 0 after 7 usecs
[    5.777700] calling  proc_consoles_init+0x0/0x24 @ 1
[    5.783821] initcall proc_consoles_init+0x0/0x24 returned 0 after 7 usecs
[    5.793473] calling  proc_cpuinfo_init+0x0/0x1e @ 1
[    5.801024] initcall proc_cpuinfo_init+0x0/0x1e returned 0 after 9 usecs
[    5.811288] calling  proc_devices_init+0x0/0x24 @ 1
[    5.818770] initcall proc_devices_init+0x0/0x24 returned 0 after 35 usecs
[    5.828932] calling  proc_interrupts_init+0x0/0x24 @ 1
[    5.836718] initcall proc_interrupts_init+0x0/0x24 returned 0 after 10 usecs
[    5.847586] calling  proc_loadavg_init+0x0/0x21 @ 1
[    5.853535] initcall proc_loadavg_init+0x0/0x21 returned 0 after 8 usecs
[    5.861573] calling  proc_meminfo_init+0x0/0x21 @ 1
[    5.867580] initcall proc_meminfo_init+0x0/0x21 returned 0 after 7 usecs
[    5.875722] calling  proc_stat_init+0x0/0x1e @ 1
[    5.881266] initcall proc_stat_init+0x0/0x1e returned 0 after 7 usecs
[    5.889045] calling  proc_uptime_init+0x0/0x21 @ 1
[    5.895246] initcall proc_uptime_init+0x0/0x21 returned 0 after 6 usecs
[    5.903285] calling  proc_version_init+0x0/0x21 @ 1
[    5.909285] initcall proc_version_init+0x0/0x21 returned 0 after 7 usecs
[    5.917650] calling  proc_softirqs_init+0x0/0x21 @ 1
[    5.923846] initcall proc_softirqs_init+0x0/0x21 returned 0 after 6 usecs
[    5.932072] calling  proc_kcore_init+0x0/0xea @ 1
[    5.939055] initcall proc_kcore_init+0x0/0xea returned 0 after 195 usecs
[    5.949193] calling  vmcore_init+0x0/0x57b @ 1
[    5.956052] initcall vmcore_init+0x0/0x57b returned 0 after 1 usecs
[    5.965273] calling  proc_kmsg_init+0x0/0x21 @ 1
[    5.971184] initcall proc_kmsg_init+0x0/0x21 returned 0 after 9 usecs
[    5.979016] calling  proc_page_init+0x0/0x3b @ 1
[    5.984543] initcall proc_page_init+0x0/0x3b returned 0 after 11 usecs
[    5.992577] calling  init_ramfs_fs+0x0/0xc @ 1
[    5.999217] initcall init_ramfs_fs+0x0/0xc returned 0 after 44 usecs
[    6.008477] calling  init_hugetlbfs_fs+0x0/0xf6 @ 1
[    6.016189] initcall init_hugetlbfs_fs+0x0/0xf6 returned 0 after 515 usecs
[    6.025366] calling  blk_scsi_ioctl_init+0x0/0x2a5 @ 1
[    6.031535] initcall blk_scsi_ioctl_init+0x0/0x2a5 returned 0 after 62 usecs
[    6.039797] calling  acpi_event_init+0x0/0x2c @ 1
[    6.046121] initcall acpi_event_init+0x0/0x2c returned 0 after 47 usecs
[    6.054618] calling  pnp_system_init+0x0/0xc @ 1
[    6.060605] initcall pnp_system_init+0x0/0xc returned 0 after 538 usecs
[    6.068340] calling  pnpacpi_init+0x0/0x69 @ 1
[    6.073658] pnp: PnP ACPI init
[    6.080877] pnp 00:00: Plug and Play ACPI device, IDs PNP0303 (active)
[    6.088646] pnp 00:01: Plug and Play ACPI device, IDs PNP0f13 (active)
[    6.096541] pnp 00:02: Plug and Play ACPI device, IDs PNP0400 (active)
[    6.104627] pnp 00:03: Plug and Play ACPI device, IDs PNP0501 (active)
[    6.112452] pnp 00:04: Plug and Play ACPI device, IDs PNP0b00 (active)
[    6.121023] system 00:05: [mem 0xb0000000-0xbfffffff window] has been reserved
[    6.129782] system 00:05: Plug and Play ACPI device, IDs PNP0c01 (active)
[    6.141278] pnp: PnP ACPI: found 6 devices
[    6.146319] initcall pnpacpi_init+0x0/0x69 returned 0 after 70966 usecs
[    6.154288] calling  chr_dev_init+0x0/0x14d @ 1
[    6.271506] initcall chr_dev_init+0x0/0x14d returned 0 after 109083 usecs
[    6.280072] calling  firmware_class_init+0x0/0x14a @ 1
[    6.286708] initcall firmware_class_init+0x0/0x14a returned 0 after 99 usecs
[    6.295625] calling  init_pcmcia_bus+0x0/0x5b @ 1
[    6.301685] initcall init_pcmcia_bus+0x0/0x5b returned 0 after 218 usecs
[    6.310025] calling  init_acpi_pm_clocksource+0x0/0xda @ 1
[    6.322618] clocksource: acpi_pm: mask: 0xffffff max_cycles: 0xffffff, max_idle_ns: 2085701024 ns
[    6.333710] initcall init_acpi_pm_clocksource+0x0/0xda returned 0 after 16354 usecs
[    6.343114] calling  sysctl_core_init+0x0/0x26 @ 1
[    6.377480] initcall sysctl_core_init+0x0/0x26 returned 0 after 2168 usecs
[    6.386615] calling  eth_offload_init+0x0/0x13 @ 1
[    6.397634] initcall eth_offload_init+0x0/0x13 returned 0 after 2634 usecs
[    6.405742] calling  ipv4_offload_init+0x0/0x73 @ 1
[    6.411850] initcall ipv4_offload_init+0x0/0x73 returned 0 after 154 usecs
[    6.419956] calling  inet_init+0x0/0x276 @ 1
[    6.426148] NET: Registered protocol family 2
[    6.433673] IP idents hash table entries: 8192 (order: 4, 65536 bytes, linear)
[    6.454721] tcp_listen_portaddr_hash hash table entries: 256 (order: 2, 20480 bytes, linear)
[    6.464812] TCP established hash table entries: 4096 (order: 3, 32768 bytes, linear)
[    6.474294] TCP bind hash table entries: 4096 (order: 6, 294912 bytes, linear)
[    6.484650] TCP: Hash tables configured (established 4096 bind 4096)
[    6.493092] UDP hash table entries: 256 (order: 3, 40960 bytes, linear)
[    6.501504] UDP-Lite hash table entries: 256 (order: 3, 40960 bytes, linear)
[    6.510635] initcall inet_init+0x0/0x276 returned 0 after 83532 usecs
[    6.518510] calling  af_unix_init+0x0/0x4d @ 1
[    6.523856] NET: Registered protocol family 1
[    6.529226] initcall af_unix_init+0x0/0x4d returned 0 after 5281 usecs
[    6.537298] calling  ipv6_offload_init+0x0/0x7e @ 1
[    6.543247] initcall ipv6_offload_init+0x0/0x7e returned 0 after 140 usecs
[    6.551264] calling  init_sunrpc+0x0/0x65 @ 1
[    6.564035] RPC: Registered named UNIX socket transport module.
[    6.571385] RPC: Registered udp transport module.
[    6.576928] RPC: Registered tcp transport module.
[    6.582564] RPC: Registered tcp NFSv4.1 backchannel transport module.
[    6.590210] initcall init_sunrpc+0x0/0x65 returned 0 after 32932 usecs
[    6.598094] calling  cfg80211_init+0x0/0xc5 @ 1
[    6.610645] initcall cfg80211_init+0x0/0xc5 returned 0 after 6973 usecs
[    6.618446] calling  pcibios_assign_resources+0x0/0xbf @ 1
[    6.625056] pci_bus 0000:00: resource 4 [io  0x0000-0x0cf7 window]
[    6.632440] pci_bus 0000:00: resource 5 [io  0x0d00-0xffff window]
[    6.639651] pci_bus 0000:00: resource 6 [mem 0x000a0000-0x000bffff window]
[    6.647599] pci_bus 0000:00: resource 7 [mem 0x20000000-0xafffffff window]
[    6.655515] pci_bus 0000:00: resource 8 [mem 0xc0000000-0xfebfffff window]
[    6.663731] pci_bus 0000:00: resource 9 [mem 0x100000000-0x8ffffffff window]
[    6.672604] initcall pcibios_assign_resources+0x0/0xbf returned 0 after 46684 usecs
[    6.681476] calling  pci_apply_final_quirks+0x0/0x124 @ 1
[    6.688207] pci 0000:00:01.0: calling  pci_fixup_video+0x0/0xe0 @ 1
[    6.695792] pci 0000:00:01.0: Video device with shadowed ROM at [mem 0x000c0000-0x000dffff]
[    6.705567] pci 0000:00:01.0: pci_fixup_video+0x0/0xe0 took 9864 usecs
[    6.713644] PCI: CLS 0 bytes, default 64
[    6.719162] initcall pci_apply_final_quirks+0x0/0x124 returned 0 after 30552 usecs
[    6.728365] calling  acpi_reserve_resources+0x0/0xea @ 1
[    6.735293] initcall acpi_reserve_resources+0x0/0xea returned 0 after 91 usecs
[    6.746047] calling  populate_rootfs+0x0/0x102 @ 1
[    6.769001] initcall populate_rootfs+0x0/0x102 returned 0 after 15557 usecs
[    6.777350] calling  pci_iommu_init+0x0/0x3e @ 1
[    6.783446] initcall pci_iommu_init+0x0/0x3e returned 0 after 2 usecs
[    6.792725] calling  ia32_binfmt_init+0x0/0x13 @ 1
[    6.799673] initcall ia32_binfmt_init+0x0/0x13 returned 0 after 15 usecs
[    6.809114] calling  rapl_pmu_init+0x0/0x267 @ 1
[    6.815851] initcall rapl_pmu_init+0x0/0x267 returned -19 after 42 usecs
[    6.825363] calling  amd_uncore_init+0x0/0x310 @ 1
[    6.832265] initcall amd_uncore_init+0x0/0x310 returned -19 after 1 usecs
[    6.841199] calling  amd_ibs_init+0x0/0x27b @ 1
[    6.846437] initcall amd_ibs_init+0x0/0x27b returned -19 after 0 usecs
[    6.853792] calling  amd_iommu_pc_init+0x0/0x22c @ 1
[    6.859984] initcall amd_iommu_pc_init+0x0/0x22c returned -19 after 164 usecs
[    6.868194] calling  msr_init+0x0/0x55 @ 1
[    6.874118] initcall msr_init+0x0/0x55 returned 0 after 786 usecs
[    6.881305] calling  intel_uncore_init+0x0/0x36f @ 1
[    6.887005] initcall intel_uncore_init+0x0/0x36f returned -19 after 1 usecs
[    6.894895] calling  cstate_pmu_init+0x0/0x1a1 @ 1
[    6.900400] initcall cstate_pmu_init+0x0/0x1a1 returned -19 after 0 usecs
[    6.908488] calling  register_kernel_offset_dumper+0x0/0x1a @ 1
[    6.915394] initcall register_kernel_offset_dumper+0x0/0x1a returned 0 after 16 usecs
[    6.925260] calling  i8259A_init_ops+0x0/0x20 @ 1
[    6.932133] initcall i8259A_init_ops+0x0/0x20 returned 0 after 3 usecs
[    6.940649] calling  init_tsc_clocksource+0x0/0xa4 @ 1
[    6.948251] clocksource: tsc: mask: 0xffffffffffffffff max_cycles: 0x39a85afc727, max_idle_ns: 881590685098 ns
[    6.962708] initcall init_tsc_clocksource+0x0/0xa4 returned 0 after 14129 usecs
[    6.972517] calling  add_rtc_cmos+0x0/0xb0 @ 1
[    6.977967] initcall add_rtc_cmos+0x0/0xb0 returned 0 after 275 usecs
[    6.985552] calling  i8237A_init_ops+0x0/0x3a @ 1
[    6.991216] initcall i8237A_init_ops+0x0/0x3a returned 0 after 127 usecs
[    6.998853] calling  umwait_init+0x0/0x94 @ 1
[    7.004012] initcall umwait_init+0x0/0x94 returned -19 after 0 usecs
[    7.011286] calling  thermal_throttle_init_device+0x0/0x3d @ 1
[    7.017949] initcall thermal_throttle_init_device+0x0/0x3d returned 0 after 0 usecs
[    7.027758] calling  msr_init+0x0/0xd7 @ 1
[    7.036513] initcall msr_init+0x0/0xd7 returned 0 after 3897 usecs
[    7.043990] calling  cpuid_init+0x0/0xd7 @ 1
[    7.053294] initcall cpuid_init+0x0/0xd7 returned 0 after 4170 usecs
[    7.060679] calling  ioapic_init_ops+0x0/0x13 @ 1
[    7.066201] initcall ioapic_init_ops+0x0/0x13 returned 0 after 2 usecs
[    7.073918] calling  add_pcspkr+0x0/0x6c @ 1
[    7.079008] initcall add_pcspkr+0x0/0x6c returned 0 after 89 usecs
[    7.086162] calling  start_periodic_check_for_corruption+0x0/0x30 @ 1
[    7.093490] check: Scanning for low memory corruption every 60 seconds
[    7.101029] initcall start_periodic_check_for_corruption+0x0/0x30 returned 0 after 7359 usecs
[    7.112181] calling  sysfb_init+0x0/0x9c @ 1
[    7.117455] initcall sysfb_init+0x0/0x9c returned 0 after 245 usecs
[    7.124852] calling  audit_classes_init+0x0/0xae @ 1
[    7.131145] initcall audit_classes_init+0x0/0xae returned 0 after 411 usecs
[    7.138986] calling  iosf_mbi_init+0x0/0x24 @ 1
[    7.144662] initcall iosf_mbi_init+0x0/0x24 returned 0 after 534 usecs
[    7.152032] calling  proc_execdomains_init+0x0/0x21 @ 1
[    7.157976] initcall proc_execdomains_init+0x0/0x21 returned 0 after 35 usecs
[    7.165944] calling  register_warn_debugfs+0x0/0x23 @ 1
[    7.172126] initcall register_warn_debugfs+0x0/0x23 returned 0 after 100 usecs
[    7.180408] calling  cpuhp_sysfs_init+0x0/0x79 @ 1
[    7.186169] initcall cpuhp_sysfs_init+0x0/0x79 returned 0 after 169 usecs
[    7.193840] calling  ioresources_init+0x0/0x49 @ 1
[    7.199388] initcall ioresources_init+0x0/0x49 returned 0 after 9 usecs
[    7.206881] calling  lockdep_proc_init+0x0/0x64 @ 1
[    7.212501] initcall lockdep_proc_init+0x0/0x64 returned 0 after 69 usecs
[    7.220227] calling  snapshot_device_init+0x0/0xc @ 1
[    7.227461] initcall snapshot_device_init+0x0/0xc returned 0 after 1453 usecs
[    7.235570] calling  irq_pm_init_ops+0x0/0x13 @ 1
[    7.241051] initcall irq_pm_init_ops+0x0/0x13 returned 0 after 40 usecs
[    7.248691] calling  rcu_torture_init+0x0/0x9be @ 1
[    7.254792] tasks-rude-torture:--- Start of test: nreaders=1 nfakewriters=4 stat_interval=15 verbose=1 test_no_idle_hz=1 shuffle_interval=3 stutter=5 irqreader=1 fqs_duration=0 fqs_holdoff=0 fqs_stutter=3 test_boost=1/0 test_boost_interval=7 test_boost_duration=4 shutdown_secs=1800 stall_cpu=0 stall_cpu_holdoff=10 stall_cpu_irqsoff=0 stall_cpu_block=0 n_barrier_cbs=4 onoff_interval=1000 onoff_holdoff=30 read_exit_delay=13 read_exit_burst=16
[    7.300589] tasks-rude:  Start-test grace-period state: g0 f0x0
[    7.307532] tasks-rude-torture: Creating rcu_torture_writer task
[    7.317604] tasks-rude-torture: Creating rcu_torture_fakewriter task
[    7.318028] tasks-rude-torture: rcu_torture_writer task started
[    7.325241] tasks-rude-torture: Creating rcu_torture_fakewriter task
[    7.331850] tasks-rude-torture: GP expediting controlled from boot/sysfs for tasks-rude.
[    7.331877] rcu_torture_writer: Testing expedited GPs.
[    7.339207] tasks-rude-torture: rcu_torture_fakewriter task started
[    7.348599] rcu_torture_writer: Testing asynchronous GPs.
[    7.348602] rcu_torture_writer: Testing normal GPs.
[    7.348813] tasks-rude-torture: Creating rcu_torture_fakewriter task
[    7.354663] tasks-rude-torture: rcu_torture_fakewriter task started
[    7.363973] tasks-rude-torture: Creating rcu_torture_fakewriter task
[    7.368628] tasks-rude-torture: rcu_torture_fakewriter task started
[    7.375727] tasks-rude-torture: Creating rcu_torture_reader task
[    7.382476] tasks-rude-torture: rcu_torture_fakewriter task started
[    7.389756] tasks-rude-torture: Creating rcu_torture_stats task
[    7.397982] tasks-rude-torture: rcu_torture_reader task started
[    7.406643] tasks-rude-torture: Creating torture_shuffle task
[    7.413244] tasks-rude-torture: rcu_torture_stats task started
[    7.443111] tasks-rude-torture: Creating torture_stutter task
[    7.460624] tasks-rude-torture: torture_shuffle task started
[    7.468501] tasks-rude-torture: Creating torture_shutdown task
[    7.486478] tasks-rude-torture: torture_stutter task started
[    7.490554] tasks-rude-torture: Creating torture_onoff task
[    7.499486] tasks-rude-torture: torture_shutdown task started
[    7.506306] tasks-rude-torture: rcu_torture_fwd_prog_init: Disabled, unsupported by RCU flavor under test
[    7.510300] tasks-rude-torture:torture_shutdown task: 1799958 ms remaining
[    7.517110] tasks-rude-torture: torture_onoff task started
[    7.528935] tasks-rude-torture: Creating rcu_torture_barrier_cbs task
[    7.537800] tasks-rude-torture: torture_onoff begin holdoff
[    7.544621] tasks-rude-torture: Creating rcu_torture_barrier_cbs task
[    7.551730] tasks-rude-torture: rcu_torture_barrier_cbs task started
[    7.575639] tasks-rude-torture: Creating rcu_torture_barrier_cbs task
[    7.575684] tasks-rude-torture: rcu_torture_barrier_cbs task started
[    7.583698] tasks-rude-torture: Creating rcu_torture_barrier_cbs task
[    7.591295] tasks-rude-torture: rcu_torture_barrier_cbs task started
[    7.608735] tasks-rude-torture: Creating rcu_torture_barrier task
[    7.608756] tasks-rude-torture: rcu_torture_barrier_cbs task started
[    7.616292] tasks-rude-torture: Creating rcu_torture_read_exit task
[    7.625505] tasks-rude-torture: rcu_torture_barrier task starting
[    7.633878] initcall rcu_torture_init+0x0/0x9be returned 0 after 370311 usecs
[    7.650830] tasks-rude-torture: rcu_torture_read_exit: Start of test
[    7.658595] calling  timekeeping_init_ops+0x0/0x13 @ 1
[    7.665268] initcall timekeeping_init_ops+0x0/0x13 returned 0 after 123 usecs
[    7.673920] calling  init_clocksource_sysfs+0x0/0x23 @ 1
[    7.682880] initcall init_clocksource_sysfs+0x0/0x23 returned 0 after 1852 usecs
[    7.691583] calling  init_timer_list_procfs+0x0/0x31 @ 1
[    7.698102] initcall init_timer_list_procfs+0x0/0x31 returned 0 after 215 usecs
[    7.706835] calling  alarmtimer_init+0x0/0xf5 @ 1
[    7.712954] initcall alarmtimer_init+0x0/0xf5 returned 0 after 393 usecs
[    7.721341] calling  init_posix_timers+0x0/0x29 @ 1
[    7.727562] initcall init_posix_timers+0x0/0x29 returned 0 after 232 usecs
[    7.736377] calling  clockevents_init_sysfs+0x0/0xbf @ 1
[    7.743530] initcall clockevents_init_sysfs+0x0/0xbf returned 0 after 525 usecs
[    7.752045] calling  proc_dma_init+0x0/0x21 @ 1
[    7.757511] initcall proc_dma_init+0x0/0x21 returned 0 after 69 usecs
[    7.764983] calling  proc_modules_init+0x0/0x1e @ 1
[    7.770806] initcall proc_modules_init+0x0/0x1e returned 0 after 6 usecs
[    7.778741] calling  kallsyms_init+0x0/0x21 @ 1
[    7.784171] initcall kallsyms_init+0x0/0x21 returned 0 after 42 usecs
[    7.791809] calling  pid_namespaces_init+0x0/0x2c @ 1
[    7.797864] initcall pid_namespaces_init+0x0/0x2c returned 0 after 16 usecs
[    7.806109] calling  audit_watch_init+0x0/0x37 @ 1
[    7.812028] initcall audit_watch_init+0x0/0x37 returned 0 after 82 usecs
[    7.819699] calling  audit_fsnotify_init+0x0/0x37 @ 1
[    7.825485] initcall audit_fsnotify_init+0x0/0x37 returned 0 after 3 usecs
[    7.833447] calling  audit_tree_init+0x0/0x6d @ 1
[    7.839613] initcall audit_tree_init+0x0/0x6d returned 0 after 265 usecs
[    7.847482] calling  seccomp_sysctl_init+0x0/0x2b @ 1
[    7.853641] initcall seccomp_sysctl_init+0x0/0x2b returned 0 after 156 usecs
[    7.861946] calling  utsname_sysctl_init+0x0/0x13 @ 1
[    7.868008] initcall utsname_sysctl_init+0x0/0x13 returned 0 after 29 usecs
[    7.876274] calling  init_tracepoints+0x0/0x27 @ 1
[    7.882070] initcall init_tracepoints+0x0/0x27 returned 0 after 95 usecs
[    7.889921] calling  init_blk_tracer+0x0/0x50 @ 1
[    7.896593] initcall init_blk_tracer+0x0/0x50 returned 0 after 1021 usecs
[    7.904529] calling  perf_event_sysfs_init+0x0/0x83 @ 1
[    7.912621] initcall perf_event_sysfs_init+0x0/0x83 returned 0 after 1718 usecs
[    7.921132] calling  system_trusted_keyring_init+0x0/0x60 @ 1
[    7.928534] Initialise system trusted keyrings
[    7.934600] initcall system_trusted_keyring_init+0x0/0x60 returned 0 after 5937 usecs
[    7.946183] calling  kswapd_init+0x0/0x5c @ 1
[    7.953572] initcall kswapd_init+0x0/0x5c returned 0 after 915 usecs
[    7.961540] calling  extfrag_debug_init+0x0/0x54 @ 1
[    7.968195] initcall extfrag_debug_init+0x0/0x54 returned 0 after 368 usecs
[    7.976515] calling  mm_compute_batch_init+0x0/0x12 @ 1
[    7.982582] initcall mm_compute_batch_init+0x0/0x12 returned 0 after 14 usecs
[    7.991926] calling  slab_proc_init+0x0/0x21 @ 1
[    7.997604] initcall slab_proc_init+0x0/0x21 returned 0 after 24 usecs
[    8.005885] calling  workingset_init+0x0/0x8c @ 1
[    8.012689] workingset: timestamp_bits=56 max_order=17 bucket_order=0
[    8.021765] initcall workingset_init+0x0/0x8c returned 0 after 8860 usecs
[    8.030278] calling  proc_vmalloc_init+0x0/0x32 @ 1
[    8.036541] initcall proc_vmalloc_init+0x0/0x32 returned 0 after 10 usecs
[    8.045013] calling  procswaps_init+0x0/0x1e @ 1
[    8.050867] initcall procswaps_init+0x0/0x1e returned 0 after 7 usecs
[    8.058888] calling  slab_sysfs_init+0x0/0xec @ 1
[    8.075286] initcall slab_sysfs_init+0x0/0xec returned 0 after 10236 usecs
[    8.083962] calling  fcntl_init+0x0/0x29 @ 1
[    8.089570] initcall fcntl_init+0x0/0x29 returned 0 after 309 usecs
[    8.097289] calling  proc_filesystems_init+0x0/0x21 @ 1
[    8.103639] initcall proc_filesystems_init+0x0/0x21 returned 0 after 14 usecs
[    8.112634] calling  start_dirtytime_writeback+0x0/0x29 @ 1
[    8.120447] initcall start_dirtytime_writeback+0x0/0x29 returned 0 after 3 usecs
[    8.129269] calling  blkdev_init+0x0/0x1b @ 1
[    8.134766] initcall blkdev_init+0x0/0x1b returned 0 after 304 usecs
[    8.142402] calling  dio_init+0x0/0x2c @ 1
[    8.147622] initcall dio_init+0x0/0x2c returned 0 after 163 usecs
[    8.154960] calling  dnotify_init+0x0/0x78 @ 1
[    8.160544] initcall dnotify_init+0x0/0x78 returned 0 after 243 usecs
[    8.168236] calling  aio_setup+0x0/0x78 @ 1
[    8.174619] initcall aio_setup+0x0/0x78 returned 0 after 1065 usecs
[    8.181974] calling  io_uring_init+0x0/0x2c @ 1
[    8.187315] initcall io_uring_init+0x0/0x2c returned 0 after 10 usecs
[    8.194837] calling  mbcache_init+0x0/0x30 @ 1
[    8.200334] initcall mbcache_init+0x0/0x30 returned 0 after 143 usecs
[    8.207915] calling  init_grace+0x0/0xc @ 1
[    8.212992] initcall init_grace+0x0/0xc returned 0 after 137 usecs
[    8.220156] calling  init_v2_quota_format+0x0/0x21 @ 1
[    8.226312] initcall init_v2_quota_format+0x0/0x21 returned 0 after 104 usecs
[    8.234720] calling  init_devpts_fs+0x0/0x27 @ 1
[    8.240340] initcall init_devpts_fs+0x0/0x27 returned 0 after 111 usecs
[    8.248141] calling  ext4_init_fs+0x0/0x1c2 @ 1
[    8.257977] initcall ext4_init_fs+0x0/0x1c2 returned 0 after 4311 usecs
[    8.265862] calling  journal_init+0x0/0x11c @ 1
[    8.271550] initcall journal_init+0x0/0x11c returned 0 after 328 usecs
[    8.279551] calling  init_fat_fs+0x0/0x49 @ 1
[    8.284821] initcall init_fat_fs+0x0/0x49 returned 0 after 172 usecs
[    8.292088] calling  init_vfat_fs+0x0/0xc @ 1
[    8.297160] initcall init_vfat_fs+0x0/0xc returned 0 after 21 usecs
[    8.304360] calling  init_msdos_fs+0x0/0xc @ 1
[    8.309549] initcall init_msdos_fs+0x0/0xc returned 0 after 4 usecs
[    8.316735] calling  init_iso9660_fs+0x0/0x6c @ 1
[    8.322505] initcall init_iso9660_fs+0x0/0x6c returned 0 after 246 usecs
[    8.330097] calling  init_nfs_fs+0x0/0x13a @ 1
[    8.337871] initcall init_nfs_fs+0x0/0x13a returned 0 after 2597 usecs
[    8.345564] calling  init_nfs_v2+0x0/0x13 @ 1
[    8.350743] initcall init_nfs_v2+0x0/0x13 returned 0 after 79 usecs
[    8.358020] calling  init_nfs_v3+0x0/0x13 @ 1
[    8.363127] initcall init_nfs_v3+0x0/0x13 returned 0 after 1 usecs
[    8.370245] calling  init_nfs_v4+0x0/0x32 @ 1
[    8.375359] NFS: Registering the id_resolver key type
[    8.381308] Key type id_resolver registered
[    8.386276] Key type id_legacy registered
[    8.391107] initcall init_nfs_v4+0x0/0x32 returned 0 after 15434 usecs
[    8.398719] calling  init_nlm+0x0/0x5b @ 1
[    8.403696] initcall init_nlm+0x0/0x5b returned 0 after 119 usecs
[    8.410908] calling  init_nls_cp437+0x0/0xe @ 1
[    8.416211] initcall init_nls_cp437+0x0/0xe returned 0 after 95 usecs
[    8.423757] calling  init_nls_ascii+0x0/0xe @ 1
[    8.429166] initcall init_nls_ascii+0x0/0xe returned 0 after 1 usecs
[    8.436540] calling  init_nls_iso8859_1+0x0/0xe @ 1
[    8.442487] initcall init_nls_iso8859_1+0x0/0xe returned 0 after 1 usecs
[    8.450139] calling  init_nls_utf8+0x0/0x21 @ 1
[    8.455520] initcall init_nls_utf8+0x0/0x21 returned 0 after 2 usecs
[    8.462906] calling  init_autofs_fs+0x0/0x25 @ 1
[    8.470298] initcall init_autofs_fs+0x0/0x25 returned 0 after 1954 usecs
[    8.478233] calling  ipc_init+0x0/0x24 @ 1
[    8.483153] initcall ipc_init+0x0/0x24 returned 0 after 59 usecs
[    8.490638] calling  ipc_sysctl_init+0x0/0x13 @ 1
[    8.496221] initcall ipc_sysctl_init+0x0/0x13 returned 0 after 14 usecs
[    8.503907] calling  init_mqueue_fs+0x0/0xb1 @ 1
[    8.510156] initcall init_mqueue_fs+0x0/0xb1 returned 0 after 606 usecs
[    8.517938] calling  key_proc_init+0x0/0x63 @ 1
[    8.523298] initcall key_proc_init+0x0/0x63 returned 0 after 9 usecs
[    8.530768] calling  selinux_nf_ip_init+0x0/0x2e @ 1
[    8.536560] initcall selinux_nf_ip_init+0x0/0x2e returned 0 after 0 usecs
[    8.544493] calling  init_sel_fs+0x0/0x116 @ 1
[    8.549760] initcall init_sel_fs+0x0/0x116 returned 0 after 0 usecs
[    8.557129] calling  selnl_init+0x0/0x7c @ 1
[    8.562699] initcall selnl_init+0x0/0x7c returned 0 after 204 usecs
[    8.570164] calling  sel_netif_init+0x0/0x36 @ 1
[    8.576069] initcall sel_netif_init+0x0/0x36 returned 0 after 0 usecs
[    8.583730] calling  sel_netnode_init+0x0/0x33 @ 1
[    8.590697] initcall sel_netnode_init+0x0/0x33 returned 0 after 1 usecs
[    8.601346] calling  sel_netport_init+0x0/0x33 @ 1
[    8.607440] initcall sel_netport_init+0x0/0x33 returned 0 after 1 usecs
[    8.615784] calling  aurule_init+0x0/0x2a @ 1
[    8.621702] initcall aurule_init+0x0/0x2a returned 0 after 252 usecs
[    8.629298] calling  crypto_algapi_init+0x0/0xc @ 1
[    8.635969] initcall crypto_algapi_init+0x0/0xc returned 0 after 8 usecs
[    8.643952] calling  jent_mod_init+0x0/0x2d @ 1
[    8.666721] initcall jent_mod_init+0x0/0x2d returned 0 after 15451 usecs
[    8.677667] calling  asymmetric_key_init+0x0/0xc @ 1
[    8.684649] Key type asymmetric registered
[    8.690040] initcall asymmetric_key_init+0x0/0xc returned 0 after 5250 usecs
[    8.699860] calling  x509_key_init+0x0/0xc @ 1
[    8.705840] Asymmetric key parser 'x509' registered
[    8.712879] initcall x509_key_init+0x0/0xc returned 0 after 6983 usecs
[    8.721041] calling  proc_genhd_init+0x0/0x41 @ 1
[    8.726895] initcall proc_genhd_init+0x0/0x41 returned 0 after 26 usecs
[    8.737159] calling  bsg_init+0x0/0x113 @ 1
[    8.744015] Block layer SCSI generic (bsg) driver version 0.4 loaded (major 251)
[    8.755010] initcall bsg_init+0x0/0x113 returned 0 after 11043 usecs
[    8.763692] calling  deadline_init+0x0/0xc @ 1
[    8.769149] io scheduler mq-deadline registered
[    8.774757] initcall deadline_init+0x0/0xc returned 0 after 5560 usecs
[    8.782687] calling  kyber_init+0x0/0xc @ 1
[    8.787900] io scheduler kyber registered
[    8.792959] initcall kyber_init+0x0/0xc returned 0 after 4957 usecs
[    8.801313] calling  mod_init+0x0/0x7 @ 1
[    8.807500] initcall mod_init+0x0/0x7 returned 0 after 1 usecs
[    8.816361] calling  percpu_counter_startup+0x0/0x55 @ 1
[    8.826195] initcall percpu_counter_startup+0x0/0x55 returned 0 after 1555 usecs
[    8.835594] calling  sg_pool_init+0x0/0xb4 @ 1
[    8.841896] initcall sg_pool_init+0x0/0xb4 returned 0 after 540 usecs
[    8.850554] calling  pcie_portdrv_init+0x0/0x39 @ 1
[    8.859183] initcall pcie_portdrv_init+0x0/0x39 returned 0 after 2352 usecs
[    8.867765] calling  pci_proc_init+0x0/0x68 @ 1
[    8.873670] initcall pci_proc_init+0x0/0x68 returned 0 after 167 usecs
[    8.881765] calling  pci_hotplug_init+0x0/0x7 @ 1
[    8.887626] initcall pci_hotplug_init+0x0/0x7 returned 0 after 0 usecs
[    8.896298] calling  efifb_driver_init+0x0/0xe @ 1
[    8.902489] initcall efifb_driver_init+0x0/0xe returned 0 after 140 usecs
[    8.912607] calling  ged_driver_init+0x0/0xe @ 1
[    8.919783] initcall ged_driver_init+0x0/0xe returned 0 after 112 usecs
[    8.927986] calling  acpi_ac_init+0x0/0x92 @ 1
[    8.934552] initcall acpi_ac_init+0x0/0x92 returned 0 after 1081 usecs
[    8.942587] calling  acpi_button_driver_init+0x0/0x52 @ 1
[    8.950613] input: Power Button as /devices/LNXSYSTM:00/LNXPWRBN:00/input/input0
[    8.964977] ACPI: Power Button [PWRF]
[    8.972158] initcall acpi_button_driver_init+0x0/0x52 returned 0 after 22412 usecs
[    8.983970] calling  acpi_fan_driver_init+0x0/0xe @ 1
[    8.992343] initcall acpi_fan_driver_init+0x0/0xe returned 0 after 54 usecs
[    9.003553] calling  acpi_video_init+0x0/0xcb @ 1
[    9.011559] initcall acpi_video_init+0x0/0xcb returned 0 after 533 usecs
[    9.021976] calling  acpi_processor_driver_init+0x0/0xad @ 1
[    9.032832] initcall acpi_processor_driver_init+0x0/0xad returned 0 after 1929 usecs
[    9.045026] calling  acpi_thermal_init+0x0/0x71 @ 1
[    9.054189] initcall acpi_thermal_init+0x0/0x71 returned 0 after 1426 usecs
[    9.063570] calling  acpi_battery_init+0x0/0x32 @ 1
[    9.070028] initcall acpi_battery_init+0x0/0x32 returned 0 after 280 usecs
[    9.079328] calling  bgrt_init+0x0/0xb6 @ 1
[    9.084938] initcall bgrt_init+0x0/0xb6 returned -19 after 1 usecs
[    9.092868] calling  gpio_clk_driver_init+0x0/0xe @ 1
[    9.099509] initcall gpio_clk_driver_init+0x0/0xe returned 0 after 61 usecs
[    9.108111] calling  plt_clk_driver_init+0x0/0xe @ 1
[    9.114507] initcall plt_clk_driver_init+0x0/0xe returned 0 after 42 usecs
[    9.123193] calling  virtio_pci_driver_init+0x0/0x15 @ 1
[    9.131611] initcall virtio_pci_driver_init+0x0/0x15 returned 0 after 297 usecs
[    9.142748] calling  n_null_init+0x0/0x1e @ 1
[    9.149544] initcall n_null_init+0x0/0x1e returned 0 after 51 usecs
[    9.158559] calling  pty_init+0x0/0x1e8 @ 1
[    9.164962] initcall pty_init+0x0/0x1e8 returned 0 after 1025 usecs
[    9.172883] calling  sysrq_init+0x0/0x62 @ 1
[    9.178538] initcall sysrq_init+0x0/0x62 returned 0 after 16 usecs
[    9.186834] calling  serial8250_init+0x0/0x17e @ 1
[    9.194902] Serial: 8250/16550 driver, 4 ports, IRQ sharing enabled
[    9.207829] 00:03: ttyS0 at I/O 0x3f8 (irq = 4, base_baud = 115200) is a 16550A
[    9.225237] initcall serial8250_init+0x0/0x17e returned 0 after 30097 usecs
[    9.235286] calling  serial_pci_driver_init+0x0/0x15 @ 1
[    9.242916] initcall serial_pci_driver_init+0x0/0x15 returned 0 after 65 usecs
[    9.253078] calling  exar_pci_driver_init+0x0/0x15 @ 1
[    9.260097] initcall exar_pci_driver_init+0x0/0x15 returned 0 after 71 usecs
[    9.269804] calling  lpss8250_pci_driver_init+0x0/0x15 @ 1
[    9.277984] initcall lpss8250_pci_driver_init+0x0/0x15 returned 0 after 45 usecs
[    9.290023] calling  mid8250_pci_driver_init+0x0/0x15 @ 1
[    9.297765] initcall mid8250_pci_driver_init+0x0/0x15 returned 0 after 51 usecs
[    9.308178] calling  virtio_console_init+0x0/0xff @ 1
[    9.315976] initcall virtio_console_init+0x0/0xff returned 0 after 510 usecs
[    9.325977] calling  hpet_init+0x0/0x64 @ 1
[    9.335077] initcall hpet_init+0x0/0x64 returned 0 after 2797 usecs
[    9.345058] calling  nvram_module_init+0x0/0x83 @ 1
[    9.353887] Non-volatile memory driver v1.3
[    9.359989] initcall nvram_module_init+0x0/0x83 returned 0 after 7280 usecs
[    9.370141] calling  hwrng_modinit+0x0/0x8a @ 1
[    9.378181] initcall hwrng_modinit+0x0/0x8a returned 0 after 1273 usecs
[    9.388672] calling  mod_init+0x0/0x48 @ 1
[    9.394821] initcall mod_init+0x0/0x48 returned -19 after 0 usecs
[    9.403778] calling  agp_init+0x0/0x23 @ 1
[    9.410081] Linux agpgart interface v0.103
[    9.416724] initcall agp_init+0x0/0x23 returned 0 after 6484 usecs
[    9.425077] calling  agp_amd64_mod_init+0x0/0x5 @ 1
[    9.434203] initcall agp_amd64_mod_init+0x0/0x5 returned -19 after 302 usecs
[    9.446088] calling  agp_intel_init+0x0/0x28 @ 1
[    9.455017] initcall agp_intel_init+0x0/0x28 returned 0 after 1150 usecs
[    9.466144] calling  drm_kms_helper_init+0x0/0x7 @ 1
[    9.475216] initcall drm_kms_helper_init+0x0/0x7 returned 0 after 22 usecs
[    9.488459] calling  drm_core_init+0x0/0xbd @ 1
[    9.496792] initcall drm_core_init+0x0/0xbd returned 0 after 500 usecs
[    9.507954] calling  i915_init+0x0/0x6b @ 1
[    9.516220] initcall i915_init+0x0/0x6b returned 0 after 1152 usecs
[    9.526700] calling  cn_proc_init+0x0/0x35 @ 1
[    9.533379] initcall cn_proc_init+0x0/0x35 returned 0 after 148 usecs
[    9.543846] calling  topology_sysfs_init+0x0/0x27 @ 1
[    9.551246] initcall topology_sysfs_init+0x0/0x27 returned 0 after 168 usecs
[    9.561888] calling  cacheinfo_sysfs_init+0x0/0x27 @ 1
[    9.570963] initcall cacheinfo_sysfs_init+0x0/0x27 returned 0 after 1654 usecs
[    9.582727] calling  loop_init+0x0/0x16a @ 1
[    9.655365] loop: module loaded
[    9.660201] initcall loop_init+0x0/0x16a returned 0 after 68604 usecs
[    9.670658] calling  mac_hid_init+0x0/0x21 @ 1
[    9.677337] initcall mac_hid_init+0x0/0x21 returned 0 after 33 usecs
[    9.686964] calling  spi_transport_init+0x0/0x74 @ 1
[    9.694988] initcall spi_transport_init+0x0/0x74 returned 0 after 245 usecs
[    9.706007] calling  init_sd+0x0/0x18c @ 1
[    9.712854] initcall init_sd+0x0/0x18c returned 0 after 370 usecs
[    9.722525] calling  init_sr+0x0/0x43 @ 1
[    9.728790] initcall init_sr+0x0/0x43 returned 0 after 107 usecs
[    9.737174] calling  init_sg+0x0/0x1c0 @ 1
[    9.743387] initcall init_sg+0x0/0x1c0 returned 0 after 86 usecs
[    9.752946] calling  ahci_pci_driver_init+0x0/0x15 @ 1
[    9.761588] ahci 0000:00:1f.2: version 3.0
[    9.772043] PCI Interrupt Link [GSIA] enabled at IRQ 16
[    9.796285] ahci 0000:00:1f.2: AHCI 0001.0000 32 slots 6 ports 1.5 Gbps 0x3f impl SATA mode
[    9.809461] ahci 0000:00:1f.2: flags: 64bit ncq only 
[    9.846322] scsi host0: ahci
[    9.866260] scsi host1: ahci
[    9.881732] scsi host2: ahci
[    9.894037] scsi host3: ahci
[    9.903809] scsi host4: ahci
[    9.984321] scsi host5: ahci
[    9.998382] ata1: SATA max UDMA/133 abar m4096@0xfebf1000 port 0xfebf1100 irq 24
[   10.009970] ata2: SATA max UDMA/133 abar m4096@0xfebf1000 port 0xfebf1180 irq 24
[   10.022032] ata3: SATA max UDMA/133 abar m4096@0xfebf1000 port 0xfebf1200 irq 24
[   10.032882] ata4: SATA max UDMA/133 abar m4096@0xfebf1000 port 0xfebf1280 irq 24
[   10.045985] ata5: SATA max UDMA/133 abar m4096@0xfebf1000 port 0xfebf1300 irq 24
[   10.057273] ata6: SATA max UDMA/133 abar m4096@0xfebf1000 port 0xfebf1380 irq 24
[   10.076202] initcall ahci_pci_driver_init+0x0/0x15 returned 0 after 307185 usecs
[   10.087737] calling  piix_init+0x0/0x26 @ 1
[   10.101914] initcall piix_init+0x0/0x26 returned 0 after 6744 usecs
[   10.112606] calling  amd_pci_driver_init+0x0/0x15 @ 1
[   10.122002] initcall amd_pci_driver_init+0x0/0x15 returned 0 after 154 usecs
[   10.133850] calling  oldpiix_pci_driver_init+0x0/0x15 @ 1
[   10.144122] initcall oldpiix_pci_driver_init+0x0/0x15 returned 0 after 225 usecs
[   10.156932] calling  sch_pci_driver_init+0x0/0x15 @ 1
[   10.166133] initcall sch_pci_driver_init+0x0/0x15 returned 0 after 178 usecs
[   10.178835] calling  net_olddevs_init+0x0/0x55 @ 1
[   10.187698] initcall net_olddevs_init+0x0/0x55 returned 0 after 427 usecs
[   10.198920] calling  blackhole_netdev_init+0x0/0x78 @ 1
[   10.208727] initcall blackhole_netdev_init+0x0/0x78 returned 0 after 933 usecs
[   10.222152] calling  phy_module_init+0x0/0x13 @ 1
[   10.231942] initcall phy_module_init+0x0/0x13 returned 0 after 1740 usecs
[   10.242232] calling  tg3_driver_init+0x0/0x15 @ 1
[   10.249882] initcall tg3_driver_init+0x0/0x15 returned 0 after 461 usecs
[   10.261003] calling  e100_init_module+0x0/0x4c @ 1
[   10.269980] e100: Intel(R) PRO/100 Network Driver
[   10.277087] e100: Copyright(c) 1999-2006 Intel Corporation
[   10.285747] initcall e100_init_module+0x0/0x4c returned 0 after 15395 usecs
[   10.296509] calling  e1000_init_module+0x0/0x72 @ 1
[   10.304633] e1000: Intel(R) PRO/1000 Network Driver
[   10.312791] e1000: Copyright (c) 1999-2006 Intel Corporation.
[   10.322243] initcall e1000_init_module+0x0/0x72 returned 0 after 17196 usecs
[   10.335128] calling  e1000_init_module+0x0/0x2d @ 1
[   10.344142] e1000e: Intel(R) PRO/1000 Network Driver
[   10.352754] e1000e: Copyright(c) 1999 - 2015 Intel Corporation.
[   10.362225] initcall e1000_init_module+0x0/0x2d returned 0 after 17746 usecs
[   10.372999] calling  sky2_init_module+0x0/0x21 @ 1
[   10.381982] sky2: driver version 1.30
[   10.387941] initcall sky2_init_module+0x0/0x21 returned 0 after 5815 usecs
[   10.398726] calling  forcedeth_pci_driver_init+0x0/0x15 @ 1
[   10.407810] initcall forcedeth_pci_driver_init+0x0/0x15 returned 0 after 113 usecs
[   10.410942] ata2: SATA link down (SStatus 0 SControl 300)
[   10.420569] calling  rtl8139_init_module+0x0/0x15 @ 1
[   10.420643] initcall rtl8139_init_module+0x0/0x15 returned 0 after 67 usecs
[   10.435001] ata6: SATA link down (SStatus 0 SControl 300)
[   10.450592] calling  rtl8169_pci_driver_init+0x0/0x15 @ 1
[   10.462991] ata1: SATA link down (SStatus 0 SControl 300)
[   10.467773] initcall rtl8169_pci_driver_init+0x0/0x15 returned 0 after 594 usecs
[   10.479623] ata3: SATA link up 1.5 Gbps (SStatus 113 SControl 300)
[   10.488572] calling  cdrom_init+0x0/0xc @ 1
[   10.503087] ata3.00: ATAPI: QEMU DVD-ROM, 2.5+, max UDMA/100
[   10.517845] ata3.00: applying bridge limits
[   10.523073] initcall cdrom_init+0x0/0xc returned 0 after 15125 usecs
[   10.528347] ata4: SATA link down (SStatus 0 SControl 300)
[   10.535891] calling  nonstatic_sysfs_init+0x0/0xc @ 1
[   10.548001] ata5: SATA link down (SStatus 0 SControl 300)
[   10.552695] initcall nonstatic_sysfs_init+0x0/0xc returned 0 after 70 usecs
[   10.562852] ata3.00: configured for UDMA/100
[   10.571953] calling  yenta_cardbus_driver_init+0x0/0x15 @ 1
[   10.590075] initcall yenta_cardbus_driver_init+0x0/0x15 returned 0 after 1102 usecs
[   10.597072] scsi 2:0:0:0: CD-ROM            QEMU     QEMU DVD-ROM     2.5+ PQ: 0 ANSI: 5
[   10.602295] calling  mon_init+0x0/0x144 @ 1
[   10.638692] initcall mon_init+0x0/0x144 returned 0 after 15315 usecs
[   10.650311] calling  ehci_hcd_init+0x0/0x56 @ 1
[   10.658346] ehci_hcd: USB 2.0 'Enhanced' Host Controller (EHCI) Driver
[   10.670100] initcall ehci_hcd_init+0x0/0x56 returned 0 after 11474 usecs
[   10.682909] calling  ehci_pci_init+0x0/0x64 @ 1
[   10.691787] ehci-pci: EHCI PCI platform driver
[   10.700849] initcall ehci_pci_init+0x0/0x64 returned 0 after 8881 usecs
[   10.713971] calling  ohci_hcd_mod_init+0x0/0x4e @ 1
[   10.724169] ohci_hcd: USB 1.1 'Open' Host Controller (OHCI) Driver
[   10.724229] sr 2:0:0:0: [sr0] scsi3-mmc drive: 4x/4x cd/rw xa/form2 tray
[   10.735249] initcall ohci_hcd_mod_init+0x0/0x4e returned 0 after 10816 usecs
[   10.747759] cdrom: Uniform CD-ROM driver Revision: 3.20
[   10.759923] calling  ohci_pci_init+0x0/0x64 @ 1
[   10.759929] ohci-pci: OHCI PCI platform driver
[   10.759992] initcall ohci_pci_init+0x0/0x64 returned 0 after 62 usecs
[   10.797911] calling  uhci_hcd_init+0x0/0xa8 @ 1
[   10.806233] uhci_hcd: USB Universal Host Controller Interface driver
[   10.818971] initcall uhci_hcd_init+0x0/0xa8 returned 0 after 12435 usecs
[   10.830481] calling  xhci_hcd_init+0x0/0x1e @ 1
[   10.838002] initcall xhci_hcd_init+0x0/0x1e returned 0 after 769 usecs
[   10.847677] calling  xhci_pci_init+0x0/0x49 @ 1
[   10.855359] initcall xhci_pci_init+0x0/0x49 returned 0 after 431 usecs
[   10.865500] calling  usblp_driver_init+0x0/0x15 @ 1
[   10.874314] usbcore: registered new interface driver usblp
[   10.883665] initcall usblp_driver_init+0x0/0x15 returned 0 after 9567 usecs
[   10.896652] calling  usb_storage_driver_init+0x0/0x2a @ 1
[   10.906633] usbcore: registered new interface driver usb-storage
[   10.919054] initcall usb_storage_driver_init+0x0/0x2a returned 0 after 12511 usecs
[   10.932295] calling  i8042_init+0x0/0x4c2 @ 1
[   10.940926] i8042: PNP: PS/2 Controller [PNP0303:KBD,PNP0f13:MOU] at 0x60,0x64 irq 1,12
[   10.947006] sr 2:0:0:0: Attached scsi CD-ROM sr0
[   10.965940] sr 2:0:0:0: Attached scsi generic sg0 type 5
[   10.971278] serio: i8042 KBD port at 0x60,0x64 irq 1
[   10.985003] serio: i8042 AUX port at 0x60,0x64 irq 12
[   10.994311] initcall i8042_init+0x0/0x4c2 returned 0 after 53325 usecs
[   11.006703] calling  serport_init+0x0/0x2c @ 1
[   11.013991] initcall serport_init+0x0/0x2c returned 0 after 366 usecs
[   11.024684] calling  input_leds_init+0x0/0xc @ 1
[   11.032678] initcall input_leds_init+0x0/0xc returned 0 after 316 usecs
[   11.043905] calling  evdev_init+0x0/0xc @ 1
[   11.053837] initcall evdev_init+0x0/0xc returned 0 after 2935 usecs
[   11.063929] calling  atkbd_init+0x0/0x21 @ 1
[   11.072511] initcall atkbd_init+0x0/0x21 returned 0 after 1559 usecs
[   11.076343] input: AT Translated Set 2 keyboard as /devices/platform/i8042/serio0/input/input1
[   11.083271] calling  psmouse_init+0x0/0x7f @ 1
[   11.107274] initcall psmouse_init+0x0/0x7f returned 0 after 337 usecs
[   11.119677] calling  cmos_init+0x0/0x73 @ 1
[   11.128969] rtc_cmos 00:04: RTC can wake from S4
[   11.150769] rtc_cmos 00:04: registered as rtc0
[   11.164253] rtc_cmos 00:04: alarms up to one day, y3k, 242 bytes nvram, hpet irqs
[   11.181120] initcall cmos_init+0x0/0x73 returned 0 after 52585 usecs
[   11.193064] calling  smbalert_driver_init+0x0/0xe @ 1
[   11.202817] initcall smbalert_driver_init+0x0/0xe returned 0 after 185 usecs
[   11.215151] calling  i2c_i801_init+0x0/0xc5 @ 1
[   11.240892] i801_smbus 0000:00:1f.3: SMBus using PCI interrupt
[   11.253265] i2c i2c-0: 1/1 memory slots populated (from DMI)
[   11.263683] i2c i2c-0: Memory type 0x07 not supported yet, not instantiating SPD
[   11.277105] initcall i2c_i801_init+0x0/0xc5 returned 0 after 52495 usecs
[   11.288737] calling  ptp_kvm_init+0x0/0xf0 @ 1
[   11.298217] initcall ptp_kvm_init+0x0/0xf0 returned 0 after 2339 usecs
[   11.309014] calling  dm_init+0x0/0x3c @ 1
[   11.324717] device-mapper: ioctl: 4.43.0-ioctl (2020-10-01) initialised: dm-devel@redhat.com
[   11.338916] initcall dm_init+0x0/0x3c returned 0 after 21653 usecs
[   11.349774] calling  dm_mirror_init+0x0/0x29 @ 1
[   11.358067] initcall dm_mirror_init+0x0/0x29 returned 0 after 39 usecs
[   11.372210] calling  dm_dirty_log_init+0x0/0x4f @ 1
[   11.381155] initcall dm_dirty_log_init+0x0/0x4f returned 0 after 148 usecs
[   11.393777] calling  dm_zero_init+0x0/0x29 @ 1
[   11.404234] initcall dm_zero_init+0x0/0x29 returned 0 after 2315 usecs
[   11.415649] calling  intel_pstate_init+0x0/0x512 @ 1
[   11.424323] intel_pstate: CPU model not supported
[   11.432979] initcall intel_pstate_init+0x0/0x512 returned -19 after 8490 usecs
[   11.444998] calling  haltpoll_init+0x0/0xc0 @ 1
[   11.452815] initcall haltpoll_init+0x0/0xc0 returned -19 after 36 usecs
[   11.464701] calling  efivars_sysfs_init+0x0/0x30 @ 1
[   11.473816] initcall efivars_sysfs_init+0x0/0x30 returned 0 after 68 usecs
[   11.485815] calling  esrt_sysfs_init+0x0/0x2a2 @ 1
[   11.494638] initcall esrt_sysfs_init+0x0/0x2a2 returned -38 after 1 usecs
[   11.506182] calling  hid_init+0x0/0x5c @ 1
[   11.514328] hid: raw HID events driver (C) Jiri Kosina
[   11.523974] initcall hid_init+0x0/0x5c returned 0 after 9873 usecs
[   11.534617] calling  hid_generic_init+0x0/0x15 @ 1
[   11.543366] initcall hid_generic_init+0x0/0x15 returned 0 after 201 usecs
[   11.554731] calling  a4_driver_init+0x0/0x15 @ 1
[   11.562830] initcall a4_driver_init+0x0/0x15 returned 0 after 49 usecs
[   11.574033] calling  apple_driver_init+0x0/0x15 @ 1
[   11.582732] initcall apple_driver_init+0x0/0x15 returned 0 after 152 usecs
[   11.594681] calling  belkin_driver_init+0x0/0x15 @ 1
[   11.603139] initcall belkin_driver_init+0x0/0x15 returned 0 after 92 usecs
[   11.613933] calling  ch_driver_init+0x0/0x15 @ 1
[   11.621454] initcall ch_driver_init+0x0/0x15 returned 0 after 391 usecs
[   11.635304] calling  ch_driver_init+0x0/0x15 @ 1
[   11.644151] initcall ch_driver_init+0x0/0x15 returned 0 after 314 usecs
[   11.656283] calling  cp_driver_init+0x0/0x15 @ 1
[   11.664150] initcall cp_driver_init+0x0/0x15 returned 0 after 336 usecs
[   11.676014] calling  ez_driver_init+0x0/0x15 @ 1
[   11.685234] initcall ez_driver_init+0x0/0x15 returned 0 after 376 usecs
[   11.697004] calling  gyration_driver_init+0x0/0x15 @ 1
[   11.707096] initcall gyration_driver_init+0x0/0x15 returned 0 after 790 usecs
[   11.720114] calling  ite_driver_init+0x0/0x15 @ 1
[   11.729724] initcall ite_driver_init+0x0/0x15 returned 0 after 630 usecs
[   11.741990] calling  ks_driver_init+0x0/0x15 @ 1
[   11.751194] initcall ks_driver_init+0x0/0x15 returned 0 after 323 usecs
[   11.763675] calling  lg_driver_init+0x0/0x15 @ 1
[   11.772115] initcall lg_driver_init+0x0/0x15 returned 0 after 63 usecs
[   11.783576] calling  lg_g15_driver_init+0x0/0x15 @ 1
[   11.792879] initcall lg_g15_driver_init+0x0/0x15 returned 0 after 161 usecs
[   11.804914] calling  ms_driver_init+0x0/0x15 @ 1
[   11.812883] initcall ms_driver_init+0x0/0x15 returned 0 after 49 usecs
[   11.824684] calling  mr_driver_init+0x0/0x15 @ 1
[   11.832535] initcall mr_driver_init+0x0/0x15 returned 0 after 51 usecs
[   11.843070] calling  ntrig_driver_init+0x0/0x15 @ 1
[   11.850840] initcall ntrig_driver_init+0x0/0x15 returned 0 after 172 usecs
[   11.862055] calling  pl_driver_init+0x0/0x15 @ 1
[   11.869867] initcall pl_driver_init+0x0/0x15 returned 0 after 83 usecs
[   11.880585] calling  pl_driver_init+0x0/0x15 @ 1
[   11.888580] initcall pl_driver_init+0x0/0x15 returned 0 after 220 usecs
[   11.898638] calling  redragon_driver_init+0x0/0x15 @ 1
[   11.906175] initcall redragon_driver_init+0x0/0x15 returned 0 after 44 usecs
[   11.916480] calling  samsung_driver_init+0x0/0x15 @ 1
[   11.925082] initcall samsung_driver_init+0x0/0x15 returned 0 after 46 usecs
[   11.935466] calling  sony_init+0x0/0x38 @ 1
[   11.942131] initcall sony_init+0x0/0x38 returned 0 after 122 usecs
[   11.951747] calling  sp_driver_init+0x0/0x15 @ 1
[   11.959914] initcall sp_driver_init+0x0/0x15 returned 0 after 141 usecs
[   11.970338] calling  ts_driver_init+0x0/0x15 @ 1
[   11.977277] initcall ts_driver_init+0x0/0x15 returned 0 after 244 usecs
[   11.987038] calling  hid_init+0x0/0x58 @ 1
[   11.993888] usbcore: registered new interface driver usbhid
[   12.002876] usbhid: USB HID core driver
[   12.010116] initcall hid_init+0x0/0x58 returned 0 after 16111 usecs
[   12.021101] calling  eeepc_laptop_init+0x0/0x57 @ 1
[   12.031353] initcall eeepc_laptop_init+0x0/0x57 returned -19 after 1571 usecs
[   12.042445] calling  pmc_atom_init+0x0/0x27a @ 1
[   12.050293] initcall pmc_atom_init+0x0/0x27a returned -19 after 276 usecs
[   12.061085] calling  alsa_hwdep_init+0x0/0x5e @ 1
[   12.070167] initcall alsa_hwdep_init+0x0/0x5e returned 0 after 996 usecs
[   12.081826] calling  alsa_timer_init+0x0/0x1f9 @ 1
[   12.091354] initcall alsa_timer_init+0x0/0x1f9 returned 0 after 1412 usecs
[   12.102113] calling  snd_hrtimer_init+0x0/0x117 @ 1
[   12.110077] initcall snd_hrtimer_init+0x0/0x117 returned 0 after 4 usecs
[   12.119751] calling  alsa_pcm_init+0x0/0x64 @ 1
[   12.126605] initcall alsa_pcm_init+0x0/0x64 returned 0 after 15 usecs
[   12.136429] calling  alsa_seq_init+0x0/0x4a @ 1
[   12.144139] initcall alsa_seq_init+0x0/0x4a returned 0 after 729 usecs
[   12.154816] calling  alsa_seq_dummy_init+0x0/0x9c @ 1
[   12.162785] initcall alsa_seq_dummy_init+0x0/0x9c returned 0 after 65 usecs
[   12.173825] calling  azx_driver_init+0x0/0x15 @ 1
[   12.182140] initcall azx_driver_init+0x0/0x15 returned 0 after 737 usecs
[   12.192507] calling  sock_diag_init+0x0/0x2a @ 1
[   12.200840] initcall sock_diag_init+0x0/0x2a returned 0 after 977 usecs
[   12.211046] calling  blackhole_init+0x0/0xc @ 1
[   12.218510] initcall blackhole_init+0x0/0xc returned 0 after 3 usecs
[   12.228824] calling  nfnetlink_init+0x0/0x61 @ 1
[   12.236104] initcall nfnetlink_init+0x0/0x61 returned 0 after 99 usecs
[   12.245785] calling  nfnetlink_log_init+0x0/0x99 @ 1
[   12.253687] initcall nfnetlink_log_init+0x0/0x99 returned 0 after 144 usecs
[   12.265024] calling  nf_conntrack_standalone_init+0x0/0x87 @ 1
[   12.282248] initcall nf_conntrack_standalone_init+0x0/0x87 returned 0 after 7890 usecs
[   12.295704] calling  ctnetlink_init+0x0/0x83 @ 1
[   12.303183] initcall ctnetlink_init+0x0/0x83 returned 0 after 318 usecs
[   12.313957] calling  nf_conntrack_ftp_init+0x0/0x12c @ 1
[   12.323187] initcall nf_conntrack_ftp_init+0x0/0x12c returned 0 after 308 usecs
[   12.335042] calling  nf_conntrack_irc_init+0x0/0x129 @ 1
[   12.344052] initcall nf_conntrack_irc_init+0x0/0x129 returned 0 after 356 usecs
[   12.354374] calling  nf_conntrack_sip_init+0x0/0x172 @ 1
[   12.362016] initcall nf_conntrack_sip_init+0x0/0x172 returned 0 after 240 usecs
[   12.409581] calling  nf_nat_init+0x0/0xf0 @ 1
[   12.454900] initcall nf_nat_init+0x0/0xf0 returned 0 after 35380 usecs
[   12.469407] calling  nf_nat_ftp_init+0x0/0x2a @ 1
[   12.485822] input: ImExPS/2 Generic Explorer Mouse as /devices/platform/i8042/serio1/input/input3
[   12.499067] initcall nf_nat_ftp_init+0x0/0x2a returned 0 after 22157 usecs
[   12.515803] calling  nf_nat_irc_init+0x0/0x2a @ 1
[   12.526225] initcall nf_nat_irc_init+0x0/0x2a returned 0 after 3103 usecs
[   12.536297] calling  nf_nat_sip_init+0x0/0x36 @ 1
[   12.543758] initcall nf_nat_sip_init+0x0/0x36 returned 0 after 4 usecs
[   12.554469] calling  xt_init+0x0/0x146 @ 1
[   12.561720] initcall xt_init+0x0/0x146 returned 0 after 323 usecs
[   12.571691] calling  tcpudp_mt_init+0x0/0x11 @ 1
[   12.579444] initcall tcpudp_mt_init+0x0/0x11 returned 0 after 258 usecs
[   12.589167] calling  connsecmark_tg_init+0x0/0xc @ 1
[   12.596284] initcall connsecmark_tg_init+0x0/0xc returned 0 after 23 usecs
[   12.607056] calling  nflog_tg_init+0x0/0xc @ 1
[   12.608132] tasks-rude-torture: rcu_torture_read_exit: End of episode
[   12.614790] initcall nflog_tg_init+0x0/0xc returned 0 after 2 usecs
[   12.614794] calling  secmark_tg_init+0x0/0x11 @ 1
[   12.645794] initcall secmark_tg_init+0x0/0x11 returned 0 after 91 usecs
