c[?7l[2J[0mSeaBIOS (version 1.16.0-debian-1.16.0-4)
Booting from ROM...
early console in setup code
c[?7l[2J[    0.000000] Linux version 5.10.154+ (root@joelboxx.c.googlers.com) (gcc (Debian 12.2.0-3) 12.2.0, GNU ld (GNU Binutils for Debian) 2.39) #12 SMP PREEMPT Tue Dec 13 06:28:39 UTC 2022
[    0.000000] Command line: selinux=0 initcall_debug debug console=ttyS0 rcutorture.torture_type=tasks rcutorture.onoff_interval=1000 rcutorture.onoff_holdoff=30 rcutorture.n_barrier_cbs=4 rcutorture.stat_interval=15 rcutorture.shutdown_secs=1800 rcutorture.test_no_idle_hz=1 rcutorture.verbose=1
[    0.000000] x86/fpu: x87 FPU will use FXSAVE
[    0.000000] BIOS-provided physical RAM map:
[    0.000000] BIOS-e820: [mem 0x0000000000000000-0x000000000009fbff] usable
[    0.000000] BIOS-e820: [mem 0x000000000009fc00-0x000000000009ffff] reserved
[    0.000000] BIOS-e820: [mem 0x00000000000f0000-0x00000000000fffff] reserved
[    0.000000] BIOS-e820: [mem 0x0000000000100000-0x000000001ffdefff] usable
[    0.000000] BIOS-e820: [mem 0x000000001ffdf000-0x000000001fffffff] reserved
[    0.000000] BIOS-e820: [mem 0x00000000b0000000-0x00000000bfffffff] reserved
[    0.000000] BIOS-e820: [mem 0x00000000fed1c000-0x00000000fed1ffff] reserved
[    0.000000] BIOS-e820: [mem 0x00000000feffc000-0x00000000feffffff] reserved
[    0.000000] BIOS-e820: [mem 0x00000000fffc0000-0x00000000ffffffff] reserved
[    0.000000] NX (Execute Disable) protection: active
[    0.000000] SMBIOS 2.8 present.
[    0.000000] DMI: QEMU Standard PC (Q35 + ICH9, 2009), BIOS 1.16.0-debian-1.16.0-4 04/01/2014
[    0.000000] Hypervisor detected: KVM
[    0.000000] kvm-clock: Using msrs 4b564d01 and 4b564d00
[    0.000000] kvm-clock: cpu 0, msr 13f29001, primary cpu clock
[    0.000085] kvm-clock: using sched offset of 2434640974 cycles
[    0.000542] clocksource: kvm-clock: mask: 0xffffffffffffffff max_cycles: 0x1cd42e4dffb, max_idle_ns: 881590591483 ns
[    0.000994] tsc: Detected 1999.999 MHz processor
[    0.013369] e820: update [mem 0x00000000-0x00000fff] usable ==> reserved
[    0.013380] e820: remove [mem 0x000a0000-0x000fffff] usable
[    0.013390] last_pfn = 0x1ffdf max_arch_pfn = 0x400000000
[    0.014721] MTRR default type: write-back
[    0.014816] MTRR fixed ranges enabled:
[    0.014819]   00000-9FFFF write-back
[    0.014821]   A0000-BFFFF uncachable
[    0.014824]   C0000-FFFFF write-protect
[    0.014827] MTRR variable ranges enabled:
[    0.014830]   0 base 00C0000000 mask FFC0000000 uncachable
[    0.014832]   1 disabled
[    0.014834]   2 disabled
[    0.014836]   3 disabled
[    0.014838]   4 disabled
[    0.014840]   5 disabled
[    0.014842]   6 disabled
[    0.014845]   7 disabled
[    0.015389] x86/PAT: Configuration [0-7]: WB  WC  UC- UC  WB  WC  UC- UC  
[    0.024853] found SMP MP-table at [mem 0x000f5ba0-0x000f5baf]
[    0.027961] check: Scanning 1 areas for low memory corruption
[    0.053911] ACPI: Early table checksum verification disabled
[    0.057021] ACPI: RSDP 0x00000000000F59E0 000014 (v00 BOCHS )
[    0.057461] ACPI: RSDT 0x000000001FFE22F5 000038 (v01 BOCHS  BXPC     00000001 BXPC 00000001)
[    0.057827] ACPI: FACP 0x000000001FFE20E5 0000F4 (v03 BOCHS  BXPC     00000001 BXPC 00000001)
[    0.057941] ACPI: DSDT 0x000000001FFE0040 0020A5 (v01 BOCHS  BXPC     00000001 BXPC 00000001)
[    0.057949] ACPI: FACS 0x000000001FFE0000 000040
[    0.057965] ACPI: APIC 0x000000001FFE21D9 000080 (v01 BOCHS  BXPC     00000001 BXPC 00000001)
[    0.058019] ACPI: HPET 0x000000001FFE2259 000038 (v01 BOCHS  BXPC     00000001 BXPC 00000001)
[    0.058027] ACPI: MCFG 0x000000001FFE2291 00003C (v01 BOCHS  BXPC     00000001 BXPC 00000001)
[    0.058034] ACPI: WAET 0x000000001FFE22CD 000028 (v01 BOCHS  BXPC     00000001 BXPC 00000001)
[    0.058042] ACPI: Reserving FACP table memory at [mem 0x1ffe20e5-0x1ffe21d8]
[    0.058045] ACPI: Reserving DSDT table memory at [mem 0x1ffe0040-0x1ffe20e4]
[    0.058048] ACPI: Reserving FACS table memory at [mem 0x1ffe0000-0x1ffe003f]
[    0.058051] ACPI: Reserving APIC table memory at [mem 0x1ffe21d9-0x1ffe2258]
[    0.058054] ACPI: Reserving HPET table memory at [mem 0x1ffe2259-0x1ffe2290]
[    0.058056] ACPI: Reserving MCFG table memory at [mem 0x1ffe2291-0x1ffe22cc]
[    0.058059] ACPI: Reserving WAET table memory at [mem 0x1ffe22cd-0x1ffe22f4]
[    0.059360] ACPI: Local APIC address 0xfee00000
[    0.064928] No NUMA configuration found
[    0.064938] Faking a node at [mem 0x0000000000000000-0x000000001ffdefff]
[    0.065113] NODE_DATA(0) allocated [mem 0x1ffdb000-0x1ffdefff]
[    0.068139] Zone ranges:
[    0.068344]   DMA      [mem 0x0000000000001000-0x0000000000ffffff]
[    0.068410]   DMA32    [mem 0x0000000001000000-0x000000001ffdefff]
[    0.068415]   Normal   empty
[    0.068418] Movable zone start for each node
[    0.068422] Early memory node ranges
[    0.068425]   node   0: [mem 0x0000000000001000-0x000000000009efff]
[    0.068538]   node   0: [mem 0x0000000000100000-0x000000001ffdefff]
[    0.068689] Initmem setup node 0 [mem 0x0000000000001000-0x000000001ffdefff]
[    0.068755] On node 0 totalpages: 130941
[    0.068959]   DMA zone: 64 pages used for memmap
[    0.068961]   DMA zone: 21 pages reserved
[    0.068964]   DMA zone: 3998 pages, LIFO batch:0
[    0.068967]   DMA32 zone: 1984 pages used for memmap
[    0.068970]   DMA32 zone: 126943 pages, LIFO batch:31
[    0.074410] On node 0, zone DMA: 1 pages in unavailable ranges
[    0.083652] On node 0, zone DMA: 97 pages in unavailable ranges
[    0.272239] On node 0, zone DMA32: 33 pages in unavailable ranges
[    0.277096] ACPI: PM-Timer IO Port: 0x608
[    0.277107] ACPI: Local APIC address 0xfee00000
[    0.277480] ACPI: LAPIC_NMI (acpi_id[0xff] dfl dfl lint[0x1])
[    0.279383] IOAPIC[0]: apic_id 0, version 17, address 0xfec00000, GSI 0-23
[    0.279622] ACPI: INT_SRC_OVR (bus 0 bus_irq 0 global_irq 2 dfl dfl)
[    0.279713] ACPI: INT_SRC_OVR (bus 0 bus_irq 5 global_irq 5 high level)
[    0.279716] ACPI: INT_SRC_OVR (bus 0 bus_irq 9 global_irq 9 high level)
[    0.279922] ACPI: INT_SRC_OVR (bus 0 bus_irq 10 global_irq 10 high level)
[    0.279926] ACPI: INT_SRC_OVR (bus 0 bus_irq 11 global_irq 11 high level)
[    0.280010] ACPI: IRQ0 used by override.
[    0.280013] ACPI: IRQ5 used by override.
[    0.280015] ACPI: IRQ9 used by override.
[    0.280018] ACPI: IRQ10 used by override.
[    0.280020] ACPI: IRQ11 used by override.
[    0.280103] Using ACPI (MADT) for SMP configuration information
[    0.280297] ACPI: HPET id: 0x8086a201 base: 0xfed00000
[    0.280945] smpboot: Allowing 2 CPUs, 0 hotplug CPUs
[    0.283821] PM: hibernation: Registered nosave memory: [mem 0x00000000-0x00000fff]
[    0.283826] PM: hibernation: Registered nosave memory: [mem 0x0009f000-0x0009ffff]
[    0.283828] PM: hibernation: Registered nosave memory: [mem 0x000a0000-0x000effff]
[    0.283831] PM: hibernation: Registered nosave memory: [mem 0x000f0000-0x000fffff]
[    0.283836] [mem 0x20000000-0xafffffff] available for PCI devices
[    0.283962] Booting paravirtualized kernel on KVM
[    0.284603] clocksource: refined-jiffies: mask: 0xffffffff max_cycles: 0xffffffff, max_idle_ns: 1910969940391419 ns
[    0.333293] setup_percpu: NR_CPUS:2 nr_cpumask_bits:2 nr_cpu_ids:2 nr_node_ids:1
[    0.376179] percpu: Embedded 58 pages/cpu s198480 r8192 d30896 u1048576
[    0.376282] pcpu-alloc: s198480 r8192 d30896 u1048576 alloc=1*2097152
[    0.376350] pcpu-alloc: [0] 0 1 
[    0.376795] kvm-guest: stealtime: cpu 0, msr 1f41bb40
[    0.379129] Built 1 zonelists, mobility grouping on.  Total pages: 128872
[    0.379134] Policy zone: DMA32
[    0.379272] Kernel command line: selinux=0 initcall_debug debug console=ttyS0 rcutorture.torture_type=tasks rcutorture.onoff_interval=1000 rcutorture.onoff_holdoff=30 rcutorture.n_barrier_cbs=4 rcutorture.stat_interval=15 rcutorture.shutdown_secs=1800 rcutorture.test_no_idle_hz=1 rcutorture.verbose=1
[    0.388722] Dentry cache hash table entries: 65536 (order: 7, 524288 bytes, linear)
[    0.388795] Inode-cache hash table entries: 32768 (order: 6, 262144 bytes, linear)
[    0.389560] mem auto-init: stack:all(zero), heap alloc:off, heap free:off
[    0.397999] Memory: 466776K/523764K available (16398K kernel code, 2805K rwdata, 4836K rodata, 1516K init, 13268K bss, 56728K reserved, 0K cma-reserved)
[    0.400170] SLUB: HWalign=64, Order=0-3, MinObjects=0, CPUs=2, Nodes=1
[    0.401267] Kernel/User page tables isolation: enabled
[    0.412268] Running RCU self tests
[    0.412800] rcu: Preemptible hierarchical RCU implementation.
[    0.412804] rcu: 	RCU event tracing is enabled.
[    0.412808] rcu: 	RCU lockdep checking is enabled.
[    0.412859] 	Trampoline variant of Tasks RCU enabled.
[    0.412862] 	Rude variant of Tasks RCU enabled.
[    0.412864] 	Tracing variant of Tasks RCU enabled.
[    0.413058] rcu: RCU calculated value of scheduler-enlistment delay is 100 jiffies.
[    0.430180] NR_IRQS: 4352, nr_irqs: 440, preallocated irqs: 16
[    0.434516] calling  con_init+0x0/0x24f @ 0
[    0.577010] Console: colour VGA+ 80x25
[    0.577156] initcall con_init+0x0/0x24f returned 0 after 0 usecs
[    0.577161] calling  hvc_console_init+0x0/0x13 @ 0
[    0.577203] initcall hvc_console_init+0x0/0x13 returned 0 after 0 usecs
[    0.577207] calling  univ8250_console_init+0x0/0x26 @ 0
[    1.497773] printk: console [ttyS0] enabled
[    1.503124] initcall univ8250_console_init+0x0/0x26 returned 0 after 0 usecs
[    1.510895] Lock dependency validator: Copyright (c) 2006 Red Hat, Inc., Ingo Molnar
[    1.519319] ... MAX_LOCKDEP_SUBCLASSES:  8
[    1.523792] ... MAX_LOCK_DEPTH:          48
[    1.528384] ... MAX_LOCKDEP_KEYS:        8192
[    1.533227] ... CLASSHASH_SIZE:          4096
[    1.537994] ... MAX_LOCKDEP_ENTRIES:     32768
[    1.542958] ... MAX_LOCKDEP_CHAINS:      65536
[    1.547808] ... CHAINHASH_SIZE:          32768
[    1.552669]  memory used by lock dependency info: 6365 kB
[    1.558476]  memory used for stack traces: 4224 kB
[    1.563641]  per task-struct memory footprint: 1920 bytes
[    1.574955] ACPI: Core revision 20200925
[    1.582383] clocksource: hpet: mask: 0xffffffff max_cycles: 0xffffffff, max_idle_ns: 19112604467 ns
[    1.597002] APIC: Switch to symmetric I/O mode setup
[    1.618296] ..TIMER: vector=0x30 apic1=0 pin1=2 apic2=-1 pin2=-1
[    1.625234] clocksource: tsc-early: mask: 0xffffffffffffffff max_cycles: 0x39a85afc727, max_idle_ns: 881590685098 ns
[    1.637049] Calibrating delay loop (skipped) preset value.. 3999.99 BogoMIPS (lpj=1999999)
[    1.637780] pid_max: default: 32768 minimum: 301
[    1.639394] LSM: Security Framework initializing
[    1.641279] Mount-cache hash table entries: 1024 (order: 1, 8192 bytes, linear)
[    1.641793] Mountpoint-cache hash table entries: 1024 (order: 1, 8192 bytes, linear)
[    1.654901] Last level iTLB entries: 4KB 0, 2MB 0, 4MB 0
[    1.655765] Last level dTLB entries: 4KB 0, 2MB 0, 4MB 0, 1GB 0
[    1.656925] Spectre V1 : Mitigation: usercopy/swapgs barriers and __user pointer sanitization
[    1.657767] Spectre V2 : Mitigation: Retpolines
[    1.658764] Spectre V2 : Spectre v2 / SpectreRSB mitigation: Filling RSB on context switch
[    1.659765] Spectre V2 : Spectre v2 / SpectreRSB : Filling RSB on VMEXIT
[    1.660765] Speculative Store Bypass: Vulnerable
[    1.661805] MDS: Vulnerable: Clear CPU buffers attempted, no microcode
[    1.662764] MMIO Stale Data: Unknown: No mitigations
[    1.732684] Freeing SMP alternatives memory: 40K
[    1.836309] smpboot: CPU0: Intel Common KVM processor (family: 0xf, model: 0x6, stepping: 0x1)
[    1.839595] calling  init_hw_perf_events+0x0/0x6ce @ 1
[    1.839793] Performance Events: unsupported Netburst CPU model 6 no PMU driver, software events only.
[    1.840774] initcall init_hw_perf_events+0x0/0x6ce returned 0 after 976 usecs
[    1.841772] calling  init_real_mode+0x0/0x1e9 @ 1
[    1.843310] initcall init_real_mode+0x0/0x1e9 returned 0 after 0 usecs
[    1.843770] calling  trace_init_perf_perm_irq_work_exit+0x0/0x12 @ 1
[    1.844793] initcall trace_init_perf_perm_irq_work_exit+0x0/0x12 returned 0 after 0 usecs
[    1.845800] calling  validate_x2apic+0x0/0x4a @ 1
[    1.846796] initcall validate_x2apic+0x0/0x4a returned 0 after 0 usecs
[    1.847770] calling  register_nmi_cpu_backtrace_handler+0x0/0x15 @ 1
[    1.849790] initcall register_nmi_cpu_backtrace_handler+0x0/0x15 returned 0 after 0 usecs
[    1.850770] calling  kvm_setup_vsyscall_timeinfo+0x0/0xd1 @ 1
[    1.851771] initcall kvm_setup_vsyscall_timeinfo+0x0/0xd1 returned 0 after 0 usecs
[    1.852798] calling  spawn_ksoftirqd+0x0/0x38 @ 1
[    1.855061] initcall spawn_ksoftirqd+0x0/0x38 returned 0 after 0 usecs
[    1.855805] calling  migration_init+0x0/0x31 @ 1
[    1.856775] initcall migration_init+0x0/0x31 returned 0 after 0 usecs
[    1.857774] calling  srcu_bootup_announce+0x0/0x2f @ 1
[    1.858780] rcu: Hierarchical SRCU implementation.
[    1.859784] initcall srcu_bootup_announce+0x0/0x2f returned 0 after 976 usecs
[    1.860769] calling  rcu_spawn_gp_kthread+0x0/0x1b0 @ 1
[    1.861947] initcall rcu_spawn_gp_kthread+0x0/0x1b0 returned 0 after 0 usecs
[    1.862770] calling  check_cpu_stall_init+0x0/0x1a @ 1
[    1.863771] initcall check_cpu_stall_init+0x0/0x1a returned 0 after 0 usecs
[    1.864770] calling  rcu_sysrq_init+0x0/0x21 @ 1
[    1.865834] initcall rcu_sysrq_init+0x0/0x21 returned 0 after 0 usecs
[    1.866953] calling  trace_init_flags_sys_enter+0x0/0xe @ 1
[    1.867815] initcall trace_init_flags_sys_enter+0x0/0xe returned 0 after 0 usecs
[    1.868770] calling  trace_init_flags_sys_exit+0x0/0xe @ 1
[    1.869773] initcall trace_init_flags_sys_exit+0x0/0xe returned 0 after 0 usecs
[    1.870770] calling  cpu_stop_init+0x0/0x8d @ 1
[    1.872204] initcall cpu_stop_init+0x0/0x8d returned 0 after 0 usecs
[    1.873770] calling  init_kprobes+0x0/0x16e @ 1
[    1.876052] initcall init_kprobes+0x0/0x16e returned 0 after 976 usecs
[    1.876769] calling  init_events+0x0/0x3d @ 1
[    1.879045] initcall init_events+0x0/0x3d returned 0 after 976 usecs
[    1.879769] calling  init_trace_printk+0x0/0xc @ 1
[    1.880770] initcall init_trace_printk+0x0/0xc returned 0 after 0 usecs
[    1.881769] calling  event_trace_enable_again+0x0/0x23 @ 1
[    1.882770] initcall event_trace_enable_again+0x0/0x23 returned 0 after 0 usecs
[    1.883769] calling  static_call_init+0x0/0x79 @ 1
[    1.884770] initcall static_call_init+0x0/0x79 returned 0 after 0 usecs
[    1.885769] calling  jump_label_init_module+0x0/0xc @ 1
[    1.886771] initcall jump_label_init_module+0x0/0xc returned 0 after 0 usecs
[    1.887772] calling  init_zero_pfn+0x0/0x37 @ 1
[    1.888770] initcall init_zero_pfn+0x0/0x37 returned 0 after 0 usecs
[    1.889770] calling  initialize_ptr_random+0x0/0x54 @ 1
[    1.891768] initcall initialize_ptr_random+0x0/0x54 returned 0 after 976 usecs
[    1.892770] calling  efi_memreserve_root_init+0x0/0x25 @ 1
[    1.893831] initcall efi_memreserve_root_init+0x0/0x25 returned 0 after 0 usecs
[    1.894782] calling  efi_earlycon_remap_fb+0x0/0x51 @ 1
[    1.895772] initcall efi_earlycon_remap_fb+0x0/0x51 returned 0 after 0 usecs
[    1.897257] smp: Bringing up secondary CPUs ...
[    1.899330] x86: Booting SMP configuration:
[    1.899779] .... node  #0, CPUs:      #1
[    1.201600] kvm-clock: cpu 1, msr 13f29041, secondary cpu clock
[    1.925154] kvm-guest: stealtime: cpu 1, msr 1f51bb40
[    1.939021] smp: Brought up 1 node, 2 CPUs
[    1.939777] smpboot: Max logical packages: 1
[    1.940768] smpboot: Total of 2 processors activated (7999.99 BogoMIPS)
[    1.966430] devtmpfs: initialized
[    1.973911] calling  ipc_ns_init+0x0/0x3d @ 1
[    1.979878] initcall ipc_ns_init+0x0/0x3d returned 0 after 0 usecs
[    1.986772] calling  init_mmap_min_addr+0x0/0x21 @ 1
[    1.992771] initcall init_mmap_min_addr+0x0/0x21 returned 0 after 0 usecs
[    2.000771] calling  pci_realloc_setup_params+0x0/0x3f @ 1
[    2.006810] initcall pci_realloc_setup_params+0x0/0x3f returned 0 after 0 usecs
[    2.016783] calling  net_ns_init+0x0/0x140 @ 1
[    2.023867] initcall net_ns_init+0x0/0x140 returned 0 after 1953 usecs
[    2.024792] calling  e820__register_nvs_regions+0x0/0x37 @ 1
[    2.025774] initcall e820__register_nvs_regions+0x0/0x37 returned 0 after 0 usecs
[    2.026773] calling  cpufreq_register_tsc_scaling+0x0/0x2e @ 1
[    2.027773] initcall cpufreq_register_tsc_scaling+0x0/0x2e returned 0 after 0 usecs
[    2.029771] calling  reboot_init+0x0/0x3c @ 1
[    2.030843] initcall reboot_init+0x0/0x3c returned 0 after 0 usecs
[    2.031772] calling  init_lapic_sysfs+0x0/0x20 @ 1
[    2.032791] initcall init_lapic_sysfs+0x0/0x20 returned 0 after 0 usecs
[    2.033771] calling  alloc_frozen_cpus+0x0/0x7 @ 1
[    2.034768] initcall alloc_frozen_cpus+0x0/0x7 returned 0 after 0 usecs
[    2.035769] calling  cpu_hotplug_pm_sync_init+0x0/0x13 @ 1
[    2.036797] initcall cpu_hotplug_pm_sync_init+0x0/0x13 returned 0 after 0 usecs
[    2.037769] calling  wq_sysfs_init+0x0/0x2a @ 1
[    2.038899] initcall wq_sysfs_init+0x0/0x2a returned 0 after 0 usecs
[    2.040771] calling  ksysfs_init+0x0/0x92 @ 1
[    2.041815] initcall ksysfs_init+0x0/0x92 returned 0 after 0 usecs
[    2.042770] calling  schedutil_gov_init+0x0/0xc @ 1
[    2.044768] initcall schedutil_gov_init+0x0/0xc returned 0 after 976 usecs
[    2.045769] calling  pm_init+0x0/0x76 @ 1
[    2.046931] initcall pm_init+0x0/0x76 returned 0 after 0 usecs
[    2.047769] calling  pm_disk_init+0x0/0x13 @ 1
[    2.048820] initcall pm_disk_init+0x0/0x13 returned 0 after 0 usecs
[    2.049769] calling  swsusp_header_init+0x0/0x2b @ 1
[    2.050773] initcall swsusp_header_init+0x0/0x2b returned 0 after 0 usecs
[    2.051768] calling  rcu_set_runtime_mode+0x0/0x2a @ 1
[    2.055045] initcall rcu_set_runtime_mode+0x0/0x2a returned 0 after 1953 usecs
[    2.055771] calling  init_jiffies_clocksource+0x0/0x13 @ 1
[    2.056769] clocksource: jiffies: mask: 0xffffffff max_cycles: 0xffffffff, max_idle_ns: 1911260446275000 ns
[    2.057775] initcall init_jiffies_clocksource+0x0/0x13 returned 0 after 976 usecs
[    2.058774] calling  futex_init+0x0/0x11b @ 1
[    2.059774] futex hash table entries: 512 (order: 4, 65536 bytes, linear)
[    2.060821] initcall futex_init+0x0/0x11b returned 0 after 976 usecs
[    2.061770] calling  cgroup_wq_init+0x0/0x28 @ 1
[    2.062806] initcall cgroup_wq_init+0x0/0x28 returned 0 after 0 usecs
[    2.063769] calling  cgroup1_wq_init+0x0/0x28 @ 1
[    2.064804] initcall cgroup1_wq_init+0x0/0x28 returned 0 after 0 usecs
[    2.065769] calling  init_kprobe_trace_early+0x0/0x2a @ 1
[    2.067886] initcall init_kprobe_trace_early+0x0/0x2a returned 0 after 0 usecs
[    2.068770] calling  fsnotify_init+0x0/0x56 @ 1
[    2.069811] initcall fsnotify_init+0x0/0x56 returned 0 after 0 usecs
[    2.070769] calling  filelock_init+0x0/0xb3 @ 1
[    2.071802] initcall filelock_init+0x0/0xb3 returned 0 after 0 usecs
[    2.072767] calling  init_misc_binfmt+0x0/0x2c @ 1
[    2.074768] initcall init_misc_binfmt+0x0/0x2c returned 0 after 976 usecs
[    2.075769] calling  init_script_binfmt+0x0/0x15 @ 1
[    2.076788] initcall init_script_binfmt+0x0/0x15 returned 0 after 0 usecs
[    2.077767] calling  init_elf_binfmt+0x0/0x15 @ 1
[    2.078768] initcall init_elf_binfmt+0x0/0x15 returned 0 after 0 usecs
[    2.079786] calling  init_compat_elf_binfmt+0x0/0x15 @ 1
[    2.080769] initcall init_compat_elf_binfmt+0x0/0x15 returned 0 after 0 usecs
[    2.081769] calling  debugfs_init+0x0/0x5c @ 1
[    2.082784] initcall debugfs_init+0x0/0x5c returned 0 after 0 usecs
[    2.083802] calling  tracefs_init+0x0/0x3a @ 1
[    2.084778] initcall tracefs_init+0x0/0x3a returned 0 after 0 usecs
[    2.085768] calling  prandom_init_early+0x0/0x15d @ 1
[    2.086769] initcall prandom_init_early+0x0/0x15d returned 0 after 0 usecs
[    2.087822] calling  virtio_init+0x0/0x20 @ 1
[    2.088830] initcall virtio_init+0x0/0x20 returned 0 after 0 usecs
[    2.089770] calling  iommu_init+0x0/0x2a @ 1
[    2.090831] initcall iommu_init+0x0/0x2a returned 0 after 0 usecs
[    2.091771] calling  component_debug_init+0x0/0x1c @ 1
[    2.093161] initcall component_debug_init+0x0/0x1c returned 0 after 0 usecs
[    2.093770] calling  early_resume_init+0x0/0xb9 @ 1
[    2.095778] PM: RTC time: 06:38:14, date: 2022-12-13
[    2.096798] initcall early_resume_init+0x0/0xb9 returned 0 after 1953 usecs
[    2.097773] calling  cpufreq_core_init+0x0/0x62 @ 1
[    2.099787] initcall cpufreq_core_init+0x0/0x62 returned 0 after 0 usecs
[    2.100771] calling  cpufreq_gov_performance_init+0x0/0xc @ 1
[    2.101775] initcall cpufreq_gov_performance_init+0x0/0xc returned 0 after 0 usecs
[    2.102770] calling  cpufreq_gov_userspace_init+0x0/0xc @ 1
[    2.103772] initcall cpufreq_gov_userspace_init+0x0/0xc returned 0 after 0 usecs
[    2.104770] calling  CPU_FREQ_GOV_ONDEMAND_init+0x0/0xc @ 1
[    2.105785] initcall CPU_FREQ_GOV_ONDEMAND_init+0x0/0xc returned 0 after 0 usecs
[    2.106769] calling  cpuidle_init+0x0/0x1f @ 1
[    2.107805] initcall cpuidle_init+0x0/0x1f returned 0 after 0 usecs
[    2.108769] calling  capsule_reboot_register+0x0/0xc @ 1
[    2.109813] initcall capsule_reboot_register+0x0/0xc returned 0 after 0 usecs
[    2.110770] calling  sock_init+0x0/0x93 @ 1
[    2.113032] initcall sock_init+0x0/0x93 returned 0 after 976 usecs
[    2.113771] calling  net_inuse_init+0x0/0x23 @ 1
[    2.114819] initcall net_inuse_init+0x0/0x23 returned 0 after 0 usecs
[    2.115771] calling  net_defaults_init+0x0/0x23 @ 1
[    2.116770] initcall net_defaults_init+0x0/0x23 returned 0 after 0 usecs
[    2.117776] calling  init_default_flow_dissectors+0x0/0x4f @ 1
[    2.118802] initcall init_default_flow_dissectors+0x0/0x4f returned 0 after 0 usecs
[    2.119769] calling  netpoll_init+0x0/0x44 @ 1
[    2.120769] initcall netpoll_init+0x0/0x44 returned 0 after 0 usecs
[    2.121769] calling  netlink_proto_init+0x0/0x154 @ 1
[    2.124023] NET: Registered protocol family 16
[    2.125011] initcall netlink_proto_init+0x0/0x154 returned 0 after 1953 usecs
[    2.125771] calling  genl_init+0x0/0x35 @ 1
[    2.126896] initcall genl_init+0x0/0x35 returned 0 after 0 usecs
[    2.127808] calling  bsp_pm_check_init+0x0/0x13 @ 1
[    2.128771] initcall bsp_pm_check_init+0x0/0x13 returned 0 after 0 usecs
[    2.129799] calling  irq_sysfs_init+0x0/0xb9 @ 1
[    2.131882] initcall irq_sysfs_init+0x0/0xb9 returned 0 after 976 usecs
[    2.132771] calling  audit_init+0x0/0x127 @ 1
[    2.133775] audit: initializing netlink subsys (disabled)
[    2.135941] audit: type=2000 audit(1670913492.645:1): state=initialized audit_enabled=0 res=1
[    2.135941] initcall audit_init+0x0/0x127 returned 0 after 1953 usecs
[    2.144775] calling  release_early_probes+0x0/0x32 @ 1
[    2.150772] initcall release_early_probes+0x0/0x32 returned 0 after 0 usecs
[    2.158772] calling  bdi_class_init+0x0/0x48 @ 1
[    2.165007] initcall bdi_class_init+0x0/0x48 returned 0 after 976 usecs
[    2.173778] calling  mm_sysfs_init+0x0/0x28 @ 1
[    2.179786] initcall mm_sysfs_init+0x0/0x28 returned 0 after 0 usecs
[    2.187774] calling  init_per_zone_wmark_min+0x0/0x6d @ 1
[    2.194813] initcall init_per_zone_wmark_min+0x0/0x6d returned 0 after 0 usecs
[    2.203778] calling  mpi_init+0x0/0x3e @ 1
[    2.208802] initcall mpi_init+0x0/0x3e returned 0 after 0 usecs
[    2.216772] calling  kobject_uevent_init+0x0/0xc @ 1
[    2.222951] initcall kobject_uevent_init+0x0/0xc returned 0 after 0 usecs
[    2.231770] calling  pcibus_class_init+0x0/0x13 @ 1
[    2.237806] initcall pcibus_class_init+0x0/0x13 returned 0 after 0 usecs
[    2.245774] calling  pci_driver_init+0x0/0x21 @ 1
[    2.251841] initcall pci_driver_init+0x0/0x21 returned 0 after 0 usecs
[    2.260890] calling  backlight_class_init+0x0/0xa8 @ 1
[    2.267827] initcall backlight_class_init+0x0/0xa8 returned 0 after 0 usecs
[    2.276773] calling  tty_class_init+0x0/0x33 @ 1
[    2.281800] initcall tty_class_init+0x0/0x33 returned 0 after 0 usecs
[    2.290775] calling  vtconsole_class_init+0x0/0xb5 @ 1
[    2.299202] initcall vtconsole_class_init+0x0/0xb5 returned 0 after 976 usecs
[    2.309776] calling  iommu_dev_init+0x0/0x13 @ 1
[    2.316818] initcall iommu_dev_init+0x0/0x13 returned 0 after 976 usecs
[    2.326815] calling  mipi_dsi_bus_init+0x0/0xc @ 1
[    2.333832] initcall mipi_dsi_bus_init+0x0/0xc returned 0 after 0 usecs
[    2.343772] calling  devlink_class_init+0x0/0x40 @ 1
[    2.350858] initcall devlink_class_init+0x0/0x40 returned 0 after 976 usecs
[    2.361773] calling  software_node_init+0x0/0x2a @ 1
[    2.369786] initcall software_node_init+0x0/0x2a returned 0 after 0 usecs
[    2.379773] calling  wakeup_sources_debugfs_init+0x0/0x23 @ 1
[    2.390815] initcall wakeup_sources_debugfs_init+0x0/0x23 returned 0 after 0 usecs
[    2.399769] calling  wakeup_sources_sysfs_init+0x0/0x2c @ 1
[    2.406794] initcall wakeup_sources_sysfs_init+0x0/0x2c returned 0 after 0 usecs
[    2.416783] calling  register_node_type+0x0/0x13 @ 1
[    2.422882] initcall register_node_type+0x0/0x13 returned 0 after 0 usecs
[    2.431774] calling  regmap_initcall+0x0/0xc @ 1
[    2.437962] initcall regmap_initcall+0x0/0xc returned 0 after 0 usecs
[    2.445790] calling  i2c_init+0x0/0xb3 @ 1
[    2.450795] initcall i2c_init+0x0/0xb3 returned 0 after 0 usecs
[    2.457777] calling  thermal_init+0x0/0x116 @ 1
[    2.463950] thermal_sys: Registered thermal governor 'step_wise'
[    2.463955] thermal_sys: Registered thermal governor 'user_space'
[    2.472803] initcall thermal_init+0x0/0x116 returned 0 after 9765 usecs
[    2.491774] calling  init_menu+0x0/0xc @ 1
[    2.498019] cpuidle: using governor menu
[    2.503772] initcall init_menu+0x0/0xc returned 0 after 5859 usecs
[    2.510772] calling  pcc_init+0x0/0x4d @ 1
[    2.515790] initcall pcc_init+0x0/0x4d returned -19 after 0 usecs
[    2.522779] calling  amd_postcore_init+0x0/0x11e @ 1
[    2.528771] initcall amd_postcore_init+0x0/0x11e returned 0 after 0 usecs
[    2.536824] calling  bts_init+0x0/0xba @ 1
[    2.541771] initcall bts_init+0x0/0xba returned -19 after 0 usecs
[    2.548769] calling  pt_init+0x0/0x34d @ 1
[    2.552770] initcall pt_init+0x0/0x34d returned -19 after 0 usecs
[    2.559769] calling  boot_params_ksysfs_init+0x0/0x2ee @ 1
[    2.566828] initcall boot_params_ksysfs_init+0x0/0x2ee returned 0 after 0 usecs
[    2.576772] calling  sbf_init+0x0/0xea @ 1
[    2.581771] initcall sbf_init+0x0/0xea returned 0 after 0 usecs
[    2.588777] calling  arch_kdebugfs_init+0x0/0x219 @ 1
[    2.594969] initcall arch_kdebugfs_init+0x0/0x219 returned 0 after 0 usecs
[    2.602771] calling  intel_pconfig_init+0x0/0x85 @ 1
[    2.608772] initcall intel_pconfig_init+0x0/0x85 returned 0 after 0 usecs
[    2.616770] calling  mtrr_if_init+0x0/0x5d @ 1
[    2.622780] initcall mtrr_if_init+0x0/0x5d returned 0 after 0 usecs
[    2.629769] calling  activate_jump_labels+0x0/0x31 @ 1
[    2.636774] initcall activate_jump_labels+0x0/0x31 returned 0 after 0 usecs
[    2.646790] calling  ffh_cstate_init+0x0/0x29 @ 1
[    2.653795] initcall ffh_cstate_init+0x0/0x29 returned 0 after 0 usecs
[    2.661776] calling  activate_jump_labels+0x0/0x31 @ 1
[    2.671777] initcall activate_jump_labels+0x0/0x31 returned 0 after 1953 usecs
[    2.680774] calling  kvm_alloc_cpumask+0x0/0x74 @ 1
[    2.686830] initcall kvm_alloc_cpumask+0x0/0x74 returned 0 after 0 usecs
[    2.694772] calling  kcmp_cookies_init+0x0/0x37 @ 1
[    2.700779] initcall kcmp_cookies_init+0x0/0x37 returned 0 after 0 usecs
[    2.709772] calling  cryptomgr_init+0x0/0xc @ 1
[    2.714767] initcall cryptomgr_init+0x0/0xc returned 0 after 0 usecs
[    2.722783] calling  acpi_pci_init+0x0/0x57 @ 1
[    2.728803] ACPI: bus type PCI registered
[    2.733776] initcall acpi_pci_init+0x0/0x57 returned 0 after 4882 usecs
[    2.741773] calling  dma_channel_table_init+0x0/0xd1 @ 1
[    2.748792] initcall dma_channel_table_init+0x0/0xd1 returned 0 after 0 usecs
[    2.757774] calling  dma_bus_init+0x0/0xdc @ 1
[    2.763917] initcall dma_bus_init+0x0/0xdc returned 0 after 0 usecs
[    2.772275] calling  iommu_dma_init+0x0/0x10 @ 1
[    2.779590] initcall iommu_dma_init+0x0/0x10 returned 0 after 0 usecs
[    2.787779] calling  dmi_id_init+0x0/0x37c @ 1
[    2.793989] initcall dmi_id_init+0x0/0x37c returned 0 after 0 usecs
[    2.800772] calling  pci_arch_init+0x0/0x71 @ 1
[    2.807131] PCI: MMCONFIG for domain 0000 [bus 00-ff] at [mem 0xb0000000-0xbfffffff] (base 0xb0000000)
[    2.820780] PCI: MMCONFIG at [mem 0xb0000000-0xbfffffff] reserved in E820
[    2.830906] PCI: Using configuration type 1 for base access
[    2.838835] initcall pci_arch_init+0x0/0x71 returned 0 after 31250 usecs
[    2.846792] calling  init_vdso+0x0/0x13 @ 1
[    2.851816] initcall init_vdso+0x0/0x13 returned 0 after 0 usecs
[    2.858769] calling  sysenter_setup+0x0/0x13 @ 1
[    2.864805] initcall sysenter_setup+0x0/0x13 returned 0 after 0 usecs
[    2.871769] calling  fixup_ht_bug+0x0/0xe5 @ 1
[    2.876769] initcall fixup_ht_bug+0x0/0xe5 returned 0 after 0 usecs
[    2.884772] calling  topology_init+0x0/0x88 @ 1
[    2.889981] initcall topology_init+0x0/0x88 returned 0 after 0 usecs
[    2.897774] calling  intel_epb_init+0x0/0x68 @ 1
[    2.903771] initcall intel_epb_init+0x0/0x68 returned -19 after 0 usecs
[    2.911770] calling  mtrr_init_finialize+0x0/0x3e @ 1
[    2.917785] initcall mtrr_init_finialize+0x0/0x3e returned 0 after 0 usecs
[    2.927776] calling  uid_cache_init+0x0/0x85 @ 1
[    2.934821] initcall uid_cache_init+0x0/0x85 returned 0 after 0 usecs
[    2.943775] calling  param_sysfs_init+0x0/0x1ba @ 1
[    2.963349] initcall param_sysfs_init+0x0/0x1ba returned 0 after 12695 usecs
[    2.971791] calling  user_namespace_sysctl_init+0x0/0x33 @ 1
[    2.978788] initcall user_namespace_sysctl_init+0x0/0x33 returned 0 after 0 usecs
[    2.986776] calling  proc_schedstat_init+0x0/0x24 @ 1
[    2.992778] initcall proc_schedstat_init+0x0/0x24 returned 0 after 0 usecs
[    3.000770] calling  pm_sysrq_init+0x0/0x18 @ 1
[    3.007003] initcall pm_sysrq_init+0x0/0x18 returned 0 after 0 usecs
[    3.013965] calling  create_proc_profile+0x0/0xd0 @ 1
[    3.019796] initcall create_proc_profile+0x0/0xd0 returned 0 after 0 usecs
[    3.027775] calling  time_ns_init+0x0/0x7 @ 1
[    3.033769] initcall time_ns_init+0x0/0x7 returned 0 after 0 usecs
[    3.040769] calling  crash_save_vmcoreinfo_init+0x0/0x722 @ 1
[    3.047864] initcall crash_save_vmcoreinfo_init+0x0/0x722 returned 0 after 0 usecs
[    3.056777] calling  crash_notes_memory_init+0x0/0x35 @ 1
[    3.062776] initcall crash_notes_memory_init+0x0/0x35 returned 0 after 0 usecs
[    3.071768] calling  cgroup_sysfs_init+0x0/0x13 @ 1
[    3.077845] initcall cgroup_sysfs_init+0x0/0x13 returned 0 after 0 usecs
[    3.086772] calling  cgroup_namespaces_init+0x0/0x7 @ 1
[    3.091772] initcall cgroup_namespaces_init+0x0/0x7 returned 0 after 0 usecs
[    3.099772] calling  init_optprobes+0x0/0x13 @ 1
[    3.106010] Kprobes globally optimized
[    3.110772] initcall init_optprobes+0x0/0x13 returned 0 after 4882 usecs
[    3.119784] calling  oom_init+0x0/0x2f @ 1
[    3.126093] initcall oom_init+0x0/0x2f returned 0 after 976 usecs
[    3.132790] calling  default_bdi_init+0x0/0xb3 @ 1
[    3.140818] initcall default_bdi_init+0x0/0xb3 returned 0 after 1953 usecs
[    3.141778] calling  percpu_enable_async+0x0/0xe @ 1
[    3.142774] initcall percpu_enable_async+0x0/0xe returned 0 after 0 usecs
[    3.143773] calling  kcompactd_init+0x0/0x8d @ 1
[    3.145020] initcall kcompactd_init+0x0/0x8d returned 0 after 976 usecs
[    3.152899] calling  init_user_reserve+0x0/0x40 @ 1
[    3.158772] initcall init_user_reserve+0x0/0x40 returned 0 after 0 usecs
[    3.166773] calling  init_admin_reserve+0x0/0x40 @ 1
[    3.172769] initcall init_admin_reserve+0x0/0x40 returned 0 after 0 usecs
[    3.180776] calling  init_reserve_notifier+0x0/0x7 @ 1
[    3.186777] initcall init_reserve_notifier+0x0/0x7 returned 0 after 0 usecs
[    3.194777] calling  swap_init_sysfs+0x0/0x62 @ 1
[    3.200794] initcall swap_init_sysfs+0x0/0x62 returned 0 after 0 usecs
[    3.208777] calling  swapfile_init+0x0/0x94 @ 1
[    3.213790] initcall swapfile_init+0x0/0x94 returned 0 after 0 usecs
[    3.221770] calling  hugetlb_init+0x0/0x49c @ 1
[    3.226777] HugeTLB registered 2.00 MiB page size, pre-allocated 0 pages
[    3.234817] initcall hugetlb_init+0x0/0x49c returned 0 after 7812 usecs
[    3.242797] calling  io_wq_init+0x0/0x34 @ 1
[    3.247776] initcall io_wq_init+0x0/0x34 returned 0 after 0 usecs
[    3.256771] calling  seqiv_module_init+0x0/0xc @ 1
[    3.263967] initcall seqiv_module_init+0x0/0xc returned 0 after 0 usecs
[    3.272784] calling  echainiv_module_init+0x0/0xc @ 1
[    3.280778] initcall echainiv_module_init+0x0/0xc returned 0 after 0 usecs
[    3.290863] calling  rsa_init+0x0/0x50 @ 1
[    3.298039] initcall rsa_init+0x0/0x50 returned 0 after 976 usecs
[    3.298039] cryptomgr_test (29) used greatest stack depth: 14864 bytes left
[    3.298779] calling  crypto_cmac_module_init+0x0/0xc @ 1
[    3.298785] initcall crypto_cmac_module_init+0x0/0xc returned 0 after 0 usecs
[    3.298787] calling  hmac_module_init+0x0/0xc @ 1
[    3.298791] initcall hmac_module_init+0x0/0xc returned 0 after 0 usecs
[    3.298793] calling  crypto_null_mod_init+0x0/0x65 @ 1
[    3.349003] initcall crypto_null_mod_init+0x0/0x65 returned 0 after 48828 usecs
[    3.357794] calling  md5_mod_init+0x0/0xc @ 1
[    3.363952] initcall md5_mod_init+0x0/0xc returned 0 after 976 usecs
[    3.364785] calling  sha256_generic_mod_init+0x0/0x11 @ 1
[    3.367412] initcall sha256_generic_mod_init+0x0/0x11 returned 0 after 976 usecs
[    3.367777] calling  crypto_cbc_module_init+0x0/0xc @ 1
[    3.368772] initcall crypto_cbc_module_init+0x0/0xc returned 0 after 0 usecs
[    3.369770] calling  crypto_ctr_module_init+0x0/0x11 @ 1
[    3.370772] initcall crypto_ctr_module_init+0x0/0x11 returned 0 after 0 usecs
[    3.371773] calling  crypto_gcm_module_init+0x0/0x64 @ 1
[    3.372830] initcall crypto_gcm_module_init+0x0/0x64 returned 0 after 0 usecs
[    3.373769] calling  crypto_ccm_module_init+0x0/0x11 @ 1
[    3.374773] initcall crypto_ccm_module_init+0x0/0x11 returned 0 after 0 usecs
[    3.375785] calling  aes_init+0x0/0xc @ 1
[    3.378023] initcall aes_init+0x0/0xc returned 0 after 976 usecs
[    3.384779] calling  crc32c_mod_init+0x0/0xc @ 1
[    3.391782] initcall crc32c_mod_init+0x0/0xc returned 0 after 1953 usecs
[    3.393793] calling  crypto_authenc_module_init+0x0/0xc @ 1
[    3.394776] initcall crypto_authenc_module_init+0x0/0xc returned 0 after 0 usecs
[    3.395771] calling  crypto_authenc_esn_module_init+0x0/0xc @ 1
[    3.398544] initcall crypto_authenc_esn_module_init+0x0/0xc returned 0 after 976 usecs
[    3.398775] calling  drbg_init+0x0/0x7c @ 1
[    3.405855] initcall drbg_init+0x0/0x7c returned 0 after 5859 usecs
[    3.406783] calling  ghash_mod_init+0x0/0xc @ 1
[    3.411575] initcall ghash_mod_init+0x0/0xc returned 0 after 2929 usecs
[    3.411777] calling  init_bio+0x0/0x9a @ 1
[    3.413809] initcall init_bio+0x0/0x9a returned 0 after 976 usecs
[    3.414771] calling  blk_settings_init+0x0/0x29 @ 1
[    3.415771] initcall blk_settings_init+0x0/0x29 returned 0 after 0 usecs
[    3.416772] calling  blk_ioc_init+0x0/0x29 @ 1
[    3.417780] initcall blk_ioc_init+0x0/0x29 returned 0 after 0 usecs
[    3.418770] calling  blk_mq_init+0x0/0xb9 @ 1
[    3.419781] initcall blk_mq_init+0x0/0xb9 returned 0 after 0 usecs
[    3.420770] calling  genhd_device_init+0x0/0x75 @ 1
[    3.425786] initcall genhd_device_init+0x0/0x75 returned 0 after 3906 usecs
[    3.426879] calling  pci_slot_init+0x0/0x40 @ 1
[    3.427786] initcall pci_slot_init+0x0/0x40 returned 0 after 0 usecs
[    3.428772] calling  fbmem_init+0x0/0xd8 @ 1
[    3.430331] initcall fbmem_init+0x0/0xd8 returned 0 after 0 usecs
[    3.431773] calling  acpi_init+0x0/0x319 @ 1
[    3.433086] ACPI: Added _OSI(Module Device)
[    3.433771] ACPI: Added _OSI(Processor Device)
[    3.434769] ACPI: Added _OSI(3.0 _SCP Extensions)
[    3.435769] ACPI: Added _OSI(Processor Aggregator Device)
[    3.436778] ACPI: Added _OSI(Linux-Dell-Video)
[    3.437775] ACPI: Added _OSI(Linux-Lenovo-NV-HDMI-Audio)
[    3.438772] ACPI: Added _OSI(Linux-HPI-Hybrid-Graphics)
[    3.445387] ACPI: 1 ACPI AML tables successfully acquired and loaded
[    3.454976] ACPI: Interpreter enabled
[    3.456798] ACPI: (supports S0 S3 S4 S5)
[    3.457773] ACPI: Using IOAPIC for interrupt routing
[    3.458880] PCI: Using host bridge windows from ACPI; if necessary, use "pci=nocrs" and report a bug
[    3.461759] ACPI: Enabled 2 GPEs in block 00 to 3F
[    3.474759] ACPI: PCI Root Bridge [PCI0] (domain 0000 [bus 00-ff])
[    3.476775] acpi PNP0A08:00: _OSC: OS supports [ExtendedConfig ASPM ClockPM Segments MSI HPX-Type3]
[    3.478993] acpi PNP0A08:00: _OSC: platform does not support [LTR]
[    3.480172] acpi PNP0A08:00: _OSC: OS now controls [PME PCIeCapability]
[    3.481178] PCI host bridge to bus 0000:00
[    3.481772] pci_bus 0000:00: root bus resource [io  0x0000-0x0cf7 window]
[    3.482787] pci_bus 0000:00: root bus resource [io  0x0d00-0xffff window]
[    3.483770] pci_bus 0000:00: root bus resource [mem 0x000a0000-0x000bffff window]
[    3.484776] pci_bus 0000:00: root bus resource [mem 0x20000000-0xafffffff window]
[    3.485775] pci_bus 0000:00: root bus resource [mem 0xc0000000-0xfebfffff window]
[    3.486777] pci_bus 0000:00: root bus resource [mem 0x100000000-0x8ffffffff window]
[    3.487776] pci_bus 0000:00: root bus resource [bus 00-ff]
[    3.490029] pci 0000:00:00.0: calling  quirk_mmio_always_on+0x0/0x10 @ 1
[    3.490803] pci 0000:00:00.0: quirk_mmio_always_on+0x0/0x10 took 0 usecs
[    3.491787] pci 0000:00:00.0: [8086:29c0] type 00 class 0x060000
[    3.496771] pci 0000:00:00.0: calling  quirk_igfx_skip_te_disable+0x0/0x80 @ 1
[    3.497773] pci 0000:00:00.0: quirk_igfx_skip_te_disable+0x0/0x80 took 0 usecs
[    3.501120] pci 0000:00:01.0: [1234:1111] type 00 class 0x030000
[    3.508759] pci 0000:00:01.0: reg 0x10: [mem 0xfd000000-0xfdffffff pref]
[    3.520720] pci 0000:00:01.0: reg 0x18: [mem 0xfebf0000-0xfebf0fff]
[    3.538563] pci 0000:00:01.0: reg 0x30: [mem 0xfebe0000-0xfebeffff pref]
[    3.542759] pci 0000:00:01.0: calling  efifb_fixup_resources+0x0/0xf0 @ 1
[    3.543807] pci 0000:00:01.0: efifb_fixup_resources+0x0/0xf0 took 0 usecs
[    3.554797] pci 0000:00:1f.0: [8086:2918] type 00 class 0x060100
[    3.561759] pci 0000:00:1f.0: calling  quirk_ich7_lpc+0x0/0x60 @ 1
[    3.564028] pci 0000:00:1f.0: quirk: [io  0x0600-0x067f] claimed by ICH6 ACPI/GPIO/TCO
[    3.565219] pci 0000:00:1f.0: quirk_ich7_lpc+0x0/0x60 took 1953 usecs
[    3.566018] pci 0000:00:1f.0: calling  quirk_igfx_skip_te_disable+0x0/0x80 @ 1
[    3.566883] pci 0000:00:1f.0: quirk_igfx_skip_te_disable+0x0/0x80 took 0 usecs
[    3.571323] pci 0000:00:1f.2: [8086:2922] type 00 class 0x010601
[    3.580769] pci 0000:00:1f.2: reg 0x20: [io  0xc040-0xc05f]
[    3.583768] pci 0000:00:1f.2: reg 0x24: [mem 0xfebf1000-0xfebf1fff]
[    3.586970] pci 0000:00:1f.2: calling  quirk_igfx_skip_te_disable+0x0/0x80 @ 1
[    3.587775] pci 0000:00:1f.2: quirk_igfx_skip_te_disable+0x0/0x80 took 0 usecs
[    3.593144] pci 0000:00:1f.3: [8086:2930] type 00 class 0x0c0500
[    3.601040] pci 0000:00:1f.3: reg 0x20: [io  0x0700-0x073f]
[    3.603799] pci 0000:00:1f.3: calling  quirk_igfx_skip_te_disable+0x0/0x80 @ 1
[    3.604774] pci 0000:00:1f.3: quirk_igfx_skip_te_disable+0x0/0x80 took 0 usecs
[    3.615655] ACPI: PCI Interrupt Link [LNKA] (IRQs 5 *10 11)
[    3.617307] ACPI: PCI Interrupt Link [LNKB] (IRQs 5 *10 11)
[    3.618292] ACPI: PCI Interrupt Link [LNKC] (IRQs 5 10 *11)
[    3.620222] ACPI: PCI Interrupt Link [LNKD] (IRQs 5 10 *11)
[    3.621355] ACPI: PCI Interrupt Link [LNKE] (IRQs 5 *10 11)
[    3.622292] ACPI: PCI Interrupt Link [LNKF] (IRQs 5 *10 11)
[    3.623310] ACPI: PCI Interrupt Link [LNKG] (IRQs 5 10 *11)
[    3.624288] ACPI: PCI Interrupt Link [LNKH] (IRQs 5 10 *11)
[    3.625007] ACPI: PCI Interrupt Link [GSIA] (IRQs *16)
[    3.625815] ACPI: PCI Interrupt Link [GSIB] (IRQs *17)
[    3.626817] ACPI: PCI Interrupt Link [GSIC] (IRQs *18)
[    3.627819] ACPI: PCI Interrupt Link [GSID] (IRQs *19)
[    3.628814] ACPI: PCI Interrupt Link [GSIE] (IRQs *20)
[    3.629813] ACPI: PCI Interrupt Link [GSIF] (IRQs *21)
[    3.630824] ACPI: PCI Interrupt Link [GSIG] (IRQs *22)
[    3.632271] ACPI: PCI Interrupt Link [GSIH] (IRQs *23)
[    3.652759] initcall acpi_init+0x0/0x319 returned 0 after 213867 usecs
[    3.653927] calling  pnp_init+0x0/0xc @ 1
[    3.654881] initcall pnp_init+0x0/0xc returned 0 after 0 usecs
[    3.655774] calling  misc_init+0x0/0xbf @ 1
[    3.659501] initcall misc_init+0x0/0xbf returned 0 after 1953 usecs
[    3.659775] calling  iommu_subsys_init+0x0/0x4e @ 1
[    3.660829] iommu: Default domain type: Translated 
[    3.661778] initcall iommu_subsys_init+0x0/0x4e returned 0 after 976 usecs
[    3.662771] calling  vga_arb_device_init+0x0/0x261 @ 1
[    3.679163] pci 0000:00:01.0: vgaarb: setting as boot VGA device
[    3.679759] pci 0000:00:01.0: vgaarb: VGA device added: decodes=io+mem,owns=io+mem,locks=none
[    3.679774] pci 0000:00:01.0: vgaarb: bridge control possible
[    3.680774] vgaarb: loaded
[    3.681775] initcall vga_arb_device_init+0x0/0x261 returned 0 after 17578 usecs
[    3.682824] calling  cn_init+0x0/0xf0 @ 1
[    3.684687] initcall cn_init+0x0/0xf0 returned 0 after 0 usecs
[    3.684772] calling  dma_buf_init+0x0/0xad @ 1
[    3.686972] initcall dma_buf_init+0x0/0xad returned 0 after 976 usecs
[    3.687770] calling  dma_resv_lockdep+0x0/0x281 @ 1
[    3.691517] initcall dma_resv_lockdep+0x0/0x281 returned 0 after 1953 usecs
[    3.691775] calling  init_scsi+0x0/0x79 @ 1
[    3.693904] SCSI subsystem initialized
[    3.694774] initcall init_scsi+0x0/0x79 returned 0 after 1953 usecs
[    3.695771] calling  ata_init+0x0/0x332 @ 1
[    3.698943] libata version 3.00 loaded.
[    3.703771] initcall ata_init+0x0/0x332 returned 0 after 6835 usecs
[    3.710771] calling  phy_init+0x0/0x250 @ 1
[    3.716878] initcall phy_init+0x0/0x250 returned 0 after 0 usecs
[    3.724772] calling  init_pcmcia_cs+0x0/0x35 @ 1
[    3.730857] initcall init_pcmcia_cs+0x0/0x35 returned 0 after 0 usecs
[    3.738773] calling  usb_common_init+0x0/0x1c @ 1
[    3.745061] initcall usb_common_init+0x0/0x1c returned 0 after 976 usecs
[    3.753769] calling  usb_init+0x0/0x12e @ 1
[    3.758908] ACPI: bus type USB registered
[    3.763840] usbcore: registered new interface driver usbfs
[    3.770923] usbcore: registered new interface driver hub
[    3.776829] usbcore: registered new device driver usb
[    3.782776] initcall usb_init+0x0/0x12e returned 0 after 23437 usecs
[    3.789772] calling  serio_init+0x0/0x29 @ 1
[    3.794798] initcall serio_init+0x0/0x29 returned 0 after 0 usecs
[    3.802771] calling  input_init+0x0/0xf6 @ 1
[    3.806897] initcall input_init+0x0/0xf6 returned 0 after 976 usecs
[    3.813770] calling  rtc_init+0x0/0x4d @ 1
[    3.818789] initcall rtc_init+0x0/0x4d returned 0 after 0 usecs
[    3.825778] calling  pps_init+0x0/0xa9 @ 1
[    3.830894] pps_core: LinuxPPS API ver. 1 registered
[    3.836767] pps_core: Software ver. 5.3.6 - Copyright 2005-2007 Rodolfo Giometti <giometti@linux.it>
[    3.848774] initcall pps_init+0x0/0xa9 returned 0 after 17578 usecs
[    3.856770] calling  ptp_init+0x0/0x98 @ 1
[    3.860788] PTP clock support registered
[    3.865768] initcall ptp_init+0x0/0x98 returned 0 after 4882 usecs
[    3.872770] calling  power_supply_class_init+0x0/0x3f @ 1
[    3.878986] initcall power_supply_class_init+0x0/0x3f returned 0 after 976 usecs
[    3.887773] calling  hwmon_init+0x0/0x104 @ 1
[    3.892801] initcall hwmon_init+0x0/0x104 returned 0 after 0 usecs
[    3.899769] calling  md_init+0x0/0x16b @ 1
[    3.906166] initcall md_init+0x0/0x16b returned 0 after 976 usecs
[    3.906780] calling  leds_init+0x0/0x3b @ 1
[    3.907843] initcall leds_init+0x0/0x3b returned 0 after 0 usecs
[    3.908774] calling  dmi_init+0x0/0x113 @ 1
[    3.910836] initcall dmi_init+0x0/0x113 returned 0 after 976 usecs
[    3.911773] calling  efisubsys_init+0x0/0x4e7 @ 1
[    3.912858] initcall efisubsys_init+0x0/0x4e7 returned 0 after 0 usecs
[    3.913784] calling  nvmem_init+0x0/0xc @ 1
[    3.914856] initcall nvmem_init+0x0/0xc returned 0 after 0 usecs
[    3.915769] calling  init_soundcore+0x0/0x33 @ 1
[    3.916834] initcall init_soundcore+0x0/0x33 returned 0 after 0 usecs
[    3.918773] calling  alsa_sound_init+0x0/0x8f @ 1
[    3.920819] Advanced Linux Sound Architecture Driver Initialized.
[    3.921770] initcall alsa_sound_init+0x0/0x8f returned 0 after 1953 usecs
[    3.922770] calling  alsa_seq_device_init+0x0/0x71 @ 1
[    3.923839] initcall alsa_seq_device_init+0x0/0x71 returned 0 after 0 usecs
[    3.924770] calling  hda_bus_init+0x0/0xc @ 1
[    3.925841] initcall hda_bus_init+0x0/0xc returned 0 after 0 usecs
[    3.926775] calling  proto_init+0x0/0xc @ 1
[    3.927844] initcall proto_init+0x0/0xc returned 0 after 0 usecs
[    3.928771] calling  net_dev_init+0x0/0x27f @ 1
[    3.932961] initcall net_dev_init+0x0/0x27f returned 0 after 2929 usecs
[    3.933772] calling  neigh_init+0x0/0x84 @ 1
[    3.935775] initcall neigh_init+0x0/0x84 returned 0 after 976 usecs
[    3.936773] calling  fib_notifier_init+0x0/0xc @ 1
[    3.937822] initcall fib_notifier_init+0x0/0xc returned 0 after 0 usecs
[    3.938771] calling  fib_rules_init+0x0/0xab @ 1
[    3.939868] initcall fib_rules_init+0x0/0xab returned 0 after 0 usecs
[    3.940946] calling  pktsched_init+0x0/0x10e @ 1
[    3.943868] initcall pktsched_init+0x0/0x10e returned 0 after 976 usecs
[    3.944771] calling  tc_filter_init+0x0/0xfa @ 1
[    3.945848] initcall tc_filter_init+0x0/0xfa returned 0 after 0 usecs
[    3.946772] calling  tc_action_init+0x0/0x54 @ 1
[    3.947779] initcall tc_action_init+0x0/0x54 returned 0 after 0 usecs
[    3.948771] calling  ethnl_init+0x0/0x52 @ 1
[    3.950324] initcall ethnl_init+0x0/0x52 returned 0 after 0 usecs
[    3.951028] calling  nexthop_init+0x0/0xd8 @ 1
[    3.954103] initcall nexthop_init+0x0/0xd8 returned 0 after 976 usecs
[    3.954770] calling  cipso_v4_init+0x0/0x8d @ 1
[    3.956074] initcall cipso_v4_init+0x0/0x8d returned 0 after 0 usecs
[    3.956775] calling  ieee80211_init+0x0/0x24 @ 1
[    3.959937] initcall ieee80211_init+0x0/0x24 returned 0 after 1953 usecs
[    3.960770] calling  netlbl_init+0x0/0x78 @ 1
[    3.961912] NetLabel: Initializing
[    3.962768] NetLabel:  domain hash size = 128
[    3.963766] NetLabel:  protocols = UNLABELED CIPSOv4 CALIPSO
[    3.966456] NetLabel:  unlabeled traffic allowed by default
[    3.966774] initcall netlbl_init+0x0/0x78 returned 0 after 4882 usecs
[    3.967774] calling  rfkill_init+0x0/0x136 @ 1
[    3.972777] initcall rfkill_init+0x0/0x136 returned 0 after 3906 usecs
[    3.973774] calling  pci_subsys_init+0x0/0x66 @ 1
[    3.975036] PCI: Using ACPI for IRQ routing
[    4.765288] PCI: pci_cache_line_size set to 64 bytes
[    4.771573] e820: reserve RAM buffer [mem 0x0009fc00-0x0009ffff]
[    4.774766] e820: reserve RAM buffer [mem 0x1ffdf000-0x1fffffff]
[    4.776229] initcall pci_subsys_init+0x0/0x66 returned 0 after 782226 usecs
[    4.779308] calling  nmi_warning_debugfs+0x0/0x26 @ 1
[    4.781837] initcall nmi_warning_debugfs+0x0/0x26 returned 0 after 1953 usecs
[    4.782780] calling  save_microcode_in_initrd+0x0/0x51 @ 1
[    4.783969] initcall save_microcode_in_initrd+0x0/0x51 returned 0 after 0 usecs
[    4.784787] calling  hpet_late_init+0x0/0x20a @ 1
[    4.786188] hpet: 3 channels of 0 reserved for per-cpu timers
[    4.787874] hpet0: at MMIO 0xfed00000, IRQs 2, 8, 0
[    4.788787] hpet0: 3 comparators, 64-bit 100.000000 MHz counter
[    4.795772] initcall hpet_late_init+0x0/0x20a returned 0 after 9765 usecs
[    4.796771] calling  init_amd_nbs+0x0/0x11c @ 1
[    4.798022] initcall init_amd_nbs+0x0/0x11c returned 0 after 0 usecs
[    4.798794] calling  clocksource_done_booting+0x0/0x43 @ 1
[    4.802039] clocksource: Switched to clocksource kvm-clock
[    4.809072] initcall clocksource_done_booting+0x0/0x43 returned 0 after 9088 usecs
[    4.817919] calling  tracer_init_tracefs+0x0/0x248 @ 1
[    5.081462] initcall tracer_init_tracefs+0x0/0x248 returned 0 after 251506 usecs
[    5.091666] calling  init_trace_printk_function_export+0x0/0x2c @ 1
[    5.100964] initcall init_trace_printk_function_export+0x0/0x2c returned 0 after 27 usecs
[    5.113963] calling  init_kprobe_trace+0x0/0x1ab @ 1
[    5.121995] initcall init_kprobe_trace+0x0/0x1ab returned 0 after 135 usecs
[    5.131038] calling  init_dynamic_event+0x0/0x3d @ 1
[    5.137160] initcall init_dynamic_event+0x0/0x3d returned 0 after 22 usecs
[    5.145592] calling  init_uprobe_trace+0x0/0x5c @ 1
[    5.151598] initcall init_uprobe_trace+0x0/0x5c returned 0 after 65 usecs
[    5.159891] calling  init_pipe_fs+0x0/0x44 @ 1
[    5.166081] initcall init_pipe_fs+0x0/0x44 returned 0 after 628 usecs
[    5.173931] calling  inotify_user_setup+0x0/0x47 @ 1
[    5.180025] initcall inotify_user_setup+0x0/0x47 returned 0 after 149 usecs
[    5.188184] calling  eventpoll_init+0x0/0xeb @ 1
[    5.195064] initcall eventpoll_init+0x0/0xeb returned 0 after 299 usecs
[    5.203290] calling  anon_inode_init+0x0/0x58 @ 1
[    5.209077] initcall anon_inode_init+0x0/0x58 returned 0 after 250 usecs
[    5.216781] calling  proc_locks_init+0x0/0x27 @ 1
[    5.222501] initcall proc_locks_init+0x0/0x27 returned 0 after 159 usecs
[    5.230425] calling  iomap_init+0x0/0x1b @ 1
[    5.238793] initcall iomap_init+0x0/0x1b returned 0 after 2641 usecs
[    5.246159] calling  dquot_init+0x0/0x106 @ 1
[    5.252341] VFS: Disk quotas dquot_6.6.0
[    5.257370] VFS: Dquot-cache hash table entries: 512 (order 0, 4096 bytes)
[    5.265119] initcall dquot_init+0x0/0x106 returned 0 after 12492 usecs
[    5.272582] calling  quota_init+0x0/0x23 @ 1
[    5.277964] initcall quota_init+0x0/0x23 returned 0 after 467 usecs
[    5.285001] calling  proc_cmdline_init+0x0/0x21 @ 1
[    5.290641] initcall proc_cmdline_init+0x0/0x21 returned 0 after 20 usecs
[    5.298285] calling  proc_consoles_init+0x0/0x24 @ 1
[    5.303991] initcall proc_consoles_init+0x0/0x24 returned 0 after 6 usecs
[    5.311660] calling  proc_cpuinfo_init+0x0/0x1e @ 1
[    5.317226] initcall proc_cpuinfo_init+0x0/0x1e returned 0 after 5 usecs
[    5.324894] calling  proc_devices_init+0x0/0x24 @ 1
[    5.330504] initcall proc_devices_init+0x0/0x24 returned 0 after 23 usecs
[    5.338127] calling  proc_interrupts_init+0x0/0x24 @ 1
[    5.343992] initcall proc_interrupts_init+0x0/0x24 returned 0 after 5 usecs
[    5.353047] calling  proc_loadavg_init+0x0/0x21 @ 1
[    5.359932] initcall proc_loadavg_init+0x0/0x21 returned 0 after 6 usecs
[    5.369397] calling  proc_meminfo_init+0x0/0x21 @ 1
[    5.376413] initcall proc_meminfo_init+0x0/0x21 returned 0 after 81 usecs
[    5.384822] calling  proc_stat_init+0x0/0x1e @ 1
[    5.390139] initcall proc_stat_init+0x0/0x1e returned 0 after 6 usecs
[    5.397407] calling  proc_uptime_init+0x0/0x21 @ 1
[    5.403590] initcall proc_uptime_init+0x0/0x21 returned 0 after 7 usecs
[    5.413978] calling  proc_version_init+0x0/0x21 @ 1
[    5.422073] initcall proc_version_init+0x0/0x21 returned 0 after 9 usecs
[    5.431528] calling  proc_softirqs_init+0x0/0x21 @ 1
[    5.437548] initcall proc_softirqs_init+0x0/0x21 returned 0 after 6 usecs
[    5.445414] calling  proc_kcore_init+0x0/0xea @ 1
[    5.451031] initcall proc_kcore_init+0x0/0xea returned 0 after 140 usecs
[    5.458852] calling  vmcore_init+0x0/0x57b @ 1
[    5.464099] initcall vmcore_init+0x0/0x57b returned 0 after 1 usecs
[    5.471374] calling  proc_kmsg_init+0x0/0x21 @ 1
[    5.476902] initcall proc_kmsg_init+0x0/0x21 returned 0 after 7 usecs
[    5.484317] calling  proc_page_init+0x0/0x3b @ 1
[    5.489740] initcall proc_page_init+0x0/0x3b returned 0 after 23 usecs
[    5.497270] calling  init_ramfs_fs+0x0/0xc @ 1
[    5.502383] initcall init_ramfs_fs+0x0/0xc returned 0 after 16 usecs
[    5.509715] calling  init_hugetlbfs_fs+0x0/0xf6 @ 1
[    5.515669] initcall init_hugetlbfs_fs+0x0/0xf6 returned 0 after 362 usecs
[    5.523485] calling  blk_scsi_ioctl_init+0x0/0x2a5 @ 1
[    5.529446] initcall blk_scsi_ioctl_init+0x0/0x2a5 returned 0 after 29 usecs
[    5.537469] calling  acpi_event_init+0x0/0x2c @ 1
[    5.543010] initcall acpi_event_init+0x0/0x2c returned 0 after 136 usecs
[    5.550551] calling  pnp_system_init+0x0/0xc @ 1
[    5.556950] initcall pnp_system_init+0x0/0xc returned 0 after 1011 usecs
[    5.564649] calling  pnpacpi_init+0x0/0x69 @ 1
[    5.569841] pnp: PnP ACPI init
[    5.576062] pnp 00:00: Plug and Play ACPI device, IDs PNP0303 (active)
[    5.583670] pnp 00:01: Plug and Play ACPI device, IDs PNP0f13 (active)
[    5.591306] pnp 00:02: Plug and Play ACPI device, IDs PNP0400 (active)
[    5.598966] pnp 00:03: Plug and Play ACPI device, IDs PNP0501 (active)
[    5.606570] pnp 00:04: Plug and Play ACPI device, IDs PNP0b00 (active)
[    5.614666] system 00:05: [mem 0xb0000000-0xbfffffff window] has been reserved
[    5.623091] system 00:05: Plug and Play ACPI device, IDs PNP0c01 (active)
[    5.634032] pnp: PnP ACPI: found 6 devices
[    5.638910] initcall pnpacpi_init+0x0/0x69 returned 0 after 67468 usecs
[    5.646603] calling  chr_dev_init+0x0/0x14d @ 1
[    5.806954] initcall chr_dev_init+0x0/0x14d returned 0 after 150239 usecs
[    5.816543] calling  firmware_class_init+0x0/0x14a @ 1
[    5.823315] initcall firmware_class_init+0x0/0x14a returned 0 after 580 usecs
[    5.832097] calling  init_pcmcia_bus+0x0/0x5b @ 1
[    5.840053] initcall init_pcmcia_bus+0x0/0x5b returned 0 after 1934 usecs
[    5.848422] calling  init_acpi_pm_clocksource+0x0/0xda @ 1
[    5.860985] clocksource: acpi_pm: mask: 0xffffff max_cycles: 0xffffff, max_idle_ns: 2085701024 ns
[    5.871887] initcall init_acpi_pm_clocksource+0x0/0xda returned 0 after 16242 usecs
[    5.881253] calling  sysctl_core_init+0x0/0x26 @ 1
[    5.887365] initcall sysctl_core_init+0x0/0x26 returned 0 after 313 usecs
[    5.895558] calling  eth_offload_init+0x0/0x13 @ 1
[    5.901701] initcall eth_offload_init+0x0/0x13 returned 0 after 190 usecs
[    5.910123] calling  ipv4_offload_init+0x0/0x73 @ 1
[    5.915889] initcall ipv4_offload_init+0x0/0x73 returned 0 after 65 usecs
[    5.923832] calling  inet_init+0x0/0x276 @ 1
[    5.929970] NET: Registered protocol family 2
[    5.936717] IP idents hash table entries: 8192 (order: 4, 65536 bytes, linear)
[    5.949355] tcp_listen_portaddr_hash hash table entries: 256 (order: 2, 20480 bytes, linear)
[    5.960403] TCP established hash table entries: 4096 (order: 3, 32768 bytes, linear)
[    5.970116] TCP bind hash table entries: 4096 (order: 6, 294912 bytes, linear)
[    5.979731] TCP: Hash tables configured (established 4096 bind 4096)
[    5.988041] UDP hash table entries: 256 (order: 3, 40960 bytes, linear)
[    5.996064] UDP-Lite hash table entries: 256 (order: 3, 40960 bytes, linear)
[    6.004924] initcall inet_init+0x0/0x276 returned 0 after 74142 usecs
[    6.012362] calling  af_unix_init+0x0/0x4d @ 1
[    6.017651] NET: Registered protocol family 1
[    6.024921] initcall af_unix_init+0x0/0x4d returned 0 after 7197 usecs
[    6.032365] calling  ipv6_offload_init+0x0/0x7e @ 1
[    6.038656] initcall ipv6_offload_init+0x0/0x7e returned 0 after 113 usecs
[    6.046609] calling  init_sunrpc+0x0/0x65 @ 1
[    6.056999] RPC: Registered named UNIX socket transport module.
[    6.064109] RPC: Registered udp transport module.
[    6.069650] RPC: Registered tcp transport module.
[    6.075127] RPC: Registered tcp NFSv4.1 backchannel transport module.
[    6.082672] initcall init_sunrpc+0x0/0x65 returned 0 after 29906 usecs
[    6.090411] calling  cfg80211_init+0x0/0xc5 @ 1
[    6.099210] initcall cfg80211_init+0x0/0xc5 returned 0 after 3449 usecs
[    6.106649] calling  pcibios_assign_resources+0x0/0xbf @ 1
[    6.113178] pci_bus 0000:00: resource 4 [io  0x0000-0x0cf7 window]
[    6.119975] pci_bus 0000:00: resource 5 [io  0x0d00-0xffff window]
[    6.126912] pci_bus 0000:00: resource 6 [mem 0x000a0000-0x000bffff window]
[    6.134497] pci_bus 0000:00: resource 7 [mem 0x20000000-0xafffffff window]
[    6.142102] pci_bus 0000:00: resource 8 [mem 0xc0000000-0xfebfffff window]
[    6.149856] pci_bus 0000:00: resource 9 [mem 0x100000000-0x8ffffffff window]
[    6.158175] initcall pcibios_assign_resources+0x0/0xbf returned 0 after 44224 usecs
[    6.166910] calling  pci_apply_final_quirks+0x0/0x124 @ 1
[    6.173616] pci 0000:00:01.0: calling  pci_fixup_video+0x0/0xe0 @ 1
[    6.181106] pci 0000:00:01.0: Video device with shadowed ROM at [mem 0x000c0000-0x000dffff]
[    6.190344] pci 0000:00:01.0: pci_fixup_video+0x0/0xe0 took 9468 usecs
[    6.198027] PCI: CLS 0 bytes, default 64
[    6.203083] initcall pci_apply_final_quirks+0x0/0x124 returned 0 after 29333 usecs
[    6.212235] calling  acpi_reserve_resources+0x0/0xea @ 1
[    6.218427] initcall acpi_reserve_resources+0x0/0xea returned 0 after 108 usecs
[    6.226681] calling  populate_rootfs+0x0/0x102 @ 1
[    6.235553] initcall populate_rootfs+0x0/0x102 returned 0 after 3374 usecs
[    6.243381] calling  pci_iommu_init+0x0/0x3e @ 1
[    6.248889] initcall pci_iommu_init+0x0/0x3e returned 0 after 162 usecs
[    6.257646] calling  ia32_binfmt_init+0x0/0x13 @ 1
[    6.263024] initcall ia32_binfmt_init+0x0/0x13 returned 0 after 11 usecs
[    6.270455] calling  rapl_pmu_init+0x0/0x267 @ 1
[    6.275891] initcall rapl_pmu_init+0x0/0x267 returned -19 after 108 usecs
[    6.283414] calling  amd_uncore_init+0x0/0x310 @ 1
[    6.288886] initcall amd_uncore_init+0x0/0x310 returned -19 after 0 usecs
[    6.296330] calling  amd_ibs_init+0x0/0x27b @ 1
[    6.301425] initcall amd_ibs_init+0x0/0x27b returned -19 after 0 usecs
[    6.310156] calling  amd_iommu_pc_init+0x0/0x22c @ 1
[    6.317291] initcall amd_iommu_pc_init+0x0/0x22c returned -19 after 74 usecs
[    6.327188] calling  msr_init+0x0/0x55 @ 1
[    6.333344] initcall msr_init+0x0/0x55 returned 0 after 175 usecs
[    6.340839] calling  intel_uncore_init+0x0/0x36f @ 1
[    6.346597] initcall intel_uncore_init+0x0/0x36f returned -19 after 33 usecs
[    6.354465] calling  cstate_pmu_init+0x0/0x1a1 @ 1
[    6.359908] initcall cstate_pmu_init+0x0/0x1a1 returned -19 after 0 usecs
[    6.367484] calling  register_kernel_offset_dumper+0x0/0x1a @ 1
[    6.374126] initcall register_kernel_offset_dumper+0x0/0x1a returned 0 after 27 usecs
[    6.382951] calling  i8259A_init_ops+0x0/0x20 @ 1
[    6.388191] initcall i8259A_init_ops+0x0/0x20 returned 0 after 3 usecs
[    6.395464] calling  init_tsc_clocksource+0x0/0xa4 @ 1
[    6.401513] clocksource: tsc: mask: 0xffffffffffffffff max_cycles: 0x39a85afc727, max_idle_ns: 881590685098 ns
[    6.412680] initcall init_tsc_clocksource+0x0/0xa4 returned 0 after 11136 usecs
[    6.421002] calling  add_rtc_cmos+0x0/0xb0 @ 1
[    6.426123] initcall add_rtc_cmos+0x0/0xb0 returned 0 after 99 usecs
[    6.433286] calling  i8237A_init_ops+0x0/0x3a @ 1
[    6.438987] initcall i8237A_init_ops+0x0/0x3a returned 0 after 383 usecs
[    6.446692] calling  umwait_init+0x0/0x94 @ 1
[    6.451871] initcall umwait_init+0x0/0x94 returned -19 after 16 usecs
[    6.459494] calling  thermal_throttle_init_device+0x0/0x3d @ 1
[    6.467048] initcall thermal_throttle_init_device+0x0/0x3d returned 0 after 140 usecs
[    6.476477] calling  msr_init+0x0/0xd7 @ 1
[    6.485652] initcall msr_init+0x0/0xd7 returned 0 after 4200 usecs
[    6.493201] calling  cpuid_init+0x0/0xd7 @ 1
[    6.501125] initcall cpuid_init+0x0/0xd7 returned 0 after 1563 usecs
[    6.508873] calling  ioapic_init_ops+0x0/0x13 @ 1
[    6.514509] initcall ioapic_init_ops+0x0/0x13 returned 0 after 74 usecs
[    6.522441] calling  add_pcspkr+0x0/0x6c @ 1
[    6.527633] initcall add_pcspkr+0x0/0x6c returned 0 after 107 usecs
[    6.535157] calling  start_periodic_check_for_corruption+0x0/0x30 @ 1
[    6.542944] check: Scanning for low memory corruption every 60 seconds
[    6.552136] initcall start_periodic_check_for_corruption+0x0/0x30 returned 0 after 9024 usecs
[    6.562422] calling  sysfb_init+0x0/0x9c @ 1
[    6.567966] initcall sysfb_init+0x0/0x9c returned 0 after 336 usecs
[    6.575218] calling  audit_classes_init+0x0/0xae @ 1
[    6.580983] initcall audit_classes_init+0x0/0xae returned 0 after 32 usecs
[    6.590291] calling  iosf_mbi_init+0x0/0x24 @ 1
[    6.596257] initcall iosf_mbi_init+0x0/0x24 returned 0 after 616 usecs
[    6.604099] calling  proc_execdomains_init+0x0/0x21 @ 1
[    6.610584] initcall proc_execdomains_init+0x0/0x21 returned 0 after 41 usecs
[    6.619186] calling  register_warn_debugfs+0x0/0x23 @ 1
[    6.625609] initcall register_warn_debugfs+0x0/0x23 returned 0 after 44 usecs
[    6.634331] calling  cpuhp_sysfs_init+0x0/0x79 @ 1
[    6.640727] initcall cpuhp_sysfs_init+0x0/0x79 returned 0 after 162 usecs
[    6.648587] calling  ioresources_init+0x0/0x49 @ 1
[    6.654372] initcall ioresources_init+0x0/0x49 returned 0 after 11 usecs
[    6.662072] calling  lockdep_proc_init+0x0/0x64 @ 1
[    6.667753] initcall lockdep_proc_init+0x0/0x64 returned 0 after 33 usecs
[    6.676014] calling  snapshot_device_init+0x0/0xc @ 1
[    6.683294] initcall snapshot_device_init+0x0/0xc returned 0 after 1309 usecs
[    6.691597] calling  irq_pm_init_ops+0x0/0x13 @ 1
[    6.697219] initcall irq_pm_init_ops+0x0/0x13 returned 0 after 21 usecs
[    6.704948] calling  rcu_torture_init+0x0/0x9be @ 1
[    6.710997] tasks-torture:--- Start of test: nreaders=1 nfakewriters=4 stat_interval=15 verbose=1 test_no_idle_hz=1 shuffle_interval=3 stutter=5 irqreader=1 fqs_duration=0 fqs_holdoff=0 fqs_stutter=3 test_boost=1/0 test_boost_interval=7 test_boost_duration=4 shutdown_secs=1800 stall_cpu=0 stall_cpu_holdoff=10 stall_cpu_irqsoff=0 stall_cpu_block=0 n_barrier_cbs=4 onoff_interval=1000 onoff_holdoff=30 read_exit_delay=13 read_exit_burst=16
[    6.755422] tasks:  Start-test grace-period state: g0 f0x0
[    6.762034] tasks-torture: Creating rcu_torture_writer task
[    6.771266] tasks-torture: Creating rcu_torture_fakewriter task
[    6.771554] tasks-torture: rcu_torture_writer task started
[    6.779153] tasks-torture: Creating rcu_torture_fakewriter task
[    6.785924] tasks-torture: GP expediting controlled from boot/sysfs for tasks.
[    6.785953] rcu_torture_writer: Testing expedited GPs.
[    6.793897] tasks-torture: rcu_torture_fakewriter task started
[    6.802152] rcu_torture_writer: Testing asynchronous GPs.
[    6.802155] rcu_torture_writer: Testing normal GPs.
[    6.802573] tasks-torture: Creating rcu_torture_fakewriter task
[    6.809495] tasks-torture: rcu_torture_fakewriter task started
[    6.817521] tasks-torture: Creating rcu_torture_fakewriter task
[    6.823525] tasks-torture: rcu_torture_fakewriter task started
[    6.830393] tasks-torture: Creating rcu_torture_reader task
[    6.837012] tasks-torture: rcu_torture_fakewriter task started
[    6.844149] tasks-torture: Creating rcu_torture_stats task
[    6.850765] tasks-torture: rcu_torture_reader task started
[    6.859951] tasks-torture: Creating torture_shuffle task
[    6.865535] tasks-torture: rcu_torture_stats task started
[    6.889078] tasks-torture: Creating torture_stutter task
[    6.889313] tasks-torture: torture_shuffle task started
[    6.907947] tasks-torture: Creating torture_shutdown task
[    6.910321] tasks-torture: torture_stutter task started
[    6.932043] tasks-torture: Creating torture_onoff task
[    6.932476] tasks-torture: torture_shutdown task started
[    6.938578] tasks-torture: rcu_torture_fwd_prog_init: Disabled, unsupported by RCU flavor under test
[    6.946170] tasks-torture:torture_shutdown task: 1799961 ms remaining
[    6.946195] tasks-torture: torture_onoff task started
[    6.946197] tasks-torture: torture_onoff begin holdoff
[    6.980418] tasks-torture: Creating rcu_torture_barrier_cbs task
[    6.993272] tasks-torture: Creating rcu_torture_barrier_cbs task
[    6.994074] tasks-torture: rcu_torture_barrier_cbs task started
[    7.002429] tasks-torture: Creating rcu_torture_barrier_cbs task
[    7.009643] tasks-torture: rcu_torture_barrier_cbs task started
[    7.018890] tasks-torture: Creating rcu_torture_barrier_cbs task
[    7.042963] tasks-torture: rcu_torture_barrier_cbs task started
[    7.054413] tasks-torture: Creating rcu_torture_barrier task
[    7.057698] tasks-torture: rcu_torture_barrier_cbs task started
[    7.077156] tasks-torture: Creating rcu_torture_read_exit task
[    7.077545] tasks-torture: rcu_torture_barrier task starting
[    7.085599] initcall rcu_torture_init+0x0/0x9be returned 0 after 365579 usecs
[    7.101460] tasks-torture: rcu_torture_read_exit: Start of test
[    7.102734] calling  timekeeping_init_ops+0x0/0x13 @ 1
[    7.115112] initcall timekeeping_init_ops+0x0/0x13 returned 0 after 61 usecs
[    7.124045] calling  init_clocksource_sysfs+0x0/0x23 @ 1
[    7.133753] initcall init_clocksource_sysfs+0x0/0x23 returned 0 after 2940 usecs
[    7.144834] calling  init_timer_list_procfs+0x0/0x31 @ 1
[    7.153228] initcall init_timer_list_procfs+0x0/0x31 returned 0 after 343 usecs
[    7.164134] calling  alarmtimer_init+0x0/0xf5 @ 1
[    7.170434] initcall alarmtimer_init+0x0/0xf5 returned 0 after 777 usecs
[    7.178702] calling  init_posix_timers+0x0/0x29 @ 1
[    7.185376] initcall init_posix_timers+0x0/0x29 returned 0 after 688 usecs
[    7.193362] calling  clockevents_init_sysfs+0x0/0xbf @ 1
[    7.200021] initcall clockevents_init_sysfs+0x0/0xbf returned 0 after 400 usecs
[    7.208680] calling  proc_dma_init+0x0/0x21 @ 1
[    7.214031] initcall proc_dma_init+0x0/0x21 returned 0 after 89 usecs
[    7.221582] calling  proc_modules_init+0x0/0x1e @ 1
[    7.227323] initcall proc_modules_init+0x0/0x1e returned 0 after 8 usecs
[    7.235119] calling  kallsyms_init+0x0/0x21 @ 1
[    7.240587] initcall kallsyms_init+0x0/0x21 returned 0 after 69 usecs
[    7.248224] calling  pid_namespaces_init+0x0/0x2c @ 1
[    7.254427] initcall pid_namespaces_init+0x0/0x2c returned 0 after 38 usecs
[    7.262544] calling  audit_watch_init+0x0/0x37 @ 1
[    7.268532] initcall audit_watch_init+0x0/0x37 returned 0 after 39 usecs
[    7.276239] calling  audit_fsnotify_init+0x0/0x37 @ 1
[    7.283041] initcall audit_fsnotify_init+0x0/0x37 returned 0 after 4 usecs
[    7.292990] calling  audit_tree_init+0x0/0x6d @ 1
[    7.299126] initcall audit_tree_init+0x0/0x6d returned 0 after 68 usecs
[    7.307379] calling  seccomp_sysctl_init+0x0/0x2b @ 1
[    7.315735] initcall seccomp_sysctl_init+0x0/0x2b returned 0 after 984 usecs
[    7.324062] calling  utsname_sysctl_init+0x0/0x13 @ 1
[    7.330413] initcall utsname_sysctl_init+0x0/0x13 returned 0 after 298 usecs
[    7.338850] calling  init_tracepoints+0x0/0x27 @ 1
[    7.344735] initcall init_tracepoints+0x0/0x27 returned 0 after 43 usecs
[    7.352695] calling  init_blk_tracer+0x0/0x50 @ 1
[    7.359489] initcall init_blk_tracer+0x0/0x50 returned 0 after 1011 usecs
[    7.367730] calling  perf_event_sysfs_init+0x0/0x83 @ 1
[    7.377693] initcall perf_event_sysfs_init+0x0/0x83 returned 0 after 3529 usecs
[    7.386958] calling  system_trusted_keyring_init+0x0/0x60 @ 1
[    7.394308] Initialise system trusted keyrings
[    7.400255] initcall system_trusted_keyring_init+0x0/0x60 returned 0 after 5804 usecs
[    7.409892] calling  kswapd_init+0x0/0x5c @ 1
[    7.418563] initcall kswapd_init+0x0/0x5c returned 0 after 3167 usecs
[    7.427153] calling  extfrag_debug_init+0x0/0x54 @ 1
[    7.434144] initcall extfrag_debug_init+0x0/0x54 returned 0 after 670 usecs
[    7.442938] calling  mm_compute_batch_init+0x0/0x12 @ 1
[    7.449538] initcall mm_compute_batch_init+0x0/0x12 returned 0 after 33 usecs
[    7.458494] calling  slab_proc_init+0x0/0x21 @ 1
[    7.465469] initcall slab_proc_init+0x0/0x21 returned 0 after 325 usecs
[    7.475197] calling  workingset_init+0x0/0x8c @ 1
[    7.482218] workingset: timestamp_bits=56 max_order=17 bucket_order=0
[    7.492049] initcall workingset_init+0x0/0x8c returned 0 after 9621 usecs
[    7.500562] calling  proc_vmalloc_init+0x0/0x32 @ 1
[    7.506542] initcall proc_vmalloc_init+0x0/0x32 returned 0 after 14 usecs
[    7.514534] calling  procswaps_init+0x0/0x1e @ 1
[    7.521312] initcall procswaps_init+0x0/0x1e returned 0 after 224 usecs
[    7.530124] calling  slab_sysfs_init+0x0/0xec @ 1
[    7.545335] initcall slab_sysfs_init+0x0/0xec returned 0 after 9166 usecs
[    7.555231] calling  fcntl_init+0x0/0x29 @ 1
[    7.563010] initcall fcntl_init+0x0/0x29 returned 0 after 131 usecs
[    7.570864] calling  proc_filesystems_init+0x0/0x21 @ 1
[    7.577342] initcall proc_filesystems_init+0x0/0x21 returned 0 after 16 usecs
[    7.585997] calling  start_dirtytime_writeback+0x0/0x29 @ 1
[    7.592875] initcall start_dirtytime_writeback+0x0/0x29 returned 0 after 90 usecs
[    7.601899] calling  blkdev_init+0x0/0x1b @ 1
[    7.607769] initcall blkdev_init+0x0/0x1b returned 0 after 360 usecs
[    7.615579] calling  dio_init+0x0/0x2c @ 1
[    7.621062] initcall dio_init+0x0/0x2c returned 0 after 162 usecs
[    7.628636] calling  dnotify_init+0x0/0x78 @ 1
[    7.634415] initcall dnotify_init+0x0/0x78 returned 0 after 146 usecs
[    7.642710] calling  aio_setup+0x0/0x78 @ 1
[    7.649921] initcall aio_setup+0x0/0x78 returned 0 after 1390 usecs
[    7.658232] calling  io_uring_init+0x0/0x2c @ 1
[    7.664394] initcall io_uring_init+0x0/0x2c returned 0 after 14 usecs
[    7.672629] calling  mbcache_init+0x0/0x30 @ 1
[    7.678591] initcall mbcache_init+0x0/0x30 returned 0 after 173 usecs
[    7.687217] calling  init_grace+0x0/0xc @ 1
[    7.693276] initcall init_grace+0x0/0xc returned 0 after 261 usecs
[    7.701502] calling  init_v2_quota_format+0x0/0x21 @ 1
[    7.708477] initcall init_v2_quota_format+0x0/0x21 returned 0 after 233 usecs
[    7.718405] calling  init_devpts_fs+0x0/0x27 @ 1
[    7.725455] initcall init_devpts_fs+0x0/0x27 returned 0 after 141 usecs
[    7.733855] calling  ext4_init_fs+0x0/0x1c2 @ 1
[    7.741125] initcall ext4_init_fs+0x0/0x1c2 returned 0 after 1317 usecs
[    7.749981] calling  journal_init+0x0/0x11c @ 1
[    7.756639] initcall journal_init+0x0/0x11c returned 0 after 464 usecs
[    7.765219] calling  init_fat_fs+0x0/0x49 @ 1
[    7.771097] initcall init_fat_fs+0x0/0x49 returned 0 after 215 usecs
[    7.779400] calling  init_vfat_fs+0x0/0xc @ 1
[    7.785084] initcall init_vfat_fs+0x0/0xc returned 0 after 5 usecs
[    7.793176] calling  init_msdos_fs+0x0/0xc @ 1
[    7.799008] initcall init_msdos_fs+0x0/0xc returned 0 after 6 usecs
[    7.807436] calling  init_iso9660_fs+0x0/0x6c @ 1
[    7.813924] initcall init_iso9660_fs+0x0/0x6c returned 0 after 282 usecs
[    7.822592] calling  init_nfs_fs+0x0/0x13a @ 1
[    7.832438] initcall init_nfs_fs+0x0/0x13a returned 0 after 3974 usecs
[    7.841193] calling  init_nfs_v2+0x0/0x13 @ 1
[    7.847427] initcall init_nfs_v2+0x0/0x13 returned 0 after 124 usecs
[    7.856075] calling  init_nfs_v3+0x0/0x13 @ 1
[    7.864300] initcall init_nfs_v3+0x0/0x13 returned 0 after 27 usecs
[    7.873045] calling  init_nfs_v4+0x0/0x32 @ 1
[    7.879423] NFS: Registering the id_resolver key type
[    7.886374] Key type id_resolver registered
[    7.892674] Key type id_legacy registered
[    7.898390] initcall init_nfs_v4+0x0/0x32 returned 0 after 18588 usecs
[    7.907004] calling  init_nlm+0x0/0x5b @ 1
[    7.912900] initcall init_nlm+0x0/0x5b returned 0 after 182 usecs
[    7.921544] calling  init_nls_cp437+0x0/0xe @ 1
[    7.929322] initcall init_nls_cp437+0x0/0xe returned 0 after 283 usecs
[    7.937446] calling  init_nls_ascii+0x0/0xe @ 1
[    7.943396] initcall init_nls_ascii+0x0/0xe returned 0 after 2 usecs
[    7.951546] calling  init_nls_iso8859_1+0x0/0xe @ 1
[    7.957978] initcall init_nls_iso8859_1+0x0/0xe returned 0 after 2 usecs
[    7.966405] calling  init_nls_utf8+0x0/0x21 @ 1
[    7.972104] initcall init_nls_utf8+0x0/0x21 returned 0 after 3 usecs
[    7.979913] calling  init_autofs_fs+0x0/0x25 @ 1
[    7.987728] initcall init_autofs_fs+0x0/0x25 returned 0 after 2045 usecs
[    7.996032] calling  ipc_init+0x0/0x24 @ 1
[    8.001661] initcall ipc_init+0x0/0x24 returned 0 after 74 usecs
[    8.009108] calling  ipc_sysctl_init+0x0/0x13 @ 1
[    8.015868] initcall ipc_sysctl_init+0x0/0x13 returned 0 after 35 usecs
[    8.025306] calling  init_mqueue_fs+0x0/0xb1 @ 1
[    8.032045] initcall init_mqueue_fs+0x0/0xb1 returned 0 after 1000 usecs
[    8.040368] calling  key_proc_init+0x0/0x63 @ 1
[    8.045755] initcall key_proc_init+0x0/0x63 returned 0 after 24 usecs
[    8.053400] calling  selinux_nf_ip_init+0x0/0x2e @ 1
[    8.059690] initcall selinux_nf_ip_init+0x0/0x2e returned 0 after 65 usecs
[    8.068015] calling  init_sel_fs+0x0/0x116 @ 1
[    8.073463] initcall init_sel_fs+0x0/0x116 returned 0 after 0 usecs
[    8.081144] calling  selnl_init+0x0/0x7c @ 1
[    8.086709] initcall selnl_init+0x0/0x7c returned 0 after 260 usecs
[    8.094360] calling  sel_netif_init+0x0/0x36 @ 1
[    8.100603] initcall sel_netif_init+0x0/0x36 returned 0 after 1 usecs
[    8.109594] calling  sel_netnode_init+0x0/0x33 @ 1
[    8.115907] initcall sel_netnode_init+0x0/0x33 returned 0 after 1 usecs
[    8.126452] calling  sel_netport_init+0x0/0x33 @ 1
[    8.133953] initcall sel_netport_init+0x0/0x33 returned 0 after 1 usecs
[    8.144181] calling  aurule_init+0x0/0x2a @ 1
[    8.150452] initcall aurule_init+0x0/0x2a returned 0 after 2 usecs
[    8.158398] calling  crypto_algapi_init+0x0/0xc @ 1
[    8.164837] initcall crypto_algapi_init+0x0/0xc returned 0 after 8 usecs
[    8.173338] calling  jent_mod_init+0x0/0x2d @ 1
[    8.191600] initcall jent_mod_init+0x0/0x2d returned 0 after 12166 usecs
[    8.201441] calling  asymmetric_key_init+0x0/0xc @ 1
[    8.209512] Key type asymmetric registered
[    8.216190] initcall asymmetric_key_init+0x0/0xc returned 0 after 6532 usecs
[    8.227474] calling  x509_key_init+0x0/0xc @ 1
[    8.234418] Asymmetric key parser 'x509' registered
[    8.242160] initcall x509_key_init+0x0/0xc returned 0 after 7749 usecs
[    8.251907] calling  proc_genhd_init+0x0/0x41 @ 1
[    8.258982] initcall proc_genhd_init+0x0/0x41 returned 0 after 13 usecs
[    8.269228] calling  bsg_init+0x0/0x113 @ 1
[    8.277706] Block layer SCSI generic (bsg) driver version 0.4 loaded (major 251)
[    8.287692] initcall bsg_init+0x0/0x113 returned 0 after 12160 usecs
[    8.297018] calling  deadline_init+0x0/0xc @ 1
[    8.303794] io scheduler mq-deadline registered
[    8.310740] initcall deadline_init+0x0/0xc returned 0 after 6876 usecs
[    8.320192] calling  kyber_init+0x0/0xc @ 1
[    8.326525] io scheduler kyber registered
[    8.332446] initcall kyber_init+0x0/0xc returned 0 after 5799 usecs
[    8.341538] calling  mod_init+0x0/0x7 @ 1
[    8.347748] initcall mod_init+0x0/0x7 returned 0 after 0 usecs
[    8.356454] calling  percpu_counter_startup+0x0/0x55 @ 1
[    8.365723] initcall percpu_counter_startup+0x0/0x55 returned 0 after 1256 usecs
[    8.376635] calling  sg_pool_init+0x0/0xb4 @ 1
[    8.383518] initcall sg_pool_init+0x0/0xb4 returned 0 after 424 usecs
[    8.394137] calling  pcie_portdrv_init+0x0/0x39 @ 1
[    8.402753] initcall pcie_portdrv_init+0x0/0x39 returned 0 after 802 usecs
[    8.413829] calling  pci_proc_init+0x0/0x68 @ 1
[    8.421044] initcall pci_proc_init+0x0/0x68 returned 0 after 117 usecs
[    8.431634] calling  pci_hotplug_init+0x0/0x7 @ 1
[    8.439341] initcall pci_hotplug_init+0x0/0x7 returned 0 after 1 usecs
[    8.449822] calling  efifb_driver_init+0x0/0xe @ 1
[    8.458108] initcall efifb_driver_init+0x0/0xe returned 0 after 122 usecs
[    8.469087] calling  ged_driver_init+0x0/0xe @ 1
[    8.477867] initcall ged_driver_init+0x0/0xe returned 0 after 351 usecs
[    8.489371] calling  acpi_ac_init+0x0/0x92 @ 1
[    8.497981] initcall acpi_ac_init+0x0/0x92 returned 0 after 1109 usecs
[    8.507173] calling  acpi_button_driver_init+0x0/0x52 @ 1
[    8.517168] input: Power Button as /devices/LNXSYSTM:00/LNXPWRBN:00/input/input0
[    8.532522] ACPI: Power Button [PWRF]
[    8.539379] initcall acpi_button_driver_init+0x0/0x52 returned 0 after 23814 usecs
[    8.550078] calling  acpi_fan_driver_init+0x0/0xe @ 1
[    8.558520] initcall acpi_fan_driver_init+0x0/0xe returned 0 after 67 usecs
[    8.570336] calling  acpi_video_init+0x0/0xcb @ 1
[    8.579563] initcall acpi_video_init+0x0/0xcb returned 0 after 770 usecs
[    8.591333] calling  acpi_processor_driver_init+0x0/0xad @ 1
[    8.604760] initcall acpi_processor_driver_init+0x0/0xad returned 0 after 3256 usecs
[    8.617549] calling  acpi_thermal_init+0x0/0x71 @ 1
[    8.628130] initcall acpi_thermal_init+0x0/0x71 returned 0 after 1227 usecs
[    8.639336] calling  acpi_battery_init+0x0/0x32 @ 1
[    8.647432] initcall acpi_battery_init+0x0/0x32 returned 0 after 322 usecs
[    8.658606] calling  bgrt_init+0x0/0xb6 @ 1
[    8.665846] initcall bgrt_init+0x0/0xb6 returned -19 after 1 usecs
[    8.676558] calling  gpio_clk_driver_init+0x0/0xe @ 1
[    8.686291] initcall gpio_clk_driver_init+0x0/0xe returned 0 after 158 usecs
[    8.697422] calling  plt_clk_driver_init+0x0/0xe @ 1
[    8.705409] initcall plt_clk_driver_init+0x0/0xe returned 0 after 38 usecs
[    8.715916] calling  virtio_pci_driver_init+0x0/0x15 @ 1
[    8.725406] initcall virtio_pci_driver_init+0x0/0x15 returned 0 after 635 usecs
[    8.736904] calling  n_null_init+0x0/0x1e @ 1
[    8.743629] initcall n_null_init+0x0/0x1e returned 0 after 84 usecs
[    8.753392] calling  pty_init+0x0/0x1e8 @ 1
[    8.763998] initcall pty_init+0x0/0x1e8 returned 0 after 4054 usecs
[    8.773991] calling  sysrq_init+0x0/0x62 @ 1
[    8.780893] initcall sysrq_init+0x0/0x62 returned 0 after 104 usecs
[    8.791122] calling  serial8250_init+0x0/0x17e @ 1
[    8.798443] Serial: 8250/16550 driver, 4 ports, IRQ sharing enabled
[    8.813426] 00:03: ttyS0 at I/O 0x3f8 (irq = 4, base_baud = 115200) is a 16550A
[    8.851408] initcall serial8250_init+0x0/0x17e returned 0 after 51865 usecs
[    8.860963] calling  serial_pci_driver_init+0x0/0x15 @ 1
[    8.868897] initcall serial_pci_driver_init+0x0/0x15 returned 0 after 555 usecs
[    8.879239] calling  exar_pci_driver_init+0x0/0x15 @ 1
[    8.886653] initcall exar_pci_driver_init+0x0/0x15 returned 0 after 214 usecs
[    8.897549] calling  lpss8250_pci_driver_init+0x0/0x15 @ 1
[    8.907289] initcall lpss8250_pci_driver_init+0x0/0x15 returned 0 after 65 usecs
[    8.919386] calling  mid8250_pci_driver_init+0x0/0x15 @ 1
[    8.928539] initcall mid8250_pci_driver_init+0x0/0x15 returned 0 after 40 usecs
[    8.940307] calling  virtio_console_init+0x0/0xff @ 1
[    8.950443] initcall virtio_console_init+0x0/0xff returned 0 after 1216 usecs
[    8.962601] calling  hpet_init+0x0/0x64 @ 1
[    8.973080] initcall hpet_init+0x0/0x64 returned 0 after 4343 usecs
[    8.983667] calling  nvram_module_init+0x0/0x83 @ 1
[    8.993222] Non-volatile memory driver v1.3
[    9.000452] initcall nvram_module_init+0x0/0x83 returned 0 after 8313 usecs
[    9.011849] calling  hwrng_modinit+0x0/0x8a @ 1
[    9.021530] initcall hwrng_modinit+0x0/0x8a returned 0 after 2065 usecs
[    9.032516] calling  mod_init+0x0/0x48 @ 1
[    9.039645] initcall mod_init+0x0/0x48 returned -19 after 1 usecs
[    9.050311] calling  agp_init+0x0/0x23 @ 1
[    9.058303] Linux agpgart interface v0.103
[    9.065781] initcall agp_init+0x0/0x23 returned 0 after 7630 usecs
[    9.076879] calling  agp_amd64_mod_init+0x0/0x5 @ 1
[    9.085777] initcall agp_amd64_mod_init+0x0/0x5 returned -19 after 811 usecs
[    9.096861] calling  agp_intel_init+0x0/0x28 @ 1
[    9.107889] initcall agp_intel_init+0x0/0x28 returned 0 after 1671 usecs
[    9.120631] calling  drm_kms_helper_init+0x0/0x7 @ 1
[    9.130031] initcall drm_kms_helper_init+0x0/0x7 returned 0 after 68 usecs
[    9.140929] calling  drm_core_init+0x0/0xbd @ 1
[    9.150134] initcall drm_core_init+0x0/0xbd returned 0 after 1725 usecs
[    9.161933] calling  i915_init+0x0/0x6b @ 1
[    9.171207] initcall i915_init+0x0/0x6b returned 0 after 2176 usecs
[    9.181983] calling  cn_proc_init+0x0/0x35 @ 1
[    9.189155] initcall cn_proc_init+0x0/0x35 returned 0 after 135 usecs
[    9.201096] calling  topology_sysfs_init+0x0/0x27 @ 1
[    9.210874] initcall topology_sysfs_init+0x0/0x27 returned 0 after 552 usecs
[    9.222035] calling  cacheinfo_sysfs_init+0x0/0x27 @ 1
[    9.234553] initcall cacheinfo_sysfs_init+0x0/0x27 returned 0 after 4989 usecs
[    9.245598] calling  loop_init+0x0/0x16a @ 1
[    9.424690] loop: module loaded
[    9.432100] initcall loop_init+0x0/0x16a returned 0 after 175241 usecs
[    9.442551] calling  mac_hid_init+0x0/0x21 @ 1
[    9.450338] initcall mac_hid_init+0x0/0x21 returned 0 after 744 usecs
[    9.461410] calling  spi_transport_init+0x0/0x74 @ 1
[    9.469976] initcall spi_transport_init+0x0/0x74 returned 0 after 737 usecs
[    9.480264] calling  init_sd+0x0/0x18c @ 1
[    9.489399] initcall init_sd+0x0/0x18c returned 0 after 2558 usecs
[    9.500281] calling  init_sr+0x0/0x43 @ 1
[    9.506709] initcall init_sr+0x0/0x43 returned 0 after 167 usecs
[    9.517287] calling  init_sg+0x0/0x1c0 @ 1
[    9.528801] initcall init_sg+0x0/0x1c0 returned 0 after 4382 usecs
[    9.538081] calling  ahci_pci_driver_init+0x0/0x15 @ 1
[    9.552320] ahci 0000:00:1f.2: version 3.0
[    9.577300] PCI Interrupt Link [GSIA] enabled at IRQ 16
[    9.617527] ahci 0000:00:1f.2: AHCI 0001.0000 32 slots 6 ports 1.5 Gbps 0x3f impl SATA mode
[    9.630710] ahci 0000:00:1f.2: flags: 64bit ncq only 
[    9.683092] scsi host0: ahci
[    9.698649] scsi host1: ahci
[    9.710213] scsi host2: ahci
[    9.726421] scsi host3: ahci
[    9.745072] scsi host4: ahci
[    9.759978] scsi host5: ahci
[    9.767806] ata1: SATA max UDMA/133 abar m4096@0xfebf1000 port 0xfebf1100 irq 24
[    9.780734] ata2: SATA max UDMA/133 abar m4096@0xfebf1000 port 0xfebf1180 irq 24
[    9.793162] ata3: SATA max UDMA/133 abar m4096@0xfebf1000 port 0xfebf1200 irq 24
[    9.804672] ata4: SATA max UDMA/133 abar m4096@0xfebf1000 port 0xfebf1280 irq 24
[    9.817511] ata5: SATA max UDMA/133 abar m4096@0xfebf1000 port 0xfebf1300 irq 24
[    9.829658] ata6: SATA max UDMA/133 abar m4096@0xfebf1000 port 0xfebf1380 irq 24
[    9.843462] initcall ahci_pci_driver_init+0x0/0x15 returned 0 after 290893 usecs
[    9.857312] calling  piix_init+0x0/0x26 @ 1
[    9.865614] initcall piix_init+0x0/0x26 returned 0 after 478 usecs
[    9.878514] calling  amd_pci_driver_init+0x0/0x15 @ 1
[    9.887159] initcall amd_pci_driver_init+0x0/0x15 returned 0 after 416 usecs
[    9.899194] calling  oldpiix_pci_driver_init+0x0/0x15 @ 1
[    9.908262] initcall oldpiix_pci_driver_init+0x0/0x15 returned 0 after 291 usecs
[    9.920667] calling  sch_pci_driver_init+0x0/0x15 @ 1
[    9.928994] initcall sch_pci_driver_init+0x0/0x15 returned 0 after 65 usecs
[    9.941062] calling  net_olddevs_init+0x0/0x55 @ 1
[    9.949526] initcall net_olddevs_init+0x0/0x55 returned 0 after 493 usecs
[    9.961251] calling  blackhole_netdev_init+0x0/0x78 @ 1
[    9.972123] initcall blackhole_netdev_init+0x0/0x78 returned 0 after 2083 usecs
[    9.983945] calling  phy_module_init+0x0/0x13 @ 1
[    9.993076] initcall phy_module_init+0x0/0x13 returned 0 after 1144 usecs
[   10.004610] calling  tg3_driver_init+0x0/0x15 @ 1
[   10.013051] initcall tg3_driver_init+0x0/0x15 returned 0 after 275 usecs
[   10.024628] calling  e100_init_module+0x0/0x4c @ 1
[   10.032777] e100: Intel(R) PRO/100 Network Driver
[   10.040755] e100: Copyright(c) 1999-2006 Intel Corporation
[   10.050008] initcall e100_init_module+0x0/0x4c returned 0 after 16825 usecs
[   10.061174] calling  e1000_init_module+0x0/0x72 @ 1
[   10.069392] e1000: Intel(R) PRO/1000 Network Driver
[   10.077604] e1000: Copyright (c) 1999-2006 Intel Corporation.
[   10.087308] initcall e1000_init_module+0x0/0x72 returned 0 after 17493 usecs
[   10.100480] calling  e1000_init_module+0x0/0x2d @ 1
[   10.109320] e1000e: Intel(R) PRO/1000 Network Driver
[   10.117209] e1000e: Copyright(c) 1999 - 2015 Intel Corporation.
[   10.127965] initcall e1000_init_module+0x0/0x2d returned 0 after 18262 usecs
[   10.139191] calling  sky2_init_module+0x0/0x21 @ 1
[   10.147481] sky2: driver version 1.30
[   10.154065] initcall sky2_init_module+0x0/0x21 returned 0 after 6427 usecs
[   10.156914] ata2: SATA link down (SStatus 0 SControl 300)
[   10.165192] calling  forcedeth_pci_driver_init+0x0/0x15 @ 1
[   10.165288] initcall forcedeth_pci_driver_init+0x0/0x15 returned 0 after 88 usecs
[   10.177552] ata4: SATA link down (SStatus 0 SControl 300)
[   10.184796] calling  rtl8139_init_module+0x0/0x15 @ 1
[   10.185047] initcall rtl8139_init_module+0x0/0x15 returned 0 after 111 usecs
[   10.185051] calling  rtl8169_pci_driver_init+0x0/0x15 @ 1
[   10.185259] initcall rtl8169_pci_driver_init+0x0/0x15 returned 0 after 199 usecs
[   10.198600] ata1: SATA link down (SStatus 0 SControl 300)
[   10.206199] calling  cdrom_init+0x0/0xc @ 1
[   10.217201] ata6: SATA link down (SStatus 0 SControl 300)
[   10.227264] initcall cdrom_init+0x0/0xc returned 0 after 197 usecs
[   10.240576] ata3: SATA link up 1.5 Gbps (SStatus 113 SControl 300)
[   10.247745] calling  nonstatic_sysfs_init+0x0/0xc @ 1
[   10.262288] ata5: SATA link down (SStatus 0 SControl 300)
[   10.266170] initcall nonstatic_sysfs_init+0x0/0xc returned 0 after 363 usecs
[   10.273159] ata3.00: ATAPI: QEMU DVD-ROM, 2.5+, max UDMA/100
[   10.282039] calling  yenta_cardbus_driver_init+0x0/0x15 @ 1
[   10.282176] initcall yenta_cardbus_driver_init+0x0/0x15 returned 0 after 128 usecs
[   10.291530] ata3.00: applying bridge limits
[   10.299384] calling  mon_init+0x0/0x144 @ 1
[   10.337819] ata3.00: configured for UDMA/100
[   10.348447] initcall mon_init+0x0/0x144 returned 0 after 3358 usecs
[   10.392273] calling  ehci_hcd_init+0x0/0x56 @ 1
[   10.393055] scsi 2:0:0:0: CD-ROM            QEMU     QEMU DVD-ROM     2.5+ PQ: 0 ANSI: 5
[   10.399723] ehci_hcd: USB 2.0 'Enhanced' Host Controller (EHCI) Driver
[   10.422787] initcall ehci_hcd_init+0x0/0x56 returned 0 after 22607 usecs
[   10.434476] calling  ehci_pci_init+0x0/0x64 @ 1
[   10.442748] ehci-pci: EHCI PCI platform driver
[   10.453129] initcall ehci_pci_init+0x0/0x64 returned 0 after 10135 usecs
[   10.465070] calling  ohci_hcd_mod_init+0x0/0x4e @ 1
[   10.473200] ohci_hcd: USB 1.1 'Open' Host Controller (OHCI) Driver
[   10.483208] initcall ohci_hcd_mod_init+0x0/0x4e returned 0 after 9789 usecs
[   10.494181] calling  ohci_pci_init+0x0/0x64 @ 1
[   10.501640] ohci-pci: OHCI PCI platform driver
[   10.509361] initcall ohci_pci_init+0x0/0x64 returned 0 after 7537 usecs
[   10.520042] calling  uhci_hcd_init+0x0/0xa8 @ 1
[   10.528188] uhci_hcd: USB Universal Host Controller Interface driver
[   10.540518] initcall uhci_hcd_init+0x0/0xa8 returned 0 after 12039 usecs
[   10.552536] calling  xhci_hcd_init+0x0/0x1e @ 1
[   10.561446] initcall xhci_hcd_init+0x0/0x1e returned 0 after 127 usecs
[   10.562219] sr 2:0:0:0: [sr0] scsi3-mmc drive: 4x/4x cd/rw xa/form2 tray
[   10.572648] calling  xhci_pci_init+0x0/0x49 @ 1
[   10.573066] initcall xhci_pci_init+0x0/0x49 returned 0 after 401 usecs
[   10.585048] cdrom: Uniform CD-ROM driver Revision: 3.20
[   10.592761] calling  usblp_driver_init+0x0/0x15 @ 1
[   10.593095] usbcore: registered new interface driver usblp
[   10.635134] initcall usblp_driver_init+0x0/0x15 returned 0 after 41368 usecs
[   10.648583] calling  usb_storage_driver_init+0x0/0x2a @ 1
[   10.659348] usbcore: registered new interface driver usb-storage
[   10.671130] initcall usb_storage_driver_init+0x0/0x2a returned 0 after 12040 usecs
[   10.678573] sr 2:0:0:0: Attached scsi CD-ROM sr0
[   10.683015] calling  i8042_init+0x0/0x4c2 @ 1
[   10.692653] sr 2:0:0:0: Attached scsi generic sg0 type 5
[   10.699347] i8042: PNP: PS/2 Controller [PNP0303:KBD,PNP0f13:MOU] at 0x60,0x64 irq 1,12
[   10.733572] serio: i8042 KBD port at 0x60,0x64 irq 1
[   10.747288] serio: i8042 AUX port at 0x60,0x64 irq 12
[   10.755233] initcall i8042_init+0x0/0x4c2 returned 0 after 56622 usecs
[   10.765304] calling  serport_init+0x0/0x2c @ 1
[   10.772355] initcall serport_init+0x0/0x2c returned 0 after 136 usecs
[   10.781785] calling  input_leds_init+0x0/0xc @ 1
[   10.789113] initcall input_leds_init+0x0/0xc returned 0 after 567 usecs
[   10.799303] calling  evdev_init+0x0/0xc @ 1
[   10.808715] initcall evdev_init+0x0/0xc returned 0 after 1506 usecs
[   10.821320] calling  atkbd_init+0x0/0x21 @ 1
[   10.830404] initcall atkbd_init+0x0/0x21 returned 0 after 1441 usecs
[   10.834797] input: AT Translated Set 2 keyboard as /devices/platform/i8042/serio0/input/input1
[   10.841220] calling  psmouse_init+0x0/0x7f @ 1
[   10.866161] initcall psmouse_init+0x0/0x7f returned 0 after 452 usecs
[   10.877322] calling  cmos_init+0x0/0x73 @ 1
[   10.887167] rtc_cmos 00:04: RTC can wake from S4
[   10.912775] rtc_cmos 00:04: registered as rtc0
[   10.921545] rtc_cmos 00:04: alarms up to one day, y3k, 242 bytes nvram, hpet irqs
[   10.933707] initcall cmos_init+0x0/0x73 returned 0 after 47404 usecs
[   10.976087] calling  smbalert_driver_init+0x0/0xe @ 1
[   11.016562] initcall smbalert_driver_init+0x0/0xe returned 0 after 27540 usecs
[   11.028513] calling  i2c_i801_init+0x0/0xc5 @ 1
[   11.062319] i801_smbus 0000:00:1f.3: SMBus using PCI interrupt
[   11.088826] i2c i2c-0: 1/1 memory slots populated (from DMI)
[   11.098741] i2c i2c-0: Memory type 0x07 not supported yet, not instantiating SPD
[   11.117795] initcall i2c_i801_init+0x0/0xc5 returned 0 after 79749 usecs
[   11.129632] calling  ptp_kvm_init+0x0/0xf0 @ 1
[   11.143196] initcall ptp_kvm_init+0x0/0xf0 returned 0 after 5521 usecs
[   11.154144] calling  dm_init+0x0/0x3c @ 1
[   11.165773] device-mapper: ioctl: 4.43.0-ioctl (2020-10-01) initialised: dm-devel@redhat.com
[   11.180189] initcall dm_init+0x0/0x3c returned 0 after 18717 usecs
[   11.191169] calling  dm_mirror_init+0x0/0x29 @ 1
[   11.199318] initcall dm_mirror_init+0x0/0x29 returned 0 after 3 usecs
[   11.210357] calling  dm_dirty_log_init+0x0/0x4f @ 1
[   11.218698] initcall dm_dirty_log_init+0x0/0x4f returned 0 after 436 usecs
[   11.229309] calling  dm_zero_init+0x0/0x29 @ 1
[   11.236393] initcall dm_zero_init+0x0/0x29 returned 0 after 96 usecs
[   11.245912] calling  intel_pstate_init+0x0/0x512 @ 1
[   11.254219] intel_pstate: CPU model not supported
[   11.262539] initcall intel_pstate_init+0x0/0x512 returned -19 after 8622 usecs
[   11.274254] calling  haltpoll_init+0x0/0xc0 @ 1
[   11.282622] initcall haltpoll_init+0x0/0xc0 returned -19 after 1154 usecs
[   11.294585] calling  efivars_sysfs_init+0x0/0x30 @ 1
[   11.303367] initcall efivars_sysfs_init+0x0/0x30 returned 0 after 564 usecs
[   11.315187] calling  esrt_sysfs_init+0x0/0x2a2 @ 1
[   11.323378] initcall esrt_sysfs_init+0x0/0x2a2 returned -38 after 334 usecs
[   11.334787] calling  hid_init+0x0/0x5c @ 1
[   11.345351] hid: raw HID events driver (C) Jiri Kosina
[   11.356466] initcall hid_init+0x0/0x5c returned 0 after 13670 usecs
[   11.367997] calling  hid_generic_init+0x0/0x15 @ 1
[   11.377093] initcall hid_generic_init+0x0/0x15 returned 0 after 336 usecs
[   11.387109] calling  a4_driver_init+0x0/0x15 @ 1
[   11.394093] initcall a4_driver_init+0x0/0x15 returned 0 after 68 usecs
[   11.404017] calling  apple_driver_init+0x0/0x15 @ 1
[   11.411308] initcall apple_driver_init+0x0/0x15 returned 0 after 185 usecs
[   11.421668] calling  belkin_driver_init+0x0/0x15 @ 1
[   11.429275] initcall belkin_driver_init+0x0/0x15 returned 0 after 50 usecs
[   11.439787] calling  ch_driver_init+0x0/0x15 @ 1
[   11.446939] initcall ch_driver_init+0x0/0x15 returned 0 after 41 usecs
[   11.455958] calling  ch_driver_init+0x0/0x15 @ 1
[   11.462872] initcall ch_driver_init+0x0/0x15 returned 0 after 170 usecs
[   11.471665] calling  cp_driver_init+0x0/0x15 @ 1
[   11.478709] initcall cp_driver_init+0x0/0x15 returned 0 after 434 usecs
[   11.487427] calling  ez_driver_init+0x0/0x15 @ 1
[   11.493709] initcall ez_driver_init+0x0/0x15 returned 0 after 79 usecs
[   11.502733] calling  gyration_driver_init+0x0/0x15 @ 1
[   11.514059] initcall gyration_driver_init+0x0/0x15 returned 0 after 55 usecs
[   11.524415] calling  ite_driver_init+0x0/0x15 @ 1
[   11.531686] initcall ite_driver_init+0x0/0x15 returned 0 after 58 usecs
[   11.541613] calling  ks_driver_init+0x0/0x15 @ 1
[   11.548635] initcall ks_driver_init+0x0/0x15 returned 0 after 59 usecs
[   11.558237] calling  lg_driver_init+0x0/0x15 @ 1
[   11.565191] initcall lg_driver_init+0x0/0x15 returned 0 after 126 usecs
[   11.574364] calling  lg_g15_driver_init+0x0/0x15 @ 1
[   11.582272] initcall lg_g15_driver_init+0x0/0x15 returned 0 after 322 usecs
[   11.592508] calling  ms_driver_init+0x0/0x15 @ 1
[   11.599186] initcall ms_driver_init+0x0/0x15 returned 0 after 295 usecs
[   11.608379] calling  mr_driver_init+0x0/0x15 @ 1
[   11.615142] initcall mr_driver_init+0x0/0x15 returned 0 after 379 usecs
[   11.624291] calling  ntrig_driver_init+0x0/0x15 @ 1
[   11.631640] initcall ntrig_driver_init+0x0/0x15 returned 0 after 471 usecs
[   11.641465] calling  pl_driver_init+0x0/0x15 @ 1
[   11.648143] initcall pl_driver_init+0x0/0x15 returned 0 after 371 usecs
[   11.657610] calling  pl_driver_init+0x0/0x15 @ 1
[   11.664386] initcall pl_driver_init+0x0/0x15 returned 0 after 289 usecs
[   11.674491] calling  redragon_driver_init+0x0/0x15 @ 1
[   11.682148] initcall redragon_driver_init+0x0/0x15 returned 0 after 279 usecs
[   11.691608] calling  samsung_driver_init+0x0/0x15 @ 1
[   11.698507] initcall samsung_driver_init+0x0/0x15 returned 0 after 73 usecs
[   11.707948] calling  sony_init+0x0/0x38 @ 1
[   11.714059] initcall sony_init+0x0/0x38 returned 0 after 101 usecs
[   11.722955] calling  sp_driver_init+0x0/0x15 @ 1
[   11.729932] initcall sp_driver_init+0x0/0x15 returned 0 after 56 usecs
[   11.739142] calling  ts_driver_init+0x0/0x15 @ 1
[   11.745595] initcall ts_driver_init+0x0/0x15 returned 0 after 95 usecs
[   11.754750] calling  hid_init+0x0/0x58 @ 1
[   11.762426] usbcore: registered new interface driver usbhid
[   11.770296] usbhid: USB HID core driver
[   11.775761] initcall hid_init+0x0/0x58 returned 0 after 14757 usecs
[   11.784470] calling  eeepc_laptop_init+0x0/0x57 @ 1
[   11.795782] initcall eeepc_laptop_init+0x0/0x57 returned -19 after 4585 usecs
[   11.805526] calling  pmc_atom_init+0x0/0x27a @ 1
[   11.813001] initcall pmc_atom_init+0x0/0x27a returned -19 after 35 usecs
[   11.823379] calling  alsa_hwdep_init+0x0/0x5e @ 1
[   11.831511] initcall alsa_hwdep_init+0x0/0x5e returned 0 after 954 usecs
[   11.841815] calling  alsa_timer_init+0x0/0x1f9 @ 1
[   11.851037] initcall alsa_timer_init+0x0/0x1f9 returned 0 after 1973 usecs
[   11.861212] calling  snd_hrtimer_init+0x0/0x117 @ 1
[   11.868227] initcall snd_hrtimer_init+0x0/0x117 returned 0 after 6 usecs
[   11.877600] calling  alsa_pcm_init+0x0/0x64 @ 1
[   11.883998] initcall alsa_pcm_init+0x0/0x64 returned 0 after 18 usecs
[   11.893306] calling  alsa_seq_init+0x0/0x4a @ 1
[   11.903245] initcall alsa_seq_init+0x0/0x4a returned 0 after 3165 usecs
[   11.913154] calling  alsa_seq_dummy_init+0x0/0x9c @ 1
[   11.921478] initcall alsa_seq_dummy_init+0x0/0x9c returned 0 after 509 usecs
[   11.932577] calling  azx_driver_init+0x0/0x15 @ 1
[   11.941343] initcall azx_driver_init+0x0/0x15 returned 0 after 1094 usecs
[   11.952373] calling  sock_diag_init+0x0/0x2a @ 1
[   11.962592] initcall sock_diag_init+0x0/0x2a returned 0 after 2946 usecs
[   11.972930] calling  blackhole_init+0x0/0xc @ 1
[   11.980291] initcall blackhole_init+0x0/0xc returned 0 after 369 usecs
[   11.990346] calling  nfnetlink_init+0x0/0x61 @ 1
[   11.999509] initcall nfnetlink_init+0x0/0x61 returned 0 after 1815 usecs
[   12.009898] calling  nfnetlink_log_init+0x0/0x99 @ 1
[   12.019492] initcall nfnetlink_log_init+0x0/0x99 returned 0 after 1732 usecs
[   12.030232] calling  nf_conntrack_standalone_init+0x0/0x87 @ 1
[   12.041822] input: ImExPS/2 Generic Explorer Mouse as /devices/platform/i8042/serio1/input/input3
[   12.045818] tasks-torture: rcu_torture_read_exit: End of episode
[   12.079773] initcall nf_conntrack_standalone_init+0x0/0x87 returned 0 after 39882 usecs
[   12.090993] calling  ctnetlink_init+0x0/0x83 @ 1
[   12.098207] initcall ctnetlink_init+0x0/0x83 returned 0 after 67 usecs
[   12.108917] calling  nf_conntrack_ftp_init+0x0/0x12c @ 1
[   12.116379] initcall nf_conntrack_ftp_init+0x0/0x12c returned 0 after 89 usecs
[   12.127465] calling  nf_conntrack_irc_init+0x0/0x129 @ 1
[   12.135616] initcall nf_conntrack_irc_init+0x0/0x129 returned 0 after 38 usecs
[   12.147242] calling  nf_conntrack_sip_init+0x0/0x172 @ 1
[   12.154616] initcall nf_conntrack_sip_init+0x0/0x172 returned 0 after 33 usecs
[   12.175878] calling  nf_nat_init+0x0/0xf0 @ 1
[   12.195686] initcall nf_nat_init+0x0/0xf0 returned 0 after 10927 usecs
[   12.205663] calling  nf_nat_ftp_init+0x0/0x2a @ 1
[   12.217810] initcall nf_nat_ftp_init+0x0/0x2a returned 0 after 2430 usecs
[   12.227718] calling  nf_nat_irc_init+0x0/0x2a @ 1
[   12.235650] initcall nf_nat_irc_init+0x0/0x2a returned 0 after 451 usecs
[   12.245932] calling  nf_nat_sip_init+0x0/0x36 @ 1
[   12.253238] initcall nf_nat_sip_init+0x0/0x36 returned 0 after 4 usecs
[   12.263944] calling  xt_init+0x0/0x146 @ 1
[   12.270269] initcall xt_init+0x0/0x146 returned 0 after 289 usecs
[   12.278925] calling  tcpudp_mt_init+0x0/0x11 @ 1
[   12.287045] initcall tcpudp_mt_init+0x0/0x11 returned 0 after 494 usecs
[   12.296766] calling  connsecmark_tg_init+0x0/0xc @ 1
[   12.305266] initcall connsecmark_tg_init+0x0/0xc returned 0 after 3 usecs
[   12.315265] calling  nflog_tg_init+0x0/0xc @ 1
[   12.324262] initcall nflog_tg_init+0x0/0xc returned 0 after 3 usecs
[   12.334500] calling  secmark_tg_init+0x0/0x11 @ 1
[   12.341928] initcall secmark_tg_init+0x0/0x11 returned 0 after 3 usecs
[   12.352548] calling  tcpmss_tg_init+0x0/0x11 @ 1
[   12.359573] initcall tcpmss_tg_init+0x0/0x11 returned 0 after 3 usecs
[   12.368597] calling  conntrack_mt_init+0x0/0x11 @ 1
