c[?7l[2J[0mSeaBIOS (version 1.16.0-debian-1.16.0-4)
Booting from ROM...
early console in setup code
c[?7l[2J[    0.000000] Linux version 5.10.155+ (root@joelboxx.c.googlers.com) (gcc (Debian 12.2.0-3) 12.2.0, GNU ld (GNU Binutils for Debian) 2.39) #12 SMP PREEMPT Tue Dec 13 05:32:16 UTC 2022
[    0.000000] Command line: selinux=0 initcall_debug debug console=ttyS0 rcutorture.torture_type=tasks rcutorture.onoff_interval=1000 rcutorture.onoff_holdoff=30 rcutorture.n_barrier_cbs=4 rcutorture.stat_interval=15 rcutorture.shutdown_secs=1800 rcutorture.test_no_idle_hz=1 rcutorture.verbose=1
[    0.000000] x86/fpu: x87 FPU will use FXSAVE
[    0.000000] BIOS-provided physical RAM map:
[    0.000000] BIOS-e820: [mem 0x0000000000000000-0x000000000009fbff] usable
[    0.000000] BIOS-e820: [mem 0x000000000009fc00-0x000000000009ffff] reserved
[    0.000000] BIOS-e820: [mem 0x00000000000f0000-0x00000000000fffff] reserved
[    0.000000] BIOS-e820: [mem 0x0000000000100000-0x000000001ffdefff] usable
[    0.000000] BIOS-e820: [mem 0x000000001ffdf000-0x000000001fffffff] reserved
[    0.000000] BIOS-e820: [mem 0x00000000b0000000-0x00000000bfffffff] reserved
[    0.000000] BIOS-e820: [mem 0x00000000fed1c000-0x00000000fed1ffff] reserved
[    0.000000] BIOS-e820: [mem 0x00000000feffc000-0x00000000feffffff] reserved
[    0.000000] BIOS-e820: [mem 0x00000000fffc0000-0x00000000ffffffff] reserved
[    0.000000] NX (Execute Disable) protection: active
[    0.000000] SMBIOS 2.8 present.
[    0.000000] DMI: QEMU Standard PC (Q35 + ICH9, 2009), BIOS 1.16.0-debian-1.16.0-4 04/01/2014
[    0.000000] Hypervisor detected: KVM
[    0.000000] kvm-clock: Using msrs 4b564d01 and 4b564d00
[    0.000000] kvm-clock: cpu 0, msr bb29001, primary cpu clock
[    0.000046] kvm-clock: using sched offset of 2296953863 cycles
[    0.000148] clocksource: kvm-clock: mask: 0xffffffffffffffff max_cycles: 0x1cd42e4dffb, max_idle_ns: 881590591483 ns
[    0.000217] tsc: Detected 1999.999 MHz processor
[    0.006008] e820: update [mem 0x00000000-0x00000fff] usable ==> reserved
[    0.006017] e820: remove [mem 0x000a0000-0x000fffff] usable
[    0.006026] last_pfn = 0x1ffdf max_arch_pfn = 0x400000000
[    0.006908] MTRR default type: write-back
[    0.007005] MTRR fixed ranges enabled:
[    0.007007]   00000-9FFFF write-back
[    0.007010]   A0000-BFFFF uncachable
[    0.007012]   C0000-FFFFF write-protect
[    0.007015] MTRR variable ranges enabled:
[    0.007018]   0 base 00C0000000 mask FFC0000000 uncachable
[    0.007020]   1 disabled
[    0.007023]   2 disabled
[    0.007025]   3 disabled
[    0.007027]   4 disabled
[    0.007029]   5 disabled
[    0.007031]   6 disabled
[    0.007033]   7 disabled
[    0.007302] x86/PAT: Configuration [0-7]: WB  WC  UC- UC  WB  WC  UC- UC  
[    0.016328] found SMP MP-table at [mem 0x000f5ba0-0x000f5baf]
[    0.018756] check: Scanning 1 areas for low memory corruption
[    0.032428] ACPI: Early table checksum verification disabled
[    0.034129] ACPI: RSDP 0x00000000000F59E0 000014 (v00 BOCHS )
[    0.034450] ACPI: RSDT 0x000000001FFE22F5 000038 (v01 BOCHS  BXPC     00000001 BXPC 00000001)
[    0.034762] ACPI: FACP 0x000000001FFE20E5 0000F4 (v03 BOCHS  BXPC     00000001 BXPC 00000001)
[    0.034925] ACPI: DSDT 0x000000001FFE0040 0020A5 (v01 BOCHS  BXPC     00000001 BXPC 00000001)
[    0.034933] ACPI: FACS 0x000000001FFE0000 000040
[    0.034940] ACPI: APIC 0x000000001FFE21D9 000080 (v01 BOCHS  BXPC     00000001 BXPC 00000001)
[    0.034995] ACPI: HPET 0x000000001FFE2259 000038 (v01 BOCHS  BXPC     00000001 BXPC 00000001)
[    0.035003] ACPI: MCFG 0x000000001FFE2291 00003C (v01 BOCHS  BXPC     00000001 BXPC 00000001)
[    0.035010] ACPI: WAET 0x000000001FFE22CD 000028 (v01 BOCHS  BXPC     00000001 BXPC 00000001)
[    0.035017] ACPI: Reserving FACP table memory at [mem 0x1ffe20e5-0x1ffe21d8]
[    0.035021] ACPI: Reserving DSDT table memory at [mem 0x1ffe0040-0x1ffe20e4]
[    0.035023] ACPI: Reserving FACS table memory at [mem 0x1ffe0000-0x1ffe003f]
[    0.035026] ACPI: Reserving APIC table memory at [mem 0x1ffe21d9-0x1ffe2258]
[    0.035028] ACPI: Reserving HPET table memory at [mem 0x1ffe2259-0x1ffe2290]
[    0.035031] ACPI: Reserving MCFG table memory at [mem 0x1ffe2291-0x1ffe22cc]
[    0.035033] ACPI: Reserving WAET table memory at [mem 0x1ffe22cd-0x1ffe22f4]
[    0.035969] ACPI: Local APIC address 0xfee00000
[    0.040278] No NUMA configuration found
[    0.040283] Faking a node at [mem 0x0000000000000000-0x000000001ffdefff]
[    0.040396] NODE_DATA(0) allocated [mem 0x1ffdb000-0x1ffdefff]
[    0.041724] Zone ranges:
[    0.041842]   DMA      [mem 0x0000000000001000-0x0000000000ffffff]
[    0.041891]   DMA32    [mem 0x0000000001000000-0x000000001ffdefff]
[    0.041895]   Normal   empty
[    0.041899] Movable zone start for each node
[    0.041901] Early memory node ranges
[    0.041904]   node   0: [mem 0x0000000000001000-0x000000000009efff]
[    0.041958]   node   0: [mem 0x0000000000100000-0x000000001ffdefff]
[    0.042042] Initmem setup node 0 [mem 0x0000000000001000-0x000000001ffdefff]
[    0.042079] On node 0 totalpages: 130941
[    0.042083]   DMA zone: 64 pages used for memmap
[    0.042085]   DMA zone: 21 pages reserved
[    0.042088]   DMA zone: 3998 pages, LIFO batch:0
[    0.042090]   DMA32 zone: 1984 pages used for memmap
[    0.042093]   DMA32 zone: 126943 pages, LIFO batch:31
[    0.043172] On node 0, zone DMA: 1 pages in unavailable ranges
[    0.046328] On node 0, zone DMA: 97 pages in unavailable ranges
[    0.135052] On node 0, zone DMA32: 33 pages in unavailable ranges
[    0.138854] ACPI: PM-Timer IO Port: 0x608
[    0.138865] ACPI: Local APIC address 0xfee00000
[    0.138934] ACPI: LAPIC_NMI (acpi_id[0xff] dfl dfl lint[0x1])
[    0.139834] IOAPIC[0]: apic_id 0, version 17, address 0xfec00000, GSI 0-23
[    0.139914] ACPI: INT_SRC_OVR (bus 0 bus_irq 0 global_irq 2 dfl dfl)
[    0.139952] ACPI: INT_SRC_OVR (bus 0 bus_irq 5 global_irq 5 high level)
[    0.139955] ACPI: INT_SRC_OVR (bus 0 bus_irq 9 global_irq 9 high level)
[    0.140035] ACPI: INT_SRC_OVR (bus 0 bus_irq 10 global_irq 10 high level)
[    0.140039] ACPI: INT_SRC_OVR (bus 0 bus_irq 11 global_irq 11 high level)
[    0.140043] ACPI: IRQ0 used by override.
[    0.140070] ACPI: IRQ5 used by override.
[    0.140073] ACPI: IRQ9 used by override.
[    0.140075] ACPI: IRQ10 used by override.
[    0.140078] ACPI: IRQ11 used by override.
[    0.140115] Using ACPI (MADT) for SMP configuration information
[    0.140165] ACPI: HPET id: 0x8086a201 base: 0xfed00000
[    0.140439] smpboot: Allowing 2 CPUs, 0 hotplug CPUs
[    0.141437] PM: hibernation: Registered nosave memory: [mem 0x00000000-0x00000fff]
[    0.141441] PM: hibernation: Registered nosave memory: [mem 0x0009f000-0x0009ffff]
[    0.141444] PM: hibernation: Registered nosave memory: [mem 0x000a0000-0x000effff]
[    0.141446] PM: hibernation: Registered nosave memory: [mem 0x000f0000-0x000fffff]
[    0.141452] [mem 0x20000000-0xafffffff] available for PCI devices
[    0.141510] Booting paravirtualized kernel on KVM
[    0.141699] clocksource: refined-jiffies: mask: 0xffffffff max_cycles: 0xffffffff, max_idle_ns: 1910969940391419 ns
[    0.166707] setup_percpu: NR_CPUS:2 nr_cpumask_bits:2 nr_cpu_ids:2 nr_node_ids:1
[    0.188649] percpu: Embedded 58 pages/cpu s198480 r8192 d30896 u1048576
[    0.188694] pcpu-alloc: s198480 r8192 d30896 u1048576 alloc=1*2097152
[    0.188728] pcpu-alloc: [0] 0 1 
[    0.189014] kvm-guest: stealtime: cpu 0, msr 1f41bb40
[    0.190111] Built 1 zonelists, mobility grouping on.  Total pages: 128872
[    0.190114] Policy zone: DMA32
[    0.190156] Kernel command line: selinux=0 initcall_debug debug console=ttyS0 rcutorture.torture_type=tasks rcutorture.onoff_interval=1000 rcutorture.onoff_holdoff=30 rcutorture.n_barrier_cbs=4 rcutorture.stat_interval=15 rcutorture.shutdown_secs=1800 rcutorture.test_no_idle_hz=1 rcutorture.verbose=1
[    0.196592] Dentry cache hash table entries: 65536 (order: 7, 524288 bytes, linear)
[    0.197759] Inode-cache hash table entries: 32768 (order: 6, 262144 bytes, linear)
[    0.198157] mem auto-init: stack:all(zero), heap alloc:off, heap free:off
[    0.202781] Memory: 466776K/523764K available (16398K kernel code, 2805K rwdata, 4836K rodata, 1516K init, 13268K bss, 56728K reserved, 0K cma-reserved)
[    0.203445] SLUB: HWalign=64, Order=0-3, MinObjects=0, CPUs=2, Nodes=1
[    0.203922] Kernel/User page tables isolation: enabled
[    0.208776] Running RCU self tests
[    0.209090] rcu: Preemptible hierarchical RCU implementation.
[    0.209096] rcu: 	RCU event tracing is enabled.
[    0.209100] rcu: 	RCU lockdep checking is enabled.
[    0.209117] 	Trampoline variant of Tasks RCU enabled.
[    0.209121] 	Rude variant of Tasks RCU enabled.
[    0.209124] 	Tracing variant of Tasks RCU enabled.
[    0.209188] rcu: RCU calculated value of scheduler-enlistment delay is 100 jiffies.
[    0.221308] NR_IRQS: 4352, nr_irqs: 440, preallocated irqs: 16
[    0.224352] calling  con_init+0x0/0x24f @ 0
[    0.325142] Console: colour VGA+ 80x25
[    0.325197] initcall con_init+0x0/0x24f returned 0 after 0 usecs
[    0.325202] calling  hvc_console_init+0x0/0x13 @ 0
[    0.325215] initcall hvc_console_init+0x0/0x13 returned 0 after 0 usecs
[    0.325219] calling  univ8250_console_init+0x0/0x26 @ 0
[    1.242307] printk: console [ttyS0] enabled
[    1.247516] initcall univ8250_console_init+0x0/0x26 returned 0 after 0 usecs
[    1.259062] Lock dependency validator: Copyright (c) 2006 Red Hat, Inc., Ingo Molnar
[    1.267502] ... MAX_LOCKDEP_SUBCLASSES:  8
[    1.272239] ... MAX_LOCK_DEPTH:          48
[    1.276979] ... MAX_LOCKDEP_KEYS:        8192
[    1.281908] ... CLASSHASH_SIZE:          4096
[    1.286794] ... MAX_LOCKDEP_ENTRIES:     32768
[    1.292199] ... MAX_LOCKDEP_CHAINS:      65536
[    1.297209] ... CHAINHASH_SIZE:          32768
[    1.302153]  memory used by lock dependency info: 6365 kB
[    1.308366]  memory used for stack traces: 4224 kB
[    1.313864]  per task-struct memory footprint: 1920 bytes
[    1.320025] ACPI: Core revision 20200925
[    1.325855] clocksource: hpet: mask: 0xffffffff max_cycles: 0xffffffff, max_idle_ns: 19112604467 ns
[    1.337071] APIC: Switch to symmetric I/O mode setup
[    1.357242] ..TIMER: vector=0x30 apic1=0 pin1=2 apic2=-1 pin2=-1
[    1.364162] clocksource: tsc-early: mask: 0xffffffffffffffff max_cycles: 0x39a85afc727, max_idle_ns: 881590685098 ns
[    1.376166] Calibrating delay loop (skipped) preset value.. 3999.99 BogoMIPS (lpj=1999999)
[    1.377105] pid_max: default: 32768 minimum: 301
[    1.378414] LSM: Security Framework initializing
[    1.380159] Mount-cache hash table entries: 1024 (order: 1, 8192 bytes, linear)
[    1.381204] Mountpoint-cache hash table entries: 1024 (order: 1, 8192 bytes, linear)
[    1.394750] Last level iTLB entries: 4KB 0, 2MB 0, 4MB 0
[    1.395106] Last level dTLB entries: 4KB 0, 2MB 0, 4MB 0, 1GB 0
[    1.396169] Spectre V1 : Mitigation: usercopy/swapgs barriers and __user pointer sanitization
[    1.397106] Spectre V2 : Mitigation: Retpolines
[    1.398104] Spectre V2 : Spectre v2 / SpectreRSB mitigation: Filling RSB on context switch
[    1.399104] Spectre V2 : Spectre v2 / SpectreRSB : Filling RSB on VMEXIT
[    1.400105] Speculative Store Bypass: Vulnerable
[    1.401110] MDS: Vulnerable: Clear CPU buffers attempted, no microcode
[    1.402103] MMIO Stale Data: Unknown: No mitigations
[    1.461456] Freeing SMP alternatives memory: 40K
[    1.568098] smpboot: CPU0: Intel Common KVM processor (family: 0xf, model: 0x6, stepping: 0x1)
[    1.569598] calling  init_hw_perf_events+0x0/0x6ce @ 1
[    1.570122] Performance Events: unsupported Netburst CPU model 6 no PMU driver, software events only.
[    1.571113] initcall init_hw_perf_events+0x0/0x6ce returned 0 after 976 usecs
[    1.572117] calling  init_real_mode+0x0/0x1e9 @ 1
[    1.574431] initcall init_real_mode+0x0/0x1e9 returned 0 after 976 usecs
[    1.575110] calling  trace_init_perf_perm_irq_work_exit+0x0/0x12 @ 1
[    1.576109] initcall trace_init_perf_perm_irq_work_exit+0x0/0x12 returned 0 after 0 usecs
[    1.577125] calling  validate_x2apic+0x0/0x4a @ 1
[    1.578137] initcall validate_x2apic+0x0/0x4a returned 0 after 0 usecs
[    1.579108] calling  register_nmi_cpu_backtrace_handler+0x0/0x15 @ 1
[    1.580126] initcall register_nmi_cpu_backtrace_handler+0x0/0x15 returned 0 after 0 usecs
[    1.581108] calling  kvm_setup_vsyscall_timeinfo+0x0/0xd1 @ 1
[    1.582108] initcall kvm_setup_vsyscall_timeinfo+0x0/0xd1 returned 0 after 0 usecs
[    1.583121] calling  spawn_ksoftirqd+0x0/0x38 @ 1
[    1.584330] initcall spawn_ksoftirqd+0x0/0x38 returned 0 after 0 usecs
[    1.585108] calling  migration_init+0x0/0x31 @ 1
[    1.586107] initcall migration_init+0x0/0x31 returned 0 after 0 usecs
[    1.587107] calling  srcu_bootup_announce+0x0/0x2f @ 1
[    1.588114] rcu: Hierarchical SRCU implementation.
[    1.589108] initcall srcu_bootup_announce+0x0/0x2f returned 0 after 976 usecs
[    1.590107] calling  rcu_spawn_gp_kthread+0x0/0x1b0 @ 1
[    1.591340] initcall rcu_spawn_gp_kthread+0x0/0x1b0 returned 0 after 0 usecs
[    1.592108] calling  check_cpu_stall_init+0x0/0x1a @ 1
[    1.593109] initcall check_cpu_stall_init+0x0/0x1a returned 0 after 0 usecs
[    1.594107] calling  rcu_sysrq_init+0x0/0x21 @ 1
[    1.596160] initcall rcu_sysrq_init+0x0/0x21 returned 0 after 0 usecs
[    1.597162] calling  trace_init_flags_sys_enter+0x0/0xe @ 1
[    1.598125] initcall trace_init_flags_sys_enter+0x0/0xe returned 0 after 0 usecs
[    1.599108] calling  trace_init_flags_sys_exit+0x0/0xe @ 1
[    1.600112] initcall trace_init_flags_sys_exit+0x0/0xe returned 0 after 0 usecs
[    1.602107] calling  cpu_stop_init+0x0/0x8d @ 1
[    1.603384] initcall cpu_stop_init+0x0/0x8d returned 0 after 0 usecs
[    1.604106] calling  init_kprobes+0x0/0x16e @ 1
[    1.606153] initcall init_kprobes+0x0/0x16e returned 0 after 976 usecs
[    1.607107] calling  init_events+0x0/0x3d @ 1
[    1.608126] initcall init_events+0x0/0x3d returned 0 after 0 usecs
[    1.609105] calling  init_trace_printk+0x0/0xc @ 1
[    1.610106] initcall init_trace_printk+0x0/0xc returned 0 after 0 usecs
[    1.611105] calling  event_trace_enable_again+0x0/0x23 @ 1
[    1.612106] initcall event_trace_enable_again+0x0/0x23 returned 0 after 0 usecs
[    1.614105] calling  static_call_init+0x0/0x79 @ 1
[    1.615105] initcall static_call_init+0x0/0x79 returned 0 after 0 usecs
[    1.616105] calling  jump_label_init_module+0x0/0xc @ 1
[    1.617106] initcall jump_label_init_module+0x0/0xc returned 0 after 0 usecs
[    1.618105] calling  init_zero_pfn+0x0/0x37 @ 1
[    1.619106] initcall init_zero_pfn+0x0/0x37 returned 0 after 0 usecs
[    1.620106] calling  initialize_ptr_random+0x0/0x54 @ 1
[    1.621156] initcall initialize_ptr_random+0x0/0x54 returned 0 after 0 usecs
[    1.622111] calling  efi_memreserve_root_init+0x0/0x25 @ 1
[    1.623144] initcall efi_memreserve_root_init+0x0/0x25 returned 0 after 0 usecs
[    1.624135] calling  efi_earlycon_remap_fb+0x0/0x51 @ 1
[    1.625114] initcall efi_earlycon_remap_fb+0x0/0x51 returned 0 after 0 usecs
[    1.627182] smp: Bringing up secondary CPUs ...
[    1.630145] x86: Booting SMP configuration:
[    1.631125] .... node  #0, CPUs:      #1
[    1.150538] kvm-clock: cpu 1, msr bb29041, secondary cpu clock
[    1.659441] kvm-guest: stealtime: cpu 1, msr 1f51bb40
[    1.676383] smp: Brought up 1 node, 2 CPUs
[    1.677110] smpboot: Max logical packages: 1
[    1.678106] smpboot: Total of 2 processors activated (7999.99 BogoMIPS)
[    1.685273] devtmpfs: initialized
[    1.693841] calling  ipc_ns_init+0x0/0x3d @ 1
[    1.700185] initcall ipc_ns_init+0x0/0x3d returned 0 after 0 usecs
[    1.709114] calling  init_mmap_min_addr+0x0/0x21 @ 1
[    1.717115] initcall init_mmap_min_addr+0x0/0x21 returned 0 after 0 usecs
[    1.727113] calling  pci_realloc_setup_params+0x0/0x3f @ 1
[    1.735115] initcall pci_realloc_setup_params+0x0/0x3f returned 0 after 0 usecs
[    1.746111] calling  net_ns_init+0x0/0x140 @ 1
[    1.753341] initcall net_ns_init+0x0/0x140 returned 0 after 1953 usecs
[    1.754142] calling  e820__register_nvs_regions+0x0/0x37 @ 1
[    1.756114] initcall e820__register_nvs_regions+0x0/0x37 returned 0 after 0 usecs
[    1.757112] calling  cpufreq_register_tsc_scaling+0x0/0x2e @ 1
[    1.758112] initcall cpufreq_register_tsc_scaling+0x0/0x2e returned 0 after 0 usecs
[    1.759109] calling  reboot_init+0x0/0x3c @ 1
[    1.760148] initcall reboot_init+0x0/0x3c returned 0 after 0 usecs
[    1.761109] calling  init_lapic_sysfs+0x0/0x20 @ 1
[    1.762121] initcall init_lapic_sysfs+0x0/0x20 returned 0 after 0 usecs
[    1.763112] calling  alloc_frozen_cpus+0x0/0x7 @ 1
[    1.764114] initcall alloc_frozen_cpus+0x0/0x7 returned 0 after 0 usecs
[    1.765115] calling  cpu_hotplug_pm_sync_init+0x0/0x13 @ 1
[    1.766139] initcall cpu_hotplug_pm_sync_init+0x0/0x13 returned 0 after 0 usecs
[    1.767110] calling  wq_sysfs_init+0x0/0x2a @ 1
[    1.768205] initcall wq_sysfs_init+0x0/0x2a returned 0 after 0 usecs
[    1.769108] calling  ksysfs_init+0x0/0x92 @ 1
[    1.770155] initcall ksysfs_init+0x0/0x92 returned 0 after 0 usecs
[    1.771108] calling  schedutil_gov_init+0x0/0xc @ 1
[    1.772399] initcall schedutil_gov_init+0x0/0xc returned 0 after 0 usecs
[    1.773113] calling  pm_init+0x0/0x76 @ 1
[    1.774303] initcall pm_init+0x0/0x76 returned 0 after 0 usecs
[    1.775151] calling  pm_disk_init+0x0/0x13 @ 1
[    1.777177] initcall pm_disk_init+0x0/0x13 returned 0 after 0 usecs
[    1.778110] calling  swsusp_header_init+0x0/0x2b @ 1
[    1.779113] initcall swsusp_header_init+0x0/0x2b returned 0 after 0 usecs
[    1.780109] calling  rcu_set_runtime_mode+0x0/0x2a @ 1
[    1.783353] initcall rcu_set_runtime_mode+0x0/0x2a returned 0 after 1953 usecs
[    1.784113] calling  init_jiffies_clocksource+0x0/0x13 @ 1
[    1.785107] clocksource: jiffies: mask: 0xffffffff max_cycles: 0xffffffff, max_idle_ns: 1911260446275000 ns
[    1.786119] initcall init_jiffies_clocksource+0x0/0x13 returned 0 after 976 usecs
[    1.787115] calling  futex_init+0x0/0x11b @ 1
[    1.788157] futex hash table entries: 512 (order: 4, 65536 bytes, linear)
[    1.790346] initcall futex_init+0x0/0x11b returned 0 after 1953 usecs
[    1.791109] calling  cgroup_wq_init+0x0/0x28 @ 1
[    1.792125] initcall cgroup_wq_init+0x0/0x28 returned 0 after 0 usecs
[    1.793111] calling  cgroup1_wq_init+0x0/0x28 @ 1
[    1.794120] initcall cgroup1_wq_init+0x0/0x28 returned 0 after 0 usecs
[    1.795108] calling  init_kprobe_trace_early+0x0/0x2a @ 1
[    1.796149] initcall init_kprobe_trace_early+0x0/0x2a returned 0 after 0 usecs
[    1.797111] calling  fsnotify_init+0x0/0x56 @ 1
[    1.798168] initcall fsnotify_init+0x0/0x56 returned 0 after 0 usecs
[    1.799110] calling  filelock_init+0x0/0xb3 @ 1
[    1.800143] initcall filelock_init+0x0/0xb3 returned 0 after 0 usecs
[    1.801112] calling  init_misc_binfmt+0x0/0x2c @ 1
[    1.802165] initcall init_misc_binfmt+0x0/0x2c returned 0 after 0 usecs
[    1.803110] calling  init_script_binfmt+0x0/0x15 @ 1
[    1.804171] initcall init_script_binfmt+0x0/0x15 returned 0 after 0 usecs
[    1.806110] calling  init_elf_binfmt+0x0/0x15 @ 1
[    1.807111] initcall init_elf_binfmt+0x0/0x15 returned 0 after 0 usecs
[    1.808126] calling  init_compat_elf_binfmt+0x0/0x15 @ 1
[    1.809110] initcall init_compat_elf_binfmt+0x0/0x15 returned 0 after 0 usecs
[    1.810108] calling  debugfs_init+0x0/0x5c @ 1
[    1.811120] initcall debugfs_init+0x0/0x5c returned 0 after 0 usecs
[    1.812107] calling  tracefs_init+0x0/0x3a @ 1
[    1.813123] initcall tracefs_init+0x0/0x3a returned 0 after 0 usecs
[    1.814119] calling  prandom_init_early+0x0/0x15d @ 1
[    1.815110] initcall prandom_init_early+0x0/0x15d returned 0 after 0 usecs
[    1.816159] calling  virtio_init+0x0/0x20 @ 1
[    1.817153] initcall virtio_init+0x0/0x20 returned 0 after 0 usecs
[    1.818109] calling  iommu_init+0x0/0x2a @ 1
[    1.819136] initcall iommu_init+0x0/0x2a returned 0 after 0 usecs
[    1.821107] calling  component_debug_init+0x0/0x1c @ 1
[    1.822341] initcall component_debug_init+0x0/0x1c returned 0 after 0 usecs
[    1.823109] calling  early_resume_init+0x0/0xb9 @ 1
[    1.824733] PM: RTC time: 05:41:51, date: 2022-12-13
[    1.825111] initcall early_resume_init+0x0/0xb9 returned 0 after 976 usecs
[    1.826108] calling  cpufreq_core_init+0x0/0x62 @ 1
[    1.827117] initcall cpufreq_core_init+0x0/0x62 returned 0 after 0 usecs
[    1.828107] calling  cpufreq_gov_performance_init+0x0/0xc @ 1
[    1.829109] initcall cpufreq_gov_performance_init+0x0/0xc returned 0 after 0 usecs
[    1.830108] calling  cpufreq_gov_userspace_init+0x0/0xc @ 1
[    1.831109] initcall cpufreq_gov_userspace_init+0x0/0xc returned 0 after 0 usecs
[    1.832107] calling  CPU_FREQ_GOV_ONDEMAND_init+0x0/0xc @ 1
[    1.833133] initcall CPU_FREQ_GOV_ONDEMAND_init+0x0/0xc returned 0 after 0 usecs
[    1.834111] calling  cpuidle_init+0x0/0x1f @ 1
[    1.835142] initcall cpuidle_init+0x0/0x1f returned 0 after 0 usecs
[    1.836108] calling  capsule_reboot_register+0x0/0xc @ 1
[    1.837131] initcall capsule_reboot_register+0x0/0xc returned 0 after 0 usecs
[    1.838109] calling  sock_init+0x0/0x93 @ 1
[    1.841138] initcall sock_init+0x0/0x93 returned 0 after 1953 usecs
[    1.842110] calling  net_inuse_init+0x0/0x23 @ 1
[    1.843144] initcall net_inuse_init+0x0/0x23 returned 0 after 0 usecs
[    1.844107] calling  net_defaults_init+0x0/0x23 @ 1
[    1.845108] initcall net_defaults_init+0x0/0x23 returned 0 after 0 usecs
[    1.846111] calling  init_default_flow_dissectors+0x0/0x4f @ 1
[    1.847140] initcall init_default_flow_dissectors+0x0/0x4f returned 0 after 0 usecs
[    1.848112] calling  netpoll_init+0x0/0x44 @ 1
[    1.849115] initcall netpoll_init+0x0/0x44 returned 0 after 0 usecs
[    1.850113] calling  netlink_proto_init+0x0/0x154 @ 1
[    1.851410] NET: Registered protocol family 16
[    1.852273] initcall netlink_proto_init+0x0/0x154 returned 0 after 976 usecs
[    1.853109] calling  genl_init+0x0/0x35 @ 1
[    1.854187] initcall genl_init+0x0/0x35 returned 0 after 0 usecs
[    1.856140] calling  bsp_pm_check_init+0x0/0x13 @ 1
[    1.857109] initcall bsp_pm_check_init+0x0/0x13 returned 0 after 0 usecs
[    1.858127] calling  irq_sysfs_init+0x0/0xb9 @ 1
[    1.859492] initcall irq_sysfs_init+0x0/0xb9 returned 0 after 0 usecs
[    1.860110] calling  audit_init+0x0/0x127 @ 1
[    1.861114] audit: initializing netlink subsys (disabled)
[    1.863358] initcall audit_init+0x0/0x127 returned 0 after 1953 usecs
[    1.864153] audit: type=2000 audit(1670910110.635:1): state=initialized audit_enabled=0 res=1
[    1.865117] calling  release_early_probes+0x0/0x32 @ 1
[    1.874114] initcall release_early_probes+0x0/0x32 returned 0 after 0 usecs
[    1.884113] calling  bdi_class_init+0x0/0x48 @ 1
[    1.891311] initcall bdi_class_init+0x0/0x48 returned 0 after 0 usecs
[    1.901114] calling  mm_sysfs_init+0x0/0x28 @ 1
[    1.907125] initcall mm_sysfs_init+0x0/0x28 returned 0 after 0 usecs
[    1.916126] calling  init_per_zone_wmark_min+0x0/0x6d @ 1
[    1.922156] initcall init_per_zone_wmark_min+0x0/0x6d returned 0 after 0 usecs
[    1.931120] calling  mpi_init+0x0/0x3e @ 1
[    1.935157] initcall mpi_init+0x0/0x3e returned 0 after 976 usecs
[    1.943111] calling  kobject_uevent_init+0x0/0xc @ 1
[    1.948225] initcall kobject_uevent_init+0x0/0xc returned 0 after 976 usecs
[    1.956110] calling  pcibus_class_init+0x0/0x13 @ 1
[    1.962150] initcall pcibus_class_init+0x0/0x13 returned 0 after 0 usecs
[    1.970109] calling  pci_driver_init+0x0/0x21 @ 1
[    1.975197] initcall pci_driver_init+0x0/0x21 returned 0 after 0 usecs
[    1.984133] calling  backlight_class_init+0x0/0xa8 @ 1
[    1.991163] initcall backlight_class_init+0x0/0xa8 returned 0 after 0 usecs
[    1.999118] calling  tty_class_init+0x0/0x33 @ 1
[    2.005133] initcall tty_class_init+0x0/0x33 returned 0 after 0 usecs
[    2.012109] calling  vtconsole_class_init+0x0/0xb5 @ 1
[    2.018326] initcall vtconsole_class_init+0x0/0xb5 returned 0 after 0 usecs
[    2.026109] calling  iommu_dev_init+0x0/0x13 @ 1
[    2.032125] initcall iommu_dev_init+0x0/0x13 returned 0 after 0 usecs
[    2.039108] calling  mipi_dsi_bus_init+0x0/0xc @ 1
[    2.045155] initcall mipi_dsi_bus_init+0x0/0xc returned 0 after 0 usecs
[    2.052109] calling  devlink_class_init+0x0/0x40 @ 1
[    2.058184] initcall devlink_class_init+0x0/0x40 returned 0 after 0 usecs
[    2.066116] calling  software_node_init+0x0/0x2a @ 1
[    2.072119] initcall software_node_init+0x0/0x2a returned 0 after 0 usecs
[    2.080110] calling  wakeup_sources_debugfs_init+0x0/0x23 @ 1
[    2.087136] initcall wakeup_sources_debugfs_init+0x0/0x23 returned 0 after 0 usecs
[    2.096110] calling  wakeup_sources_sysfs_init+0x0/0x2c @ 1
[    2.103135] initcall wakeup_sources_sysfs_init+0x0/0x2c returned 0 after 0 usecs
[    2.112109] calling  register_node_type+0x0/0x13 @ 1
[    2.118288] initcall register_node_type+0x0/0x13 returned 0 after 0 usecs
[    2.126109] calling  regmap_initcall+0x0/0xc @ 1
[    2.132224] initcall regmap_initcall+0x0/0xc returned 0 after 0 usecs
[    2.140129] calling  i2c_init+0x0/0xb3 @ 1
[    2.145122] initcall i2c_init+0x0/0xb3 returned 0 after 0 usecs
[    2.152150] calling  thermal_init+0x0/0x116 @ 1
[    2.158179] thermal_sys: Registered thermal governor 'step_wise'
[    2.158182] thermal_sys: Registered thermal governor 'user_space'
[    2.165126] initcall thermal_init+0x0/0x116 returned 0 after 6835 usecs
[    2.181109] calling  init_menu+0x0/0xc @ 1
[    2.186258] cpuidle: using governor menu
[    2.191110] initcall init_menu+0x0/0xc returned 0 after 4882 usecs
[    2.198117] calling  pcc_init+0x0/0x4d @ 1
[    2.203127] initcall pcc_init+0x0/0x4d returned -19 after 0 usecs
[    2.209111] calling  amd_postcore_init+0x0/0x11e @ 1
[    2.216111] initcall amd_postcore_init+0x0/0x11e returned 0 after 0 usecs
[    2.225130] calling  bts_init+0x0/0xba @ 1
[    2.231115] initcall bts_init+0x0/0xba returned -19 after 0 usecs
[    2.240113] calling  pt_init+0x0/0x34d @ 1
[    2.245113] initcall pt_init+0x0/0x34d returned -19 after 0 usecs
[    2.253109] calling  boot_params_ksysfs_init+0x0/0x2ee @ 1
[    2.260122] initcall boot_params_ksysfs_init+0x0/0x2ee returned 0 after 0 usecs
[    2.270124] calling  sbf_init+0x0/0xea @ 1
[    2.276114] initcall sbf_init+0x0/0xea returned 0 after 0 usecs
[    2.285113] calling  arch_kdebugfs_init+0x0/0x219 @ 1
[    2.293184] initcall arch_kdebugfs_init+0x0/0x219 returned 0 after 0 usecs
[    2.303110] calling  intel_pconfig_init+0x0/0x85 @ 1
[    2.309110] initcall intel_pconfig_init+0x0/0x85 returned 0 after 0 usecs
[    2.317109] calling  mtrr_if_init+0x0/0x5d @ 1
[    2.322120] initcall mtrr_if_init+0x0/0x5d returned 0 after 0 usecs
[    2.330111] calling  activate_jump_labels+0x0/0x31 @ 1
[    2.335115] initcall activate_jump_labels+0x0/0x31 returned 0 after 0 usecs
[    2.344109] calling  ffh_cstate_init+0x0/0x29 @ 1
[    2.349118] initcall ffh_cstate_init+0x0/0x29 returned 0 after 0 usecs
[    2.357109] calling  activate_jump_labels+0x0/0x31 @ 1
[    2.363110] initcall activate_jump_labels+0x0/0x31 returned 0 after 976 usecs
[    2.371109] calling  kvm_alloc_cpumask+0x0/0x74 @ 1
[    2.377158] initcall kvm_alloc_cpumask+0x0/0x74 returned 0 after 0 usecs
[    2.385120] calling  kcmp_cookies_init+0x0/0x37 @ 1
[    2.391115] initcall kcmp_cookies_init+0x0/0x37 returned 0 after 0 usecs
[    2.398117] calling  cryptomgr_init+0x0/0xc @ 1
[    2.404204] initcall cryptomgr_init+0x0/0xc returned 0 after 0 usecs
[    2.411109] calling  acpi_pci_init+0x0/0x57 @ 1
[    2.417138] ACPI: bus type PCI registered
[    2.421110] initcall acpi_pci_init+0x0/0x57 returned 0 after 3906 usecs
[    2.429110] calling  dma_channel_table_init+0x0/0xd1 @ 1
[    2.436126] initcall dma_channel_table_init+0x0/0xd1 returned 0 after 0 usecs
[    2.444108] calling  dma_bus_init+0x0/0xdc @ 1
[    2.449113] initcall dma_bus_init+0x0/0xdc returned 0 after 0 usecs
[    2.456237] calling  iommu_dma_init+0x0/0x10 @ 1
[    2.462232] initcall iommu_dma_init+0x0/0x10 returned 0 after 0 usecs
[    2.469109] calling  dmi_id_init+0x0/0x37c @ 1
[    2.474317] initcall dmi_id_init+0x0/0x37c returned 0 after 976 usecs
[    2.482110] calling  pci_arch_init+0x0/0x71 @ 1
[    2.487887] PCI: MMCONFIG for domain 0000 [bus 00-ff] at [mem 0xb0000000-0xbfffffff] (base 0xb0000000)
[    2.499112] PCI: MMCONFIG at [mem 0xb0000000-0xbfffffff] reserved in E820
[    2.507167] PCI: Using configuration type 1 for base access
[    2.514140] initcall pci_arch_init+0x0/0x71 returned 0 after 26367 usecs
[    2.521131] calling  init_vdso+0x0/0x13 @ 1
[    2.526149] initcall init_vdso+0x0/0x13 returned 0 after 0 usecs
[    2.533107] calling  sysenter_setup+0x0/0x13 @ 1
[    2.539154] initcall sysenter_setup+0x0/0x13 returned 0 after 0 usecs
[    2.545114] calling  fixup_ht_bug+0x0/0xe5 @ 1
[    2.552115] initcall fixup_ht_bug+0x0/0xe5 returned 0 after 0 usecs
[    2.561116] calling  topology_init+0x0/0x88 @ 1
[    2.568630] initcall topology_init+0x0/0x88 returned 0 after 976 usecs
[    2.578116] calling  intel_epb_init+0x0/0x68 @ 1
[    2.585116] initcall intel_epb_init+0x0/0x68 returned -19 after 0 usecs
[    2.594123] calling  mtrr_init_finialize+0x0/0x3e @ 1
[    2.601111] initcall mtrr_init_finialize+0x0/0x3e returned 0 after 0 usecs
[    2.609114] calling  uid_cache_init+0x0/0x85 @ 1
[    2.615148] initcall uid_cache_init+0x0/0x85 returned 0 after 0 usecs
[    2.623109] calling  param_sysfs_init+0x0/0x1ba @ 1
[    2.642485] initcall param_sysfs_init+0x0/0x1ba returned 0 after 12695 usecs
[    2.651110] calling  user_namespace_sysctl_init+0x0/0x33 @ 1
[    2.657132] initcall user_namespace_sysctl_init+0x0/0x33 returned 0 after 0 usecs
[    2.666108] calling  proc_schedstat_init+0x0/0x24 @ 1
[    2.672116] initcall proc_schedstat_init+0x0/0x24 returned 0 after 0 usecs
[    2.677107] calling  pm_sysrq_init+0x0/0x18 @ 1
[    2.682196] initcall pm_sysrq_init+0x0/0x18 returned 0 after 0 usecs
[    2.690191] calling  create_proc_profile+0x0/0xd0 @ 1
[    2.696129] initcall create_proc_profile+0x0/0xd0 returned 0 after 0 usecs
[    2.705110] calling  time_ns_init+0x0/0x7 @ 1
[    2.710109] initcall time_ns_init+0x0/0x7 returned 0 after 0 usecs
[    2.717109] calling  crash_save_vmcoreinfo_init+0x0/0x722 @ 1
[    2.724324] initcall crash_save_vmcoreinfo_init+0x0/0x722 returned 0 after 0 usecs
[    2.733181] calling  crash_notes_memory_init+0x0/0x35 @ 1
[    2.740121] initcall crash_notes_memory_init+0x0/0x35 returned 0 after 0 usecs
[    2.748108] calling  cgroup_sysfs_init+0x0/0x13 @ 1
[    2.754181] initcall cgroup_sysfs_init+0x0/0x13 returned 0 after 0 usecs
[    2.762109] calling  cgroup_namespaces_init+0x0/0x7 @ 1
[    2.768109] initcall cgroup_namespaces_init+0x0/0x7 returned 0 after 0 usecs
[    2.776108] calling  init_optprobes+0x0/0x13 @ 1
[    2.782123] Kprobes globally optimized
[    2.787118] initcall init_optprobes+0x0/0x13 returned 0 after 4882 usecs
[    2.795105] calling  oom_init+0x0/0x2f @ 1
[    2.802141] initcall oom_init+0x0/0x2f returned 0 after 1953 usecs
[    2.803114] calling  default_bdi_init+0x0/0xb3 @ 1
[    2.805365] initcall default_bdi_init+0x0/0xb3 returned 0 after 976 usecs
[    2.813113] calling  percpu_enable_async+0x0/0xe @ 1
[    2.819109] initcall percpu_enable_async+0x0/0xe returned 0 after 0 usecs
[    2.827109] calling  kcompactd_init+0x0/0x8d @ 1
[    2.834290] initcall kcompactd_init+0x0/0x8d returned 0 after 976 usecs
[    2.835212] calling  init_user_reserve+0x0/0x40 @ 1
[    2.836112] initcall init_user_reserve+0x0/0x40 returned 0 after 0 usecs
[    2.837111] calling  init_admin_reserve+0x0/0x40 @ 1
[    2.838111] initcall init_admin_reserve+0x0/0x40 returned 0 after 0 usecs
[    2.839113] calling  init_reserve_notifier+0x0/0x7 @ 1
[    2.840111] initcall init_reserve_notifier+0x0/0x7 returned 0 after 0 usecs
[    2.841112] calling  swap_init_sysfs+0x0/0x62 @ 1
[    2.842127] initcall swap_init_sysfs+0x0/0x62 returned 0 after 0 usecs
[    2.843110] calling  swapfile_init+0x0/0x94 @ 1
[    2.844117] initcall swapfile_init+0x0/0x94 returned 0 after 0 usecs
[    2.845108] calling  hugetlb_init+0x0/0x49c @ 1
[    2.846110] HugeTLB registered 2.00 MiB page size, pre-allocated 0 pages
[    2.847151] initcall hugetlb_init+0x0/0x49c returned 0 after 976 usecs
[    2.848125] calling  io_wq_init+0x0/0x34 @ 1
[    2.850114] initcall io_wq_init+0x0/0x34 returned 0 after 0 usecs
[    2.851109] calling  seqiv_module_init+0x0/0xc @ 1
[    2.852204] initcall seqiv_module_init+0x0/0xc returned 0 after 0 usecs
[    2.853110] calling  echainiv_module_init+0x0/0xc @ 1
[    2.854110] initcall echainiv_module_init+0x0/0xc returned 0 after 0 usecs
[    2.855180] calling  rsa_init+0x0/0x50 @ 1
[    2.857348] initcall rsa_init+0x0/0x50 returned 0 after 976 usecs
[    2.857457] cryptomgr_test (29) used greatest stack depth: 14864 bytes left
[    2.857348] calling  crypto_cmac_module_init+0x0/0xc @ 1
[    2.857348] initcall crypto_cmac_module_init+0x0/0xc returned 0 after 0 usecs
[    2.857348] calling  hmac_module_init+0x0/0xc @ 1
[    2.857348] initcall hmac_module_init+0x0/0xc returned 0 after 0 usecs
[    2.857348] calling  crypto_null_mod_init+0x0/0x65 @ 1
[    2.871120] initcall crypto_null_mod_init+0x0/0x65 returned 0 after 12695 usecs
[    2.879129] calling  md5_mod_init+0x0/0xc @ 1
[    2.887813] initcall md5_mod_init+0x0/0xc returned 0 after 2929 usecs
[    2.894124] calling  sha256_generic_mod_init+0x0/0x11 @ 1
[    2.911124] initcall sha256_generic_mod_init+0x0/0x11 returned 0 after 8789 usecs
[    2.920330] calling  crypto_cbc_module_init+0x0/0xc @ 1
[    2.927121] initcall crypto_cbc_module_init+0x0/0xc returned 0 after 0 usecs
[    2.935113] calling  crypto_ctr_module_init+0x0/0x11 @ 1
[    2.942110] initcall crypto_ctr_module_init+0x0/0x11 returned 0 after 0 usecs
[    2.951115] calling  crypto_gcm_module_init+0x0/0x64 @ 1
[    2.957328] initcall crypto_gcm_module_init+0x0/0x64 returned 0 after 0 usecs
[    2.967111] calling  crypto_ccm_module_init+0x0/0x11 @ 1
[    2.974121] initcall crypto_ccm_module_init+0x0/0x11 returned 0 after 0 usecs
[    2.979502] calling  aes_init+0x0/0xc @ 1
[    2.988115] initcall aes_init+0x0/0xc returned 0 after 5859 usecs
[    2.989115] calling  crc32c_mod_init+0x0/0xc @ 1
[    2.996040] initcall crc32c_mod_init+0x0/0xc returned 0 after 5859 usecs
[    3.003121] calling  crypto_authenc_module_init+0x0/0xc @ 1
[    3.009115] initcall crypto_authenc_module_init+0x0/0xc returned 0 after 0 usecs
[    3.015114] calling  crypto_authenc_esn_module_init+0x0/0xc @ 1
[    3.021437] initcall crypto_authenc_esn_module_init+0x0/0xc returned 0 after 0 usecs
[    3.031112] calling  drbg_init+0x0/0x7c @ 1
[    3.054301] initcall drbg_init+0x0/0x7c returned 0 after 17578 usecs
[    3.056114] calling  ghash_mod_init+0x0/0xc @ 1
[    3.060131] initcall ghash_mod_init+0x0/0xc returned 0 after 2929 usecs
[    3.069116] calling  init_bio+0x0/0x9a @ 1
[    3.076896] initcall init_bio+0x0/0x9a returned 0 after 1953 usecs
[    3.085118] calling  blk_settings_init+0x0/0x29 @ 1
[    3.091110] initcall blk_settings_init+0x0/0x29 returned 0 after 0 usecs
[    3.100112] calling  blk_ioc_init+0x0/0x29 @ 1
[    3.105123] initcall blk_ioc_init+0x0/0x29 returned 0 after 0 usecs
[    3.114111] calling  blk_mq_init+0x0/0xb9 @ 1
[    3.119116] initcall blk_mq_init+0x0/0xb9 returned 0 after 0 usecs
[    3.128110] calling  genhd_device_init+0x0/0x75 @ 1
[    3.136190] initcall genhd_device_init+0x0/0x75 returned 0 after 976 usecs
[    3.145129] calling  pci_slot_init+0x0/0x40 @ 1
[    3.150123] initcall pci_slot_init+0x0/0x40 returned 0 after 0 usecs
[    3.157111] calling  fbmem_init+0x0/0xd8 @ 1
[    3.162330] initcall fbmem_init+0x0/0xd8 returned 0 after 976 usecs
[    3.170108] calling  acpi_init+0x0/0x319 @ 1
[    3.175272] ACPI: Added _OSI(Module Device)
[    3.180109] ACPI: Added _OSI(Processor Device)
[    3.185106] ACPI: Added _OSI(3.0 _SCP Extensions)
[    3.191106] ACPI: Added _OSI(Processor Aggregator Device)
[    3.197108] ACPI: Added _OSI(Linux-Dell-Video)
[    3.202113] ACPI: Added _OSI(Linux-Lenovo-NV-HDMI-Audio)
[    3.208107] ACPI: Added _OSI(Linux-HPI-Hybrid-Graphics)
[    3.218688] ACPI: 1 ACPI AML tables successfully acquired and loaded
[    3.231582] ACPI: Interpreter enabled
[    3.236170] ACPI: (supports S0 S3 S4 S5)
[    3.241108] ACPI: Using IOAPIC for interrupt routing
[    3.247187] PCI: Using host bridge windows from ACPI; if necessary, use "pci=nocrs" and report a bug
[    3.255098] ACPI: Enabled 2 GPEs in block 00 to 3F
[    3.278527] ACPI: PCI Root Bridge [PCI0] (domain 0000 [bus 00-ff])
[    3.287115] acpi PNP0A08:00: _OSC: OS supports [ExtendedConfig ASPM ClockPM Segments MSI HPX-Type3]
[    3.299253] acpi PNP0A08:00: _OSC: platform does not support [LTR]
[    3.307442] acpi PNP0A08:00: _OSC: OS now controls [PME PCIeCapability]
[    3.317942] PCI host bridge to bus 0000:00
[    3.323111] pci_bus 0000:00: root bus resource [io  0x0000-0x0cf7 window]
[    3.331141] pci_bus 0000:00: root bus resource [io  0x0d00-0xffff window]
[    3.338108] pci_bus 0000:00: root bus resource [mem 0x000a0000-0x000bffff window]
[    3.342109] pci_bus 0000:00: root bus resource [mem 0x20000000-0xafffffff window]
[    3.352108] pci_bus 0000:00: root bus resource [mem 0xc0000000-0xfebfffff window]
[    3.361111] pci_bus 0000:00: root bus resource [mem 0x100000000-0x8ffffffff window]
[    3.370112] pci_bus 0000:00: root bus resource [bus 00-ff]
[    3.377178] pci 0000:00:00.0: calling  quirk_mmio_always_on+0x0/0x10 @ 1
[    3.386279] pci 0000:00:00.0: quirk_mmio_always_on+0x0/0x10 took 0 usecs
[    3.393224] pci 0000:00:00.0: [8086:29c0] type 00 class 0x060000
[    3.403676] pci 0000:00:00.0: calling  quirk_igfx_skip_te_disable+0x0/0x80 @ 1
[    3.412113] pci 0000:00:00.0: quirk_igfx_skip_te_disable+0x0/0x80 took 0 usecs
[    3.423198] pci 0000:00:01.0: [1234:1111] type 00 class 0x030000
[    3.437098] pci 0000:00:01.0: reg 0x10: [mem 0xfd000000-0xfdffffff pref]
[    3.454098] pci 0000:00:01.0: reg 0x18: [mem 0xfebf0000-0xfebf0fff]
[    3.483098] pci 0000:00:01.0: reg 0x30: [mem 0xfebe0000-0xfebeffff pref]
[    3.494477] pci 0000:00:01.0: calling  efifb_fixup_resources+0x0/0xf0 @ 1
[    3.503200] pci 0000:00:01.0: efifb_fixup_resources+0x0/0xf0 took 0 usecs
[    3.531302] pci 0000:00:1f.0: [8086:2918] type 00 class 0x060100
[    3.543388] pci 0000:00:1f.0: calling  quirk_ich7_lpc+0x0/0x60 @ 1
[    3.550350] pci 0000:00:1f.0: quirk: [io  0x0600-0x067f] claimed by ICH6 ACPI/GPIO/TCO
[    3.559393] pci 0000:00:1f.0: quirk_ich7_lpc+0x0/0x60 took 8789 usecs
[    3.567201] pci 0000:00:1f.0: calling  quirk_igfx_skip_te_disable+0x0/0x80 @ 1
[    3.575167] pci 0000:00:1f.0: quirk_igfx_skip_te_disable+0x0/0x80 took 0 usecs
[    3.585883] pci 0000:00:1f.2: [8086:2922] type 00 class 0x010601
[    3.601843] pci 0000:00:1f.2: reg 0x20: [io  0xc040-0xc05f]
[    3.609802] pci 0000:00:1f.2: reg 0x24: [mem 0xfebf1000-0xfebf1fff]
[    3.615143] pci 0000:00:1f.2: calling  quirk_igfx_skip_te_disable+0x0/0x80 @ 1
[    3.624118] pci 0000:00:1f.2: quirk_igfx_skip_te_disable+0x0/0x80 took 0 usecs
[    3.636379] pci 0000:00:1f.3: [8086:2930] type 00 class 0x0c0500
[    3.649108] pci 0000:00:1f.3: reg 0x20: [io  0x0700-0x073f]
[    3.658302] pci 0000:00:1f.3: calling  quirk_igfx_skip_te_disable+0x0/0x80 @ 1
[    3.667114] pci 0000:00:1f.3: quirk_igfx_skip_te_disable+0x0/0x80 took 0 usecs
[    3.686463] ACPI: PCI Interrupt Link [LNKA] (IRQs 5 *10 11)
[    3.692337] ACPI: PCI Interrupt Link [LNKB] (IRQs 5 *10 11)
[    3.700720] ACPI: PCI Interrupt Link [LNKC] (IRQs 5 10 *11)
[    3.704448] ACPI: PCI Interrupt Link [LNKD] (IRQs 5 10 *11)
[    3.713813] ACPI: PCI Interrupt Link [LNKE] (IRQs 5 *10 11)
[    3.721291] ACPI: PCI Interrupt Link [LNKF] (IRQs 5 *10 11)
[    3.728673] ACPI: PCI Interrupt Link [LNKG] (IRQs 5 10 *11)
[    3.735331] ACPI: PCI Interrupt Link [LNKH] (IRQs 5 10 *11)
[    3.742347] ACPI: PCI Interrupt Link [GSIA] (IRQs *16)
[    3.750290] ACPI: PCI Interrupt Link [GSIB] (IRQs *17)
[    3.756123] ACPI: PCI Interrupt Link [GSIC] (IRQs *18)
[    3.763206] ACPI: PCI Interrupt Link [GSID] (IRQs *19)
[    3.768358] ACPI: PCI Interrupt Link [GSIE] (IRQs *20)
[    3.774281] ACPI: PCI Interrupt Link [GSIF] (IRQs *21)
[    3.781125] ACPI: PCI Interrupt Link [GSIG] (IRQs *22)
[    3.789351] ACPI: PCI Interrupt Link [GSIH] (IRQs *23)
[    3.810098] initcall acpi_init+0x0/0x319 returned 0 after 619140 usecs
[    3.817627] calling  pnp_init+0x0/0xc @ 1
[    3.823139] initcall pnp_init+0x0/0xc returned 0 after 0 usecs
[    3.831114] calling  misc_init+0x0/0xbf @ 1
[    3.838878] initcall misc_init+0x0/0xbf returned 0 after 3906 usecs
[    3.845115] calling  iommu_subsys_init+0x0/0x4e @ 1
[    3.851332] iommu: Default domain type: Translated 
[    3.856129] initcall iommu_subsys_init+0x0/0x4e returned 0 after 4882 usecs
[    3.864115] calling  vga_arb_device_init+0x0/0x261 @ 1
[    3.894098] pci 0000:00:01.0: vgaarb: setting as boot VGA device
[    3.894098] pci 0000:00:01.0: vgaarb: VGA device added: decodes=io+mem,owns=io+mem,locks=none
[    3.907119] pci 0000:00:01.0: vgaarb: bridge control possible
[    3.915108] vgaarb: loaded
[    3.917120] initcall vga_arb_device_init+0x0/0x261 returned 0 after 46875 usecs
[    3.927725] calling  cn_init+0x0/0xf0 @ 1
[    3.938116] initcall cn_init+0x0/0xf0 returned 0 after 7812 usecs
[    3.945115] calling  dma_buf_init+0x0/0xad @ 1
[    3.957551] initcall dma_buf_init+0x0/0xad returned 0 after 8789 usecs
[    3.965112] calling  dma_resv_lockdep+0x0/0x281 @ 1
[    3.972962] initcall dma_resv_lockdep+0x0/0x281 returned 0 after 1953 usecs
[    3.981114] calling  init_scsi+0x0/0x79 @ 1
[    3.992669] SCSI subsystem initialized
[    3.998111] initcall init_scsi+0x0/0x79 returned 0 after 9765 usecs
[    4.004112] calling  ata_init+0x0/0x332 @ 1
[    4.024663] libata version 3.00 loaded.
[    4.025118] initcall ata_init+0x0/0x332 returned 0 after 13671 usecs
[    4.026109] calling  phy_init+0x0/0x250 @ 1
[    4.029941] initcall phy_init+0x0/0x250 returned 0 after 1953 usecs
[    4.030110] calling  init_pcmcia_cs+0x0/0x35 @ 1
[    4.032482] initcall init_pcmcia_cs+0x0/0x35 returned 0 after 976 usecs
[    4.033112] calling  usb_common_init+0x0/0x1c @ 1
[    4.034227] initcall usb_common_init+0x0/0x1c returned 0 after 0 usecs
[    4.035116] calling  usb_init+0x0/0x12e @ 1
[    4.036239] ACPI: bus type USB registered
[    4.038431] usbcore: registered new interface driver usbfs
[    4.039452] usbcore: registered new interface driver hub
[    4.041136] usbcore: registered new device driver usb
[    4.042111] initcall usb_init+0x0/0x12e returned 0 after 5859 usecs
[    4.044109] calling  serio_init+0x0/0x29 @ 1
[    4.046187] initcall serio_init+0x0/0x29 returned 0 after 0 usecs
[    4.047109] calling  input_init+0x0/0xf6 @ 1
[    4.048221] initcall input_init+0x0/0xf6 returned 0 after 0 usecs
[    4.049109] calling  rtc_init+0x0/0x4d @ 1
[    4.050163] initcall rtc_init+0x0/0x4d returned 0 after 0 usecs
[    4.051109] calling  pps_init+0x0/0xa9 @ 1
[    4.052169] pps_core: LinuxPPS API ver. 1 registered
[    4.053107] pps_core: Software ver. 5.3.6 - Copyright 2005-2007 Rodolfo Giometti <giometti@linux.it>
[    4.054114] initcall pps_init+0x0/0xa9 returned 0 after 1953 usecs
[    4.055109] calling  ptp_init+0x0/0x98 @ 1
[    4.056130] PTP clock support registered
[    4.057109] initcall ptp_init+0x0/0x98 returned 0 after 976 usecs
[    4.058108] calling  power_supply_class_init+0x0/0x3f @ 1
[    4.059261] initcall power_supply_class_init+0x0/0x3f returned 0 after 0 usecs
[    4.060107] calling  hwmon_init+0x0/0x104 @ 1
[    4.061132] initcall hwmon_init+0x0/0x104 returned 0 after 0 usecs
[    4.062108] calling  md_init+0x0/0x16b @ 1
[    4.065260] initcall md_init+0x0/0x16b returned 0 after 1953 usecs
[    4.073112] calling  leds_init+0x0/0x3b @ 1
[    4.078163] initcall leds_init+0x0/0x3b returned 0 after 0 usecs
[    4.085108] calling  dmi_init+0x0/0x113 @ 1
[    4.090328] initcall dmi_init+0x0/0x113 returned 0 after 0 usecs
[    4.097206] calling  efisubsys_init+0x0/0x4e7 @ 1
[    4.102126] initcall efisubsys_init+0x0/0x4e7 returned 0 after 0 usecs
[    4.110125] calling  nvmem_init+0x0/0xc @ 1
[    4.115191] initcall nvmem_init+0x0/0xc returned 0 after 0 usecs
[    4.122111] calling  init_soundcore+0x0/0x33 @ 1
[    4.128282] initcall init_soundcore+0x0/0x33 returned 0 after 976 usecs
[    4.135110] calling  alsa_sound_init+0x0/0x8f @ 1
[    4.143164] Advanced Linux Sound Architecture Driver Initialized.
[    4.150109] initcall alsa_sound_init+0x0/0x8f returned 0 after 7812 usecs
[    4.160113] calling  alsa_seq_device_init+0x0/0x71 @ 1
[    4.167117] initcall alsa_seq_device_init+0x0/0x71 returned 0 after 0 usecs
[    4.176109] calling  hda_bus_init+0x0/0xc @ 1
[    4.181228] initcall hda_bus_init+0x0/0xc returned 0 after 976 usecs
[    4.191122] calling  proto_init+0x0/0xc @ 1
[    4.197222] initcall proto_init+0x0/0xc returned 0 after 0 usecs
[    4.206113] calling  net_dev_init+0x0/0x27f @ 1
[    4.221354] initcall net_dev_init+0x0/0x27f returned 0 after 7812 usecs
[    4.232118] calling  neigh_init+0x0/0x84 @ 1
[    4.239174] initcall neigh_init+0x0/0x84 returned 0 after 0 usecs
[    4.248111] calling  fib_notifier_init+0x0/0xc @ 1
[    4.254172] initcall fib_notifier_init+0x0/0xc returned 0 after 0 usecs
[    4.262108] calling  fib_rules_init+0x0/0xab @ 1
[    4.268151] initcall fib_rules_init+0x0/0xab returned 0 after 0 usecs
[    4.275119] calling  pktsched_init+0x0/0x10e @ 1
[    4.281274] initcall pktsched_init+0x0/0x10e returned 0 after 0 usecs
[    4.288108] calling  tc_filter_init+0x0/0xfa @ 1
[    4.294237] initcall tc_filter_init+0x0/0xfa returned 0 after 0 usecs
[    4.301108] calling  tc_action_init+0x0/0x54 @ 1
[    4.307112] initcall tc_action_init+0x0/0x54 returned 0 after 0 usecs
[    4.314108] calling  ethnl_init+0x0/0x52 @ 1
[    4.319284] initcall ethnl_init+0x0/0x52 returned 0 after 0 usecs
[    4.327138] calling  nexthop_init+0x0/0xd8 @ 1
[    4.332132] initcall nexthop_init+0x0/0xd8 returned 0 after 0 usecs
[    4.339107] calling  cipso_v4_init+0x0/0x8d @ 1
[    4.345230] initcall cipso_v4_init+0x0/0x8d returned 0 after 0 usecs
[    4.352109] calling  ieee80211_init+0x0/0x24 @ 1
[    4.358124] initcall ieee80211_init+0x0/0x24 returned 0 after 0 usecs
[    4.366108] calling  netlbl_init+0x0/0x78 @ 1
[    4.371119] NetLabel: Initializing
[    4.375106] NetLabel:  domain hash size = 128
[    4.380113] NetLabel:  protocols = UNLABELED CIPSOv4 CALIPSO
[    4.387114] NetLabel:  unlabeled traffic allowed by default
[    4.394118] initcall netlbl_init+0x0/0x78 returned 0 after 22460 usecs
[    4.401108] calling  rfkill_init+0x0/0x136 @ 1
[    4.407594] initcall rfkill_init+0x0/0x136 returned 0 after 1953 usecs
[    4.415109] calling  pci_subsys_init+0x0/0x66 @ 1
[    4.421145] PCI: Using ACPI for IRQ routing
[    5.158757] PCI: pci_cache_line_size set to 64 bytes
[    5.165386] e820: reserve RAM buffer [mem 0x0009fc00-0x0009ffff]
[    5.172257] e820: reserve RAM buffer [mem 0x1ffdf000-0x1fffffff]
[    5.179160] initcall pci_subsys_init+0x0/0x66 returned 0 after 740234 usecs
[    5.188341] calling  nmi_warning_debugfs+0x0/0x26 @ 1
[    5.194182] initcall nmi_warning_debugfs+0x0/0x26 returned 0 after 0 usecs
[    5.202108] calling  save_microcode_in_initrd+0x0/0x51 @ 1
[    5.208180] initcall save_microcode_in_initrd+0x0/0x51 returned 0 after 0 usecs
[    5.217122] calling  hpet_late_init+0x0/0x20a @ 1
[    5.222195] hpet: 3 channels of 0 reserved for per-cpu timers
[    5.229219] hpet0: at MMIO 0xfed00000, IRQs 2, 8, 0
[    5.231104] hpet0: 3 comparators, 64-bit 100.000000 MHz counter
[    5.242108] initcall hpet_late_init+0x0/0x20a returned 0 after 19531 usecs
[    5.250108] calling  init_amd_nbs+0x0/0x11c @ 1
[    5.255133] initcall init_amd_nbs+0x0/0x11c returned 0 after 0 usecs
[    5.264144] calling  clocksource_done_booting+0x0/0x43 @ 1
[    5.271336] clocksource: Switched to clocksource kvm-clock
[    5.278110] initcall clocksource_done_booting+0x0/0x43 returned 0 after 7819 usecs
[    5.286765] calling  tracer_init_tracefs+0x0/0x248 @ 1
[    5.569914] initcall tracer_init_tracefs+0x0/0x248 returned 0 after 270637 usecs
[    5.578292] calling  init_trace_printk_function_export+0x0/0x2c @ 1
[    5.595171] initcall init_trace_printk_function_export+0x0/0x2c returned 0 after 2363 usecs
[    5.606037] calling  init_kprobe_trace+0x0/0x1ab @ 1
[    5.612684] initcall init_kprobe_trace+0x0/0x1ab returned 0 after 930 usecs
[    5.620563] calling  init_dynamic_event+0x0/0x3d @ 1
[    5.626231] initcall init_dynamic_event+0x0/0x3d returned 0 after 67 usecs
[    5.634005] calling  init_uprobe_trace+0x0/0x5c @ 1
[    5.641361] initcall init_uprobe_trace+0x0/0x5c returned 0 after 297 usecs
[    5.651082] calling  init_pipe_fs+0x0/0x44 @ 1
[    5.664312] initcall init_pipe_fs+0x0/0x44 returned 0 after 6528 usecs
[    5.673637] calling  inotify_user_setup+0x0/0x47 @ 1
[    5.681079] initcall inotify_user_setup+0x0/0x47 returned 0 after 365 usecs
[    5.690918] calling  eventpoll_init+0x0/0xeb @ 1
[    5.697527] initcall eventpoll_init+0x0/0xeb returned 0 after 111 usecs
[    5.704971] calling  anon_inode_init+0x0/0x58 @ 1
[    5.712517] initcall anon_inode_init+0x0/0x58 returned 0 after 470 usecs
[    5.720017] calling  proc_locks_init+0x0/0x27 @ 1
[    5.725648] initcall proc_locks_init+0x0/0x27 returned 0 after 206 usecs
[    5.733424] calling  iomap_init+0x0/0x1b @ 1
[    5.738840] initcall iomap_init+0x0/0x1b returned 0 after 593 usecs
[    5.745910] calling  dquot_init+0x0/0x106 @ 1
[    5.750851] VFS: Disk quotas dquot_6.6.0
[    5.755736] VFS: Dquot-cache hash table entries: 512 (order 0, 4096 bytes)
[    5.763364] initcall dquot_init+0x0/0x106 returned 0 after 12240 usecs
[    5.770671] calling  quota_init+0x0/0x23 @ 1
[    5.776275] initcall quota_init+0x0/0x23 returned 0 after 673 usecs
[    5.783305] calling  proc_cmdline_init+0x0/0x21 @ 1
[    5.788912] initcall proc_cmdline_init+0x0/0x21 returned 0 after 19 usecs
[    5.796526] calling  proc_consoles_init+0x0/0x24 @ 1
[    5.802383] initcall proc_consoles_init+0x0/0x24 returned 0 after 7 usecs
[    5.810169] calling  proc_cpuinfo_init+0x0/0x1e @ 1
[    5.815783] initcall proc_cpuinfo_init+0x0/0x1e returned 0 after 8 usecs
[    5.823322] calling  proc_devices_init+0x0/0x24 @ 1
[    5.828905] initcall proc_devices_init+0x0/0x24 returned 0 after 6 usecs
[    5.836883] calling  proc_interrupts_init+0x0/0x24 @ 1
[    5.842628] initcall proc_interrupts_init+0x0/0x24 returned 0 after 8 usecs
[    5.850449] calling  proc_loadavg_init+0x0/0x21 @ 1
[    5.856046] initcall proc_loadavg_init+0x0/0x21 returned 0 after 31 usecs
[    5.863721] calling  proc_meminfo_init+0x0/0x21 @ 1
[    5.869507] initcall proc_meminfo_init+0x0/0x21 returned 0 after 7 usecs
[    5.877165] calling  proc_stat_init+0x0/0x1e @ 1
[    5.882326] initcall proc_stat_init+0x0/0x1e returned 0 after 6 usecs
[    5.890070] calling  proc_uptime_init+0x0/0x21 @ 1
[    5.895879] initcall proc_uptime_init+0x0/0x21 returned 0 after 7 usecs
[    5.903418] calling  proc_version_init+0x0/0x21 @ 1
[    5.908997] initcall proc_version_init+0x0/0x21 returned 0 after 56 usecs
[    5.916538] calling  proc_softirqs_init+0x0/0x21 @ 1
[    5.922109] initcall proc_softirqs_init+0x0/0x21 returned 0 after 4 usecs
[    5.929585] calling  proc_kcore_init+0x0/0xea @ 1
[    5.935276] initcall proc_kcore_init+0x0/0xea returned 0 after 385 usecs
[    5.943418] calling  vmcore_init+0x0/0x57b @ 1
[    5.948458] initcall vmcore_init+0x0/0x57b returned 0 after 15 usecs
[    5.955589] calling  proc_kmsg_init+0x0/0x21 @ 1
[    5.960805] initcall proc_kmsg_init+0x0/0x21 returned 0 after 6 usecs
[    5.968012] calling  proc_page_init+0x0/0x3b @ 1
[    5.973237] initcall proc_page_init+0x0/0x3b returned 0 after 20 usecs
[    5.980727] calling  init_ramfs_fs+0x0/0xc @ 1
[    5.985805] initcall init_ramfs_fs+0x0/0xc returned 0 after 48 usecs
[    5.993039] calling  init_hugetlbfs_fs+0x0/0xf6 @ 1
[    6.006358] initcall init_hugetlbfs_fs+0x0/0xf6 returned 0 after 7652 usecs
[    6.014229] calling  blk_scsi_ioctl_init+0x0/0x2a5 @ 1
[    6.020088] initcall blk_scsi_ioctl_init+0x0/0x2a5 returned 0 after 71 usecs
[    6.027900] calling  acpi_event_init+0x0/0x2c @ 1
[    6.033335] initcall acpi_event_init+0x0/0x2c returned 0 after 84 usecs
[    6.040690] calling  pnp_system_init+0x0/0xc @ 1
[    6.046588] initcall pnp_system_init+0x0/0xc returned 0 after 649 usecs
[    6.054111] calling  pnpacpi_init+0x0/0x69 @ 1
[    6.059223] pnp: PnP ACPI init
[    6.064880] pnp 00:00: Plug and Play ACPI device, IDs PNP0303 (active)
[    6.072397] pnp 00:01: Plug and Play ACPI device, IDs PNP0f13 (active)
[    6.082431] pnp 00:02: Plug and Play ACPI device, IDs PNP0400 (active)
[    6.090084] pnp 00:03: Plug and Play ACPI device, IDs PNP0501 (active)
[    6.097683] pnp 00:04: Plug and Play ACPI device, IDs PNP0b00 (active)
[    6.105696] system 00:05: [mem 0xb0000000-0xbfffffff window] has been reserved
[    6.114272] system 00:05: Plug and Play ACPI device, IDs PNP0c01 (active)
[    6.124344] pnp: PnP ACPI: found 6 devices
[    6.129278] initcall pnpacpi_init+0x0/0x69 returned 0 after 68433 usecs
[    6.137017] calling  chr_dev_init+0x0/0x14d @ 1
[    6.254773] initcall chr_dev_init+0x0/0x14d returned 0 after 109687 usecs
[    6.262624] calling  firmware_class_init+0x0/0x14a @ 1
[    6.268685] initcall firmware_class_init+0x0/0x14a returned 0 after 136 usecs
[    6.276762] calling  init_pcmcia_bus+0x0/0x5b @ 1
[    6.282975] initcall init_pcmcia_bus+0x0/0x5b returned 0 after 257 usecs
[    6.290898] calling  init_acpi_pm_clocksource+0x0/0xda @ 1
[    6.303531] clocksource: acpi_pm: mask: 0xffffff max_cycles: 0xffffff, max_idle_ns: 2085701024 ns
[    6.315964] initcall init_acpi_pm_clocksource+0x0/0xda returned 0 after 17822 usecs
[    6.326724] calling  sysctl_core_init+0x0/0x26 @ 1
[    6.332897] initcall sysctl_core_init+0x0/0x26 returned 0 after 302 usecs
[    6.340669] calling  eth_offload_init+0x0/0x13 @ 1
[    6.346342] initcall eth_offload_init+0x0/0x13 returned 0 after 144 usecs
[    6.354573] calling  ipv4_offload_init+0x0/0x73 @ 1
[    6.360479] initcall ipv4_offload_init+0x0/0x73 returned 0 after 89 usecs
[    6.368296] calling  inet_init+0x0/0x276 @ 1
[    6.373623] NET: Registered protocol family 2
[    6.380242] IP idents hash table entries: 8192 (order: 4, 65536 bytes, linear)
[    6.391996] tcp_listen_portaddr_hash hash table entries: 256 (order: 2, 20480 bytes, linear)
[    6.402845] TCP established hash table entries: 4096 (order: 3, 32768 bytes, linear)
[    6.413822] TCP bind hash table entries: 4096 (order: 6, 294912 bytes, linear)
[    6.425417] TCP: Hash tables configured (established 4096 bind 4096)
[    6.435752] UDP hash table entries: 256 (order: 3, 40960 bytes, linear)
[    6.445354] UDP-Lite hash table entries: 256 (order: 3, 40960 bytes, linear)
[    6.454705] initcall inet_init+0x0/0x276 returned 0 after 79316 usecs
[    6.462400] calling  af_unix_init+0x0/0x4d @ 1
[    6.467831] NET: Registered protocol family 1
[    6.473338] initcall af_unix_init+0x0/0x4d returned 0 after 5405 usecs
[    6.481402] calling  ipv6_offload_init+0x0/0x7e @ 1
[    6.487359] initcall ipv6_offload_init+0x0/0x7e returned 0 after 45 usecs
[    6.495352] calling  init_sunrpc+0x0/0x65 @ 1
[    6.509885] RPC: Registered named UNIX socket transport module.
[    6.517013] RPC: Registered udp transport module.
[    6.522583] RPC: Registered tcp transport module.
[    6.528205] RPC: Registered tcp NFSv4.1 backchannel transport module.
[    6.535658] initcall init_sunrpc+0x0/0x65 returned 0 after 34378 usecs
[    6.543439] calling  cfg80211_init+0x0/0xc5 @ 1
[    6.551395] initcall cfg80211_init+0x0/0xc5 returned 0 after 2565 usecs
[    6.559678] calling  pcibios_assign_resources+0x0/0xbf @ 1
[    6.566404] pci_bus 0000:00: resource 4 [io  0x0000-0x0cf7 window]
[    6.574442] pci_bus 0000:00: resource 5 [io  0x0d00-0xffff window]
[    6.583383] pci_bus 0000:00: resource 6 [mem 0x000a0000-0x000bffff window]
[    6.593282] pci_bus 0000:00: resource 7 [mem 0x20000000-0xafffffff window]
[    6.603303] pci_bus 0000:00: resource 8 [mem 0xc0000000-0xfebfffff window]
[    6.611430] pci_bus 0000:00: resource 9 [mem 0x100000000-0x8ffffffff window]
[    6.619820] initcall pcibios_assign_resources+0x0/0xbf returned 0 after 52305 usecs
[    6.628516] calling  pci_apply_final_quirks+0x0/0x124 @ 1
[    6.635319] pci 0000:00:01.0: calling  pci_fixup_video+0x0/0xe0 @ 1
[    6.643109] pci 0000:00:01.0: Video device with shadowed ROM at [mem 0x000c0000-0x000dffff]
[    6.652959] pci 0000:00:01.0: pci_fixup_video+0x0/0xe0 took 10033 usecs
[    6.660807] PCI: CLS 0 bytes, default 64
[    6.665394] initcall pci_apply_final_quirks+0x0/0x124 returned 0 after 29873 usecs
[    6.673880] calling  acpi_reserve_resources+0x0/0xea @ 1
[    6.679923] initcall acpi_reserve_resources+0x0/0xea returned 0 after 26 usecs
[    6.688454] calling  populate_rootfs+0x0/0x102 @ 1
[    6.695607] initcall populate_rootfs+0x0/0x102 returned 0 after 1628 usecs
[    6.703498] calling  pci_iommu_init+0x0/0x3e @ 1
[    6.709265] initcall pci_iommu_init+0x0/0x3e returned 0 after 165 usecs
[    6.718234] calling  ia32_binfmt_init+0x0/0x13 @ 1
[    6.723707] initcall ia32_binfmt_init+0x0/0x13 returned 0 after 20 usecs
[    6.733495] calling  rapl_pmu_init+0x0/0x267 @ 1
[    6.738989] initcall rapl_pmu_init+0x0/0x267 returned -19 after 50 usecs
[    6.746568] calling  amd_uncore_init+0x0/0x310 @ 1
[    6.752089] initcall amd_uncore_init+0x0/0x310 returned -19 after 0 usecs
[    6.759869] calling  amd_ibs_init+0x0/0x27b @ 1
[    6.765167] initcall amd_ibs_init+0x0/0x27b returned -19 after 0 usecs
[    6.772858] calling  amd_iommu_pc_init+0x0/0x22c @ 1
[    6.778654] initcall amd_iommu_pc_init+0x0/0x22c returned -19 after 49 usecs
[    6.786799] calling  msr_init+0x0/0x55 @ 1
[    6.791674] initcall msr_init+0x0/0x55 returned 0 after 43 usecs
[    6.798597] calling  intel_uncore_init+0x0/0x36f @ 1
[    6.804459] initcall intel_uncore_init+0x0/0x36f returned -19 after 26 usecs
[    6.812792] calling  cstate_pmu_init+0x0/0x1a1 @ 1
[    6.818496] initcall cstate_pmu_init+0x0/0x1a1 returned -19 after 0 usecs
[    6.826396] calling  register_kernel_offset_dumper+0x0/0x1a @ 1
[    6.833230] initcall register_kernel_offset_dumper+0x0/0x1a returned 0 after 22 usecs
[    6.842253] calling  i8259A_init_ops+0x0/0x20 @ 1
[    6.848049] initcall i8259A_init_ops+0x0/0x20 returned 0 after 2 usecs
[    6.855640] calling  init_tsc_clocksource+0x0/0xa4 @ 1
[    6.862507] clocksource: tsc: mask: 0xffffffffffffffff max_cycles: 0x39a85afc727, max_idle_ns: 881590685098 ns
[    6.874425] initcall init_tsc_clocksource+0x0/0xa4 returned 0 after 12218 usecs
[    6.883225] calling  add_rtc_cmos+0x0/0xb0 @ 1
[    6.889231] initcall add_rtc_cmos+0x0/0xb0 returned 0 after 102 usecs
[    6.897191] calling  i8237A_init_ops+0x0/0x3a @ 1
[    6.904415] initcall i8237A_init_ops+0x0/0x3a returned 0 after 149 usecs
[    6.914068] calling  umwait_init+0x0/0x94 @ 1
[    6.920707] initcall umwait_init+0x0/0x94 returned -19 after 19 usecs
[    6.929607] calling  thermal_throttle_init_device+0x0/0x3d @ 1
[    6.936482] initcall thermal_throttle_init_device+0x0/0x3d returned 0 after 49 usecs
[    6.945510] calling  msr_init+0x0/0xd7 @ 1
[    6.953428] initcall msr_init+0x0/0xd7 returned 0 after 3007 usecs
[    6.960641] calling  cpuid_init+0x0/0xd7 @ 1
[    6.967442] initcall cpuid_init+0x0/0xd7 returned 0 after 1679 usecs
[    6.975072] calling  ioapic_init_ops+0x0/0x13 @ 1
[    6.980726] initcall ioapic_init_ops+0x0/0x13 returned 0 after 24 usecs
[    6.988484] calling  add_pcspkr+0x0/0x6c @ 1
[    6.993635] initcall add_pcspkr+0x0/0x6c returned 0 after 102 usecs
[    7.001418] calling  start_periodic_check_for_corruption+0x0/0x30 @ 1
[    7.009362] check: Scanning for low memory corruption every 60 seconds
[    7.016949] initcall start_periodic_check_for_corruption+0x0/0x30 returned 0 after 7660 usecs
[    7.027856] calling  sysfb_init+0x0/0x9c @ 1
[    7.033096] initcall sysfb_init+0x0/0x9c returned 0 after 154 usecs
[    7.040502] calling  audit_classes_init+0x0/0xae @ 1
[    7.046476] initcall audit_classes_init+0x0/0xae returned 0 after 31 usecs
[    7.054294] calling  iosf_mbi_init+0x0/0x24 @ 1
[    7.060076] initcall iosf_mbi_init+0x0/0x24 returned 0 after 430 usecs
[    7.067937] calling  proc_execdomains_init+0x0/0x21 @ 1
[    7.074223] initcall proc_execdomains_init+0x0/0x21 returned 0 after 8 usecs
[    7.082402] calling  register_warn_debugfs+0x0/0x23 @ 1
[    7.088562] initcall register_warn_debugfs+0x0/0x23 returned 0 after 59 usecs
[    7.096760] calling  cpuhp_sysfs_init+0x0/0x79 @ 1
[    7.102523] initcall cpuhp_sysfs_init+0x0/0x79 returned 0 after 72 usecs
[    7.110301] calling  ioresources_init+0x0/0x49 @ 1
[    7.116089] initcall ioresources_init+0x0/0x49 returned 0 after 9 usecs
[    7.123736] calling  lockdep_proc_init+0x0/0x64 @ 1
[    7.129502] initcall lockdep_proc_init+0x0/0x64 returned 0 after 69 usecs
[    7.137517] calling  snapshot_device_init+0x0/0xc @ 1
[    7.144640] initcall snapshot_device_init+0x0/0xc returned 0 after 1172 usecs
[    7.153038] calling  irq_pm_init_ops+0x0/0x13 @ 1
[    7.158585] initcall irq_pm_init_ops+0x0/0x13 returned 0 after 14 usecs
[    7.166323] calling  rcu_torture_init+0x0/0x9be @ 1
[    7.172318] tasks-torture:--- Start of test: nreaders=1 nfakewriters=4 stat_interval=15 verbose=1 test_no_idle_hz=1 shuffle_interval=3 stutter=5 irqreader=1 fqs_duration=0 fqs_holdoff=0 fqs_stutter=3 test_boost=1/0 test_boost_interval=7 test_boost_duration=4 shutdown_secs=1800 stall_cpu=0 stall_cpu_holdoff=10 stall_cpu_irqsoff=0 stall_cpu_block=0 n_barrier_cbs=4 onoff_interval=1000 onoff_holdoff=30 read_exit_delay=13 read_exit_burst=16
[    7.216680] tasks:  Start-test grace-period state: g0 f0x0
[    7.223215] tasks-torture: Creating rcu_torture_writer task
[    7.232598] tasks-torture: Creating rcu_torture_fakewriter task
[    7.232872] tasks-torture: rcu_torture_writer task started
[    7.240525] tasks-torture: Creating rcu_torture_fakewriter task
[    7.246700] tasks-torture: GP expediting controlled from boot/sysfs for tasks.
[    7.246703] rcu_torture_writer: Testing expedited GPs.
[    7.246704] rcu_torture_writer: Testing asynchronous GPs.
[    7.246706] rcu_torture_writer: Testing normal GPs.
[    7.246725] tasks-torture: rcu_torture_fakewriter task started
[    7.254750] tasks-torture: Creating rcu_torture_fakewriter task
[    7.262977] tasks-torture: rcu_torture_fakewriter task started
[    7.307430] tasks-torture: Creating rcu_torture_fakewriter task
[    7.308406] tasks-torture: rcu_torture_fakewriter task started
[    7.315466] tasks-torture: Creating rcu_torture_reader task
[    7.322402] tasks-torture: rcu_torture_fakewriter task started
[    7.331483] tasks-torture: Creating rcu_torture_stats task
[    7.338300] tasks-torture: rcu_torture_reader task started
[    7.345289] tasks-torture: Creating torture_shuffle task
[    7.352260] tasks-torture: rcu_torture_stats task started
[    7.359425] tasks-torture: Creating torture_stutter task
[    7.372535] tasks-torture: torture_shuffle task started
[    7.380485] tasks-torture: Creating torture_shutdown task
[    7.387256] tasks-torture: torture_stutter task started
[    7.391456] tasks-torture: Creating torture_onoff task
[    7.393899] tasks-torture: torture_shutdown task started
[    7.400532] tasks-torture: rcu_torture_fwd_prog_init: Disabled, unsupported by RCU flavor under test
[    7.406696] tasks-torture:torture_shutdown task: 1799973 ms remaining
[    7.406712] tasks-torture: torture_onoff task started
[    7.418089] tasks-torture: Creating rcu_torture_barrier_cbs task
[    7.426082] tasks-torture: torture_onoff begin holdoff
[    7.432326] tasks-torture: Creating rcu_torture_barrier_cbs task
[    7.439344] tasks-torture: rcu_torture_barrier_cbs task started
[    7.461507] tasks-torture: Creating rcu_torture_barrier_cbs task
[    7.461847] tasks-torture: rcu_torture_barrier_cbs task started
[    7.469329] tasks-torture: Creating rcu_torture_barrier_cbs task
[    7.477719] tasks-torture: rcu_torture_barrier_cbs task started
[    7.502006] tasks-torture: Creating rcu_torture_barrier task
[    7.503476] tasks-torture: rcu_torture_barrier_cbs task started
[    7.511688] tasks-torture: Creating rcu_torture_read_exit task
[    7.519216] tasks-torture: rcu_torture_barrier task starting
[    7.529812] initcall rcu_torture_init+0x0/0x9be returned 0 after 349324 usecs
[    7.546697] tasks-torture: rcu_torture_read_exit: Start of test
[    7.556054] calling  timekeeping_init_ops+0x0/0x13 @ 1
[    7.564449] initcall timekeeping_init_ops+0x0/0x13 returned 0 after 56 usecs
[    7.581932] calling  init_clocksource_sysfs+0x0/0x23 @ 1
[    7.596967] initcall init_clocksource_sysfs+0x0/0x23 returned 0 after 7151 usecs
[    7.606580] calling  init_timer_list_procfs+0x0/0x31 @ 1
[    7.614625] initcall init_timer_list_procfs+0x0/0x31 returned 0 after 592 usecs
[    7.625812] calling  alarmtimer_init+0x0/0xf5 @ 1
[    7.634463] initcall alarmtimer_init+0x0/0xf5 returned 0 after 1298 usecs
[    7.645020] calling  init_posix_timers+0x0/0x29 @ 1
[    7.651645] initcall init_posix_timers+0x0/0x29 returned 0 after 306 usecs
[    7.660271] calling  clockevents_init_sysfs+0x0/0xbf @ 1
[    7.667643] initcall clockevents_init_sysfs+0x0/0xbf returned 0 after 607 usecs
[    7.677180] calling  proc_dma_init+0x0/0x21 @ 1
[    7.683029] initcall proc_dma_init+0x0/0x21 returned 0 after 121 usecs
[    7.693304] calling  proc_modules_init+0x0/0x1e @ 1
[    7.700869] initcall proc_modules_init+0x0/0x1e returned 0 after 31 usecs
[    7.711305] calling  kallsyms_init+0x0/0x21 @ 1
[    7.717621] initcall kallsyms_init+0x0/0x21 returned 0 after 57 usecs
[    7.725843] calling  pid_namespaces_init+0x0/0x2c @ 1
[    7.732480] initcall pid_namespaces_init+0x0/0x2c returned 0 after 61 usecs
[    7.741361] calling  audit_watch_init+0x0/0x37 @ 1
[    7.747719] initcall audit_watch_init+0x0/0x37 returned 0 after 88 usecs
[    7.757321] calling  audit_fsnotify_init+0x0/0x37 @ 1
[    7.764372] initcall audit_fsnotify_init+0x0/0x37 returned 0 after 3 usecs
[    7.774983] calling  audit_tree_init+0x0/0x6d @ 1
[    7.781399] initcall audit_tree_init+0x0/0x6d returned 0 after 12 usecs
[    7.790280] calling  seccomp_sysctl_init+0x0/0x2b @ 1
[    7.797584] initcall seccomp_sysctl_init+0x0/0x2b returned 0 after 331 usecs
[    7.807320] calling  utsname_sysctl_init+0x0/0x13 @ 1
[    7.814308] initcall utsname_sysctl_init+0x0/0x13 returned 0 after 53 usecs
[    7.823579] calling  init_tracepoints+0x0/0x27 @ 1
[    7.830342] initcall init_tracepoints+0x0/0x27 returned 0 after 59 usecs
[    7.839294] calling  init_blk_tracer+0x0/0x50 @ 1
[    7.847972] initcall init_blk_tracer+0x0/0x50 returned 0 after 1614 usecs
[    7.857475] calling  perf_event_sysfs_init+0x0/0x83 @ 1
[    7.868322] initcall perf_event_sysfs_init+0x0/0x83 returned 0 after 2768 usecs
[    7.879411] calling  system_trusted_keyring_init+0x0/0x60 @ 1
[    7.888025] Initialise system trusted keyrings
[    7.900221] initcall system_trusted_keyring_init+0x0/0x60 returned 0 after 11905 usecs
[    7.911517] calling  kswapd_init+0x0/0x5c @ 1
[    7.921743] initcall kswapd_init+0x0/0x5c returned 0 after 3571 usecs
[    7.930547] calling  extfrag_debug_init+0x0/0x54 @ 1
[    7.937818] initcall extfrag_debug_init+0x0/0x54 returned 0 after 443 usecs
[    7.946931] calling  mm_compute_batch_init+0x0/0x12 @ 1
[    7.954267] initcall mm_compute_batch_init+0x0/0x12 returned 0 after 137 usecs
[    7.963958] calling  slab_proc_init+0x0/0x21 @ 1
[    7.970276] initcall slab_proc_init+0x0/0x21 returned 0 after 38 usecs
[    7.979181] calling  workingset_init+0x0/0x8c @ 1
[    7.986076] workingset: timestamp_bits=56 max_order=17 bucket_order=0
[    7.995088] initcall workingset_init+0x0/0x8c returned 0 after 8878 usecs
[    8.005353] calling  proc_vmalloc_init+0x0/0x32 @ 1
[    8.013036] initcall proc_vmalloc_init+0x0/0x32 returned 0 after 11 usecs
[    8.023548] calling  procswaps_init+0x0/0x1e @ 1
[    8.030872] initcall procswaps_init+0x0/0x1e returned 0 after 65 usecs
[    8.039395] calling  slab_sysfs_init+0x0/0xec @ 1
[    8.058119] initcall slab_sysfs_init+0x0/0xec returned 0 after 12128 usecs
[    8.069050] calling  fcntl_init+0x0/0x29 @ 1
[    8.074925] initcall fcntl_init+0x0/0x29 returned 0 after 128 usecs
[    8.083193] calling  proc_filesystems_init+0x0/0x21 @ 1
[    8.090080] initcall proc_filesystems_init+0x0/0x21 returned 0 after 8 usecs
[    8.099401] calling  start_dirtytime_writeback+0x0/0x29 @ 1
[    8.107073] initcall start_dirtytime_writeback+0x0/0x29 returned 0 after 77 usecs
[    8.117158] calling  blkdev_init+0x0/0x1b @ 1
[    8.123616] initcall blkdev_init+0x0/0x1b returned 0 after 596 usecs
[    8.132444] calling  dio_init+0x0/0x2c @ 1
[    8.138277] initcall dio_init+0x0/0x2c returned 0 after 226 usecs
[    8.146529] calling  dnotify_init+0x0/0x78 @ 1
[    8.152728] initcall dnotify_init+0x0/0x78 returned 0 after 180 usecs
[    8.161437] calling  aio_setup+0x0/0x78 @ 1
[    8.170758] initcall aio_setup+0x0/0x78 returned 0 after 2122 usecs
[    8.178981] calling  io_uring_init+0x0/0x2c @ 1
[    8.184771] initcall io_uring_init+0x0/0x2c returned 0 after 12 usecs
[    8.193231] calling  mbcache_init+0x0/0x30 @ 1
[    8.199309] initcall mbcache_init+0x0/0x30 returned 0 after 181 usecs
[    8.207475] calling  init_grace+0x0/0xc @ 1
[    8.213271] initcall init_grace+0x0/0xc returned 0 after 329 usecs
[    8.221084] calling  init_v2_quota_format+0x0/0x21 @ 1
[    8.227859] initcall init_v2_quota_format+0x0/0x21 returned 0 after 194 usecs
[    8.238025] calling  init_devpts_fs+0x0/0x27 @ 1
[    8.244963] initcall init_devpts_fs+0x0/0x27 returned 0 after 217 usecs
[    8.254312] calling  ext4_init_fs+0x0/0x1c2 @ 1
[    8.261024] initcall ext4_init_fs+0x0/0x1c2 returned 0 after 1070 usecs
[    8.269121] calling  journal_init+0x0/0x11c @ 1
[    8.275031] initcall journal_init+0x0/0x11c returned 0 after 224 usecs
[    8.283574] calling  init_fat_fs+0x0/0x49 @ 1
[    8.289355] initcall init_fat_fs+0x0/0x49 returned 0 after 250 usecs
[    8.297627] calling  init_vfat_fs+0x0/0xc @ 1
[    8.303395] initcall init_vfat_fs+0x0/0xc returned 0 after 4 usecs
[    8.311333] calling  init_msdos_fs+0x0/0xc @ 1
[    8.317219] initcall init_msdos_fs+0x0/0xc returned 0 after 3 usecs
[    8.325269] calling  init_iso9660_fs+0x0/0x6c @ 1
[    8.331445] initcall init_iso9660_fs+0x0/0x6c returned 0 after 206 usecs
[    8.340162] calling  init_nfs_fs+0x0/0x13a @ 1
[    8.349923] initcall init_nfs_fs+0x0/0x13a returned 0 after 3998 usecs
[    8.361176] calling  init_nfs_v2+0x0/0x13 @ 1
[    8.368848] initcall init_nfs_v2+0x0/0x13 returned 0 after 208 usecs
[    8.379032] calling  init_nfs_v3+0x0/0x13 @ 1
[    8.386353] initcall init_nfs_v3+0x0/0x13 returned 0 after 3 usecs
[    8.396335] calling  init_nfs_v4+0x0/0x32 @ 1
[    8.403596] NFS: Registering the id_resolver key type
[    8.412115] Key type id_resolver registered
[    8.419129] Key type id_legacy registered
[    8.425849] initcall init_nfs_v4+0x0/0x32 returned 0 after 21808 usecs
[    8.436311] calling  init_nlm+0x0/0x5b @ 1
[    8.443425] initcall init_nlm+0x0/0x5b returned 0 after 237 usecs
[    8.453590] calling  init_nls_cp437+0x0/0xe @ 1
[    8.461526] initcall init_nls_cp437+0x0/0xe returned 0 after 252 usecs
[    8.472335] calling  init_nls_ascii+0x0/0xe @ 1
[    8.480303] initcall init_nls_ascii+0x0/0xe returned 0 after 1 usecs
[    8.489929] calling  init_nls_iso8859_1+0x0/0xe @ 1
[    8.497755] initcall init_nls_iso8859_1+0x0/0xe returned 0 after 2 usecs
[    8.508084] calling  init_nls_utf8+0x0/0x21 @ 1
[    8.515475] initcall init_nls_utf8+0x0/0x21 returned 0 after 183 usecs
[    8.526291] calling  init_autofs_fs+0x0/0x25 @ 1
[    8.537723] initcall init_autofs_fs+0x0/0x25 returned 0 after 4027 usecs
[    8.547803] calling  ipc_init+0x0/0x24 @ 1
[    8.554036] initcall ipc_init+0x0/0x24 returned 0 after 212 usecs
[    8.562950] calling  ipc_sysctl_init+0x0/0x13 @ 1
[    8.569902] initcall ipc_sysctl_init+0x0/0x13 returned 0 after 41 usecs
[    8.579457] calling  init_mqueue_fs+0x0/0xb1 @ 1
[    8.586839] initcall init_mqueue_fs+0x0/0xb1 returned 0 after 763 usecs
[    8.596091] calling  key_proc_init+0x0/0x63 @ 1
[    8.602784] initcall key_proc_init+0x0/0x63 returned 0 after 31 usecs
[    8.612188] calling  selinux_nf_ip_init+0x0/0x2e @ 1
[    8.619445] initcall selinux_nf_ip_init+0x0/0x2e returned 0 after 62 usecs
[    8.629299] calling  init_sel_fs+0x0/0x116 @ 1
[    8.636320] initcall init_sel_fs+0x0/0x116 returned 0 after 293 usecs
[    8.646537] calling  selnl_init+0x0/0x7c @ 1
[    8.653983] initcall selnl_init+0x0/0x7c returned 0 after 415 usecs
[    8.664107] calling  sel_netif_init+0x0/0x36 @ 1
[    8.670755] initcall sel_netif_init+0x0/0x36 returned 0 after 1 usecs
[    8.679600] calling  sel_netnode_init+0x0/0x33 @ 1
[    8.686655] initcall sel_netnode_init+0x0/0x33 returned 0 after 0 usecs
[    8.695754] calling  sel_netport_init+0x0/0x33 @ 1
[    8.702399] initcall sel_netport_init+0x0/0x33 returned 0 after 0 usecs
[    8.711381] calling  aurule_init+0x0/0x2a @ 1
[    8.717776] initcall aurule_init+0x0/0x2a returned 0 after 2 usecs
[    8.726221] calling  crypto_algapi_init+0x0/0xc @ 1
[    8.732675] initcall crypto_algapi_init+0x0/0xc returned 0 after 8 usecs
[    8.742187] calling  jent_mod_init+0x0/0x2d @ 1
[    8.766302] initcall jent_mod_init+0x0/0x2d returned 0 after 17130 usecs
[    8.776368] calling  asymmetric_key_init+0x0/0xc @ 1
[    8.784554] Key type asymmetric registered
[    8.790572] initcall asymmetric_key_init+0x0/0xc returned 0 after 5873 usecs
[    8.802699] calling  x509_key_init+0x0/0xc @ 1
[    8.810567] Asymmetric key parser 'x509' registered
[    8.819318] initcall x509_key_init+0x0/0xc returned 0 after 8676 usecs
[    8.828951] calling  proc_genhd_init+0x0/0x41 @ 1
[    8.835736] initcall proc_genhd_init+0x0/0x41 returned 0 after 11 usecs
[    8.845995] calling  bsg_init+0x0/0x113 @ 1
[    8.855313] Block layer SCSI generic (bsg) driver version 0.4 loaded (major 251)
[    8.867390] initcall bsg_init+0x0/0x113 returned 0 after 13314 usecs
[    8.878627] calling  deadline_init+0x0/0xc @ 1
[    8.885292] io scheduler mq-deadline registered
[    8.892656] initcall deadline_init+0x0/0xc returned 0 after 7260 usecs
[    8.902899] calling  kyber_init+0x0/0xc @ 1
[    8.910017] io scheduler kyber registered
[    8.916414] initcall kyber_init+0x0/0xc returned 0 after 6266 usecs
[    8.926652] calling  mod_init+0x0/0x7 @ 1
[    8.933297] initcall mod_init+0x0/0x7 returned 0 after 0 usecs
[    8.941394] calling  percpu_counter_startup+0x0/0x55 @ 1
[    8.950393] initcall percpu_counter_startup+0x0/0x55 returned 0 after 904 usecs
[    8.962216] calling  sg_pool_init+0x0/0xb4 @ 1
[    8.970489] initcall sg_pool_init+0x0/0xb4 returned 0 after 810 usecs
[    8.981531] calling  pcie_portdrv_init+0x0/0x39 @ 1
[    8.991545] initcall pcie_portdrv_init+0x0/0x39 returned 0 after 2319 usecs
[    9.000982] calling  pci_proc_init+0x0/0x68 @ 1
[    9.007352] initcall pci_proc_init+0x0/0x68 returned 0 after 104 usecs
[    9.016921] calling  pci_hotplug_init+0x0/0x7 @ 1
[    9.023853] initcall pci_hotplug_init+0x0/0x7 returned 0 after 0 usecs
[    9.033820] calling  efifb_driver_init+0x0/0xe @ 1
[    9.041520] initcall efifb_driver_init+0x0/0xe returned 0 after 100 usecs
[    9.052091] calling  ged_driver_init+0x0/0xe @ 1
[    9.059273] initcall ged_driver_init+0x0/0xe returned 0 after 119 usecs
[    9.069334] calling  acpi_ac_init+0x0/0x92 @ 1
[    9.078404] initcall acpi_ac_init+0x0/0x92 returned 0 after 2265 usecs
[    9.088799] calling  acpi_button_driver_init+0x0/0x52 @ 1
[    9.100468] input: Power Button as /devices/LNXSYSTM:00/LNXPWRBN:00/input/input0
[    9.117758] ACPI: Power Button [PWRF]
[    9.125920] initcall acpi_button_driver_init+0x0/0x52 returned 0 after 26925 usecs
[    9.139758] calling  acpi_fan_driver_init+0x0/0xe @ 1
[    9.149320] initcall acpi_fan_driver_init+0x0/0xe returned 0 after 211 usecs
[    9.161359] calling  acpi_video_init+0x0/0xcb @ 1
[    9.169955] initcall acpi_video_init+0x0/0xcb returned 0 after 294 usecs
[    9.181811] calling  acpi_processor_driver_init+0x0/0xad @ 1
[    9.193435] initcall acpi_processor_driver_init+0x0/0xad returned 0 after 3046 usecs
[    9.204592] calling  acpi_thermal_init+0x0/0x71 @ 1
[    9.214421] initcall acpi_thermal_init+0x0/0x71 returned 0 after 2209 usecs
[    9.224472] calling  acpi_battery_init+0x0/0x32 @ 1
[    9.231785] initcall acpi_battery_init+0x0/0x32 returned 0 after 266 usecs
[    9.241870] calling  bgrt_init+0x0/0xb6 @ 1
[    9.248319] initcall bgrt_init+0x0/0xb6 returned -19 after 0 usecs
[    9.257821] calling  gpio_clk_driver_init+0x0/0xe @ 1
[    9.266557] initcall gpio_clk_driver_init+0x0/0xe returned 0 after 99 usecs
[    9.277842] calling  plt_clk_driver_init+0x0/0xe @ 1
[    9.285569] initcall plt_clk_driver_init+0x0/0xe returned 0 after 34 usecs
[    9.296218] calling  virtio_pci_driver_init+0x0/0x15 @ 1
[    9.304890] initcall virtio_pci_driver_init+0x0/0x15 returned 0 after 254 usecs
[    9.316296] calling  n_null_init+0x0/0x1e @ 1
[    9.324063] initcall n_null_init+0x0/0x1e returned 0 after 352 usecs
[    9.333961] calling  pty_init+0x0/0x1e8 @ 1
[    9.344682] initcall pty_init+0x0/0x1e8 returned 0 after 5099 usecs
[    9.353463] calling  sysrq_init+0x0/0x62 @ 1
[    9.359408] initcall sysrq_init+0x0/0x62 returned 0 after 11 usecs
[    9.367885] calling  serial8250_init+0x0/0x17e @ 1
[    9.376461] Serial: 8250/16550 driver, 4 ports, IRQ sharing enabled
[    9.394836] 00:03: ttyS0 at I/O 0x3f8 (irq = 4, base_baud = 115200) is a 16550A
[    9.421944] initcall serial8250_init+0x0/0x17e returned 0 after 44842 usecs
[    9.433465] calling  serial_pci_driver_init+0x0/0x15 @ 1
[    9.442356] initcall serial_pci_driver_init+0x0/0x15 returned 0 after 660 usecs
[    9.453757] calling  exar_pci_driver_init+0x0/0x15 @ 1
[    9.461608] initcall exar_pci_driver_init+0x0/0x15 returned 0 after 138 usecs
[    9.471829] calling  lpss8250_pci_driver_init+0x0/0x15 @ 1
[    9.480024] initcall lpss8250_pci_driver_init+0x0/0x15 returned 0 after 41 usecs
[    9.492207] calling  mid8250_pci_driver_init+0x0/0x15 @ 1
[    9.501771] initcall mid8250_pci_driver_init+0x0/0x15 returned 0 after 53 usecs
[    9.514741] calling  virtio_console_init+0x0/0xff @ 1
[    9.523952] initcall virtio_console_init+0x0/0xff returned 0 after 373 usecs
[    9.534094] calling  hpet_init+0x0/0x64 @ 1
[    9.543613] initcall hpet_init+0x0/0x64 returned 0 after 2870 usecs
[    9.553817] calling  nvram_module_init+0x0/0x83 @ 1
[    9.565420] Non-volatile memory driver v1.3
[    9.572125] initcall nvram_module_init+0x0/0x83 returned 0 after 10084 usecs
[    9.583389] calling  hwrng_modinit+0x0/0x8a @ 1
[    9.593796] initcall hwrng_modinit+0x0/0x8a returned 0 after 2598 usecs
[    9.604885] calling  mod_init+0x0/0x48 @ 1
[    9.612199] initcall mod_init+0x0/0x48 returned -19 after 1 usecs
[    9.622408] calling  agp_init+0x0/0x23 @ 1
[    9.629016] Linux agpgart interface v0.103
[    9.635874] initcall agp_init+0x0/0x23 returned 0 after 6693 usecs
[    9.646307] calling  agp_amd64_mod_init+0x0/0x5 @ 1
[    9.656085] initcall agp_amd64_mod_init+0x0/0x5 returned -19 after 649 usecs
[    9.668149] calling  agp_intel_init+0x0/0x28 @ 1
[    9.676979] initcall agp_intel_init+0x0/0x28 returned 0 after 1009 usecs
[    9.687675] calling  drm_kms_helper_init+0x0/0x7 @ 1
[    9.696201] initcall drm_kms_helper_init+0x0/0x7 returned 0 after 134 usecs
[    9.707590] calling  drm_core_init+0x0/0xbd @ 1
[    9.715913] initcall drm_core_init+0x0/0xbd returned 0 after 638 usecs
[    9.726764] calling  i915_init+0x0/0x6b @ 1
[    9.736082] initcall i915_init+0x0/0x6b returned 0 after 1588 usecs
[    9.745769] calling  cn_proc_init+0x0/0x35 @ 1
[    9.753572] initcall cn_proc_init+0x0/0x35 returned 0 after 136 usecs
[    9.763973] calling  topology_sysfs_init+0x0/0x27 @ 1
[    9.772798] initcall topology_sysfs_init+0x0/0x27 returned 0 after 390 usecs
[    9.786093] calling  cacheinfo_sysfs_init+0x0/0x27 @ 1
[    9.799614] initcall cacheinfo_sysfs_init+0x0/0x27 returned 0 after 3829 usecs
[    9.814053] calling  loop_init+0x0/0x16a @ 1
[    9.932536] loop: module loaded
[    9.938067] initcall loop_init+0x0/0x16a returned 0 after 112444 usecs
[    9.947221] calling  mac_hid_init+0x0/0x21 @ 1
[    9.953734] initcall mac_hid_init+0x0/0x21 returned 0 after 118 usecs
[    9.963276] calling  spi_transport_init+0x0/0x74 @ 1
[    9.975332] initcall spi_transport_init+0x0/0x74 returned 0 after 3794 usecs
[    9.985246] calling  init_sd+0x0/0x18c @ 1
[    9.993990] initcall init_sd+0x0/0x18c returned 0 after 872 usecs
[   10.005136] calling  init_sr+0x0/0x43 @ 1
[   10.013160] initcall init_sr+0x0/0x43 returned 0 after 557 usecs
[   10.024208] calling  init_sg+0x0/0x1c0 @ 1
[   10.031794] initcall init_sg+0x0/0x1c0 returned 0 after 264 usecs
[   10.042258] calling  ahci_pci_driver_init+0x0/0x15 @ 1
[   10.052088] ahci 0000:00:1f.2: version 3.0
[   10.068386] PCI Interrupt Link [GSIA] enabled at IRQ 16
[   10.116789] ahci 0000:00:1f.2: AHCI 0001.0000 32 slots 6 ports 1.5 Gbps 0x3f impl SATA mode
[   10.128327] ahci 0000:00:1f.2: flags: 64bit ncq only 
[   10.200504] scsi host0: ahci
[   10.218659] scsi host1: ahci
[   10.230627] scsi host2: ahci
[   10.245977] scsi host3: ahci
[   10.258442] scsi host4: ahci
[   10.272770] scsi host5: ahci
[   10.279303] ata1: SATA max UDMA/133 abar m4096@0xfebf1000 port 0xfebf1100 irq 24
[   10.291776] ata2: SATA max UDMA/133 abar m4096@0xfebf1000 port 0xfebf1180 irq 24
[   10.303833] ata3: SATA max UDMA/133 abar m4096@0xfebf1000 port 0xfebf1200 irq 24
[   10.316435] ata4: SATA max UDMA/133 abar m4096@0xfebf1000 port 0xfebf1280 irq 24
[   10.328605] ata5: SATA max UDMA/133 abar m4096@0xfebf1000 port 0xfebf1300 irq 24
[   10.339662] ata6: SATA max UDMA/133 abar m4096@0xfebf1000 port 0xfebf1380 irq 24
[   10.355978] initcall ahci_pci_driver_init+0x0/0x15 returned 0 after 297921 usecs
[   10.368112] calling  piix_init+0x0/0x26 @ 1
[   10.374926] initcall piix_init+0x0/0x26 returned 0 after 158 usecs
[   10.384630] calling  amd_pci_driver_init+0x0/0x15 @ 1
[   10.394905] initcall amd_pci_driver_init+0x0/0x15 returned 0 after 237 usecs
[   10.406823] calling  oldpiix_pci_driver_init+0x0/0x15 @ 1
[   10.416631] initcall oldpiix_pci_driver_init+0x0/0x15 returned 0 after 68 usecs
[   10.430147] calling  sch_pci_driver_init+0x0/0x15 @ 1
[   10.437983] initcall sch_pci_driver_init+0x0/0x15 returned 0 after 60 usecs
[   10.448988] calling  net_olddevs_init+0x0/0x55 @ 1
[   10.457137] initcall net_olddevs_init+0x0/0x55 returned 0 after 520 usecs
[   10.467941] calling  blackhole_netdev_init+0x0/0x78 @ 1
[   10.477954] initcall blackhole_netdev_init+0x0/0x78 returned 0 after 1400 usecs
[   10.489608] calling  phy_module_init+0x0/0x13 @ 1
[   10.499880] initcall phy_module_init+0x0/0x13 returned 0 after 1685 usecs
[   10.510747] calling  tg3_driver_init+0x0/0x15 @ 1
[   10.518484] initcall tg3_driver_init+0x0/0x15 returned 0 after 130 usecs
[   10.529303] calling  e100_init_module+0x0/0x4c @ 1
[   10.537267] e100: Intel(R) PRO/100 Network Driver
[   10.544797] e100: Copyright(c) 1999-2006 Intel Corporation
[   10.553110] initcall e100_init_module+0x0/0x4c returned 0 after 15469 usecs
[   10.564032] calling  e1000_init_module+0x0/0x72 @ 1
[   10.571879] e1000: Intel(R) PRO/1000 Network Driver
[   10.580197] e1000: Copyright (c) 1999-2006 Intel Corporation.
[   10.590012] initcall e1000_init_module+0x0/0x72 returned 0 after 17703 usecs
[   10.601126] calling  e1000_init_module+0x0/0x2d @ 1
[   10.609452] e1000e: Intel(R) PRO/1000 Network Driver
[   10.618348] e1000e: Copyright(c) 1999 - 2015 Intel Corporation.
[   10.628482] initcall e1000_init_module+0x0/0x2d returned 0 after 18614 usecs
[   10.639838] calling  sky2_init_module+0x0/0x21 @ 1
[   10.648103] sky2: driver version 1.30
[   10.654556] initcall sky2_init_module+0x0/0x21 returned 0 after 6298 usecs
[   10.666461] calling  forcedeth_pci_driver_init+0x0/0x15 @ 1
[   10.675774] initcall forcedeth_pci_driver_init+0x0/0x15 returned 0 after 196 usecs
[   10.683895] ata3: SATA link up 1.5 Gbps (SStatus 113 SControl 300)
[   10.687952] calling  rtl8139_init_module+0x0/0x15 @ 1
[   10.688442] initcall rtl8139_init_module+0x0/0x15 returned 0 after 472 usecs
[   10.702380] ata6: SATA link down (SStatus 0 SControl 300)
[   10.709728] calling  rtl8169_pci_driver_init+0x0/0x15 @ 1
[   10.724562] ata4: SATA link down (SStatus 0 SControl 300)
[   10.727560] initcall rtl8169_pci_driver_init+0x0/0x15 returned 0 after 122 usecs
[   10.741921] ata2: SATA link down (SStatus 0 SControl 300)
[   10.745696] calling  cdrom_init+0x0/0xc @ 1
[   10.762360] ata1: SATA link down (SStatus 0 SControl 300)
[   10.767439] initcall cdrom_init+0x0/0xc returned 0 after 224 usecs
[   10.780535] ata5: SATA link down (SStatus 0 SControl 300)
[   10.782560] calling  nonstatic_sysfs_init+0x0/0xc @ 1
[   10.794595] ata3.00: ATAPI: QEMU DVD-ROM, 2.5+, max UDMA/100
[   10.802710] initcall nonstatic_sysfs_init+0x0/0xc returned 0 after 144 usecs
[   10.811025] ata3.00: applying bridge limits
[   10.820704] calling  yenta_cardbus_driver_init+0x0/0x15 @ 1
[   10.821045] initcall yenta_cardbus_driver_init+0x0/0x15 returned 0 after 281 usecs
[   10.850916] ata3.00: configured for UDMA/100
[   10.861425] calling  mon_init+0x0/0x144 @ 1
[   10.863813] initcall mon_init+0x0/0x144 returned 0 after 2324 usecs
[   10.886712] calling  ehci_hcd_init+0x0/0x56 @ 1
[   10.893912] ehci_hcd: USB 2.0 'Enhanced' Host Controller (EHCI) Driver
[   10.907921] initcall ehci_hcd_init+0x0/0x56 returned 0 after 13879 usecs
[   10.908305] scsi 2:0:0:0: CD-ROM            QEMU     QEMU DVD-ROM     2.5+ PQ: 0 ANSI: 5
[   10.919055] calling  ehci_pci_init+0x0/0x64 @ 1
[   10.919059] ehci-pci: EHCI PCI platform driver
[   10.919543] initcall ehci_pci_init+0x0/0x64 returned 0 after 470 usecs
[   10.961853] calling  ohci_hcd_mod_init+0x0/0x4e @ 1
[   10.970971] ohci_hcd: USB 1.1 'Open' Host Controller (OHCI) Driver
[   10.980857] initcall ohci_hcd_mod_init+0x0/0x4e returned 0 after 9829 usecs
[   10.993085] calling  ohci_pci_init+0x0/0x64 @ 1
[   11.001014] ohci-pci: OHCI PCI platform driver
[   11.009109] initcall ohci_pci_init+0x0/0x64 returned 0 after 8106 usecs
[   11.020793] calling  uhci_hcd_init+0x0/0xa8 @ 1
[   11.029872] uhci_hcd: USB Universal Host Controller Interface driver
[   11.030547] sr 2:0:0:0: [sr0] scsi3-mmc drive: 4x/4x cd/rw xa/form2 tray
[   11.039925] initcall uhci_hcd_init+0x0/0xa8 returned 0 after 9813 usecs
[   11.051650] cdrom: Uniform CD-ROM driver Revision: 3.20
[   11.060744] calling  xhci_hcd_init+0x0/0x1e @ 1
[   11.061112] initcall xhci_hcd_init+0x0/0x1e returned 0 after 354 usecs
[   11.088872] calling  xhci_pci_init+0x0/0x49 @ 1
[   11.101113] initcall xhci_pci_init+0x0/0x49 returned 0 after 304 usecs
[   11.112023] calling  usblp_driver_init+0x0/0x15 @ 1
[   11.121824] usbcore: registered new interface driver usblp
[   11.131050] initcall usblp_driver_init+0x0/0x15 returned 0 after 9249 usecs
[   11.144329] calling  usb_storage_driver_init+0x0/0x2a @ 1
[   11.153492] usbcore: registered new interface driver usb-storage
[   11.157872] sr 2:0:0:0: Attached scsi CD-ROM sr0
[   11.165627] initcall usb_storage_driver_init+0x0/0x2a returned 0 after 12142 usecs
[   11.173591] sr 2:0:0:0: Attached scsi generic sg0 type 5
[   11.186438] calling  i8042_init+0x0/0x4c2 @ 1
[   11.186720] i8042: PNP: PS/2 Controller [PNP0303:KBD,PNP0f13:MOU] at 0x60,0x64 irq 1,12
[   11.234763] serio: i8042 KBD port at 0x60,0x64 irq 1
[   11.243778] serio: i8042 AUX port at 0x60,0x64 irq 12
[   11.251864] initcall i8042_init+0x0/0x4c2 returned 0 after 63884 usecs
[   11.262142] calling  serport_init+0x0/0x2c @ 1
[   11.268652] initcall serport_init+0x0/0x2c returned 0 after 2 usecs
[   11.278432] calling  input_leds_init+0x0/0xc @ 1
[   11.285845] initcall input_leds_init+0x0/0xc returned 0 after 25 usecs
[   11.296392] calling  evdev_init+0x0/0xc @ 1
[   11.307424] initcall evdev_init+0x0/0xc returned 0 after 4252 usecs
[   11.318584] calling  atkbd_init+0x0/0x21 @ 1
[   11.329453] initcall atkbd_init+0x0/0x21 returned 0 after 2195 usecs
[   11.334130] input: AT Translated Set 2 keyboard as /devices/platform/i8042/serio0/input/input1
[   11.340249] calling  psmouse_init+0x0/0x7f @ 1
[   11.360636] initcall psmouse_init+0x0/0x7f returned 0 after 255 usecs
[   11.372390] calling  cmos_init+0x0/0x73 @ 1
[   11.383399] rtc_cmos 00:04: RTC can wake from S4
[   11.411444] rtc_cmos 00:04: registered as rtc0
[   11.420677] rtc_cmos 00:04: alarms up to one day, y3k, 242 bytes nvram, hpet irqs
[   11.432935] initcall cmos_init+0x0/0x73 returned 0 after 50161 usecs
[   11.442648] calling  smbalert_driver_init+0x0/0xe @ 1
[   11.452679] initcall smbalert_driver_init+0x0/0xe returned 0 after 648 usecs
[   11.465787] calling  i2c_i801_init+0x0/0xc5 @ 1
[   11.485293] i801_smbus 0000:00:1f.3: SMBus using PCI interrupt
[   11.498531] i2c i2c-0: 1/1 memory slots populated (from DMI)
[   11.507104] i2c i2c-0: Memory type 0x07 not supported yet, not instantiating SPD
[   11.521360] initcall i2c_i801_init+0x0/0xc5 returned 0 after 47493 usecs
[   11.531283] calling  ptp_kvm_init+0x0/0xf0 @ 1
[   11.538972] initcall ptp_kvm_init+0x0/0xf0 returned 0 after 1046 usecs
[   11.548849] calling  dm_init+0x0/0x3c @ 1
[   11.555600] device-mapper: ioctl: 4.43.0-ioctl (2020-10-01) initialised: dm-devel@redhat.com
[   11.567390] initcall dm_init+0x0/0x3c returned 0 after 12594 usecs
[   11.575704] calling  dm_mirror_init+0x0/0x29 @ 1
[   11.582221] initcall dm_mirror_init+0x0/0x29 returned 0 after 3 usecs
[   11.591606] calling  dm_dirty_log_init+0x0/0x4f @ 1
[   11.599168] initcall dm_dirty_log_init+0x0/0x4f returned 0 after 156 usecs
[   11.609981] calling  dm_zero_init+0x0/0x29 @ 1
[   11.617437] initcall dm_zero_init+0x0/0x29 returned 0 after 3 usecs
[   11.626835] calling  intel_pstate_init+0x0/0x512 @ 1
[   11.634719] intel_pstate: CPU model not supported
[   11.641967] initcall intel_pstate_init+0x0/0x512 returned -19 after 7102 usecs
[   11.652516] calling  haltpoll_init+0x0/0xc0 @ 1
[   11.659279] initcall haltpoll_init+0x0/0xc0 returned -19 after 155 usecs
[   11.669534] calling  efivars_sysfs_init+0x0/0x30 @ 1
[   11.676850] initcall efivars_sysfs_init+0x0/0x30 returned 0 after 54 usecs
[   11.686567] calling  esrt_sysfs_init+0x0/0x2a2 @ 1
[   11.693366] initcall esrt_sysfs_init+0x0/0x2a2 returned -38 after 30 usecs
[   11.703077] calling  hid_init+0x0/0x5c @ 1
[   11.709329] hid: raw HID events driver (C) Jiri Kosina
[   11.716638] initcall hid_init+0x0/0x5c returned 0 after 7288 usecs
[   11.725204] calling  hid_generic_init+0x0/0x15 @ 1
[   11.732066] initcall hid_generic_init+0x0/0x15 returned 0 after 138 usecs
[   11.741259] calling  a4_driver_init+0x0/0x15 @ 1
[   11.747425] initcall a4_driver_init+0x0/0x15 returned 0 after 39 usecs
[   11.756484] calling  apple_driver_init+0x0/0x15 @ 1
[   11.763868] initcall apple_driver_init+0x0/0x15 returned 0 after 885 usecs
[   11.774336] calling  belkin_driver_init+0x0/0x15 @ 1
[   11.781887] initcall belkin_driver_init+0x0/0x15 returned 0 after 267 usecs
[   11.794437] calling  ch_driver_init+0x0/0x15 @ 1
[   11.801625] initcall ch_driver_init+0x0/0x15 returned 0 after 357 usecs
[   11.812549] calling  ch_driver_init+0x0/0x15 @ 1
[   11.820569] initcall ch_driver_init+0x0/0x15 returned 0 after 432 usecs
[   11.830513] calling  cp_driver_init+0x0/0x15 @ 1
[   11.838431] initcall cp_driver_init+0x0/0x15 returned 0 after 397 usecs
[   11.847312] calling  ez_driver_init+0x0/0x15 @ 1
[   11.853873] initcall ez_driver_init+0x0/0x15 returned 0 after 258 usecs
[   11.864007] calling  gyration_driver_init+0x0/0x15 @ 1
[   11.872505] initcall gyration_driver_init+0x0/0x15 returned 0 after 393 usecs
[   11.883794] calling  ite_driver_init+0x0/0x15 @ 1
[   11.892066] initcall ite_driver_init+0x0/0x15 returned 0 after 81 usecs
[   11.902260] calling  ks_driver_init+0x0/0x15 @ 1
[   11.909411] initcall ks_driver_init+0x0/0x15 returned 0 after 46 usecs
[   11.919306] calling  lg_driver_init+0x0/0x15 @ 1
[   11.926553] initcall lg_driver_init+0x0/0x15 returned 0 after 59 usecs
[   11.937304] calling  lg_g15_driver_init+0x0/0x15 @ 1
[   11.945407] initcall lg_g15_driver_init+0x0/0x15 returned 0 after 63 usecs
[   11.956574] calling  ms_driver_init+0x0/0x15 @ 1
[   11.964382] initcall ms_driver_init+0x0/0x15 returned 0 after 170 usecs
[   11.974874] calling  mr_driver_init+0x0/0x15 @ 1
[   11.982340] initcall mr_driver_init+0x0/0x15 returned 0 after 43 usecs
[   11.992469] calling  ntrig_driver_init+0x0/0x15 @ 1
[   11.999699] initcall ntrig_driver_init+0x0/0x15 returned 0 after 173 usecs
[   12.008867] calling  pl_driver_init+0x0/0x15 @ 1
[   12.015353] initcall pl_driver_init+0x0/0x15 returned 0 after 46 usecs
[   12.024902] calling  pl_driver_init+0x0/0x15 @ 1
[   12.031769] initcall pl_driver_init+0x0/0x15 returned 0 after 66 usecs
[   12.041270] calling  redragon_driver_init+0x0/0x15 @ 1
[   12.049331] initcall redragon_driver_init+0x0/0x15 returned 0 after 44 usecs
[   12.059566] calling  samsung_driver_init+0x0/0x15 @ 1
[   12.067115] initcall samsung_driver_init+0x0/0x15 returned 0 after 62 usecs
[   12.077853] calling  sony_init+0x0/0x38 @ 1
[   12.084980] initcall sony_init+0x0/0x38 returned 0 after 387 usecs
[   12.095402] calling  sp_driver_init+0x0/0x15 @ 1
[   12.103511] initcall sp_driver_init+0x0/0x15 returned 0 after 380 usecs
[   12.116622] calling  ts_driver_init+0x0/0x15 @ 1
[   12.124681] initcall ts_driver_init+0x0/0x15 returned 0 after 688 usecs
[   12.135031] calling  hid_init+0x0/0x58 @ 1
[   12.141860] usbcore: registered new interface driver usbhid
[   12.150568] usbhid: USB HID core driver
[   12.156778] initcall hid_init+0x0/0x58 returned 0 after 14891 usecs
[   12.166732] calling  eeepc_laptop_init+0x0/0x57 @ 1
[   12.174457] initcall eeepc_laptop_init+0x0/0x57 returned -19 after 436 usecs
[   12.184540] calling  pmc_atom_init+0x0/0x27a @ 1
[   12.191756] initcall pmc_atom_init+0x0/0x27a returned -19 after 317 usecs
[   12.201520] calling  alsa_hwdep_init+0x0/0x5e @ 1
[   12.208422] initcall alsa_hwdep_init+0x0/0x5e returned 0 after 330 usecs
[   12.217004] calling  alsa_timer_init+0x0/0x1f9 @ 1
[   12.223697] initcall alsa_timer_init+0x0/0x1f9 returned 0 after 726 usecs
[   12.233112] calling  snd_hrtimer_init+0x0/0x117 @ 1
[   12.240007] initcall snd_hrtimer_init+0x0/0x117 returned 0 after 5 usecs
[   12.249143] calling  alsa_pcm_init+0x0/0x64 @ 1
[   12.255758] initcall alsa_pcm_init+0x0/0x64 returned 0 after 196 usecs
[   12.264504] calling  alsa_seq_init+0x0/0x4a @ 1
[   12.273139] initcall alsa_seq_init+0x0/0x4a returned 0 after 2159 usecs
[   12.282460] calling  alsa_seq_dummy_init+0x0/0x9c @ 1
[   12.289964] initcall alsa_seq_dummy_init+0x0/0x9c returned 0 after 120 usecs
[   12.300432] calling  azx_driver_init+0x0/0x15 @ 1
[   12.307474] initcall azx_driver_init+0x0/0x15 returned 0 after 119 usecs
[   12.317285] calling  sock_diag_init+0x0/0x2a @ 1
[   12.324518] initcall sock_diag_init+0x0/0x2a returned 0 after 239 usecs
[   12.334145] calling  blackhole_init+0x0/0xc @ 1
[   12.340628] initcall blackhole_init+0x0/0xc returned 0 after 2 usecs
[   12.349403] calling  nfnetlink_init+0x0/0x61 @ 1
[   12.356243] initcall nfnetlink_init+0x0/0x61 returned 0 after 307 usecs
[   12.366037] calling  nfnetlink_log_init+0x0/0x99 @ 1
[   12.373496] initcall nfnetlink_log_init+0x0/0x99 returned 0 after 259 usecs
[   12.383378] calling  nf_conntrack_standalone_init+0x0/0x87 @ 1
[   12.395873] initcall nf_conntrack_standalone_init+0x0/0x87 returned 0 after 4394 usecs
[   12.406781] calling  ctnetlink_init+0x0/0x83 @ 1
[   12.414504] initcall ctnetlink_init+0x0/0x83 returned 0 after 278 usecs
[   12.436567] calling  nf_conntrack_ftp_init+0x0/0x12c @ 1
[   12.445604] initcall nf_conntrack_ftp_init+0x0/0x12c returned 0 after 300 usecs
[   12.468456] calling  nf_conntrack_irc_init+0x0/0x129 @ 1
[   12.477653] initcall nf_conntrack_irc_init+0x0/0x129 returned 0 after 342 usecs
[   12.482893] tasks-torture: rcu_torture_read_exit: End of episode
[   12.488575] calling  nf_conntrack_sip_init+0x0/0x172 @ 1
[   12.504773] initcall nf_conntrack_sip_init+0x0/0x172 returned 0 after 254 usecs
[   12.527894] calling  nf_nat_init+0x0/0xf0 @ 1
[   12.534761] initcall nf_nat_init+0x0/0xf0 returned 0 after 693 usecs
[   12.544301] calling  nf_nat_ftp_init+0x0/0x2a @ 1
[   12.551491] initcall nf_nat_ftp_init+0x0/0x2a returned 0 after 507 usecs
[   12.561258] calling  nf_nat_irc_init+0x0/0x2a @ 1
[   12.568402] initcall nf_nat_irc_init+0x0/0x2a returned 0 after 337 usecs
[   12.578051] calling  nf_nat_sip_init+0x0/0x36 @ 1
[   12.584876] initcall nf_nat_sip_init+0x0/0x36 returned 0 after 221 usecs
[   12.605472] calling  xt_init+0x0/0x146 @ 1
[   12.611811] initcall xt_init+0x0/0x146 returned 0 after 715 usecs
[   12.620535] calling  tcpudp_mt_init+0x0/0x11 @ 1
[   12.627835] initcall tcpudp_mt_init+0x0/0x11 returned 0 after 151 usecs
[   12.637514] calling  connsecmark_tg_init+0x0/0xc @ 1
[   12.662229] initcall connsecmark_tg_init+0x0/0xc returned 0 after 2309 usecs
[   12.672284] calling  nflog_tg_init+0x0/0xc @ 1
[   12.707773] initcall nflog_tg_init+0x0/0xc returned 0 after 7 usecs
[   12.716336] calling  secmark_tg_init+0x0/0x11 @ 1
[   12.722852] initcall secmark_tg_init+0x0/0x11 returned 0 after 6 usecs
[   12.731937] calling  tcpmss_tg_init+0x0/0x11 @ 1
[   12.751834] initcall tcpmss_tg_init+0x0/0x11 returned 0 after 34 usecs
[   12.760651] calling  conntrack_mt_init+0x0/0x11 @ 1
[   12.767267] initcall conntrack_mt_init+0x0/0x11 returned 0 after 7 usecs
[   12.795788] calling  policy_mt_init+0x0/0x11 @ 1
