c[?7l[2J[0mSeaBIOS (version 1.16.0-debian-1.16.0-4)
Booting from ROM...
early console in setup code
c[?7l[2J[    0.000000] Linux version 5.10.151+ (root@joelboxx.c.googlers.com) (gcc (Debian 12.2.0-3) 12.2.0, GNU ld (GNU Binutils for Debian) 2.39) #1 SMP PREEMPT Tue Dec 13 09:02:42 UTC 2022
[    0.000000] Command line: selinux=0 initcall_debug debug console=ttyS0 rcutorture.onoff_interval=200 rcutorture.onoff_holdoff=30 rcutree.gp_preinit_delay=12 rcutree.gp_init_delay=3 rcutree.gp_cleanup_delay=3 rcutree.kthread_prio=2 threadirqs rcutorture.n_barrier_cbs=4 rcutorture.stat_interval=15 rcutorture.shutdown_secs=1800 rcutorture.test_no_idle_hz=1 rcutorture.verbose=1
[    0.000000] x86/fpu: x87 FPU will use FXSAVE
[    0.000000] BIOS-provided physical RAM map:
[    0.000000] BIOS-e820: [mem 0x0000000000000000-0x000000000009fbff] usable
[    0.000000] BIOS-e820: [mem 0x000000000009fc00-0x000000000009ffff] reserved
[    0.000000] BIOS-e820: [mem 0x00000000000f0000-0x00000000000fffff] reserved
[    0.000000] BIOS-e820: [mem 0x0000000000100000-0x000000001ffdefff] usable
[    0.000000] BIOS-e820: [mem 0x000000001ffdf000-0x000000001fffffff] reserved
[    0.000000] BIOS-e820: [mem 0x00000000b0000000-0x00000000bfffffff] reserved
[    0.000000] BIOS-e820: [mem 0x00000000fed1c000-0x00000000fed1ffff] reserved
[    0.000000] BIOS-e820: [mem 0x00000000feffc000-0x00000000feffffff] reserved
[    0.000000] BIOS-e820: [mem 0x00000000fffc0000-0x00000000ffffffff] reserved
[    0.000000] NX (Execute Disable) protection: active
[    0.000000] SMBIOS 2.8 present.
[    0.000000] DMI: QEMU Standard PC (Q35 + ICH9, 2009), BIOS 1.16.0-debian-1.16.0-4 04/01/2014
[    0.000000] Hypervisor detected: KVM
[    0.000000] kvm-clock: Using msrs 4b564d01 and 4b564d00
[    0.000000] kvm-clock: cpu 0, msr 1b2ba001, primary cpu clock
[    0.000001] kvm-clock: using sched offset of 2924775274 cycles
[    0.000336] clocksource: kvm-clock: mask: 0xffffffffffffffff max_cycles: 0x1cd42e4dffb, max_idle_ns: 881590591483 ns
[    0.000541] tsc: Detected 1999.999 MHz processor
[    0.008719] e820: update [mem 0x00000000-0x00000fff] usable ==> reserved
[    0.008724] e820: remove [mem 0x000a0000-0x000fffff] usable
[    0.008731] last_pfn = 0x1ffdf max_arch_pfn = 0x400000000
[    0.009691] MTRR default type: write-back
[    0.009759] MTRR fixed ranges enabled:
[    0.009761]   00000-9FFFF write-back
[    0.009762]   A0000-BFFFF uncachable
[    0.009763]   C0000-FFFFF write-protect
[    0.009764] MTRR variable ranges enabled:
[    0.009766]   0 base 00C0000000 mask FFC0000000 uncachable
[    0.009767]   1 disabled
[    0.009768]   2 disabled
[    0.009769]   3 disabled
[    0.009769]   4 disabled
[    0.009770]   5 disabled
[    0.009771]   6 disabled
[    0.009772]   7 disabled
[    0.010171] x86/PAT: Configuration [0-7]: WB  WC  UC- UC  WB  WC  UC- UC  
[    0.019467] found SMP MP-table at [mem 0x000f5ba0-0x000f5baf]
[    0.021801] check: Scanning 1 areas for low memory corruption
[    0.031556] ACPI: Early table checksum verification disabled
[    0.033417] ACPI: RSDP 0x00000000000F59E0 000014 (v00 BOCHS )
[    0.033698] ACPI: RSDT 0x000000001FFE281A 000038 (v01 BOCHS  BXPC     00000001 BXPC 00000001)
[    0.033906] ACPI: FACP 0x000000001FFE259A 0000F4 (v03 BOCHS  BXPC     00000001 BXPC 00000001)
[    0.034048] ACPI: DSDT 0x000000001FFE0040 00255A (v01 BOCHS  BXPC     00000001 BXPC 00000001)
[    0.034052] ACPI: FACS 0x000000001FFE0000 000040
[    0.034056] ACPI: APIC 0x000000001FFE268E 0000F0 (v01 BOCHS  BXPC     00000001 BXPC 00000001)
[    0.034061] ACPI: HPET 0x000000001FFE277E 000038 (v01 BOCHS  BXPC     00000001 BXPC 00000001)
[    0.034065] ACPI: MCFG 0x000000001FFE27B6 00003C (v01 BOCHS  BXPC     00000001 BXPC 00000001)
[    0.034069] ACPI: WAET 0x000000001FFE27F2 000028 (v01 BOCHS  BXPC     00000001 BXPC 00000001)
[    0.034074] ACPI: Reserving FACP table memory at [mem 0x1ffe259a-0x1ffe268d]
[    0.034075] ACPI: Reserving DSDT table memory at [mem 0x1ffe0040-0x1ffe2599]
[    0.034076] ACPI: Reserving FACS table memory at [mem 0x1ffe0000-0x1ffe003f]
[    0.034078] ACPI: Reserving APIC table memory at [mem 0x1ffe268e-0x1ffe277d]
[    0.034079] ACPI: Reserving HPET table memory at [mem 0x1ffe277e-0x1ffe27b5]
[    0.034080] ACPI: Reserving MCFG table memory at [mem 0x1ffe27b6-0x1ffe27f1]
[    0.034081] ACPI: Reserving WAET table memory at [mem 0x1ffe27f2-0x1ffe2819]
[    0.035073] ACPI: Local APIC address 0xfee00000
[    0.039679] No NUMA configuration found
[    0.039681] Faking a node at [mem 0x0000000000000000-0x000000001ffdefff]
[    0.039956] NODE_DATA(0) allocated [mem 0x1ffdb000-0x1ffdefff]
[    0.041461] Zone ranges:
[    0.041565]   DMA      [mem 0x0000000000001000-0x0000000000ffffff]
[    0.041637]   DMA32    [mem 0x0000000001000000-0x000000001ffdefff]
[    0.041639]   Normal   empty
[    0.041641] Movable zone start for each node
[    0.041642] Early memory node ranges
[    0.041707]   node   0: [mem 0x0000000000001000-0x000000000009efff]
[    0.041743]   node   0: [mem 0x0000000000100000-0x000000001ffdefff]
[    0.041776] Initmem setup node 0 [mem 0x0000000000001000-0x000000001ffdefff]
[    0.041778] On node 0 totalpages: 130941
[    0.041895]   DMA zone: 64 pages used for memmap
[    0.041896]   DMA zone: 21 pages reserved
[    0.041939]   DMA zone: 3998 pages, LIFO batch:0
[    0.041940]   DMA32 zone: 1984 pages used for memmap
[    0.041941]   DMA32 zone: 126943 pages, LIFO batch:31
[    0.042937] On node 0, zone DMA: 1 pages in unavailable ranges
[    0.045704] On node 0, zone DMA: 97 pages in unavailable ranges
[    0.169769] On node 0, zone DMA32: 33 pages in unavailable ranges
[    0.173466] ACPI: PM-Timer IO Port: 0x608
[    0.173472] ACPI: Local APIC address 0xfee00000
[    0.173591] ACPI: LAPIC_NMI (acpi_id[0xff] dfl dfl lint[0x1])
[    0.174534] IOAPIC[0]: apic_id 0, version 17, address 0xfec00000, GSI 0-23
[    0.174541] ACPI: INT_SRC_OVR (bus 0 bus_irq 0 global_irq 2 dfl dfl)
[    0.174609] ACPI: INT_SRC_OVR (bus 0 bus_irq 5 global_irq 5 high level)
[    0.174612] ACPI: INT_SRC_OVR (bus 0 bus_irq 9 global_irq 9 high level)
[    0.174740] ACPI: INT_SRC_OVR (bus 0 bus_irq 10 global_irq 10 high level)
[    0.174742] ACPI: INT_SRC_OVR (bus 0 bus_irq 11 global_irq 11 high level)
[    0.174744] ACPI: IRQ0 used by override.
[    0.174747] ACPI: IRQ5 used by override.
[    0.174748] ACPI: IRQ9 used by override.
[    0.174749] ACPI: IRQ10 used by override.
[    0.174750] ACPI: IRQ11 used by override.
[    0.174785] Using ACPI (MADT) for SMP configuration information
[    0.174788] ACPI: HPET id: 0x8086a201 base: 0xfed00000
[    0.175183] smpboot: Allowing 16 CPUs, 0 hotplug CPUs
[    0.176452] PM: hibernation: Registered nosave memory: [mem 0x00000000-0x00000fff]
[    0.176456] PM: hibernation: Registered nosave memory: [mem 0x0009f000-0x0009ffff]
[    0.176457] PM: hibernation: Registered nosave memory: [mem 0x000a0000-0x000effff]
[    0.176459] PM: hibernation: Registered nosave memory: [mem 0x000f0000-0x000fffff]
[    0.176462] [mem 0x20000000-0xafffffff] available for PCI devices
[    0.176537] Booting paravirtualized kernel on KVM
[    0.177128] clocksource: refined-jiffies: mask: 0xffffffff max_cycles: 0xffffffff, max_idle_ns: 1910969940391419 ns
[    0.207553] setup_percpu: NR_CPUS:16 nr_cpumask_bits:16 nr_cpu_ids:16 nr_node_ids:1
[    0.249052] percpu: Embedded 55 pages/cpu s186328 r8192 d30760 u262144
[    0.249122] pcpu-alloc: s186328 r8192 d30760 u262144 alloc=1*2097152
[    0.249192] pcpu-alloc: [0] 00 01 02 03 04 05 06 07 [0] 08 09 10 11 12 13 14 15 
[    0.249637] kvm-guest: stealtime: cpu 0, msr 1f21b600
[    0.249943] Built 1 zonelists, mobility grouping on.  Total pages: 128872
[    0.249945] Policy zone: DMA32
[    0.250033] Kernel command line: selinux=0 initcall_debug debug console=ttyS0 rcutorture.onoff_interval=200 rcutorture.onoff_holdoff=30 rcutree.gp_preinit_delay=12 rcutree.gp_init_delay=3 rcutree.gp_cleanup_delay=3 rcutree.kthread_prio=2 threadirqs rcutorture.n_barrier_cbs=4 rcutorture.stat_interval=15 rcutorture.shutdown_secs=1800 rcutorture.test_no_idle_hz=1 rcutorture.verbose=1
[    0.258781] Dentry cache hash table entries: 65536 (order: 7, 524288 bytes, linear)
[    0.260591] Inode-cache hash table entries: 32768 (order: 6, 262144 bytes, linear)
[    0.261555] mem auto-init: stack:all(zero), heap alloc:off, heap free:off
[    0.264372] Memory: 476004K/523764K available (16397K kernel code, 2561K rwdata, 4692K rodata, 1492K init, 1408K bss, 47500K reserved, 0K cma-reserved)
[    0.264773] SLUB: HWalign=64, Order=0-3, MinObjects=0, CPUs=16, Nodes=1
[    0.264901] Kernel/User page tables isolation: enabled
[    0.268632] rcu: Preemptible hierarchical RCU implementation.
[    0.268635] rcu: 	RCU event tracing is enabled.
[    0.268637] rcu: 	CONFIG_RCU_FANOUT set to non-default value of 2.
[    0.268638] rcu: 	Four(or more)-level hierarchy is enabled.
[    0.268639] rcu: 	Build-time adjustment of leaf fanout to 2.
[    0.268691] rcu: 	RCU priority boosting: priority 2 delay 500 ms.
[    0.268692] rcu: 	RCU debug GP pre-init slowdown 12 jiffies.
[    0.268693] rcu: 	RCU debug GP init slowdown 3 jiffies.
[    0.268694] rcu: 	RCU debug GP init slowdown 3 jiffies.
[    0.268762] 	Trampoline variant of Tasks RCU enabled.
[    0.268763] 	Rude variant of Tasks RCU enabled.
[    0.268793] 	Tracing variant of Tasks RCU enabled.
[    0.268907] rcu: RCU calculated value of scheduler-enlistment delay is 100 jiffies.
[    0.278784] NR_IRQS: 4352, nr_irqs: 552, preallocated irqs: 16
[    0.280993] calling  con_init+0x0/0x22a @ 0
[    0.392112] Console: colour VGA+ 80x25
[    0.392123] initcall con_init+0x0/0x22a returned 0 after 0 usecs
[    0.392126] calling  hvc_console_init+0x0/0x13 @ 0
[    0.392154] initcall hvc_console_init+0x0/0x13 returned 0 after 0 usecs
[    0.392156] calling  univ8250_console_init+0x0/0x26 @ 0
[    1.341500] printk: console [ttyS0] enabled
[    1.346808] initcall univ8250_console_init+0x0/0x26 returned 0 after 0 usecs
[    1.356165] ACPI: Core revision 20200925
[    1.362900] clocksource: hpet: mask: 0xffffffff max_cycles: 0xffffffff, max_idle_ns: 19112604467 ns
[    1.375170] APIC: Switch to symmetric I/O mode setup
[    1.381281] Switched APIC routing to physical flat.
[    1.405152] ..TIMER: vector=0x30 apic1=0 pin1=2 apic2=-1 pin2=-1
[    1.414513] clocksource: tsc-early: mask: 0xffffffffffffffff max_cycles: 0x39a85afc727, max_idle_ns: 881590685098 ns
[    1.428401] Calibrating delay loop (skipped) preset value.. 3999.99 BogoMIPS (lpj=1999999)
[    1.430008] pid_max: default: 32768 minimum: 301
[    1.432385] LSM: Security Framework initializing
[    1.434120] Mount-cache hash table entries: 1024 (order: 1, 8192 bytes, linear)
[    1.434987] Mountpoint-cache hash table entries: 1024 (order: 1, 8192 bytes, linear)
[    1.444016] Last level iTLB entries: 4KB 0, 2MB 0, 4MB 0
[    1.445001] Last level dTLB entries: 4KB 0, 2MB 0, 4MB 0, 1GB 0
[    1.446056] Spectre V1 : Mitigation: usercopy/swapgs barriers and __user pointer sanitization
[    1.447002] Spectre V2 : Mitigation: Retpolines
[    1.447984] Spectre V2 : Spectre v2 / SpectreRSB mitigation: Filling RSB on context switch
[    1.448984] Spectre V2 : Spectre v2 / SpectreRSB : Filling RSB on VMEXIT
[    1.449983] Speculative Store Bypass: Vulnerable
[    1.451011] MDS: Vulnerable: Clear CPU buffers attempted, no microcode
[    1.451983] MMIO Stale Data: Unknown: No mitigations
[    1.503926] Freeing SMP alternatives memory: 40K
[    1.608870] smpboot: CPU0: Intel Common KVM processor (family: 0xf, model: 0x6, stepping: 0x1)
[    1.609465] calling  init_hw_perf_events+0x0/0x6ce @ 1
[    1.609984] Performance Events: unsupported Netburst CPU model 6 no PMU driver, software events only.
[    1.610990] initcall init_hw_perf_events+0x0/0x6ce returned 0 after 976 usecs
[    1.611987] calling  init_real_mode+0x0/0x1e9 @ 1
[    1.613393] initcall init_real_mode+0x0/0x1e9 returned 0 after 0 usecs
[    1.613986] calling  trace_init_perf_perm_irq_work_exit+0x0/0x12 @ 1
[    1.615041] initcall trace_init_perf_perm_irq_work_exit+0x0/0x12 returned 0 after 0 usecs
[    1.616001] calling  validate_x2apic+0x0/0x4a @ 1
[    1.617011] initcall validate_x2apic+0x0/0x4a returned 0 after 0 usecs
[    1.617987] calling  register_nmi_cpu_backtrace_handler+0x0/0x15 @ 1
[    1.618986] initcall register_nmi_cpu_backtrace_handler+0x0/0x15 returned 0 after 0 usecs
[    1.619987] calling  kvm_setup_vsyscall_timeinfo+0x0/0xce @ 1
[    1.620987] initcall kvm_setup_vsyscall_timeinfo+0x0/0xce returned 0 after 0 usecs
[    1.622003] calling  spawn_ksoftirqd+0x0/0x38 @ 1
[    1.623034] initcall spawn_ksoftirqd+0x0/0x38 returned 0 after 0 usecs
[    1.623985] calling  migration_init+0x0/0x31 @ 1
[    1.624986] initcall migration_init+0x0/0x31 returned 0 after 0 usecs
[    1.625986] calling  srcu_bootup_announce+0x0/0x2f @ 1
[    1.627017] rcu: Hierarchical SRCU implementation.
[    1.628004] initcall srcu_bootup_announce+0x0/0x2f returned 0 after 976 usecs
[    1.628988] calling  rcu_spawn_gp_kthread+0x0/0x1e1 @ 1
[    1.630269] initcall rcu_spawn_gp_kthread+0x0/0x1e1 returned 0 after 0 usecs
[    1.630988] calling  check_cpu_stall_init+0x0/0x1a @ 1
[    1.631986] initcall check_cpu_stall_init+0x0/0x1a returned 0 after 0 usecs
[    1.633001] calling  rcu_sysrq_init+0x0/0x21 @ 1
[    1.633996] initcall rcu_sysrq_init+0x0/0x21 returned 0 after 0 usecs
[    1.634986] calling  trace_init_flags_sys_enter+0x0/0xe @ 1
[    1.635986] initcall trace_init_flags_sys_enter+0x0/0xe returned 0 after 0 usecs
[    1.636989] calling  trace_init_flags_sys_exit+0x0/0xe @ 1
[    1.638003] initcall trace_init_flags_sys_exit+0x0/0xe returned 0 after 0 usecs
[    1.638988] calling  cpu_stop_init+0x0/0x6e @ 1
[    1.640056] initcall cpu_stop_init+0x0/0x6e returned 0 after 0 usecs
[    1.640987] calling  init_kprobes+0x0/0x165 @ 1
[    1.643550] initcall init_kprobes+0x0/0x165 returned 0 after 976 usecs
[    1.643988] calling  init_events+0x0/0x3d @ 1
[    1.645823] initcall init_events+0x0/0x3d returned 0 after 0 usecs
[    1.645988] calling  init_trace_printk+0x0/0xc @ 1
[    1.646988] initcall init_trace_printk+0x0/0xc returned 0 after 0 usecs
[    1.647987] calling  event_trace_enable_again+0x0/0x23 @ 1
[    1.648987] initcall event_trace_enable_again+0x0/0x23 returned 0 after 0 usecs
[    1.649987] calling  static_call_init+0x0/0x77 @ 1
[    1.650987] initcall static_call_init+0x0/0x77 returned 0 after 0 usecs
[    1.651989] calling  jump_label_init_module+0x0/0xc @ 1
[    1.652988] initcall jump_label_init_module+0x0/0xc returned 0 after 0 usecs
[    1.654007] calling  init_zero_pfn+0x0/0x37 @ 1
[    1.654990] initcall init_zero_pfn+0x0/0x37 returned 0 after 0 usecs
[    1.655988] calling  initialize_ptr_random+0x0/0x54 @ 1
[    1.656990] initcall initialize_ptr_random+0x0/0x54 returned 0 after 0 usecs
[    1.658029] calling  efi_memreserve_root_init+0x0/0x25 @ 1
[    1.659046] initcall efi_memreserve_root_init+0x0/0x25 returned 0 after 0 usecs
[    1.659989] calling  efi_earlycon_remap_fb+0x0/0x51 @ 1
[    1.660987] initcall efi_earlycon_remap_fb+0x0/0x51 returned 0 after 0 usecs
[    1.663263] smp: Bringing up secondary CPUs ...
[    1.665768] x86: Booting SMP configuration:
[    1.666015] .... node  #0, CPUs:        #1
[    1.142183] kvm-clock: cpu 1, msr 1b2ba041, secondary cpu clock
[    1.692982] kvm-guest: stealtime: cpu 1, msr 1f25b600
[    1.709282]   #2
[    1.142183] kvm-clock: cpu 2, msr 1b2ba081, secondary cpu clock
[    1.731341] kvm-guest: stealtime: cpu 2, msr 1f29b600
[    1.746027]   #3
[    1.142183] kvm-clock: cpu 3, msr 1b2ba0c1, secondary cpu clock
[    1.768657] kvm-guest: stealtime: cpu 3, msr 1f2db600
[    1.787998]   #4
[    1.142183] kvm-clock: cpu 4, msr 1b2ba101, secondary cpu clock
[    1.810167] kvm-guest: stealtime: cpu 4, msr 1f31b600
[    1.824855]   #5
[    1.142183] kvm-clock: cpu 5, msr 1b2ba141, secondary cpu clock
[    1.849563] kvm-guest: stealtime: cpu 5, msr 1f35b600
[    1.867003]   #6
[    1.142183] kvm-clock: cpu 6, msr 1b2ba181, secondary cpu clock
[    1.891983] kvm-guest: stealtime: cpu 6, msr 1f39b600
[    1.906593]   #7
[    1.142183] kvm-clock: cpu 7, msr 1b2ba1c1, secondary cpu clock
[    1.931577] kvm-guest: stealtime: cpu 7, msr 1f3db600
[    1.947722]   #8
[    1.142183] kvm-clock: cpu 8, msr 1b2ba201, secondary cpu clock
[    1.971335] kvm-guest: stealtime: cpu 8, msr 1f41b600
[    1.990023]   #9
[    1.142183] kvm-clock: cpu 9, msr 1b2ba241, secondary cpu clock
[    2.012730] kvm-guest: stealtime: cpu 9, msr 1f45b600
[    2.028467]  #10
[    1.142183] kvm-clock: cpu 10, msr 1b2ba281, secondary cpu clock
[    2.051323] kvm-guest: stealtime: cpu 10, msr 1f49b600
[    2.067767]  #11
[    1.142183] kvm-clock: cpu 11, msr 1b2ba2c1, secondary cpu clock
[    2.090273] kvm-guest: stealtime: cpu 11, msr 1f4db600
[    2.106339]  #12
[    1.142183] kvm-clock: cpu 12, msr 1b2ba301, secondary cpu clock
[    2.129124] kvm-guest: stealtime: cpu 12, msr 1f51b600
[    2.146444]  #13
[    1.142183] kvm-clock: cpu 13, msr 1b2ba341, secondary cpu clock
[    2.168570] kvm-guest: stealtime: cpu 13, msr 1f55b600
[    2.183721]  #14
[    1.142183] kvm-clock: cpu 14, msr 1b2ba381, secondary cpu clock
[    2.208126] kvm-guest: stealtime: cpu 14, msr 1f59b600
[    2.222990]  #15
[    1.142183] kvm-clock: cpu 15, msr 1b2ba3c1, secondary cpu clock
[    2.250122] kvm-guest: stealtime: cpu 15, msr 1f5db600
[    2.265067] smp: Brought up 1 node, 16 CPUs
[    2.265997] smpboot: Max logical packages: 1
[    2.266991] smpboot: Total of 16 processors activated (63999.96 BogoMIPS)
[    2.288695] devtmpfs: initialized
[    2.291379] calling  ipc_ns_init+0x0/0x3d @ 1
[    2.292040] initcall ipc_ns_init+0x0/0x3d returned 0 after 0 usecs
[    2.292987] calling  init_mmap_min_addr+0x0/0x21 @ 1
[    2.293985] initcall init_mmap_min_addr+0x0/0x21 returned 0 after 0 usecs
[    2.294987] calling  pci_realloc_setup_params+0x0/0x3f @ 1
[    2.295987] initcall pci_realloc_setup_params+0x0/0x3f returned 0 after 0 usecs
[    2.297004] calling  net_ns_init+0x0/0x140 @ 1
[    2.299718] initcall net_ns_init+0x0/0x140 returned 0 after 976 usecs
[    2.300026] calling  e820__register_nvs_regions+0x0/0x37 @ 1
[    2.300987] initcall e820__register_nvs_regions+0x0/0x37 returned 0 after 0 usecs
[    2.301986] calling  cpufreq_register_tsc_scaling+0x0/0x2e @ 1
[    2.302985] initcall cpufreq_register_tsc_scaling+0x0/0x2e returned 0 after 0 usecs
[    2.303997] calling  reboot_init+0x0/0x3c @ 1
[    2.305084] initcall reboot_init+0x0/0x3c returned 0 after 0 usecs
[    2.305987] calling  init_lapic_sysfs+0x0/0x20 @ 1
[    2.306986] initcall init_lapic_sysfs+0x0/0x20 returned 0 after 0 usecs
[    2.307986] calling  alloc_frozen_cpus+0x0/0x7 @ 1
[    2.308985] initcall alloc_frozen_cpus+0x0/0x7 returned 0 after 0 usecs
[    2.309985] calling  cpu_hotplug_pm_sync_init+0x0/0x13 @ 1
[    2.310987] initcall cpu_hotplug_pm_sync_init+0x0/0x13 returned 0 after 0 usecs
[    2.311986] calling  wq_sysfs_init+0x0/0x2a @ 1
[    2.313144] initcall wq_sysfs_init+0x0/0x2a returned 0 after 0 usecs
[    2.313986] calling  ksysfs_init+0x0/0x92 @ 1
[    2.314997] initcall ksysfs_init+0x0/0x92 returned 0 after 0 usecs
[    2.315986] calling  schedutil_gov_init+0x0/0xc @ 1
[    2.317090] initcall schedutil_gov_init+0x0/0xc returned 0 after 0 usecs
[    2.317987] calling  pm_init+0x0/0x76 @ 1
[    2.320023] initcall pm_init+0x0/0x76 returned 0 after 976 usecs
[    2.320986] calling  pm_disk_init+0x0/0x13 @ 1
[    2.322026] initcall pm_disk_init+0x0/0x13 returned 0 after 0 usecs
[    2.322986] calling  swsusp_header_init+0x0/0x2b @ 1
[    2.323990] initcall swsusp_header_init+0x0/0x2b returned 0 after 0 usecs
[    2.324986] calling  rcu_set_runtime_mode+0x0/0x16 @ 1
[    2.327057] initcall rcu_set_runtime_mode+0x0/0x16 returned 0 after 976 usecs
[    2.327987] calling  init_jiffies_clocksource+0x0/0x13 @ 1
[    2.328986] clocksource: jiffies: mask: 0xffffffff max_cycles: 0xffffffff, max_idle_ns: 1911260446275000 ns
[    2.329993] initcall init_jiffies_clocksource+0x0/0x13 returned 0 after 976 usecs
[    2.330989] calling  futex_init+0x0/0xf7 @ 1
[    2.331995] futex hash table entries: 4096 (order: 6, 262144 bytes, linear)
[    2.333054] initcall futex_init+0x0/0xf7 returned 0 after 976 usecs
[    2.333987] calling  cgroup_wq_init+0x0/0x28 @ 1
[    2.335002] initcall cgroup_wq_init+0x0/0x28 returned 0 after 0 usecs
[    2.335987] calling  cgroup1_wq_init+0x0/0x28 @ 1
[    2.336998] initcall cgroup1_wq_init+0x0/0x28 returned 0 after 0 usecs
[    2.337988] calling  init_kprobe_trace_early+0x0/0x2a @ 1
[    2.339034] initcall init_kprobe_trace_early+0x0/0x2a returned 0 after 0 usecs
[    2.339991] calling  fsnotify_init+0x0/0x48 @ 1
[    2.341092] initcall fsnotify_init+0x0/0x48 returned 0 after 0 usecs
[    2.341988] calling  filelock_init+0x0/0x96 @ 1
[    2.343118] initcall filelock_init+0x0/0x96 returned 0 after 0 usecs
[    2.343987] calling  init_misc_binfmt+0x0/0x2c @ 1
[    2.345117] initcall init_misc_binfmt+0x0/0x2c returned 0 after 0 usecs
[    2.345986] calling  init_script_binfmt+0x0/0x15 @ 1
[    2.346986] initcall init_script_binfmt+0x0/0x15 returned 0 after 0 usecs
[    2.347986] calling  init_elf_binfmt+0x0/0x15 @ 1
[    2.349000] initcall init_elf_binfmt+0x0/0x15 returned 0 after 0 usecs
[    2.349985] calling  init_compat_elf_binfmt+0x0/0x15 @ 1
[    2.350985] initcall init_compat_elf_binfmt+0x0/0x15 returned 0 after 0 usecs
[    2.352001] calling  debugfs_init+0x0/0x5c @ 1
[    2.353000] initcall debugfs_init+0x0/0x5c returned 0 after 0 usecs
[    2.353986] calling  tracefs_init+0x0/0x3a @ 1
[    2.354993] initcall tracefs_init+0x0/0x3a returned 0 after 0 usecs
[    2.355986] calling  prandom_init_early+0x0/0x15d @ 1
[    2.357014] initcall prandom_init_early+0x0/0x15d returned 0 after 0 usecs
[    2.358091] calling  virtio_init+0x0/0x20 @ 1
[    2.359052] initcall virtio_init+0x0/0x20 returned 0 after 0 usecs
[    2.359989] calling  iommu_init+0x0/0x2a @ 1
[    2.361989] initcall iommu_init+0x0/0x2a returned 0 after 976 usecs
[    2.362985] calling  component_debug_init+0x0/0x1c @ 1
[    2.364132] initcall component_debug_init+0x0/0x1c returned 0 after 0 usecs
[    2.364985] calling  early_resume_init+0x0/0xb9 @ 1
[    2.366987] PM: RTC time: 09:27:30, date: 2022-12-13
[    2.367995] initcall early_resume_init+0x0/0xb9 returned 0 after 1953 usecs
[    2.368989] calling  cpufreq_core_init+0x0/0x62 @ 1
[    2.370041] initcall cpufreq_core_init+0x0/0x62 returned 0 after 0 usecs
[    2.370991] calling  cpufreq_gov_performance_init+0x0/0xc @ 1
[    2.371992] initcall cpufreq_gov_performance_init+0x0/0xc returned 0 after 0 usecs
[    2.372993] calling  cpufreq_gov_userspace_init+0x0/0xc @ 1
[    2.373991] initcall cpufreq_gov_userspace_init+0x0/0xc returned 0 after 0 usecs
[    2.374990] calling  CPU_FREQ_GOV_ONDEMAND_init+0x0/0xc @ 1
[    2.376988] initcall CPU_FREQ_GOV_ONDEMAND_init+0x0/0xc returned 0 after 0 usecs
[    2.377986] calling  cpuidle_init+0x0/0x1f @ 1
[    2.379249] initcall cpuidle_init+0x0/0x1f returned 0 after 0 usecs
[    2.379987] calling  capsule_reboot_register+0x0/0xc @ 1
[    2.381009] initcall capsule_reboot_register+0x0/0xc returned 0 after 0 usecs
[    2.381987] calling  sock_init+0x0/0x93 @ 1
[    2.384806] initcall sock_init+0x0/0x93 returned 0 after 976 usecs
[    2.384988] calling  net_inuse_init+0x0/0x23 @ 1
[    2.385993] initcall net_inuse_init+0x0/0x23 returned 0 after 0 usecs
[    2.386987] calling  net_defaults_init+0x0/0x23 @ 1
[    2.387992] initcall net_defaults_init+0x0/0x23 returned 0 after 0 usecs
[    2.388991] calling  init_default_flow_dissectors+0x0/0x4f @ 1
[    2.390023] initcall init_default_flow_dissectors+0x0/0x4f returned 0 after 0 usecs
[    2.390989] calling  netpoll_init+0x0/0x26 @ 1
[    2.391986] initcall netpoll_init+0x0/0x26 returned 0 after 0 usecs
[    2.392986] calling  netlink_proto_init+0x0/0x14f @ 1
[    2.395085] NET: Registered protocol family 16
[    2.396006] initcall netlink_proto_init+0x0/0x14f returned 0 after 976 usecs
[    2.396988] calling  genl_init+0x0/0x35 @ 1
[    2.398060] initcall genl_init+0x0/0x35 returned 0 after 0 usecs
[    2.399024] calling  bsp_pm_check_init+0x0/0x13 @ 1
[    2.400007] initcall bsp_pm_check_init+0x0/0x13 returned 0 after 0 usecs
[    2.401015] calling  irq_sysfs_init+0x0/0xb7 @ 1
[    2.402062] initcall irq_sysfs_init+0x0/0xb7 returned 0 after 0 usecs
[    2.402988] calling  audit_init+0x0/0x160 @ 1
[    2.403992] audit: initializing netlink subsys (disabled)
[    2.406760] initcall audit_init+0x0/0x160 returned 0 after 1953 usecs
[    2.406561] audit: type=2000 audit(1670923648.730:1): state=initialized audit_enabled=0 res=1
[    2.406997] calling  release_early_probes+0x0/0x32 @ 1
[    2.408989] initcall release_early_probes+0x0/0x32 returned 0 after 0 usecs
[    2.409989] calling  bdi_class_init+0x0/0x48 @ 1
[    2.411069] initcall bdi_class_init+0x0/0x48 returned 0 after 0 usecs
[    2.411987] calling  mm_sysfs_init+0x0/0x28 @ 1
[    2.412991] initcall mm_sysfs_init+0x0/0x28 returned 0 after 0 usecs
[    2.413989] calling  init_per_zone_wmark_min+0x0/0x6d @ 1
[    2.414992] initcall init_per_zone_wmark_min+0x0/0x6d returned 0 after 0 usecs
[    2.415988] calling  mpi_init+0x0/0x3e @ 1
[    2.417006] initcall mpi_init+0x0/0x3e returned 0 after 0 usecs
[    2.417985] calling  kobject_uevent_init+0x0/0xc @ 1
[    2.418997] initcall kobject_uevent_init+0x0/0xc returned 0 after 0 usecs
[    2.419987] calling  pcibus_class_init+0x0/0x13 @ 1
[    2.421018] initcall pcibus_class_init+0x0/0x13 returned 0 after 0 usecs
[    2.422986] calling  pci_driver_init+0x0/0x21 @ 1
[    2.424023] initcall pci_driver_init+0x0/0x21 returned 0 after 0 usecs
[    2.424989] calling  backlight_class_init+0x0/0xa8 @ 1
[    2.426022] initcall backlight_class_init+0x0/0xa8 returned 0 after 0 usecs
[    2.426987] calling  tty_class_init+0x0/0x33 @ 1
[    2.427994] initcall tty_class_init+0x0/0x33 returned 0 after 0 usecs
[    2.428986] calling  vtconsole_class_init+0x0/0xb5 @ 1
[    2.430063] initcall vtconsole_class_init+0x0/0xb5 returned 0 after 0 usecs
[    2.430986] calling  iommu_dev_init+0x0/0x13 @ 1
[    2.432005] initcall iommu_dev_init+0x0/0x13 returned 0 after 0 usecs
[    2.432985] calling  mipi_dsi_bus_init+0x0/0xc @ 1
[    2.434064] initcall mipi_dsi_bus_init+0x0/0xc returned 0 after 0 usecs
[    2.434985] calling  devlink_class_init+0x0/0x40 @ 1
[    2.435992] initcall devlink_class_init+0x0/0x40 returned 0 after 0 usecs
[    2.437985] calling  software_node_init+0x0/0x2a @ 1
[    2.438994] initcall software_node_init+0x0/0x2a returned 0 after 0 usecs
[    2.439988] calling  wakeup_sources_debugfs_init+0x0/0x23 @ 1
[    2.441044] initcall wakeup_sources_debugfs_init+0x0/0x23 returned 0 after 0 usecs
[    2.442005] calling  wakeup_sources_sysfs_init+0x0/0x2c @ 1
[    2.442997] initcall wakeup_sources_sysfs_init+0x0/0x2c returned 0 after 0 usecs
[    2.443987] calling  register_node_type+0x0/0x13 @ 1
[    2.445039] initcall register_node_type+0x0/0x13 returned 0 after 0 usecs
[    2.445990] calling  regmap_initcall+0x0/0xc @ 1
[    2.447073] initcall regmap_initcall+0x0/0xc returned 0 after 0 usecs
[    2.447987] calling  i2c_init+0x0/0xb3 @ 1
[    2.449069] initcall i2c_init+0x0/0xb3 returned 0 after 0 usecs
[    2.450002] calling  thermal_init+0x0/0xf2 @ 1
[    2.451010] thermal_sys: Registered thermal governor 'step_wise'
[    2.451011] thermal_sys: Registered thermal governor 'user_space'
[    2.452000] initcall thermal_init+0x0/0xf2 returned 0 after 976 usecs
[    2.453986] calling  init_menu+0x0/0xc @ 1
[    2.457218] cpuidle: using governor menu
[    2.462995] initcall init_menu+0x0/0xc returned 0 after 7812 usecs
[    2.471990] calling  pcc_init+0x0/0x4d @ 1
[    2.477008] initcall pcc_init+0x0/0x4d returned -19 after 0 usecs
[    2.483997] calling  amd_postcore_init+0x0/0x11e @ 1
[    2.489988] initcall amd_postcore_init+0x0/0x11e returned 0 after 0 usecs
[    2.498013] calling  bts_init+0x0/0xba @ 1
[    2.502987] initcall bts_init+0x0/0xba returned -19 after 0 usecs
[    2.510987] calling  pt_init+0x0/0x341 @ 1
[    2.515987] initcall pt_init+0x0/0x341 returned -19 after 0 usecs
[    2.522986] calling  boot_params_ksysfs_init+0x0/0x2ee @ 1
[    2.530083] initcall boot_params_ksysfs_init+0x0/0x2ee returned 0 after 0 usecs
[    2.538985] calling  sbf_init+0x0/0xea @ 1
[    2.542985] initcall sbf_init+0x0/0xea returned 0 after 0 usecs
[    2.550987] calling  arch_kdebugfs_init+0x0/0x219 @ 1
[    2.556840] initcall arch_kdebugfs_init+0x0/0x219 returned 0 after 976 usecs
[    2.564988] calling  intel_pconfig_init+0x0/0x85 @ 1
[    2.570987] initcall intel_pconfig_init+0x0/0x85 returned 0 after 0 usecs
[    2.580988] calling  mtrr_if_init+0x0/0x5d @ 1
[    2.590050] initcall mtrr_if_init+0x0/0x5d returned 0 after 3906 usecs
[    2.598991] calling  activate_jump_labels+0x0/0x31 @ 1
[    2.605989] initcall activate_jump_labels+0x0/0x31 returned 0 after 0 usecs
[    2.614988] calling  ffh_cstate_init+0x0/0x29 @ 1
[    2.620992] initcall ffh_cstate_init+0x0/0x29 returned 0 after 0 usecs
[    2.629994] calling  activate_jump_labels+0x0/0x31 @ 1
[    2.636873] initcall activate_jump_labels+0x0/0x31 returned 0 after 976 usecs
[    2.645987] calling  kvm_alloc_cpumask+0x0/0x74 @ 1
[    2.652050] initcall kvm_alloc_cpumask+0x0/0x74 returned 0 after 0 usecs
[    2.661991] calling  kcmp_cookies_init+0x0/0x37 @ 1
[    2.669999] initcall kcmp_cookies_init+0x0/0x37 returned 0 after 0 usecs
[    2.679990] calling  cryptomgr_init+0x0/0xc @ 1
[    2.686019] initcall cryptomgr_init+0x0/0xc returned 0 after 0 usecs
[    2.692987] calling  acpi_pci_init+0x0/0x57 @ 1
[    2.698985] ACPI: bus type PCI registered
[    2.702986] initcall acpi_pci_init+0x0/0x57 returned 0 after 3906 usecs
[    2.710987] calling  dma_channel_table_init+0x0/0xd1 @ 1
[    2.717998] initcall dma_channel_table_init+0x0/0xd1 returned 0 after 0 usecs
[    2.725986] calling  dma_bus_init+0x0/0xdc @ 1
[    2.732150] initcall dma_bus_init+0x0/0xdc returned 0 after 0 usecs
[    2.740051] calling  iommu_dma_init+0x0/0x10 @ 1
[    2.745997] initcall iommu_dma_init+0x0/0x10 returned 0 after 0 usecs
[    2.754004] calling  dmi_id_init+0x0/0x37c @ 1
[    2.759091] initcall dmi_id_init+0x0/0x37c returned 0 after 0 usecs
[    2.766989] calling  pci_arch_init+0x0/0x71 @ 1
[    2.773493] PCI: MMCONFIG for domain 0000 [bus 00-ff] at [mem 0xb0000000-0xbfffffff] (base 0xb0000000)
[    2.786992] PCI: MMCONFIG at [mem 0xb0000000-0xbfffffff] reserved in E820
[    2.796015] PCI: Using configuration type 1 for base access
[    2.802035] initcall pci_arch_init+0x0/0x71 returned 0 after 28320 usecs
[    2.810013] calling  init_vdso+0x0/0x13 @ 1
[    2.815033] initcall init_vdso+0x0/0x13 returned 0 after 0 usecs
[    2.821990] calling  sysenter_setup+0x0/0x13 @ 1
[    2.832058] initcall sysenter_setup+0x0/0x13 returned 0 after 3906 usecs
[    2.839988] calling  fixup_ht_bug+0x0/0xe5 @ 1
[    2.844986] initcall fixup_ht_bug+0x0/0xe5 returned 0 after 0 usecs
[    2.851992] calling  topology_init+0x0/0x88 @ 1
[    2.858212] initcall topology_init+0x0/0x88 returned 0 after 976 usecs
[    2.866005] calling  intel_epb_init+0x0/0x68 @ 1
[    2.871987] initcall intel_epb_init+0x0/0x68 returned -19 after 0 usecs
[    2.877990] calling  mtrr_init_finialize+0x0/0x3e @ 1
[    2.883990] initcall mtrr_init_finialize+0x0/0x3e returned 0 after 0 usecs
[    2.893992] calling  uid_cache_init+0x0/0x85 @ 1
[    2.899995] initcall uid_cache_init+0x0/0x85 returned 0 after 0 usecs
[    2.907986] calling  param_sysfs_init+0x0/0x1ba @ 1
[    2.923270] initcall param_sysfs_init+0x0/0x1ba returned 0 after 9765 usecs
[    2.933997] calling  user_namespace_sysctl_init+0x0/0x33 @ 1
[    2.941018] initcall user_namespace_sysctl_init+0x0/0x33 returned 0 after 0 usecs
[    2.949991] calling  proc_schedstat_init+0x0/0x24 @ 1
[    2.956003] initcall proc_schedstat_init+0x0/0x24 returned 0 after 0 usecs
[    2.963989] calling  pm_sysrq_init+0x0/0x18 @ 1
[    2.977996] initcall pm_sysrq_init+0x0/0x18 returned 0 after 7812 usecs
[    2.979380] calling  create_proc_profile+0x0/0xd0 @ 1
[    2.979988] initcall create_proc_profile+0x0/0xd0 returned 0 after 0 usecs
[    2.980990] calling  time_ns_init+0x0/0x7 @ 1
[    2.981987] initcall time_ns_init+0x0/0x7 returned 0 after 0 usecs
[    2.982988] calling  crash_save_vmcoreinfo_init+0x0/0x722 @ 1
[    2.984546] initcall crash_save_vmcoreinfo_init+0x0/0x722 returned 0 after 0 usecs
[    2.984991] calling  crash_notes_memory_init+0x0/0x35 @ 1
[    2.985996] initcall crash_notes_memory_init+0x0/0x35 returned 0 after 0 usecs
[    2.986988] calling  cgroup_sysfs_init+0x0/0x13 @ 1
[    2.988057] initcall cgroup_sysfs_init+0x0/0x13 returned 0 after 0 usecs
[    2.988989] calling  cgroup_namespaces_init+0x0/0x7 @ 1
[    2.989988] initcall cgroup_namespaces_init+0x0/0x7 returned 0 after 0 usecs
[    2.990988] calling  init_optprobes+0x0/0x13 @ 1
[    2.991986] Kprobes globally optimized
[    2.992988] initcall init_optprobes+0x0/0x13 returned 0 after 976 usecs
[    2.993988] calling  oom_init+0x0/0x2f @ 1
[    2.996174] initcall oom_init+0x0/0x2f returned 0 after 976 usecs
[    2.996988] calling  default_bdi_init+0x0/0xb3 @ 1
[    2.999354] initcall default_bdi_init+0x0/0xb3 returned 0 after 976 usecs
[    2.999988] calling  percpu_enable_async+0x0/0xe @ 1
[    3.000995] initcall percpu_enable_async+0x0/0xe returned 0 after 0 usecs
[    3.001991] calling  kcompactd_init+0x0/0x8d @ 1
[    3.004990] initcall kcompactd_init+0x0/0x8d returned 0 after 1953 usecs
[    3.006073] calling  init_user_reserve+0x0/0x40 @ 1
[    3.006990] initcall init_user_reserve+0x0/0x40 returned 0 after 0 usecs
[    3.007990] calling  init_admin_reserve+0x0/0x40 @ 1
[    3.008987] initcall init_admin_reserve+0x0/0x40 returned 0 after 0 usecs
[    3.009996] calling  init_reserve_notifier+0x0/0x7 @ 1
[    3.010988] initcall init_reserve_notifier+0x0/0x7 returned 0 after 0 usecs
[    3.011990] calling  swap_init_sysfs+0x0/0x62 @ 1
[    3.012996] initcall swap_init_sysfs+0x0/0x62 returned 0 after 0 usecs
[    3.013986] calling  swapfile_init+0x0/0x94 @ 1
[    3.014986] initcall swapfile_init+0x0/0x94 returned 0 after 0 usecs
[    3.015985] calling  hugetlb_init+0x0/0x496 @ 1
[    3.016988] HugeTLB registered 2.00 MiB page size, pre-allocated 0 pages
[    3.018004] initcall hugetlb_init+0x0/0x496 returned 0 after 976 usecs
[    3.019986] calling  io_wq_init+0x0/0x34 @ 1
[    3.020986] initcall io_wq_init+0x0/0x34 returned 0 after 0 usecs
[    3.021986] calling  seqiv_module_init+0x0/0xc @ 1
[    3.022985] initcall seqiv_module_init+0x0/0xc returned 0 after 0 usecs
[    3.023985] calling  echainiv_module_init+0x0/0xc @ 1
[    3.024985] initcall echainiv_module_init+0x0/0xc returned 0 after 0 usecs
[    3.026056] calling  rsa_init+0x0/0x50 @ 1
[    3.028753] cryptomgr_test (125) used greatest stack depth: 15408 bytes left
[    3.029136] initcall rsa_init+0x0/0x50 returned 0 after 1953 usecs
[    3.031000] calling  crypto_cmac_module_init+0x0/0xc @ 1
[    3.032031] initcall crypto_cmac_module_init+0x0/0xc returned 0 after 0 usecs
[    3.033993] calling  hmac_module_init+0x0/0xc @ 1
[    3.034997] initcall hmac_module_init+0x0/0xc returned 0 after 0 usecs
[    3.035990] calling  crypto_null_mod_init+0x0/0x65 @ 1
[    3.041862] initcall crypto_null_mod_init+0x0/0x65 returned 0 after 3906 usecs
[    3.050996] calling  md5_mod_init+0x0/0xc @ 1
[    3.057991] initcall md5_mod_init+0x0/0xc returned 0 after 976 usecs
[    3.066178] calling  sha256_generic_mod_init+0x0/0x11 @ 1
[    3.076147] initcall sha256_generic_mod_init+0x0/0x11 returned 0 after 2929 usecs
[    3.081993] calling  crypto_cbc_module_init+0x0/0xc @ 1
[    3.088611] initcall crypto_cbc_module_init+0x0/0xc returned 0 after 0 usecs
[    3.096990] calling  crypto_ctr_module_init+0x0/0x11 @ 1
[    3.103988] initcall crypto_ctr_module_init+0x0/0x11 returned 0 after 976 usecs
[    3.111990] calling  crypto_gcm_module_init+0x0/0x64 @ 1
[    3.119075] initcall crypto_gcm_module_init+0x0/0x64 returned 0 after 0 usecs
[    3.127991] calling  crypto_ccm_module_init+0x0/0x11 @ 1
[    3.134989] initcall crypto_ccm_module_init+0x0/0x11 returned 0 after 0 usecs
[    3.143992] calling  aes_init+0x0/0xc @ 1
[    3.153918] initcall aes_init+0x0/0xc returned 0 after 3906 usecs
[    3.161994] calling  crc32c_mod_init+0x0/0xc @ 1
[    3.169781] initcall crc32c_mod_init+0x0/0xc returned 0 after 976 usecs
[    3.170003] calling  crypto_authenc_module_init+0x0/0xc @ 1
[    3.171000] initcall crypto_authenc_module_init+0x0/0xc returned 0 after 0 usecs
[    3.171996] calling  crypto_authenc_esn_module_init+0x0/0xc @ 1
[    3.173003] initcall crypto_authenc_esn_module_init+0x0/0xc returned 0 after 0 usecs
[    3.173991] calling  drbg_init+0x0/0x7c @ 1
[    3.181168] cryptomgr_test (137) used greatest stack depth: 15208 bytes left
[    3.226999] initcall drbg_init+0x0/0x7c returned 0 after 46875 usecs
[    3.235591] calling  ghash_mod_init+0x0/0xc @ 1
[    3.249427] initcall ghash_mod_init+0x0/0xc returned 0 after 6835 usecs
[    3.256995] calling  init_bio+0x0/0x9a @ 1
[    3.266622] initcall init_bio+0x0/0x9a returned 0 after 3906 usecs
[    3.274123] calling  blk_settings_init+0x0/0x29 @ 1
[    3.279992] initcall blk_settings_init+0x0/0x29 returned 0 after 0 usecs
[    3.287991] calling  blk_ioc_init+0x0/0x29 @ 1
[    3.295993] initcall blk_ioc_init+0x0/0x29 returned 0 after 0 usecs
[    3.302986] calling  blk_mq_init+0x0/0xb9 @ 1
[    3.309215] initcall blk_mq_init+0x0/0xb9 returned 0 after 0 usecs
[    3.315986] calling  genhd_device_init+0x0/0x75 @ 1
[    3.330659] initcall genhd_device_init+0x0/0x75 returned 0 after 8789 usecs
[    3.339980] calling  pci_slot_init+0x0/0x40 @ 1
[    3.346045] initcall pci_slot_init+0x0/0x40 returned 0 after 976 usecs
[    3.354015] calling  fbmem_init+0x0/0xd8 @ 1
[    3.360402] initcall fbmem_init+0x0/0xd8 returned 0 after 1953 usecs
[    3.367988] calling  acpi_init+0x0/0x319 @ 1
[    3.373984] ACPI: Added _OSI(Module Device)
[    3.377984] ACPI: Added _OSI(Processor Device)
[    3.384986] ACPI: Added _OSI(3.0 _SCP Extensions)
[    3.391986] ACPI: Added _OSI(Processor Aggregator Device)
[    3.400987] ACPI: Added _OSI(Linux-Dell-Video)
[    3.407987] ACPI: Added _OSI(Linux-Lenovo-NV-HDMI-Audio)
[    3.415988] ACPI: Added _OSI(Linux-HPI-Hybrid-Graphics)
[    3.428897] ACPI: 1 ACPI AML tables successfully acquired and loaded
[    3.456649] ACPI: Interpreter enabled
[    3.461289] ACPI: (supports S0 S3 S4 S5)
[    3.467145] ACPI: Using IOAPIC for interrupt routing
[    3.475530] PCI: Using host bridge windows from ACPI; if necessary, use "pci=nocrs" and report a bug
[    3.486395] ACPI: Enabled 2 GPEs in block 00 to 3F
[    3.505550] ACPI: PCI Root Bridge [PCI0] (domain 0000 [bus 00-ff])
[    3.514632] acpi PNP0A08:00: _OSC: OS supports [ExtendedConfig ASPM ClockPM Segments MSI HPX-Type3]
[    3.528121] acpi PNP0A08:00: _OSC: platform does not support [LTR]
[    3.538099] acpi PNP0A08:00: _OSC: OS now controls [PME PCIeCapability]
[    3.550787] PCI host bridge to bus 0000:00
[    3.556095] pci_bus 0000:00: root bus resource [io  0x0000-0x0cf7 window]
[    3.567989] pci_bus 0000:00: root bus resource [io  0x0d00-0xffff window]
[    3.578068] pci_bus 0000:00: root bus resource [mem 0x000a0000-0x000bffff window]
[    3.590997] pci_bus 0000:00: root bus resource [mem 0x20000000-0xafffffff window]
[    3.601993] pci_bus 0000:00: root bus resource [mem 0xc0000000-0xfebfffff window]
[    3.613991] pci_bus 0000:00: root bus resource [mem 0x100000000-0x8ffffffff window]
[    3.624991] pci_bus 0000:00: root bus resource [bus 00-ff]
[    3.634300] pci 0000:00:00.0: calling  quirk_mmio_always_on+0x0/0x10 @ 1
[    3.643993] pci 0000:00:00.0: quirk_mmio_always_on+0x0/0x10 took 0 usecs
[    3.653989] pci 0000:00:00.0: [8086:29c0] type 00 class 0x060000
[    3.667204] pci 0000:00:00.0: calling  quirk_igfx_skip_te_disable+0x0/0x80 @ 1
[    3.678050] pci 0000:00:00.0: quirk_igfx_skip_te_disable+0x0/0x80 took 0 usecs
[    3.690776] pci 0000:00:01.0: [1234:1111] type 00 class 0x030000
[    3.704980] pci 0000:00:01.0: reg 0x10: [mem 0xfd000000-0xfdffffff pref]
[    3.729980] pci 0000:00:01.0: reg 0x18: [mem 0xfebf0000-0xfebf0fff]
[    3.776980] pci 0000:00:01.0: reg 0x30: [mem 0xfebe0000-0xfebeffff pref]
[    3.788838] pci 0000:00:01.0: calling  efifb_fixup_resources+0x0/0xf0 @ 1
[    3.797045] pci 0000:00:01.0: efifb_fixup_resources+0x0/0xf0 took 0 usecs
[    3.812712] pci 0000:00:1f.0: [8086:2918] type 00 class 0x060100
[    3.824870] pci 0000:00:1f.0: calling  quirk_ich7_lpc+0x0/0x60 @ 1
[    3.832297] pci 0000:00:1f.0: quirk: [io  0x0600-0x067f] claimed by ICH6 ACPI/GPIO/TCO
[    3.842449] pci 0000:00:1f.0: quirk_ich7_lpc+0x0/0x60 took 9765 usecs
[    3.849138] pci 0000:00:1f.0: calling  quirk_igfx_skip_te_disable+0x0/0x80 @ 1
[    3.857044] pci 0000:00:1f.0: quirk_igfx_skip_te_disable+0x0/0x80 took 0 usecs
[    3.868223] pci 0000:00:1f.2: [8086:2922] type 00 class 0x010601
[    3.883986] pci 0000:00:1f.2: reg 0x20: [io  0xc040-0xc05f]
[    3.891987] pci 0000:00:1f.2: reg 0x24: [mem 0xfebf1000-0xfebf1fff]
[    3.901093] pci 0000:00:1f.2: calling  quirk_igfx_skip_te_disable+0x0/0x80 @ 1
[    3.908990] pci 0000:00:1f.2: quirk_igfx_skip_te_disable+0x0/0x80 took 0 usecs
[    3.921473] pci 0000:00:1f.3: [8086:2930] type 00 class 0x0c0500
[    3.933874] pci 0000:00:1f.3: reg 0x20: [io  0x0700-0x073f]
[    3.943172] pci 0000:00:1f.3: calling  quirk_igfx_skip_te_disable+0x0/0x80 @ 1
[    3.950990] pci 0000:00:1f.3: quirk_igfx_skip_te_disable+0x0/0x80 took 0 usecs
[    3.964137] ACPI: PCI Interrupt Link [LNKA] (IRQs 5 *10 11)
[    3.970104] ACPI: PCI Interrupt Link [LNKB] (IRQs 5 *10 11)
[    3.978304] ACPI: PCI Interrupt Link [LNKC] (IRQs 5 10 *11)
[    3.984366] ACPI: PCI Interrupt Link [LNKD] (IRQs 5 10 *11)
[    3.992372] ACPI: PCI Interrupt Link [LNKE] (IRQs 5 *10 11)
[    3.999355] ACPI: PCI Interrupt Link [LNKF] (IRQs 5 *10 11)
[    4.005414] ACPI: PCI Interrupt Link [LNKG] (IRQs 5 10 *11)
[    4.012357] ACPI: PCI Interrupt Link [LNKH] (IRQs 5 10 *11)
[    4.018199] ACPI: PCI Interrupt Link [GSIA] (IRQs *16)
[    4.024993] ACPI: PCI Interrupt Link [GSIB] (IRQs *17)
[    4.031006] ACPI: PCI Interrupt Link [GSIC] (IRQs *18)
[    4.036994] ACPI: PCI Interrupt Link [GSID] (IRQs *19)
[    4.043008] ACPI: PCI Interrupt Link [GSIE] (IRQs *20)
[    4.048994] ACPI: PCI Interrupt Link [GSIF] (IRQs *21)
[    4.055007] ACPI: PCI Interrupt Link [GSIG] (IRQs *22)
[    4.061031] ACPI: PCI Interrupt Link [GSIH] (IRQs *23)
[    4.071980] initcall acpi_init+0x0/0x319 returned 0 after 681640 usecs
[    4.079113] calling  pnp_init+0x0/0xc @ 1
[    4.084014] initcall pnp_init+0x0/0xc returned 0 after 0 usecs
[    4.090987] calling  misc_init+0x0/0xbf @ 1
[    4.096391] initcall misc_init+0x0/0xbf returned 0 after 0 usecs
[    4.102985] calling  iommu_subsys_init+0x0/0x4e @ 1
[    4.109113] iommu: Default domain type: Translated 
[    4.114986] initcall iommu_subsys_init+0x0/0x4e returned 0 after 5859 usecs
[    4.122985] calling  vga_arb_device_init+0x0/0x261 @ 1
[    4.130861] pci 0000:00:01.0: vgaarb: setting as boot VGA device
[    4.130980] pci 0000:00:01.0: vgaarb: VGA device added: decodes=io+mem,owns=io+mem,locks=none
[    4.148026] pci 0000:00:01.0: vgaarb: bridge control possible
[    4.154983] vgaarb: loaded
[    4.158988] initcall vga_arb_device_init+0x0/0x261 returned 0 after 28320 usecs
[    4.167085] calling  cn_init+0x0/0xf0 @ 1
[    4.172413] initcall cn_init+0x0/0xf0 returned 0 after 976 usecs
[    4.179988] calling  dma_buf_init+0x0/0xad @ 1
[    4.190649] initcall dma_buf_init+0x0/0xad returned 0 after 3906 usecs
[    4.198104] calling  init_scsi+0x0/0x79 @ 1
[    4.204227] SCSI subsystem initialized
[    4.207986] initcall init_scsi+0x0/0x79 returned 0 after 4882 usecs
[    4.215986] calling  ata_init+0x0/0x332 @ 1
[    4.223402] libata version 3.00 loaded.
[    4.227986] initcall ata_init+0x0/0x332 returned 0 after 6835 usecs
[    4.234986] calling  phy_init+0x0/0x250 @ 1
[    4.240261] initcall phy_init+0x0/0x250 returned 0 after 0 usecs
[    4.248000] calling  init_pcmcia_cs+0x0/0x35 @ 1
[    4.254017] initcall init_pcmcia_cs+0x0/0x35 returned 0 after 976 usecs
[    4.261999] calling  usb_common_init+0x0/0x1c @ 1
[    4.268045] initcall usb_common_init+0x0/0x1c returned 0 after 0 usecs
[    4.275988] calling  usb_init+0x0/0x12e @ 1
[    4.282066] ACPI: bus type USB registered
[    4.287298] usbcore: registered new interface driver usbfs
[    4.295170] usbcore: registered new interface driver hub
[    4.302003] usbcore: registered new device driver usb
[    4.307989] initcall usb_init+0x0/0x12e returned 0 after 25390 usecs
[    4.315988] calling  serio_init+0x0/0x29 @ 1
[    4.321144] initcall serio_init+0x0/0x29 returned 0 after 976 usecs
[    4.329987] calling  input_init+0x0/0xf6 @ 1
[    4.335047] initcall input_init+0x0/0xf6 returned 0 after 0 usecs
[    4.342987] calling  rtc_init+0x0/0x4d @ 1
[    4.348009] initcall rtc_init+0x0/0x4d returned 0 after 0 usecs
[    4.355987] calling  pps_init+0x0/0xa9 @ 1
[    4.361015] pps_core: LinuxPPS API ver. 1 registered
[    4.367985] pps_core: Software ver. 5.3.6 - Copyright 2005-2007 Rodolfo Giometti <giometti@linux.it>
[    4.378991] initcall pps_init+0x0/0xa9 returned 0 after 17578 usecs
[    4.386001] calling  ptp_init+0x0/0x98 @ 1
[    4.390999] PTP clock support registered
[    4.395985] initcall ptp_init+0x0/0x98 returned 0 after 4882 usecs
[    4.402987] calling  power_supply_class_init+0x0/0x3f @ 1
[    4.410089] initcall power_supply_class_init+0x0/0x3f returned 0 after 0 usecs
[    4.417987] calling  hwmon_init+0x0/0x104 @ 1
[    4.427007] initcall hwmon_init+0x0/0x104 returned 0 after 0 usecs
[    4.433988] calling  md_init+0x0/0x16b @ 1
[    4.440995] initcall md_init+0x0/0x16b returned 0 after 1953 usecs
[    4.447985] calling  leds_init+0x0/0x3b @ 1
[    4.453022] initcall leds_init+0x0/0x3b returned 0 after 0 usecs
[    4.459986] calling  dmi_init+0x0/0x113 @ 1
[    4.466412] initcall dmi_init+0x0/0x113 returned 0 after 0 usecs
[    4.472986] calling  efisubsys_init+0x0/0x4e7 @ 1
[    4.479010] initcall efisubsys_init+0x0/0x4e7 returned 0 after 0 usecs
[    4.486989] calling  nvmem_init+0x0/0xc @ 1
[    4.492171] initcall nvmem_init+0x0/0xc returned 0 after 0 usecs
[    4.499987] calling  init_soundcore+0x0/0x33 @ 1
[    4.505025] initcall init_soundcore+0x0/0x33 returned 0 after 976 usecs
[    4.513988] calling  alsa_sound_init+0x0/0x8f @ 1
[    4.519096] Advanced Linux Sound Architecture Driver Initialized.
[    4.526990] initcall alsa_sound_init+0x0/0x8f returned 0 after 7812 usecs
[    4.534991] calling  alsa_seq_device_init+0x0/0x71 @ 1
[    4.541049] initcall alsa_seq_device_init+0x0/0x71 returned 0 after 0 usecs
[    4.548989] calling  hda_bus_init+0x0/0xc @ 1
[    4.555029] initcall hda_bus_init+0x0/0xc returned 0 after 0 usecs
[    4.561988] calling  proto_init+0x0/0xc @ 1
[    4.567025] initcall proto_init+0x0/0xc returned 0 after 0 usecs
[    4.573988] calling  net_dev_init+0x0/0x209 @ 1
[    4.581416] initcall net_dev_init+0x0/0x209 returned 0 after 976 usecs
[    4.588992] calling  neigh_init+0x0/0x84 @ 1
[    4.593990] initcall neigh_init+0x0/0x84 returned 0 after 0 usecs
[    4.600987] calling  fib_notifier_init+0x0/0xc @ 1
[    4.607011] initcall fib_notifier_init+0x0/0xc returned 0 after 0 usecs
[    4.614987] calling  fib_rules_init+0x0/0xab @ 1
[    4.620015] initcall fib_rules_init+0x0/0xab returned 0 after 0 usecs
[    4.627987] calling  pktsched_init+0x0/0x10e @ 1
[    4.633042] initcall pktsched_init+0x0/0x10e returned 0 after 0 usecs
[    4.640988] calling  tc_filter_init+0x0/0xfa @ 1
[    4.646052] initcall tc_filter_init+0x0/0xfa returned 0 after 0 usecs
[    4.653988] calling  tc_action_init+0x0/0x54 @ 1
[    4.658989] initcall tc_action_init+0x0/0x54 returned 0 after 0 usecs
[    4.666987] calling  ethnl_init+0x0/0x52 @ 1
[    4.672147] initcall ethnl_init+0x0/0x52 returned 0 after 0 usecs
[    4.679987] calling  nexthop_init+0x0/0xd8 @ 1
[    4.686104] initcall nexthop_init+0x0/0xd8 returned 0 after 0 usecs
[    4.695993] calling  cipso_v4_init+0x0/0x5d @ 1
[    4.703077] initcall cipso_v4_init+0x0/0x5d returned 0 after 0 usecs
[    4.711991] calling  ieee80211_init+0x0/0x24 @ 1
[    4.718133] initcall ieee80211_init+0x0/0x24 returned 0 after 0 usecs
[    4.725987] calling  netlbl_init+0x0/0x78 @ 1
[    4.731033] NetLabel: Initializing
[    4.734994] NetLabel:  domain hash size = 128
[    4.739983] NetLabel:  protocols = UNLABELED CIPSOv4 CALIPSO
[    4.747166] NetLabel:  unlabeled traffic allowed by default
[    4.754002] initcall netlbl_init+0x0/0x78 returned 0 after 22460 usecs
[    4.760987] calling  rfkill_init+0x0/0x111 @ 1
[    4.769325] initcall rfkill_init+0x0/0x111 returned 0 after 1953 usecs
[    4.777056] calling  pci_subsys_init+0x0/0x66 @ 1
[    4.783059] PCI: Using ACPI for IRQ routing
[    5.507549] PCI: pci_cache_line_size set to 64 bytes
[    5.514327] e820: reserve RAM buffer [mem 0x0009fc00-0x0009ffff]
[    5.521017] e820: reserve RAM buffer [mem 0x1ffdf000-0x1fffffff]
[    5.528061] initcall pci_subsys_init+0x0/0x66 returned 0 after 727539 usecs
[    5.538363] calling  nmi_warning_debugfs+0x0/0x26 @ 1
[    5.544120] initcall nmi_warning_debugfs+0x0/0x26 returned 0 after 0 usecs
[    5.552004] calling  save_microcode_in_initrd+0x0/0x51 @ 1
[    5.559196] initcall save_microcode_in_initrd+0x0/0x51 returned 0 after 0 usecs
[    5.567994] calling  hpet_late_init+0x0/0x207 @ 1
[    5.572985] hpet: 3 channels of 0 reserved for per-cpu timers
[    5.580045] hpet0: at MMIO 0xfed00000, IRQs 2, 8, 0
[    5.585985] hpet0: 3 comparators, 64-bit 100.000000 MHz counter
[    5.595989] initcall hpet_late_init+0x0/0x207 returned 0 after 23437 usecs
[    5.603988] calling  init_amd_nbs+0x0/0x11c @ 1
[    5.610046] initcall init_amd_nbs+0x0/0x11c returned 0 after 0 usecs
[    5.620005] calling  clocksource_done_booting+0x0/0x41 @ 1
[    5.629722] clocksource: Switched to clocksource kvm-clock
[    5.635967] initcall clocksource_done_booting+0x0/0x41 returned 0 after 9746 usecs
[    5.644653] calling  tracer_init_tracefs+0x0/0x242 @ 1
[    5.858157] initcall tracer_init_tracefs+0x0/0x242 returned 0 after 202059 usecs
[    5.868265] calling  init_trace_printk_function_export+0x0/0x2c @ 1
[    5.877643] initcall init_trace_printk_function_export+0x0/0x2c returned 0 after 121 usecs
[    5.887345] calling  init_kprobe_trace+0x0/0x1a9 @ 1
[    5.893247] initcall init_kprobe_trace+0x0/0x1a9 returned 0 after 85 usecs
[    5.901210] calling  init_dynamic_event+0x0/0x3d @ 1
[    5.907225] initcall init_dynamic_event+0x0/0x3d returned 0 after 50 usecs
[    5.915406] calling  init_uprobe_trace+0x0/0x5c @ 1
[    5.921313] initcall init_uprobe_trace+0x0/0x5c returned 0 after 59 usecs
[    5.929369] calling  init_pipe_fs+0x0/0x44 @ 1
[    5.935882] initcall init_pipe_fs+0x0/0x44 returned 0 after 1139 usecs
[    5.943487] calling  inotify_user_setup+0x0/0x47 @ 1
[    5.949609] initcall inotify_user_setup+0x0/0x47 returned 0 after 101 usecs
[    5.957730] calling  eventpoll_init+0x0/0xd4 @ 1
[    5.963678] initcall eventpoll_init+0x0/0xd4 returned 0 after 103 usecs
[    5.971577] calling  anon_inode_init+0x0/0x58 @ 1
[    5.977847] initcall anon_inode_init+0x0/0x58 returned 0 after 581 usecs
[    5.988124] calling  proc_locks_init+0x0/0x27 @ 1
[    5.996175] initcall proc_locks_init+0x0/0x27 returned 0 after 378 usecs
[    6.007005] calling  iomap_init+0x0/0x1b @ 1
[    6.015207] initcall iomap_init+0x0/0x1b returned 0 after 1641 usecs
[    6.023246] calling  dquot_init+0x0/0x106 @ 1
[    6.028589] VFS: Disk quotas dquot_6.6.0
[    6.033771] VFS: Dquot-cache hash table entries: 512 (order 0, 4096 bytes)
[    6.042633] initcall dquot_init+0x0/0x106 returned 0 after 13738 usecs
[    6.050888] calling  quota_init+0x0/0x23 @ 1
[    6.058533] initcall quota_init+0x0/0x23 returned 0 after 918 usecs
[    6.068194] calling  proc_cmdline_init+0x0/0x21 @ 1
[    6.075685] initcall proc_cmdline_init+0x0/0x21 returned 0 after 18 usecs
[    6.083612] calling  proc_consoles_init+0x0/0x24 @ 1
[    6.089448] initcall proc_consoles_init+0x0/0x24 returned 0 after 3 usecs
[    6.097110] calling  proc_cpuinfo_init+0x0/0x1e @ 1
[    6.102790] initcall proc_cpuinfo_init+0x0/0x1e returned 0 after 3 usecs
[    6.110637] calling  proc_devices_init+0x0/0x24 @ 1
[    6.116444] initcall proc_devices_init+0x0/0x24 returned 0 after 19 usecs
[    6.124303] calling  proc_interrupts_init+0x0/0x24 @ 1
[    6.130432] initcall proc_interrupts_init+0x0/0x24 returned 0 after 111 usecs
[    6.138637] calling  proc_loadavg_init+0x0/0x21 @ 1
[    6.144274] initcall proc_loadavg_init+0x0/0x21 returned 0 after 2 usecs
[    6.152104] calling  proc_meminfo_init+0x0/0x21 @ 1
[    6.157919] initcall proc_meminfo_init+0x0/0x21 returned 0 after 17 usecs
[    6.166109] calling  proc_stat_init+0x0/0x1e @ 1
[    6.171575] initcall proc_stat_init+0x0/0x1e returned 0 after 3 usecs
[    6.179686] calling  proc_uptime_init+0x0/0x21 @ 1
[    6.186450] initcall proc_uptime_init+0x0/0x21 returned 0 after 15 usecs
[    6.194208] calling  proc_version_init+0x0/0x21 @ 1
[    6.199905] initcall proc_version_init+0x0/0x21 returned 0 after 14 usecs
[    6.207793] calling  proc_softirqs_init+0x0/0x21 @ 1
[    6.213702] initcall proc_softirqs_init+0x0/0x21 returned 0 after 2 usecs
[    6.221568] calling  proc_kcore_init+0x0/0xea @ 1
[    6.227186] initcall proc_kcore_init+0x0/0xea returned 0 after 108 usecs
[    6.234893] calling  vmcore_init+0x0/0x578 @ 1
[    6.240219] initcall vmcore_init+0x0/0x578 returned 0 after 23 usecs
[    6.247634] calling  proc_kmsg_init+0x0/0x21 @ 1
[    6.253057] initcall proc_kmsg_init+0x0/0x21 returned 0 after 19 usecs
[    6.260674] calling  proc_page_init+0x0/0x3b @ 1
[    6.266475] initcall proc_page_init+0x0/0x3b returned 0 after 3 usecs
[    6.274090] calling  init_ramfs_fs+0x0/0xc @ 1
[    6.279669] initcall init_ramfs_fs+0x0/0xc returned 0 after 87 usecs
[    6.287355] calling  init_hugetlbfs_fs+0x0/0xf6 @ 1
[    6.293499] initcall init_hugetlbfs_fs+0x0/0xf6 returned 0 after 232 usecs
[    6.301903] calling  blk_scsi_ioctl_init+0x0/0x2a5 @ 1
[    6.308261] initcall blk_scsi_ioctl_init+0x0/0x2a5 returned 0 after 22 usecs
[    6.316863] calling  acpi_event_init+0x0/0x2c @ 1
[    6.322925] initcall acpi_event_init+0x0/0x2c returned 0 after 113 usecs
[    6.330991] calling  pnp_system_init+0x0/0xc @ 1
[    6.337277] initcall pnp_system_init+0x0/0xc returned 0 after 723 usecs
[    6.345619] calling  pnpacpi_init+0x0/0x69 @ 1
[    6.351724] pnp: PnP ACPI init
[    6.360935] pnp 00:00: Plug and Play ACPI device, IDs PNP0303 (active)
[    6.369793] pnp 00:01: Plug and Play ACPI device, IDs PNP0f13 (active)
[    6.379585] pnp 00:02: Plug and Play ACPI device, IDs PNP0400 (active)
[    6.389499] pnp 00:03: Plug and Play ACPI device, IDs PNP0501 (active)
[    6.399291] pnp 00:04: Plug and Play ACPI device, IDs PNP0b00 (active)
[    6.408389] system 00:05: [mem 0xb0000000-0xbfffffff window] has been reserved
[    6.418159] system 00:05: Plug and Play ACPI device, IDs PNP0c01 (active)
[    6.428266] pnp: PnP ACPI: found 6 devices
[    6.433243] initcall pnpacpi_init+0x0/0x69 returned 0 after 79621 usecs
[    6.441099] calling  chr_dev_init+0x0/0x14d @ 1
[    6.484279] initcall chr_dev_init+0x0/0x14d returned 0 after 36724 usecs
[    6.492458] calling  firmware_class_init+0x0/0xe7 @ 1
[    6.498718] initcall firmware_class_init+0x0/0xe7 returned 0 after 142 usecs
[    6.508465] calling  init_pcmcia_bus+0x0/0x5b @ 1
[    6.515912] initcall init_pcmcia_bus+0x0/0x5b returned 0 after 172 usecs
[    6.525602] calling  init_acpi_pm_clocksource+0x0/0xda @ 1
[    6.539419] clocksource: acpi_pm: mask: 0xffffff max_cycles: 0xffffff, max_idle_ns: 2085701024 ns
[    6.550477] initcall init_acpi_pm_clocksource+0x0/0xda returned 0 after 16611 usecs
[    6.560179] calling  sysctl_core_init+0x0/0x26 @ 1
[    6.567261] initcall sysctl_core_init+0x0/0x26 returned 0 after 313 usecs
[    6.576878] calling  eth_offload_init+0x0/0x13 @ 1
[    6.583806] initcall eth_offload_init+0x0/0x13 returned 0 after 31 usecs
[    6.593188] calling  ipv4_offload_init+0x0/0x73 @ 1
[    6.600074] initcall ipv4_offload_init+0x0/0x73 returned 0 after 233 usecs
[    6.609380] calling  inet_init+0x0/0x276 @ 1
[    6.615612] NET: Registered protocol family 2
[    6.628357] IP idents hash table entries: 8192 (order: 4, 65536 bytes, linear)
[    6.648390] tcp_listen_portaddr_hash hash table entries: 256 (order: 0, 4096 bytes, linear)
[    6.659424] TCP established hash table entries: 4096 (order: 3, 32768 bytes, linear)
[    6.671284] TCP bind hash table entries: 4096 (order: 4, 65536 bytes, linear)
[    6.682994] TCP: Hash tables configured (established 4096 bind 4096)
[    6.693886] UDP hash table entries: 256 (order: 1, 8192 bytes, linear)
[    6.702494] UDP-Lite hash table entries: 256 (order: 1, 8192 bytes, linear)
[    6.711289] initcall inet_init+0x0/0x276 returned 0 after 93878 usecs
[    6.719204] calling  af_unix_init+0x0/0x4d @ 1
[    6.724724] NET: Registered protocol family 1
[    6.730261] initcall af_unix_init+0x0/0x4d returned 0 after 5426 usecs
[    6.738179] calling  ipv6_offload_init+0x0/0x7e @ 1
[    6.744208] initcall ipv6_offload_init+0x0/0x7e returned 0 after 75 usecs
[    6.752473] calling  init_sunrpc+0x0/0x65 @ 1
[    6.761626] RPC: Registered named UNIX socket transport module.
[    6.769993] RPC: Registered udp transport module.
[    6.776066] RPC: Registered tcp transport module.
[    6.781867] RPC: Registered tcp NFSv4.1 backchannel transport module.
[    6.789599] initcall init_sunrpc+0x0/0x65 returned 0 after 30926 usecs
[    6.798851] calling  cfg80211_init+0x0/0xc5 @ 1
[    6.806214] initcall cfg80211_init+0x0/0xc5 returned 0 after 1558 usecs
[    6.814636] calling  pcibios_assign_resources+0x0/0xbf @ 1
[    6.821917] pci_bus 0000:00: resource 4 [io  0x0000-0x0cf7 window]
[    6.831149] pci_bus 0000:00: resource 5 [io  0x0d00-0xffff window]
[    6.840566] pci_bus 0000:00: resource 6 [mem 0x000a0000-0x000bffff window]
[    6.850967] pci_bus 0000:00: resource 7 [mem 0x20000000-0xafffffff window]
[    6.861483] pci_bus 0000:00: resource 8 [mem 0xc0000000-0xfebfffff window]
[    6.870304] pci_bus 0000:00: resource 9 [mem 0x100000000-0x8ffffffff window]
[    6.880993] initcall pcibios_assign_resources+0x0/0xbf returned 0 after 57863 usecs
[    6.892821] calling  pci_apply_final_quirks+0x0/0x124 @ 1
[    6.902237] pci 0000:00:01.0: calling  pci_fixup_video+0x0/0xe0 @ 1
[    6.912536] pci 0000:00:01.0: Video device with shadowed ROM at [mem 0x000c0000-0x000dffff]
[    6.926318] pci 0000:00:01.0: pci_fixup_video+0x0/0xe0 took 14021 usecs
[    6.936535] PCI: CLS 0 bytes, default 64
[    6.941941] initcall pci_apply_final_quirks+0x0/0x124 returned 0 after 39339 usecs
[    6.952001] calling  acpi_reserve_resources+0x0/0xea @ 1
[    6.959120] initcall acpi_reserve_resources+0x0/0xea returned 0 after 112 usecs
[    6.968985] calling  populate_rootfs+0x0/0x102 @ 1
[    6.978560] initcall populate_rootfs+0x0/0x102 returned 0 after 2018 usecs
[    6.989544] calling  pci_iommu_init+0x0/0x3e @ 1
[    6.996984] initcall pci_iommu_init+0x0/0x3e returned 0 after 152 usecs
[    7.007897] calling  ia32_binfmt_init+0x0/0x13 @ 1
[    7.013989] initcall ia32_binfmt_init+0x0/0x13 returned 0 after 5 usecs
[    7.022282] calling  rapl_pmu_init+0x0/0x267 @ 1
[    7.028304] initcall rapl_pmu_init+0x0/0x267 returned -19 after 66 usecs
[    7.036953] calling  amd_uncore_init+0x0/0x310 @ 1
[    7.043076] initcall amd_uncore_init+0x0/0x310 returned -19 after 0 usecs
[    7.051641] calling  amd_ibs_init+0x0/0x27b @ 1
[    7.057369] initcall amd_ibs_init+0x0/0x27b returned -19 after 0 usecs
[    7.066473] calling  amd_iommu_pc_init+0x0/0x215 @ 1
[    7.073070] initcall amd_iommu_pc_init+0x0/0x215 returned -19 after 28 usecs
[    7.081715] calling  msr_init+0x0/0x55 @ 1
[    7.086948] initcall msr_init+0x0/0x55 returned 0 after 166 usecs
[    7.094370] calling  intel_uncore_init+0x0/0x36f @ 1
[    7.100516] initcall intel_uncore_init+0x0/0x36f returned -19 after 31 usecs
[    7.109127] calling  cstate_pmu_init+0x0/0x1a1 @ 1
[    7.115099] initcall cstate_pmu_init+0x0/0x1a1 returned -19 after 0 usecs
[    7.123284] calling  register_kernel_offset_dumper+0x0/0x1a @ 1
[    7.130628] initcall register_kernel_offset_dumper+0x0/0x1a returned 0 after 14 usecs
[    7.140510] calling  i8259A_init_ops+0x0/0x20 @ 1
[    7.146380] initcall i8259A_init_ops+0x0/0x20 returned 0 after 10 usecs
[    7.156144] calling  init_tsc_clocksource+0x0/0xa4 @ 1
[    7.164580] clocksource: tsc: mask: 0xffffffffffffffff max_cycles: 0x39a85afc727, max_idle_ns: 881590685098 ns
[    7.179990] initcall init_tsc_clocksource+0x0/0xa4 returned 0 after 15046 usecs
[    7.191597] calling  add_rtc_cmos+0x0/0xb0 @ 1
[    7.198787] initcall add_rtc_cmos+0x0/0xb0 returned 0 after 42 usecs
[    7.208963] calling  i8237A_init_ops+0x0/0x3a @ 1
[    7.216801] initcall i8237A_init_ops+0x0/0x3a returned 0 after 81 usecs
[    7.227322] calling  umwait_init+0x0/0x94 @ 1
[    7.234293] initcall umwait_init+0x0/0x94 returned -19 after 25 usecs
[    7.244471] calling  thermal_throttle_init_device+0x0/0x3d @ 1
[    7.252925] initcall thermal_throttle_init_device+0x0/0x3d returned 0 after 48 usecs
[    7.262886] calling  msr_init+0x0/0xd7 @ 1
[    7.293870] initcall msr_init+0x0/0xd7 returned 0 after 25137 usecs
[    7.303948] calling  cpuid_init+0x0/0xd7 @ 1
[    7.325638] initcall cpuid_init+0x0/0xd7 returned 0 after 14307 usecs
[    7.333690] calling  ioapic_init_ops+0x0/0x13 @ 1
[    7.339576] initcall ioapic_init_ops+0x0/0x13 returned 0 after 31 usecs
[    7.347619] calling  add_pcspkr+0x0/0x6c @ 1
[    7.353218] initcall add_pcspkr+0x0/0x6c returned 0 after 255 usecs
[    7.361523] calling  start_periodic_check_for_corruption+0x0/0x30 @ 1
[    7.369600] check: Scanning for low memory corruption every 60 seconds
[    7.377764] initcall start_periodic_check_for_corruption+0x0/0x30 returned 0 after 8077 usecs
[    7.389924] calling  sysfb_init+0x0/0x9c @ 1
[    7.396932] initcall sysfb_init+0x0/0x9c returned 0 after 130 usecs
[    7.404780] calling  audit_classes_init+0x0/0xae @ 1
[    7.410960] initcall audit_classes_init+0x0/0xae returned 0 after 56 usecs
[    7.419467] calling  iosf_mbi_init+0x0/0x24 @ 1
[    7.425716] initcall iosf_mbi_init+0x0/0x24 returned 0 after 207 usecs
[    7.433901] calling  proc_execdomains_init+0x0/0x21 @ 1
[    7.440378] initcall proc_execdomains_init+0x0/0x21 returned 0 after 5 usecs
[    7.449054] calling  register_warn_debugfs+0x0/0x23 @ 1
[    7.455650] initcall register_warn_debugfs+0x0/0x23 returned 0 after 41 usecs
[    7.464387] calling  cpuhp_sysfs_init+0x0/0x79 @ 1
[    7.470512] initcall cpuhp_sysfs_init+0x0/0x79 returned 0 after 115 usecs
[    7.478825] calling  ioresources_init+0x0/0x49 @ 1
[    7.484849] initcall ioresources_init+0x0/0x49 returned 0 after 6 usecs
[    7.493176] calling  snapshot_device_init+0x0/0xc @ 1
[    7.500317] initcall snapshot_device_init+0x0/0xc returned 0 after 598 usecs
[    7.509092] calling  irq_pm_init_ops+0x0/0x13 @ 1
[    7.514967] initcall irq_pm_init_ops+0x0/0x13 returned 0 after 18 usecs
[    7.523287] calling  rcu_torture_init+0x0/0x9a6 @ 1
[    7.529612] rcu-torture:--- Start of test: nreaders=15 nfakewriters=4 stat_interval=15 verbose=1 test_no_idle_hz=1 shuffle_interval=3 stutter=5 irqreader=1 fqs_duration=0 fqs_holdoff=0 fqs_stutter=3 test_boost=1/0 test_boost_interval=7 test_boost_duration=4 shutdown_secs=1800 stall_cpu=0 stall_cpu_holdoff=10 stall_cpu_irqsoff=0 stall_cpu_block=0 n_barrier_cbs=4 onoff_interval=200 onoff_holdoff=30 read_exit_delay=13 read_exit_burst=16
[    7.575856] rcu:  Start-test grace-period state: g-956 f0x0
[    7.583317] rcu-torture: Creating rcu_torture_writer task
[    7.591277] rcu-torture: Creating rcu_torture_fakewriter task
[    7.591358] rcu-torture: rcu_torture_writer task started
[    7.599487] rcu-torture: Creating rcu_torture_fakewriter task
[    7.599538] rcu-torture: rcu_torture_fakewriter task started
[    7.605767] rcu-torture: GP expediting controlled from boot/sysfs for rcu.
[    7.615194] rcu-torture: Creating rcu_torture_fakewriter task
[    7.615240] rcu-torture: rcu_torture_fakewriter task started
[    7.622000] rcu_torture_writer: Testing conditional GPs.
[    7.632635] rcu-torture: Creating rcu_torture_fakewriter task
[    7.632671] rcu-torture: rcu_torture_fakewriter task started
[    7.639690] rcu_torture_writer: Testing expedited GPs.
[    7.648339] rcu-torture: Creating rcu_torture_reader task
[    7.648368] rcu-torture: rcu_torture_fakewriter task started
[    7.654309] rcu_torture_writer: Testing asynchronous GPs.
[    7.663361] rcu-torture: rcu_torture_reader task started
[    7.663363] rcu-torture: Creating rcu_torture_reader task
[    7.664934] rcu-torture: Creating rcu_torture_reader task
[    7.665505] rcu-torture: rcu_torture_reader task started
[    7.667255] rcu-torture: Creating rcu_torture_reader task
[    7.667273] rcu-torture: rcu_torture_reader task started
[    7.668707] rcu-torture: Creating rcu_torture_reader task
[    7.668771] rcu-torture: rcu_torture_reader task started
[    7.669715] rcu-torture: Creating rcu_torture_reader task
[    7.669733] rcu-torture: rcu_torture_reader task started
[    7.669939] rcu_torture_writer: Testing normal GPs.
[    7.670859] rcu-torture: Creating rcu_torture_reader task
[    7.670911] rcu-torture: rcu_torture_reader task started
[    7.671810] rcu-torture: Creating rcu_torture_reader task
[    7.671930] rcu-torture: rcu_torture_reader task started
[    7.672722] rcu-torture: Creating rcu_torture_reader task
[    7.672745] rcu-torture: rcu_torture_reader task started
[    7.673633] rcu-torture: Creating rcu_torture_reader task
[    7.673654] rcu-torture: rcu_torture_reader task started
[    7.674743] rcu-torture: Creating rcu_torture_reader task
[    7.674799] rcu-torture: rcu_torture_reader task started
[    7.676192] rcu-torture: Creating rcu_torture_reader task
[    7.676234] rcu-torture: rcu_torture_reader task started
[    7.677724] rcu-torture: Creating rcu_torture_reader task
[    7.677795] rcu-torture: rcu_torture_reader task started
[    7.868848] rcu-torture: Creating rcu_torture_reader task
[    7.868882] rcu-torture: rcu_torture_reader task started
[    7.876617] rcu-torture: Creating rcu_torture_reader task
[    7.876652] rcu-torture: rcu_torture_reader task started
[    7.900189] rcu-torture: Creating rcu_torture_stats task
[    7.900243] rcu-torture: rcu_torture_reader task started
[    7.908784] rcu-torture: Creating torture_shuffle task
[    7.908832] rcu-torture: rcu_torture_stats task started
[    7.930757] rcu-torture: Creating torture_stutter task
[    7.930793] rcu-torture: torture_shuffle task started
[    7.938990] rcu-torture: Creating torture_shutdown task
[    7.939054] rcu-torture: torture_stutter task started
[    7.962981] rcu-torture: Creating torture_onoff task
[    7.962995] rcu-torture: torture_shutdown task started
[    7.971912] rcu-torture: torture_onoff task started
[    7.971936] rcu-torture: Creating rcu_torture_fwd_prog task
[    7.973146] rcu-torture: Creating rcu_torture_barrier_cbs task
[    7.973312] rcu-torture: rcu_torture_fwd_progress task started
[    7.974442] rcu-torture: Creating rcu_torture_barrier_cbs task
[    7.974454] rcu-torture: rcu_torture_barrier_cbs task started
[    7.976201] rcu-torture: Creating rcu_torture_barrier_cbs task
[    7.976349] rcu-torture: rcu_torture_barrier_cbs task started
[    7.977613] rcu-torture: Creating rcu_torture_barrier_cbs task
[    7.977630] rcu-torture: rcu_torture_barrier_cbs task started
[    7.978891] rcu-torture: Creating rcu_torture_barrier task
[    7.979116] rcu-torture:torture_shutdown task: 1799959 ms remaining
[    7.979278] rcu-torture: rcu_torture_barrier_cbs task started
[    7.980271] rcu-torture: Creating rcu_torture_read_exit task
[    7.980274] rcu-torture: rcu_torture_barrier task starting
[    7.981312] initcall rcu_torture_init+0x0/0x9a6 returned 0 after 441290 usecs
[    7.981318] calling  timekeeping_init_ops+0x0/0x13 @ 1
[    7.981356] rcu-torture: rcu_torture_read_exit: Start of test
[    7.981381] initcall timekeeping_init_ops+0x0/0x13 returned 0 after 58 usecs
[    7.981383] calling  init_clocksource_sysfs+0x0/0x23 @ 1
[    7.981505] initcall init_clocksource_sysfs+0x0/0x23 returned 0 after 115 usecs
[    7.981508] calling  init_timer_list_procfs+0x0/0x31 @ 1
[    7.981561] initcall init_timer_list_procfs+0x0/0x31 returned 0 after 49 usecs
[    7.981564] calling  alarmtimer_init+0x0/0xc7 @ 1
[    7.981662] initcall alarmtimer_init+0x0/0xc7 returned 0 after 92 usecs
[    7.981664] calling  init_posix_timers+0x0/0x29 @ 1
[    7.981672] initcall init_posix_timers+0x0/0x29 returned 0 after 5 usecs
[    7.981674] calling  clockevents_init_sysfs+0x0/0xbf @ 1
[    7.981847] initcall clockevents_init_sysfs+0x0/0xbf returned 0 after 166 usecs
[    7.981849] calling  proc_dma_init+0x0/0x21 @ 1
[    7.981884] initcall proc_dma_init+0x0/0x21 returned 0 after 32 usecs
[    7.981886] calling  proc_modules_init+0x0/0x1e @ 1
[    7.981890] initcall proc_modules_init+0x0/0x1e returned 0 after 1 usecs
[    7.981892] calling  kallsyms_init+0x0/0x21 @ 1
[    7.981896] initcall kallsyms_init+0x0/0x21 returned 0 after 1 usecs
[    7.981899] calling  pid_namespaces_init+0x0/0x2c @ 1
[    7.982171] initcall pid_namespaces_init+0x0/0x2c returned 0 after 261 usecs
[    7.982173] calling  audit_watch_init+0x0/0x37 @ 1
[    7.982177] initcall audit_watch_init+0x0/0x37 returned 0 after 0 usecs
[    7.982179] calling  audit_fsnotify_init+0x0/0x37 @ 1
[    7.982203] initcall audit_fsnotify_init+0x0/0x37 returned 0 after 0 usecs
[    7.982206] calling  audit_tree_init+0x0/0x6d @ 1
[    7.982210] initcall audit_tree_init+0x0/0x6d returned 0 after 2 usecs
[    7.982213] calling  seccomp_sysctl_init+0x0/0x2b @ 1
[    7.982225] initcall seccomp_sysctl_init+0x0/0x2b returned 0 after 8 usecs
[    7.982228] calling  utsname_sysctl_init+0x0/0x13 @ 1
[    7.982236] initcall utsname_sysctl_init+0x0/0x13 returned 0 after 5 usecs
[    7.982238] calling  init_tracepoints+0x0/0x27 @ 1
[    7.982241] initcall init_tracepoints+0x0/0x27 returned 0 after 1 usecs
[    7.982243] calling  init_blk_tracer+0x0/0x50 @ 1
[    7.982730] initcall init_blk_tracer+0x0/0x50 returned 0 after 471 usecs
[    7.982732] calling  perf_event_sysfs_init+0x0/0x81 @ 1
[    7.982937] initcall perf_event_sysfs_init+0x0/0x81 returned 0 after 179 usecs
[    7.982940] calling  system_trusted_keyring_init+0x0/0x60 @ 1
[    7.982963] Initialise system trusted keyrings
[    7.983189] initcall system_trusted_keyring_init+0x0/0x60 returned 0 after 239 usecs
[    7.983191] calling  kswapd_init+0x0/0x5c @ 1
[    7.984356] initcall kswapd_init+0x0/0x5c returned 0 after 1132 usecs
[    7.984359] calling  extfrag_debug_init+0x0/0x54 @ 1
[    7.984496] initcall extfrag_debug_init+0x0/0x54 returned 0 after 130 usecs
[    7.984498] calling  mm_compute_batch_init+0x0/0x12 @ 1
[    7.984502] initcall mm_compute_batch_init+0x0/0x12 returned 0 after 0 usecs
[    7.984505] calling  slab_proc_init+0x0/0x21 @ 1
[    7.984554] initcall slab_proc_init+0x0/0x21 returned 0 after 45 usecs
[    7.984557] calling  workingset_init+0x0/0x8c @ 1
[    7.984575] workingset: timestamp_bits=56 max_order=17 bucket_order=0
[    7.984580] initcall workingset_init+0x0/0x8c returned 0 after 18 usecs
[    7.984581] calling  proc_vmalloc_init+0x0/0x32 @ 1
[    7.984585] initcall proc_vmalloc_init+0x0/0x32 returned 0 after 1 usecs
[    7.984588] calling  procswaps_init+0x0/0x1e @ 1
[    7.984611] initcall procswaps_init+0x0/0x1e returned 0 after 19 usecs
[    7.984613] calling  slab_sysfs_init+0x0/0xea @ 1
[    7.985983] rcu-torture: torture_onoff begin holdoff
[    7.988327] initcall slab_sysfs_init+0x0/0xea returned 0 after 3620 usecs
[    8.590504] calling  fcntl_init+0x0/0x29 @ 1
[    8.596898] initcall fcntl_init+0x0/0x29 returned 0 after 21 usecs
[    8.607169] calling  proc_filesystems_init+0x0/0x21 @ 1
[    8.616380] initcall proc_filesystems_init+0x0/0x21 returned 0 after 334 usecs
[    8.628845] calling  start_dirtytime_writeback+0x0/0x29 @ 1
[    8.638652] initcall start_dirtytime_writeback+0x0/0x29 returned 0 after 2 usecs
[    8.650564] calling  blkdev_init+0x0/0x1b @ 1
[    8.658909] initcall blkdev_init+0x0/0x1b returned 0 after 1207 usecs
[    8.671578] calling  dio_init+0x0/0x2c @ 1
[    8.678639] initcall dio_init+0x0/0x2c returned 0 after 779 usecs
[    8.687414] calling  dnotify_init+0x0/0x78 @ 1
[    8.693886] initcall dnotify_init+0x0/0x78 returned 0 after 14 usecs
[    8.703401] calling  aio_setup+0x0/0x78 @ 1
[    8.710400] initcall aio_setup+0x0/0x78 returned 0 after 666 usecs
[    8.719591] calling  io_uring_init+0x0/0x2c @ 1
[    8.726566] initcall io_uring_init+0x0/0x2c returned 0 after 358 usecs
[    8.735582] calling  mbcache_init+0x0/0x30 @ 1
[    8.742443] initcall mbcache_init+0x0/0x30 returned 0 after 646 usecs
[    8.751251] calling  init_grace+0x0/0xc @ 1
[    8.757444] initcall init_grace+0x0/0xc returned 0 after 425 usecs
[    8.766708] calling  init_v2_quota_format+0x0/0x21 @ 1
[    8.775572] initcall init_v2_quota_format+0x0/0x21 returned 0 after 233 usecs
[    8.787324] calling  init_devpts_fs+0x0/0x27 @ 1
[    8.795464] initcall init_devpts_fs+0x0/0x27 returned 0 after 457 usecs
[    8.804563] calling  ext4_init_fs+0x0/0x1d0 @ 1
[    8.811585] initcall ext4_init_fs+0x0/0x1d0 returned 0 after 761 usecs
[    8.820562] calling  journal_init+0x0/0x11c @ 1
[    8.826779] initcall journal_init+0x0/0x11c returned 0 after 56 usecs
[    8.835949] calling  init_fat_fs+0x0/0x49 @ 1
[    8.842044] initcall init_fat_fs+0x0/0x49 returned 0 after 42 usecs
[    8.852455] calling  init_vfat_fs+0x0/0xc @ 1
[    8.862354] initcall init_vfat_fs+0x0/0xc returned 0 after 597 usecs
[    8.872213] calling  init_msdos_fs+0x0/0xc @ 1
[    8.879759] initcall init_msdos_fs+0x0/0xc returned 0 after 695 usecs
[    8.891434] calling  init_iso9660_fs+0x0/0x6c @ 1
[    8.899563] initcall init_iso9660_fs+0x0/0x6c returned 0 after 124 usecs
[    8.910860] calling  init_nfs_fs+0x0/0x13a @ 1
[    8.921238] initcall init_nfs_fs+0x0/0x13a returned 0 after 2565 usecs
[    8.932114] calling  init_nfs_v2+0x0/0x13 @ 1
[    8.939627] initcall init_nfs_v2+0x0/0x13 returned 0 after 149 usecs
[    8.950711] calling  init_nfs_v3+0x0/0x13 @ 1
[    8.959834] initcall init_nfs_v3+0x0/0x13 returned 0 after 188 usecs
[    8.970590] calling  init_nfs_v4+0x0/0x32 @ 1
[    8.979681] NFS: Registering the id_resolver key type
[    8.989035] Key type id_resolver registered
[    8.995695] Key type id_legacy registered
[    9.002868] initcall init_nfs_v4+0x0/0x32 returned 0 after 23032 usecs
[    9.014505] calling  init_nlm+0x0/0x5b @ 1
[    9.022720] initcall init_nlm+0x0/0x5b returned 0 after 157 usecs
[    9.034013] calling  init_nls_cp437+0x0/0xe @ 1
[    9.042952] initcall init_nls_cp437+0x0/0xe returned 0 after 98 usecs
[    9.053518] calling  init_nls_ascii+0x0/0xe @ 1
[    9.061224] initcall init_nls_ascii+0x0/0xe returned 0 after 1 usecs
[    9.071211] calling  init_nls_iso8859_1+0x0/0xe @ 1
[    9.079138] initcall init_nls_iso8859_1+0x0/0xe returned 0 after 1 usecs
[    9.090824] calling  init_nls_utf8+0x0/0x21 @ 1
[    9.098752] initcall init_nls_utf8+0x0/0x21 returned 0 after 7 usecs
[    9.108390] calling  init_autofs_fs+0x0/0x25 @ 1
[    9.120647] initcall init_autofs_fs+0x0/0x25 returned 0 after 5119 usecs
[    9.132540] calling  ipc_init+0x0/0x24 @ 1
[    9.140651] initcall ipc_init+0x0/0x24 returned 0 after 239 usecs
[    9.151469] calling  ipc_sysctl_init+0x0/0x13 @ 1
[    9.158822] initcall ipc_sysctl_init+0x0/0x13 returned 0 after 418 usecs
[    9.168112] calling  init_mqueue_fs+0x0/0x9a @ 1
[    9.178655] initcall init_mqueue_fs+0x0/0x9a returned 0 after 3639 usecs
[    9.189200] calling  key_proc_init+0x0/0x63 @ 1
[    9.196573] initcall key_proc_init+0x0/0x63 returned 0 after 8 usecs
[    9.206817] calling  selinux_nf_ip_init+0x0/0x2e @ 1
[    9.214287] initcall selinux_nf_ip_init+0x0/0x2e returned 0 after 23 usecs
[    9.224242] calling  init_sel_fs+0x0/0x116 @ 1
[    9.230954] initcall init_sel_fs+0x0/0x116 returned 0 after 194 usecs
[    9.240726] calling  selnl_init+0x0/0x7c @ 1
[    9.248334] initcall selnl_init+0x0/0x7c returned 0 after 1323 usecs
[    9.257809] calling  sel_netif_init+0x0/0x36 @ 1
[    9.264235] initcall sel_netif_init+0x0/0x36 returned 0 after 1 usecs
[    9.273380] calling  sel_netnode_init+0x0/0x33 @ 1
[    9.279915] initcall sel_netnode_init+0x0/0x33 returned 0 after 1 usecs
[    9.289410] calling  sel_netport_init+0x0/0x33 @ 1
[    9.297632] initcall sel_netport_init+0x0/0x33 returned 0 after 1 usecs
[    9.308630] calling  aurule_init+0x0/0x2a @ 1
[    9.315894] initcall aurule_init+0x0/0x2a returned 0 after 2 usecs
[    9.325033] calling  crypto_algapi_init+0x0/0xc @ 1
[    9.331676] initcall crypto_algapi_init+0x0/0xc returned 0 after 6 usecs
[    9.342162] calling  jent_mod_init+0x0/0x2d @ 1
[    9.361884] initcall jent_mod_init+0x0/0x2d returned 0 after 13278 usecs
[    9.372684] calling  asymmetric_key_init+0x0/0xc @ 1
[    9.380788] Key type asymmetric registered
[    9.386891] initcall asymmetric_key_init+0x0/0xc returned 0 after 6424 usecs
[    9.397555] calling  x509_key_init+0x0/0xc @ 1
[    9.404233] Asymmetric key parser 'x509' registered
[    9.411653] initcall x509_key_init+0x0/0xc returned 0 after 7305 usecs
[    9.420870] calling  proc_genhd_init+0x0/0x41 @ 1
[    9.427650] initcall proc_genhd_init+0x0/0x41 returned 0 after 23 usecs
[    9.437353] calling  bsg_init+0x0/0x113 @ 1
[    9.468804] Block layer SCSI generic (bsg) driver version 0.4 loaded (major 251)
[    9.482346] initcall bsg_init+0x0/0x113 returned 0 after 20324 usecs
[    9.493548] calling  deadline_init+0x0/0xc @ 1
[    9.501657] io scheduler mq-deadline registered
[    9.509703] initcall deadline_init+0x0/0xc returned 0 after 8911 usecs
[    9.521934] calling  kyber_init+0x0/0xc @ 1
[    9.529765] io scheduler kyber registered
[    9.536312] initcall kyber_init+0x0/0xc returned 0 after 6426 usecs
[    9.546317] calling  mod_init+0x0/0x7 @ 1
[    9.556176] initcall mod_init+0x0/0x7 returned 0 after 0 usecs
[    9.565664] calling  percpu_counter_startup+0x0/0x55 @ 1
[    9.582436] initcall percpu_counter_startup+0x0/0x55 returned 0 after 8123 usecs
[    9.594695] calling  sg_pool_init+0x0/0xb4 @ 1
[    9.606005] initcall sg_pool_init+0x0/0xb4 returned 0 after 4925 usecs
[    9.615000] calling  pcie_portdrv_init+0x0/0x39 @ 1
[    9.624859] initcall pcie_portdrv_init+0x0/0x39 returned 0 after 3100 usecs
[    9.634785] calling  pci_proc_init+0x0/0x68 @ 1
[    9.641771] initcall pci_proc_init+0x0/0x68 returned 0 after 209 usecs
[    9.650955] calling  pci_hotplug_init+0x0/0x7 @ 1
[    9.657871] initcall pci_hotplug_init+0x0/0x7 returned 0 after 0 usecs
[    9.668300] calling  efifb_driver_init+0x0/0xe @ 1
[    9.675606] initcall efifb_driver_init+0x0/0xe returned 0 after 487 usecs
[    9.686859] calling  ged_driver_init+0x0/0xe @ 1
[    9.695267] initcall ged_driver_init+0x0/0xe returned 0 after 322 usecs
[    9.707181] calling  acpi_ac_init+0x0/0x92 @ 1
[    9.716688] initcall acpi_ac_init+0x0/0x92 returned 0 after 1420 usecs
[    9.728590] calling  acpi_button_driver_init+0x0/0x52 @ 1
[    9.741839] input: Power Button as /devices/LNXSYSTM:00/LNXPWRBN:00/input/input0
[    9.758448] ACPI: Power Button [PWRF]
[    9.765964] initcall acpi_button_driver_init+0x0/0x52 returned 0 after 26599 usecs
[    9.777956] calling  acpi_fan_driver_init+0x0/0xe @ 1
[    9.787082] initcall acpi_fan_driver_init+0x0/0xe returned 0 after 83 usecs
[    9.798805] calling  acpi_video_init+0x0/0xcb @ 1
[    9.806813] initcall acpi_video_init+0x0/0xcb returned 0 after 239 usecs
[    9.817569] calling  acpi_processor_driver_init+0x0/0xad @ 1
[    9.832695] initcall acpi_processor_driver_init+0x0/0xad returned 0 after 5478 usecs
[    9.845203] calling  acpi_thermal_init+0x0/0x71 @ 1
[    9.864365] initcall acpi_thermal_init+0x0/0x71 returned 0 after 9973 usecs
[    9.874827] calling  acpi_battery_init+0x0/0x32 @ 1
[    9.882225] initcall acpi_battery_init+0x0/0x32 returned 0 after 344 usecs
[    9.891229] calling  bgrt_init+0x0/0xb6 @ 1
[    9.896926] initcall bgrt_init+0x0/0xb6 returned -19 after 44 usecs
[    9.905385] calling  gpio_clk_driver_init+0x0/0xe @ 1
[    9.913372] initcall gpio_clk_driver_init+0x0/0xe returned 0 after 744 usecs
[    9.922767] calling  plt_clk_driver_init+0x0/0xe @ 1
[    9.929700] initcall plt_clk_driver_init+0x0/0xe returned 0 after 28 usecs
[    9.939556] calling  virtio_pci_driver_init+0x0/0x15 @ 1
[    9.947588] initcall virtio_pci_driver_init+0x0/0x15 returned 0 after 157 usecs
[    9.958205] calling  n_null_init+0x0/0x1e @ 1
[    9.964718] initcall n_null_init+0x0/0x1e returned 0 after 116 usecs
[    9.975149] calling  pty_init+0x0/0x1e8 @ 1
[    9.988576] initcall pty_init+0x0/0x1e8 returned 0 after 6855 usecs
[    9.998333] calling  sysrq_init+0x0/0x62 @ 1
[   10.004924] initcall sysrq_init+0x0/0x62 returned 0 after 482 usecs
[   10.013805] calling  serial8250_init+0x0/0x17e @ 1
[   10.021195] Serial: 8250/16550 driver, 4 ports, IRQ sharing enabled
[   10.033461] 00:03: ttyS0 at I/O 0x3f8 (irq = 4, base_baud = 115200) is a 16550A
[   10.063209] initcall serial8250_init+0x0/0x17e returned 0 after 41355 usecs
[   10.074624] calling  serial_pci_driver_init+0x0/0x15 @ 1
[   10.083512] initcall serial_pci_driver_init+0x0/0x15 returned 0 after 622 usecs
[   10.095894] calling  exar_pci_driver_init+0x0/0x15 @ 1
[   10.105606] initcall exar_pci_driver_init+0x0/0x15 returned 0 after 54 usecs
[   10.118673] calling  lpss8250_pci_driver_init+0x0/0x15 @ 1
[   10.128382] initcall lpss8250_pci_driver_init+0x0/0x15 returned 0 after 34 usecs
[   10.139549] calling  mid8250_pci_driver_init+0x0/0x15 @ 1
[   10.147918] initcall mid8250_pci_driver_init+0x0/0x15 returned 0 after 22 usecs
[   10.159501] calling  virtio_console_init+0x0/0xff @ 1
[   10.168792] initcall virtio_console_init+0x0/0xff returned 0 after 1040 usecs
[   10.180152] calling  hpet_init+0x0/0x64 @ 1
[   10.192206] initcall hpet_init+0x0/0x64 returned 0 after 4669 usecs
[   10.201854] calling  nvram_module_init+0x0/0x83 @ 1
[   10.211253] Non-volatile memory driver v1.3
[   10.218771] initcall nvram_module_init+0x0/0x83 returned 0 after 9263 usecs
[   10.229410] calling  hwrng_modinit+0x0/0x8a @ 1
[   10.237546] initcall hwrng_modinit+0x0/0x8a returned 0 after 1091 usecs
[   10.248262] calling  mod_init+0x0/0x48 @ 1
[   10.255339] initcall mod_init+0x0/0x48 returned -19 after 335 usecs
[   10.265299] calling  agp_init+0x0/0x23 @ 1
[   10.271622] Linux agpgart interface v0.103
[   10.277608] initcall agp_init+0x0/0x23 returned 0 after 6041 usecs
[   10.287217] calling  agp_amd64_mod_init+0x0/0x5 @ 1
[   10.294991] initcall agp_amd64_mod_init+0x0/0x5 returned -19 after 288 usecs
[   10.307030] calling  agp_intel_init+0x0/0x28 @ 1
[   10.314527] initcall agp_intel_init+0x0/0x28 returned 0 after 873 usecs
[   10.325662] calling  drm_kms_helper_init+0x0/0x7 @ 1
[   10.334292] initcall drm_kms_helper_init+0x0/0x7 returned 0 after 115 usecs
[   10.345645] calling  drm_core_init+0x0/0xa4 @ 1
[   10.354643] initcall drm_core_init+0x0/0xa4 returned 0 after 1129 usecs
[   10.365643] calling  i915_init+0x0/0x6b @ 1
[   10.377921] initcall i915_init+0x0/0x6b returned 0 after 5083 usecs
[   10.388727] calling  cn_proc_init+0x0/0x35 @ 1
[   10.396210] initcall cn_proc_init+0x0/0x35 returned 0 after 6 usecs
[   10.407207] calling  topology_sysfs_init+0x0/0x27 @ 1
[   10.416687] initcall topology_sysfs_init+0x0/0x27 returned 0 after 718 usecs
[   10.428849] calling  cacheinfo_sysfs_init+0x0/0x27 @ 1
[   10.478773] initcall cacheinfo_sysfs_init+0x0/0x27 returned 0 after 41069 usecs
[   10.489878] calling  loop_init+0x0/0x168 @ 1
[   10.600896] loop: module loaded
[   10.607435] initcall loop_init+0x0/0x168 returned 0 after 108418 usecs
[   10.618076] calling  mac_hid_init+0x0/0x21 @ 1
[   10.625315] initcall mac_hid_init+0x0/0x21 returned 0 after 61 usecs
[   10.635461] calling  spi_transport_init+0x0/0x74 @ 1
[   10.643881] initcall spi_transport_init+0x0/0x74 returned 0 after 267 usecs
[   10.654699] calling  init_sd+0x0/0x18c @ 1
[   10.661361] initcall init_sd+0x0/0x18c returned 0 after 159 usecs
[   10.671480] calling  init_sr+0x0/0x43 @ 1
[   10.678340] initcall init_sr+0x0/0x43 returned 0 after 139 usecs
[   10.687919] calling  init_sg+0x0/0x1c0 @ 1
[   10.694959] initcall init_sg+0x0/0x1c0 returned 0 after 86 usecs
[   10.705368] calling  ahci_pci_driver_init+0x0/0x15 @ 1
[   10.715514] ahci 0000:00:1f.2: version 3.0
[   10.724786] PCI Interrupt Link [GSIA] enabled at IRQ 16
[   10.745447] ahci 0000:00:1f.2: AHCI 0001.0000 32 slots 6 ports 1.5 Gbps 0x3f impl SATA mode
[   10.759474] ahci 0000:00:1f.2: flags: 64bit ncq only 
[   10.787366] scsi host0: ahci
[   10.798235] scsi host1: ahci
[   10.806420] scsi host2: ahci
[   10.814957] scsi host3: ahci
[   10.823828] scsi host4: ahci
[   10.836786] scsi host5: ahci
[   10.842597] ata1: SATA max UDMA/133 abar m4096@0xfebf1000 port 0xfebf1100 irq 24
[   10.855626] ata2: SATA max UDMA/133 abar m4096@0xfebf1000 port 0xfebf1180 irq 24
[   10.868724] ata3: SATA max UDMA/133 abar m4096@0xfebf1000 port 0xfebf1200 irq 24
[   10.880767] ata4: SATA max UDMA/133 abar m4096@0xfebf1000 port 0xfebf1280 irq 24
[   10.891868] ata5: SATA max UDMA/133 abar m4096@0xfebf1000 port 0xfebf1300 irq 24
[   10.903388] ata6: SATA max UDMA/133 abar m4096@0xfebf1000 port 0xfebf1380 irq 24
[   10.914883] initcall ahci_pci_driver_init+0x0/0x15 returned 0 after 196796 usecs
[   10.926777] calling  piix_init+0x0/0x26 @ 1
[   10.933443] initcall piix_init+0x0/0x26 returned 0 after 75 usecs
[   10.943624] calling  amd_pci_driver_init+0x0/0x15 @ 1
[   10.952078] initcall amd_pci_driver_init+0x0/0x15 returned 0 after 33 usecs
[   10.963572] calling  oldpiix_pci_driver_init+0x0/0x15 @ 1
[   10.972802] initcall oldpiix_pci_driver_init+0x0/0x15 returned 0 after 62 usecs
[   10.985348] calling  sch_pci_driver_init+0x0/0x15 @ 1
[   10.994238] initcall sch_pci_driver_init+0x0/0x15 returned 0 after 30 usecs
[   11.006114] calling  net_olddevs_init+0x0/0x55 @ 1
[   11.014824] initcall net_olddevs_init+0x0/0x55 returned 0 after 269 usecs
[   11.027384] calling  blackhole_netdev_init+0x0/0x78 @ 1
[   11.040490] initcall blackhole_netdev_init+0x0/0x78 returned 0 after 4202 usecs
[   11.052717] calling  phy_module_init+0x0/0x13 @ 1
[   11.066873] initcall phy_module_init+0x0/0x13 returned 0 after 1308 usecs
[   11.081286] calling  tg3_driver_init+0x0/0x15 @ 1
[   11.089702] initcall tg3_driver_init+0x0/0x15 returned 0 after 768 usecs
[   11.101582] calling  e100_init_module+0x0/0x4c @ 1
[   11.109373] e100: Intel(R) PRO/100 Network Driver
[   11.116813] e100: Copyright(c) 1999-2006 Intel Corporation
[   11.125529] initcall e100_init_module+0x0/0x4c returned 0 after 15970 usecs
[   11.135914] calling  e1000_init_module+0x0/0x72 @ 1
[   11.143201] e1000: Intel(R) PRO/1000 Network Driver
[   11.150565] e1000: Copyright (c) 1999-2006 Intel Corporation.
[   11.159593] initcall e1000_init_module+0x0/0x72 returned 0 after 16005 usecs
[   11.169729] calling  e1000_init_module+0x0/0x2d @ 1
[   11.177262] e1000e: Intel(R) PRO/1000 Network Driver
[   11.184864] e1000e: Copyright(c) 1999 - 2015 Intel Corporation.
[   11.194053] initcall e1000_init_module+0x0/0x2d returned 0 after 16467 usecs
[   11.204421] calling  sky2_init_module+0x0/0x21 @ 1
[   11.211557] sky2: driver version 1.30
[   11.217851] initcall sky2_init_module+0x0/0x21 returned 0 after 6145 usecs
[   11.228656] calling  forcedeth_pci_driver_init+0x0/0x15 @ 1
[   11.230250] ata3: SATA link up 1.5 Gbps (SStatus 113 SControl 300)
[   11.237408] initcall forcedeth_pci_driver_init+0x0/0x15 returned 0 after 460 usecs
[   11.256475] ata5: SATA link down (SStatus 0 SControl 300)
[   11.259022] calling  rtl8139_init_module+0x0/0x15 @ 1
[   11.271156] ata4: SATA link down (SStatus 0 SControl 300)
[   11.275598] initcall rtl8139_init_module+0x0/0x15 returned 0 after 72 usecs
[   11.295151] calling  rtl8169_pci_driver_init+0x0/0x15 @ 1
[   11.295535] ata2: SATA link down (SStatus 0 SControl 300)
[   11.303537] initcall rtl8169_pci_driver_init+0x0/0x15 returned 0 after 102 usecs
[   11.319383] ata1: SATA link down (SStatus 0 SControl 300)
[   11.324285] calling  cdrom_init+0x0/0xc @ 1
[   11.338906] initcall cdrom_init+0x0/0xc returned 0 after 79 usecs
[   11.343468] ata6: SATA link down (SStatus 0 SControl 300)
[   11.347261] calling  nonstatic_sysfs_init+0x0/0xc @ 1
[   11.347363] initcall nonstatic_sysfs_init+0x0/0xc returned 0 after 94 usecs
[   11.373524] ata3.00: ATAPI: QEMU DVD-ROM, 2.5+, max UDMA/100
[   11.374678] calling  yenta_cardbus_driver_init+0x0/0x15 @ 1
[   11.383432] ata3.00: applying bridge limits
[   11.385688] ata3.00: configured for UDMA/100
[   11.392097] initcall yenta_cardbus_driver_init+0x0/0x15 returned 0 after 468 usecs
[   11.418721] scsi 2:0:0:0: CD-ROM            QEMU     QEMU DVD-ROM     2.5+ PQ: 0 ANSI: 5
[   11.419821] calling  mon_init+0x0/0x12d @ 1
[   11.442717] initcall mon_init+0x0/0x12d returned 0 after 1219 usecs
[   11.452370] calling  ehci_hcd_init+0x0/0x56 @ 1
[   11.459542] ehci_hcd: USB 2.0 'Enhanced' Host Controller (EHCI) Driver
[   11.469635] initcall ehci_hcd_init+0x0/0x56 returned 0 after 9950 usecs
[   11.474617] sr 2:0:0:0: [sr0] scsi3-mmc drive: 4x/4x cd/rw xa/form2 tray
[   11.480404] calling  ehci_pci_init+0x0/0x64 @ 1
[   11.489729] cdrom: Uniform CD-ROM driver Revision: 3.20
[   11.496422] ehci-pci: EHCI PCI platform driver
[   11.510611] initcall ehci_pci_init+0x0/0x64 returned 0 after 13853 usecs
[   11.520489] calling  ohci_hcd_mod_init+0x0/0x4e @ 1
[   11.527802] ohci_hcd: USB 1.1 'Open' Host Controller (OHCI) Driver
[   11.537121] initcall ohci_hcd_mod_init+0x0/0x4e returned 0 after 9251 usecs
[   11.563383] calling  ohci_pci_init+0x0/0x64 @ 1
[   11.570130] ohci-pci: OHCI PCI platform driver
[   11.614094] initcall ohci_pci_init+0x0/0x64 returned 0 after 42750 usecs
[   11.625528] calling  uhci_hcd_init+0x0/0xa8 @ 1
[   11.632861] uhci_hcd: USB Universal Host Controller Interface driver
[   11.643926] sr 2:0:0:0: Attached scsi CD-ROM sr0
[   11.645746] initcall uhci_hcd_init+0x0/0xa8 returned 0 after 12880 usecs
[   11.657468] sr 2:0:0:0: Attached scsi generic sg0 type 5
[   11.660140] calling  xhci_hcd_init+0x0/0x1e @ 1
[   11.674611] initcall xhci_hcd_init+0x0/0x1e returned 0 after 175 usecs
[   11.683646] calling  xhci_pci_init+0x0/0x49 @ 1
[   11.690474] initcall xhci_pci_init+0x0/0x49 returned 0 after 306 usecs
[   11.699692] calling  usblp_driver_init+0x0/0x15 @ 1
[   11.706884] usbcore: registered new interface driver usblp
[   11.714451] initcall usblp_driver_init+0x0/0x15 returned 0 after 7647 usecs
[   11.724080] calling  usb_storage_driver_init+0x0/0x2a @ 1
[   11.731817] usbcore: registered new interface driver usb-storage
[   11.739172] initcall usb_storage_driver_init+0x0/0x2a returned 0 after 7258 usecs
[   11.748762] calling  i8042_init+0x0/0x4c2 @ 1
[   11.757020] i8042: PNP: PS/2 Controller [PNP0303:KBD,PNP0f13:MOU] at 0x60,0x64 irq 1,12
[   11.811506] serio: i8042 KBD port at 0x60,0x64 irq 1
[   11.829444] serio: i8042 AUX port at 0x60,0x64 irq 12
[   11.837337] initcall i8042_init+0x0/0x4c2 returned 0 after 80837 usecs
[   11.848427] calling  serport_init+0x0/0x2c @ 1
[   11.855416] initcall serport_init+0x0/0x2c returned 0 after 108 usecs
[   11.864281] calling  input_leds_init+0x0/0xc @ 1
[   11.871689] initcall input_leds_init+0x0/0xc returned 0 after 59 usecs
[   11.880838] calling  evdev_init+0x0/0xc @ 1
[   11.894593] initcall evdev_init+0x0/0xc returned 0 after 1777 usecs
[   11.903722] calling  atkbd_init+0x0/0x21 @ 1
[   11.910238] initcall atkbd_init+0x0/0x21 returned 0 after 647 usecs
[   11.921905] calling  psmouse_init+0x0/0x7f @ 1
[   11.930500] input: AT Translated Set 2 keyboard as /devices/platform/i8042/serio0/input/input1
[   11.931241] initcall psmouse_init+0x0/0x7f returned 0 after 590 usecs
[   11.956549] calling  cmos_init+0x0/0x73 @ 1
[   11.963900] rtc_cmos 00:04: RTC can wake from S4
[   12.010318] rtc_cmos 00:04: registered as rtc0
[   12.017427] rtc_cmos 00:04: alarms up to one day, y3k, 242 bytes nvram, hpet irqs
[   12.054826] initcall cmos_init+0x0/0x73 returned 0 after 89686 usecs
[   12.064395] calling  smbalert_driver_init+0x0/0xe @ 1
[   12.084323] initcall smbalert_driver_init+0x0/0xe returned 0 after 339 usecs
[   12.095251] calling  i2c_i801_init+0x0/0xc5 @ 1
[   12.155548] i801_smbus 0000:00:1f.3: SMBus using PCI interrupt
[   12.164518] i2c i2c-0: 1/1 memory slots populated (from DMI)
[   12.184905] i2c i2c-0: Memory type 0x07 not supported yet, not instantiating SPD
[   12.209482] initcall i2c_i801_init+0x0/0xc5 returned 0 after 98303 usecs
[   12.227255] calling  ptp_kvm_init+0x0/0xf0 @ 1
[   12.234207] initcall ptp_kvm_init+0x0/0xf0 returned 0 after 364 usecs
[   12.260110] calling  dm_init+0x0/0x3c @ 1
[   12.267514] device-mapper: ioctl: 4.43.0-ioctl (2020-10-01) initialised: dm-devel@redhat.com
[   12.294415] initcall dm_init+0x0/0x3c returned 0 after 27656 usecs
[   12.342303] calling  dm_mirror_init+0x0/0x29 @ 1
[   12.349818] initcall dm_mirror_init+0x0/0x29 returned 0 after 33 usecs
[   12.371268] calling  dm_dirty_log_init+0x0/0x4f @ 1
[   12.390553] initcall dm_dirty_log_init+0x0/0x4f returned 0 after 54 usecs
[   12.399896] calling  dm_zero_init+0x0/0x29 @ 1
[   12.411153] initcall dm_zero_init+0x0/0x29 returned 0 after 28 usecs
[   12.419896] calling  intel_pstate_init+0x0/0x50d @ 1
[   12.426963] intel_pstate: CPU model not supported
[   12.433689] initcall intel_pstate_init+0x0/0x50d returned -19 after 6627 usecs
[   12.443744] calling  haltpoll_init+0x0/0xc0 @ 1
[   12.450260] initcall haltpoll_init+0x0/0xc0 returned -19 after 53 usecs
[   12.459808] calling  efivars_sysfs_init+0x0/0x30 @ 1
[   12.466890] initcall efivars_sysfs_init+0x0/0x30 returned 0 after 34 usecs
[   12.476512] calling  esrt_sysfs_init+0x0/0x2a2 @ 1
[   12.483424] initcall esrt_sysfs_init+0x0/0x2a2 returned -38 after 31 usecs
[   12.493196] calling  hid_init+0x0/0x5c @ 1
[   12.499180] hid: raw HID events driver (C) Jiri Kosina
[   12.506662] initcall hid_init+0x0/0x5c returned 0 after 7513 usecs
[   12.515959] calling  hid_generic_init+0x0/0x15 @ 1
[   12.522831] initcall hid_generic_init+0x0/0x15 returned 0 after 75 usecs
[   12.532591] calling  a4_driver_init+0x0/0x15 @ 1
[   12.539430] initcall a4_driver_init+0x0/0x15 returned 0 after 20 usecs
[   12.548512] calling  apple_driver_init+0x0/0x15 @ 1
[   12.556108] initcall apple_driver_init+0x0/0x15 returned 0 after 39 usecs
[   12.565613] calling  belkin_driver_init+0x0/0x15 @ 1
[   12.572558] initcall belkin_driver_init+0x0/0x15 returned 0 after 41 usecs
[   12.582090] calling  ch_driver_init+0x0/0x15 @ 1
[   12.588453] initcall ch_driver_init+0x0/0x15 returned 0 after 25 usecs
[   12.597551] calling  ch_driver_init+0x0/0x15 @ 1
[   12.604483] initcall ch_driver_init+0x0/0x15 returned 0 after 93 usecs
[   12.613923] calling  cp_driver_init+0x0/0x15 @ 1
[   12.620515] initcall cp_driver_init+0x0/0x15 returned 0 after 18 usecs
[   12.629700] calling  ez_driver_init+0x0/0x15 @ 1
[   12.636311] initcall ez_driver_init+0x0/0x15 returned 0 after 16 usecs
[   12.645724] calling  gyration_driver_init+0x0/0x15 @ 1
[   12.653132] initcall gyration_driver_init+0x0/0x15 returned 0 after 19 usecs
[   12.663615] calling  ite_driver_init+0x0/0x15 @ 1
[   12.670617] initcall ite_driver_init+0x0/0x15 returned 0 after 20 usecs
[   12.680381] calling  ks_driver_init+0x0/0x15 @ 1
[   12.687193] initcall ks_driver_init+0x0/0x15 returned 0 after 20 usecs
[   12.696335] calling  lg_driver_init+0x0/0x15 @ 1
[   12.703102] initcall lg_driver_init+0x0/0x15 returned 0 after 45 usecs
[   12.712371] calling  lg_g15_driver_init+0x0/0x15 @ 1
[   12.719573] initcall lg_g15_driver_init+0x0/0x15 returned 0 after 69 usecs
[   12.729877] calling  ms_driver_init+0x0/0x15 @ 1
[   12.736765] initcall ms_driver_init+0x0/0x15 returned 0 after 171 usecs
[   12.746707] calling  mr_driver_init+0x0/0x15 @ 1
[   12.753183] initcall mr_driver_init+0x0/0x15 returned 0 after 19 usecs
[   12.767743] calling  ntrig_driver_init+0x0/0x15 @ 1
[   12.775428] initcall ntrig_driver_init+0x0/0x15 returned 0 after 39 usecs
[   12.787608] input: ImExPS/2 Generic Explorer Mouse as /devices/platform/i8042/serio1/input/input3
[   12.797555] calling  pl_driver_init+0x0/0x15 @ 1
[   12.797599] initcall pl_driver_init+0x0/0x15 returned 0 after 39 usecs
[   12.825432] calling  pl_driver_init+0x0/0x15 @ 1
[   12.831954] initcall pl_driver_init+0x0/0x15 returned 0 after 18 usecs
[   12.841112] calling  redragon_driver_init+0x0/0x15 @ 1
[   12.848533] initcall redragon_driver_init+0x0/0x15 returned 0 after 30 usecs
[   12.858414] calling  samsung_driver_init+0x0/0x15 @ 1
[   12.865524] initcall samsung_driver_init+0x0/0x15 returned 0 after 28 usecs
[   12.875280] calling  sony_init+0x0/0x38 @ 1
[   12.881149] initcall sony_init+0x0/0x38 returned 0 after 17 usecs
[   12.889582] calling  sp_driver_init+0x0/0x15 @ 1
[   12.895980] initcall sp_driver_init+0x0/0x15 returned 0 after 17 usecs
[   12.904941] calling  ts_driver_init+0x0/0x15 @ 1
[   12.911340] initcall ts_driver_init+0x0/0x15 returned 0 after 16 usecs
[   12.921120] calling  hid_init+0x0/0x58 @ 1
[   12.927213] usbcore: registered new interface driver usbhid
[   12.935980] usbhid: USB HID core driver
[   12.941544] initcall hid_init+0x0/0x58 returned 0 after 14048 usecs
[   12.955067] calling  eeepc_laptop_init+0x0/0x57 @ 1
[   12.962446] initcall eeepc_laptop_init+0x0/0x57 returned -19 after 224 usecs
[   12.973304] calling  pmc_atom_init+0x0/0x27a @ 1
[   12.980115] initcall pmc_atom_init+0x0/0x27a returned -19 after 17 usecs
