c[?7l[2J[0mSeaBIOS (version 1.16.0-debian-1.16.0-4)
Booting from ROM...
early console in setup code
c[?7l[2J[    0.000000] Linux version 5.10.154+ (root@joelboxx.c.googlers.com) (gcc (Debian 12.2.0-3) 12.2.0, GNU ld (GNU Binutils for Debian) 2.39) #7 SMP Tue Dec 13 06:21:57 UTC 2022
[    0.000000] Command line: selinux=0 initcall_debug debug console=ttyS0 rcutree.gp_preinit_delay=3 rcutree.gp_init_delay=3 rcutree.gp_cleanup_delay=3 rcupdate.rcu_self_test=1 rcutorture.onoff_interval=1000 rcutorture.onoff_holdoff=30 rcutorture.n_barrier_cbs=4 rcutorture.stat_interval=15 rcutorture.shutdown_secs=1800 rcutorture.test_no_idle_hz=1 rcutorture.verbose=1
[    0.000000] x86/fpu: x87 FPU will use FXSAVE
[    0.000000] BIOS-provided physical RAM map:
[    0.000000] BIOS-e820: [mem 0x0000000000000000-0x000000000009fbff] usable
[    0.000000] BIOS-e820: [mem 0x000000000009fc00-0x000000000009ffff] reserved
[    0.000000] BIOS-e820: [mem 0x00000000000f0000-0x00000000000fffff] reserved
[    0.000000] BIOS-e820: [mem 0x0000000000100000-0x000000001ffdefff] usable
[    0.000000] BIOS-e820: [mem 0x000000001ffdf000-0x000000001fffffff] reserved
[    0.000000] BIOS-e820: [mem 0x00000000b0000000-0x00000000bfffffff] reserved
[    0.000000] BIOS-e820: [mem 0x00000000fed1c000-0x00000000fed1ffff] reserved
[    0.000000] BIOS-e820: [mem 0x00000000feffc000-0x00000000feffffff] reserved
[    0.000000] BIOS-e820: [mem 0x00000000fffc0000-0x00000000ffffffff] reserved
[    0.000000] NX (Execute Disable) protection: active
[    0.000000] SMBIOS 2.8 present.
[    0.000000] DMI: QEMU Standard PC (Q35 + ICH9, 2009), BIOS 1.16.0-debian-1.16.0-4 04/01/2014
[    0.000000] Hypervisor detected: KVM
[    0.000000] kvm-clock: Using msrs 4b564d01 and 4b564d00
[    0.000000] kvm-clock: cpu 0, msr 16f23001, primary cpu clock
[    0.000019] kvm-clock: using sched offset of 2737545481 cycles
[    0.000139] clocksource: kvm-clock: mask: 0xffffffffffffffff max_cycles: 0x1cd42e4dffb, max_idle_ns: 881590591483 ns
[    0.000242] tsc: Detected 1999.999 MHz processor
[    0.004199] e820: update [mem 0x00000000-0x00000fff] usable ==> reserved
[    0.004207] e820: remove [mem 0x000a0000-0x000fffff] usable
[    0.004217] last_pfn = 0x1ffdf max_arch_pfn = 0x400000000
[    0.004935] MTRR default type: write-back
[    0.004977] MTRR fixed ranges enabled:
[    0.004980]   00000-9FFFF write-back
[    0.004982]   A0000-BFFFF uncachable
[    0.004985]   C0000-FFFFF write-protect
[    0.004987] MTRR variable ranges enabled:
[    0.004990]   0 base 00C0000000 mask FFC0000000 uncachable
[    0.004992]   1 disabled
[    0.004994]   2 disabled
[    0.004996]   3 disabled
[    0.004998]   4 disabled
[    0.005000]   5 disabled
[    0.005002]   6 disabled
[    0.005004]   7 disabled
[    0.005244] x86/PAT: Configuration [0-7]: WB  WC  UC- UC  WB  WC  UC- UC  
[    0.014895] found SMP MP-table at [mem 0x000f5ba0-0x000f5baf]
[    0.016413] check: Scanning 1 areas for low memory corruption
[    0.026170] ACPI: Early table checksum verification disabled
[    0.027353] ACPI: RSDP 0x00000000000F59E0 000014 (v00 BOCHS )
[    0.027567] ACPI: RSDT 0x000000001FFE252A 000038 (v01 BOCHS  BXPC     00000001 BXPC 00000001)
[    0.027767] ACPI: FACP 0x000000001FFE22EA 0000F4 (v03 BOCHS  BXPC     00000001 BXPC 00000001)
[    0.027849] ACPI: DSDT 0x000000001FFE0040 0022AA (v01 BOCHS  BXPC     00000001 BXPC 00000001)
[    0.027857] ACPI: FACS 0x000000001FFE0000 000040
[    0.027864] ACPI: APIC 0x000000001FFE23DE 0000B0 (v01 BOCHS  BXPC     00000001 BXPC 00000001)
[    0.027898] ACPI: HPET 0x000000001FFE248E 000038 (v01 BOCHS  BXPC     00000001 BXPC 00000001)
[    0.027906] ACPI: MCFG 0x000000001FFE24C6 00003C (v01 BOCHS  BXPC     00000001 BXPC 00000001)
[    0.027913] ACPI: WAET 0x000000001FFE2502 000028 (v01 BOCHS  BXPC     00000001 BXPC 00000001)
[    0.027920] ACPI: Reserving FACP table memory at [mem 0x1ffe22ea-0x1ffe23dd]
[    0.027924] ACPI: Reserving DSDT table memory at [mem 0x1ffe0040-0x1ffe22e9]
[    0.027926] ACPI: Reserving FACS table memory at [mem 0x1ffe0000-0x1ffe003f]
[    0.027929] ACPI: Reserving APIC table memory at [mem 0x1ffe23de-0x1ffe248d]
[    0.027931] ACPI: Reserving HPET table memory at [mem 0x1ffe248e-0x1ffe24c5]
[    0.027934] ACPI: Reserving MCFG table memory at [mem 0x1ffe24c6-0x1ffe2501]
[    0.027936] ACPI: Reserving WAET table memory at [mem 0x1ffe2502-0x1ffe2529]
[    0.028402] ACPI: Local APIC address 0xfee00000
[    0.032416] No NUMA configuration found
[    0.032421] Faking a node at [mem 0x0000000000000000-0x000000001ffdefff]
[    0.032544] NODE_DATA(0) allocated [mem 0x1ffdb000-0x1ffdefff]
[    0.034055] Zone ranges:
[    0.034171]   DMA      [mem 0x0000000000001000-0x0000000000ffffff]
[    0.034205]   DMA32    [mem 0x0000000001000000-0x000000001ffdefff]
[    0.034234]   Normal   empty
[    0.034238] Movable zone start for each node
[    0.034240] Early memory node ranges
[    0.034243]   node   0: [mem 0x0000000000001000-0x000000000009efff]
[    0.034272]   node   0: [mem 0x0000000000100000-0x000000001ffdefff]
[    0.034282] Initmem setup node 0 [mem 0x0000000000001000-0x000000001ffdefff]
[    0.034286] On node 0 totalpages: 130941
[    0.034337]   DMA zone: 64 pages used for memmap
[    0.034340]   DMA zone: 21 pages reserved
[    0.034389]   DMA zone: 3998 pages, LIFO batch:0
[    0.034393]   DMA32 zone: 1984 pages used for memmap
[    0.034395]   DMA32 zone: 126943 pages, LIFO batch:31
[    0.047118] On node 0, zone DMA: 1 pages in unavailable ranges
[    0.048539] On node 0, zone DMA: 97 pages in unavailable ranges
[    0.085570] On node 0, zone DMA32: 33 pages in unavailable ranges
[    0.089213] ACPI: PM-Timer IO Port: 0x608
[    0.089219] ACPI: Local APIC address 0xfee00000
[    0.089267] ACPI: LAPIC_NMI (acpi_id[0xff] dfl dfl lint[0x1])
[    0.089960] IOAPIC[0]: apic_id 0, version 17, address 0xfec00000, GSI 0-23
[    0.090022] ACPI: INT_SRC_OVR (bus 0 bus_irq 0 global_irq 2 dfl dfl)
[    0.090069] ACPI: INT_SRC_OVR (bus 0 bus_irq 5 global_irq 5 high level)
[    0.090072] ACPI: INT_SRC_OVR (bus 0 bus_irq 9 global_irq 9 high level)
[    0.090159] ACPI: INT_SRC_OVR (bus 0 bus_irq 10 global_irq 10 high level)
[    0.090163] ACPI: INT_SRC_OVR (bus 0 bus_irq 11 global_irq 11 high level)
[    0.090167] ACPI: IRQ0 used by override.
[    0.090169] ACPI: IRQ5 used by override.
[    0.090172] ACPI: IRQ9 used by override.
[    0.090174] ACPI: IRQ10 used by override.
[    0.090177] ACPI: IRQ11 used by override.
[    0.090214] Using ACPI (MADT) for SMP configuration information
[    0.090218] ACPI: HPET id: 0x8086a201 base: 0xfed00000
[    0.090437] smpboot: Allowing 8 CPUs, 0 hotplug CPUs
[    0.091270] PM: hibernation: Registered nosave memory: [mem 0x00000000-0x00000fff]
[    0.091275] PM: hibernation: Registered nosave memory: [mem 0x0009f000-0x0009ffff]
[    0.091277] PM: hibernation: Registered nosave memory: [mem 0x000a0000-0x000effff]
[    0.091280] PM: hibernation: Registered nosave memory: [mem 0x000f0000-0x000fffff]
[    0.091322] [mem 0x20000000-0xafffffff] available for PCI devices
[    0.091365] Booting paravirtualized kernel on KVM
[    0.091613] clocksource: refined-jiffies: mask: 0xffffffff max_cycles: 0xffffffff, max_idle_ns: 1910969940391419 ns
[    0.103524] setup_percpu: NR_CPUS:8 nr_cpumask_bits:8 nr_cpu_ids:8 nr_node_ids:1
[    0.117389] percpu: Embedded 58 pages/cpu s199184 r8192 d30192 u262144
[    0.117422] pcpu-alloc: s199184 r8192 d30192 u262144 alloc=1*2097152
[    0.117447] pcpu-alloc: [0] 0 1 2 3 4 5 6 7 
[    0.117693] kvm-guest: stealtime: cpu 0, msr 1f41bb40
[    0.118413] Built 1 zonelists, mobility grouping on.  Total pages: 128872
[    0.118416] Policy zone: DMA32
[    0.118480] Kernel command line: selinux=0 initcall_debug debug console=ttyS0 rcutree.gp_preinit_delay=3 rcutree.gp_init_delay=3 rcutree.gp_cleanup_delay=3 rcupdate.rcu_self_test=1 rcutorture.onoff_interval=1000 rcutorture.onoff_holdoff=30 rcutorture.n_barrier_cbs=4 rcutorture.stat_interval=15 rcutorture.shutdown_secs=1800 rcutorture.test_no_idle_hz=1 rcutorture.verbose=1
[    0.124486] Dentry cache hash table entries: 65536 (order: 7, 524288 bytes, linear)
[    0.125726] Inode-cache hash table entries: 32768 (order: 6, 262144 bytes, linear)
[    0.126286] mem auto-init: stack:all(zero), heap alloc:off, heap free:off
[    0.132365] Memory: 465384K/523764K available (16398K kernel code, 2799K rwdata, 4844K rodata, 1520K init, 13292K bss, 58120K reserved, 0K cma-reserved)
[    0.132923] SLUB: HWalign=64, Order=0-3, MinObjects=0, CPUs=8, Nodes=1
[    0.133227] Kernel/User page tables isolation: enabled
[    0.139408] Running RCU self tests
[    0.139554] rcu: RCU calculated value of scheduler-enlistment delay is 100 jiffies.
[    0.139802] rcu: Hierarchical RCU implementation.
[    0.139805] rcu: 	CONFIG_RCU_FANOUT set to non-default value of 6.
[    0.139807] rcu: 	RCU lockdep checking is enabled.
[    0.139810] rcu: 	Build-time adjustment of leaf fanout to 6.
[    0.139812] rcu: 	Boot-time adjustment of first FQS scan delay to 3 jiffies.
[    0.139815] rcu: 	Boot-time adjustment of subsequent FQS scan delay to 3 jiffies.
[    0.139817] rcu: 	RCU debug GP pre-init slowdown 3 jiffies.
[    0.139819] rcu: 	RCU debug GP init slowdown 3 jiffies.
[    0.139821] rcu: 	RCU debug GP init slowdown 3 jiffies.
[    0.139824] 	Trampoline variant of Tasks RCU enabled.
[    0.139826] 	Rude variant of Tasks RCU enabled.
[    0.139829] 	Tracing variant of Tasks RCU enabled.
[    0.144688] NR_IRQS: 4352, nr_irqs: 488, preallocated irqs: 16
[    0.145538] rcu: 	Offload RCU callbacks from CPUs: (none).
[    0.146445] calling  con_init+0x0/0x24f @ 0
[    0.236585] Console: colour VGA+ 80x25
[    0.236621] initcall con_init+0x0/0x24f returned 0 after 0 usecs
[    0.236627] calling  hvc_console_init+0x0/0x13 @ 0
[    0.236646] initcall hvc_console_init+0x0/0x13 returned 0 after 0 usecs
[    0.236649] calling  univ8250_console_init+0x0/0x26 @ 0
[    1.265778] printk: console [ttyS0] enabled
[    1.271972] initcall univ8250_console_init+0x0/0x26 returned 0 after 0 usecs
[    1.279928] Lock dependency validator: Copyright (c) 2006 Red Hat, Inc., Ingo Molnar
[    1.289140] ... MAX_LOCKDEP_SUBCLASSES:  8
[    1.293899] ... MAX_LOCK_DEPTH:          48
[    1.298559] ... MAX_LOCKDEP_KEYS:        8192
[    1.303512] ... CLASSHASH_SIZE:          4096
[    1.308400] ... MAX_LOCKDEP_ENTRIES:     32768
[    1.313480] ... MAX_LOCKDEP_CHAINS:      65536
[    1.318484] ... CHAINHASH_SIZE:          32768
[    1.323498]  memory used by lock dependency info: 6365 kB
[    1.329533]  memory used for stack traces: 4224 kB
[    1.336120]  per task-struct memory footprint: 1920 bytes
[    1.346544] ACPI: Core revision 20200925
[    1.355731] clocksource: hpet: mask: 0xffffffff max_cycles: 0xffffffff, max_idle_ns: 19112604467 ns
[    1.373432] APIC: Switch to symmetric I/O mode setup
[    1.399313] ..TIMER: vector=0x30 apic1=0 pin1=2 apic2=-1 pin2=-1
[    1.406679] clocksource: tsc-early: mask: 0xffffffffffffffff max_cycles: 0x39a85afc727, max_idle_ns: 881590685098 ns
[    1.420687] Calibrating delay loop (skipped) preset value.. 3999.99 BogoMIPS (lpj=1999999)
[    1.421708] pid_max: default: 32768 minimum: 301
[    1.423708] LSM: Security Framework initializing
[    1.426014] Mount-cache hash table entries: 1024 (order: 1, 8192 bytes, linear)
[    1.426719] Mountpoint-cache hash table entries: 1024 (order: 1, 8192 bytes, linear)
[    1.438259] Last level iTLB entries: 4KB 0, 2MB 0, 4MB 0
[    1.438691] Last level dTLB entries: 4KB 0, 2MB 0, 4MB 0, 1GB 0
[    1.439884] Spectre V1 : Mitigation: usercopy/swapgs barriers and __user pointer sanitization
[    1.440693] Spectre V2 : Mitigation: Retpolines
[    1.441689] Spectre V2 : Spectre v2 / SpectreRSB mitigation: Filling RSB on context switch
[    1.443688] Spectre V2 : Spectre v2 / SpectreRSB : Filling RSB on VMEXIT
[    1.444690] Speculative Store Bypass: Vulnerable
[    1.445762] MDS: Vulnerable: Clear CPU buffers attempted, no microcode
[    1.446690] MMIO Stale Data: Unknown: No mitigations
[    1.527044] Freeing SMP alternatives memory: 40K
[    1.632683] smpboot: CPU0: Intel Common KVM processor (family: 0xf, model: 0x6, stepping: 0x1)
[    1.635873] calling  init_hw_perf_events+0x0/0x6ce @ 1
[    1.636892] Performance Events: unsupported Netburst CPU model 6 no PMU driver, software events only.
[    1.637701] initcall init_hw_perf_events+0x0/0x6ce returned 0 after 976 usecs
[    1.638697] calling  init_real_mode+0x0/0x1e9 @ 1
[    1.640097] initcall init_real_mode+0x0/0x1e9 returned 0 after 0 usecs
[    1.641006] calling  trace_init_perf_perm_irq_work_exit+0x0/0x12 @ 1
[    1.641711] initcall trace_init_perf_perm_irq_work_exit+0x0/0x12 returned 0 after 0 usecs
[    1.642710] calling  validate_x2apic+0x0/0x4a @ 1
[    1.643723] initcall validate_x2apic+0x0/0x4a returned 0 after 0 usecs
[    1.644693] calling  register_nmi_cpu_backtrace_handler+0x0/0x15 @ 1
[    1.646690] initcall register_nmi_cpu_backtrace_handler+0x0/0x15 returned 0 after 976 usecs
[    1.647693] calling  kvm_setup_vsyscall_timeinfo+0x0/0xce @ 1
[    1.648693] initcall kvm_setup_vsyscall_timeinfo+0x0/0xce returned 0 after 0 usecs
[    1.649714] calling  spawn_ksoftirqd+0x0/0x38 @ 1
[    1.650790] RCU test callback executed 1
[    1.651876] initcall spawn_ksoftirqd+0x0/0x38 returned 0 after 976 usecs
[    1.652693] calling  migration_init+0x0/0x33 @ 1
[    1.653692] initcall migration_init+0x0/0x33 returned 0 after 0 usecs
[    1.654692] calling  srcu_bootup_announce+0x0/0x2f @ 1
[    1.655689] rcu: Hierarchical SRCU implementation.
[    1.656693] initcall srcu_bootup_announce+0x0/0x2f returned 0 after 976 usecs
[    1.657692] calling  rcu_spawn_gp_kthread+0x0/0x1dd @ 1
[    1.658853] initcall rcu_spawn_gp_kthread+0x0/0x1dd returned 0 after 0 usecs
[    1.659696] calling  check_cpu_stall_init+0x0/0x1a @ 1
[    1.660700] initcall check_cpu_stall_init+0x0/0x1a returned 0 after 0 usecs
[    1.661696] calling  rcu_sysrq_init+0x0/0x21 @ 1
[    1.662698] initcall rcu_sysrq_init+0x0/0x21 returned 0 after 0 usecs
[    1.664696] calling  trace_init_flags_sys_enter+0x0/0xe @ 1
[    1.665715] initcall trace_init_flags_sys_enter+0x0/0xe returned 0 after 0 usecs
[    1.666695] calling  trace_init_flags_sys_exit+0x0/0xe @ 1
[    1.667695] initcall trace_init_flags_sys_exit+0x0/0xe returned 0 after 0 usecs
[    1.668698] calling  cpu_stop_init+0x0/0x8d @ 1
[    1.670129] initcall cpu_stop_init+0x0/0x8d returned 0 after 0 usecs
[    1.670736] calling  init_kprobes+0x0/0x16e @ 1
[    1.673353] initcall init_kprobes+0x0/0x16e returned 0 after 976 usecs
[    1.673727] calling  init_events+0x0/0x3d @ 1
[    1.674992] initcall init_events+0x0/0x3d returned 0 after 0 usecs
[    1.675693] calling  init_trace_printk+0x0/0xc @ 1
[    1.676695] initcall init_trace_printk+0x0/0xc returned 0 after 0 usecs
[    1.677710] calling  event_trace_enable_again+0x0/0x23 @ 1
[    1.678693] initcall event_trace_enable_again+0x0/0x23 returned 0 after 0 usecs
[    1.679692] calling  static_call_init+0x0/0x79 @ 1
[    1.680692] initcall static_call_init+0x0/0x79 returned 0 after 0 usecs
[    1.681692] calling  jump_label_init_module+0x0/0xc @ 1
[    1.682694] initcall jump_label_init_module+0x0/0xc returned 0 after 0 usecs
[    1.683697] calling  init_zero_pfn+0x0/0x37 @ 1
[    1.684694] initcall init_zero_pfn+0x0/0x37 returned 0 after 0 usecs
[    1.685706] calling  initialize_ptr_random+0x0/0x54 @ 1
[    1.686769] initcall initialize_ptr_random+0x0/0x54 returned 0 after 0 usecs
[    1.687711] calling  efi_memreserve_root_init+0x0/0x25 @ 1
[    1.689692] initcall efi_memreserve_root_init+0x0/0x25 returned 0 after 976 usecs
[    1.690696] calling  efi_earlycon_remap_fb+0x0/0x51 @ 1
[    1.691696] initcall efi_earlycon_remap_fb+0x0/0x51 returned 0 after 0 usecs
[    1.693728] RCU test callback executed 2
[    1.696225] smp: Bringing up secondary CPUs ...
[    1.699359] x86: Booting SMP configuration:
[    1.699691] .... node  #0, CPUs:      #1
[    1.269112] kvm-clock: cpu 1, msr 16f23041, secondary cpu clock
[    1.725684] kvm-guest: stealtime: cpu 1, msr 1f45bb40
[    1.741697]  #2
[    1.269112] kvm-clock: cpu 2, msr 16f23081, secondary cpu clock
[    1.765868] kvm-guest: stealtime: cpu 2, msr 1f49bb40
[    1.781348]  #3
[    1.269112] kvm-clock: cpu 3, msr 16f230c1, secondary cpu clock
[    1.803868] kvm-guest: stealtime: cpu 3, msr 1f4dbb40
[    1.819206]  #4
[    1.269112] kvm-clock: cpu 4, msr 16f23101, secondary cpu clock
[    1.841875] kvm-guest: stealtime: cpu 4, msr 1f51bb40
[    1.857110]  #5
[    1.269112] kvm-clock: cpu 5, msr 16f23141, secondary cpu clock
[    1.879900] kvm-guest: stealtime: cpu 5, msr 1f55bb40
[    1.895115]  #6
[    1.269112] kvm-clock: cpu 6, msr 16f23181, secondary cpu clock
[    1.921865] kvm-guest: stealtime: cpu 6, msr 1f59bb40
[    1.937395]  #7
[    1.269112] kvm-clock: cpu 7, msr 16f231c1, secondary cpu clock
[    1.960686] kvm-guest: stealtime: cpu 7, msr 1f5dbb40
[    1.974947] smp: Brought up 1 node, 8 CPUs
[    1.975692] smpboot: Max logical packages: 1
[    1.976692] smpboot: Total of 8 processors activated (31999.98 BogoMIPS)
[    1.999731] devtmpfs: initialized
[    2.003621] calling  ipc_ns_init+0x0/0x3d @ 1
[    2.003753] initcall ipc_ns_init+0x0/0x3d returned 0 after 0 usecs
[    2.004701] calling  init_mmap_min_addr+0x0/0x21 @ 1
[    2.005697] initcall init_mmap_min_addr+0x0/0x21 returned 0 after 0 usecs
[    2.006696] calling  pci_realloc_setup_params+0x0/0x3f @ 1
[    2.007696] initcall pci_realloc_setup_params+0x0/0x3f returned 0 after 0 usecs
[    2.008695] calling  net_ns_init+0x0/0x12a @ 1
[    2.012751] initcall net_ns_init+0x0/0x12a returned 0 after 1953 usecs
[    2.013729] calling  e820__register_nvs_regions+0x0/0x37 @ 1
[    2.014702] initcall e820__register_nvs_regions+0x0/0x37 returned 0 after 0 usecs
[    2.015700] calling  cpufreq_register_tsc_scaling+0x0/0x2e @ 1
[    2.016694] initcall cpufreq_register_tsc_scaling+0x0/0x2e returned 0 after 0 usecs
[    2.018696] calling  reboot_init+0x0/0x3c @ 1
[    2.019846] initcall reboot_init+0x0/0x3c returned 0 after 0 usecs
[    2.020697] calling  init_lapic_sysfs+0x0/0x20 @ 1
[    2.021708] initcall init_lapic_sysfs+0x0/0x20 returned 0 after 0 usecs
[    2.022695] calling  alloc_frozen_cpus+0x0/0x7 @ 1
[    2.023695] initcall alloc_frozen_cpus+0x0/0x7 returned 0 after 0 usecs
[    2.024694] calling  cpu_hotplug_pm_sync_init+0x0/0x13 @ 1
[    2.025717] initcall cpu_hotplug_pm_sync_init+0x0/0x13 returned 0 after 0 usecs
[    2.026693] calling  wq_sysfs_init+0x0/0x2a @ 1
[    2.027784] initcall wq_sysfs_init+0x0/0x2a returned 0 after 0 usecs
[    2.028693] calling  ksysfs_init+0x0/0x92 @ 1
[    2.030692] initcall ksysfs_init+0x0/0x92 returned 0 after 976 usecs
[    2.031693] calling  schedutil_gov_init+0x0/0xc @ 1
[    2.032871] initcall schedutil_gov_init+0x0/0xc returned 0 after 0 usecs
[    2.033694] calling  pm_init+0x0/0x76 @ 1
[    2.035717] initcall pm_init+0x0/0x76 returned 0 after 976 usecs
[    2.036693] calling  pm_disk_init+0x0/0x13 @ 1
[    2.037752] initcall pm_disk_init+0x0/0x13 returned 0 after 0 usecs
[    2.039692] calling  swsusp_header_init+0x0/0x2b @ 1
[    2.040696] initcall swsusp_header_init+0x0/0x2b returned 0 after 0 usecs
[    2.041715] calling  rcu_set_runtime_mode+0x0/0x2a @ 1
[    2.046695] initcall rcu_set_runtime_mode+0x0/0x2a returned 0 after 3906 usecs
[    2.047696] calling  init_jiffies_clocksource+0x0/0x13 @ 1
[    2.048698] clocksource: jiffies: mask: 0xffffffff max_cycles: 0xffffffff, max_idle_ns: 1911260446275000 ns
[    2.049704] initcall init_jiffies_clocksource+0x0/0x13 returned 0 after 976 usecs
[    2.050696] calling  futex_init+0x0/0x118 @ 1
[    2.051698] futex hash table entries: 2048 (order: 6, 262144 bytes, linear)
[    2.053844] initcall futex_init+0x0/0x118 returned 0 after 1953 usecs
[    2.054698] calling  cgroup_wq_init+0x0/0x28 @ 1
[    2.055715] initcall cgroup_wq_init+0x0/0x28 returned 0 after 0 usecs
[    2.056695] calling  cgroup1_wq_init+0x0/0x28 @ 1
[    2.057714] initcall cgroup1_wq_init+0x0/0x28 returned 0 after 0 usecs
[    2.058694] calling  init_kprobe_trace_early+0x0/0x2a @ 1
[    2.060842] initcall init_kprobe_trace_early+0x0/0x2a returned 0 after 976 usecs
[    2.061699] calling  fsnotify_init+0x0/0x56 @ 1
[    2.062781] initcall fsnotify_init+0x0/0x56 returned 0 after 0 usecs
[    2.063694] calling  filelock_init+0x0/0xb3 @ 1
[    2.065775] initcall filelock_init+0x0/0xb3 returned 0 after 976 usecs
[    2.066693] calling  init_misc_binfmt+0x0/0x2c @ 1
[    2.067864] initcall init_misc_binfmt+0x0/0x2c returned 0 after 0 usecs
[    2.068695] calling  init_script_binfmt+0x0/0x15 @ 1
[    2.069696] initcall init_script_binfmt+0x0/0x15 returned 0 after 0 usecs
[    2.070693] calling  init_elf_binfmt+0x0/0x15 @ 1
[    2.071694] initcall init_elf_binfmt+0x0/0x15 returned 0 after 0 usecs
[    2.072698] calling  init_compat_elf_binfmt+0x0/0x15 @ 1
[    2.073701] initcall init_compat_elf_binfmt+0x0/0x15 returned 0 after 0 usecs
[    2.074699] calling  debugfs_init+0x0/0x5c @ 1
[    2.075726] initcall debugfs_init+0x0/0x5c returned 0 after 0 usecs
[    2.076693] calling  tracefs_init+0x0/0x3a @ 1
[    2.077701] initcall tracefs_init+0x0/0x3a returned 0 after 0 usecs
[    2.078693] calling  prandom_init_early+0x0/0x15d @ 1
[    2.079693] initcall prandom_init_early+0x0/0x15d returned 0 after 0 usecs
[    2.080731] calling  virtio_init+0x0/0x20 @ 1
[    2.081822] initcall virtio_init+0x0/0x20 returned 0 after 0 usecs
[    2.082692] calling  iommu_init+0x0/0x2a @ 1
[    2.083728] initcall iommu_init+0x0/0x2a returned 0 after 0 usecs
[    2.084694] calling  component_debug_init+0x0/0x1c @ 1
[    2.086023] initcall component_debug_init+0x0/0x1c returned 0 after 0 usecs
[    2.086694] calling  early_resume_init+0x0/0xb9 @ 1
[    2.088689] PM: RTC time: 06:38:14, date: 2022-12-13
[    2.089725] initcall early_resume_init+0x0/0xb9 returned 0 after 1953 usecs
[    2.090693] calling  cpufreq_core_init+0x0/0x62 @ 1
[    2.091710] initcall cpufreq_core_init+0x0/0x62 returned 0 after 0 usecs
[    2.092695] calling  cpufreq_gov_performance_init+0x0/0xc @ 1
[    2.093695] initcall cpufreq_gov_performance_init+0x0/0xc returned 0 after 0 usecs
[    2.094693] calling  cpufreq_gov_userspace_init+0x0/0xc @ 1
[    2.095695] initcall cpufreq_gov_userspace_init+0x0/0xc returned 0 after 0 usecs
[    2.096692] calling  CPU_FREQ_GOV_ONDEMAND_init+0x0/0xc @ 1
[    2.097693] initcall CPU_FREQ_GOV_ONDEMAND_init+0x0/0xc returned 0 after 0 usecs
[    2.098692] calling  cpuidle_init+0x0/0x1f @ 1
[    2.099708] initcall cpuidle_init+0x0/0x1f returned 0 after 0 usecs
[    2.100693] calling  capsule_reboot_register+0x0/0xc @ 1
[    2.101716] initcall capsule_reboot_register+0x0/0xc returned 0 after 0 usecs
[    2.102694] calling  sock_init+0x0/0x93 @ 1
[    2.107033] initcall sock_init+0x0/0x93 returned 0 after 2929 usecs
[    2.116701] calling  net_inuse_init+0x0/0x23 @ 1
[    2.123704] initcall net_inuse_init+0x0/0x23 returned 0 after 0 usecs
[    2.131693] calling  net_defaults_init+0x0/0x23 @ 1
[    2.137694] initcall net_defaults_init+0x0/0x23 returned 0 after 0 usecs
[    2.145692] calling  init_default_flow_dissectors+0x0/0x4f @ 1
[    2.153759] initcall init_default_flow_dissectors+0x0/0x4f returned 0 after 0 usecs
[    2.162693] calling  netpoll_init+0x0/0x44 @ 1
[    2.168741] initcall netpoll_init+0x0/0x44 returned 0 after 0 usecs
[    2.176693] calling  netlink_proto_init+0x0/0x154 @ 1
[    2.184036] NET: Registered protocol family 16
[    2.190095] initcall netlink_proto_init+0x0/0x154 returned 0 after 5859 usecs
[    2.198710] calling  genl_init+0x0/0x35 @ 1
[    2.204751] initcall genl_init+0x0/0x35 returned 0 after 0 usecs
[    2.211711] calling  bsp_pm_check_init+0x0/0x13 @ 1
[    2.217695] initcall bsp_pm_check_init+0x0/0x13 returned 0 after 0 usecs
[    2.226761] calling  irq_sysfs_init+0x0/0xb9 @ 1
[    2.232787] initcall irq_sysfs_init+0x0/0xb9 returned 0 after 976 usecs
[    2.240694] calling  audit_init+0x0/0x127 @ 1
[    2.245699] audit: initializing netlink subsys (disabled)
[    2.254122] initcall audit_init+0x0/0x127 returned 0 after 7812 usecs
[    2.253862] audit: type=2000 audit(1670913493.584:1): state=initialized audit_enabled=0 res=1
[    2.261694] calling  release_early_probes+0x0/0x32 @ 1
[    2.261701] initcall release_early_probes+0x0/0x32 returned 0 after 0 usecs
[    2.287700] calling  bdi_class_init+0x0/0x48 @ 1
[    2.294086] initcall bdi_class_init+0x0/0x48 returned 0 after 0 usecs
[    2.301696] calling  mm_sysfs_init+0x0/0x28 @ 1
[    2.307701] initcall mm_sysfs_init+0x0/0x28 returned 0 after 0 usecs
[    2.314709] calling  init_per_zone_wmark_min+0x0/0x6d @ 1
[    2.321733] initcall init_per_zone_wmark_min+0x0/0x6d returned 0 after 0 usecs
[    2.330693] calling  mpi_init+0x0/0x3e @ 1
[    2.335717] initcall mpi_init+0x0/0x3e returned 0 after 0 usecs
[    2.342709] calling  kobject_uevent_init+0x0/0xc @ 1
[    2.349762] initcall kobject_uevent_init+0x0/0xc returned 0 after 0 usecs
[    2.358699] calling  pcibus_class_init+0x0/0x13 @ 1
[    2.364754] initcall pcibus_class_init+0x0/0x13 returned 0 after 0 usecs
[    2.372698] calling  pci_driver_init+0x0/0x21 @ 1
[    2.378786] initcall pci_driver_init+0x0/0x21 returned 0 after 0 usecs
[    2.386695] calling  backlight_class_init+0x0/0xa8 @ 1
[    2.392754] initcall backlight_class_init+0x0/0xa8 returned 0 after 0 usecs
[    2.401697] calling  tty_class_init+0x0/0x33 @ 1
[    2.406716] initcall tty_class_init+0x0/0x33 returned 0 after 0 usecs
[    2.414696] calling  vtconsole_class_init+0x0/0xb5 @ 1
[    2.420932] initcall vtconsole_class_init+0x0/0xb5 returned 0 after 0 usecs
[    2.429694] calling  iommu_dev_init+0x0/0x13 @ 1
[    2.434752] initcall iommu_dev_init+0x0/0x13 returned 0 after 0 usecs
[    2.442693] calling  mipi_dsi_bus_init+0x0/0xc @ 1
[    2.448749] initcall mipi_dsi_bus_init+0x0/0xc returned 0 after 0 usecs
[    2.456693] calling  devlink_class_init+0x0/0x40 @ 1
[    2.461739] initcall devlink_class_init+0x0/0x40 returned 0 after 976 usecs
[    2.470693] calling  software_node_init+0x0/0x2a @ 1
[    2.476707] initcall software_node_init+0x0/0x2a returned 0 after 0 usecs
[    2.484700] calling  wakeup_sources_debugfs_init+0x0/0x23 @ 1
[    2.491761] initcall wakeup_sources_debugfs_init+0x0/0x23 returned 0 after 0 usecs
[    2.499694] calling  wakeup_sources_sysfs_init+0x0/0x2c @ 1
[    2.507715] initcall wakeup_sources_sysfs_init+0x0/0x2c returned 0 after 0 usecs
[    2.515693] calling  register_node_type+0x0/0x13 @ 1
[    2.521759] initcall register_node_type+0x0/0x13 returned 0 after 0 usecs
[    2.529692] calling  regmap_initcall+0x0/0xc @ 1
[    2.534825] initcall regmap_initcall+0x0/0xc returned 0 after 976 usecs
[    2.542696] calling  i2c_init+0x0/0xb3 @ 1
[    2.547994] initcall i2c_init+0x0/0xb3 returned 0 after 0 usecs
[    2.555724] calling  thermal_init+0x0/0x116 @ 1
[    2.560802] thermal_sys: Registered thermal governor 'step_wise'
[    2.560805] thermal_sys: Registered thermal governor 'user_space'
[    2.568724] initcall thermal_init+0x0/0x116 returned 0 after 7812 usecs
[    2.584695] calling  init_menu+0x0/0xc @ 1
[    2.597077] cpuidle: using governor menu
[    2.602700] initcall init_menu+0x0/0xc returned 0 after 11718 usecs
[    2.609698] calling  pcc_init+0x0/0x4d @ 1
[    2.614697] initcall pcc_init+0x0/0x4d returned -19 after 0 usecs
[    2.622697] calling  amd_postcore_init+0x0/0x11e @ 1
[    2.628698] initcall amd_postcore_init+0x0/0x11e returned 0 after 0 usecs
[    2.637719] calling  bts_init+0x0/0xba @ 1
[    2.642697] initcall bts_init+0x0/0xba returned -19 after 0 usecs
[    2.649696] calling  pt_init+0x0/0x34d @ 1
[    2.655695] initcall pt_init+0x0/0x34d returned -19 after 0 usecs
[    2.663696] calling  boot_params_ksysfs_init+0x0/0x2ee @ 1
[    2.670693] initcall boot_params_ksysfs_init+0x0/0x2ee returned 0 after 0 usecs
[    2.680840] calling  sbf_init+0x0/0xea @ 1
[    2.685732] initcall sbf_init+0x0/0xea returned 0 after 0 usecs
[    2.693694] calling  arch_kdebugfs_init+0x0/0x219 @ 1
[    2.701100] initcall arch_kdebugfs_init+0x0/0x219 returned 0 after 0 usecs
[    2.709697] calling  intel_pconfig_init+0x0/0x85 @ 1
[    2.715696] initcall intel_pconfig_init+0x0/0x85 returned 0 after 0 usecs
[    2.724694] calling  mtrr_if_init+0x0/0x5d @ 1
[    2.730709] initcall mtrr_if_init+0x0/0x5d returned 0 after 0 usecs
[    2.736695] calling  activate_jump_labels+0x0/0x31 @ 1
[    2.743696] initcall activate_jump_labels+0x0/0x31 returned 0 after 0 usecs
[    2.751696] calling  ffh_cstate_init+0x0/0x29 @ 1
[    2.755707] initcall ffh_cstate_init+0x0/0x29 returned 0 after 0 usecs
[    2.765695] calling  activate_jump_labels+0x0/0x31 @ 1
[    2.777290] initcall activate_jump_labels+0x0/0x31 returned 0 after 6835 usecs
[    2.786699] calling  kvm_alloc_cpumask+0x0/0x74 @ 1
[    2.794757] initcall kvm_alloc_cpumask+0x0/0x74 returned 0 after 0 usecs
[    2.802697] calling  kcmp_cookies_init+0x0/0x37 @ 1
[    2.810706] initcall kcmp_cookies_init+0x0/0x37 returned 0 after 0 usecs
[    2.820698] calling  cryptomgr_init+0x0/0xc @ 1
[    2.827835] initcall cryptomgr_init+0x0/0xc returned 0 after 0 usecs
[    2.837697] calling  acpi_pci_init+0x0/0x57 @ 1
[    2.843779] ACPI: bus type PCI registered
[    2.849704] initcall acpi_pci_init+0x0/0x57 returned 0 after 5859 usecs
[    2.859700] calling  dma_channel_table_init+0x0/0xd1 @ 1
[    2.868723] initcall dma_channel_table_init+0x0/0xd1 returned 0 after 0 usecs
[    2.878699] calling  dma_bus_init+0x0/0xdc @ 1
[    2.884937] initcall dma_bus_init+0x0/0xdc returned 0 after 0 usecs
[    2.891764] calling  iommu_dma_init+0x0/0x10 @ 1
[    2.897807] initcall iommu_dma_init+0x0/0x10 returned 0 after 0 usecs
[    2.906698] calling  dmi_id_init+0x0/0x37c @ 1
[    2.911928] initcall dmi_id_init+0x0/0x37c returned 0 after 0 usecs
[    2.918694] calling  pci_arch_init+0x0/0x71 @ 1
[    2.925437] PCI: MMCONFIG for domain 0000 [bus 00-ff] at [mem 0xb0000000-0xbfffffff] (base 0xb0000000)
[    2.935698] PCI: MMCONFIG at [mem 0xb0000000-0xbfffffff] reserved in E820
[    2.945787] PCI: Using configuration type 1 for base access
[    2.951738] initcall pci_arch_init+0x0/0x71 returned 0 after 26367 usecs
[    2.959724] calling  init_vdso+0x0/0x13 @ 1
[    2.964731] initcall init_vdso+0x0/0x13 returned 0 after 0 usecs
[    2.971697] calling  sysenter_setup+0x0/0x13 @ 1
[    2.977727] initcall sysenter_setup+0x0/0x13 returned 0 after 0 usecs
[    2.984692] calling  fixup_ht_bug+0x0/0xe5 @ 1
[    2.989692] initcall fixup_ht_bug+0x0/0xe5 returned 0 after 0 usecs
[    2.997691] calling  topology_init+0x0/0x88 @ 1
[    3.003873] initcall topology_init+0x0/0x88 returned 0 after 976 usecs
[    3.010692] calling  intel_epb_init+0x0/0x68 @ 1
[    3.016693] initcall intel_epb_init+0x0/0x68 returned -19 after 0 usecs
[    3.023692] calling  mtrr_init_finialize+0x0/0x3e @ 1
[    3.029709] initcall mtrr_init_finialize+0x0/0x3e returned 0 after 0 usecs
[    3.037694] calling  uid_cache_init+0x0/0x85 @ 1
[    3.040727] initcall uid_cache_init+0x0/0x85 returned 0 after 0 usecs
[    3.049695] calling  param_sysfs_init+0x0/0x1ba @ 1
[    3.068463] initcall param_sysfs_init+0x0/0x1ba returned 0 after 11718 usecs
[    3.076696] calling  user_namespace_sysctl_init+0x0/0x33 @ 1
[    3.083713] initcall user_namespace_sysctl_init+0x0/0x33 returned 0 after 0 usecs
[    3.092694] calling  proc_schedstat_init+0x0/0x24 @ 1
[    3.098703] initcall proc_schedstat_init+0x0/0x24 returned 0 after 0 usecs
[    3.107703] calling  pm_sysrq_init+0x0/0x18 @ 1
[    3.112959] initcall pm_sysrq_init+0x0/0x18 returned 0 after 0 usecs
[    3.120961] calling  create_proc_profile+0x0/0xd0 @ 1
[    3.127704] initcall create_proc_profile+0x0/0xd0 returned 0 after 0 usecs
[    3.135694] calling  time_ns_init+0x0/0x7 @ 1
[    3.140694] initcall time_ns_init+0x0/0x7 returned 0 after 0 usecs
[    3.148693] calling  crash_save_vmcoreinfo_init+0x0/0x722 @ 1
[    3.155796] initcall crash_save_vmcoreinfo_init+0x0/0x722 returned 0 after 0 usecs
[    3.164693] calling  crash_notes_memory_init+0x0/0x35 @ 1
[    3.171701] initcall crash_notes_memory_init+0x0/0x35 returned 0 after 0 usecs
[    3.183695] calling  cgroup_sysfs_init+0x0/0x13 @ 1
[    3.189826] initcall cgroup_sysfs_init+0x0/0x13 returned 0 after 0 usecs
[    3.197712] calling  cgroup_namespaces_init+0x0/0x7 @ 1
[    3.204697] initcall cgroup_namespaces_init+0x0/0x7 returned 0 after 0 usecs
[    3.212694] calling  init_optprobes+0x0/0x13 @ 1
[    3.218747] Kprobes globally optimized
[    3.223697] initcall init_optprobes+0x0/0x13 returned 0 after 4882 usecs
[    3.232696] calling  oom_init+0x0/0x2f @ 1
[    3.238949] initcall oom_init+0x0/0x2f returned 0 after 976 usecs
[    3.248698] calling  default_bdi_init+0x0/0xb3 @ 1
[    3.258789] initcall default_bdi_init+0x0/0xb3 returned 0 after 2929 usecs
[    3.268696] calling  percpu_enable_async+0x0/0xe @ 1
[    3.274699] initcall percpu_enable_async+0x0/0xe returned 0 after 0 usecs
[    3.283694] calling  kcompactd_init+0x0/0x8d @ 1
[    3.290861] initcall kcompactd_init+0x0/0x8d returned 0 after 1953 usecs
[    3.298747] calling  init_user_reserve+0x0/0x40 @ 1
[    3.304697] initcall init_user_reserve+0x0/0x40 returned 0 after 0 usecs
[    3.312701] calling  init_admin_reserve+0x0/0x40 @ 1
[    3.317696] initcall init_admin_reserve+0x0/0x40 returned 0 after 0 usecs
[    3.325695] calling  init_reserve_notifier+0x0/0x7 @ 1
[    3.331693] initcall init_reserve_notifier+0x0/0x7 returned 0 after 0 usecs
[    3.340701] calling  swap_init_sysfs+0x0/0x62 @ 1
[    3.346720] initcall swap_init_sysfs+0x0/0x62 returned 0 after 0 usecs
[    3.354695] calling  swapfile_init+0x0/0x94 @ 1
[    3.359695] initcall swapfile_init+0x0/0x94 returned 0 after 0 usecs
[    3.367694] calling  hugetlb_init+0x0/0x49e @ 1
[    3.371697] HugeTLB registered 2.00 MiB page size, pre-allocated 0 pages
[    3.380683] initcall hugetlb_init+0x0/0x49e returned 0 after 7812 usecs
[    3.387696] calling  io_wq_init+0x0/0x34 @ 1
[    3.393699] initcall io_wq_init+0x0/0x34 returned 0 after 0 usecs
[    3.401694] calling  seqiv_module_init+0x0/0xc @ 1
[    3.408904] initcall seqiv_module_init+0x0/0xc returned 0 after 0 usecs
[    3.415694] calling  echainiv_module_init+0x0/0xc @ 1
[    3.420697] initcall echainiv_module_init+0x0/0xc returned 0 after 0 usecs
[    3.431919] calling  rsa_init+0x0/0x50 @ 1
[    3.441720] initcall rsa_init+0x0/0x50 returned 0 after 4882 usecs
[    3.443708] cryptomgr_test (67) used greatest stack depth: 14864 bytes left
[    3.450699] calling  crypto_cmac_module_init+0x0/0xc @ 1
[    3.464698] initcall crypto_cmac_module_init+0x0/0xc returned 0 after 0 usecs
[    3.473695] calling  hmac_module_init+0x0/0xc @ 1
[    3.479697] initcall hmac_module_init+0x0/0xc returned 0 after 0 usecs
[    3.487695] calling  crypto_null_mod_init+0x0/0x65 @ 1
[    3.512701] initcall crypto_null_mod_init+0x0/0x65 returned 0 after 19531 usecs
[    3.522692] calling  md5_mod_init+0x0/0xc @ 1
[    3.531699] initcall md5_mod_init+0x0/0xc returned 0 after 2929 usecs
[    3.539698] calling  sha256_generic_mod_init+0x0/0x11 @ 1
[    3.556702] initcall sha256_generic_mod_init+0x0/0x11 returned 0 after 9765 usecs
[    3.565705] calling  crypto_cbc_module_init+0x0/0xc @ 1
[    3.571698] initcall crypto_cbc_module_init+0x0/0xc returned 0 after 0 usecs
[    3.582696] calling  crypto_ctr_module_init+0x0/0x11 @ 1
[    3.588696] initcall crypto_ctr_module_init+0x0/0x11 returned 0 after 0 usecs
[    3.597694] calling  crypto_gcm_module_init+0x0/0x64 @ 1
[    3.604712] initcall crypto_gcm_module_init+0x0/0x64 returned 0 after 0 usecs
[    3.612693] calling  crypto_ccm_module_init+0x0/0x11 @ 1
[    3.619697] initcall crypto_ccm_module_init+0x0/0x11 returned 0 after 0 usecs
[    3.628695] calling  aes_init+0x0/0xc @ 1
[    3.634981] initcall aes_init+0x0/0xc returned 0 after 976 usecs
[    3.642693] calling  crc32c_mod_init+0x0/0xc @ 1
[    3.649898] initcall crc32c_mod_init+0x0/0xc returned 0 after 1953 usecs
[    3.658700] calling  crypto_authenc_module_init+0x0/0xc @ 1
[    3.666700] initcall crypto_authenc_module_init+0x0/0xc returned 0 after 0 usecs
[    3.677697] calling  crypto_authenc_esn_module_init+0x0/0xc @ 1
[    3.686699] initcall crypto_authenc_esn_module_init+0x0/0xc returned 0 after 0 usecs
[    3.695695] calling  drbg_init+0x0/0x7c @ 1
[    3.710846] initcall drbg_init+0x0/0x7c returned 0 after 9765 usecs
[    3.718697] calling  ghash_mod_init+0x0/0xc @ 1
[    3.724850] initcall ghash_mod_init+0x0/0xc returned 0 after 976 usecs
[    3.732694] calling  init_bio+0x0/0x9a @ 1
[    3.738692] initcall init_bio+0x0/0x9a returned 0 after 976 usecs
[    3.745712] calling  blk_settings_init+0x0/0x29 @ 1
[    3.751692] initcall blk_settings_init+0x0/0x29 returned 0 after 0 usecs
[    3.759691] calling  blk_ioc_init+0x0/0x29 @ 1
[    3.764698] initcall blk_ioc_init+0x0/0x29 returned 0 after 0 usecs
[    3.772694] calling  blk_mq_init+0x0/0xb9 @ 1
[    3.778735] initcall blk_mq_init+0x0/0xb9 returned 0 after 0 usecs
[    3.785692] calling  genhd_device_init+0x0/0x75 @ 1
[    3.794298] initcall genhd_device_init+0x0/0x75 returned 0 after 976 usecs
[    3.806731] calling  pci_slot_init+0x0/0x40 @ 1
[    3.813722] initcall pci_slot_init+0x0/0x40 returned 0 after 0 usecs
[    3.822700] calling  fbmem_init+0x0/0xd8 @ 1
[    3.829905] initcall fbmem_init+0x0/0xd8 returned 0 after 0 usecs
[    3.838699] calling  acpi_init+0x0/0x319 @ 1
[    3.843820] ACPI: Added _OSI(Module Device)
[    3.848691] ACPI: Added _OSI(Processor Device)
[    3.854691] ACPI: Added _OSI(3.0 _SCP Extensions)
[    3.859691] ACPI: Added _OSI(Processor Aggregator Device)
[    3.866695] ACPI: Added _OSI(Linux-Dell-Video)
[    3.871692] ACPI: Added _OSI(Linux-Lenovo-NV-HDMI-Audio)
[    3.877692] ACPI: Added _OSI(Linux-HPI-Hybrid-Graphics)
[    3.888585] ACPI: 1 ACPI AML tables successfully acquired and loaded
[    3.901824] ACPI: Interpreter enabled
[    3.905810] ACPI: (supports S0 S3 S4 S5)
[    3.910691] ACPI: Using IOAPIC for interrupt routing
[    3.916757] PCI: Using host bridge windows from ACPI; if necessary, use "pci=nocrs" and report a bug
[    3.928003] ACPI: Enabled 2 GPEs in block 00 to 3F
[    3.944918] ACPI: PCI Root Bridge [PCI0] (domain 0000 [bus 00-ff])
[    3.951701] acpi PNP0A08:00: _OSC: OS supports [ExtendedConfig ASPM ClockPM Segments MSI HPX-Type3]
[    3.963044] acpi PNP0A08:00: _OSC: platform does not support [LTR]
[    3.970929] acpi PNP0A08:00: _OSC: OS now controls [PME PCIeCapability]
[    3.979155] PCI host bridge to bus 0000:00
[    3.983712] pci_bus 0000:00: root bus resource [io  0x0000-0x0cf7 window]
[    3.991692] pci_bus 0000:00: root bus resource [io  0x0d00-0xffff window]
[    3.999693] pci_bus 0000:00: root bus resource [mem 0x000a0000-0x000bffff window]
[    4.008691] pci_bus 0000:00: root bus resource [mem 0x20000000-0xafffffff window]
[    4.017692] pci_bus 0000:00: root bus resource [mem 0xc0000000-0xfebfffff window]
[    4.025691] pci_bus 0000:00: root bus resource [mem 0x100000000-0x8ffffffff window]
[    4.034693] pci_bus 0000:00: root bus resource [bus 00-ff]
[    4.043169] pci 0000:00:00.0: calling  quirk_mmio_always_on+0x0/0x10 @ 1
[    4.050716] pci 0000:00:00.0: quirk_mmio_always_on+0x0/0x10 took 0 usecs
[    4.059711] pci 0000:00:00.0: [8086:29c0] type 00 class 0x060000
[    4.068582] pci 0000:00:00.0: calling  quirk_igfx_skip_te_disable+0x0/0x80 @ 1
[    4.077699] pci 0000:00:00.0: quirk_igfx_skip_te_disable+0x0/0x80 took 0 usecs
[    4.090538] pci 0000:00:01.0: [1234:1111] type 00 class 0x030000
[    4.108683] pci 0000:00:01.0: reg 0x10: [mem 0xfd000000-0xfdffffff pref]
[    4.136290] pci 0000:00:01.0: reg 0x18: [mem 0xfebf0000-0xfebf0fff]
[    4.176692] pci 0000:00:01.0: reg 0x30: [mem 0xfebe0000-0xfebeffff pref]
[    4.200690] pci 0000:00:01.0: calling  efifb_fixup_resources+0x0/0xf0 @ 1
[    4.209691] pci 0000:00:01.0: efifb_fixup_resources+0x0/0xf0 took 0 usecs
[    4.251692] pci 0000:00:1f.0: [8086:2918] type 00 class 0x060100
[    4.264691] pci 0000:00:1f.0: calling  quirk_ich7_lpc+0x0/0x60 @ 1
[    4.274054] pci 0000:00:1f.0: quirk: [io  0x0600-0x067f] claimed by ICH6 ACPI/GPIO/TCO
[    4.285699] pci 0000:00:1f.0: quirk_ich7_lpc+0x0/0x60 took 12695 usecs
[    4.293266] pci 0000:00:1f.0: calling  quirk_igfx_skip_te_disable+0x0/0x80 @ 1
[    4.301695] pci 0000:00:1f.0: quirk_igfx_skip_te_disable+0x0/0x80 took 0 usecs
[    4.316017] pci 0000:00:1f.2: [8086:2922] type 00 class 0x010601
[    4.331697] pci 0000:00:1f.2: reg 0x20: [io  0xc040-0xc05f]
[    4.338092] pci 0000:00:1f.2: reg 0x24: [mem 0xfebf1000-0xfebf1fff]
[    4.349305] pci 0000:00:1f.2: calling  quirk_igfx_skip_te_disable+0x0/0x80 @ 1
[    4.356703] pci 0000:00:1f.2: quirk_igfx_skip_te_disable+0x0/0x80 took 0 usecs
[    4.366259] pci 0000:00:1f.3: [8086:2930] type 00 class 0x0c0500
[    4.381440] pci 0000:00:1f.3: reg 0x20: [io  0x0700-0x073f]
[    4.393720] pci 0000:00:1f.3: calling  quirk_igfx_skip_te_disable+0x0/0x80 @ 1
[    4.402700] pci 0000:00:1f.3: quirk_igfx_skip_te_disable+0x0/0x80 took 0 usecs
[    4.437683] ACPI: PCI Interrupt Link [LNKA] (IRQs 5 *10 11)
[    4.447745] ACPI: PCI Interrupt Link [LNKB] (IRQs 5 *10 11)
[    4.455201] ACPI: PCI Interrupt Link [LNKC] (IRQs 5 10 *11)
[    4.462281] ACPI: PCI Interrupt Link [LNKD] (IRQs 5 10 *11)
[    4.470833] ACPI: PCI Interrupt Link [LNKE] (IRQs 5 *10 11)
[    4.477183] ACPI: PCI Interrupt Link [LNKF] (IRQs 5 *10 11)
[    4.486977] ACPI: PCI Interrupt Link [LNKG] (IRQs 5 10 *11)
[    4.494260] ACPI: PCI Interrupt Link [LNKH] (IRQs 5 10 *11)
[    4.501988] ACPI: PCI Interrupt Link [GSIA] (IRQs *16)
[    4.508707] ACPI: PCI Interrupt Link [GSIB] (IRQs *17)
[    4.514812] ACPI: PCI Interrupt Link [GSIC] (IRQs *18)
[    4.522787] ACPI: PCI Interrupt Link [GSID] (IRQs *19)
[    4.528801] ACPI: PCI Interrupt Link [GSIE] (IRQs *20)
[    4.535745] ACPI: PCI Interrupt Link [GSIF] (IRQs *21)
[    4.542754] ACPI: PCI Interrupt Link [GSIG] (IRQs *22)
[    4.548872] ACPI: PCI Interrupt Link [GSIH] (IRQs *23)
[    4.565264] initcall acpi_init+0x0/0x319 returned 0 after 704101 usecs
[    4.574832] calling  pnp_init+0x0/0xc @ 1
[    4.580771] initcall pnp_init+0x0/0xc returned 0 after 0 usecs
[    4.589697] calling  misc_init+0x0/0xbf @ 1
[    4.596712] initcall misc_init+0x0/0xbf returned 0 after 976 usecs
[    4.604698] calling  iommu_subsys_init+0x0/0x4e @ 1
[    4.611760] iommu: Default domain type: Translated 
[    4.617695] initcall iommu_subsys_init+0x0/0x4e returned 0 after 5859 usecs
[    4.624694] calling  vga_arb_device_init+0x0/0x261 @ 1
[    4.634915] pci 0000:00:01.0: vgaarb: setting as boot VGA device
[    4.635683] pci 0000:00:01.0: vgaarb: VGA device added: decodes=io+mem,owns=io+mem,locks=none
[    4.650699] pci 0000:00:01.0: vgaarb: bridge control possible
[    4.657705] vgaarb: loaded
[    4.660694] initcall vga_arb_device_init+0x0/0x261 returned 0 after 29296 usecs
[    4.668778] calling  cn_init+0x0/0xf0 @ 1
[    4.675762] initcall cn_init+0x0/0xf0 returned 0 after 976 usecs
[    4.684695] calling  dma_buf_init+0x0/0xad @ 1
[    4.692245] initcall dma_buf_init+0x0/0xad returned 0 after 976 usecs
[    4.700717] calling  dma_resv_lockdep+0x0/0x281 @ 1
[    4.708114] initcall dma_resv_lockdep+0x0/0x281 returned 0 after 976 usecs
[    4.715693] calling  init_scsi+0x0/0x79 @ 1
[    4.721844] SCSI subsystem initialized
[    4.725693] initcall init_scsi+0x0/0x79 returned 0 after 4882 usecs
[    4.732692] calling  ata_init+0x0/0x332 @ 1
[    4.741828] libata version 3.00 loaded.
[    4.745693] initcall ata_init+0x0/0x332 returned 0 after 7812 usecs
[    4.752694] calling  phy_init+0x0/0x250 @ 1
[    4.758074] initcall phy_init+0x0/0x250 returned 0 after 0 usecs
[    4.764693] calling  init_pcmcia_cs+0x0/0x35 @ 1
[    4.770690] initcall init_pcmcia_cs+0x0/0x35 returned 0 after 0 usecs
[    4.777692] calling  usb_common_init+0x0/0x1c @ 1
[    4.783777] initcall usb_common_init+0x0/0x1c returned 0 after 0 usecs
[    4.790691] calling  usb_init+0x0/0x12e @ 1
[    4.797738] ACPI: bus type USB registered
[    4.804615] usbcore: registered new interface driver usbfs
[    4.812815] usbcore: registered new interface driver hub
[    4.820762] usbcore: registered new device driver usb
[    4.826697] initcall usb_init+0x0/0x12e returned 0 after 28320 usecs
[    4.833694] calling  serio_init+0x0/0x29 @ 1
[    4.838761] initcall serio_init+0x0/0x29 returned 0 after 0 usecs
[    4.846693] calling  input_init+0x0/0xf6 @ 1
[    4.851746] initcall input_init+0x0/0xf6 returned 0 after 976 usecs
[    4.858692] calling  rtc_init+0x0/0x4d @ 1
[    4.863710] initcall rtc_init+0x0/0x4d returned 0 after 0 usecs
[    4.870691] calling  pps_init+0x0/0xa9 @ 1
[    4.875704] pps_core: LinuxPPS API ver. 1 registered
[    4.880689] pps_core: Software ver. 5.3.6 - Copyright 2005-2007 Rodolfo Giometti <giometti@linux.it>
[    4.891695] initcall pps_init+0x0/0xa9 returned 0 after 15625 usecs
[    4.898692] calling  ptp_init+0x0/0x98 @ 1
[    4.903752] PTP clock support registered
[    4.908692] initcall ptp_init+0x0/0x98 returned 0 after 4882 usecs
[    4.915692] calling  power_supply_class_init+0x0/0x3f @ 1
[    4.921754] initcall power_supply_class_init+0x0/0x3f returned 0 after 0 usecs
[    4.929702] calling  hwmon_init+0x0/0x104 @ 1
[    4.935760] initcall hwmon_init+0x0/0x104 returned 0 after 0 usecs
[    4.942691] calling  md_init+0x0/0x16b @ 1
[    4.949191] initcall md_init+0x0/0x16b returned 0 after 976 usecs
[    4.955706] calling  leds_init+0x0/0x3b @ 1
[    4.960729] initcall leds_init+0x0/0x3b returned 0 after 0 usecs
[    4.966695] calling  dmi_init+0x0/0x113 @ 1
[    4.971896] initcall dmi_init+0x0/0x113 returned 0 after 0 usecs
[    4.978692] calling  efisubsys_init+0x0/0x4e7 @ 1
[    4.984720] initcall efisubsys_init+0x0/0x4e7 returned 0 after 0 usecs
[    4.991691] calling  nvmem_init+0x0/0xc @ 1
[    4.996762] initcall nvmem_init+0x0/0xc returned 0 after 0 usecs
[    5.003691] calling  init_soundcore+0x0/0x33 @ 1
[    5.008726] initcall init_soundcore+0x0/0x33 returned 0 after 0 usecs
[    5.015690] calling  alsa_sound_init+0x0/0x8f @ 1
[    5.023101] Advanced Linux Sound Architecture Driver Initialized.
[    5.030694] initcall alsa_sound_init+0x0/0x8f returned 0 after 7812 usecs
[    5.038693] calling  alsa_seq_device_init+0x0/0x71 @ 1
[    5.043745] initcall alsa_seq_device_init+0x0/0x71 returned 0 after 0 usecs
[    5.051691] calling  hda_bus_init+0x0/0xc @ 1
[    5.057758] initcall hda_bus_init+0x0/0xc returned 0 after 0 usecs
[    5.064692] calling  proto_init+0x0/0xc @ 1
[    5.069738] initcall proto_init+0x0/0xc returned 0 after 0 usecs
[    5.076691] calling  net_dev_init+0x0/0x27f @ 1
[    5.083865] initcall net_dev_init+0x0/0x27f returned 0 after 1953 usecs
[    5.091694] calling  neigh_init+0x0/0x84 @ 1
[    5.095716] initcall neigh_init+0x0/0x84 returned 0 after 976 usecs
[    5.103692] calling  fib_notifier_init+0x0/0xc @ 1
[    5.108698] initcall fib_notifier_init+0x0/0xc returned 0 after 0 usecs
[    5.116692] calling  fib_rules_init+0x0/0xab @ 1
[    5.121733] initcall fib_rules_init+0x0/0xab returned 0 after 0 usecs
[    5.127692] calling  pktsched_init+0x0/0x10e @ 1
[    5.133839] initcall pktsched_init+0x0/0x10e returned 0 after 0 usecs
[    5.141700] calling  tc_filter_init+0x0/0xfa @ 1
[    5.146787] initcall tc_filter_init+0x0/0xfa returned 0 after 0 usecs
[    5.154697] calling  tc_action_init+0x0/0x54 @ 1
[    5.160700] initcall tc_action_init+0x0/0x54 returned 0 after 0 usecs
[    5.167694] calling  ethnl_init+0x0/0x52 @ 1
[    5.172904] initcall ethnl_init+0x0/0x52 returned 0 after 976 usecs
[    5.180711] calling  nexthop_init+0x0/0xd8 @ 1
[    5.186712] initcall nexthop_init+0x0/0xd8 returned 0 after 0 usecs
[    5.194707] calling  cipso_v4_init+0x0/0x8d @ 1
[    5.200854] initcall cipso_v4_init+0x0/0x8d returned 0 after 0 usecs
[    5.208695] calling  ieee80211_init+0x0/0x24 @ 1
[    5.213967] initcall ieee80211_init+0x0/0x24 returned 0 after 0 usecs
[    5.221695] calling  netlbl_init+0x0/0x78 @ 1
[    5.226706] NetLabel: Initializing
[    5.230692] NetLabel:  domain hash size = 128
[    5.235689] NetLabel:  protocols = UNLABELED CIPSOv4 CALIPSO
[    5.243699] NetLabel:  unlabeled traffic allowed by default
[    5.249696] initcall netlbl_init+0x0/0x78 returned 0 after 22460 usecs
[    5.257705] calling  rfkill_init+0x0/0x136 @ 1
[    5.264045] initcall rfkill_init+0x0/0x136 returned 0 after 976 usecs
[    5.271696] calling  pci_subsys_init+0x0/0x66 @ 1
[    5.277745] PCI: Using ACPI for IRQ routing
[    5.994683] PCI: pci_cache_line_size set to 64 bytes
[    6.003584] e820: reserve RAM buffer [mem 0x0009fc00-0x0009ffff]
[    6.011965] e820: reserve RAM buffer [mem 0x1ffdf000-0x1fffffff]
[    6.019391] initcall pci_subsys_init+0x0/0x66 returned 0 after 723632 usecs
[    6.030098] calling  nmi_warning_debugfs+0x0/0x26 @ 1
[    6.036975] initcall nmi_warning_debugfs+0x0/0x26 returned 0 after 976 usecs
[    6.044711] calling  save_microcode_in_initrd+0x0/0x51 @ 1
[    6.051692] initcall save_microcode_in_initrd+0x0/0x51 returned 0 after 976 usecs
[    6.059694] calling  hpet_late_init+0x0/0x207 @ 1
[    6.066128] hpet: 3 channels of 0 reserved for per-cpu timers
[    6.072948] hpet0: at MMIO 0xfed00000, IRQs 2, 8, 0
[    6.078733] hpet0: 3 comparators, 64-bit 100.000000 MHz counter
[    6.088693] initcall hpet_late_init+0x0/0x207 returned 0 after 22460 usecs
[    6.096694] calling  init_amd_nbs+0x0/0x11c @ 1
[    6.102755] initcall init_amd_nbs+0x0/0x11c returned 0 after 0 usecs
[    6.109709] calling  clocksource_done_booting+0x0/0x43 @ 1
[    6.119863] clocksource: Switched to clocksource kvm-clock
[    6.128811] initcall clocksource_done_booting+0x0/0x43 returned 0 after 12811 usecs
[    6.137791] calling  tracer_init_tracefs+0x0/0x248 @ 1
[    6.382855] initcall tracer_init_tracefs+0x0/0x248 returned 0 after 233222 usecs
[    6.391620] calling  init_trace_printk_function_export+0x0/0x2c @ 1
[    6.399086] initcall init_trace_printk_function_export+0x0/0x2c returned 0 after 17 usecs
[    6.408833] calling  init_kprobe_trace+0x0/0x1ab @ 1
[    6.414702] initcall init_kprobe_trace+0x0/0x1ab returned 0 after 22 usecs
[    6.423038] calling  init_dynamic_event+0x0/0x3d @ 1
[    6.429069] initcall init_dynamic_event+0x0/0x3d returned 0 after 15 usecs
[    6.437206] calling  init_uprobe_trace+0x0/0x5c @ 1
[    6.442969] initcall init_uprobe_trace+0x0/0x5c returned 0 after 56 usecs
[    6.450977] calling  init_pipe_fs+0x0/0x44 @ 1
[    6.456574] initcall init_pipe_fs+0x0/0x44 returned 0 after 368 usecs
[    6.464103] calling  inotify_user_setup+0x0/0x47 @ 1
[    6.470167] initcall inotify_user_setup+0x0/0x47 returned 0 after 245 usecs
[    6.478473] calling  eventpoll_init+0x0/0xeb @ 1
[    6.483907] initcall eventpoll_init+0x0/0xeb returned 0 after 76 usecs
[    6.491602] calling  anon_inode_init+0x0/0x58 @ 1
[    6.497407] initcall anon_inode_init+0x0/0x58 returned 0 after 227 usecs
[    6.505326] calling  proc_locks_init+0x0/0x27 @ 1
[    6.510946] initcall proc_locks_init+0x0/0x27 returned 0 after 114 usecs
[    6.518969] calling  iomap_init+0x0/0x1b @ 1
[    6.525702] initcall iomap_init+0x0/0x1b returned 0 after 909 usecs
[    6.533864] calling  dquot_init+0x0/0x106 @ 1
[    6.539096] VFS: Disk quotas dquot_6.6.0
[    6.544054] VFS: Dquot-cache hash table entries: 512 (order 0, 4096 bytes)
[    6.552152] initcall dquot_init+0x0/0x106 returned 0 after 12762 usecs
[    6.559635] calling  quota_init+0x0/0x23 @ 1
[    6.565192] initcall quota_init+0x0/0x23 returned 0 after 385 usecs
[    6.572336] calling  proc_cmdline_init+0x0/0x21 @ 1
[    6.578121] initcall proc_cmdline_init+0x0/0x21 returned 0 after 20 usecs
[    6.586619] calling  proc_consoles_init+0x0/0x24 @ 1
[    6.592871] initcall proc_consoles_init+0x0/0x24 returned 0 after 8 usecs
[    6.602955] calling  proc_cpuinfo_init+0x0/0x1e @ 1
[    6.610125] initcall proc_cpuinfo_init+0x0/0x1e returned 0 after 7 usecs
[    6.619989] calling  proc_devices_init+0x0/0x24 @ 1
[    6.626167] initcall proc_devices_init+0x0/0x24 returned 0 after 7 usecs
[    6.634053] calling  proc_interrupts_init+0x0/0x24 @ 1
[    6.640036] initcall proc_interrupts_init+0x0/0x24 returned 0 after 6 usecs
[    6.649339] calling  proc_loadavg_init+0x0/0x21 @ 1
[    6.655399] initcall proc_loadavg_init+0x0/0x21 returned 0 after 6 usecs
[    6.663407] calling  proc_meminfo_init+0x0/0x21 @ 1
[    6.669167] initcall proc_meminfo_init+0x0/0x21 returned 0 after 5 usecs
[    6.677302] calling  proc_stat_init+0x0/0x1e @ 1
[    6.682781] initcall proc_stat_init+0x0/0x1e returned 0 after 6 usecs
[    6.690809] calling  proc_uptime_init+0x0/0x21 @ 1
[    6.696771] initcall proc_uptime_init+0x0/0x21 returned 0 after 36 usecs
[    6.704751] calling  proc_version_init+0x0/0x21 @ 1
[    6.710826] initcall proc_version_init+0x0/0x21 returned 0 after 6 usecs
[    6.719120] calling  proc_softirqs_init+0x0/0x21 @ 1
[    6.725512] initcall proc_softirqs_init+0x0/0x21 returned 0 after 6 usecs
[    6.735325] calling  proc_kcore_init+0x0/0xea @ 1
[    6.741508] initcall proc_kcore_init+0x0/0xea returned 0 after 157 usecs
[    6.749968] calling  vmcore_init+0x0/0x57b @ 1
[    6.755629] initcall vmcore_init+0x0/0x57b returned 0 after 33 usecs
[    6.763394] calling  proc_kmsg_init+0x0/0x21 @ 1
[    6.769023] initcall proc_kmsg_init+0x0/0x21 returned 0 after 7 usecs
[    6.776830] calling  proc_page_init+0x0/0x3b @ 1
[    6.782560] initcall proc_page_init+0x0/0x3b returned 0 after 7 usecs
[    6.790687] calling  init_ramfs_fs+0x0/0xc @ 1
[    6.796493] initcall init_ramfs_fs+0x0/0xc returned 0 after 19 usecs
[    6.804698] calling  init_hugetlbfs_fs+0x0/0xf6 @ 1
[    6.811080] initcall init_hugetlbfs_fs+0x0/0xf6 returned 0 after 508 usecs
[    6.819675] calling  blk_scsi_ioctl_init+0x0/0x2a5 @ 1
[    6.826243] initcall blk_scsi_ioctl_init+0x0/0x2a5 returned 0 after 28 usecs
[    6.835291] calling  acpi_event_init+0x0/0x2c @ 1
[    6.841677] initcall acpi_event_init+0x0/0x2c returned 0 after 82 usecs
[    6.850308] calling  pnp_system_init+0x0/0xc @ 1
[    6.857157] initcall pnp_system_init+0x0/0xc returned 0 after 615 usecs
[    6.866207] calling  pnpacpi_init+0x0/0x69 @ 1
[    6.872116] pnp: PnP ACPI init
[    6.879085] pnp 00:00: Plug and Play ACPI device, IDs PNP0303 (active)
[    6.888005] pnp 00:01: Plug and Play ACPI device, IDs PNP0f13 (active)
[    6.896870] pnp 00:02: Plug and Play ACPI device, IDs PNP0400 (active)
[    6.905671] pnp 00:03: Plug and Play ACPI device, IDs PNP0501 (active)
[    6.914904] pnp 00:04: Plug and Play ACPI device, IDs PNP0b00 (active)
[    6.924427] system 00:05: [mem 0xb0000000-0xbfffffff window] has been reserved
[    6.934183] system 00:05: Plug and Play ACPI device, IDs PNP0c01 (active)
[    6.945618] pnp: PnP ACPI: found 6 devices
[    6.951099] initcall pnpacpi_init+0x0/0x69 returned 0 after 77137 usecs
[    6.959816] calling  chr_dev_init+0x0/0x14d @ 1
[    7.076065] initcall chr_dev_init+0x0/0x14d returned 0 after 107669 usecs
[    7.084888] calling  firmware_class_init+0x0/0x14a @ 1
[    7.091533] initcall firmware_class_init+0x0/0x14a returned 0 after 76 usecs
[    7.100564] calling  init_pcmcia_bus+0x0/0x5b @ 1
[    7.106851] initcall init_pcmcia_bus+0x0/0x5b returned 0 after 250 usecs
[    7.115668] calling  init_acpi_pm_clocksource+0x0/0xda @ 1
[    7.128485] clocksource: acpi_pm: mask: 0xffffff max_cycles: 0xffffff, max_idle_ns: 2085701024 ns
[    7.139444] initcall init_acpi_pm_clocksource+0x0/0xda returned 0 after 16092 usecs
[    7.149377] calling  sysctl_core_init+0x0/0x26 @ 1
[    7.155740] initcall sysctl_core_init+0x0/0x26 returned 0 after 128 usecs
[    7.164734] calling  eth_offload_init+0x0/0x13 @ 1
[    7.171577] initcall eth_offload_init+0x0/0x13 returned 0 after 342 usecs
[    7.182588] calling  ipv4_offload_init+0x0/0x73 @ 1
[    7.189387] initcall ipv4_offload_init+0x0/0x73 returned 0 after 294 usecs
[    7.199293] calling  inet_init+0x0/0x276 @ 1
[    7.205662] NET: Registered protocol family 2
[    7.215348] IP idents hash table entries: 8192 (order: 4, 65536 bytes, linear)
[    7.231650] tcp_listen_portaddr_hash hash table entries: 256 (order: 2, 20480 bytes, linear)
[    7.242733] TCP established hash table entries: 4096 (order: 3, 32768 bytes, linear)
[    7.252783] TCP bind hash table entries: 4096 (order: 6, 294912 bytes, linear)
[    7.263977] TCP: Hash tables configured (established 4096 bind 4096)
[    7.273470] UDP hash table entries: 256 (order: 3, 40960 bytes, linear)
[    7.282164] UDP-Lite hash table entries: 256 (order: 3, 40960 bytes, linear)
[    7.291530] initcall inet_init+0x0/0x276 returned 0 after 84323 usecs
[    7.299641] calling  af_unix_init+0x0/0x4d @ 1
[    7.305314] NET: Registered protocol family 1
[    7.311386] initcall af_unix_init+0x0/0x4d returned 0 after 5941 usecs
[    7.319896] calling  ipv6_offload_init+0x0/0x7e @ 1
[    7.326428] initcall ipv6_offload_init+0x0/0x7e returned 0 after 31 usecs
[    7.335346] calling  init_sunrpc+0x0/0x65 @ 1
[    7.350978] RPC: Registered named UNIX socket transport module.
[    7.360209] RPC: Registered udp transport module.
[    7.367547] RPC: Registered tcp transport module.
[    7.374930] RPC: Registered tcp NFSv4.1 backchannel transport module.
[    7.384535] initcall init_sunrpc+0x0/0x65 returned 0 after 42294 usecs
[    7.394504] calling  cfg80211_init+0x0/0xc5 @ 1
[    7.404009] initcall cfg80211_init+0x0/0xc5 returned 0 after 2721 usecs
[    7.413860] calling  pcibios_assign_resources+0x0/0xbf @ 1
[    7.422467] pci_bus 0000:00: resource 4 [io  0x0000-0x0cf7 window]
[    7.431809] pci_bus 0000:00: resource 5 [io  0x0d00-0xffff window]
[    7.441381] pci_bus 0000:00: resource 6 [mem 0x000a0000-0x000bffff window]
[    7.451673] pci_bus 0000:00: resource 7 [mem 0x20000000-0xafffffff window]
[    7.461902] pci_bus 0000:00: resource 8 [mem 0xc0000000-0xfebfffff window]
[    7.472447] pci_bus 0000:00: resource 9 [mem 0x100000000-0x8ffffffff window]
[    7.483304] initcall pcibios_assign_resources+0x0/0xbf returned 0 after 59563 usecs
[    7.494153] calling  pci_apply_final_quirks+0x0/0x124 @ 1
[    7.503980] pci 0000:00:01.0: calling  pci_fixup_video+0x0/0xe0 @ 1
[    7.513100] pci 0000:00:01.0: Video device with shadowed ROM at [mem 0x000c0000-0x000dffff]
[    7.523620] pci 0000:00:01.0: pci_fixup_video+0x0/0xe0 took 11077 usecs
[    7.532308] PCI: CLS 0 bytes, default 64
[    7.537035] initcall pci_apply_final_quirks+0x0/0x124 returned 0 after 33984 usecs
[    7.546359] calling  acpi_reserve_resources+0x0/0xea @ 1
[    7.552884] initcall acpi_reserve_resources+0x0/0xea returned 0 after 30 usecs
[    7.561937] calling  populate_rootfs+0x0/0x102 @ 1
[    7.570963] initcall populate_rootfs+0x0/0x102 returned 0 after 3047 usecs
[    7.579434] calling  pci_iommu_init+0x0/0x3e @ 1
[    7.585271] initcall pci_iommu_init+0x0/0x3e returned 0 after 159 usecs
[    7.593279] calling  ia32_binfmt_init+0x0/0x13 @ 1
[    7.599082] initcall ia32_binfmt_init+0x0/0x13 returned 0 after 132 usecs
[    7.607186] calling  rapl_pmu_init+0x0/0x267 @ 1
[    7.614267] initcall rapl_pmu_init+0x0/0x267 returned -19 after 170 usecs
[    7.622423] calling  amd_uncore_init+0x0/0x310 @ 1
[    7.628325] initcall amd_uncore_init+0x0/0x310 returned -19 after 0 usecs
[    7.636348] calling  amd_ibs_init+0x0/0x25f @ 1
[    7.641720] initcall amd_ibs_init+0x0/0x25f returned -19 after 0 usecs
[    7.649517] calling  amd_iommu_pc_init+0x0/0x22c @ 1
[    7.655568] initcall amd_iommu_pc_init+0x0/0x22c returned -19 after 37 usecs
[    7.664042] calling  msr_init+0x0/0x55 @ 1
[    7.669320] initcall msr_init+0x0/0x55 returned 0 after 157 usecs
[    7.676631] calling  intel_uncore_init+0x0/0x36f @ 1
[    7.682885] initcall intel_uncore_init+0x0/0x36f returned -19 after 158 usecs
[    7.691435] calling  cstate_pmu_init+0x0/0x1a1 @ 1
[    7.709447] initcall cstate_pmu_init+0x0/0x1a1 returned -19 after 205 usecs
[    7.718635] calling  register_kernel_offset_dumper+0x0/0x1a @ 1
[    7.725932] initcall register_kernel_offset_dumper+0x0/0x1a returned 0 after 35 usecs
[    7.735348] calling  i8259A_init_ops+0x0/0x20 @ 1
[    7.741430] initcall i8259A_init_ops+0x0/0x20 returned 0 after 214 usecs
[    7.751944] calling  init_tsc_clocksource+0x0/0xa4 @ 1
[    7.759339] clocksource: tsc: mask: 0xffffffffffffffff max_cycles: 0x39a85afc727, max_idle_ns: 881590685098 ns
[    7.774665] initcall init_tsc_clocksource+0x0/0xa4 returned 0 after 15073 usecs
[    7.785768] calling  add_rtc_cmos+0x0/0xb0 @ 1
[    7.792333] initcall add_rtc_cmos+0x0/0xb0 returned 0 after 287 usecs
[    7.800443] calling  i8237A_init_ops+0x0/0x3a @ 1
[    7.806942] initcall i8237A_init_ops+0x0/0x3a returned 0 after 326 usecs
[    7.815383] calling  umwait_init+0x0/0x94 @ 1
[    7.821137] initcall umwait_init+0x0/0x94 returned -19 after 17 usecs
[    7.831067] calling  thermal_throttle_init_device+0x0/0x3d @ 1
[    7.839863] initcall thermal_throttle_init_device+0x0/0x3d returned 0 after 36 usecs
[    7.850974] calling  msr_init+0x0/0xd7 @ 1
[    7.888917] initcall msr_init+0x0/0xd7 returned 0 after 31276 usecs
[    7.898081] calling  cpuid_init+0x0/0xd7 @ 1
[    7.922073] initcall cpuid_init+0x0/0xd7 returned 0 after 17162 usecs
[    7.931022] calling  ioapic_init_ops+0x0/0x13 @ 1
[    7.937646] initcall ioapic_init_ops+0x0/0x13 returned 0 after 28 usecs
[    7.947308] calling  add_pcspkr+0x0/0x6c @ 1
[    7.953665] initcall add_pcspkr+0x0/0x6c returned 0 after 406 usecs
[    7.962489] calling  start_periodic_check_for_corruption+0x0/0x30 @ 1
[    7.971272] check: Scanning for low memory corruption every 60 seconds
[    7.980563] initcall start_periodic_check_for_corruption+0x0/0x30 returned 0 after 9113 usecs
[    7.992304] calling  sysfb_init+0x0/0x9c @ 1
[    7.998377] initcall sysfb_init+0x0/0x9c returned 0 after 158 usecs
[    8.007037] calling  audit_classes_init+0x0/0xae @ 1
[    8.013808] initcall audit_classes_init+0x0/0xae returned 0 after 152 usecs
[    8.022922] calling  iosf_mbi_init+0x0/0x24 @ 1
[    8.029834] initcall iosf_mbi_init+0x0/0x24 returned 0 after 826 usecs
[    8.038373] calling  proc_execdomains_init+0x0/0x21 @ 1
[    8.045431] initcall proc_execdomains_init+0x0/0x21 returned 0 after 156 usecs
[    8.054791] calling  register_warn_debugfs+0x0/0x23 @ 1
[    8.062029] initcall register_warn_debugfs+0x0/0x23 returned 0 after 460 usecs
[    8.071551] calling  cpuhp_sysfs_init+0x0/0x79 @ 1
[    8.078114] initcall cpuhp_sysfs_init+0x0/0x79 returned 0 after 432 usecs
[    8.087006] calling  ioresources_init+0x0/0x49 @ 1
[    8.093169] initcall ioresources_init+0x0/0x49 returned 0 after 12 usecs
[    8.101783] calling  lockdep_proc_init+0x0/0x64 @ 1
[    8.108367] initcall lockdep_proc_init+0x0/0x64 returned 0 after 221 usecs
[    8.118759] calling  snapshot_device_init+0x0/0xc @ 1
[    8.127473] initcall snapshot_device_init+0x0/0xc returned 0 after 1908 usecs
[    8.138187] calling  irq_pm_init_ops+0x0/0x13 @ 1
[    8.145906] initcall irq_pm_init_ops+0x0/0x13 returned 0 after 196 usecs
[    8.155200] calling  rcu_torture_init+0x0/0x9be @ 1
[    8.162400] rcu-torture:--- Start of test: nreaders=7 nfakewriters=4 stat_interval=15 verbose=1 test_no_idle_hz=1 shuffle_interval=3 stutter=5 irqreader=1 fqs_duration=0 fqs_holdoff=0 fqs_stutter=3 test_boost=1/0 test_boost_interval=7 test_boost_duration=4 shutdown_secs=1800 stall_cpu=0 stall_cpu_holdoff=10 stall_cpu_irqsoff=0 stall_cpu_block=0 n_barrier_cbs=4 onoff_interval=1000 onoff_holdoff=30 read_exit_delay=13 read_exit_burst=16
[    8.215354] rcu:  Start-test grace-period state: g-1044 f0x0
[    8.222848] rcu-torture: Creating rcu_torture_writer task
[    8.233446] rcu-torture: Creating rcu_torture_fakewriter task
[    8.233942] rcu-torture: rcu_torture_writer task started
[    8.243316] rcu-torture: Creating rcu_torture_fakewriter task
[    8.243604] rcu-torture: rcu_torture_fakewriter task started
[    8.249250] rcu-torture: GP expediting controlled from boot/sysfs for rcu.
[    8.249255] rcu_torture_writer: Testing conditional GPs.
[    8.249257] rcu_torture_writer: Testing expedited GPs.
[    8.249258] rcu_torture_writer: Testing asynchronous GPs.
[    8.249260] rcu_torture_writer: Testing normal GPs.
[    8.304458] rcu-torture: Creating rcu_torture_fakewriter task
[    8.305124] rcu-torture: rcu_torture_fakewriter task started
[    8.314085] rcu-torture: Creating rcu_torture_fakewriter task
[    8.314353] rcu-torture: rcu_torture_fakewriter task started
[    8.336035] rcu-torture: Creating rcu_torture_reader task
[    8.336307] rcu-torture: rcu_torture_fakewriter task started
[    8.345272] rcu-torture: Creating rcu_torture_reader task
[    8.345607] rcu-torture: rcu_torture_reader task started
[    8.367485] rcu-torture: Creating rcu_torture_reader task
[    8.368023] rcu-torture: rcu_torture_reader task started
[    8.377302] rcu-torture: Creating rcu_torture_reader task
[    8.377549] rcu-torture: rcu_torture_reader task started
[    8.399073] rcu-torture: Creating rcu_torture_reader task
[    8.399174] rcu-torture: rcu_torture_reader task started
[    8.408474] rcu-torture: Creating rcu_torture_reader task
[    8.408476] rcu-torture: rcu_torture_reader task started
[    8.430296] rcu-torture: Creating rcu_torture_reader task
[    8.430645] rcu-torture: rcu_torture_reader task started
[    8.438886] rcu-torture: rcu_torture_reader task started
[    8.439123] rcu-torture: Creating rcu_torture_stats task
[    8.445198] rcu-torture: Creating torture_shuffle task
[    8.445226] rcu-torture: rcu_torture_stats task started
[    8.474607] rcu-torture: Creating torture_stutter task
[    8.474926] rcu-torture: torture_shuffle task started
[    8.482656] rcu-torture: torture_stutter task started
[    8.482666] rcu-torture: Creating torture_shutdown task
[    8.486851] rcu-torture: Creating torture_onoff task
[    8.486887] rcu-torture: torture_shutdown task started
[    8.486890] rcu-torture:torture_shutdown task: 1799995 ms remaining
[    8.487873] rcu-torture: Creating rcu_torture_fwd_prog task
[    8.487876] rcu-torture: torture_onoff task started
[    8.487878] rcu-torture: torture_onoff begin holdoff
[    8.488881] rcu-torture: Creating rcu_torture_barrier_cbs task
[    8.488889] rcu-torture: rcu_torture_fwd_progress task started
[    8.489927] rcu-torture: rcu_torture_barrier_cbs task started
[    8.490021] rcu-torture: Creating rcu_torture_barrier_cbs task
[    8.490832] rcu-torture: Creating rcu_torture_barrier_cbs task
[    8.490837] rcu-torture: rcu_torture_barrier_cbs task started
[    8.491466] rcu-torture: Creating rcu_torture_barrier_cbs task
[    8.491486] rcu-torture: rcu_torture_barrier_cbs task started
[    8.492240] rcu-torture: Creating rcu_torture_barrier task
[    8.492262] rcu-torture: rcu_torture_barrier_cbs task started
[    8.493018] rcu-torture: Creating rcu_torture_read_exit task
[    8.493027] rcu-torture: rcu_torture_barrier task starting
[    8.494357] rcu-torture: rcu_torture_read_exit: Start of test
[    8.494399] initcall rcu_torture_init+0x0/0x9be returned 0 after 324913 usecs
[    8.494404] calling  timekeeping_init_ops+0x0/0x13 @ 1
[    8.494420] initcall timekeeping_init_ops+0x0/0x13 returned 0 after 13 usecs
[    8.494422] calling  init_clocksource_sysfs+0x0/0x23 @ 1
[    8.494923] initcall init_clocksource_sysfs+0x0/0x23 returned 0 after 483 usecs
[    8.494939] calling  init_timer_list_procfs+0x0/0x31 @ 1
[    8.495001] initcall init_timer_list_procfs+0x0/0x31 returned 0 after 57 usecs
[    8.495019] calling  alarmtimer_init+0x0/0xf5 @ 1
[    8.495363] initcall alarmtimer_init+0x0/0xf5 returned 0 after 331 usecs
[    8.732344] calling  init_posix_timers+0x0/0x29 @ 1
[    8.740345] initcall init_posix_timers+0x0/0x29 returned 0 after 836 usecs
[    8.750310] calling  clockevents_init_sysfs+0x0/0xbf @ 1
[    8.759006] initcall clockevents_init_sysfs+0x0/0xbf returned 0 after 762 usecs
[    8.769996] calling  proc_dma_init+0x0/0x21 @ 1
[    8.775592] initcall proc_dma_init+0x0/0x21 returned 0 after 21 usecs
[    8.783282] calling  proc_modules_init+0x0/0x1e @ 1
[    8.789451] initcall proc_modules_init+0x0/0x1e returned 0 after 7 usecs
[    8.797527] calling  kallsyms_init+0x0/0x21 @ 1
[    8.803021] initcall kallsyms_init+0x0/0x21 returned 0 after 6 usecs
[    8.810544] calling  pid_namespaces_init+0x0/0x2c @ 1
[    8.816982] initcall pid_namespaces_init+0x0/0x2c returned 0 after 21 usecs
[    8.825504] calling  audit_watch_init+0x0/0x37 @ 1
[    8.831573] initcall audit_watch_init+0x0/0x37 returned 0 after 19 usecs
[    8.839948] calling  audit_fsnotify_init+0x0/0x37 @ 1
[    8.846413] initcall audit_fsnotify_init+0x0/0x37 returned 0 after 3 usecs
[    8.855306] calling  audit_tree_init+0x0/0x6d @ 1
[    8.861756] initcall audit_tree_init+0x0/0x6d returned 0 after 12 usecs
[    8.870655] calling  seccomp_sysctl_init+0x0/0x2b @ 1
[    8.877802] initcall seccomp_sysctl_init+0x0/0x2b returned 0 after 163 usecs
[    8.887262] calling  utsname_sysctl_init+0x0/0x13 @ 1
[    8.894042] initcall utsname_sysctl_init+0x0/0x13 returned 0 after 74 usecs
[    8.903115] calling  init_tracepoints+0x0/0x27 @ 1
[    8.909636] initcall init_tracepoints+0x0/0x27 returned 0 after 33 usecs
[    8.918696] calling  init_blk_tracer+0x0/0x50 @ 1
[    8.927972] initcall init_blk_tracer+0x0/0x50 returned 0 after 2888 usecs
[    8.937391] calling  perf_event_sysfs_init+0x0/0x83 @ 1
[    8.946206] initcall perf_event_sysfs_init+0x0/0x83 returned 0 after 1649 usecs
[    8.956016] calling  system_trusted_keyring_init+0x0/0x60 @ 1
[    8.963855] Initialise system trusted keyrings
[    8.970385] initcall system_trusted_keyring_init+0x0/0x60 returned 0 after 6374 usecs
[    8.981199] calling  kswapd_init+0x0/0x5c @ 1
[    8.989262] initcall kswapd_init+0x0/0x5c returned 0 after 2195 usecs
[    8.998042] calling  extfrag_debug_init+0x0/0x54 @ 1
[    9.007389] initcall extfrag_debug_init+0x0/0x54 returned 0 after 925 usecs
[    9.016778] calling  mm_compute_batch_init+0x0/0x12 @ 1
[    9.024291] initcall mm_compute_batch_init+0x0/0x12 returned 0 after 223 usecs
[    9.033812] calling  slab_proc_init+0x0/0x21 @ 1
[    9.058882] initcall slab_proc_init+0x0/0x21 returned 0 after 6215 usecs
[    9.073835] calling  workingset_init+0x0/0x8c @ 1
[    9.080183] workingset: timestamp_bits=56 max_order=17 bucket_order=0
[    9.089567] initcall workingset_init+0x0/0x8c returned 0 after 9203 usecs
[    9.099311] calling  proc_vmalloc_init+0x0/0x32 @ 1
[    9.106676] initcall proc_vmalloc_init+0x0/0x32 returned 0 after 64 usecs
[    9.116943] calling  procswaps_init+0x0/0x1e @ 1
[    9.124048] initcall procswaps_init+0x0/0x1e returned 0 after 169 usecs
[    9.133579] calling  slab_sysfs_init+0x0/0xec @ 1
[    9.171056] initcall slab_sysfs_init+0x0/0xec returned 0 after 29247 usecs
[    9.181655] calling  fcntl_init+0x0/0x29 @ 1
[    9.188653] initcall fcntl_init+0x0/0x29 returned 0 after 1114 usecs
[    9.197428] calling  proc_filesystems_init+0x0/0x21 @ 1
[    9.204563] initcall proc_filesystems_init+0x0/0x21 returned 0 after 28 usecs
[    9.214055] calling  start_dirtytime_writeback+0x0/0x29 @ 1
[    9.221865] initcall start_dirtytime_writeback+0x0/0x29 returned 0 after 157 usecs
[    9.232018] calling  blkdev_init+0x0/0x1b @ 1
[    9.239995] initcall blkdev_init+0x0/0x1b returned 0 after 1764 usecs
[    9.249044] calling  dio_init+0x0/0x2c @ 1
[    9.255281] initcall dio_init+0x0/0x2c returned 0 after 537 usecs
[    9.265566] calling  dnotify_init+0x0/0x78 @ 1
[    9.273559] initcall dnotify_init+0x0/0x78 returned 0 after 329 usecs
[    9.283930] calling  aio_setup+0x0/0x78 @ 1
[    9.298354] initcall aio_setup+0x0/0x78 returned 0 after 8105 usecs
[    9.306907] calling  io_uring_init+0x0/0x2c @ 1
[    9.313323] initcall io_uring_init+0x0/0x2c returned 0 after 12 usecs
[    9.322846] calling  mbcache_init+0x0/0x30 @ 1
[    9.329002] initcall mbcache_init+0x0/0x30 returned 0 after 172 usecs
[    9.337930] calling  init_grace+0x0/0xc @ 1
[    9.345179] initcall init_grace+0x0/0xc returned 0 after 342 usecs
[    9.354818] calling  init_v2_quota_format+0x0/0x21 @ 1
[    9.363227] initcall init_v2_quota_format+0x0/0x21 returned 0 after 392 usecs
[    9.374326] calling  init_devpts_fs+0x0/0x27 @ 1
[    9.383454] initcall init_devpts_fs+0x0/0x27 returned 0 after 1565 usecs
[    9.394295] calling  ext4_init_fs+0x0/0x1c2 @ 1
[    9.406632] initcall ext4_init_fs+0x0/0x1c2 returned 0 after 5499 usecs
[    9.415758] calling  journal_init+0x0/0x11c @ 1
[    9.423082] initcall journal_init+0x0/0x11c returned 0 after 841 usecs
[    9.432148] calling  init_fat_fs+0x0/0x49 @ 1
[    9.438682] initcall init_fat_fs+0x0/0x49 returned 0 after 355 usecs
[    9.447679] calling  init_vfat_fs+0x0/0xc @ 1
[    9.453965] initcall init_vfat_fs+0x0/0xc returned 0 after 94 usecs
[    9.462993] calling  init_msdos_fs+0x0/0xc @ 1
[    9.469267] initcall init_msdos_fs+0x0/0xc returned 0 after 4 usecs
[    9.478134] calling  init_iso9660_fs+0x0/0x6c @ 1
[    9.491204] initcall init_iso9660_fs+0x0/0x6c returned 0 after 6289 usecs
[    9.504050] calling  init_nfs_fs+0x0/0x13a @ 1
[    9.535509] initcall init_nfs_fs+0x0/0x13a returned 0 after 22149 usecs
[    9.549193] calling  init_nfs_v2+0x0/0x13 @ 1
[    9.557561] initcall init_nfs_v2+0x0/0x13 returned 0 after 228 usecs
[    9.569625] calling  init_nfs_v3+0x0/0x13 @ 1
[    9.577759] initcall init_nfs_v3+0x0/0x13 returned 0 after 3 usecs
[    9.589229] calling  init_nfs_v4+0x0/0x32 @ 1
[    9.597698] NFS: Registering the id_resolver key type
[    9.609565] Key type id_resolver registered
[    9.617622] Key type id_legacy registered
[    9.627099] initcall init_nfs_v4+0x0/0x32 returned 0 after 28858 usecs
[    9.638101] calling  init_nlm+0x0/0x5b @ 1
[    9.646017] initcall init_nlm+0x0/0x5b returned 0 after 461 usecs
[    9.657465] calling  init_nls_cp437+0x0/0xe @ 1
[    9.665843] initcall init_nls_cp437+0x0/0xe returned 0 after 374 usecs
[    9.677216] calling  init_nls_ascii+0x0/0xe @ 1
[    9.686010] initcall init_nls_ascii+0x0/0xe returned 0 after 2 usecs
[    9.696853] calling  init_nls_iso8859_1+0x0/0xe @ 1
[    9.705258] initcall init_nls_iso8859_1+0x0/0xe returned 0 after 2 usecs
[    9.715843] calling  init_nls_utf8+0x0/0x21 @ 1
[    9.723566] initcall init_nls_utf8+0x0/0x21 returned 0 after 3 usecs
[    9.735560] calling  init_autofs_fs+0x0/0x25 @ 1
[    9.765300] initcall init_autofs_fs+0x0/0x25 returned 0 after 22361 usecs
[    9.775436] calling  ipc_init+0x0/0x24 @ 1
[    9.782387] initcall ipc_init+0x0/0x24 returned 0 after 1023 usecs
[    9.790916] calling  ipc_sysctl_init+0x0/0x13 @ 1
[    9.798570] initcall ipc_sysctl_init+0x0/0x13 returned 0 after 840 usecs
[    9.808955] calling  init_mqueue_fs+0x0/0xb1 @ 1
[    9.820319] initcall init_mqueue_fs+0x0/0xb1 returned 0 after 4070 usecs
[    9.830285] calling  key_proc_init+0x0/0x63 @ 1
[    9.837574] initcall key_proc_init+0x0/0x63 returned 0 after 30 usecs
[    9.847119] calling  selinux_nf_ip_init+0x0/0x2e @ 1
[    9.855003] initcall selinux_nf_ip_init+0x0/0x2e returned 0 after 276 usecs
[    9.865485] calling  init_sel_fs+0x0/0x116 @ 1
[    9.872309] initcall init_sel_fs+0x0/0x116 returned 0 after 1 usecs
[    9.881529] calling  selnl_init+0x0/0x7c @ 1
[    9.890460] initcall selnl_init+0x0/0x7c returned 0 after 1884 usecs
[    9.900526] calling  sel_netif_init+0x0/0x36 @ 1
[    9.907826] initcall sel_netif_init+0x0/0x36 returned 0 after 1 usecs
[    9.917820] calling  sel_netnode_init+0x0/0x33 @ 1
[    9.925014] initcall sel_netnode_init+0x0/0x33 returned 0 after 1 usecs
[    9.934705] calling  sel_netport_init+0x0/0x33 @ 1
[    9.942282] initcall sel_netport_init+0x0/0x33 returned 0 after 0 usecs
[    9.952333] calling  aurule_init+0x0/0x2a @ 1
[    9.959082] initcall aurule_init+0x0/0x2a returned 0 after 2 usecs
[    9.968576] calling  crypto_algapi_init+0x0/0xc @ 1
[    9.975820] initcall crypto_algapi_init+0x0/0xc returned 0 after 10 usecs
[    9.986219] calling  jent_mod_init+0x0/0x2d @ 1
[   10.014616] initcall jent_mod_init+0x0/0x2d returned 0 after 21008 usecs
[   10.017613] cryptomgr_test (127) used greatest stack depth: 14616 bytes left
[   10.028004] calling  asymmetric_key_init+0x0/0xc @ 1
[   10.045640] Key type asymmetric registered
[   10.051899] initcall asymmetric_key_init+0x0/0xc returned 0 after 6109 usecs
[   10.065018] calling  x509_key_init+0x0/0xc @ 1
[   10.073666] Asymmetric key parser 'x509' registered
[   10.082028] initcall x509_key_init+0x0/0xc returned 0 after 8825 usecs
[   10.092339] calling  proc_genhd_init+0x0/0x41 @ 1
[   10.100095] initcall proc_genhd_init+0x0/0x41 returned 0 after 15 usecs
[   10.111545] calling  bsg_init+0x0/0x113 @ 1
[   10.119182] Block layer SCSI generic (bsg) driver version 0.4 loaded (major 251)
[   10.130133] initcall bsg_init+0x0/0x113 returned 0 after 11391 usecs
[   10.139822] calling  deadline_init+0x0/0xc @ 1
[   10.147006] io scheduler mq-deadline registered
[   10.153931] initcall deadline_init+0x0/0xc returned 0 after 6916 usecs
[   10.162949] calling  kyber_init+0x0/0xc @ 1
[   10.172193] io scheduler kyber registered
[   10.178367] initcall kyber_init+0x0/0xc returned 0 after 6103 usecs
[   10.187794] calling  mod_init+0x0/0x7 @ 1
[   10.194234] initcall mod_init+0x0/0x7 returned 0 after 0 usecs
[   10.203105] calling  percpu_counter_startup+0x0/0x55 @ 1
[   10.221552] initcall percpu_counter_startup+0x0/0x55 returned 0 after 8949 usecs
[   10.233097] calling  sg_pool_init+0x0/0xb4 @ 1
[   10.241032] initcall sg_pool_init+0x0/0xb4 returned 0 after 1387 usecs
[   10.250139] calling  pcie_portdrv_init+0x0/0x39 @ 1
[   10.258929] initcall pcie_portdrv_init+0x0/0x39 returned 0 after 1434 usecs
[   10.268708] calling  pci_proc_init+0x0/0x68 @ 1
[   10.275288] initcall pci_proc_init+0x0/0x68 returned 0 after 132 usecs
[   10.284393] calling  pci_hotplug_init+0x0/0x7 @ 1
[   10.291048] initcall pci_hotplug_init+0x0/0x7 returned 0 after 0 usecs
[   10.300273] calling  efifb_driver_init+0x0/0xe @ 1
[   10.307726] initcall efifb_driver_init+0x0/0xe returned 0 after 804 usecs
[   10.317203] calling  ged_driver_init+0x0/0xe @ 1
[   10.324128] initcall ged_driver_init+0x0/0xe returned 0 after 307 usecs
[   10.333784] calling  acpi_ac_init+0x0/0x92 @ 1
[   10.344154] initcall acpi_ac_init+0x0/0x92 returned 0 after 4126 usecs
[   10.353494] calling  acpi_button_driver_init+0x0/0x52 @ 1
[   10.363031] input: Power Button as /devices/LNXSYSTM:00/LNXPWRBN:00/input/input0
[   10.376683] ACPI: Power Button [PWRF]
[   10.383032] initcall acpi_button_driver_init+0x0/0x52 returned 0 after 21325 usecs
[   10.393666] calling  acpi_fan_driver_init+0x0/0xe @ 1
[   10.401215] initcall acpi_fan_driver_init+0x0/0xe returned 0 after 35 usecs
[   10.411218] calling  acpi_video_init+0x0/0xcb @ 1
[   10.418468] initcall acpi_video_init+0x0/0xcb returned 0 after 333 usecs
[   10.428491] calling  acpi_processor_driver_init+0x0/0xad @ 1
[   10.446551] initcall acpi_processor_driver_init+0x0/0xad returned 0 after 9800 usecs
[   10.457408] calling  acpi_thermal_init+0x0/0x71 @ 1
[   10.467288] initcall acpi_thermal_init+0x0/0x71 returned 0 after 2900 usecs
[   10.477393] calling  acpi_battery_init+0x0/0x32 @ 1
[   10.486434] initcall acpi_battery_init+0x0/0x32 returned 0 after 2028 usecs
[   10.495761] calling  bgrt_init+0x0/0xb6 @ 1
[   10.501769] initcall bgrt_init+0x0/0xb6 returned -19 after 0 usecs
[   10.512239] calling  gpio_clk_driver_init+0x0/0xe @ 1
[   10.525295] initcall gpio_clk_driver_init+0x0/0xe returned 0 after 574 usecs
[   10.534972] calling  plt_clk_driver_init+0x0/0xe @ 1
[   10.543905] initcall plt_clk_driver_init+0x0/0xe returned 0 after 51 usecs
[   10.555771] calling  virtio_pci_driver_init+0x0/0x15 @ 1
[   10.565637] initcall virtio_pci_driver_init+0x0/0x15 returned 0 after 251 usecs
[   10.577937] calling  n_null_init+0x0/0x1e @ 1
[   10.585503] initcall n_null_init+0x0/0x1e returned 0 after 79 usecs
[   10.596114] calling  pty_init+0x0/0x1e8 @ 1
[   10.609253] initcall pty_init+0x0/0x1e8 returned 0 after 6026 usecs
[   10.618385] calling  sysrq_init+0x0/0x62 @ 1
[   10.624672] initcall sysrq_init+0x0/0x62 returned 0 after 14 usecs
[   10.633899] calling  serial8250_init+0x0/0x17e @ 1
[   10.640662] Serial: 8250/16550 driver, 4 ports, IRQ sharing enabled
[   10.653519] 00:03: ttyS0 at I/O 0x3f8 (irq = 4, base_baud = 115200) is a 16550A
[   10.683103] initcall serial8250_init+0x0/0x17e returned 0 after 41530 usecs
[   10.693293] calling  serial_pci_driver_init+0x0/0x15 @ 1
[   10.701267] initcall serial_pci_driver_init+0x0/0x15 returned 0 after 412 usecs
[   10.711392] calling  exar_pci_driver_init+0x0/0x15 @ 1
[   10.718951] initcall exar_pci_driver_init+0x0/0x15 returned 0 after 134 usecs
[   10.729873] calling  lpss8250_pci_driver_init+0x0/0x15 @ 1
[   10.738034] initcall lpss8250_pci_driver_init+0x0/0x15 returned 0 after 89 usecs
[   10.749242] calling  mid8250_pci_driver_init+0x0/0x15 @ 1
[   10.758403] initcall mid8250_pci_driver_init+0x0/0x15 returned 0 after 48 usecs
[   10.768926] calling  virtio_console_init+0x0/0xff @ 1
[   10.777577] initcall virtio_console_init+0x0/0xff returned 0 after 846 usecs
[   10.788193] calling  hpet_init+0x0/0x64 @ 1
[   10.798979] initcall hpet_init+0x0/0x64 returned 0 after 4400 usecs
[   10.811118] calling  nvram_module_init+0x0/0x83 @ 1
[   10.823312] Non-volatile memory driver v1.3
[   10.830570] initcall nvram_module_init+0x0/0x83 returned 0 after 10662 usecs
[   10.843080] calling  hwrng_modinit+0x0/0x8a @ 1
[   10.852529] initcall hwrng_modinit+0x0/0x8a returned 0 after 2406 usecs
[   10.863189] calling  mod_init+0x0/0x48 @ 1
[   10.870534] initcall mod_init+0x0/0x48 returned -19 after 1 usecs
[   10.880201] calling  agp_init+0x0/0x23 @ 1
[   10.886353] Linux agpgart interface v0.103
[   10.893321] initcall agp_init+0x0/0x23 returned 0 after 6802 usecs
[   10.903095] calling  agp_amd64_mod_init+0x0/0x5 @ 1
[   10.911309] initcall agp_amd64_mod_init+0x0/0x5 returned -19 after 584 usecs
[   10.921296] calling  agp_intel_init+0x0/0x28 @ 1
[   10.929587] initcall agp_intel_init+0x0/0x28 returned 0 after 1724 usecs
[   10.940400] calling  drm_kms_helper_init+0x0/0x7 @ 1
[   10.949988] initcall drm_kms_helper_init+0x0/0x7 returned 0 after 218 usecs
[   10.961555] calling  drm_core_init+0x0/0xbd @ 1
[   10.970153] initcall drm_core_init+0x0/0xbd returned 0 after 1338 usecs
[   10.980609] calling  i915_init+0x0/0x6b @ 1
[   10.989223] initcall i915_init+0x0/0x6b returned 0 after 1662 usecs
[   10.999413] calling  cn_proc_init+0x0/0x35 @ 1
[   11.007142] initcall cn_proc_init+0x0/0x35 returned 0 after 155 usecs
[   11.015724] calling  topology_sysfs_init+0x0/0x27 @ 1
[   11.023452] initcall topology_sysfs_init+0x0/0x27 returned 0 after 562 usecs
[   11.033559] calling  cacheinfo_sysfs_init+0x0/0x27 @ 1
[   11.062520] initcall cacheinfo_sysfs_init+0x0/0x27 returned 0 after 21267 usecs
[   11.073659] calling  loop_init+0x0/0x16a @ 1
[   11.262849] loop: module loaded
[   11.269925] initcall loop_init+0x0/0x16a returned 0 after 185133 usecs
[   11.280740] calling  mac_hid_init+0x0/0x21 @ 1
[   11.287401] initcall mac_hid_init+0x0/0x21 returned 0 after 345 usecs
[   11.297240] calling  spi_transport_init+0x0/0x74 @ 1
[   11.305657] initcall spi_transport_init+0x0/0x74 returned 0 after 1317 usecs
[   11.316344] calling  init_sd+0x0/0x18c @ 1
[   11.325164] initcall init_sd+0x0/0x18c returned 0 after 2747 usecs
[   11.334119] calling  init_sr+0x0/0x43 @ 1
[   11.340105] initcall init_sr+0x0/0x43 returned 0 after 205 usecs
[   11.349409] calling  init_sg+0x0/0x1c0 @ 1
[   11.362710] initcall init_sg+0x0/0x1c0 returned 0 after 6945 usecs
[   11.372184] calling  ahci_pci_driver_init+0x0/0x15 @ 1
[   11.382948] ahci 0000:00:1f.2: version 3.0
[   11.399641] PCI Interrupt Link [GSIA] enabled at IRQ 16
[   11.435467] ahci 0000:00:1f.2: AHCI 0001.0000 32 slots 6 ports 1.5 Gbps 0x3f impl SATA mode
[   11.448171] ahci 0000:00:1f.2: flags: 64bit ncq only 
[   11.499000] scsi host0: ahci
[   11.519471] scsi host1: ahci
[   11.535258] scsi host2: ahci
[   11.551277] scsi host3: ahci
[   11.563536] scsi host4: ahci
[   11.580241] scsi host5: ahci
[   11.586456] ata1: SATA max UDMA/133 abar m4096@0xfebf1000 port 0xfebf1100 irq 24
[   11.598667] ata2: SATA max UDMA/133 abar m4096@0xfebf1000 port 0xfebf1180 irq 24
[   11.612206] ata3: SATA max UDMA/133 abar m4096@0xfebf1000 port 0xfebf1200 irq 24
[   11.625380] ata4: SATA max UDMA/133 abar m4096@0xfebf1000 port 0xfebf1280 irq 24
[   11.640281] ata5: SATA max UDMA/133 abar m4096@0xfebf1000 port 0xfebf1300 irq 24
[   11.652134] ata6: SATA max UDMA/133 abar m4096@0xfebf1000 port 0xfebf1380 irq 24
[   11.666750] initcall ahci_pci_driver_init+0x0/0x15 returned 0 after 279687 usecs
[   11.676640] calling  piix_init+0x0/0x26 @ 1
[   11.683477] initcall piix_init+0x0/0x26 returned 0 after 222 usecs
[   11.693152] calling  amd_pci_driver_init+0x0/0x15 @ 1
[   11.701534] initcall amd_pci_driver_init+0x0/0x15 returned 0 after 826 usecs
[   11.713644] calling  oldpiix_pci_driver_init+0x0/0x15 @ 1
[   11.723245] initcall oldpiix_pci_driver_init+0x0/0x15 returned 0 after 517 usecs
[   11.735298] calling  sch_pci_driver_init+0x0/0x15 @ 1
[   11.743792] initcall sch_pci_driver_init+0x0/0x15 returned 0 after 65 usecs
[   11.755755] calling  net_olddevs_init+0x0/0x55 @ 1
[   11.764161] initcall net_olddevs_init+0x0/0x55 returned 0 after 361 usecs
[   11.775087] calling  blackhole_netdev_init+0x0/0x78 @ 1
[   11.783692] initcall blackhole_netdev_init+0x0/0x78 returned 0 after 447 usecs
[   11.794133] calling  phy_module_init+0x0/0x13 @ 1
[   11.801171] initcall phy_module_init+0x0/0x13 returned 0 after 361 usecs
[   11.810442] calling  tg3_driver_init+0x0/0x15 @ 1
[   11.817272] initcall tg3_driver_init+0x0/0x15 returned 0 after 227 usecs
[   11.827044] calling  e100_init_module+0x0/0x4c @ 1
[   11.833905] e100: Intel(R) PRO/100 Network Driver
[   11.840894] e100: Copyright(c) 1999-2006 Intel Corporation
[   11.848994] initcall e100_init_module+0x0/0x4c returned 0 after 14729 usecs
[   11.859769] calling  e1000_init_module+0x0/0x72 @ 1
[   11.867269] e1000: Intel(R) PRO/1000 Network Driver
[   11.874259] e1000: Copyright (c) 1999-2006 Intel Corporation.
[   11.883479] initcall e1000_init_module+0x0/0x72 returned 0 after 15823 usecs
[   11.894920] calling  e1000_init_module+0x0/0x2d @ 1
[   11.903282] e1000e: Intel(R) PRO/1000 Network Driver
[   11.910672] e1000e: Copyright(c) 1999 - 2015 Intel Corporation.
[   11.919571] initcall e1000_init_module+0x0/0x2d returned 0 after 16010 usecs
[   11.929541] calling  sky2_init_module+0x0/0x21 @ 1
[   11.936445] sky2: driver version 1.30
[   11.942229] initcall sky2_init_module+0x0/0x21 returned 0 after 5643 usecs
[   11.952527] calling  forcedeth_pci_driver_init+0x0/0x15 @ 1
[   11.960440] initcall forcedeth_pci_driver_init+0x0/0x15 returned 0 after 148 usecs
[   11.970613] calling  rtl8139_init_module+0x0/0x15 @ 1
[   11.978074] initcall rtl8139_init_module+0x0/0x15 returned 0 after 233 usecs
[   11.988113] calling  rtl8169_pci_driver_init+0x0/0x15 @ 1
[   11.994621] ata1: SATA link down (SStatus 0 SControl 300)
[   11.996153] initcall rtl8169_pci_driver_init+0x0/0x15 returned 0 after 120 usecs
[   12.008055] ata2: SATA link down (SStatus 0 SControl 300)
[   12.015299] calling  cdrom_init+0x0/0xc @ 1
[   12.025983] ata3: SATA link up 1.5 Gbps (SStatus 113 SControl 300)
[   12.029600] initcall cdrom_init+0x0/0xc returned 0 after 185 usecs
[   12.047347] calling  nonstatic_sysfs_init+0x0/0xc @ 1
[   12.054146] ata3.00: ATAPI: QEMU DVD-ROM, 2.5+, max UDMA/100
[   12.058525] initcall nonstatic_sysfs_init+0x0/0xc returned 0 after 4 usecs
[   12.058529] calling  yenta_cardbus_driver_init+0x0/0x15 @ 1
[   12.058663] initcall yenta_cardbus_driver_init+0x0/0x15 returned 0 after 126 usecs
[   12.066934] ata3.00: applying bridge limits
[   12.076055] calling  mon_init+0x0/0x144 @ 1
[   12.077946] initcall mon_init+0x0/0x144 returned 0 after 1840 usecs
[   12.093862] ata6: SATA link down (SStatus 0 SControl 300)
[   12.101223] calling  ehci_hcd_init+0x0/0x56 @ 1
[   12.110142] ata5: SATA link down (SStatus 0 SControl 300)
[   12.114566] ehci_hcd: USB 2.0 'Enhanced' Host Controller (EHCI) Driver
[   12.124539] ata3.00: configured for UDMA/100
[   12.132838] initcall ehci_hcd_init+0x0/0x56 returned 0 after 17924 usecs
[   12.132843] calling  ehci_pci_init+0x0/0x64 @ 1
[   12.132846] ehci-pci: EHCI PCI platform driver
[   12.133065] initcall ehci_pci_init+0x0/0x64 returned 0 after 213 usecs
[   12.143084] ata4: SATA link down (SStatus 0 SControl 300)
[   12.148978] calling  ohci_hcd_mod_init+0x0/0x4e @ 1
[   12.163091] scsi 2:0:0:0: CD-ROM            QEMU     QEMU DVD-ROM     2.5+ PQ: 0 ANSI: 5
[   12.164448] ohci_hcd: USB 1.1 'Open' Host Controller (OHCI) Driver
[   12.164497] initcall ohci_hcd_mod_init+0x0/0x4e returned 0 after 63 usecs
[   12.280142] calling  ohci_pci_init+0x0/0x64 @ 1
[   12.287454] ohci-pci: OHCI PCI platform driver
[   12.298116] initcall ohci_pci_init+0x0/0x64 returned 0 after 10627 usecs
[   12.308689] calling  uhci_hcd_init+0x0/0xa8 @ 1
[   12.316069] uhci_hcd: USB Universal Host Controller Interface driver
[   12.328259] initcall uhci_hcd_init+0x0/0xa8 returned 0 after 11946 usecs
[   12.339340] calling  xhci_hcd_init+0x0/0x1e @ 1
[   12.348579] initcall xhci_hcd_init+0x0/0x1e returned 0 after 1395 usecs
[   12.359351] calling  xhci_pci_init+0x0/0x49 @ 1
[   12.367160] initcall xhci_pci_init+0x0/0x49 returned 0 after 283 usecs
[   12.378107] calling  usblp_driver_init+0x0/0x15 @ 1
[   12.387795] usbcore: registered new interface driver usblp
[   12.398127] initcall usblp_driver_init+0x0/0x15 returned 0 after 11062 usecs
[   12.408058] calling  usb_storage_driver_init+0x0/0x2a @ 1
[   12.416107] usbcore: registered new interface driver usb-storage
[   12.426462] initcall usb_storage_driver_init+0x0/0x2a returned 0 after 10668 usecs
[   12.438105] calling  i8042_init+0x0/0x4c2 @ 1
[   12.448449] i8042: PNP: PS/2 Controller [PNP0303:KBD,PNP0f13:MOU] at 0x60,0x64 irq 1,12
[   12.484095] serio: i8042 KBD port at 0x60,0x64 irq 1
[   12.490537] sr 2:0:0:0: [sr0] scsi3-mmc drive: 4x/4x cd/rw xa/form2 tray
[   12.492327] serio: i8042 AUX port at 0x60,0x64 irq 12
[   12.502036] cdrom: Uniform CD-ROM driver Revision: 3.20
[   12.509898] initcall i8042_init+0x0/0x4c2 returned 0 after 62534 usecs
[   12.527904] calling  serport_init+0x0/0x2c @ 1
[   12.534517] initcall serport_init+0x0/0x2c returned 0 after 69 usecs
[   12.544141] calling  input_leds_init+0x0/0xc @ 1
[   12.550501] initcall input_leds_init+0x0/0xc returned 0 after 94 usecs
[   12.559265] calling  evdev_init+0x0/0xc @ 1
[   12.569634] initcall evdev_init+0x0/0xc returned 0 after 4395 usecs
[   12.578022] calling  atkbd_init+0x0/0x21 @ 1
[   12.584029] initcall atkbd_init+0x0/0x21 returned 0 after 341 usecs
[   12.592433] calling  psmouse_init+0x0/0x7f @ 1
[   12.598941] initcall psmouse_init+0x0/0x7f returned 0 after 554 usecs
[   12.607623] calling  cmos_init+0x0/0x73 @ 1
[   12.614220] rtc_cmos 00:04: RTC can wake from S4
[   12.629922] rtc_cmos 00:04: registered as rtc0
[   12.635162] input: AT Translated Set 2 keyboard as /devices/platform/i8042/serio0/input/input1
[   12.637588] rtc_cmos 00:04: alarms up to one day, y3k, 242 bytes nvram, hpet irqs
[   12.659936] initcall cmos_init+0x0/0x73 returned 0 after 45717 usecs
[   12.670070] calling  smbalert_driver_init+0x0/0xe @ 1
[   12.678255] initcall smbalert_driver_init+0x0/0xe returned 0 after 71 usecs
[   12.688779] calling  i2c_i801_init+0x0/0xc5 @ 1
[   12.701185] i801_smbus 0000:00:1f.3: SMBus using PCI interrupt
[   12.716311] i2c i2c-0: 1/1 memory slots populated (from DMI)
[   12.724410] i2c i2c-0: Memory type 0x07 not supported yet, not instantiating SPD
[   12.735310] initcall i2c_i801_init+0x0/0xc5 returned 0 after 39203 usecs
[   12.745237] calling  ptp_kvm_init+0x0/0xf0 @ 1
[   12.756393] initcall ptp_kvm_init+0x0/0xf0 returned 0 after 4107 usecs
[   12.765475] calling  dm_init+0x0/0x3c @ 1
[   12.774941] device-mapper: ioctl: 4.43.0-ioctl (2020-10-01) initialised: dm-devel@redhat.com
[   12.780352] sr 2:0:0:0: Attached scsi CD-ROM sr0
[   12.787282] initcall dm_init+0x0/0x3c returned 0 after 15825 usecs
[   12.795508] sr 2:0:0:0: Attached scsi generic sg0 type 5
[   12.802856] calling  dm_mirror_init+0x0/0x29 @ 1
[   12.802865] initcall dm_mirror_init+0x0/0x29 returned 0 after 3 usecs
[   12.802868] calling  dm_dirty_log_init+0x0/0x4f @ 1
[   12.803036] initcall dm_dirty_log_init+0x0/0x4f returned 0 after 158 usecs
[   12.841915] calling  dm_zero_init+0x0/0x29 @ 1
[   12.848348] initcall dm_zero_init+0x0/0x29 returned 0 after 2 usecs
[   12.857527] calling  intel_pstate_init+0x0/0x50f @ 1
[   12.864731] intel_pstate: CPU model not supported
[   12.871276] initcall intel_pstate_init+0x0/0x50f returned -19 after 6717 usecs
[   12.880888] calling  haltpoll_init+0x0/0xc0 @ 1
[   12.887131] initcall haltpoll_init+0x0/0xc0 returned -19 after 27 usecs
[   12.902305] calling  efivars_sysfs_init+0x0/0x30 @ 1
[   12.908940] initcall efivars_sysfs_init+0x0/0x30 returned 0 after 31 usecs
[   12.918653] calling  esrt_sysfs_init+0x0/0x2a2 @ 1
[   12.925644] initcall esrt_sysfs_init+0x0/0x2a2 returned -38 after 16 usecs
[   12.935692] calling  hid_init+0x0/0x5c @ 1
[   12.942180] hid: raw HID events driver (C) Jiri Kosina
[   12.949999] initcall hid_init+0x0/0x5c returned 0 after 8004 usecs
[   12.958932] calling  hid_generic_init+0x0/0x15 @ 1
[   12.966053] initcall hid_generic_init+0x0/0x15 returned 0 after 84 usecs
[   12.975764] calling  a4_driver_init+0x0/0x15 @ 1
[   12.982581] initcall a4_driver_init+0x0/0x15 returned 0 after 43 usecs
[   12.992438] calling  apple_driver_init+0x0/0x15 @ 1
[   13.001875] initcall apple_driver_init+0x0/0x15 returned 0 after 2053 usecs
[   13.012204] calling  belkin_driver_init+0x0/0x15 @ 1
[   13.019607] initcall belkin_driver_init+0x0/0x15 returned 0 after 42 usecs
[   13.029644] calling  ch_driver_init+0x0/0x15 @ 1
[   13.036583] initcall ch_driver_init+0x0/0x15 returned 0 after 40 usecs
[   13.045967] calling  ch_driver_init+0x0/0x15 @ 1
[   13.052624] initcall ch_driver_init+0x0/0x15 returned 0 after 44 usecs
[   13.062033] calling  cp_driver_init+0x0/0x15 @ 1
[   13.069043] initcall cp_driver_init+0x0/0x15 returned 0 after 90 usecs
[   13.078596] calling  ez_driver_init+0x0/0x15 @ 1
[   13.085437] initcall ez_driver_init+0x0/0x15 returned 0 after 95 usecs
[   13.094976] calling  gyration_driver_init+0x0/0x15 @ 1
[   13.102151] initcall gyration_driver_init+0x0/0x15 returned 0 after 40 usecs
[   13.111947] calling  ite_driver_init+0x0/0x15 @ 1
[   13.119548] initcall ite_driver_init+0x0/0x15 returned 0 after 480 usecs
[   13.130343] calling  ks_driver_init+0x0/0x15 @ 1
[   13.138383] initcall ks_driver_init+0x0/0x15 returned 0 after 47 usecs
[   13.148115] calling  lg_driver_init+0x0/0x15 @ 1
[   13.154851] initcall lg_driver_init+0x0/0x15 returned 0 after 84 usecs
[   13.164240] calling  lg_g15_driver_init+0x0/0x15 @ 1
[   13.171945] initcall lg_g15_driver_init+0x0/0x15 returned 0 after 68 usecs
[   13.182816] calling  ms_driver_init+0x0/0x15 @ 1
[   13.189836] initcall ms_driver_init+0x0/0x15 returned 0 after 165 usecs
[   13.200418] calling  mr_driver_init+0x0/0x15 @ 1
[   13.207295] initcall mr_driver_init+0x0/0x15 returned 0 after 44 usecs
[   13.221534] calling  ntrig_driver_init+0x0/0x15 @ 1
[   13.229499] initcall ntrig_driver_init+0x0/0x15 returned 0 after 78 usecs
[   13.239295] calling  pl_driver_init+0x0/0x15 @ 1
[   13.250558] initcall pl_driver_init+0x0/0x15 returned 0 after 46 usecs
[   13.259647] calling  pl_driver_init+0x0/0x15 @ 1
[   13.266991] initcall pl_driver_init+0x0/0x15 returned 0 after 42 usecs
[   13.275043] calling  redragon_driver_init+0x0/0x15 @ 1
[   13.282088] initcall redragon_driver_init+0x0/0x15 returned 0 after 41 usecs
[   13.291923] calling  samsung_driver_init+0x0/0x15 @ 1
[   13.299153] initcall samsung_driver_init+0x0/0x15 returned 0 after 46 usecs
[   13.308923] calling  sony_init+0x0/0x38 @ 1
[   13.315132] initcall sony_init+0x0/0x38 returned 0 after 69 usecs
[   13.323758] calling  sp_driver_init+0x0/0x15 @ 1
[   13.330930] initcall sp_driver_init+0x0/0x15 returned 0 after 45 usecs
[   13.340236] calling  ts_driver_init+0x0/0x15 @ 1
[   13.346879] initcall ts_driver_init+0x0/0x15 returned 0 after 61 usecs
[   13.356397] calling  hid_init+0x0/0x58 @ 1
[   13.362162] usbcore: registered new interface driver usbhid
[   13.379848] input: ImExPS/2 Generic Explorer Mouse as /devices/platform/i8042/serio1/input/input3
[   13.384925] usbhid: USB HID core driver
[   13.384932] initcall hid_init+0x0/0x58 returned 0 after 22311 usecs
[   13.384936] calling  eeepc_laptop_init+0x0/0x57 @ 1
[   13.385358] initcall eeepc_laptop_init+0x0/0x57 returned -19 after 406 usecs
[   13.447054] calling  pmc_atom_init+0x0/0x27a @ 1
[   13.453658] initcall pmc_atom_init+0x0/0x27a returned -19 after 29 usecs
[   13.469812] calling  alsa_hwdep_init+0x0/0x5e @ 1
[   13.481202] initcall alsa_hwdep_init+0x0/0x5e returned 0 after 4426 usecs
[   13.490748] calling  alsa_timer_init+0x0/0x1f9 @ 1
[   13.528530] initcall alsa_timer_init+0x0/0x1f9 returned 0 after 30006 usecs
[   13.538026] calling  snd_hrtimer_init+0x0/0x117 @ 1
[   13.548806] initcall snd_hrtimer_init+0x0/0x117 returned 0 after 5 usecs
[   13.566303] calling  alsa_pcm_init+0x0/0x64 @ 1
[   13.572797] initcall alsa_pcm_init+0x0/0x64 returned 0 after 97 usecs
[   13.588459] calling  alsa_seq_init+0x0/0x4a @ 1
[   13.607987] initcall alsa_seq_init+0x0/0x4a returned 0 after 12845 usecs
[   13.611107] rcu-torture: rcu_torture_read_exit: End of episode
[   13.627846] calling  alsa_seq_dummy_init+0x0/0x9c @ 1
[   13.635041] initcall alsa_seq_dummy_init+0x0/0x9c returned 0 after 98 usecs
[   13.650707] calling  azx_driver_init+0x0/0x15 @ 1
[   13.675002] initcall azx_driver_init+0x0/0x15 returned 0 after 3439 usecs
[   13.684896] calling  sock_diag_init+0x0/0x2a @ 1
[   13.716483] initcall sock_diag_init+0x0/0x2a returned 0 after 836 usecs
