c[?7l[2J[0mSeaBIOS (version 1.16.0-debian-1.16.0-4)
Booting from ROM...
early console in setup code
c[?7l[2J[    0.000000] Linux version 5.10.154+ (root@joelboxx.c.googlers.com) (gcc (Debian 12.2.0-3) 12.2.0, GNU ld (GNU Binutils for Debian) 2.39) #14 Tue Dec 13 06:31:19 UTC 2022
[    0.000000] Command line: selinux=0 initcall_debug debug console=ttyS0 rcutorture.torture_type=srcu rcutorture.n_barrier_cbs=4 rcutorture.stat_interval=15 rcutorture.shutdown_secs=1800 rcutorture.test_no_idle_hz=1 rcutorture.verbose=1
[    0.000000] x86/fpu: x87 FPU will use FXSAVE
[    0.000000] BIOS-provided physical RAM map:
[    0.000000] BIOS-e820: [mem 0x0000000000000000-0x000000000009fbff] usable
[    0.000000] BIOS-e820: [mem 0x000000000009fc00-0x000000000009ffff] reserved
[    0.000000] BIOS-e820: [mem 0x00000000000f0000-0x00000000000fffff] reserved
[    0.000000] BIOS-e820: [mem 0x0000000000100000-0x000000001ffdefff] usable
[    0.000000] BIOS-e820: [mem 0x000000001ffdf000-0x000000001fffffff] reserved
[    0.000000] BIOS-e820: [mem 0x00000000b0000000-0x00000000bfffffff] reserved
[    0.000000] BIOS-e820: [mem 0x00000000fed1c000-0x00000000fed1ffff] reserved
[    0.000000] BIOS-e820: [mem 0x00000000feffc000-0x00000000feffffff] reserved
[    0.000000] BIOS-e820: [mem 0x00000000fffc0000-0x00000000ffffffff] reserved
[    0.000000] NX (Execute Disable) protection: active
[    0.000000] SMBIOS 2.8 present.
[    0.000000] DMI: QEMU Standard PC (Q35 + ICH9, 2009), BIOS 1.16.0-debian-1.16.0-4 04/01/2014
[    0.000000] Hypervisor detected: KVM
[    0.000000] kvm-clock: Using msrs 4b564d01 and 4b564d00
[    0.000000] kvm-clock: cpu 0, msr 7e41001, primary cpu clock
[    0.000001] kvm-clock: using sched offset of 2014925321 cycles
[    0.000341] clocksource: kvm-clock: mask: 0xffffffffffffffff max_cycles: 0x1cd42e4dffb, max_idle_ns: 881590591483 ns
[    0.000428] tsc: Detected 1999.999 MHz processor
[    0.014219] e820: update [mem 0x00000000-0x00000fff] usable ==> reserved
[    0.014223] e820: remove [mem 0x000a0000-0x000fffff] usable
[    0.014230] last_pfn = 0x1ffdf max_arch_pfn = 0x400000000
[    0.015080] MTRR default type: write-back
[    0.015136] MTRR fixed ranges enabled:
[    0.015138]   00000-9FFFF write-back
[    0.015139]   A0000-BFFFF uncachable
[    0.015140]   C0000-FFFFF write-protect
[    0.015141] MTRR variable ranges enabled:
[    0.015142]   0 base 00C0000000 mask FFC0000000 uncachable
[    0.015143]   1 disabled
[    0.015144]   2 disabled
[    0.015145]   3 disabled
[    0.015145]   4 disabled
[    0.015146]   5 disabled
[    0.015147]   6 disabled
[    0.015147]   7 disabled
[    0.015554] x86/PAT: Configuration [0-7]: WB  WC  UC- UC  WB  WC  UC- UC  
[    0.024513] found SMP MP-table at [mem 0x000f5ba0-0x000f5baf]
[    0.031232] check: Scanning 1 areas for low memory corruption
[    0.050419] ACPI: Early table checksum verification disabled
[    0.053483] ACPI: RSDP 0x00000000000F59E0 000014 (v00 BOCHS )
[    0.054012] ACPI: RSDT 0x000000001FFE229A 000038 (v01 BOCHS  BXPC     00000001 BXPC 00000001)
[    0.054497] ACPI: FACP 0x000000001FFE2092 0000F4 (v03 BOCHS  BXPC     00000001 BXPC 00000001)
[    0.054732] ACPI: DSDT 0x000000001FFE0040 002052 (v01 BOCHS  BXPC     00000001 BXPC 00000001)
[    0.054737] ACPI: FACS 0x000000001FFE0000 000040
[    0.054740] ACPI: APIC 0x000000001FFE2186 000078 (v01 BOCHS  BXPC     00000001 BXPC 00000001)
[    0.054744] ACPI: HPET 0x000000001FFE21FE 000038 (v01 BOCHS  BXPC     00000001 BXPC 00000001)
[    0.054748] ACPI: MCFG 0x000000001FFE2236 00003C (v01 BOCHS  BXPC     00000001 BXPC 00000001)
[    0.054752] ACPI: WAET 0x000000001FFE2272 000028 (v01 BOCHS  BXPC     00000001 BXPC 00000001)
[    0.054756] ACPI: Reserving FACP table memory at [mem 0x1ffe2092-0x1ffe2185]
[    0.054757] ACPI: Reserving DSDT table memory at [mem 0x1ffe0040-0x1ffe2091]
[    0.054759] ACPI: Reserving FACS table memory at [mem 0x1ffe0000-0x1ffe003f]
[    0.054759] ACPI: Reserving APIC table memory at [mem 0x1ffe2186-0x1ffe21fd]
[    0.054760] ACPI: Reserving HPET table memory at [mem 0x1ffe21fe-0x1ffe2235]
[    0.054761] ACPI: Reserving MCFG table memory at [mem 0x1ffe2236-0x1ffe2271]
[    0.054762] ACPI: Reserving WAET table memory at [mem 0x1ffe2272-0x1ffe2299]
[    0.056214] ACPI: Local APIC address 0xfee00000
[    0.059963] Zone ranges:
[    0.060152]   DMA      [mem 0x0000000000001000-0x0000000000ffffff]
[    0.060269]   DMA32    [mem 0x0000000001000000-0x000000001ffdefff]
[    0.060271]   Normal   empty
[    0.060272] Movable zone start for each node
[    0.060273] Early memory node ranges
[    0.060274]   node   0: [mem 0x0000000000001000-0x000000000009efff]
[    0.060373]   node   0: [mem 0x0000000000100000-0x000000001ffdefff]
[    0.060467] Initmem setup node 0 [mem 0x0000000000001000-0x000000001ffdefff]
[    0.060469] On node 0 totalpages: 130941
[    0.060662]   DMA zone: 64 pages used for memmap
[    0.060663]   DMA zone: 21 pages reserved
[    0.060744]   DMA zone: 3998 pages, LIFO batch:0
[    0.060745]   DMA32 zone: 1984 pages used for memmap
[    0.060746]   DMA32 zone: 126943 pages, LIFO batch:31
[    0.062019] On node 0, zone DMA: 1 pages in unavailable ranges
[    0.067830] On node 0, zone DMA: 97 pages in unavailable ranges
[    0.230639] On node 0, zone DMA32: 33 pages in unavailable ranges
[    0.234599] ACPI: PM-Timer IO Port: 0x608
[    0.234605] ACPI: Local APIC address 0xfee00000
[    0.234772] ACPI: LAPIC_NMI (acpi_id[0xff] dfl dfl lint[0x1])
[    0.236211] IOAPIC[0]: apic_id 0, version 17, address 0xfec00000, GSI 0-23
[    0.236217] ACPI: INT_SRC_OVR (bus 0 bus_irq 0 global_irq 2 dfl dfl)
[    0.236315] ACPI: INT_SRC_OVR (bus 0 bus_irq 5 global_irq 5 high level)
[    0.236317] ACPI: INT_SRC_OVR (bus 0 bus_irq 9 global_irq 9 high level)
[    0.236382] ACPI: INT_SRC_OVR (bus 0 bus_irq 10 global_irq 10 high level)
[    0.236383] ACPI: INT_SRC_OVR (bus 0 bus_irq 11 global_irq 11 high level)
[    0.236386] ACPI: IRQ0 used by override.
[    0.236388] ACPI: IRQ5 used by override.
[    0.236389] ACPI: IRQ9 used by override.
[    0.236390] ACPI: IRQ10 used by override.
[    0.236391] ACPI: IRQ11 used by override.
[    0.236394] Using ACPI (MADT) for SMP configuration information
[    0.236396] ACPI: HPET id: 0x8086a201 base: 0xfed00000
[    0.237602] kvm-guest: stealtime: cpu 0, msr 764d780
[    0.238371] PM: hibernation: Registered nosave memory: [mem 0x00000000-0x00000fff]
[    0.238374] PM: hibernation: Registered nosave memory: [mem 0x0009f000-0x0009ffff]
[    0.238375] PM: hibernation: Registered nosave memory: [mem 0x000a0000-0x000effff]
[    0.238376] PM: hibernation: Registered nosave memory: [mem 0x000f0000-0x000fffff]
[    0.238379] [mem 0x20000000-0xafffffff] available for PCI devices
[    0.238458] Booting paravirtualized kernel on KVM
[    0.239052] clocksource: refined-jiffies: mask: 0xffffffff max_cycles: 0xffffffff, max_idle_ns: 1910969940391419 ns
[    0.250516] pcpu-alloc: s0 r0 d32768 u32768 alloc=1*32768
[    0.250654] pcpu-alloc: [0] 0 
[    0.251282] Built 1 zonelists, mobility grouping on.  Total pages: 128872
[    0.251404] Kernel command line: selinux=0 initcall_debug debug console=ttyS0 rcutorture.torture_type=srcu rcutorture.n_barrier_cbs=4 rcutorture.stat_interval=15 rcutorture.shutdown_secs=1800 rcutorture.test_no_idle_hz=1 rcutorture.verbose=1
[    0.272848] Dentry cache hash table entries: 65536 (order: 7, 524288 bytes, linear)
[    0.277614] Inode-cache hash table entries: 32768 (order: 6, 262144 bytes, linear)
[    0.278582] mem auto-init: stack:all(zero), heap alloc:off, heap free:off
[    0.287262] Memory: 481560K/523764K available (14349K kernel code, 2612K rwdata, 4612K rodata, 1252K init, 1884K bss, 41944K reserved, 0K cma-reserved)
[    0.288336] SLUB: HWalign=64, Order=0-3, MinObjects=0, CPUs=1, Nodes=1
[    0.289111] Kernel/User page tables isolation: enabled
[    0.308337] NR_IRQS: 4352, nr_irqs: 256, preallocated irqs: 16
[    0.312693] calling  con_init+0x0/0x22a @ 0
[    0.464903] Console: colour VGA+ 80x25
[    0.464915] initcall con_init+0x0/0x22a returned 0 after 0 usecs
[    0.464918] calling  hvc_console_init+0x0/0x13 @ 0
[    0.464920] initcall hvc_console_init+0x0/0x13 returned 0 after 0 usecs
[    0.464922] calling  univ8250_console_init+0x0/0x26 @ 0
[    1.297916] printk: console [ttyS0] enabled
[    1.302556] initcall univ8250_console_init+0x0/0x26 returned 0 after 0 usecs
[    1.310247] ACPI: Core revision 20200925
[    1.316486] clocksource: hpet: mask: 0xffffffff max_cycles: 0xffffffff, max_idle_ns: 19112604467 ns
[    1.328451] APIC: Switch to symmetric I/O mode setup
[    1.348741] ..TIMER: vector=0x30 apic1=0 pin1=2 apic2=-1 pin2=-1
[    1.355533] clocksource: tsc-early: mask: 0xffffffffffffffff max_cycles: 0x39a85afc727, max_idle_ns: 881590685098 ns
[    1.366990] Calibrating delay loop (skipped) preset value.. 3999.99 BogoMIPS (lpj=1999999)
[    1.367980] pid_max: default: 32768 minimum: 301
[    1.369077] LSM: Security Framework initializing
[    1.370122] Mount-cache hash table entries: 1024 (order: 1, 8192 bytes, linear)
[    1.371009] Mountpoint-cache hash table entries: 1024 (order: 1, 8192 bytes, linear)
[    1.378374] Last level iTLB entries: 4KB 0, 2MB 0, 4MB 0
[    1.379979] Last level dTLB entries: 4KB 0, 2MB 0, 4MB 0, 1GB 0
[    1.380983] CPU: Intel Common KVM processor (family: 0xf, model: 0x6, stepping: 0x1)
[    1.382005] Spectre V1 : Mitigation: usercopy/swapgs barriers and __user pointer sanitization
[    1.382980] Spectre V2 : Mitigation: Retpolines
[    1.383978] Spectre V2 : Spectre v2 / SpectreRSB mitigation: Filling RSB on context switch
[    1.384978] Spectre V2 : Spectre v2 / SpectreRSB : Filling RSB on VMEXIT
[    1.385979] Speculative Store Bypass: Vulnerable
[    1.386992] MDS: Vulnerable: Clear CPU buffers attempted, no microcode
[    1.387978] MMIO Stale Data: Unknown: No mitigations
[    1.430658] calling  init_hw_perf_events+0x0/0x6ce @ 1
[    1.430980] Performance Events: unsupported Netburst CPU model 6 no PMU driver, software events only.
[    1.431985] initcall init_hw_perf_events+0x0/0x6ce returned 0 after 976 usecs
[    1.432983] calling  init_real_mode+0x0/0x1e9 @ 1
[    1.435508] initcall init_real_mode+0x0/0x1e9 returned 0 after 976 usecs
[    1.435982] calling  trace_init_perf_perm_irq_work_exit+0x0/0x12 @ 1
[    1.436981] initcall trace_init_perf_perm_irq_work_exit+0x0/0x12 returned 0 after 0 usecs
[    1.437994] calling  validate_x2apic+0x0/0x4a @ 1
[    1.439007] initcall validate_x2apic+0x0/0x4a returned 0 after 0 usecs
[    1.439980] calling  register_nmi_cpu_backtrace_handler+0x0/0x15 @ 1
[    1.440980] initcall register_nmi_cpu_backtrace_handler+0x0/0x15 returned 0 after 0 usecs
[    1.441981] calling  kvm_setup_vsyscall_timeinfo+0x0/0x34 @ 1
[    1.442982] initcall kvm_setup_vsyscall_timeinfo+0x0/0x34 returned 0 after 0 usecs
[    1.443982] calling  spawn_ksoftirqd+0x0/0x34 @ 1
[    1.446027] initcall spawn_ksoftirqd+0x0/0x34 returned 0 after 976 usecs
[    1.446980] calling  trace_init_flags_sys_enter+0x0/0xe @ 1
[    1.447980] initcall trace_init_flags_sys_enter+0x0/0xe returned 0 after 0 usecs
[    1.449979] calling  trace_init_flags_sys_exit+0x0/0xe @ 1
[    1.450980] initcall trace_init_flags_sys_exit+0x0/0xe returned 0 after 0 usecs
[    1.452004] calling  init_kprobes+0x0/0x14d @ 1
[    1.454016] initcall init_kprobes+0x0/0x14d returned 0 after 976 usecs
[    1.454981] calling  init_events+0x0/0x3d @ 1
[    1.455991] initcall init_events+0x0/0x3d returned 0 after 0 usecs
[    1.456981] calling  init_trace_printk+0x0/0xc @ 1
[    1.457981] initcall init_trace_printk+0x0/0xc returned 0 after 0 usecs
[    1.458982] calling  event_trace_enable_again+0x0/0x23 @ 1
[    1.459982] initcall event_trace_enable_again+0x0/0x23 returned 0 after 0 usecs
[    1.460990] calling  static_call_init+0x0/0x6d @ 1
[    1.461983] initcall static_call_init+0x0/0x6d returned 0 after 0 usecs
[    1.462983] calling  jump_label_init_module+0x0/0xc @ 1
[    1.464982] initcall jump_label_init_module+0x0/0xc returned 0 after 0 usecs
[    1.465982] calling  init_zero_pfn+0x0/0x37 @ 1
[    1.466982] initcall init_zero_pfn+0x0/0x37 returned 0 after 0 usecs
[    1.467981] calling  initialize_ptr_random+0x0/0x54 @ 1
[    1.468982] initcall initialize_ptr_random+0x0/0x54 returned 0 after 0 usecs
[    1.469998] calling  efi_memreserve_root_init+0x0/0x25 @ 1
[    1.470999] initcall efi_memreserve_root_init+0x0/0x25 returned 0 after 0 usecs
[    1.472982] calling  efi_earlycon_remap_fb+0x0/0x51 @ 1
[    1.473982] initcall efi_earlycon_remap_fb+0x0/0x51 returned 0 after 0 usecs
[    1.577975] devtmpfs: initialized
[    1.578237] calling  ipc_ns_init+0x0/0x3d @ 1
[    1.579036] initcall ipc_ns_init+0x0/0x3d returned 0 after 0 usecs
[    1.579980] calling  init_mmap_min_addr+0x0/0x21 @ 1
[    1.580982] initcall init_mmap_min_addr+0x0/0x21 returned 0 after 0 usecs
[    1.581979] calling  pci_realloc_setup_params+0x0/0x3f @ 1
[    1.582981] initcall pci_realloc_setup_params+0x0/0x3f returned 0 after 0 usecs
[    1.584982] calling  net_ns_init+0x0/0x128 @ 1
[    1.586146] initcall net_ns_init+0x0/0x128 returned 0 after 0 usecs
[    1.587000] calling  e820__register_nvs_regions+0x0/0x37 @ 1
[    1.587980] initcall e820__register_nvs_regions+0x0/0x37 returned 0 after 0 usecs
[    1.588991] calling  cpufreq_register_tsc_scaling+0x0/0x2e @ 1
[    1.589985] initcall cpufreq_register_tsc_scaling+0x0/0x2e returned 0 after 0 usecs
[    1.590985] calling  reboot_init+0x0/0x3c @ 1
[    1.592029] initcall reboot_init+0x0/0x3c returned 0 after 0 usecs
[    1.592981] calling  init_lapic_sysfs+0x0/0x20 @ 1
[    1.593981] initcall init_lapic_sysfs+0x0/0x20 returned 0 after 0 usecs
[    1.594981] calling  wq_sysfs_init+0x0/0x2a @ 1
[    1.596094] initcall wq_sysfs_init+0x0/0x2a returned 0 after 0 usecs
[    1.596981] calling  ksysfs_init+0x0/0x92 @ 1
[    1.597989] initcall ksysfs_init+0x0/0x92 returned 0 after 0 usecs
[    1.598981] calling  pm_init+0x0/0x76 @ 1
[    1.600065] initcall pm_init+0x0/0x76 returned 0 after 0 usecs
[    1.600981] calling  pm_disk_init+0x0/0x13 @ 1
[    1.602026] initcall pm_disk_init+0x0/0x13 returned 0 after 0 usecs
[    1.602981] calling  swsusp_header_init+0x0/0x2b @ 1
[    1.604982] initcall swsusp_header_init+0x0/0x2b returned 0 after 0 usecs
[    1.605980] calling  rcu_set_runtime_mode+0x0/0x11 @ 1
[    1.606979] initcall rcu_set_runtime_mode+0x0/0x11 returned 0 after 0 usecs
[    1.607982] calling  init_jiffies_clocksource+0x0/0x13 @ 1
[    1.608980] clocksource: jiffies: mask: 0xffffffff max_cycles: 0xffffffff, max_idle_ns: 1911260446275000 ns
[    1.609984] initcall init_jiffies_clocksource+0x0/0x13 returned 0 after 976 usecs
[    1.610983] calling  futex_init+0x0/0xf4 @ 1
[    1.611983] futex hash table entries: 256 (order: 0, 6144 bytes, linear)
[    1.613040] initcall futex_init+0x0/0xf4 returned 0 after 976 usecs
[    1.613981] calling  cgroup_wq_init+0x0/0x28 @ 1
[    1.614986] initcall cgroup_wq_init+0x0/0x28 returned 0 after 0 usecs
[    1.615983] calling  cgroup1_wq_init+0x0/0x28 @ 1
[    1.616986] initcall cgroup1_wq_init+0x0/0x28 returned 0 after 0 usecs
[    1.617981] calling  init_kprobe_trace_early+0x0/0x2a @ 1
[    1.618982] initcall init_kprobe_trace_early+0x0/0x2a returned 0 after 0 usecs
[    1.619982] calling  fsnotify_init+0x0/0x48 @ 1
[    1.621025] initcall fsnotify_init+0x0/0x48 returned 0 after 0 usecs
[    1.622980] calling  filelock_init+0x0/0x60 @ 1
[    1.623990] initcall filelock_init+0x0/0x60 returned 0 after 0 usecs
[    1.624980] calling  init_misc_binfmt+0x0/0x2c @ 1
[    1.625982] initcall init_misc_binfmt+0x0/0x2c returned 0 after 0 usecs
[    1.626980] calling  init_script_binfmt+0x0/0x15 @ 1
[    1.627998] initcall init_script_binfmt+0x0/0x15 returned 0 after 0 usecs
[    1.628980] calling  init_elf_binfmt+0x0/0x15 @ 1
[    1.629980] initcall init_elf_binfmt+0x0/0x15 returned 0 after 0 usecs
[    1.630980] calling  init_compat_elf_binfmt+0x0/0x15 @ 1
[    1.631980] initcall init_compat_elf_binfmt+0x0/0x15 returned 0 after 0 usecs
[    1.632982] calling  debugfs_init+0x0/0x5c @ 1
[    1.633985] initcall debugfs_init+0x0/0x5c returned 0 after 0 usecs
[    1.634979] calling  tracefs_init+0x0/0x3a @ 1
[    1.636014] initcall tracefs_init+0x0/0x3a returned 0 after 0 usecs
[    1.636980] calling  prandom_init_early+0x0/0x111 @ 1
[    1.637985] initcall prandom_init_early+0x0/0x111 returned 0 after 0 usecs
[    1.639091] calling  virtio_init+0x0/0x20 @ 1
[    1.640022] initcall virtio_init+0x0/0x20 returned 0 after 0 usecs
[    1.640985] calling  iommu_init+0x0/0x2a @ 1
[    1.642021] initcall iommu_init+0x0/0x2a returned 0 after 0 usecs
[    1.643984] calling  component_debug_init+0x0/0x1c @ 1
[    1.645024] initcall component_debug_init+0x0/0x1c returned 0 after 0 usecs
[    1.645982] calling  early_resume_init+0x0/0xb9 @ 1
[    1.647556] PM: RTC time: 06:38:13, date: 2022-12-13
[    1.647983] initcall early_resume_init+0x0/0xb9 returned 0 after 976 usecs
[    1.648981] calling  cpufreq_core_init+0x0/0x62 @ 1
[    1.650987] initcall cpufreq_core_init+0x0/0x62 returned 0 after 976 usecs
[    1.651982] calling  cpufreq_gov_performance_init+0x0/0xc @ 1
[    1.652985] initcall cpufreq_gov_performance_init+0x0/0xc returned 0 after 0 usecs
[    1.653984] calling  cpufreq_gov_userspace_init+0x0/0xc @ 1
[    1.654981] initcall cpufreq_gov_userspace_init+0x0/0xc returned 0 after 0 usecs
[    1.655981] calling  CPU_FREQ_GOV_ONDEMAND_init+0x0/0xc @ 1
[    1.656982] initcall CPU_FREQ_GOV_ONDEMAND_init+0x0/0xc returned 0 after 0 usecs
[    1.657981] calling  cpuidle_init+0x0/0x1f @ 1
[    1.659045] initcall cpuidle_init+0x0/0x1f returned 0 after 0 usecs
[    1.659981] calling  capsule_reboot_register+0x0/0xc @ 1
[    1.660981] initcall capsule_reboot_register+0x0/0xc returned 0 after 0 usecs
[    1.661979] calling  sock_init+0x0/0x93 @ 1
[    1.663184] initcall sock_init+0x0/0x93 returned 0 after 0 usecs
[    1.663979] calling  net_inuse_init+0x0/0x23 @ 1
[    1.664983] initcall net_inuse_init+0x0/0x23 returned 0 after 0 usecs
[    1.665979] calling  net_defaults_init+0x0/0x23 @ 1
[    1.666980] initcall net_defaults_init+0x0/0x23 returned 0 after 0 usecs
[    1.667979] calling  init_default_flow_dissectors+0x0/0x4f @ 1
[    1.668984] initcall init_default_flow_dissectors+0x0/0x4f returned 0 after 0 usecs
[    1.669981] calling  netpoll_init+0x0/0x25 @ 1
[    1.670980] initcall netpoll_init+0x0/0x25 returned 0 after 0 usecs
[    1.671980] calling  netlink_proto_init+0x0/0x14f @ 1
[    1.674221] NET: Registered protocol family 16
[    1.674997] initcall netlink_proto_init+0x0/0x14f returned 0 after 976 usecs
[    1.675980] calling  genl_init+0x0/0x35 @ 1
[    1.676990] initcall genl_init+0x0/0x35 returned 0 after 0 usecs
[    1.678002] calling  bsp_pm_check_init+0x0/0x13 @ 1
[    1.678980] initcall bsp_pm_check_init+0x0/0x13 returned 0 after 0 usecs
[    1.680000] calling  irq_sysfs_init+0x0/0xb7 @ 1
[    1.682062] initcall irq_sysfs_init+0x0/0xb7 returned 0 after 976 usecs
[    1.682983] calling  audit_init+0x0/0x15d @ 1
[    1.683991] audit: initializing netlink subsys (disabled)
[    1.685134] initcall audit_init+0x0/0x15d returned 0 after 976 usecs
[    1.685987] calling  release_early_probes+0x0/0x32 @ 1
[    1.686983] initcall release_early_probes+0x0/0x32 returned 0 after 0 usecs
[    1.687983] calling  bdi_class_init+0x0/0x48 @ 1
[    1.689002] initcall bdi_class_init+0x0/0x48 returned 0 after 0 usecs
[    1.689981] calling  mm_sysfs_init+0x0/0x28 @ 1
[    1.690987] initcall mm_sysfs_init+0x0/0x28 returned 0 after 0 usecs
[    1.691981] calling  init_per_zone_wmark_min+0x0/0x5e @ 1
[    1.692982] initcall init_per_zone_wmark_min+0x0/0x5e returned 0 after 0 usecs
[    1.693982] calling  mpi_init+0x0/0x3e @ 1
[    1.694996] initcall mpi_init+0x0/0x3e returned 0 after 0 usecs
[    1.695980] calling  kobject_uevent_init+0x0/0xc @ 1
[    1.697047] initcall kobject_uevent_init+0x0/0xc returned 0 after 0 usecs
[    1.697980] calling  pcibus_class_init+0x0/0x13 @ 1
[    1.698991] initcall pcibus_class_init+0x0/0x13 returned 0 after 0 usecs
[    1.699994] calling  pci_driver_init+0x0/0x21 @ 1
[    1.702012] initcall pci_driver_init+0x0/0x21 returned 0 after 0 usecs
[    1.702980] calling  backlight_class_init+0x0/0xa8 @ 1
[    1.704002] initcall backlight_class_init+0x0/0xa8 returned 0 after 0 usecs
[    1.704981] calling  tty_class_init+0x0/0x33 @ 1
[    1.705989] initcall tty_class_init+0x0/0x33 returned 0 after 0 usecs
[    1.706982] calling  vtconsole_class_init+0x0/0xb5 @ 1
[    1.708039] initcall vtconsole_class_init+0x0/0xb5 returned 0 after 0 usecs
[    1.708981] calling  iommu_dev_init+0x0/0x13 @ 1
[    1.710017] initcall iommu_dev_init+0x0/0x13 returned 0 after 0 usecs
[    1.710981] calling  mipi_dsi_bus_init+0x0/0xc @ 1
[    1.712023] initcall mipi_dsi_bus_init+0x0/0xc returned 0 after 0 usecs
[    1.712980] calling  devlink_class_init+0x0/0x40 @ 1
[    1.713986] initcall devlink_class_init+0x0/0x40 returned 0 after 0 usecs
[    1.714981] calling  software_node_init+0x0/0x2a @ 1
[    1.715984] initcall software_node_init+0x0/0x2a returned 0 after 0 usecs
[    1.716979] calling  wakeup_sources_debugfs_init+0x0/0x23 @ 1
[    1.717986] initcall wakeup_sources_debugfs_init+0x0/0x23 returned 0 after 0 usecs
[    1.718979] calling  wakeup_sources_sysfs_init+0x0/0x2c @ 1
[    1.719988] initcall wakeup_sources_sysfs_init+0x0/0x2c returned 0 after 0 usecs
[    1.720979] calling  regmap_initcall+0x0/0xc @ 1
[    1.721987] initcall regmap_initcall+0x0/0xc returned 0 after 0 usecs
[    1.722980] calling  i2c_init+0x0/0xb3 @ 1
[    1.725037] initcall i2c_init+0x0/0xb3 returned 0 after 976 usecs
[    1.725981] calling  thermal_init+0x0/0xf2 @ 1
[    1.726979] thermal_sys: Registered thermal governor 'step_wise'
[    1.726980] thermal_sys: Registered thermal governor 'user_space'
[    1.727990] initcall thermal_init+0x0/0xf2 returned 0 after 976 usecs
[    1.729981] calling  init_menu+0x0/0xc @ 1
[    1.730979] cpuidle: using governor menu
[    1.731980] initcall init_menu+0x0/0xc returned 0 after 976 usecs
[    1.732979] calling  pcc_init+0x0/0x4d @ 1
[    1.733994] initcall pcc_init+0x0/0x4d returned -19 after 0 usecs
[    1.734979] calling  amd_postcore_init+0x0/0x11e @ 1
[    1.735979] initcall amd_postcore_init+0x0/0x11e returned 0 after 0 usecs
[    1.736997] calling  bts_init+0x0/0xba @ 1
[    1.737980] initcall bts_init+0x0/0xba returned -19 after 0 usecs
[    1.738979] calling  pt_init+0x0/0x2ef @ 1
[    1.739980] initcall pt_init+0x0/0x2ef returned -19 after 0 usecs
[    1.740980] calling  boot_params_ksysfs_init+0x0/0x2ee @ 1
[    1.741990] initcall boot_params_ksysfs_init+0x0/0x2ee returned 0 after 0 usecs
[    1.742980] calling  sbf_init+0x0/0xd1 @ 1
[    1.743980] initcall sbf_init+0x0/0xd1 returned 0 after 0 usecs
[    1.744980] calling  arch_kdebugfs_init+0x0/0x219 @ 1
[    1.745992] initcall arch_kdebugfs_init+0x0/0x219 returned 0 after 0 usecs
[    1.746980] calling  intel_pconfig_init+0x0/0x85 @ 1
[    1.747981] initcall intel_pconfig_init+0x0/0x85 returned 0 after 0 usecs
[    1.748980] calling  mtrr_if_init+0x0/0x5d @ 1
[    1.749984] initcall mtrr_if_init+0x0/0x5d returned 0 after 0 usecs
[    1.750980] calling  activate_jump_labels+0x0/0x31 @ 1
[    1.751980] initcall activate_jump_labels+0x0/0x31 returned 0 after 0 usecs
[    1.753982] calling  ffh_cstate_init+0x0/0x29 @ 1
[    1.754986] initcall ffh_cstate_init+0x0/0x29 returned 0 after 0 usecs
[    1.755982] calling  activate_jump_labels+0x0/0x31 @ 1
[    1.757010] initcall activate_jump_labels+0x0/0x31 returned 0 after 0 usecs
[    1.758019] calling  kvm_alloc_cpumask+0x0/0x2b @ 1
[    1.760007] initcall kvm_alloc_cpumask+0x0/0x2b returned 0 after 0 usecs
[    1.760982] calling  kcmp_cookies_init+0x0/0x37 @ 1
[    1.762006] initcall kcmp_cookies_init+0x0/0x37 returned 0 after 0 usecs
[    1.762983] calling  cryptomgr_init+0x0/0xc @ 1
[    1.764983] initcall cryptomgr_init+0x0/0xc returned 0 after 0 usecs
[    1.765981] calling  acpi_pci_init+0x0/0x57 @ 1
[    1.766979] ACPI: bus type PCI registered
[    1.767981] initcall acpi_pci_init+0x0/0x57 returned 0 after 976 usecs
[    1.768981] calling  dma_channel_table_init+0x0/0xce @ 1
[    1.769986] initcall dma_channel_table_init+0x0/0xce returned 0 after 0 usecs
[    1.770982] calling  dma_bus_init+0x0/0xdc @ 1
[    1.772038] initcall dma_bus_init+0x0/0xdc returned 0 after 0 usecs
[    1.773069] calling  iommu_dma_init+0x0/0x10 @ 1
[    1.774011] initcall iommu_dma_init+0x0/0x10 returned 0 after 0 usecs
[    1.774982] calling  dmi_id_init+0x0/0x37c @ 1
[    1.776096] initcall dmi_id_init+0x0/0x37c returned 0 after 0 usecs
[    1.776981] calling  pci_arch_init+0x0/0x71 @ 1
[    1.779083] PCI: MMCONFIG for domain 0000 [bus 00-ff] at [mem 0xb0000000-0xbfffffff] (base 0xb0000000)
[    1.779982] PCI: MMCONFIG at [mem 0xb0000000-0xbfffffff] reserved in E820
[    1.780998] PCI: Using configuration type 1 for base access
[    1.782049] initcall pci_arch_init+0x0/0x71 returned 0 after 3906 usecs
[    1.782997] calling  init_vdso+0x0/0x13 @ 1
[    1.785040] initcall init_vdso+0x0/0x13 returned 0 after 976 usecs
[    1.785983] calling  sysenter_setup+0x0/0x13 @ 1
[    1.788010] initcall sysenter_setup+0x0/0x13 returned 0 after 976 usecs
[    1.788982] calling  fixup_ht_bug+0x0/0x7f @ 1
[    1.789981] initcall fixup_ht_bug+0x0/0x7f returned 0 after 0 usecs
[    1.790982] calling  topology_init+0x0/0x15 @ 1
[    1.792043] initcall topology_init+0x0/0x15 returned 0 after 0 usecs
[    1.792981] calling  intel_epb_init+0x0/0x68 @ 1
[    1.793981] initcall intel_epb_init+0x0/0x68 returned -19 after 0 usecs
[    1.794985] calling  mtrr_init_finialize+0x0/0x3e @ 1
[    1.795983] initcall mtrr_init_finialize+0x0/0x3e returned 0 after 0 usecs
[    1.796984] calling  uid_cache_init+0x0/0x7b @ 1
[    1.797991] initcall uid_cache_init+0x0/0x7b returned 0 after 0 usecs
[    1.798983] calling  param_sysfs_init+0x0/0x1ba @ 1
[    1.807432] initcall param_sysfs_init+0x0/0x1ba returned 0 after 6835 usecs
[    1.807987] calling  user_namespace_sysctl_init+0x0/0x33 @ 1
[    1.809069] initcall user_namespace_sysctl_init+0x0/0x33 returned 0 after 0 usecs
[    1.809985] calling  proc_schedstat_init+0x0/0x24 @ 1
[    1.810986] initcall proc_schedstat_init+0x0/0x24 returned 0 after 0 usecs
[    1.811980] calling  pm_sysrq_init+0x0/0x18 @ 1
[    1.812980] initcall pm_sysrq_init+0x0/0x18 returned 0 after 0 usecs
[    1.814042] calling  create_proc_profile+0x0/0x50 @ 1
[    1.814980] initcall create_proc_profile+0x0/0x50 returned 0 after 0 usecs
[    1.815988] calling  time_ns_init+0x0/0x7 @ 1
[    1.816986] initcall time_ns_init+0x0/0x7 returned 0 after 0 usecs
[    1.817987] calling  crash_save_vmcoreinfo_init+0x0/0x756 @ 1
[    1.819080] initcall crash_save_vmcoreinfo_init+0x0/0x756 returned 0 after 0 usecs
[    1.819982] calling  crash_notes_memory_init+0x0/0x35 @ 1
[    1.820984] initcall crash_notes_memory_init+0x0/0x35 returned 0 after 0 usecs
[    1.821981] calling  cgroup_sysfs_init+0x0/0x13 @ 1
[    1.823029] initcall cgroup_sysfs_init+0x0/0x13 returned 0 after 0 usecs
[    1.823981] calling  cgroup_namespaces_init+0x0/0x7 @ 1
[    1.824980] initcall cgroup_namespaces_init+0x0/0x7 returned 0 after 0 usecs
[    1.825983] calling  init_optprobes+0x0/0x13 @ 1
[    1.826979] Kprobes globally optimized
[    1.827982] initcall init_optprobes+0x0/0x13 returned 0 after 976 usecs
[    1.828984] calling  oom_init+0x0/0x2f @ 1
[    1.830132] audit: type=2000 audit(1670913492.384:1): state=initialized audit_enabled=0 res=1
[    1.830997] initcall oom_init+0x0/0x2f returned 0 after 976 usecs
[    1.831984] calling  default_bdi_init+0x0/0x35 @ 1
[    1.833092] initcall default_bdi_init+0x0/0x35 returned 0 after 0 usecs
[    1.833982] calling  percpu_enable_async+0x0/0xe @ 1
[    1.834984] initcall percpu_enable_async+0x0/0xe returned 0 after 0 usecs
[    1.835982] calling  kcompactd_init+0x0/0x46 @ 1
[    1.837223] initcall kcompactd_init+0x0/0x46 returned 0 after 0 usecs
[    1.838077] calling  init_user_reserve+0x0/0x30 @ 1
[    1.838981] initcall init_user_reserve+0x0/0x30 returned 0 after 0 usecs
[    1.839982] calling  init_admin_reserve+0x0/0x30 @ 1
[    1.840980] initcall init_admin_reserve+0x0/0x30 returned 0 after 0 usecs
[    1.841982] calling  init_reserve_notifier+0x0/0x7 @ 1
[    1.842982] initcall init_reserve_notifier+0x0/0x7 returned 0 after 0 usecs
[    1.843984] calling  swap_init_sysfs+0x0/0x62 @ 1
[    1.844994] initcall swap_init_sysfs+0x0/0x62 returned 0 after 0 usecs
[    1.845983] calling  swapfile_init+0x0/0x46 @ 1
[    1.846983] initcall swapfile_init+0x0/0x46 returned 0 after 0 usecs
[    1.847982] calling  hugetlb_init+0x0/0x430 @ 1
[    1.848982] HugeTLB registered 2.00 MiB page size, pre-allocated 0 pages
[    1.850130] initcall hugetlb_init+0x0/0x430 returned 0 after 976 usecs
[    1.851981] calling  io_wq_init+0x0/0x34 @ 1
[    1.852982] initcall io_wq_init+0x0/0x34 returned 0 after 0 usecs
[    1.853982] calling  seqiv_module_init+0x0/0xc @ 1
[    1.854982] initcall seqiv_module_init+0x0/0xc returned 0 after 0 usecs
[    1.855982] calling  echainiv_module_init+0x0/0xc @ 1
[    1.856983] initcall echainiv_module_init+0x0/0xc returned 0 after 0 usecs
[    1.858201] calling  rsa_init+0x0/0x50 @ 1
[    1.859220] cryptomgr_test (17) used greatest stack depth: 15544 bytes left
[    1.859995] initcall rsa_init+0x0/0x50 returned 0 after 976 usecs
[    1.860984] calling  crypto_cmac_module_init+0x0/0xc @ 1
[    1.861983] initcall crypto_cmac_module_init+0x0/0xc returned 0 after 0 usecs
[    1.862983] calling  hmac_module_init+0x0/0xc @ 1
[    1.863983] initcall hmac_module_init+0x0/0xc returned 0 after 0 usecs
[    1.864982] calling  crypto_null_mod_init+0x0/0x65 @ 1
[    1.866074] initcall crypto_null_mod_init+0x0/0x65 returned 0 after 0 usecs
[    1.866982] calling  md5_mod_init+0x0/0xc @ 1
[    1.868023] initcall md5_mod_init+0x0/0xc returned 0 after 0 usecs
[    1.868983] calling  sha256_generic_mod_init+0x0/0x11 @ 1
[    1.870036] initcall sha256_generic_mod_init+0x0/0x11 returned 0 after 0 usecs
[    1.870983] calling  crypto_cbc_module_init+0x0/0xc @ 1
[    1.871984] initcall crypto_cbc_module_init+0x0/0xc returned 0 after 0 usecs
[    1.872981] calling  crypto_ctr_module_init+0x0/0x11 @ 1
[    1.873984] initcall crypto_ctr_module_init+0x0/0x11 returned 0 after 0 usecs
[    1.875981] calling  crypto_gcm_module_init+0x0/0x64 @ 1
[    1.877027] initcall crypto_gcm_module_init+0x0/0x64 returned 0 after 0 usecs
[    1.877981] calling  crypto_ccm_module_init+0x0/0x11 @ 1
[    1.878984] initcall crypto_ccm_module_init+0x0/0x11 returned 0 after 0 usecs
[    1.879984] calling  aes_init+0x0/0xc @ 1
[    1.881050] initcall aes_init+0x0/0xc returned 0 after 0 usecs
[    1.881984] calling  crc32c_mod_init+0x0/0xc @ 1
[    1.883044] initcall crc32c_mod_init+0x0/0xc returned 0 after 0 usecs
[    1.884982] calling  crypto_authenc_module_init+0x0/0xc @ 1
[    1.885994] initcall crypto_authenc_module_init+0x0/0xc returned 0 after 0 usecs
[    1.886981] calling  crypto_authenc_esn_module_init+0x0/0xc @ 1
[    1.887986] initcall crypto_authenc_esn_module_init+0x0/0xc returned 0 after 0 usecs
[    1.888982] calling  drbg_init+0x0/0x7c @ 1
[    1.891123] initcall drbg_init+0x0/0x7c returned 0 after 0 usecs
[    1.891981] calling  ghash_mod_init+0x0/0xc @ 1
[    1.893020] initcall ghash_mod_init+0x0/0xc returned 0 after 0 usecs
[    1.893980] calling  init_bio+0x0/0x9a @ 1
[    1.895229] initcall init_bio+0x0/0x9a returned 0 after 0 usecs
[    1.895981] calling  blk_settings_init+0x0/0x29 @ 1
[    1.896981] initcall blk_settings_init+0x0/0x29 returned 0 after 0 usecs
[    1.897980] calling  blk_ioc_init+0x0/0x29 @ 1
[    1.898985] initcall blk_ioc_init+0x0/0x29 returned 0 after 0 usecs
[    1.899984] calling  blk_mq_init+0x0/0x96 @ 1
[    1.900983] initcall blk_mq_init+0x0/0x96 returned 0 after 0 usecs
[    1.901982] calling  genhd_device_init+0x0/0x75 @ 1
[    1.903061] initcall genhd_device_init+0x0/0x75 returned 0 after 0 usecs
[    1.904041] calling  pci_slot_init+0x0/0x40 @ 1
[    1.905985] initcall pci_slot_init+0x0/0x40 returned 0 after 976 usecs
[    1.906981] calling  fbmem_init+0x0/0xd8 @ 1
[    1.908010] initcall fbmem_init+0x0/0xd8 returned 0 after 0 usecs
[    1.908980] calling  acpi_init+0x0/0x316 @ 1
[    1.909992] ACPI: Added _OSI(Module Device)
[    1.911978] ACPI: Added _OSI(Processor Device)
[    1.912979] ACPI: Added _OSI(3.0 _SCP Extensions)
[    1.913995] ACPI: Added _OSI(Processor Aggregator Device)
[    1.917801] ACPI: Added _OSI(Linux-Dell-Video)
[    1.917979] ACPI: Added _OSI(Linux-Lenovo-NV-HDMI-Audio)
[    1.918978] ACPI: Added _OSI(Linux-HPI-Hybrid-Graphics)
[    1.923392] ACPI: 1 ACPI AML tables successfully acquired and loaded
[    1.929152] ACPI: Interpreter enabled
[    1.931033] ACPI: (supports S0 S3 S4 S5)
[    1.932053] ACPI: Using IOAPIC for interrupt routing
[    1.934087] PCI: Using host bridge windows from ACPI; if necessary, use "pci=nocrs" and report a bug
[    1.936162] ACPI: Enabled 2 GPEs in block 00 to 3F
[    1.943483] ACPI: PCI Root Bridge [PCI0] (domain 0000 [bus 00-ff])
[    1.945103] acpi PNP0A08:00: _OSC: OS supports [ExtendedConfig ASPM ClockPM Segments MSI HPX-Type3]
[    1.946092] acpi PNP0A08:00: _OSC: platform does not support [LTR]
[    1.947104] acpi PNP0A08:00: _OSC: OS now controls [PME PCIeCapability]
[    1.949320] PCI host bridge to bus 0000:00
[    1.949998] pci_bus 0000:00: root bus resource [io  0x0000-0x0cf7 window]
[    1.950980] pci_bus 0000:00: root bus resource [io  0x0d00-0xffff window]
[    1.951980] pci_bus 0000:00: root bus resource [mem 0x000a0000-0x000bffff window]
[    1.952980] pci_bus 0000:00: root bus resource [mem 0x20000000-0xafffffff window]
[    1.953982] pci_bus 0000:00: root bus resource [mem 0xc0000000-0xfebfffff window]
[    1.954982] pci_bus 0000:00: root bus resource [mem 0x100000000-0x8ffffffff window]
[    1.955982] pci_bus 0000:00: root bus resource [bus 00-ff]
[    1.958530] pci 0000:00:00.0: calling  quirk_mmio_always_on+0x0/0x10 @ 1
[    1.958982] pci 0000:00:00.0: quirk_mmio_always_on+0x0/0x10 took 0 usecs
[    1.959998] pci 0000:00:00.0: [8086:29c0] type 00 class 0x060000
[    1.964790] pci 0000:00:00.0: calling  quirk_igfx_skip_te_disable+0x0/0x80 @ 1
[    1.965054] pci 0000:00:00.0: quirk_igfx_skip_te_disable+0x0/0x80 took 0 usecs
[    1.968348] pci 0000:00:01.0: [1234:1111] type 00 class 0x030000
[    1.974370] pci 0000:00:01.0: reg 0x10: [mem 0xfd000000-0xfdffffff pref]
[    1.983594] pci 0000:00:01.0: reg 0x18: [mem 0xfebf0000-0xfebf0fff]
[    1.996975] pci 0000:00:01.0: reg 0x30: [mem 0xfebe0000-0xfebeffff pref]
[    1.999975] pci 0000:00:01.0: calling  efifb_fixup_resources+0x0/0xf0 @ 1
[    2.001006] pci 0000:00:01.0: efifb_fixup_resources+0x0/0xf0 took 0 usecs
[    2.009845] pci 0000:00:1f.0: [8086:2918] type 00 class 0x060100
[    2.015043] pci 0000:00:1f.0: calling  quirk_ich7_lpc+0x0/0x60 @ 1
[    2.016205] pci 0000:00:1f.0: quirk: [io  0x0600-0x067f] claimed by ICH6 ACPI/GPIO/TCO
[    2.018151] pci 0000:00:1f.0: quirk_ich7_lpc+0x0/0x60 took 1953 usecs
[    2.019526] pci 0000:00:1f.0: calling  quirk_igfx_skip_te_disable+0x0/0x80 @ 1
[    2.020027] pci 0000:00:1f.0: quirk_igfx_skip_te_disable+0x0/0x80 took 0 usecs
[    2.023238] pci 0000:00:1f.2: [8086:2922] type 00 class 0x010601
[    2.035612] pci 0000:00:1f.2: reg 0x20: [io  0xc040-0xc05f]
[    2.037980] pci 0000:00:1f.2: reg 0x24: [mem 0xfebf1000-0xfebf1fff]
[    2.040215] pci 0000:00:1f.2: calling  quirk_igfx_skip_te_disable+0x0/0x80 @ 1
[    2.040986] pci 0000:00:1f.2: quirk_igfx_skip_te_disable+0x0/0x80 took 0 usecs
[    2.045586] pci 0000:00:1f.3: [8086:2930] type 00 class 0x0c0500
[    2.052911] pci 0000:00:1f.3: reg 0x20: [io  0x0700-0x073f]
[    2.055188] pci 0000:00:1f.3: calling  quirk_igfx_skip_te_disable+0x0/0x80 @ 1
[    2.055987] pci 0000:00:1f.3: quirk_igfx_skip_te_disable+0x0/0x80 took 0 usecs
[    2.059690] pci_bus 0000:00: on NUMA node 0
[    2.070549] ACPI: PCI Interrupt Link [LNKA] (IRQs 5 *10 11)
[    2.071469] ACPI: PCI Interrupt Link [LNKB] (IRQs 5 *10 11)
[    2.073470] ACPI: PCI Interrupt Link [LNKC] (IRQs 5 10 *11)
[    2.074487] ACPI: PCI Interrupt Link [LNKD] (IRQs 5 10 *11)
[    2.076442] ACPI: PCI Interrupt Link [LNKE] (IRQs 5 *10 11)
[    2.078172] ACPI: PCI Interrupt Link [LNKF] (IRQs 5 *10 11)
[    2.079513] ACPI: PCI Interrupt Link [LNKG] (IRQs 5 10 *11)
[    2.080477] ACPI: PCI Interrupt Link [LNKH] (IRQs 5 10 *11)
[    2.081200] ACPI: PCI Interrupt Link [GSIA] (IRQs *16)
[    2.082986] ACPI: PCI Interrupt Link [GSIB] (IRQs *17)
[    2.083992] ACPI: PCI Interrupt Link [GSIC] (IRQs *18)
[    2.086311] ACPI: PCI Interrupt Link [GSID] (IRQs *19)
[    2.086996] ACPI: PCI Interrupt Link [GSIE] (IRQs *20)
[    2.088986] ACPI: PCI Interrupt Link [GSIF] (IRQs *21)
[    2.089996] ACPI: PCI Interrupt Link [GSIG] (IRQs *22)
[    2.091000] ACPI: PCI Interrupt Link [GSIH] (IRQs *23)
[    2.104975] initcall acpi_init+0x0/0x316 returned 0 after 189453 usecs
[    2.107101] calling  pnp_init+0x0/0xc @ 1
[    2.108035] initcall pnp_init+0x0/0xc returned 0 after 0 usecs
[    2.108985] calling  misc_init+0x0/0xbf @ 1
[    2.111033] initcall misc_init+0x0/0xbf returned 0 after 976 usecs
[    2.113075] calling  iommu_subsys_init+0x0/0x4e @ 1
[    2.114126] iommu: Default domain type: Translated 
[    2.114983] initcall iommu_subsys_init+0x0/0x4e returned 0 after 976 usecs
[    2.115983] calling  vga_arb_device_init+0x0/0x26c @ 1
[    2.118597] pci 0000:00:01.0: vgaarb: setting as boot VGA device
[    2.118975] pci 0000:00:01.0: vgaarb: VGA device added: decodes=io+mem,owns=io+mem,locks=none
[    2.118982] pci 0000:00:01.0: vgaarb: bridge control possible
[    2.119980] vgaarb: loaded
[    2.120986] initcall vga_arb_device_init+0x0/0x26c returned 0 after 3906 usecs
[    2.122079] calling  cn_init+0x0/0xf0 @ 1
[    2.123983] initcall cn_init+0x0/0xf0 returned 0 after 976 usecs
[    2.124983] calling  dma_buf_init+0x0/0xad @ 1
[    2.126468] initcall dma_buf_init+0x0/0xad returned 0 after 0 usecs
[    2.126981] calling  init_scsi+0x0/0x79 @ 1
[    2.128654] SCSI subsystem initialized
[    2.128996] initcall init_scsi+0x0/0x79 returned 0 after 976 usecs
[    2.129994] calling  ata_init+0x0/0x332 @ 1
[    2.132694] libata version 3.00 loaded.
[    2.132981] initcall ata_init+0x0/0x332 returned 0 after 1953 usecs
[    2.133980] calling  phy_init+0x0/0x250 @ 1
[    2.136017] initcall phy_init+0x0/0x250 returned 0 after 976 usecs
[    2.136981] calling  init_pcmcia_cs+0x0/0x35 @ 1
[    2.138063] initcall init_pcmcia_cs+0x0/0x35 returned 0 after 0 usecs
[    2.138981] calling  usb_common_init+0x0/0x1c @ 1
[    2.140023] initcall usb_common_init+0x0/0x1c returned 0 after 0 usecs
[    2.140983] calling  usb_init+0x0/0x12e @ 1
[    2.142139] ACPI: bus type USB registered
[    2.144807] usbcore: registered new interface driver usbfs
[    2.145139] usbcore: registered new interface driver hub
[    2.147037] usbcore: registered new device driver usb
[    2.147984] initcall usb_init+0x0/0x12e returned 0 after 5859 usecs
[    2.148982] calling  serio_init+0x0/0x29 @ 1
[    2.150989] initcall serio_init+0x0/0x29 returned 0 after 976 usecs
[    2.151981] calling  input_init+0x0/0xf6 @ 1
[    2.153057] initcall input_init+0x0/0xf6 returned 0 after 0 usecs
[    2.153981] calling  rtc_init+0x0/0x4d @ 1
[    2.155095] initcall rtc_init+0x0/0x4d returned 0 after 0 usecs
[    2.155982] calling  pps_init+0x0/0xa9 @ 1
[    2.157136] pps_core: LinuxPPS API ver. 1 registered
[    2.157978] pps_core: Software ver. 5.3.6 - Copyright 2005-2007 Rodolfo Giometti <giometti@linux.it>
[    2.158984] initcall pps_init+0x0/0xa9 returned 0 after 1953 usecs
[    2.159985] calling  ptp_init+0x0/0x98 @ 1
[    2.160997] PTP clock support registered
[    2.161984] initcall ptp_init+0x0/0x98 returned 0 after 976 usecs
[    2.162986] calling  power_supply_class_init+0x0/0x3f @ 1
[    2.164099] initcall power_supply_class_init+0x0/0x3f returned 0 after 0 usecs
[    2.164981] calling  hwmon_init+0x0/0x104 @ 1
[    2.166145] initcall hwmon_init+0x0/0x104 returned 0 after 0 usecs
[    2.167981] calling  md_init+0x0/0x16b @ 1
[    2.170215] initcall md_init+0x0/0x16b returned 0 after 976 usecs
[    2.170981] calling  leds_init+0x0/0x3b @ 1
[    2.172075] initcall leds_init+0x0/0x3b returned 0 after 0 usecs
[    2.172981] calling  dmi_init+0x0/0x113 @ 1
[    2.174627] initcall dmi_init+0x0/0x113 returned 0 after 0 usecs
[    2.174982] calling  efisubsys_init+0x0/0x4e6 @ 1
[    2.176033] initcall efisubsys_init+0x0/0x4e6 returned 0 after 0 usecs
[    2.176983] calling  nvmem_init+0x0/0xc @ 1
[    2.178067] initcall nvmem_init+0x0/0xc returned 0 after 0 usecs
[    2.178982] calling  init_soundcore+0x0/0x33 @ 1
[    2.179997] initcall init_soundcore+0x0/0x33 returned 0 after 0 usecs
[    2.180981] calling  alsa_sound_init+0x0/0x8f @ 1
[    2.182224] Advanced Linux Sound Architecture Driver Initialized.
[    2.182980] initcall alsa_sound_init+0x0/0x8f returned 0 after 976 usecs
[    2.184994] calling  alsa_seq_device_init+0x0/0x71 @ 1
[    2.186052] initcall alsa_seq_device_init+0x0/0x71 returned 0 after 0 usecs
[    2.186980] calling  hda_bus_init+0x0/0xc @ 1
[    2.188056] initcall hda_bus_init+0x0/0xc returned 0 after 0 usecs
[    2.188980] calling  proto_init+0x0/0xc @ 1
[    2.190220] initcall proto_init+0x0/0xc returned 0 after 0 usecs
[    2.190982] calling  net_dev_init+0x0/0x1cc @ 1
[    2.193454] initcall net_dev_init+0x0/0x1cc returned 0 after 976 usecs
[    2.193981] calling  neigh_init+0x0/0x84 @ 1
[    2.194983] initcall neigh_init+0x0/0x84 returned 0 after 0 usecs
[    2.195980] calling  fib_notifier_init+0x0/0xc @ 1
[    2.197149] initcall fib_notifier_init+0x0/0xc returned 0 after 0 usecs
[    2.197981] calling  fib_rules_init+0x0/0xab @ 1
[    2.199296] initcall fib_rules_init+0x0/0xab returned 0 after 0 usecs
[    2.199981] calling  pktsched_init+0x0/0x10e @ 1
[    2.202291] initcall pktsched_init+0x0/0x10e returned 0 after 976 usecs
[    2.202981] calling  tc_filter_init+0x0/0xfa @ 1
[    2.204218] initcall tc_filter_init+0x0/0xfa returned 0 after 0 usecs
[    2.204981] calling  tc_action_init+0x0/0x54 @ 1
[    2.205982] initcall tc_action_init+0x0/0x54 returned 0 after 0 usecs
[    2.206981] calling  ethnl_init+0x0/0x52 @ 1
[    2.209071] initcall ethnl_init+0x0/0x52 returned 0 after 976 usecs
[    2.210982] calling  nexthop_init+0x0/0xd8 @ 1
[    2.212982] initcall nexthop_init+0x0/0xd8 returned 0 after 976 usecs
[    2.214160] calling  cipso_v4_init+0x0/0x5a @ 1
[    2.215980] initcall cipso_v4_init+0x0/0x5a returned 0 after 976 usecs
[    2.216984] calling  ieee80211_init+0x0/0x24 @ 1
[    2.218019] initcall ieee80211_init+0x0/0x24 returned 0 after 0 usecs
[    2.218983] calling  netlbl_init+0x0/0x78 @ 1
[    2.220127] NetLabel: Initializing
[    2.220978] NetLabel:  domain hash size = 128
[    2.221977] NetLabel:  protocols = UNLABELED CIPSOv4 CALIPSO
[    2.223259] NetLabel:  unlabeled traffic allowed by default
[    2.223985] initcall netlbl_init+0x0/0x78 returned 0 after 3906 usecs
[    2.224983] calling  rfkill_init+0x0/0x111 @ 1
[    2.226981] initcall rfkill_init+0x0/0x111 returned 0 after 976 usecs
[    2.227982] calling  pci_subsys_init+0x0/0x66 @ 1
[    2.229162] PCI: Using ACPI for IRQ routing
[    3.046225] PCI: pci_cache_line_size set to 64 bytes
[    3.049096] e820: reserve RAM buffer [mem 0x0009fc00-0x0009ffff]
[    3.050154] e820: reserve RAM buffer [mem 0x1ffdf000-0x1fffffff]
[    3.051450] initcall pci_subsys_init+0x0/0x66 returned 0 after 802734 usecs
[    3.060800] calling  nmi_warning_debugfs+0x0/0x26 @ 1
[    3.062602] initcall nmi_warning_debugfs+0x0/0x26 returned 0 after 976 usecs
[    3.062983] calling  save_microcode_in_initrd+0x0/0x51 @ 1
[    3.064157] initcall save_microcode_in_initrd+0x0/0x51 returned 0 after 0 usecs
[    3.065237] calling  hpet_late_init+0x0/0x1f6 @ 1
[    3.069440] hpet: 3 channels of 0 reserved for per-cpu timers
[    3.070975] hpet0: at MMIO 0xfed00000, IRQs 2, 8, 0
[    3.071979] hpet0: 3 comparators, 64-bit 100.000000 MHz counter
[    3.074984] initcall hpet_late_init+0x0/0x1f6 returned 0 after 7812 usecs
[    3.075985] calling  init_amd_nbs+0x0/0x11c @ 1
[    3.077101] initcall init_amd_nbs+0x0/0x11c returned 0 after 0 usecs
[    3.078821] calling  clocksource_done_booting+0x0/0x41 @ 1
[    3.081379] clocksource: Switched to clocksource kvm-clock
[    3.091324] initcall clocksource_done_booting+0x0/0x41 returned 0 after 11076 usecs
[    3.102583] calling  tracer_init_tracefs+0x0/0x1fb @ 1
[    3.403491] initcall tracer_init_tracefs+0x0/0x1fb returned 0 after 286308 usecs
[    3.412047] calling  init_trace_printk_function_export+0x0/0x2c @ 1
[    3.419356] initcall init_trace_printk_function_export+0x0/0x2c returned 0 after 8 usecs
[    3.428703] calling  init_kprobe_trace+0x0/0x1a9 @ 1
[    3.434606] initcall init_kprobe_trace+0x0/0x1a9 returned 0 after 33 usecs
[    3.442615] calling  init_dynamic_event+0x0/0x3d @ 1
[    3.448515] initcall init_dynamic_event+0x0/0x3d returned 0 after 63 usecs
[    3.456448] calling  init_uprobe_trace+0x0/0x5c @ 1
[    3.462296] initcall init_uprobe_trace+0x0/0x5c returned 0 after 51 usecs
[    3.470188] calling  init_pipe_fs+0x0/0x44 @ 1
[    3.475557] initcall init_pipe_fs+0x0/0x44 returned 0 after 105 usecs
[    3.483537] calling  inotify_user_setup+0x0/0x47 @ 1
[    3.489515] initcall inotify_user_setup+0x0/0x47 returned 0 after 42 usecs
[    3.499136] calling  eventpoll_init+0x0/0xcc @ 1
[    3.504649] initcall eventpoll_init+0x0/0xcc returned 0 after 74 usecs
[    3.512209] calling  anon_inode_init+0x0/0x58 @ 1
[    3.517866] initcall anon_inode_init+0x0/0x58 returned 0 after 108 usecs
[    3.526971] calling  proc_locks_init+0x0/0x27 @ 1
[    3.532547] initcall proc_locks_init+0x0/0x27 returned 0 after 5 usecs
[    3.540099] calling  iomap_init+0x0/0x1b @ 1
[    3.545563] initcall iomap_init+0x0/0x1b returned 0 after 504 usecs
[    3.552762] calling  dquot_init+0x0/0xd7 @ 1
[    3.557672] VFS: Disk quotas dquot_6.6.0
[    3.562353] VFS: Dquot-cache hash table entries: 512 (order 0, 4096 bytes)
[    3.570433] initcall dquot_init+0x0/0xd7 returned 0 after 12459 usecs
[    3.577918] calling  quota_init+0x0/0x23 @ 1
[    3.583079] initcall quota_init+0x0/0x23 returned 0 after 80 usecs
[    3.590357] calling  proc_cmdline_init+0x0/0x21 @ 1
[    3.597057] initcall proc_cmdline_init+0x0/0x21 returned 0 after 71 usecs
[    3.604904] calling  proc_consoles_init+0x0/0x24 @ 1
[    3.610755] initcall proc_consoles_init+0x0/0x24 returned 0 after 18 usecs
[    3.618667] calling  proc_cpuinfo_init+0x0/0x1e @ 1
[    3.624390] initcall proc_cpuinfo_init+0x0/0x1e returned 0 after 3 usecs
[    3.632141] calling  proc_devices_init+0x0/0x24 @ 1
[    3.637839] initcall proc_devices_init+0x0/0x24 returned 0 after 2 usecs
[    3.645663] calling  proc_interrupts_init+0x0/0x24 @ 1
[    3.652407] initcall proc_interrupts_init+0x0/0x24 returned 0 after 3 usecs
[    3.662465] calling  proc_loadavg_init+0x0/0x21 @ 1
[    3.669729] initcall proc_loadavg_init+0x0/0x21 returned 0 after 11 usecs
[    3.679762] calling  proc_meminfo_init+0x0/0x21 @ 1
[    3.686544] initcall proc_meminfo_init+0x0/0x21 returned 0 after 3 usecs
[    3.694395] calling  proc_stat_init+0x0/0x1e @ 1
[    3.699860] initcall proc_stat_init+0x0/0x1e returned 0 after 3 usecs
[    3.707368] calling  proc_uptime_init+0x0/0x21 @ 1
[    3.713025] initcall proc_uptime_init+0x0/0x21 returned 0 after 2 usecs
[    3.725213] calling  proc_version_init+0x0/0x21 @ 1
[    3.731805] initcall proc_version_init+0x0/0x21 returned 0 after 656 usecs
[    3.739758] calling  proc_softirqs_init+0x0/0x21 @ 1
[    3.745493] initcall proc_softirqs_init+0x0/0x21 returned 0 after 46 usecs
[    3.753400] calling  proc_kcore_init+0x0/0xea @ 1
[    3.759601] initcall proc_kcore_init+0x0/0xea returned 0 after 715 usecs
[    3.767266] calling  vmcore_init+0x0/0x578 @ 1
[    3.772387] initcall vmcore_init+0x0/0x578 returned 0 after 0 usecs
[    3.779649] calling  proc_kmsg_init+0x0/0x21 @ 1
[    3.785072] initcall proc_kmsg_init+0x0/0x21 returned 0 after 38 usecs
[    3.792526] calling  proc_page_init+0x0/0x3b @ 1
[    3.797893] initcall proc_page_init+0x0/0x3b returned 0 after 3 usecs
[    3.805258] calling  init_ramfs_fs+0x0/0xc @ 1
[    3.811142] initcall init_ramfs_fs+0x0/0xc returned 0 after 633 usecs
[    3.820136] calling  init_hugetlbfs_fs+0x0/0xf6 @ 1
[    3.827118] initcall init_hugetlbfs_fs+0x0/0xf6 returned 0 after 1310 usecs
[    3.835128] calling  blk_scsi_ioctl_init+0x0/0x2a5 @ 1
[    3.841126] initcall blk_scsi_ioctl_init+0x0/0x2a5 returned 0 after 41 usecs
[    3.849177] calling  acpi_event_init+0x0/0x2c @ 1
[    3.855646] initcall acpi_event_init+0x0/0x2c returned 0 after 1002 usecs
[    3.863410] calling  pnp_system_init+0x0/0xc @ 1
[    3.869813] initcall pnp_system_init+0x0/0xc returned 0 after 822 usecs
[    3.878624] calling  pnpacpi_init+0x0/0x69 @ 1
[    3.885342] pnp: PnP ACPI init
[    3.892310] pnp 00:00: Plug and Play ACPI device, IDs PNP0303 (active)
[    3.901881] pnp 00:01: Plug and Play ACPI device, IDs PNP0f13 (active)
[    3.911358] pnp 00:02: Plug and Play ACPI device, IDs PNP0400 (active)
[    3.921242] pnp 00:03: Plug and Play ACPI device, IDs PNP0501 (active)
[    3.930504] pnp 00:04: Plug and Play ACPI device, IDs PNP0b00 (active)
[    3.939836] system 00:05: [mem 0xb0000000-0xbfffffff window] has been reserved
[    3.949756] system 00:05: Plug and Play ACPI device, IDs PNP0c01 (active)
[    3.959993] pnp: PnP ACPI: found 6 devices
[    3.965169] initcall pnpacpi_init+0x0/0x69 returned 0 after 77997 usecs
[    3.973444] calling  chr_dev_init+0x0/0x14d @ 1
[    3.985728] initcall chr_dev_init+0x0/0x14d returned 0 after 6135 usecs
[    3.994059] calling  firmware_class_init+0x0/0xde @ 1
[    4.000689] initcall firmware_class_init+0x0/0xde returned 0 after 83 usecs
[    4.009576] calling  init_pcmcia_bus+0x0/0x5b @ 1
[    4.015642] initcall init_pcmcia_bus+0x0/0x5b returned 0 after 83 usecs
[    4.024396] calling  init_acpi_pm_clocksource+0x0/0xda @ 1
[    4.036664] clocksource: acpi_pm: mask: 0xffffff max_cycles: 0xffffff, max_idle_ns: 2085701024 ns
[    4.048650] initcall init_acpi_pm_clocksource+0x0/0xda returned 0 after 17108 usecs
[    4.059043] calling  sysctl_core_init+0x0/0x26 @ 1
[    4.065712] initcall sysctl_core_init+0x0/0x26 returned 0 after 206 usecs
[    4.074954] calling  eth_offload_init+0x0/0x13 @ 1
[    4.081168] initcall eth_offload_init+0x0/0x13 returned 0 after 16 usecs
[    4.089401] calling  ipv4_offload_init+0x0/0x73 @ 1
[    4.095359] initcall ipv4_offload_init+0x0/0x73 returned 0 after 53 usecs
[    4.103462] calling  inet_init+0x0/0x276 @ 1
[    4.109253] NET: Registered protocol family 2
[    4.115388] IP idents hash table entries: 8192 (order: 4, 65536 bytes, linear)
[    4.127713] tcp_listen_portaddr_hash hash table entries: 256 (order: 0, 4096 bytes, linear)
[    4.139859] TCP established hash table entries: 4096 (order: 3, 32768 bytes, linear)
[    4.150764] TCP bind hash table entries: 4096 (order: 3, 32768 bytes, linear)
[    4.159120] TCP: Hash tables configured (established 4096 bind 4096)
[    4.167335] UDP hash table entries: 256 (order: 1, 8192 bytes, linear)
[    4.174849] UDP-Lite hash table entries: 256 (order: 1, 8192 bytes, linear)
[    4.182991] initcall inet_init+0x0/0x276 returned 0 after 72115 usecs
[    4.190346] calling  af_unix_init+0x0/0x4d @ 1
[    4.195475] NET: Registered protocol family 1
[    4.200670] initcall af_unix_init+0x0/0x4d returned 0 after 5075 usecs
[    4.208069] calling  ipv6_offload_init+0x0/0x7e @ 1
[    4.213642] initcall ipv6_offload_init+0x0/0x7e returned 0 after 16 usecs
[    4.221418] calling  init_sunrpc+0x0/0x65 @ 1
[    4.227257] RPC: Registered named UNIX socket transport module.
[    4.234024] RPC: Registered udp transport module.
[    4.239456] RPC: Registered tcp transport module.
[    4.244805] RPC: Registered tcp NFSv4.1 backchannel transport module.
[    4.253675] initcall init_sunrpc+0x0/0x65 returned 0 after 26476 usecs
[    4.261207] calling  cfg80211_init+0x0/0xc5 @ 1
[    4.267161] initcall cfg80211_init+0x0/0xc5 returned 0 after 749 usecs
[    4.274609] calling  pcibios_assign_resources+0x0/0xb4 @ 1
[    4.281348] pci_bus 0000:00: resource 4 [io  0x0000-0x0cf7 window]
[    4.288456] pci_bus 0000:00: resource 5 [io  0x0d00-0xffff window]
[    4.295563] pci_bus 0000:00: resource 6 [mem 0x000a0000-0x000bffff window]
[    4.303423] pci_bus 0000:00: resource 7 [mem 0x20000000-0xafffffff window]
[    4.311151] pci_bus 0000:00: resource 8 [mem 0xc0000000-0xfebfffff window]
[    4.318931] pci_bus 0000:00: resource 9 [mem 0x100000000-0x8ffffffff window]
[    4.326913] initcall pcibios_assign_resources+0x0/0xb4 returned 0 after 44875 usecs
[    4.335870] calling  pci_apply_final_quirks+0x0/0x124 @ 1
[    4.342390] pci 0000:00:01.0: calling  pci_fixup_video+0x0/0xe0 @ 1
[    4.349820] pci 0000:00:01.0: Video device with shadowed ROM at [mem 0x000c0000-0x000dffff]
[    4.359388] pci 0000:00:01.0: pci_fixup_video+0x0/0xe0 took 9614 usecs
[    4.367401] PCI: CLS 0 bytes, default 64
[    4.372064] initcall pci_apply_final_quirks+0x0/0x124 returned 0 after 29248 usecs
[    4.380771] calling  acpi_reserve_resources+0x0/0xea @ 1
[    4.387268] initcall acpi_reserve_resources+0x0/0xea returned 0 after 42 usecs
[    4.395727] calling  populate_rootfs+0x0/0x102 @ 1
[    4.402311] initcall populate_rootfs+0x0/0x102 returned 0 after 955 usecs
[    4.410243] calling  pci_iommu_init+0x0/0x3e @ 1
[    4.415811] initcall pci_iommu_init+0x0/0x3e returned 0 after 120 usecs
[    4.424515] calling  ia32_binfmt_init+0x0/0x13 @ 1
[    4.430070] initcall ia32_binfmt_init+0x0/0x13 returned 0 after 25 usecs
[    4.437806] calling  rapl_pmu_init+0x0/0x25f @ 1
[    4.443270] initcall rapl_pmu_init+0x0/0x25f returned -19 after 46 usecs
[    4.450830] calling  amd_uncore_init+0x0/0x310 @ 1
[    4.456367] initcall amd_uncore_init+0x0/0x310 returned -19 after 0 usecs
[    4.464120] calling  amd_ibs_init+0x0/0x24b @ 1
[    4.469382] initcall amd_ibs_init+0x0/0x24b returned -19 after 0 usecs
[    4.476830] calling  amd_iommu_pc_init+0x0/0x20c @ 1
[    4.483526] initcall amd_iommu_pc_init+0x0/0x20c returned -19 after 45 usecs
[    4.492113] calling  msr_init+0x0/0x55 @ 1
[    4.497080] initcall msr_init+0x0/0x55 returned 0 after 162 usecs
[    4.504206] calling  intel_uncore_init+0x0/0x31e @ 1
[    4.510126] initcall intel_uncore_init+0x0/0x31e returned -19 after 28 usecs
[    4.518224] calling  cstate_pmu_init+0x0/0x181 @ 1
[    4.523773] initcall cstate_pmu_init+0x0/0x181 returned -19 after 0 usecs
[    4.531548] calling  register_kernel_offset_dumper+0x0/0x1a @ 1
[    4.538343] initcall register_kernel_offset_dumper+0x0/0x1a returned 0 after 22 usecs
[    4.547253] calling  i8259A_init_ops+0x0/0x20 @ 1
[    4.552843] initcall i8259A_init_ops+0x0/0x20 returned 0 after 1 usecs
[    4.560456] calling  init_tsc_clocksource+0x0/0xa4 @ 1
[    4.566455] clocksource: tsc: mask: 0xffffffffffffffff max_cycles: 0x39a85afc727, max_idle_ns: 881590685098 ns
[    4.577886] initcall init_tsc_clocksource+0x0/0xa4 returned 0 after 11148 usecs
[    4.587076] calling  add_rtc_cmos+0x0/0xb0 @ 1
[    4.593465] initcall add_rtc_cmos+0x0/0xb0 returned 0 after 2 usecs
[    4.601635] calling  i8237A_init_ops+0x0/0x3a @ 1
[    4.608296] initcall i8237A_init_ops+0x0/0x3a returned 0 after 137 usecs
[    4.617535] calling  umwait_init+0x0/0x94 @ 1
[    4.624160] initcall umwait_init+0x0/0x94 returned -19 after 20 usecs
[    4.633533] calling  thermal_throttle_init_device+0x0/0x3d @ 1
[    4.642160] initcall thermal_throttle_init_device+0x0/0x3d returned 0 after 57 usecs
[    4.653717] calling  msr_init+0x0/0xd7 @ 1
[    4.660304] initcall msr_init+0x0/0xd7 returned 0 after 174 usecs
[    4.669570] calling  cpuid_init+0x0/0xd7 @ 1
[    4.676437] initcall cpuid_init+0x0/0xd7 returned 0 after 224 usecs
[    4.684228] calling  ioapic_init_ops+0x0/0x13 @ 1
[    4.690058] initcall ioapic_init_ops+0x0/0x13 returned 0 after 26 usecs
[    4.697893] calling  add_pcspkr+0x0/0x6c @ 1
[    4.703138] initcall add_pcspkr+0x0/0x6c returned 0 after 101 usecs
[    4.711432] calling  start_periodic_check_for_corruption+0x0/0x30 @ 1
[    4.720753] check: Scanning for low memory corruption every 60 seconds
[    4.729463] initcall start_periodic_check_for_corruption+0x0/0x30 returned 0 after 8503 usecs
[    4.739173] calling  sysfb_init+0x0/0x9c @ 1
[    4.744440] initcall sysfb_init+0x0/0x9c returned 0 after 138 usecs
[    4.751825] calling  audit_classes_init+0x0/0xae @ 1
[    4.758135] initcall audit_classes_init+0x0/0xae returned 0 after 149 usecs
[    4.767319] calling  iosf_mbi_init+0x0/0x24 @ 1
[    4.772951] initcall iosf_mbi_init+0x0/0x24 returned 0 after 288 usecs
[    4.780510] calling  proc_execdomains_init+0x0/0x21 @ 1
[    4.786690] initcall proc_execdomains_init+0x0/0x21 returned 0 after 17 usecs
[    4.794978] calling  register_warn_debugfs+0x0/0x23 @ 1
[    4.801127] initcall register_warn_debugfs+0x0/0x23 returned 0 after 27 usecs
[    4.809482] calling  ioresources_init+0x0/0x49 @ 1
[    4.815157] initcall ioresources_init+0x0/0x49 returned 0 after 6 usecs
[    4.824708] calling  snapshot_device_init+0x0/0xc @ 1
[    4.833354] initcall snapshot_device_init+0x0/0xc returned 0 after 1187 usecs
[    4.843930] calling  irq_pm_init_ops+0x0/0x13 @ 1
[    4.849760] initcall irq_pm_init_ops+0x0/0x13 returned 0 after 28 usecs
[    4.857285] calling  rcu_torture_init+0x0/0x89f @ 1
[    4.863192] srcu-torture:--- Start of test: nreaders=1 nfakewriters=4 stat_interval=15 verbose=1 test_no_idle_hz=1 shuffle_interval=3 stutter=5 irqreader=1 fqs_duration=0 fqs_holdoff=0 fqs_stutter=3 test_boost=1/0 test_boost_interval=7 test_boost_duration=4 shutdown_secs=1800 stall_cpu=0 stall_cpu_holdoff=10 stall_cpu_irqsoff=0 stall_cpu_block=0 n_barrier_cbs=4 onoff_interval=0 onoff_holdoff=0 read_exit_delay=13 read_exit_burst=16
[    4.906662] srcu:  Start-test grace-period state: g0 f0x0
[    4.913037] srcu-torture: Creating rcu_torture_writer task
[    4.919579] srcu-torture: Creating rcu_torture_fakewriter task
[    4.926557] srcu-torture: rcu_torture_writer task started
[    4.932835] srcu-torture: GP expediting controlled from boot/sysfs for srcu.
[    4.940877] rcu_torture_writer: Testing expedited GPs.
[    4.946904] rcu_torture_writer: Testing asynchronous GPs.
[    4.956235] rcu_torture_writer: Testing normal GPs.
[    4.961903] srcu-torture: Creating rcu_torture_fakewriter task
[    4.968772] srcu-torture: rcu_torture_fakewriter task started
[    4.975496] srcu-torture: Creating rcu_torture_fakewriter task
[    4.982237] srcu-torture: rcu_torture_fakewriter task started
[    4.989975] srcu-torture: Creating rcu_torture_fakewriter task
[    4.996807] srcu-torture: rcu_torture_fakewriter task started
[    5.004243] srcu-torture: Creating rcu_torture_reader task
[    5.010658] srcu-torture: rcu_torture_fakewriter task started
[    5.018236] srcu-torture: Creating rcu_torture_stats task
[    5.024478] srcu-torture: rcu_torture_reader task started
[    5.032035] srcu-torture: Creating torture_shuffle task
[    5.038153] srcu-torture: rcu_torture_stats task started
[    5.046837] srcu-torture: Creating torture_stutter task
[    5.053760] srcu-torture: torture_shuffle task started
[    5.060454] srcu-torture: Creating torture_shutdown task
[    5.066572] srcu-torture: torture_stutter task started
[    5.073663] srcu-torture: rcu_torture_fwd_prog_init: Disabled, unsupported by RCU flavor under test
[    5.084275] srcu-torture: Creating rcu_torture_barrier_cbs task
[    5.091026] srcu-torture: torture_shutdown task started
[    5.097366] srcu-torture:torture_shutdown task: 1799963 ms remaining
[    5.104931] srcu-torture: Creating rcu_torture_barrier_cbs task
[    5.111762] srcu-torture: rcu_torture_barrier_cbs task started
[    5.118491] srcu-torture: Creating rcu_torture_barrier_cbs task
[    5.125313] srcu-torture: rcu_torture_barrier_cbs task started
[    5.133442] srcu-torture: Creating rcu_torture_barrier_cbs task
[    5.140777] srcu-torture: rcu_torture_barrier_cbs task started
[    5.149237] srcu-torture: Creating rcu_torture_barrier task
[    5.156994] srcu-torture: rcu_torture_barrier_cbs task started
[    5.164024] srcu-torture: Creating rcu_torture_read_exit task
[    5.170709] srcu-torture: rcu_torture_barrier task starting
[    5.177780] initcall rcu_torture_init+0x0/0x89f returned 0 after 307376 usecs
[    5.185939] calling  timekeeping_init_ops+0x0/0x13 @ 1
[    5.191803] initcall timekeeping_init_ops+0x0/0x13 returned 0 after 16 usecs
[    5.199759] calling  init_clocksource_sysfs+0x0/0x23 @ 1
[    5.205800] initcall init_clocksource_sysfs+0x0/0x23 returned 0 after 57 usecs
[    5.214000] calling  init_timer_list_procfs+0x0/0x31 @ 1
[    5.220067] initcall init_timer_list_procfs+0x0/0x31 returned 0 after 4 usecs
[    5.228023] calling  alarmtimer_init+0x0/0xb5 @ 1
[    5.233476] initcall alarmtimer_init+0x0/0xb5 returned 0 after 72 usecs
[    5.241072] calling  init_posix_timers+0x0/0x29 @ 1
[    5.246953] initcall init_posix_timers+0x0/0x29 returned 0 after 9 usecs
[    5.254561] calling  clockevents_init_sysfs+0x0/0x8b @ 1
[    5.260900] initcall clockevents_init_sysfs+0x0/0x8b returned 0 after 167 usecs
[    5.269271] calling  proc_dma_init+0x0/0x21 @ 1
[    5.274527] initcall proc_dma_init+0x0/0x21 returned 0 after 34 usecs
[    5.281866] calling  proc_modules_init+0x0/0x1e @ 1
[    5.287560] initcall proc_modules_init+0x0/0x1e returned 0 after 3 usecs
[    5.295182] calling  kallsyms_init+0x0/0x21 @ 1
[    5.300315] initcall kallsyms_init+0x0/0x21 returned 0 after 3 usecs
[    5.307508] calling  pid_namespaces_init+0x0/0x2c @ 1
[    5.313299] initcall pid_namespaces_init+0x0/0x2c returned 0 after 32 usecs
[    5.321125] calling  audit_watch_init+0x0/0x37 @ 1
[    5.326697] initcall audit_watch_init+0x0/0x37 returned 0 after 15 usecs
[    5.334392] calling  audit_fsnotify_init+0x0/0x37 @ 1
[    5.340199] initcall audit_fsnotify_init+0x0/0x37 returned 0 after 1 usecs
[    5.348930] calling  audit_tree_init+0x0/0x6d @ 1
[    5.355356] initcall audit_tree_init+0x0/0x6d returned 0 after 5 usecs
[    5.362728] calling  seccomp_sysctl_init+0x0/0x2b @ 1
[    5.369356] initcall seccomp_sysctl_init+0x0/0x2b returned 0 after 119 usecs
[    5.378409] calling  utsname_sysctl_init+0x0/0x13 @ 1
[    5.384367] initcall utsname_sysctl_init+0x0/0x13 returned 0 after 9 usecs
[    5.392437] calling  init_tracepoints+0x0/0x27 @ 1
[    5.399447] initcall init_tracepoints+0x0/0x27 returned 0 after 115 usecs
[    5.409292] calling  init_blk_tracer+0x0/0x50 @ 1
[    5.416635] initcall init_blk_tracer+0x0/0x50 returned 0 after 346 usecs
[    5.425615] calling  perf_event_sysfs_init+0x0/0x81 @ 1
[    5.432077] initcall perf_event_sysfs_init+0x0/0x81 returned 0 after 313 usecs
[    5.440497] calling  system_trusted_keyring_init+0x0/0x5f @ 1
[    5.447269] Initialise system trusted keyrings
[    5.452555] initcall system_trusted_keyring_init+0x0/0x5f returned 0 after 5171 usecs
[    5.461591] calling  kswapd_init+0x0/0x13 @ 1
[    5.466718] srcu-torture: rcu_torture_read_exit: Start of test
[    5.475300] initcall kswapd_init+0x0/0x13 returned 0 after 8397 usecs
[    5.482963] calling  extfrag_debug_init+0x0/0x54 @ 1
[    5.489111] initcall extfrag_debug_init+0x0/0x54 returned 0 after 9 usecs
[    5.497117] calling  slab_proc_init+0x0/0x21 @ 1
[    5.502667] initcall slab_proc_init+0x0/0x21 returned 0 after 31 usecs
[    5.510379] calling  workingset_init+0x0/0x8c @ 1
[    5.516036] workingset: timestamp_bits=62 max_order=17 bucket_order=0
[    5.523744] initcall workingset_init+0x0/0x8c returned 0 after 7577 usecs
[    5.531994] calling  proc_vmalloc_init+0x0/0x27 @ 1
[    5.537817] initcall proc_vmalloc_init+0x0/0x27 returned 0 after 4 usecs
[    5.546388] calling  procswaps_init+0x0/0x1e @ 1
[    5.553322] initcall procswaps_init+0x0/0x1e returned 0 after 35 usecs
[    5.562927] calling  slab_sysfs_init+0x0/0xea @ 1
[    5.573553] initcall slab_sysfs_init+0x0/0xea returned 0 after 3487 usecs
[    5.583145] calling  fcntl_init+0x0/0x29 @ 1
[    5.588333] initcall fcntl_init+0x0/0x29 returned 0 after 7 usecs
[    5.595490] calling  proc_filesystems_init+0x0/0x21 @ 1
[    5.601741] initcall proc_filesystems_init+0x0/0x21 returned 0 after 4 usecs
[    5.611697] calling  start_dirtytime_writeback+0x0/0x29 @ 1
[    5.619418] initcall start_dirtytime_writeback+0x0/0x29 returned 0 after 1 usecs
[    5.629548] calling  blkdev_init+0x0/0x1b @ 1
[    5.636509] initcall blkdev_init+0x0/0x1b returned 0 after 160 usecs
[    5.646256] calling  dio_init+0x0/0x2c @ 1
[    5.652687] initcall dio_init+0x0/0x2c returned 0 after 54 usecs
[    5.661467] calling  dnotify_init+0x0/0x78 @ 1
[    5.667147] initcall dnotify_init+0x0/0x78 returned 0 after 11 usecs
[    5.675768] calling  aio_setup+0x0/0x78 @ 1
[    5.682356] initcall aio_setup+0x0/0x78 returned 0 after 89 usecs
[    5.691672] calling  io_uring_init+0x0/0x2c @ 1
[    5.698697] initcall io_uring_init+0x0/0x2c returned 0 after 8 usecs
[    5.707224] calling  mbcache_init+0x0/0x30 @ 1
[    5.712731] initcall mbcache_init+0x0/0x30 returned 0 after 44 usecs
[    5.720342] calling  init_grace+0x0/0xc @ 1
[    5.725441] initcall init_grace+0x0/0xc returned 0 after 3 usecs
[    5.738282] calling  init_v2_quota_format+0x0/0x21 @ 1
[    5.745030] initcall init_v2_quota_format+0x0/0x21 returned 0 after 314 usecs
[    5.753733] calling  init_devpts_fs+0x0/0x27 @ 1
[    5.760614] initcall init_devpts_fs+0x0/0x27 returned 0 after 1210 usecs
[    5.768823] calling  ext4_init_fs+0x0/0x1cb @ 1
[    5.776992] initcall ext4_init_fs+0x0/0x1cb returned 0 after 2555 usecs
[    5.785080] calling  journal_init+0x0/0x11c @ 1
[    5.790718] initcall journal_init+0x0/0x11c returned 0 after 155 usecs
[    5.798501] calling  init_fat_fs+0x0/0x49 @ 1
[    5.803983] initcall init_fat_fs+0x0/0x49 returned 0 after 107 usecs
[    5.813623] calling  init_vfat_fs+0x0/0xc @ 1
[    5.818875] initcall init_vfat_fs+0x0/0xc returned 0 after 15 usecs
[    5.826450] calling  init_msdos_fs+0x0/0xc @ 1
[    5.831913] initcall init_msdos_fs+0x0/0xc returned 0 after 2 usecs
[    5.839382] calling  init_iso9660_fs+0x0/0x6c @ 1
[    5.847193] initcall init_iso9660_fs+0x0/0x6c returned 0 after 2089 usecs
[    5.855258] calling  init_nfs_fs+0x0/0x13a @ 1
[    5.862155] initcall init_nfs_fs+0x0/0x13a returned 0 after 1476 usecs
[    5.869873] calling  init_nfs_v2+0x0/0x13 @ 1
[    5.875135] initcall init_nfs_v2+0x0/0x13 returned 0 after 53 usecs
[    5.882501] calling  init_nfs_v3+0x0/0x13 @ 1
[    5.887910] initcall init_nfs_v3+0x0/0x13 returned 0 after 16 usecs
[    5.895694] calling  init_nfs_v4+0x0/0x32 @ 1
[    5.900993] NFS: Registering the id_resolver key type
[    5.908244] Key type id_resolver registered
[    5.913928] Key type id_legacy registered
[    5.919381] initcall init_nfs_v4+0x0/0x32 returned 0 after 17952 usecs
[    5.928248] calling  init_nlm+0x0/0x5b @ 1
[    5.934707] initcall init_nlm+0x0/0x5b returned 0 after 353 usecs
[    5.943874] calling  init_nls_cp437+0x0/0xe @ 1
[    5.950652] initcall init_nls_cp437+0x0/0xe returned 0 after 45 usecs
[    5.960135] calling  init_nls_ascii+0x0/0xe @ 1
[    5.965738] initcall init_nls_ascii+0x0/0xe returned 0 after 1 usecs
[    5.973415] calling  init_nls_iso8859_1+0x0/0xe @ 1
[    5.979302] initcall init_nls_iso8859_1+0x0/0xe returned 0 after 0 usecs
[    5.987471] calling  init_nls_utf8+0x0/0x21 @ 1
[    5.992801] initcall init_nls_utf8+0x0/0x21 returned 0 after 1 usecs
[    6.001000] calling  init_autofs_fs+0x0/0x25 @ 1
[    6.008473] initcall init_autofs_fs+0x0/0x25 returned 0 after 1319 usecs
[    6.017829] calling  ipc_init+0x0/0x24 @ 1
[    6.024180] initcall ipc_init+0x0/0x24 returned 0 after 194 usecs
[    6.033174] calling  ipc_sysctl_init+0x0/0x13 @ 1
[    6.040290] initcall ipc_sysctl_init+0x0/0x13 returned 0 after 101 usecs
[    6.048378] calling  init_mqueue_fs+0x0/0x92 @ 1
[    6.054501] initcall init_mqueue_fs+0x0/0x92 returned 0 after 497 usecs
[    6.062415] calling  key_proc_init+0x0/0x63 @ 1
[    6.068984] initcall key_proc_init+0x0/0x63 returned 0 after 5 usecs
[    6.078277] calling  selinux_nf_ip_init+0x0/0x2e @ 1
[    6.087444] initcall selinux_nf_ip_init+0x0/0x2e returned 0 after 72 usecs
[    6.096494] calling  init_sel_fs+0x0/0x116 @ 1
[    6.102063] initcall init_sel_fs+0x0/0x116 returned 0 after 0 usecs
[    6.110782] calling  selnl_init+0x0/0x7c @ 1
[    6.116958] initcall selnl_init+0x0/0x7c returned 0 after 345 usecs
[    6.124253] calling  sel_netif_init+0x0/0x36 @ 1
[    6.129698] initcall sel_netif_init+0x0/0x36 returned 0 after 0 usecs
[    6.137323] calling  sel_netnode_init+0x0/0x33 @ 1
[    6.142929] initcall sel_netnode_init+0x0/0x33 returned 0 after 0 usecs
[    6.151245] calling  sel_netport_init+0x0/0x33 @ 1
[    6.157420] initcall sel_netport_init+0x0/0x33 returned 0 after 0 usecs
[    6.165532] calling  aurule_init+0x0/0x2a @ 1
[    6.170961] initcall aurule_init+0x0/0x2a returned 0 after 1 usecs
[    6.178675] calling  crypto_algapi_init+0x0/0xc @ 1
[    6.185216] initcall crypto_algapi_init+0x0/0xc returned 0 after 6 usecs
[    6.193702] calling  jent_mod_init+0x0/0x2d @ 1
[    6.209395] initcall jent_mod_init+0x0/0x2d returned 0 after 9798 usecs
[    6.217405] calling  asymmetric_key_init+0x0/0xc @ 1
[    6.223345] Key type asymmetric registered
[    6.228307] initcall asymmetric_key_init+0x0/0xc returned 0 after 4857 usecs
[    6.238056] calling  x509_key_init+0x0/0xc @ 1
[    6.244471] Asymmetric key parser 'x509' registered
[    6.250931] initcall x509_key_init+0x0/0xc returned 0 after 5790 usecs
[    6.258540] calling  proc_genhd_init+0x0/0x41 @ 1
[    6.264386] initcall proc_genhd_init+0x0/0x41 returned 0 after 71 usecs
[    6.272416] calling  bsg_init+0x0/0x113 @ 1
[    6.277607] Block layer SCSI generic (bsg) driver version 0.4 loaded (major 251)
[    6.286494] initcall bsg_init+0x0/0x113 returned 0 after 8802 usecs
[    6.294603] calling  deadline_init+0x0/0xc @ 1
[    6.301474] io scheduler mq-deadline registered
[    6.308362] initcall deadline_init+0x0/0xc returned 0 after 6869 usecs
[    6.318166] calling  kyber_init+0x0/0xc @ 1
[    6.324700] io scheduler kyber registered
[    6.330914] initcall kyber_init+0x0/0xc returned 0 after 6125 usecs
[    6.340177] calling  mod_init+0x0/0x7 @ 1
[    6.346177] initcall mod_init+0x0/0x7 returned 0 after 1 usecs
[    6.354804] calling  sg_pool_init+0x0/0xb4 @ 1
[    6.361905] initcall sg_pool_init+0x0/0xb4 returned 0 after 499 usecs
[    6.371089] calling  pcie_portdrv_init+0x0/0x39 @ 1
[    6.377558] initcall pcie_portdrv_init+0x0/0x39 returned 0 after 437 usecs
[    6.385687] calling  pci_proc_init+0x0/0x68 @ 1
[    6.391219] initcall pci_proc_init+0x0/0x68 returned 0 after 49 usecs
[    6.399139] calling  pci_hotplug_init+0x0/0x7 @ 1
[    6.405319] initcall pci_hotplug_init+0x0/0x7 returned 0 after 0 usecs
[    6.415123] calling  efifb_driver_init+0x0/0xe @ 1
[    6.422384] initcall efifb_driver_init+0x0/0xe returned 0 after 88 usecs
[    6.432359] calling  ged_driver_init+0x0/0xe @ 1
[    6.440273] initcall ged_driver_init+0x0/0xe returned 0 after 395 usecs
[    6.452821] calling  acpi_ac_init+0x0/0x92 @ 1
[    6.460002] initcall acpi_ac_init+0x0/0x92 returned 0 after 329 usecs
[    6.469938] calling  acpi_button_driver_init+0x0/0x52 @ 1
[    6.477721] input: Power Button as /devices/LNXSYSTM:00/LNXPWRBN:00/input/input0
[    6.487336] ACPI: Power Button [PWRF]
[    6.492454] initcall acpi_button_driver_init+0x0/0x52 returned 0 after 14841 usecs
[    6.502399] calling  acpi_fan_driver_init+0x0/0xe @ 1
[    6.510068] initcall acpi_fan_driver_init+0x0/0xe returned 0 after 19 usecs
[    6.520532] calling  acpi_video_init+0x0/0xcb @ 1
[    6.527705] initcall acpi_video_init+0x0/0xcb returned 0 after 91 usecs
[    6.537646] calling  acpi_processor_driver_init+0x0/0xad @ 1
[    6.545738] initcall acpi_processor_driver_init+0x0/0xad returned 0 after 831 usecs
[    6.555309] calling  acpi_thermal_init+0x0/0x71 @ 1
[    6.561542] initcall acpi_thermal_init+0x0/0x71 returned 0 after 106 usecs
[    6.570194] calling  acpi_battery_init+0x0/0x32 @ 1
[    6.576664] initcall acpi_battery_init+0x0/0x32 returned 0 after 30 usecs
[    6.585384] calling  bgrt_init+0x0/0xb6 @ 1
[    6.590906] initcall bgrt_init+0x0/0xb6 returned -19 after 0 usecs
[    6.600150] calling  gpio_clk_driver_init+0x0/0xe @ 1
[    6.606386] initcall gpio_clk_driver_init+0x0/0xe returned 0 after 72 usecs
[    6.615426] calling  plt_clk_driver_init+0x0/0xe @ 1
[    6.621777] initcall plt_clk_driver_init+0x0/0xe returned 0 after 16 usecs
[    6.630483] calling  virtio_pci_driver_init+0x0/0x15 @ 1
[    6.637347] initcall virtio_pci_driver_init+0x0/0x15 returned 0 after 62 usecs
[    6.646457] calling  n_null_init+0x0/0x1e @ 1
[    6.652226] initcall n_null_init+0x0/0x1e returned 0 after 24 usecs
[    6.661286] calling  pty_init+0x0/0x1e8 @ 1
[    6.668675] initcall pty_init+0x0/0x1e8 returned 0 after 511 usecs
[    6.678625] calling  sysrq_init+0x0/0x62 @ 1
[    6.685524] initcall sysrq_init+0x0/0x62 returned 0 after 7 usecs
[    6.693512] calling  serial8250_init+0x0/0x17e @ 1
[    6.699665] Serial: 8250/16550 driver, 4 ports, IRQ sharing enabled
[    6.709702] 00:03: ttyS0 at I/O 0x3f8 (irq = 4, base_baud = 115200) is a 16550A
[    6.721691] initcall serial8250_init+0x0/0x17e returned 0 after 21549 usecs
[    6.730496] calling  serial_pci_driver_init+0x0/0x15 @ 1
[    6.737372] initcall serial_pci_driver_init+0x0/0x15 returned 0 after 81 usecs
[    6.746459] calling  exar_pci_driver_init+0x0/0x15 @ 1
[    6.753077] initcall exar_pci_driver_init+0x0/0x15 returned 0 after 45 usecs
[    6.761877] calling  lpss8250_pci_driver_init+0x0/0x15 @ 1
[    6.768537] initcall lpss8250_pci_driver_init+0x0/0x15 returned 0 after 37 usecs
[    6.777628] calling  mid8250_pci_driver_init+0x0/0x15 @ 1
[    6.784460] initcall mid8250_pci_driver_init+0x0/0x15 returned 0 after 17 usecs
[    6.794185] calling  virtio_console_init+0x0/0xff @ 1
[    6.801766] initcall virtio_console_init+0x0/0xff returned 0 after 464 usecs
[    6.812604] calling  hpet_init+0x0/0x64 @ 1
[    6.819991] initcall hpet_init+0x0/0x64 returned 0 after 549 usecs
[    6.829585] calling  nvram_module_init+0x0/0x83 @ 1
[    6.837278] Non-volatile memory driver v1.3
[    6.843814] initcall nvram_module_init+0x0/0x83 returned 0 after 6499 usecs
[    6.854191] calling  hwrng_modinit+0x0/0x8a @ 1
[    6.861532] initcall hwrng_modinit+0x0/0x8a returned 0 after 111 usecs
[    6.869584] calling  mod_init+0x0/0x48 @ 1
[    6.874685] initcall mod_init+0x0/0x48 returned -19 after 0 usecs
[    6.882237] calling  agp_init+0x0/0x23 @ 1
[    6.888705] Linux agpgart interface v0.103
[    6.895035] initcall agp_init+0x0/0x23 returned 0 after 6178 usecs
[    6.904166] calling  agp_amd64_mod_init+0x0/0x5 @ 1
[    6.911541] initcall agp_amd64_mod_init+0x0/0x5 returned -19 after 146 usecs
[    6.921095] calling  agp_intel_init+0x0/0x28 @ 1
[    6.927184] initcall agp_intel_init+0x0/0x28 returned 0 after 437 usecs
[    6.935126] calling  drm_kms_helper_init+0x0/0x7 @ 1
[    6.941203] initcall drm_kms_helper_init+0x0/0x7 returned 0 after 58 usecs
[    6.949610] calling  drm_core_init+0x0/0x9e @ 1
[    6.955592] initcall drm_core_init+0x0/0x9e returned 0 after 258 usecs
[    6.963637] calling  i915_init+0x0/0x6b @ 1
[    6.969613] initcall i915_init+0x0/0x6b returned 0 after 481 usecs
[    6.978388] calling  cn_proc_init+0x0/0x35 @ 1
[    6.985113] initcall cn_proc_init+0x0/0x35 returned 0 after 109 usecs
[    6.994845] calling  topology_sysfs_init+0x0/0x27 @ 1
[    7.002606] initcall topology_sysfs_init+0x0/0x27 returned 0 after 54 usecs
[    7.013173] calling  cacheinfo_sysfs_init+0x0/0x27 @ 1
[    7.021447] initcall cacheinfo_sysfs_init+0x0/0x27 returned 0 after 279 usecs
[    7.032252] calling  loop_init+0x0/0x168 @ 1
[    7.053122] loop: module loaded
[    7.057588] initcall loop_init+0x0/0x168 returned 0 after 19446 usecs
[    7.066088] calling  mac_hid_init+0x0/0x21 @ 1
[    7.071972] initcall mac_hid_init+0x0/0x21 returned 0 after 7 usecs
[    7.080970] calling  spi_transport_init+0x0/0x74 @ 1
[    7.088104] initcall spi_transport_init+0x0/0x74 returned 0 after 230 usecs
[    7.097551] calling  init_sd+0x0/0x18c @ 1
[    7.103106] initcall init_sd+0x0/0x18c returned 0 after 247 usecs
[    7.111378] calling  init_sr+0x0/0x43 @ 1
[    7.116951] initcall init_sr+0x0/0x43 returned 0 after 81 usecs
[    7.126222] calling  init_sg+0x0/0x1c0 @ 1
[    7.132114] initcall init_sg+0x0/0x1c0 returned 0 after 127 usecs
[    7.140039] calling  ahci_pci_driver_init+0x0/0x15 @ 1
[    7.146684] ahci 0000:00:1f.2: version 3.0
[    7.153524] PCI Interrupt Link [GSIA] enabled at IRQ 16
[    7.168361] ahci 0000:00:1f.2: AHCI 0001.0000 32 slots 6 ports 1.5 Gbps 0x3f impl SATA mode
[    7.178982] ahci 0000:00:1f.2: flags: 64bit ncq only 
[    7.194693] scsi host0: ahci
[    7.198886] scsi host1: ahci
[    7.203105] scsi host2: ahci
[    7.208729] scsi host3: ahci
[    7.213133] scsi host4: ahci
[    7.217440] scsi host5: ahci
[    7.221581] ata1: SATA max UDMA/133 abar m4096@0xfebf1000 port 0xfebf1100 irq 24
[    7.231130] ata2: SATA max UDMA/133 abar m4096@0xfebf1000 port 0xfebf1180 irq 24
[    7.240633] ata3: SATA max UDMA/133 abar m4096@0xfebf1000 port 0xfebf1200 irq 24
[    7.249899] ata4: SATA max UDMA/133 abar m4096@0xfebf1000 port 0xfebf1280 irq 24
[    7.259344] ata5: SATA max UDMA/133 abar m4096@0xfebf1000 port 0xfebf1300 irq 24
[    7.268613] ata6: SATA max UDMA/133 abar m4096@0xfebf1000 port 0xfebf1380 irq 24
[    7.278101] initcall ahci_pci_driver_init+0x0/0x15 returned 0 after 128465 usecs
[    7.287543] calling  piix_init+0x0/0x26 @ 1
[    7.293132] initcall piix_init+0x0/0x26 returned 0 after 72 usecs
[    7.300781] calling  amd_pci_driver_init+0x0/0x15 @ 1
[    7.307428] initcall amd_pci_driver_init+0x0/0x15 returned 0 after 17 usecs
[    7.316384] calling  oldpiix_pci_driver_init+0x0/0x15 @ 1
[    7.323380] initcall oldpiix_pci_driver_init+0x0/0x15 returned 0 after 43 usecs
[    7.332710] calling  sch_pci_driver_init+0x0/0x15 @ 1
[    7.339271] initcall sch_pci_driver_init+0x0/0x15 returned 0 after 28 usecs
[    7.348308] calling  net_olddevs_init+0x0/0x55 @ 1
[    7.354475] initcall net_olddevs_init+0x0/0x55 returned 0 after 97 usecs
[    7.363189] calling  blackhole_netdev_init+0x0/0x78 @ 1
[    7.370611] initcall blackhole_netdev_init+0x0/0x78 returned 0 after 492 usecs
[    7.379968] calling  phy_module_init+0x0/0x13 @ 1
[    7.386527] initcall phy_module_init+0x0/0x13 returned 0 after 193 usecs
[    7.395348] calling  tg3_driver_init+0x0/0x15 @ 1
[    7.401707] initcall tg3_driver_init+0x0/0x15 returned 0 after 38 usecs
[    7.410322] calling  e100_init_module+0x0/0x4c @ 1
[    7.416849] e100: Intel(R) PRO/100 Network Driver
[    7.423194] e100: Copyright(c) 1999-2006 Intel Corporation
[    7.430438] initcall e100_init_module+0x0/0x4c returned 0 after 13288 usecs
[    7.439263] calling  e1000_init_module+0x0/0x72 @ 1
[    7.446270] e1000: Intel(R) PRO/1000 Network Driver
[    7.453972] e1000: Copyright (c) 1999-2006 Intel Corporation.
[    7.462566] initcall e1000_init_module+0x0/0x72 returned 0 after 16119 usecs
[    7.471746] calling  e1000_init_module+0x0/0x2d @ 1
[    7.479163] e1000e: Intel(R) PRO/1000 Network Driver
[    7.487087] e1000e: Copyright(c) 1999 - 2015 Intel Corporation.
[    7.496556] initcall e1000_init_module+0x0/0x2d returned 0 after 17026 usecs
[    7.505966] calling  sky2_init_module+0x0/0x21 @ 1
[    7.512767] sky2: driver version 1.30
[    7.518145] initcall sky2_init_module+0x0/0x21 returned 0 after 5248 usecs
[    7.527511] calling  forcedeth_pci_driver_init+0x0/0x15 @ 1
[    7.535773] initcall forcedeth_pci_driver_init+0x0/0x15 returned 0 after 72 usecs
[    7.546803] calling  rtl8139_init_module+0x0/0x15 @ 1
[    7.554557] initcall rtl8139_init_module+0x0/0x15 returned 0 after 44 usecs
[    7.564162] calling  rtl8169_pci_driver_init+0x0/0x15 @ 1
[    7.571919] initcall rtl8169_pci_driver_init+0x0/0x15 returned 0 after 49 usecs
[    7.581991] calling  cdrom_init+0x0/0xc @ 1
[    7.588610] initcall cdrom_init+0x0/0xc returned 0 after 31 usecs
[    7.597943] calling  nonstatic_sysfs_init+0x0/0xc @ 1
[    7.605206] initcall nonstatic_sysfs_init+0x0/0xc returned 0 after 1 usecs
[    7.615086] calling  yenta_cardbus_driver_init+0x0/0x15 @ 1
[    7.623435] initcall yenta_cardbus_driver_init+0x0/0x15 returned 0 after 81 usecs
[    7.634128] calling  mon_init+0x0/0x123 @ 1
[    7.646792] initcall mon_init+0x0/0x123 returned 0 after 6476 usecs
[    7.656190] calling  ehci_hcd_init+0x0/0x55 @ 1
[    7.662960] ehci_hcd: USB 2.0 'Enhanced' Host Controller (EHCI) Driver
[    7.672131] initcall ehci_hcd_init+0x0/0x55 returned 0 after 9085 usecs
[    7.681639] calling  ehci_pci_init+0x0/0x64 @ 1
[    7.688601] ehci-pci: EHCI PCI platform driver
[    7.695684] initcall ehci_pci_init+0x0/0x64 returned 0 after 6915 usecs
[    7.706144] calling  ohci_hcd_mod_init+0x0/0x4d @ 1
[    7.714164] ohci_hcd: USB 1.1 'Open' Host Controller (OHCI) Driver
[    7.724187] initcall ohci_hcd_mod_init+0x0/0x4d returned 0 after 9939 usecs
[    7.735009] calling  ohci_pci_init+0x0/0x64 @ 1
[    7.742243] ohci-pci: OHCI PCI platform driver
[    7.793224] initcall ohci_pci_init+0x0/0x64 returned 0 after 49285 usecs
[    7.806712] calling  uhci_hcd_init+0x0/0xa6 @ 1
[    7.813838] uhci_hcd: USB Universal Host Controller Interface driver
[    7.827016] initcall uhci_hcd_init+0x0/0xa6 returned 0 after 13441 usecs
[    7.838164] calling  xhci_hcd_init+0x0/0x1e @ 1
[    7.848619] initcall xhci_hcd_init+0x0/0x1e returned 0 after 2298 usecs
[    7.860273] calling  xhci_pci_init+0x0/0x49 @ 1
[    7.869315] initcall xhci_pci_init+0x0/0x49 returned 0 after 1569 usecs
[    7.880429] calling  usblp_driver_init+0x0/0x15 @ 1
[    7.889264] usbcore: registered new interface driver usblp
[    7.897769] initcall usblp_driver_init+0x0/0x15 returned 0 after 9317 usecs
[    7.909402] calling  usb_storage_driver_init+0x0/0x2a @ 1
[    7.918329] usbcore: registered new interface driver usb-storage
[    7.928288] initcall usb_storage_driver_init+0x0/0x2a returned 0 after 9866 usecs
[    7.940691] calling  i8042_init+0x0/0x4c2 @ 1
[    7.950934] i8042: PNP: PS/2 Controller [PNP0303:KBD,PNP0f13:MOU] at 0x60,0x64 irq 1,12
[    7.980449] serio: i8042 KBD port at 0x60,0x64 irq 1
[    7.989750] serio: i8042 AUX port at 0x60,0x64 irq 12
[    7.998923] initcall i8042_init+0x0/0x4c2 returned 0 after 49550 usecs
[    8.010565] calling  serport_init+0x0/0x2c @ 1
[    8.019329] initcall serport_init+0x0/0x2c returned 0 after 67 usecs
[    8.030169] calling  input_leds_init+0x0/0xc @ 1
[    8.038669] initcall input_leds_init+0x0/0xc returned 0 after 300 usecs
[    8.050782] calling  evdev_init+0x0/0xc @ 1
[    8.071480] initcall evdev_init+0x0/0xc returned 0 after 12386 usecs
[    8.082206] calling  atkbd_init+0x0/0x21 @ 1
[    8.090570] initcall atkbd_init+0x0/0x21 returned 0 after 81 usecs
[    8.102078] calling  psmouse_init+0x0/0x7f @ 1
[    8.110740] initcall psmouse_init+0x0/0x7f returned 0 after 463 usecs
[    8.122788] calling  cmos_init+0x0/0x73 @ 1
[    8.132452] rtc_cmos 00:04: RTC can wake from S4
[    8.161349] input: AT Translated Set 2 keyboard as /devices/platform/i8042/serio0/input/input1
[    8.193559] ata3: SATA link up 1.5 Gbps (SStatus 113 SControl 300)
[    8.208350] ata3.00: ATAPI: QEMU DVD-ROM, 2.5+, max UDMA/100
[    8.217804] ata3.00: applying bridge limits
[    8.228135] ata3.00: configured for UDMA/100
[    8.242779] ata5: SATA link down (SStatus 0 SControl 300)
[    8.254785] ata4: SATA link down (SStatus 0 SControl 300)
[    8.268927] ata1: SATA link down (SStatus 0 SControl 300)
[    8.283067] ata2: SATA link down (SStatus 0 SControl 300)
[    8.300573] scsi 2:0:0:0: CD-ROM            QEMU     QEMU DVD-ROM     2.5+ PQ: 0 ANSI: 5
[    8.353288] sr 2:0:0:0: [sr0] scsi3-mmc drive: 4x/4x cd/rw xa/form2 tray
[    8.365496] cdrom: Uniform CD-ROM driver Revision: 3.20
[    8.375792] rtc_cmos 00:04: registered as rtc0
[    8.383762] rtc_cmos 00:04: alarms up to one day, y3k, 242 bytes nvram, hpet irqs
[    8.395756] initcall cmos_init+0x0/0x73 returned 0 after 258980 usecs
[    8.405789] calling  smbalert_driver_init+0x0/0xe @ 1
[    8.413731] initcall smbalert_driver_init+0x0/0xe returned 0 after 323 usecs
[    8.426179] calling  i2c_i801_init+0x0/0xc5 @ 1
[    8.447685] i801_smbus 0000:00:1f.3: SMBus using PCI interrupt
[    8.460824] i2c i2c-0: 1/1 memory slots populated (from DMI)
[    8.468964] i2c i2c-0: Memory type 0x07 not supported yet, not instantiating SPD
[    8.481440] initcall i2c_i801_init+0x0/0xc5 returned 0 after 46820 usecs
[    8.492357] calling  ptp_kvm_init+0x0/0xf0 @ 1
[    8.505533] ata6: SATA link down (SStatus 0 SControl 300)
[    8.537981] sr 2:0:0:0: Attached scsi CD-ROM sr0
[    8.547507] sr 2:0:0:0: Attached scsi generic sg0 type 5
[    8.567536] initcall ptp_kvm_init+0x0/0xf0 returned 0 after 66316 usecs
[    8.578203] calling  dm_init+0x0/0x3c @ 1
[    8.588451] device-mapper: ioctl: 4.43.0-ioctl (2020-10-01) initialised: dm-devel@redhat.com
[    8.602388] initcall dm_init+0x0/0x3c returned 0 after 17347 usecs
[    8.613628] calling  dm_mirror_init+0x0/0x29 @ 1
[    8.622387] initcall dm_mirror_init+0x0/0x29 returned 0 after 101 usecs
[    8.634037] calling  dm_dirty_log_init+0x0/0x4f @ 1
[    8.642279] initcall dm_dirty_log_init+0x0/0x4f returned 0 after 148 usecs
[    8.653817] calling  dm_zero_init+0x0/0x29 @ 1
[    8.661223] initcall dm_zero_init+0x0/0x29 returned 0 after 1 usecs
[    8.670659] calling  intel_pstate_init+0x0/0x4a2 @ 1
[    8.678711] intel_pstate: CPU model not supported
[    8.686376] initcall intel_pstate_init+0x0/0x4a2 returned -19 after 7623 usecs
[    8.698236] calling  haltpoll_init+0x0/0xc0 @ 1
[    8.706410] initcall haltpoll_init+0x0/0xc0 returned -19 after 97 usecs
[    8.718053] calling  efivars_sysfs_init+0x0/0x30 @ 1
[    8.726645] initcall efivars_sysfs_init+0x0/0x30 returned 0 after 137 usecs
[    8.737273] calling  esrt_sysfs_init+0x0/0x2a2 @ 1
[    8.746441] initcall esrt_sysfs_init+0x0/0x2a2 returned -38 after 98 usecs
[    8.758927] calling  hid_init+0x0/0x5c @ 1
[    8.766917] hid: raw HID events driver (C) Jiri Kosina
[    8.775791] initcall hid_init+0x0/0x5c returned 0 after 9068 usecs
[    8.786414] calling  hid_generic_init+0x0/0x15 @ 1
[    8.795328] initcall hid_generic_init+0x0/0x15 returned 0 after 303 usecs
[    8.809773] calling  a4_driver_init+0x0/0x15 @ 1
[    8.818331] initcall a4_driver_init+0x0/0x15 returned 0 after 27 usecs
[    8.829964] calling  apple_driver_init+0x0/0x15 @ 1
[    8.838752] initcall apple_driver_init+0x0/0x15 returned 0 after 149 usecs
[    8.851081] calling  belkin_driver_init+0x0/0x15 @ 1
[    8.859538] initcall belkin_driver_init+0x0/0x15 returned 0 after 74 usecs
[    8.872172] calling  ch_driver_init+0x0/0x15 @ 1
[    8.880356] initcall ch_driver_init+0x0/0x15 returned 0 after 27 usecs
[    8.892297] calling  ch_driver_init+0x0/0x15 @ 1
[    8.900771] initcall ch_driver_init+0x0/0x15 returned 0 after 152 usecs
[    8.911227] calling  cp_driver_init+0x0/0x15 @ 1
[    8.918842] initcall cp_driver_init+0x0/0x15 returned 0 after 97 usecs
[    8.929249] calling  ez_driver_init+0x0/0x15 @ 1
[    8.937004] initcall ez_driver_init+0x0/0x15 returned 0 after 24 usecs
[    8.947701] calling  gyration_driver_init+0x0/0x15 @ 1
[    8.956340] initcall gyration_driver_init+0x0/0x15 returned 0 after 22 usecs
[    8.967233] calling  ite_driver_init+0x0/0x15 @ 1
[    8.974473] initcall ite_driver_init+0x0/0x15 returned 0 after 25 usecs
[    8.984799] calling  ks_driver_init+0x0/0x15 @ 1
[    8.991719] initcall ks_driver_init+0x0/0x15 returned 0 after 23 usecs
[    9.001830] calling  lg_driver_init+0x0/0x15 @ 1
[    9.009230] initcall lg_driver_init+0x0/0x15 returned 0 after 111 usecs
[    9.019750] calling  lg_g15_driver_init+0x0/0x15 @ 1
[    9.027627] initcall lg_g15_driver_init+0x0/0x15 returned 0 after 25 usecs
[    9.038533] calling  ms_driver_init+0x0/0x15 @ 1
[    9.045751] initcall ms_driver_init+0x0/0x15 returned 0 after 37 usecs
[    9.057156] calling  mr_driver_init+0x0/0x15 @ 1
[    9.065279] initcall mr_driver_init+0x0/0x15 returned 0 after 25 usecs
[    9.076608] calling  ntrig_driver_init+0x0/0x15 @ 1
[    9.084902] initcall ntrig_driver_init+0x0/0x15 returned 0 after 26 usecs
[    9.096746] calling  pl_driver_init+0x0/0x15 @ 1
[    9.105218] initcall pl_driver_init+0x0/0x15 returned 0 after 229 usecs
[    9.116688] calling  pl_driver_init+0x0/0x15 @ 1
[    9.124577] initcall pl_driver_init+0x0/0x15 returned 0 after 25 usecs
[    9.134117] calling  redragon_driver_init+0x0/0x15 @ 1
[    9.142163] initcall redragon_driver_init+0x0/0x15 returned 0 after 19 usecs
[    9.153116] calling  samsung_driver_init+0x0/0x15 @ 1
[    9.161129] initcall samsung_driver_init+0x0/0x15 returned 0 after 57 usecs
[    9.171378] calling  sony_init+0x0/0x38 @ 1
[    9.178241] initcall sony_init+0x0/0x38 returned 0 after 24 usecs
[    9.188179] calling  sp_driver_init+0x0/0x15 @ 1
[    9.196295] initcall sp_driver_init+0x0/0x15 returned 0 after 25 usecs
[    9.207092] calling  ts_driver_init+0x0/0x15 @ 1
[    9.214247] initcall ts_driver_init+0x0/0x15 returned 0 after 27 usecs
[    9.224007] calling  hid_init+0x0/0x58 @ 1
[    9.229690] usbcore: registered new interface driver usbhid
[    9.237830] usbhid: USB HID core driver
[    9.243374] initcall hid_init+0x0/0x58 returned 0 after 13577 usecs
[    9.253184] calling  eeepc_laptop_init+0x0/0x57 @ 1
[    9.262327] initcall eeepc_laptop_init+0x0/0x57 returned -19 after 670 usecs
[    9.273592] calling  pmc_atom_init+0x0/0x27a @ 1
[    9.280910] initcall pmc_atom_init+0x0/0x27a returned -19 after 59 usecs
[    9.292973] calling  alsa_hwdep_init+0x0/0x5e @ 1
[    9.301980] initcall alsa_hwdep_init+0x0/0x5e returned 0 after 288 usecs
[    9.314118] calling  alsa_timer_init+0x0/0x1f0 @ 1
[    9.557299] input: ImExPS/2 Generic Explorer Mouse as /devices/platform/i8042/serio1/input/input3
[   10.156291] initcall alsa_timer_init+0x0/0x1f0 returned 0 after 813790 usecs
[   10.167517] calling  snd_hrtimer_init+0x0/0x117 @ 1
[   10.175383] initcall snd_hrtimer_init+0x0/0x117 returned 0 after 3 usecs
[   10.186189] calling  alsa_pcm_init+0x0/0x64 @ 1
[   10.193732] initcall alsa_pcm_init+0x0/0x64 returned 0 after 112 usecs
[   10.204320] calling  alsa_seq_init+0x0/0x4a @ 1
[   10.274931] initcall alsa_seq_init+0x0/0x4a returned 0 after 61690 usecs
[   10.288938] calling  alsa_seq_dummy_init+0x0/0x9c @ 1
[   10.298308] initcall alsa_seq_dummy_init+0x0/0x9c returned 0 after 41 usecs
[   10.310956] calling  azx_driver_init+0x0/0x15 @ 1
[   10.320029] initcall azx_driver_init+0x0/0x15 returned 0 after 330 usecs
[   10.331540] calling  sock_diag_init+0x0/0x2a @ 1
[   10.340499] initcall sock_diag_init+0x0/0x2a returned 0 after 1371 usecs
[   10.351516] calling  blackhole_init+0x0/0xc @ 1
[   10.359321] initcall blackhole_init+0x0/0xc returned 0 after 107 usecs
[   10.369817] calling  nfnetlink_init+0x0/0x57 @ 1
[   10.377631] initcall nfnetlink_init+0x0/0x57 returned 0 after 238 usecs
[   10.387641] calling  nfnetlink_log_init+0x0/0x99 @ 1
[   10.396510] initcall nfnetlink_log_init+0x0/0x99 returned 0 after 687 usecs
[   10.405995] calling  nf_conntrack_standalone_init+0x0/0x87 @ 1
[   10.433058] initcall nf_conntrack_standalone_init+0x0/0x87 returned 0 after 17823 usecs
[   10.447035] calling  ctnetlink_init+0x0/0x83 @ 1
[   10.455048] initcall ctnetlink_init+0x0/0x83 returned 0 after 2 usecs
[   10.466294] calling  nf_conntrack_ftp_init+0x0/0x12c @ 1
[   10.475436] initcall nf_conntrack_ftp_init+0x0/0x12c returned 0 after 58 usecs
[   10.487811] calling  nf_conntrack_irc_init+0x0/0x129 @ 1
[   10.496850] initcall nf_conntrack_irc_init+0x0/0x129 returned 0 after 78 usecs
[   10.509055] calling  nf_conntrack_sip_init+0x0/0x172 @ 1
[   10.517807] initcall nf_conntrack_sip_init+0x0/0x172 returned 0 after 10 usecs
[   10.528711] calling  nf_nat_init+0x0/0xbb @ 1
[   10.535900] initcall nf_nat_init+0x0/0xbb returned 0 after 191 usecs
[   10.546155] calling  nf_nat_ftp_init+0x0/0x2a @ 1
[   10.553748] initcall nf_nat_ftp_init+0x0/0x2a returned 0 after 1 usecs
[   10.564553] calling  nf_nat_irc_init+0x0/0x2a @ 1
[   10.572421] initcall nf_nat_irc_init+0x0/0x2a returned 0 after 1 usecs
[   10.583248] calling  nf_nat_sip_init+0x0/0x36 @ 1
[   10.590994] initcall nf_nat_sip_init+0x0/0x36 returned 0 after 0 usecs
[   10.601837] calling  xt_init+0x0/0xcf @ 1
[   10.608651] initcall xt_init+0x0/0xcf returned 0 after 92 usecs
[   10.617792] calling  tcpudp_mt_init+0x0/0x11 @ 1
[   10.625598] initcall tcpudp_mt_init+0x0/0x11 returned 0 after 39 usecs
[   10.636529] calling  connsecmark_tg_init+0x0/0xc @ 1
[   10.645185] initcall connsecmark_tg_init+0x0/0xc returned 0 after 0 usecs
[   10.656882] calling  nflog_tg_init+0x0/0xc @ 1
[   10.664540] initcall nflog_tg_init+0x0/0xc returned 0 after 1 usecs
[   10.675091] calling  secmark_tg_init+0x0/0x11 @ 1
[   10.683154] initcall secmark_tg_init+0x0/0x11 returned 0 after 1 usecs
[   10.694181] calling  tcpmss_tg_init+0x0/0x11 @ 1
[   10.701693] initcall tcpmss_tg_init+0x0/0x11 returned 0 after 1 usecs
[   10.712075] calling  conntrack_mt_init+0x0/0x11 @ 1
[   10.719764] initcall conntrack_mt_init+0x0/0x11 returned 0 after 1 usecs
[   10.730362] calling  policy_mt_init+0x0/0x11 @ 1
[   10.737860] initcall policy_mt_init+0x0/0x11 returned 0 after 1 usecs
[   10.748897] calling  state_mt_init+0x0/0xc @ 1
[   10.756368] initcall state_mt_init+0x0/0xc returned 0 after 1 usecs
[   10.766422] calling  gre_offload_init+0x0/0x48 @ 1
[   10.774383] initcall gre_offload_init+0x0/0x48 returned 0 after 38 usecs
[   10.785110] calling  sysctl_ipv4_init+0x0/0x46 @ 1
[   10.792931] initcall sysctl_ipv4_init+0x0/0x46 returned 0 after 213 usecs
[   10.803236] calling  tunnel4_init+0x0/0x58 @ 1
[   10.809816] initcall tunnel4_init+0x0/0x58 returned 0 after 22 usecs
[   10.819117] calling  nf_defrag_init+0x0/0xc @ 1
[   10.825909] initcall nf_defrag_init+0x0/0xc returned 0 after 16 usecs
[   10.835424] calling  ip_tables_init+0x0/0x8d @ 1
[   10.842766] initcall ip_tables_init+0x0/0x8d returned 0 after 297 usecs
[   10.853756] calling  iptable_filter_init+0x0/0x4c @ 1
[   10.863369] initcall iptable_filter_init+0x0/0x4c returned 0 after 1123 usecs
[   10.875176] calling  iptable_mangle_init+0x0/0xb8 @ 1
[   10.884169] initcall iptable_mangle_init+0x0/0xb8 returned 0 after 255 usecs
[   10.895811] calling  reject_tg_init+0x0/0xc @ 1
[   10.903326] initcall reject_tg_init+0x0/0xc returned 0 after 1 usecs
[   10.913865] calling  cubictcp_register+0x0/0x53 @ 1
[   10.922197] initcall cubictcp_register+0x0/0x53 returned 0 after 158 usecs
[   10.933504] calling  xfrm_user_init+0x0/0x45 @ 1
[   10.941461] Initializing XFRM netlink socket
[   10.949523] initcall xfrm_user_init+0x0/0x45 returned 0 after 7869 usecs
[   10.962418] calling  inet6_init+0x0/0x35e @ 1
[   10.970241] NET: Registered protocol family 10
[   11.010452] srcu-torture: rcu_torture_read_exit: End of episode
[   11.022713] Segment Routing with IPv6
[   11.028128] initcall inet6_init+0x0/0x35e returned 0 after 57439 usecs
[   11.036933] calling  ah6_init+0x0/0x71 @ 1
[   11.042725] initcall ah6_init+0x0/0x71 returned 0 after 122 usecs
[   11.051488] calling  esp6_init+0x0/0x71 @ 1
[   11.057637] initcall esp6_init+0x0/0x71 returned 0 after 1 usecs
[   11.066144] calling  ip6_tables_init+0x0/0x8d @ 1
[   11.073168] initcall ip6_tables_init+0x0/0x8d returned 0 after 10 usecs
[   11.082400] calling  ip6table_filter_init+0x0/0x4c @ 1
[   11.090438] initcall ip6table_filter_init+0x0/0x4c returned 0 after 221 usecs
[   11.103560] calling  ip6table_mangle_init+0x0/0xb8 @ 1
[   11.111901] initcall ip6table_mangle_init+0x0/0xb8 returned 0 after 112 usecs
[   11.123315] calling  nf_defrag_init+0x0/0x45 @ 1
[   11.129687] initcall nf_defrag_init+0x0/0x45 returned 0 after 27 usecs
[   11.139412] calling  ipv6header_mt6_init+0x0/0xc @ 1
[   11.146329] initcall ipv6header_mt6_init+0x0/0xc returned 0 after 0 usecs
[   11.156331] calling  reject_tg6_init+0x0/0xc @ 1
[   11.163544] initcall reject_tg6_init+0x0/0xc returned 0 after 1 usecs
[   11.173505] calling  sit_init+0x0/0xc3 @ 1
[   11.179781] sit: IPv6, IPv4 and MPLS over IPv4 tunneling driver
[   11.193555] initcall sit_init+0x0/0xc3 returned 0 after 13445 usecs
[   11.202470] calling  packet_init+0x0/0x75 @ 1
[   11.208695] NET: Registered protocol family 17
[   11.215420] initcall packet_init+0x0/0x75 returned 0 after 6565 usecs
[   11.224922] calling  init_rpcsec_gss+0x0/0x60 @ 1
[   11.232233] initcall init_rpcsec_gss+0x0/0x60 returned 0 after 151 usecs
[   11.242127] calling  init_dns_resolver+0x0/0xca @ 1
[   11.249659] Key type dns_resolver registered
[   11.256299] initcall init_dns_resolver+0x0/0xca returned 0 after 6639 usecs
[   11.266954] calling  pm_check_save_msr+0x0/0x70 @ 1
[   11.274502] initcall pm_check_save_msr+0x0/0x70 returned 0 after 368 usecs
[   11.284935] calling  mcheck_init_device+0x0/0x112 @ 1
[   11.292878] initcall mcheck_init_device+0x0/0x112 returned 0 after 678 usecs
[   11.303719] calling  mcheck_late_init+0x0/0x58 @ 1
[   11.310698] initcall mcheck_late_init+0x0/0x58 returned 0 after 318 usecs
[   11.319633] calling  severities_debugfs_init+0x0/0x29 @ 1
[   11.327101] initcall severities_debugfs_init+0x0/0x29 returned 0 after 103 usecs
[   11.336290] calling  microcode_init+0x0/0x1bd @ 1
[   11.342971] initcall microcode_init+0x0/0x1bd returned -22 after 17 usecs
[   11.352520] calling  hpet_insert_resource+0x0/0x22 @ 1
[   11.360301] initcall hpet_insert_resource+0x0/0x22 returned 0 after 43 usecs
[   11.371336] calling  start_sync_check_timer+0x0/0x4f @ 1
[   11.379552] initcall start_sync_check_timer+0x0/0x4f returned 0 after 39 usecs
[   11.389637] calling  update_mp_table+0x0/0x4fc @ 1
