c[?7l[2J[0mSeaBIOS (version 1.16.0-debian-1.16.0-4)
Booting from ROM...
early console in setup code
c[?7l[2J[    0.000000] Linux version 5.10.155+ (root@joelboxx.c.googlers.com) (gcc (Debian 12.2.0-3) 12.2.0, GNU ld (GNU Binutils for Debian) 2.39) #18 Tue Dec 13 05:40:02 UTC 2022
[    0.000000] Command line: selinux=0 initcall_debug debug console=ttyS0 rcupdate.rcu_self_test=1 rcutorture.n_barrier_cbs=4 rcutorture.stat_interval=15 rcutorture.shutdown_secs=1800 rcutorture.test_no_idle_hz=1 rcutorture.verbose=1
[    0.000000] x86/fpu: x87 FPU will use FXSAVE
[    0.000000] BIOS-provided physical RAM map:
[    0.000000] BIOS-e820: [mem 0x0000000000000000-0x000000000009fbff] usable
[    0.000000] BIOS-e820: [mem 0x000000000009fc00-0x000000000009ffff] reserved
[    0.000000] BIOS-e820: [mem 0x00000000000f0000-0x00000000000fffff] reserved
[    0.000000] BIOS-e820: [mem 0x0000000000100000-0x000000001ffdefff] usable
[    0.000000] BIOS-e820: [mem 0x000000001ffdf000-0x000000001fffffff] reserved
[    0.000000] BIOS-e820: [mem 0x00000000b0000000-0x00000000bfffffff] reserved
[    0.000000] BIOS-e820: [mem 0x00000000fed1c000-0x00000000fed1ffff] reserved
[    0.000000] BIOS-e820: [mem 0x00000000feffc000-0x00000000feffffff] reserved
[    0.000000] BIOS-e820: [mem 0x00000000fffc0000-0x00000000ffffffff] reserved
[    0.000000] NX (Execute Disable) protection: active
[    0.000000] SMBIOS 2.8 present.
[    0.000000] DMI: QEMU Standard PC (Q35 + ICH9, 2009), BIOS 1.16.0-debian-1.16.0-4 04/01/2014
[    0.000000] Hypervisor detected: KVM
[    0.000000] kvm-clock: Using msrs 4b564d01 and 4b564d00
[    0.000000] kvm-clock: cpu 0, msr 162c3001, primary cpu clock
[    0.000001] kvm-clock: using sched offset of 2182403814 cycles
[    0.000124] clocksource: kvm-clock: mask: 0xffffffffffffffff max_cycles: 0x1cd42e4dffb, max_idle_ns: 881590591483 ns
[    0.000445] tsc: Detected 1999.999 MHz processor
[    0.013378] e820: update [mem 0x00000000-0x00000fff] usable ==> reserved
[    0.013387] e820: remove [mem 0x000a0000-0x000fffff] usable
[    0.013396] last_pfn = 0x1ffdf max_arch_pfn = 0x400000000
[    0.014338] MTRR default type: write-back
[    0.014402] MTRR fixed ranges enabled:
[    0.014405]   00000-9FFFF write-back
[    0.014407]   A0000-BFFFF uncachable
[    0.014409]   C0000-FFFFF write-protect
[    0.014411] MTRR variable ranges enabled:
[    0.014414]   0 base 00C0000000 mask FFC0000000 uncachable
[    0.014416]   1 disabled
[    0.014418]   2 disabled
[    0.014420]   3 disabled
[    0.014422]   4 disabled
[    0.014423]   5 disabled
[    0.014482]   6 disabled
[    0.014484]   7 disabled
[    0.014970] x86/PAT: Configuration [0-7]: WB  WC  UC- UC  WB  WC  UC- UC  
[    0.024102] found SMP MP-table at [mem 0x000f5ba0-0x000f5baf]
[    0.026065] check: Scanning 1 areas for low memory corruption
[    0.046026] ACPI: Early table checksum verification disabled
[    0.048202] ACPI: RSDP 0x00000000000F59E0 000014 (v00 BOCHS )
[    0.048386] ACPI: RSDT 0x000000001FFE229A 000038 (v01 BOCHS  BXPC     00000001 BXPC 00000001)
[    0.048643] ACPI: FACP 0x000000001FFE2092 0000F4 (v03 BOCHS  BXPC     00000001 BXPC 00000001)
[    0.048781] ACPI: DSDT 0x000000001FFE0040 002052 (v01 BOCHS  BXPC     00000001 BXPC 00000001)
[    0.048789] ACPI: FACS 0x000000001FFE0000 000040
[    0.048796] ACPI: APIC 0x000000001FFE2186 000078 (v01 BOCHS  BXPC     00000001 BXPC 00000001)
[    0.048802] ACPI: HPET 0x000000001FFE21FE 000038 (v01 BOCHS  BXPC     00000001 BXPC 00000001)
[    0.048809] ACPI: MCFG 0x000000001FFE2236 00003C (v01 BOCHS  BXPC     00000001 BXPC 00000001)
[    0.048815] ACPI: WAET 0x000000001FFE2272 000028 (v01 BOCHS  BXPC     00000001 BXPC 00000001)
[    0.048822] ACPI: Reserving FACP table memory at [mem 0x1ffe2092-0x1ffe2185]
[    0.048825] ACPI: Reserving DSDT table memory at [mem 0x1ffe0040-0x1ffe2091]
[    0.048827] ACPI: Reserving FACS table memory at [mem 0x1ffe0000-0x1ffe003f]
[    0.048891] ACPI: Reserving APIC table memory at [mem 0x1ffe2186-0x1ffe21fd]
[    0.048933] ACPI: Reserving HPET table memory at [mem 0x1ffe21fe-0x1ffe2235]
[    0.048935] ACPI: Reserving MCFG table memory at [mem 0x1ffe2236-0x1ffe2271]
[    0.048937] ACPI: Reserving WAET table memory at [mem 0x1ffe2272-0x1ffe2299]
[    0.049527] ACPI: Local APIC address 0xfee00000
[    0.051222] Zone ranges:
[    0.051291]   DMA      [mem 0x0000000000001000-0x0000000000ffffff]
[    0.051294]   DMA32    [mem 0x0000000001000000-0x000000001ffdefff]
[    0.051298]   Normal   empty
[    0.051301] Movable zone start for each node
[    0.051303] Early memory node ranges
[    0.051305]   node   0: [mem 0x0000000000001000-0x000000000009efff]
[    0.051359]   node   0: [mem 0x0000000000100000-0x000000001ffdefff]
[    0.051444] Initmem setup node 0 [mem 0x0000000000001000-0x000000001ffdefff]
[    0.051506] On node 0 totalpages: 130941
[    0.051664]   DMA zone: 64 pages used for memmap
[    0.051666]   DMA zone: 21 pages reserved
[    0.051738]   DMA zone: 3998 pages, LIFO batch:0
[    0.051741]   DMA32 zone: 1984 pages used for memmap
[    0.051743]   DMA32 zone: 126943 pages, LIFO batch:31
[    0.052863] On node 0, zone DMA: 1 pages in unavailable ranges
[    0.053002] On node 0, zone DMA: 97 pages in unavailable ranges
[    0.174924] On node 0, zone DMA32: 33 pages in unavailable ranges
[    0.178587] ACPI: PM-Timer IO Port: 0x608
[    0.178595] ACPI: Local APIC address 0xfee00000
[    0.178862] ACPI: LAPIC_NMI (acpi_id[0xff] dfl dfl lint[0x1])
[    0.185888] IOAPIC[0]: apic_id 0, version 17, address 0xfec00000, GSI 0-23
[    0.186227] ACPI: INT_SRC_OVR (bus 0 bus_irq 0 global_irq 2 dfl dfl)
[    0.186231] ACPI: INT_SRC_OVR (bus 0 bus_irq 5 global_irq 5 high level)
[    0.186233] ACPI: INT_SRC_OVR (bus 0 bus_irq 9 global_irq 9 high level)
[    0.186406] ACPI: INT_SRC_OVR (bus 0 bus_irq 10 global_irq 10 high level)
[    0.186409] ACPI: INT_SRC_OVR (bus 0 bus_irq 11 global_irq 11 high level)
[    0.186413] ACPI: IRQ0 used by override.
[    0.186415] ACPI: IRQ5 used by override.
[    0.186417] ACPI: IRQ9 used by override.
[    0.186419] ACPI: IRQ10 used by override.
[    0.186421] ACPI: IRQ11 used by override.
[    0.186496] Using ACPI (MADT) for SMP configuration information
[    0.186500] ACPI: HPET id: 0x8086a201 base: 0xfed00000
[    0.187709] kvm-guest: stealtime: cpu 0, msr 15a5b4c0
[    0.188860] PM: hibernation: Registered nosave memory: [mem 0x00000000-0x00000fff]
[    0.188864] PM: hibernation: Registered nosave memory: [mem 0x0009f000-0x0009ffff]
[    0.188866] PM: hibernation: Registered nosave memory: [mem 0x000a0000-0x000effff]
[    0.188868] PM: hibernation: Registered nosave memory: [mem 0x000f0000-0x000fffff]
[    0.188874] [mem 0x20000000-0xafffffff] available for PCI devices
[    0.188939] Booting paravirtualized kernel on KVM
[    0.189726] clocksource: refined-jiffies: mask: 0xffffffff max_cycles: 0xffffffff, max_idle_ns: 1910969940391419 ns
[    0.233657] pcpu-alloc: s0 r0 d32768 u32768 alloc=1*32768
[    0.233731] pcpu-alloc: [0] 0 
[    0.235722] Built 1 zonelists, mobility grouping on.  Total pages: 128872
[    0.235886] Kernel command line: selinux=0 initcall_debug debug console=ttyS0 rcupdate.rcu_self_test=1 rcutorture.n_barrier_cbs=4 rcutorture.stat_interval=15 rcutorture.shutdown_secs=1800 rcutorture.test_no_idle_hz=1 rcutorture.verbose=1
[    0.251625] Dentry cache hash table entries: 65536 (order: 7, 524288 bytes, linear)
[    0.254750] Inode-cache hash table entries: 32768 (order: 6, 262144 bytes, linear)
[    0.255469] mem auto-init: stack:all(zero), heap alloc:off, heap free:off
[    0.264125] Memory: 467224K/523764K available (16397K kernel code, 2823K rwdata, 4752K rodata, 1292K init, 13672K bss, 56280K reserved, 0K cma-reserved)
[    0.265416] SLUB: HWalign=64, Order=0-3, MinObjects=0, CPUs=1, Nodes=1
[    0.280629] Kernel/User page tables isolation: enabled
[    0.300787] Running RCU self tests
[    0.317782] NR_IRQS: 4352, nr_irqs: 256, preallocated irqs: 16
[    0.322307] calling  con_init+0x0/0x24f @ 0
[    0.459585] Console: colour VGA+ 80x25
[    0.459626] initcall con_init+0x0/0x24f returned 0 after 0 usecs
[    0.459631] calling  hvc_console_init+0x0/0x13 @ 0
[    0.459681] initcall hvc_console_init+0x0/0x13 returned 0 after 0 usecs
[    0.459685] calling  univ8250_console_init+0x0/0x26 @ 0
[    1.309667] printk: console [ttyS0] enabled
[    1.315094] initcall univ8250_console_init+0x0/0x26 returned 0 after 0 usecs
[    1.322837] Lock dependency validator: Copyright (c) 2006 Red Hat, Inc., Ingo Molnar
[    1.331198] ... MAX_LOCKDEP_SUBCLASSES:  8
[    1.335690] ... MAX_LOCK_DEPTH:          48
[    1.340338] ... MAX_LOCKDEP_KEYS:        8192
[    1.345087] ... CLASSHASH_SIZE:          4096
[    1.349807] ... MAX_LOCKDEP_ENTRIES:     32768
[    1.354798] ... MAX_LOCKDEP_CHAINS:      65536
[    1.360093] ... CHAINHASH_SIZE:          32768
[    1.365118]  memory used by lock dependency info: 6365 kB
[    1.371000]  memory used for stack traces: 4224 kB
[    1.376234]  per task-struct memory footprint: 1920 bytes
[    1.384001] ACPI: Core revision 20200925
[    1.391649] clocksource: hpet: mask: 0xffffffff max_cycles: 0xffffffff, max_idle_ns: 19112604467 ns
[    1.404234] APIC: Switch to symmetric I/O mode setup
[    1.425525] ..TIMER: vector=0x30 apic1=0 pin1=2 apic2=-1 pin2=-1
[    1.432452] clocksource: tsc-early: mask: 0xffffffffffffffff max_cycles: 0x39a85afc727, max_idle_ns: 881590685098 ns
[    1.444432] Calibrating delay loop (skipped) preset value.. 3999.99 BogoMIPS (lpj=1999999)
[    1.446154] pid_max: default: 32768 minimum: 301
[    1.447472] LSM: Security Framework initializing
[    1.448385] Mount-cache hash table entries: 1024 (order: 1, 8192 bytes, linear)
[    1.449164] Mountpoint-cache hash table entries: 1024 (order: 1, 8192 bytes, linear)
[    1.457857] Last level iTLB entries: 4KB 0, 2MB 0, 4MB 0
[    1.458138] Last level dTLB entries: 4KB 0, 2MB 0, 4MB 0, 1GB 0
[    1.459165] CPU: Intel Common KVM processor (family: 0xf, model: 0x6, stepping: 0x1)
[    1.460211] Spectre V1 : Mitigation: usercopy/swapgs barriers and __user pointer sanitization
[    1.461140] Spectre V2 : Mitigation: Retpolines
[    1.462137] Spectre V2 : Spectre v2 / SpectreRSB mitigation: Filling RSB on context switch
[    1.463157] Spectre V2 : Spectre v2 / SpectreRSB : Filling RSB on VMEXIT
[    1.464139] Speculative Store Bypass: Vulnerable
[    1.465232] MDS: Vulnerable: Clear CPU buffers attempted, no microcode
[    1.466139] MMIO Stale Data: Unknown: No mitigations
[    1.523556] RCU test callback executed 1
[    1.525546] RCU test callback executed 2
[    1.526557] calling  init_hw_perf_events+0x0/0x6ce @ 1
[    1.527140] Performance Events: unsupported Netburst CPU model 6 no PMU driver, software events only.
[    1.528177] initcall init_hw_perf_events+0x0/0x6ce returned 0 after 976 usecs
[    1.531145] calling  init_real_mode+0x0/0x1e9 @ 1
[    1.533323] initcall init_real_mode+0x0/0x1e9 returned 0 after 976 usecs
[    1.534144] calling  trace_init_perf_perm_irq_work_exit+0x0/0x12 @ 1
[    1.535159] initcall trace_init_perf_perm_irq_work_exit+0x0/0x12 returned 0 after 0 usecs
[    1.536144] calling  validate_x2apic+0x0/0x4a @ 1
[    1.537170] initcall validate_x2apic+0x0/0x4a returned 0 after 0 usecs
[    1.538143] calling  register_nmi_cpu_backtrace_handler+0x0/0x15 @ 1
[    1.539159] initcall register_nmi_cpu_backtrace_handler+0x0/0x15 returned 0 after 0 usecs
[    1.541141] calling  kvm_setup_vsyscall_timeinfo+0x0/0x34 @ 1
[    1.542143] initcall kvm_setup_vsyscall_timeinfo+0x0/0x34 returned 0 after 0 usecs
[    1.543142] calling  spawn_ksoftirqd+0x0/0x34 @ 1
[    1.545436] initcall spawn_ksoftirqd+0x0/0x34 returned 0 after 976 usecs
[    1.546143] calling  trace_init_flags_sys_enter+0x0/0xe @ 1
[    1.547144] initcall trace_init_flags_sys_enter+0x0/0xe returned 0 after 0 usecs
[    1.548142] calling  trace_init_flags_sys_exit+0x0/0xe @ 1
[    1.549142] initcall trace_init_flags_sys_exit+0x0/0xe returned 0 after 0 usecs
[    1.550156] calling  init_kprobes+0x0/0x16e @ 1
[    1.552850] initcall init_kprobes+0x0/0x16e returned 0 after 976 usecs
[    1.554147] calling  init_events+0x0/0x3d @ 1
[    1.556211] initcall init_events+0x0/0x3d returned 0 after 976 usecs
[    1.557143] calling  init_trace_printk+0x0/0xc @ 1
[    1.558144] initcall init_trace_printk+0x0/0xc returned 0 after 0 usecs
[    1.559143] calling  event_trace_enable_again+0x0/0x23 @ 1
[    1.560144] initcall event_trace_enable_again+0x0/0x23 returned 0 after 0 usecs
[    1.561142] calling  static_call_init+0x0/0x6f @ 1
[    1.562142] initcall static_call_init+0x0/0x6f returned 0 after 0 usecs
[    1.563142] calling  jump_label_init_module+0x0/0xc @ 1
[    1.564157] initcall jump_label_init_module+0x0/0xc returned 0 after 0 usecs
[    1.565146] calling  init_zero_pfn+0x0/0x37 @ 1
[    1.567145] initcall init_zero_pfn+0x0/0x37 returned 0 after 0 usecs
[    1.568146] calling  initialize_ptr_random+0x0/0x54 @ 1
[    1.569226] initcall initialize_ptr_random+0x0/0x54 returned 0 after 0 usecs
[    1.570144] calling  efi_memreserve_root_init+0x0/0x25 @ 1
[    1.572228] initcall efi_memreserve_root_init+0x0/0x25 returned 0 after 0 usecs
[    1.573143] calling  efi_earlycon_remap_fb+0x0/0x51 @ 1
[    1.574143] initcall efi_earlycon_remap_fb+0x0/0x51 returned 0 after 0 usecs
[    1.685605] devtmpfs: initialized
[    1.688197] calling  ipc_ns_init+0x0/0x3d @ 1
[    1.689305] initcall ipc_ns_init+0x0/0x3d returned 0 after 0 usecs
[    1.690140] calling  init_mmap_min_addr+0x0/0x21 @ 1
[    1.691139] initcall init_mmap_min_addr+0x0/0x21 returned 0 after 0 usecs
[    1.692140] calling  pci_realloc_setup_params+0x0/0x3f @ 1
[    1.693140] initcall pci_realloc_setup_params+0x0/0x3f returned 0 after 0 usecs
[    1.694141] calling  net_ns_init+0x0/0x128 @ 1
[    1.696462] initcall net_ns_init+0x0/0x128 returned 0 after 976 usecs
[    1.697156] calling  e820__register_nvs_regions+0x0/0x37 @ 1
[    1.698142] initcall e820__register_nvs_regions+0x0/0x37 returned 0 after 0 usecs
[    1.699140] calling  cpufreq_register_tsc_scaling+0x0/0x2e @ 1
[    1.700140] initcall cpufreq_register_tsc_scaling+0x0/0x2e returned 0 after 0 usecs
[    1.701139] calling  reboot_init+0x0/0x3c @ 1
[    1.702255] initcall reboot_init+0x0/0x3c returned 0 after 0 usecs
[    1.703139] calling  init_lapic_sysfs+0x0/0x20 @ 1
[    1.704165] initcall init_lapic_sysfs+0x0/0x20 returned 0 after 0 usecs
[    1.705140] calling  wq_sysfs_init+0x0/0x2a @ 1
[    1.706260] initcall wq_sysfs_init+0x0/0x2a returned 0 after 0 usecs
[    1.707138] calling  ksysfs_init+0x0/0x92 @ 1
[    1.708171] initcall ksysfs_init+0x0/0x92 returned 0 after 0 usecs
[    1.709139] calling  pm_init+0x0/0x76 @ 1
[    1.710213] initcall pm_init+0x0/0x76 returned 0 after 0 usecs
[    1.711139] calling  pm_disk_init+0x0/0x13 @ 1
[    1.712150] initcall pm_disk_init+0x0/0x13 returned 0 after 0 usecs
[    1.713144] calling  swsusp_header_init+0x0/0x2b @ 1
[    1.714192] initcall swsusp_header_init+0x0/0x2b returned 0 after 0 usecs
[    1.716142] calling  rcu_set_runtime_mode+0x0/0x25 @ 1
[    1.717143] initcall rcu_set_runtime_mode+0x0/0x25 returned 0 after 0 usecs
[    1.718142] calling  init_jiffies_clocksource+0x0/0x13 @ 1
[    1.719147] clocksource: jiffies: mask: 0xffffffff max_cycles: 0xffffffff, max_idle_ns: 1911260446275000 ns
[    1.720154] initcall init_jiffies_clocksource+0x0/0x13 returned 0 after 976 usecs
[    1.721147] calling  futex_init+0x0/0x10e @ 1
[    1.722151] futex hash table entries: 256 (order: 2, 22528 bytes, linear)
[    1.723370] initcall futex_init+0x0/0x10e returned 0 after 976 usecs
[    1.724143] calling  cgroup_wq_init+0x0/0x28 @ 1
[    1.725182] initcall cgroup_wq_init+0x0/0x28 returned 0 after 0 usecs
[    1.726141] calling  cgroup1_wq_init+0x0/0x28 @ 1
[    1.727166] initcall cgroup1_wq_init+0x0/0x28 returned 0 after 0 usecs
[    1.728141] calling  init_kprobe_trace_early+0x0/0x2a @ 1
[    1.729206] initcall init_kprobe_trace_early+0x0/0x2a returned 0 after 0 usecs
[    1.730141] calling  fsnotify_init+0x0/0x56 @ 1
[    1.731154] initcall fsnotify_init+0x0/0x56 returned 0 after 0 usecs
[    1.732142] calling  filelock_init+0x0/0x7f @ 1
[    1.733192] initcall filelock_init+0x0/0x7f returned 0 after 0 usecs
[    1.734143] calling  init_misc_binfmt+0x0/0x2c @ 1
[    1.735182] initcall init_misc_binfmt+0x0/0x2c returned 0 after 0 usecs
[    1.736142] calling  init_script_binfmt+0x0/0x15 @ 1
[    1.737188] initcall init_script_binfmt+0x0/0x15 returned 0 after 0 usecs
[    1.738143] calling  init_elf_binfmt+0x0/0x15 @ 1
[    1.739147] initcall init_elf_binfmt+0x0/0x15 returned 0 after 0 usecs
[    1.740142] calling  init_compat_elf_binfmt+0x0/0x15 @ 1
[    1.741144] initcall init_compat_elf_binfmt+0x0/0x15 returned 0 after 0 usecs
[    1.743140] calling  debugfs_init+0x0/0x5c @ 1
[    1.744159] initcall debugfs_init+0x0/0x5c returned 0 after 0 usecs
[    1.745142] calling  tracefs_init+0x0/0x3a @ 1
[    1.746156] initcall tracefs_init+0x0/0x3a returned 0 after 0 usecs
[    1.747143] calling  prandom_init_early+0x0/0x111 @ 1
[    1.748161] initcall prandom_init_early+0x0/0x111 returned 0 after 0 usecs
[    1.749244] calling  virtio_init+0x0/0x20 @ 1
[    1.750300] initcall virtio_init+0x0/0x20 returned 0 after 0 usecs
[    1.751145] calling  iommu_init+0x0/0x2a @ 1
[    1.752170] initcall iommu_init+0x0/0x2a returned 0 after 0 usecs
[    1.753142] calling  component_debug_init+0x0/0x1c @ 1
[    1.754558] initcall component_debug_init+0x0/0x1c returned 0 after 0 usecs
[    1.755142] calling  early_resume_init+0x0/0xb9 @ 1
[    1.758699] PM: RTC time: 05:41:51, date: 2022-12-13
[    1.759159] initcall early_resume_init+0x0/0xb9 returned 0 after 1953 usecs
[    1.760144] calling  cpufreq_core_init+0x0/0x62 @ 1
[    1.762209] initcall cpufreq_core_init+0x0/0x62 returned 0 after 0 usecs
[    1.764141] calling  cpufreq_gov_performance_init+0x0/0xc @ 1
[    1.765214] initcall cpufreq_gov_performance_init+0x0/0xc returned 0 after 0 usecs
[    1.766142] calling  cpufreq_gov_userspace_init+0x0/0xc @ 1
[    1.767145] initcall cpufreq_gov_userspace_init+0x0/0xc returned 0 after 0 usecs
[    1.768142] calling  CPU_FREQ_GOV_ONDEMAND_init+0x0/0xc @ 1
[    1.769193] initcall CPU_FREQ_GOV_ONDEMAND_init+0x0/0xc returned 0 after 0 usecs
[    1.770141] calling  cpuidle_init+0x0/0x1f @ 1
[    1.771175] initcall cpuidle_init+0x0/0x1f returned 0 after 0 usecs
[    1.772144] calling  capsule_reboot_register+0x0/0xc @ 1
[    1.774141] initcall capsule_reboot_register+0x0/0xc returned 0 after 976 usecs
[    1.775145] calling  sock_init+0x0/0x93 @ 1
[    1.778677] initcall sock_init+0x0/0x93 returned 0 after 1953 usecs
[    1.779145] calling  net_inuse_init+0x0/0x23 @ 1
[    1.781150] initcall net_inuse_init+0x0/0x23 returned 0 after 976 usecs
[    1.782143] calling  net_defaults_init+0x0/0x23 @ 1
[    1.783144] initcall net_defaults_init+0x0/0x23 returned 0 after 0 usecs
[    1.784147] calling  init_default_flow_dissectors+0x0/0x4f @ 1
[    1.785187] initcall init_default_flow_dissectors+0x0/0x4f returned 0 after 0 usecs
[    1.786143] calling  netpoll_init+0x0/0x44 @ 1
[    1.787145] initcall netpoll_init+0x0/0x44 returned 0 after 0 usecs
[    1.788143] calling  netlink_proto_init+0x0/0x154 @ 1
[    1.789462] NET: Registered protocol family 16
[    1.790349] initcall netlink_proto_init+0x0/0x154 returned 0 after 976 usecs
[    1.791142] calling  genl_init+0x0/0x35 @ 1
[    1.792217] initcall genl_init+0x0/0x35 returned 0 after 0 usecs
[    1.793167] calling  bsp_pm_check_init+0x0/0x13 @ 1
[    1.794146] initcall bsp_pm_check_init+0x0/0x13 returned 0 after 0 usecs
[    1.795157] calling  irq_sysfs_init+0x0/0xb9 @ 1
[    1.797660] initcall irq_sysfs_init+0x0/0xb9 returned 0 after 976 usecs
[    1.798142] calling  audit_init+0x0/0x127 @ 1
[    1.799151] audit: initializing netlink subsys (disabled)
[    1.801218] initcall audit_init+0x0/0x127 returned 0 after 1953 usecs
[    1.802142] calling  release_early_probes+0x0/0x32 @ 1
[    1.803142] initcall release_early_probes+0x0/0x32 returned 0 after 0 usecs
[    1.805141] calling  bdi_class_init+0x0/0x48 @ 1
[    1.806215] initcall bdi_class_init+0x0/0x48 returned 0 after 0 usecs
[    1.807144] calling  mm_sysfs_init+0x0/0x28 @ 1
[    1.808156] initcall mm_sysfs_init+0x0/0x28 returned 0 after 0 usecs
[    1.809146] calling  init_per_zone_wmark_min+0x0/0x5e @ 1
[    1.810181] initcall init_per_zone_wmark_min+0x0/0x5e returned 0 after 0 usecs
[    1.811143] calling  mpi_init+0x0/0x3e @ 1
[    1.812168] initcall mpi_init+0x0/0x3e returned 0 after 0 usecs
[    1.813141] calling  kobject_uevent_init+0x0/0xc @ 1
[    1.814173] initcall kobject_uevent_init+0x0/0xc returned 0 after 0 usecs
[    1.815140] calling  pcibus_class_init+0x0/0x13 @ 1
[    1.816161] initcall pcibus_class_init+0x0/0x13 returned 0 after 0 usecs
[    1.817140] calling  pci_driver_init+0x0/0x21 @ 1
[    1.819153] initcall pci_driver_init+0x0/0x21 returned 0 after 976 usecs
[    1.820146] calling  backlight_class_init+0x0/0xa8 @ 1
[    1.822159] initcall backlight_class_init+0x0/0xa8 returned 0 after 976 usecs
[    1.823145] calling  tty_class_init+0x0/0x33 @ 1
[    1.824169] initcall tty_class_init+0x0/0x33 returned 0 after 0 usecs
[    1.825143] calling  vtconsole_class_init+0x0/0xb5 @ 1
[    1.826310] initcall vtconsole_class_init+0x0/0xb5 returned 0 after 0 usecs
[    1.827141] calling  iommu_dev_init+0x0/0x13 @ 1
[    1.829168] initcall iommu_dev_init+0x0/0x13 returned 0 after 0 usecs
[    1.830156] calling  mipi_dsi_bus_init+0x0/0xc @ 1
[    1.831175] initcall mipi_dsi_bus_init+0x0/0xc returned 0 after 0 usecs
[    1.832142] calling  devlink_class_init+0x0/0x40 @ 1
[    1.833200] initcall devlink_class_init+0x0/0x40 returned 0 after 0 usecs
[    1.834140] calling  software_node_init+0x0/0x2a @ 1
[    1.835148] initcall software_node_init+0x0/0x2a returned 0 after 0 usecs
[    1.836141] calling  wakeup_sources_debugfs_init+0x0/0x23 @ 1
[    1.837212] initcall wakeup_sources_debugfs_init+0x0/0x23 returned 0 after 0 usecs
[    1.838142] calling  wakeup_sources_sysfs_init+0x0/0x2c @ 1
[    1.840146] initcall wakeup_sources_sysfs_init+0x0/0x2c returned 0 after 976 usecs
[    1.841141] calling  regmap_initcall+0x0/0xc @ 1
[    1.843235] initcall regmap_initcall+0x0/0xc returned 0 after 976 usecs
[    1.844141] calling  i2c_init+0x0/0xb3 @ 1
[    1.845339] initcall i2c_init+0x0/0xb3 returned 0 after 0 usecs
[    1.846140] calling  thermal_init+0x0/0x116 @ 1
[    1.847248] thermal_sys: Registered thermal governor 'step_wise'
[    1.847265] thermal_sys: Registered thermal governor 'user_space'
[    1.848154] initcall thermal_init+0x0/0x116 returned 0 after 976 usecs
[    1.850142] calling  init_menu+0x0/0xc @ 1
[    1.851212] cpuidle: using governor menu
[    1.852141] initcall init_menu+0x0/0xc returned 0 after 976 usecs
[    1.853141] calling  pcc_init+0x0/0x4d @ 1
[    1.854142] initcall pcc_init+0x0/0x4d returned -19 after 0 usecs
[    1.855141] calling  amd_postcore_init+0x0/0x11e @ 1
[    1.856140] initcall amd_postcore_init+0x0/0x11e returned 0 after 0 usecs
[    1.857155] calling  bts_init+0x0/0xba @ 1
[    1.858139] initcall bts_init+0x0/0xba returned -19 after 0 usecs
[    1.859139] calling  pt_init+0x0/0x2f7 @ 1
[    1.860140] initcall pt_init+0x0/0x2f7 returned -19 after 0 usecs
[    1.861140] calling  boot_params_ksysfs_init+0x0/0x2ee @ 1
[    1.863175] initcall boot_params_ksysfs_init+0x0/0x2ee returned 0 after 0 usecs
[    1.864139] calling  sbf_init+0x0/0xea @ 1
[    1.865140] initcall sbf_init+0x0/0xea returned 0 after 0 usecs
[    1.866140] calling  arch_kdebugfs_init+0x0/0x219 @ 1
[    1.868305] initcall arch_kdebugfs_init+0x0/0x219 returned 0 after 976 usecs
[    1.869140] calling  intel_pconfig_init+0x0/0x85 @ 1
[    1.870139] initcall intel_pconfig_init+0x0/0x85 returned 0 after 0 usecs
[    1.871139] calling  mtrr_if_init+0x0/0x5d @ 1
[    1.872147] initcall mtrr_if_init+0x0/0x5d returned 0 after 0 usecs
[    1.873139] calling  activate_jump_labels+0x0/0x31 @ 1
[    1.874139] initcall activate_jump_labels+0x0/0x31 returned 0 after 0 usecs
[    1.875139] calling  ffh_cstate_init+0x0/0x29 @ 1
[    1.876145] initcall ffh_cstate_init+0x0/0x29 returned 0 after 0 usecs
[    1.877139] calling  activate_jump_labels+0x0/0x31 @ 1
[    1.879223] initcall activate_jump_labels+0x0/0x31 returned 0 after 0 usecs
[    1.880139] calling  kvm_alloc_cpumask+0x0/0x2b @ 1
[    1.881165] initcall kvm_alloc_cpumask+0x0/0x2b returned 0 after 0 usecs
[    1.882141] calling  kcmp_cookies_init+0x0/0x37 @ 1
[    1.883148] initcall kcmp_cookies_init+0x0/0x37 returned 0 after 0 usecs
[    1.884140] calling  cryptomgr_init+0x0/0xc @ 1
[    1.885209] initcall cryptomgr_init+0x0/0xc returned 0 after 0 usecs
[    1.886141] calling  acpi_pci_init+0x0/0x57 @ 1
[    1.887172] ACPI: bus type PCI registered
[    1.888143] initcall acpi_pci_init+0x0/0x57 returned 0 after 976 usecs
[    1.890140] calling  dma_channel_table_init+0x0/0xce @ 1
[    1.891160] initcall dma_channel_table_init+0x0/0xce returned 0 after 0 usecs
[    1.892142] calling  dma_bus_init+0x0/0xdc @ 1
[    1.893289] initcall dma_bus_init+0x0/0xdc returned 0 after 0 usecs
[    1.894238] calling  iommu_dma_init+0x0/0x10 @ 1
[    1.895301] initcall iommu_dma_init+0x0/0x10 returned 0 after 0 usecs
[    1.896142] calling  dmi_id_init+0x0/0x37c @ 1
[    1.897287] initcall dmi_id_init+0x0/0x37c returned 0 after 0 usecs
[    1.898161] calling  pci_arch_init+0x0/0x71 @ 1
[    1.900711] PCI: MMCONFIG for domain 0000 [bus 00-ff] at [mem 0xb0000000-0xbfffffff] (base 0xb0000000)
[    1.901144] PCI: MMCONFIG at [mem 0xb0000000-0xbfffffff] reserved in E820
[    1.902234] PCI: Using configuration type 1 for base access
[    1.903201] initcall pci_arch_init+0x0/0x71 returned 0 after 3906 usecs
[    1.904158] calling  init_vdso+0x0/0x13 @ 1
[    1.905191] initcall init_vdso+0x0/0x13 returned 0 after 0 usecs
[    1.906142] calling  sysenter_setup+0x0/0x13 @ 1
[    1.907174] initcall sysenter_setup+0x0/0x13 returned 0 after 0 usecs
[    1.908144] calling  fixup_ht_bug+0x0/0x7f @ 1
[    1.909143] initcall fixup_ht_bug+0x0/0x7f returned 0 after 0 usecs
[    1.910144] calling  topology_init+0x0/0x15 @ 1
[    1.911346] initcall topology_init+0x0/0x15 returned 0 after 0 usecs
[    1.913141] calling  intel_epb_init+0x0/0x68 @ 1
[    1.914142] initcall intel_epb_init+0x0/0x68 returned -19 after 0 usecs
[    1.915143] calling  mtrr_init_finialize+0x0/0x3e @ 1
[    1.916145] initcall mtrr_init_finialize+0x0/0x3e returned 0 after 0 usecs
[    1.917146] calling  uid_cache_init+0x0/0x85 @ 1
[    1.918178] initcall uid_cache_init+0x0/0x85 returned 0 after 0 usecs
[    1.919146] calling  param_sysfs_init+0x0/0x1ba @ 1
[    1.934306] initcall param_sysfs_init+0x0/0x1ba returned 0 after 13671 usecs
[    1.935143] calling  user_namespace_sysctl_init+0x0/0x33 @ 1
[    1.936162] initcall user_namespace_sysctl_init+0x0/0x33 returned 0 after 0 usecs
[    1.938141] calling  proc_schedstat_init+0x0/0x24 @ 1
[    1.939152] initcall proc_schedstat_init+0x0/0x24 returned 0 after 0 usecs
[    1.940142] calling  pm_sysrq_init+0x0/0x18 @ 1
[    1.941265] initcall pm_sysrq_init+0x0/0x18 returned 0 after 0 usecs
[    1.942144] calling  create_proc_profile+0x0/0x50 @ 1
[    1.943144] initcall create_proc_profile+0x0/0x50 returned 0 after 0 usecs
[    1.944143] calling  time_ns_init+0x0/0x7 @ 1
[    1.945145] initcall time_ns_init+0x0/0x7 returned 0 after 0 usecs
[    1.946143] calling  crash_save_vmcoreinfo_init+0x0/0x756 @ 1
[    1.947231] initcall crash_save_vmcoreinfo_init+0x0/0x756 returned 0 after 0 usecs
[    1.948143] calling  crash_notes_memory_init+0x0/0x35 @ 1
[    1.949149] initcall crash_notes_memory_init+0x0/0x35 returned 0 after 0 usecs
[    1.950143] calling  cgroup_sysfs_init+0x0/0x13 @ 1
[    1.951214] initcall cgroup_sysfs_init+0x0/0x13 returned 0 after 0 usecs
[    1.952143] calling  cgroup_namespaces_init+0x0/0x7 @ 1
[    1.953143] initcall cgroup_namespaces_init+0x0/0x7 returned 0 after 0 usecs
[    1.954142] calling  init_optprobes+0x0/0x13 @ 1
[    1.956238] Kprobes globally optimized
[    1.957143] initcall init_optprobes+0x0/0x13 returned 0 after 976 usecs
[    1.958141] calling  oom_init+0x0/0x2f @ 1
[    1.961443] audit: type=2000 audit(1670910110.278:1): state=initialized audit_enabled=0 res=1
[    1.962266] initcall oom_init+0x0/0x2f returned 0 after 2929 usecs
[    1.963141] calling  default_bdi_init+0x0/0xb3 @ 1
[    1.965441] initcall default_bdi_init+0x0/0xb3 returned 0 after 976 usecs
[    1.966201] calling  percpu_enable_async+0x0/0xe @ 1
[    1.967140] initcall percpu_enable_async+0x0/0xe returned 0 after 0 usecs
[    1.968141] calling  kcompactd_init+0x0/0x46 @ 1
[    1.969272] initcall kcompactd_init+0x0/0x46 returned 0 after 0 usecs
[    1.970225] calling  init_user_reserve+0x0/0x30 @ 1
[    1.971143] initcall init_user_reserve+0x0/0x30 returned 0 after 0 usecs
[    1.972143] calling  init_admin_reserve+0x0/0x30 @ 1
[    1.973140] initcall init_admin_reserve+0x0/0x30 returned 0 after 0 usecs
[    1.974142] calling  init_reserve_notifier+0x0/0x7 @ 1
[    1.975142] initcall init_reserve_notifier+0x0/0x7 returned 0 after 0 usecs
[    1.976143] calling  swap_init_sysfs+0x0/0x62 @ 1
[    1.977158] initcall swap_init_sysfs+0x0/0x62 returned 0 after 0 usecs
[    1.978141] calling  swapfile_init+0x0/0x46 @ 1
[    1.979147] initcall swapfile_init+0x0/0x46 returned 0 after 0 usecs
[    1.980142] calling  hugetlb_init+0x0/0x43f @ 1
[    1.981144] HugeTLB registered 2.00 MiB page size, pre-allocated 0 pages
[    1.982183] initcall hugetlb_init+0x0/0x43f returned 0 after 976 usecs
[    1.983141] calling  io_wq_init+0x0/0x34 @ 1
[    1.984142] initcall io_wq_init+0x0/0x34 returned 0 after 0 usecs
[    1.985141] calling  seqiv_module_init+0x0/0xc @ 1
[    1.986267] initcall seqiv_module_init+0x0/0xc returned 0 after 0 usecs
[    1.987140] calling  echainiv_module_init+0x0/0xc @ 1
[    1.988141] initcall echainiv_module_init+0x0/0xc returned 0 after 0 usecs
[    1.989207] calling  rsa_init+0x0/0x50 @ 1
[    1.990584] cryptomgr_test (18) used greatest stack depth: 14864 bytes left
[    1.992143] initcall rsa_init+0x0/0x50 returned 0 after 1953 usecs
[    1.993144] calling  crypto_cmac_module_init+0x0/0xc @ 1
[    1.994175] initcall crypto_cmac_module_init+0x0/0xc returned 0 after 0 usecs
[    1.995143] calling  hmac_module_init+0x0/0xc @ 1
[    1.996142] initcall hmac_module_init+0x0/0xc returned 0 after 0 usecs
[    1.997140] calling  crypto_null_mod_init+0x0/0x65 @ 1
[    1.998430] initcall crypto_null_mod_init+0x0/0x65 returned 0 after 0 usecs
[    1.999141] calling  md5_mod_init+0x0/0xc @ 1
[    2.001185] initcall md5_mod_init+0x0/0xc returned 0 after 976 usecs
[    2.003952] calling  sha256_generic_mod_init+0x0/0x11 @ 1
[    2.009647] initcall sha256_generic_mod_init+0x0/0x11 returned 0 after 4882 usecs
[    2.010146] calling  crypto_cbc_module_init+0x0/0xc @ 1
[    2.011147] initcall crypto_cbc_module_init+0x0/0xc returned 0 after 0 usecs
[    2.012142] calling  crypto_ctr_module_init+0x0/0x11 @ 1
[    2.013143] initcall crypto_ctr_module_init+0x0/0x11 returned 0 after 0 usecs
[    2.014143] calling  crypto_gcm_module_init+0x0/0x64 @ 1
[    2.015197] initcall crypto_gcm_module_init+0x0/0x64 returned 0 after 0 usecs
[    2.016142] calling  crypto_ccm_module_init+0x0/0x11 @ 1
[    2.017160] initcall crypto_ccm_module_init+0x0/0x11 returned 0 after 0 usecs
[    2.018141] calling  aes_init+0x0/0xc @ 1
[    2.019265] initcall aes_init+0x0/0xc returned 0 after 0 usecs
[    2.020157] calling  crc32c_mod_init+0x0/0xc @ 1
[    2.021239] initcall crc32c_mod_init+0x0/0xc returned 0 after 0 usecs
[    2.022141] calling  crypto_authenc_module_init+0x0/0xc @ 1
[    2.023145] initcall crypto_authenc_module_init+0x0/0xc returned 0 after 0 usecs
[    2.024141] calling  crypto_authenc_esn_module_init+0x0/0xc @ 1
[    2.025145] initcall crypto_authenc_esn_module_init+0x0/0xc returned 0 after 0 usecs
[    2.026149] calling  drbg_init+0x0/0x7c @ 1
[    2.028503] initcall drbg_init+0x0/0x7c returned 0 after 976 usecs
[    2.029143] calling  ghash_mod_init+0x0/0xc @ 1
[    2.030249] initcall ghash_mod_init+0x0/0xc returned 0 after 0 usecs
[    2.031142] calling  init_bio+0x0/0x9a @ 1
[    2.033553] initcall init_bio+0x0/0x9a returned 0 after 976 usecs
[    2.034141] calling  blk_settings_init+0x0/0x29 @ 1
[    2.035143] initcall blk_settings_init+0x0/0x29 returned 0 after 0 usecs
[    2.036143] calling  blk_ioc_init+0x0/0x29 @ 1
[    2.037147] initcall blk_ioc_init+0x0/0x29 returned 0 after 0 usecs
[    2.038143] calling  blk_mq_init+0x0/0x96 @ 1
[    2.039174] initcall blk_mq_init+0x0/0x96 returned 0 after 0 usecs
[    2.040141] calling  genhd_device_init+0x0/0x75 @ 1
[    2.043406] initcall genhd_device_init+0x0/0x75 returned 0 after 1953 usecs
[    2.044339] calling  pci_slot_init+0x0/0x40 @ 1
[    2.046283] initcall pci_slot_init+0x0/0x40 returned 0 after 0 usecs
[    2.047141] calling  fbmem_init+0x0/0xd8 @ 1
[    2.049931] initcall fbmem_init+0x0/0xd8 returned 0 after 976 usecs
[    2.050141] calling  acpi_init+0x0/0x316 @ 1
[    2.051488] ACPI: Added _OSI(Module Device)
[    2.052140] ACPI: Added _OSI(Processor Device)
[    2.053139] ACPI: Added _OSI(3.0 _SCP Extensions)
[    2.054139] ACPI: Added _OSI(Processor Aggregator Device)
[    2.055141] ACPI: Added _OSI(Linux-Dell-Video)
[    2.056142] ACPI: Added _OSI(Linux-Lenovo-NV-HDMI-Audio)
[    2.057145] ACPI: Added _OSI(Linux-HPI-Hybrid-Graphics)
[    2.064969] ACPI: 1 ACPI AML tables successfully acquired and loaded
[    2.073024] ACPI: Interpreter enabled
[    2.073370] ACPI: (supports S0 S3 S4 S5)
[    2.074159] ACPI: Using IOAPIC for interrupt routing
[    2.076153] PCI: Using host bridge windows from ACPI; if necessary, use "pci=nocrs" and report a bug
[    2.078046] ACPI: Enabled 2 GPEs in block 00 to 3F
[    2.093119] ACPI: PCI Root Bridge [PCI0] (domain 0000 [bus 00-ff])
[    2.094250] acpi PNP0A08:00: _OSC: OS supports [ExtendedConfig ASPM ClockPM Segments MSI HPX-Type3]
[    2.095638] acpi PNP0A08:00: _OSC: platform does not support [LTR]
[    2.097162] acpi PNP0A08:00: _OSC: OS now controls [PME PCIeCapability]
[    2.099594] PCI host bridge to bus 0000:00
[    2.100145] pci_bus 0000:00: root bus resource [io  0x0000-0x0cf7 window]
[    2.101144] pci_bus 0000:00: root bus resource [io  0x0d00-0xffff window]
[    2.102145] pci_bus 0000:00: root bus resource [mem 0x000a0000-0x000bffff window]
[    2.103143] pci_bus 0000:00: root bus resource [mem 0x20000000-0xafffffff window]
[    2.104164] pci_bus 0000:00: root bus resource [mem 0xc0000000-0xfebfffff window]
[    2.105443] pci_bus 0000:00: root bus resource [mem 0x100000000-0x8ffffffff window]
[    2.106146] pci_bus 0000:00: root bus resource [bus 00-ff]
[    2.109259] pci 0000:00:00.0: calling  quirk_mmio_always_on+0x0/0x10 @ 1
[    2.110684] pci 0000:00:00.0: quirk_mmio_always_on+0x0/0x10 took 0 usecs
[    2.111144] pci 0000:00:00.0: [8086:29c0] type 00 class 0x060000
[    2.116575] pci 0000:00:00.0: calling  quirk_igfx_skip_te_disable+0x0/0x80 @ 1
[    2.117694] pci 0000:00:00.0: quirk_igfx_skip_te_disable+0x0/0x80 took 0 usecs
[    2.126336] pci 0000:00:01.0: [1234:1111] type 00 class 0x030000
[    2.138133] pci 0000:00:01.0: reg 0x10: [mem 0xfd000000-0xfdffffff pref]
[    2.153133] pci 0000:00:01.0: reg 0x18: [mem 0xfebf0000-0xfebf0fff]
[    2.174133] pci 0000:00:01.0: reg 0x30: [mem 0xfebe0000-0xfebeffff pref]
[    2.177907] pci 0000:00:01.0: calling  efifb_fixup_resources+0x0/0xf0 @ 1
[    2.178183] pci 0000:00:01.0: efifb_fixup_resources+0x0/0xf0 took 0 usecs
[    2.188399] pci 0000:00:1f.0: [8086:2918] type 00 class 0x060100
[    2.196112] pci 0000:00:1f.0: calling  quirk_ich7_lpc+0x0/0x60 @ 1
[    2.198289] pci 0000:00:1f.0: quirk: [io  0x0600-0x067f] claimed by ICH6 ACPI/GPIO/TCO
[    2.200144] pci 0000:00:1f.0: quirk_ich7_lpc+0x0/0x60 took 2929 usecs
[    2.201261] pci 0000:00:1f.0: calling  quirk_igfx_skip_te_disable+0x0/0x80 @ 1
[    2.203142] pci 0000:00:1f.0: quirk_igfx_skip_te_disable+0x0/0x80 took 976 usecs
[    2.206908] pci 0000:00:1f.2: [8086:2922] type 00 class 0x010601
[    2.216140] pci 0000:00:1f.2: reg 0x20: [io  0xc040-0xc05f]
[    2.218805] pci 0000:00:1f.2: reg 0x24: [mem 0xfebf1000-0xfebf1fff]
[    2.220979] pci 0000:00:1f.2: calling  quirk_igfx_skip_te_disable+0x0/0x80 @ 1
[    2.221146] pci 0000:00:1f.2: quirk_igfx_skip_te_disable+0x0/0x80 took 0 usecs
[    2.227472] pci 0000:00:1f.3: [8086:2930] type 00 class 0x0c0500
[    2.235597] pci 0000:00:1f.3: reg 0x20: [io  0x0700-0x073f]
[    2.238436] pci 0000:00:1f.3: calling  quirk_igfx_skip_te_disable+0x0/0x80 @ 1
[    2.239145] pci 0000:00:1f.3: quirk_igfx_skip_te_disable+0x0/0x80 took 0 usecs
[    2.242855] pci_bus 0000:00: on NUMA node 0
[    2.262556] ACPI: PCI Interrupt Link [LNKA] (IRQs 5 *10 11)
[    2.265396] ACPI: PCI Interrupt Link [LNKB] (IRQs 5 *10 11)
[    2.267447] ACPI: PCI Interrupt Link [LNKC] (IRQs 5 10 *11)
[    2.269193] ACPI: PCI Interrupt Link [LNKD] (IRQs 5 10 *11)
[    2.271635] ACPI: PCI Interrupt Link [LNKE] (IRQs 5 *10 11)
[    2.273292] ACPI: PCI Interrupt Link [LNKF] (IRQs 5 *10 11)
[    2.275807] ACPI: PCI Interrupt Link [LNKG] (IRQs 5 10 *11)
[    2.277192] ACPI: PCI Interrupt Link [LNKH] (IRQs 5 10 *11)
[    2.278539] ACPI: PCI Interrupt Link [GSIA] (IRQs *16)
[    2.279256] ACPI: PCI Interrupt Link [GSIB] (IRQs *17)
[    2.280198] ACPI: PCI Interrupt Link [GSIC] (IRQs *18)
[    2.281205] ACPI: PCI Interrupt Link [GSID] (IRQs *19)
[    2.282282] ACPI: PCI Interrupt Link [GSIE] (IRQs *20)
[    2.283189] ACPI: PCI Interrupt Link [GSIF] (IRQs *21)
[    2.284324] ACPI: PCI Interrupt Link [GSIG] (IRQs *22)
[    2.286159] ACPI: PCI Interrupt Link [GSIH] (IRQs *23)
[    2.302133] initcall acpi_init+0x0/0x316 returned 0 after 244140 usecs
[    2.303288] calling  pnp_init+0x0/0xc @ 1
[    2.305246] initcall pnp_init+0x0/0xc returned 0 after 976 usecs
[    2.306142] calling  misc_init+0x0/0xbf @ 1
[    2.308821] initcall misc_init+0x0/0xbf returned 0 after 976 usecs
[    2.309142] calling  iommu_subsys_init+0x0/0x4e @ 1
[    2.310207] iommu: Default domain type: Translated 
[    2.311144] initcall iommu_subsys_init+0x0/0x4e returned 0 after 976 usecs
[    2.312147] calling  vga_arb_device_init+0x0/0x261 @ 1
[    2.321133] pci 0000:00:01.0: vgaarb: setting as boot VGA device
[    2.321133] pci 0000:00:01.0: vgaarb: VGA device added: decodes=io+mem,owns=io+mem,locks=none
[    2.321143] pci 0000:00:01.0: vgaarb: bridge control possible
[    2.323138] vgaarb: loaded
[    2.324143] initcall vga_arb_device_init+0x0/0x261 returned 0 after 10742 usecs
[    2.325175] calling  cn_init+0x0/0xf0 @ 1
[    2.326767] initcall cn_init+0x0/0xf0 returned 0 after 0 usecs
[    2.327143] calling  dma_buf_init+0x0/0xad @ 1
[    2.329194] initcall dma_buf_init+0x0/0xad returned 0 after 976 usecs
[    2.330146] calling  dma_resv_lockdep+0x0/0x27f @ 1
[    2.332489] initcall dma_resv_lockdep+0x0/0x27f returned 0 after 976 usecs
[    2.333143] calling  init_scsi+0x0/0x79 @ 1
[    2.337751] SCSI subsystem initialized
[    2.338142] initcall init_scsi+0x0/0x79 returned 0 after 3906 usecs
[    2.339145] calling  ata_init+0x0/0x332 @ 1
[    2.345815] libata version 3.00 loaded.
[    2.346147] initcall ata_init+0x0/0x332 returned 0 after 4882 usecs
[    2.347145] calling  phy_init+0x0/0x250 @ 1
[    2.348535] initcall phy_init+0x0/0x250 returned 0 after 0 usecs
[    2.350144] calling  init_pcmcia_cs+0x0/0x35 @ 1
[    2.351198] initcall init_pcmcia_cs+0x0/0x35 returned 0 after 0 usecs
[    2.352142] calling  usb_common_init+0x0/0x1c @ 1
[    2.353217] initcall usb_common_init+0x0/0x1c returned 0 after 0 usecs
[    2.354142] calling  usb_init+0x0/0x12e @ 1
[    2.356137] ACPI: bus type USB registered
[    2.362554] usbcore: registered new interface driver usbfs
[    2.363547] usbcore: registered new interface driver hub
[    2.364412] usbcore: registered new device driver usb
[    2.365146] initcall usb_init+0x0/0x12e returned 0 after 9765 usecs
[    2.366144] calling  serio_init+0x0/0x29 @ 1
[    2.368149] initcall serio_init+0x0/0x29 returned 0 after 976 usecs
[    2.369142] calling  input_init+0x0/0xf6 @ 1
[    2.371145] initcall input_init+0x0/0xf6 returned 0 after 976 usecs
[    2.372143] calling  rtc_init+0x0/0x4d @ 1
[    2.373355] initcall rtc_init+0x0/0x4d returned 0 after 0 usecs
[    2.374142] calling  pps_init+0x0/0xa9 @ 1
[    2.375157] pps_core: LinuxPPS API ver. 1 registered
[    2.376139] pps_core: Software ver. 5.3.6 - Copyright 2005-2007 Rodolfo Giometti <giometti@linux.it>
[    2.377262] initcall pps_init+0x0/0xa9 returned 0 after 1953 usecs
[    2.378143] calling  ptp_init+0x0/0x98 @ 1
[    2.380155] PTP clock support registered
[    2.381142] initcall ptp_init+0x0/0x98 returned 0 after 1953 usecs
[    2.382143] calling  power_supply_class_init+0x0/0x3f @ 1
[    2.384279] initcall power_supply_class_init+0x0/0x3f returned 0 after 976 usecs
[    2.385141] calling  hwmon_init+0x0/0x104 @ 1
[    2.386168] initcall hwmon_init+0x0/0x104 returned 0 after 0 usecs
[    2.387142] calling  md_init+0x0/0x16b @ 1
[    2.394509] initcall md_init+0x0/0x16b returned 0 after 5859 usecs
[    2.395142] calling  leds_init+0x0/0x3b @ 1
[    2.397165] initcall leds_init+0x0/0x3b returned 0 after 976 usecs
[    2.398144] calling  dmi_init+0x0/0x113 @ 1
[    2.401806] initcall dmi_init+0x0/0x113 returned 0 after 1953 usecs
[    2.402142] calling  efisubsys_init+0x0/0x4e6 @ 1
[    2.403322] initcall efisubsys_init+0x0/0x4e6 returned 0 after 0 usecs
[    2.404142] calling  nvmem_init+0x0/0xc @ 1
[    2.405867] initcall nvmem_init+0x0/0xc returned 0 after 0 usecs
[    2.406142] calling  init_soundcore+0x0/0x33 @ 1
[    2.408342] initcall init_soundcore+0x0/0x33 returned 0 after 976 usecs
[    2.409144] calling  alsa_sound_init+0x0/0x8f @ 1
[    2.412410] Advanced Linux Sound Architecture Driver Initialized.
[    2.413144] initcall alsa_sound_init+0x0/0x8f returned 0 after 2929 usecs
[    2.414142] calling  alsa_seq_device_init+0x0/0x71 @ 1
[    2.416593] initcall alsa_seq_device_init+0x0/0x71 returned 0 after 976 usecs
[    2.417144] calling  hda_bus_init+0x0/0xc @ 1
[    2.418297] initcall hda_bus_init+0x0/0xc returned 0 after 0 usecs
[    2.419145] calling  proto_init+0x0/0xc @ 1
[    2.420437] initcall proto_init+0x0/0xc returned 0 after 0 usecs
[    2.421142] calling  net_dev_init+0x0/0x231 @ 1
[    2.429630] initcall net_dev_init+0x0/0x231 returned 0 after 6835 usecs
[    2.430142] calling  neigh_init+0x0/0x84 @ 1
[    2.431276] initcall neigh_init+0x0/0x84 returned 0 after 0 usecs
[    2.432142] calling  fib_notifier_init+0x0/0xc @ 1
[    2.433152] initcall fib_notifier_init+0x0/0xc returned 0 after 0 usecs
[    2.434144] calling  fib_rules_init+0x0/0xab @ 1
[    2.435152] initcall fib_rules_init+0x0/0xab returned 0 after 0 usecs
[    2.436143] calling  pktsched_init+0x0/0x10e @ 1
[    2.438347] initcall pktsched_init+0x0/0x10e returned 0 after 976 usecs
[    2.439145] calling  tc_filter_init+0x0/0xfa @ 1
[    2.440252] initcall tc_filter_init+0x0/0xfa returned 0 after 0 usecs
[    2.441144] calling  tc_action_init+0x0/0x54 @ 1
[    2.442147] initcall tc_action_init+0x0/0x54 returned 0 after 0 usecs
[    2.443145] calling  ethnl_init+0x0/0x52 @ 1
[    2.444252] initcall ethnl_init+0x0/0x52 returned 0 after 0 usecs
[    2.445166] calling  nexthop_init+0x0/0xd8 @ 1
[    2.446315] initcall nexthop_init+0x0/0xd8 returned 0 after 0 usecs
[    2.448239] calling  cipso_v4_init+0x0/0x8d @ 1
[    2.449370] initcall cipso_v4_init+0x0/0x8d returned 0 after 0 usecs
[    2.450142] calling  ieee80211_init+0x0/0x24 @ 1
[    2.451446] initcall ieee80211_init+0x0/0x24 returned 0 after 0 usecs
[    2.452142] calling  netlbl_init+0x0/0x78 @ 1
[    2.453152] NetLabel: Initializing
[    2.454138] NetLabel:  domain hash size = 128
[    2.455139] NetLabel:  protocols = UNLABELED CIPSOv4 CALIPSO
[    2.456354] NetLabel:  unlabeled traffic allowed by default
[    2.457144] initcall netlbl_init+0x0/0x78 returned 0 after 3906 usecs
[    2.458142] calling  rfkill_init+0x0/0x136 @ 1
[    2.460668] initcall rfkill_init+0x0/0x136 returned 0 after 0 usecs
[    2.461142] calling  pci_subsys_init+0x0/0x66 @ 1
[    2.462201] PCI: Using ACPI for IRQ routing
[    3.219264] PCI: pci_cache_line_size set to 64 bytes
[    3.221549] e820: reserve RAM buffer [mem 0x0009fc00-0x0009ffff]
[    3.222434] e820: reserve RAM buffer [mem 0x1ffdf000-0x1fffffff]
[    3.223235] initcall pci_subsys_init+0x0/0x66 returned 0 after 743164 usecs
[    3.226591] calling  nmi_warning_debugfs+0x0/0x26 @ 1
[    3.227257] initcall nmi_warning_debugfs+0x0/0x26 returned 0 after 0 usecs
[    3.228142] calling  save_microcode_in_initrd+0x0/0x51 @ 1
[    3.229242] initcall save_microcode_in_initrd+0x0/0x51 returned 0 after 0 usecs
[    3.230144] calling  hpet_late_init+0x0/0x1f6 @ 1
[    3.231401] hpet: 3 channels of 0 reserved for per-cpu timers
[    3.232289] hpet0: at MMIO 0xfed00000, IRQs 2, 8, 0
[    3.233142] hpet0: 3 comparators, 64-bit 100.000000 MHz counter
[    3.240145] initcall hpet_late_init+0x0/0x1f6 returned 0 after 8789 usecs
[    3.241146] calling  init_amd_nbs+0x0/0x11c @ 1
[    3.242181] initcall init_amd_nbs+0x0/0x11c returned 0 after 0 usecs
[    3.243144] calling  clocksource_done_booting+0x0/0x43 @ 1
[    3.244230] clocksource: Switched to clocksource kvm-clock
[    3.252100] initcall clocksource_done_booting+0x0/0x43 returned 0 after 7774 usecs
[    3.262296] calling  tracer_init_tracefs+0x0/0x201 @ 1
[    3.524301] initcall tracer_init_tracefs+0x0/0x201 returned 0 after 248820 usecs
[    3.533281] calling  init_trace_printk_function_export+0x0/0x2c @ 1
[    3.540465] initcall init_trace_printk_function_export+0x0/0x2c returned 0 after 55 usecs
[    3.549660] calling  init_kprobe_trace+0x0/0x1ab @ 1
[    3.555571] initcall init_kprobe_trace+0x0/0x1ab returned 0 after 269 usecs
[    3.563480] calling  init_dynamic_event+0x0/0x3d @ 1
[    3.569326] initcall init_dynamic_event+0x0/0x3d returned 0 after 103 usecs
[    3.577247] calling  init_uprobe_trace+0x0/0x5c @ 1
[    3.583060] initcall init_uprobe_trace+0x0/0x5c returned 0 after 166 usecs
[    3.590902] calling  init_pipe_fs+0x0/0x44 @ 1
[    3.597391] initcall init_pipe_fs+0x0/0x44 returned 0 after 1383 usecs
[    3.604808] calling  inotify_user_setup+0x0/0x47 @ 1
[    3.610690] initcall inotify_user_setup+0x0/0x47 returned 0 after 172 usecs
[    3.618581] calling  eventpoll_init+0x0/0xeb @ 1
[    3.623900] initcall eventpoll_init+0x0/0xeb returned 0 after 80 usecs
[    3.631162] calling  anon_inode_init+0x0/0x58 @ 1
[    3.637810] initcall anon_inode_init+0x0/0x58 returned 0 after 992 usecs
[    3.645475] calling  proc_locks_init+0x0/0x27 @ 1
[    3.652424] initcall proc_locks_init+0x0/0x27 returned 0 after 287 usecs
[    3.660033] calling  iomap_init+0x0/0x1b @ 1
[    3.666117] initcall iomap_init+0x0/0x1b returned 0 after 1216 usecs
[    3.673235] calling  dquot_init+0x0/0xd7 @ 1
[    3.678116] VFS: Disk quotas dquot_6.6.0
[    3.682777] VFS: Dquot-cache hash table entries: 512 (order 0, 4096 bytes)
[    3.690475] initcall dquot_init+0x0/0xd7 returned 0 after 12079 usecs
[    3.697601] calling  quota_init+0x0/0x23 @ 1
[    3.702744] initcall quota_init+0x0/0x23 returned 0 after 400 usecs
[    3.709671] calling  proc_cmdline_init+0x0/0x21 @ 1
[    3.715633] initcall proc_cmdline_init+0x0/0x21 returned 0 after 84 usecs
[    3.723563] calling  proc_consoles_init+0x0/0x24 @ 1
[    3.729128] initcall proc_consoles_init+0x0/0x24 returned 0 after 7 usecs
[    3.738451] calling  proc_cpuinfo_init+0x0/0x1e @ 1
[    3.743977] initcall proc_cpuinfo_init+0x0/0x1e returned 0 after 6 usecs
[    3.751457] calling  proc_devices_init+0x0/0x24 @ 1
[    3.756937] initcall proc_devices_init+0x0/0x24 returned 0 after 6 usecs
[    3.764345] calling  proc_interrupts_init+0x0/0x24 @ 1
[    3.770101] initcall proc_interrupts_init+0x0/0x24 returned 0 after 5 usecs
[    3.777759] calling  proc_loadavg_init+0x0/0x21 @ 1
[    3.783269] initcall proc_loadavg_init+0x0/0x21 returned 0 after 6 usecs
[    3.790647] calling  proc_meminfo_init+0x0/0x21 @ 1
[    3.796122] initcall proc_meminfo_init+0x0/0x21 returned 0 after 5 usecs
[    3.803501] calling  proc_stat_init+0x0/0x1e @ 1
[    3.808691] initcall proc_stat_init+0x0/0x1e returned 0 after 5 usecs
[    3.815950] calling  proc_uptime_init+0x0/0x21 @ 1
[    3.821349] initcall proc_uptime_init+0x0/0x21 returned 0 after 6 usecs
[    3.828674] calling  proc_version_init+0x0/0x21 @ 1
[    3.834188] initcall proc_version_init+0x0/0x21 returned 0 after 5 usecs
[    3.841596] calling  proc_softirqs_init+0x0/0x21 @ 1
[    3.847277] initcall proc_softirqs_init+0x0/0x21 returned 0 after 5 usecs
[    3.854873] calling  proc_kcore_init+0x0/0xea @ 1
[    3.860826] initcall proc_kcore_init+0x0/0xea returned 0 after 586 usecs
[    3.868477] calling  vmcore_init+0x0/0x57b @ 1
[    3.873613] initcall vmcore_init+0x0/0x57b returned 0 after 25 usecs
[    3.880952] calling  proc_kmsg_init+0x0/0x21 @ 1
[    3.886340] initcall proc_kmsg_init+0x0/0x21 returned 0 after 6 usecs
[    3.893644] calling  proc_page_init+0x0/0x3b @ 1
[    3.899086] initcall proc_page_init+0x0/0x3b returned 0 after 22 usecs
[    3.907769] calling  init_ramfs_fs+0x0/0xc @ 1
[    3.914322] initcall init_ramfs_fs+0x0/0xc returned 0 after 4 usecs
[    3.921622] calling  init_hugetlbfs_fs+0x0/0xf6 @ 1
[    3.928681] initcall init_hugetlbfs_fs+0x0/0xf6 returned 0 after 1044 usecs
[    3.936800] calling  blk_scsi_ioctl_init+0x0/0x2a5 @ 1
[    3.942860] initcall blk_scsi_ioctl_init+0x0/0x2a5 returned 0 after 38 usecs
[    3.950943] calling  acpi_event_init+0x0/0x2c @ 1
[    3.956519] initcall acpi_event_init+0x0/0x2c returned 0 after 140 usecs
[    3.964220] calling  pnp_system_init+0x0/0xc @ 1
[    3.970382] initcall pnp_system_init+0x0/0xc returned 0 after 731 usecs
[    3.977970] calling  pnpacpi_init+0x0/0x69 @ 1
[    3.983454] pnp: PnP ACPI init
[    3.989613] pnp 00:00: Plug and Play ACPI device, IDs PNP0303 (active)
[    3.997354] pnp 00:01: Plug and Play ACPI device, IDs PNP0f13 (active)
[    4.004970] pnp 00:02: Plug and Play ACPI device, IDs PNP0400 (active)
[    4.012554] pnp 00:03: Plug and Play ACPI device, IDs PNP0501 (active)
[    4.020138] pnp 00:04: Plug and Play ACPI device, IDs PNP0b00 (active)
[    4.028051] system 00:05: [mem 0xb0000000-0xbfffffff window] has been reserved
[    4.036792] system 00:05: Plug and Play ACPI device, IDs PNP0c01 (active)
[    4.047561] pnp: PnP ACPI: found 6 devices
[    4.052744] initcall pnpacpi_init+0x0/0x69 returned 0 after 67677 usecs
[    4.060481] calling  chr_dev_init+0x0/0x14d @ 1
[    4.076993] initcall chr_dev_init+0x0/0x14d returned 0 after 10638 usecs
[    4.085126] calling  firmware_class_init+0x0/0x14a @ 1
[    4.091289] initcall firmware_class_init+0x0/0x14a returned 0 after 97 usecs
[    4.099449] calling  init_pcmcia_bus+0x0/0x5b @ 1
[    4.105513] initcall init_pcmcia_bus+0x0/0x5b returned 0 after 252 usecs
[    4.113469] calling  init_acpi_pm_clocksource+0x0/0xda @ 1
[    4.126334] clocksource: acpi_pm: mask: 0xffffff max_cycles: 0xffffff, max_idle_ns: 2085701024 ns
[    4.137217] initcall init_acpi_pm_clocksource+0x0/0xda returned 0 after 16814 usecs
[    4.146267] calling  sysctl_core_init+0x0/0x26 @ 1
[    4.152247] initcall sysctl_core_init+0x0/0x26 returned 0 after 254 usecs
[    4.160292] calling  eth_offload_init+0x0/0x13 @ 1
[    4.165955] initcall eth_offload_init+0x0/0x13 returned 0 after 158 usecs
[    4.173937] calling  ipv4_offload_init+0x0/0x73 @ 1
[    4.179998] initcall ipv4_offload_init+0x0/0x73 returned 0 after 219 usecs
[    4.189133] calling  inet_init+0x0/0x276 @ 1
[    4.195676] NET: Registered protocol family 2
[    4.202927] IP idents hash table entries: 8192 (order: 4, 65536 bytes, linear)
[    4.217536] tcp_listen_portaddr_hash hash table entries: 256 (order: 2, 20480 bytes, linear)
[    4.227303] TCP established hash table entries: 4096 (order: 3, 32768 bytes, linear)
[    4.237273] TCP bind hash table entries: 4096 (order: 6, 294912 bytes, linear)
[    4.248347] TCP: Hash tables configured (established 4096 bind 4096)
[    4.256087] UDP hash table entries: 256 (order: 3, 40960 bytes, linear)
[    4.263767] UDP-Lite hash table entries: 256 (order: 3, 40960 bytes, linear)
[    4.272002] initcall inet_init+0x0/0x276 returned 0 after 74721 usecs
[    4.279262] calling  af_unix_init+0x0/0x4d @ 1
[    4.284273] NET: Registered protocol family 1
[    4.289275] initcall af_unix_init+0x0/0x4d returned 0 after 4915 usecs
[    4.298054] calling  ipv6_offload_init+0x0/0x7e @ 1
[    4.305111] initcall ipv6_offload_init+0x0/0x7e returned 0 after 99 usecs
[    4.314657] calling  init_sunrpc+0x0/0x65 @ 1
[    4.324165] RPC: Registered named UNIX socket transport module.
[    4.331247] RPC: Registered udp transport module.
[    4.336600] RPC: Registered tcp transport module.
[    4.341948] RPC: Registered tcp NFSv4.1 backchannel transport module.
[    4.350720] initcall init_sunrpc+0x0/0x65 returned 0 after 29172 usecs
[    4.358036] calling  cfg80211_init+0x0/0xc5 @ 1
[    4.364768] initcall cfg80211_init+0x0/0xc5 returned 0 after 1518 usecs
[    4.372290] calling  pcibios_assign_resources+0x0/0xbf @ 1
[    4.378884] pci_bus 0000:00: resource 4 [io  0x0000-0x0cf7 window]
[    4.385931] pci_bus 0000:00: resource 5 [io  0x0d00-0xffff window]
[    4.392996] pci_bus 0000:00: resource 6 [mem 0x000a0000-0x000bffff window]
[    4.407483] pci_bus 0000:00: resource 7 [mem 0x20000000-0xafffffff window]
[    4.415408] pci_bus 0000:00: resource 8 [mem 0xc0000000-0xfebfffff window]
[    4.423590] pci_bus 0000:00: resource 9 [mem 0x100000000-0x8ffffffff window]
[    4.434374] initcall pcibios_assign_resources+0x0/0xbf returned 0 after 54275 usecs
[    4.443375] calling  pci_apply_final_quirks+0x0/0x124 @ 1
[    4.450460] pci 0000:00:01.0: calling  pci_fixup_video+0x0/0xe0 @ 1
[    4.458120] pci 0000:00:01.0: Video device with shadowed ROM at [mem 0x000c0000-0x000dffff]
[    4.467591] pci 0000:00:01.0: pci_fixup_video+0x0/0xe0 took 9681 usecs
[    4.475388] PCI: CLS 0 bytes, default 64
[    4.479993] initcall pci_apply_final_quirks+0x0/0x124 returned 0 after 29645 usecs
[    4.490402] calling  acpi_reserve_resources+0x0/0xea @ 1
[    4.498178] initcall acpi_reserve_resources+0x0/0xea returned 0 after 119 usecs
[    4.508553] calling  populate_rootfs+0x0/0x102 @ 1
[    4.523897] initcall populate_rootfs+0x0/0x102 returned 0 after 6642 usecs
[    4.532725] calling  pci_iommu_init+0x0/0x3e @ 1
[    4.538339] initcall pci_iommu_init+0x0/0x3e returned 0 after 127 usecs
[    4.548119] calling  ia32_binfmt_init+0x0/0x13 @ 1
[    4.553955] initcall ia32_binfmt_init+0x0/0x13 returned 0 after 187 usecs
[    4.561831] calling  rapl_pmu_init+0x0/0x25f @ 1
[    4.567508] initcall rapl_pmu_init+0x0/0x25f returned -19 after 115 usecs
[    4.575602] calling  amd_uncore_init+0x0/0x310 @ 1
[    4.581223] initcall amd_uncore_init+0x0/0x310 returned -19 after 0 usecs
[    4.589416] calling  amd_ibs_init+0x0/0x24b @ 1
[    4.595917] initcall amd_ibs_init+0x0/0x24b returned -19 after 0 usecs
[    4.603299] calling  amd_iommu_pc_init+0x0/0x22b @ 1
[    4.609352] initcall amd_iommu_pc_init+0x0/0x22b returned -19 after 51 usecs
[    4.617354] calling  msr_init+0x0/0x55 @ 1
[    4.622681] initcall msr_init+0x0/0x55 returned 0 after 318 usecs
[    4.630791] calling  intel_uncore_init+0x0/0x322 @ 1
[    4.636628] initcall intel_uncore_init+0x0/0x322 returned -19 after 165 usecs
[    4.644620] calling  cstate_pmu_init+0x0/0x181 @ 1
[    4.650111] initcall cstate_pmu_init+0x0/0x181 returned -19 after 0 usecs
[    4.658247] calling  register_kernel_offset_dumper+0x0/0x1a @ 1
[    4.665016] initcall register_kernel_offset_dumper+0x0/0x1a returned 0 after 52 usecs
[    4.673791] calling  i8259A_init_ops+0x0/0x20 @ 1
[    4.679381] initcall i8259A_init_ops+0x0/0x20 returned 0 after 49 usecs
[    4.687043] calling  init_tsc_clocksource+0x0/0xa4 @ 1
[    4.693096] clocksource: tsc: mask: 0xffffffffffffffff max_cycles: 0x39a85afc727, max_idle_ns: 881590685098 ns
[    4.704461] initcall init_tsc_clocksource+0x0/0xa4 returned 0 after 11208 usecs
[    4.713146] calling  add_rtc_cmos+0x0/0xb0 @ 1
[    4.718688] initcall add_rtc_cmos+0x0/0xb0 returned 0 after 88 usecs
[    4.726213] calling  i8237A_init_ops+0x0/0x3a @ 1
[    4.731705] initcall i8237A_init_ops+0x0/0x3a returned 0 after 106 usecs
[    4.739536] calling  umwait_init+0x0/0x94 @ 1
[    4.744487] initcall umwait_init+0x0/0x94 returned -19 after 23 usecs
[    4.751622] calling  thermal_throttle_init_device+0x0/0x3d @ 1
[    4.758292] initcall thermal_throttle_init_device+0x0/0x3d returned 0 after 40 usecs
[    4.767020] calling  msr_init+0x0/0xd7 @ 1
[    4.774486] initcall msr_init+0x0/0xd7 returned 0 after 2685 usecs
[    4.782141] calling  cpuid_init+0x0/0xd7 @ 1
[    4.787954] initcall cpuid_init+0x0/0xd7 returned 0 after 826 usecs
[    4.796049] calling  ioapic_init_ops+0x0/0x13 @ 1
[    4.801468] initcall ioapic_init_ops+0x0/0x13 returned 0 after 28 usecs
[    4.809044] calling  add_pcspkr+0x0/0x6c @ 1
[    4.814586] initcall add_pcspkr+0x0/0x6c returned 0 after 343 usecs
[    4.822007] calling  start_periodic_check_for_corruption+0x0/0x30 @ 1
[    4.829390] check: Scanning for low memory corruption every 60 seconds
[    4.837451] initcall start_periodic_check_for_corruption+0x0/0x30 returned 0 after 7978 usecs
[    4.847488] calling  sysfb_init+0x0/0x9c @ 1
[    4.852773] initcall sysfb_init+0x0/0x9c returned 0 after 135 usecs
[    4.861907] calling  audit_classes_init+0x0/0xae @ 1
[    4.869273] initcall audit_classes_init+0x0/0xae returned 0 after 158 usecs
[    4.879314] calling  iosf_mbi_init+0x0/0x24 @ 1
[    4.886536] initcall iosf_mbi_init+0x0/0x24 returned 0 after 622 usecs
[    4.894937] calling  proc_execdomains_init+0x0/0x21 @ 1
[    4.901249] initcall proc_execdomains_init+0x0/0x21 returned 0 after 272 usecs
[    4.909387] calling  register_warn_debugfs+0x0/0x23 @ 1
[    4.915732] initcall register_warn_debugfs+0x0/0x23 returned 0 after 340 usecs
[    4.923915] calling  ioresources_init+0x0/0x49 @ 1
[    4.929394] initcall ioresources_init+0x0/0x49 returned 0 after 26 usecs
[    4.937035] calling  lockdep_proc_init+0x0/0x64 @ 1
[    4.942771] initcall lockdep_proc_init+0x0/0x64 returned 0 after 23 usecs
[    4.950399] calling  snapshot_device_init+0x0/0xc @ 1
[    4.957852] initcall snapshot_device_init+0x0/0xc returned 0 after 1451 usecs
[    4.966149] calling  irq_pm_init_ops+0x0/0x13 @ 1
[    4.972031] initcall irq_pm_init_ops+0x0/0x13 returned 0 after 38 usecs
[    4.979483] calling  rcu_torture_init+0x0/0x9d5 @ 1
[    4.985850] rcu-torture:--- Start of test: nreaders=1 nfakewriters=4 stat_interval=15 verbose=1 test_no_idle_hz=1 shuffle_interval=3 stutter=5 irqreader=1 fqs_duration=0 fqs_holdoff=0 fqs_stutter=3 test_boost=1/0 test_boost_interval=7 test_boost_duration=4 shutdown_secs=1800 stall_cpu=0 stall_cpu_holdoff=10 stall_cpu_irqsoff=0 stall_cpu_block=0 n_barrier_cbs=4 onoff_interval=0 onoff_holdoff=0 read_exit_delay=13 read_exit_burst=16
[    5.029145] rcu:  Start-test grace-period state: g0 f0x0
[    5.035285] rcu-torture: Creating rcu_torture_writer task
[    5.042570] rcu-torture: Creating rcu_torture_fakewriter task
[    5.049613] rcu-torture: rcu_torture_writer task started
[    5.055994] rcu-torture: GP expediting controlled from boot/sysfs for rcu.
[    5.064683] rcu_torture_writer: Testing conditional GPs.
[    5.071078] rcu_torture_writer: Testing expedited GPs.
[    5.076969] rcu_torture_writer: Testing asynchronous GPs.
[    5.083231] rcu_torture_writer: Testing normal GPs.
[    5.088935] rcu-torture: Creating rcu_torture_fakewriter task
[    5.095771] rcu-torture: rcu_torture_fakewriter task started
[    5.102369] rcu-torture: Creating rcu_torture_fakewriter task
[    5.109057] rcu-torture: rcu_torture_fakewriter task started
[    5.116576] rcu-torture: Creating rcu_torture_fakewriter task
[    5.123288] rcu-torture: rcu_torture_fakewriter task started
[    5.130460] rcu-torture: Creating rcu_torture_reader task
[    5.136817] rcu-torture: rcu_torture_fakewriter task started
[    5.143802] rcu-torture: Creating rcu_torture_stats task
[    5.150061] rcu-torture: rcu_torture_reader task started
[    5.157253] rcu-torture: Creating torture_shuffle task
[    5.163564] rcu-torture: rcu_torture_stats task started
[    5.171072] rcu-torture: Creating torture_stutter task
[    5.177117] rcu-torture: torture_shuffle task started
[    5.187112] rcu-torture: Creating torture_shutdown task
[    5.193273] rcu-torture: torture_stutter task started
[    5.200691] rcu-torture: Creating rcu_torture_fwd_prog task
[    5.208466] rcu-torture: torture_shutdown task started
[    5.214900] rcu-torture:torture_shutdown task: 1799972 ms remaining
[    5.224576] rcu-torture: Creating rcu_torture_barrier_cbs task
[    5.233027] rcu-torture: rcu_torture_fwd_progress task started
[    5.242311] rcu-torture: Creating rcu_torture_barrier_cbs task
[    5.249295] rcu-torture: rcu_torture_barrier_cbs task started
[    5.256292] rcu-torture: Creating rcu_torture_barrier_cbs task
[    5.263133] rcu-torture: rcu_torture_barrier_cbs task started
[    5.269869] rcu-torture: Creating rcu_torture_barrier_cbs task
[    5.276724] rcu-torture: rcu_torture_barrier_cbs task started
[    5.284452] rcu-torture: Creating rcu_torture_barrier task
[    5.290884] rcu-torture: rcu_torture_barrier_cbs task started
[    5.297708] rcu-torture: Creating rcu_torture_read_exit task
[    5.304316] rcu-torture: rcu_torture_barrier task starting
[    5.311301] initcall rcu_torture_init+0x0/0x9d5 returned 0 after 317931 usecs
[    5.319687] calling  timekeeping_init_ops+0x0/0x13 @ 1
[    5.325746] initcall timekeeping_init_ops+0x0/0x13 returned 0 after 2 usecs
[    5.333710] calling  init_clocksource_sysfs+0x0/0x23 @ 1
[    5.340432] initcall init_clocksource_sysfs+0x0/0x23 returned 0 after 435 usecs
[    5.348888] calling  init_timer_list_procfs+0x0/0x31 @ 1
[    5.355035] initcall init_timer_list_procfs+0x0/0x31 returned 0 after 7 usecs
[    5.363405] calling  alarmtimer_init+0x0/0xf5 @ 1
[    5.369287] initcall alarmtimer_init+0x0/0xf5 returned 0 after 244 usecs
[    5.377039] calling  init_posix_timers+0x0/0x29 @ 1
[    5.382913] initcall init_posix_timers+0x0/0x29 returned 0 after 144 usecs
[    5.391326] calling  clockevents_init_sysfs+0x0/0x8b @ 1
[    5.397887] initcall clockevents_init_sysfs+0x0/0x8b returned 0 after 265 usecs
[    5.407790] calling  proc_dma_init+0x0/0x21 @ 1
[    5.413151] initcall proc_dma_init+0x0/0x21 returned 0 after 7 usecs
[    5.420551] calling  proc_modules_init+0x0/0x1e @ 1
[    5.426301] initcall proc_modules_init+0x0/0x1e returned 0 after 6 usecs
[    5.434132] calling  kallsyms_init+0x0/0x21 @ 1
[    5.439787] initcall kallsyms_init+0x0/0x21 returned 0 after 6 usecs
[    5.447780] calling  pid_namespaces_init+0x0/0x2c @ 1
[    5.454348] initcall pid_namespaces_init+0x0/0x2c returned 0 after 15 usecs
[    5.462873] calling  audit_watch_init+0x0/0x37 @ 1
[    5.468938] initcall audit_watch_init+0x0/0x37 returned 0 after 25 usecs
[    5.477315] calling  audit_fsnotify_init+0x0/0x37 @ 1
[    5.483688] initcall audit_fsnotify_init+0x0/0x37 returned 0 after 3 usecs
[    5.492274] calling  audit_tree_init+0x0/0x6d @ 1
[    5.498346] initcall audit_tree_init+0x0/0x6d returned 0 after 10 usecs
[    5.506588] calling  seccomp_sysctl_init+0x0/0x2b @ 1
[    5.513045] initcall seccomp_sysctl_init+0x0/0x2b returned 0 after 25 usecs
[    5.521709] calling  utsname_sysctl_init+0x0/0x13 @ 1
[    5.528073] initcall utsname_sysctl_init+0x0/0x13 returned 0 after 12 usecs
[    5.536801] calling  init_tracepoints+0x0/0x27 @ 1
[    5.542823] initcall init_tracepoints+0x0/0x27 returned 0 after 30 usecs
[    5.551427] calling  init_blk_tracer+0x0/0x50 @ 1
[    5.557646] initcall init_blk_tracer+0x0/0x50 returned 0 after 375 usecs
[    5.566160] calling  perf_event_sysfs_init+0x0/0x83 @ 1
[    5.573354] initcall perf_event_sysfs_init+0x0/0x83 returned 0 after 664 usecs
[    5.582584] calling  system_trusted_keyring_init+0x0/0x5f @ 1
[    5.589837] Initialise system trusted keyrings
[    5.595755] initcall system_trusted_keyring_init+0x0/0x5f returned 0 after 5775 usecs
[    5.607253] calling  kswapd_init+0x0/0x13 @ 1
[    5.613969] rcu-torture: rcu_torture_read_exit: Start of test
[    5.622858] initcall kswapd_init+0x0/0x13 returned 0 after 8697 usecs
[    5.632700] calling  extfrag_debug_init+0x0/0x54 @ 1
[    5.640124] initcall extfrag_debug_init+0x0/0x54 returned 0 after 53 usecs
[    5.649863] calling  slab_proc_init+0x0/0x21 @ 1
[    5.655743] initcall slab_proc_init+0x0/0x21 returned 0 after 22 usecs
[    5.663770] calling  workingset_init+0x0/0x8c @ 1
[    5.669772] workingset: timestamp_bits=62 max_order=17 bucket_order=0
[    5.678010] initcall workingset_init+0x0/0x8c returned 0 after 8043 usecs
[    5.686519] calling  proc_vmalloc_init+0x0/0x27 @ 1
[    5.692595] initcall proc_vmalloc_init+0x0/0x27 returned 0 after 7 usecs
[    5.700836] calling  procswaps_init+0x0/0x1e @ 1
[    5.706842] initcall procswaps_init+0x0/0x1e returned 0 after 59 usecs
[    5.714994] calling  slab_sysfs_init+0x0/0xec @ 1
[    5.728720] initcall slab_sysfs_init+0x0/0xec returned 0 after 7764 usecs
[    5.737283] calling  fcntl_init+0x0/0x29 @ 1
[    5.742678] initcall fcntl_init+0x0/0x29 returned 0 after 13 usecs
[    5.750214] calling  proc_filesystems_init+0x0/0x21 @ 1
[    5.756839] initcall proc_filesystems_init+0x0/0x21 returned 0 after 10 usecs
[    5.767544] calling  start_dirtytime_writeback+0x0/0x29 @ 1
[    5.776077] initcall start_dirtytime_writeback+0x0/0x29 returned 0 after 3 usecs
[    5.786818] calling  blkdev_init+0x0/0x1b @ 1
[    5.792623] initcall blkdev_init+0x0/0x1b returned 0 after 415 usecs
[    5.800371] calling  dio_init+0x0/0x2c @ 1
[    5.805528] initcall dio_init+0x0/0x2c returned 0 after 122 usecs
[    5.812947] calling  dnotify_init+0x0/0x78 @ 1
[    5.819452] initcall dnotify_init+0x0/0x78 returned 0 after 190 usecs
[    5.828549] calling  aio_setup+0x0/0x78 @ 1
[    5.836400] initcall aio_setup+0x0/0x78 returned 0 after 2420 usecs
[    5.844131] calling  io_uring_init+0x0/0x2c @ 1
[    5.849674] initcall io_uring_init+0x0/0x2c returned 0 after 11 usecs
[    5.857575] calling  mbcache_init+0x0/0x30 @ 1
[    5.863543] initcall mbcache_init+0x0/0x30 returned 0 after 448 usecs
[    5.871402] calling  init_grace+0x0/0xc @ 1
[    5.876766] initcall init_grace+0x0/0xc returned 0 after 66 usecs
[    5.884264] calling  init_v2_quota_format+0x0/0x21 @ 1
[    5.891518] initcall init_v2_quota_format+0x0/0x21 returned 0 after 228 usecs
[    5.901718] calling  init_devpts_fs+0x0/0x27 @ 1
[    5.907581] initcall init_devpts_fs+0x0/0x27 returned 0 after 97 usecs
[    5.915481] calling  ext4_init_fs+0x0/0x1c2 @ 1
[    5.921688] initcall ext4_init_fs+0x0/0x1c2 returned 0 after 768 usecs
[    5.929508] calling  journal_init+0x0/0x11c @ 1
[    5.935515] initcall journal_init+0x0/0x11c returned 0 after 203 usecs
[    5.943390] calling  init_fat_fs+0x0/0x49 @ 1
[    5.949094] initcall init_fat_fs+0x0/0x49 returned 0 after 162 usecs
[    5.956853] calling  init_vfat_fs+0x0/0xc @ 1
[    5.962366] initcall init_vfat_fs+0x0/0xc returned 0 after 3 usecs
[    5.971423] calling  init_msdos_fs+0x0/0xc @ 1
[    5.977047] initcall init_msdos_fs+0x0/0xc returned 0 after 4 usecs
[    5.984706] calling  init_iso9660_fs+0x0/0x6c @ 1
[    5.991535] rcu_torture_rea (62) used greatest stack depth: 14672 bytes left
[    6.000455] initcall init_iso9660_fs+0x0/0x6c returned 0 after 9601 usecs
[    6.008752] calling  init_nfs_fs+0x0/0x13a @ 1
[    6.016505] initcall init_nfs_fs+0x0/0x13a returned 0 after 2092 usecs
[    6.024511] calling  init_nfs_v2+0x0/0x13 @ 1
[    6.030019] initcall init_nfs_v2+0x0/0x13 returned 0 after 204 usecs
[    6.037919] calling  init_nfs_v3+0x0/0x13 @ 1
[    6.043334] initcall init_nfs_v3+0x0/0x13 returned 0 after 1 usecs
[    6.052757] calling  init_nfs_v4+0x0/0x32 @ 1
[    6.059418] NFS: Registering the id_resolver key type
[    6.067381] Key type id_resolver registered
[    6.073761] Key type id_legacy registered
[    6.079089] initcall init_nfs_v4+0x0/0x32 returned 0 after 19258 usecs
[    6.087263] calling  init_nlm+0x0/0x5b @ 1
[    6.094591] initcall init_nlm+0x0/0x5b returned 0 after 108 usecs
[    6.102346] calling  init_nls_cp437+0x0/0xe @ 1
[    6.108626] initcall init_nls_cp437+0x0/0xe returned 0 after 165 usecs
[    6.116957] calling  init_nls_ascii+0x0/0xe @ 1
[    6.122872] initcall init_nls_ascii+0x0/0xe returned 0 after 1 usecs
[    6.131133] calling  init_nls_iso8859_1+0x0/0xe @ 1
[    6.137597] initcall init_nls_iso8859_1+0x0/0xe returned 0 after 1 usecs
[    6.146550] calling  init_nls_utf8+0x0/0x21 @ 1
[    6.152668] initcall init_nls_utf8+0x0/0x21 returned 0 after 2 usecs
[    6.161003] calling  init_autofs_fs+0x0/0x25 @ 1
[    6.167635] initcall init_autofs_fs+0x0/0x25 returned 0 after 465 usecs
[    6.177036] calling  ipc_init+0x0/0x24 @ 1
[    6.182751] initcall ipc_init+0x0/0x24 returned 0 after 100 usecs
[    6.191214] calling  ipc_sysctl_init+0x0/0x13 @ 1
[    6.198539] initcall ipc_sysctl_init+0x0/0x13 returned 0 after 39 usecs
[    6.208520] calling  init_mqueue_fs+0x0/0xb1 @ 1
[    6.220105] initcall init_mqueue_fs+0x0/0xb1 returned 0 after 4132 usecs
[    6.228525] calling  key_proc_init+0x0/0x63 @ 1
[    6.234705] initcall key_proc_init+0x0/0x63 returned 0 after 85 usecs
[    6.243488] calling  selinux_nf_ip_init+0x0/0x2e @ 1
[    6.250018] initcall selinux_nf_ip_init+0x0/0x2e returned 0 after 40 usecs
[    6.258868] calling  init_sel_fs+0x0/0x116 @ 1
[    6.264722] initcall init_sel_fs+0x0/0x116 returned 0 after 0 usecs
[    6.272839] calling  selnl_init+0x0/0x7c @ 1
[    6.278942] initcall selnl_init+0x0/0x7c returned 0 after 171 usecs
[    6.287429] calling  sel_netif_init+0x0/0x36 @ 1
[    6.293834] initcall sel_netif_init+0x0/0x36 returned 0 after 1 usecs
[    6.302274] calling  sel_netnode_init+0x0/0x33 @ 1
[    6.308890] initcall sel_netnode_init+0x0/0x33 returned 0 after 1 usecs
[    6.317955] calling  sel_netport_init+0x0/0x33 @ 1
[    6.324395] initcall sel_netport_init+0x0/0x33 returned 0 after 1 usecs
[    6.333127] calling  aurule_init+0x0/0x2a @ 1
[    6.338903] initcall aurule_init+0x0/0x2a returned 0 after 3 usecs
[    6.346848] calling  crypto_algapi_init+0x0/0xc @ 1
[    6.353089] initcall crypto_algapi_init+0x0/0xc returned 0 after 25 usecs
[    6.361935] calling  jent_mod_init+0x0/0x2d @ 1
[    6.378805] initcall jent_mod_init+0x0/0x2d returned 0 after 10261 usecs
[    6.387965] calling  asymmetric_key_init+0x0/0xc @ 1
[    6.394669] Key type asymmetric registered
[    6.400266] initcall asymmetric_key_init+0x0/0xc returned 0 after 5465 usecs
[    6.409733] calling  x509_key_init+0x0/0xc @ 1
[    6.432479] Asymmetric key parser 'x509' registered
[    6.440519] initcall x509_key_init+0x0/0xc returned 0 after 13208 usecs
[    6.451457] calling  proc_genhd_init+0x0/0x41 @ 1
[    6.459017] initcall proc_genhd_init+0x0/0x41 returned 0 after 1560 usecs
[    6.468262] calling  bsg_init+0x0/0x113 @ 1
[    6.476159] Block layer SCSI generic (bsg) driver version 0.4 loaded (major 251)
[    6.485811] initcall bsg_init+0x0/0x113 returned 0 after 10981 usecs
[    6.494098] calling  deadline_init+0x0/0xc @ 1
[    6.499943] io scheduler mq-deadline registered
[    6.505760] initcall deadline_init+0x0/0xc returned 0 after 5846 usecs
[    6.514133] calling  kyber_init+0x0/0xc @ 1
[    6.519625] io scheduler kyber registered
[    6.524766] initcall kyber_init+0x0/0xc returned 0 after 5019 usecs
[    6.532542] calling  mod_init+0x0/0x7 @ 1
[    6.537638] initcall mod_init+0x0/0x7 returned 0 after 0 usecs
[    6.544974] calling  debug_objects_init_debugfs+0x0/0x3b @ 1
[    6.556654] initcall debug_objects_init_debugfs+0x0/0x3b returned 0 after 4450 usecs
[    6.566441] calling  sg_pool_init+0x0/0xb4 @ 1
[    6.575582] initcall sg_pool_init+0x0/0xb4 returned 0 after 3355 usecs
[    6.585575] calling  pcie_portdrv_init+0x0/0x39 @ 1
[    6.594094] initcall pcie_portdrv_init+0x0/0x39 returned 0 after 1146 usecs
[    6.604609] calling  pci_proc_init+0x0/0x68 @ 1
[    6.610610] initcall pci_proc_init+0x0/0x68 returned 0 after 74 usecs
[    6.619335] calling  pci_hotplug_init+0x0/0x7 @ 1
[    6.625760] initcall pci_hotplug_init+0x0/0x7 returned 0 after 0 usecs
[    6.634581] calling  efifb_driver_init+0x0/0xe @ 1
[    6.641515] initcall efifb_driver_init+0x0/0xe returned 0 after 216 usecs
[    6.650564] calling  ged_driver_init+0x0/0xe @ 1
[    6.656771] initcall ged_driver_init+0x0/0xe returned 0 after 199 usecs
[    6.665277] calling  acpi_ac_init+0x0/0x92 @ 1
[    6.672628] initcall acpi_ac_init+0x0/0x92 returned 0 after 1261 usecs
[    6.681875] calling  acpi_button_driver_init+0x0/0x52 @ 1
[    6.691672] input: Power Button as /devices/LNXSYSTM:00/LNXPWRBN:00/input/input0
[    6.706315] ACPI: Power Button [PWRF]
[    6.711786] initcall acpi_button_driver_init+0x0/0x52 returned 0 after 21831 usecs
[    6.721891] calling  acpi_fan_driver_init+0x0/0xe @ 1
[    6.728863] initcall acpi_fan_driver_init+0x0/0xe returned 0 after 45 usecs
[    6.738902] calling  acpi_video_init+0x0/0xcb @ 1
[    6.745877] initcall acpi_video_init+0x0/0xcb returned 0 after 355 usecs
[    6.754266] calling  acpi_processor_driver_init+0x0/0xad @ 1
[    6.763656] initcall acpi_processor_driver_init+0x0/0xad returned 0 after 2073 usecs
[    6.774303] calling  acpi_thermal_init+0x0/0x71 @ 1
[    6.783413] initcall acpi_thermal_init+0x0/0x71 returned 0 after 2634 usecs
[    6.792662] calling  acpi_battery_init+0x0/0x32 @ 1
[    6.799678] initcall acpi_battery_init+0x0/0x32 returned 0 after 71 usecs
[    6.808702] calling  bgrt_init+0x0/0xb6 @ 1
[    6.814455] initcall bgrt_init+0x0/0xb6 returned -19 after 0 usecs
[    6.822366] calling  gpio_clk_driver_init+0x0/0xe @ 1
[    6.829401] initcall gpio_clk_driver_init+0x0/0xe returned 0 after 194 usecs
[    6.838743] calling  plt_clk_driver_init+0x0/0xe @ 1
[    6.845506] initcall plt_clk_driver_init+0x0/0xe returned 0 after 30 usecs
[    6.854486] calling  virtio_pci_driver_init+0x0/0x15 @ 1
[    6.862083] initcall virtio_pci_driver_init+0x0/0x15 returned 0 after 207 usecs
[    6.873646] calling  n_null_init+0x0/0x1e @ 1
[    6.880969] initcall n_null_init+0x0/0x1e returned 0 after 50 usecs
[    6.891091] calling  pty_init+0x0/0x1e8 @ 1
[    6.899733] initcall pty_init+0x0/0x1e8 returned 0 after 2618 usecs
[    6.907941] calling  sysrq_init+0x0/0x62 @ 1
[    6.913503] initcall sysrq_init+0x0/0x62 returned 0 after 9 usecs
[    6.921478] calling  serial8250_init+0x0/0x17e @ 1
[    6.928237] Serial: 8250/16550 driver, 4 ports, IRQ sharing enabled
[    6.939223] 00:03: ttyS0 at I/O 0x3f8 (irq = 4, base_baud = 115200) is a 16550A
[    6.952063] initcall serial8250_init+0x0/0x17e returned 0 after 23438 usecs
[    6.960811] calling  serial_pci_driver_init+0x0/0x15 @ 1
[    6.967890] initcall serial_pci_driver_init+0x0/0x15 returned 0 after 97 usecs
[    6.977236] calling  exar_pci_driver_init+0x0/0x15 @ 1
[    6.983710] initcall exar_pci_driver_init+0x0/0x15 returned 0 after 82 usecs
[    6.994107] calling  lpss8250_pci_driver_init+0x0/0x15 @ 1
[    7.002003] initcall lpss8250_pci_driver_init+0x0/0x15 returned 0 after 42 usecs
[    7.012275] calling  mid8250_pci_driver_init+0x0/0x15 @ 1
[    7.020330] initcall mid8250_pci_driver_init+0x0/0x15 returned 0 after 54 usecs
[    7.031884] calling  virtio_console_init+0x0/0xff @ 1
[    7.040819] initcall virtio_console_init+0x0/0xff returned 0 after 286 usecs
[    7.052087] calling  hpet_init+0x0/0x64 @ 1
[    7.061388] initcall hpet_init+0x0/0x64 returned 0 after 1921 usecs
[    7.069768] calling  nvram_module_init+0x0/0x83 @ 1
[    7.077739] Non-volatile memory driver v1.3
[    7.083546] initcall nvram_module_init+0x0/0x83 returned 0 after 5833 usecs
[    7.093959] calling  hwrng_modinit+0x0/0x8a @ 1
[    7.101105] initcall hwrng_modinit+0x0/0x8a returned 0 after 342 usecs
[    7.110377] calling  mod_init+0x0/0x48 @ 1
[    7.117549] initcall mod_init+0x0/0x48 returned -19 after 1 usecs
[    7.127256] calling  agp_init+0x0/0x23 @ 1
[    7.134297] Linux agpgart interface v0.103
[    7.141331] initcall agp_init+0x0/0x23 returned 0 after 6865 usecs
[    7.150374] calling  agp_amd64_mod_init+0x0/0x5 @ 1
[    7.157677] initcall agp_amd64_mod_init+0x0/0x5 returned -19 after 351 usecs
[    7.167907] calling  agp_intel_init+0x0/0x28 @ 1
[    7.177087] initcall agp_intel_init+0x0/0x28 returned 0 after 1337 usecs
[    7.186754] calling  drm_kms_helper_init+0x0/0x7 @ 1
[    7.193833] initcall drm_kms_helper_init+0x0/0x7 returned 0 after 177 usecs
[    7.204142] calling  drm_core_init+0x0/0xbd @ 1
[    7.211567] initcall drm_core_init+0x0/0xbd returned 0 after 725 usecs
[    7.220974] calling  i915_init+0x0/0x6b @ 1
[    7.229835] initcall i915_init+0x0/0x6b returned 0 after 2757 usecs
[    7.238321] calling  cn_proc_init+0x0/0x35 @ 1
[    7.244592] initcall cn_proc_init+0x0/0x35 returned 0 after 51 usecs
[    7.254205] calling  topology_sysfs_init+0x0/0x27 @ 1
[    7.262222] initcall topology_sysfs_init+0x0/0x27 returned 0 after 31 usecs
[    7.276494] calling  cacheinfo_sysfs_init+0x0/0x27 @ 1
[    7.286020] initcall cacheinfo_sysfs_init+0x0/0x27 returned 0 after 778 usecs
[    7.297819] calling  loop_init+0x0/0x16a @ 1
[    7.334783] loop: module loaded
[    7.339384] initcall loop_init+0x0/0x16a returned 0 after 33495 usecs
[    7.348769] calling  mac_hid_init+0x0/0x21 @ 1
[    7.355788] initcall mac_hid_init+0x0/0x21 returned 0 after 41 usecs
[    7.366311] calling  spi_transport_init+0x0/0x74 @ 1
[    7.374907] initcall spi_transport_init+0x0/0x74 returned 0 after 241 usecs
[    7.385420] calling  init_sd+0x0/0x18c @ 1
[    7.392079] initcall init_sd+0x0/0x18c returned 0 after 235 usecs
[    7.401399] calling  init_sr+0x0/0x43 @ 1
[    7.407984] initcall init_sr+0x0/0x43 returned 0 after 84 usecs
[    7.416911] calling  init_sg+0x0/0x1c0 @ 1
[    7.423934] initcall init_sg+0x0/0x1c0 returned 0 after 241 usecs
[    7.433825] calling  ahci_pci_driver_init+0x0/0x15 @ 1
[    7.442309] ahci 0000:00:1f.2: version 3.0
[    7.454606] PCI Interrupt Link [GSIA] enabled at IRQ 16
[    7.477903] ahci 0000:00:1f.2: AHCI 0001.0000 32 slots 6 ports 1.5 Gbps 0x3f impl SATA mode
[    7.489249] ahci 0000:00:1f.2: flags: 64bit ncq only 
[    7.513553] scsi host0: ahci
[    7.520821] scsi host1: ahci
[    7.527139] scsi host2: ahci
[    7.532876] scsi host3: ahci
[    7.539896] scsi host4: ahci
[    7.547012] scsi host5: ahci
[    7.552616] ata1: SATA max UDMA/133 abar m4096@0xfebf1000 port 0xfebf1100 irq 24
[    7.564439] ata2: SATA max UDMA/133 abar m4096@0xfebf1000 port 0xfebf1180 irq 24
[    7.576846] ata3: SATA max UDMA/133 abar m4096@0xfebf1000 port 0xfebf1200 irq 24
[    7.589285] ata4: SATA max UDMA/133 abar m4096@0xfebf1000 port 0xfebf1280 irq 24
[    7.601036] ata5: SATA max UDMA/133 abar m4096@0xfebf1000 port 0xfebf1300 irq 24
[    7.612545] ata6: SATA max UDMA/133 abar m4096@0xfebf1000 port 0xfebf1380 irq 24
[    7.624136] initcall ahci_pci_driver_init+0x0/0x15 returned 0 after 178049 usecs
[    7.635212] calling  piix_init+0x0/0x26 @ 1
[    7.641829] initcall piix_init+0x0/0x26 returned 0 after 178 usecs
[    7.651327] calling  amd_pci_driver_init+0x0/0x15 @ 1
[    7.660399] initcall amd_pci_driver_init+0x0/0x15 returned 0 after 78 usecs
[    7.671090] calling  oldpiix_pci_driver_init+0x0/0x15 @ 1
[    7.678821] initcall oldpiix_pci_driver_init+0x0/0x15 returned 0 after 304 usecs
[    7.688895] calling  sch_pci_driver_init+0x0/0x15 @ 1
[    7.697948] initcall sch_pci_driver_init+0x0/0x15 returned 0 after 719 usecs
[    7.708027] calling  net_olddevs_init+0x0/0x55 @ 1
[    7.716750] initcall net_olddevs_init+0x0/0x55 returned 0 after 535 usecs
[    7.726576] calling  blackhole_netdev_init+0x0/0x78 @ 1
[    7.735720] initcall blackhole_netdev_init+0x0/0x78 returned 0 after 1087 usecs
[    7.747276] calling  phy_module_init+0x0/0x13 @ 1
[    7.755458] initcall phy_module_init+0x0/0x13 returned 0 after 705 usecs
[    7.765856] calling  tg3_driver_init+0x0/0x15 @ 1
[    7.773514] initcall tg3_driver_init+0x0/0x15 returned 0 after 334 usecs
[    7.784171] calling  e100_init_module+0x0/0x4c @ 1
[    7.790596] e100: Intel(R) PRO/100 Network Driver
[    7.797248] e100: Copyright(c) 1999-2006 Intel Corporation
[    7.805405] initcall e100_init_module+0x0/0x4c returned 0 after 14580 usecs
[    7.816543] calling  e1000_init_module+0x0/0x72 @ 1
[    7.824502] e1000: Intel(R) PRO/1000 Network Driver
[    7.832850] e1000: Copyright (c) 1999-2006 Intel Corporation.
[    7.842430] initcall e1000_init_module+0x0/0x72 returned 0 after 17503 usecs
[    7.853991] calling  e1000_init_module+0x0/0x2d @ 1
[    7.862305] e1000e: Intel(R) PRO/1000 Network Driver
[    7.871199] e1000e: Copyright(c) 1999 - 2015 Intel Corporation.
[    7.880606] initcall e1000_init_module+0x0/0x2d returned 0 after 17867 usecs
[    7.891794] calling  sky2_init_module+0x0/0x21 @ 1
[    7.899850] sky2: driver version 1.30
[    7.905845] initcall sky2_init_module+0x0/0x21 returned 0 after 5850 usecs
[    7.917161] calling  forcedeth_pci_driver_init+0x0/0x15 @ 1
[    7.926929] initcall forcedeth_pci_driver_init+0x0/0x15 returned 0 after 97 usecs
[    7.939732] calling  rtl8139_init_module+0x0/0x15 @ 1
[    7.946948] initcall rtl8139_init_module+0x0/0x15 returned 0 after 119 usecs
[    7.959422] calling  rtl8169_pci_driver_init+0x0/0x15 @ 1
[    7.968052] initcall rtl8169_pci_driver_init+0x0/0x15 returned 0 after 200 usecs
[    7.980715] calling  cdrom_init+0x0/0xc @ 1
[    7.987745] initcall cdrom_init+0x0/0xc returned 0 after 167 usecs
[    7.997817] calling  nonstatic_sysfs_init+0x0/0xc @ 1
[    8.006021] initcall nonstatic_sysfs_init+0x0/0xc returned 0 after 83 usecs
[    8.017216] calling  yenta_cardbus_driver_init+0x0/0x15 @ 1
[    8.026575] initcall yenta_cardbus_driver_init+0x0/0x15 returned 0 after 276 usecs
[    8.039072] calling  mon_init+0x0/0x144 @ 1
[    8.058701] initcall mon_init+0x0/0x144 returned 0 after 12562 usecs
[    8.068854] calling  ehci_hcd_init+0x0/0x55 @ 1
[    8.076705] ehci_hcd: USB 2.0 'Enhanced' Host Controller (EHCI) Driver
[    8.087199] initcall ehci_hcd_init+0x0/0x55 returned 0 after 10375 usecs
[    8.098387] calling  ehci_pci_init+0x0/0x64 @ 1
[    8.106150] ehci-pci: EHCI PCI platform driver
[    8.113461] initcall ehci_pci_init+0x0/0x64 returned 0 after 7138 usecs
[    8.124317] calling  ohci_hcd_mod_init+0x0/0x4d @ 1
[    8.132930] ohci_hcd: USB 1.1 'Open' Host Controller (OHCI) Driver
[    8.143796] initcall ohci_hcd_mod_init+0x0/0x4d returned 0 after 10608 usecs
[    8.154402] calling  ohci_pci_init+0x0/0x64 @ 1
[    8.161818] ohci-pci: OHCI PCI platform driver
[    8.169221] initcall ohci_pci_init+0x0/0x64 returned 0 after 7357 usecs
[    8.179787] calling  uhci_hcd_init+0x0/0xa6 @ 1
[    8.186602] uhci_hcd: USB Universal Host Controller Interface driver
[    8.196722] initcall uhci_hcd_init+0x0/0xa6 returned 0 after 10063 usecs
[    8.208322] calling  xhci_hcd_init+0x0/0x1e @ 1
[    8.216836] initcall xhci_hcd_init+0x0/0x1e returned 0 after 21 usecs
[    8.228422] calling  xhci_pci_init+0x0/0x49 @ 1
[    8.236605] initcall xhci_pci_init+0x0/0x49 returned 0 after 167 usecs
[    8.246757] calling  usblp_driver_init+0x0/0x15 @ 1
[    8.255917] usbcore: registered new interface driver usblp
[    8.265070] initcall usblp_driver_init+0x0/0x15 returned 0 after 9365 usecs
[    8.274734] calling  usb_storage_driver_init+0x0/0x2a @ 1
[    8.282389] usbcore: registered new interface driver usb-storage
[    8.290628] initcall usb_storage_driver_init+0x0/0x2a returned 0 after 8093 usecs
[    8.300054] calling  i8042_init+0x0/0x4c2 @ 1
[    8.307194] i8042: PNP: PS/2 Controller [PNP0303:KBD,PNP0f13:MOU] at 0x60,0x64 irq 1,12
[    8.331971] serio: i8042 KBD port at 0x60,0x64 irq 1
[    8.340764] serio: i8042 AUX port at 0x60,0x64 irq 12
[    8.349386] initcall i8042_init+0x0/0x4c2 returned 0 after 41655 usecs
[    8.359393] calling  serport_init+0x0/0x2c @ 1
[    8.366142] initcall serport_init+0x0/0x2c returned 0 after 2 usecs
[    8.375661] calling  input_leds_init+0x0/0xc @ 1
[    8.382511] initcall input_leds_init+0x0/0xc returned 0 after 4 usecs
[    8.392521] calling  evdev_init+0x0/0xc @ 1
[    8.414136] initcall evdev_init+0x0/0xc returned 0 after 15413 usecs
[    8.425326] calling  atkbd_init+0x0/0x21 @ 1
[    8.480432] initcall atkbd_init+0x0/0x21 returned 0 after 21540 usecs
[    8.491938] calling  psmouse_init+0x0/0x7f @ 1
[    8.511474] initcall psmouse_init+0x0/0x7f returned 0 after 12073 usecs
[    8.522415] calling  cmos_init+0x0/0x73 @ 1
[    8.537539] rtc_cmos 00:04: RTC can wake from S4
[    8.569272] ata3: SATA link up 1.5 Gbps (SStatus 113 SControl 300)
[    8.588826] ata3.00: ATAPI: QEMU DVD-ROM, 2.5+, max UDMA/100
[    8.598252] ata3.00: applying bridge limits
[    8.606918] ata3.00: configured for UDMA/100
[    8.619107] ata4: SATA link down (SStatus 0 SControl 300)
[    8.632024] ata5: SATA link down (SStatus 0 SControl 300)
[    8.645459] ata1: SATA link down (SStatus 0 SControl 300)
[    8.659902] ata2: SATA link down (SStatus 0 SControl 300)
[    8.688369] input: AT Translated Set 2 keyboard as /devices/platform/i8042/serio0/input/input1
[    8.725555] scsi 2:0:0:0: CD-ROM            QEMU     QEMU DVD-ROM     2.5+ PQ: 0 ANSI: 5
[    8.784586] sr 2:0:0:0: [sr0] scsi3-mmc drive: 4x/4x cd/rw xa/form2 tray
[    8.795664] cdrom: Uniform CD-ROM driver Revision: 3.20
[    8.808560] rtc_cmos 00:04: registered as rtc0
[    8.816929] rtc_cmos 00:04: alarms up to one day, y3k, 242 bytes nvram, hpet irqs
[    8.828550] initcall cmos_init+0x0/0x73 returned 0 after 292357 usecs
[    8.838777] calling  smbalert_driver_init+0x0/0xe @ 1
[    8.847384] initcall smbalert_driver_init+0x0/0xe returned 0 after 254 usecs
[    8.858792] calling  i2c_i801_init+0x0/0xc5 @ 1
[    8.881710] i801_smbus 0000:00:1f.3: SMBus using PCI interrupt
[    8.893524] i2c i2c-0: 1/1 memory slots populated (from DMI)
[    8.902484] i2c i2c-0: Memory type 0x07 not supported yet, not instantiating SPD
[    8.914834] initcall i2c_i801_init+0x0/0xc5 returned 0 after 47551 usecs
[    8.925445] calling  ptp_kvm_init+0x0/0xf0 @ 1
[    8.935377] ata6: SATA link down (SStatus 0 SControl 300)
[    8.960528] sr 2:0:0:0: Attached scsi CD-ROM sr0
[    8.973743] sr 2:0:0:0: Attached scsi generic sg0 type 5
[    8.996566] initcall ptp_kvm_init+0x0/0xf0 returned 0 after 62379 usecs
[    9.006872] calling  dm_init+0x0/0x3c @ 1
[    9.017394] device-mapper: ioctl: 4.43.0-ioctl (2020-10-01) initialised: dm-devel@redhat.com
[    9.031601] initcall dm_init+0x0/0x3c returned 0 after 18134 usecs
[    9.042132] calling  dm_mirror_init+0x0/0x29 @ 1
[    9.049785] initcall dm_mirror_init+0x0/0x29 returned 0 after 29 usecs
[    9.060653] calling  dm_dirty_log_init+0x0/0x4f @ 1
[    9.068211] initcall dm_dirty_log_init+0x0/0x4f returned 0 after 296 usecs
[    9.078919] calling  dm_zero_init+0x0/0x29 @ 1
[    9.086527] initcall dm_zero_init+0x0/0x29 returned 0 after 3 usecs
[    9.097033] calling  intel_pstate_init+0x0/0x4a4 @ 1
[    9.104545] intel_pstate: CPU model not supported
[    9.112350] initcall intel_pstate_init+0x0/0x4a4 returned -19 after 7911 usecs
[    9.124708] calling  haltpoll_init+0x0/0xc0 @ 1
[    9.132740] initcall haltpoll_init+0x0/0xc0 returned -19 after 121 usecs
[    9.144768] calling  efivars_sysfs_init+0x0/0x30 @ 1
[    9.153459] initcall efivars_sysfs_init+0x0/0x30 returned 0 after 1 usecs
[    9.164329] calling  esrt_sysfs_init+0x0/0x2a2 @ 1
[    9.171091] initcall esrt_sysfs_init+0x0/0x2a2 returned -38 after 199 usecs
[    9.181282] calling  hid_init+0x0/0x5c @ 1
[    9.189986] hid: raw HID events driver (C) Jiri Kosina
[    9.197831] initcall hid_init+0x0/0x5c returned 0 after 10308 usecs
[    9.206828] calling  hid_generic_init+0x0/0x15 @ 1
[    9.215135] initcall hid_generic_init+0x0/0x15 returned 0 after 173 usecs
[    9.226751] calling  a4_driver_init+0x0/0x15 @ 1
[    9.235073] initcall a4_driver_init+0x0/0x15 returned 0 after 40 usecs
[    9.244691] calling  apple_driver_init+0x0/0x15 @ 1
[    9.252681] initcall apple_driver_init+0x0/0x15 returned 0 after 136 usecs
[    9.263537] calling  belkin_driver_init+0x0/0x15 @ 1
[    9.271810] initcall belkin_driver_init+0x0/0x15 returned 0 after 37 usecs
[    9.282601] calling  ch_driver_init+0x0/0x15 @ 1
[    9.290096] initcall ch_driver_init+0x0/0x15 returned 0 after 90 usecs
[    9.300831] calling  ch_driver_init+0x0/0x15 @ 1
[    9.308147] initcall ch_driver_init+0x0/0x15 returned 0 after 36 usecs
[    9.319076] calling  cp_driver_init+0x0/0x15 @ 1
[    9.325539] initcall cp_driver_init+0x0/0x15 returned 0 after 32 usecs
[    9.335849] calling  ez_driver_init+0x0/0x15 @ 1
[    9.343510] initcall ez_driver_init+0x0/0x15 returned 0 after 113 usecs
[    9.353921] calling  gyration_driver_init+0x0/0x15 @ 1
[    9.362193] initcall gyration_driver_init+0x0/0x15 returned 0 after 38 usecs
[    9.372810] calling  ite_driver_init+0x0/0x15 @ 1
[    9.379805] initcall ite_driver_init+0x0/0x15 returned 0 after 38 usecs
[    9.388919] calling  ks_driver_init+0x0/0x15 @ 1
[    9.396431] initcall ks_driver_init+0x0/0x15 returned 0 after 40 usecs
[    9.407210] calling  lg_driver_init+0x0/0x15 @ 1
[    9.415159] initcall lg_driver_init+0x0/0x15 returned 0 after 169 usecs
[    9.425669] calling  lg_g15_driver_init+0x0/0x15 @ 1
[    9.434097] initcall lg_g15_driver_init+0x0/0x15 returned 0 after 125 usecs
[    9.445860] calling  ms_driver_init+0x0/0x15 @ 1
[    9.453938] initcall ms_driver_init+0x0/0x15 returned 0 after 45 usecs
[    9.464389] calling  mr_driver_init+0x0/0x15 @ 1
[    9.471597] initcall mr_driver_init+0x0/0x15 returned 0 after 44 usecs
[    9.481445] calling  ntrig_driver_init+0x0/0x15 @ 1
[    9.490055] initcall ntrig_driver_init+0x0/0x15 returned 0 after 88 usecs
[    9.502409] calling  pl_driver_init+0x0/0x15 @ 1
[    9.510844] initcall pl_driver_init+0x0/0x15 returned 0 after 223 usecs
[    9.523632] calling  pl_driver_init+0x0/0x15 @ 1
[    9.531489] initcall pl_driver_init+0x0/0x15 returned 0 after 59 usecs
[    9.540654] calling  redragon_driver_init+0x0/0x15 @ 1
[    9.547714] initcall redragon_driver_init+0x0/0x15 returned 0 after 49 usecs
[    9.558941] calling  samsung_driver_init+0x0/0x15 @ 1
[    9.567201] initcall samsung_driver_init+0x0/0x15 returned 0 after 48 usecs
[    9.577483] calling  sony_init+0x0/0x38 @ 1
[    9.584372] initcall sony_init+0x0/0x38 returned 0 after 87 usecs
[    9.593274] calling  sp_driver_init+0x0/0x15 @ 1
[    9.599994] initcall sp_driver_init+0x0/0x15 returned 0 after 78 usecs
[    9.609532] calling  ts_driver_init+0x0/0x15 @ 1
[    9.616808] initcall ts_driver_init+0x0/0x15 returned 0 after 46 usecs
[    9.626407] calling  hid_init+0x0/0x58 @ 1
[    9.633443] usbcore: registered new interface driver usbhid
[    9.641738] usbhid: USB HID core driver
[    9.648348] initcall hid_init+0x0/0x58 returned 0 after 15723 usecs
[    9.657701] calling  eeepc_laptop_init+0x0/0x57 @ 1
[    9.667543] initcall eeepc_laptop_init+0x0/0x57 returned -19 after 3120 usecs
[    9.678440] calling  pmc_atom_init+0x0/0x27a @ 1
[    9.686107] initcall pmc_atom_init+0x0/0x27a returned -19 after 9 usecs
[    9.696436] calling  alsa_hwdep_init+0x0/0x5e @ 1
[    9.704434] initcall alsa_hwdep_init+0x0/0x5e returned 0 after 528 usecs
[    9.715106] calling  alsa_timer_init+0x0/0x1f9 @ 1
[    9.949280] input: ImExPS/2 Generic Explorer Mouse as /devices/platform/i8042/serio1/input/input3
[   10.528210] initcall alsa_timer_init+0x0/0x1f9 returned 0 after 785907 usecs
[   10.538845] calling  snd_hrtimer_init+0x0/0x117 @ 1
[   10.545717] initcall snd_hrtimer_init+0x0/0x117 returned 0 after 76 usecs
[   10.555089] calling  alsa_pcm_init+0x0/0x64 @ 1
[   10.563060] initcall alsa_pcm_init+0x0/0x64 returned 0 after 1616 usecs
[   10.572493] calling  alsa_seq_init+0x0/0x4a @ 1
[   10.650837] initcall alsa_seq_init+0x0/0x4a returned 0 after 69939 usecs
[   10.660250] calling  alsa_seq_dummy_init+0x0/0x9c @ 1
[   10.667399] initcall alsa_seq_dummy_init+0x0/0x9c returned 0 after 115 usecs
[   10.677057] calling  azx_driver_init+0x0/0x15 @ 1
[   10.685368] initcall azx_driver_init+0x0/0x15 returned 0 after 1517 usecs
[   10.695034] calling  sock_diag_init+0x0/0x2a @ 1
[   10.703902] initcall sock_diag_init+0x0/0x2a returned 0 after 2231 usecs
[   10.712964] calling  blackhole_init+0x0/0xc @ 1
[   10.718963] initcall blackhole_init+0x0/0xc returned 0 after 3 usecs
[   10.727441] calling  nfnetlink_init+0x0/0x61 @ 1
[   10.733724] initcall nfnetlink_init+0x0/0x61 returned 0 after 130 usecs
[   10.743018] calling  nfnetlink_log_init+0x0/0x99 @ 1
[   10.751845] initcall nfnetlink_log_init+0x0/0x99 returned 0 after 1760 usecs
[   10.762326] calling  nf_conntrack_standalone_init+0x0/0x87 @ 1
[   10.773945] initcall nf_conntrack_standalone_init+0x0/0x87 returned 0 after 3248 usecs
[   10.785442] calling  ctnetlink_init+0x0/0x83 @ 1
[   10.791845] initcall ctnetlink_init+0x0/0x83 returned 0 after 79 usecs
[   10.800604] calling  nf_conntrack_ftp_init+0x0/0x12c @ 1
[   10.808157] initcall nf_conntrack_ftp_init+0x0/0x12c returned 0 after 43 usecs
[   10.818344] calling  nf_conntrack_irc_init+0x0/0x129 @ 1
[   10.825684] initcall nf_conntrack_irc_init+0x0/0x129 returned 0 after 25 usecs
[   10.835795] calling  nf_conntrack_sip_init+0x0/0x172 @ 1
[   10.843467] initcall nf_conntrack_sip_init+0x0/0x172 returned 0 after 31 usecs
[   10.853111] calling  nf_nat_init+0x0/0xf0 @ 1
[   10.859791] initcall nf_nat_init+0x0/0xf0 returned 0 after 706 usecs
[   10.868224] calling  nf_nat_ftp_init+0x0/0x2a @ 1
[   10.874619] initcall nf_nat_ftp_init+0x0/0x2a returned 0 after 77 usecs
[   10.883388] calling  nf_nat_irc_init+0x0/0x2a @ 1
[   10.889652] initcall nf_nat_irc_init+0x0/0x2a returned 0 after 2 usecs
[   10.898259] calling  nf_nat_sip_init+0x0/0x36 @ 1
[   10.904344] initcall nf_nat_sip_init+0x0/0x36 returned 0 after 2 usecs
[   10.912824] calling  xt_init+0x0/0x113 @ 1
[   10.918327] initcall xt_init+0x0/0x113 returned 0 after 41 usecs
[   10.925944] calling  tcpudp_mt_init+0x0/0x11 @ 1
[   10.931762] initcall tcpudp_mt_init+0x0/0x11 returned 0 after 109 usecs
[   10.940636] calling  connsecmark_tg_init+0x0/0xc @ 1
[   10.947414] initcall connsecmark_tg_init+0x0/0xc returned 0 after 2 usecs
[   10.956642] calling  nflog_tg_init+0x0/0xc @ 1
[   10.962723] initcall nflog_tg_init+0x0/0xc returned 0 after 2 usecs
[   10.971021] calling  secmark_tg_init+0x0/0x11 @ 1
[   10.977339] initcall secmark_tg_init+0x0/0x11 returned 0 after 3 usecs
[   10.986197] calling  tcpmss_tg_init+0x0/0x11 @ 1
[   10.992604] initcall tcpmss_tg_init+0x0/0x11 returned 0 after 3 usecs
[   11.001201] calling  conntrack_mt_init+0x0/0x11 @ 1
[   11.007873] initcall conntrack_mt_init+0x0/0x11 returned 0 after 3 usecs
[   11.016980] calling  policy_mt_init+0x0/0x11 @ 1
[   11.023297] initcall policy_mt_init+0x0/0x11 returned 0 after 2 usecs
[   11.031808] calling  state_mt_init+0x0/0xc @ 1
[   11.038017] initcall state_mt_init+0x0/0xc returned 0 after 2 usecs
[   11.046758] calling  gre_offload_init+0x0/0x48 @ 1
[   11.053381] initcall gre_offload_init+0x0/0x48 returned 0 after 117 usecs
[   11.062615] calling  sysctl_ipv4_init+0x0/0x46 @ 1
[   11.069574] initcall sysctl_ipv4_init+0x0/0x46 returned 0 after 197 usecs
[   11.078487] calling  tunnel4_init+0x0/0x58 @ 1
[   11.084235] initcall tunnel4_init+0x0/0x58 returned 0 after 35 usecs
[   11.092395] calling  nf_defrag_init+0x0/0xc @ 1
[   11.098276] initcall nf_defrag_init+0x0/0xc returned 0 after 22 usecs
[   11.110425] calling  ip_tables_init+0x0/0x8d @ 1
[   11.116585] initcall ip_tables_init+0x0/0x8d returned 0 after 135 usecs
[   11.124748] calling  iptable_filter_init+0x0/0x4c @ 1
[   11.132012] initcall iptable_filter_init+0x0/0x4c returned 0 after 980 usecs
[   11.140776] calling  iptable_mangle_init+0x0/0xb8 @ 1
[   11.147329] initcall iptable_mangle_init+0x0/0xb8 returned 0 after 253 usecs
[   11.156554] calling  reject_tg_init+0x0/0xc @ 1
[   11.162611] initcall reject_tg_init+0x0/0xc returned 0 after 2 usecs
[   11.170916] calling  cubictcp_register+0x0/0x53 @ 1
[   11.177404] initcall cubictcp_register+0x0/0x53 returned 0 after 47 usecs
[   11.186480] calling  xfrm_user_init+0x0/0x45 @ 1
[   11.192698] Initializing XFRM netlink socket
[   11.199021] initcall xfrm_user_init+0x0/0x45 returned 0 after 6171 usecs
[   11.208384] calling  inet6_init+0x0/0x35e @ 1
[   11.215920] NET: Registered protocol family 10
[   11.232131] rcu-torture: rcu_torture_read_exit: End of episode
[   11.243346] Segment Routing with IPv6
[   11.248375] initcall inet6_init+0x0/0x35e returned 0 after 33055 usecs
[   11.257082] calling  ah6_init+0x0/0x71 @ 1
[   11.262565] initcall ah6_init+0x0/0x71 returned 0 after 73 usecs
[   11.270255] calling  esp6_init+0x0/0x71 @ 1
[   11.275646] initcall esp6_init+0x0/0x71 returned 0 after 2 usecs
[   11.283160] calling  ip6_tables_init+0x0/0x8d @ 1
[   11.289533] initcall ip6_tables_init+0x0/0x8d returned 0 after 313 usecs
[   11.298036] calling  ip6table_filter_init+0x0/0x4c @ 1
[   11.304658] initcall ip6table_filter_init+0x0/0x4c returned 0 after 187 usecs
[   11.314033] calling  ip6table_mangle_init+0x0/0xb8 @ 1
[   11.321369] initcall ip6table_mangle_init+0x0/0xb8 returned 0 after 142 usecs
[   11.331299] calling  nf_defrag_init+0x0/0x45 @ 1
[   11.337926] initcall nf_defrag_init+0x0/0x45 returned 0 after 107 usecs
[   11.347303] calling  ipv6header_mt6_init+0x0/0xc @ 1
[   11.354406] initcall ipv6header_mt6_init+0x0/0xc returned 0 after 2 usecs
[   11.363816] calling  reject_tg6_init+0x0/0xc @ 1
[   11.370236] initcall reject_tg6_init+0x0/0xc returned 0 after 3 usecs
[   11.378834] calling  sit_init+0x0/0xc3 @ 1
[   11.384351] sit: IPv6, IPv4 and MPLS over IPv4 tunneling driver
[   11.399766] initcall sit_init+0x0/0xc3 returned 0 after 15049 usecs
[   11.408272] calling  packet_init+0x0/0x75 @ 1
[   11.414243] NET: Registered protocol family 17
