c[?7l[2J[0mSeaBIOS (version 1.16.0-debian-1.16.0-4)
Booting from ROM...
early console in setup code
c[?7l[2J[    0.000000] Linux version 5.10.158+ (root@joelboxx.c.googlers.com) (gcc (Debian 12.2.0-3) 12.2.0, GNU ld (GNU Binutils for Debian) 2.39) #9 SMP Tue Dec 13 02:38:39 UTC 2022
[    0.000000] Command line: selinux=0 initcall_debug debug console=ttyS0 rcutorture.torture_type=tasks-tracing rcutorture.onoff_interval=1000 rcutorture.onoff_holdoff=30 rcutorture.n_barrier_cbs=4 rcutorture.stat_interval=15 rcutorture.shutdown_secs=1800 rcutorture.test_no_idle_hz=1 rcutorture.verbose=1
[    0.000000] x86/fpu: x87 FPU will use FXSAVE
[    0.000000] BIOS-provided physical RAM map:
[    0.000000] BIOS-e820: [mem 0x0000000000000000-0x000000000009fbff] usable
[    0.000000] BIOS-e820: [mem 0x000000000009fc00-0x000000000009ffff] reserved
[    0.000000] BIOS-e820: [mem 0x00000000000f0000-0x00000000000fffff] reserved
[    0.000000] BIOS-e820: [mem 0x0000000000100000-0x000000001ffdefff] usable
[    0.000000] BIOS-e820: [mem 0x000000001ffdf000-0x000000001fffffff] reserved
[    0.000000] BIOS-e820: [mem 0x00000000b0000000-0x00000000bfffffff] reserved
[    0.000000] BIOS-e820: [mem 0x00000000fed1c000-0x00000000fed1ffff] reserved
[    0.000000] BIOS-e820: [mem 0x00000000feffc000-0x00000000feffffff] reserved
[    0.000000] BIOS-e820: [mem 0x00000000fffc0000-0x00000000ffffffff] reserved
[    0.000000] NX (Execute Disable) protection: active
[    0.000000] SMBIOS 2.8 present.
[    0.000000] DMI: QEMU Standard PC (Q35 + ICH9, 2009), BIOS 1.16.0-debian-1.16.0-4 04/01/2014
[    0.000000] Hypervisor detected: KVM
[    0.000000] kvm-clock: Using msrs 4b564d01 and 4b564d00
[    0.000000] kvm-clock: cpu 0, msr 1211f001, primary cpu clock
[    0.000001] kvm-clock: using sched offset of 3250221705 cycles
[    0.000389] clocksource: kvm-clock: mask: 0xffffffffffffffff max_cycles: 0x1cd42e4dffb, max_idle_ns: 881590591483 ns
[    0.000631] tsc: Detected 1999.999 MHz processor
[    0.008215] e820: update [mem 0x00000000-0x00000fff] usable ==> reserved
[    0.008224] e820: remove [mem 0x000a0000-0x000fffff] usable
[    0.008233] last_pfn = 0x1ffdf max_arch_pfn = 0x400000000
[    0.008959] MTRR default type: write-back
[    0.008963] MTRR fixed ranges enabled:
[    0.008965]   00000-9FFFF write-back
[    0.008967]   A0000-BFFFF uncachable
[    0.008970]   C0000-FFFFF write-protect
[    0.008972] MTRR variable ranges enabled:
[    0.008975]   0 base 00C0000000 mask FFC0000000 uncachable
[    0.008977]   1 disabled
[    0.008979]   2 disabled
[    0.008981]   3 disabled
[    0.008983]   4 disabled
[    0.008985]   5 disabled
[    0.008987]   6 disabled
[    0.008988]   7 disabled
[    0.009374] x86/PAT: Configuration [0-7]: WB  WC  UC- UC  WB  WC  UC- UC  
[    0.018595] found SMP MP-table at [mem 0x000f5ba0-0x000f5baf]
[    0.020829] check: Scanning 1 areas for low memory corruption
[    0.037782] ACPI: Early table checksum verification disabled
[    0.039805] ACPI: RSDP 0x00000000000F59E0 000014 (v00 BOCHS )
[    0.040192] ACPI: RSDT 0x000000001FFE23B1 000038 (v01 BOCHS  BXPC     00000001 BXPC 00000001)
[    0.040617] ACPI: FACP 0x000000001FFE2191 0000F4 (v03 BOCHS  BXPC     00000001 BXPC 00000001)
[    0.040703] ACPI: DSDT 0x000000001FFE0040 002151 (v01 BOCHS  BXPC     00000001 BXPC 00000001)
[    0.040749] ACPI: FACS 0x000000001FFE0000 000040
[    0.040756] ACPI: APIC 0x000000001FFE2285 000090 (v01 BOCHS  BXPC     00000001 BXPC 00000001)
[    0.040848] ACPI: HPET 0x000000001FFE2315 000038 (v01 BOCHS  BXPC     00000001 BXPC 00000001)
[    0.040855] ACPI: MCFG 0x000000001FFE234D 00003C (v01 BOCHS  BXPC     00000001 BXPC 00000001)
[    0.040862] ACPI: WAET 0x000000001FFE2389 000028 (v01 BOCHS  BXPC     00000001 BXPC 00000001)
[    0.040868] ACPI: Reserving FACP table memory at [mem 0x1ffe2191-0x1ffe2284]
[    0.040871] ACPI: Reserving DSDT table memory at [mem 0x1ffe0040-0x1ffe2190]
[    0.040874] ACPI: Reserving FACS table memory at [mem 0x1ffe0000-0x1ffe003f]
[    0.040876] ACPI: Reserving APIC table memory at [mem 0x1ffe2285-0x1ffe2314]
[    0.040878] ACPI: Reserving HPET table memory at [mem 0x1ffe2315-0x1ffe234c]
[    0.040881] ACPI: Reserving MCFG table memory at [mem 0x1ffe234d-0x1ffe2388]
[    0.040883] ACPI: Reserving WAET table memory at [mem 0x1ffe2389-0x1ffe23b0]
[    0.042069] ACPI: Local APIC address 0xfee00000
[    0.046200] No NUMA configuration found
[    0.046204] Faking a node at [mem 0x0000000000000000-0x000000001ffdefff]
[    0.046350] NODE_DATA(0) allocated [mem 0x1ffdb000-0x1ffdefff]
[    0.048274] Zone ranges:
[    0.048330]   DMA      [mem 0x0000000000001000-0x0000000000ffffff]
[    0.048370]   DMA32    [mem 0x0000000001000000-0x000000001ffdefff]
[    0.048374]   Normal   empty
[    0.048457] Movable zone start for each node
[    0.048460] Early memory node ranges
[    0.048462]   node   0: [mem 0x0000000000001000-0x000000000009efff]
[    0.048529]   node   0: [mem 0x0000000000100000-0x000000001ffdefff]
[    0.049420] Initmem setup node 0 [mem 0x0000000000001000-0x000000001ffdefff]
[    0.049507] On node 0 totalpages: 130941
[    0.049628]   DMA zone: 64 pages used for memmap
[    0.049630]   DMA zone: 21 pages reserved
[    0.049698]   DMA zone: 3998 pages, LIFO batch:0
[    0.049700]   DMA32 zone: 1984 pages used for memmap
[    0.049703]   DMA32 zone: 126943 pages, LIFO batch:31
[    0.052857] On node 0, zone DMA: 1 pages in unavailable ranges
[    0.056345] On node 0, zone DMA: 97 pages in unavailable ranges
[    0.219725] On node 0, zone DMA32: 33 pages in unavailable ranges
[    0.223220] ACPI: PM-Timer IO Port: 0x608
[    0.223227] ACPI: Local APIC address 0xfee00000
[    0.223335] ACPI: LAPIC_NMI (acpi_id[0xff] dfl dfl lint[0x1])
[    0.224440] IOAPIC[0]: apic_id 0, version 17, address 0xfec00000, GSI 0-23
[    0.224619] ACPI: INT_SRC_OVR (bus 0 bus_irq 0 global_irq 2 dfl dfl)
[    0.224642] ACPI: INT_SRC_OVR (bus 0 bus_irq 5 global_irq 5 high level)
[    0.224644] ACPI: INT_SRC_OVR (bus 0 bus_irq 9 global_irq 9 high level)
[    0.224704] ACPI: INT_SRC_OVR (bus 0 bus_irq 10 global_irq 10 high level)
[    0.224736] ACPI: INT_SRC_OVR (bus 0 bus_irq 11 global_irq 11 high level)
[    0.224740] ACPI: IRQ0 used by override.
[    0.224743] ACPI: IRQ5 used by override.
[    0.224745] ACPI: IRQ9 used by override.
[    0.224747] ACPI: IRQ10 used by override.
[    0.224749] ACPI: IRQ11 used by override.
[    0.224923] Using ACPI (MADT) for SMP configuration information
[    0.224956] ACPI: HPET id: 0x8086a201 base: 0xfed00000
[    0.225235] smpboot: Allowing 4 CPUs, 0 hotplug CPUs
[    0.226622] PM: hibernation: Registered nosave memory: [mem 0x00000000-0x00000fff]
[    0.226626] PM: hibernation: Registered nosave memory: [mem 0x0009f000-0x0009ffff]
[    0.226629] PM: hibernation: Registered nosave memory: [mem 0x000a0000-0x000effff]
[    0.226631] PM: hibernation: Registered nosave memory: [mem 0x000f0000-0x000fffff]
[    0.226653] [mem 0x20000000-0xafffffff] available for PCI devices
[    0.226703] Booting paravirtualized kernel on KVM
[    0.227273] clocksource: refined-jiffies: mask: 0xffffffff max_cycles: 0xffffffff, max_idle_ns: 1910969940391419 ns
[    0.244175] setup_percpu: NR_CPUS:4 nr_cpumask_bits:4 nr_cpu_ids:4 nr_node_ids:1
[    0.263894] percpu: Embedded 58 pages/cpu s198480 r8192 d30896 u524288
[    0.263941] pcpu-alloc: s198480 r8192 d30896 u524288 alloc=1*2097152
[    0.263974] pcpu-alloc: [0] 0 1 2 3 
[    0.264324] kvm-guest: stealtime: cpu 0, msr 1f41bb40
[    0.264899] Built 1 zonelists, mobility grouping on.  Total pages: 128872
[    0.264902] Policy zone: DMA32
[    0.264962] Kernel command line: selinux=0 initcall_debug debug console=ttyS0 rcutorture.torture_type=tasks-tracing rcutorture.onoff_interval=1000 rcutorture.onoff_holdoff=30 rcutorture.n_barrier_cbs=4 rcutorture.stat_interval=15 rcutorture.shutdown_secs=1800 rcutorture.test_no_idle_hz=1 rcutorture.verbose=1
[    0.269722] Dentry cache hash table entries: 65536 (order: 7, 524288 bytes, linear)
[    0.274175] Inode-cache hash table entries: 32768 (order: 6, 262144 bytes, linear)
[    0.274676] mem auto-init: stack:all(zero), heap alloc:off, heap free:off
[    0.287191] Memory: 466312K/523764K available (16398K kernel code, 2805K rwdata, 4824K rodata, 1500K init, 13308K bss, 57192K reserved, 0K cma-reserved)
[    0.287732] SLUB: HWalign=64, Order=0-3, MinObjects=0, CPUs=4, Nodes=1
[    0.287946] Kernel/User page tables isolation: enabled
[    0.295423] Running RCU self tests
[    0.295637] rcu: Hierarchical RCU implementation.
[    0.295641] rcu: 	RCU event tracing is enabled.
[    0.295658] rcu: 	RCU lockdep checking is enabled.
[    0.295680] 	Trampoline variant of Tasks RCU enabled.
[    0.295683] 	Rude variant of Tasks RCU enabled.
[    0.295685] 	Tracing variant of Tasks RCU enabled.
[    0.295769] rcu: RCU calculated value of scheduler-enlistment delay is 100 jiffies.
[    0.303602] NR_IRQS: 4352, nr_irqs: 456, preallocated irqs: 16
[    0.305562] calling  con_init+0x0/0x24f @ 0
[    0.389658] Console: colour VGA+ 80x25
[    0.389704] initcall con_init+0x0/0x24f returned 0 after 0 usecs
[    0.389709] calling  hvc_console_init+0x0/0x13 @ 0
[    0.389746] initcall hvc_console_init+0x0/0x13 returned 0 after 0 usecs
[    0.389753] calling  univ8250_console_init+0x0/0x26 @ 0
[    1.316854] printk: console [ttyS0] enabled
[    1.322614] initcall univ8250_console_init+0x0/0x26 returned 0 after 0 usecs
[    1.331161] Lock dependency validator: Copyright (c) 2006 Red Hat, Inc., Ingo Molnar
[    1.339300] ... MAX_LOCKDEP_SUBCLASSES:  8
[    1.343699] ... MAX_LOCK_DEPTH:          48
[    1.348283] ... MAX_LOCKDEP_KEYS:        8192
[    1.352947] ... CLASSHASH_SIZE:          4096
[    1.357532] ... MAX_LOCKDEP_ENTRIES:     32768
[    1.362474] ... MAX_LOCKDEP_CHAINS:      65536
[    1.367289] ... CHAINHASH_SIZE:          32768
[    1.372095]  memory used by lock dependency info: 6365 kB
[    1.377826]  memory used for stack traces: 4224 kB
[    1.383061]  per task-struct memory footprint: 1920 bytes
[    1.389103] ACPI: Core revision 20200925
[    1.394635] clocksource: hpet: mask: 0xffffffff max_cycles: 0xffffffff, max_idle_ns: 19112604467 ns
[    1.406095] APIC: Switch to symmetric I/O mode setup
[    1.434562] ..TIMER: vector=0x30 apic1=0 pin1=2 apic2=-1 pin2=-1
[    1.442026] clocksource: tsc-early: mask: 0xffffffffffffffff max_cycles: 0x39a85afc727, max_idle_ns: 881590685098 ns
[    1.453690] Calibrating delay loop (skipped) preset value.. 3999.99 BogoMIPS (lpj=1999999)
[    1.454718] pid_max: default: 32768 minimum: 301
[    1.456016] LSM: Security Framework initializing
[    1.457894] Mount-cache hash table entries: 1024 (order: 1, 8192 bytes, linear)
[    1.458731] Mountpoint-cache hash table entries: 1024 (order: 1, 8192 bytes, linear)
[    1.470517] Last level iTLB entries: 4KB 0, 2MB 0, 4MB 0
[    1.470681] Last level dTLB entries: 4KB 0, 2MB 0, 4MB 0, 1GB 0
[    1.471751] Spectre V1 : Mitigation: usercopy/swapgs barriers and __user pointer sanitization
[    1.472682] Spectre V2 : Mitigation: Retpolines
[    1.474678] Spectre V2 : Spectre v2 / SpectreRSB mitigation: Filling RSB on context switch
[    1.475680] Spectre V2 : Spectre v2 / SpectreRSB : Filling RSB on VMEXIT
[    1.476680] Speculative Store Bypass: Vulnerable
[    1.478686] MDS: Vulnerable: Clear CPU buffers attempted, no microcode
[    1.479679] MMIO Stale Data: Unknown: No mitigations
[    1.600547] Freeing SMP alternatives memory: 40K
[    1.704424] smpboot: CPU0: Intel Common KVM processor (family: 0xf, model: 0x6, stepping: 0x1)
[    1.706935] calling  init_hw_perf_events+0x0/0x6ce @ 1
[    1.707683] Performance Events: unsupported Netburst CPU model 6 no PMU driver, software events only.
[    1.708688] initcall init_hw_perf_events+0x0/0x6ce returned 0 after 976 usecs
[    1.709687] calling  init_real_mode+0x0/0x1e9 @ 1
[    1.712016] initcall init_real_mode+0x0/0x1e9 returned 0 after 976 usecs
[    1.712690] calling  trace_init_perf_perm_irq_work_exit+0x0/0x12 @ 1
[    1.713691] initcall trace_init_perf_perm_irq_work_exit+0x0/0x12 returned 0 after 0 usecs
[    1.714704] calling  validate_x2apic+0x0/0x4a @ 1
[    1.715714] initcall validate_x2apic+0x0/0x4a returned 0 after 0 usecs
[    1.716689] calling  register_nmi_cpu_backtrace_handler+0x0/0x15 @ 1
[    1.717702] initcall register_nmi_cpu_backtrace_handler+0x0/0x15 returned 0 after 0 usecs
[    1.718704] calling  kvm_setup_vsyscall_timeinfo+0x0/0xd1 @ 1
[    1.719700] initcall kvm_setup_vsyscall_timeinfo+0x0/0xd1 returned 0 after 0 usecs
[    1.720685] calling  spawn_ksoftirqd+0x0/0x38 @ 1
[    1.721897] initcall spawn_ksoftirqd+0x0/0x38 returned 0 after 0 usecs
[    1.722684] calling  migration_init+0x0/0x33 @ 1
[    1.723685] initcall migration_init+0x0/0x33 returned 0 after 0 usecs
[    1.724683] calling  srcu_bootup_announce+0x0/0x2f @ 1
[    1.725680] rcu: Hierarchical SRCU implementation.
[    1.726683] initcall srcu_bootup_announce+0x0/0x2f returned 0 after 976 usecs
[    1.727702] calling  rcu_spawn_gp_kthread+0x0/0x1b0 @ 1
[    1.728830] initcall rcu_spawn_gp_kthread+0x0/0x1b0 returned 0 after 0 usecs
[    1.729684] calling  check_cpu_stall_init+0x0/0x1a @ 1
[    1.730684] initcall check_cpu_stall_init+0x0/0x1a returned 0 after 0 usecs
[    1.731684] calling  rcu_sysrq_init+0x0/0x21 @ 1
[    1.732684] initcall rcu_sysrq_init+0x0/0x21 returned 0 after 0 usecs
[    1.733688] calling  trace_init_flags_sys_enter+0x0/0xe @ 1
[    1.734684] initcall trace_init_flags_sys_enter+0x0/0xe returned 0 after 0 usecs
[    1.735684] calling  trace_init_flags_sys_exit+0x0/0xe @ 1
[    1.736684] initcall trace_init_flags_sys_exit+0x0/0xe returned 0 after 0 usecs
[    1.737683] calling  cpu_stop_init+0x0/0x8d @ 1
[    1.739807] initcall cpu_stop_init+0x0/0x8d returned 0 after 976 usecs
[    1.740713] calling  init_kprobes+0x0/0x16e @ 1
[    1.742741] initcall init_kprobes+0x0/0x16e returned 0 after 976 usecs
[    1.743682] calling  init_events+0x0/0x3d @ 1
[    1.744714] initcall init_events+0x0/0x3d returned 0 after 0 usecs
[    1.746683] calling  init_trace_printk+0x0/0xc @ 1
[    1.747684] initcall init_trace_printk+0x0/0xc returned 0 after 0 usecs
[    1.748682] calling  event_trace_enable_again+0x0/0x23 @ 1
[    1.749689] initcall event_trace_enable_again+0x0/0x23 returned 0 after 0 usecs
[    1.751682] calling  static_call_init+0x0/0x79 @ 1
[    1.752683] initcall static_call_init+0x0/0x79 returned 0 after 0 usecs
[    1.753683] calling  jump_label_init_module+0x0/0xc @ 1
[    1.754684] initcall jump_label_init_module+0x0/0xc returned 0 after 0 usecs
[    1.755684] calling  init_zero_pfn+0x0/0x37 @ 1
[    1.756686] initcall init_zero_pfn+0x0/0x37 returned 0 after 0 usecs
[    1.757686] calling  initialize_ptr_random+0x0/0x54 @ 1
[    1.759682] initcall initialize_ptr_random+0x0/0x54 returned 0 after 976 usecs
[    1.760707] calling  efi_memreserve_root_init+0x0/0x25 @ 1
[    1.761696] initcall efi_memreserve_root_init+0x0/0x25 returned 0 after 0 usecs
[    1.762683] calling  efi_earlycon_remap_fb+0x0/0x51 @ 1
[    1.764683] initcall efi_earlycon_remap_fb+0x0/0x51 returned 0 after 0 usecs
[    1.767691] smp: Bringing up secondary CPUs ...
[    1.770187] x86: Booting SMP configuration:
[    1.770683] .... node  #0, CPUs:      #1
[    1.147053] kvm-clock: cpu 1, msr 1211f041, secondary cpu clock
[    1.795899] kvm-guest: stealtime: cpu 1, msr 1f49bb40
[    1.813566]  #2
[    1.147053] kvm-clock: cpu 2, msr 1211f081, secondary cpu clock
[    1.835880] kvm-guest: stealtime: cpu 2, msr 1f51bb40
[    1.852218]  #3
[    1.147053] kvm-clock: cpu 3, msr 1211f0c1, secondary cpu clock
[    1.873875] kvm-guest: stealtime: cpu 3, msr 1f59bb40
[    1.887937] smp: Brought up 1 node, 4 CPUs
[    1.888683] smpboot: Max logical packages: 1
[    1.889684] smpboot: Total of 4 processors activated (15999.99 BogoMIPS)
[    1.895968] devtmpfs: initialized
[    1.901026] calling  ipc_ns_init+0x0/0x3d @ 1
[    1.906693] initcall ipc_ns_init+0x0/0x3d returned 0 after 0 usecs
[    1.913683] calling  init_mmap_min_addr+0x0/0x21 @ 1
[    1.919686] initcall init_mmap_min_addr+0x0/0x21 returned 0 after 0 usecs
[    1.929689] calling  pci_realloc_setup_params+0x0/0x3f @ 1
[    1.935703] initcall pci_realloc_setup_params+0x0/0x3f returned 0 after 0 usecs
[    1.944686] calling  net_ns_init+0x0/0x12a @ 1
[    1.952045] initcall net_ns_init+0x0/0x12a returned 0 after 976 usecs
[    1.960715] calling  e820__register_nvs_regions+0x0/0x37 @ 1
[    1.969691] initcall e820__register_nvs_regions+0x0/0x37 returned 0 after 0 usecs
[    1.980690] calling  cpufreq_register_tsc_scaling+0x0/0x2e @ 1
[    1.989691] initcall cpufreq_register_tsc_scaling+0x0/0x2e returned 0 after 0 usecs
[    2.001689] calling  reboot_init+0x0/0x3c @ 1
[    2.008739] initcall reboot_init+0x0/0x3c returned 0 after 0 usecs
[    2.017689] calling  init_lapic_sysfs+0x0/0x20 @ 1
[    2.025729] initcall init_lapic_sysfs+0x0/0x20 returned 0 after 0 usecs
[    2.035688] calling  alloc_frozen_cpus+0x0/0x7 @ 1
[    2.042690] initcall alloc_frozen_cpus+0x0/0x7 returned 0 after 0 usecs
[    2.051686] calling  cpu_hotplug_pm_sync_init+0x0/0x13 @ 1
[    2.058708] initcall cpu_hotplug_pm_sync_init+0x0/0x13 returned 0 after 0 usecs
[    2.067684] calling  wq_sysfs_init+0x0/0x2a @ 1
[    2.072769] initcall wq_sysfs_init+0x0/0x2a returned 0 after 0 usecs
[    2.080689] calling  ksysfs_init+0x0/0x92 @ 1
[    2.086707] initcall ksysfs_init+0x0/0x92 returned 0 after 0 usecs
[    2.093684] calling  schedutil_gov_init+0x0/0xc @ 1
[    2.099744] initcall schedutil_gov_init+0x0/0xc returned 0 after 0 usecs
[    2.107684] calling  pm_init+0x0/0x76 @ 1
[    2.112787] initcall pm_init+0x0/0x76 returned 0 after 0 usecs
[    2.119683] calling  pm_disk_init+0x0/0x13 @ 1
[    2.124730] initcall pm_disk_init+0x0/0x13 returned 0 after 0 usecs
[    2.132688] calling  swsusp_header_init+0x0/0x2b @ 1
[    2.138689] initcall swsusp_header_init+0x0/0x2b returned 0 after 0 usecs
[    2.146684] calling  rcu_set_runtime_mode+0x0/0x2a @ 1
[    2.155686] initcall rcu_set_runtime_mode+0x0/0x2a returned 0 after 2929 usecs
[    2.163686] calling  init_jiffies_clocksource+0x0/0x13 @ 1
[    2.170683] clocksource: jiffies: mask: 0xffffffff max_cycles: 0xffffffff, max_idle_ns: 1911260446275000 ns
[    2.182698] initcall init_jiffies_clocksource+0x0/0x13 returned 0 after 11718 usecs
[    2.191689] calling  futex_init+0x0/0x11b @ 1
[    2.196693] futex hash table entries: 1024 (order: 5, 131072 bytes, linear)
[    2.205137] initcall futex_init+0x0/0x11b returned 0 after 8789 usecs
[    2.212687] calling  cgroup_wq_init+0x0/0x28 @ 1
[    2.218706] initcall cgroup_wq_init+0x0/0x28 returned 0 after 0 usecs
[    2.226684] calling  cgroup1_wq_init+0x0/0x28 @ 1
[    2.231744] initcall cgroup1_wq_init+0x0/0x28 returned 0 after 0 usecs
[    2.239691] calling  init_kprobe_trace_early+0x0/0x2a @ 1
[    2.246737] initcall init_kprobe_trace_early+0x0/0x2a returned 0 after 0 usecs
[    2.254743] calling  fsnotify_init+0x0/0x56 @ 1
[    2.260735] initcall fsnotify_init+0x0/0x56 returned 0 after 0 usecs
[    2.267681] calling  filelock_init+0x0/0xb3 @ 1
[    2.272708] initcall filelock_init+0x0/0xb3 returned 0 after 976 usecs
[    2.280751] calling  init_misc_binfmt+0x0/0x2c @ 1
[    2.286718] initcall init_misc_binfmt+0x0/0x2c returned 0 after 0 usecs
[    2.295687] calling  init_script_binfmt+0x0/0x15 @ 1
[    2.303691] initcall init_script_binfmt+0x0/0x15 returned 0 after 0 usecs
[    2.312690] calling  init_elf_binfmt+0x0/0x15 @ 1
[    2.319692] initcall init_elf_binfmt+0x0/0x15 returned 0 after 0 usecs
[    2.327685] calling  init_compat_elf_binfmt+0x0/0x15 @ 1
[    2.333685] initcall init_compat_elf_binfmt+0x0/0x15 returned 0 after 0 usecs
[    2.341683] calling  debugfs_init+0x0/0x5c @ 1
[    2.346697] initcall debugfs_init+0x0/0x5c returned 0 after 0 usecs
[    2.354683] calling  tracefs_init+0x0/0x3a @ 1
[    2.359710] initcall tracefs_init+0x0/0x3a returned 0 after 0 usecs
[    2.366685] calling  prandom_init_early+0x0/0x15d @ 1
[    2.372684] initcall prandom_init_early+0x0/0x15d returned 0 after 0 usecs
[    2.380702] calling  virtio_init+0x0/0x20 @ 1
[    2.385718] initcall virtio_init+0x0/0x20 returned 0 after 0 usecs
[    2.392684] calling  iommu_init+0x0/0x2a @ 1
[    2.397710] initcall iommu_init+0x0/0x2a returned 0 after 0 usecs
[    2.404684] calling  component_debug_init+0x0/0x1c @ 1
[    2.410968] initcall component_debug_init+0x0/0x1c returned 0 after 0 usecs
[    2.418689] calling  early_resume_init+0x0/0xb9 @ 1
[    2.425289] PM: RTC time: 02:52:22, date: 2022-12-13
[    2.431685] initcall early_resume_init+0x0/0xb9 returned 0 after 6835 usecs
[    2.439687] calling  cpufreq_core_init+0x0/0x62 @ 1
[    2.445699] initcall cpufreq_core_init+0x0/0x62 returned 0 after 0 usecs
[    2.454684] calling  cpufreq_gov_performance_init+0x0/0xc @ 1
[    2.461698] initcall cpufreq_gov_performance_init+0x0/0xc returned 0 after 0 usecs
[    2.470684] calling  cpufreq_gov_userspace_init+0x0/0xc @ 1
[    2.477686] initcall cpufreq_gov_userspace_init+0x0/0xc returned 0 after 0 usecs
[    2.486684] calling  CPU_FREQ_GOV_ONDEMAND_init+0x0/0xc @ 1
[    2.493704] initcall CPU_FREQ_GOV_ONDEMAND_init+0x0/0xc returned 0 after 0 usecs
[    2.502685] calling  cpuidle_init+0x0/0x1f @ 1
[    2.508754] initcall cpuidle_init+0x0/0x1f returned 0 after 0 usecs
[    2.516683] calling  capsule_reboot_register+0x0/0xc @ 1
[    2.522713] initcall capsule_reboot_register+0x0/0xc returned 0 after 0 usecs
[    2.531682] calling  sock_init+0x0/0x93 @ 1
[    2.537726] initcall sock_init+0x0/0x93 returned 0 after 976 usecs
[    2.545684] calling  net_inuse_init+0x0/0x23 @ 1
[    2.551725] initcall net_inuse_init+0x0/0x23 returned 0 after 0 usecs
[    2.559682] calling  net_defaults_init+0x0/0x23 @ 1
[    2.565683] initcall net_defaults_init+0x0/0x23 returned 0 after 0 usecs
[    2.573681] calling  init_default_flow_dissectors+0x0/0x4f @ 1
[    2.580706] initcall init_default_flow_dissectors+0x0/0x4f returned 0 after 0 usecs
[    2.590700] calling  netpoll_init+0x0/0x44 @ 1
[    2.595682] initcall netpoll_init+0x0/0x44 returned 0 after 0 usecs
[    2.603682] calling  netlink_proto_init+0x0/0x154 @ 1
[    2.610053] NET: Registered protocol family 16
[    2.615807] initcall netlink_proto_init+0x0/0x154 returned 0 after 5859 usecs
[    2.624683] calling  genl_init+0x0/0x35 @ 1
[    2.629719] initcall genl_init+0x0/0x35 returned 0 after 0 usecs
[    2.638700] calling  bsp_pm_check_init+0x0/0x13 @ 1
[    2.644688] initcall bsp_pm_check_init+0x0/0x13 returned 0 after 0 usecs
[    2.653704] calling  irq_sysfs_init+0x0/0xb9 @ 1
[    2.660067] initcall irq_sysfs_init+0x0/0xb9 returned 0 after 976 usecs
[    2.669685] calling  audit_init+0x0/0x127 @ 1
[    2.675693] audit: initializing netlink subsys (disabled)
[    2.684800] audit: type=2000 audit(1670899940.853:1): state=initialized audit_enabled=0 res=1
[    2.684782] initcall audit_init+0x0/0x127 returned 0 after 8789 usecs
[    2.705692] calling  release_early_probes+0x0/0x32 @ 1
[    2.713688] initcall release_early_probes+0x0/0x32 returned 0 after 0 usecs
[    2.722685] calling  bdi_class_init+0x0/0x48 @ 1
[    2.727734] initcall bdi_class_init+0x0/0x48 returned 0 after 976 usecs
[    2.736683] calling  mm_sysfs_init+0x0/0x28 @ 1
[    2.742699] initcall mm_sysfs_init+0x0/0x28 returned 0 after 0 usecs
[    2.750686] calling  init_per_zone_wmark_min+0x0/0x6d @ 1
[    2.756740] initcall init_per_zone_wmark_min+0x0/0x6d returned 0 after 976 usecs
[    2.766690] calling  mpi_init+0x0/0x3e @ 1
[    2.771723] initcall mpi_init+0x0/0x3e returned 0 after 0 usecs
[    2.779687] calling  kobject_uevent_init+0x0/0xc @ 1
[    2.785728] initcall kobject_uevent_init+0x0/0xc returned 0 after 0 usecs
[    2.794687] calling  pcibus_class_init+0x0/0x13 @ 1
[    2.800721] initcall pcibus_class_init+0x0/0x13 returned 0 after 0 usecs
[    2.811695] calling  pci_driver_init+0x0/0x21 @ 1
[    2.818829] initcall pci_driver_init+0x0/0x21 returned 0 after 976 usecs
[    2.829688] calling  backlight_class_init+0x0/0xa8 @ 1
[    2.837746] initcall backlight_class_init+0x0/0xa8 returned 0 after 0 usecs
[    2.847696] calling  tty_class_init+0x0/0x33 @ 1
[    2.853717] initcall tty_class_init+0x0/0x33 returned 0 after 0 usecs
[    2.860686] calling  vtconsole_class_init+0x0/0xb5 @ 1
[    2.867889] initcall vtconsole_class_init+0x0/0xb5 returned 0 after 0 usecs
[    2.875686] calling  iommu_dev_init+0x0/0x13 @ 1
[    2.881723] initcall iommu_dev_init+0x0/0x13 returned 0 after 0 usecs
[    2.888686] calling  mipi_dsi_bus_init+0x0/0xc @ 1
[    2.894738] initcall mipi_dsi_bus_init+0x0/0xc returned 0 after 0 usecs
[    2.902686] calling  devlink_class_init+0x0/0x40 @ 1
[    2.908723] initcall devlink_class_init+0x0/0x40 returned 0 after 0 usecs
[    2.916687] calling  software_node_init+0x0/0x2a @ 1
[    2.923723] initcall software_node_init+0x0/0x2a returned 0 after 0 usecs
[    2.933687] calling  wakeup_sources_debugfs_init+0x0/0x23 @ 1
[    2.942740] initcall wakeup_sources_debugfs_init+0x0/0x23 returned 0 after 0 usecs
[    2.953691] calling  wakeup_sources_sysfs_init+0x0/0x2c @ 1
[    2.962715] initcall wakeup_sources_sysfs_init+0x0/0x2c returned 0 after 0 usecs
[    2.973689] calling  register_node_type+0x0/0x13 @ 1
[    2.980780] initcall register_node_type+0x0/0x13 returned 0 after 0 usecs
[    2.991685] calling  regmap_initcall+0x0/0xc @ 1
[    2.996776] initcall regmap_initcall+0x0/0xc returned 0 after 0 usecs
[    3.004685] calling  i2c_init+0x0/0xb3 @ 1
[    3.010852] initcall i2c_init+0x0/0xb3 returned 0 after 0 usecs
[    3.017683] calling  thermal_init+0x0/0x116 @ 1
[    3.022723] thermal_sys: Registered thermal governor 'step_wise'
[    3.022726] thermal_sys: Registered thermal governor 'user_space'
[    3.030720] initcall thermal_init+0x0/0x116 returned 0 after 7812 usecs
[    3.048693] calling  init_menu+0x0/0xc @ 1
[    3.054785] cpuidle: using governor menu
[    3.060691] initcall init_menu+0x0/0xc returned 0 after 5859 usecs
[    3.069693] calling  pcc_init+0x0/0x4d @ 1
[    3.074692] initcall pcc_init+0x0/0x4d returned -19 after 0 usecs
[    3.081686] calling  amd_postcore_init+0x0/0x11e @ 1
[    3.087686] initcall amd_postcore_init+0x0/0x11e returned 0 after 0 usecs
[    3.097720] calling  bts_init+0x0/0xba @ 1
[    3.103689] initcall bts_init+0x0/0xba returned -19 after 0 usecs
[    3.112694] calling  pt_init+0x0/0x34d @ 1
[    3.118689] initcall pt_init+0x0/0x34d returned -19 after 0 usecs
[    3.126685] calling  boot_params_ksysfs_init+0x0/0x2ee @ 1
[    3.134708] initcall boot_params_ksysfs_init+0x0/0x2ee returned 0 after 0 usecs
[    3.142685] calling  sbf_init+0x0/0xea @ 1
[    3.147685] initcall sbf_init+0x0/0xea returned 0 after 0 usecs
[    3.155689] calling  arch_kdebugfs_init+0x0/0x219 @ 1
[    3.162754] initcall arch_kdebugfs_init+0x0/0x219 returned 0 after 0 usecs
[    3.173687] calling  intel_pconfig_init+0x0/0x85 @ 1
[    3.180686] initcall intel_pconfig_init+0x0/0x85 returned 0 after 0 usecs
[    3.188683] calling  mtrr_if_init+0x0/0x5d @ 1
[    3.193694] initcall mtrr_if_init+0x0/0x5d returned 0 after 0 usecs
[    3.201688] calling  activate_jump_labels+0x0/0x31 @ 1
[    3.205684] initcall activate_jump_labels+0x0/0x31 returned 0 after 0 usecs
[    3.213685] calling  ffh_cstate_init+0x0/0x29 @ 1
[    3.219691] initcall ffh_cstate_init+0x0/0x29 returned 0 after 0 usecs
[    3.227686] calling  activate_jump_labels+0x0/0x31 @ 1
[    3.233845] initcall activate_jump_labels+0x0/0x31 returned 0 after 0 usecs
[    3.242687] calling  kvm_alloc_cpumask+0x0/0x74 @ 1
[    3.248755] initcall kvm_alloc_cpumask+0x0/0x74 returned 0 after 0 usecs
[    3.258692] calling  kcmp_cookies_init+0x0/0x37 @ 1
[    3.265701] initcall kcmp_cookies_init+0x0/0x37 returned 0 after 0 usecs
[    3.275688] calling  cryptomgr_init+0x0/0xc @ 1
[    3.280683] initcall cryptomgr_init+0x0/0xc returned 0 after 0 usecs
[    3.288686] calling  acpi_pci_init+0x0/0x57 @ 1
[    3.293746] ACPI: bus type PCI registered
[    3.298699] initcall acpi_pci_init+0x0/0x57 returned 0 after 4882 usecs
[    3.306686] calling  dma_channel_table_init+0x0/0xd1 @ 1
[    3.312733] initcall dma_channel_table_init+0x0/0xd1 returned 0 after 0 usecs
[    3.322690] calling  dma_bus_init+0x0/0xdc @ 1
[    3.329807] initcall dma_bus_init+0x0/0xdc returned 0 after 0 usecs
[    3.337688] calling  iommu_dma_init+0x0/0x10 @ 1
[    3.343757] initcall iommu_dma_init+0x0/0x10 returned 0 after 0 usecs
[    3.351687] calling  dmi_id_init+0x0/0x37c @ 1
[    3.356842] initcall dmi_id_init+0x0/0x37c returned 0 after 0 usecs
[    3.364685] calling  pci_arch_init+0x0/0x71 @ 1
[    3.370682] PCI: MMCONFIG for domain 0000 [bus 00-ff] at [mem 0xb0000000-0xbfffffff] (base 0xb0000000)
[    3.381691] PCI: MMCONFIG at [mem 0xb0000000-0xbfffffff] reserved in E820
[    3.391738] PCI: Using configuration type 1 for base access
[    3.399728] initcall pci_arch_init+0x0/0x71 returned 0 after 30273 usecs
[    3.410717] calling  init_vdso+0x0/0x13 @ 1
[    3.415696] initcall init_vdso+0x0/0x13 returned 0 after 0 usecs
[    3.422685] calling  sysenter_setup+0x0/0x13 @ 1
[    3.428709] initcall sysenter_setup+0x0/0x13 returned 0 after 0 usecs
[    3.436689] calling  fixup_ht_bug+0x0/0xe5 @ 1
[    3.442686] initcall fixup_ht_bug+0x0/0xe5 returned 0 after 0 usecs
[    3.450686] calling  topology_init+0x0/0x88 @ 1
[    3.456747] initcall topology_init+0x0/0x88 returned 0 after 0 usecs
[    3.464687] calling  intel_epb_init+0x0/0x68 @ 1
[    3.470686] initcall intel_epb_init+0x0/0x68 returned -19 after 0 usecs
[    3.479692] calling  mtrr_init_finialize+0x0/0x3e @ 1
[    3.485688] initcall mtrr_init_finialize+0x0/0x3e returned 0 after 0 usecs
[    3.494694] calling  uid_cache_init+0x0/0x85 @ 1
[    3.500741] initcall uid_cache_init+0x0/0x85 returned 0 after 0 usecs
[    3.509689] calling  param_sysfs_init+0x0/0x1ba @ 1
[    3.527997] initcall param_sysfs_init+0x0/0x1ba returned 0 after 12695 usecs
[    3.537696] calling  user_namespace_sysctl_init+0x0/0x33 @ 1
[    3.546747] initcall user_namespace_sysctl_init+0x0/0x33 returned 0 after 0 usecs
[    3.557696] calling  proc_schedstat_init+0x0/0x24 @ 1
[    3.564707] initcall proc_schedstat_init+0x0/0x24 returned 0 after 0 usecs
[    3.573700] calling  pm_sysrq_init+0x0/0x18 @ 1
[    3.580809] initcall pm_sysrq_init+0x0/0x18 returned 0 after 0 usecs
[    3.587898] calling  create_proc_profile+0x0/0xd0 @ 1
[    3.594701] initcall create_proc_profile+0x0/0xd0 returned 0 after 0 usecs
[    3.603686] calling  time_ns_init+0x0/0x7 @ 1
[    3.608687] initcall time_ns_init+0x0/0x7 returned 0 after 0 usecs
[    3.616687] calling  crash_save_vmcoreinfo_init+0x0/0x722 @ 1
[    3.624687] initcall crash_save_vmcoreinfo_init+0x0/0x722 returned 0 after 0 usecs
[    3.634689] calling  crash_notes_memory_init+0x0/0x35 @ 1
[    3.642697] initcall crash_notes_memory_init+0x0/0x35 returned 0 after 0 usecs
[    3.653686] calling  cgroup_sysfs_init+0x0/0x13 @ 1
[    3.660712] initcall cgroup_sysfs_init+0x0/0x13 returned 0 after 0 usecs
[    3.669727] calling  cgroup_namespaces_init+0x0/0x7 @ 1
[    3.676684] initcall cgroup_namespaces_init+0x0/0x7 returned 0 after 0 usecs
[    3.683684] calling  init_optprobes+0x0/0x13 @ 1
[    3.689730] Kprobes globally optimized
[    3.694685] initcall init_optprobes+0x0/0x13 returned 0 after 4882 usecs
[    3.702686] calling  oom_init+0x0/0x2f @ 1
[    3.709775] initcall oom_init+0x0/0x2f returned 0 after 976 usecs
[    3.719692] calling  default_bdi_init+0x0/0xb3 @ 1
[    3.730523] initcall default_bdi_init+0x0/0xb3 returned 0 after 4882 usecs
[    3.740692] calling  percpu_enable_async+0x0/0xe @ 1
[    3.746686] initcall percpu_enable_async+0x0/0xe returned 0 after 0 usecs
[    3.755684] calling  kcompactd_init+0x0/0x8d @ 1
[    3.761786] initcall kcompactd_init+0x0/0x8d returned 0 after 976 usecs
[    3.766689] calling  init_user_reserve+0x0/0x40 @ 1
[    3.771686] initcall init_user_reserve+0x0/0x40 returned 0 after 0 usecs
[    3.778687] calling  init_admin_reserve+0x0/0x40 @ 1
[    3.783687] initcall init_admin_reserve+0x0/0x40 returned 0 after 0 usecs
[    3.792686] calling  init_reserve_notifier+0x0/0x7 @ 1
[    3.799685] initcall init_reserve_notifier+0x0/0x7 returned 0 after 0 usecs
[    3.807687] calling  swap_init_sysfs+0x0/0x62 @ 1
[    3.812705] initcall swap_init_sysfs+0x0/0x62 returned 0 after 0 usecs
[    3.821846] calling  swapfile_init+0x0/0x94 @ 1
[    3.826690] initcall swapfile_init+0x0/0x94 returned 0 after 0 usecs
[    3.834685] calling  hugetlb_init+0x0/0x4a1 @ 1
[    3.840688] HugeTLB registered 2.00 MiB page size, pre-allocated 0 pages
[    3.849007] initcall hugetlb_init+0x0/0x4a1 returned 0 after 8789 usecs
[    3.864681] calling  io_wq_init+0x0/0x34 @ 1
[    3.872904] initcall io_wq_init+0x0/0x34 returned 0 after 976 usecs
[    3.880702] calling  seqiv_module_init+0x0/0xc @ 1
[    3.904687] initcall seqiv_module_init+0x0/0xc returned 0 after 17578 usecs
[    3.915689] calling  echainiv_module_init+0x0/0xc @ 1
[    3.920689] initcall echainiv_module_init+0x0/0xc returned 0 after 0 usecs
[    3.929782] calling  rsa_init+0x0/0x50 @ 1
[    3.964889] initcall rsa_init+0x0/0x50 returned 0 after 29296 usecs
[    3.973808] calling  crypto_cmac_module_init+0x0/0xc @ 1
[    3.973674] cryptomgr_test (41) used greatest stack depth: 14848 bytes left
[    3.977688] initcall crypto_cmac_module_init+0x0/0xc returned 0 after 0 usecs
[    3.977692] calling  hmac_module_init+0x0/0xc @ 1
[    3.977695] initcall hmac_module_init+0x0/0xc returned 0 after 0 usecs
[    3.977698] calling  crypto_null_mod_init+0x0/0x65 @ 1
[    4.025466] initcall crypto_null_mod_init+0x0/0x65 returned 0 after 45898 usecs
[    4.025698] calling  md5_mod_init+0x0/0xc @ 1
[    4.032725] initcall md5_mod_init+0x0/0xc returned 0 after 5859 usecs
[    4.033692] calling  sha256_generic_mod_init+0x0/0x11 @ 1
[    4.048182] initcall sha256_generic_mod_init+0x0/0x11 returned 0 after 12695 usecs
[    4.048701] calling  crypto_cbc_module_init+0x0/0xc @ 1
[    4.049987] initcall crypto_cbc_module_init+0x0/0xc returned 0 after 0 usecs
[    4.050690] calling  crypto_ctr_module_init+0x0/0x11 @ 1
[    4.051697] initcall crypto_ctr_module_init+0x0/0x11 returned 0 after 0 usecs
[    4.052690] calling  crypto_gcm_module_init+0x0/0x64 @ 1
[    4.053931] initcall crypto_gcm_module_init+0x0/0x64 returned 0 after 0 usecs
[    4.054686] calling  crypto_ccm_module_init+0x0/0x11 @ 1
[    4.055689] initcall crypto_ccm_module_init+0x0/0x11 returned 0 after 0 usecs
[    4.057674] calling  aes_init+0x0/0xc @ 1
[    4.064977] initcall aes_init+0x0/0xc returned 0 after 5859 usecs
[    4.065689] calling  crc32c_mod_init+0x0/0xc @ 1
[    4.075711] initcall crc32c_mod_init+0x0/0xc returned 0 after 8789 usecs
[    4.076695] calling  crypto_authenc_module_init+0x0/0xc @ 1
[    4.078692] initcall crypto_authenc_module_init+0x0/0xc returned 0 after 0 usecs
[    4.079688] calling  crypto_authenc_esn_module_init+0x0/0xc @ 1
[    4.081686] initcall crypto_authenc_esn_module_init+0x0/0xc returned 0 after 976 usecs
[    4.082697] calling  drbg_init+0x0/0x7c @ 1
[    4.206006] initcall drbg_init+0x0/0x7c returned 0 after 119140 usecs
[    4.207316] calling  ghash_mod_init+0x0/0xc @ 1
[    4.209694] initcall ghash_mod_init+0x0/0xc returned 0 after 1953 usecs
[    4.211009] calling  init_bio+0x0/0x9a @ 1
[    4.213824] initcall init_bio+0x0/0x9a returned 0 after 1953 usecs
[    4.214685] calling  blk_settings_init+0x0/0x29 @ 1
[    4.215702] initcall blk_settings_init+0x0/0x29 returned 0 after 0 usecs
[    4.216686] calling  blk_ioc_init+0x0/0x29 @ 1
[    4.217713] initcall blk_ioc_init+0x0/0x29 returned 0 after 0 usecs
[    4.218685] calling  blk_mq_init+0x0/0xb9 @ 1
[    4.219722] initcall blk_mq_init+0x0/0xb9 returned 0 after 0 usecs
[    4.220685] calling  genhd_device_init+0x0/0x75 @ 1
[    4.231695] initcall genhd_device_init+0x0/0x75 returned 0 after 9765 usecs
[    4.232687] calling  pci_slot_init+0x0/0x40 @ 1
[    4.234732] initcall pci_slot_init+0x0/0x40 returned 0 after 976 usecs
[    4.235685] calling  fbmem_init+0x0/0xd8 @ 1
[    4.245951] initcall fbmem_init+0x0/0xd8 returned 0 after 8789 usecs
[    4.246686] calling  acpi_init+0x0/0x319 @ 1
[    4.251066] ACPI: Added _OSI(Module Device)
[    4.251683] ACPI: Added _OSI(Processor Device)
[    4.252683] ACPI: Added _OSI(3.0 _SCP Extensions)
[    4.253683] ACPI: Added _OSI(Processor Aggregator Device)
[    4.254686] ACPI: Added _OSI(Linux-Dell-Video)
[    4.255687] ACPI: Added _OSI(Linux-Lenovo-NV-HDMI-Audio)
[    4.256685] ACPI: Added _OSI(Linux-HPI-Hybrid-Graphics)
[    4.281390] ACPI: 1 ACPI AML tables successfully acquired and loaded
[    4.296126] ACPI: Interpreter enabled
[    4.299554] ACPI: (supports S0 S3 S4 S5)
[    4.300381] ACPI: Using IOAPIC for interrupt routing
[    4.305323] PCI: Using host bridge windows from ACPI; if necessary, use "pci=nocrs" and report a bug
[    4.308563] ACPI: Enabled 2 GPEs in block 00 to 3F
[    4.352855] ACPI: PCI Root Bridge [PCI0] (domain 0000 [bus 00-ff])
[    4.354886] acpi PNP0A08:00: _OSC: OS supports [ExtendedConfig ASPM ClockPM Segments MSI HPX-Type3]
[    4.356050] acpi PNP0A08:00: _OSC: platform does not support [LTR]
[    4.356918] acpi PNP0A08:00: _OSC: OS now controls [PME PCIeCapability]
[    4.360337] PCI host bridge to bus 0000:00
[    4.360685] pci_bus 0000:00: root bus resource [io  0x0000-0x0cf7 window]
[    4.361684] pci_bus 0000:00: root bus resource [io  0x0d00-0xffff window]
[    4.362685] pci_bus 0000:00: root bus resource [mem 0x000a0000-0x000bffff window]
[    4.363685] pci_bus 0000:00: root bus resource [mem 0x20000000-0xafffffff window]
[    4.364685] pci_bus 0000:00: root bus resource [mem 0xc0000000-0xfebfffff window]
[    4.365686] pci_bus 0000:00: root bus resource [mem 0x100000000-0x8ffffffff window]
[    4.366691] pci_bus 0000:00: root bus resource [bus 00-ff]
[    4.368463] pci 0000:00:00.0: calling  quirk_mmio_always_on+0x0/0x10 @ 1
[    4.368787] pci 0000:00:00.0: quirk_mmio_always_on+0x0/0x10 took 0 usecs
[    4.369684] pci 0000:00:00.0: [8086:29c0] type 00 class 0x060000
[    4.374735] pci 0000:00:00.0: calling  quirk_igfx_skip_te_disable+0x0/0x80 @ 1
[    4.376715] pci 0000:00:00.0: quirk_igfx_skip_te_disable+0x0/0x80 took 0 usecs
[    4.380314] pci 0000:00:01.0: [1234:1111] type 00 class 0x030000
[    4.389192] pci 0000:00:01.0: reg 0x10: [mem 0xfd000000-0xfdffffff pref]
[    4.408674] pci 0000:00:01.0: reg 0x18: [mem 0xfebf0000-0xfebf0fff]
[    4.447674] pci 0000:00:01.0: reg 0x30: [mem 0xfebe0000-0xfebeffff pref]
[    4.463434] pci 0000:00:01.0: calling  efifb_fixup_resources+0x0/0xf0 @ 1
[    4.463884] pci 0000:00:01.0: efifb_fixup_resources+0x0/0xf0 took 0 usecs
[    4.475482] pci 0000:00:1f.0: [8086:2918] type 00 class 0x060100
[    4.482132] pci 0000:00:1f.0: calling  quirk_ich7_lpc+0x0/0x60 @ 1
[    4.482950] pci 0000:00:1f.0: quirk: [io  0x0600-0x067f] claimed by ICH6 ACPI/GPIO/TCO
[    4.485034] pci 0000:00:1f.0: quirk_ich7_lpc+0x0/0x60 took 1953 usecs
[    4.485693] pci 0000:00:1f.0: calling  quirk_igfx_skip_te_disable+0x0/0x80 @ 1
[    4.486722] pci 0000:00:1f.0: quirk_igfx_skip_te_disable+0x0/0x80 took 0 usecs
[    4.492397] pci 0000:00:1f.2: [8086:2922] type 00 class 0x010601
[    4.502684] pci 0000:00:1f.2: reg 0x20: [io  0xc040-0xc05f]
[    4.506078] pci 0000:00:1f.2: reg 0x24: [mem 0xfebf1000-0xfebf1fff]
[    4.508890] pci 0000:00:1f.2: calling  quirk_igfx_skip_te_disable+0x0/0x80 @ 1
[    4.509700] pci 0000:00:1f.2: quirk_igfx_skip_te_disable+0x0/0x80 took 0 usecs
[    4.515853] pci 0000:00:1f.3: [8086:2930] type 00 class 0x0c0500
[    4.522690] pci 0000:00:1f.3: reg 0x20: [io  0x0700-0x073f]
[    4.526942] pci 0000:00:1f.3: calling  quirk_igfx_skip_te_disable+0x0/0x80 @ 1
[    4.527695] pci 0000:00:1f.3: quirk_igfx_skip_te_disable+0x0/0x80 took 0 usecs
[    4.539076] ACPI: PCI Interrupt Link [LNKA] (IRQs 5 *10 11)
[    4.540980] ACPI: PCI Interrupt Link [LNKB] (IRQs 5 *10 11)
[    4.543166] ACPI: PCI Interrupt Link [LNKC] (IRQs 5 10 *11)
[    4.544831] ACPI: PCI Interrupt Link [LNKD] (IRQs 5 10 *11)
[    4.547171] ACPI: PCI Interrupt Link [LNKE] (IRQs 5 *10 11)
[    4.549334] ACPI: PCI Interrupt Link [LNKF] (IRQs 5 *10 11)
[    4.551744] ACPI: PCI Interrupt Link [LNKG] (IRQs 5 10 *11)
[    4.553740] ACPI: PCI Interrupt Link [LNKH] (IRQs 5 10 *11)
[    4.555850] ACPI: PCI Interrupt Link [GSIA] (IRQs *16)
[    4.557778] ACPI: PCI Interrupt Link [GSIB] (IRQs *17)
[    4.559785] ACPI: PCI Interrupt Link [GSIC] (IRQs *18)
[    4.561823] ACPI: PCI Interrupt Link [GSID] (IRQs *19)
[    4.562989] ACPI: PCI Interrupt Link [GSIE] (IRQs *20)
[    4.563999] ACPI: PCI Interrupt Link [GSIF] (IRQs *21)
[    4.565714] ACPI: PCI Interrupt Link [GSIG] (IRQs *22)
[    4.566795] ACPI: PCI Interrupt Link [GSIH] (IRQs *23)
[    4.575249] initcall acpi_init+0x0/0x319 returned 0 after 319335 usecs
[    4.575853] calling  pnp_init+0x0/0xc @ 1
[    4.576844] initcall pnp_init+0x0/0xc returned 0 after 0 usecs
[    4.577682] calling  misc_init+0x0/0xbf @ 1
[    4.578899] initcall misc_init+0x0/0xbf returned 0 after 0 usecs
[    4.579696] calling  iommu_subsys_init+0x0/0x4e @ 1
[    4.580707] iommu: Default domain type: Translated 
[    4.581696] initcall iommu_subsys_init+0x0/0x4e returned 0 after 976 usecs
[    4.582700] calling  vga_arb_device_init+0x0/0x261 @ 1
[    4.590227] pci 0000:00:01.0: vgaarb: setting as boot VGA device
[    4.590674] pci 0000:00:01.0: vgaarb: VGA device added: decodes=io+mem,owns=io+mem,locks=none
[    4.590685] pci 0000:00:01.0: vgaarb: bridge control possible
[    4.591681] vgaarb: loaded
[    4.592686] initcall vga_arb_device_init+0x0/0x261 returned 0 after 8789 usecs
[    4.593704] calling  cn_init+0x0/0xf0 @ 1
[    4.595978] initcall cn_init+0x0/0xf0 returned 0 after 976 usecs
[    4.596683] calling  dma_buf_init+0x0/0xad @ 1
[    4.598787] initcall dma_buf_init+0x0/0xad returned 0 after 976 usecs
[    4.599684] calling  dma_resv_lockdep+0x0/0x281 @ 1
[    4.602302] initcall dma_resv_lockdep+0x0/0x281 returned 0 after 976 usecs
[    4.602684] calling  init_scsi+0x0/0x79 @ 1
[    4.604696] SCSI subsystem initialized
[    4.605684] initcall init_scsi+0x0/0x79 returned 0 after 1953 usecs
[    4.606683] calling  ata_init+0x0/0x332 @ 1
[    4.611198] libata version 3.00 loaded.
[    4.611687] initcall ata_init+0x0/0x332 returned 0 after 3906 usecs
[    4.612685] calling  phy_init+0x0/0x250 @ 1
[    4.614985] initcall phy_init+0x0/0x250 returned 0 after 976 usecs
[    4.615686] calling  init_pcmcia_cs+0x0/0x35 @ 1
[    4.616776] initcall init_pcmcia_cs+0x0/0x35 returned 0 after 0 usecs
[    4.617683] calling  usb_common_init+0x0/0x1c @ 1
[    4.618748] initcall usb_common_init+0x0/0x1c returned 0 after 0 usecs
[    4.619684] calling  usb_init+0x0/0x12e @ 1
[    4.620808] ACPI: bus type USB registered
[    4.623514] usbcore: registered new interface driver usbfs
[    4.624706] usbcore: registered new interface driver hub
[    4.625728] usbcore: registered new device driver usb
[    4.626685] initcall usb_init+0x0/0x12e returned 0 after 5859 usecs
[    4.627684] calling  serio_init+0x0/0x29 @ 1
[    4.628782] initcall serio_init+0x0/0x29 returned 0 after 0 usecs
[    4.629685] calling  input_init+0x0/0xf6 @ 1
[    4.630754] initcall input_init+0x0/0xf6 returned 0 after 0 usecs
[    4.631685] calling  rtc_init+0x0/0x4d @ 1
[    4.632703] initcall rtc_init+0x0/0x4d returned 0 after 0 usecs
[    4.633683] calling  pps_init+0x0/0xa9 @ 1
[    4.634714] pps_core: LinuxPPS API ver. 1 registered
[    4.635681] pps_core: Software ver. 5.3.6 - Copyright 2005-2007 Rodolfo Giometti <giometti@linux.it>
[    4.636687] initcall pps_init+0x0/0xa9 returned 0 after 1953 usecs
[    4.637683] calling  ptp_init+0x0/0x98 @ 1
[    4.638699] PTP clock support registered
[    4.639683] initcall ptp_init+0x0/0x98 returned 0 after 976 usecs
[    4.640683] calling  power_supply_class_init+0x0/0x3f @ 1
[    4.641854] initcall power_supply_class_init+0x0/0x3f returned 0 after 0 usecs
[    4.642684] calling  hwmon_init+0x0/0x104 @ 1
[    4.643709] initcall hwmon_init+0x0/0x104 returned 0 after 0 usecs
[    4.644688] calling  md_init+0x0/0x16b @ 1
[    4.648122] initcall md_init+0x0/0x16b returned 0 after 1953 usecs
[    4.648688] calling  leds_init+0x0/0x3b @ 1
[    4.649723] initcall leds_init+0x0/0x3b returned 0 after 0 usecs
[    4.650684] calling  dmi_init+0x0/0x113 @ 1
[    4.652173] initcall dmi_init+0x0/0x113 returned 0 after 0 usecs
[    4.652685] calling  efisubsys_init+0x0/0x4e7 @ 1
[    4.653712] initcall efisubsys_init+0x0/0x4e7 returned 0 after 0 usecs
[    4.654690] calling  nvmem_init+0x0/0xc @ 1
[    4.655750] initcall nvmem_init+0x0/0xc returned 0 after 0 usecs
[    4.656686] calling  init_soundcore+0x0/0x33 @ 1
[    4.658682] initcall init_soundcore+0x0/0x33 returned 0 after 976 usecs
[    4.659686] calling  alsa_sound_init+0x0/0x8f @ 1
[    4.661367] Advanced Linux Sound Architecture Driver Initialized.
[    4.661686] initcall alsa_sound_init+0x0/0x8f returned 0 after 976 usecs
[    4.662684] calling  alsa_seq_device_init+0x0/0x71 @ 1
[    4.664371] initcall alsa_seq_device_init+0x0/0x71 returned 0 after 0 usecs
[    4.664686] calling  hda_bus_init+0x0/0xc @ 1
[    4.665737] initcall hda_bus_init+0x0/0xc returned 0 after 0 usecs
[    4.666684] calling  proto_init+0x0/0xc @ 1
[    4.667774] initcall proto_init+0x0/0xc returned 0 after 0 usecs
[    4.668684] calling  net_dev_init+0x0/0x27f @ 1
[    4.674284] initcall net_dev_init+0x0/0x27f returned 0 after 3906 usecs
[    4.674719] calling  neigh_init+0x0/0x84 @ 1
[    4.675705] initcall neigh_init+0x0/0x84 returned 0 after 0 usecs
[    4.676683] calling  fib_notifier_init+0x0/0xc @ 1
[    4.677695] initcall fib_notifier_init+0x0/0xc returned 0 after 0 usecs
[    4.678685] calling  fib_rules_init+0x0/0xab @ 1
[    4.679832] initcall fib_rules_init+0x0/0xab returned 0 after 0 usecs
[    4.680687] calling  pktsched_init+0x0/0x10e @ 1
[    4.681936] initcall pktsched_init+0x0/0x10e returned 0 after 0 usecs
[    4.682690] calling  tc_filter_init+0x0/0xfa @ 1
[    4.683786] initcall tc_filter_init+0x0/0xfa returned 0 after 0 usecs
[    4.684687] calling  tc_action_init+0x0/0x54 @ 1
[    4.685694] initcall tc_action_init+0x0/0x54 returned 0 after 0 usecs
[    4.686686] calling  ethnl_init+0x0/0x52 @ 1
[    4.688979] initcall ethnl_init+0x0/0x52 returned 0 after 976 usecs
[    4.689689] calling  nexthop_init+0x0/0xd8 @ 1
[    4.691065] initcall nexthop_init+0x0/0xd8 returned 0 after 0 usecs
[    4.691685] calling  cipso_v4_init+0x0/0x8d @ 1
[    4.694058] initcall cipso_v4_init+0x0/0x8d returned 0 after 976 usecs
[    4.694724] calling  ieee80211_init+0x0/0x24 @ 1
[    4.696715] initcall ieee80211_init+0x0/0x24 returned 0 after 976 usecs
[    4.697686] calling  netlbl_init+0x0/0x78 @ 1
[    4.698682] NetLabel: Initializing
[    4.699681] NetLabel:  domain hash size = 128
[    4.700683] NetLabel:  protocols = UNLABELED CIPSOv4 CALIPSO
[    4.703575] NetLabel:  unlabeled traffic allowed by default
[    4.703687] initcall netlbl_init+0x0/0x78 returned 0 after 4882 usecs
[    4.704687] calling  rfkill_init+0x0/0x136 @ 1
[    4.707304] initcall rfkill_init+0x0/0x136 returned 0 after 976 usecs
[    4.707691] calling  pci_subsys_init+0x0/0x66 @ 1
[    4.708757] PCI: Using ACPI for IRQ routing
[    5.450959] PCI: pci_cache_line_size set to 64 bytes
[    5.453731] e820: reserve RAM buffer [mem 0x0009fc00-0x0009ffff]
[    5.454912] e820: reserve RAM buffer [mem 0x1ffdf000-0x1fffffff]
[    5.455873] initcall pci_subsys_init+0x0/0x66 returned 0 after 729492 usecs
[    5.456967] calling  nmi_warning_debugfs+0x0/0x26 @ 1
[    5.458857] initcall nmi_warning_debugfs+0x0/0x26 returned 0 after 0 usecs
[    5.459710] calling  save_microcode_in_initrd+0x0/0x51 @ 1
[    5.461684] initcall save_microcode_in_initrd+0x0/0x51 returned 0 after 976 usecs
[    5.463710] calling  hpet_late_init+0x0/0x20a @ 1
[    5.464901] hpet: 3 channels of 0 reserved for per-cpu timers
[    5.466919] hpet0: at MMIO 0xfed00000, IRQs 2, 8, 0
[    5.467683] hpet0: 3 comparators, 64-bit 100.000000 MHz counter
[    5.472690] initcall hpet_late_init+0x0/0x20a returned 0 after 7812 usecs
[    5.473691] calling  init_amd_nbs+0x0/0x11c @ 1
[    5.474828] initcall init_amd_nbs+0x0/0x11c returned 0 after 0 usecs
[    5.475687] calling  clocksource_done_booting+0x0/0x43 @ 1
[    5.478239] clocksource: Switched to clocksource kvm-clock
[    5.485430] initcall clocksource_done_booting+0x0/0x43 returned 0 after 8539 usecs
[    5.494613] calling  tracer_init_tracefs+0x0/0x248 @ 1
[    5.928492] initcall tracer_init_tracefs+0x0/0x248 returned 0 after 417465 usecs
[    5.937374] calling  init_trace_printk_function_export+0x0/0x2c @ 1
[    5.944653] initcall init_trace_printk_function_export+0x0/0x2c returned 0 after 25 usecs
[    5.953877] calling  init_kprobe_trace+0x0/0x1ab @ 1
[    5.960031] initcall init_kprobe_trace+0x0/0x1ab returned 0 after 41 usecs
[    5.967806] calling  init_dynamic_event+0x0/0x3d @ 1
[    5.973539] initcall init_dynamic_event+0x0/0x3d returned 0 after 16 usecs
[    5.981363] calling  init_uprobe_trace+0x0/0x5c @ 1
[    5.987051] initcall init_uprobe_trace+0x0/0x5c returned 0 after 33 usecs
[    5.994802] calling  init_pipe_fs+0x0/0x44 @ 1
[    6.000129] initcall init_pipe_fs+0x0/0x44 returned 0 after 194 usecs
[    6.007516] calling  inotify_user_setup+0x0/0x47 @ 1
[    6.013145] initcall inotify_user_setup+0x0/0x47 returned 0 after 59 usecs
[    6.020917] calling  eventpoll_init+0x0/0xeb @ 1
[    6.026303] initcall eventpoll_init+0x0/0xeb returned 0 after 101 usecs
[    6.033873] calling  anon_inode_init+0x0/0x58 @ 1
[    6.039495] initcall anon_inode_init+0x0/0x58 returned 0 after 134 usecs
[    6.047388] calling  proc_locks_init+0x0/0x27 @ 1
[    6.052835] initcall proc_locks_init+0x0/0x27 returned 0 after 36 usecs
[    6.060327] calling  iomap_init+0x0/0x1b @ 1
[    6.067005] initcall iomap_init+0x0/0x1b returned 0 after 1665 usecs
[    6.074229] calling  dquot_init+0x0/0x106 @ 1
[    6.079165] VFS: Disk quotas dquot_6.6.0
[    6.083878] VFS: Dquot-cache hash table entries: 512 (order 0, 4096 bytes)
[    6.091671] initcall dquot_init+0x0/0x106 returned 0 after 12210 usecs
[    6.098985] calling  quota_init+0x0/0x23 @ 1
[    6.103929] initcall quota_init+0x0/0x23 returned 0 after 37 usecs
[    6.110929] calling  proc_cmdline_init+0x0/0x21 @ 1
[    6.116556] initcall proc_cmdline_init+0x0/0x21 returned 0 after 8 usecs
[    6.124172] calling  proc_consoles_init+0x0/0x24 @ 1
[    6.129856] initcall proc_consoles_init+0x0/0x24 returned 0 after 7 usecs
[    6.137559] calling  proc_cpuinfo_init+0x0/0x1e @ 1
[    6.143245] initcall proc_cpuinfo_init+0x0/0x1e returned 0 after 7 usecs
[    6.150864] calling  proc_devices_init+0x0/0x24 @ 1
[    6.156509] initcall proc_devices_init+0x0/0x24 returned 0 after 5 usecs
[    6.164170] calling  proc_interrupts_init+0x0/0x24 @ 1
[    6.170184] initcall proc_interrupts_init+0x0/0x24 returned 0 after 7 usecs
[    6.178282] calling  proc_loadavg_init+0x0/0x21 @ 1
[    6.183980] initcall proc_loadavg_init+0x0/0x21 returned 0 after 5 usecs
[    6.191792] calling  proc_meminfo_init+0x0/0x21 @ 1
[    6.197603] initcall proc_meminfo_init+0x0/0x21 returned 0 after 5 usecs
[    6.205394] calling  proc_stat_init+0x0/0x1e @ 1
[    6.210817] initcall proc_stat_init+0x0/0x1e returned 0 after 10 usecs
[    6.218241] calling  proc_uptime_init+0x0/0x21 @ 1
[    6.223837] initcall proc_uptime_init+0x0/0x21 returned 0 after 6 usecs
[    6.231404] calling  proc_version_init+0x0/0x21 @ 1
[    6.237058] initcall proc_version_init+0x0/0x21 returned 0 after 4 usecs
[    6.244843] calling  proc_softirqs_init+0x0/0x21 @ 1
[    6.250788] initcall proc_softirqs_init+0x0/0x21 returned 0 after 6 usecs
[    6.258630] calling  proc_kcore_init+0x0/0xea @ 1
[    6.264201] initcall proc_kcore_init+0x0/0xea returned 0 after 92 usecs
[    6.271879] calling  vmcore_init+0x0/0x57b @ 1
[    6.277181] initcall vmcore_init+0x0/0x57b returned 0 after 32 usecs
[    6.284680] calling  proc_kmsg_init+0x0/0x21 @ 1
[    6.290096] initcall proc_kmsg_init+0x0/0x21 returned 0 after 7 usecs
[    6.297530] calling  proc_page_init+0x0/0x3b @ 1
[    6.303064] initcall proc_page_init+0x0/0x3b returned 0 after 7 usecs
[    6.310545] calling  init_ramfs_fs+0x0/0xc @ 1
[    6.315832] initcall init_ramfs_fs+0x0/0xc returned 0 after 20 usecs
[    6.323308] calling  init_hugetlbfs_fs+0x0/0xf6 @ 1
[    6.330111] initcall init_hugetlbfs_fs+0x0/0xf6 returned 0 after 1065 usecs
[    6.338174] calling  blk_scsi_ioctl_init+0x0/0x2a5 @ 1
[    6.344206] initcall blk_scsi_ioctl_init+0x0/0x2a5 returned 0 after 25 usecs
[    6.352321] calling  acpi_event_init+0x0/0x2c @ 1
[    6.358082] initcall acpi_event_init+0x0/0x2c returned 0 after 22 usecs
[    6.365773] calling  pnp_system_init+0x0/0xc @ 1
[    6.383264] initcall pnp_system_init+0x0/0xc returned 0 after 3491 usecs
[    6.391590] calling  pnpacpi_init+0x0/0x69 @ 1
[    6.398519] pnp: PnP ACPI init
[    6.408561] pnp 00:00: Plug and Play ACPI device, IDs PNP0303 (active)
[    6.416288] pnp 00:01: Plug and Play ACPI device, IDs PNP0f13 (active)
[    6.424098] pnp 00:02: Plug and Play ACPI device, IDs PNP0400 (active)
[    6.431831] pnp 00:03: Plug and Play ACPI device, IDs PNP0501 (active)
[    6.439585] pnp 00:04: Plug and Play ACPI device, IDs PNP0b00 (active)
[    6.448501] system 00:05: [mem 0xb0000000-0xbfffffff window] has been reserved
[    6.457361] system 00:05: Plug and Play ACPI device, IDs PNP0c01 (active)
[    6.468534] pnp: PnP ACPI: found 6 devices
[    6.474032] initcall pnpacpi_init+0x0/0x69 returned 0 after 73997 usecs
[    6.481696] calling  chr_dev_init+0x0/0x14d @ 1
[    6.600258] initcall chr_dev_init+0x0/0x14d returned 0 after 110506 usecs
[    6.607874] calling  firmware_class_init+0x0/0x14a @ 1
[    6.614107] initcall firmware_class_init+0x0/0x14a returned 0 after 211 usecs
[    6.622151] calling  init_pcmcia_bus+0x0/0x5b @ 1
[    6.627832] initcall init_pcmcia_bus+0x0/0x5b returned 0 after 268 usecs
[    6.635873] calling  init_acpi_pm_clocksource+0x0/0xda @ 1
[    6.648340] clocksource: acpi_pm: mask: 0xffffff max_cycles: 0xffffff, max_idle_ns: 2085701024 ns
[    6.658885] initcall init_acpi_pm_clocksource+0x0/0xda returned 0 after 15900 usecs
[    6.667930] calling  sysctl_core_init+0x0/0x26 @ 1
[    6.674213] initcall sysctl_core_init+0x0/0x26 returned 0 after 388 usecs
[    6.683225] calling  eth_offload_init+0x0/0x13 @ 1
[    6.690726] initcall eth_offload_init+0x0/0x13 returned 0 after 142 usecs
[    6.701008] calling  ipv4_offload_init+0x0/0x73 @ 1
[    6.708654] initcall ipv4_offload_init+0x0/0x73 returned 0 after 125 usecs
[    6.717327] calling  inet_init+0x0/0x276 @ 1
[    6.724260] NET: Registered protocol family 2
[    6.733698] IP idents hash table entries: 8192 (order: 4, 65536 bytes, linear)
[    6.752194] tcp_listen_portaddr_hash hash table entries: 256 (order: 2, 20480 bytes, linear)
[    6.763168] TCP established hash table entries: 4096 (order: 3, 32768 bytes, linear)
[    6.773311] TCP bind hash table entries: 4096 (order: 6, 294912 bytes, linear)
[    6.795015] TCP: Hash tables configured (established 4096 bind 4096)
[    6.807419] UDP hash table entries: 256 (order: 3, 40960 bytes, linear)
[    6.815634] UDP-Lite hash table entries: 256 (order: 3, 40960 bytes, linear)
[    6.824786] initcall inet_init+0x0/0x276 returned 0 after 98788 usecs
[    6.832376] calling  af_unix_init+0x0/0x4d @ 1
[    6.837843] NET: Registered protocol family 1
[    6.843441] initcall af_unix_init+0x0/0x4d returned 0 after 5527 usecs
[    6.851191] calling  ipv6_offload_init+0x0/0x7e @ 1
[    6.857132] initcall ipv6_offload_init+0x0/0x7e returned 0 after 140 usecs
[    6.865171] calling  init_sunrpc+0x0/0x65 @ 1
[    6.877560] RPC: Registered named UNIX socket transport module.
[    6.884676] RPC: Registered udp transport module.
[    6.890298] RPC: Registered tcp transport module.
[    6.897822] RPC: Registered tcp NFSv4.1 backchannel transport module.
[    6.907410] initcall init_sunrpc+0x0/0x65 returned 0 after 36198 usecs
[    6.917169] calling  cfg80211_init+0x0/0xc5 @ 1
[    6.928038] initcall cfg80211_init+0x0/0xc5 returned 0 after 4579 usecs
[    6.935672] calling  pcibios_assign_resources+0x0/0xbf @ 1
[    6.942577] pci_bus 0000:00: resource 4 [io  0x0000-0x0cf7 window]
[    6.949814] pci_bus 0000:00: resource 5 [io  0x0d00-0xffff window]
[    6.957100] pci_bus 0000:00: resource 6 [mem 0x000a0000-0x000bffff window]
[    6.965455] pci_bus 0000:00: resource 7 [mem 0x20000000-0xafffffff window]
[    6.973941] pci_bus 0000:00: resource 8 [mem 0xc0000000-0xfebfffff window]
[    6.982212] pci_bus 0000:00: resource 9 [mem 0x100000000-0x8ffffffff window]
[    6.991109] initcall pcibios_assign_resources+0x0/0xbf returned 0 after 47628 usecs
[    7.000267] calling  pci_apply_final_quirks+0x0/0x124 @ 1
[    7.006989] pci 0000:00:01.0: calling  pci_fixup_video+0x0/0xe0 @ 1
[    7.014886] pci 0000:00:01.0: Video device with shadowed ROM at [mem 0x000c0000-0x000dffff]
[    7.024819] pci 0000:00:01.0: pci_fixup_video+0x0/0xe0 took 10122 usecs
[    7.033065] PCI: CLS 0 bytes, default 64
[    7.038517] initcall pci_apply_final_quirks+0x0/0x124 returned 0 after 31093 usecs
[    7.047832] calling  acpi_reserve_resources+0x0/0xea @ 1
[    7.055247] initcall acpi_reserve_resources+0x0/0xea returned 0 after 254 usecs
[    7.063970] calling  populate_rootfs+0x0/0x102 @ 1
[    7.073210] initcall populate_rootfs+0x0/0x102 returned 0 after 3284 usecs
[    7.084665] calling  pci_iommu_init+0x0/0x3e @ 1
[    7.092017] initcall pci_iommu_init+0x0/0x3e returned 0 after 93 usecs
[    7.100917] calling  ia32_binfmt_init+0x0/0x13 @ 1
[    7.106960] initcall ia32_binfmt_init+0x0/0x13 returned 0 after 87 usecs
[    7.115218] calling  rapl_pmu_init+0x0/0x267 @ 1
[    7.121085] initcall rapl_pmu_init+0x0/0x267 returned -19 after 42 usecs
[    7.129195] calling  amd_uncore_init+0x0/0x310 @ 1
[    7.135145] initcall amd_uncore_init+0x0/0x310 returned -19 after 1 usecs
[    7.143354] calling  amd_ibs_init+0x0/0x25f @ 1
[    7.148920] initcall amd_ibs_init+0x0/0x25f returned -19 after 0 usecs
[    7.156689] calling  amd_iommu_pc_init+0x0/0x22c @ 1
[    7.162785] initcall amd_iommu_pc_init+0x0/0x22c returned -19 after 128 usecs
[    7.171503] calling  msr_init+0x0/0x55 @ 1
[    7.177031] initcall msr_init+0x0/0x55 returned 0 after 154 usecs
[    7.184803] calling  intel_uncore_init+0x0/0x36f @ 1
[    7.191031] initcall intel_uncore_init+0x0/0x36f returned -19 after 38 usecs
[    7.199988] calling  cstate_pmu_init+0x0/0x1a1 @ 1
[    7.206151] initcall cstate_pmu_init+0x0/0x1a1 returned -19 after 0 usecs
[    7.214472] calling  register_kernel_offset_dumper+0x0/0x1a @ 1
[    7.221689] initcall register_kernel_offset_dumper+0x0/0x1a returned 0 after 30 usecs
[    7.231201] calling  i8259A_init_ops+0x0/0x20 @ 1
[    7.237083] initcall i8259A_init_ops+0x0/0x20 returned 0 after 2 usecs
[    7.245268] calling  init_tsc_clocksource+0x0/0xa4 @ 1
[    7.251826] clocksource: tsc: mask: 0xffffffffffffffff max_cycles: 0x39a85afc727, max_idle_ns: 881590685098 ns
[    7.264132] initcall init_tsc_clocksource+0x0/0xa4 returned 0 after 12015 usecs
[    7.273161] calling  add_rtc_cmos+0x0/0xb0 @ 1
[    7.278839] initcall add_rtc_cmos+0x0/0xb0 returned 0 after 16 usecs
[    7.286584] calling  i8237A_init_ops+0x0/0x3a @ 1
[    7.292708] initcall i8237A_init_ops+0x0/0x3a returned 0 after 298 usecs
[    7.301587] calling  umwait_init+0x0/0x94 @ 1
[    7.307410] initcall umwait_init+0x0/0x94 returned -19 after 23 usecs
[    7.315779] calling  thermal_throttle_init_device+0x0/0x3d @ 1
[    7.323428] initcall thermal_throttle_init_device+0x0/0x3d returned 0 after 47 usecs
[    7.333495] calling  msr_init+0x0/0xd7 @ 1
[    7.350407] initcall msr_init+0x0/0xd7 returned 0 after 11086 usecs
[    7.359353] calling  cpuid_init+0x0/0xd7 @ 1
[    7.374507] initcall cpuid_init+0x0/0xd7 returned 0 after 9501 usecs
[    7.382558] calling  ioapic_init_ops+0x0/0x13 @ 1
[    7.388555] initcall ioapic_init_ops+0x0/0x13 returned 0 after 34 usecs
[    7.396757] calling  add_pcspkr+0x0/0x6c @ 1
[    7.402331] initcall add_pcspkr+0x0/0x6c returned 0 after 138 usecs
[    7.410005] calling  start_periodic_check_for_corruption+0x0/0x30 @ 1
[    7.418560] check: Scanning for low memory corruption every 60 seconds
[    7.428060] initcall start_periodic_check_for_corruption+0x0/0x30 returned 0 after 9618 usecs
[    7.441290] calling  sysfb_init+0x0/0x9c @ 1
[    7.448959] initcall sysfb_init+0x0/0x9c returned 0 after 340 usecs
[    7.457270] calling  audit_classes_init+0x0/0xae @ 1
[    7.463888] initcall audit_classes_init+0x0/0xae returned 0 after 69 usecs
[    7.473018] calling  iosf_mbi_init+0x0/0x24 @ 1
[    7.479549] initcall iosf_mbi_init+0x0/0x24 returned 0 after 474 usecs
[    7.488795] calling  proc_execdomains_init+0x0/0x21 @ 1
[    7.495967] initcall proc_execdomains_init+0x0/0x21 returned 0 after 47 usecs
[    7.505651] calling  register_warn_debugfs+0x0/0x23 @ 1
[    7.514228] initcall register_warn_debugfs+0x0/0x23 returned 0 after 69 usecs
[    7.524800] calling  cpuhp_sysfs_init+0x0/0x79 @ 1
[    7.531286] initcall cpuhp_sysfs_init+0x0/0x79 returned 0 after 200 usecs
[    7.539915] calling  ioresources_init+0x0/0x49 @ 1
[    7.546234] initcall ioresources_init+0x0/0x49 returned 0 after 9 usecs
[    7.555340] calling  lockdep_proc_init+0x0/0x64 @ 1
[    7.563469] initcall lockdep_proc_init+0x0/0x64 returned 0 after 55 usecs
[    7.574489] calling  snapshot_device_init+0x0/0xc @ 1
[    7.585150] initcall snapshot_device_init+0x0/0xc returned 0 after 2128 usecs
[    7.594992] calling  irq_pm_init_ops+0x0/0x13 @ 1
[    7.601692] initcall irq_pm_init_ops+0x0/0x13 returned 0 after 20 usecs
[    7.609941] calling  rcu_torture_init+0x0/0x9be @ 1
[    7.616203] tasks-tracing-torture:--- Start of test: nreaders=3 nfakewriters=4 stat_interval=15 verbose=1 test_no_idle_hz=1 shuffle_interval=3 stutter=5 irqreader=1 fqs_duration=0 fqs_holdoff=0 fqs_stutter=3 test_boost=1/0 test_boost_interval=7 test_boost_duration=4 shutdown_secs=1800 stall_cpu=0 stall_cpu_holdoff=10 stall_cpu_irqsoff=0 stall_cpu_block=0 n_barrier_cbs=4 onoff_interval=1000 onoff_holdoff=30 read_exit_delay=13 read_exit_burst=16
[    7.672263] tasks-tracing:  Start-test grace-period state: g0 f0x0
[    7.684285] tasks-tracing-torture: Creating rcu_torture_writer task
[    7.699280] tasks-tracing-torture: Creating rcu_torture_fakewriter task
[    7.700112] tasks-tracing-torture: rcu_torture_writer task started
[    7.711919] tasks-tracing-torture: Creating rcu_torture_fakewriter task
[    7.712376] tasks-tracing-torture: rcu_torture_fakewriter task started
[    7.717578] tasks-tracing-torture: GP expediting controlled from boot/sysfs for tasks-tracing.
[    7.730822] tasks-tracing-torture: Creating rcu_torture_fakewriter task
[    7.731153] tasks-tracing-torture: rcu_torture_fakewriter task started
[    7.735969] rcu_torture_writer: Testing expedited GPs.
[    7.757417] tasks-tracing-torture: Creating rcu_torture_fakewriter task
[    7.757967] tasks-tracing-torture: rcu_torture_fakewriter task started
[    7.762430] rcu_torture_writer: Testing asynchronous GPs.
[    7.775271] tasks-tracing-torture: Creating rcu_torture_reader task
[    7.775695] tasks-tracing-torture: rcu_torture_fakewriter task started
[    7.778561] rcu_torture_writer: Testing normal GPs.
[    7.790273] tasks-tracing-torture: Creating rcu_torture_reader task
[    7.790997] tasks-tracing-torture: rcu_torture_reader task started
[    7.845674] tasks-tracing-torture: Creating rcu_torture_reader task
[    7.846047] tasks-tracing-torture: rcu_torture_reader task started
[    7.858369] tasks-tracing-torture: Creating rcu_torture_stats task
[    7.858569] tasks-tracing-torture: rcu_torture_reader task started
[    7.885346] tasks-tracing-torture: Creating torture_shuffle task
[    7.885428] tasks-tracing-torture: rcu_torture_stats task started
[    7.894296] tasks-tracing-torture: Creating torture_stutter task
[    7.901103] tasks-tracing-torture: torture_shuffle task started
[    7.919039] tasks-tracing-torture: Creating torture_shutdown task
[    7.919409] tasks-tracing-torture: torture_stutter task started
[    7.939076] tasks-tracing-torture: Creating torture_onoff task
[    7.939426] tasks-tracing-torture: torture_shutdown task started
[    7.939477] tasks-tracing-torture:torture_shutdown task: 1799979 ms remaining
[    7.969609] tasks-tracing-torture: rcu_torture_fwd_prog_init: Disabled, unsupported by RCU flavor under test
[    7.970331] tasks-tracing-torture: torture_onoff task started
[    7.983161] tasks-tracing-torture: Creating rcu_torture_barrier_cbs task
[    7.992005] tasks-tracing-torture: torture_onoff begin holdoff
[    8.014865] tasks-tracing-torture: Creating rcu_torture_barrier_cbs task
[    8.015147] tasks-tracing-torture: rcu_torture_barrier_cbs task started
[    8.025928] tasks-tracing-torture: Creating rcu_torture_barrier_cbs task
[    8.026278] tasks-tracing-torture: rcu_torture_barrier_cbs task started
[    8.057267] tasks-tracing-torture: Creating rcu_torture_barrier_cbs task
[    8.058031] tasks-tracing-torture: rcu_torture_barrier_cbs task started
[    8.068847] tasks-tracing-torture: Creating rcu_torture_barrier task
[    8.069224] tasks-tracing-torture: rcu_torture_barrier_cbs task started
[    8.097039] tasks-tracing-torture: Creating rcu_torture_read_exit task
[    8.097063] tasks-tracing-torture: rcu_torture_barrier task starting
[    8.107852] tasks-tracing-torture: rcu_torture_read_exit: Start of test
[    8.108076] initcall rcu_torture_init+0x0/0x9be returned 0 after 480468 usecs
[    8.108186] calling  timekeeping_init_ops+0x0/0x13 @ 1
[    8.108263] initcall timekeeping_init_ops+0x0/0x13 returned 0 after 71 usecs
[    8.108267] calling  init_clocksource_sysfs+0x0/0x23 @ 1
[    8.110564] initcall init_clocksource_sysfs+0x0/0x23 returned 0 after 2237 usecs
[    8.110567] calling  init_timer_list_procfs+0x0/0x31 @ 1
[    8.110905] initcall init_timer_list_procfs+0x0/0x31 returned 0 after 324 usecs
[    8.110908] calling  alarmtimer_init+0x0/0xf5 @ 1
[    8.111618] initcall alarmtimer_init+0x0/0xf5 returned 0 after 688 usecs
[    8.111621] calling  init_posix_timers+0x0/0x29 @ 1
[    8.112069] initcall init_posix_timers+0x0/0x29 returned 0 after 432 usecs
[    8.112072] calling  clockevents_init_sysfs+0x0/0xbf @ 1
[    8.112622] initcall clockevents_init_sysfs+0x0/0xbf returned 0 after 532 usecs
[    8.112624] calling  proc_dma_init+0x0/0x21 @ 1
[    8.112684] initcall proc_dma_init+0x0/0x21 returned 0 after 55 usecs
[    8.112686] calling  proc_modules_init+0x0/0x1e @ 1
[    8.112856] initcall proc_modules_init+0x0/0x1e returned 0 after 163 usecs
[    8.112859] calling  kallsyms_init+0x0/0x21 @ 1
[    8.112893] initcall kallsyms_init+0x0/0x21 returned 0 after 30 usecs
[    8.112896] calling  pid_namespaces_init+0x0/0x2c @ 1
[    8.112923] initcall pid_namespaces_init+0x0/0x2c returned 0 after 23 usecs
[    8.112925] calling  audit_watch_init+0x0/0x37 @ 1
[    8.112989] initcall audit_watch_init+0x0/0x37 returned 0 after 59 usecs
[    8.112990] calling  audit_fsnotify_init+0x0/0x37 @ 1
[    8.112993] initcall audit_fsnotify_init+0x0/0x37 returned 0 after 0 usecs
[    8.112995] calling  audit_tree_init+0x0/0x6d @ 1
[    8.113009] initcall audit_tree_init+0x0/0x6d returned 0 after 3 usecs
[    8.113028] calling  seccomp_sysctl_init+0x0/0x2b @ 1
[    8.113141] initcall seccomp_sysctl_init+0x0/0x2b returned 0 after 108 usecs
[    8.113143] calling  utsname_sysctl_init+0x0/0x13 @ 1
[    8.113169] initcall utsname_sysctl_init+0x0/0x13 returned 0 after 22 usecs
[    8.113171] calling  init_tracepoints+0x0/0x27 @ 1
[    8.113232] initcall init_tracepoints+0x0/0x27 returned 0 after 57 usecs
[    8.113234] calling  init_blk_tracer+0x0/0x50 @ 1
[    8.114887] initcall init_blk_tracer+0x0/0x50 returned 0 after 1609 usecs
[    8.114891] calling  perf_event_sysfs_init+0x0/0x83 @ 1
[    8.116085] initcall perf_event_sysfs_init+0x0/0x83 returned 0 after 1161 usecs
[    8.130133] rcu_torture_rea (87) used greatest stack depth: 14616 bytes left
[    8.136278] calling  system_trusted_keyring_init+0x0/0x60 @ 1
[    8.479651] Initialise system trusted keyrings
[    8.487987] initcall system_trusted_keyring_init+0x0/0x60 returned 0 after 8133 usecs
[    8.500313] calling  kswapd_init+0x0/0x5c @ 1
[    8.509536] initcall kswapd_init+0x0/0x5c returned 0 after 2495 usecs
[    8.522077] calling  extfrag_debug_init+0x0/0x54 @ 1
[    8.533275] initcall extfrag_debug_init+0x0/0x54 returned 0 after 2088 usecs
[    8.545828] calling  mm_compute_batch_init+0x0/0x12 @ 1
[    8.555551] initcall mm_compute_batch_init+0x0/0x12 returned 0 after 231 usecs
[    8.566854] calling  slab_proc_init+0x0/0x21 @ 1
[    8.574311] initcall slab_proc_init+0x0/0x21 returned 0 after 163 usecs
[    8.584047] calling  workingset_init+0x0/0x8c @ 1
[    8.592490] workingset: timestamp_bits=56 max_order=17 bucket_order=0
[    8.605406] initcall workingset_init+0x0/0x8c returned 0 after 12608 usecs
[    8.618720] calling  proc_vmalloc_init+0x0/0x32 @ 1
[    8.630785] initcall proc_vmalloc_init+0x0/0x32 returned 0 after 8 usecs
[    8.641740] calling  procswaps_init+0x0/0x1e @ 1
[    8.649152] initcall procswaps_init+0x0/0x1e returned 0 after 40 usecs
[    8.659217] calling  slab_sysfs_init+0x0/0xec @ 1
[    8.693125] initcall slab_sysfs_init+0x0/0xec returned 0 after 25719 usecs
[    8.705574] calling  fcntl_init+0x0/0x29 @ 1
[    8.713523] initcall fcntl_init+0x0/0x29 returned 0 after 800 usecs
[    8.724087] calling  proc_filesystems_init+0x0/0x21 @ 1
[    8.735316] initcall proc_filesystems_init+0x0/0x21 returned 0 after 9 usecs
[    8.746171] calling  start_dirtytime_writeback+0x0/0x29 @ 1
[    8.754731] initcall start_dirtytime_writeback+0x0/0x29 returned 0 after 54 usecs
[    8.767840] calling  blkdev_init+0x0/0x1b @ 1
[    8.795436] initcall blkdev_init+0x0/0x1b returned 0 after 18860 usecs
[    8.804773] calling  dio_init+0x0/0x2c @ 1
[    8.810841] initcall dio_init+0x0/0x2c returned 0 after 244 usecs
[    8.819257] calling  dnotify_init+0x0/0x78 @ 1
[    8.825999] initcall dnotify_init+0x0/0x78 returned 0 after 378 usecs
[    8.835564] calling  aio_setup+0x0/0x78 @ 1
[    8.843979] initcall aio_setup+0x0/0x78 returned 0 after 2486 usecs
[    8.852665] calling  io_uring_init+0x0/0x2c @ 1
[    8.859100] initcall io_uring_init+0x0/0x2c returned 0 after 16 usecs
[    8.867999] calling  mbcache_init+0x0/0x30 @ 1
[    8.874517] initcall mbcache_init+0x0/0x30 returned 0 after 156 usecs
[    8.883830] calling  init_grace+0x0/0xc @ 1
[    8.890047] initcall init_grace+0x0/0xc returned 0 after 134 usecs
[    8.899083] calling  init_v2_quota_format+0x0/0x21 @ 1
[    8.907227] initcall init_v2_quota_format+0x0/0x21 returned 0 after 218 usecs
[    8.917824] calling  init_devpts_fs+0x0/0x27 @ 1
[    8.924590] initcall init_devpts_fs+0x0/0x27 returned 0 after 183 usecs
[    8.934482] calling  ext4_init_fs+0x0/0x1c2 @ 1
[    8.943324] initcall ext4_init_fs+0x0/0x1c2 returned 0 after 1722 usecs
[    8.953063] calling  journal_init+0x0/0x11c @ 1
[    8.960402] initcall journal_init+0x0/0x11c returned 0 after 325 usecs
[    8.969610] calling  init_fat_fs+0x0/0x49 @ 1
[    8.976622] initcall init_fat_fs+0x0/0x49 returned 0 after 264 usecs
[    8.985906] calling  init_vfat_fs+0x0/0xc @ 1
[    8.992026] initcall init_vfat_fs+0x0/0xc returned 0 after 7 usecs
[    9.000912] calling  init_msdos_fs+0x0/0xc @ 1
[    9.007505] initcall init_msdos_fs+0x0/0xc returned 0 after 7 usecs
[    9.016535] calling  init_iso9660_fs+0x0/0x6c @ 1
[    9.023501] initcall init_iso9660_fs+0x0/0x6c returned 0 after 228 usecs
[    9.033059] calling  init_nfs_fs+0x0/0x13a @ 1
[    9.045522] initcall init_nfs_fs+0x0/0x13a returned 0 after 5838 usecs
[    9.054894] calling  init_nfs_v2+0x0/0x13 @ 1
[    9.062101] initcall init_nfs_v2+0x0/0x13 returned 0 after 399 usecs
[    9.071017] calling  init_nfs_v3+0x0/0x13 @ 1
[    9.077463] initcall init_nfs_v3+0x0/0x13 returned 0 after 2 usecs
[    9.086381] calling  init_nfs_v4+0x0/0x32 @ 1
[    9.093615] NFS: Registering the id_resolver key type
[    9.103689] Key type id_resolver registered
[    9.111262] Key type id_legacy registered
[    9.118177] initcall init_nfs_v4+0x0/0x32 returned 0 after 24989 usecs
[    9.128860] calling  init_nlm+0x0/0x5b @ 1
[    9.135475] initcall init_nlm+0x0/0x5b returned 0 after 58 usecs
[    9.143946] calling  init_nls_cp437+0x0/0xe @ 1
[    9.150436] initcall init_nls_cp437+0x0/0xe returned 0 after 110 usecs
[    9.160194] calling  init_nls_ascii+0x0/0xe @ 1
[    9.167685] initcall init_nls_ascii+0x0/0xe returned 0 after 2 usecs
[    9.178984] calling  init_nls_iso8859_1+0x0/0xe @ 1
[    9.185985] initcall init_nls_iso8859_1+0x0/0xe returned 0 after 2 usecs
[    9.197917] calling  init_nls_utf8+0x0/0x21 @ 1
[    9.206081] initcall init_nls_utf8+0x0/0x21 returned 0 after 2 usecs
[    9.220445] calling  init_autofs_fs+0x0/0x25 @ 1
[    9.231300] initcall init_autofs_fs+0x0/0x25 returned 0 after 3084 usecs
[    9.242459] calling  ipc_init+0x0/0x24 @ 1
[    9.251586] initcall ipc_init+0x0/0x24 returned 0 after 452 usecs
[    9.261544] calling  ipc_sysctl_init+0x0/0x13 @ 1
[    9.268759] initcall ipc_sysctl_init+0x0/0x13 returned 0 after 13 usecs
[    9.278571] calling  init_mqueue_fs+0x0/0xb1 @ 1
[    9.289131] initcall init_mqueue_fs+0x0/0xb1 returned 0 after 2788 usecs
[    9.299347] calling  key_proc_init+0x0/0x63 @ 1
[    9.308296] initcall key_proc_init+0x0/0x63 returned 0 after 10 usecs
[    9.318580] calling  selinux_nf_ip_init+0x0/0x2e @ 1
[    9.326961] initcall selinux_nf_ip_init+0x0/0x2e returned 0 after 142 usecs
[    9.338023] calling  init_sel_fs+0x0/0x116 @ 1
[    9.345064] initcall init_sel_fs+0x0/0x116 returned 0 after 1 usecs
[    9.361271] calling  selnl_init+0x0/0x7c @ 1
[    9.372447] initcall selnl_init+0x0/0x7c returned 0 after 2889 usecs
[    9.382499] calling  sel_netif_init+0x0/0x36 @ 1
[    9.389310] initcall sel_netif_init+0x0/0x36 returned 0 after 1 usecs
[    9.398609] calling  sel_netnode_init+0x0/0x33 @ 1
[    9.405776] initcall sel_netnode_init+0x0/0x33 returned 0 after 0 usecs
[    9.415262] calling  sel_netport_init+0x0/0x33 @ 1
[    9.422479] initcall sel_netport_init+0x0/0x33 returned 0 after 1 usecs
[    9.433982] calling  aurule_init+0x0/0x2a @ 1
[    9.442437] initcall aurule_init+0x0/0x2a returned 0 after 3 usecs
[    9.452770] calling  crypto_algapi_init+0x0/0xc @ 1
[    9.461084] initcall crypto_algapi_init+0x0/0xc returned 0 after 8 usecs
[    9.470043] calling  jent_mod_init+0x0/0x2d @ 1
[    9.502704] initcall jent_mod_init+0x0/0x2d returned 0 after 25838 usecs
[    9.513587] calling  asymmetric_key_init+0x0/0xc @ 1
[    9.522476] Key type asymmetric registered
[    9.529614] initcall asymmetric_key_init+0x0/0xc returned 0 after 7985 usecs
[    9.541121] calling  x509_key_init+0x0/0xc @ 1
[    9.548573] Asymmetric key parser 'x509' registered
[    9.557413] initcall x509_key_init+0x0/0xc returned 0 after 9140 usecs
[    9.574695] calling  proc_genhd_init+0x0/0x41 @ 1
[    9.587637] initcall proc_genhd_init+0x0/0x41 returned 0 after 11 usecs
[    9.612739] calling  bsg_init+0x0/0x113 @ 1
[    9.620541] Block layer SCSI generic (bsg) driver version 0.4 loaded (major 251)
[    9.632577] initcall bsg_init+0x0/0x113 returned 0 after 12992 usecs
[    9.643289] calling  deadline_init+0x0/0xc @ 1
[    9.650586] io scheduler mq-deadline registered
[    9.658168] initcall deadline_init+0x0/0xc returned 0 after 7656 usecs
[    9.668123] calling  kyber_init+0x0/0xc @ 1
[    9.674335] io scheduler kyber registered
[    9.680246] initcall kyber_init+0x0/0xc returned 0 after 5800 usecs
[    9.689180] calling  mod_init+0x0/0x7 @ 1
[    9.699076] initcall mod_init+0x0/0x7 returned 0 after 0 usecs
[    9.708928] calling  percpu_counter_startup+0x0/0x55 @ 1
[    9.729618] initcall percpu_counter_startup+0x0/0x55 returned 0 after 10429 usecs
[    9.740696] calling  sg_pool_init+0x0/0xb4 @ 1
[    9.748674] initcall sg_pool_init+0x0/0xb4 returned 0 after 642 usecs
[    9.760328] calling  pcie_portdrv_init+0x0/0x39 @ 1
[    9.773637] initcall pcie_portdrv_init+0x0/0x39 returned 0 after 4824 usecs
[    9.784383] calling  pci_proc_init+0x0/0x68 @ 1
[    9.792240] initcall pci_proc_init+0x0/0x68 returned 0 after 1196 usecs
[    9.801354] calling  pci_hotplug_init+0x0/0x7 @ 1
[    9.807699] initcall pci_hotplug_init+0x0/0x7 returned 0 after 0 usecs
[    9.816266] calling  efifb_driver_init+0x0/0xe @ 1
[    9.823285] initcall efifb_driver_init+0x0/0xe returned 0 after 225 usecs
[    9.832410] calling  ged_driver_init+0x0/0xe @ 1
[    9.839405] initcall ged_driver_init+0x0/0xe returned 0 after 416 usecs
[    9.849360] calling  acpi_ac_init+0x0/0x92 @ 1
[    9.868334] initcall acpi_ac_init+0x0/0x92 returned 0 after 12240 usecs
[    9.877987] calling  acpi_button_driver_init+0x0/0x52 @ 1
[    9.891486] input: Power Button as /devices/LNXSYSTM:00/LNXPWRBN:00/input/input0
[    9.906634] ACPI: Power Button [PWRF]
[    9.914635] initcall acpi_button_driver_init+0x0/0x52 returned 0 after 27776 usecs
[    9.926751] calling  acpi_fan_driver_init+0x0/0xe @ 1
[    9.934539] initcall acpi_fan_driver_init+0x0/0xe returned 0 after 39 usecs
[    9.945556] calling  acpi_video_init+0x0/0xcb @ 1
[    9.954367] initcall acpi_video_init+0x0/0xcb returned 0 after 811 usecs
[    9.963729] calling  acpi_processor_driver_init+0x0/0xad @ 1
[    9.986315] initcall acpi_processor_driver_init+0x0/0xad returned 0 after 13594 usecs
[    9.997978] calling  acpi_thermal_init+0x0/0x71 @ 1
[   10.016535] initcall acpi_thermal_init+0x0/0x71 returned 0 after 9310 usecs
[   10.039232] calling  acpi_battery_init+0x0/0x32 @ 1
[   10.047269] initcall acpi_battery_init+0x0/0x32 returned 0 after 530 usecs
[   10.057534] calling  bgrt_init+0x0/0xb6 @ 1
[   10.063921] initcall bgrt_init+0x0/0xb6 returned -19 after 1 usecs
[   10.075149] calling  gpio_clk_driver_init+0x0/0xe @ 1
[   10.083117] initcall gpio_clk_driver_init+0x0/0xe returned 0 after 552 usecs
[   10.094702] calling  plt_clk_driver_init+0x0/0xe @ 1
[   10.102438] initcall plt_clk_driver_init+0x0/0xe returned 0 after 34 usecs
[   10.112234] calling  virtio_pci_driver_init+0x0/0x15 @ 1
[   10.119837] initcall virtio_pci_driver_init+0x0/0x15 returned 0 after 575 usecs
[   10.129563] calling  n_null_init+0x0/0x1e @ 1
[   10.137235] initcall n_null_init+0x0/0x1e returned 0 after 229 usecs
[   10.145783] calling  pty_init+0x0/0x1e8 @ 1
[   10.163456] initcall pty_init+0x0/0x1e8 returned 0 after 11187 usecs
[   10.174648] calling  sysrq_init+0x0/0x62 @ 1
[   10.181677] initcall sysrq_init+0x0/0x62 returned 0 after 192 usecs
[   10.190196] calling  serial8250_init+0x0/0x17e @ 1
[   10.198526] Serial: 8250/16550 driver, 4 ports, IRQ sharing enabled
[   10.216894] 00:03: ttyS0 at I/O 0x3f8 (irq = 4, base_baud = 115200) is a 16550A
[   10.264750] initcall serial8250_init+0x0/0x17e returned 0 after 65184 usecs
[   10.276435] calling  serial_pci_driver_init+0x0/0x15 @ 1
[   10.283849] initcall serial_pci_driver_init+0x0/0x15 returned 0 after 50 usecs
[   10.295890] calling  exar_pci_driver_init+0x0/0x15 @ 1
[   10.303878] initcall exar_pci_driver_init+0x0/0x15 returned 0 after 44 usecs
[   10.315021] calling  lpss8250_pci_driver_init+0x0/0x15 @ 1
[   10.323564] initcall lpss8250_pci_driver_init+0x0/0x15 returned 0 after 43 usecs
[   10.335269] calling  mid8250_pci_driver_init+0x0/0x15 @ 1
[   10.342944] initcall mid8250_pci_driver_init+0x0/0x15 returned 0 after 221 usecs
[   10.356196] calling  virtio_console_init+0x0/0xff @ 1
[   10.365616] initcall virtio_console_init+0x0/0xff returned 0 after 1120 usecs
[   10.376358] calling  hpet_init+0x0/0x64 @ 1
[   10.390514] initcall hpet_init+0x0/0x64 returned 0 after 5986 usecs
[   10.403525] calling  nvram_module_init+0x0/0x83 @ 1
[   10.415968] Non-volatile memory driver v1.3
[   10.422999] initcall nvram_module_init+0x0/0x83 returned 0 after 11616 usecs
[   10.434328] calling  hwrng_modinit+0x0/0x8a @ 1
[   10.443316] initcall hwrng_modinit+0x0/0x8a returned 0 after 1286 usecs
[   10.455039] calling  mod_init+0x0/0x48 @ 1
[   10.462789] initcall mod_init+0x0/0x48 returned -19 after 0 usecs
[   10.472635] calling  agp_init+0x0/0x23 @ 1
[   10.479017] Linux agpgart interface v0.103
[   10.485227] initcall agp_init+0x0/0x23 returned 0 after 6062 usecs
[   10.509960] calling  agp_amd64_mod_init+0x0/0x5 @ 1
[   10.542918] initcall agp_amd64_mod_init+0x0/0x5 returned -19 after 22751 usecs
[   10.554041] calling  agp_intel_init+0x0/0x28 @ 1
[   10.566141] initcall agp_intel_init+0x0/0x28 returned 0 after 4930 usecs
[   10.577792] calling  drm_kms_helper_init+0x0/0x7 @ 1
[   10.585762] initcall drm_kms_helper_init+0x0/0x7 returned 0 after 73 usecs
[   10.596386] calling  drm_core_init+0x0/0xbd @ 1
[   10.609017] initcall drm_core_init+0x0/0xbd returned 0 after 4362 usecs
[   10.619915] calling  i915_init+0x0/0x6b @ 1
[   10.639619] initcall i915_init+0x0/0x6b returned 0 after 12429 usecs
[   10.649501] calling  cn_proc_init+0x0/0x35 @ 1
[   10.656986] initcall cn_proc_init+0x0/0x35 returned 0 after 476 usecs
[   10.667653] calling  topology_sysfs_init+0x0/0x27 @ 1
[   10.678018] initcall topology_sysfs_init+0x0/0x27 returned 0 after 2462 usecs
[   10.688284] calling  cacheinfo_sysfs_init+0x0/0x27 @ 1
[   10.707966] initcall cacheinfo_sysfs_init+0x0/0x27 returned 0 after 10993 usecs
[   10.720155] calling  loop_init+0x0/0x16a @ 1
[   10.906705] loop: module loaded
[   10.911609] initcall loop_init+0x0/0x16a returned 0 after 179292 usecs
[   10.921967] calling  mac_hid_init+0x0/0x21 @ 1
[   10.929986] initcall mac_hid_init+0x0/0x21 returned 0 after 41 usecs
[   10.939501] calling  spi_transport_init+0x0/0x74 @ 1
[   10.949948] initcall spi_transport_init+0x0/0x74 returned 0 after 2392 usecs
[   10.961205] calling  init_sd+0x0/0x18c @ 1
[   10.969211] initcall init_sd+0x0/0x18c returned 0 after 677 usecs
[   10.979965] calling  init_sr+0x0/0x43 @ 1
[   10.986567] initcall init_sr+0x0/0x43 returned 0 after 105 usecs
[   10.995855] calling  init_sg+0x0/0x1c0 @ 1
[   11.003113] initcall init_sg+0x0/0x1c0 returned 0 after 759 usecs
[   11.012820] calling  ahci_pci_driver_init+0x0/0x15 @ 1
[   11.021983] ahci 0000:00:1f.2: version 3.0
[   11.042286] PCI Interrupt Link [GSIA] enabled at IRQ 16
[   11.073300] ahci 0000:00:1f.2: AHCI 0001.0000 32 slots 6 ports 1.5 Gbps 0x3f impl SATA mode
[   11.087576] ahci 0000:00:1f.2: flags: 64bit ncq only 
[   11.151164] scsi host0: ahci
[   11.172232] scsi host1: ahci
[   11.190251] scsi host2: ahci
[   11.205589] scsi host3: ahci
[   11.220615] scsi host4: ahci
[   11.235675] scsi host5: ahci
[   11.242047] ata1: SATA max UDMA/133 abar m4096@0xfebf1000 port 0xfebf1100 irq 24
[   11.255501] ata2: SATA max UDMA/133 abar m4096@0xfebf1000 port 0xfebf1180 irq 24
[   11.267236] ata3: SATA max UDMA/133 abar m4096@0xfebf1000 port 0xfebf1200 irq 24
[   11.280425] ata4: SATA max UDMA/133 abar m4096@0xfebf1000 port 0xfebf1280 irq 24
[   11.292578] ata5: SATA max UDMA/133 abar m4096@0xfebf1000 port 0xfebf1300 irq 24
[   11.305750] ata6: SATA max UDMA/133 abar m4096@0xfebf1000 port 0xfebf1380 irq 24
[   11.318222] initcall ahci_pci_driver_init+0x0/0x15 returned 0 after 289935 usecs
[   11.329255] calling  piix_init+0x0/0x26 @ 1
[   11.336908] initcall piix_init+0x0/0x26 returned 0 after 310 usecs
[   11.346910] calling  amd_pci_driver_init+0x0/0x15 @ 1
[   11.355523] initcall amd_pci_driver_init+0x0/0x15 returned 0 after 49 usecs
[   11.367501] calling  oldpiix_pci_driver_init+0x0/0x15 @ 1
[   11.376445] initcall oldpiix_pci_driver_init+0x0/0x15 returned 0 after 185 usecs
[   11.389042] calling  sch_pci_driver_init+0x0/0x15 @ 1
[   11.397031] initcall sch_pci_driver_init+0x0/0x15 returned 0 after 49 usecs
[   11.408770] calling  net_olddevs_init+0x0/0x55 @ 1
[   11.417241] initcall net_olddevs_init+0x0/0x55 returned 0 after 620 usecs
[   11.429593] calling  blackhole_netdev_init+0x0/0x78 @ 1
[   11.441404] initcall blackhole_netdev_init+0x0/0x78 returned 0 after 2349 usecs
[   11.457142] calling  phy_module_init+0x0/0x13 @ 1
[   11.471036] initcall phy_module_init+0x0/0x13 returned 0 after 1460 usecs
[   11.482680] calling  tg3_driver_init+0x0/0x15 @ 1
[   11.490886] initcall tg3_driver_init+0x0/0x15 returned 0 after 42 usecs
[   11.507135] calling  e100_init_module+0x0/0x4c @ 1
[   11.517549] e100: Intel(R) PRO/100 Network Driver
[   11.525507] e100: Copyright(c) 1999-2006 Intel Corporation
[   11.535541] initcall e100_init_module+0x0/0x4c returned 0 after 17567 usecs
[   11.549610] calling  e1000_init_module+0x0/0x72 @ 1
[   11.562828] e1000: Intel(R) PRO/1000 Network Driver
[   11.570802] e1000: Copyright (c) 1999-2006 Intel Corporation.
[   11.582908] initcall e1000_init_module+0x0/0x72 returned 0 after 19625 usecs
[   11.592878] calling  e1000_init_module+0x0/0x2d @ 1
[   11.624463] e1000e: Intel(R) PRO/1000 Network Driver
[   11.633231] e1000e: Copyright(c) 1999 - 2015 Intel Corporation.
[   11.641574] ata1: SATA link down (SStatus 0 SControl 300)
[   11.654504] initcall e1000_init_module+0x0/0x2d returned 0 after 29363 usecs
[   11.654508] calling  sky2_init_module+0x0/0x21 @ 1
[   11.654511] sky2: driver version 1.30
[   11.654579] initcall sky2_init_module+0x0/0x21 returned 0 after 65 usecs
[   11.654582] calling  forcedeth_pci_driver_init+0x0/0x15 @ 1
[   11.654615] initcall forcedeth_pci_driver_init+0x0/0x15 returned 0 after 29 usecs
[   11.654618] calling  rtl8139_init_module+0x0/0x15 @ 1
[   11.654653] initcall rtl8139_init_module+0x0/0x15 returned 0 after 31 usecs
[   11.654655] calling  rtl8169_pci_driver_init+0x0/0x15 @ 1
[   11.654698] initcall rtl8169_pci_driver_init+0x0/0x15 returned 0 after 38 usecs
[   11.654721] calling  cdrom_init+0x0/0xc @ 1
[   11.655150] initcall cdrom_init+0x0/0xc returned 0 after 414 usecs
[   11.655153] calling  nonstatic_sysfs_init+0x0/0xc @ 1
[   11.655185] initcall nonstatic_sysfs_init+0x0/0xc returned 0 after 28 usecs
[   11.655188] calling  yenta_cardbus_driver_init+0x0/0x15 @ 1
[   11.655327] initcall yenta_cardbus_driver_init+0x0/0x15 returned 0 after 132 usecs
[   11.655330] calling  mon_init+0x0/0x144 @ 1
[   11.674706] initcall mon_init+0x0/0x144 returned 0 after 18915 usecs
[   11.690275] ata2: SATA link down (SStatus 0 SControl 300)
[   11.694129] calling  ehci_hcd_init+0x0/0x56 @ 1
[   11.694223] ehci_hcd: USB 2.0 'Enhanced' Host Controller (EHCI) Driver
[   11.702644] ata3: SATA link up 1.5 Gbps (SStatus 113 SControl 300)
[   11.711774] initcall ehci_hcd_init+0x0/0x56 returned 0 after 17223 usecs
[   11.738011] ata5: SATA link down (SStatus 0 SControl 300)
[   11.754693] calling  ehci_pci_init+0x0/0x64 @ 1
[   11.765330] ata3.00: ATAPI: QEMU DVD-ROM, 2.5+, max UDMA/100
[   11.773151] ehci-pci: EHCI PCI platform driver
[   11.773342] initcall ehci_pci_init+0x0/0x64 returned 0 after 185 usecs
[   11.773346] calling  ohci_hcd_mod_init+0x0/0x4e @ 1
[   11.773348] ohci_hcd: USB 1.1 'Open' Host Controller (OHCI) Driver
[   11.773370] initcall ohci_hcd_mod_init+0x0/0x4e returned 0 after 20 usecs
[   11.773373] calling  ohci_pci_init+0x0/0x64 @ 1
[   11.773393] ohci-pci: OHCI PCI platform driver
[   11.773480] initcall ohci_pci_init+0x0/0x64 returned 0 after 100 usecs
[   11.773483] calling  uhci_hcd_init+0x0/0xa8 @ 1
[   11.773485] uhci_hcd: USB Universal Host Controller Interface driver
[   11.773612] initcall uhci_hcd_init+0x0/0xa8 returned 0 after 123 usecs
[   11.773615] calling  xhci_hcd_init+0x0/0x1e @ 1
[   11.773694] initcall xhci_hcd_init+0x0/0x1e returned 0 after 73 usecs
[   11.773696] calling  xhci_pci_init+0x0/0x49 @ 1
[   11.773887] initcall xhci_pci_init+0x0/0x49 returned 0 after 182 usecs
[   11.773890] calling  usblp_driver_init+0x0/0x15 @ 1
[   11.774322] usbcore: registered new interface driver usblp
[   11.774326] initcall usblp_driver_init+0x0/0x15 returned 0 after 422 usecs
[   11.774329] calling  usb_storage_driver_init+0x0/0x2a @ 1
[   11.774502] usbcore: registered new interface driver usb-storage
[   11.774505] initcall usb_storage_driver_init+0x0/0x2a returned 0 after 169 usecs
[   11.774508] calling  i8042_init+0x0/0x4c2 @ 1
[   11.775768] i8042: PNP: PS/2 Controller [PNP0303:KBD,PNP0f13:MOU] at 0x60,0x64 irq 1,12
[   11.786149] ata3.00: applying bridge limits
[   11.805016] serio: i8042 KBD port at 0x60,0x64 irq 1
[   11.813165] ata6: SATA link down (SStatus 0 SControl 300)
[   11.818893] serio: i8042 AUX port at 0x60,0x64 irq 12
[   11.832583] ata4: SATA link down (SStatus 0 SControl 300)
[   11.836630] initcall i8042_init+0x0/0x4c2 returned 0 after 60659 usecs
[   11.849865] ata3.00: configured for UDMA/100
[   11.852670] calling  serport_init+0x0/0x2c @ 1
[   11.852735] initcall serport_init+0x0/0x2c returned 0 after 44 usecs
[   12.270478] calling  input_leds_init+0x0/0xc @ 1
[   12.278234] initcall input_leds_init+0x0/0xc returned 0 after 274 usecs
[   12.288329] calling  evdev_init+0x0/0xc @ 1
[   12.298892] initcall evdev_init+0x0/0xc returned 0 after 3214 usecs
[   12.299403] scsi 2:0:0:0: CD-ROM            QEMU     QEMU DVD-ROM     2.5+ PQ: 0 ANSI: 5
[   12.308287] calling  atkbd_init+0x0/0x21 @ 1
[   12.308501] initcall atkbd_init+0x0/0x21 returned 0 after 204 usecs
[   12.358521] calling  psmouse_init+0x0/0x7f @ 1
[   12.365332] initcall psmouse_init+0x0/0x7f returned 0 after 149 usecs
[   12.374421] calling  cmos_init+0x0/0x73 @ 1
[   12.381668] rtc_cmos 00:04: RTC can wake from S4
[   12.398662] input: AT Translated Set 2 keyboard as /devices/platform/i8042/serio0/input/input1
[   12.415245] rtc_cmos 00:04: registered as rtc0
[   12.424570] rtc_cmos 00:04: alarms up to one day, y3k, 242 bytes nvram, hpet irqs
[   12.435445] initcall cmos_init+0x0/0x73 returned 0 after 53640 usecs
[   12.445135] calling  smbalert_driver_init+0x0/0xe @ 1
[   12.453185] initcall smbalert_driver_init+0x0/0xe returned 0 after 198 usecs
[   12.468335] calling  i2c_i801_init+0x0/0xc5 @ 1
[   12.482243] i801_smbus 0000:00:1f.3: SMBus using PCI interrupt
[   12.507358] i2c i2c-0: 1/1 memory slots populated (from DMI)
[   12.523639] i2c i2c-0: Memory type 0x07 not supported yet, not instantiating SPD
[   12.538775] initcall i2c_i801_init+0x0/0xc5 returned 0 after 62300 usecs
[   12.549859] calling  ptp_kvm_init+0x0/0xf0 @ 1
[   12.559345] initcall ptp_kvm_init+0x0/0xf0 returned 0 after 3103 usecs
[   12.570076] calling  dm_init+0x0/0x3c @ 1
[   12.580786] device-mapper: ioctl: 4.43.0-ioctl (2020-10-01) initialised: dm-devel@redhat.com
[   12.592835] sr 2:0:0:0: [sr0] scsi3-mmc drive: 4x/4x cd/rw xa/form2 tray
[   12.609416] initcall dm_init+0x0/0x3c returned 0 after 32882 usecs
[   12.619167] cdrom: Uniform CD-ROM driver Revision: 3.20
[   12.628123] calling  dm_mirror_init+0x0/0x29 @ 1
[   12.628130] initcall dm_mirror_init+0x0/0x29 returned 0 after 2 usecs
[   12.651484] calling  dm_dirty_log_init+0x0/0x4f @ 1
[   12.658652] initcall dm_dirty_log_init+0x0/0x4f returned 0 after 202 usecs
[   12.668316] calling  dm_zero_init+0x0/0x29 @ 1
[   12.674682] initcall dm_zero_init+0x0/0x29 returned 0 after 19 usecs
[   12.683741] calling  intel_pstate_init+0x0/0x512 @ 1
[   12.690904] intel_pstate: CPU model not supported
[   12.697909] initcall intel_pstate_init+0x0/0x512 returned -19 after 6854 usecs
[   12.708163] calling  haltpoll_init+0x0/0xc0 @ 1
[   12.714928] initcall haltpoll_init+0x0/0xc0 returned -19 after 149 usecs
[   12.724784] calling  efivars_sysfs_init+0x0/0x30 @ 1
[   12.732094] initcall efivars_sysfs_init+0x0/0x30 returned 0 after 196 usecs
[   12.741856] calling  esrt_sysfs_init+0x0/0x2a2 @ 1
[   12.748960] initcall esrt_sysfs_init+0x0/0x2a2 returned -38 after 23 usecs
[   12.758693] calling  hid_init+0x0/0x5c @ 1
[   12.765328] hid: raw HID events driver (C) Jiri Kosina
[   12.772820] initcall hid_init+0x0/0x5c returned 0 after 7587 usecs
[   12.781898] calling  hid_generic_init+0x0/0x15 @ 1
[   12.788985] initcall hid_generic_init+0x0/0x15 returned 0 after 210 usecs
[   12.810146] calling  a4_driver_init+0x0/0x15 @ 1
[   12.821912] initcall a4_driver_init+0x0/0x15 returned 0 after 4694 usecs
[   12.832333] calling  apple_driver_init+0x0/0x15 @ 1
[   12.849381] initcall apple_driver_init+0x0/0x15 returned 0 after 774 usecs
[   12.866547] calling  belkin_driver_init+0x0/0x15 @ 1
[   12.874401] initcall belkin_driver_init+0x0/0x15 returned 0 after 45 usecs
[   12.888695] calling  ch_driver_init+0x0/0x15 @ 1
[   12.896032] initcall ch_driver_init+0x0/0x15 returned 0 after 174 usecs
[   12.906497] calling  ch_driver_init+0x0/0x15 @ 1
[   12.912998] initcall ch_driver_init+0x0/0x15 returned 0 after 48 usecs
[   12.922068] calling  cp_driver_init+0x0/0x15 @ 1
[   12.928742] initcall cp_driver_init+0x0/0x15 returned 0 after 76 usecs
[   12.938017] calling  ez_driver_init+0x0/0x15 @ 1
[   12.945396] initcall ez_driver_init+0x0/0x15 returned 0 after 44 usecs
[   12.955119] calling  gyration_driver_init+0x0/0x15 @ 1
[   12.962880] initcall gyration_driver_init+0x0/0x15 returned 0 after 108 usecs
[   12.973783] calling  ite_driver_init+0x0/0x15 @ 1
[   12.980844] initcall ite_driver_init+0x0/0x15 returned 0 after 176 usecs
[   12.991697] calling  ks_driver_init+0x0/0x15 @ 1
[   12.999347] initcall ks_driver_init+0x0/0x15 returned 0 after 169 usecs
[   13.009171] calling  lg_driver_init+0x0/0x15 @ 1
[   13.021272] initcall lg_driver_init+0x0/0x15 returned 0 after 60 usecs
[   13.029995] calling  lg_g15_driver_init+0x0/0x15 @ 1
[   13.037517] initcall lg_g15_driver_init+0x0/0x15 returned 0 after 119 usecs
[   13.046971] calling  ms_driver_init+0x0/0x15 @ 1
[   13.057842] initcall ms_driver_init+0x0/0x15 returned 0 after 46 usecs
[   13.066254] calling  mr_driver_init+0x0/0x15 @ 1
[   13.075215] initcall mr_driver_init+0x0/0x15 returned 0 after 45 usecs
[   13.092173] calling  ntrig_driver_init+0x0/0x15 @ 1
[   13.098960] initcall ntrig_driver_init+0x0/0x15 returned 0 after 73 usecs
[   13.107760] calling  pl_driver_init+0x0/0x15 @ 1
[   13.114891] initcall pl_driver_init+0x0/0x15 returned 0 after 42 usecs
[   13.123826] calling  pl_driver_init+0x0/0x15 @ 1
[   13.135033] initcall pl_driver_init+0x0/0x15 returned 0 after 58 usecs
[   13.143828] calling  redragon_driver_init+0x0/0x15 @ 1
[   13.152959] initcall redragon_driver_init+0x0/0x15 returned 0 after 61 usecs
[   13.163075] calling  samsung_driver_init+0x0/0x15 @ 1
[   13.175170] initcall samsung_driver_init+0x0/0x15 returned 0 after 174 usecs
[   13.185662] calling  sony_init+0x0/0x38 @ 1
[   13.193215] initcall sony_init+0x0/0x38 returned 0 after 64 usecs
[   13.199180] tasks-tracing-torture: rcu_torture_read_exit: End of episode
[   13.202149] calling  sp_driver_init+0x0/0x15 @ 1
[   13.218973] initcall sp_driver_init+0x0/0x15 returned 0 after 51 usecs
[   13.228873] calling  ts_driver_init+0x0/0x15 @ 1
[   13.234995] initcall ts_driver_init+0x0/0x15 returned 0 after 49 usecs
[   13.244308] calling  hid_init+0x0/0x58 @ 1
[   13.250968] usbcore: registered new interface driver usbhid
[   13.258897] usbhid: USB HID core driver
[   13.264566] initcall hid_init+0x0/0x58 returned 0 after 13979 usecs
[   13.273528] calling  eeepc_laptop_init+0x0/0x57 @ 1
[   13.282864] initcall eeepc_laptop_init+0x0/0x57 returned -19 after 2263 usecs
[   13.293072] calling  pmc_atom_init+0x0/0x27a @ 1
[   13.300239] initcall pmc_atom_init+0x0/0x27a returned -19 after 635 usecs
[   13.309507] calling  alsa_hwdep_init+0x0/0x5e @ 1
[   13.316547] initcall alsa_hwdep_init+0x0/0x5e returned 0 after 918 usecs
[   13.325506] calling  alsa_timer_init+0x0/0x1f9 @ 1
[   13.335023] initcall alsa_timer_init+0x0/0x1f9 returned 0 after 3281 usecs
[   13.357521] calling  snd_hrtimer_init+0x0/0x117 @ 1
[   13.364289] initcall snd_hrtimer_init+0x0/0x117 returned 0 after 20 usecs
[   13.373661] calling  alsa_pcm_init+0x0/0x64 @ 1
[   13.380192] initcall alsa_pcm_init+0x0/0x64 returned 0 after 16 usecs
[   13.389434] calling  alsa_seq_init+0x0/0x4a @ 1
[   13.400291] initcall alsa_seq_init+0x0/0x4a returned 0 after 4028 usecs
[   13.409844] calling  alsa_seq_dummy_init+0x0/0x9c @ 1
[   13.417159] initcall alsa_seq_dummy_init+0x0/0x9c returned 0 after 194 usecs
[   13.427587] calling  azx_driver_init+0x0/0x15 @ 1
[   13.434891] initcall azx_driver_init+0x0/0x15 returned 0 after 554 usecs
[   13.459368] calling  sock_diag_init+0x0/0x2a @ 1
[   13.468116] initcall sock_diag_init+0x0/0x2a returned 0 after 1933 usecs
[   13.477727] calling  blackhole_init+0x0/0xc @ 1
[   13.484701] initcall blackhole_init+0x0/0xc returned 0 after 564 usecs
[   13.494370] calling  nfnetlink_init+0x0/0x61 @ 1
[   13.501064] initcall nfnetlink_init+0x0/0x61 returned 0 after 241 usecs
[   13.514102] calling  nfnetlink_log_init+0x0/0x99 @ 1
[   13.521174] initcall nfnetlink_log_init+0x0/0x99 returned 0 after 406 usecs
[   13.531192] calling  nf_conntrack_standalone_init+0x0/0x87 @ 1
[   13.542132] initcall nf_conntrack_standalone_init+0x0/0x87 returned 0 after 2816 usecs
[   13.553227] calling  ctnetlink_init+0x0/0x83 @ 1
[   13.567558] initcall ctnetlink_init+0x0/0x83 returned 0 after 69 usecs
[   13.582091] calling  nf_conntrack_ftp_init+0x0/0x12c @ 1
[   13.604976] initcall nf_conntrack_ftp_init+0x0/0x12c returned 0 after 87 usecs
[   13.626299] calling  nf_conntrack_irc_init+0x0/0x129 @ 1
[   13.633093] initcall nf_conntrack_irc_init+0x0/0x129 returned 0 after 48 usecs
[   13.651306] calling  nf_conntrack_sip_init+0x0/0x172 @ 1
[   13.662586] initcall nf_conntrack_sip_init+0x0/0x172 returned 0 after 29 usecs
[   13.685083] calling  nf_nat_init+0x0/0xf0 @ 1
[   13.695000] initcall nf_nat_init+0x0/0xf0 returned 0 after 3911 usecs
[   13.715775] calling  nf_nat_ftp_init+0x0/0x2a @ 1
[   13.722634] initcall nf_nat_ftp_init+0x0/0x2a returned 0 after 43 usecs
[   13.732191] calling  nf_nat_irc_init+0x0/0x2a @ 1
[   13.739359] initcall nf_nat_irc_init+0x0/0x2a returned 0 after 2 usecs
[   13.748669] calling  nf_nat_sip_init+0x0/0x36 @ 1
[   13.755787] initcall nf_nat_sip_init+0x0/0x36 returned 0 after 3 usecs
[   13.765416] calling  xt_init+0x0/0x146 @ 1
