c[?7l[2J[0mSeaBIOS (version 1.16.0-debian-1.16.0-4)
Booting from ROM...
early console in setup code
c[?7l[2J[    0.000000] Linux version 5.10.151+ (root@joelboxx.c.googlers.com) (gcc (Debian 12.2.0-3) 12.2.0, GNU ld (GNU Binutils for Debian) 2.39) #5 SMP PREEMPT Tue Dec 13 09:08:36 UTC 2022
[    0.000000] Command line: selinux=0 initcall_debug debug console=ttyS0 rcutorture.onoff_interval=1000 rcutorture.onoff_holdoff=30 rcutorture.n_barrier_cbs=4 rcutorture.stat_interval=15 rcutorture.shutdown_secs=1800 rcutorture.test_no_idle_hz=1 rcutorture.verbose=1
[    0.000000] x86/fpu: x87 FPU will use FXSAVE
[    0.000000] BIOS-provided physical RAM map:
[    0.000000] BIOS-e820: [mem 0x0000000000000000-0x000000000009fbff] usable
[    0.000000] BIOS-e820: [mem 0x000000000009fc00-0x000000000009ffff] reserved
[    0.000000] BIOS-e820: [mem 0x00000000000f0000-0x00000000000fffff] reserved
[    0.000000] BIOS-e820: [mem 0x0000000000100000-0x000000001ffdefff] usable
[    0.000000] BIOS-e820: [mem 0x000000001ffdf000-0x000000001fffffff] reserved
[    0.000000] BIOS-e820: [mem 0x00000000b0000000-0x00000000bfffffff] reserved
[    0.000000] BIOS-e820: [mem 0x00000000fed1c000-0x00000000fed1ffff] reserved
[    0.000000] BIOS-e820: [mem 0x00000000feffc000-0x00000000feffffff] reserved
[    0.000000] BIOS-e820: [mem 0x00000000fffc0000-0x00000000ffffffff] reserved
[    0.000000] NX (Execute Disable) protection: active
[    0.000000] SMBIOS 2.8 present.
[    0.000000] DMI: QEMU Standard PC (Q35 + ICH9, 2009), BIOS 1.16.0-debian-1.16.0-4 04/01/2014
[    0.000000] Hypervisor detected: KVM
[    0.000000] kvm-clock: Using msrs 4b564d01 and 4b564d00
[    0.000000] kvm-clock: cpu 0, msr 8d23001, primary cpu clock
[    0.000054] kvm-clock: using sched offset of 2523492477 cycles
[    0.000343] clocksource: kvm-clock: mask: 0xffffffffffffffff max_cycles: 0x1cd42e4dffb, max_idle_ns: 881590591483 ns
[    0.000806] tsc: Detected 1999.999 MHz processor
[    0.008244] e820: update [mem 0x00000000-0x00000fff] usable ==> reserved
[    0.008252] e820: remove [mem 0x000a0000-0x000fffff] usable
[    0.008261] last_pfn = 0x1ffdf max_arch_pfn = 0x400000000
[    0.009067] MTRR default type: write-back
[    0.009114] MTRR fixed ranges enabled:
[    0.009122]   00000-9FFFF write-back
[    0.009124]   A0000-BFFFF uncachable
[    0.009127]   C0000-FFFFF write-protect
[    0.009188] MTRR variable ranges enabled:
[    0.009191]   0 base 00C0000000 mask FFC0000000 uncachable
[    0.009193]   1 disabled
[    0.009195]   2 disabled
[    0.009196]   3 disabled
[    0.009198]   4 disabled
[    0.009200]   5 disabled
[    0.009201]   6 disabled
[    0.009203]   7 disabled
[    0.009640] x86/PAT: Configuration [0-7]: WB  WC  UC- UC  WB  WC  UC- UC  
[    0.018787] found SMP MP-table at [mem 0x000f5ba0-0x000f5baf]
[    0.021408] check: Scanning 1 areas for low memory corruption
[    0.034447] ACPI: Early table checksum verification disabled
[    0.036177] ACPI: RSDP 0x00000000000F59E0 000014 (v00 BOCHS )
[    0.036497] ACPI: RSDT 0x000000001FFE252A 000038 (v01 BOCHS  BXPC     00000001 BXPC 00000001)
[    0.036772] ACPI: FACP 0x000000001FFE22EA 0000F4 (v03 BOCHS  BXPC     00000001 BXPC 00000001)
[    0.036939] ACPI: DSDT 0x000000001FFE0040 0022AA (v01 BOCHS  BXPC     00000001 BXPC 00000001)
[    0.036996] ACPI: FACS 0x000000001FFE0000 000040
[    0.037003] ACPI: APIC 0x000000001FFE23DE 0000B0 (v01 BOCHS  BXPC     00000001 BXPC 00000001)
[    0.037009] ACPI: HPET 0x000000001FFE248E 000038 (v01 BOCHS  BXPC     00000001 BXPC 00000001)
[    0.037015] ACPI: MCFG 0x000000001FFE24C6 00003C (v01 BOCHS  BXPC     00000001 BXPC 00000001)
[    0.037022] ACPI: WAET 0x000000001FFE2502 000028 (v01 BOCHS  BXPC     00000001 BXPC 00000001)
[    0.037028] ACPI: Reserving FACP table memory at [mem 0x1ffe22ea-0x1ffe23dd]
[    0.037030] ACPI: Reserving DSDT table memory at [mem 0x1ffe0040-0x1ffe22e9]
[    0.037084] ACPI: Reserving FACS table memory at [mem 0x1ffe0000-0x1ffe003f]
[    0.037086] ACPI: Reserving APIC table memory at [mem 0x1ffe23de-0x1ffe248d]
[    0.037088] ACPI: Reserving HPET table memory at [mem 0x1ffe248e-0x1ffe24c5]
[    0.037090] ACPI: Reserving MCFG table memory at [mem 0x1ffe24c6-0x1ffe2501]
[    0.037092] ACPI: Reserving WAET table memory at [mem 0x1ffe2502-0x1ffe2529]
[    0.038004] ACPI: Local APIC address 0xfee00000
[    0.042792] No NUMA configuration found
[    0.042796] Faking a node at [mem 0x0000000000000000-0x000000001ffdefff]
[    0.043023] NODE_DATA(0) allocated [mem 0x1ffdb000-0x1ffdefff]
[    0.046873] Zone ranges:
[    0.047094]   DMA      [mem 0x0000000000001000-0x0000000000ffffff]
[    0.047177]   DMA32    [mem 0x0000000001000000-0x000000001ffdefff]
[    0.047181]   Normal   empty
[    0.047183] Movable zone start for each node
[    0.047185] Early memory node ranges
[    0.047188]   node   0: [mem 0x0000000000001000-0x000000000009efff]
[    0.047246]   node   0: [mem 0x0000000000100000-0x000000001ffdefff]
[    0.047373] Initmem setup node 0 [mem 0x0000000000001000-0x000000001ffdefff]
[    0.047454] On node 0 totalpages: 130941
[    0.047608]   DMA zone: 64 pages used for memmap
[    0.047610]   DMA zone: 21 pages reserved
[    0.047675]   DMA zone: 3998 pages, LIFO batch:0
[    0.047678]   DMA32 zone: 1984 pages used for memmap
[    0.047680]   DMA32 zone: 126943 pages, LIFO batch:31
[    0.048823] On node 0, zone DMA: 1 pages in unavailable ranges
[    0.052320] On node 0, zone DMA: 97 pages in unavailable ranges
[    0.183953] On node 0, zone DMA32: 33 pages in unavailable ranges
[    0.187687] ACPI: PM-Timer IO Port: 0x608
[    0.187693] ACPI: Local APIC address 0xfee00000
[    0.188016] ACPI: LAPIC_NMI (acpi_id[0xff] dfl dfl lint[0x1])
[    0.189402] IOAPIC[0]: apic_id 0, version 17, address 0xfec00000, GSI 0-23
[    0.189443] ACPI: INT_SRC_OVR (bus 0 bus_irq 0 global_irq 2 dfl dfl)
[    0.189511] ACPI: INT_SRC_OVR (bus 0 bus_irq 5 global_irq 5 high level)
[    0.189514] ACPI: INT_SRC_OVR (bus 0 bus_irq 9 global_irq 9 high level)
[    0.189622] ACPI: INT_SRC_OVR (bus 0 bus_irq 10 global_irq 10 high level)
[    0.189624] ACPI: INT_SRC_OVR (bus 0 bus_irq 11 global_irq 11 high level)
[    0.189627] ACPI: IRQ0 used by override.
[    0.189633] ACPI: IRQ5 used by override.
[    0.189635] ACPI: IRQ9 used by override.
[    0.189637] ACPI: IRQ10 used by override.
[    0.189678] ACPI: IRQ11 used by override.
[    0.189683] Using ACPI (MADT) for SMP configuration information
[    0.189687] ACPI: HPET id: 0x8086a201 base: 0xfed00000
[    0.190024] smpboot: Allowing 8 CPUs, 0 hotplug CPUs
[    0.195523] PM: hibernation: Registered nosave memory: [mem 0x00000000-0x00000fff]
[    0.195528] PM: hibernation: Registered nosave memory: [mem 0x0009f000-0x0009ffff]
[    0.195530] PM: hibernation: Registered nosave memory: [mem 0x000a0000-0x000effff]
[    0.195643] PM: hibernation: Registered nosave memory: [mem 0x000f0000-0x000fffff]
[    0.195711] [mem 0x20000000-0xafffffff] available for PCI devices
[    0.196645] Booting paravirtualized kernel on KVM
[    0.197632] clocksource: refined-jiffies: mask: 0xffffffff max_cycles: 0xffffffff, max_idle_ns: 1910969940391419 ns
[    0.234378] setup_percpu: NR_CPUS:8 nr_cpumask_bits:8 nr_cpu_ids:8 nr_node_ids:1
[    0.265928] percpu: Embedded 58 pages/cpu s197776 r8192 d31600 u262144
[    0.266029] pcpu-alloc: s197776 r8192 d31600 u262144 alloc=1*2097152
[    0.266089] pcpu-alloc: [0] 0 1 2 3 4 5 6 7 
[    0.266559] kvm-guest: stealtime: cpu 0, msr 1f41bac0
[    0.267062] Built 1 zonelists, mobility grouping on.  Total pages: 128872
[    0.267067] Policy zone: DMA32
[    0.267161] Kernel command line: selinux=0 initcall_debug debug console=ttyS0 rcutorture.onoff_interval=1000 rcutorture.onoff_holdoff=30 rcutorture.n_barrier_cbs=4 rcutorture.stat_interval=15 rcutorture.shutdown_secs=1800 rcutorture.test_no_idle_hz=1 rcutorture.verbose=1
[    0.283379] Dentry cache hash table entries: 65536 (order: 7, 524288 bytes, linear)
[    0.286172] Inode-cache hash table entries: 32768 (order: 6, 262144 bytes, linear)
[    0.287171] mem auto-init: stack:all(zero), heap alloc:off, heap free:off
[    0.294085] Memory: 471528K/523764K available (16397K kernel code, 2793K rwdata, 4784K rodata, 1556K init, 7148K bss, 51976K reserved, 0K cma-reserved)
[    0.295083] SLUB: HWalign=64, Order=0-3, MinObjects=0, CPUs=8, Nodes=1
[    0.316385] Kernel/User page tables isolation: enabled
[    0.336205] rcu: Preemptible hierarchical RCU implementation.
[    0.336209] rcu: 	CONFIG_RCU_FANOUT set to non-default value of 3.
[    0.336211] rcu: 	Build-time adjustment of leaf fanout to 3.
[    0.336269] rcu: 	RCU callback double-/use-after-free debug enabled.
[    0.336391] 	Trampoline variant of Tasks RCU enabled.
[    0.336393] 	Rude variant of Tasks RCU enabled.
[    0.336394] 	Tracing variant of Tasks RCU enabled.
[    0.336523] rcu: RCU calculated value of scheduler-enlistment delay is 100 jiffies.
[    0.356937] NR_IRQS: 4352, nr_irqs: 488, preallocated irqs: 16
[    0.360250] calling  con_init+0x0/0x24f @ 0
[    0.490825] Console: colour VGA+ 80x25
[    0.490837] initcall con_init+0x0/0x24f returned 0 after 0 usecs
[    0.490841] calling  hvc_console_init+0x0/0x13 @ 0
[    0.490868] initcall hvc_console_init+0x0/0x13 returned 0 after 0 usecs
[    0.490871] calling  univ8250_console_init+0x0/0x26 @ 0
[    1.396932] printk: console [ttyS0] enabled
[    1.401556] initcall univ8250_console_init+0x0/0x26 returned 0 after 0 usecs
[    1.409269] Lock dependency validator: Copyright (c) 2006 Red Hat, Inc., Ingo Molnar
[    1.418156] ... MAX_LOCKDEP_SUBCLASSES:  8
[    1.422698] ... MAX_LOCK_DEPTH:          48
[    1.427498] ... MAX_LOCKDEP_KEYS:        8192
[    1.432285] ... CLASSHASH_SIZE:          4096
[    1.437250] ... MAX_LOCKDEP_ENTRIES:     32768
[    1.442211] ... MAX_LOCKDEP_CHAINS:      65536
[    1.447170] ... CHAINHASH_SIZE:          32768
[    1.452070]  memory used by lock dependency info: 3637 kB
[    1.458144]  per task-struct memory footprint: 1920 bytes
[    1.464136] ACPI: Core revision 20200925
[    1.469762] clocksource: hpet: mask: 0xffffffff max_cycles: 0xffffffff, max_idle_ns: 19112604467 ns
[    1.480743] APIC: Switch to symmetric I/O mode setup
[    1.501134] ..TIMER: vector=0x30 apic1=0 pin1=2 apic2=-1 pin2=-1
[    1.510308] clocksource: tsc-early: mask: 0xffffffffffffffff max_cycles: 0x39a85afc727, max_idle_ns: 881590685098 ns
[    1.522059] Calibrating delay loop (skipped) preset value.. 3999.99 BogoMIPS (lpj=1999999)
[    1.524044] pid_max: default: 32768 minimum: 301
[    1.525290] LSM: Security Framework initializing
[    1.526209] Mount-cache hash table entries: 1024 (order: 1, 8192 bytes, linear)
[    1.527087] Mountpoint-cache hash table entries: 1024 (order: 1, 8192 bytes, linear)
[    1.534745] Last level iTLB entries: 4KB 0, 2MB 0, 4MB 0
[    1.535044] Last level dTLB entries: 4KB 0, 2MB 0, 4MB 0, 1GB 0
[    1.536082] Spectre V1 : Mitigation: usercopy/swapgs barriers and __user pointer sanitization
[    1.537045] Spectre V2 : Mitigation: Retpolines
[    1.539043] Spectre V2 : Spectre v2 / SpectreRSB mitigation: Filling RSB on context switch
[    1.540043] Spectre V2 : Spectre v2 / SpectreRSB : Filling RSB on VMEXIT
[    1.541045] Speculative Store Bypass: Vulnerable
[    1.542050] MDS: Vulnerable: Clear CPU buffers attempted, no microcode
[    1.543043] MMIO Stale Data: Unknown: No mitigations
[    1.596262] Freeing SMP alternatives memory: 40K
[    1.701001] smpboot: CPU0: Intel Common KVM processor (family: 0xf, model: 0x6, stepping: 0x1)
[    1.703796] calling  init_hw_perf_events+0x0/0x6ce @ 1
[    1.704046] Performance Events: unsupported Netburst CPU model 6 no PMU driver, software events only.
[    1.705050] initcall init_hw_perf_events+0x0/0x6ce returned 0 after 976 usecs
[    1.706047] calling  init_real_mode+0x0/0x1e9 @ 1
[    1.708128] initcall init_real_mode+0x0/0x1e9 returned 0 after 976 usecs
[    1.709057] calling  trace_init_perf_perm_irq_work_exit+0x0/0x12 @ 1
[    1.710046] initcall trace_init_perf_perm_irq_work_exit+0x0/0x12 returned 0 after 0 usecs
[    1.711046] calling  validate_x2apic+0x0/0x4a @ 1
[    1.712070] initcall validate_x2apic+0x0/0x4a returned 0 after 0 usecs
[    1.713045] calling  register_nmi_cpu_backtrace_handler+0x0/0x15 @ 1
[    1.714060] initcall register_nmi_cpu_backtrace_handler+0x0/0x15 returned 0 after 0 usecs
[    1.715061] calling  kvm_setup_vsyscall_timeinfo+0x0/0xce @ 1
[    1.716046] initcall kvm_setup_vsyscall_timeinfo+0x0/0xce returned 0 after 0 usecs
[    1.717046] calling  spawn_ksoftirqd+0x0/0x38 @ 1
[    1.718184] initcall spawn_ksoftirqd+0x0/0x38 returned 0 after 0 usecs
[    1.719047] calling  migration_init+0x0/0x31 @ 1
[    1.720048] initcall migration_init+0x0/0x31 returned 0 after 0 usecs
[    1.721048] calling  srcu_bootup_announce+0x0/0x2f @ 1
[    1.722052] rcu: Hierarchical SRCU implementation.
[    1.723047] initcall srcu_bootup_announce+0x0/0x2f returned 0 after 976 usecs
[    1.725046] calling  rcu_spawn_gp_kthread+0x0/0x1b0 @ 1
[    1.727105] initcall rcu_spawn_gp_kthread+0x0/0x1b0 returned 0 after 976 usecs
[    1.728047] calling  check_cpu_stall_init+0x0/0x1a @ 1
[    1.729048] initcall check_cpu_stall_init+0x0/0x1a returned 0 after 0 usecs
[    1.730047] calling  rcu_sysrq_init+0x0/0x21 @ 1
[    1.731082] initcall rcu_sysrq_init+0x0/0x21 returned 0 after 0 usecs
[    1.732074] calling  trace_init_flags_sys_enter+0x0/0xe @ 1
[    1.733078] initcall trace_init_flags_sys_enter+0x0/0xe returned 0 after 0 usecs
[    1.734049] calling  trace_init_flags_sys_exit+0x0/0xe @ 1
[    1.735052] initcall trace_init_flags_sys_exit+0x0/0xe returned 0 after 0 usecs
[    1.736065] calling  cpu_stop_init+0x0/0x8d @ 1
[    1.737210] initcall cpu_stop_init+0x0/0x8d returned 0 after 0 usecs
[    1.738056] calling  init_kprobes+0x0/0x16e @ 1
[    1.740379] initcall init_kprobes+0x0/0x16e returned 0 after 976 usecs
[    1.741064] calling  init_events+0x0/0x3d @ 1
[    1.742062] initcall init_events+0x0/0x3d returned 0 after 0 usecs
[    1.744047] calling  init_trace_printk+0x0/0xc @ 1
[    1.745050] initcall init_trace_printk+0x0/0xc returned 0 after 0 usecs
[    1.746047] calling  event_trace_enable_again+0x0/0x23 @ 1
[    1.747051] initcall event_trace_enable_again+0x0/0x23 returned 0 after 0 usecs
[    1.748047] calling  static_call_init+0x0/0x79 @ 1
[    1.749047] initcall static_call_init+0x0/0x79 returned 0 after 0 usecs
[    1.750047] calling  jump_label_init_module+0x0/0xc @ 1
[    1.751050] initcall jump_label_init_module+0x0/0xc returned 0 after 0 usecs
[    1.752048] calling  init_zero_pfn+0x0/0x37 @ 1
[    1.753049] initcall init_zero_pfn+0x0/0x37 returned 0 after 0 usecs
[    1.754049] calling  initialize_ptr_random+0x0/0x54 @ 1
[    1.755058] initcall initialize_ptr_random+0x0/0x54 returned 0 after 0 usecs
[    1.756063] calling  efi_memreserve_root_init+0x0/0x25 @ 1
[    1.757067] initcall efi_memreserve_root_init+0x0/0x25 returned 0 after 0 usecs
[    1.758047] calling  efi_earlycon_remap_fb+0x0/0x51 @ 1
[    1.759060] initcall efi_earlycon_remap_fb+0x0/0x51 returned 0 after 0 usecs
[    1.762099] smp: Bringing up secondary CPUs ...
[    1.764492] x86: Booting SMP configuration:
[    1.765048] .... node  #0, CPUs:      #1
[    1.161621] kvm-clock: cpu 1, msr 8d23041, secondary cpu clock
[    1.790194] kvm-guest: stealtime: cpu 1, msr 1f45bac0
[    1.804052]  #2
[    1.161621] kvm-clock: cpu 2, msr 8d23081, secondary cpu clock
[    1.825201] kvm-guest: stealtime: cpu 2, msr 1f49bac0
[    1.838543]  #3
[    1.161621] kvm-clock: cpu 3, msr 8d230c1, secondary cpu clock
[    1.861041] kvm-guest: stealtime: cpu 3, msr 1f4dbac0
[    1.876488]  #4
[    1.161621] kvm-clock: cpu 4, msr 8d23101, secondary cpu clock
[    1.898195] kvm-guest: stealtime: cpu 4, msr 1f51bac0
[    1.911667]  #5
[    1.161621] kvm-clock: cpu 5, msr 8d23141, secondary cpu clock
[    1.933192] kvm-guest: stealtime: cpu 5, msr 1f55bac0
[    1.947052]  #6
[    1.161621] kvm-clock: cpu 6, msr 8d23181, secondary cpu clock
[    1.968226] kvm-guest: stealtime: cpu 6, msr 1f59bac0
[    1.982053]  #7
[    1.161621] kvm-clock: cpu 7, msr 8d231c1, secondary cpu clock
[    2.003207] kvm-guest: stealtime: cpu 7, msr 1f5dbac0
[    2.017313] smp: Brought up 1 node, 8 CPUs
[    2.018046] smpboot: Max logical packages: 1
[    2.019045] smpboot: Total of 8 processors activated (31999.98 BogoMIPS)
[    2.024335] devtmpfs: initialized
[    2.026141] calling  ipc_ns_init+0x0/0x3d @ 1
[    2.027119] initcall ipc_ns_init+0x0/0x3d returned 0 after 0 usecs
[    2.028049] calling  init_mmap_min_addr+0x0/0x21 @ 1
[    2.029047] initcall init_mmap_min_addr+0x0/0x21 returned 0 after 0 usecs
[    2.030048] calling  pci_realloc_setup_params+0x0/0x3f @ 1
[    2.031055] initcall pci_realloc_setup_params+0x0/0x3f returned 0 after 0 usecs
[    2.032048] calling  net_ns_init+0x0/0x140 @ 1
[    2.035151] initcall net_ns_init+0x0/0x140 returned 0 after 1953 usecs
[    2.036075] calling  e820__register_nvs_regions+0x0/0x37 @ 1
[    2.037049] initcall e820__register_nvs_regions+0x0/0x37 returned 0 after 0 usecs
[    2.038049] calling  cpufreq_register_tsc_scaling+0x0/0x2e @ 1
[    2.039048] initcall cpufreq_register_tsc_scaling+0x0/0x2e returned 0 after 0 usecs
[    2.040049] calling  reboot_init+0x0/0x3c @ 1
[    2.042132] initcall reboot_init+0x0/0x3c returned 0 after 976 usecs
[    2.043049] calling  init_lapic_sysfs+0x0/0x20 @ 1
[    2.044050] initcall init_lapic_sysfs+0x0/0x20 returned 0 after 0 usecs
[    2.045051] calling  alloc_frozen_cpus+0x0/0x7 @ 1
[    2.046047] initcall alloc_frozen_cpus+0x0/0x7 returned 0 after 0 usecs
[    2.047046] calling  cpu_hotplug_pm_sync_init+0x0/0x13 @ 1
[    2.048063] initcall cpu_hotplug_pm_sync_init+0x0/0x13 returned 0 after 0 usecs
[    2.050049] calling  wq_sysfs_init+0x0/0x2a @ 1
[    2.051144] initcall wq_sysfs_init+0x0/0x2a returned 0 after 0 usecs
[    2.052046] calling  ksysfs_init+0x0/0x92 @ 1
[    2.053071] initcall ksysfs_init+0x0/0x92 returned 0 after 0 usecs
[    2.054086] calling  schedutil_gov_init+0x0/0xc @ 1
[    2.057046] initcall schedutil_gov_init+0x0/0xc returned 0 after 976 usecs
[    2.058047] calling  pm_init+0x0/0x76 @ 1
[    2.060058] initcall pm_init+0x0/0x76 returned 0 after 976 usecs
[    2.061045] calling  pm_disk_init+0x0/0x13 @ 1
[    2.062086] initcall pm_disk_init+0x0/0x13 returned 0 after 0 usecs
[    2.063047] calling  swsusp_header_init+0x0/0x2b @ 1
[    2.064050] initcall swsusp_header_init+0x0/0x2b returned 0 after 0 usecs
[    2.065047] calling  rcu_set_runtime_mode+0x0/0x16 @ 1
[    2.066069] initcall rcu_set_runtime_mode+0x0/0x16 returned 0 after 0 usecs
[    2.068046] calling  init_jiffies_clocksource+0x0/0x13 @ 1
[    2.069048] clocksource: jiffies: mask: 0xffffffff max_cycles: 0xffffffff, max_idle_ns: 1911260446275000 ns
[    2.070051] initcall init_jiffies_clocksource+0x0/0x13 returned 0 after 976 usecs
[    2.071047] calling  futex_init+0x0/0x118 @ 1
[    2.072052] futex hash table entries: 2048 (order: 6, 262144 bytes, linear)
[    2.073202] initcall futex_init+0x0/0x118 returned 0 after 976 usecs
[    2.074048] calling  cgroup_wq_init+0x0/0x28 @ 1
[    2.075087] initcall cgroup_wq_init+0x0/0x28 returned 0 after 0 usecs
[    2.077045] calling  cgroup1_wq_init+0x0/0x28 @ 1
[    2.078064] initcall cgroup1_wq_init+0x0/0x28 returned 0 after 0 usecs
[    2.079047] calling  init_kprobe_trace_early+0x0/0x2a @ 1
[    2.080080] initcall init_kprobe_trace_early+0x0/0x2a returned 0 after 0 usecs
[    2.081048] calling  fsnotify_init+0x0/0x56 @ 1
[    2.083064] initcall fsnotify_init+0x0/0x56 returned 0 after 976 usecs
[    2.084051] calling  filelock_init+0x0/0xb3 @ 1
[    2.085088] initcall filelock_init+0x0/0xb3 returned 0 after 0 usecs
[    2.086052] calling  init_misc_binfmt+0x0/0x2c @ 1
[    2.087063] initcall init_misc_binfmt+0x0/0x2c returned 0 after 0 usecs
[    2.088046] calling  init_script_binfmt+0x0/0x15 @ 1
[    2.089048] initcall init_script_binfmt+0x0/0x15 returned 0 after 0 usecs
[    2.090047] calling  init_elf_binfmt+0x0/0x15 @ 1
[    2.091047] initcall init_elf_binfmt+0x0/0x15 returned 0 after 0 usecs
[    2.092052] calling  init_compat_elf_binfmt+0x0/0x15 @ 1
[    2.093050] initcall init_compat_elf_binfmt+0x0/0x15 returned 0 after 0 usecs
[    2.094047] calling  debugfs_init+0x0/0x5c @ 1
[    2.095109] initcall debugfs_init+0x0/0x5c returned 0 after 0 usecs
[    2.096046] calling  tracefs_init+0x0/0x3a @ 1
[    2.097058] initcall tracefs_init+0x0/0x3a returned 0 after 0 usecs
[    2.098050] calling  prandom_init_early+0x0/0x15d @ 1
[    2.099051] initcall prandom_init_early+0x0/0x15d returned 0 after 0 usecs
[    2.100136] calling  virtio_init+0x0/0x20 @ 1
[    2.101084] initcall virtio_init+0x0/0x20 returned 0 after 0 usecs
[    2.102048] calling  iommu_init+0x0/0x2a @ 1
[    2.103062] initcall iommu_init+0x0/0x2a returned 0 after 0 usecs
[    2.104049] calling  component_debug_init+0x0/0x1c @ 1
[    2.105172] initcall component_debug_init+0x0/0x1c returned 0 after 0 usecs
[    2.106047] calling  early_resume_init+0x0/0xb9 @ 1
[    2.108050] PM: RTC time: 09:27:29, date: 2022-12-13
[    2.109059] initcall early_resume_init+0x0/0xb9 returned 0 after 1953 usecs
[    2.110053] calling  cpufreq_core_init+0x0/0x62 @ 1
[    2.111080] initcall cpufreq_core_init+0x0/0x62 returned 0 after 0 usecs
[    2.112052] calling  cpufreq_gov_performance_init+0x0/0xc @ 1
[    2.113050] initcall cpufreq_gov_performance_init+0x0/0xc returned 0 after 0 usecs
[    2.114048] calling  cpufreq_gov_userspace_init+0x0/0xc @ 1
[    2.115049] initcall cpufreq_gov_userspace_init+0x0/0xc returned 0 after 0 usecs
[    2.116050] calling  CPU_FREQ_GOV_ONDEMAND_init+0x0/0xc @ 1
[    2.117094] initcall CPU_FREQ_GOV_ONDEMAND_init+0x0/0xc returned 0 after 0 usecs
[    2.119046] calling  cpuidle_init+0x0/0x1f @ 1
[    2.120085] initcall cpuidle_init+0x0/0x1f returned 0 after 0 usecs
[    2.121047] calling  capsule_reboot_register+0x0/0xc @ 1
[    2.122070] initcall capsule_reboot_register+0x0/0xc returned 0 after 0 usecs
[    2.124048] calling  sock_init+0x0/0x93 @ 1
[    2.126894] initcall sock_init+0x0/0x93 returned 0 after 976 usecs
[    2.127050] calling  net_inuse_init+0x0/0x23 @ 1
[    2.128080] initcall net_inuse_init+0x0/0x23 returned 0 after 0 usecs
[    2.129051] calling  net_defaults_init+0x0/0x23 @ 1
[    2.130052] initcall net_defaults_init+0x0/0x23 returned 0 after 0 usecs
[    2.131050] calling  init_default_flow_dissectors+0x0/0x4f @ 1
[    2.133048] initcall init_default_flow_dissectors+0x0/0x4f returned 0 after 976 usecs
[    2.134054] calling  netpoll_init+0x0/0x44 @ 1
[    2.135049] initcall netpoll_init+0x0/0x44 returned 0 after 0 usecs
[    2.136047] calling  netlink_proto_init+0x0/0x154 @ 1
[    2.137168] NET: Registered protocol family 16
[    2.138098] initcall netlink_proto_init+0x0/0x154 returned 0 after 976 usecs
[    2.139047] calling  genl_init+0x0/0x35 @ 1
[    2.140119] initcall genl_init+0x0/0x35 returned 0 after 0 usecs
[    2.142039] calling  bsp_pm_check_init+0x0/0x13 @ 1
[    2.143048] initcall bsp_pm_check_init+0x0/0x13 returned 0 after 0 usecs
[    2.144079] calling  irq_sysfs_init+0x0/0xb9 @ 1
[    2.146069] initcall irq_sysfs_init+0x0/0xb9 returned 0 after 976 usecs
[    2.147048] calling  audit_init+0x0/0x127 @ 1
[    2.148053] audit: initializing netlink subsys (disabled)
[    2.157507] initcall audit_init+0x0/0x127 returned 0 after 8789 usecs
[    2.157199] audit: type=2000 audit(1670923648.266:1): state=initialized audit_enabled=0 res=1
[    2.158052] calling  release_early_probes+0x0/0x32 @ 1
[    2.160050] initcall release_early_probes+0x0/0x32 returned 0 after 0 usecs
[    2.161049] calling  bdi_class_init+0x0/0x48 @ 1
[    2.162079] initcall bdi_class_init+0x0/0x48 returned 0 after 0 usecs
[    2.163059] calling  mm_sysfs_init+0x0/0x28 @ 1
[    2.164054] initcall mm_sysfs_init+0x0/0x28 returned 0 after 0 usecs
[    2.165049] calling  init_per_zone_wmark_min+0x0/0x6d @ 1
[    2.166184] initcall init_per_zone_wmark_min+0x0/0x6d returned 0 after 0 usecs
[    2.167050] calling  mpi_init+0x0/0x3e @ 1
[    2.168125] initcall mpi_init+0x0/0x3e returned 0 after 0 usecs
[    2.169048] calling  kobject_uevent_init+0x0/0xc @ 1
[    2.170063] initcall kobject_uevent_init+0x0/0xc returned 0 after 0 usecs
[    2.171049] calling  pcibus_class_init+0x0/0x13 @ 1
[    2.173135] initcall pcibus_class_init+0x0/0x13 returned 0 after 976 usecs
[    2.174047] calling  pci_driver_init+0x0/0x21 @ 1
[    2.175129] initcall pci_driver_init+0x0/0x21 returned 0 after 0 usecs
[    2.176048] calling  backlight_class_init+0x0/0xa8 @ 1
[    2.177100] initcall backlight_class_init+0x0/0xa8 returned 0 after 0 usecs
[    2.178067] calling  tty_class_init+0x0/0x33 @ 1
[    2.179060] initcall tty_class_init+0x0/0x33 returned 0 after 0 usecs
[    2.180047] calling  vtconsole_class_init+0x0/0xb5 @ 1
[    2.181138] initcall vtconsole_class_init+0x0/0xb5 returned 0 after 0 usecs
[    2.182048] calling  iommu_dev_init+0x0/0x13 @ 1
[    2.183059] initcall iommu_dev_init+0x0/0x13 returned 0 after 0 usecs
[    2.184048] calling  mipi_dsi_bus_init+0x0/0xc @ 1
[    2.185092] initcall mipi_dsi_bus_init+0x0/0xc returned 0 after 0 usecs
[    2.186070] calling  devlink_class_init+0x0/0x40 @ 1
[    2.187079] initcall devlink_class_init+0x0/0x40 returned 0 after 0 usecs
[    2.188053] calling  software_node_init+0x0/0x2a @ 1
[    2.189058] initcall software_node_init+0x0/0x2a returned 0 after 0 usecs
[    2.190047] calling  wakeup_sources_debugfs_init+0x0/0x23 @ 1
[    2.191060] initcall wakeup_sources_debugfs_init+0x0/0x23 returned 0 after 0 usecs
[    2.192048] calling  wakeup_sources_sysfs_init+0x0/0x2c @ 1
[    2.193065] initcall wakeup_sources_sysfs_init+0x0/0x2c returned 0 after 0 usecs
[    2.195045] calling  register_node_type+0x0/0x13 @ 1
[    2.196128] initcall register_node_type+0x0/0x13 returned 0 after 0 usecs
[    2.197047] calling  regmap_initcall+0x0/0xc @ 1
[    2.198072] initcall regmap_initcall+0x0/0xc returned 0 after 0 usecs
[    2.199047] calling  i2c_init+0x0/0xb3 @ 1
[    2.200151] initcall i2c_init+0x0/0xb3 returned 0 after 0 usecs
[    2.201046] calling  thermal_init+0x0/0x116 @ 1
[    2.202072] thermal_sys: Registered thermal governor 'step_wise'
[    2.202074] thermal_sys: Registered thermal governor 'user_space'
[    2.203062] initcall thermal_init+0x0/0x116 returned 0 after 976 usecs
[    2.205047] calling  init_menu+0x0/0xc @ 1
[    2.209052] cpuidle: using governor menu
[    2.210048] initcall init_menu+0x0/0xc returned 0 after 3906 usecs
[    2.211046] calling  pcc_init+0x0/0x4d @ 1
[    2.212071] initcall pcc_init+0x0/0x4d returned -19 after 0 usecs
[    2.213050] calling  amd_postcore_init+0x0/0x11e @ 1
[    2.214051] initcall amd_postcore_init+0x0/0x11e returned 0 after 0 usecs
[    2.215066] calling  bts_init+0x0/0xba @ 1
[    2.216047] initcall bts_init+0x0/0xba returned -19 after 0 usecs
[    2.217051] calling  pt_init+0x0/0x34d @ 1
[    2.218050] initcall pt_init+0x0/0x34d returned -19 after 0 usecs
[    2.219049] calling  boot_params_ksysfs_init+0x0/0x2ee @ 1
[    2.220095] initcall boot_params_ksysfs_init+0x0/0x2ee returned 0 after 0 usecs
[    2.221052] calling  sbf_init+0x0/0xea @ 1
[    2.222052] initcall sbf_init+0x0/0xea returned 0 after 0 usecs
[    2.223056] calling  arch_kdebugfs_init+0x0/0x219 @ 1
[    2.224098] initcall arch_kdebugfs_init+0x0/0x219 returned 0 after 0 usecs
[    2.225054] calling  intel_pconfig_init+0x0/0x85 @ 1
[    2.226048] initcall intel_pconfig_init+0x0/0x85 returned 0 after 0 usecs
[    2.227048] calling  mtrr_if_init+0x0/0x5d @ 1
[    2.228054] initcall mtrr_if_init+0x0/0x5d returned 0 after 0 usecs
[    2.229050] calling  activate_jump_labels+0x0/0x31 @ 1
[    2.230050] initcall activate_jump_labels+0x0/0x31 returned 0 after 0 usecs
[    2.231047] calling  ffh_cstate_init+0x0/0x29 @ 1
[    2.232053] initcall ffh_cstate_init+0x0/0x29 returned 0 after 0 usecs
[    2.233048] calling  activate_jump_labels+0x0/0x31 @ 1
[    2.235094] initcall activate_jump_labels+0x0/0x31 returned 0 after 976 usecs
[    2.236047] calling  kvm_alloc_cpumask+0x0/0x74 @ 1
[    2.237098] initcall kvm_alloc_cpumask+0x0/0x74 returned 0 after 0 usecs
[    2.238109] calling  kcmp_cookies_init+0x0/0x37 @ 1
[    2.240053] initcall kcmp_cookies_init+0x0/0x37 returned 0 after 0 usecs
[    2.241047] calling  cryptomgr_init+0x0/0xc @ 1
[    2.242121] initcall cryptomgr_init+0x0/0xc returned 0 after 0 usecs
[    2.243047] calling  acpi_pci_init+0x0/0x57 @ 1
[    2.244045] ACPI: bus type PCI registered
[    2.245050] initcall acpi_pci_init+0x0/0x57 returned 0 after 976 usecs
[    2.246048] calling  dma_channel_table_init+0x0/0xd1 @ 1
[    2.247057] initcall dma_channel_table_init+0x0/0xd1 returned 0 after 0 usecs
[    2.248047] calling  dma_bus_init+0x0/0xdc @ 1
[    2.249130] initcall dma_bus_init+0x0/0xdc returned 0 after 0 usecs
[    2.250073] calling  iommu_dma_init+0x0/0x10 @ 1
[    2.251059] initcall iommu_dma_init+0x0/0x10 returned 0 after 0 usecs
[    2.252052] calling  dmi_id_init+0x0/0x37c @ 1
[    2.253321] initcall dmi_id_init+0x0/0x37c returned 0 after 0 usecs
[    2.254050] calling  pci_arch_init+0x0/0x71 @ 1
[    2.256528] PCI: MMCONFIG for domain 0000 [bus 00-ff] at [mem 0xb0000000-0xbfffffff] (base 0xb0000000)
[    2.257052] PCI: MMCONFIG at [mem 0xb0000000-0xbfffffff] reserved in E820
[    2.258079] PCI: Using configuration type 1 for base access
[    2.259089] initcall pci_arch_init+0x0/0x71 returned 0 after 3906 usecs
[    2.260065] calling  init_vdso+0x0/0x13 @ 1
[    2.261079] initcall init_vdso+0x0/0x13 returned 0 after 0 usecs
[    2.262045] calling  sysenter_setup+0x0/0x13 @ 1
[    2.263071] initcall sysenter_setup+0x0/0x13 returned 0 after 0 usecs
[    2.264045] calling  fixup_ht_bug+0x0/0xe5 @ 1
[    2.265045] initcall fixup_ht_bug+0x0/0xe5 returned 0 after 0 usecs
[    2.266046] calling  topology_init+0x0/0x88 @ 1
[    2.268200] initcall topology_init+0x0/0x88 returned 0 after 976 usecs
[    2.269048] calling  intel_epb_init+0x0/0x68 @ 1
[    2.270047] initcall intel_epb_init+0x0/0x68 returned -19 after 0 usecs
[    2.271046] calling  mtrr_init_finialize+0x0/0x3e @ 1
[    2.272049] initcall mtrr_init_finialize+0x0/0x3e returned 0 after 0 usecs
[    2.273047] calling  uid_cache_init+0x0/0x85 @ 1
[    2.274063] initcall uid_cache_init+0x0/0x85 returned 0 after 0 usecs
[    2.275048] calling  param_sysfs_init+0x0/0x1ba @ 1
[    2.285412] initcall param_sysfs_init+0x0/0x1ba returned 0 after 8789 usecs
[    2.286048] calling  user_namespace_sysctl_init+0x0/0x33 @ 1
[    2.287094] initcall user_namespace_sysctl_init+0x0/0x33 returned 0 after 0 usecs
[    2.288046] calling  proc_schedstat_init+0x0/0x24 @ 1
[    2.289052] initcall proc_schedstat_init+0x0/0x24 returned 0 after 0 usecs
[    2.290045] calling  pm_sysrq_init+0x0/0x18 @ 1
[    2.291102] initcall pm_sysrq_init+0x0/0x18 returned 0 after 0 usecs
[    2.292269] calling  create_proc_profile+0x0/0xd0 @ 1
[    2.294093] initcall create_proc_profile+0x0/0xd0 returned 0 after 0 usecs
[    2.295049] calling  time_ns_init+0x0/0x7 @ 1
[    2.296048] initcall time_ns_init+0x0/0x7 returned 0 after 0 usecs
[    2.297097] calling  crash_save_vmcoreinfo_init+0x0/0x722 @ 1
[    2.299192] initcall crash_save_vmcoreinfo_init+0x0/0x722 returned 0 after 0 usecs
[    2.300047] calling  crash_notes_memory_init+0x0/0x35 @ 1
[    2.301055] initcall crash_notes_memory_init+0x0/0x35 returned 0 after 0 usecs
[    2.302047] calling  cgroup_sysfs_init+0x0/0x13 @ 1
[    2.303059] initcall cgroup_sysfs_init+0x0/0x13 returned 0 after 0 usecs
[    2.304047] calling  cgroup_namespaces_init+0x0/0x7 @ 1
[    2.305049] initcall cgroup_namespaces_init+0x0/0x7 returned 0 after 0 usecs
[    2.306049] calling  init_optprobes+0x0/0x13 @ 1
[    2.307057] Kprobes globally optimized
[    2.308048] initcall init_optprobes+0x0/0x13 returned 0 after 976 usecs
[    2.309046] calling  oom_init+0x0/0x2f @ 1
[    2.311490] initcall oom_init+0x0/0x2f returned 0 after 976 usecs
[    2.313048] calling  default_bdi_init+0x0/0xb3 @ 1
[    2.320103] initcall default_bdi_init+0x0/0xb3 returned 0 after 5859 usecs
[    2.321048] calling  percpu_enable_async+0x0/0xe @ 1
[    2.322047] initcall percpu_enable_async+0x0/0xe returned 0 after 0 usecs
[    2.323047] calling  kcompactd_init+0x0/0x8d @ 1
[    2.326538] initcall kcompactd_init+0x0/0x8d returned 0 after 1953 usecs
[    2.327101] calling  init_user_reserve+0x0/0x40 @ 1
[    2.328047] initcall init_user_reserve+0x0/0x40 returned 0 after 0 usecs
[    2.329064] calling  init_admin_reserve+0x0/0x40 @ 1
[    2.330047] initcall init_admin_reserve+0x0/0x40 returned 0 after 0 usecs
[    2.331048] calling  init_reserve_notifier+0x0/0x7 @ 1
[    2.332050] initcall init_reserve_notifier+0x0/0x7 returned 0 after 0 usecs
[    2.333047] calling  swap_init_sysfs+0x0/0x62 @ 1
[    2.334058] initcall swap_init_sysfs+0x0/0x62 returned 0 after 0 usecs
[    2.335046] calling  swapfile_init+0x0/0x94 @ 1
[    2.336048] initcall swapfile_init+0x0/0x94 returned 0 after 0 usecs
[    2.337046] calling  hugetlb_init+0x0/0x499 @ 1
[    2.338048] HugeTLB registered 2.00 MiB page size, pre-allocated 0 pages
[    2.339182] initcall hugetlb_init+0x0/0x499 returned 0 after 976 usecs
[    2.340048] calling  io_wq_init+0x0/0x34 @ 1
[    2.341050] initcall io_wq_init+0x0/0x34 returned 0 after 0 usecs
[    2.342047] calling  seqiv_module_init+0x0/0xc @ 1
[    2.343085] initcall seqiv_module_init+0x0/0xc returned 0 after 0 usecs
[    2.344047] calling  echainiv_module_init+0x0/0xc @ 1
[    2.345048] initcall echainiv_module_init+0x0/0xc returned 0 after 0 usecs
[    2.346073] calling  rsa_init+0x0/0x50 @ 1
[    2.349051] initcall rsa_init+0x0/0x50 returned 0 after 1953 usecs
[    2.348417] cryptomgr_test (59) used greatest stack depth: 15400 bytes left
[    2.350047] calling  crypto_cmac_module_init+0x0/0xc @ 1
[    2.350051] initcall crypto_cmac_module_init+0x0/0xc returned 0 after 0 usecs
[    2.350052] calling  hmac_module_init+0x0/0xc @ 1
[    2.350055] initcall hmac_module_init+0x0/0xc returned 0 after 0 usecs
[    2.350056] calling  crypto_null_mod_init+0x0/0x65 @ 1
[    2.356052] initcall crypto_null_mod_init+0x0/0x65 returned 0 after 5859 usecs
[    2.360099] cryptomgr_test (60) used greatest stack depth: 15256 bytes left
[    2.367052] calling  md5_mod_init+0x0/0xc @ 1
[    2.426053] initcall md5_mod_init+0x0/0xc returned 0 after 2929 usecs
[    2.434052] calling  sha256_generic_mod_init+0x0/0x11 @ 1
[    2.445307] initcall sha256_generic_mod_init+0x0/0x11 returned 0 after 2929 usecs
[    2.454050] calling  crypto_cbc_module_init+0x0/0xc @ 1
[    2.462054] initcall crypto_cbc_module_init+0x0/0xc returned 0 after 0 usecs
[    2.471051] calling  crypto_ctr_module_init+0x0/0x11 @ 1
[    2.479053] initcall crypto_ctr_module_init+0x0/0x11 returned 0 after 0 usecs
[    2.489049] calling  crypto_gcm_module_init+0x0/0x64 @ 1
[    2.497329] initcall crypto_gcm_module_init+0x0/0x64 returned 0 after 0 usecs
[    2.505049] calling  crypto_ccm_module_init+0x0/0x11 @ 1
[    2.513052] initcall crypto_ccm_module_init+0x0/0x11 returned 0 after 0 usecs
[    2.522049] calling  aes_init+0x0/0xc @ 1
[    2.531258] initcall aes_init+0x0/0xc returned 0 after 2929 usecs
[    2.540050] calling  crc32c_mod_init+0x0/0xc @ 1
[    2.555613] initcall crc32c_mod_init+0x0/0xc returned 0 after 6835 usecs
[    2.562052] calling  crypto_authenc_module_init+0x0/0xc @ 1
[    2.568052] initcall crypto_authenc_module_init+0x0/0xc returned 0 after 0 usecs
[    2.579050] calling  crypto_authenc_esn_module_init+0x0/0xc @ 1
[    2.586049] initcall crypto_authenc_esn_module_init+0x0/0xc returned 0 after 0 usecs
[    2.597048] calling  drbg_init+0x0/0x7c @ 1
[    2.605597] cryptomgr_test (71) used greatest stack depth: 15120 bytes left
[    2.631051] initcall drbg_init+0x0/0x7c returned 0 after 28320 usecs
[    2.638053] calling  ghash_mod_init+0x0/0xc @ 1
[    2.646054] initcall ghash_mod_init+0x0/0xc returned 0 after 3906 usecs
[    2.654052] calling  init_bio+0x0/0x9a @ 1
[    2.659375] initcall init_bio+0x0/0x9a returned 0 after 976 usecs
[    2.668050] calling  blk_settings_init+0x0/0x29 @ 1
[    2.674049] initcall blk_settings_init+0x0/0x29 returned 0 after 0 usecs
[    2.683047] calling  blk_ioc_init+0x0/0x29 @ 1
[    2.688055] initcall blk_ioc_init+0x0/0x29 returned 0 after 0 usecs
[    2.697046] calling  blk_mq_init+0x0/0xb9 @ 1
[    2.702051] initcall blk_mq_init+0x0/0xb9 returned 0 after 0 usecs
[    2.710046] calling  genhd_device_init+0x0/0x75 @ 1
[    2.718437] initcall genhd_device_init+0x0/0x75 returned 0 after 2929 usecs
[    2.728273] calling  pci_slot_init+0x0/0x40 @ 1
[    2.734059] initcall pci_slot_init+0x0/0x40 returned 0 after 0 usecs
[    2.742048] calling  fbmem_init+0x0/0xd8 @ 1
[    2.747166] initcall fbmem_init+0x0/0xd8 returned 0 after 0 usecs
[    2.755047] calling  acpi_init+0x0/0x319 @ 1
[    2.759083] ACPI: Added _OSI(Module Device)
[    2.766489] ACPI: Added _OSI(Processor Device)
[    2.773047] ACPI: Added _OSI(3.0 _SCP Extensions)
[    2.778045] ACPI: Added _OSI(Processor Aggregator Device)
[    2.786054] ACPI: Added _OSI(Linux-Dell-Video)
[    2.792078] ACPI: Added _OSI(Linux-Lenovo-NV-HDMI-Audio)
[    2.799046] ACPI: Added _OSI(Linux-HPI-Hybrid-Graphics)
[    2.809930] ACPI: 1 ACPI AML tables successfully acquired and loaded
[    2.823677] ACPI: Interpreter enabled
[    2.829149] ACPI: (supports S0 S3 S4 S5)
[    2.834046] ACPI: Using IOAPIC for interrupt routing
[    2.840099] PCI: Using host bridge windows from ACPI; if necessary, use "pci=nocrs" and report a bug
[    2.852488] ACPI: Enabled 2 GPEs in block 00 to 3F
[    2.867373] ACPI: PCI Root Bridge [PCI0] (domain 0000 [bus 00-ff])
[    2.875053] acpi PNP0A08:00: _OSC: OS supports [ExtendedConfig ASPM ClockPM Segments MSI HPX-Type3]
[    2.887234] acpi PNP0A08:00: _OSC: platform does not support [LTR]
[    2.895181] acpi PNP0A08:00: _OSC: OS now controls [PME PCIeCapability]
[    2.903204] PCI host bridge to bus 0000:00
[    2.909061] pci_bus 0000:00: root bus resource [io  0x0000-0x0cf7 window]
[    2.917046] pci_bus 0000:00: root bus resource [io  0x0d00-0xffff window]
[    2.926046] pci_bus 0000:00: root bus resource [mem 0x000a0000-0x000bffff window]
[    2.935046] pci_bus 0000:00: root bus resource [mem 0x20000000-0xafffffff window]
[    2.944047] pci_bus 0000:00: root bus resource [mem 0xc0000000-0xfebfffff window]
[    2.954054] pci_bus 0000:00: root bus resource [mem 0x100000000-0x8ffffffff window]
[    2.964054] pci_bus 0000:00: root bus resource [bus 00-ff]
[    2.970669] pci 0000:00:00.0: calling  quirk_mmio_always_on+0x0/0x10 @ 1
[    2.979053] pci 0000:00:00.0: quirk_mmio_always_on+0x0/0x10 took 0 usecs
[    2.988079] pci 0000:00:00.0: [8086:29c0] type 00 class 0x060000
[    2.998665] pci 0000:00:00.0: calling  quirk_igfx_skip_te_disable+0x0/0x80 @ 1
[    3.008061] pci 0000:00:00.0: quirk_igfx_skip_te_disable+0x0/0x80 took 0 usecs
[    3.018942] pci 0000:00:01.0: [1234:1111] type 00 class 0x030000
[    3.039039] pci 0000:00:01.0: reg 0x10: [mem 0xfd000000-0xfdffffff pref]
[    3.062039] pci 0000:00:01.0: reg 0x18: [mem 0xfebf0000-0xfebf0fff]
[    3.103039] pci 0000:00:01.0: reg 0x30: [mem 0xfebe0000-0xfebeffff pref]
[    3.129039] pci 0000:00:01.0: calling  efifb_fixup_resources+0x0/0xf0 @ 1
[    3.140162] pci 0000:00:01.0: efifb_fixup_resources+0x0/0xf0 took 0 usecs
[    3.177492] pci 0000:00:1f.0: [8086:2918] type 00 class 0x060100
[    3.190039] pci 0000:00:1f.0: calling  quirk_ich7_lpc+0x0/0x60 @ 1
[    3.198247] pci 0000:00:1f.0: quirk: [io  0x0600-0x067f] claimed by ICH6 ACPI/GPIO/TCO
[    3.209054] pci 0000:00:1f.0: quirk_ich7_lpc+0x0/0x60 took 10742 usecs
[    3.218809] pci 0000:00:1f.0: calling  quirk_igfx_skip_te_disable+0x0/0x80 @ 1
[    3.230219] pci 0000:00:1f.0: quirk_igfx_skip_te_disable+0x0/0x80 took 0 usecs
[    3.242328] pci 0000:00:1f.2: [8086:2922] type 00 class 0x010601
[    3.258046] pci 0000:00:1f.2: reg 0x20: [io  0xc040-0xc05f]
[    3.268046] pci 0000:00:1f.2: reg 0x24: [mem 0xfebf1000-0xfebf1fff]
[    3.277241] pci 0000:00:1f.2: calling  quirk_igfx_skip_te_disable+0x0/0x80 @ 1
[    3.286551] pci 0000:00:1f.2: quirk_igfx_skip_te_disable+0x0/0x80 took 0 usecs
[    3.301395] pci 0000:00:1f.3: [8086:2930] type 00 class 0x0c0500
[    3.315525] pci 0000:00:1f.3: reg 0x20: [io  0x0700-0x073f]
[    3.324223] pci 0000:00:1f.3: calling  quirk_igfx_skip_te_disable+0x0/0x80 @ 1
[    3.334050] pci 0000:00:1f.3: quirk_igfx_skip_te_disable+0x0/0x80 took 0 usecs
[    3.346646] ACPI: PCI Interrupt Link [LNKA] (IRQs 5 *10 11)
[    3.353708] ACPI: PCI Interrupt Link [LNKB] (IRQs 5 *10 11)
[    3.362464] ACPI: PCI Interrupt Link [LNKC] (IRQs 5 10 *11)
[    3.369474] ACPI: PCI Interrupt Link [LNKD] (IRQs 5 10 *11)
[    3.376548] ACPI: PCI Interrupt Link [LNKE] (IRQs 5 *10 11)
[    3.384292] ACPI: PCI Interrupt Link [LNKF] (IRQs 5 *10 11)
[    3.391549] ACPI: PCI Interrupt Link [LNKG] (IRQs 5 10 *11)
[    3.399381] ACPI: PCI Interrupt Link [LNKH] (IRQs 5 10 *11)
[    3.406300] ACPI: PCI Interrupt Link [GSIA] (IRQs *16)
[    3.413067] ACPI: PCI Interrupt Link [GSIB] (IRQs *17)
[    3.419085] ACPI: PCI Interrupt Link [GSIC] (IRQs *18)
[    3.425066] ACPI: PCI Interrupt Link [GSID] (IRQs *19)
[    3.431145] ACPI: PCI Interrupt Link [GSIE] (IRQs *20)
[    3.438171] ACPI: PCI Interrupt Link [GSIF] (IRQs *21)
[    3.445166] ACPI: PCI Interrupt Link [GSIG] (IRQs *22)
[    3.452084] ACPI: PCI Interrupt Link [GSIH] (IRQs *23)
[    3.469039] initcall acpi_init+0x0/0x319 returned 0 after 694335 usecs
[    3.478389] calling  pnp_init+0x0/0xc @ 1
[    3.484066] initcall pnp_init+0x0/0xc returned 0 after 0 usecs
[    3.491049] calling  misc_init+0x0/0xbf @ 1
[    3.498227] initcall misc_init+0x0/0xbf returned 0 after 1953 usecs
[    3.506048] calling  iommu_subsys_init+0x0/0x4e @ 1
[    3.513134] iommu: Default domain type: Translated 
[    3.519049] initcall iommu_subsys_init+0x0/0x4e returned 0 after 5859 usecs
[    3.528394] calling  vga_arb_device_init+0x0/0x261 @ 1
[    3.538250] pci 0000:00:01.0: vgaarb: setting as boot VGA device
[    3.539039] pci 0000:00:01.0: vgaarb: VGA device added: decodes=io+mem,owns=io+mem,locks=none
[    3.556049] pci 0000:00:01.0: vgaarb: bridge control possible
[    3.563044] vgaarb: loaded
[    3.566049] initcall vga_arb_device_init+0x0/0x261 returned 0 after 30273 usecs
[    3.575208] calling  cn_init+0x0/0xf0 @ 1
[    3.580469] initcall cn_init+0x0/0xf0 returned 0 after 976 usecs
[    3.588051] calling  dma_buf_init+0x0/0xad @ 1
[    3.594459] initcall dma_buf_init+0x0/0xad returned 0 after 976 usecs
[    3.603049] calling  dma_resv_lockdep+0x0/0x276 @ 1
[    3.609160] initcall dma_resv_lockdep+0x0/0x276 returned 0 after 0 usecs
[    3.618056] calling  init_scsi+0x0/0x79 @ 1
[    3.623458] SCSI subsystem initialized
[    3.628050] initcall init_scsi+0x0/0x79 returned 0 after 4882 usecs
[    3.635049] calling  ata_init+0x0/0x332 @ 1
[    3.649950] libata version 3.00 loaded.
[    3.656049] initcall ata_init+0x0/0x332 returned 0 after 16601 usecs
[    3.664053] calling  phy_init+0x0/0x250 @ 1
[    3.670888] initcall phy_init+0x0/0x250 returned 0 after 2929 usecs
[    3.676051] calling  init_pcmcia_cs+0x0/0x35 @ 1
[    3.683647] initcall init_pcmcia_cs+0x0/0x35 returned 0 after 0 usecs
[    3.691048] calling  usb_common_init+0x0/0x1c @ 1
[    3.696253] initcall usb_common_init+0x0/0x1c returned 0 after 0 usecs
[    3.705189] calling  usb_init+0x0/0x12e @ 1
[    3.711309] ACPI: bus type USB registered
[    3.718616] usbcore: registered new interface driver usbfs
[    3.725481] usbcore: registered new interface driver hub
[    3.732192] usbcore: registered new device driver usb
[    3.739053] initcall usb_init+0x0/0x12e returned 0 after 27343 usecs
[    3.745052] calling  serio_init+0x0/0x29 @ 1
[    3.751072] initcall serio_init+0x0/0x29 returned 0 after 0 usecs
[    3.759050] calling  input_init+0x0/0xf6 @ 1
[    3.765268] initcall input_init+0x0/0xf6 returned 0 after 1953 usecs
[    3.773049] calling  rtc_init+0x0/0x4d @ 1
[    3.779072] initcall rtc_init+0x0/0x4d returned 0 after 0 usecs
[    3.787050] calling  pps_init+0x0/0xa9 @ 1
[    3.790728] pps_core: LinuxPPS API ver. 1 registered
[    3.796047] pps_core: Software ver. 5.3.6 - Copyright 2005-2007 Rodolfo Giometti <giometti@linux.it>
[    3.809056] initcall pps_init+0x0/0xa9 returned 0 after 18554 usecs
[    3.821055] calling  ptp_init+0x0/0x98 @ 1
[    3.826083] PTP clock support registered
[    3.832056] initcall ptp_init+0x0/0x98 returned 0 after 5859 usecs
[    3.839057] calling  power_supply_class_init+0x0/0x3f @ 1
[    3.848727] initcall power_supply_class_init+0x0/0x3f returned 0 after 2929 usecs
[    3.857051] calling  hwmon_init+0x0/0x104 @ 1
[    3.863076] initcall hwmon_init+0x0/0x104 returned 0 after 0 usecs
[    3.870047] calling  md_init+0x0/0x16b @ 1
[    3.880194] initcall md_init+0x0/0x16b returned 0 after 4882 usecs
[    3.888052] calling  leds_init+0x0/0x3b @ 1
[    3.894112] initcall leds_init+0x0/0x3b returned 0 after 0 usecs
[    3.902053] calling  dmi_init+0x0/0x113 @ 1
[    3.907079] initcall dmi_init+0x0/0x113 returned 0 after 0 usecs
[    3.914047] calling  efisubsys_init+0x0/0x4e7 @ 1
[    3.920068] initcall efisubsys_init+0x0/0x4e7 returned 0 after 0 usecs
[    3.927048] calling  nvmem_init+0x0/0xc @ 1
[    3.932163] initcall nvmem_init+0x0/0xc returned 0 after 0 usecs
[    3.939048] calling  init_soundcore+0x0/0x33 @ 1
[    3.944077] initcall init_soundcore+0x0/0x33 returned 0 after 0 usecs
[    3.951047] calling  alsa_sound_init+0x0/0x8f @ 1
[    3.957196] Advanced Linux Sound Architecture Driver Initialized.
[    3.965051] initcall alsa_sound_init+0x0/0x8f returned 0 after 7812 usecs
[    3.973064] calling  alsa_seq_device_init+0x0/0x71 @ 1
[    3.979131] initcall alsa_seq_device_init+0x0/0x71 returned 0 after 0 usecs
[    3.987048] calling  hda_bus_init+0x0/0xc @ 1
[    3.993107] initcall hda_bus_init+0x0/0xc returned 0 after 0 usecs
[    4.000046] calling  proto_init+0x0/0xc @ 1
[    4.005088] initcall proto_init+0x0/0xc returned 0 after 0 usecs
[    4.012047] calling  net_dev_init+0x0/0x27f @ 1
[    4.018902] initcall net_dev_init+0x0/0x27f returned 0 after 976 usecs
[    4.027062] calling  neigh_init+0x0/0x84 @ 1
[    4.032051] initcall neigh_init+0x0/0x84 returned 0 after 0 usecs
[    4.039047] calling  fib_notifier_init+0x0/0xc @ 1
[    4.045064] initcall fib_notifier_init+0x0/0xc returned 0 after 0 usecs
[    4.052047] calling  fib_rules_init+0x0/0xab @ 1
[    4.058074] initcall fib_rules_init+0x0/0xab returned 0 after 0 usecs
[    4.066048] calling  pktsched_init+0x0/0x10e @ 1
[    4.072170] initcall pktsched_init+0x0/0x10e returned 0 after 0 usecs
[    4.079047] calling  tc_filter_init+0x0/0xfa @ 1
[    4.085087] initcall tc_filter_init+0x0/0xfa returned 0 after 0 usecs
[    4.092047] calling  tc_action_init+0x0/0x54 @ 1
[    4.098049] initcall tc_action_init+0x0/0x54 returned 0 after 0 usecs
[    4.105046] calling  ethnl_init+0x0/0x52 @ 1
[    4.109360] initcall ethnl_init+0x0/0x52 returned 0 after 976 usecs
[    4.117048] calling  nexthop_init+0x0/0xd8 @ 1
[    4.122351] initcall nexthop_init+0x0/0xd8 returned 0 after 976 usecs
[    4.130046] calling  cipso_v4_init+0x0/0x8d @ 1
[    4.136177] initcall cipso_v4_init+0x0/0x8d returned 0 after 0 usecs
[    4.143061] calling  ieee80211_init+0x0/0x24 @ 1
[    4.149203] initcall ieee80211_init+0x0/0x24 returned 0 after 0 usecs
[    4.157047] calling  netlbl_init+0x0/0x78 @ 1
[    4.162055] NetLabel: Initializing
[    4.166044] NetLabel:  domain hash size = 128
[    4.171043] NetLabel:  protocols = UNLABELED CIPSOv4 CALIPSO
[    4.178164] NetLabel:  unlabeled traffic allowed by default
[    4.184052] initcall netlbl_init+0x0/0x78 returned 0 after 21484 usecs
[    4.192048] calling  rfkill_init+0x0/0x136 @ 1
[    4.198202] initcall rfkill_init+0x0/0x136 returned 0 after 976 usecs
[    4.205051] calling  pci_subsys_init+0x0/0x66 @ 1
[    4.211129] PCI: Using ACPI for IRQ routing
[    4.934360] PCI: pci_cache_line_size set to 64 bytes
[    4.941100] e820: reserve RAM buffer [mem 0x0009fc00-0x0009ffff]
[    4.948076] e820: reserve RAM buffer [mem 0x1ffdf000-0x1fffffff]
[    4.955124] initcall pci_subsys_init+0x0/0x66 returned 0 after 726562 usecs
[    4.964716] calling  nmi_warning_debugfs+0x0/0x26 @ 1
[    4.971331] initcall nmi_warning_debugfs+0x0/0x26 returned 0 after 0 usecs
[    4.979055] calling  save_microcode_in_initrd+0x0/0x51 @ 1
[    4.986169] initcall save_microcode_in_initrd+0x0/0x51 returned 0 after 0 usecs
[    4.995068] calling  hpet_late_init+0x0/0x207 @ 1
[    5.000283] hpet: 3 channels of 0 reserved for per-cpu timers
[    5.007190] hpet0: at MMIO 0xfed00000, IRQs 2, 8, 0
[    5.013045] hpet0: 3 comparators, 64-bit 100.000000 MHz counter
[    5.025054] initcall hpet_late_init+0x0/0x207 returned 0 after 24414 usecs
[    5.035062] calling  init_amd_nbs+0x0/0x11c @ 1
[    5.040229] initcall init_amd_nbs+0x0/0x11c returned 0 after 0 usecs
[    5.051039] calling  clocksource_done_booting+0x0/0x43 @ 1
[    5.061376] clocksource: Switched to clocksource kvm-clock
[    5.068569] initcall clocksource_done_booting+0x0/0x43 returned 0 after 10264 usecs
[    5.077426] calling  tracer_init_tracefs+0x0/0x248 @ 1
[    5.319756] initcall tracer_init_tracefs+0x0/0x248 returned 0 after 230862 usecs
[    5.328286] calling  init_trace_printk_function_export+0x0/0x2c @ 1
[    5.335692] initcall init_trace_printk_function_export+0x0/0x2c returned 0 after 14 usecs
[    5.345335] calling  init_kprobe_trace+0x0/0x1ab @ 1
[    5.351314] initcall init_kprobe_trace+0x0/0x1ab returned 0 after 35 usecs
[    5.359565] calling  init_dynamic_event+0x0/0x3d @ 1
[    5.365596] initcall init_dynamic_event+0x0/0x3d returned 0 after 11 usecs
[    5.373673] calling  init_uprobe_trace+0x0/0x5c @ 1
[    5.379673] initcall init_uprobe_trace+0x0/0x5c returned 0 after 169 usecs
[    5.387941] calling  init_pipe_fs+0x0/0x44 @ 1
[    5.393382] initcall init_pipe_fs+0x0/0x44 returned 0 after 195 usecs
[    5.400959] calling  inotify_user_setup+0x0/0x47 @ 1
[    5.407010] initcall inotify_user_setup+0x0/0x47 returned 0 after 142 usecs
[    5.415174] calling  eventpoll_init+0x0/0xeb @ 1
[    5.420964] initcall eventpoll_init+0x0/0xeb returned 0 after 109 usecs
[    5.428653] calling  anon_inode_init+0x0/0x58 @ 1
[    5.434269] initcall anon_inode_init+0x0/0x58 returned 0 after 153 usecs
[    5.441944] calling  proc_locks_init+0x0/0x27 @ 1
[    5.447534] initcall proc_locks_init+0x0/0x27 returned 0 after 100 usecs
[    5.455418] calling  iomap_init+0x0/0x1b @ 1
[    5.462586] initcall iomap_init+0x0/0x1b returned 0 after 1092 usecs
[    5.473021] calling  dquot_init+0x0/0x106 @ 1
[    5.478491] VFS: Disk quotas dquot_6.6.0
[    5.483676] VFS: Dquot-cache hash table entries: 512 (order 0, 4096 bytes)
[    5.492048] initcall dquot_init+0x0/0x106 returned 0 after 13245 usecs
[    5.499797] calling  quota_init+0x0/0x23 @ 1
[    5.505184] initcall quota_init+0x0/0x23 returned 0 after 429 usecs
[    5.512491] calling  proc_cmdline_init+0x0/0x21 @ 1
[    5.518151] initcall proc_cmdline_init+0x0/0x21 returned 0 after 21 usecs
[    5.526009] calling  proc_consoles_init+0x0/0x24 @ 1
[    5.532018] initcall proc_consoles_init+0x0/0x24 returned 0 after 6 usecs
[    5.540177] calling  proc_cpuinfo_init+0x0/0x1e @ 1
[    5.545787] initcall proc_cpuinfo_init+0x0/0x1e returned 0 after 6 usecs
[    5.553380] calling  proc_devices_init+0x0/0x24 @ 1
[    5.558982] initcall proc_devices_init+0x0/0x24 returned 0 after 5 usecs
[    5.566476] calling  proc_interrupts_init+0x0/0x24 @ 1
[    5.572343] initcall proc_interrupts_init+0x0/0x24 returned 0 after 5 usecs
[    5.580276] calling  proc_loadavg_init+0x0/0x21 @ 1
[    5.585919] initcall proc_loadavg_init+0x0/0x21 returned 0 after 4 usecs
[    5.593693] calling  proc_meminfo_init+0x0/0x21 @ 1
[    5.599575] initcall proc_meminfo_init+0x0/0x21 returned 0 after 37 usecs
[    5.607167] calling  proc_stat_init+0x0/0x1e @ 1
[    5.612433] initcall proc_stat_init+0x0/0x1e returned 0 after 4 usecs
[    5.619690] calling  proc_uptime_init+0x0/0x21 @ 1
[    5.625118] initcall proc_uptime_init+0x0/0x21 returned 0 after 4 usecs
[    5.632667] calling  proc_version_init+0x0/0x21 @ 1
[    5.638954] initcall proc_version_init+0x0/0x21 returned 0 after 5 usecs
[    5.647149] calling  proc_softirqs_init+0x0/0x21 @ 1
[    5.652866] initcall proc_softirqs_init+0x0/0x21 returned 0 after 4 usecs
[    5.660620] calling  proc_kcore_init+0x0/0xea @ 1
[    5.666460] initcall proc_kcore_init+0x0/0xea returned 0 after 142 usecs
[    5.674196] calling  vmcore_init+0x0/0x57b @ 1
[    5.679519] initcall vmcore_init+0x0/0x57b returned 0 after 0 usecs
[    5.686755] calling  proc_kmsg_init+0x0/0x21 @ 1
[    5.692229] initcall proc_kmsg_init+0x0/0x21 returned 0 after 6 usecs
[    5.699734] calling  proc_page_init+0x0/0x3b @ 1
[    5.705463] initcall proc_page_init+0x0/0x3b returned 0 after 24 usecs
[    5.714869] calling  init_ramfs_fs+0x0/0xc @ 1
[    5.721395] initcall init_ramfs_fs+0x0/0xc returned 0 after 49 usecs
[    5.730733] calling  init_hugetlbfs_fs+0x0/0xf6 @ 1
[    5.737698] initcall init_hugetlbfs_fs+0x0/0xf6 returned 0 after 277 usecs
[    5.745700] calling  blk_scsi_ioctl_init+0x0/0x2a5 @ 1
[    5.751942] initcall blk_scsi_ioctl_init+0x0/0x2a5 returned 0 after 36 usecs
[    5.760139] calling  acpi_event_init+0x0/0x2c @ 1
[    5.765617] initcall acpi_event_init+0x0/0x2c returned 0 after 95 usecs
[    5.773171] calling  pnp_system_init+0x0/0xc @ 1
[    5.779859] initcall pnp_system_init+0x0/0xc returned 0 after 1228 usecs
[    5.787550] calling  pnpacpi_init+0x0/0x69 @ 1
[    5.792733] pnp: PnP ACPI init
[    5.798165] pnp 00:00: Plug and Play ACPI device, IDs PNP0303 (active)
[    5.805717] pnp 00:01: Plug and Play ACPI device, IDs PNP0f13 (active)
[    5.813470] pnp 00:02: Plug and Play ACPI device, IDs PNP0400 (active)
[    5.822048] pnp 00:03: Plug and Play ACPI device, IDs PNP0501 (active)
[    5.829525] pnp 00:04: Plug and Play ACPI device, IDs PNP0b00 (active)
[    5.839533] system 00:05: [mem 0xb0000000-0xbfffffff window] has been reserved
[    5.849829] system 00:05: Plug and Play ACPI device, IDs PNP0c01 (active)
[    5.861802] pnp: PnP ACPI: found 6 devices
[    5.866550] initcall pnpacpi_init+0x0/0x69 returned 0 after 72090 usecs
[    5.873997] calling  chr_dev_init+0x0/0x14d @ 1
[    5.982026] initcall chr_dev_init+0x0/0x14d returned 0 after 100391 usecs
[    5.989849] calling  firmware_class_init+0x0/0x14a @ 1
[    5.995976] initcall firmware_class_init+0x0/0x14a returned 0 after 91 usecs
[    6.004202] calling  init_pcmcia_bus+0x0/0x5b @ 1
[    6.009814] initcall init_pcmcia_bus+0x0/0x5b returned 0 after 139 usecs
[    6.018185] calling  init_acpi_pm_clocksource+0x0/0xda @ 1
[    6.030901] clocksource: acpi_pm: mask: 0xffffff max_cycles: 0xffffff, max_idle_ns: 2085701024 ns
[    6.040941] initcall init_acpi_pm_clocksource+0x0/0xda returned 0 after 15097 usecs
[    6.049729] calling  sysctl_core_init+0x0/0x26 @ 1
[    6.055658] initcall sysctl_core_init+0x0/0x26 returned 0 after 186 usecs
[    6.063618] calling  eth_offload_init+0x0/0x13 @ 1
[    6.069172] initcall eth_offload_init+0x0/0x13 returned 0 after 50 usecs
[    6.076820] calling  ipv4_offload_init+0x0/0x73 @ 1
[    6.083897] initcall ipv4_offload_init+0x0/0x73 returned 0 after 170 usecs
[    6.100936] calling  inet_init+0x0/0x276 @ 1
[    6.108779] NET: Registered protocol family 2
[    6.119767] IP idents hash table entries: 8192 (order: 4, 65536 bytes, linear)
[    6.140286] tcp_listen_portaddr_hash hash table entries: 256 (order: 2, 20480 bytes, linear)
[    6.153415] TCP established hash table entries: 4096 (order: 3, 32768 bytes, linear)
[    6.162885] TCP bind hash table entries: 4096 (order: 6, 294912 bytes, linear)
[    6.176182] TCP: Hash tables configured (established 4096 bind 4096)
[    6.185834] UDP hash table entries: 256 (order: 3, 40960 bytes, linear)
[    6.195682] UDP-Lite hash table entries: 256 (order: 3, 40960 bytes, linear)
[    6.206748] initcall inet_init+0x0/0x276 returned 0 after 97723 usecs
[    6.214952] calling  af_unix_init+0x0/0x4d @ 1
[    6.220159] NET: Registered protocol family 1
[    6.225288] initcall af_unix_init+0x0/0x4d returned 0 after 5061 usecs
[    6.232771] calling  ipv6_offload_init+0x0/0x7e @ 1
[    6.238501] initcall ipv6_offload_init+0x0/0x7e returned 0 after 52 usecs
[    6.246438] calling  init_sunrpc+0x0/0x65 @ 1
[    6.258883] RPC: Registered named UNIX socket transport module.
[    6.265791] RPC: Registered udp transport module.
[    6.271344] RPC: Registered tcp transport module.
[    6.276803] RPC: Registered tcp NFSv4.1 backchannel transport module.
[    6.284393] initcall init_sunrpc+0x0/0x65 returned 0 after 31960 usecs
[    6.292094] calling  cfg80211_init+0x0/0xc5 @ 1
[    6.301314] initcall cfg80211_init+0x0/0xc5 returned 0 after 3791 usecs
[    6.309331] calling  pcibios_assign_resources+0x0/0xbf @ 1
[    6.316366] pci_bus 0000:00: resource 4 [io  0x0000-0x0cf7 window]
[    6.323604] pci_bus 0000:00: resource 5 [io  0x0d00-0xffff window]
[    6.330943] pci_bus 0000:00: resource 6 [mem 0x000a0000-0x000bffff window]
[    6.339378] pci_bus 0000:00: resource 7 [mem 0x20000000-0xafffffff window]
[    6.347528] pci_bus 0000:00: resource 8 [mem 0xc0000000-0xfebfffff window]
[    6.355783] pci_bus 0000:00: resource 9 [mem 0x100000000-0x8ffffffff window]
[    6.364686] initcall pcibios_assign_resources+0x0/0xbf returned 0 after 47722 usecs
[    6.374202] calling  pci_apply_final_quirks+0x0/0x124 @ 1
[    6.382738] pci 0000:00:01.0: calling  pci_fixup_video+0x0/0xe0 @ 1
[    6.392385] pci 0000:00:01.0: Video device with shadowed ROM at [mem 0x000c0000-0x000dffff]
[    6.402443] pci 0000:00:01.0: pci_fixup_video+0x0/0xe0 took 10230 usecs
[    6.410922] PCI: CLS 0 bytes, default 64
[    6.415880] initcall pci_apply_final_quirks+0x0/0x124 returned 0 after 33127 usecs
[    6.424941] calling  acpi_reserve_resources+0x0/0xea @ 1
[    6.431289] initcall acpi_reserve_resources+0x0/0xea returned 0 after 31 usecs
[    6.440186] calling  populate_rootfs+0x0/0x102 @ 1
[    6.448480] initcall populate_rootfs+0x0/0x102 returned 0 after 2393 usecs
[    6.459630] calling  pci_iommu_init+0x0/0x3e @ 1
[    6.465403] initcall pci_iommu_init+0x0/0x3e returned 0 after 114 usecs
[    6.478562] calling  ia32_binfmt_init+0x0/0x13 @ 1
[    6.484395] initcall ia32_binfmt_init+0x0/0x13 returned 0 after 41 usecs
[    6.492315] calling  rapl_pmu_init+0x0/0x267 @ 1
[    6.498166] initcall rapl_pmu_init+0x0/0x267 returned -19 after 167 usecs
[    6.506279] calling  amd_uncore_init+0x0/0x310 @ 1
[    6.512183] initcall amd_uncore_init+0x0/0x310 returned -19 after 0 usecs
[    6.520299] calling  amd_ibs_init+0x0/0x27b @ 1
[    6.525683] initcall amd_ibs_init+0x0/0x27b returned -19 after 0 usecs
[    6.533442] calling  amd_iommu_pc_init+0x0/0x22c @ 1
[    6.539543] initcall amd_iommu_pc_init+0x0/0x22c returned -19 after 33 usecs
[    6.548480] calling  msr_init+0x0/0x55 @ 1
[    6.554980] initcall msr_init+0x0/0x55 returned 0 after 233 usecs
[    6.564275] calling  intel_uncore_init+0x0/0x36f @ 1
[    6.572107] initcall intel_uncore_init+0x0/0x36f returned -19 after 72 usecs
[    6.581224] calling  cstate_pmu_init+0x0/0x1a1 @ 1
[    6.587058] initcall cstate_pmu_init+0x0/0x1a1 returned -19 after 0 usecs
[    6.595396] calling  register_kernel_offset_dumper+0x0/0x1a @ 1
[    6.602771] initcall register_kernel_offset_dumper+0x0/0x1a returned 0 after 32 usecs
[    6.612502] calling  i8259A_init_ops+0x0/0x20 @ 1
[    6.618450] initcall i8259A_init_ops+0x0/0x20 returned 0 after 1 usecs
[    6.626681] calling  init_tsc_clocksource+0x0/0xa4 @ 1
[    6.633170] clocksource: tsc: mask: 0xffffffffffffffff max_cycles: 0x39a85afc727, max_idle_ns: 881590685098 ns
[    6.645649] initcall init_tsc_clocksource+0x0/0xa4 returned 0 after 12297 usecs
[    6.654772] calling  add_rtc_cmos+0x0/0xb0 @ 1
[    6.660559] initcall add_rtc_cmos+0x0/0xb0 returned 0 after 138 usecs
[    6.668538] calling  i8237A_init_ops+0x0/0x3a @ 1
[    6.674581] initcall i8237A_init_ops+0x0/0x3a returned 0 after 124 usecs
[    6.684659] calling  umwait_init+0x0/0x94 @ 1
[    6.689885] initcall umwait_init+0x0/0x94 returned -19 after 35 usecs
[    6.697602] calling  thermal_throttle_init_device+0x0/0x3d @ 1
[    6.704627] initcall thermal_throttle_init_device+0x0/0x3d returned 0 after 196 usecs
[    6.713848] calling  msr_init+0x0/0xd7 @ 1
[    6.743274] initcall msr_init+0x0/0xd7 returned 0 after 22950 usecs
[    6.752825] calling  cpuid_init+0x0/0xd7 @ 1
[    6.772221] initcall cpuid_init+0x0/0xd7 returned 0 after 13502 usecs
[    6.779887] calling  ioapic_init_ops+0x0/0x13 @ 1
[    6.785536] initcall ioapic_init_ops+0x0/0x13 returned 0 after 27 usecs
[    6.793462] calling  add_pcspkr+0x0/0x6c @ 1
[    6.801350] initcall add_pcspkr+0x0/0x6c returned 0 after 2607 usecs
[    6.809209] calling  start_periodic_check_for_corruption+0x0/0x30 @ 1
[    6.817047] check: Scanning for low memory corruption every 60 seconds
[    6.824858] initcall start_periodic_check_for_corruption+0x0/0x30 returned 0 after 7700 usecs
[    6.835862] calling  sysfb_init+0x0/0x9c @ 1
[    6.841226] initcall sysfb_init+0x0/0x9c returned 0 after 206 usecs
[    6.848624] calling  audit_classes_init+0x0/0xae @ 1
[    6.854714] initcall audit_classes_init+0x0/0xae returned 0 after 68 usecs
[    6.863229] calling  iosf_mbi_init+0x0/0x24 @ 1
[    6.869365] initcall iosf_mbi_init+0x0/0x24 returned 0 after 392 usecs
[    6.877463] calling  proc_execdomains_init+0x0/0x21 @ 1
[    6.884175] initcall proc_execdomains_init+0x0/0x21 returned 0 after 170 usecs
[    6.893164] calling  register_warn_debugfs+0x0/0x23 @ 1
[    6.901237] initcall register_warn_debugfs+0x0/0x23 returned 0 after 37 usecs
[    6.912167] calling  cpuhp_sysfs_init+0x0/0x79 @ 1
[    6.919519] initcall cpuhp_sysfs_init+0x0/0x79 returned 0 after 137 usecs
[    6.929337] calling  ioresources_init+0x0/0x49 @ 1
[    6.935107] initcall ioresources_init+0x0/0x49 returned 0 after 8 usecs
[    6.942963] calling  lockdep_proc_init+0x0/0x44 @ 1
[    6.948969] initcall lockdep_proc_init+0x0/0x44 returned 0 after 32 usecs
[    6.957179] calling  snapshot_device_init+0x0/0xc @ 1
[    6.965708] initcall snapshot_device_init+0x0/0xc returned 0 after 2197 usecs
[    6.974867] calling  irq_pm_init_ops+0x0/0x13 @ 1
[    6.980940] initcall irq_pm_init_ops+0x0/0x13 returned 0 after 37 usecs
[    6.989406] calling  rcu_torture_init+0x0/0xaad @ 1
[    6.995822] rcu-torture:--- Start of test: nreaders=7 nfakewriters=4 stat_interval=15 verbose=1 test_no_idle_hz=1 shuffle_interval=3 stutter=5 irqreader=1 fqs_duration=0 fqs_holdoff=0 fqs_stutter=3 test_boost=1/0 test_boost_interval=7 test_boost_duration=4 shutdown_secs=1800 stall_cpu=0 stall_cpu_holdoff=10 stall_cpu_irqsoff=0 stall_cpu_block=0 n_barrier_cbs=4 onoff_interval=1000 onoff_holdoff=30 read_exit_delay=13 read_exit_burst=16
[    7.041889] rcu:  Start-test grace-period state: g-1032 f0x0
[    7.049286] rcu-torture: Creating rcu_torture_writer task
[    7.058488] rcu-torture: Creating rcu_torture_fakewriter task
[    7.058702] rcu-torture: rcu_torture_writer task started
[    7.067970] rcu-torture: Creating rcu_torture_fakewriter task
[    7.068450] rcu-torture: rcu_torture_fakewriter task started
[    7.073543] rcu-torture: GP expediting controlled from boot/sysfs for rcu.
[    7.073545] rcu_torture_writer: Testing conditional GPs.
[    7.083381] rcu-torture: Creating rcu_torture_fakewriter task
[    7.083702] rcu-torture: rcu_torture_fakewriter task started
[    7.088971] rcu_torture_writer: Testing expedited GPs.
[    7.100281] rcu-torture: Creating rcu_torture_fakewriter task
[    7.100649] rcu-torture: rcu_torture_fakewriter task started
[    7.105366] rcu_torture_writer: Testing asynchronous GPs.
[    7.115344] rcu-torture: rcu_torture_fakewriter task started
[    7.115395] rcu-torture: Creating rcu_torture_reader task
[    7.117266] rcu-torture: Creating rcu_torture_reader task
[    7.117396] rcu-torture: rcu_torture_reader task started
[    7.120592] rcu-torture: rcu_torture_reader task started
[    7.120685] rcu-torture: Creating rcu_torture_reader task
[    7.121492] rcu_torture_writer: Testing normal GPs.
[    7.122985] rcu-torture: Creating rcu_torture_reader task
[    7.123038] rcu-torture: rcu_torture_reader task started
[    7.126938] rcu-torture: Creating rcu_torture_reader task
[    7.127417] rcu-torture: rcu_torture_reader task started
[    7.129936] rcu-torture: Creating rcu_torture_reader task
[    7.130522] rcu-torture: rcu_torture_reader task started
[    7.245907] rcu-torture: Creating rcu_torture_reader task
[    7.246435] rcu-torture: rcu_torture_reader task started
[    7.256341] rcu-torture: Creating rcu_torture_stats task
[    7.256512] rcu-torture: rcu_torture_reader task started
[    7.279558] rcu-torture: Creating torture_shuffle task
[    7.279743] rcu-torture: rcu_torture_stats task started
[    7.288173] rcu-torture: Creating torture_stutter task
[    7.288474] rcu-torture: torture_shuffle task started
[    7.307423] rcu-torture: Creating torture_shutdown task
[    7.307533] rcu-torture: torture_stutter task started
[    7.315298] rcu-torture: Creating torture_onoff task
[    7.315330] rcu-torture: torture_shutdown task started
[    7.315333] rcu-torture:torture_shutdown task: 1799992 ms remaining
[    7.341991] rcu-torture: torture_onoff task started
[    7.342045] rcu-torture: Creating rcu_torture_fwd_prog task
[    7.348508] rcu-torture: torture_onoff begin holdoff
[    7.363978] rcu-torture: Creating rcu_torture_barrier_cbs task
[    7.364551] rcu-torture: rcu_torture_fwd_progress task started
[    7.373630] rcu-torture: Creating rcu_torture_barrier_cbs task
[    7.373699] rcu-torture: rcu_torture_barrier_cbs task started
[    7.400411] rcu-torture: Creating rcu_torture_barrier_cbs task
[    7.400613] rcu-torture: rcu_torture_barrier_cbs task started
[    7.408962] rcu-torture: Creating rcu_torture_barrier_cbs task
[    7.409010] rcu-torture: rcu_torture_barrier_cbs task started
[    7.431060] rcu-torture: Creating rcu_torture_barrier task
[    7.431416] rcu-torture: rcu_torture_barrier_cbs task started
[    7.440529] rcu-torture: Creating rcu_torture_read_exit task
[    7.440944] rcu-torture: rcu_torture_barrier task starting
[    7.463393] initcall rcu_torture_init+0x0/0xaad returned 0 after 456740 usecs
[    7.463942] rcu-torture: rcu_torture_read_exit: Start of test
[    7.474520] calling  timekeeping_init_ops+0x0/0x13 @ 1
[    7.491875] initcall timekeeping_init_ops+0x0/0x13 returned 0 after 20 usecs
[    7.501938] calling  init_clocksource_sysfs+0x0/0x23 @ 1
[    7.508844] initcall init_clocksource_sysfs+0x0/0x23 returned 0 after 333 usecs
[    7.518313] calling  init_timer_list_procfs+0x0/0x31 @ 1
[    7.525186] initcall init_timer_list_procfs+0x0/0x31 returned 0 after 38 usecs
[    7.533791] calling  alarmtimer_init+0x0/0xf5 @ 1
[    7.539947] initcall alarmtimer_init+0x0/0xf5 returned 0 after 214 usecs
[    7.548130] calling  init_posix_timers+0x0/0x29 @ 1
[    7.554287] initcall init_posix_timers+0x0/0x29 returned 0 after 128 usecs
[    7.562672] calling  clockevents_init_sysfs+0x0/0xbf @ 1
[    7.569621] initcall clockevents_init_sysfs+0x0/0xbf returned 0 after 304 usecs
[    7.578677] calling  proc_dma_init+0x0/0x21 @ 1
[    7.584222] initcall proc_dma_init+0x0/0x21 returned 0 after 43 usecs
[    7.592329] calling  proc_modules_init+0x0/0x1e @ 1
[    7.598391] initcall proc_modules_init+0x0/0x1e returned 0 after 5 usecs
[    7.606682] calling  kallsyms_init+0x0/0x21 @ 1
[    7.612393] initcall kallsyms_init+0x0/0x21 returned 0 after 5 usecs
[    7.620257] calling  pid_namespaces_init+0x0/0x2c @ 1
[    7.626702] initcall pid_namespaces_init+0x0/0x2c returned 0 after 18 usecs
[    7.636600] calling  audit_watch_init+0x0/0x37 @ 1
[    7.642805] initcall audit_watch_init+0x0/0x37 returned 0 after 2 usecs
[    7.650789] calling  audit_fsnotify_init+0x0/0x37 @ 1
[    7.657132] initcall audit_fsnotify_init+0x0/0x37 returned 0 after 2 usecs
[    7.665543] calling  audit_tree_init+0x0/0x6d @ 1
[    7.671412] initcall audit_tree_init+0x0/0x6d returned 0 after 12 usecs
[    7.679514] calling  seccomp_sysctl_init+0x0/0x2b @ 1
[    7.685747] initcall seccomp_sysctl_init+0x0/0x2b returned 0 after 45 usecs
[    7.694369] calling  utsname_sysctl_init+0x0/0x13 @ 1
[    7.700713] initcall utsname_sysctl_init+0x0/0x13 returned 0 after 25 usecs
[    7.709407] calling  init_tracepoints+0x0/0x27 @ 1
[    7.715339] initcall init_tracepoints+0x0/0x27 returned 0 after 48 usecs
[    7.723517] calling  init_blk_tracer+0x0/0x50 @ 1
[    7.731125] initcall init_blk_tracer+0x0/0x50 returned 0 after 3140 usecs
[    7.741608] calling  perf_event_sysfs_init+0x0/0x83 @ 1
[    7.749613] initcall perf_event_sysfs_init+0x0/0x83 returned 0 after 473 usecs
[    7.758777] calling  system_trusted_keyring_init+0x0/0x60 @ 1
[    7.766164] Initialise system trusted keyrings
[    7.772053] initcall system_trusted_keyring_init+0x0/0x60 returned 0 after 5749 usecs
[    7.781784] calling  kswapd_init+0x0/0x5c @ 1
[    7.788940] initcall kswapd_init+0x0/0x5c returned 0 after 1506 usecs
[    7.796948] calling  extfrag_debug_init+0x0/0x54 @ 1
[    7.803759] initcall extfrag_debug_init+0x0/0x54 returned 0 after 368 usecs
[    7.812656] calling  mm_compute_batch_init+0x0/0x12 @ 1
[    7.819142] initcall mm_compute_batch_init+0x0/0x12 returned 0 after 16 usecs
[    7.827903] calling  slab_proc_init+0x0/0x21 @ 1
[    7.833757] initcall slab_proc_init+0x0/0x21 returned 0 after 79 usecs
[    7.841847] calling  workingset_init+0x0/0x8c @ 1
[    7.847819] workingset: timestamp_bits=56 max_order=17 bucket_order=0
[    7.855911] initcall workingset_init+0x0/0x8c returned 0 after 7900 usecs
[    7.864167] calling  proc_vmalloc_init+0x0/0x32 @ 1
[    7.870364] initcall proc_vmalloc_init+0x0/0x32 returned 0 after 7 usecs
[    7.878802] calling  procswaps_init+0x0/0x1e @ 1
[    7.884729] initcall procswaps_init+0x0/0x1e returned 0 after 160 usecs
[    7.892966] calling  slab_sysfs_init+0x0/0xec @ 1
[    7.909398] initcall slab_sysfs_init+0x0/0xec returned 0 after 10418 usecs
[    7.918714] calling  fcntl_init+0x0/0x29 @ 1
[    7.924520] initcall fcntl_init+0x0/0x29 returned 0 after 123 usecs
[    7.933658] calling  proc_filesystems_init+0x0/0x21 @ 1
[    7.941386] initcall proc_filesystems_init+0x0/0x21 returned 0 after 9 usecs
[    7.950732] calling  start_dirtytime_writeback+0x0/0x29 @ 1
[    7.957839] initcall start_dirtytime_writeback+0x0/0x29 returned 0 after 2 usecs
[    7.966846] calling  blkdev_init+0x0/0x1b @ 1
[    7.972691] initcall blkdev_init+0x0/0x1b returned 0 after 236 usecs
[    7.980778] calling  dio_init+0x0/0x2c @ 1
[    7.986275] initcall dio_init+0x0/0x2c returned 0 after 140 usecs
[    7.993867] calling  dnotify_init+0x0/0x78 @ 1
[    8.000373] initcall dnotify_init+0x0/0x78 returned 0 after 308 usecs
[    8.008849] calling  aio_setup+0x0/0x78 @ 1
[    8.014622] initcall aio_setup+0x0/0x78 returned 0 after 282 usecs
[    8.022900] calling  io_uring_init+0x0/0x2c @ 1
[    8.030246] initcall io_uring_init+0x0/0x2c returned 0 after 13 usecs
[    8.040427] calling  mbcache_init+0x0/0x30 @ 1
[    8.047468] initcall mbcache_init+0x0/0x30 returned 0 after 132 usecs
[    8.056510] calling  init_grace+0x0/0xc @ 1
[    8.061736] initcall init_grace+0x0/0xc returned 0 after 42 usecs
[    8.070982] calling  init_v2_quota_format+0x0/0x21 @ 1
[    8.079310] initcall init_v2_quota_format+0x0/0x21 returned 0 after 139 usecs
[    8.090345] calling  init_devpts_fs+0x0/0x27 @ 1
[    8.097808] initcall init_devpts_fs+0x0/0x27 returned 0 after 73 usecs
[    8.106369] calling  ext4_init_fs+0x0/0x1c2 @ 1
[    8.117080] initcall ext4_init_fs+0x0/0x1c2 returned 0 after 4804 usecs
[    8.125585] calling  journal_init+0x0/0x11c @ 1
[    8.131681] initcall journal_init+0x0/0x11c returned 0 after 193 usecs
[    8.140040] calling  init_fat_fs+0x0/0x49 @ 1
[    8.147359] initcall init_fat_fs+0x0/0x49 returned 0 after 328 usecs
[    8.157701] calling  init_vfat_fs+0x0/0xc @ 1
[    8.165023] initcall init_vfat_fs+0x0/0xc returned 0 after 29 usecs
[    8.174966] calling  init_msdos_fs+0x0/0xc @ 1
[    8.180830] initcall init_msdos_fs+0x0/0xc returned 0 after 5 usecs
[    8.188847] calling  init_iso9660_fs+0x0/0x6c @ 1
[    8.195149] initcall init_iso9660_fs+0x0/0x6c returned 0 after 182 usecs
[    8.203852] calling  init_nfs_fs+0x0/0x13a @ 1
[    8.213390] initcall init_nfs_fs+0x0/0x13a returned 0 after 3426 usecs
[    8.223312] calling  init_nfs_v2+0x0/0x13 @ 1
[    8.230635] initcall init_nfs_v2+0x0/0x13 returned 0 after 91 usecs
[    8.240276] calling  init_nfs_v3+0x0/0x13 @ 1
[    8.247203] initcall init_nfs_v3+0x0/0x13 returned 0 after 22 usecs
[    8.255611] calling  init_nfs_v4+0x0/0x32 @ 1
[    8.262589] NFS: Registering the id_resolver key type
[    8.269798] Key type id_resolver registered
[    8.275363] Key type id_legacy registered
[    8.280871] initcall init_nfs_v4+0x0/0x32 returned 0 after 18360 usecs
[    8.290547] calling  init_nlm+0x0/0x5b @ 1
[    8.296466] initcall init_nlm+0x0/0x5b returned 0 after 54 usecs
[    8.304668] calling  init_nls_cp437+0x0/0xe @ 1
[    8.311229] initcall init_nls_cp437+0x0/0xe returned 0 after 80 usecs
[    8.320253] calling  init_nls_ascii+0x0/0xe @ 1
[    8.326618] initcall init_nls_ascii+0x0/0xe returned 0 after 1 usecs
[    8.335737] calling  init_nls_iso8859_1+0x0/0xe @ 1
[    8.342570] initcall init_nls_iso8859_1+0x0/0xe returned 0 after 1 usecs
[    8.352804] calling  init_nls_utf8+0x0/0x21 @ 1
[    8.358952] initcall init_nls_utf8+0x0/0x21 returned 0 after 2 usecs
[    8.367136] calling  init_autofs_fs+0x0/0x25 @ 1
[    8.377631] initcall init_autofs_fs+0x0/0x25 returned 0 after 4453 usecs
[    8.386647] calling  ipc_init+0x0/0x24 @ 1
[    8.391964] initcall ipc_init+0x0/0x24 returned 0 after 21 usecs
[    8.400053] calling  ipc_sysctl_init+0x0/0x13 @ 1
[    8.406380] initcall ipc_sysctl_init+0x0/0x13 returned 0 after 14 usecs
[    8.414580] calling  init_mqueue_fs+0x0/0xb1 @ 1
[    8.420770] initcall init_mqueue_fs+0x0/0xb1 returned 0 after 302 usecs
[    8.429711] calling  key_proc_init+0x0/0x63 @ 1
[    8.435613] initcall key_proc_init+0x0/0x63 returned 0 after 8 usecs
[    8.444500] calling  selinux_nf_ip_init+0x0/0x2e @ 1
[    8.451608] initcall selinux_nf_ip_init+0x0/0x2e returned 0 after 511 usecs
[    8.461213] calling  init_sel_fs+0x0/0x116 @ 1
[    8.467227] initcall init_sel_fs+0x0/0x116 returned 0 after 1 usecs
[    8.475479] calling  selnl_init+0x0/0x7c @ 1
[    8.481449] initcall selnl_init+0x0/0x7c returned 0 after 531 usecs
[    8.490351] calling  sel_netif_init+0x0/0x36 @ 1
[    8.496900] initcall sel_netif_init+0x0/0x36 returned 0 after 1 usecs
[    8.505692] calling  sel_netnode_init+0x0/0x33 @ 1
[    8.512208] initcall sel_netnode_init+0x0/0x33 returned 0 after 1 usecs
[    8.521249] calling  sel_netport_init+0x0/0x33 @ 1
[    8.528348] initcall sel_netport_init+0x0/0x33 returned 0 after 0 usecs
[    8.538751] calling  aurule_init+0x0/0x2a @ 1
[    8.545914] initcall aurule_init+0x0/0x2a returned 0 after 2 usecs
[    8.555790] calling  crypto_algapi_init+0x0/0xc @ 1
[    8.562647] initcall crypto_algapi_init+0x0/0xc returned 0 after 8 usecs
[    8.571233] calling  jent_mod_init+0x0/0x2d @ 1
[    8.589537] initcall jent_mod_init+0x0/0x2d returned 0 after 12213 usecs
[    8.600480] calling  asymmetric_key_init+0x0/0xc @ 1
[    8.608675] Key type asymmetric registered
[    8.615628] initcall asymmetric_key_init+0x0/0xc returned 0 after 6791 usecs
[    8.627308] calling  x509_key_init+0x0/0xc @ 1
[    8.634516] Asymmetric key parser 'x509' registered
[    8.642523] initcall x509_key_init+0x0/0xc returned 0 after 8288 usecs
[    8.653004] calling  proc_genhd_init+0x0/0x41 @ 1
[    8.660694] initcall proc_genhd_init+0x0/0x41 returned 0 after 12 usecs
[    8.671510] calling  bsg_init+0x0/0x113 @ 1
[    8.678458] Block layer SCSI generic (bsg) driver version 0.4 loaded (major 251)
[    8.690480] initcall bsg_init+0x0/0x113 returned 0 after 11769 usecs
[    8.700902] calling  deadline_init+0x0/0xc @ 1
[    8.708476] io scheduler mq-deadline registered
[    8.716164] initcall deadline_init+0x0/0xc returned 0 after 7651 usecs
[    8.727003] calling  kyber_init+0x0/0xc @ 1
[    8.734172] io scheduler kyber registered
[    8.740311] initcall kyber_init+0x0/0xc returned 0 after 5994 usecs
[    8.749040] calling  mod_init+0x0/0x7 @ 1
[    8.755667] initcall mod_init+0x0/0x7 returned 0 after 2 usecs
[    8.765776] calling  debug_objects_init_debugfs+0x0/0x3b @ 1
[    8.773935] initcall debug_objects_init_debugfs+0x0/0x3b returned 0 after 109 usecs
[    8.785079] calling  percpu_counter_startup+0x0/0x55 @ 1
[    8.799034] initcall percpu_counter_startup+0x0/0x55 returned 0 after 5807 usecs
[    8.810379] calling  sg_pool_init+0x0/0xb4 @ 1
[    8.819064] initcall sg_pool_init+0x0/0xb4 returned 0 after 1958 usecs
[    8.828701] calling  pcie_portdrv_init+0x0/0x39 @ 1
[    8.836038] initcall pcie_portdrv_init+0x0/0x39 returned 0 after 119 usecs
[    8.846026] calling  pci_proc_init+0x0/0x68 @ 1
[    8.852662] initcall pci_proc_init+0x0/0x68 returned 0 after 80 usecs
[    8.861532] calling  pci_hotplug_init+0x0/0x7 @ 1
[    8.868448] initcall pci_hotplug_init+0x0/0x7 returned 0 after 0 usecs
[    8.877517] calling  efifb_driver_init+0x0/0xe @ 1
[    8.884540] initcall efifb_driver_init+0x0/0xe returned 0 after 37 usecs
[    8.894301] calling  ged_driver_init+0x0/0xe @ 1
[    8.900998] initcall ged_driver_init+0x0/0xe returned 0 after 91 usecs
[    8.910223] calling  acpi_ac_init+0x0/0x92 @ 1
[    8.917630] initcall acpi_ac_init+0x0/0x92 returned 0 after 878 usecs
[    8.926608] calling  acpi_button_driver_init+0x0/0x52 @ 1
[    8.943539] input: Power Button as /devices/LNXSYSTM:00/LNXPWRBN:00/input/input0
[    8.956264] ACPI: Power Button [PWRF]
[    8.962357] initcall acpi_button_driver_init+0x0/0x52 returned 0 after 26734 usecs
[    8.974269] calling  acpi_fan_driver_init+0x0/0xe @ 1
[    8.982717] initcall acpi_fan_driver_init+0x0/0xe returned 0 after 38 usecs
[    8.993965] calling  acpi_video_init+0x0/0xcb @ 1
[    9.002388] initcall acpi_video_init+0x0/0xcb returned 0 after 540 usecs
[    9.011488] calling  acpi_processor_driver_init+0x0/0xad @ 1
[    9.022632] initcall acpi_processor_driver_init+0x0/0xad returned 0 after 3627 usecs
[    9.032687] calling  acpi_thermal_init+0x0/0x71 @ 1
[    9.040858] initcall acpi_thermal_init+0x0/0x71 returned 0 after 1617 usecs
[    9.050648] calling  acpi_battery_init+0x0/0x32 @ 1
[    9.059667] initcall acpi_battery_init+0x0/0x32 returned 0 after 1179 usecs
[    9.071398] calling  bgrt_init+0x0/0xb6 @ 1
[    9.078560] initcall bgrt_init+0x0/0xb6 returned -19 after 1 usecs
[    9.088457] calling  gpio_clk_driver_init+0x0/0xe @ 1
[    9.096992] initcall gpio_clk_driver_init+0x0/0xe returned 0 after 860 usecs
[    9.107678] calling  plt_clk_driver_init+0x0/0xe @ 1
[    9.115368] initcall plt_clk_driver_init+0x0/0xe returned 0 after 42 usecs
[    9.125230] calling  virtio_pci_driver_init+0x0/0x15 @ 1
[    9.133346] initcall virtio_pci_driver_init+0x0/0x15 returned 0 after 289 usecs
[    9.146039] calling  n_null_init+0x0/0x1e @ 1
[    9.152636] initcall n_null_init+0x0/0x1e returned 0 after 168 usecs
[    9.161721] calling  pty_init+0x0/0x1e8 @ 1
[    9.170924] initcall pty_init+0x0/0x1e8 returned 0 after 2394 usecs
[    9.180688] calling  sysrq_init+0x0/0x62 @ 1
[    9.187363] initcall sysrq_init+0x0/0x62 returned 0 after 202 usecs
[    9.197226] calling  serial8250_init+0x0/0x17e @ 1
[    9.206129] Serial: 8250/16550 driver, 4 ports, IRQ sharing enabled
[    9.222259] 00:03: ttyS0 at I/O 0x3f8 (irq = 4, base_baud = 115200) is a 16550A
[    9.258918] initcall serial8250_init+0x0/0x17e returned 0 after 52648 usecs
[    9.268985] calling  serial_pci_driver_init+0x0/0x15 @ 1
[    9.277426] initcall serial_pci_driver_init+0x0/0x15 returned 0 after 686 usecs
[    9.288442] calling  exar_pci_driver_init+0x0/0x15 @ 1
[    9.296124] initcall exar_pci_driver_init+0x0/0x15 returned 0 after 181 usecs
[    9.305792] calling  lpss8250_pci_driver_init+0x0/0x15 @ 1
[    9.313457] initcall lpss8250_pci_driver_init+0x0/0x15 returned 0 after 353 usecs
[    9.323570] calling  mid8250_pci_driver_init+0x0/0x15 @ 1
[    9.331328] initcall mid8250_pci_driver_init+0x0/0x15 returned 0 after 40 usecs
[    9.341218] calling  virtio_console_init+0x0/0xff @ 1
[    9.348436] initcall virtio_console_init+0x0/0xff returned 0 after 173 usecs
[    9.357768] calling  hpet_init+0x0/0x64 @ 1
[    9.366663] initcall hpet_init+0x0/0x64 returned 0 after 2985 usecs
[    9.375608] calling  nvram_module_init+0x0/0x83 @ 1
[    9.384907] Non-volatile memory driver v1.3
[    9.391377] initcall nvram_module_init+0x0/0x83 returned 0 after 8640 usecs
[    9.401077] calling  hwrng_modinit+0x0/0x8a @ 1
[    9.408944] initcall hwrng_modinit+0x0/0x8a returned 0 after 1491 usecs
[    9.419756] calling  mod_init+0x0/0x48 @ 1
[    9.426364] initcall mod_init+0x0/0x48 returned -19 after 0 usecs
[    9.435541] calling  agp_init+0x0/0x23 @ 1
[    9.441985] Linux agpgart interface v0.103
[    9.448848] initcall agp_init+0x0/0x23 returned 0 after 6697 usecs
[    9.458714] calling  agp_amd64_mod_init+0x0/0x5 @ 1
[    9.468405] initcall agp_amd64_mod_init+0x0/0x5 returned -19 after 2443 usecs
[    9.478948] calling  agp_intel_init+0x0/0x28 @ 1
[    9.486567] initcall agp_intel_init+0x0/0x28 returned 0 after 826 usecs
[    9.496000] calling  drm_kms_helper_init+0x0/0x7 @ 1
[    9.503398] initcall drm_kms_helper_init+0x0/0x7 returned 0 after 62 usecs
[    9.512827] calling  drm_core_init+0x0/0xbd @ 1
[    9.519604] initcall drm_core_init+0x0/0xbd returned 0 after 363 usecs
[    9.528155] calling  i915_init+0x0/0x6b @ 1
[    9.534751] initcall i915_init+0x0/0x6b returned 0 after 990 usecs
[    9.542997] calling  cn_proc_init+0x0/0x35 @ 1
[    9.548807] initcall cn_proc_init+0x0/0x35 returned 0 after 27 usecs
[    9.557882] calling  topology_sysfs_init+0x0/0x27 @ 1
[    9.566869] initcall topology_sysfs_init+0x0/0x27 returned 0 after 455 usecs
[    9.578388] calling  cacheinfo_sysfs_init+0x0/0x27 @ 1
[    9.613768] initcall cacheinfo_sysfs_init+0x0/0x27 returned 0 after 24353 usecs
[    9.624063] calling  loop_init+0x0/0x16a @ 1
[    9.691443] loop: module loaded
[    9.696288] initcall loop_init+0x0/0x16a returned 0 after 64196 usecs
[    9.705463] calling  mac_hid_init+0x0/0x21 @ 1
[    9.711536] initcall mac_hid_init+0x0/0x21 returned 0 after 42 usecs
[    9.720554] calling  spi_transport_init+0x0/0x74 @ 1
[    9.727641] initcall spi_transport_init+0x0/0x74 returned 0 after 129 usecs
[    9.737510] calling  init_sd+0x0/0x18c @ 1
[    9.743714] initcall init_sd+0x0/0x18c returned 0 after 344 usecs
[    9.752833] calling  init_sr+0x0/0x43 @ 1
[    9.758844] initcall init_sr+0x0/0x43 returned 0 after 123 usecs
[    9.767816] calling  init_sg+0x0/0x1c0 @ 1
[    9.773690] initcall init_sg+0x0/0x1c0 returned 0 after 94 usecs
[    9.782268] calling  ahci_pci_driver_init+0x0/0x15 @ 1
[    9.789908] ahci 0000:00:1f.2: version 3.0
[    9.798393] PCI Interrupt Link [GSIA] enabled at IRQ 16
[    9.816518] ahci 0000:00:1f.2: AHCI 0001.0000 32 slots 6 ports 1.5 Gbps 0x3f impl SATA mode
[    9.829598] ahci 0000:00:1f.2: flags: 64bit ncq only 
[    9.866836] scsi host0: ahci
[    9.878794] scsi host1: ahci
[    9.891732] scsi host2: ahci
[    9.907393] scsi host3: ahci
[    9.917792] scsi host4: ahci
[    9.932372] scsi host5: ahci
[    9.938247] ata1: SATA max UDMA/133 abar m4096@0xfebf1000 port 0xfebf1100 irq 24
[    9.948876] ata2: SATA max UDMA/133 abar m4096@0xfebf1000 port 0xfebf1180 irq 24
[    9.958723] ata3: SATA max UDMA/133 abar m4096@0xfebf1000 port 0xfebf1200 irq 24
[    9.969382] ata4: SATA max UDMA/133 abar m4096@0xfebf1000 port 0xfebf1280 irq 24
[    9.979656] ata5: SATA max UDMA/133 abar m4096@0xfebf1000 port 0xfebf1300 irq 24
[    9.989812] ata6: SATA max UDMA/133 abar m4096@0xfebf1000 port 0xfebf1380 irq 24
[    9.999973] initcall ahci_pci_driver_init+0x0/0x15 returned 0 after 205507 usecs
[   10.010389] calling  piix_init+0x0/0x26 @ 1
[   10.016623] initcall piix_init+0x0/0x26 returned 0 after 634 usecs
[   10.025264] calling  amd_pci_driver_init+0x0/0x15 @ 1
[   10.032869] initcall amd_pci_driver_init+0x0/0x15 returned 0 after 80 usecs
[   10.042891] calling  oldpiix_pci_driver_init+0x0/0x15 @ 1
[   10.051111] initcall oldpiix_pci_driver_init+0x0/0x15 returned 0 after 74 usecs
[   10.061649] calling  sch_pci_driver_init+0x0/0x15 @ 1
[   10.070575] initcall sch_pci_driver_init+0x0/0x15 returned 0 after 79 usecs
[   10.080319] calling  net_olddevs_init+0x0/0x55 @ 1
[   10.087777] initcall net_olddevs_init+0x0/0x55 returned 0 after 918 usecs
[   10.096869] calling  blackhole_netdev_init+0x0/0x78 @ 1
[   10.105733] initcall blackhole_netdev_init+0x0/0x78 returned 0 after 1163 usecs
[   10.115624] calling  phy_module_init+0x0/0x13 @ 1
[   10.123004] initcall phy_module_init+0x0/0x13 returned 0 after 343 usecs
[   10.132822] calling  tg3_driver_init+0x0/0x15 @ 1
[   10.140198] initcall tg3_driver_init+0x0/0x15 returned 0 after 110 usecs
[   10.150569] calling  e100_init_module+0x0/0x4c @ 1
[   10.158006] e100: Intel(R) PRO/100 Network Driver
[   10.165260] e100: Copyright(c) 1999-2006 Intel Corporation
[   10.174122] initcall e100_init_module+0x0/0x4c returned 0 after 15752 usecs
[   10.183941] calling  e1000_init_module+0x0/0x72 @ 1
[   10.192080] e1000: Intel(R) PRO/1000 Network Driver
[   10.199936] e1000: Copyright (c) 1999-2006 Intel Corporation.
[   10.208730] initcall e1000_init_module+0x0/0x72 returned 0 after 16256 usecs
[   10.218787] calling  e1000_init_module+0x0/0x2d @ 1
[   10.225879] e1000e: Intel(R) PRO/1000 Network Driver
[   10.233547] e1000e: Copyright(c) 1999 - 2015 Intel Corporation.
[   10.242956] initcall e1000_init_module+0x0/0x2d returned 0 after 16690 usecs
[   10.253828] calling  sky2_init_module+0x0/0x21 @ 1
[   10.261567] sky2: driver version 1.30
[   10.267441] initcall sky2_init_module+0x0/0x21 returned 0 after 5744 usecs
[   10.277679] calling  forcedeth_pci_driver_init+0x0/0x15 @ 1
[   10.286502] initcall forcedeth_pci_driver_init+0x0/0x15 returned 0 after 548 usecs
[   10.297890] calling  rtl8139_init_module+0x0/0x15 @ 1
[   10.305820] initcall rtl8139_init_module+0x0/0x15 returned 0 after 73 usecs
[   10.316294] calling  rtl8169_pci_driver_init+0x0/0x15 @ 1
[   10.324683] initcall rtl8169_pci_driver_init+0x0/0x15 returned 0 after 62 usecs
[   10.325365] ata1: SATA link down (SStatus 0 SControl 300)
[   10.335398] calling  cdrom_init+0x0/0xc @ 1
[   10.335494] initcall cdrom_init+0x0/0xc returned 0 after 90 usecs
[   10.335497] calling  nonstatic_sysfs_init+0x0/0xc @ 1
[   10.335549] initcall nonstatic_sysfs_init+0x0/0xc returned 0 after 47 usecs
[   10.335550] calling  yenta_cardbus_driver_init+0x0/0x15 @ 1
[   10.335651] initcall yenta_cardbus_driver_init+0x0/0x15 returned 0 after 96 usecs
[   10.347822] ata2: SATA link down (SStatus 0 SControl 300)
[   10.350770] calling  mon_init+0x0/0x144 @ 1
[   10.352563] initcall mon_init+0x0/0x144 returned 0 after 1746 usecs
[   10.363550] ata6: SATA link down (SStatus 0 SControl 300)
[   10.367817] calling  ehci_hcd_init+0x0/0x56 @ 1
[   10.367869] ehci_hcd: USB 2.0 'Enhanced' Host Controller (EHCI) Driver
[   10.367871] initcall ehci_hcd_init+0x0/0x56 returned 0 after 50 usecs
[   10.367873] calling  ehci_pci_init+0x0/0x64 @ 1
[   10.367874] ehci-pci: EHCI PCI platform driver
[   10.368258] initcall ehci_pci_init+0x0/0x64 returned 0 after 373 usecs
[   10.368260] calling  ohci_hcd_mod_init+0x0/0x4e @ 1
[   10.368292] ohci_hcd: USB 1.1 'Open' Host Controller (OHCI) Driver
[   10.368309] initcall ohci_hcd_mod_init+0x0/0x4e returned 0 after 46 usecs
[   10.368311] calling  ohci_pci_init+0x0/0x64 @ 1
[   10.368312] ohci-pci: OHCI PCI platform driver
[   10.368401] initcall ohci_pci_init+0x0/0x64 returned 0 after 86 usecs
[   10.368402] calling  uhci_hcd_init+0x0/0xa8 @ 1
[   10.368404] uhci_hcd: USB Universal Host Controller Interface driver
[   10.368452] initcall uhci_hcd_init+0x0/0xa8 returned 0 after 47 usecs
[   10.381232] ata3: SATA link up 1.5 Gbps (SStatus 113 SControl 300)
[   10.386374] calling  xhci_hcd_init+0x0/0x1e @ 1
[   10.399680] ata3.00: ATAPI: QEMU DVD-ROM, 2.5+, max UDMA/100
[   10.406406] initcall xhci_hcd_init+0x0/0x1e returned 0 after 38 usecs
[   10.406427] calling  xhci_pci_init+0x0/0x49 @ 1
[   10.406578] initcall xhci_pci_init+0x0/0x49 returned 0 after 145 usecs
[   10.406580] calling  usblp_driver_init+0x0/0x15 @ 1
[   10.406734] usbcore: registered new interface driver usblp
[   10.413548] ata3.00: applying bridge limits
[   10.422577] initcall usblp_driver_init+0x0/0x15 returned 0 after 15616 usecs
[   10.422580] calling  usb_storage_driver_init+0x0/0x2a @ 1
[   10.422674] usbcore: registered new interface driver usb-storage
[   10.436268] ata4: SATA link down (SStatus 0 SControl 300)
[   10.440132] initcall usb_storage_driver_init+0x0/0x2a returned 0 after 17091 usecs
[   10.453648] ata5: SATA link down (SStatus 0 SControl 300)
[   10.461275] calling  i8042_init+0x0/0x4c2 @ 1
[   10.461719] i8042: PNP: PS/2 Controller [PNP0303:KBD,PNP0f13:MOU] at 0x60,0x64 irq 1,12
[   10.470074] ata3.00: configured for UDMA/100
[   10.499988] serio: i8042 KBD port at 0x60,0x64 irq 1
[   10.520797] scsi 2:0:0:0: CD-ROM            QEMU     QEMU DVD-ROM     2.5+ PQ: 0 ANSI: 5
[   10.522101] serio: i8042 AUX port at 0x60,0x64 irq 12
[   10.786489] initcall i8042_init+0x0/0x4c2 returned 0 after 317540 usecs
[   10.797395] calling  serport_init+0x0/0x2c @ 1
[   10.801655] sr 2:0:0:0: [sr0] scsi3-mmc drive: 4x/4x cd/rw xa/form2 tray
[   10.804949] initcall serport_init+0x0/0x2c returned 0 after 1 usecs
[   10.804952] calling  input_leds_init+0x0/0xc @ 1
[   10.804958] initcall input_leds_init+0x0/0xc returned 0 after 2 usecs
[   10.804959] calling  evdev_init+0x0/0xc @ 1
[   10.809914] initcall evdev_init+0x0/0xc returned 0 after 4828 usecs
[   10.817498] cdrom: Uniform CD-ROM driver Revision: 3.20
[   10.866301] calling  atkbd_init+0x0/0x21 @ 1
[   10.874643] initcall atkbd_init+0x0/0x21 returned 0 after 1515 usecs
[   10.887698] calling  psmouse_init+0x0/0x7f @ 1
[   10.887952] input: AT Translated Set 2 keyboard as /devices/platform/i8042/serio0/input/input1
[   10.895957] initcall psmouse_init+0x0/0x7f returned 0 after 143 usecs
[   10.895987] sr 2:0:0:0: Attached scsi CD-ROM sr0
[   10.897787] sr 2:0:0:0: Attached scsi generic sg0 type 5
[   10.935616] calling  cmos_init+0x0/0x73 @ 1
[   10.942684] rtc_cmos 00:04: RTC can wake from S4
[   10.957690] rtc_cmos 00:04: registered as rtc0
[   10.965816] rtc_cmos 00:04: alarms up to one day, y3k, 242 bytes nvram, hpet irqs
[   10.977549] initcall cmos_init+0x0/0x73 returned 0 after 34868 usecs
[   10.987392] calling  smbalert_driver_init+0x0/0xe @ 1
[   10.995429] initcall smbalert_driver_init+0x0/0xe returned 0 after 65 usecs
[   11.006409] calling  i2c_i801_init+0x0/0xc5 @ 1
[   11.017605] i801_smbus 0000:00:1f.3: SMBus using PCI interrupt
[   11.028965] i2c i2c-0: 1/1 memory slots populated (from DMI)
[   11.037053] i2c i2c-0: Memory type 0x07 not supported yet, not instantiating SPD
[   11.047694] initcall i2c_i801_init+0x0/0xc5 returned 0 after 33228 usecs
[   11.057936] calling  ptp_kvm_init+0x0/0xf0 @ 1
[   11.066751] initcall ptp_kvm_init+0x0/0xf0 returned 0 after 1886 usecs
[   11.077468] calling  dm_init+0x0/0x3c @ 1
[   11.086678] device-mapper: ioctl: 4.43.0-ioctl (2020-10-01) initialised: dm-devel@redhat.com
[   11.100984] initcall dm_init+0x0/0x3c returned 0 after 16150 usecs
[   11.111121] calling  dm_mirror_init+0x0/0x29 @ 1
[   11.119446] initcall dm_mirror_init+0x0/0x29 returned 0 after 2 usecs
[   11.131580] calling  dm_dirty_log_init+0x0/0x4f @ 1
[   11.140624] initcall dm_dirty_log_init+0x0/0x4f returned 0 after 1362 usecs
[   11.150684] calling  dm_zero_init+0x0/0x29 @ 1
[   11.157240] initcall dm_zero_init+0x0/0x29 returned 0 after 2 usecs
[   11.167710] calling  intel_pstate_init+0x0/0x50f @ 1
[   11.176249] intel_pstate: CPU model not supported
[   11.182950] initcall intel_pstate_init+0x0/0x50f returned -19 after 6542 usecs
[   11.202581] calling  haltpoll_init+0x0/0xc0 @ 1
[   11.209758] initcall haltpoll_init+0x0/0xc0 returned -19 after 40 usecs
[   11.221017] calling  efivars_sysfs_init+0x0/0x30 @ 1
[   11.229418] initcall efivars_sysfs_init+0x0/0x30 returned 0 after 30 usecs
[   11.240330] calling  esrt_sysfs_init+0x0/0x2a2 @ 1
[   11.248086] initcall esrt_sysfs_init+0x0/0x2a2 returned -38 after 90 usecs
[   11.258768] calling  hid_init+0x0/0x5c @ 1
[   11.265631] hid: raw HID events driver (C) Jiri Kosina
[   11.274484] initcall hid_init+0x0/0x5c returned 0 after 8756 usecs
[   11.284659] calling  hid_generic_init+0x0/0x15 @ 1
[   11.292016] initcall hid_generic_init+0x0/0x15 returned 0 after 225 usecs
[   11.301578] calling  a4_driver_init+0x0/0x15 @ 1
[   11.308423] initcall a4_driver_init+0x0/0x15 returned 0 after 38 usecs
[   11.318208] calling  apple_driver_init+0x0/0x15 @ 1
[   11.325341] initcall apple_driver_init+0x0/0x15 returned 0 after 117 usecs
[   11.335758] calling  belkin_driver_init+0x0/0x15 @ 1
[   11.345686] initcall belkin_driver_init+0x0/0x15 returned 0 after 83 usecs
[   11.356476] calling  ch_driver_init+0x0/0x15 @ 1
[   11.363675] initcall ch_driver_init+0x0/0x15 returned 0 after 35 usecs
[   11.373790] calling  ch_driver_init+0x0/0x15 @ 1
[   11.381327] initcall ch_driver_init+0x0/0x15 returned 0 after 45 usecs
[   11.390385] calling  cp_driver_init+0x0/0x15 @ 1
[   11.397207] initcall cp_driver_init+0x0/0x15 returned 0 after 42 usecs
[   11.406423] calling  ez_driver_init+0x0/0x15 @ 1
[   11.413106] initcall ez_driver_init+0x0/0x15 returned 0 after 317 usecs
[   11.416156] hrtimer: interrupt took 7253941 ns
[   11.422164] calling  gyration_driver_init+0x0/0x15 @ 1
[   11.437277] initcall gyration_driver_init+0x0/0x15 returned 0 after 44 usecs
[   11.447731] calling  ite_driver_init+0x0/0x15 @ 1
[   11.454477] initcall ite_driver_init+0x0/0x15 returned 0 after 41 usecs
[   11.463954] calling  ks_driver_init+0x0/0x15 @ 1
[   11.471207] initcall ks_driver_init+0x0/0x15 returned 0 after 288 usecs
[   11.480153] calling  lg_driver_init+0x0/0x15 @ 1
[   11.486715] initcall lg_driver_init+0x0/0x15 returned 0 after 98 usecs
[   11.496476] calling  lg_g15_driver_init+0x0/0x15 @ 1
[   11.503609] initcall lg_g15_driver_init+0x0/0x15 returned 0 after 35 usecs
[   11.513230] calling  ms_driver_init+0x0/0x15 @ 1
[   11.519897] initcall ms_driver_init+0x0/0x15 returned 0 after 47 usecs
[   11.529209] calling  mr_driver_init+0x0/0x15 @ 1
[   11.535971] initcall mr_driver_init+0x0/0x15 returned 0 after 37 usecs
[   11.545256] calling  ntrig_driver_init+0x0/0x15 @ 1
[   11.552450] initcall ntrig_driver_init+0x0/0x15 returned 0 after 111 usecs
[   11.562285] calling  pl_driver_init+0x0/0x15 @ 1
[   11.569652] initcall pl_driver_init+0x0/0x15 returned 0 after 44 usecs
[   11.578728] calling  pl_driver_init+0x0/0x15 @ 1
[   11.584953] initcall pl_driver_init+0x0/0x15 returned 0 after 38 usecs
[   11.594303] calling  redragon_driver_init+0x0/0x15 @ 1
[   11.601412] initcall redragon_driver_init+0x0/0x15 returned 0 after 35 usecs
[   11.611222] calling  samsung_driver_init+0x0/0x15 @ 1
[   11.618248] initcall samsung_driver_init+0x0/0x15 returned 0 after 30 usecs
[   11.628149] calling  sony_init+0x0/0x38 @ 1
[   11.633800] initcall sony_init+0x0/0x38 returned 0 after 61 usecs
[   11.642015] calling  sp_driver_init+0x0/0x15 @ 1
[   11.648328] initcall sp_driver_init+0x0/0x15 returned 0 after 33 usecs
[   11.657197] calling  ts_driver_init+0x0/0x15 @ 1
[   11.663773] initcall ts_driver_init+0x0/0x15 returned 0 after 31 usecs
[   11.672708] calling  hid_init+0x0/0x58 @ 1
[   11.680942] usbcore: registered new interface driver usbhid
[   11.688828] usbhid: USB HID core driver
[   11.694751] input: ImExPS/2 Generic Explorer Mouse as /devices/platform/i8042/serio1/input/input3
[   11.696464] initcall hid_init+0x0/0x58 returned 0 after 15541 usecs
[   11.716461] calling  eeepc_laptop_init+0x0/0x57 @ 1
[   11.722732] initcall eeepc_laptop_init+0x0/0x57 returned -19 after 173 usecs
[   11.731570] calling  pmc_atom_init+0x0/0x27a @ 1
[   11.737575] initcall pmc_atom_init+0x0/0x27a returned -19 after 8 usecs
[   11.747183] calling  alsa_hwdep_init+0x0/0x5e @ 1
[   11.755752] initcall alsa_hwdep_init+0x0/0x5e returned 0 after 496 usecs
[   11.764481] calling  alsa_timer_init+0x0/0x1f9 @ 1
[   11.772253] initcall alsa_timer_init+0x0/0x1f9 returned 0 after 1545 usecs
[   11.781536] calling  snd_hrtimer_init+0x0/0x117 @ 1
[   11.788271] initcall snd_hrtimer_init+0x0/0x117 returned 0 after 3 usecs
[   11.797465] calling  alsa_pcm_init+0x0/0x64 @ 1
[   11.803690] initcall alsa_pcm_init+0x0/0x64 returned 0 after 10 usecs
[   11.812265] calling  alsa_seq_init+0x0/0x4a @ 1
[   11.820710] initcall alsa_seq_init+0x0/0x4a returned 0 after 2169 usecs
[   11.830641] calling  alsa_seq_dummy_init+0x0/0x9c @ 1
[   11.839015] initcall alsa_seq_dummy_init+0x0/0x9c returned 0 after 152 usecs
[   11.847531] calling  azx_driver_init+0x0/0x15 @ 1
[   11.853730] initcall azx_driver_init+0x0/0x15 returned 0 after 139 usecs
[   11.863462] calling  sock_diag_init+0x0/0x2a @ 1
[   11.869819] initcall sock_diag_init+0x0/0x2a returned 0 after 72 usecs
[   11.878598] calling  blackhole_init+0x0/0xc @ 1
[   11.884832] initcall blackhole_init+0x0/0xc returned 0 after 2 usecs
[   11.893587] calling  nfnetlink_init+0x0/0x61 @ 1
[   11.900579] initcall nfnetlink_init+0x0/0x61 returned 0 after 195 usecs
[   11.909844] calling  nfnetlink_log_init+0x0/0x99 @ 1
[   11.917291] initcall nfnetlink_log_init+0x0/0x99 returned 0 after 331 usecs
[   11.927512] calling  nf_conntrack_standalone_init+0x0/0x87 @ 1
[   11.940779] initcall nf_conntrack_standalone_init+0x0/0x87 returned 0 after 2296 usecs
[   11.955796] calling  ctnetlink_init+0x0/0x83 @ 1
