c[?7l[2J[0mSeaBIOS (version 1.16.0-debian-1.16.0-4)
Booting from ROM...
early console in setup code
c[?7l[2J[    0.000000] Linux version 5.10.153+ (root@joelboxx.c.googlers.com) (gcc (Debian 12.2.0-3) 12.2.0, GNU ld (GNU Binutils for Debian) 2.39) #12 SMP PREEMPT Tue Dec 13 07:25:01 UTC 2022
[    0.000000] Command line: selinux=0 initcall_debug debug console=ttyS0 rcutorture.torture_type=tasks rcutorture.onoff_interval=1000 rcutorture.onoff_holdoff=30 rcutorture.n_barrier_cbs=4 rcutorture.stat_interval=15 rcutorture.shutdown_secs=1800 rcutorture.test_no_idle_hz=1 rcutorture.verbose=1
[    0.000000] x86/fpu: x87 FPU will use FXSAVE
[    0.000000] BIOS-provided physical RAM map:
[    0.000000] BIOS-e820: [mem 0x0000000000000000-0x000000000009fbff] usable
[    0.000000] BIOS-e820: [mem 0x000000000009fc00-0x000000000009ffff] reserved
[    0.000000] BIOS-e820: [mem 0x00000000000f0000-0x00000000000fffff] reserved
[    0.000000] BIOS-e820: [mem 0x0000000000100000-0x000000001ffdefff] usable
[    0.000000] BIOS-e820: [mem 0x000000001ffdf000-0x000000001fffffff] reserved
[    0.000000] BIOS-e820: [mem 0x00000000b0000000-0x00000000bfffffff] reserved
[    0.000000] BIOS-e820: [mem 0x00000000fed1c000-0x00000000fed1ffff] reserved
[    0.000000] BIOS-e820: [mem 0x00000000feffc000-0x00000000feffffff] reserved
[    0.000000] BIOS-e820: [mem 0x00000000fffc0000-0x00000000ffffffff] reserved
[    0.000000] NX (Execute Disable) protection: active
[    0.000000] SMBIOS 2.8 present.
[    0.000000] DMI: QEMU Standard PC (Q35 + ICH9, 2009), BIOS 1.16.0-debian-1.16.0-4 04/01/2014
[    0.000000] Hypervisor detected: KVM
[    0.000000] kvm-clock: Using msrs 4b564d01 and 4b564d00
[    0.000000] kvm-clock: cpu 0, msr ef29001, primary cpu clock
[    0.000081] kvm-clock: using sched offset of 3067344997 cycles
[    0.000403] clocksource: kvm-clock: mask: 0xffffffffffffffff max_cycles: 0x1cd42e4dffb, max_idle_ns: 881590591483 ns
[    0.000611] tsc: Detected 1999.999 MHz processor
[    0.009121] e820: update [mem 0x00000000-0x00000fff] usable ==> reserved
[    0.009131] e820: remove [mem 0x000a0000-0x000fffff] usable
[    0.009140] last_pfn = 0x1ffdf max_arch_pfn = 0x400000000
[    0.010027] MTRR default type: write-back
[    0.010103] MTRR fixed ranges enabled:
[    0.010107]   00000-9FFFF write-back
[    0.010109]   A0000-BFFFF uncachable
[    0.010112]   C0000-FFFFF write-protect
[    0.010114] MTRR variable ranges enabled:
[    0.010117]   0 base 00C0000000 mask FFC0000000 uncachable
[    0.010119]   1 disabled
[    0.010121]   2 disabled
[    0.010123]   3 disabled
[    0.010125]   4 disabled
[    0.010127]   5 disabled
[    0.010129]   6 disabled
[    0.010131]   7 disabled
[    0.010565] x86/PAT: Configuration [0-7]: WB  WC  UC- UC  WB  WC  UC- UC  
[    0.019828] found SMP MP-table at [mem 0x000f5ba0-0x000f5baf]
[    0.022418] check: Scanning 1 areas for low memory corruption
[    0.047180] ACPI: Early table checksum verification disabled
[    0.049552] ACPI: RSDP 0x00000000000F59E0 000014 (v00 BOCHS )
[    0.049949] ACPI: RSDT 0x000000001FFE22F5 000038 (v01 BOCHS  BXPC     00000001 BXPC 00000001)
[    0.050161] ACPI: FACP 0x000000001FFE20E5 0000F4 (v03 BOCHS  BXPC     00000001 BXPC 00000001)
[    0.050327] ACPI: DSDT 0x000000001FFE0040 0020A5 (v01 BOCHS  BXPC     00000001 BXPC 00000001)
[    0.050336] ACPI: FACS 0x000000001FFE0000 000040
[    0.050343] ACPI: APIC 0x000000001FFE21D9 000080 (v01 BOCHS  BXPC     00000001 BXPC 00000001)
[    0.050350] ACPI: HPET 0x000000001FFE2259 000038 (v01 BOCHS  BXPC     00000001 BXPC 00000001)
[    0.050357] ACPI: MCFG 0x000000001FFE2291 00003C (v01 BOCHS  BXPC     00000001 BXPC 00000001)
[    0.050364] ACPI: WAET 0x000000001FFE22CD 000028 (v01 BOCHS  BXPC     00000001 BXPC 00000001)
[    0.050422] ACPI: Reserving FACP table memory at [mem 0x1ffe20e5-0x1ffe21d8]
[    0.050426] ACPI: Reserving DSDT table memory at [mem 0x1ffe0040-0x1ffe20e4]
[    0.050429] ACPI: Reserving FACS table memory at [mem 0x1ffe0000-0x1ffe003f]
[    0.050431] ACPI: Reserving APIC table memory at [mem 0x1ffe21d9-0x1ffe2258]
[    0.050433] ACPI: Reserving HPET table memory at [mem 0x1ffe2259-0x1ffe2290]
[    0.050436] ACPI: Reserving MCFG table memory at [mem 0x1ffe2291-0x1ffe22cc]
[    0.050438] ACPI: Reserving WAET table memory at [mem 0x1ffe22cd-0x1ffe22f4]
[    0.051493] ACPI: Local APIC address 0xfee00000
[    0.056327] No NUMA configuration found
[    0.056333] Faking a node at [mem 0x0000000000000000-0x000000001ffdefff]
[    0.056505] NODE_DATA(0) allocated [mem 0x1ffdb000-0x1ffdefff]
[    0.058021] Zone ranges:
[    0.058135]   DMA      [mem 0x0000000000001000-0x0000000000ffffff]
[    0.058191]   DMA32    [mem 0x0000000001000000-0x000000001ffdefff]
[    0.058237]   Normal   empty
[    0.058241] Movable zone start for each node
[    0.058244] Early memory node ranges
[    0.058247]   node   0: [mem 0x0000000000001000-0x000000000009efff]
[    0.058293]   node   0: [mem 0x0000000000100000-0x000000001ffdefff]
[    0.058392] Initmem setup node 0 [mem 0x0000000000001000-0x000000001ffdefff]
[    0.058435] On node 0 totalpages: 130941
[    0.058556]   DMA zone: 64 pages used for memmap
[    0.058559]   DMA zone: 21 pages reserved
[    0.058562]   DMA zone: 3998 pages, LIFO batch:0
[    0.058564]   DMA32 zone: 1984 pages used for memmap
[    0.058567]   DMA32 zone: 126943 pages, LIFO batch:31
[    0.062865] On node 0, zone DMA: 1 pages in unavailable ranges
[    0.067130] On node 0, zone DMA: 97 pages in unavailable ranges
[    0.176175] On node 0, zone DMA32: 33 pages in unavailable ranges
[    0.179806] ACPI: PM-Timer IO Port: 0x608
[    0.179814] ACPI: Local APIC address 0xfee00000
[    0.180037] ACPI: LAPIC_NMI (acpi_id[0xff] dfl dfl lint[0x1])
[    0.181387] IOAPIC[0]: apic_id 0, version 17, address 0xfec00000, GSI 0-23
[    0.181597] ACPI: INT_SRC_OVR (bus 0 bus_irq 0 global_irq 2 dfl dfl)
[    0.181706] ACPI: INT_SRC_OVR (bus 0 bus_irq 5 global_irq 5 high level)
[    0.181710] ACPI: INT_SRC_OVR (bus 0 bus_irq 9 global_irq 9 high level)
[    0.181803] ACPI: INT_SRC_OVR (bus 0 bus_irq 10 global_irq 10 high level)
[    0.181806] ACPI: INT_SRC_OVR (bus 0 bus_irq 11 global_irq 11 high level)
[    0.181810] ACPI: IRQ0 used by override.
[    0.181812] ACPI: IRQ5 used by override.
[    0.181815] ACPI: IRQ9 used by override.
[    0.181817] ACPI: IRQ10 used by override.
[    0.181820] ACPI: IRQ11 used by override.
[    0.181836] Using ACPI (MADT) for SMP configuration information
[    0.181840] ACPI: HPET id: 0x8086a201 base: 0xfed00000
[    0.182432] smpboot: Allowing 2 CPUs, 0 hotplug CPUs
[    0.184658] PM: hibernation: Registered nosave memory: [mem 0x00000000-0x00000fff]
[    0.184662] PM: hibernation: Registered nosave memory: [mem 0x0009f000-0x0009ffff]
[    0.184665] PM: hibernation: Registered nosave memory: [mem 0x000a0000-0x000effff]
[    0.184667] PM: hibernation: Registered nosave memory: [mem 0x000f0000-0x000fffff]
[    0.184711] [mem 0x20000000-0xafffffff] available for PCI devices
[    0.184784] Booting paravirtualized kernel on KVM
[    0.185184] clocksource: refined-jiffies: mask: 0xffffffff max_cycles: 0xffffffff, max_idle_ns: 1910969940391419 ns
[    0.226769] setup_percpu: NR_CPUS:2 nr_cpumask_bits:2 nr_cpu_ids:2 nr_node_ids:1
[    0.254048] percpu: Embedded 58 pages/cpu s198480 r8192 d30896 u1048576
[    0.254226] pcpu-alloc: s198480 r8192 d30896 u1048576 alloc=1*2097152
[    0.254283] pcpu-alloc: [0] 0 1 
[    0.255335] kvm-guest: stealtime: cpu 0, msr 1f41bb40
[    0.260362] Built 1 zonelists, mobility grouping on.  Total pages: 128872
[    0.260540] Policy zone: DMA32
[    0.261251] Kernel command line: selinux=0 initcall_debug debug console=ttyS0 rcutorture.torture_type=tasks rcutorture.onoff_interval=1000 rcutorture.onoff_holdoff=30 rcutorture.n_barrier_cbs=4 rcutorture.stat_interval=15 rcutorture.shutdown_secs=1800 rcutorture.test_no_idle_hz=1 rcutorture.verbose=1
[    0.275900] Dentry cache hash table entries: 65536 (order: 7, 524288 bytes, linear)
[    0.279103] Inode-cache hash table entries: 32768 (order: 6, 262144 bytes, linear)
[    0.280506] mem auto-init: stack:all(zero), heap alloc:off, heap free:off
[    0.340722] Memory: 466776K/523764K available (16398K kernel code, 2805K rwdata, 4836K rodata, 1516K init, 13268K bss, 56728K reserved, 0K cma-reserved)
[    0.342373] SLUB: HWalign=64, Order=0-3, MinObjects=0, CPUs=2, Nodes=1
[    0.343602] Kernel/User page tables isolation: enabled
[    0.353837] Running RCU self tests
[    0.354133] rcu: Preemptible hierarchical RCU implementation.
[    0.354136] rcu: 	RCU event tracing is enabled.
[    0.354139] rcu: 	RCU lockdep checking is enabled.
[    0.354161] 	Trampoline variant of Tasks RCU enabled.
[    0.354164] 	Rude variant of Tasks RCU enabled.
[    0.354166] 	Tracing variant of Tasks RCU enabled.
[    0.354481] rcu: RCU calculated value of scheduler-enlistment delay is 100 jiffies.
[    0.374151] NR_IRQS: 4352, nr_irqs: 440, preallocated irqs: 16
[    0.378610] calling  con_init+0x0/0x24f @ 0
[    0.485720] Console: colour VGA+ 80x25
[    0.485804] initcall con_init+0x0/0x24f returned 0 after 0 usecs
[    0.485809] calling  hvc_console_init+0x0/0x13 @ 0
[    0.485833] initcall hvc_console_init+0x0/0x13 returned 0 after 0 usecs
[    0.485837] calling  univ8250_console_init+0x0/0x26 @ 0
[    1.408303] printk: console [ttyS0] enabled
[    1.413026] initcall univ8250_console_init+0x0/0x26 returned 0 after 0 usecs
[    1.420638] Lock dependency validator: Copyright (c) 2006 Red Hat, Inc., Ingo Molnar
[    1.429056] ... MAX_LOCKDEP_SUBCLASSES:  8
[    1.433550] ... MAX_LOCK_DEPTH:          48
[    1.438147] ... MAX_LOCKDEP_KEYS:        8192
[    1.442886] ... CLASSHASH_SIZE:          4096
[    1.447718] ... MAX_LOCKDEP_ENTRIES:     32768
[    1.452503] ... MAX_LOCKDEP_CHAINS:      65536
[    1.457333] ... CHAINHASH_SIZE:          32768
[    1.462132]  memory used by lock dependency info: 6365 kB
[    1.468305]  memory used for stack traces: 4224 kB
[    1.473625]  per task-struct memory footprint: 1920 bytes
[    1.479824] ACPI: Core revision 20200925
[    1.486895] clocksource: hpet: mask: 0xffffffff max_cycles: 0xffffffff, max_idle_ns: 19112604467 ns
[    1.499755] APIC: Switch to symmetric I/O mode setup
[    1.527916] ..TIMER: vector=0x30 apic1=0 pin1=2 apic2=-1 pin2=-1
[    1.534618] clocksource: tsc-early: mask: 0xffffffffffffffff max_cycles: 0x39a85afc727, max_idle_ns: 881590685098 ns
[    1.546151] Calibrating delay loop (skipped) preset value.. 3999.99 BogoMIPS (lpj=1999999)
[    1.547061] pid_max: default: 32768 minimum: 301
[    1.548335] LSM: Security Framework initializing
[    1.550192] Mount-cache hash table entries: 1024 (order: 1, 8192 bytes, linear)
[    1.551081] Mountpoint-cache hash table entries: 1024 (order: 1, 8192 bytes, linear)
[    1.559578] Last level iTLB entries: 4KB 0, 2MB 0, 4MB 0
[    1.560058] Last level dTLB entries: 4KB 0, 2MB 0, 4MB 0, 1GB 0
[    1.561137] Spectre V1 : Mitigation: usercopy/swapgs barriers and __user pointer sanitization
[    1.562063] Spectre V2 : Mitigation: Retpolines
[    1.563060] Spectre V2 : Spectre v2 / SpectreRSB mitigation: Filling RSB on context switch
[    1.564061] Spectre V2 : Spectre v2 / SpectreRSB : Filling RSB on VMEXIT
[    1.565060] Speculative Store Bypass: Vulnerable
[    1.566157] MDS: Vulnerable: Clear CPU buffers attempted, no microcode
[    1.567057] MMIO Stale Data: Unknown: No mitigations
[    1.637594] Freeing SMP alternatives memory: 40K
[    1.743734] smpboot: CPU0: Intel Common KVM processor (family: 0xf, model: 0x6, stepping: 0x1)
[    1.745607] calling  init_hw_perf_events+0x0/0x6ce @ 1
[    1.746073] Performance Events: unsupported Netburst CPU model 6 no PMU driver, software events only.
[    1.747064] initcall init_hw_perf_events+0x0/0x6ce returned 0 after 976 usecs
[    1.748061] calling  init_real_mode+0x0/0x1e9 @ 1
[    1.750149] initcall init_real_mode+0x0/0x1e9 returned 0 after 976 usecs
[    1.751061] calling  trace_init_perf_perm_irq_work_exit+0x0/0x12 @ 1
[    1.752060] initcall trace_init_perf_perm_irq_work_exit+0x0/0x12 returned 0 after 0 usecs
[    1.753073] calling  validate_x2apic+0x0/0x4a @ 1
[    1.754088] initcall validate_x2apic+0x0/0x4a returned 0 after 0 usecs
[    1.755059] calling  register_nmi_cpu_backtrace_handler+0x0/0x15 @ 1
[    1.756077] initcall register_nmi_cpu_backtrace_handler+0x0/0x15 returned 0 after 0 usecs
[    1.757059] calling  kvm_setup_vsyscall_timeinfo+0x0/0xd1 @ 1
[    1.758060] initcall kvm_setup_vsyscall_timeinfo+0x0/0xd1 returned 0 after 0 usecs
[    1.759073] calling  spawn_ksoftirqd+0x0/0x38 @ 1
[    1.761236] initcall spawn_ksoftirqd+0x0/0x38 returned 0 after 976 usecs
[    1.762062] calling  migration_init+0x0/0x31 @ 1
[    1.763062] initcall migration_init+0x0/0x31 returned 0 after 0 usecs
[    1.764062] calling  srcu_bootup_announce+0x0/0x2f @ 1
[    1.765076] rcu: Hierarchical SRCU implementation.
[    1.766063] initcall srcu_bootup_announce+0x0/0x2f returned 0 after 976 usecs
[    1.767062] calling  rcu_spawn_gp_kthread+0x0/0x1b0 @ 1
[    1.768221] initcall rcu_spawn_gp_kthread+0x0/0x1b0 returned 0 after 0 usecs
[    1.769083] calling  check_cpu_stall_init+0x0/0x1a @ 1
[    1.770086] initcall check_cpu_stall_init+0x0/0x1a returned 0 after 0 usecs
[    1.771069] calling  rcu_sysrq_init+0x0/0x21 @ 1
[    1.772129] initcall rcu_sysrq_init+0x0/0x21 returned 0 after 0 usecs
[    1.773131] calling  trace_init_flags_sys_enter+0x0/0xe @ 1
[    1.774082] initcall trace_init_flags_sys_enter+0x0/0xe returned 0 after 0 usecs
[    1.775063] calling  trace_init_flags_sys_exit+0x0/0xe @ 1
[    1.776066] initcall trace_init_flags_sys_exit+0x0/0xe returned 0 after 0 usecs
[    1.777067] calling  cpu_stop_init+0x0/0x8d @ 1
[    1.779326] initcall cpu_stop_init+0x0/0x8d returned 0 after 0 usecs
[    1.780068] calling  init_kprobes+0x0/0x16e @ 1
[    1.782171] initcall init_kprobes+0x0/0x16e returned 0 after 976 usecs
[    1.784062] calling  init_events+0x0/0x3d @ 1
[    1.785141] initcall init_events+0x0/0x3d returned 0 after 0 usecs
[    1.786061] calling  init_trace_printk+0x0/0xc @ 1
[    1.787062] initcall init_trace_printk+0x0/0xc returned 0 after 0 usecs
[    1.788062] calling  event_trace_enable_again+0x0/0x23 @ 1
[    1.789062] initcall event_trace_enable_again+0x0/0x23 returned 0 after 0 usecs
[    1.790060] calling  static_call_init+0x0/0x79 @ 1
[    1.791062] initcall static_call_init+0x0/0x79 returned 0 after 0 usecs
[    1.792060] calling  jump_label_init_module+0x0/0xc @ 1
[    1.793121] initcall jump_label_init_module+0x0/0xc returned 0 after 0 usecs
[    1.794065] calling  init_zero_pfn+0x0/0x37 @ 1
[    1.795065] initcall init_zero_pfn+0x0/0x37 returned 0 after 0 usecs
[    1.796091] calling  initialize_ptr_random+0x0/0x54 @ 1
[    1.797163] initcall initialize_ptr_random+0x0/0x54 returned 0 after 0 usecs
[    1.798092] calling  efi_memreserve_root_init+0x0/0x25 @ 1
[    1.799095] initcall efi_memreserve_root_init+0x0/0x25 returned 0 after 0 usecs
[    1.800062] calling  efi_earlycon_remap_fb+0x0/0x51 @ 1
[    1.801063] initcall efi_earlycon_remap_fb+0x0/0x51 returned 0 after 0 usecs
[    1.802610] smp: Bringing up secondary CPUs ...
[    1.805106] x86: Booting SMP configuration:
[    1.806078] .... node  #0, CPUs:      #1
[    1.167925] kvm-clock: cpu 1, msr ef29041, secondary cpu clock
[    1.829319] kvm-guest: stealtime: cpu 1, msr 1f51bb40
[    1.843408] smp: Brought up 1 node, 2 CPUs
[    1.844063] smpboot: Max logical packages: 1
[    1.845059] smpboot: Total of 2 processors activated (7999.99 BogoMIPS)
[    1.850402] devtmpfs: initialized
[    1.855702] calling  ipc_ns_init+0x0/0x3d @ 1
[    1.860127] initcall ipc_ns_init+0x0/0x3d returned 0 after 976 usecs
[    1.868064] calling  init_mmap_min_addr+0x0/0x21 @ 1
[    1.874063] initcall init_mmap_min_addr+0x0/0x21 returned 0 after 0 usecs
[    1.882062] calling  pci_realloc_setup_params+0x0/0x3f @ 1
[    1.889074] initcall pci_realloc_setup_params+0x0/0x3f returned 0 after 0 usecs
[    1.897070] calling  net_ns_init+0x0/0x140 @ 1
[    1.904487] initcall net_ns_init+0x0/0x140 returned 0 after 976 usecs
[    1.905086] calling  e820__register_nvs_regions+0x0/0x37 @ 1
[    1.906080] initcall e820__register_nvs_regions+0x0/0x37 returned 0 after 0 usecs
[    1.907064] calling  cpufreq_register_tsc_scaling+0x0/0x2e @ 1
[    1.908063] initcall cpufreq_register_tsc_scaling+0x0/0x2e returned 0 after 0 usecs
[    1.909063] calling  reboot_init+0x0/0x3c @ 1
[    1.910146] initcall reboot_init+0x0/0x3c returned 0 after 0 usecs
[    1.911062] calling  init_lapic_sysfs+0x0/0x20 @ 1
[    1.912075] initcall init_lapic_sysfs+0x0/0x20 returned 0 after 0 usecs
[    1.913064] calling  alloc_frozen_cpus+0x0/0x7 @ 1
[    1.914064] initcall alloc_frozen_cpus+0x0/0x7 returned 0 after 0 usecs
[    1.915068] calling  cpu_hotplug_pm_sync_init+0x0/0x13 @ 1
[    1.916100] initcall cpu_hotplug_pm_sync_init+0x0/0x13 returned 0 after 0 usecs
[    1.917069] calling  wq_sysfs_init+0x0/0x2a @ 1
[    1.918177] initcall wq_sysfs_init+0x0/0x2a returned 0 after 0 usecs
[    1.919069] calling  ksysfs_init+0x0/0x92 @ 1
[    1.920109] initcall ksysfs_init+0x0/0x92 returned 0 after 0 usecs
[    1.921064] calling  schedutil_gov_init+0x0/0xc @ 1
[    1.922180] initcall schedutil_gov_init+0x0/0xc returned 0 after 0 usecs
[    1.923064] calling  pm_init+0x0/0x76 @ 1
[    1.925112] initcall pm_init+0x0/0x76 returned 0 after 976 usecs
[    1.926062] calling  pm_disk_init+0x0/0x13 @ 1
[    1.927133] initcall pm_disk_init+0x0/0x13 returned 0 after 0 usecs
[    1.928068] calling  swsusp_header_init+0x0/0x2b @ 1
[    1.929068] initcall swsusp_header_init+0x0/0x2b returned 0 after 0 usecs
[    1.930063] calling  rcu_set_runtime_mode+0x0/0x2a @ 1
[    1.933067] initcall rcu_set_runtime_mode+0x0/0x2a returned 0 after 1953 usecs
[    1.934069] calling  init_jiffies_clocksource+0x0/0x13 @ 1
[    1.935064] clocksource: jiffies: mask: 0xffffffff max_cycles: 0xffffffff, max_idle_ns: 1911260446275000 ns
[    1.936070] initcall init_jiffies_clocksource+0x0/0x13 returned 0 after 976 usecs
[    1.937064] calling  futex_init+0x0/0x11b @ 1
[    1.938084] futex hash table entries: 512 (order: 4, 65536 bytes, linear)
[    1.940306] initcall futex_init+0x0/0x11b returned 0 after 1953 usecs
[    1.941066] calling  cgroup_wq_init+0x0/0x28 @ 1
[    1.942087] initcall cgroup_wq_init+0x0/0x28 returned 0 after 0 usecs
[    1.943063] calling  cgroup1_wq_init+0x0/0x28 @ 1
[    1.944080] initcall cgroup1_wq_init+0x0/0x28 returned 0 after 0 usecs
[    1.945062] calling  init_kprobe_trace_early+0x0/0x2a @ 1
[    1.946140] initcall init_kprobe_trace_early+0x0/0x2a returned 0 after 0 usecs
[    1.947063] calling  fsnotify_init+0x0/0x56 @ 1
[    1.948086] initcall fsnotify_init+0x0/0x56 returned 0 after 0 usecs
[    1.949065] calling  filelock_init+0x0/0xb3 @ 1
[    1.950093] initcall filelock_init+0x0/0xb3 returned 0 after 0 usecs
[    1.951069] calling  init_misc_binfmt+0x0/0x2c @ 1
[    1.952180] initcall init_misc_binfmt+0x0/0x2c returned 0 after 0 usecs
[    1.953068] calling  init_script_binfmt+0x0/0x15 @ 1
[    1.954072] initcall init_script_binfmt+0x0/0x15 returned 0 after 0 usecs
[    1.955067] calling  init_elf_binfmt+0x0/0x15 @ 1
[    1.956087] initcall init_elf_binfmt+0x0/0x15 returned 0 after 0 usecs
[    1.957068] calling  init_compat_elf_binfmt+0x0/0x15 @ 1
[    1.958071] initcall init_compat_elf_binfmt+0x0/0x15 returned 0 after 0 usecs
[    1.959067] calling  debugfs_init+0x0/0x5c @ 1
[    1.960106] initcall debugfs_init+0x0/0x5c returned 0 after 0 usecs
[    1.961066] calling  tracefs_init+0x0/0x3a @ 1
[    1.962076] initcall tracefs_init+0x0/0x3a returned 0 after 0 usecs
[    1.963064] calling  prandom_init_early+0x0/0x15d @ 1
[    1.964104] initcall prandom_init_early+0x0/0x15d returned 0 after 0 usecs
[    1.966184] calling  virtio_init+0x0/0x20 @ 1
[    1.968125] initcall virtio_init+0x0/0x20 returned 0 after 0 usecs
[    1.969067] calling  iommu_init+0x0/0x2a @ 1
[    1.970102] initcall iommu_init+0x0/0x2a returned 0 after 0 usecs
[    1.971069] calling  component_debug_init+0x0/0x1c @ 1
[    1.973175] initcall component_debug_init+0x0/0x1c returned 0 after 976 usecs
[    1.974064] calling  early_resume_init+0x0/0xb9 @ 1
[    1.976059] PM: RTC time: 07:34:33, date: 2022-12-13
[    1.977067] initcall early_resume_init+0x0/0xb9 returned 0 after 1953 usecs
[    1.978065] calling  cpufreq_core_init+0x0/0x62 @ 1
[    1.980082] initcall cpufreq_core_init+0x0/0x62 returned 0 after 0 usecs
[    1.981065] calling  cpufreq_gov_performance_init+0x0/0xc @ 1
[    1.982073] initcall cpufreq_gov_performance_init+0x0/0xc returned 0 after 0 usecs
[    1.983063] calling  cpufreq_gov_userspace_init+0x0/0xc @ 1
[    1.984066] initcall cpufreq_gov_userspace_init+0x0/0xc returned 0 after 0 usecs
[    1.985062] calling  CPU_FREQ_GOV_ONDEMAND_init+0x0/0xc @ 1
[    1.986080] initcall CPU_FREQ_GOV_ONDEMAND_init+0x0/0xc returned 0 after 0 usecs
[    1.987063] calling  cpuidle_init+0x0/0x1f @ 1
[    1.988123] initcall cpuidle_init+0x0/0x1f returned 0 after 0 usecs
[    1.989064] calling  capsule_reboot_register+0x0/0xc @ 1
[    1.990114] initcall capsule_reboot_register+0x0/0xc returned 0 after 0 usecs
[    1.991064] calling  sock_init+0x0/0x93 @ 1
[    1.993600] initcall sock_init+0x0/0x93 returned 0 after 976 usecs
[    1.994064] calling  net_inuse_init+0x0/0x23 @ 1
[    1.995101] initcall net_inuse_init+0x0/0x23 returned 0 after 0 usecs
[    1.996062] calling  net_defaults_init+0x0/0x23 @ 1
[    1.997064] initcall net_defaults_init+0x0/0x23 returned 0 after 0 usecs
[    1.998063] calling  init_default_flow_dissectors+0x0/0x4f @ 1
[    1.999107] initcall init_default_flow_dissectors+0x0/0x4f returned 0 after 0 usecs
[    2.000063] calling  netpoll_init+0x0/0x44 @ 1
[    2.001063] initcall netpoll_init+0x0/0x44 returned 0 after 0 usecs
[    2.002062] calling  netlink_proto_init+0x0/0x154 @ 1
[    2.003507] NET: Registered protocol family 16
[    2.004244] initcall netlink_proto_init+0x0/0x154 returned 0 after 976 usecs
[    2.005065] calling  genl_init+0x0/0x35 @ 1
[    2.006171] initcall genl_init+0x0/0x35 returned 0 after 0 usecs
[    2.007083] calling  bsp_pm_check_init+0x0/0x13 @ 1
[    2.008067] initcall bsp_pm_check_init+0x0/0x13 returned 0 after 0 usecs
[    2.009129] calling  irq_sysfs_init+0x0/0xb9 @ 1
[    2.010583] initcall irq_sysfs_init+0x0/0xb9 returned 0 after 0 usecs
[    2.011067] calling  audit_init+0x0/0x127 @ 1
[    2.012071] audit: initializing netlink subsys (disabled)
[    2.015477] initcall audit_init+0x0/0x127 returned 0 after 2929 usecs
[    2.015310] audit: type=2000 audit(1670916872.337:1): state=initialized audit_enabled=0 res=1
[    2.015477] calling  release_early_probes+0x0/0x32 @ 1
[    2.015477] initcall release_early_probes+0x0/0x32 returned 0 after 0 usecs
[    2.036076] calling  bdi_class_init+0x0/0x48 @ 1
[    2.041311] initcall bdi_class_init+0x0/0x48 returned 0 after 0 usecs
[    2.051081] calling  mm_sysfs_init+0x0/0x28 @ 1
[    2.057097] initcall mm_sysfs_init+0x0/0x28 returned 0 after 0 usecs
[    2.065068] calling  init_per_zone_wmark_min+0x0/0x6d @ 1
[    2.071107] initcall init_per_zone_wmark_min+0x0/0x6d returned 0 after 0 usecs
[    2.080072] calling  mpi_init+0x0/0x3e @ 1
[    2.085119] initcall mpi_init+0x0/0x3e returned 0 after 0 usecs
[    2.092063] calling  kobject_uevent_init+0x0/0xc @ 1
[    2.098206] initcall kobject_uevent_init+0x0/0xc returned 0 after 976 usecs
[    2.107067] calling  pcibus_class_init+0x0/0x13 @ 1
[    2.113077] initcall pcibus_class_init+0x0/0x13 returned 0 after 0 usecs
[    2.121064] calling  pci_driver_init+0x0/0x21 @ 1
[    2.126164] initcall pci_driver_init+0x0/0x21 returned 0 after 0 usecs
[    2.134065] calling  backlight_class_init+0x0/0xa8 @ 1
[    2.140122] initcall backlight_class_init+0x0/0xa8 returned 0 after 0 usecs
[    2.148072] calling  tty_class_init+0x0/0x33 @ 1
[    2.154085] initcall tty_class_init+0x0/0x33 returned 0 after 0 usecs
[    2.161065] calling  vtconsole_class_init+0x0/0xb5 @ 1
[    2.168313] initcall vtconsole_class_init+0x0/0xb5 returned 0 after 0 usecs
[    2.176065] calling  iommu_dev_init+0x0/0x13 @ 1
[    2.182116] initcall iommu_dev_init+0x0/0x13 returned 0 after 0 usecs
[    2.190077] calling  mipi_dsi_bus_init+0x0/0xc @ 1
[    2.195098] initcall mipi_dsi_bus_init+0x0/0xc returned 0 after 976 usecs
[    2.204094] calling  devlink_class_init+0x0/0x40 @ 1
[    2.210136] initcall devlink_class_init+0x0/0x40 returned 0 after 0 usecs
[    2.217073] calling  software_node_init+0x0/0x2a @ 1
[    2.222078] initcall software_node_init+0x0/0x2a returned 0 after 0 usecs
[    2.230065] calling  wakeup_sources_debugfs_init+0x0/0x23 @ 1
[    2.237094] initcall wakeup_sources_debugfs_init+0x0/0x23 returned 0 after 0 usecs
[    2.246065] calling  wakeup_sources_sysfs_init+0x0/0x2c @ 1
[    2.253097] initcall wakeup_sources_sysfs_init+0x0/0x2c returned 0 after 0 usecs
[    2.262064] calling  register_node_type+0x0/0x13 @ 1
[    2.268230] initcall register_node_type+0x0/0x13 returned 0 after 0 usecs
[    2.277068] calling  regmap_initcall+0x0/0xc @ 1
[    2.282187] initcall regmap_initcall+0x0/0xc returned 0 after 976 usecs
[    2.291066] calling  i2c_init+0x0/0xb3 @ 1
[    2.297167] initcall i2c_init+0x0/0xb3 returned 0 after 0 usecs
[    2.304078] calling  thermal_init+0x0/0x116 @ 1
[    2.310140] thermal_sys: Registered thermal governor 'step_wise'
[    2.310144] thermal_sys: Registered thermal governor 'user_space'
[    2.318097] initcall thermal_init+0x0/0x116 returned 0 after 7812 usecs
[    2.334067] calling  init_menu+0x0/0xc @ 1
[    2.340235] cpuidle: using governor menu
[    2.345074] initcall init_menu+0x0/0xc returned 0 after 4882 usecs
[    2.353068] calling  pcc_init+0x0/0x4d @ 1
[    2.358085] initcall pcc_init+0x0/0x4d returned -19 after 0 usecs
[    2.366073] calling  amd_postcore_init+0x0/0x11e @ 1
[    2.372126] initcall amd_postcore_init+0x0/0x11e returned 0 after 0 usecs
[    2.380096] calling  bts_init+0x0/0xba @ 1
[    2.386068] initcall bts_init+0x0/0xba returned -19 after 0 usecs
[    2.394066] calling  pt_init+0x0/0x34d @ 1
[    2.399065] initcall pt_init+0x0/0x34d returned -19 after 0 usecs
[    2.407069] calling  boot_params_ksysfs_init+0x0/0x2ee @ 1
[    2.413270] initcall boot_params_ksysfs_init+0x0/0x2ee returned 0 after 0 usecs
[    2.422066] calling  sbf_init+0x0/0xea @ 1
[    2.427068] initcall sbf_init+0x0/0xea returned 0 after 0 usecs
[    2.435064] calling  arch_kdebugfs_init+0x0/0x219 @ 1
[    2.441134] initcall arch_kdebugfs_init+0x0/0x219 returned 0 after 0 usecs
[    2.450064] calling  intel_pconfig_init+0x0/0x85 @ 1
[    2.455063] initcall intel_pconfig_init+0x0/0x85 returned 0 after 0 usecs
[    2.465066] calling  mtrr_if_init+0x0/0x5d @ 1
[    2.470074] initcall mtrr_if_init+0x0/0x5d returned 0 after 0 usecs
[    2.478075] calling  activate_jump_labels+0x0/0x31 @ 1
[    2.484063] initcall activate_jump_labels+0x0/0x31 returned 0 after 0 usecs
[    2.492063] calling  ffh_cstate_init+0x0/0x29 @ 1
[    2.498071] initcall ffh_cstate_init+0x0/0x29 returned 0 after 0 usecs
[    2.505063] calling  activate_jump_labels+0x0/0x31 @ 1
[    2.512696] initcall activate_jump_labels+0x0/0x31 returned 0 after 0 usecs
[    2.517063] calling  kvm_alloc_cpumask+0x0/0x74 @ 1
[    2.524089] initcall kvm_alloc_cpumask+0x0/0x74 returned 0 after 0 usecs
[    2.531065] calling  kcmp_cookies_init+0x0/0x37 @ 1
[    2.537071] initcall kcmp_cookies_init+0x0/0x37 returned 0 after 0 usecs
[    2.545072] calling  cryptomgr_init+0x0/0xc @ 1
[    2.551265] initcall cryptomgr_init+0x0/0xc returned 0 after 0 usecs
[    2.559063] calling  acpi_pci_init+0x0/0x57 @ 1
[    2.561423] ACPI: bus type PCI registered
[    2.567063] initcall acpi_pci_init+0x0/0x57 returned 0 after 5859 usecs
[    2.575064] calling  dma_channel_table_init+0x0/0xd1 @ 1
[    2.580086] initcall dma_channel_table_init+0x0/0xd1 returned 0 after 0 usecs
[    2.590063] calling  dma_bus_init+0x0/0xdc @ 1
[    2.595210] initcall dma_bus_init+0x0/0xdc returned 0 after 0 usecs
[    2.603236] calling  iommu_dma_init+0x0/0x10 @ 1
[    2.609198] initcall iommu_dma_init+0x0/0x10 returned 0 after 0 usecs
[    2.617065] calling  dmi_id_init+0x0/0x37c @ 1
[    2.622377] initcall dmi_id_init+0x0/0x37c returned 0 after 0 usecs
[    2.630064] calling  pci_arch_init+0x0/0x71 @ 1
[    2.636458] PCI: MMCONFIG for domain 0000 [bus 00-ff] at [mem 0xb0000000-0xbfffffff] (base 0xb0000000)
[    2.647067] PCI: MMCONFIG at [mem 0xb0000000-0xbfffffff] reserved in E820
[    2.655177] PCI: Using configuration type 1 for base access
[    2.662097] initcall pci_arch_init+0x0/0x71 returned 0 after 26367 usecs
[    2.670085] calling  init_vdso+0x0/0x13 @ 1
[    2.675108] initcall init_vdso+0x0/0x13 returned 0 after 0 usecs
[    2.682063] calling  sysenter_setup+0x0/0x13 @ 1
[    2.688102] initcall sysenter_setup+0x0/0x13 returned 0 after 0 usecs
[    2.695062] calling  fixup_ht_bug+0x0/0xe5 @ 1
[    2.701062] initcall fixup_ht_bug+0x0/0xe5 returned 0 after 0 usecs
[    2.708064] calling  topology_init+0x0/0x88 @ 1
[    2.714561] initcall topology_init+0x0/0x88 returned 0 after 0 usecs
[    2.722064] calling  intel_epb_init+0x0/0x68 @ 1
[    2.727063] initcall intel_epb_init+0x0/0x68 returned -19 after 0 usecs
[    2.735063] calling  mtrr_init_finialize+0x0/0x3e @ 1
[    2.741071] initcall mtrr_init_finialize+0x0/0x3e returned 0 after 0 usecs
[    2.750065] calling  uid_cache_init+0x0/0x85 @ 1
[    2.755103] initcall uid_cache_init+0x0/0x85 returned 0 after 0 usecs
[    2.761064] calling  param_sysfs_init+0x0/0x1ba @ 1
[    2.781664] initcall param_sysfs_init+0x0/0x1ba returned 0 after 13671 usecs
[    2.790104] calling  user_namespace_sysctl_init+0x0/0x33 @ 1
[    2.796081] initcall user_namespace_sysctl_init+0x0/0x33 returned 0 after 0 usecs
[    2.805069] calling  proc_schedstat_init+0x0/0x24 @ 1
[    2.811072] initcall proc_schedstat_init+0x0/0x24 returned 0 after 0 usecs
[    2.819063] calling  pm_sysrq_init+0x0/0x18 @ 1
[    2.825163] initcall pm_sysrq_init+0x0/0x18 returned 0 after 0 usecs
[    2.832313] calling  create_proc_profile+0x0/0xd0 @ 1
[    2.839066] initcall create_proc_profile+0x0/0xd0 returned 0 after 0 usecs
[    2.847064] calling  time_ns_init+0x0/0x7 @ 1
[    2.852063] initcall time_ns_init+0x0/0x7 returned 0 after 0 usecs
[    2.859062] calling  crash_save_vmcoreinfo_init+0x0/0x722 @ 1
[    2.865567] initcall crash_save_vmcoreinfo_init+0x0/0x722 returned 0 after 0 usecs
[    2.876072] calling  crash_notes_memory_init+0x0/0x35 @ 1
[    2.882075] initcall crash_notes_memory_init+0x0/0x35 returned 0 after 0 usecs
[    2.891065] calling  cgroup_sysfs_init+0x0/0x13 @ 1
[    2.897252] initcall cgroup_sysfs_init+0x0/0x13 returned 0 after 0 usecs
[    2.905067] calling  cgroup_namespaces_init+0x0/0x7 @ 1
[    2.912064] initcall cgroup_namespaces_init+0x0/0x7 returned 0 after 0 usecs
[    2.920063] calling  init_optprobes+0x0/0x13 @ 1
[    2.926147] Kprobes globally optimized
[    2.931068] initcall init_optprobes+0x0/0x13 returned 0 after 4882 usecs
[    2.939219] calling  oom_init+0x0/0x2f @ 1
[    2.944309] initcall oom_init+0x0/0x2f returned 0 after 0 usecs
[    2.951068] calling  default_bdi_init+0x0/0xb3 @ 1
[    2.958495] initcall default_bdi_init+0x0/0xb3 returned 0 after 976 usecs
[    2.959070] calling  percpu_enable_async+0x0/0xe @ 1
[    2.960064] initcall percpu_enable_async+0x0/0xe returned 0 after 0 usecs
[    2.961064] calling  kcompactd_init+0x0/0x8d @ 1
[    2.963503] initcall kcompactd_init+0x0/0x8d returned 0 after 0 usecs
[    2.971116] calling  init_user_reserve+0x0/0x40 @ 1
[    2.978068] initcall init_user_reserve+0x0/0x40 returned 0 after 0 usecs
[    2.986070] calling  init_admin_reserve+0x0/0x40 @ 1
[    2.992070] initcall init_admin_reserve+0x0/0x40 returned 0 after 0 usecs
[    3.000068] calling  init_reserve_notifier+0x0/0x7 @ 1
[    3.006066] initcall init_reserve_notifier+0x0/0x7 returned 0 after 0 usecs
[    3.015067] calling  swap_init_sysfs+0x0/0x62 @ 1
[    3.021090] initcall swap_init_sysfs+0x0/0x62 returned 0 after 0 usecs
[    3.029066] calling  swapfile_init+0x0/0x94 @ 1
[    3.034068] initcall swapfile_init+0x0/0x94 returned 0 after 0 usecs
[    3.042067] calling  hugetlb_init+0x0/0x49c @ 1
[    3.047069] HugeTLB registered 2.00 MiB page size, pre-allocated 0 pages
[    3.055117] initcall hugetlb_init+0x0/0x49c returned 0 after 7812 usecs
[    3.063066] calling  io_wq_init+0x0/0x34 @ 1
[    3.069073] initcall io_wq_init+0x0/0x34 returned 0 after 0 usecs
[    3.076068] calling  seqiv_module_init+0x0/0xc @ 1
[    3.082217] initcall seqiv_module_init+0x0/0xc returned 0 after 0 usecs
[    3.090071] calling  echainiv_module_init+0x0/0xc @ 1
[    3.096065] initcall echainiv_module_init+0x0/0xc returned 0 after 0 usecs
[    3.105214] calling  rsa_init+0x0/0x50 @ 1
[    3.112078] initcall rsa_init+0x0/0x50 returned 0 after 1953 usecs
[    3.112126] cryptomgr_test (29) used greatest stack depth: 14864 bytes left
[    3.113066] calling  crypto_cmac_module_init+0x0/0xc @ 1
[    3.113073] initcall crypto_cmac_module_init+0x0/0xc returned 0 after 0 usecs
[    3.113076] calling  hmac_module_init+0x0/0xc @ 1
[    3.113080] initcall hmac_module_init+0x0/0xc returned 0 after 0 usecs
[    3.113082] calling  crypto_null_mod_init+0x0/0x65 @ 1
[    3.158279] initcall crypto_null_mod_init+0x0/0x65 returned 0 after 43945 usecs
[    3.159237] calling  md5_mod_init+0x0/0xc @ 1
[    3.162079] initcall md5_mod_init+0x0/0xc returned 0 after 976 usecs
[    3.169071] calling  sha256_generic_mod_init+0x0/0x11 @ 1
[    3.178212] initcall sha256_generic_mod_init+0x0/0x11 returned 0 after 1953 usecs
[    3.179084] calling  crypto_cbc_module_init+0x0/0xc @ 1
[    3.180063] initcall crypto_cbc_module_init+0x0/0xc returned 0 after 0 usecs
[    3.181074] calling  crypto_ctr_module_init+0x0/0x11 @ 1
[    3.182074] initcall crypto_ctr_module_init+0x0/0x11 returned 0 after 0 usecs
[    3.183071] calling  crypto_gcm_module_init+0x0/0x64 @ 1
[    3.184072] initcall crypto_gcm_module_init+0x0/0x64 returned 0 after 0 usecs
[    3.185062] calling  crypto_ccm_module_init+0x0/0x11 @ 1
[    3.186064] initcall crypto_ccm_module_init+0x0/0x11 returned 0 after 0 usecs
[    3.187062] calling  aes_init+0x0/0xc @ 1
[    3.189470] initcall aes_init+0x0/0xc returned 0 after 976 usecs
[    3.190081] calling  crc32c_mod_init+0x0/0xc @ 1
[    3.192362] initcall crc32c_mod_init+0x0/0xc returned 0 after 976 usecs
[    3.193069] calling  crypto_authenc_module_init+0x0/0xc @ 1
[    3.194065] initcall crypto_authenc_module_init+0x0/0xc returned 0 after 0 usecs
[    3.195061] calling  crypto_authenc_esn_module_init+0x0/0xc @ 1
[    3.196063] initcall crypto_authenc_esn_module_init+0x0/0xc returned 0 after 0 usecs
[    3.197061] calling  drbg_init+0x0/0x7c @ 1
[    3.206282] initcall drbg_init+0x0/0x7c returned 0 after 7812 usecs
[    3.216076] calling  ghash_mod_init+0x0/0xc @ 1
[    3.224257] initcall ghash_mod_init+0x0/0xc returned 0 after 976 usecs
[    3.225682] calling  init_bio+0x0/0x9a @ 1
[    3.226303] initcall init_bio+0x0/0x9a returned 0 after 0 usecs
[    3.227063] calling  blk_settings_init+0x0/0x29 @ 1
[    3.228067] initcall blk_settings_init+0x0/0x29 returned 0 after 0 usecs
[    3.229068] calling  blk_ioc_init+0x0/0x29 @ 1
[    3.231096] initcall blk_ioc_init+0x0/0x29 returned 0 after 0 usecs
[    3.232068] calling  blk_mq_init+0x0/0xb9 @ 1
[    3.233076] initcall blk_mq_init+0x0/0xb9 returned 0 after 0 usecs
[    3.234065] calling  genhd_device_init+0x0/0x75 @ 1
[    3.236563] initcall genhd_device_init+0x0/0x75 returned 0 after 976 usecs
[    3.245255] calling  pci_slot_init+0x0/0x40 @ 1
[    3.251203] initcall pci_slot_init+0x0/0x40 returned 0 after 0 usecs
[    3.259070] calling  fbmem_init+0x0/0xd8 @ 1
[    3.265522] initcall fbmem_init+0x0/0xd8 returned 0 after 0 usecs
[    3.273076] calling  acpi_init+0x0/0x319 @ 1
[    3.278149] ACPI: Added _OSI(Module Device)
[    3.284064] ACPI: Added _OSI(Processor Device)
[    3.286065] ACPI: Added _OSI(3.0 _SCP Extensions)
[    3.293066] ACPI: Added _OSI(Processor Aggregator Device)
[    3.300082] ACPI: Added _OSI(Linux-Dell-Video)
[    3.305089] ACPI: Added _OSI(Linux-Lenovo-NV-HDMI-Audio)
[    3.312067] ACPI: Added _OSI(Linux-HPI-Hybrid-Graphics)
[    3.325225] ACPI: 1 ACPI AML tables successfully acquired and loaded
[    3.342854] ACPI: Interpreter enabled
[    3.344417] ACPI: (supports S0 S3 S4 S5)
[    3.351064] ACPI: Using IOAPIC for interrupt routing
[    3.359178] PCI: Using host bridge windows from ACPI; if necessary, use "pci=nocrs" and report a bug
[    3.373491] ACPI: Enabled 2 GPEs in block 00 to 3F
[    3.406304] ACPI: PCI Root Bridge [PCI0] (domain 0000 [bus 00-ff])
[    3.415077] acpi PNP0A08:00: _OSC: OS supports [ExtendedConfig ASPM ClockPM Segments MSI HPX-Type3]
[    3.430195] acpi PNP0A08:00: _OSC: platform does not support [LTR]
[    3.438494] acpi PNP0A08:00: _OSC: OS now controls [PME PCIeCapability]
[    3.447534] PCI host bridge to bus 0000:00
[    3.452069] pci_bus 0000:00: root bus resource [io  0x0000-0x0cf7 window]
[    3.456067] pci_bus 0000:00: root bus resource [io  0x0d00-0xffff window]
[    3.463067] pci_bus 0000:00: root bus resource [mem 0x000a0000-0x000bffff window]
[    3.473067] pci_bus 0000:00: root bus resource [mem 0x20000000-0xafffffff window]
[    3.483346] pci_bus 0000:00: root bus resource [mem 0xc0000000-0xfebfffff window]
[    3.488066] pci_bus 0000:00: root bus resource [mem 0x100000000-0x8ffffffff window]
[    3.500068] pci_bus 0000:00: root bus resource [bus 00-ff]
[    3.506247] pci 0000:00:00.0: calling  quirk_mmio_always_on+0x0/0x10 @ 1
[    3.513316] pci 0000:00:00.0: quirk_mmio_always_on+0x0/0x10 took 0 usecs
[    3.522167] pci 0000:00:00.0: [8086:29c0] type 00 class 0x060000
[    3.532299] pci 0000:00:00.0: calling  quirk_igfx_skip_te_disable+0x0/0x80 @ 1
[    3.540074] pci 0000:00:00.0: quirk_igfx_skip_te_disable+0x0/0x80 took 0 usecs
[    3.552878] pci 0000:00:01.0: [1234:1111] type 00 class 0x030000
[    3.570051] pci 0000:00:01.0: reg 0x10: [mem 0xfd000000-0xfdffffff pref]
[    3.599051] pci 0000:00:01.0: reg 0x18: [mem 0xfebf0000-0xfebf0fff]
[    3.632051] pci 0000:00:01.0: reg 0x30: [mem 0xfebe0000-0xfebeffff pref]
[    3.656051] pci 0000:00:01.0: calling  efifb_fixup_resources+0x0/0xf0 @ 1
[    3.672780] pci 0000:00:01.0: efifb_fixup_resources+0x0/0xf0 took 0 usecs
[    3.733189] pci 0000:00:1f.0: [8086:2918] type 00 class 0x060100
[    3.746462] pci 0000:00:1f.0: calling  quirk_ich7_lpc+0x0/0x60 @ 1
[    3.754699] pci 0000:00:1f.0: quirk: [io  0x0600-0x067f] claimed by ICH6 ACPI/GPIO/TCO
[    3.765523] pci 0000:00:1f.0: quirk_ich7_lpc+0x0/0x60 took 10742 usecs
[    3.774633] pci 0000:00:1f.0: calling  quirk_igfx_skip_te_disable+0x0/0x80 @ 1
[    3.786066] pci 0000:00:1f.0: quirk_igfx_skip_te_disable+0x0/0x80 took 2929 usecs
[    3.800439] pci 0000:00:1f.2: [8086:2922] type 00 class 0x010601
[    3.816063] pci 0000:00:1f.2: reg 0x20: [io  0xc040-0xc05f]
[    3.826063] pci 0000:00:1f.2: reg 0x24: [mem 0xfebf1000-0xfebf1fff]
[    3.834791] pci 0000:00:1f.2: calling  quirk_igfx_skip_te_disable+0x0/0x80 @ 1
[    3.843071] pci 0000:00:1f.2: quirk_igfx_skip_te_disable+0x0/0x80 took 0 usecs
[    3.854549] pci 0000:00:1f.3: [8086:2930] type 00 class 0x0c0500
[    3.866515] pci 0000:00:1f.3: reg 0x20: [io  0x0700-0x073f]
[    3.875173] pci 0000:00:1f.3: calling  quirk_igfx_skip_te_disable+0x0/0x80 @ 1
[    3.883085] pci 0000:00:1f.3: quirk_igfx_skip_te_disable+0x0/0x80 took 0 usecs
[    3.908731] ACPI: PCI Interrupt Link [LNKA] (IRQs 5 *10 11)
[    3.921130] ACPI: PCI Interrupt Link [LNKB] (IRQs 5 *10 11)
[    3.930153] ACPI: PCI Interrupt Link [LNKC] (IRQs 5 10 *11)
[    3.939534] ACPI: PCI Interrupt Link [LNKD] (IRQs 5 10 *11)
[    3.948796] ACPI: PCI Interrupt Link [LNKE] (IRQs 5 *10 11)
[    3.959782] ACPI: PCI Interrupt Link [LNKF] (IRQs 5 *10 11)
[    3.968147] ACPI: PCI Interrupt Link [LNKG] (IRQs 5 10 *11)
[    3.978618] ACPI: PCI Interrupt Link [LNKH] (IRQs 5 10 *11)
[    3.986208] ACPI: PCI Interrupt Link [GSIA] (IRQs *16)
[    3.992322] ACPI: PCI Interrupt Link [GSIB] (IRQs *17)
[    4.000264] ACPI: PCI Interrupt Link [GSIC] (IRQs *18)
[    4.008362] ACPI: PCI Interrupt Link [GSID] (IRQs *19)
[    4.016095] ACPI: PCI Interrupt Link [GSIE] (IRQs *20)
[    4.024281] ACPI: PCI Interrupt Link [GSIF] (IRQs *21)
[    4.032150] ACPI: PCI Interrupt Link [GSIG] (IRQs *22)
[    4.040276] ACPI: PCI Interrupt Link [GSIH] (IRQs *23)
[    4.062756] initcall acpi_init+0x0/0x319 returned 0 after 765625 usecs
[    4.071571] calling  pnp_init+0x0/0xc @ 1
[    4.076258] initcall pnp_init+0x0/0xc returned 0 after 0 usecs
[    4.084064] calling  misc_init+0x0/0xbf @ 1
[    4.088565] initcall misc_init+0x0/0xbf returned 0 after 1953 usecs
[    4.098072] calling  iommu_subsys_init+0x0/0x4e @ 1
[    4.101301] iommu: Default domain type: Translated 
[    4.107064] initcall iommu_subsys_init+0x0/0x4e returned 0 after 5859 usecs
[    4.114068] calling  vga_arb_device_init+0x0/0x261 @ 1
[    4.138051] pci 0000:00:01.0: vgaarb: setting as boot VGA device
[    4.138051] pci 0000:00:01.0: vgaarb: VGA device added: decodes=io+mem,owns=io+mem,locks=none
[    4.156074] pci 0000:00:01.0: vgaarb: bridge control possible
[    4.165063] vgaarb: loaded
[    4.167069] initcall vga_arb_device_init+0x0/0x261 returned 0 after 46875 usecs
[    4.177668] calling  cn_init+0x0/0xf0 @ 1
[    4.185499] initcall cn_init+0x0/0xf0 returned 0 after 2929 usecs
[    4.192067] calling  dma_buf_init+0x0/0xad @ 1
[    4.200726] initcall dma_buf_init+0x0/0xad returned 0 after 1953 usecs
[    4.209067] calling  dma_resv_lockdep+0x0/0x281 @ 1
[    4.219950] initcall dma_resv_lockdep+0x0/0x281 returned 0 after 4882 usecs
[    4.228064] calling  init_scsi+0x0/0x79 @ 1
[    4.237679] SCSI subsystem initialized
[    4.243066] initcall init_scsi+0x0/0x79 returned 0 after 8789 usecs
[    4.251066] calling  ata_init+0x0/0x332 @ 1
[    4.276302] libata version 3.00 loaded.
[    4.277071] initcall ata_init+0x0/0x332 returned 0 after 20507 usecs
[    4.278067] calling  phy_init+0x0/0x250 @ 1
[    4.280482] initcall phy_init+0x0/0x250 returned 0 after 976 usecs
[    4.281067] calling  init_pcmcia_cs+0x0/0x35 @ 1
[    4.283232] initcall init_pcmcia_cs+0x0/0x35 returned 0 after 976 usecs
[    4.284067] calling  usb_common_init+0x0/0x1c @ 1
[    4.285212] initcall usb_common_init+0x0/0x1c returned 0 after 0 usecs
[    4.286066] calling  usb_init+0x0/0x12e @ 1
[    4.288823] ACPI: bus type USB registered
[    4.295861] usbcore: registered new interface driver usbfs
[    4.298080] usbcore: registered new interface driver hub
[    4.300067] usbcore: registered new device driver usb
[    4.301068] initcall usb_init+0x0/0x12e returned 0 after 13671 usecs
[    4.302066] calling  serio_init+0x0/0x29 @ 1
[    4.303770] initcall serio_init+0x0/0x29 returned 0 after 0 usecs
[    4.304064] calling  input_init+0x0/0xf6 @ 1
[    4.306171] initcall input_init+0x0/0xf6 returned 0 after 976 usecs
[    4.307065] calling  rtc_init+0x0/0x4d @ 1
[    4.309307] initcall rtc_init+0x0/0x4d returned 0 after 976 usecs
[    4.310063] calling  pps_init+0x0/0xa9 @ 1
[    4.312059] pps_core: LinuxPPS API ver. 1 registered
[    4.313062] pps_core: Software ver. 5.3.6 - Copyright 2005-2007 Rodolfo Giometti <giometti@linux.it>
[    4.314069] initcall pps_init+0x0/0xa9 returned 0 after 2929 usecs
[    4.315241] calling  ptp_init+0x0/0x98 @ 1
[    4.317088] PTP clock support registered
[    4.318064] initcall ptp_init+0x0/0x98 returned 0 after 976 usecs
[    4.319064] calling  power_supply_class_init+0x0/0x3f @ 1
[    4.321288] initcall power_supply_class_init+0x0/0x3f returned 0 after 976 usecs
[    4.322067] calling  hwmon_init+0x0/0x104 @ 1
[    4.323102] initcall hwmon_init+0x0/0x104 returned 0 after 0 usecs
[    4.324063] calling  md_init+0x0/0x16b @ 1
[    4.334352] initcall md_init+0x0/0x16b returned 0 after 8789 usecs
[    4.340065] calling  leds_init+0x0/0x3b @ 1
[    4.345086] initcall leds_init+0x0/0x3b returned 0 after 0 usecs
[    4.352066] calling  dmi_init+0x0/0x113 @ 1
[    4.359448] initcall dmi_init+0x0/0x113 returned 0 after 976 usecs
[    4.368219] calling  efisubsys_init+0x0/0x4e7 @ 1
[    4.373317] initcall efisubsys_init+0x0/0x4e7 returned 0 after 0 usecs
[    4.381065] calling  nvmem_init+0x0/0xc @ 1
[    4.386281] initcall nvmem_init+0x0/0xc returned 0 after 976 usecs
[    4.393067] calling  init_soundcore+0x0/0x33 @ 1
[    4.399322] initcall init_soundcore+0x0/0x33 returned 0 after 0 usecs
[    4.404065] calling  alsa_sound_init+0x0/0x8f @ 1
[    4.412400] Advanced Linux Sound Architecture Driver Initialized.
[    4.422066] initcall alsa_sound_init+0x0/0x8f returned 0 after 12695 usecs
[    4.430065] calling  alsa_seq_device_init+0x0/0x71 @ 1
[    4.436162] initcall alsa_seq_device_init+0x0/0x71 returned 0 after 0 usecs
[    4.445065] calling  hda_bus_init+0x0/0xc @ 1
[    4.450165] initcall hda_bus_init+0x0/0xc returned 0 after 976 usecs
[    4.458063] calling  proto_init+0x0/0xc @ 1
[    4.463128] initcall proto_init+0x0/0xc returned 0 after 0 usecs
[    4.470066] calling  net_dev_init+0x0/0x27f @ 1
[    4.479978] initcall net_dev_init+0x0/0x27f returned 0 after 3906 usecs
[    4.488070] calling  neigh_init+0x0/0x84 @ 1
[    4.493085] initcall neigh_init+0x0/0x84 returned 0 after 0 usecs
[    4.501063] calling  fib_notifier_init+0x0/0xc @ 1
[    4.507085] initcall fib_notifier_init+0x0/0xc returned 0 after 0 usecs
[    4.515072] calling  fib_rules_init+0x0/0xab @ 1
[    4.521063] initcall fib_rules_init+0x0/0xab returned 0 after 0 usecs
[    4.529065] calling  pktsched_init+0x0/0x10e @ 1
[    4.535070] initcall pktsched_init+0x0/0x10e returned 0 after 0 usecs
[    4.543059] calling  tc_filter_init+0x0/0xfa @ 1
[    4.548140] initcall tc_filter_init+0x0/0xfa returned 0 after 976 usecs
[    4.557076] calling  tc_action_init+0x0/0x54 @ 1
[    4.563069] initcall tc_action_init+0x0/0x54 returned 0 after 0 usecs
[    4.571064] calling  ethnl_init+0x0/0x52 @ 1
[    4.577085] initcall ethnl_init+0x0/0x52 returned 0 after 976 usecs
[    4.584093] calling  nexthop_init+0x0/0xd8 @ 1
[    4.590180] initcall nexthop_init+0x0/0xd8 returned 0 after 0 usecs
[    4.597083] calling  cipso_v4_init+0x0/0x8d @ 1
[    4.603183] initcall cipso_v4_init+0x0/0x8d returned 0 after 0 usecs
[    4.611063] calling  ieee80211_init+0x0/0x24 @ 1
[    4.617424] initcall ieee80211_init+0x0/0x24 returned 0 after 0 usecs
[    4.625065] calling  netlbl_init+0x0/0x78 @ 1
[    4.630078] NetLabel: Initializing
[    4.635060] NetLabel:  domain hash size = 128
[    4.640059] NetLabel:  protocols = UNLABELED CIPSOv4 CALIPSO
[    4.647336] NetLabel:  unlabeled traffic allowed by default
[    4.654066] initcall netlbl_init+0x0/0x78 returned 0 after 23437 usecs
[    4.662065] calling  rfkill_init+0x0/0x136 @ 1
[    4.669885] initcall rfkill_init+0x0/0x136 returned 0 after 976 usecs
[    4.677067] calling  pci_subsys_init+0x0/0x66 @ 1
[    4.684093] PCI: Using ACPI for IRQ routing
[    5.454901] PCI: pci_cache_line_size set to 64 bytes
[    5.462295] e820: reserve RAM buffer [mem 0x0009fc00-0x0009ffff]
[    5.469236] e820: reserve RAM buffer [mem 0x1ffdf000-0x1fffffff]
[    5.477178] initcall pci_subsys_init+0x0/0x66 returned 0 after 774414 usecs
[    5.487032] calling  nmi_warning_debugfs+0x0/0x26 @ 1
[    5.493174] initcall nmi_warning_debugfs+0x0/0x26 returned 0 after 0 usecs
[    5.501086] calling  save_microcode_in_initrd+0x0/0x51 @ 1
[    5.508192] initcall save_microcode_in_initrd+0x0/0x51 returned 0 after 0 usecs
[    5.517064] calling  hpet_late_init+0x0/0x20a @ 1
[    5.523283] hpet: 3 channels of 0 reserved for per-cpu timers
[    5.531161] hpet0: at MMIO 0xfed00000, IRQs 2, 8, 0
[    5.537064] hpet0: 3 comparators, 64-bit 100.000000 MHz counter
[    5.548063] initcall hpet_late_init+0x0/0x20a returned 0 after 24414 usecs
[    5.557073] calling  init_amd_nbs+0x0/0x11c @ 1
[    5.563134] initcall init_amd_nbs+0x0/0x11c returned 0 after 0 usecs
[    5.571086] calling  clocksource_done_booting+0x0/0x43 @ 1
[    5.578356] clocksource: Switched to clocksource kvm-clock
[    5.585396] initcall clocksource_done_booting+0x0/0x43 returned 0 after 8142 usecs
[    5.594379] calling  tracer_init_tracefs+0x0/0x248 @ 1
[    5.910143] initcall tracer_init_tracefs+0x0/0x248 returned 0 after 302021 usecs
[    5.919855] calling  init_trace_printk_function_export+0x0/0x2c @ 1
[    5.929413] initcall init_trace_printk_function_export+0x0/0x2c returned 0 after 103 usecs
[    5.939534] calling  init_kprobe_trace+0x0/0x1ab @ 1
[    5.946435] initcall init_kprobe_trace+0x0/0x1ab returned 0 after 635 usecs
[    5.955389] calling  init_dynamic_event+0x0/0x3d @ 1
[    5.962066] initcall init_dynamic_event+0x0/0x3d returned 0 after 24 usecs
[    5.970724] calling  init_uprobe_trace+0x0/0x5c @ 1
[    5.978119] initcall init_uprobe_trace+0x0/0x5c returned 0 after 51 usecs
[    5.988156] calling  init_pipe_fs+0x0/0x44 @ 1
[    5.997836] initcall init_pipe_fs+0x0/0x44 returned 0 after 2712 usecs
[    6.007405] calling  inotify_user_setup+0x0/0x47 @ 1
[    6.015280] initcall inotify_user_setup+0x0/0x47 returned 0 after 582 usecs
[    6.025650] calling  eventpoll_init+0x0/0xeb @ 1
[    6.032714] initcall eventpoll_init+0x0/0xeb returned 0 after 161 usecs
[    6.042166] calling  anon_inode_init+0x0/0x58 @ 1
[    6.049531] initcall anon_inode_init+0x0/0x58 returned 0 after 490 usecs
[    6.059178] calling  proc_locks_init+0x0/0x27 @ 1
[    6.066493] initcall proc_locks_init+0x0/0x27 returned 0 after 125 usecs
[    6.076224] calling  iomap_init+0x0/0x1b @ 1
[    6.083694] initcall iomap_init+0x0/0x1b returned 0 after 1166 usecs
[    6.092607] calling  dquot_init+0x0/0x106 @ 1
[    6.098736] VFS: Disk quotas dquot_6.6.0
[    6.104642] VFS: Dquot-cache hash table entries: 512 (order 0, 4096 bytes)
[    6.114563] initcall dquot_init+0x0/0x106 returned 0 after 15464 usecs
[    6.124307] calling  quota_init+0x0/0x23 @ 1
[    6.131574] initcall quota_init+0x0/0x23 returned 0 after 956 usecs
[    6.138975] calling  proc_cmdline_init+0x0/0x21 @ 1
[    6.144643] initcall proc_cmdline_init+0x0/0x21 returned 0 after 9 usecs
[    6.152342] calling  proc_consoles_init+0x0/0x24 @ 1
[    6.158227] initcall proc_consoles_init+0x0/0x24 returned 0 after 7 usecs
[    6.166032] calling  proc_cpuinfo_init+0x0/0x1e @ 1
[    6.171705] initcall proc_cpuinfo_init+0x0/0x1e returned 0 after 7 usecs
[    6.179413] calling  proc_devices_init+0x0/0x24 @ 1
[    6.185119] initcall proc_devices_init+0x0/0x24 returned 0 after 6 usecs
[    6.192806] calling  proc_interrupts_init+0x0/0x24 @ 1
[    6.198819] initcall proc_interrupts_init+0x0/0x24 returned 0 after 6 usecs
[    6.206940] calling  proc_loadavg_init+0x0/0x21 @ 1
[    6.213682] initcall proc_loadavg_init+0x0/0x21 returned 0 after 282 usecs
[    6.223530] calling  proc_meminfo_init+0x0/0x21 @ 1
[    6.230633] initcall proc_meminfo_init+0x0/0x21 returned 0 after 9 usecs
[    6.240158] calling  proc_stat_init+0x0/0x1e @ 1
[    6.246764] initcall proc_stat_init+0x0/0x1e returned 0 after 9 usecs
[    6.254588] calling  proc_uptime_init+0x0/0x21 @ 1
[    6.260174] initcall proc_uptime_init+0x0/0x21 returned 0 after 6 usecs
[    6.267701] calling  proc_version_init+0x0/0x21 @ 1
[    6.273339] initcall proc_version_init+0x0/0x21 returned 0 after 6 usecs
[    6.280966] calling  proc_softirqs_init+0x0/0x21 @ 1
[    6.286623] initcall proc_softirqs_init+0x0/0x21 returned 0 after 5 usecs
[    6.294375] calling  proc_kcore_init+0x0/0xea @ 1
[    6.300062] initcall proc_kcore_init+0x0/0xea returned 0 after 321 usecs
[    6.307711] calling  vmcore_init+0x0/0x57b @ 1
[    6.312915] initcall vmcore_init+0x0/0x57b returned 0 after 1 usecs
[    6.320147] calling  proc_kmsg_init+0x0/0x21 @ 1
[    6.325521] initcall proc_kmsg_init+0x0/0x21 returned 0 after 7 usecs
[    6.332975] calling  proc_page_init+0x0/0x3b @ 1
[    6.338412] initcall proc_page_init+0x0/0x3b returned 0 after 39 usecs
[    6.345940] calling  init_ramfs_fs+0x0/0xc @ 1
[    6.351126] initcall init_ramfs_fs+0x0/0xc returned 0 after 19 usecs
[    6.358419] calling  init_hugetlbfs_fs+0x0/0xf6 @ 1
[    6.368511] initcall init_hugetlbfs_fs+0x0/0xf6 returned 0 after 4353 usecs
[    6.376576] calling  blk_scsi_ioctl_init+0x0/0x2a5 @ 1
[    6.382526] initcall blk_scsi_ioctl_init+0x0/0x2a5 returned 0 after 35 usecs
[    6.391011] calling  acpi_event_init+0x0/0x2c @ 1
[    6.396846] initcall acpi_event_init+0x0/0x2c returned 0 after 144 usecs
[    6.404579] calling  pnp_system_init+0x0/0xc @ 1
[    6.410620] initcall pnp_system_init+0x0/0xc returned 0 after 656 usecs
[    6.418217] calling  pnpacpi_init+0x0/0x69 @ 1
[    6.423452] pnp: PnP ACPI init
[    6.429384] pnp 00:00: Plug and Play ACPI device, IDs PNP0303 (active)
[    6.437064] pnp 00:01: Plug and Play ACPI device, IDs PNP0f13 (active)
[    6.444730] pnp 00:02: Plug and Play ACPI device, IDs PNP0400 (active)
[    6.452346] pnp 00:03: Plug and Play ACPI device, IDs PNP0501 (active)
[    6.460019] pnp 00:04: Plug and Play ACPI device, IDs PNP0b00 (active)
[    6.468183] system 00:05: [mem 0xb0000000-0xbfffffff window] has been reserved
[    6.476999] system 00:05: Plug and Play ACPI device, IDs PNP0c01 (active)
[    6.486993] pnp: PnP ACPI: found 6 devices
[    6.492186] initcall pnpacpi_init+0x0/0x69 returned 0 after 67144 usecs
[    6.500066] calling  chr_dev_init+0x0/0x14d @ 1
[    6.621526] initcall chr_dev_init+0x0/0x14d returned 0 after 113141 usecs
[    6.629501] calling  firmware_class_init+0x0/0x14a @ 1
[    6.635646] initcall firmware_class_init+0x0/0x14a returned 0 after 116 usecs
[    6.643939] calling  init_pcmcia_bus+0x0/0x5b @ 1
[    6.649674] initcall init_pcmcia_bus+0x0/0x5b returned 0 after 186 usecs
[    6.657645] calling  init_acpi_pm_clocksource+0x0/0xda @ 1
[    6.669609] clocksource: acpi_pm: mask: 0xffffff max_cycles: 0xffffff, max_idle_ns: 2085701024 ns
[    6.679711] initcall init_acpi_pm_clocksource+0x0/0xda returned 0 after 15312 usecs
[    6.697141] calling  sysctl_core_init+0x0/0x26 @ 1
[    6.704499] initcall sysctl_core_init+0x0/0x26 returned 0 after 1021 usecs
[    6.712448] calling  eth_offload_init+0x0/0x13 @ 1
[    6.721209] initcall eth_offload_init+0x0/0x13 returned 0 after 3105 usecs
[    6.729415] calling  ipv4_offload_init+0x0/0x73 @ 1
[    6.735242] initcall ipv4_offload_init+0x0/0x73 returned 0 after 187 usecs
[    6.743186] calling  inet_init+0x0/0x276 @ 1
[    6.749640] NET: Registered protocol family 2
[    6.756897] IP idents hash table entries: 8192 (order: 4, 65536 bytes, linear)
[    6.772258] tcp_listen_portaddr_hash hash table entries: 256 (order: 2, 20480 bytes, linear)
[    6.783501] TCP established hash table entries: 4096 (order: 3, 32768 bytes, linear)
[    6.792802] TCP bind hash table entries: 4096 (order: 6, 294912 bytes, linear)
[    6.802588] TCP: Hash tables configured (established 4096 bind 4096)
[    6.810879] UDP hash table entries: 256 (order: 3, 40960 bytes, linear)
[    6.819140] UDP-Lite hash table entries: 256 (order: 3, 40960 bytes, linear)
[    6.827810] initcall inet_init+0x0/0x276 returned 0 after 77659 usecs
[    6.835384] calling  af_unix_init+0x0/0x4d @ 1
[    6.840704] NET: Registered protocol family 1
[    6.845881] initcall af_unix_init+0x0/0x4d returned 0 after 5083 usecs
[    6.853469] calling  ipv6_offload_init+0x0/0x7e @ 1
[    6.859207] initcall ipv6_offload_init+0x0/0x7e returned 0 after 56 usecs
[    6.867144] calling  init_sunrpc+0x0/0x65 @ 1
[    6.880030] RPC: Registered named UNIX socket transport module.
[    6.887823] RPC: Registered udp transport module.
[    6.893568] RPC: Registered tcp transport module.
[    6.899247] RPC: Registered tcp NFSv4.1 backchannel transport module.
[    6.906930] initcall init_sunrpc+0x0/0x65 returned 0 after 33639 usecs
[    6.914859] calling  cfg80211_init+0x0/0xc5 @ 1
[    6.926463] initcall cfg80211_init+0x0/0xc5 returned 0 after 5738 usecs
[    6.934177] calling  pcibios_assign_resources+0x0/0xbf @ 1
[    6.940956] pci_bus 0000:00: resource 4 [io  0x0000-0x0cf7 window]
[    6.948316] pci_bus 0000:00: resource 5 [io  0x0d00-0xffff window]
[    6.955533] pci_bus 0000:00: resource 6 [mem 0x000a0000-0x000bffff window]
[    6.963527] pci_bus 0000:00: resource 7 [mem 0x20000000-0xafffffff window]
[    6.971560] pci_bus 0000:00: resource 8 [mem 0xc0000000-0xfebfffff window]
[    6.979556] pci_bus 0000:00: resource 9 [mem 0x100000000-0x8ffffffff window]
[    6.988414] initcall pcibios_assign_resources+0x0/0xbf returned 0 after 46663 usecs
[    6.997214] calling  pci_apply_final_quirks+0x0/0x124 @ 1
[    7.004144] pci 0000:00:01.0: calling  pci_fixup_video+0x0/0xe0 @ 1
[    7.011867] pci 0000:00:01.0: Video device with shadowed ROM at [mem 0x000c0000-0x000dffff]
[    7.021647] pci 0000:00:01.0: pci_fixup_video+0x0/0xe0 took 9873 usecs
[    7.029749] PCI: CLS 0 bytes, default 64
[    7.034650] initcall pci_apply_final_quirks+0x0/0x124 returned 0 after 30393 usecs
[    7.043550] calling  acpi_reserve_resources+0x0/0xea @ 1
[    7.049941] initcall acpi_reserve_resources+0x0/0xea returned 0 after 54 usecs
[    7.058591] calling  populate_rootfs+0x0/0x102 @ 1
[    7.076955] initcall populate_rootfs+0x0/0x102 returned 0 after 12579 usecs
[    7.085426] calling  pci_iommu_init+0x0/0x3e @ 1
[    7.091029] initcall pci_iommu_init+0x0/0x3e returned 0 after 111 usecs
[    7.103212] calling  ia32_binfmt_init+0x0/0x13 @ 1
[    7.108911] initcall ia32_binfmt_init+0x0/0x13 returned 0 after 11 usecs
[    7.116734] calling  rapl_pmu_init+0x0/0x267 @ 1
[    7.122347] initcall rapl_pmu_init+0x0/0x267 returned -19 after 60 usecs
[    7.130273] calling  amd_uncore_init+0x0/0x310 @ 1
[    7.135998] initcall amd_uncore_init+0x0/0x310 returned -19 after 1 usecs
[    7.143823] calling  amd_ibs_init+0x0/0x27b @ 1
[    7.149102] initcall amd_ibs_init+0x0/0x27b returned -19 after 0 usecs
[    7.156988] calling  amd_iommu_pc_init+0x0/0x22c @ 1
[    7.162962] initcall amd_iommu_pc_init+0x0/0x22c returned -19 after 98 usecs
[    7.171156] calling  msr_init+0x0/0x55 @ 1
[    7.176311] initcall msr_init+0x0/0x55 returned 0 after 231 usecs
[    7.183581] calling  intel_uncore_init+0x0/0x36f @ 1
[    7.189646] initcall intel_uncore_init+0x0/0x36f returned -19 after 36 usecs
[    7.197890] calling  cstate_pmu_init+0x0/0x1a1 @ 1
[    7.203520] initcall cstate_pmu_init+0x0/0x1a1 returned -19 after 0 usecs
[    7.211369] calling  register_kernel_offset_dumper+0x0/0x1a @ 1
[    7.218483] initcall register_kernel_offset_dumper+0x0/0x1a returned 0 after 86 usecs
[    7.227787] calling  i8259A_init_ops+0x0/0x20 @ 1
[    7.233294] initcall i8259A_init_ops+0x0/0x20 returned 0 after 8 usecs
[    7.240920] calling  init_tsc_clocksource+0x0/0xa4 @ 1
[    7.246943] clocksource: tsc: mask: 0xffffffffffffffff max_cycles: 0x39a85afc727, max_idle_ns: 881590685098 ns
[    7.258410] initcall init_tsc_clocksource+0x0/0xa4 returned 0 after 11222 usecs
[    7.266874] calling  add_rtc_cmos+0x0/0xb0 @ 1
[    7.272292] initcall add_rtc_cmos+0x0/0xb0 returned 0 after 231 usecs
[    7.280179] calling  i8237A_init_ops+0x0/0x3a @ 1
[    7.286494] initcall i8237A_init_ops+0x0/0x3a returned 0 after 207 usecs
[    7.294418] calling  umwait_init+0x0/0x94 @ 1
[    7.299807] initcall umwait_init+0x0/0x94 returned -19 after 14 usecs
[    7.307418] calling  thermal_throttle_init_device+0x0/0x3d @ 1
[    7.314371] initcall thermal_throttle_init_device+0x0/0x3d returned 0 after 44 usecs
[    7.323466] calling  msr_init+0x0/0xd7 @ 1
[    7.334180] initcall msr_init+0x0/0xd7 returned 0 after 5634 usecs
[    7.341996] calling  cpuid_init+0x0/0xd7 @ 1
[    7.351283] initcall cpuid_init+0x0/0xd7 returned 0 after 3694 usecs
[    7.358863] calling  ioapic_init_ops+0x0/0x13 @ 1
[    7.364490] initcall ioapic_init_ops+0x0/0x13 returned 0 after 29 usecs
[    7.372272] calling  add_pcspkr+0x0/0x6c @ 1
[    7.377474] initcall add_pcspkr+0x0/0x6c returned 0 after 124 usecs
[    7.385156] calling  start_periodic_check_for_corruption+0x0/0x30 @ 1
[    7.392892] check: Scanning for low memory corruption every 60 seconds
[    7.400532] initcall start_periodic_check_for_corruption+0x0/0x30 returned 0 after 7498 usecs
[    7.411619] calling  sysfb_init+0x0/0x9c @ 1
[    7.416995] initcall sysfb_init+0x0/0x9c returned 0 after 231 usecs
[    7.424397] calling  audit_classes_init+0x0/0xae @ 1
[    7.430389] initcall audit_classes_init+0x0/0xae returned 0 after 67 usecs
[    7.438581] calling  iosf_mbi_init+0x0/0x24 @ 1
[    7.444760] initcall iosf_mbi_init+0x0/0x24 returned 0 after 737 usecs
[    7.452490] calling  proc_execdomains_init+0x0/0x21 @ 1
[    7.458718] initcall proc_execdomains_init+0x0/0x21 returned 0 after 37 usecs
[    7.467103] calling  register_warn_debugfs+0x0/0x23 @ 1
[    7.473347] initcall register_warn_debugfs+0x0/0x23 returned 0 after 68 usecs
[    7.481944] calling  cpuhp_sysfs_init+0x0/0x79 @ 1
[    7.488205] initcall cpuhp_sysfs_init+0x0/0x79 returned 0 after 192 usecs
[    7.497002] calling  ioresources_init+0x0/0x49 @ 1
[    7.503649] initcall ioresources_init+0x0/0x49 returned 0 after 33 usecs
[    7.511377] calling  lockdep_proc_init+0x0/0x64 @ 1
[    7.517242] initcall lockdep_proc_init+0x0/0x64 returned 0 after 47 usecs
[    7.525189] calling  snapshot_device_init+0x0/0xc @ 1
[    7.532842] initcall snapshot_device_init+0x0/0xc returned 0 after 1789 usecs
[    7.541115] calling  irq_pm_init_ops+0x0/0x13 @ 1
[    7.546629] initcall irq_pm_init_ops+0x0/0x13 returned 0 after 34 usecs
[    7.554386] calling  rcu_torture_init+0x0/0x9be @ 1
[    7.560323] tasks-torture:--- Start of test: nreaders=1 nfakewriters=4 stat_interval=15 verbose=1 test_no_idle_hz=1 shuffle_interval=3 stutter=5 irqreader=1 fqs_duration=0 fqs_holdoff=0 fqs_stutter=3 test_boost=1/0 test_boost_interval=7 test_boost_duration=4 shutdown_secs=1800 stall_cpu=0 stall_cpu_holdoff=10 stall_cpu_irqsoff=0 stall_cpu_block=0 n_barrier_cbs=4 onoff_interval=1000 onoff_holdoff=30 read_exit_delay=13 read_exit_burst=16
[    7.610657] tasks:  Start-test grace-period state: g0 f0x0
[    7.617283] tasks-torture: Creating rcu_torture_writer task
[    7.626480] tasks-torture: Creating rcu_torture_fakewriter task
[    7.626795] tasks-torture: rcu_torture_writer task started
[    7.633790] tasks-torture: Creating rcu_torture_fakewriter task
[    7.640019] tasks-torture: GP expediting controlled from boot/sysfs for tasks.
[    7.640046] rcu_torture_writer: Testing expedited GPs.
[    7.647120] tasks-torture: rcu_torture_fakewriter task started
[    7.655555] rcu_torture_writer: Testing asynchronous GPs.
[    7.655557] rcu_torture_writer: Testing normal GPs.
[    7.655905] tasks-torture: Creating rcu_torture_fakewriter task
[    7.661668] tasks-torture: rcu_torture_fakewriter task started
[    7.696055] tasks-torture: Creating rcu_torture_fakewriter task
[    7.697303] tasks-torture: rcu_torture_fakewriter task started
[    7.703341] tasks-torture: Creating rcu_torture_reader task
[    7.712017] tasks-torture: rcu_torture_fakewriter task started
[    7.718821] tasks-torture: Creating rcu_torture_stats task
[    7.727889] tasks-torture: rcu_torture_reader task started
[    7.734379] tasks-torture: Creating torture_shuffle task
[    7.742866] tasks-torture: rcu_torture_stats task started
[    7.778947] tasks-torture: Creating torture_stutter task
[    7.778950] tasks-torture: torture_shuffle task started
[    7.793491] tasks-torture: Creating torture_shutdown task
[    7.800173] tasks-torture: torture_stutter task started
[    7.807771] tasks-torture: Creating torture_onoff task
[    7.814629] tasks-torture: torture_shutdown task started
[    7.815741] tasks-torture: rcu_torture_fwd_prog_init: Disabled, unsupported by RCU flavor under test
[    7.821537] tasks-torture:torture_shutdown task: 1799971 ms remaining
[    7.832678] tasks-torture: torture_onoff task started
[    7.840873] tasks-torture: Creating rcu_torture_barrier_cbs task
[    7.847063] tasks-torture: torture_onoff begin holdoff
[    7.854762] tasks-torture: Creating rcu_torture_barrier_cbs task
[    7.861714] tasks-torture: rcu_torture_barrier_cbs task started
[    7.869620] tasks-torture: Creating rcu_torture_barrier_cbs task
[    7.877222] tasks-torture: rcu_torture_barrier_cbs task started
[    7.884884] tasks-torture: Creating rcu_torture_barrier_cbs task
[    7.892308] tasks-torture: rcu_torture_barrier_cbs task started
[    7.912318] tasks-torture: Creating rcu_torture_barrier task
[    7.914706] tasks-torture: rcu_torture_barrier_cbs task started
[    7.920819] tasks-torture: Creating rcu_torture_read_exit task
[    7.928833] tasks-torture: rcu_torture_barrier task starting
[    7.939274] initcall rcu_torture_init+0x0/0x9be returned 0 after 369968 usecs
[    7.954966] tasks-torture: rcu_torture_read_exit: Start of test
[    7.963785] calling  timekeeping_init_ops+0x0/0x13 @ 1
[    7.970305] initcall timekeeping_init_ops+0x0/0x13 returned 0 after 91 usecs
[    7.979292] calling  init_clocksource_sysfs+0x0/0x23 @ 1
[    7.988927] initcall init_clocksource_sysfs+0x0/0x23 returned 0 after 2793 usecs
[    7.999769] calling  init_timer_list_procfs+0x0/0x31 @ 1
[    8.009236] initcall init_timer_list_procfs+0x0/0x31 returned 0 after 511 usecs
[    8.023356] calling  alarmtimer_init+0x0/0xf5 @ 1
[    8.031753] initcall alarmtimer_init+0x0/0xf5 returned 0 after 1451 usecs
[    8.040525] calling  init_posix_timers+0x0/0x29 @ 1
[    8.047766] initcall init_posix_timers+0x0/0x29 returned 0 after 900 usecs
[    8.056477] calling  clockevents_init_sysfs+0x0/0xbf @ 1
[    8.063527] initcall clockevents_init_sysfs+0x0/0xbf returned 0 after 484 usecs
[    8.072960] calling  proc_dma_init+0x0/0x21 @ 1
[    8.079338] initcall proc_dma_init+0x0/0x21 returned 0 after 90 usecs
[    8.088199] calling  proc_modules_init+0x0/0x1e @ 1
[    8.094948] initcall proc_modules_init+0x0/0x1e returned 0 after 10 usecs
[    8.104045] calling  kallsyms_init+0x0/0x21 @ 1
[    8.110279] initcall kallsyms_init+0x0/0x21 returned 0 after 84 usecs
[    8.119273] calling  pid_namespaces_init+0x0/0x2c @ 1
[    8.125993] initcall pid_namespaces_init+0x0/0x2c returned 0 after 42 usecs
[    8.136284] calling  audit_watch_init+0x0/0x37 @ 1
[    8.142682] initcall audit_watch_init+0x0/0x37 returned 0 after 75 usecs
[    8.153009] calling  audit_fsnotify_init+0x0/0x37 @ 1
[    8.159510] initcall audit_fsnotify_init+0x0/0x37 returned 0 after 3 usecs
[    8.170457] calling  audit_tree_init+0x0/0x6d @ 1
[    8.178021] initcall audit_tree_init+0x0/0x6d returned 0 after 14 usecs
[    8.188978] calling  seccomp_sysctl_init+0x0/0x2b @ 1
[    8.195860] initcall seccomp_sysctl_init+0x0/0x2b returned 0 after 302 usecs
[    8.204734] calling  utsname_sysctl_init+0x0/0x13 @ 1
[    8.211909] initcall utsname_sysctl_init+0x0/0x13 returned 0 after 119 usecs
[    8.221753] calling  init_tracepoints+0x0/0x27 @ 1
[    8.228457] initcall init_tracepoints+0x0/0x27 returned 0 after 120 usecs
[    8.237928] calling  init_blk_tracer+0x0/0x50 @ 1
[    8.247066] initcall init_blk_tracer+0x0/0x50 returned 0 after 2345 usecs
[    8.256940] calling  perf_event_sysfs_init+0x0/0x83 @ 1
[    8.267699] initcall perf_event_sysfs_init+0x0/0x83 returned 0 after 2424 usecs
[    8.278965] calling  system_trusted_keyring_init+0x0/0x60 @ 1
[    8.287555] Initialise system trusted keyrings
[    8.294076] initcall system_trusted_keyring_init+0x0/0x60 returned 0 after 6364 usecs
[    8.305211] calling  kswapd_init+0x0/0x5c @ 1
[    8.312648] initcall kswapd_init+0x0/0x5c returned 0 after 1212 usecs
[    8.321561] calling  extfrag_debug_init+0x0/0x54 @ 1
[    8.328841] initcall extfrag_debug_init+0x0/0x54 returned 0 after 490 usecs
[    8.338671] calling  mm_compute_batch_init+0x0/0x12 @ 1
[    8.346015] initcall mm_compute_batch_init+0x0/0x12 returned 0 after 101 usecs
[    8.357137] calling  slab_proc_init+0x0/0x21 @ 1
[    8.364663] initcall slab_proc_init+0x0/0x21 returned 0 after 56 usecs
[    8.375080] calling  workingset_init+0x0/0x8c @ 1
[    8.382899] workingset: timestamp_bits=56 max_order=17 bucket_order=0
[    8.393585] initcall workingset_init+0x0/0x8c returned 0 after 10431 usecs
[    8.403839] calling  proc_vmalloc_init+0x0/0x32 @ 1
[    8.411137] initcall proc_vmalloc_init+0x0/0x32 returned 0 after 10 usecs
[    8.421470] calling  procswaps_init+0x0/0x1e @ 1
[    8.428776] initcall procswaps_init+0x0/0x1e returned 0 after 207 usecs
[    8.439185] calling  slab_sysfs_init+0x0/0xec @ 1
[    8.462432] initcall slab_sysfs_init+0x0/0xec returned 0 after 15264 usecs
[    8.473825] calling  fcntl_init+0x0/0x29 @ 1
[    8.481447] initcall fcntl_init+0x0/0x29 returned 0 after 165 usecs
[    8.492215] calling  proc_filesystems_init+0x0/0x21 @ 1
[    8.501434] initcall proc_filesystems_init+0x0/0x21 returned 0 after 192 usecs
[    8.513576] calling  start_dirtytime_writeback+0x0/0x29 @ 1
[    8.524075] initcall start_dirtytime_writeback+0x0/0x29 returned 0 after 22 usecs
[    8.536822] calling  blkdev_init+0x0/0x1b @ 1
[    8.545246] initcall blkdev_init+0x0/0x1b returned 0 after 1037 usecs
[    8.555233] calling  dio_init+0x0/0x2c @ 1
[    8.561327] initcall dio_init+0x0/0x2c returned 0 after 154 usecs
[    8.569897] calling  dnotify_init+0x0/0x78 @ 1
[    8.576394] initcall dnotify_init+0x0/0x78 returned 0 after 140 usecs
[    8.585824] calling  aio_setup+0x0/0x78 @ 1
[    8.594680] initcall aio_setup+0x0/0x78 returned 0 after 2191 usecs
[    8.605197] calling  io_uring_init+0x0/0x2c @ 1
[    8.612665] initcall io_uring_init+0x0/0x2c returned 0 after 22 usecs
[    8.623017] calling  mbcache_init+0x0/0x30 @ 1
[    8.630888] initcall mbcache_init+0x0/0x30 returned 0 after 169 usecs
[    8.642008] calling  init_grace+0x0/0xc @ 1
[    8.649490] initcall init_grace+0x0/0xc returned 0 after 405 usecs
[    8.658321] calling  init_v2_quota_format+0x0/0x21 @ 1
[    8.666441] initcall init_v2_quota_format+0x0/0x21 returned 0 after 392 usecs
[    8.676989] calling  init_devpts_fs+0x0/0x27 @ 1
[    8.684673] initcall init_devpts_fs+0x0/0x27 returned 0 after 574 usecs
[    8.694668] calling  ext4_init_fs+0x0/0x1c2 @ 1
[    8.703574] initcall ext4_init_fs+0x0/0x1c2 returned 0 after 2415 usecs
[    8.713255] calling  journal_init+0x0/0x11c @ 1
[    8.720820] initcall journal_init+0x0/0x11c returned 0 after 803 usecs
[    8.730934] calling  init_fat_fs+0x0/0x49 @ 1
[    8.738142] initcall init_fat_fs+0x0/0x49 returned 0 after 311 usecs
[    8.748022] calling  init_vfat_fs+0x0/0xc @ 1
[    8.755490] initcall init_vfat_fs+0x0/0xc returned 0 after 38 usecs
[    8.765008] calling  init_msdos_fs+0x0/0xc @ 1
[    8.772046] initcall init_msdos_fs+0x0/0xc returned 0 after 4 usecs
[    8.781325] calling  init_iso9660_fs+0x0/0x6c @ 1
[    8.788453] initcall init_iso9660_fs+0x0/0x6c returned 0 after 191 usecs
[    8.798032] calling  init_nfs_fs+0x0/0x13a @ 1
[    8.811936] initcall init_nfs_fs+0x0/0x13a returned 0 after 6890 usecs
[    8.821129] calling  init_nfs_v2+0x0/0x13 @ 1
[    8.828392] initcall init_nfs_v2+0x0/0x13 returned 0 after 744 usecs
[    8.839683] calling  init_nfs_v3+0x0/0x13 @ 1
[    8.847887] initcall init_nfs_v3+0x0/0x13 returned 0 after 3 usecs
[    8.859330] calling  init_nfs_v4+0x0/0x32 @ 1
[    8.867392] NFS: Registering the id_resolver key type
[    8.875510] Key type id_resolver registered
[    8.883410] Key type id_legacy registered
[    8.889904] initcall init_nfs_v4+0x0/0x32 returned 0 after 22267 usecs
[    8.899588] calling  init_nlm+0x0/0x5b @ 1
[    8.906258] initcall init_nlm+0x0/0x5b returned 0 after 106 usecs
[    8.915876] calling  init_nls_cp437+0x0/0xe @ 1
[    8.923371] initcall init_nls_cp437+0x0/0xe returned 0 after 314 usecs
[    8.933859] calling  init_nls_ascii+0x0/0xe @ 1
[    8.940579] initcall init_nls_ascii+0x0/0xe returned 0 after 2 usecs
[    8.949267] calling  init_nls_iso8859_1+0x0/0xe @ 1
[    8.956670] initcall init_nls_iso8859_1+0x0/0xe returned 0 after 3 usecs
[    8.966709] calling  init_nls_utf8+0x0/0x21 @ 1
[    8.974037] initcall init_nls_utf8+0x0/0x21 returned 0 after 2 usecs
[    8.984004] calling  init_autofs_fs+0x0/0x25 @ 1
[    9.003950] initcall init_autofs_fs+0x0/0x25 returned 0 after 12847 usecs
[    9.013821] calling  ipc_init+0x0/0x24 @ 1
[    9.021536] initcall ipc_init+0x0/0x24 returned 0 after 572 usecs
[    9.030160] calling  ipc_sysctl_init+0x0/0x13 @ 1
[    9.038489] initcall ipc_sysctl_init+0x0/0x13 returned 0 after 340 usecs
[    9.050934] calling  init_mqueue_fs+0x0/0xb1 @ 1
[    9.060654] initcall init_mqueue_fs+0x0/0xb1 returned 0 after 2710 usecs
[    9.071134] calling  key_proc_init+0x0/0x63 @ 1
[    9.078520] initcall key_proc_init+0x0/0x63 returned 0 after 77 usecs
[    9.089053] calling  selinux_nf_ip_init+0x0/0x2e @ 1
[    9.096869] initcall selinux_nf_ip_init+0x0/0x2e returned 0 after 149 usecs
[    9.107450] calling  init_sel_fs+0x0/0x116 @ 1
[    9.114323] initcall init_sel_fs+0x0/0x116 returned 0 after 1 usecs
[    9.125723] calling  selnl_init+0x0/0x7c @ 1
[    9.134471] initcall selnl_init+0x0/0x7c returned 0 after 1552 usecs
[    9.145098] calling  sel_netif_init+0x0/0x36 @ 1
[    9.153347] initcall sel_netif_init+0x0/0x36 returned 0 after 1 usecs
[    9.163281] calling  sel_netnode_init+0x0/0x33 @ 1
[    9.170519] initcall sel_netnode_init+0x0/0x33 returned 0 after 1 usecs
[    9.181773] calling  sel_netport_init+0x0/0x33 @ 1
[    9.189063] initcall sel_netport_init+0x0/0x33 returned 0 after 1 usecs
[    9.199052] calling  aurule_init+0x0/0x2a @ 1
[    9.206042] initcall aurule_init+0x0/0x2a returned 0 after 22 usecs
[    9.216818] calling  crypto_algapi_init+0x0/0xc @ 1
[    9.224753] initcall crypto_algapi_init+0x0/0xc returned 0 after 9 usecs
[    9.236098] calling  jent_mod_init+0x0/0x2d @ 1
[    9.259810] initcall jent_mod_init+0x0/0x2d returned 0 after 15121 usecs
[    9.272605] calling  asymmetric_key_init+0x0/0xc @ 1
[    9.281792] Key type asymmetric registered
[    9.288626] initcall asymmetric_key_init+0x0/0xc returned 0 after 6579 usecs
[    9.299664] calling  x509_key_init+0x0/0xc @ 1
[    9.307020] Asymmetric key parser 'x509' registered
[    9.314844] initcall x509_key_init+0x0/0xc returned 0 after 8022 usecs
[    9.325531] calling  proc_genhd_init+0x0/0x41 @ 1
[    9.333014] initcall proc_genhd_init+0x0/0x41 returned 0 after 63 usecs
[    9.343919] calling  bsg_init+0x0/0x113 @ 1
[    9.351112] Block layer SCSI generic (bsg) driver version 0.4 loaded (major 251)
[    9.362992] initcall bsg_init+0x0/0x113 returned 0 after 12061 usecs
[    9.373244] calling  deadline_init+0x0/0xc @ 1
[    9.380395] io scheduler mq-deadline registered
[    9.387627] initcall deadline_init+0x0/0xc returned 0 after 7211 usecs
[    9.397391] calling  kyber_init+0x0/0xc @ 1
[    9.403823] io scheduler kyber registered
[    9.410260] initcall kyber_init+0x0/0xc returned 0 after 6335 usecs
[    9.420012] calling  mod_init+0x0/0x7 @ 1
[    9.426000] initcall mod_init+0x0/0x7 returned 0 after 0 usecs
[    9.436404] calling  percpu_counter_startup+0x0/0x55 @ 1
[    9.447822] initcall percpu_counter_startup+0x0/0x55 returned 0 after 1736 usecs
[    9.460537] calling  sg_pool_init+0x0/0xb4 @ 1
[    9.467926] initcall sg_pool_init+0x0/0xb4 returned 0 after 647 usecs
[    9.477426] calling  pcie_portdrv_init+0x0/0x39 @ 1
[    9.487475] initcall pcie_portdrv_init+0x0/0x39 returned 0 after 2080 usecs
[    9.498466] calling  pci_proc_init+0x0/0x68 @ 1
[    9.505896] initcall pci_proc_init+0x0/0x68 returned 0 after 153 usecs
[    9.516121] calling  pci_hotplug_init+0x0/0x7 @ 1
[    9.523572] initcall pci_hotplug_init+0x0/0x7 returned 0 after 1 usecs
[    9.533726] calling  efifb_driver_init+0x0/0xe @ 1
[    9.541588] initcall efifb_driver_init+0x0/0xe returned 0 after 85 usecs
[    9.552326] calling  ged_driver_init+0x0/0xe @ 1
[    9.560606] initcall ged_driver_init+0x0/0xe returned 0 after 201 usecs
[    9.571982] calling  acpi_ac_init+0x0/0x92 @ 1
[    9.581720] initcall acpi_ac_init+0x0/0x92 returned 0 after 2510 usecs
[    9.592705] calling  acpi_button_driver_init+0x0/0x52 @ 1
[    9.604079] input: Power Button as /devices/LNXSYSTM:00/LNXPWRBN:00/input/input0
[    9.620673] ACPI: Power Button [PWRF]
[    9.628468] initcall acpi_button_driver_init+0x0/0x52 returned 0 after 26427 usecs
[    9.641392] calling  acpi_fan_driver_init+0x0/0xe @ 1
[    9.649856] initcall acpi_fan_driver_init+0x0/0xe returned 0 after 73 usecs
[    9.661484] calling  acpi_video_init+0x0/0xcb @ 1
[    9.670823] initcall acpi_video_init+0x0/0xcb returned 0 after 871 usecs
[    9.681994] calling  acpi_processor_driver_init+0x0/0xad @ 1
[    9.694822] initcall acpi_processor_driver_init+0x0/0xad returned 0 after 3698 usecs
[    9.707588] calling  acpi_thermal_init+0x0/0x71 @ 1
[    9.717969] initcall acpi_thermal_init+0x0/0x71 returned 0 after 3324 usecs
[    9.730794] calling  acpi_battery_init+0x0/0x32 @ 1
[    9.740416] initcall acpi_battery_init+0x0/0x32 returned 0 after 732 usecs
[    9.752952] calling  bgrt_init+0x0/0xb6 @ 1
[    9.759965] initcall bgrt_init+0x0/0xb6 returned -19 after 1 usecs
[    9.770054] calling  gpio_clk_driver_init+0x0/0xe @ 1
[    9.779024] initcall gpio_clk_driver_init+0x0/0xe returned 0 after 457 usecs
[    9.790094] calling  plt_clk_driver_init+0x0/0xe @ 1
[    9.798438] initcall plt_clk_driver_init+0x0/0xe returned 0 after 74 usecs
[    9.809911] calling  virtio_pci_driver_init+0x0/0x15 @ 1
[    9.818845] initcall virtio_pci_driver_init+0x0/0x15 returned 0 after 486 usecs
[    9.830551] calling  n_null_init+0x0/0x1e @ 1
[    9.837587] initcall n_null_init+0x0/0x1e returned 0 after 146 usecs
[    9.847742] calling  pty_init+0x0/0x1e8 @ 1
[    9.860163] initcall pty_init+0x0/0x1e8 returned 0 after 5515 usecs
[    9.870914] calling  sysrq_init+0x0/0x62 @ 1
[    9.879647] initcall sysrq_init+0x0/0x62 returned 0 after 80 usecs
[    9.891955] calling  serial8250_init+0x0/0x17e @ 1
[    9.901515] Serial: 8250/16550 driver, 4 ports, IRQ sharing enabled
[    9.922205] 00:03: ttyS0 at I/O 0x3f8 (irq = 4, base_baud = 115200) is a 16550A
[   10.009164] initcall serial8250_init+0x0/0x17e returned 0 after 104971 usecs
[   10.023007] calling  serial_pci_driver_init+0x0/0x15 @ 1
[   10.033382] initcall serial_pci_driver_init+0x0/0x15 returned 0 after 1083 usecs
[   10.045361] calling  exar_pci_driver_init+0x0/0x15 @ 1
[   10.053975] initcall exar_pci_driver_init+0x0/0x15 returned 0 after 170 usecs
[   10.065839] calling  lpss8250_pci_driver_init+0x0/0x15 @ 1
[   10.074981] initcall lpss8250_pci_driver_init+0x0/0x15 returned 0 after 158 usecs
[   10.086927] calling  mid8250_pci_driver_init+0x0/0x15 @ 1
[   10.095573] initcall mid8250_pci_driver_init+0x0/0x15 returned 0 after 48 usecs
[   10.107530] calling  virtio_console_init+0x0/0xff @ 1
[   10.116804] initcall virtio_console_init+0x0/0xff returned 0 after 1435 usecs
[   10.130102] calling  hpet_init+0x0/0x64 @ 1
[   10.146574] initcall hpet_init+0x0/0x64 returned 0 after 8688 usecs
[   10.157755] calling  nvram_module_init+0x0/0x83 @ 1
[   10.170710] Non-volatile memory driver v1.3
[   10.177839] initcall nvram_module_init+0x0/0x83 returned 0 after 10920 usecs
[   10.189406] calling  hwrng_modinit+0x0/0x8a @ 1
[   10.198951] initcall hwrng_modinit+0x0/0x8a returned 0 after 2061 usecs
[   10.209485] calling  mod_init+0x0/0x48 @ 1
[   10.216538] initcall mod_init+0x0/0x48 returned -19 after 1 usecs
[   10.226266] calling  agp_init+0x0/0x23 @ 1
[   10.232742] Linux agpgart interface v0.103
[   10.240062] initcall agp_init+0x0/0x23 returned 0 after 7144 usecs
[   10.251562] calling  agp_amd64_mod_init+0x0/0x5 @ 1
[   10.266570] initcall agp_amd64_mod_init+0x0/0x5 returned -19 after 6068 usecs
[   10.277351] calling  agp_intel_init+0x0/0x28 @ 1
[   10.287381] initcall agp_intel_init+0x0/0x28 returned 0 after 2472 usecs
[   10.298470] calling  drm_kms_helper_init+0x0/0x7 @ 1
[   10.306636] initcall drm_kms_helper_init+0x0/0x7 returned 0 after 68 usecs
[   10.317339] calling  drm_core_init+0x0/0xbd @ 1
[   10.325709] initcall drm_core_init+0x0/0xbd returned 0 after 1090 usecs
[   10.336827] calling  i915_init+0x0/0x6b @ 1
[   10.352979] initcall i915_init+0x0/0x6b returned 0 after 8237 usecs
[   10.364647] calling  cn_proc_init+0x0/0x35 @ 1
[   10.374813] initcall cn_proc_init+0x0/0x35 returned 0 after 752 usecs
[   10.385890] calling  topology_sysfs_init+0x0/0x27 @ 1
[   10.395522] initcall topology_sysfs_init+0x0/0x27 returned 0 after 1100 usecs
[   10.405989] calling  cacheinfo_sysfs_init+0x0/0x27 @ 1
[   10.417051] initcall cacheinfo_sysfs_init+0x0/0x27 returned 0 after 2729 usecs
[   10.428938] calling  loop_init+0x0/0x16a @ 1
[   10.561614] loop: module loaded
[   10.566938] initcall loop_init+0x0/0x16a returned 0 after 127556 usecs
[   10.577783] calling  mac_hid_init+0x0/0x21 @ 1
[   10.585497] initcall mac_hid_init+0x0/0x21 returned 0 after 36 usecs
[   10.596051] calling  spi_transport_init+0x0/0x74 @ 1
[   10.605783] initcall spi_transport_init+0x0/0x74 returned 0 after 1299 usecs
[   10.617168] calling  init_sd+0x0/0x18c @ 1
[   10.626059] initcall init_sd+0x0/0x18c returned 0 after 2082 usecs
[   10.635371] calling  init_sr+0x0/0x43 @ 1
[   10.641671] initcall init_sr+0x0/0x43 returned 0 after 185 usecs
[   10.651362] calling  init_sg+0x0/0x1c0 @ 1
[   10.658604] initcall init_sg+0x0/0x1c0 returned 0 after 700 usecs
[   10.668343] calling  ahci_pci_driver_init+0x0/0x15 @ 1
[   10.677358] ahci 0000:00:1f.2: version 3.0
[   10.689338] PCI Interrupt Link [GSIA] enabled at IRQ 16
[   10.715564] ahci 0000:00:1f.2: AHCI 0001.0000 32 slots 6 ports 1.5 Gbps 0x3f impl SATA mode
[   10.729012] ahci 0000:00:1f.2: flags: 64bit ncq only 
[   10.774893] scsi host0: ahci
[   10.789033] scsi host1: ahci
[   10.807574] scsi host2: ahci
[   10.824807] scsi host3: ahci
[   10.835395] scsi host4: ahci
[   10.848903] scsi host5: ahci
[   10.855562] ata1: SATA max UDMA/133 abar m4096@0xfebf1000 port 0xfebf1100 irq 24
[   10.867251] ata2: SATA max UDMA/133 abar m4096@0xfebf1000 port 0xfebf1180 irq 24
[   10.879563] ata3: SATA max UDMA/133 abar m4096@0xfebf1000 port 0xfebf1200 irq 24
[   10.892631] ata4: SATA max UDMA/133 abar m4096@0xfebf1000 port 0xfebf1280 irq 24
[   10.905966] ata5: SATA max UDMA/133 abar m4096@0xfebf1000 port 0xfebf1300 irq 24
[   10.918627] ata6: SATA max UDMA/133 abar m4096@0xfebf1000 port 0xfebf1380 irq 24
[   10.933839] initcall ahci_pci_driver_init+0x0/0x15 returned 0 after 250971 usecs
[   10.945818] calling  piix_init+0x0/0x26 @ 1
[   10.953090] initcall piix_init+0x0/0x26 returned 0 after 258 usecs
[   10.963222] calling  amd_pci_driver_init+0x0/0x15 @ 1
[   10.971387] initcall amd_pci_driver_init+0x0/0x15 returned 0 after 185 usecs
[   10.981410] calling  oldpiix_pci_driver_init+0x0/0x15 @ 1
[   10.988942] initcall oldpiix_pci_driver_init+0x0/0x15 returned 0 after 227 usecs
[   10.999412] calling  sch_pci_driver_init+0x0/0x15 @ 1
[   11.008069] initcall sch_pci_driver_init+0x0/0x15 returned 0 after 185 usecs
[   11.018476] calling  net_olddevs_init+0x0/0x55 @ 1
[   11.026386] initcall net_olddevs_init+0x0/0x55 returned 0 after 819 usecs
[   11.036878] calling  blackhole_netdev_init+0x0/0x78 @ 1
[   11.046807] initcall blackhole_netdev_init+0x0/0x78 returned 0 after 2398 usecs
[   11.056546] calling  phy_module_init+0x0/0x13 @ 1
[   11.066140] initcall phy_module_init+0x0/0x13 returned 0 after 3535 usecs
[   11.075160] calling  tg3_driver_init+0x0/0x15 @ 1
[   11.081919] initcall tg3_driver_init+0x0/0x15 returned 0 after 252 usecs
[   11.092754] calling  e100_init_module+0x0/0x4c @ 1
[   11.101011] e100: Intel(R) PRO/100 Network Driver
[   11.109042] e100: Copyright(c) 1999-2006 Intel Corporation
[   11.118394] initcall e100_init_module+0x0/0x4c returned 0 after 16972 usecs
[   11.129211] calling  e1000_init_module+0x0/0x72 @ 1
[   11.136876] e1000: Intel(R) PRO/1000 Network Driver
[   11.144346] e1000: Copyright (c) 1999-2006 Intel Corporation.
[   11.154038] initcall e1000_init_module+0x0/0x72 returned 0 after 16757 usecs
[   11.164896] calling  e1000_init_module+0x0/0x2d @ 1
[   11.172552] e1000e: Intel(R) PRO/1000 Network Driver
[   11.179366] e1000e: Copyright(c) 1999 - 2015 Intel Corporation.
[   11.188793] initcall e1000_init_module+0x0/0x2d returned 0 after 15904 usecs
[   11.199353] calling  sky2_init_module+0x0/0x21 @ 1
[   11.206556] sky2: driver version 1.30
[   11.212600] initcall sky2_init_module+0x0/0x21 returned 0 after 5900 usecs
[   11.222772] calling  forcedeth_pci_driver_init+0x0/0x15 @ 1
[   11.231712] initcall forcedeth_pci_driver_init+0x0/0x15 returned 0 after 234 usecs
[   11.244507] calling  rtl8139_init_module+0x0/0x15 @ 1
[   11.245250] ata2: SATA link down (SStatus 0 SControl 300)
[   11.252960] initcall rtl8139_init_module+0x0/0x15 returned 0 after 183 usecs
[   11.266348] ata6: SATA link down (SStatus 0 SControl 300)
[   11.273598] calling  rtl8169_pci_driver_init+0x0/0x15 @ 1
[   11.273763] initcall rtl8169_pci_driver_init+0x0/0x15 returned 0 after 156 usecs
[   11.285869] ata5: SATA link down (SStatus 0 SControl 300)
[   11.292424] calling  cdrom_init+0x0/0xc @ 1
[   11.308232] ata1: SATA link down (SStatus 0 SControl 300)
[   11.314280] initcall cdrom_init+0x0/0xc returned 0 after 317 usecs
[   11.330648] ata3: SATA link up 1.5 Gbps (SStatus 113 SControl 300)
[   11.340364] calling  nonstatic_sysfs_init+0x0/0xc @ 1
[   11.360161] ata4: SATA link down (SStatus 0 SControl 300)
[   11.362533] ata3.00: ATAPI: QEMU DVD-ROM, 2.5+, max UDMA/100
[   11.368268] initcall nonstatic_sysfs_init+0x0/0xc returned 0 after 46 usecs
[   11.368277] calling  yenta_cardbus_driver_init+0x0/0x15 @ 1
[   11.377502] ata3.00: applying bridge limits
[   11.387746] initcall yenta_cardbus_driver_init+0x0/0x15 returned 0 after 789 usecs
[   11.417796] calling  mon_init+0x0/0x144 @ 1
[   11.418484] ata3.00: configured for UDMA/100
[   11.426618] initcall mon_init+0x0/0x144 returned 0 after 1932 usecs
[   11.442160] calling  ehci_hcd_init+0x0/0x56 @ 1
[   11.449878] ehci_hcd: USB 2.0 'Enhanced' Host Controller (EHCI) Driver
[   11.458434] initcall ehci_hcd_init+0x0/0x56 returned 0 after 9424 usecs
[   11.467346] calling  ehci_pci_init+0x0/0x64 @ 1
[   11.477997] ehci-pci: EHCI PCI platform driver
[   11.479203] scsi 2:0:0:0: CD-ROM            QEMU     QEMU DVD-ROM     2.5+ PQ: 0 ANSI: 5
[   11.484775] initcall ehci_pci_init+0x0/0x64 returned 0 after 7087 usecs
[   11.509027] calling  ohci_hcd_mod_init+0x0/0x4e @ 1
[   11.520770] ohci_hcd: USB 1.1 'Open' Host Controller (OHCI) Driver
[   11.535430] initcall ohci_hcd_mod_init+0x0/0x4e returned 0 after 14312 usecs
[   11.547758] calling  ohci_pci_init+0x0/0x64 @ 1
[   11.554714] ohci-pci: OHCI PCI platform driver
[   11.561635] initcall ohci_pci_init+0x0/0x64 returned 0 after 7030 usecs
[   11.571786] calling  uhci_hcd_init+0x0/0xa8 @ 1
[   11.578700] uhci_hcd: USB Universal Host Controller Interface driver
[   11.588541] initcall uhci_hcd_init+0x0/0xa8 returned 0 after 9607 usecs
[   11.598102] calling  xhci_hcd_init+0x0/0x1e @ 1
[   11.604966] initcall xhci_hcd_init+0x0/0x1e returned 0 after 161 usecs
[   11.614495] calling  xhci_pci_init+0x0/0x49 @ 1
[   11.621960] initcall xhci_pci_init+0x0/0x49 returned 0 after 494 usecs
[   11.631997] calling  usblp_driver_init+0x0/0x15 @ 1
[   11.640545] usbcore: registered new interface driver usblp
[   11.651336] initcall usblp_driver_init+0x0/0x15 returned 0 after 11989 usecs
[   11.664545] calling  usb_storage_driver_init+0x0/0x2a @ 1
[   11.665545] sr 2:0:0:0: [sr0] scsi3-mmc drive: 4x/4x cd/rw xa/form2 tray
[   11.673155] usbcore: registered new interface driver usb-storage
[   11.684449] cdrom: Uniform CD-ROM driver Revision: 3.20
[   11.694528] initcall usb_storage_driver_init+0x0/0x2a returned 0 after 21158 usecs
[   11.694532] calling  i8042_init+0x0/0x4c2 @ 1
[   11.695083] i8042: PNP: PS/2 Controller [PNP0303:KBD,PNP0f13:MOU] at 0x60,0x64 irq 1,12
[   11.755000] serio: i8042 KBD port at 0x60,0x64 irq 1
[   11.767834] serio: i8042 AUX port at 0x60,0x64 irq 12
[   11.774517] sr 2:0:0:0: Attached scsi CD-ROM sr0
[   11.776483] initcall i8042_init+0x0/0x4c2 returned 0 after 80021 usecs
[   11.785079] sr 2:0:0:0: Attached scsi generic sg0 type 5
[   11.793758] calling  serport_init+0x0/0x2c @ 1
[   11.793994] initcall serport_init+0x0/0x2c returned 0 after 227 usecs
[   11.821913] calling  input_leds_init+0x0/0xc @ 1
[   11.832302] initcall input_leds_init+0x0/0xc returned 0 after 697 usecs
[   11.843108] calling  evdev_init+0x0/0xc @ 1
[   11.851172] initcall evdev_init+0x0/0xc returned 0 after 734 usecs
[   11.860735] calling  atkbd_init+0x0/0x21 @ 1
[   11.872566] input: AT Translated Set 2 keyboard as /devices/platform/i8042/serio0/input/input1
[   11.885560] initcall atkbd_init+0x0/0x21 returned 0 after 17791 usecs
[   11.895164] calling  psmouse_init+0x0/0x7f @ 1
[   11.906437] initcall psmouse_init+0x0/0x7f returned 0 after 4439 usecs
[   11.916670] calling  cmos_init+0x0/0x73 @ 1
[   11.924049] rtc_cmos 00:04: RTC can wake from S4
[   11.942596] rtc_cmos 00:04: registered as rtc0
[   11.952515] rtc_cmos 00:04: alarms up to one day, y3k, 242 bytes nvram, hpet irqs
[   11.964013] initcall cmos_init+0x0/0x73 returned 0 after 40205 usecs
[   11.974012] calling  smbalert_driver_init+0x0/0xe @ 1
[   11.981597] initcall smbalert_driver_init+0x0/0xe returned 0 after 581 usecs
[   11.996999] calling  i2c_i801_init+0x0/0xc5 @ 1
[   12.016247] i801_smbus 0000:00:1f.3: SMBus using PCI interrupt
[   12.026617] i2c i2c-0: 1/1 memory slots populated (from DMI)
[   12.034772] i2c i2c-0: Memory type 0x07 not supported yet, not instantiating SPD
[   12.048793] initcall i2c_i801_init+0x0/0xc5 returned 0 after 39838 usecs
[   12.058090] calling  ptp_kvm_init+0x0/0xf0 @ 1
[   12.067342] initcall ptp_kvm_init+0x0/0xf0 returned 0 after 1748 usecs
[   12.076930] calling  dm_init+0x0/0x3c @ 1
[   12.108705] device-mapper: ioctl: 4.43.0-ioctl (2020-10-01) initialised: dm-devel@redhat.com
[   12.122550] initcall dm_init+0x0/0x3c returned 0 after 33701 usecs
[   12.132209] calling  dm_mirror_init+0x0/0x29 @ 1
[   12.140216] initcall dm_mirror_init+0x0/0x29 returned 0 after 4 usecs
[   12.149612] calling  dm_dirty_log_init+0x0/0x4f @ 1
[   12.156895] initcall dm_dirty_log_init+0x0/0x4f returned 0 after 467 usecs
[   12.166866] calling  dm_zero_init+0x0/0x29 @ 1
[   12.173203] initcall dm_zero_init+0x0/0x29 returned 0 after 3 usecs
[   12.181498] calling  intel_pstate_init+0x0/0x512 @ 1
[   12.188304] intel_pstate: CPU model not supported
[   12.194554] initcall intel_pstate_init+0x0/0x512 returned -19 after 6174 usecs
[   12.207636] calling  haltpoll_init+0x0/0xc0 @ 1
[   12.214436] initcall haltpoll_init+0x0/0xc0 returned -19 after 184 usecs
[   12.231929] calling  efivars_sysfs_init+0x0/0x30 @ 1
[   12.239033] initcall efivars_sysfs_init+0x0/0x30 returned 0 after 68 usecs
[   12.251235] calling  esrt_sysfs_init+0x0/0x2a2 @ 1
[   12.257885] initcall esrt_sysfs_init+0x0/0x2a2 returned -38 after 32 usecs
[   12.277083] calling  hid_init+0x0/0x5c @ 1
[   12.284662] hid: raw HID events driver (C) Jiri Kosina
[   12.294738] initcall hid_init+0x0/0x5c returned 0 after 11370 usecs
[   12.304774] calling  hid_generic_init+0x0/0x15 @ 1
[   12.314644] initcall hid_generic_init+0x0/0x15 returned 0 after 1684 usecs
[   12.326519] calling  a4_driver_init+0x0/0x15 @ 1
[   12.334978] initcall a4_driver_init+0x0/0x15 returned 0 after 286 usecs
[   12.350064] calling  apple_driver_init+0x0/0x15 @ 1
[   12.359413] initcall apple_driver_init+0x0/0x15 returned 0 after 666 usecs
[   12.370077] calling  belkin_driver_init+0x0/0x15 @ 1
[   12.377755] initcall belkin_driver_init+0x0/0x15 returned 0 after 304 usecs
[   12.388286] calling  ch_driver_init+0x0/0x15 @ 1
[   12.395431] initcall ch_driver_init+0x0/0x15 returned 0 after 293 usecs
[   12.405452] calling  ch_driver_init+0x0/0x15 @ 1
[   12.412671] initcall ch_driver_init+0x0/0x15 returned 0 after 307 usecs
[   12.422677] calling  cp_driver_init+0x0/0x15 @ 1
[   12.430104] initcall cp_driver_init+0x0/0x15 returned 0 after 307 usecs
[   12.441326] calling  ez_driver_init+0x0/0x15 @ 1
[   12.448747] initcall ez_driver_init+0x0/0x15 returned 0 after 46 usecs
[   12.458047] calling  gyration_driver_init+0x0/0x15 @ 1
[   12.465425] initcall gyration_driver_init+0x0/0x15 returned 0 after 46 usecs
[   12.475640] calling  ite_driver_init+0x0/0x15 @ 1
[   12.482559] initcall ite_driver_init+0x0/0x15 returned 0 after 69 usecs
[   12.492437] calling  ks_driver_init+0x0/0x15 @ 1
[   12.499291] initcall ks_driver_init+0x0/0x15 returned 0 after 43 usecs
[   12.509125] calling  lg_driver_init+0x0/0x15 @ 1
[   12.516097] initcall lg_driver_init+0x0/0x15 returned 0 after 63 usecs
[   12.525191] calling  lg_g15_driver_init+0x0/0x15 @ 1
[   12.532690] initcall lg_g15_driver_init+0x0/0x15 returned 0 after 173 usecs
[   12.542616] calling  ms_driver_init+0x0/0x15 @ 1
[   12.549416] initcall ms_driver_init+0x0/0x15 returned 0 after 93 usecs
[   12.558620] calling  mr_driver_init+0x0/0x15 @ 1
[   12.565416] initcall mr_driver_init+0x0/0x15 returned 0 after 47 usecs
[   12.578153] calling  ntrig_driver_init+0x0/0x15 @ 1
[   12.585827] initcall ntrig_driver_init+0x0/0x15 returned 0 after 91 usecs
[   12.595986] calling  pl_driver_init+0x0/0x15 @ 1
[   12.602856] initcall pl_driver_init+0x0/0x15 returned 0 after 47 usecs
[   12.612235] calling  pl_driver_init+0x0/0x15 @ 1
[   12.619252] initcall pl_driver_init+0x0/0x15 returned 0 after 164 usecs
[   12.628798] calling  redragon_driver_init+0x0/0x15 @ 1
[   12.636232] initcall redragon_driver_init+0x0/0x15 returned 0 after 43 usecs
[   12.646312] calling  samsung_driver_init+0x0/0x15 @ 1
[   12.654256] initcall samsung_driver_init+0x0/0x15 returned 0 after 403 usecs
[   12.664961] calling  sony_init+0x0/0x38 @ 1
[   12.671666] initcall sony_init+0x0/0x38 returned 0 after 388 usecs
[   12.682458] calling  sp_driver_init+0x0/0x15 @ 1
[   12.689507] initcall sp_driver_init+0x0/0x15 returned 0 after 458 usecs
[   12.698709] calling  ts_driver_init+0x0/0x15 @ 1
[   12.705816] initcall ts_driver_init+0x0/0x15 returned 0 after 386 usecs
[   12.715930] calling  hid_init+0x0/0x58 @ 1
[   12.725659] usbcore: registered new interface driver usbhid
[   12.734421] usbhid: USB HID core driver
[   12.741678] initcall hid_init+0x0/0x58 returned 0 after 16796 usecs
[   12.752529] calling  eeepc_laptop_init+0x0/0x57 @ 1
[   12.762358] initcall eeepc_laptop_init+0x0/0x57 returned -19 after 2584 usecs
[   12.776280] calling  pmc_atom_init+0x0/0x27a @ 1
[   12.783362] initcall pmc_atom_init+0x0/0x27a returned -19 after 275 usecs
[   12.793258] calling  alsa_hwdep_init+0x0/0x5e @ 1
[   12.800915] initcall alsa_hwdep_init+0x0/0x5e returned 0 after 689 usecs
[   12.810637] calling  alsa_timer_init+0x0/0x1f9 @ 1
[   12.820601] initcall alsa_timer_init+0x0/0x1f9 returned 0 after 3252 usecs
[   12.830309] calling  snd_hrtimer_init+0x0/0x117 @ 1
[   12.837284] initcall snd_hrtimer_init+0x0/0x117 returned 0 after 5 usecs
[   12.846804] calling  alsa_pcm_init+0x0/0x64 @ 1
[   12.853165] initcall alsa_pcm_init+0x0/0x64 returned 0 after 32 usecs
[   12.862566] calling  alsa_seq_init+0x0/0x4a @ 1
[   12.874532] tasks-torture: rcu_torture_read_exit: End of episode
[   12.882478] initcall alsa_seq_init+0x0/0x4a returned 0 after 1108 usecs
[   12.915872] calling  alsa_seq_dummy_init+0x0/0x9c @ 1
[   12.923417] initcall alsa_seq_dummy_init+0x0/0x9c returned 0 after 152 usecs
[   12.934636] calling  azx_driver_init+0x0/0x15 @ 1
[   12.947648] initcall azx_driver_init+0x0/0x15 returned 0 after 1122 usecs
[   12.957671] calling  sock_diag_init+0x0/0x2a @ 1
[   12.971940] initcall sock_diag_init+0x0/0x2a returned 0 after 5734 usecs
[   12.983925] calling  blackhole_init+0x0/0xc @ 1
[   12.991919] initcall blackhole_init+0x0/0xc returned 0 after 277 usecs
[   13.002023] calling  nfnetlink_init+0x0/0x61 @ 1
[   13.009327] initcall nfnetlink_init+0x0/0x61 returned 0 after 534 usecs
[   13.019540] calling  nfnetlink_log_init+0x0/0x99 @ 1
[   13.028118] initcall nfnetlink_log_init+0x0/0x99 returned 0 after 1157 usecs
[   13.038820] calling  nf_conntrack_standalone_init+0x0/0x87 @ 1
[   13.065433] initcall nf_conntrack_standalone_init+0x0/0x87 returned 0 after 1731 usecs
[   13.084645] calling  ctnetlink_init+0x0/0x83 @ 1
[   13.095032] initcall ctnetlink_init+0x0/0x83 returned 0 after 3716 usecs
[   13.105638] calling  nf_conntrack_ftp_init+0x0/0x12c @ 1
[   13.118289] initcall nf_conntrack_ftp_init+0x0/0x12c returned 0 after 369 usecs
[   13.137397] calling  nf_conntrack_irc_init+0x0/0x129 @ 1
[   13.159573] initcall nf_conntrack_irc_init+0x0/0x129 returned 0 after 323 usecs
[   13.170019] calling  nf_conntrack_sip_init+0x0/0x172 @ 1
[   13.177975] initcall nf_conntrack_sip_init+0x0/0x172 returned 0 after 294 usecs
[   13.188689] calling  nf_nat_init+0x0/0xf0 @ 1
[   13.198585] initcall nf_nat_init+0x0/0xf0 returned 0 after 3619 usecs
[   13.208033] calling  nf_nat_ftp_init+0x0/0x2a @ 1
[   13.215110] initcall nf_nat_ftp_init+0x0/0x2a returned 0 after 305 usecs
[   13.224661] calling  nf_nat_irc_init+0x0/0x2a @ 1
[   13.240494] initcall nf_nat_irc_init+0x0/0x2a returned 0 after 1674 usecs
[   13.251989] calling  nf_nat_sip_init+0x0/0x36 @ 1
[   13.259650] initcall nf_nat_sip_init+0x0/0x36 returned 0 after 87 usecs
[   13.275259] calling  xt_init+0x0/0x146 @ 1
[   13.281822] initcall xt_init+0x0/0x146 returned 0 after 512 usecs
[   13.283149] input: ImExPS/2 Generic Explorer Mouse as /devices/platform/i8042/serio1/input/input3
[   13.291064] calling  tcpudp_mt_init+0x0/0x11 @ 1
[   13.314999] initcall tcpudp_mt_init+0x0/0x11 returned 0 after 3311 usecs
[   13.324480] calling  connsecmark_tg_init+0x0/0xc @ 1
[   13.331254] initcall connsecmark_tg_init+0x0/0xc returned 0 after 5 usecs
[   13.341204] calling  nflog_tg_init+0x0/0xc @ 1
[   13.347166] initcall nflog_tg_init+0x0/0xc returned 0 after 3 usecs
[   13.355734] calling  secmark_tg_init+0x0/0x11 @ 1
[   13.368971] initcall secmark_tg_init+0x0/0x11 returned 0 after 3 usecs
[   13.378298] calling  tcpmss_tg_init+0x0/0x11 @ 1
[   13.385134] initcall tcpmss_tg_init+0x0/0x11 returned 0 after 4 usecs
[   13.395530] calling  conntrack_mt_init+0x0/0x11 @ 1
