c[?7l[2J[0mSeaBIOS (version 1.16.0-debian-1.16.0-4)
Booting from ROM...
early console in setup code
c[?7l[2J[    0.000000] Linux version 5.10.158+ (root@joelboxx.c.googlers.com) (gcc (Debian 12.2.0-3) 12.2.0, GNU ld (GNU Binutils for Debian) 2.39) #8 SMP Tue Dec 13 02:37:19 UTC 2022
[    0.000000] Command line: selinux=0 initcall_debug debug console=ttyS0 rcutorture.torture_type=srcu rcutorture.onoff_interval=1000 rcutorture.onoff_holdoff=30 rcutorture.n_barrier_cbs=4 rcutorture.stat_interval=15 rcutorture.shutdown_secs=1800 rcutorture.test_no_idle_hz=1 rcutorture.verbose=1
[    0.000000] x86/fpu: x87 FPU will use FXSAVE
[    0.000000] BIOS-provided physical RAM map:
[    0.000000] BIOS-e820: [mem 0x0000000000000000-0x000000000009fbff] usable
[    0.000000] BIOS-e820: [mem 0x000000000009fc00-0x000000000009ffff] reserved
[    0.000000] BIOS-e820: [mem 0x00000000000f0000-0x00000000000fffff] reserved
[    0.000000] BIOS-e820: [mem 0x0000000000100000-0x000000001ffdefff] usable
[    0.000000] BIOS-e820: [mem 0x000000001ffdf000-0x000000001fffffff] reserved
[    0.000000] BIOS-e820: [mem 0x00000000b0000000-0x00000000bfffffff] reserved
[    0.000000] BIOS-e820: [mem 0x00000000fed1c000-0x00000000fed1ffff] reserved
[    0.000000] BIOS-e820: [mem 0x00000000feffc000-0x00000000feffffff] reserved
[    0.000000] BIOS-e820: [mem 0x00000000fffc0000-0x00000000ffffffff] reserved
[    0.000000] NX (Execute Disable) protection: active
[    0.000000] SMBIOS 2.8 present.
[    0.000000] DMI: QEMU Standard PC (Q35 + ICH9, 2009), BIOS 1.16.0-debian-1.16.0-4 04/01/2014
[    0.000000] Hypervisor detected: KVM
[    0.000000] kvm-clock: Using msrs 4b564d01 and 4b564d00
[    0.000000] kvm-clock: cpu 0, msr d49a001, primary cpu clock
[    0.000001] kvm-clock: using sched offset of 2802425867 cycles
[    0.000297] clocksource: kvm-clock: mask: 0xffffffffffffffff max_cycles: 0x1cd42e4dffb, max_idle_ns: 881590591483 ns
[    0.000428] tsc: Detected 1999.999 MHz processor
[    0.008575] e820: update [mem 0x00000000-0x00000fff] usable ==> reserved
[    0.008580] e820: remove [mem 0x000a0000-0x000fffff] usable
[    0.008586] last_pfn = 0x1ffdf max_arch_pfn = 0x400000000
[    0.010333] MTRR default type: write-back
[    0.010493] MTRR fixed ranges enabled:
[    0.010495]   00000-9FFFF write-back
[    0.010497]   A0000-BFFFF uncachable
[    0.010498]   C0000-FFFFF write-protect
[    0.010499] MTRR variable ranges enabled:
[    0.010501]   0 base 00C0000000 mask FFC0000000 uncachable
[    0.010502]   1 disabled
[    0.010502]   2 disabled
[    0.010503]   3 disabled
[    0.010504]   4 disabled
[    0.010504]   5 disabled
[    0.010505]   6 disabled
[    0.010506]   7 disabled
[    0.010933] x86/PAT: Configuration [0-7]: WB  WC  UC- UC  WB  WC  UC- UC  
[    0.020164] found SMP MP-table at [mem 0x000f5ba0-0x000f5baf]
[    0.022531] check: Scanning 1 areas for low memory corruption
[    0.031525] ACPI: Early table checksum verification disabled
[    0.033868] ACPI: RSDP 0x00000000000F59E0 000014 (v00 BOCHS )
[    0.034566] ACPI: RSDT 0x000000001FFE23B1 000038 (v01 BOCHS  BXPC     00000001 BXPC 00000001)
[    0.034889] ACPI: FACP 0x000000001FFE2191 0000F4 (v03 BOCHS  BXPC     00000001 BXPC 00000001)
[    0.035944] ACPI: DSDT 0x000000001FFE0040 002151 (v01 BOCHS  BXPC     00000001 BXPC 00000001)
[    0.035958] ACPI: FACS 0x000000001FFE0000 000040
[    0.035965] ACPI: APIC 0x000000001FFE2285 000090 (v01 BOCHS  BXPC     00000001 BXPC 00000001)
[    0.035971] ACPI: HPET 0x000000001FFE2315 000038 (v01 BOCHS  BXPC     00000001 BXPC 00000001)
[    0.035976] ACPI: MCFG 0x000000001FFE234D 00003C (v01 BOCHS  BXPC     00000001 BXPC 00000001)
[    0.035982] ACPI: WAET 0x000000001FFE2389 000028 (v01 BOCHS  BXPC     00000001 BXPC 00000001)
[    0.035987] ACPI: Reserving FACP table memory at [mem 0x1ffe2191-0x1ffe2284]
[    0.035990] ACPI: Reserving DSDT table memory at [mem 0x1ffe0040-0x1ffe2190]
[    0.035991] ACPI: Reserving FACS table memory at [mem 0x1ffe0000-0x1ffe003f]
[    0.035993] ACPI: Reserving APIC table memory at [mem 0x1ffe2285-0x1ffe2314]
[    0.035994] ACPI: Reserving HPET table memory at [mem 0x1ffe2315-0x1ffe234c]
[    0.035995] ACPI: Reserving MCFG table memory at [mem 0x1ffe234d-0x1ffe2388]
[    0.035996] ACPI: Reserving WAET table memory at [mem 0x1ffe2389-0x1ffe23b0]
[    0.037365] ACPI: Local APIC address 0xfee00000
[    0.042788] No NUMA configuration found
[    0.042791] Faking a node at [mem 0x0000000000000000-0x000000001ffdefff]
[    0.043050] NODE_DATA(0) allocated [mem 0x1ffdb000-0x1ffdefff]
[    0.044788] Zone ranges:
[    0.044964]   DMA      [mem 0x0000000000001000-0x0000000000ffffff]
[    0.045094]   DMA32    [mem 0x0000000001000000-0x000000001ffdefff]
[    0.045097]   Normal   empty
[    0.045099] Movable zone start for each node
[    0.045101] Early memory node ranges
[    0.045103]   node   0: [mem 0x0000000000001000-0x000000000009efff]
[    0.045176]   node   0: [mem 0x0000000000100000-0x000000001ffdefff]
[    0.045222] Initmem setup node 0 [mem 0x0000000000001000-0x000000001ffdefff]
[    0.045225] On node 0 totalpages: 130941
[    0.045468]   DMA zone: 64 pages used for memmap
[    0.045469]   DMA zone: 21 pages reserved
[    0.045471]   DMA zone: 3998 pages, LIFO batch:0
[    0.045472]   DMA32 zone: 1984 pages used for memmap
[    0.045474]   DMA32 zone: 126943 pages, LIFO batch:31
[    0.050373] On node 0, zone DMA: 1 pages in unavailable ranges
[    0.057255] On node 0, zone DMA: 97 pages in unavailable ranges
[    0.170279] On node 0, zone DMA32: 33 pages in unavailable ranges
[    0.174757] ACPI: PM-Timer IO Port: 0x608
[    0.174763] ACPI: Local APIC address 0xfee00000
[    0.174968] ACPI: LAPIC_NMI (acpi_id[0xff] dfl dfl lint[0x1])
[    0.176143] IOAPIC[0]: apic_id 0, version 17, address 0xfec00000, GSI 0-23
[    0.176149] ACPI: INT_SRC_OVR (bus 0 bus_irq 0 global_irq 2 dfl dfl)
[    0.176306] ACPI: INT_SRC_OVR (bus 0 bus_irq 5 global_irq 5 high level)
[    0.176309] ACPI: INT_SRC_OVR (bus 0 bus_irq 9 global_irq 9 high level)
[    0.176378] ACPI: INT_SRC_OVR (bus 0 bus_irq 10 global_irq 10 high level)
[    0.176385] ACPI: INT_SRC_OVR (bus 0 bus_irq 11 global_irq 11 high level)
[    0.176388] ACPI: IRQ0 used by override.
[    0.176390] ACPI: IRQ5 used by override.
[    0.176392] ACPI: IRQ9 used by override.
[    0.176393] ACPI: IRQ10 used by override.
[    0.176394] ACPI: IRQ11 used by override.
[    0.176442] Using ACPI (MADT) for SMP configuration information
[    0.176553] ACPI: HPET id: 0x8086a201 base: 0xfed00000
[    0.177172] smpboot: Allowing 4 CPUs, 0 hotplug CPUs
[    0.179267] PM: hibernation: Registered nosave memory: [mem 0x00000000-0x00000fff]
[    0.179272] PM: hibernation: Registered nosave memory: [mem 0x0009f000-0x0009ffff]
[    0.179274] PM: hibernation: Registered nosave memory: [mem 0x000a0000-0x000effff]
[    0.179275] PM: hibernation: Registered nosave memory: [mem 0x000f0000-0x000fffff]
[    0.179279] [mem 0x20000000-0xafffffff] available for PCI devices
[    0.179651] Booting paravirtualized kernel on KVM
[    0.180570] clocksource: refined-jiffies: mask: 0xffffffff max_cycles: 0xffffffff, max_idle_ns: 1910969940391419 ns
[    0.215239] setup_percpu: NR_CPUS:4 nr_cpumask_bits:4 nr_cpu_ids:4 nr_node_ids:1
[    0.226400] percpu: Embedded 56 pages/cpu s191128 r8192 d30056 u524288
[    0.226525] pcpu-alloc: s191128 r8192 d30056 u524288 alloc=1*2097152
[    0.226656] pcpu-alloc: [0] 0 1 2 3 
[    0.227423] kvm-guest: stealtime: cpu 0, msr 1f41b600
[    0.227808] Built 1 zonelists, mobility grouping on.  Total pages: 128872
[    0.227810] Policy zone: DMA32
[    0.227859] Kernel command line: selinux=0 initcall_debug debug console=ttyS0 rcutorture.torture_type=srcu rcutorture.onoff_interval=1000 rcutorture.onoff_holdoff=30 rcutorture.n_barrier_cbs=4 rcutorture.stat_interval=15 rcutorture.shutdown_secs=1800 rcutorture.test_no_idle_hz=1 rcutorture.verbose=1
[    0.247597] Dentry cache hash table entries: 65536 (order: 7, 524288 bytes, linear)
[    0.255803] Inode-cache hash table entries: 32768 (order: 6, 262144 bytes, linear)
[    0.262843] mem auto-init: stack:all(zero), heap alloc:off, heap free:off
[    0.386058] Memory: 480680K/523764K available (14349K kernel code, 2529K rwdata, 4664K rodata, 1484K init, 1536K bss, 42824K reserved, 0K cma-reserved)
[    0.389413] SLUB: HWalign=64, Order=0-3, MinObjects=0, CPUs=4, Nodes=1
[    0.390555] Kernel/User page tables isolation: enabled
[    0.406742] rcu: Hierarchical RCU implementation.
[    0.406960] 	Trampoline variant of Tasks RCU enabled.
[    0.406962] 	Rude variant of Tasks RCU enabled.
[    0.406963] 	Tracing variant of Tasks RCU enabled.
[    0.407145] rcu: RCU calculated value of scheduler-enlistment delay is 100 jiffies.
[    0.436443] NR_IRQS: 4352, nr_irqs: 456, preallocated irqs: 16
[    0.441460] calling  con_init+0x0/0x22a @ 0
[    0.630360] Console: colour VGA+ 80x25
[    0.630490] initcall con_init+0x0/0x22a returned 0 after 0 usecs
[    0.630492] calling  hvc_console_init+0x0/0x13 @ 0
[    0.630546] initcall hvc_console_init+0x0/0x13 returned 0 after 0 usecs
[    0.630548] calling  univ8250_console_init+0x0/0x26 @ 0
[    1.514835] printk: console [ttyS0] enabled
[    1.519341] initcall univ8250_console_init+0x0/0x26 returned 0 after 0 usecs
[    1.527425] ACPI: Core revision 20200925
[    1.534275] clocksource: hpet: mask: 0xffffffff max_cycles: 0xffffffff, max_idle_ns: 19112604467 ns
[    1.547794] APIC: Switch to symmetric I/O mode setup
[    1.571719] ..TIMER: vector=0x30 apic1=0 pin1=2 apic2=-1 pin2=-1
[    1.579919] clocksource: tsc-early: mask: 0xffffffffffffffff max_cycles: 0x39a85afc727, max_idle_ns: 881590685098 ns
[    1.591439] Calibrating delay loop (skipped) preset value.. 3999.99 BogoMIPS (lpj=1999999)
[    1.593426] pid_max: default: 32768 minimum: 301
[    1.594703] LSM: Security Framework initializing
[    1.595701] Mount-cache hash table entries: 1024 (order: 1, 8192 bytes, linear)
[    1.596457] Mountpoint-cache hash table entries: 1024 (order: 1, 8192 bytes, linear)
[    1.603703] Last level iTLB entries: 4KB 0, 2MB 0, 4MB 0
[    1.604426] Last level dTLB entries: 4KB 0, 2MB 0, 4MB 0, 1GB 0
[    1.605519] Spectre V1 : Mitigation: usercopy/swapgs barriers and __user pointer sanitization
[    1.606437] Spectre V2 : Mitigation: Retpolines
[    1.607425] Spectre V2 : Spectre v2 / SpectreRSB mitigation: Filling RSB on context switch
[    1.608440] Spectre V2 : Spectre v2 / SpectreRSB : Filling RSB on VMEXIT
[    1.609427] Speculative Store Bypass: Vulnerable
[    1.610456] MDS: Vulnerable: Clear CPU buffers attempted, no microcode
[    1.611427] MMIO Stale Data: Unknown: No mitigations
[    1.672799] Freeing SMP alternatives memory: 44K
[    1.776367] smpboot: CPU0: Intel Common KVM processor (family: 0xf, model: 0x6, stepping: 0x1)
[    1.778046] calling  init_hw_perf_events+0x0/0x6ce @ 1
[    1.778472] Performance Events: unsupported Netburst CPU model 6 no PMU driver, software events only.
[    1.779433] initcall init_hw_perf_events+0x0/0x6ce returned 0 after 976 usecs
[    1.780431] calling  init_real_mode+0x0/0x1e9 @ 1
[    1.782691] initcall init_real_mode+0x0/0x1e9 returned 0 after 976 usecs
[    1.783440] calling  trace_init_perf_perm_irq_work_exit+0x0/0x12 @ 1
[    1.784436] initcall trace_init_perf_perm_irq_work_exit+0x0/0x12 returned 0 after 0 usecs
[    1.785505] calling  validate_x2apic+0x0/0x4a @ 1
[    1.786455] initcall validate_x2apic+0x0/0x4a returned 0 after 0 usecs
[    1.787434] calling  register_nmi_cpu_backtrace_handler+0x0/0x15 @ 1
[    1.788431] initcall register_nmi_cpu_backtrace_handler+0x0/0x15 returned 0 after 0 usecs
[    1.789430] calling  kvm_setup_vsyscall_timeinfo+0x0/0xd1 @ 1
[    1.790431] initcall kvm_setup_vsyscall_timeinfo+0x0/0xd1 returned 0 after 0 usecs
[    1.791490] calling  spawn_ksoftirqd+0x0/0x38 @ 1
[    1.792543] initcall spawn_ksoftirqd+0x0/0x38 returned 0 after 0 usecs
[    1.793428] calling  migration_init+0x0/0x33 @ 1
[    1.794428] initcall migration_init+0x0/0x33 returned 0 after 0 usecs
[    1.796428] calling  srcu_bootup_announce+0x0/0x2f @ 1
[    1.797426] rcu: Hierarchical SRCU implementation.
[    1.798454] initcall srcu_bootup_announce+0x0/0x2f returned 0 after 976 usecs
[    1.800429] calling  rcu_spawn_gp_kthread+0x0/0x1b0 @ 1
[    1.801507] initcall rcu_spawn_gp_kthread+0x0/0x1b0 returned 0 after 0 usecs
[    1.803435] calling  check_cpu_stall_init+0x0/0x1a @ 1
[    1.804432] initcall check_cpu_stall_init+0x0/0x1a returned 0 after 0 usecs
[    1.805431] calling  rcu_sysrq_init+0x0/0x21 @ 1
[    1.806429] initcall rcu_sysrq_init+0x0/0x21 returned 0 after 0 usecs
[    1.807463] calling  trace_init_flags_sys_enter+0x0/0xe @ 1
[    1.808434] initcall trace_init_flags_sys_enter+0x0/0xe returned 0 after 0 usecs
[    1.809430] calling  trace_init_flags_sys_exit+0x0/0xe @ 1
[    1.810432] initcall trace_init_flags_sys_exit+0x0/0xe returned 0 after 0 usecs
[    1.811432] calling  cpu_stop_init+0x0/0x6e @ 1
[    1.813528] initcall cpu_stop_init+0x0/0x6e returned 0 after 976 usecs
[    1.814430] calling  init_kprobes+0x0/0x165 @ 1
[    1.816948] initcall init_kprobes+0x0/0x165 returned 0 after 976 usecs
[    1.817433] calling  init_events+0x0/0x3d @ 1
[    1.818473] initcall init_events+0x0/0x3d returned 0 after 0 usecs
[    1.819439] calling  init_trace_printk+0x0/0xc @ 1
[    1.820435] initcall init_trace_printk+0x0/0xc returned 0 after 0 usecs
[    1.821431] calling  event_trace_enable_again+0x0/0x23 @ 1
[    1.822430] initcall event_trace_enable_again+0x0/0x23 returned 0 after 0 usecs
[    1.823429] calling  static_call_init+0x0/0x77 @ 1
[    1.824429] initcall static_call_init+0x0/0x77 returned 0 after 0 usecs
[    1.825429] calling  jump_label_init_module+0x0/0xc @ 1
[    1.826430] initcall jump_label_init_module+0x0/0xc returned 0 after 0 usecs
[    1.827514] calling  init_zero_pfn+0x0/0x37 @ 1
[    1.828430] initcall init_zero_pfn+0x0/0x37 returned 0 after 0 usecs
[    1.829430] calling  initialize_ptr_random+0x0/0x54 @ 1
[    1.830429] initcall initialize_ptr_random+0x0/0x54 returned 0 after 0 usecs
[    1.831475] calling  efi_memreserve_root_init+0x0/0x25 @ 1
[    1.832462] initcall efi_memreserve_root_init+0x0/0x25 returned 0 after 0 usecs
[    1.833431] calling  efi_earlycon_remap_fb+0x0/0x51 @ 1
[    1.834430] initcall efi_earlycon_remap_fb+0x0/0x51 returned 0 after 0 usecs
[    1.836440] smp: Bringing up secondary CPUs ...
[    1.838964] x86: Booting SMP configuration:
[    1.839427] .... node  #0, CPUs:      #1
[    1.150419] kvm-clock: cpu 1, msr d49a041, secondary cpu clock
[    1.866592] kvm-guest: stealtime: cpu 1, msr 1f49b600
[    1.883772]  #2
[    1.150419] kvm-clock: cpu 2, msr d49a081, secondary cpu clock
[    1.905595] kvm-guest: stealtime: cpu 2, msr 1f51b600
[    1.921062]  #3
[    1.150419] kvm-clock: cpu 3, msr d49a0c1, secondary cpu clock
[    1.943538] kvm-guest: stealtime: cpu 3, msr 1f59b600
[    1.955872] smp: Brought up 1 node, 4 CPUs
[    1.956429] smpboot: Max logical packages: 1
[    1.957426] smpboot: Total of 4 processors activated (15999.99 BogoMIPS)
[    1.960721] devtmpfs: initialized
[    1.967908] calling  ipc_ns_init+0x0/0x3d @ 1
[    1.973435] initcall ipc_ns_init+0x0/0x3d returned 0 after 0 usecs
[    1.981430] calling  init_mmap_min_addr+0x0/0x21 @ 1
[    1.987431] initcall init_mmap_min_addr+0x0/0x21 returned 0 after 0 usecs
[    1.995430] calling  pci_realloc_setup_params+0x0/0x3f @ 1
[    2.003447] initcall pci_realloc_setup_params+0x0/0x3f returned 0 after 0 usecs
[    2.013433] calling  net_ns_init+0x0/0x11c @ 1
[    2.020608] initcall net_ns_init+0x0/0x11c returned 0 after 976 usecs
[    2.029458] calling  e820__register_nvs_regions+0x0/0x37 @ 1
[    2.036432] initcall e820__register_nvs_regions+0x0/0x37 returned 0 after 0 usecs
[    2.046433] calling  cpufreq_register_tsc_scaling+0x0/0x2e @ 1
[    2.053434] initcall cpufreq_register_tsc_scaling+0x0/0x2e returned 0 after 0 usecs
[    2.063440] calling  reboot_init+0x0/0x3c @ 1
[    2.068486] initcall reboot_init+0x0/0x3c returned 0 after 0 usecs
[    2.076430] calling  init_lapic_sysfs+0x0/0x20 @ 1
[    2.081433] initcall init_lapic_sysfs+0x0/0x20 returned 0 after 0 usecs
[    2.089432] calling  alloc_frozen_cpus+0x0/0x7 @ 1
[    2.094431] initcall alloc_frozen_cpus+0x0/0x7 returned 0 after 0 usecs
[    2.102431] calling  cpu_hotplug_pm_sync_init+0x0/0x13 @ 1
[    2.108431] initcall cpu_hotplug_pm_sync_init+0x0/0x13 returned 0 after 0 usecs
[    2.117429] calling  wq_sysfs_init+0x0/0x2a @ 1
[    2.122546] initcall wq_sysfs_init+0x0/0x2a returned 0 after 0 usecs
[    2.130429] calling  ksysfs_init+0x0/0x92 @ 1
[    2.135460] initcall ksysfs_init+0x0/0x92 returned 0 after 0 usecs
[    2.142428] calling  schedutil_gov_init+0x0/0xc @ 1
[    2.148458] initcall schedutil_gov_init+0x0/0xc returned 0 after 0 usecs
[    2.155428] calling  pm_init+0x0/0x76 @ 1
[    2.160522] initcall pm_init+0x0/0x76 returned 0 after 0 usecs
[    2.167429] calling  pm_disk_init+0x0/0x13 @ 1
[    2.172507] initcall pm_disk_init+0x0/0x13 returned 0 after 0 usecs
[    2.180429] calling  swsusp_header_init+0x0/0x2b @ 1
[    2.185433] initcall swsusp_header_init+0x0/0x2b returned 0 after 0 usecs
[    2.195431] calling  rcu_set_runtime_mode+0x0/0x16 @ 1
[    2.203433] initcall rcu_set_runtime_mode+0x0/0x16 returned 0 after 0 usecs
[    2.213431] calling  init_jiffies_clocksource+0x0/0x13 @ 1
[    2.220429] clocksource: jiffies: mask: 0xffffffff max_cycles: 0xffffffff, max_idle_ns: 1911260446275000 ns
[    2.231432] initcall init_jiffies_clocksource+0x0/0x13 returned 0 after 10742 usecs
[    2.240429] calling  futex_init+0x0/0xfa @ 1
[    2.245432] futex hash table entries: 1024 (order: 4, 65536 bytes, linear)
[    2.253586] initcall futex_init+0x0/0xfa returned 0 after 7812 usecs
[    2.260430] calling  cgroup_wq_init+0x0/0x28 @ 1
[    2.266437] initcall cgroup_wq_init+0x0/0x28 returned 0 after 0 usecs
[    2.273429] calling  cgroup1_wq_init+0x0/0x28 @ 1
[    2.278437] initcall cgroup1_wq_init+0x0/0x28 returned 0 after 0 usecs
[    2.286429] calling  init_kprobe_trace_early+0x0/0x2a @ 1
[    2.292431] initcall init_kprobe_trace_early+0x0/0x2a returned 0 after 0 usecs
[    2.300430] calling  fsnotify_init+0x0/0x48 @ 1
[    2.305444] initcall fsnotify_init+0x0/0x48 returned 0 after 0 usecs
[    2.313430] calling  filelock_init+0x0/0x96 @ 1
[    2.318441] initcall filelock_init+0x0/0x96 returned 0 after 0 usecs
[    2.325428] calling  init_misc_binfmt+0x0/0x2c @ 1
[    2.331446] initcall init_misc_binfmt+0x0/0x2c returned 0 after 0 usecs
[    2.338441] calling  init_script_binfmt+0x0/0x15 @ 1
[    2.344427] initcall init_script_binfmt+0x0/0x15 returned 0 after 0 usecs
[    2.352428] calling  init_elf_binfmt+0x0/0x15 @ 1
[    2.357428] initcall init_elf_binfmt+0x0/0x15 returned 0 after 0 usecs
[    2.364429] calling  init_compat_elf_binfmt+0x0/0x15 @ 1
[    2.371429] initcall init_compat_elf_binfmt+0x0/0x15 returned 0 after 0 usecs
[    2.379434] calling  debugfs_init+0x0/0x5c @ 1
[    2.384439] initcall debugfs_init+0x0/0x5c returned 0 after 0 usecs
[    2.392429] calling  tracefs_init+0x0/0x3a @ 1
[    2.398440] initcall tracefs_init+0x0/0x3a returned 0 after 0 usecs
[    2.407436] calling  prandom_init_early+0x0/0x15d @ 1
[    2.414433] initcall prandom_init_early+0x0/0x15d returned 0 after 0 usecs
[    2.424575] calling  virtio_init+0x0/0x20 @ 1
[    2.431461] initcall virtio_init+0x0/0x20 returned 0 after 0 usecs
[    2.440434] calling  iommu_init+0x0/0x2a @ 1
[    2.446439] initcall iommu_init+0x0/0x2a returned 0 after 0 usecs
[    2.454432] calling  component_debug_init+0x0/0x1c @ 1
[    2.460757] initcall component_debug_init+0x0/0x1c returned 0 after 976 usecs
[    2.469429] calling  early_resume_init+0x0/0xb9 @ 1
[    2.475427] PM: RTC time: 02:52:20, date: 2022-12-13
[    2.481430] initcall early_resume_init+0x0/0xb9 returned 0 after 6835 usecs
[    2.489431] calling  cpufreq_core_init+0x0/0x62 @ 1
[    2.494501] initcall cpufreq_core_init+0x0/0x62 returned 0 after 976 usecs
[    2.502429] calling  cpufreq_gov_performance_init+0x0/0xc @ 1
[    2.509429] initcall cpufreq_gov_performance_init+0x0/0xc returned 0 after 0 usecs
[    2.518430] calling  cpufreq_gov_userspace_init+0x0/0xc @ 1
[    2.524431] initcall cpufreq_gov_userspace_init+0x0/0xc returned 0 after 0 usecs
[    2.534435] calling  CPU_FREQ_GOV_ONDEMAND_init+0x0/0xc @ 1
[    2.541432] initcall CPU_FREQ_GOV_ONDEMAND_init+0x0/0xc returned 0 after 0 usecs
[    2.549429] calling  cpuidle_init+0x0/0x1f @ 1
[    2.554614] initcall cpuidle_init+0x0/0x1f returned 0 after 0 usecs
[    2.563480] calling  capsule_reboot_register+0x0/0xc @ 1
[    2.569447] initcall capsule_reboot_register+0x0/0xc returned 0 after 0 usecs
[    2.578430] calling  sock_init+0x0/0x93 @ 1
[    2.584060] initcall sock_init+0x0/0x93 returned 0 after 0 usecs
[    2.591428] calling  net_inuse_init+0x0/0x23 @ 1
[    2.596437] initcall net_inuse_init+0x0/0x23 returned 0 after 0 usecs
[    2.605431] calling  net_defaults_init+0x0/0x23 @ 1
[    2.612433] initcall net_defaults_init+0x0/0x23 returned 0 after 0 usecs
[    2.622431] calling  init_default_flow_dissectors+0x0/0x4f @ 1
[    2.630453] initcall init_default_flow_dissectors+0x0/0x4f returned 0 after 0 usecs
[    2.640432] calling  netpoll_init+0x0/0x26 @ 1
[    2.646433] initcall netpoll_init+0x0/0x26 returned 0 after 0 usecs
[    2.654431] calling  netlink_proto_init+0x0/0x14f @ 1
[    2.661466] NET: Registered protocol family 16
[    2.666466] initcall netlink_proto_init+0x0/0x14f returned 0 after 5859 usecs
[    2.674447] calling  genl_init+0x0/0x35 @ 1
[    2.680442] initcall genl_init+0x0/0x35 returned 0 after 0 usecs
[    2.687498] calling  bsp_pm_check_init+0x0/0x13 @ 1
[    2.693430] initcall bsp_pm_check_init+0x0/0x13 returned 0 after 0 usecs
[    2.701450] calling  irq_sysfs_init+0x0/0xb7 @ 1
[    2.706553] initcall irq_sysfs_init+0x0/0xb7 returned 0 after 976 usecs
[    2.714430] calling  audit_init+0x0/0x160 @ 1
[    2.720433] audit: initializing netlink subsys (disabled)
[    2.727500] audit: type=2000 audit(1670899940.265:1): state=initialized audit_enabled=0 res=1
[    2.727500] initcall audit_init+0x0/0x160 returned 0 after 6835 usecs
[    2.727500] calling  release_early_probes+0x0/0x32 @ 1
[    2.751433] initcall release_early_probes+0x0/0x32 returned 0 after 0 usecs
[    2.759431] calling  bdi_class_init+0x0/0x48 @ 1
[    2.764483] initcall bdi_class_init+0x0/0x48 returned 0 after 0 usecs
[    2.772430] calling  mm_sysfs_init+0x0/0x28 @ 1
[    2.778440] initcall mm_sysfs_init+0x0/0x28 returned 0 after 0 usecs
[    2.786434] calling  init_per_zone_wmark_min+0x0/0x6d @ 1
[    2.792438] initcall init_per_zone_wmark_min+0x0/0x6d returned 0 after 0 usecs
[    2.801430] calling  mpi_init+0x0/0x3e @ 1
[    2.806448] initcall mpi_init+0x0/0x3e returned 0 after 0 usecs
[    2.813431] calling  kobject_uevent_init+0x0/0xc @ 1
[    2.820445] initcall kobject_uevent_init+0x0/0xc returned 0 after 0 usecs
[    2.830433] calling  pcibus_class_init+0x0/0x13 @ 1
[    2.838449] initcall pcibus_class_init+0x0/0x13 returned 0 after 976 usecs
[    2.847431] calling  pci_driver_init+0x0/0x21 @ 1
[    2.852475] initcall pci_driver_init+0x0/0x21 returned 0 after 0 usecs
[    2.860430] calling  backlight_class_init+0x0/0xa8 @ 1
[    2.868509] initcall backlight_class_init+0x0/0xa8 returned 0 after 976 usecs
[    2.879436] calling  tty_class_init+0x0/0x33 @ 1
[    2.886452] initcall tty_class_init+0x0/0x33 returned 0 after 0 usecs
[    2.896435] calling  vtconsole_class_init+0x0/0xb5 @ 1
[    2.903534] initcall vtconsole_class_init+0x0/0xb5 returned 0 after 0 usecs
[    2.911432] calling  iommu_dev_init+0x0/0x13 @ 1
[    2.917470] initcall iommu_dev_init+0x0/0x13 returned 0 after 0 usecs
[    2.924435] calling  mipi_dsi_bus_init+0x0/0xc @ 1
[    2.930499] initcall mipi_dsi_bus_init+0x0/0xc returned 0 after 0 usecs
[    2.938431] calling  devlink_class_init+0x0/0x40 @ 1
[    2.943441] initcall devlink_class_init+0x0/0x40 returned 0 after 0 usecs
[    2.951430] calling  software_node_init+0x0/0x2a @ 1
[    2.957435] initcall software_node_init+0x0/0x2a returned 0 after 0 usecs
[    2.965429] calling  wakeup_sources_debugfs_init+0x0/0x23 @ 1
[    2.971504] initcall wakeup_sources_debugfs_init+0x0/0x23 returned 0 after 0 usecs
[    2.980429] calling  wakeup_sources_sysfs_init+0x0/0x2c @ 1
[    2.987440] initcall wakeup_sources_sysfs_init+0x0/0x2c returned 0 after 0 usecs
[    2.995429] calling  register_node_type+0x0/0x13 @ 1
[    3.001492] initcall register_node_type+0x0/0x13 returned 0 after 0 usecs
[    3.010430] calling  regmap_initcall+0x0/0xc @ 1
[    3.016490] initcall regmap_initcall+0x0/0xc returned 0 after 0 usecs
[    3.023429] calling  i2c_init+0x0/0xb3 @ 1
[    3.028452] initcall i2c_init+0x0/0xb3 returned 0 after 0 usecs
[    3.035429] calling  thermal_init+0x0/0xf2 @ 1
[    3.040427] thermal_sys: Registered thermal governor 'step_wise'
[    3.040428] thermal_sys: Registered thermal governor 'user_space'
[    3.047440] initcall thermal_init+0x0/0xf2 returned 0 after 6835 usecs
[    3.062428] calling  init_menu+0x0/0xc @ 1
[    3.068510] cpuidle: using governor menu
[    3.072434] initcall init_menu+0x0/0xc returned 0 after 4882 usecs
[    3.080433] calling  pcc_init+0x0/0x4d @ 1
[    3.085432] initcall pcc_init+0x0/0x4d returned -19 after 0 usecs
[    3.092434] calling  amd_postcore_init+0x0/0x11e @ 1
[    3.099432] initcall amd_postcore_init+0x0/0x11e returned 0 after 0 usecs
[    3.108453] calling  bts_init+0x0/0xba @ 1
[    3.113429] initcall bts_init+0x0/0xba returned -19 after 0 usecs
[    3.120429] calling  pt_init+0x0/0x341 @ 1
[    3.125432] initcall pt_init+0x0/0x341 returned -19 after 0 usecs
[    3.132430] calling  boot_params_ksysfs_init+0x0/0x2ee @ 1
[    3.139447] initcall boot_params_ksysfs_init+0x0/0x2ee returned 0 after 976 usecs
[    3.147428] calling  sbf_init+0x0/0xea @ 1
[    3.152428] initcall sbf_init+0x0/0xea returned 0 after 0 usecs
[    3.159428] calling  arch_kdebugfs_init+0x0/0x219 @ 1
[    3.166429] initcall arch_kdebugfs_init+0x0/0x219 returned 0 after 976 usecs
[    3.174431] calling  intel_pconfig_init+0x0/0x85 @ 1
[    3.180429] initcall intel_pconfig_init+0x0/0x85 returned 0 after 0 usecs
[    3.188429] calling  mtrr_if_init+0x0/0x5d @ 1
[    3.193454] initcall mtrr_if_init+0x0/0x5d returned 0 after 0 usecs
[    3.200430] calling  activate_jump_labels+0x0/0x31 @ 1
[    3.206429] initcall activate_jump_labels+0x0/0x31 returned 0 after 0 usecs
[    3.214429] calling  ffh_cstate_init+0x0/0x29 @ 1
[    3.220433] initcall ffh_cstate_init+0x0/0x29 returned 0 after 0 usecs
[    3.228440] calling  activate_jump_labels+0x0/0x31 @ 1
[    3.234432] initcall activate_jump_labels+0x0/0x31 returned 0 after 0 usecs
[    3.243431] calling  kvm_alloc_cpumask+0x0/0x74 @ 1
[    3.249485] initcall kvm_alloc_cpumask+0x0/0x74 returned 0 after 0 usecs
[    3.257430] calling  kcmp_cookies_init+0x0/0x37 @ 1
[    3.262436] initcall kcmp_cookies_init+0x0/0x37 returned 0 after 0 usecs
[    3.271429] calling  cryptomgr_init+0x0/0xc @ 1
[    3.276458] initcall cryptomgr_init+0x0/0xc returned 0 after 0 usecs
[    3.284431] calling  acpi_pci_init+0x0/0x57 @ 1
[    3.289428] ACPI: bus type PCI registered
[    3.294430] initcall acpi_pci_init+0x0/0x57 returned 0 after 4882 usecs
[    3.302430] calling  dma_channel_table_init+0x0/0xd1 @ 1
[    3.308439] initcall dma_channel_table_init+0x0/0xd1 returned 0 after 0 usecs
[    3.317428] calling  dma_bus_init+0x0/0xdc @ 1
[    3.322758] initcall dma_bus_init+0x0/0xdc returned 0 after 0 usecs
[    3.329482] calling  iommu_dma_init+0x0/0x10 @ 1
[    3.335437] initcall iommu_dma_init+0x0/0x10 returned 0 after 0 usecs
[    3.343430] calling  dmi_id_init+0x0/0x37c @ 1
[    3.349684] initcall dmi_id_init+0x0/0x37c returned 0 after 0 usecs
[    3.356431] calling  pci_arch_init+0x0/0x71 @ 1
[    3.363431] PCI: MMCONFIG for domain 0000 [bus 00-ff] at [mem 0xb0000000-0xbfffffff] (base 0xb0000000)
[    3.374433] PCI: MMCONFIG at [mem 0xb0000000-0xbfffffff] reserved in E820
[    3.382459] PCI: Using configuration type 1 for base access
[    3.388436] initcall pci_arch_init+0x0/0x71 returned 0 after 25390 usecs
[    3.397464] calling  init_vdso+0x0/0x13 @ 1
[    3.403480] initcall init_vdso+0x0/0x13 returned 0 after 0 usecs
[    3.411436] calling  sysenter_setup+0x0/0x13 @ 1
[    3.418486] initcall sysenter_setup+0x0/0x13 returned 0 after 0 usecs
[    3.426436] calling  fixup_ht_bug+0x0/0xe5 @ 1
[    3.431432] initcall fixup_ht_bug+0x0/0xe5 returned 0 after 0 usecs
[    3.439431] calling  topology_init+0x0/0x88 @ 1
[    3.445598] initcall topology_init+0x0/0x88 returned 0 after 0 usecs
[    3.453436] calling  intel_epb_init+0x0/0x68 @ 1
[    3.458431] initcall intel_epb_init+0x0/0x68 returned -19 after 0 usecs
[    3.467431] calling  mtrr_init_finialize+0x0/0x3e @ 1
[    3.473431] initcall mtrr_init_finialize+0x0/0x3e returned 0 after 0 usecs
[    3.481432] calling  uid_cache_init+0x0/0x81 @ 1
[    3.487439] initcall uid_cache_init+0x0/0x81 returned 0 after 0 usecs
[    3.495431] calling  param_sysfs_init+0x0/0x1ba @ 1
[    3.504715] initcall param_sysfs_init+0x0/0x1ba returned 0 after 2929 usecs
[    3.512430] calling  user_namespace_sysctl_init+0x0/0x33 @ 1
[    3.519462] initcall user_namespace_sysctl_init+0x0/0x33 returned 0 after 0 usecs
[    3.528430] calling  proc_schedstat_init+0x0/0x24 @ 1
[    3.533434] initcall proc_schedstat_init+0x0/0x24 returned 0 after 0 usecs
[    3.541430] calling  pm_sysrq_init+0x0/0x18 @ 1
[    3.548595] initcall pm_sysrq_init+0x0/0x18 returned 0 after 976 usecs
[    3.558654] calling  create_proc_profile+0x0/0xd0 @ 1
[    3.565431] initcall create_proc_profile+0x0/0xd0 returned 0 after 0 usecs
[    3.575434] calling  time_ns_init+0x0/0x7 @ 1
[    3.582434] initcall time_ns_init+0x0/0x7 returned 0 after 0 usecs
[    3.591431] calling  crash_save_vmcoreinfo_init+0x0/0x722 @ 1
[    3.598653] initcall crash_save_vmcoreinfo_init+0x0/0x722 returned 0 after 976 usecs
[    3.608438] calling  crash_notes_memory_init+0x0/0x35 @ 1
[    3.614436] initcall crash_notes_memory_init+0x0/0x35 returned 0 after 0 usecs
[    3.623431] calling  cgroup_sysfs_init+0x0/0x13 @ 1
[    3.629554] initcall cgroup_sysfs_init+0x0/0x13 returned 0 after 0 usecs
[    3.637430] calling  cgroup_namespaces_init+0x0/0x7 @ 1
[    3.643428] initcall cgroup_namespaces_init+0x0/0x7 returned 0 after 0 usecs
[    3.651430] calling  init_optprobes+0x0/0x13 @ 1
[    3.657428] Kprobes globally optimized
[    3.661438] initcall init_optprobes+0x0/0x13 returned 0 after 3906 usecs
[    3.669451] calling  oom_init+0x0/0x2f @ 1
[    3.675802] initcall oom_init+0x0/0x2f returned 0 after 1953 usecs
[    3.683431] calling  default_bdi_init+0x0/0xb3 @ 1
[    3.689934] initcall default_bdi_init+0x0/0xb3 returned 0 after 976 usecs
[    3.698431] calling  percpu_enable_async+0x0/0xe @ 1
[    3.704429] initcall percpu_enable_async+0x0/0xe returned 0 after 0 usecs
[    3.712431] calling  kcompactd_init+0x0/0x8d @ 1
[    3.719433] initcall kcompactd_init+0x0/0x8d returned 0 after 976 usecs
[    3.727463] calling  init_user_reserve+0x0/0x40 @ 1
[    3.732433] initcall init_user_reserve+0x0/0x40 returned 0 after 0 usecs
[    3.740432] calling  init_admin_reserve+0x0/0x40 @ 1
[    3.746434] initcall init_admin_reserve+0x0/0x40 returned 0 after 0 usecs
[    3.756432] calling  init_reserve_notifier+0x0/0x7 @ 1
[    3.762431] initcall init_reserve_notifier+0x0/0x7 returned 0 after 0 usecs
[    3.770430] calling  swap_init_sysfs+0x0/0x62 @ 1
[    3.776443] initcall swap_init_sysfs+0x0/0x62 returned 0 after 0 usecs
[    3.784430] calling  swapfile_init+0x0/0x94 @ 1
[    3.789430] initcall swapfile_init+0x0/0x94 returned 0 after 0 usecs
[    3.797429] calling  hugetlb_init+0x0/0x499 @ 1
[    3.802454] HugeTLB registered 2.00 MiB page size, pre-allocated 0 pages
[    3.810469] initcall hugetlb_init+0x0/0x499 returned 0 after 7812 usecs
[    3.818433] calling  io_wq_init+0x0/0x34 @ 1
[    3.823430] initcall io_wq_init+0x0/0x34 returned 0 after 0 usecs
[    3.830429] calling  seqiv_module_init+0x0/0xc @ 1
[    3.834429] initcall seqiv_module_init+0x0/0xc returned 0 after 0 usecs
[    3.841429] calling  echainiv_module_init+0x0/0xc @ 1
[    3.847431] initcall echainiv_module_init+0x0/0xc returned 0 after 0 usecs
[    3.855555] calling  rsa_init+0x0/0x50 @ 1
[    3.861845] cryptomgr_test (41) used greatest stack depth: 15496 bytes left
[    3.861845] initcall rsa_init+0x0/0x50 returned 0 after 976 usecs
[    3.869453] calling  crypto_cmac_module_init+0x0/0xc @ 1
[    3.876432] initcall crypto_cmac_module_init+0x0/0xc returned 0 after 0 usecs
[    3.886433] calling  hmac_module_init+0x0/0xc @ 1
[    3.892432] initcall hmac_module_init+0x0/0xc returned 0 after 0 usecs
[    3.900430] calling  crypto_null_mod_init+0x0/0x65 @ 1
[    3.911430] initcall crypto_null_mod_init+0x0/0x65 returned 0 after 3906 usecs
[    3.919433] calling  md5_mod_init+0x0/0xc @ 1
[    3.926433] initcall md5_mod_init+0x0/0xc returned 0 after 976 usecs
[    3.933430] calling  sha256_generic_mod_init+0x0/0x11 @ 1
[    3.942452] initcall sha256_generic_mod_init+0x0/0x11 returned 0 after 1953 usecs
[    3.951606] calling  crypto_cbc_module_init+0x0/0xc @ 1
[    3.957431] initcall crypto_cbc_module_init+0x0/0xc returned 0 after 0 usecs
[    3.965430] calling  crypto_ctr_module_init+0x0/0x11 @ 1
[    3.972446] initcall crypto_ctr_module_init+0x0/0x11 returned 0 after 0 usecs
[    3.980429] calling  crypto_gcm_module_init+0x0/0x64 @ 1
[    3.986431] initcall crypto_gcm_module_init+0x0/0x64 returned 0 after 0 usecs
[    3.994442] calling  crypto_ccm_module_init+0x0/0x11 @ 1
[    4.001430] initcall crypto_ccm_module_init+0x0/0x11 returned 0 after 0 usecs
[    4.009429] calling  aes_init+0x0/0xc @ 1
[    4.015512] initcall aes_init+0x0/0xc returned 0 after 976 usecs
[    4.022597] calling  crc32c_mod_init+0x0/0xc @ 1
[    4.028442] initcall crc32c_mod_init+0x0/0xc returned 0 after 976 usecs
[    4.035430] calling  crypto_authenc_module_init+0x0/0xc @ 1
[    4.041430] initcall crypto_authenc_module_init+0x0/0xc returned 0 after 0 usecs
[    4.050429] calling  crypto_authenc_esn_module_init+0x0/0xc @ 1
[    4.058433] initcall crypto_authenc_esn_module_init+0x0/0xc returned 0 after 0 usecs
[    4.066429] calling  drbg_init+0x0/0x7c @ 1
[    4.080435] initcall drbg_init+0x0/0x7c returned 0 after 8789 usecs
[    4.090432] calling  ghash_mod_init+0x0/0xc @ 1
[    4.097644] initcall ghash_mod_init+0x0/0xc returned 0 after 976 usecs
[    4.105431] calling  init_bio+0x0/0x9a @ 1
[    4.110623] initcall init_bio+0x0/0x9a returned 0 after 0 usecs
[    4.117432] calling  blk_settings_init+0x0/0x29 @ 1
[    4.123429] initcall blk_settings_init+0x0/0x29 returned 0 after 0 usecs
[    4.131428] calling  blk_ioc_init+0x0/0x29 @ 1
[    4.137503] initcall blk_ioc_init+0x0/0x29 returned 0 after 0 usecs
[    4.145429] calling  blk_mq_init+0x0/0xb9 @ 1
[    4.150430] initcall blk_mq_init+0x0/0xb9 returned 0 after 0 usecs
[    4.155428] calling  genhd_device_init+0x0/0x75 @ 1
[    4.163207] initcall genhd_device_init+0x0/0x75 returned 0 after 1953 usecs
[    4.173504] calling  pci_slot_init+0x0/0x40 @ 1
[    4.180441] initcall pci_slot_init+0x0/0x40 returned 0 after 0 usecs
[    4.189436] calling  fbmem_init+0x0/0xd8 @ 1
[    4.194626] initcall fbmem_init+0x0/0xd8 returned 0 after 976 usecs
[    4.202432] calling  acpi_init+0x0/0x319 @ 1
[    4.209584] ACPI: Added _OSI(Module Device)
[    4.214428] ACPI: Added _OSI(Processor Device)
[    4.219428] ACPI: Added _OSI(3.0 _SCP Extensions)
[    4.226428] ACPI: Added _OSI(Processor Aggregator Device)
[    4.232429] ACPI: Added _OSI(Linux-Dell-Video)
[    4.238429] ACPI: Added _OSI(Linux-Lenovo-NV-HDMI-Audio)
[    4.246430] ACPI: Added _OSI(Linux-HPI-Hybrid-Graphics)
[    4.256991] ACPI: 1 ACPI AML tables successfully acquired and loaded
[    4.273614] ACPI: Interpreter enabled
[    4.278448] ACPI: (supports S0 S3 S4 S5)
[    4.284430] ACPI: Using IOAPIC for interrupt routing
[    4.290481] PCI: Using host bridge windows from ACPI; if necessary, use "pci=nocrs" and report a bug
[    4.302422] ACPI: Enabled 2 GPEs in block 00 to 3F
[    4.333432] ACPI: PCI Root Bridge [PCI0] (domain 0000 [bus 00-ff])
[    4.342773] acpi PNP0A08:00: _OSC: OS supports [ExtendedConfig ASPM ClockPM Segments MSI HPX-Type3]
[    4.353519] acpi PNP0A08:00: _OSC: platform does not support [LTR]
[    4.361515] acpi PNP0A08:00: _OSC: OS now controls [PME PCIeCapability]
[    4.370609] PCI host bridge to bus 0000:00
[    4.375811] pci_bus 0000:00: root bus resource [io  0x0000-0x0cf7 window]
[    4.383430] pci_bus 0000:00: root bus resource [io  0x0d00-0xffff window]
[    4.388436] pci_bus 0000:00: root bus resource [mem 0x000a0000-0x000bffff window]
[    4.392435] pci_bus 0000:00: root bus resource [mem 0x20000000-0xafffffff window]
[    4.400431] pci_bus 0000:00: root bus resource [mem 0xc0000000-0xfebfffff window]
[    4.410432] pci_bus 0000:00: root bus resource [mem 0x100000000-0x8ffffffff window]
[    4.421437] pci_bus 0000:00: root bus resource [bus 00-ff]
[    4.430456] pci 0000:00:00.0: calling  quirk_mmio_always_on+0x0/0x10 @ 1
[    4.439436] pci 0000:00:00.0: quirk_mmio_always_on+0x0/0x10 took 0 usecs
[    4.449526] pci 0000:00:00.0: [8086:29c0] type 00 class 0x060000
[    4.459593] pci 0000:00:00.0: calling  quirk_igfx_skip_te_disable+0x0/0x80 @ 1
[    4.468489] pci 0000:00:00.0: quirk_igfx_skip_te_disable+0x0/0x80 took 0 usecs
[    4.475150] pci 0000:00:01.0: [1234:1111] type 00 class 0x030000
[    4.492427] pci 0000:00:01.0: reg 0x10: [mem 0xfd000000-0xfdffffff pref]
[    4.520425] pci 0000:00:01.0: reg 0x18: [mem 0xfebf0000-0xfebf0fff]
[    4.561427] pci 0000:00:01.0: reg 0x30: [mem 0xfebe0000-0xfebeffff pref]
[    4.584427] pci 0000:00:01.0: calling  efifb_fixup_resources+0x0/0xf0 @ 1
[    4.593426] pci 0000:00:01.0: efifb_fixup_resources+0x0/0xf0 took 0 usecs
[    4.632432] pci 0000:00:1f.0: [8086:2918] type 00 class 0x060100
[    4.645191] pci 0000:00:1f.0: calling  quirk_ich7_lpc+0x0/0x60 @ 1
[    4.653018] pci 0000:00:1f.0: quirk: [io  0x0600-0x067f] claimed by ICH6 ACPI/GPIO/TCO
[    4.661852] pci 0000:00:1f.0: quirk_ich7_lpc+0x0/0x60 took 10742 usecs
[    4.666198] pci 0000:00:1f.0: calling  quirk_igfx_skip_te_disable+0x0/0x80 @ 1
[    4.670767] pci 0000:00:1f.0: quirk_igfx_skip_te_disable+0x0/0x80 took 0 usecs
[    4.682605] pci 0000:00:1f.2: [8086:2922] type 00 class 0x010601
[    4.697155] pci 0000:00:1f.2: reg 0x20: [io  0xc040-0xc05f]
[    4.706432] pci 0000:00:1f.2: reg 0x24: [mem 0xfebf1000-0xfebf1fff]
[    4.714427] pci 0000:00:1f.2: calling  quirk_igfx_skip_te_disable+0x0/0x80 @ 1
[    4.723437] pci 0000:00:1f.2: quirk_igfx_skip_te_disable+0x0/0x80 took 0 usecs
[    4.735877] pci 0000:00:1f.3: [8086:2930] type 00 class 0x0c0500
[    4.747439] pci 0000:00:1f.3: reg 0x20: [io  0x0700-0x073f]
[    4.757627] pci 0000:00:1f.3: calling  quirk_igfx_skip_te_disable+0x0/0x80 @ 1
[    4.768444] pci 0000:00:1f.3: quirk_igfx_skip_te_disable+0x0/0x80 took 0 usecs
[    4.784510] ACPI: PCI Interrupt Link [LNKA] (IRQs 5 *10 11)
[    4.794426] ACPI: PCI Interrupt Link [LNKB] (IRQs 5 *10 11)
[    4.804074] ACPI: PCI Interrupt Link [LNKC] (IRQs 5 10 *11)
[    4.814457] ACPI: PCI Interrupt Link [LNKD] (IRQs 5 10 *11)
[    4.824029] ACPI: PCI Interrupt Link [LNKE] (IRQs 5 *10 11)
[    4.833699] ACPI: PCI Interrupt Link [LNKF] (IRQs 5 *10 11)
[    4.842840] ACPI: PCI Interrupt Link [LNKG] (IRQs 5 10 *11)
[    4.851901] ACPI: PCI Interrupt Link [LNKH] (IRQs 5 10 *11)
[    4.860686] ACPI: PCI Interrupt Link [GSIA] (IRQs *16)
[    4.868454] ACPI: PCI Interrupt Link [GSIB] (IRQs *17)
[    4.877477] ACPI: PCI Interrupt Link [GSIC] (IRQs *18)
[    4.883455] ACPI: PCI Interrupt Link [GSID] (IRQs *19)
[    4.891472] ACPI: PCI Interrupt Link [GSIE] (IRQs *20)
[    4.899482] ACPI: PCI Interrupt Link [GSIF] (IRQs *21)
[    4.905507] ACPI: PCI Interrupt Link [GSIG] (IRQs *22)
[    4.912483] ACPI: PCI Interrupt Link [GSIH] (IRQs *23)
[    4.921435] initcall acpi_init+0x0/0x319 returned 0 after 695312 usecs
[    4.930573] calling  pnp_init+0x0/0xc @ 1
[    4.935502] initcall pnp_init+0x0/0xc returned 0 after 0 usecs
[    4.942431] calling  misc_init+0x0/0xbf @ 1
[    4.947724] initcall misc_init+0x0/0xbf returned 0 after 976 usecs
[    4.955430] calling  iommu_subsys_init+0x0/0x4e @ 1
[    4.962046] iommu: Default domain type: Translated 
[    4.968433] initcall iommu_subsys_init+0x0/0x4e returned 0 after 6835 usecs
[    4.977431] calling  vga_arb_device_init+0x0/0x261 @ 1
[    4.991761] pci 0000:00:01.0: vgaarb: setting as boot VGA device
[    4.992422] pci 0000:00:01.0: vgaarb: VGA device added: decodes=io+mem,owns=io+mem,locks=none
[    5.009433] pci 0000:00:01.0: vgaarb: bridge control possible
[    5.017427] vgaarb: loaded
[    5.020438] initcall vga_arb_device_init+0x0/0x261 returned 0 after 36132 usecs
[    5.029131] calling  cn_init+0x0/0xf0 @ 1
[    5.038063] initcall cn_init+0x0/0xf0 returned 0 after 5859 usecs
[    5.046433] calling  dma_buf_init+0x0/0xad @ 1
[    5.057053] initcall dma_buf_init+0x0/0xad returned 0 after 3906 usecs
[    5.065433] calling  init_scsi+0x0/0x79 @ 1
[    5.075740] SCSI subsystem initialized
[    5.080435] initcall init_scsi+0x0/0x79 returned 0 after 11718 usecs
[    5.091431] calling  ata_init+0x0/0x332 @ 1
[    5.108671] libata version 3.00 loaded.
[    5.114434] initcall ata_init+0x0/0x332 returned 0 after 16601 usecs
[    5.122433] calling  phy_init+0x0/0x250 @ 1
[    5.127996] initcall phy_init+0x0/0x250 returned 0 after 3906 usecs
[    5.138432] calling  init_pcmcia_cs+0x0/0x35 @ 1
[    5.145735] initcall init_pcmcia_cs+0x0/0x35 returned 0 after 0 usecs
[    5.152433] calling  usb_common_init+0x0/0x1c @ 1
[    5.159435] initcall usb_common_init+0x0/0x1c returned 0 after 0 usecs
[    5.167431] calling  usb_init+0x0/0x12e @ 1
[    5.173283] ACPI: bus type USB registered
[    5.182199] usbcore: registered new interface driver usbfs
[    5.190633] usbcore: registered new interface driver hub
[    5.198443] usbcore: registered new device driver usb
[    5.204434] initcall usb_init+0x0/0x12e returned 0 after 31250 usecs
[    5.211492] calling  serio_init+0x0/0x29 @ 1
[    5.217509] initcall serio_init+0x0/0x29 returned 0 after 0 usecs
[    5.221430] calling  input_init+0x0/0xf6 @ 1
[    5.226904] initcall input_init+0x0/0xf6 returned 0 after 976 usecs
[    5.235434] calling  rtc_init+0x0/0x4d @ 1
[    5.240495] initcall rtc_init+0x0/0x4d returned 0 after 0 usecs
[    5.247429] calling  pps_init+0x0/0xa9 @ 1
[    5.253620] pps_core: LinuxPPS API ver. 1 registered
[    5.259523] pps_core: Software ver. 5.3.6 - Copyright 2005-2007 Rodolfo Giometti <giometti@linux.it>
[    5.270432] initcall pps_init+0x0/0xa9 returned 0 after 16601 usecs
[    5.278431] calling  ptp_init+0x0/0x98 @ 1
[    5.283433] PTP clock support registered
[    5.288431] initcall ptp_init+0x0/0x98 returned 0 after 4882 usecs
[    5.296439] calling  power_supply_class_init+0x0/0x3f @ 1
[    5.303621] initcall power_supply_class_init+0x0/0x3f returned 0 after 0 usecs
[    5.312463] calling  hwmon_init+0x0/0x104 @ 1
[    5.317519] initcall hwmon_init+0x0/0x104 returned 0 after 0 usecs
[    5.325431] calling  md_init+0x0/0x16b @ 1
[    5.331788] initcall md_init+0x0/0x16b returned 0 after 976 usecs
[    5.338431] calling  leds_init+0x0/0x3b @ 1
[    5.344496] initcall leds_init+0x0/0x3b returned 0 after 0 usecs
[    5.352432] calling  dmi_init+0x0/0x113 @ 1
[    5.358511] initcall dmi_init+0x0/0x113 returned 0 after 0 usecs
[    5.365527] calling  efisubsys_init+0x0/0x4e7 @ 1
[    5.371427] initcall efisubsys_init+0x0/0x4e7 returned 0 after 0 usecs
[    5.379429] calling  nvmem_init+0x0/0xc @ 1
[    5.383790] initcall nvmem_init+0x0/0xc returned 0 after 0 usecs
[    5.391429] calling  init_soundcore+0x0/0x33 @ 1
[    5.398444] initcall init_soundcore+0x0/0x33 returned 0 after 0 usecs
[    5.406433] calling  alsa_sound_init+0x0/0x8f @ 1
[    5.410778] Advanced Linux Sound Architecture Driver Initialized.
[    5.416433] initcall alsa_sound_init+0x0/0x8f returned 0 after 7812 usecs
[    5.422432] calling  alsa_seq_device_init+0x0/0x71 @ 1
[    5.426749] initcall alsa_seq_device_init+0x0/0x71 returned 0 after 0 usecs
[    5.434432] calling  hda_bus_init+0x0/0xc @ 1
[    5.440431] initcall hda_bus_init+0x0/0xc returned 0 after 0 usecs
[    5.449430] calling  proto_init+0x0/0xc @ 1
[    5.453435] initcall proto_init+0x0/0xc returned 0 after 0 usecs
[    5.461435] calling  net_dev_init+0x0/0x209 @ 1
[    5.476594] initcall net_dev_init+0x0/0x209 returned 0 after 9765 usecs
[    5.484434] calling  neigh_init+0x0/0x84 @ 1
[    5.486435] initcall neigh_init+0x0/0x84 returned 0 after 0 usecs
[    5.496432] calling  fib_notifier_init+0x0/0xc @ 1
[    5.504440] initcall fib_notifier_init+0x0/0xc returned 0 after 0 usecs
[    5.512433] calling  fib_rules_init+0x0/0xab @ 1
[    5.519431] initcall fib_rules_init+0x0/0xab returned 0 after 0 usecs
[    5.527434] calling  pktsched_init+0x0/0x10e @ 1
[    5.534434] initcall pktsched_init+0x0/0x10e returned 0 after 1953 usecs
[    5.539431] calling  tc_filter_init+0x0/0xfa @ 1
[    5.545430] initcall tc_filter_init+0x0/0xfa returned 0 after 0 usecs
[    5.553429] calling  tc_action_init+0x0/0x54 @ 1
[    5.559461] initcall tc_action_init+0x0/0x54 returned 0 after 0 usecs
[    5.563429] calling  ethnl_init+0x0/0x52 @ 1
[    5.570954] initcall ethnl_init+0x0/0x52 returned 0 after 2929 usecs
[    5.579430] calling  nexthop_init+0x0/0xd8 @ 1
[    5.583630] initcall nexthop_init+0x0/0xd8 returned 0 after 1953 usecs
[    5.593436] calling  cipso_v4_init+0x0/0x5d @ 1
[    5.601704] initcall cipso_v4_init+0x0/0x5d returned 0 after 0 usecs
[    5.608470] calling  ieee80211_init+0x0/0x24 @ 1
[    5.614920] initcall ieee80211_init+0x0/0x24 returned 0 after 976 usecs
[    5.623430] calling  netlbl_init+0x0/0x78 @ 1
[    5.629441] NetLabel: Initializing
[    5.633427] NetLabel:  domain hash size = 128
[    5.639428] NetLabel:  protocols = UNLABELED CIPSOv4 CALIPSO
[    5.647645] NetLabel:  unlabeled traffic allowed by default
[    5.655669] initcall netlbl_init+0x0/0x78 returned 0 after 25390 usecs
[    5.663432] calling  rfkill_init+0x0/0x111 @ 1
[    5.670617] initcall rfkill_init+0x0/0x111 returned 0 after 976 usecs
[    5.679432] calling  pci_subsys_init+0x0/0x66 @ 1
[    5.685465] PCI: Using ACPI for IRQ routing
[    6.463427] PCI: pci_cache_line_size set to 64 bytes
[    6.475633] e820: reserve RAM buffer [mem 0x0009fc00-0x0009ffff]
[    6.484670] e820: reserve RAM buffer [mem 0x1ffdf000-0x1fffffff]
[    6.495278] initcall pci_subsys_init+0x0/0x66 returned 0 after 790039 usecs
[    6.506427] calling  nmi_warning_debugfs+0x0/0x26 @ 1
[    6.513325] initcall nmi_warning_debugfs+0x0/0x26 returned 0 after 976 usecs
[    6.521498] calling  save_microcode_in_initrd+0x0/0x51 @ 1
[    6.528534] initcall save_microcode_in_initrd+0x0/0x51 returned 0 after 0 usecs
[    6.537431] calling  hpet_late_init+0x0/0x20a @ 1
[    6.543046] hpet: 3 channels of 0 reserved for per-cpu timers
[    6.550691] hpet0: at MMIO 0xfed00000, IRQs 2, 8, 0
[    6.556485] hpet0: 3 comparators, 64-bit 100.000000 MHz counter
[    6.567432] initcall hpet_late_init+0x0/0x20a returned 0 after 24414 usecs
[    6.575432] calling  init_amd_nbs+0x0/0x11c @ 1
[    6.580614] initcall init_amd_nbs+0x0/0x11c returned 0 after 0 usecs
[    6.588496] calling  clocksource_done_booting+0x0/0x41 @ 1
[    6.596130] clocksource: Switched to clocksource kvm-clock
[    6.603402] initcall clocksource_done_booting+0x0/0x41 returned 0 after 8759 usecs
[    6.612852] calling  tracer_init_tracefs+0x0/0x242 @ 1
[    6.875103] initcall tracer_init_tracefs+0x0/0x242 returned 0 after 249393 usecs
[    6.884021] calling  init_trace_printk_function_export+0x0/0x2c @ 1
[    6.891836] initcall init_trace_printk_function_export+0x0/0x2c returned 0 after 7 usecs
[    6.901317] calling  init_kprobe_trace+0x0/0x1a9 @ 1
[    6.907441] initcall init_kprobe_trace+0x0/0x1a9 returned 0 after 138 usecs
[    6.915681] calling  init_dynamic_event+0x0/0x3d @ 1
[    6.921738] initcall init_dynamic_event+0x0/0x3d returned 0 after 3 usecs
[    6.929892] calling  init_uprobe_trace+0x0/0x5c @ 1
[    6.935822] initcall init_uprobe_trace+0x0/0x5c returned 0 after 59 usecs
[    6.944956] calling  init_pipe_fs+0x0/0x44 @ 1
[    6.951863] initcall init_pipe_fs+0x0/0x44 returned 0 after 906 usecs
[    6.959545] calling  inotify_user_setup+0x0/0x47 @ 1
[    6.965767] initcall inotify_user_setup+0x0/0x47 returned 0 after 93 usecs
[    6.973823] calling  eventpoll_init+0x0/0xd4 @ 1
[    6.979595] initcall eventpoll_init+0x0/0xd4 returned 0 after 200 usecs
[    6.987617] calling  anon_inode_init+0x0/0x58 @ 1
[    6.993402] initcall anon_inode_init+0x0/0x58 returned 0 after 67 usecs
[    7.001238] calling  proc_locks_init+0x0/0x27 @ 1
[    7.007000] initcall proc_locks_init+0x0/0x27 returned 0 after 147 usecs
[    7.014879] calling  iomap_init+0x0/0x1b @ 1
[    7.020814] initcall iomap_init+0x0/0x1b returned 0 after 766 usecs
[    7.028217] calling  dquot_init+0x0/0x106 @ 1
[    7.033363] VFS: Disk quotas dquot_6.6.0
[    7.041273] VFS: Dquot-cache hash table entries: 512 (order 0, 4096 bytes)
[    7.049913] initcall dquot_init+0x0/0x106 returned 0 after 16159 usecs
[    7.058777] calling  quota_init+0x0/0x23 @ 1
[    7.065092] initcall quota_init+0x0/0x23 returned 0 after 560 usecs
[    7.072582] calling  proc_cmdline_init+0x0/0x21 @ 1
[    7.079117] initcall proc_cmdline_init+0x0/0x21 returned 0 after 405 usecs
[    7.087610] calling  proc_consoles_init+0x0/0x24 @ 1
[    7.093996] initcall proc_consoles_init+0x0/0x24 returned 0 after 100 usecs
[    7.102239] calling  proc_cpuinfo_init+0x0/0x1e @ 1
[    7.108087] initcall proc_cpuinfo_init+0x0/0x1e returned 0 after 3 usecs
[    7.116064] calling  proc_devices_init+0x0/0x24 @ 1
[    7.122862] initcall proc_devices_init+0x0/0x24 returned 0 after 464 usecs
[    7.131680] calling  proc_interrupts_init+0x0/0x24 @ 1
[    7.138171] initcall proc_interrupts_init+0x0/0x24 returned 0 after 3 usecs
[    7.146963] calling  proc_loadavg_init+0x0/0x21 @ 1
[    7.153129] initcall proc_loadavg_init+0x0/0x21 returned 0 after 3 usecs
[    7.161659] calling  proc_meminfo_init+0x0/0x21 @ 1
[    7.168322] initcall proc_meminfo_init+0x0/0x21 returned 0 after 3 usecs
[    7.176382] calling  proc_stat_init+0x0/0x1e @ 1
[    7.182056] initcall proc_stat_init+0x0/0x1e returned 0 after 3 usecs
[    7.189956] calling  proc_uptime_init+0x0/0x21 @ 1
[    7.196025] initcall proc_uptime_init+0x0/0x21 returned 0 after 3 usecs
[    7.205718] calling  proc_version_init+0x0/0x21 @ 1
[    7.211762] initcall proc_version_init+0x0/0x21 returned 0 after 3 usecs
[    7.219916] calling  proc_softirqs_init+0x0/0x21 @ 1
[    7.226052] initcall proc_softirqs_init+0x0/0x21 returned 0 after 2 usecs
[    7.234384] calling  proc_kcore_init+0x0/0xea @ 1
[    7.240696] initcall proc_kcore_init+0x0/0xea returned 0 after 342 usecs
[    7.249091] calling  vmcore_init+0x0/0x578 @ 1
[    7.254772] initcall vmcore_init+0x0/0x578 returned 0 after 15 usecs
[    7.262654] calling  proc_kmsg_init+0x0/0x21 @ 1
[    7.268673] initcall proc_kmsg_init+0x0/0x21 returned 0 after 4 usecs
[    7.276616] calling  proc_page_init+0x0/0x3b @ 1
[    7.282364] initcall proc_page_init+0x0/0x3b returned 0 after 3 usecs
[    7.298691] calling  init_ramfs_fs+0x0/0xc @ 1
[    7.309223] initcall init_ramfs_fs+0x0/0xc returned 0 after 403 usecs
[    7.320213] calling  init_hugetlbfs_fs+0x0/0xf6 @ 1
[    7.331787] initcall init_hugetlbfs_fs+0x0/0xf6 returned 0 after 3734 usecs
[    7.342960] calling  blk_scsi_ioctl_init+0x0/0x2a5 @ 1
[    7.351350] initcall blk_scsi_ioctl_init+0x0/0x2a5 returned 0 after 57 usecs
[    7.361204] calling  acpi_event_init+0x0/0x2c @ 1
[    7.368812] initcall acpi_event_init+0x0/0x2c returned 0 after 1219 usecs
[    7.378650] calling  pnp_system_init+0x0/0xc @ 1
[    7.388229] initcall pnp_system_init+0x0/0xc returned 0 after 2254 usecs
[    7.397506] calling  pnpacpi_init+0x0/0x69 @ 1
[    7.403360] pnp: PnP ACPI init
[    7.412492] pnp 00:00: Plug and Play ACPI device, IDs PNP0303 (active)
[    7.420572] pnp 00:01: Plug and Play ACPI device, IDs PNP0f13 (active)
[    7.429235] pnp 00:02: Plug and Play ACPI device, IDs PNP0400 (active)
[    7.437195] pnp 00:03: Plug and Play ACPI device, IDs PNP0501 (active)
[    7.445302] pnp 00:04: Plug and Play ACPI device, IDs PNP0b00 (active)
[    7.454176] system 00:05: [mem 0xb0000000-0xbfffffff window] has been reserved
[    7.464537] system 00:05: Plug and Play ACPI device, IDs PNP0c01 (active)
[    7.474950] pnp: PnP ACPI: found 6 devices
[    7.479893] initcall pnpacpi_init+0x0/0x69 returned 0 after 74940 usecs
[    7.487649] calling  chr_dev_init+0x0/0x14d @ 1
[    7.611198] initcall chr_dev_init+0x0/0x14d returned 0 after 115394 usecs
[    7.620029] calling  firmware_class_init+0x0/0xe7 @ 1
[    7.626788] initcall firmware_class_init+0x0/0xe7 returned 0 after 122 usecs
[    7.638048] calling  init_pcmcia_bus+0x0/0x5b @ 1
[    7.644277] initcall init_pcmcia_bus+0x0/0x5b returned 0 after 338 usecs
[    7.652633] calling  init_acpi_pm_clocksource+0x0/0xda @ 1
[    7.665416] clocksource: acpi_pm: mask: 0xffffff max_cycles: 0xffffff, max_idle_ns: 2085701024 ns
[    7.676263] initcall init_acpi_pm_clocksource+0x0/0xda returned 0 after 16358 usecs
[    7.686025] calling  sysctl_core_init+0x0/0x26 @ 1
[    7.692920] initcall sysctl_core_init+0x0/0x26 returned 0 after 823 usecs
[    7.701285] calling  eth_offload_init+0x0/0x13 @ 1
[    7.707669] initcall eth_offload_init+0x0/0x13 returned 0 after 48 usecs
[    7.715694] calling  ipv4_offload_init+0x0/0x73 @ 1
[    7.721701] initcall ipv4_offload_init+0x0/0x73 returned 0 after 102 usecs
[    7.729956] calling  inet_init+0x0/0x276 @ 1
[    7.735791] NET: Registered protocol family 2
[    7.747173] IP idents hash table entries: 8192 (order: 4, 65536 bytes, linear)
[    7.758885] tcp_listen_portaddr_hash hash table entries: 256 (order: 0, 4096 bytes, linear)
[    7.768865] TCP established hash table entries: 4096 (order: 3, 32768 bytes, linear)
[    7.779061] TCP bind hash table entries: 4096 (order: 4, 65536 bytes, linear)
[    7.791134] TCP: Hash tables configured (established 4096 bind 4096)
[    7.800314] UDP hash table entries: 256 (order: 1, 8192 bytes, linear)
[    7.808398] UDP-Lite hash table entries: 256 (order: 1, 8192 bytes, linear)
[    7.817372] initcall inet_init+0x0/0x276 returned 0 after 80120 usecs
[    7.825342] calling  af_unix_init+0x0/0x4d @ 1
[    7.830991] NET: Registered protocol family 1
[    7.836378] initcall af_unix_init+0x0/0x4d returned 0 after 5337 usecs
[    7.844225] calling  ipv6_offload_init+0x0/0x7e @ 1
[    7.850048] initcall ipv6_offload_init+0x0/0x7e returned 0 after 66 usecs
[    7.857957] calling  init_sunrpc+0x0/0x65 @ 1
[    7.870763] RPC: Registered named UNIX socket transport module.
[    7.877841] RPC: Registered udp transport module.
[    7.883514] RPC: Registered tcp transport module.
[    7.889147] RPC: Registered tcp NFSv4.1 backchannel transport module.
[    7.896896] initcall init_sunrpc+0x0/0x65 returned 0 after 33038 usecs
[    7.904679] calling  cfg80211_init+0x0/0xc5 @ 1
[    7.912884] initcall cfg80211_init+0x0/0xc5 returned 0 after 2569 usecs
[    7.920726] calling  pcibios_assign_resources+0x0/0xbf @ 1
[    7.928073] pci_bus 0000:00: resource 4 [io  0x0000-0x0cf7 window]
[    7.935387] pci_bus 0000:00: resource 5 [io  0x0d00-0xffff window]
[    7.942688] pci_bus 0000:00: resource 6 [mem 0x000a0000-0x000bffff window]
[    7.950817] pci_bus 0000:00: resource 7 [mem 0x20000000-0xafffffff window]
[    7.958873] pci_bus 0000:00: resource 8 [mem 0xc0000000-0xfebfffff window]
[    7.966830] pci_bus 0000:00: resource 9 [mem 0x100000000-0x8ffffffff window]
[    7.974868] initcall pcibios_assign_resources+0x0/0xbf returned 0 after 46373 usecs
[    7.983609] calling  pci_apply_final_quirks+0x0/0x124 @ 1
[    7.990208] pci 0000:00:01.0: calling  pci_fixup_video+0x0/0xe0 @ 1
[    7.998067] pci 0000:00:01.0: Video device with shadowed ROM at [mem 0x000c0000-0x000dffff]
[    8.007531] pci 0000:00:01.0: pci_fixup_video+0x0/0xe0 took 9854 usecs
[    8.015379] PCI: CLS 0 bytes, default 64
[    8.020023] initcall pci_apply_final_quirks+0x0/0x124 returned 0 after 29532 usecs
[    8.028633] calling  acpi_reserve_resources+0x0/0xea @ 1
[    8.034762] initcall acpi_reserve_resources+0x0/0xea returned 0 after 28 usecs
[    8.042938] calling  populate_rootfs+0x0/0x102 @ 1
[    8.050694] initcall populate_rootfs+0x0/0x102 returned 0 after 1742 usecs
[    8.058700] calling  pci_iommu_init+0x0/0x3e @ 1
[    8.064096] initcall pci_iommu_init+0x0/0x3e returned 0 after 61 usecs
[    8.073075] calling  ia32_binfmt_init+0x0/0x13 @ 1
[    8.078714] initcall ia32_binfmt_init+0x0/0x13 returned 0 after 64 usecs
[    8.086332] calling  rapl_pmu_init+0x0/0x267 @ 1
[    8.091759] initcall rapl_pmu_init+0x0/0x267 returned -19 after 56 usecs
[    8.099350] calling  amd_uncore_init+0x0/0x310 @ 1
[    8.104930] initcall amd_uncore_init+0x0/0x310 returned -19 after 0 usecs
[    8.112701] calling  amd_ibs_init+0x0/0x243 @ 1
[    8.118062] initcall amd_ibs_init+0x0/0x243 returned -19 after 0 usecs
[    8.125610] calling  amd_iommu_pc_init+0x0/0x215 @ 1
[    8.131442] initcall amd_iommu_pc_init+0x0/0x215 returned -19 after 27 usecs
[    8.139588] calling  msr_init+0x0/0x55 @ 1
[    8.144555] initcall msr_init+0x0/0x55 returned 0 after 138 usecs
[    8.151562] calling  intel_uncore_init+0x0/0x36f @ 1
[    8.157358] initcall intel_uncore_init+0x0/0x36f returned -19 after 35 usecs
[    8.165580] calling  cstate_pmu_init+0x0/0x1a1 @ 1
[    8.171124] initcall cstate_pmu_init+0x0/0x1a1 returned -19 after 0 usecs
[    8.178954] calling  register_kernel_offset_dumper+0x0/0x1a @ 1
[    8.185821] initcall register_kernel_offset_dumper+0x0/0x1a returned 0 after 12 usecs
[    8.194789] calling  i8259A_init_ops+0x0/0x20 @ 1
[    8.200340] initcall i8259A_init_ops+0x0/0x20 returned 0 after 1 usecs
[    8.207924] calling  init_tsc_clocksource+0x0/0xa4 @ 1
[    8.213889] clocksource: tsc: mask: 0xffffffffffffffff max_cycles: 0x39a85afc727, max_idle_ns: 881590685098 ns
[    8.225203] initcall init_tsc_clocksource+0x0/0xa4 returned 0 after 11048 usecs
[    8.233593] calling  add_rtc_cmos+0x0/0xb0 @ 1
[    8.238831] initcall add_rtc_cmos+0x0/0xb0 returned 0 after 13 usecs
[    8.246276] calling  i8237A_init_ops+0x0/0x3a @ 1
[    8.252155] initcall i8237A_init_ops+0x0/0x3a returned 0 after 80 usecs
[    8.259837] calling  umwait_init+0x0/0x94 @ 1
[    8.265222] initcall umwait_init+0x0/0x94 returned -19 after 29 usecs
[    8.272825] calling  thermal_throttle_init_device+0x0/0x3d @ 1
[    8.279694] initcall thermal_throttle_init_device+0x0/0x3d returned 0 after 14 usecs
[    8.288764] calling  msr_init+0x0/0xd7 @ 1
[    8.299191] initcall msr_init+0x0/0xd7 returned 0 after 5289 usecs
[    8.306887] calling  cpuid_init+0x0/0xd7 @ 1
[    8.316879] initcall cpuid_init+0x0/0xd7 returned 0 after 4647 usecs
[    8.324595] calling  ioapic_init_ops+0x0/0x13 @ 1
[    8.330268] initcall ioapic_init_ops+0x0/0x13 returned 0 after 29 usecs
[    8.338285] calling  add_pcspkr+0x0/0x6c @ 1
[    8.344850] initcall add_pcspkr+0x0/0x6c returned 0 after 2150 usecs
[    8.353952] calling  start_periodic_check_for_corruption+0x0/0x30 @ 1
[    8.361705] check: Scanning for low memory corruption every 60 seconds
[    8.369575] initcall start_periodic_check_for_corruption+0x0/0x30 returned 0 after 7703 usecs
[    8.379984] calling  sysfb_init+0x0/0x9c @ 1
[    8.385589] initcall sysfb_init+0x0/0x9c returned 0 after 174 usecs
[    8.393252] calling  audit_classes_init+0x0/0xae @ 1
[    8.399521] initcall audit_classes_init+0x0/0xae returned 0 after 37 usecs
[    8.408105] calling  iosf_mbi_init+0x0/0x24 @ 1
[    8.414677] initcall iosf_mbi_init+0x0/0x24 returned 0 after 863 usecs
[    8.422710] calling  proc_execdomains_init+0x0/0x21 @ 1
[    8.429264] initcall proc_execdomains_init+0x0/0x21 returned 0 after 42 usecs
[    8.437803] calling  register_warn_debugfs+0x0/0x23 @ 1
[    8.444328] initcall register_warn_debugfs+0x0/0x23 returned 0 after 70 usecs
[    8.453014] calling  cpuhp_sysfs_init+0x0/0x79 @ 1
[    8.459358] initcall cpuhp_sysfs_init+0x0/0x79 returned 0 after 459 usecs
[    8.468096] calling  ioresources_init+0x0/0x49 @ 1
[    8.474024] initcall ioresources_init+0x0/0x49 returned 0 after 5 usecs
[    8.483626] calling  snapshot_device_init+0x0/0xc @ 1
[    8.492364] initcall snapshot_device_init+0x0/0xc returned 0 after 2430 usecs
[    8.500896] calling  irq_pm_init_ops+0x0/0x13 @ 1
[    8.507141] initcall irq_pm_init_ops+0x0/0x13 returned 0 after 43 usecs
[    8.515620] calling  rcu_torture_init+0x0/0x9a6 @ 1
[    8.522190] srcu-torture:--- Start of test: nreaders=3 nfakewriters=4 stat_interval=15 verbose=1 test_no_idle_hz=1 shuffle_interval=3 stutter=5 irqreader=1 fqs_duration=0 fqs_holdoff=0 fqs_stutter=3 test_boost=1/0 test_boost_interval=7 test_boost_duration=4 shutdown_secs=1800 stall_cpu=0 stall_cpu_holdoff=10 stall_cpu_irqsoff=0 stall_cpu_block=0 n_barrier_cbs=4 onoff_interval=1000 onoff_holdoff=30 read_exit_delay=13 read_exit_burst=16
[    8.572401] srcu:  Start-test grace-period state: g0 f0x0
[    8.579190] srcu-torture: Creating rcu_torture_writer task
[    8.587795] srcu-torture: Creating rcu_torture_fakewriter task
[    8.588194] srcu-torture: rcu_torture_writer task started
[    8.597069] srcu-torture: Creating rcu_torture_fakewriter task
[    8.597394] srcu-torture: rcu_torture_fakewriter task started
[    8.601502] srcu-torture: GP expediting controlled from boot/sysfs for srcu.
[    8.610877] srcu-torture: Creating rcu_torture_fakewriter task
[    8.611214] srcu-torture: rcu_torture_fakewriter task started
[    8.615879] rcu_torture_writer: Testing expedited GPs.
[    8.615879] rcu_torture_writer: Testing asynchronous GPs.
[    8.615880] rcu_torture_writer: Testing normal GPs.
[    8.661755] srcu-torture: Creating rcu_torture_fakewriter task
[    8.662100] srcu-torture: rcu_torture_fakewriter task started
[    8.679973] srcu-torture: rcu_torture_fakewriter task started
[    8.679976] srcu-torture: Creating rcu_torture_reader task
[    8.681687] srcu-torture: Creating rcu_torture_reader task
[    8.681691] srcu-torture: rcu_torture_reader task started
[    8.682705] srcu-torture: Creating rcu_torture_reader task
[    8.683038] srcu-torture: rcu_torture_reader task started
[    8.731913] srcu-torture: Creating rcu_torture_stats task
[    8.731931] srcu-torture: rcu_torture_reader task started
[    8.740758] srcu-torture: Creating torture_shuffle task
[    8.746606] srcu-torture: rcu_torture_stats task started
[    8.762374] srcu-torture: Creating torture_stutter task
[    8.762779] srcu-torture: torture_shuffle task started
[    8.776770] srcu-torture: Creating torture_shutdown task
[    8.783382] srcu-torture: torture_stutter task started
[    8.793232] srcu-torture: Creating torture_onoff task
[    8.793614] srcu-torture: torture_shutdown task started
[    8.800337] srcu-torture: rcu_torture_fwd_prog_init: Disabled, unsupported by RCU flavor under test
[    8.800375] srcu-torture: torture_onoff task started
[    8.800377] srcu-torture: torture_onoff begin holdoff
[    8.808227] srcu-torture:torture_shutdown task: 1799968 ms remaining
[    8.845692] srcu-torture: Creating rcu_torture_barrier_cbs task
[    8.854427] srcu-torture: Creating rcu_torture_barrier_cbs task
[    8.854757] srcu-torture: rcu_torture_barrier_cbs task started
[    8.862812] srcu-torture: Creating rcu_torture_barrier_cbs task
[    8.862912] srcu-torture: rcu_torture_barrier_cbs task started
[    8.891038] srcu-torture: Creating rcu_torture_barrier_cbs task
[    8.891059] srcu-torture: rcu_torture_barrier_cbs task started
[    8.900197] srcu-torture: Creating rcu_torture_barrier task
[    8.900215] srcu-torture: rcu_torture_barrier_cbs task started
[    8.923095] srcu-torture: Creating rcu_torture_read_exit task
[    8.923163] srcu-torture: rcu_torture_barrier task starting
[    8.932685] initcall rcu_torture_init+0x0/0x9a6 returned 0 after 400658 usecs
[    8.932688] srcu-torture: rcu_torture_read_exit: Start of test
[    8.933022] calling  timekeeping_init_ops+0x0/0x13 @ 1
[    8.933140] initcall timekeeping_init_ops+0x0/0x13 returned 0 after 112 usecs
[    8.933142] calling  init_clocksource_sysfs+0x0/0x23 @ 1
[    8.938944] initcall init_clocksource_sysfs+0x0/0x23 returned 0 after 5658 usecs
[    8.948987] rcu_torture_rea (87) used greatest stack depth: 15184 bytes left
[    8.955120] calling  init_timer_list_procfs+0x0/0x31 @ 1
[    9.001126] initcall init_timer_list_procfs+0x0/0x31 returned 0 after 232 usecs
[    9.010046] calling  alarmtimer_init+0x0/0xc7 @ 1
[    9.017728] initcall alarmtimer_init+0x0/0xc7 returned 0 after 825 usecs
[    9.028584] calling  init_posix_timers+0x0/0x29 @ 1
[    9.034897] initcall init_posix_timers+0x0/0x29 returned 0 after 91 usecs
[    9.042931] calling  clockevents_init_sysfs+0x0/0xbf @ 1
[    9.057604] initcall clockevents_init_sysfs+0x0/0xbf returned 0 after 8028 usecs
[    9.066522] calling  proc_dma_init+0x0/0x21 @ 1
[    9.072345] initcall proc_dma_init+0x0/0x21 returned 0 after 194 usecs
[    9.080046] calling  proc_modules_init+0x0/0x1e @ 1
[    9.086067] initcall proc_modules_init+0x0/0x1e returned 0 after 19 usecs
[    9.094374] calling  kallsyms_init+0x0/0x21 @ 1
[    9.100058] initcall kallsyms_init+0x0/0x21 returned 0 after 3 usecs
[    9.107954] calling  pid_namespaces_init+0x0/0x2c @ 1
[    9.115061] initcall pid_namespaces_init+0x0/0x2c returned 0 after 405 usecs
[    9.123785] calling  audit_watch_init+0x0/0x37 @ 1
[    9.130138] initcall audit_watch_init+0x0/0x37 returned 0 after 49 usecs
[    9.138352] calling  audit_fsnotify_init+0x0/0x37 @ 1
[    9.144733] initcall audit_fsnotify_init+0x0/0x37 returned 0 after 1 usecs
[    9.153176] calling  audit_tree_init+0x0/0x6d @ 1
[    9.159043] initcall audit_tree_init+0x0/0x6d returned 0 after 18 usecs
[    9.167429] calling  seccomp_sysctl_init+0x0/0x2b @ 1
[    9.174001] initcall seccomp_sysctl_init+0x0/0x2b returned 0 after 118 usecs
[    9.183158] calling  utsname_sysctl_init+0x0/0x13 @ 1
[    9.190745] initcall utsname_sysctl_init+0x0/0x13 returned 0 after 58 usecs
[    9.199302] calling  init_tracepoints+0x0/0x27 @ 1
[    9.205348] initcall init_tracepoints+0x0/0x27 returned 0 after 37 usecs
[    9.213520] calling  init_blk_tracer+0x0/0x50 @ 1
[    9.221049] initcall init_blk_tracer+0x0/0x50 returned 0 after 1278 usecs
[    9.229354] calling  perf_event_sysfs_init+0x0/0x81 @ 1
[    9.236275] initcall perf_event_sysfs_init+0x0/0x81 returned 0 after 533 usecs
[    9.245221] calling  system_trusted_keyring_init+0x0/0x60 @ 1
[    9.252346] Initialise system trusted keyrings
[    9.257903] initcall system_trusted_keyring_init+0x0/0x60 returned 0 after 5424 usecs
[    9.267520] calling  kswapd_init+0x0/0x5c @ 1
[    9.275028] initcall kswapd_init+0x0/0x5c returned 0 after 1844 usecs
[    9.283375] calling  extfrag_debug_init+0x0/0x54 @ 1
[    9.289972] initcall extfrag_debug_init+0x0/0x54 returned 0 after 346 usecs
[    9.298838] calling  mm_compute_batch_init+0x0/0x12 @ 1
[    9.305763] initcall mm_compute_batch_init+0x0/0x12 returned 0 after 0 usecs
[    9.315091] calling  slab_proc_init+0x0/0x21 @ 1
[    9.321279] initcall slab_proc_init+0x0/0x21 returned 0 after 43 usecs
[    9.329976] calling  workingset_init+0x0/0x8c @ 1
[    9.336359] workingset: timestamp_bits=56 max_order=17 bucket_order=0
[    9.344812] initcall workingset_init+0x0/0x8c returned 0 after 8263 usecs
[    9.353585] calling  proc_vmalloc_init+0x0/0x32 @ 1
[    9.360112] initcall proc_vmalloc_init+0x0/0x32 returned 0 after 40 usecs
[    9.371224] calling  procswaps_init+0x0/0x1e @ 1
[    9.379678] initcall procswaps_init+0x0/0x1e returned 0 after 472 usecs
[    9.390456] calling  slab_sysfs_init+0x0/0xea @ 1
[    9.402032] initcall slab_sysfs_init+0x0/0xea returned 0 after 5199 usecs
[    9.411063] calling  fcntl_init+0x0/0x29 @ 1
[    9.416765] initcall fcntl_init+0x0/0x29 returned 0 after 22 usecs
[    9.426473] calling  proc_filesystems_init+0x0/0x21 @ 1
[    9.434797] initcall proc_filesystems_init+0x0/0x21 returned 0 after 5 usecs
[    9.446216] calling  start_dirtytime_writeback+0x0/0x29 @ 1
[    9.454702] initcall start_dirtytime_writeback+0x0/0x29 returned 0 after 2 usecs
[    9.464715] calling  blkdev_init+0x0/0x1b @ 1
[    9.471359] initcall blkdev_init+0x0/0x1b returned 0 after 307 usecs
[    9.480469] calling  dio_init+0x0/0x2c @ 1
[    9.487072] initcall dio_init+0x0/0x2c returned 0 after 333 usecs
[    9.495314] calling  dnotify_init+0x0/0x78 @ 1
[    9.501649] initcall dnotify_init+0x0/0x78 returned 0 after 14 usecs
[    9.510858] calling  aio_setup+0x0/0x78 @ 1
[    9.518011] initcall aio_setup+0x0/0x78 returned 0 after 1060 usecs
[    9.527625] calling  io_uring_init+0x0/0x2c @ 1
[    9.534501] initcall io_uring_init+0x0/0x2c returned 0 after 9 usecs
[    9.542702] calling  mbcache_init+0x0/0x30 @ 1
[    9.548584] initcall mbcache_init+0x0/0x30 returned 0 after 51 usecs
[    9.556814] calling  init_grace+0x0/0xc @ 1
[    9.563186] initcall init_grace+0x0/0xc returned 0 after 281 usecs
[    9.571311] calling  init_v2_quota_format+0x0/0x21 @ 1
[    9.577992] initcall init_v2_quota_format+0x0/0x21 returned 0 after 60 usecs
[    9.587019] calling  init_devpts_fs+0x0/0x27 @ 1
[    9.593955] initcall init_devpts_fs+0x0/0x27 returned 0 after 620 usecs
[    9.602632] calling  ext4_init_fs+0x0/0x1d0 @ 1
[    9.609562] initcall ext4_init_fs+0x0/0x1d0 returned 0 after 937 usecs
[    9.618452] calling  journal_init+0x0/0x11c @ 1
[    9.625593] initcall journal_init+0x0/0x11c returned 0 after 91 usecs
[    9.635768] calling  init_fat_fs+0x0/0x49 @ 1
[    9.642960] initcall init_fat_fs+0x0/0x49 returned 0 after 96 usecs
[    9.651605] calling  init_vfat_fs+0x0/0xc @ 1
[    9.657525] initcall init_vfat_fs+0x0/0xc returned 0 after 3 usecs
[    9.665391] calling  init_msdos_fs+0x0/0xc @ 1
[    9.671250] initcall init_msdos_fs+0x0/0xc returned 0 after 2 usecs
[    9.679280] calling  init_iso9660_fs+0x0/0x6c @ 1
[    9.685624] initcall init_iso9660_fs+0x0/0x6c returned 0 after 109 usecs
[    9.694585] calling  init_nfs_fs+0x0/0x13a @ 1
[    9.704862] initcall init_nfs_fs+0x0/0x13a returned 0 after 3135 usecs
[    9.715807] calling  init_nfs_v2+0x0/0x13 @ 1
[    9.723583] initcall init_nfs_v2+0x0/0x13 returned 0 after 82 usecs
[    9.732061] calling  init_nfs_v3+0x0/0x13 @ 1
[    9.738972] initcall init_nfs_v3+0x0/0x13 returned 0 after 20 usecs
[    9.747805] calling  init_nfs_v4+0x0/0x32 @ 1
[    9.753630] NFS: Registering the id_resolver key type
[    9.762335] Key type id_resolver registered
[    9.769057] Key type id_legacy registered
[    9.775748] initcall init_nfs_v4+0x0/0x32 returned 0 after 21653 usecs
[    9.786293] calling  init_nlm+0x0/0x5b @ 1
[    9.793793] initcall init_nlm+0x0/0x5b returned 0 after 166 usecs
[    9.802388] calling  init_nls_cp437+0x0/0xe @ 1
[    9.812016] initcall init_nls_cp437+0x0/0xe returned 0 after 60 usecs
[    9.822853] calling  init_nls_ascii+0x0/0xe @ 1
[    9.830753] initcall init_nls_ascii+0x0/0xe returned 0 after 1 usecs
[    9.840369] calling  init_nls_iso8859_1+0x0/0xe @ 1
[    9.847549] initcall init_nls_iso8859_1+0x0/0xe returned 0 after 0 usecs
[    9.857249] calling  init_nls_utf8+0x0/0x21 @ 1
[    9.863706] initcall init_nls_utf8+0x0/0x21 returned 0 after 1 usecs
[    9.877310] calling  init_autofs_fs+0x0/0x25 @ 1
[    9.886909] initcall init_autofs_fs+0x0/0x25 returned 0 after 2951 usecs
[    9.896699] calling  ipc_init+0x0/0x24 @ 1
[    9.903426] initcall ipc_init+0x0/0x24 returned 0 after 254 usecs
[    9.911539] calling  ipc_sysctl_init+0x0/0x13 @ 1
[    9.917892] initcall ipc_sysctl_init+0x0/0x13 returned 0 after 31 usecs
[    9.927033] calling  init_mqueue_fs+0x0/0x9a @ 1
[    9.933630] initcall init_mqueue_fs+0x0/0x9a returned 0 after 260 usecs
[    9.942623] calling  key_proc_init+0x0/0x63 @ 1
[    9.949069] initcall key_proc_init+0x0/0x63 returned 0 after 24 usecs
[    9.957860] calling  selinux_nf_ip_init+0x0/0x2e @ 1
[    9.965250] initcall selinux_nf_ip_init+0x0/0x2e returned 0 after 90 usecs
[    9.975098] calling  init_sel_fs+0x0/0x116 @ 1
[    9.981482] initcall init_sel_fs+0x0/0x116 returned 0 after 0 usecs
[    9.990539] calling  selnl_init+0x0/0x7c @ 1
[    9.997038] initcall selnl_init+0x0/0x7c returned 0 after 226 usecs
[   10.005829] calling  sel_netif_init+0x0/0x36 @ 1
[   10.012477] initcall sel_netif_init+0x0/0x36 returned 0 after 0 usecs
[   10.021332] calling  sel_netnode_init+0x0/0x33 @ 1
[   10.027943] initcall sel_netnode_init+0x0/0x33 returned 0 after 0 usecs
[   10.037418] calling  sel_netport_init+0x0/0x33 @ 1
[   10.044290] initcall sel_netport_init+0x0/0x33 returned 0 after 0 usecs
[   10.053642] calling  aurule_init+0x0/0x2a @ 1
[   10.060046] initcall aurule_init+0x0/0x2a returned 0 after 1 usecs
[   10.068791] calling  crypto_algapi_init+0x0/0xc @ 1
[   10.076083] initcall crypto_algapi_init+0x0/0xc returned 0 after 4 usecs
[   10.085599] calling  jent_mod_init+0x0/0x2d @ 1
[   10.105944] initcall jent_mod_init+0x0/0x2d returned 0 after 13476 usecs
[   10.116063] calling  asymmetric_key_init+0x0/0xc @ 1
[   10.123442] Key type asymmetric registered
[   10.129554] initcall asymmetric_key_init+0x0/0xc returned 0 after 5966 usecs
[   10.139296] calling  x509_key_init+0x0/0xc @ 1
[   10.145708] Asymmetric key parser 'x509' registered
[   10.152589] initcall x509_key_init+0x0/0xc returned 0 after 6744 usecs
[   10.163864] calling  proc_genhd_init+0x0/0x41 @ 1
[   10.170338] initcall proc_genhd_init+0x0/0x41 returned 0 after 5 usecs
[   10.179634] calling  bsg_init+0x0/0x113 @ 1
[   10.186050] Block layer SCSI generic (bsg) driver version 0.4 loaded (major 251)
[   10.195928] initcall bsg_init+0x0/0x113 returned 0 after 9837 usecs
[   10.204674] calling  deadline_init+0x0/0xc @ 1
[   10.211010] io scheduler mq-deadline registered
[   10.217487] initcall deadline_init+0x0/0xc returned 0 after 6401 usecs
[   10.226692] calling  kyber_init+0x0/0xc @ 1
[   10.232650] io scheduler kyber registered
[   10.238803] initcall kyber_init+0x0/0xc returned 0 after 6021 usecs
[   10.248199] calling  mod_init+0x0/0x7 @ 1
[   10.253415] initcall mod_init+0x0/0x7 returned 0 after 0 usecs
[   10.261074] calling  percpu_counter_startup+0x0/0x55 @ 1
[   10.272039] initcall percpu_counter_startup+0x0/0x55 returned 0 after 3407 usecs
[   10.281734] calling  sg_pool_init+0x0/0xb4 @ 1
[   10.288598] initcall sg_pool_init+0x0/0xb4 returned 0 after 364 usecs
[   10.297431] calling  pcie_portdrv_init+0x0/0x39 @ 1
[   10.305935] initcall pcie_portdrv_init+0x0/0x39 returned 0 after 1186 usecs
[   10.315942] calling  pci_proc_init+0x0/0x68 @ 1
[   10.322975] initcall pci_proc_init+0x0/0x68 returned 0 after 57 usecs
[   10.332091] calling  pci_hotplug_init+0x0/0x7 @ 1
[   10.339117] initcall pci_hotplug_init+0x0/0x7 returned 0 after 0 usecs
[   10.348712] calling  efifb_driver_init+0x0/0xe @ 1
[   10.356575] initcall efifb_driver_init+0x0/0xe returned 0 after 40 usecs
[   10.367712] calling  ged_driver_init+0x0/0xe @ 1
[   10.374814] initcall ged_driver_init+0x0/0xe returned 0 after 390 usecs
[   10.384199] calling  acpi_ac_init+0x0/0x92 @ 1
[   10.392080] initcall acpi_ac_init+0x0/0x92 returned 0 after 1153 usecs
[   10.401942] calling  acpi_button_driver_init+0x0/0x52 @ 1
[   10.411196] input: Power Button as /devices/LNXSYSTM:00/LNXPWRBN:00/input/input0
[   10.424352] ACPI: Power Button [PWRF]
[   10.431574] initcall acpi_button_driver_init+0x0/0x52 returned 0 after 21011 usecs
[   10.443172] calling  acpi_fan_driver_init+0x0/0xe @ 1
[   10.450939] initcall acpi_fan_driver_init+0x0/0xe returned 0 after 18 usecs
[   10.461229] calling  acpi_video_init+0x0/0xcb @ 1
[   10.468884] initcall acpi_video_init+0x0/0xcb returned 0 after 105 usecs
[   10.479087] calling  acpi_processor_driver_init+0x0/0xad @ 1
[   10.489767] initcall acpi_processor_driver_init+0x0/0xad returned 0 after 2087 usecs
[   10.502229] calling  acpi_thermal_init+0x0/0x71 @ 1
[   10.511401] initcall acpi_thermal_init+0x0/0x71 returned 0 after 2310 usecs
[   10.523896] calling  acpi_battery_init+0x0/0x32 @ 1
[   10.532319] initcall acpi_battery_init+0x0/0x32 returned 0 after 355 usecs
[   10.543013] calling  bgrt_init+0x0/0xb6 @ 1
[   10.549528] initcall bgrt_init+0x0/0xb6 returned -19 after 0 usecs
[   10.559013] calling  gpio_clk_driver_init+0x0/0xe @ 1
[   10.567278] initcall gpio_clk_driver_init+0x0/0xe returned 0 after 127 usecs
[   10.578379] calling  plt_clk_driver_init+0x0/0xe @ 1
[   10.586100] initcall plt_clk_driver_init+0x0/0xe returned 0 after 19 usecs
[   10.597717] calling  virtio_pci_driver_init+0x0/0x15 @ 1
[   10.606957] initcall virtio_pci_driver_init+0x0/0x15 returned 0 after 144 usecs
[   10.619880] calling  n_null_init+0x0/0x1e @ 1
[   10.627635] initcall n_null_init+0x0/0x1e returned 0 after 80 usecs
[   10.638547] calling  pty_init+0x0/0x1e8 @ 1
[   10.646291] initcall pty_init+0x0/0x1e8 returned 0 after 1345 usecs
[   10.655356] calling  sysrq_init+0x0/0x62 @ 1
[   10.662821] initcall sysrq_init+0x0/0x62 returned 0 after 7 usecs
[   10.673668] calling  serial8250_init+0x0/0x17e @ 1
[   10.682850] Serial: 8250/16550 driver, 4 ports, IRQ sharing enabled
[   10.700501] 00:03: ttyS0 at I/O 0x3f8 (irq = 4, base_baud = 115200) is a 16550A
[   10.730980] initcall serial8250_init+0x0/0x17e returned 0 after 47522 usecs
[   10.741326] calling  serial_pci_driver_init+0x0/0x15 @ 1
[   10.749846] initcall serial_pci_driver_init+0x0/0x15 returned 0 after 70 usecs
[   10.761313] calling  exar_pci_driver_init+0x0/0x15 @ 1
[   10.769915] initcall exar_pci_driver_init+0x0/0x15 returned 0 after 61 usecs
[   10.780959] calling  lpss8250_pci_driver_init+0x0/0x15 @ 1
[   10.807559] initcall lpss8250_pci_driver_init+0x0/0x15 returned 0 after 9593 usecs
[   10.826116] calling  mid8250_pci_driver_init+0x0/0x15 @ 1
[   10.835826] initcall mid8250_pci_driver_init+0x0/0x15 returned 0 after 32 usecs
[   10.848146] calling  virtio_console_init+0x0/0xff @ 1
[   10.864315] initcall virtio_console_init+0x0/0xff returned 0 after 7408 usecs
[   10.875560] calling  hpet_init+0x0/0x64 @ 1
[   10.896467] initcall hpet_init+0x0/0x64 returned 0 after 13289 usecs
[   10.909385] calling  nvram_module_init+0x0/0x83 @ 1
[   10.924454] Non-volatile memory driver v1.3
[   10.931890] initcall nvram_module_init+0x0/0x83 returned 0 after 14351 usecs
[   10.944478] calling  hwrng_modinit+0x0/0x8a @ 1
[   10.954937] initcall hwrng_modinit+0x0/0x8a returned 0 after 1876 usecs
[   10.966783] calling  mod_init+0x0/0x48 @ 1
[   10.974475] initcall mod_init+0x0/0x48 returned -19 after 81 usecs
[   10.984369] calling  agp_init+0x0/0x23 @ 1
[   10.991681] Linux agpgart interface v0.103
[   11.000423] initcall agp_init+0x0/0x23 returned 0 after 8532 usecs
[   11.012484] calling  agp_amd64_mod_init+0x0/0x5 @ 1
[   11.020805] initcall agp_amd64_mod_init+0x0/0x5 returned -19 after 262 usecs
[   11.031805] calling  agp_intel_init+0x0/0x28 @ 1
[   11.043310] initcall agp_intel_init+0x0/0x28 returned 0 after 3853 usecs
[   11.054030] calling  drm_kms_helper_init+0x0/0x7 @ 1
[   11.062312] initcall drm_kms_helper_init+0x0/0x7 returned 0 after 76 usecs
[   11.072525] calling  drm_core_init+0x0/0xa4 @ 1
[   11.080312] initcall drm_core_init+0x0/0xa4 returned 0 after 734 usecs
[   11.090329] calling  i915_init+0x0/0x6b @ 1
[   11.102957] initcall i915_init+0x0/0x6b returned 0 after 6066 usecs
[   11.112820] calling  cn_proc_init+0x0/0x35 @ 1
[   11.120910] initcall cn_proc_init+0x0/0x35 returned 0 after 43 usecs
[   11.132213] calling  topology_sysfs_init+0x0/0x27 @ 1
[   11.141167] initcall topology_sysfs_init+0x0/0x27 returned 0 after 1252 usecs
[   11.152380] calling  cacheinfo_sysfs_init+0x0/0x27 @ 1
[   11.172022] initcall cacheinfo_sysfs_init+0x0/0x27 returned 0 after 10826 usecs
[   11.186029] calling  loop_init+0x0/0x168 @ 1
[   11.314190] loop: module loaded
[   11.319608] initcall loop_init+0x0/0x168 returned 0 after 122596 usecs
[   11.329823] calling  mac_hid_init+0x0/0x21 @ 1
[   11.336760] initcall mac_hid_init+0x0/0x21 returned 0 after 38 usecs
[   11.349711] calling  spi_transport_init+0x0/0x74 @ 1
[   11.357844] initcall spi_transport_init+0x0/0x74 returned 0 after 272 usecs
[   11.368592] calling  init_sd+0x0/0x18c @ 1
[   11.377401] initcall init_sd+0x0/0x18c returned 0 after 2281 usecs
[   11.387038] calling  init_sr+0x0/0x43 @ 1
[   11.394224] initcall init_sr+0x0/0x43 returned 0 after 515 usecs
[   11.403337] calling  init_sg+0x0/0x1c0 @ 1
[   11.410737] initcall init_sg+0x0/0x1c0 returned 0 after 792 usecs
[   11.420176] calling  ahci_pci_driver_init+0x0/0x15 @ 1
[   11.428808] ahci 0000:00:1f.2: version 3.0
[   11.448501] PCI Interrupt Link [GSIA] enabled at IRQ 16
[   11.490896] ahci 0000:00:1f.2: AHCI 0001.0000 32 slots 6 ports 1.5 Gbps 0x3f impl SATA mode
[   11.505135] ahci 0000:00:1f.2: flags: 64bit ncq only 
[   11.620208] scsi host0: ahci
[   11.639094] scsi host1: ahci
[   11.654294] scsi host2: ahci
[   11.675630] scsi host3: ahci
[   11.695728] scsi host4: ahci
[   11.712162] scsi host5: ahci
[   11.718927] ata1: SATA max UDMA/133 abar m4096@0xfebf1000 port 0xfebf1100 irq 24
[   11.729946] ata2: SATA max UDMA/133 abar m4096@0xfebf1000 port 0xfebf1180 irq 24
[   11.740587] ata3: SATA max UDMA/133 abar m4096@0xfebf1000 port 0xfebf1200 irq 24
[   11.751899] ata4: SATA max UDMA/133 abar m4096@0xfebf1000 port 0xfebf1280 irq 24
[   11.762136] ata5: SATA max UDMA/133 abar m4096@0xfebf1000 port 0xfebf1300 irq 24
[   11.773047] ata6: SATA max UDMA/133 abar m4096@0xfebf1000 port 0xfebf1380 irq 24
[   11.784978] initcall ahci_pci_driver_init+0x0/0x15 returned 0 after 348631 usecs
[   11.795633] calling  piix_init+0x0/0x26 @ 1
[   11.803227] initcall piix_init+0x0/0x26 returned 0 after 1628 usecs
[   11.812277] calling  amd_pci_driver_init+0x0/0x15 @ 1
[   11.820004] initcall amd_pci_driver_init+0x0/0x15 returned 0 after 291 usecs
[   11.829854] calling  oldpiix_pci_driver_init+0x0/0x15 @ 1
[   11.837587] initcall oldpiix_pci_driver_init+0x0/0x15 returned 0 after 22 usecs
[   11.848739] calling  sch_pci_driver_init+0x0/0x15 @ 1
[   11.855770] initcall sch_pci_driver_init+0x0/0x15 returned 0 after 189 usecs
[   11.866500] calling  net_olddevs_init+0x0/0x55 @ 1
[   11.875367] initcall net_olddevs_init+0x0/0x55 returned 0 after 478 usecs
[   11.886270] calling  blackhole_netdev_init+0x0/0x78 @ 1
[   11.898385] initcall blackhole_netdev_init+0x0/0x78 returned 0 after 3342 usecs
[   11.909218] calling  phy_module_init+0x0/0x13 @ 1
[   11.917464] initcall phy_module_init+0x0/0x13 returned 0 after 1361 usecs
[   11.927003] calling  tg3_driver_init+0x0/0x15 @ 1
[   11.934452] initcall tg3_driver_init+0x0/0x15 returned 0 after 523 usecs
[   11.944243] calling  e100_init_module+0x0/0x4c @ 1
[   11.951472] e100: Intel(R) PRO/100 Network Driver
[   11.957931] e100: Copyright(c) 1999-2006 Intel Corporation
[   11.965830] initcall e100_init_module+0x0/0x4c returned 0 after 14550 usecs
[   11.976256] calling  e1000_init_module+0x0/0x72 @ 1
[   11.984342] e1000: Intel(R) PRO/1000 Network Driver
[   11.992315] e1000: Copyright (c) 1999-2006 Intel Corporation.
[   12.001006] initcall e1000_init_module+0x0/0x72 returned 0 after 16269 usecs
[   12.011980] calling  e1000_init_module+0x0/0x2d @ 1
[   12.019328] e1000e: Intel(R) PRO/1000 Network Driver
[   12.027336] e1000e: Copyright(c) 1999 - 2015 Intel Corporation.
[   12.036954] initcall e1000_init_module+0x0/0x2d returned 0 after 17739 usecs
[   12.047890] calling  sky2_init_module+0x0/0x21 @ 1
[   12.055482] sky2: driver version 1.30
[   12.061374] initcall sky2_init_module+0x0/0x21 returned 0 after 5749 usecs
[   12.071604] calling  forcedeth_pci_driver_init+0x0/0x15 @ 1
[   12.080497] initcall forcedeth_pci_driver_init+0x0/0x15 returned 0 after 25 usecs
[   12.090975] calling  rtl8139_init_module+0x0/0x15 @ 1
[   12.096286] ata1: SATA link down (SStatus 0 SControl 300)
[   12.098184] initcall rtl8139_init_module+0x0/0x15 returned 0 after 391 usecs
[   12.115564] calling  rtl8169_pci_driver_init+0x0/0x15 @ 1
[   12.118362] ata2: SATA link down (SStatus 0 SControl 300)
[   12.123418] initcall rtl8169_pci_driver_init+0x0/0x15 returned 0 after 149 usecs
[   12.138095] ata4: SATA link down (SStatus 0 SControl 300)
[   12.141846] calling  cdrom_init+0x0/0xc @ 1
[   12.158111] initcall cdrom_init+0x0/0xc returned 0 after 430 usecs
[   12.160432] ata3: SATA link up 1.5 Gbps (SStatus 113 SControl 300)
[   12.168695] calling  nonstatic_sysfs_init+0x0/0xc @ 1
[   12.169035] initcall nonstatic_sysfs_init+0x0/0xc returned 0 after 328 usecs
[   12.169037] calling  yenta_cardbus_driver_init+0x0/0x15 @ 1
[   12.170156] initcall yenta_cardbus_driver_init+0x0/0x15 returned 0 after 1088 usecs
[   12.185309] ata5: SATA link down (SStatus 0 SControl 300)
[   12.188097] calling  mon_init+0x0/0x12d @ 1
[   12.201382] ata3.00: ATAPI: QEMU DVD-ROM, 2.5+, max UDMA/100
[   12.213735] initcall mon_init+0x0/0x12d returned 0 after 5108 usecs
[   12.220184] ata3.00: applying bridge limits
[   12.227818] calling  ehci_hcd_init+0x0/0x56 @ 1
[   12.242263] ata6: SATA link down (SStatus 0 SControl 300)
[   12.242945] ehci_hcd: USB 2.0 'Enhanced' Host Controller (EHCI) Driver
[   12.248627] hrtimer: interrupt took 3894401 ns
[   12.257594] ata3.00: configured for UDMA/100
[   12.264104] initcall ehci_hcd_init+0x0/0x56 returned 0 after 20878 usecs
[   12.264109] calling  ehci_pci_init+0x0/0x64 @ 1
[   12.289395] scsi 2:0:0:0: CD-ROM            QEMU     QEMU DVD-ROM     2.5+ PQ: 0 ANSI: 5
[   12.291310] ehci-pci: EHCI PCI platform driver
[   12.291558] initcall ehci_pci_init+0x0/0x64 returned 0 after 238 usecs
[   12.291561] calling  ohci_hcd_mod_init+0x0/0x4e @ 1
[   12.291562] ohci_hcd: USB 1.1 'Open' Host Controller (OHCI) Driver
[   12.291571] initcall ohci_hcd_mod_init+0x0/0x4e returned 0 after 8 usecs
[   12.291573] calling  ohci_pci_init+0x0/0x64 @ 1
[   12.291574] ohci-pci: OHCI PCI platform driver
[   12.291693] initcall ohci_pci_init+0x0/0x64 returned 0 after 114 usecs
[   12.291694] calling  uhci_hcd_init+0x0/0xa8 @ 1
[   12.291957] uhci_hcd: USB Universal Host Controller Interface driver
[   12.412096] initcall uhci_hcd_init+0x0/0xa8 returned 0 after 117571 usecs
[   12.421801] calling  xhci_hcd_init+0x0/0x1e @ 1
[   12.429918] initcall xhci_hcd_init+0x0/0x1e returned 0 after 787 usecs
[   12.440177] calling  xhci_pci_init+0x0/0x49 @ 1
[   12.448944] initcall xhci_pci_init+0x0/0x49 returned 0 after 2115 usecs
[   12.459415] calling  usblp_driver_init+0x0/0x15 @ 1
[   12.469422] usbcore: registered new interface driver usblp
[   12.477306] initcall usblp_driver_init+0x0/0x15 returned 0 after 9960 usecs
[   12.487641] calling  usb_storage_driver_init+0x0/0x2a @ 1
[   12.497017] usbcore: registered new interface driver usb-storage
[   12.506151] initcall usb_storage_driver_init+0x0/0x2a returned 0 after 9554 usecs
[   12.517936] calling  i8042_init+0x0/0x4c2 @ 1
[   12.527180] i8042: PNP: PS/2 Controller [PNP0303:KBD,PNP0f13:MOU] at 0x60,0x64 irq 1,12
[   12.556765] sr 2:0:0:0: [sr0] scsi3-mmc drive: 4x/4x cd/rw xa/form2 tray
[   12.558412] serio: i8042 KBD port at 0x60,0x64 irq 1
[   12.567333] cdrom: Uniform CD-ROM driver Revision: 3.20
[   12.583350] serio: i8042 AUX port at 0x60,0x64 irq 12
[   12.591521] initcall i8042_init+0x0/0x4c2 returned 0 after 64842 usecs
[   12.601506] calling  serport_init+0x0/0x2c @ 1
[   12.609134] initcall serport_init+0x0/0x2c returned 0 after 32 usecs
[   12.619337] calling  input_leds_init+0x0/0xc @ 1
[   12.626844] initcall input_leds_init+0x0/0xc returned 0 after 461 usecs
[   12.636472] calling  evdev_init+0x0/0xc @ 1
[   12.645332] initcall evdev_init+0x0/0xc returned 0 after 2067 usecs
[   12.657118] calling  atkbd_init+0x0/0x21 @ 1
[   12.664713] initcall atkbd_init+0x0/0x21 returned 0 after 27 usecs
[   12.674573] calling  psmouse_init+0x0/0x7f @ 1
[   12.682334] initcall psmouse_init+0x0/0x7f returned 0 after 201 usecs
[   12.693018] calling  cmos_init+0x0/0x73 @ 1
[   12.701599] rtc_cmos 00:04: RTC can wake from S4
[   12.721676] rtc_cmos 00:04: registered as rtc0
[   12.727745] sr 2:0:0:0: Attached scsi CD-ROM sr0
[   12.731009] rtc_cmos 00:04: alarms up to one day, y3k, 242 bytes nvram, hpet irqs
[   12.737167] sr 2:0:0:0: Attached scsi generic sg0 type 5
[   12.749767] initcall cmos_init+0x0/0x73 returned 0 after 48759 usecs
[   12.749771] calling  smbalert_driver_init+0x0/0xe @ 1
[   12.750115] initcall smbalert_driver_init+0x0/0xe returned 0 after 332 usecs
[   12.760743] input: AT Translated Set 2 keyboard as /devices/platform/i8042/serio0/input/input1
[   12.769320] calling  i2c_i801_init+0x0/0xc5 @ 1
[   12.773713] i801_smbus 0000:00:1f.3: SMBus using PCI interrupt
[   12.821842] i2c i2c-0: 1/1 memory slots populated (from DMI)
[   12.832688] i2c i2c-0: Memory type 0x07 not supported yet, not instantiating SPD
[   12.844632] initcall i2c_i801_init+0x0/0xc5 returned 0 after 73539 usecs
[   12.855424] calling  ptp_kvm_init+0x0/0xf0 @ 1
[   12.911555] initcall ptp_kvm_init+0x0/0xf0 returned 0 after 39636 usecs
[   12.927296] calling  dm_init+0x0/0x3c @ 1
[   12.948413] device-mapper: ioctl: 4.43.0-ioctl (2020-10-01) initialised: dm-devel@redhat.com
[   12.961249] initcall dm_init+0x0/0x3c returned 0 after 26708 usecs
[   12.970078] calling  dm_mirror_init+0x0/0x29 @ 1
[   12.977509] initcall dm_mirror_init+0x0/0x29 returned 0 after 477 usecs
[   12.987320] calling  dm_dirty_log_init+0x0/0x4f @ 1
[   12.994808] initcall dm_dirty_log_init+0x0/0x4f returned 0 after 146 usecs
[   13.006216] calling  dm_zero_init+0x0/0x29 @ 1
[   13.013307] initcall dm_zero_init+0x0/0x29 returned 0 after 147 usecs
[   13.023258] calling  intel_pstate_init+0x0/0x510 @ 1
[   13.031516] intel_pstate: CPU model not supported
[   13.038707] initcall intel_pstate_init+0x0/0x510 returned -19 after 7386 usecs
[   13.049818] calling  haltpoll_init+0x0/0xc0 @ 1
[   13.057177] initcall haltpoll_init+0x0/0xc0 returned -19 after 118 usecs
[   13.068402] calling  efivars_sysfs_init+0x0/0x30 @ 1
[   13.076222] initcall efivars_sysfs_init+0x0/0x30 returned 0 after 111 usecs
[   13.086645] calling  esrt_sysfs_init+0x0/0x2a2 @ 1
[   13.094261] initcall esrt_sysfs_init+0x0/0x2a2 returned -38 after 47 usecs
[   13.104915] calling  hid_init+0x0/0x5c @ 1
[   13.112813] hid: raw HID events driver (C) Jiri Kosina
[   13.122060] initcall hid_init+0x0/0x5c returned 0 after 10149 usecs
[   13.131615] calling  hid_generic_init+0x0/0x15 @ 1
[   13.140170] initcall hid_generic_init+0x0/0x15 returned 0 after 1136 usecs
[   13.150626] calling  a4_driver_init+0x0/0x15 @ 1
[   13.157430] initcall a4_driver_init+0x0/0x15 returned 0 after 19 usecs
[   13.167561] calling  apple_driver_init+0x0/0x15 @ 1
[   13.175471] initcall apple_driver_init+0x0/0x15 returned 0 after 237 usecs
[   13.186061] calling  belkin_driver_init+0x0/0x15 @ 1
[   13.193666] initcall belkin_driver_init+0x0/0x15 returned 0 after 27 usecs
[   13.204301] calling  ch_driver_init+0x0/0x15 @ 1
[   13.211846] initcall ch_driver_init+0x0/0x15 returned 0 after 19 usecs
[   13.222722] calling  ch_driver_init+0x0/0x15 @ 1
[   13.230148] initcall ch_driver_init+0x0/0x15 returned 0 after 19 usecs
[   13.240303] calling  cp_driver_init+0x0/0x15 @ 1
[   13.247415] initcall cp_driver_init+0x0/0x15 returned 0 after 18 usecs
[   13.257601] calling  ez_driver_init+0x0/0x15 @ 1
[   13.265050] initcall ez_driver_init+0x0/0x15 returned 0 after 19 usecs
[   13.275139] calling  gyration_driver_init+0x0/0x15 @ 1
[   13.283371] initcall gyration_driver_init+0x0/0x15 returned 0 after 20 usecs
[   13.294156] calling  ite_driver_init+0x0/0x15 @ 1
[   13.303189] initcall ite_driver_init+0x0/0x15 returned 0 after 76 usecs
[   13.313365] calling  ks_driver_init+0x0/0x15 @ 1
[   13.320841] initcall ks_driver_init+0x0/0x15 returned 0 after 26 usecs
[   13.330963] calling  lg_driver_init+0x0/0x15 @ 1
[   13.337718] initcall lg_driver_init+0x0/0x15 returned 0 after 218 usecs
[   13.347861] calling  lg_g15_driver_init+0x0/0x15 @ 1
[   13.356402] initcall lg_g15_driver_init+0x0/0x15 returned 0 after 116 usecs
[   13.367194] calling  ms_driver_init+0x0/0x15 @ 1
[   13.374816] initcall ms_driver_init+0x0/0x15 returned 0 after 24 usecs
[   13.385656] calling  mr_driver_init+0x0/0x15 @ 1
[   13.392888] initcall mr_driver_init+0x0/0x15 returned 0 after 46 usecs
[   13.403661] calling  ntrig_driver_init+0x0/0x15 @ 1
[   13.411604] initcall ntrig_driver_init+0x0/0x15 returned 0 after 186 usecs
[   13.422617] calling  pl_driver_init+0x0/0x15 @ 1
[   13.430019] initcall pl_driver_init+0x0/0x15 returned 0 after 19 usecs
[   13.439799] calling  pl_driver_init+0x0/0x15 @ 1
[   13.446619] initcall pl_driver_init+0x0/0x15 returned 0 after 113 usecs
[   13.456878] calling  redragon_driver_init+0x0/0x15 @ 1
[   13.464858] initcall redragon_driver_init+0x0/0x15 returned 0 after 18 usecs
[   13.478702] calling  samsung_driver_init+0x0/0x15 @ 1
[   13.487075] initcall samsung_driver_init+0x0/0x15 returned 0 after 78 usecs
[   13.497333] calling  sony_init+0x0/0x38 @ 1
[   13.503692] initcall sony_init+0x0/0x38 returned 0 after 114 usecs
[   13.512826] calling  sp_driver_init+0x0/0x15 @ 1
[   13.519836] initcall sp_driver_init+0x0/0x15 returned 0 after 132 usecs
[   13.529051] calling  ts_driver_init+0x0/0x15 @ 1
[   13.536417] initcall ts_driver_init+0x0/0x15 returned 0 after 27 usecs
[   13.545657] calling  hid_init+0x0/0x58 @ 1
[   13.547430] input: ImExPS/2 Generic Explorer Mouse as /devices/platform/i8042/serio1/input/input3
[   13.551849] usbcore: registered new interface driver usbhid
[   13.572885] usbhid: USB HID core driver
[   13.578253] initcall hid_init+0x0/0x58 returned 0 after 26290 usecs
[   13.586587] calling  eeepc_laptop_init+0x0/0x57 @ 1
[   13.599306] initcall eeepc_laptop_init+0x0/0x57 returned -19 after 6012 usecs
[   13.608777] calling  pmc_atom_init+0x0/0x27a @ 1
[   13.615797] initcall pmc_atom_init+0x0/0x27a returned -19 after 269 usecs
[   13.625711] calling  alsa_hwdep_init+0x0/0x5e @ 1
[   13.635337] initcall alsa_hwdep_init+0x0/0x5e returned 0 after 335 usecs
[   13.647573] calling  alsa_timer_init+0x0/0x1f0 @ 1
[   13.657433] initcall alsa_timer_init+0x0/0x1f0 returned 0 after 1798 usecs
[   13.671398] calling  snd_hrtimer_init+0x0/0x117 @ 1
[   13.679674] initcall snd_hrtimer_init+0x0/0x117 returned 0 after 5 usecs
[   13.689446] calling  alsa_pcm_init+0x0/0x64 @ 1
[   13.696216] initcall alsa_pcm_init+0x0/0x64 returned 0 after 13 usecs
[   13.706166] calling  alsa_seq_init+0x0/0x4a @ 1
[   13.715349] initcall alsa_seq_init+0x0/0x4a returned 0 after 2170 usecs
[   13.725763] calling  alsa_seq_dummy_init+0x0/0x9c @ 1
[   13.734155] initcall alsa_seq_dummy_init+0x0/0x9c returned 0 after 101 usecs
[   13.745739] calling  azx_driver_init+0x0/0x15 @ 1
[   13.753628] initcall azx_driver_init+0x0/0x15 returned 0 after 584 usecs
[   13.767782] calling  sock_diag_init+0x0/0x2a @ 1
[   13.775732] initcall sock_diag_init+0x0/0x2a returned 0 after 1026 usecs
[   13.786890] calling  blackhole_init+0x0/0xc @ 1
[   13.795777] initcall blackhole_init+0x0/0xc returned 0 after 40 usecs
[   13.804938] calling  nfnetlink_init+0x0/0x57 @ 1
[   13.812707] initcall nfnetlink_init+0x0/0x57 returned 0 after 813 usecs
[   13.822593] calling  nfnetlink_log_init+0x0/0x99 @ 1
[   13.831024] initcall nfnetlink_log_init+0x0/0x99 returned 0 after 367 usecs
[   13.841576] calling  nf_conntrack_standalone_init+0x0/0x87 @ 1
[   13.852965] initcall nf_conntrack_standalone_init+0x0/0x87 returned 0 after 3170 usecs
[   13.870713] calling  ctnetlink_init+0x0/0x83 @ 1
[   13.877174] initcall ctnetlink_init+0x0/0x83 returned 0 after 22 usecs
[   13.886559] calling  nf_conntrack_ftp_init+0x0/0x12c @ 1
[   13.894289] initcall nf_conntrack_ftp_init+0x0/0x12c returned 0 after 112 usecs
[   13.904461] calling  nf_conntrack_irc_init+0x0/0x129 @ 1
[   13.912001] initcall nf_conntrack_irc_init+0x0/0x129 returned 0 after 42 usecs
[   13.922485] srcu-torture: rcu_torture_read_exit: End of episode
[   13.931989] calling  nf_conntrack_sip_init+0x0/0x172 @ 1
[   13.931999] initcall nf_conntrack_sip_init+0x0/0x172 returned 0 after 6 usecs
[   13.932001] calling  nf_nat_init+0x0/0xd2 @ 1
[   13.932716] initcall nf_nat_init+0x0/0xd2 returned 0 after 693 usecs
[   13.967844] calling  nf_nat_ftp_init+0x0/0x2a @ 1
[   13.974495] initcall nf_nat_ftp_init+0x0/0x2a returned 0 after 1 usecs
[   13.984168] calling  nf_nat_irc_init+0x0/0x2a @ 1
[   13.991067] initcall nf_nat_irc_init+0x0/0x2a returned 0 after 0 usecs
[   13.999841] calling  nf_nat_sip_init+0x0/0x36 @ 1
[   14.006415] initcall nf_nat_sip_init+0x0/0x36 returned 0 after 1 usecs
[   14.015542] calling  xt_init+0x0/0xf8 @ 1
[   14.021537] initcall xt_init+0x0/0xf8 returned 0 after 134 usecs
[   14.029601] calling  tcpudp_mt_init+0x0/0x11 @ 1
[   14.036343] initcall tcpudp_mt_init+0x0/0x11 returned 0 after 303 usecs
[   14.045213] calling  connsecmark_tg_init+0x0/0xc @ 1
[   14.052269] initcall connsecmark_tg_init+0x0/0xc returned 0 after 1 usecs
[   14.062314] calling  nflog_tg_init+0x0/0xc @ 1
[   14.068935] initcall nflog_tg_init+0x0/0xc returned 0 after 1 usecs
[   14.078094] calling  secmark_tg_init+0x0/0x11 @ 1
[   14.085399] initcall secmark_tg_init+0x0/0x11 returned 0 after 1 usecs
[   14.094556] calling  tcpmss_tg_init+0x0/0x11 @ 1
[   14.101861] initcall tcpmss_tg_init+0x0/0x11 returned 0 after 1 usecs
[   14.111835] calling  conntrack_mt_init+0x0/0x11 @ 1
[   14.119187] initcall conntrack_mt_init+0x0/0x11 returned 0 after 1 usecs
[   14.134091] calling  policy_mt_init+0x0/0x11 @ 1
[   14.141195] initcall policy_mt_init+0x0/0x11 returned 0 after 1 usecs
[   14.153595] calling  state_mt_init+0x0/0xc @ 1
[   14.160565] initcall state_mt_init+0x0/0xc returned 0 after 1 usecs
[   14.170456] calling  gre_offload_init+0x0/0x48 @ 1
[   14.177986] initcall gre_offload_init+0x0/0x48 returned 0 after 207 usecs
