c[?7l[2J[0mSeaBIOS (version 1.16.0-debian-1.16.0-4)
Booting from ROM...
early console in setup code
c[?7l[2J[    0.000000] Linux version 5.10.157+ (root@joelboxx.c.googlers.com) (gcc (Debian 12.2.0-3) 12.2.0, GNU ld (GNU Binutils for Debian) 2.39) #1 SMP PREEMPT Tue Dec 13 02:17:49 UTC 2022
[    0.000000] Command line: selinux=0 initcall_debug debug console=ttyS0 rcutorture.onoff_interval=200 rcutorture.onoff_holdoff=30 rcutree.gp_preinit_delay=12 rcutree.gp_init_delay=3 rcutree.gp_cleanup_delay=3 rcutree.kthread_prio=2 threadirqs rcutorture.n_barrier_cbs=4 rcutorture.stat_interval=15 rcutorture.shutdown_secs=60 rcutorture.test_no_idle_hz=1 rcutorture.verbose=1
[    0.000000] x86/fpu: x87 FPU will use FXSAVE
[    0.000000] BIOS-provided physical RAM map:
[    0.000000] BIOS-e820: [mem 0x0000000000000000-0x000000000009fbff] usable
[    0.000000] BIOS-e820: [mem 0x000000000009fc00-0x000000000009ffff] reserved
[    0.000000] BIOS-e820: [mem 0x00000000000f0000-0x00000000000fffff] reserved
[    0.000000] BIOS-e820: [mem 0x0000000000100000-0x000000001ffdefff] usable
[    0.000000] BIOS-e820: [mem 0x000000001ffdf000-0x000000001fffffff] reserved
[    0.000000] BIOS-e820: [mem 0x00000000b0000000-0x00000000bfffffff] reserved
[    0.000000] BIOS-e820: [mem 0x00000000fed1c000-0x00000000fed1ffff] reserved
[    0.000000] BIOS-e820: [mem 0x00000000feffc000-0x00000000feffffff] reserved
[    0.000000] BIOS-e820: [mem 0x00000000fffc0000-0x00000000ffffffff] reserved
[    0.000000] NX (Execute Disable) protection: active
[    0.000000] SMBIOS 2.8 present.
[    0.000000] DMI: QEMU Standard PC (Q35 + ICH9, 2009), BIOS 1.16.0-debian-1.16.0-4 04/01/2014
[    0.000000] Hypervisor detected: KVM
[    0.000000] kvm-clock: Using msrs 4b564d01 and 4b564d00
[    0.000000] kvm-clock: cpu 0, msr 1cabb001, primary cpu clock
[    0.000001] kvm-clock: using sched offset of 893292937 cycles
[    0.000022] clocksource: kvm-clock: mask: 0xffffffffffffffff max_cycles: 0x1cd42e4dffb, max_idle_ns: 881590591483 ns
[    0.000060] tsc: Detected 1999.999 MHz processor
[    0.003115] e820: update [mem 0x00000000-0x00000fff] usable ==> reserved
[    0.003123] e820: remove [mem 0x000a0000-0x000fffff] usable
[    0.003133] last_pfn = 0x1ffdf max_arch_pfn = 0x400000000
[    0.003817] MTRR default type: write-back
[    0.003822] MTRR fixed ranges enabled:
[    0.003824]   00000-9FFFF write-back
[    0.003825]   A0000-BFFFF uncachable
[    0.003826]   C0000-FFFFF write-protect
[    0.003827] MTRR variable ranges enabled:
[    0.003828]   0 base 00C0000000 mask FFC0000000 uncachable
[    0.003832]   1 disabled
[    0.003833]   2 disabled
[    0.003833]   3 disabled
[    0.003834]   4 disabled
[    0.003835]   5 disabled
[    0.003836]   6 disabled
[    0.003836]   7 disabled
[    0.004035] x86/PAT: Configuration [0-7]: WB  WC  UC- UC  WB  WC  UC- UC  
[    0.014298] found SMP MP-table at [mem 0x000f5ba0-0x000f5baf]
[    0.015048] check: Scanning 1 areas for low memory corruption
[    0.018338] ACPI: Early table checksum verification disabled
[    0.018693] ACPI: RSDP 0x00000000000F59E0 000014 (v00 BOCHS )
[    0.018745] ACPI: RSDT 0x000000001FFE281A 000038 (v01 BOCHS  BXPC     00000001 BXPC 00000001)
[    0.018775] ACPI: FACP 0x000000001FFE259A 0000F4 (v03 BOCHS  BXPC     00000001 BXPC 00000001)
[    0.018803] ACPI: DSDT 0x000000001FFE0040 00255A (v01 BOCHS  BXPC     00000001 BXPC 00000001)
[    0.018809] ACPI: FACS 0x000000001FFE0000 000040
[    0.018813] ACPI: APIC 0x000000001FFE268E 0000F0 (v01 BOCHS  BXPC     00000001 BXPC 00000001)
[    0.018818] ACPI: HPET 0x000000001FFE277E 000038 (v01 BOCHS  BXPC     00000001 BXPC 00000001)
[    0.018825] ACPI: MCFG 0x000000001FFE27B6 00003C (v01 BOCHS  BXPC     00000001 BXPC 00000001)
[    0.018832] ACPI: WAET 0x000000001FFE27F2 000028 (v01 BOCHS  BXPC     00000001 BXPC 00000001)
[    0.018837] ACPI: Reserving FACP table memory at [mem 0x1ffe259a-0x1ffe268d]
[    0.018838] ACPI: Reserving DSDT table memory at [mem 0x1ffe0040-0x1ffe2599]
[    0.018842] ACPI: Reserving FACS table memory at [mem 0x1ffe0000-0x1ffe003f]
[    0.018843] ACPI: Reserving APIC table memory at [mem 0x1ffe268e-0x1ffe277d]
[    0.018844] ACPI: Reserving HPET table memory at [mem 0x1ffe277e-0x1ffe27b5]
[    0.018845] ACPI: Reserving MCFG table memory at [mem 0x1ffe27b6-0x1ffe27f1]
[    0.018847] ACPI: Reserving WAET table memory at [mem 0x1ffe27f2-0x1ffe2819]
[    0.019027] ACPI: Local APIC address 0xfee00000
[    0.022118] No NUMA configuration found
[    0.022121] Faking a node at [mem 0x0000000000000000-0x000000001ffdefff]
[    0.022234] NODE_DATA(0) allocated [mem 0x1ffdb000-0x1ffdefff]
[    0.022434] Zone ranges:
[    0.022436]   DMA      [mem 0x0000000000001000-0x0000000000ffffff]
[    0.022438]   DMA32    [mem 0x0000000001000000-0x000000001ffdefff]
[    0.022440]   Normal   empty
[    0.022444] Movable zone start for each node
[    0.022446] Early memory node ranges
[    0.022461]   node   0: [mem 0x0000000000001000-0x000000000009efff]
[    0.022474]   node   0: [mem 0x0000000000100000-0x000000001ffdefff]
[    0.022488] Initmem setup node 0 [mem 0x0000000000001000-0x000000001ffdefff]
[    0.022490] On node 0 totalpages: 130941
[    0.022541]   DMA zone: 64 pages used for memmap
[    0.022542]   DMA zone: 21 pages reserved
[    0.022553]   DMA zone: 3998 pages, LIFO batch:0
[    0.022554]   DMA32 zone: 1984 pages used for memmap
[    0.022556]   DMA32 zone: 126943 pages, LIFO batch:31
[    0.023373] On node 0, zone DMA: 1 pages in unavailable ranges
[    0.024061] On node 0, zone DMA: 97 pages in unavailable ranges
[    0.038144] On node 0, zone DMA32: 33 pages in unavailable ranges
[    0.041793] ACPI: PM-Timer IO Port: 0x608
[    0.041798] ACPI: Local APIC address 0xfee00000
[    0.041861] ACPI: LAPIC_NMI (acpi_id[0xff] dfl dfl lint[0x1])
[    0.042295] IOAPIC[0]: apic_id 0, version 17, address 0xfec00000, GSI 0-23
[    0.042299] ACPI: INT_SRC_OVR (bus 0 bus_irq 0 global_irq 2 dfl dfl)
[    0.042312] ACPI: INT_SRC_OVR (bus 0 bus_irq 5 global_irq 5 high level)
[    0.042314] ACPI: INT_SRC_OVR (bus 0 bus_irq 9 global_irq 9 high level)
[    0.042348] ACPI: INT_SRC_OVR (bus 0 bus_irq 10 global_irq 10 high level)
[    0.042350] ACPI: INT_SRC_OVR (bus 0 bus_irq 11 global_irq 11 high level)
[    0.042352] ACPI: IRQ0 used by override.
[    0.042353] ACPI: IRQ5 used by override.
[    0.042354] ACPI: IRQ9 used by override.
[    0.042355] ACPI: IRQ10 used by override.
[    0.042356] ACPI: IRQ11 used by override.
[    0.042381] Using ACPI (MADT) for SMP configuration information
[    0.042383] ACPI: HPET id: 0x8086a201 base: 0xfed00000
[    0.042597] smpboot: Allowing 16 CPUs, 0 hotplug CPUs
[    0.043048] PM: hibernation: Registered nosave memory: [mem 0x00000000-0x00000fff]
[    0.043053] PM: hibernation: Registered nosave memory: [mem 0x0009f000-0x0009ffff]
[    0.043055] PM: hibernation: Registered nosave memory: [mem 0x000a0000-0x000effff]
[    0.043056] PM: hibernation: Registered nosave memory: [mem 0x000f0000-0x000fffff]
[    0.043061] [mem 0x20000000-0xafffffff] available for PCI devices
[    0.043081] Booting paravirtualized kernel on KVM
[    0.043199] clocksource: refined-jiffies: mask: 0xffffffff max_cycles: 0xffffffff, max_idle_ns: 1910969940391419 ns
[    0.056475] setup_percpu: NR_CPUS:16 nr_cpumask_bits:16 nr_cpu_ids:16 nr_node_ids:1
[    0.063917] percpu: Embedded 55 pages/cpu s186328 r8192 d30760 u262144
[    0.063930] pcpu-alloc: s186328 r8192 d30760 u262144 alloc=1*2097152
[    0.063935] pcpu-alloc: [0] 00 01 02 03 04 05 06 07 [0] 08 09 10 11 12 13 14 15 
[    0.064121] kvm-guest: stealtime: cpu 0, msr 1f21b600
[    0.064193] Built 1 zonelists, mobility grouping on.  Total pages: 128872
[    0.064194] Policy zone: DMA32
[    0.064207] Kernel command line: selinux=0 initcall_debug debug console=ttyS0 rcutorture.onoff_interval=200 rcutorture.onoff_holdoff=30 rcutree.gp_preinit_delay=12 rcutree.gp_init_delay=3 rcutree.gp_cleanup_delay=3 rcutree.kthread_prio=2 threadirqs rcutorture.n_barrier_cbs=4 rcutorture.stat_interval=15 rcutorture.shutdown_secs=60 rcutorture.test_no_idle_hz=1 rcutorture.verbose=1
[    0.064835] Dentry cache hash table entries: 65536 (order: 7, 524288 bytes, linear)
[    0.064914] Inode-cache hash table entries: 32768 (order: 6, 262144 bytes, linear)
[    0.065514] mem auto-init: stack:all(zero), heap alloc:off, heap free:off
[    0.068693] Memory: 476004K/523764K available (16397K kernel code, 2561K rwdata, 4696K rodata, 1496K init, 1404K bss, 47500K reserved, 0K cma-reserved)
[    0.068963] SLUB: HWalign=64, Order=0-3, MinObjects=0, CPUs=16, Nodes=1
[    0.069041] Kernel/User page tables isolation: enabled
[    0.071183] rcu: Preemptible hierarchical RCU implementation.
[    0.071185] rcu: 	RCU event tracing is enabled.
[    0.071187] rcu: 	CONFIG_RCU_FANOUT set to non-default value of 2.
[    0.071188] rcu: 	Four(or more)-level hierarchy is enabled.
[    0.071189] rcu: 	Build-time adjustment of leaf fanout to 2.
[    0.071199] rcu: 	RCU priority boosting: priority 2 delay 500 ms.
[    0.071201] rcu: 	RCU debug GP pre-init slowdown 12 jiffies.
[    0.071202] rcu: 	RCU debug GP init slowdown 3 jiffies.
[    0.071206] rcu: 	RCU debug GP init slowdown 3 jiffies.
[    0.071222] 	Trampoline variant of Tasks RCU enabled.
[    0.071223] 	Rude variant of Tasks RCU enabled.
[    0.071235] 	Tracing variant of Tasks RCU enabled.
[    0.071266] rcu: RCU calculated value of scheduler-enlistment delay is 100 jiffies.
[    0.075686] NR_IRQS: 4352, nr_irqs: 552, preallocated irqs: 16
[    0.076666] calling  con_init+0x0/0x22a @ 0
[    0.161710] Console: colour VGA+ 80x25
[    0.162133] initcall con_init+0x0/0x22a returned 0 after 0 usecs
[    0.162170] calling  hvc_console_init+0x0/0x13 @ 0
[    0.162214] initcall hvc_console_init+0x0/0x13 returned 0 after 0 usecs
[    0.162216] calling  univ8250_console_init+0x0/0x26 @ 0
[    1.169278] printk: console [ttyS0] enabled
[    1.174375] initcall univ8250_console_init+0x0/0x26 returned 0 after 0 usecs
[    1.184916] ACPI: Core revision 20200925
[    1.191727] clocksource: hpet: mask: 0xffffffff max_cycles: 0xffffffff, max_idle_ns: 19112604467 ns
[    1.204014] APIC: Switch to symmetric I/O mode setup
[    1.209893] Switched APIC routing to physical flat.
[    1.231338] ..TIMER: vector=0x30 apic1=0 pin1=2 apic2=-1 pin2=-1
[    1.238871] clocksource: tsc-early: mask: 0xffffffffffffffff max_cycles: 0x39a85afc727, max_idle_ns: 881590685098 ns
[    1.251451] Calibrating delay loop (skipped) preset value.. 3999.99 BogoMIPS (lpj=1999999)
[    1.252254] pid_max: default: 32768 minimum: 301
[    1.253604] LSM: Security Framework initializing
[    1.254490] Mount-cache hash table entries: 1024 (order: 1, 8192 bytes, linear)
[    1.255286] Mountpoint-cache hash table entries: 1024 (order: 1, 8192 bytes, linear)
[    1.262678] Last level iTLB entries: 4KB 0, 2MB 0, 4MB 0
[    1.263254] Last level dTLB entries: 4KB 0, 2MB 0, 4MB 0, 1GB 0
[    1.264284] Spectre V1 : Mitigation: usercopy/swapgs barriers and __user pointer sanitization
[    1.265253] Spectre V2 : Mitigation: Retpolines
[    1.266241] Spectre V2 : Spectre v2 / SpectreRSB mitigation: Filling RSB on context switch
[    1.267241] Spectre V2 : Spectre v2 / SpectreRSB : Filling RSB on VMEXIT
[    1.268241] Speculative Store Bypass: Vulnerable
[    1.269277] MDS: Vulnerable: Clear CPU buffers attempted, no microcode
[    1.270246] MMIO Stale Data: Unknown: No mitigations
[    1.325278] Freeing SMP alternatives memory: 40K
[    1.431238] smpboot: CPU0: Intel Common KVM processor (family: 0xf, model: 0x6, stepping: 0x1)
[    1.432989] calling  init_hw_perf_events+0x0/0x6ce @ 1
[    1.433241] Performance Events: unsupported Netburst CPU model 6 no PMU driver, software events only.
[    1.434251] initcall init_hw_perf_events+0x0/0x6ce returned 0 after 976 usecs
[    1.435248] calling  init_real_mode+0x0/0x1e9 @ 1
[    1.438449] initcall init_real_mode+0x0/0x1e9 returned 0 after 1953 usecs
[    1.439244] calling  trace_init_perf_perm_irq_work_exit+0x0/0x12 @ 1
[    1.440243] initcall trace_init_perf_perm_irq_work_exit+0x0/0x12 returned 0 after 0 usecs
[    1.441245] calling  validate_x2apic+0x0/0x4a @ 1
[    1.442273] initcall validate_x2apic+0x0/0x4a returned 0 after 0 usecs
[    1.443244] calling  register_nmi_cpu_backtrace_handler+0x0/0x15 @ 1
[    1.444246] initcall register_nmi_cpu_backtrace_handler+0x0/0x15 returned 0 after 0 usecs
[    1.445248] calling  kvm_setup_vsyscall_timeinfo+0x0/0xce @ 1
[    1.446247] initcall kvm_setup_vsyscall_timeinfo+0x0/0xce returned 0 after 0 usecs
[    1.447243] calling  spawn_ksoftirqd+0x0/0x38 @ 1
[    1.448371] initcall spawn_ksoftirqd+0x0/0x38 returned 0 after 0 usecs
[    1.449247] calling  migration_init+0x0/0x31 @ 1
[    1.451260] initcall migration_init+0x0/0x31 returned 0 after 0 usecs
[    1.452249] calling  srcu_bootup_announce+0x0/0x2f @ 1
[    1.453241] rcu: Hierarchical SRCU implementation.
[    1.454261] initcall srcu_bootup_announce+0x0/0x2f returned 0 after 976 usecs
[    1.455247] calling  rcu_spawn_gp_kthread+0x0/0x1e1 @ 1
[    1.456594] initcall rcu_spawn_gp_kthread+0x0/0x1e1 returned 0 after 0 usecs
[    1.457245] calling  check_cpu_stall_init+0x0/0x1a @ 1
[    1.458244] initcall check_cpu_stall_init+0x0/0x1a returned 0 after 0 usecs
[    1.459264] calling  rcu_sysrq_init+0x0/0x21 @ 1
[    1.460258] initcall rcu_sysrq_init+0x0/0x21 returned 0 after 0 usecs
[    1.461243] calling  trace_init_flags_sys_enter+0x0/0xe @ 1
[    1.462242] initcall trace_init_flags_sys_enter+0x0/0xe returned 0 after 0 usecs
[    1.463242] calling  trace_init_flags_sys_exit+0x0/0xe @ 1
[    1.464260] initcall trace_init_flags_sys_exit+0x0/0xe returned 0 after 0 usecs
[    1.465242] calling  cpu_stop_init+0x0/0x6e @ 1
[    1.466496] initcall cpu_stop_init+0x0/0x6e returned 0 after 0 usecs
[    1.467249] calling  init_kprobes+0x0/0x165 @ 1
[    1.468597] initcall init_kprobes+0x0/0x165 returned 0 after 0 usecs
[    1.469244] calling  init_events+0x0/0x3d @ 1
[    1.471458] initcall init_events+0x0/0x3d returned 0 after 976 usecs
[    1.472243] calling  init_trace_printk+0x0/0xc @ 1
[    1.473247] initcall init_trace_printk+0x0/0xc returned 0 after 0 usecs
[    1.474248] calling  event_trace_enable_again+0x0/0x23 @ 1
[    1.475243] initcall event_trace_enable_again+0x0/0x23 returned 0 after 0 usecs
[    1.476247] calling  static_call_init+0x0/0x77 @ 1
[    1.477248] initcall static_call_init+0x0/0x77 returned 0 after 0 usecs
[    1.478248] calling  jump_label_init_module+0x0/0xc @ 1
[    1.479244] initcall jump_label_init_module+0x0/0xc returned 0 after 0 usecs
[    1.480242] calling  init_zero_pfn+0x0/0x37 @ 1
[    1.481242] initcall init_zero_pfn+0x0/0x37 returned 0 after 0 usecs
[    1.482243] calling  initialize_ptr_random+0x0/0x54 @ 1
[    1.483247] initcall initialize_ptr_random+0x0/0x54 returned 0 after 0 usecs
[    1.484243] calling  efi_memreserve_root_init+0x0/0x25 @ 1
[    1.485298] initcall efi_memreserve_root_init+0x0/0x25 returned 0 after 0 usecs
[    1.486247] calling  efi_earlycon_remap_fb+0x0/0x51 @ 1
[    1.487246] initcall efi_earlycon_remap_fb+0x0/0x51 returned 0 after 0 usecs
[    1.490522] smp: Bringing up secondary CPUs ...
[    1.493253] x86: Booting SMP configuration:
[    1.494242] .... node  #0, CPUs:        #1
[    1.170898] kvm-clock: cpu 1, msr 1cabb041, secondary cpu clock
[    1.518750] kvm-guest: stealtime: cpu 1, msr 1f25b600
[    1.534932]   #2
[    1.170898] kvm-clock: cpu 2, msr 1cabb081, secondary cpu clock
[    1.557697] kvm-guest: stealtime: cpu 2, msr 1f29b600
[    1.573268]   #3
[    1.170898] kvm-clock: cpu 3, msr 1cabb0c1, secondary cpu clock
[    1.595655] kvm-guest: stealtime: cpu 3, msr 1f2db600
[    1.611187]   #4
[    1.170898] kvm-clock: cpu 4, msr 1cabb101, secondary cpu clock
[    1.632874] kvm-guest: stealtime: cpu 4, msr 1f31b600
[    1.648792]   #5
[    1.170898] kvm-clock: cpu 5, msr 1cabb141, secondary cpu clock
[    1.669765] kvm-guest: stealtime: cpu 5, msr 1f35b600
[    1.684267]   #6
[    1.170898] kvm-clock: cpu 6, msr 1cabb181, secondary cpu clock
[    1.708978] kvm-guest: stealtime: cpu 6, msr 1f39b600
[    1.729656]   #7
[    1.170898] kvm-clock: cpu 7, msr 1cabb1c1, secondary cpu clock
[    1.751760] kvm-guest: stealtime: cpu 7, msr 1f3db600
[    1.767245]   #8
[    1.170898] kvm-clock: cpu 8, msr 1cabb201, secondary cpu clock
[    1.788847] kvm-guest: stealtime: cpu 8, msr 1f41b600
[    1.803627]   #9
[    1.170898] kvm-clock: cpu 9, msr 1cabb241, secondary cpu clock
[    1.824787] kvm-guest: stealtime: cpu 9, msr 1f45b600
[    1.840195]  #10
[    1.170898] kvm-clock: cpu 10, msr 1cabb281, secondary cpu clock
[    1.861370] kvm-guest: stealtime: cpu 10, msr 1f49b600
[    1.876071]  #11
[    1.170898] kvm-clock: cpu 11, msr 1cabb2c1, secondary cpu clock
[    1.897238] kvm-guest: stealtime: cpu 11, msr 1f4db600
[    1.914244]  #12
[    1.170898] kvm-clock: cpu 12, msr 1cabb301, secondary cpu clock
[    1.935740] kvm-guest: stealtime: cpu 12, msr 1f51b600
[    1.949243]  #13
[    1.170898] kvm-clock: cpu 13, msr 1cabb341, secondary cpu clock
[    1.969755] kvm-guest: stealtime: cpu 13, msr 1f55b600
[    1.983532]  #14
[    1.170898] kvm-clock: cpu 14, msr 1cabb381, secondary cpu clock
[    2.004814] kvm-guest: stealtime: cpu 14, msr 1f59b600
[    2.020707]  #15
[    1.170898] kvm-clock: cpu 15, msr 1cabb3c1, secondary cpu clock
[    2.042471] kvm-guest: stealtime: cpu 15, msr 1f5db600
[    2.057272] smp: Brought up 1 node, 16 CPUs
[    2.058250] smpboot: Max logical packages: 1
[    2.059246] smpboot: Total of 16 processors activated (63999.96 BogoMIPS)
[    2.072683] devtmpfs: initialized
[    2.073519] calling  ipc_ns_init+0x0/0x3d @ 1
[    2.075260] initcall ipc_ns_init+0x0/0x3d returned 0 after 0 usecs
[    2.076247] calling  init_mmap_min_addr+0x0/0x21 @ 1
[    2.077246] initcall init_mmap_min_addr+0x0/0x21 returned 0 after 0 usecs
[    2.078244] calling  pci_realloc_setup_params+0x0/0x3f @ 1
[    2.079250] initcall pci_realloc_setup_params+0x0/0x3f returned 0 after 0 usecs
[    2.080296] calling  net_ns_init+0x0/0x140 @ 1
[    2.082502] initcall net_ns_init+0x0/0x140 returned 0 after 976 usecs
[    2.083263] calling  e820__register_nvs_regions+0x0/0x37 @ 1
[    2.084244] initcall e820__register_nvs_regions+0x0/0x37 returned 0 after 0 usecs
[    2.085243] calling  cpufreq_register_tsc_scaling+0x0/0x2e @ 1
[    2.086243] initcall cpufreq_register_tsc_scaling+0x0/0x2e returned 0 after 0 usecs
[    2.087244] calling  reboot_init+0x0/0x3c @ 1
[    2.088332] initcall reboot_init+0x0/0x3c returned 0 after 0 usecs
[    2.089246] calling  init_lapic_sysfs+0x0/0x20 @ 1
[    2.090243] initcall init_lapic_sysfs+0x0/0x20 returned 0 after 0 usecs
[    2.091244] calling  alloc_frozen_cpus+0x0/0x7 @ 1
[    2.092243] initcall alloc_frozen_cpus+0x0/0x7 returned 0 after 0 usecs
[    2.093244] calling  cpu_hotplug_pm_sync_init+0x0/0x13 @ 1
[    2.094244] initcall cpu_hotplug_pm_sync_init+0x0/0x13 returned 0 after 0 usecs
[    2.095242] calling  wq_sysfs_init+0x0/0x2a @ 1
[    2.096290] initcall wq_sysfs_init+0x0/0x2a returned 0 after 0 usecs
[    2.097242] calling  ksysfs_init+0x0/0x92 @ 1
[    2.098249] initcall ksysfs_init+0x0/0x92 returned 0 after 0 usecs
[    2.099246] calling  schedutil_gov_init+0x0/0xc @ 1
[    2.100294] initcall schedutil_gov_init+0x0/0xc returned 0 after 0 usecs
[    2.101243] calling  pm_init+0x0/0x76 @ 1
[    2.102268] initcall pm_init+0x0/0x76 returned 0 after 0 usecs
[    2.103242] calling  pm_disk_init+0x0/0x13 @ 1
[    2.104250] initcall pm_disk_init+0x0/0x13 returned 0 after 0 usecs
[    2.105242] calling  swsusp_header_init+0x0/0x2b @ 1
[    2.106245] initcall swsusp_header_init+0x0/0x2b returned 0 after 0 usecs
[    2.107243] calling  rcu_set_runtime_mode+0x0/0x16 @ 1
[    2.108396] initcall rcu_set_runtime_mode+0x0/0x16 returned 0 after 0 usecs
[    2.109243] calling  init_jiffies_clocksource+0x0/0x13 @ 1
[    2.111242] clocksource: jiffies: mask: 0xffffffff max_cycles: 0xffffffff, max_idle_ns: 1911260446275000 ns
[    2.112247] initcall init_jiffies_clocksource+0x0/0x13 returned 0 after 976 usecs
[    2.113244] calling  futex_init+0x0/0xf7 @ 1
[    2.114247] futex hash table entries: 4096 (order: 6, 262144 bytes, linear)
[    2.115275] initcall futex_init+0x0/0xf7 returned 0 after 976 usecs
[    2.116243] calling  cgroup_wq_init+0x0/0x28 @ 1
[    2.117253] initcall cgroup_wq_init+0x0/0x28 returned 0 after 0 usecs
[    2.118243] calling  cgroup1_wq_init+0x0/0x28 @ 1
[    2.119251] initcall cgroup1_wq_init+0x0/0x28 returned 0 after 0 usecs
[    2.120243] calling  init_kprobe_trace_early+0x0/0x2a @ 1
[    2.121292] initcall init_kprobe_trace_early+0x0/0x2a returned 0 after 0 usecs
[    2.122245] calling  fsnotify_init+0x0/0x48 @ 1
[    2.123307] initcall fsnotify_init+0x0/0x48 returned 0 after 0 usecs
[    2.124245] calling  filelock_init+0x0/0x96 @ 1
[    2.125256] initcall filelock_init+0x0/0x96 returned 0 after 0 usecs
[    2.126259] calling  init_misc_binfmt+0x0/0x2c @ 1
[    2.127260] initcall init_misc_binfmt+0x0/0x2c returned 0 after 0 usecs
[    2.128258] calling  init_script_binfmt+0x0/0x15 @ 1
[    2.129243] initcall init_script_binfmt+0x0/0x15 returned 0 after 0 usecs
[    2.130242] calling  init_elf_binfmt+0x0/0x15 @ 1
[    2.131247] initcall init_elf_binfmt+0x0/0x15 returned 0 after 0 usecs
[    2.132247] calling  init_compat_elf_binfmt+0x0/0x15 @ 1
[    2.133244] initcall init_compat_elf_binfmt+0x0/0x15 returned 0 after 0 usecs
[    2.134246] calling  debugfs_init+0x0/0x5c @ 1
[    2.135254] initcall debugfs_init+0x0/0x5c returned 0 after 0 usecs
[    2.136246] calling  tracefs_init+0x0/0x3a @ 1
[    2.137246] initcall tracefs_init+0x0/0x3a returned 0 after 0 usecs
[    2.138242] calling  prandom_init_early+0x0/0x15d @ 1
[    2.139244] initcall prandom_init_early+0x0/0x15d returned 0 after 0 usecs
[    2.140243] calling  virtio_init+0x0/0x20 @ 1
[    2.141270] initcall virtio_init+0x0/0x20 returned 0 after 0 usecs
[    2.142244] calling  iommu_init+0x0/0x2a @ 1
[    2.143245] initcall iommu_init+0x0/0x2a returned 0 after 0 usecs
[    2.144242] calling  component_debug_init+0x0/0x1c @ 1
[    2.145298] initcall component_debug_init+0x0/0x1c returned 0 after 0 usecs
[    2.146248] calling  early_resume_init+0x0/0xb9 @ 1
[    2.148747] PM: RTC time: 02:18:54, date: 2022-12-13
[    2.149244] initcall early_resume_init+0x0/0xb9 returned 0 after 1953 usecs
[    2.150243] calling  cpufreq_core_init+0x0/0x62 @ 1
[    2.151285] initcall cpufreq_core_init+0x0/0x62 returned 0 after 0 usecs
[    2.152243] calling  cpufreq_gov_performance_init+0x0/0xc @ 1
[    2.153243] initcall cpufreq_gov_performance_init+0x0/0xc returned 0 after 0 usecs
[    2.154243] calling  cpufreq_gov_userspace_init+0x0/0xc @ 1
[    2.155243] initcall cpufreq_gov_userspace_init+0x0/0xc returned 0 after 0 usecs
[    2.156246] calling  CPU_FREQ_GOV_ONDEMAND_init+0x0/0xc @ 1
[    2.157248] initcall CPU_FREQ_GOV_ONDEMAND_init+0x0/0xc returned 0 after 0 usecs
[    2.158243] calling  cpuidle_init+0x0/0x1f @ 1
[    2.159265] initcall cpuidle_init+0x0/0x1f returned 0 after 0 usecs
[    2.160243] calling  capsule_reboot_register+0x0/0xc @ 1
[    2.161261] initcall capsule_reboot_register+0x0/0xc returned 0 after 0 usecs
[    2.162244] calling  sock_init+0x0/0x93 @ 1
[    2.164529] initcall sock_init+0x0/0x93 returned 0 after 976 usecs
[    2.165244] calling  net_inuse_init+0x0/0x23 @ 1
[    2.166249] initcall net_inuse_init+0x0/0x23 returned 0 after 0 usecs
[    2.167244] calling  net_defaults_init+0x0/0x23 @ 1
[    2.168244] initcall net_defaults_init+0x0/0x23 returned 0 after 0 usecs
[    2.169244] calling  init_default_flow_dissectors+0x0/0x4f @ 1
[    2.170247] initcall init_default_flow_dissectors+0x0/0x4f returned 0 after 0 usecs
[    2.171244] calling  netpoll_init+0x0/0x26 @ 1
[    2.173243] initcall netpoll_init+0x0/0x26 returned 0 after 0 usecs
[    2.174244] calling  netlink_proto_init+0x0/0x14f @ 1
[    2.175409] NET: Registered protocol family 16
[    2.177256] initcall netlink_proto_init+0x0/0x14f returned 0 after 1953 usecs
[    2.178243] calling  genl_init+0x0/0x35 @ 1
[    2.179298] initcall genl_init+0x0/0x35 returned 0 after 0 usecs
[    2.180247] calling  bsp_pm_check_init+0x0/0x13 @ 1
[    2.181243] initcall bsp_pm_check_init+0x0/0x13 returned 0 after 0 usecs
[    2.182266] calling  irq_sysfs_init+0x0/0xb7 @ 1
[    2.183301] initcall irq_sysfs_init+0x0/0xb7 returned 0 after 0 usecs
[    2.184246] calling  audit_init+0x0/0x160 @ 1
[    2.185246] audit: initializing netlink subsys (disabled)
[    2.187546] initcall audit_init+0x0/0x160 returned 0 after 1953 usecs
[    2.187405] audit: type=2000 audit(1670897933.241:1): state=initialized audit_enabled=0 res=1
[    2.188244] calling  release_early_probes+0x0/0x32 @ 1
[    2.190245] initcall release_early_probes+0x0/0x32 returned 0 after 0 usecs
[    2.191248] calling  bdi_class_init+0x0/0x48 @ 1
[    2.192307] initcall bdi_class_init+0x0/0x48 returned 0 after 0 usecs
[    2.193248] calling  mm_sysfs_init+0x0/0x28 @ 1
[    2.194252] initcall mm_sysfs_init+0x0/0x28 returned 0 after 0 usecs
[    2.195248] calling  init_per_zone_wmark_min+0x0/0x6d @ 1
[    2.196249] initcall init_per_zone_wmark_min+0x0/0x6d returned 0 after 0 usecs
[    2.197269] calling  mpi_init+0x0/0x3e @ 1
[    2.199244] initcall mpi_init+0x0/0x3e returned 0 after 0 usecs
[    2.200246] calling  kobject_uevent_init+0x0/0xc @ 1
[    2.201256] initcall kobject_uevent_init+0x0/0xc returned 0 after 0 usecs
[    2.202242] calling  pcibus_class_init+0x0/0x13 @ 1
[    2.203252] initcall pcibus_class_init+0x0/0x13 returned 0 after 0 usecs
[    2.204246] calling  pci_driver_init+0x0/0x21 @ 1
[    2.205284] initcall pci_driver_init+0x0/0x21 returned 0 after 0 usecs
[    2.206248] calling  backlight_class_init+0x0/0xa8 @ 1
[    2.207298] initcall backlight_class_init+0x0/0xa8 returned 0 after 0 usecs
[    2.208246] calling  tty_class_init+0x0/0x33 @ 1
[    2.209250] initcall tty_class_init+0x0/0x33 returned 0 after 0 usecs
[    2.210243] calling  vtconsole_class_init+0x0/0xb5 @ 1
[    2.212286] initcall vtconsole_class_init+0x0/0xb5 returned 0 after 0 usecs
[    2.213244] calling  iommu_dev_init+0x0/0x13 @ 1
[    2.214277] initcall iommu_dev_init+0x0/0x13 returned 0 after 0 usecs
[    2.215245] calling  mipi_dsi_bus_init+0x0/0xc @ 1
[    2.216257] initcall mipi_dsi_bus_init+0x0/0xc returned 0 after 0 usecs
[    2.217247] calling  devlink_class_init+0x0/0x40 @ 1
[    2.218254] initcall devlink_class_init+0x0/0x40 returned 0 after 0 usecs
[    2.219256] calling  software_node_init+0x0/0x2a @ 1
[    2.220279] initcall software_node_init+0x0/0x2a returned 0 after 0 usecs
[    2.221278] calling  wakeup_sources_debugfs_init+0x0/0x23 @ 1
[    2.224267] initcall wakeup_sources_debugfs_init+0x0/0x23 returned 0 after 976 usecs
[    2.225264] calling  wakeup_sources_sysfs_init+0x0/0x2c @ 1
[    2.226259] initcall wakeup_sources_sysfs_init+0x0/0x2c returned 0 after 0 usecs
[    2.227244] calling  register_node_type+0x0/0x13 @ 1
[    2.228299] initcall register_node_type+0x0/0x13 returned 0 after 0 usecs
[    2.229244] calling  regmap_initcall+0x0/0xc @ 1
[    2.230284] initcall regmap_initcall+0x0/0xc returned 0 after 0 usecs
[    2.231261] calling  i2c_init+0x0/0xb3 @ 1
[    2.232336] initcall i2c_init+0x0/0xb3 returned 0 after 0 usecs
[    2.233249] calling  thermal_init+0x0/0xf2 @ 1
[    2.234265] thermal_sys: Registered thermal governor 'step_wise'
[    2.234266] thermal_sys: Registered thermal governor 'user_space'
[    2.235256] initcall thermal_init+0x0/0xf2 returned 0 after 976 usecs
[    2.237244] calling  init_menu+0x0/0xc @ 1
[    2.240130] cpuidle: using governor menu
[    2.246267] initcall init_menu+0x0/0xc returned 0 after 7812 usecs
[    2.253251] calling  pcc_init+0x0/0x4d @ 1
[    2.259256] initcall pcc_init+0x0/0x4d returned -19 after 0 usecs
[    2.266246] calling  amd_postcore_init+0x0/0x11e @ 1
[    2.272245] initcall amd_postcore_init+0x0/0x11e returned 0 after 0 usecs
[    2.280277] calling  bts_init+0x0/0xba @ 1
[    2.285251] initcall bts_init+0x0/0xba returned -19 after 0 usecs
[    2.293243] calling  pt_init+0x0/0x341 @ 1
[    2.298243] initcall pt_init+0x0/0x341 returned -19 after 0 usecs
[    2.308253] calling  boot_params_ksysfs_init+0x0/0x2ee @ 1
[    2.317267] initcall boot_params_ksysfs_init+0x0/0x2ee returned 0 after 0 usecs
[    2.329247] calling  sbf_init+0x0/0xea @ 1
[    2.336247] initcall sbf_init+0x0/0xea returned 0 after 0 usecs
[    2.344245] calling  arch_kdebugfs_init+0x0/0x219 @ 1
[    2.351328] initcall arch_kdebugfs_init+0x0/0x219 returned 0 after 0 usecs
[    2.359249] calling  intel_pconfig_init+0x0/0x85 @ 1
[    2.366298] initcall intel_pconfig_init+0x0/0x85 returned 0 after 0 usecs
[    2.374245] calling  mtrr_if_init+0x0/0x5d @ 1
[    2.381346] initcall mtrr_if_init+0x0/0x5d returned 0 after 976 usecs
[    2.389248] calling  activate_jump_labels+0x0/0x31 @ 1
[    2.395245] initcall activate_jump_labels+0x0/0x31 returned 0 after 0 usecs
[    2.404245] calling  ffh_cstate_init+0x0/0x29 @ 1
[    2.410272] initcall ffh_cstate_init+0x0/0x29 returned 0 after 0 usecs
[    2.418245] calling  activate_jump_labels+0x0/0x31 @ 1
[    2.425793] initcall activate_jump_labels+0x0/0x31 returned 0 after 976 usecs
[    2.434245] calling  kvm_alloc_cpumask+0x0/0x74 @ 1
[    2.440293] initcall kvm_alloc_cpumask+0x0/0x74 returned 0 after 0 usecs
[    2.448248] calling  kcmp_cookies_init+0x0/0x37 @ 1
[    2.454250] initcall kcmp_cookies_init+0x0/0x37 returned 0 after 0 usecs
[    2.462244] calling  cryptomgr_init+0x0/0xc @ 1
[    2.468242] initcall cryptomgr_init+0x0/0xc returned 0 after 0 usecs
[    2.475244] calling  acpi_pci_init+0x0/0x57 @ 1
[    2.480255] ACPI: bus type PCI registered
[    2.485243] initcall acpi_pci_init+0x0/0x57 returned 0 after 4882 usecs
[    2.493244] calling  dma_channel_table_init+0x0/0xd1 @ 1
[    2.499275] initcall dma_channel_table_init+0x0/0xd1 returned 0 after 0 usecs
[    2.508242] calling  dma_bus_init+0x0/0xdc @ 1
[    2.513480] initcall dma_bus_init+0x0/0xdc returned 0 after 0 usecs
[    2.520274] calling  iommu_dma_init+0x0/0x10 @ 1
[    2.526250] initcall iommu_dma_init+0x0/0x10 returned 0 after 0 usecs
[    2.533244] calling  dmi_id_init+0x0/0x37c @ 1
[    2.538452] initcall dmi_id_init+0x0/0x37c returned 0 after 976 usecs
[    2.546248] calling  pci_arch_init+0x0/0x71 @ 1
[    2.552257] PCI: MMCONFIG for domain 0000 [bus 00-ff] at [mem 0xb0000000-0xbfffffff] (base 0xb0000000)
[    2.563245] PCI: MMCONFIG at [mem 0xb0000000-0xbfffffff] reserved in E820
[    2.571271] PCI: Using configuration type 1 for base access
[    2.578288] initcall pci_arch_init+0x0/0x71 returned 0 after 26367 usecs
[    2.587287] calling  init_vdso+0x0/0x13 @ 1
[    2.593256] initcall init_vdso+0x0/0x13 returned 0 after 0 usecs
[    2.600244] calling  sysenter_setup+0x0/0x13 @ 1
[    2.605253] initcall sysenter_setup+0x0/0x13 returned 0 after 0 usecs
[    2.612245] calling  fixup_ht_bug+0x0/0xe5 @ 1
[    2.618253] initcall fixup_ht_bug+0x0/0xe5 returned 0 after 0 usecs
[    2.625246] calling  topology_init+0x0/0x88 @ 1
[    2.631256] initcall topology_init+0x0/0x88 returned 0 after 976 usecs
[    2.638259] calling  intel_epb_init+0x0/0x68 @ 1
[    2.644244] initcall intel_epb_init+0x0/0x68 returned -19 after 0 usecs
[    2.651244] calling  mtrr_init_finialize+0x0/0x3e @ 1
[    2.657246] initcall mtrr_init_finialize+0x0/0x3e returned 0 after 0 usecs
[    2.667248] calling  uid_cache_init+0x0/0x85 @ 1
[    2.674254] initcall uid_cache_init+0x0/0x85 returned 0 after 0 usecs
[    2.684246] calling  param_sysfs_init+0x0/0x1ba @ 1
[    2.695003] initcall param_sysfs_init+0x0/0x1ba returned 0 after 2929 usecs
[    2.703389] calling  user_namespace_sysctl_init+0x0/0x33 @ 1
[    2.710398] initcall user_namespace_sysctl_init+0x0/0x33 returned 0 after 0 usecs
[    2.719264] calling  proc_schedstat_init+0x0/0x24 @ 1
[    2.724263] initcall proc_schedstat_init+0x0/0x24 returned 0 after 0 usecs
[    2.732243] calling  pm_sysrq_init+0x0/0x18 @ 1
[    2.739002] initcall pm_sysrq_init+0x0/0x18 returned 0 after 976 usecs
[    2.739245] calling  create_proc_profile+0x0/0xd0 @ 1
[    2.740243] initcall create_proc_profile+0x0/0xd0 returned 0 after 0 usecs
[    2.741243] calling  time_ns_init+0x0/0x7 @ 1
[    2.742243] initcall time_ns_init+0x0/0x7 returned 0 after 0 usecs
[    2.743243] calling  crash_save_vmcoreinfo_init+0x0/0x722 @ 1
[    2.745253] initcall crash_save_vmcoreinfo_init+0x0/0x722 returned 0 after 976 usecs
[    2.746243] calling  crash_notes_memory_init+0x0/0x35 @ 1
[    2.747248] initcall crash_notes_memory_init+0x0/0x35 returned 0 after 0 usecs
[    2.748242] calling  cgroup_sysfs_init+0x0/0x13 @ 1
[    2.749249] initcall cgroup_sysfs_init+0x0/0x13 returned 0 after 0 usecs
[    2.750244] calling  cgroup_namespaces_init+0x0/0x7 @ 1
[    2.751253] initcall cgroup_namespaces_init+0x0/0x7 returned 0 after 0 usecs
[    2.752243] calling  init_optprobes+0x0/0x13 @ 1
[    2.753241] Kprobes globally optimized
[    2.754243] initcall init_optprobes+0x0/0x13 returned 0 after 976 usecs
[    2.755243] calling  oom_init+0x0/0x2f @ 1
[    2.757263] initcall oom_init+0x0/0x2f returned 0 after 976 usecs
[    2.758243] calling  default_bdi_init+0x0/0xb3 @ 1
[    2.760033] initcall default_bdi_init+0x0/0xb3 returned 0 after 0 usecs
[    2.760249] calling  percpu_enable_async+0x0/0xe @ 1
[    2.761247] initcall percpu_enable_async+0x0/0xe returned 0 after 0 usecs
[    2.762242] calling  kcompactd_init+0x0/0x8d @ 1
[    2.764765] initcall kcompactd_init+0x0/0x8d returned 0 after 976 usecs
[    2.765256] calling  init_user_reserve+0x0/0x40 @ 1
[    2.766245] initcall init_user_reserve+0x0/0x40 returned 0 after 0 usecs
[    2.767245] calling  init_admin_reserve+0x0/0x40 @ 1
[    2.768243] initcall init_admin_reserve+0x0/0x40 returned 0 after 0 usecs
[    2.769245] calling  init_reserve_notifier+0x0/0x7 @ 1
[    2.770244] initcall init_reserve_notifier+0x0/0x7 returned 0 after 0 usecs
[    2.771244] calling  swap_init_sysfs+0x0/0x62 @ 1
[    2.772251] initcall swap_init_sysfs+0x0/0x62 returned 0 after 0 usecs
[    2.773247] calling  swapfile_init+0x0/0x94 @ 1
[    2.774244] initcall swapfile_init+0x0/0x94 returned 0 after 0 usecs
[    2.775243] calling  hugetlb_init+0x0/0x496 @ 1
[    2.776244] HugeTLB registered 2.00 MiB page size, pre-allocated 0 pages
[    2.777262] initcall hugetlb_init+0x0/0x496 returned 0 after 976 usecs
[    2.778244] calling  io_wq_init+0x0/0x34 @ 1
[    2.779244] initcall io_wq_init+0x0/0x34 returned 0 after 0 usecs
[    2.780243] calling  seqiv_module_init+0x0/0xc @ 1
[    2.781243] initcall seqiv_module_init+0x0/0xc returned 0 after 0 usecs
[    2.782243] calling  echainiv_module_init+0x0/0xc @ 1
[    2.783243] initcall echainiv_module_init+0x0/0xc returned 0 after 0 usecs
[    2.784245] calling  rsa_init+0x0/0x50 @ 1
[    2.787042] initcall rsa_init+0x0/0x50 returned 0 after 976 usecs
[    2.786939] cryptomgr_test (125) used greatest stack depth: 15504 bytes left
[    2.788265] calling  crypto_cmac_module_init+0x0/0xc @ 1
[    2.789279] initcall crypto_cmac_module_init+0x0/0xc returned 0 after 0 usecs
[    2.790252] calling  hmac_module_init+0x0/0xc @ 1
[    2.791253] initcall hmac_module_init+0x0/0xc returned 0 after 0 usecs
[    2.792246] calling  crypto_null_mod_init+0x0/0x65 @ 1
[    2.794041] cryptomgr_test (126) used greatest stack depth: 15408 bytes left
[    2.797311] initcall crypto_null_mod_init+0x0/0x65 returned 0 after 3906 usecs
[    2.797988] cryptomgr_test (129) used greatest stack depth: 15208 bytes left
[    2.799252] calling  md5_mod_init+0x0/0xc @ 1
[    2.802596] initcall md5_mod_init+0x0/0xc returned 0 after 976 usecs
[    2.803254] calling  sha256_generic_mod_init+0x0/0x11 @ 1
[    2.806783] initcall sha256_generic_mod_init+0x0/0x11 returned 0 after 1953 usecs
[    2.807262] calling  crypto_cbc_module_init+0x0/0xc @ 1
[    2.808255] initcall crypto_cbc_module_init+0x0/0xc returned 0 after 0 usecs
[    2.809254] calling  crypto_ctr_module_init+0x0/0x11 @ 1
[    2.810255] initcall crypto_ctr_module_init+0x0/0x11 returned 0 after 0 usecs
[    2.811255] calling  crypto_gcm_module_init+0x0/0x64 @ 1
[    2.812290] initcall crypto_gcm_module_init+0x0/0x64 returned 0 after 0 usecs
[    2.813256] calling  crypto_ccm_module_init+0x0/0x11 @ 1
[    2.814252] initcall crypto_ccm_module_init+0x0/0x11 returned 0 after 0 usecs
[    2.815243] calling  aes_init+0x0/0xc @ 1
[    2.817317] initcall aes_init+0x0/0xc returned 0 after 976 usecs
[    2.818251] calling  crc32c_mod_init+0x0/0xc @ 1
[    2.820339] initcall crc32c_mod_init+0x0/0xc returned 0 after 976 usecs
[    2.821250] calling  crypto_authenc_module_init+0x0/0xc @ 1
[    2.822254] initcall crypto_authenc_module_init+0x0/0xc returned 0 after 0 usecs
[    2.823249] calling  crypto_authenc_esn_module_init+0x0/0xc @ 1
[    2.824254] initcall crypto_authenc_esn_module_init+0x0/0xc returned 0 after 0 usecs
[    2.825247] calling  drbg_init+0x0/0x7c @ 1
[    2.833733] initcall drbg_init+0x0/0x7c returned 0 after 6835 usecs
[    2.834251] calling  ghash_mod_init+0x0/0xc @ 1
[    2.836661] initcall ghash_mod_init+0x0/0xc returned 0 after 976 usecs
[    2.837254] calling  init_bio+0x0/0x9a @ 1
[    2.838978] initcall init_bio+0x0/0x9a returned 0 after 0 usecs
[    2.839254] calling  blk_settings_init+0x0/0x29 @ 1
[    2.840249] initcall blk_settings_init+0x0/0x29 returned 0 after 0 usecs
[    2.841246] calling  blk_ioc_init+0x0/0x29 @ 1
[    2.842246] initcall blk_ioc_init+0x0/0x29 returned 0 after 0 usecs
[    2.843243] calling  blk_mq_init+0x0/0xb9 @ 1
[    2.844246] initcall blk_mq_init+0x0/0xb9 returned 0 after 0 usecs
[    2.845242] calling  genhd_device_init+0x0/0x75 @ 1
[    2.847402] initcall genhd_device_init+0x0/0x75 returned 0 after 976 usecs
[    2.848245] calling  pci_slot_init+0x0/0x40 @ 1
[    2.849251] initcall pci_slot_init+0x0/0x40 returned 0 after 0 usecs
[    2.850256] calling  fbmem_init+0x0/0xd8 @ 1
[    2.851276] initcall fbmem_init+0x0/0xd8 returned 0 after 0 usecs
[    2.852243] calling  acpi_init+0x0/0x319 @ 1
[    2.853282] ACPI: Added _OSI(Module Device)
[    2.854241] ACPI: Added _OSI(Processor Device)
[    2.855245] ACPI: Added _OSI(3.0 _SCP Extensions)
[    2.856241] ACPI: Added _OSI(Processor Aggregator Device)
[    2.857243] ACPI: Added _OSI(Linux-Dell-Video)
[    2.858243] ACPI: Added _OSI(Linux-Lenovo-NV-HDMI-Audio)
[    2.859242] ACPI: Added _OSI(Linux-HPI-Hybrid-Graphics)
[    2.862027] ACPI: 1 ACPI AML tables successfully acquired and loaded
[    2.867426] ACPI: Interpreter enabled
[    2.868317] ACPI: (supports S0 S3 S4 S5)
[    2.869242] ACPI: Using IOAPIC for interrupt routing
[    2.870301] PCI: Using host bridge windows from ACPI; if necessary, use "pci=nocrs" and report a bug
[    2.872508] ACPI: Enabled 2 GPEs in block 00 to 3F
[    2.880469] ACPI: PCI Root Bridge [PCI0] (domain 0000 [bus 00-ff])
[    2.881249] acpi PNP0A08:00: _OSC: OS supports [ExtendedConfig ASPM ClockPM Segments MSI HPX-Type3]
[    2.882369] acpi PNP0A08:00: _OSC: platform does not support [LTR]
[    2.883309] acpi PNP0A08:00: _OSC: OS now controls [PME PCIeCapability]
[    2.884348] PCI host bridge to bus 0000:00
[    2.885247] pci_bus 0000:00: root bus resource [io  0x0000-0x0cf7 window]
[    2.887242] pci_bus 0000:00: root bus resource [io  0x0d00-0xffff window]
[    2.888242] pci_bus 0000:00: root bus resource [mem 0x000a0000-0x000bffff window]
[    2.889242] pci_bus 0000:00: root bus resource [mem 0x20000000-0xafffffff window]
[    2.890246] pci_bus 0000:00: root bus resource [mem 0xc0000000-0xfebfffff window]
[    2.891244] pci_bus 0000:00: root bus resource [mem 0x100000000-0x8ffffffff window]
[    2.892244] pci_bus 0000:00: root bus resource [bus 00-ff]
[    2.894246] pci 0000:00:00.0: calling  quirk_mmio_always_on+0x0/0x10 @ 1
[    2.895244] pci 0000:00:00.0: quirk_mmio_always_on+0x0/0x10 took 0 usecs
[    2.896259] pci 0000:00:00.0: [8086:29c0] type 00 class 0x060000
[    2.900833] pci 0000:00:00.0: calling  quirk_igfx_skip_te_disable+0x0/0x80 @ 1
[    2.901246] pci 0000:00:00.0: quirk_igfx_skip_te_disable+0x0/0x80 took 0 usecs
[    2.903461] pci 0000:00:01.0: [1234:1111] type 00 class 0x030000
[    2.911429] pci 0000:00:01.0: reg 0x10: [mem 0xfd000000-0xfdffffff pref]
[    2.922912] pci 0000:00:01.0: reg 0x18: [mem 0xfebf0000-0xfebf0fff]
[    2.946402] pci 0000:00:01.0: reg 0x30: [mem 0xfebe0000-0xfebeffff pref]
[    2.948703] pci 0000:00:01.0: calling  efifb_fixup_resources+0x0/0xf0 @ 1
[    2.949259] pci 0000:00:01.0: efifb_fixup_resources+0x0/0xf0 took 0 usecs
[    2.955605] pci 0000:00:1f.0: [8086:2918] type 00 class 0x060100
[    2.961612] pci 0000:00:1f.0: calling  quirk_ich7_lpc+0x0/0x60 @ 1
[    2.962517] pci 0000:00:1f.0: quirk: [io  0x0600-0x067f] claimed by ICH6 ACPI/GPIO/TCO
[    2.963714] pci 0000:00:1f.0: quirk_ich7_lpc+0x0/0x60 took 976 usecs
[    2.964251] pci 0000:00:1f.0: calling  quirk_igfx_skip_te_disable+0x0/0x80 @ 1
[    2.965267] pci 0000:00:1f.0: quirk_igfx_skip_te_disable+0x0/0x80 took 0 usecs
[    2.969245] pci 0000:00:1f.2: [8086:2922] type 00 class 0x010601
[    2.979245] pci 0000:00:1f.2: reg 0x20: [io  0xc040-0xc05f]
[    2.981933] pci 0000:00:1f.2: reg 0x24: [mem 0xfebf1000-0xfebf1fff]
[    2.984405] pci 0000:00:1f.2: calling  quirk_igfx_skip_te_disable+0x0/0x80 @ 1
[    2.985249] pci 0000:00:1f.2: quirk_igfx_skip_te_disable+0x0/0x80 took 0 usecs
[    2.990424] pci 0000:00:1f.3: [8086:2930] type 00 class 0x0c0500
[    2.998245] pci 0000:00:1f.3: reg 0x20: [io  0x0700-0x073f]
[    3.001143] pci 0000:00:1f.3: calling  quirk_igfx_skip_te_disable+0x0/0x80 @ 1
[    3.001247] pci 0000:00:1f.3: quirk_igfx_skip_te_disable+0x0/0x80 took 0 usecs
[    3.004776] ACPI: PCI Interrupt Link [LNKA] (IRQs 5 *10 11)
[    3.005607] ACPI: PCI Interrupt Link [LNKB] (IRQs 5 *10 11)
[    3.008101] ACPI: PCI Interrupt Link [LNKC] (IRQs 5 10 *11)
[    3.014531] ACPI: PCI Interrupt Link [LNKD] (IRQs 5 10 *11)
[    3.020585] ACPI: PCI Interrupt Link [LNKE] (IRQs 5 *10 11)
[    3.027616] ACPI: PCI Interrupt Link [LNKF] (IRQs 5 *10 11)
[    3.033596] ACPI: PCI Interrupt Link [LNKG] (IRQs 5 10 *11)
[    3.040258] ACPI: PCI Interrupt Link [LNKH] (IRQs 5 10 *11)
[    3.046438] ACPI: PCI Interrupt Link [GSIA] (IRQs *16)
[    3.052254] ACPI: PCI Interrupt Link [GSIB] (IRQs *17)
[    3.057271] ACPI: PCI Interrupt Link [GSIC] (IRQs *18)
[    3.063254] ACPI: PCI Interrupt Link [GSID] (IRQs *19)
[    3.068284] ACPI: PCI Interrupt Link [GSIE] (IRQs *20)
[    3.074254] ACPI: PCI Interrupt Link [GSIF] (IRQs *21)
[    3.080268] ACPI: PCI Interrupt Link [GSIG] (IRQs *22)
[    3.085252] ACPI: PCI Interrupt Link [GSIH] (IRQs *23)
[    3.093913] initcall acpi_init+0x0/0x319 returned 0 after 235351 usecs
[    3.100328] calling  pnp_init+0x0/0xc @ 1
[    3.105264] initcall pnp_init+0x0/0xc returned 0 after 0 usecs
[    3.111243] calling  misc_init+0x0/0xbf @ 1
[    3.115290] initcall misc_init+0x0/0xbf returned 0 after 0 usecs
[    3.122243] calling  iommu_subsys_init+0x0/0x4e @ 1
[    3.127277] iommu: Default domain type: Translated 
[    3.132244] initcall iommu_subsys_init+0x0/0x4e returned 0 after 4882 usecs
[    3.139243] calling  vga_arb_device_init+0x0/0x261 @ 1
[    3.145958] pci 0000:00:01.0: vgaarb: setting as boot VGA device
[    3.146238] pci 0000:00:01.0: vgaarb: VGA device added: decodes=io+mem,owns=io+mem,locks=none
[    3.161246] pci 0000:00:01.0: vgaarb: bridge control possible
[    3.167242] vgaarb: loaded
[    3.170249] initcall vga_arb_device_init+0x0/0x261 returned 0 after 24414 usecs
[    3.178244] calling  cn_init+0x0/0xf0 @ 1
[    3.182503] initcall cn_init+0x0/0xf0 returned 0 after 0 usecs
[    3.188243] calling  dma_buf_init+0x0/0xad @ 1
[    3.193508] initcall dma_buf_init+0x0/0xad returned 0 after 0 usecs
[    3.200242] calling  init_scsi+0x0/0x79 @ 1
[    3.204466] SCSI subsystem initialized
[    3.209243] initcall init_scsi+0x0/0x79 returned 0 after 4882 usecs
[    3.215242] calling  ata_init+0x0/0x332 @ 1
[    3.220806] libata version 3.00 loaded.
[    3.225249] initcall ata_init+0x0/0x332 returned 0 after 4882 usecs
[    3.231245] calling  phy_init+0x0/0x250 @ 1
[    3.236446] initcall phy_init+0x0/0x250 returned 0 after 0 usecs
[    3.243255] calling  init_pcmcia_cs+0x0/0x35 @ 1
[    3.248297] initcall init_pcmcia_cs+0x0/0x35 returned 0 after 0 usecs
[    3.255253] calling  usb_common_init+0x0/0x1c @ 1
[    3.260282] initcall usb_common_init+0x0/0x1c returned 0 after 0 usecs
[    3.267244] calling  usb_init+0x0/0x12e @ 1
[    3.272377] ACPI: bus type USB registered
[    3.276459] usbcore: registered new interface driver usbfs
[    3.282310] usbcore: registered new interface driver hub
[    3.288261] usbcore: registered new device driver usb
[    3.294244] initcall usb_init+0x0/0x12e returned 0 after 21484 usecs
[    3.301243] calling  serio_init+0x0/0x29 @ 1
[    3.305307] initcall serio_init+0x0/0x29 returned 0 after 976 usecs
[    3.312242] calling  input_init+0x0/0xf6 @ 1
[    3.317263] initcall input_init+0x0/0xf6 returned 0 after 0 usecs
[    3.324242] calling  rtc_init+0x0/0x4d @ 1
[    3.328249] initcall rtc_init+0x0/0x4d returned 0 after 0 usecs
[    3.335243] calling  pps_init+0x0/0xa9 @ 1
[    3.339276] pps_core: LinuxPPS API ver. 1 registered
[    3.345240] pps_core: Software ver. 5.3.6 - Copyright 2005-2007 Rodolfo Giometti <giometti@linux.it>
[    3.355243] initcall pps_init+0x0/0xa9 returned 0 after 15625 usecs
[    3.361242] calling  ptp_init+0x0/0x98 @ 1
[    3.366250] PTP clock support registered
[    3.370244] initcall ptp_init+0x0/0x98 returned 0 after 3906 usecs
[    3.377244] calling  power_supply_class_init+0x0/0x3f @ 1
[    3.383319] initcall power_supply_class_init+0x0/0x3f returned 0 after 0 usecs
[    3.391242] calling  hwmon_init+0x0/0x104 @ 1
[    3.396295] initcall hwmon_init+0x0/0x104 returned 0 after 0 usecs
[    3.402242] calling  md_init+0x0/0x16b @ 1
[    3.408086] initcall md_init+0x0/0x16b returned 0 after 976 usecs
[    3.415250] calling  leds_init+0x0/0x3b @ 1
[    3.419265] initcall leds_init+0x0/0x3b returned 0 after 0 usecs
[    3.426243] calling  dmi_init+0x0/0x113 @ 1
[    3.431404] initcall dmi_init+0x0/0x113 returned 0 after 0 usecs
[    3.439245] calling  efisubsys_init+0x0/0x4e7 @ 1
[    3.446270] initcall efisubsys_init+0x0/0x4e7 returned 0 after 0 usecs
[    3.455247] calling  nvmem_init+0x0/0xc @ 1
[    3.461330] initcall nvmem_init+0x0/0xc returned 0 after 0 usecs
[    3.468244] calling  init_soundcore+0x0/0x33 @ 1
[    3.473255] initcall init_soundcore+0x0/0x33 returned 0 after 0 usecs
[    3.480243] calling  alsa_sound_init+0x0/0x8f @ 1
[    3.485331] Advanced Linux Sound Architecture Driver Initialized.
[    3.492244] initcall alsa_sound_init+0x0/0x8f returned 0 after 6835 usecs
[    3.499244] calling  alsa_seq_device_init+0x0/0x71 @ 1
[    3.505272] initcall alsa_seq_device_init+0x0/0x71 returned 0 after 0 usecs
[    3.513243] calling  hda_bus_init+0x0/0xc @ 1
[    3.518281] initcall hda_bus_init+0x0/0xc returned 0 after 0 usecs
[    3.524243] calling  proto_init+0x0/0xc @ 1
[    3.529276] initcall proto_init+0x0/0xc returned 0 after 0 usecs
[    3.536243] calling  net_dev_init+0x0/0x209 @ 1
[    3.541924] initcall net_dev_init+0x0/0x209 returned 0 after 976 usecs
[    3.549243] calling  neigh_init+0x0/0x84 @ 1
[    3.553244] initcall neigh_init+0x0/0x84 returned 0 after 0 usecs
[    3.560243] calling  fib_notifier_init+0x0/0xc @ 1
[    3.566249] initcall fib_notifier_init+0x0/0xc returned 0 after 0 usecs
[    3.574245] calling  fib_rules_init+0x0/0xab @ 1
[    3.579273] initcall fib_rules_init+0x0/0xab returned 0 after 0 usecs
[    3.586243] calling  pktsched_init+0x0/0x10e @ 1
[    3.592262] initcall pktsched_init+0x0/0x10e returned 0 after 0 usecs
[    3.598243] calling  tc_filter_init+0x0/0xfa @ 1
[    3.603279] initcall tc_filter_init+0x0/0xfa returned 0 after 0 usecs
[    3.610244] calling  tc_action_init+0x0/0x54 @ 1
[    3.615245] initcall tc_action_init+0x0/0x54 returned 0 after 0 usecs
[    3.622243] calling  ethnl_init+0x0/0x52 @ 1
[    3.627345] initcall ethnl_init+0x0/0x52 returned 0 after 0 usecs
[    3.634246] calling  nexthop_init+0x0/0xd8 @ 1
[    3.640297] initcall nexthop_init+0x0/0xd8 returned 0 after 0 usecs
[    3.647246] calling  cipso_v4_init+0x0/0x5d @ 1
[    3.652281] initcall cipso_v4_init+0x0/0x5d returned 0 after 0 usecs
[    3.659243] calling  ieee80211_init+0x0/0x24 @ 1
[    3.665287] initcall ieee80211_init+0x0/0x24 returned 0 after 0 usecs
[    3.672243] calling  netlbl_init+0x0/0x78 @ 1
[    3.677241] NetLabel: Initializing
[    3.681241] NetLabel:  domain hash size = 128
[    3.686241] NetLabel:  protocols = UNLABELED CIPSOv4 CALIPSO
[    3.692374] NetLabel:  unlabeled traffic allowed by default
[    3.699259] initcall netlbl_init+0x0/0x78 returned 0 after 21484 usecs
[    3.706244] calling  rfkill_init+0x0/0x111 @ 1
[    3.712451] initcall rfkill_init+0x0/0x111 returned 0 after 0 usecs
[    3.719243] calling  pci_subsys_init+0x0/0x66 @ 1
[    3.725318] PCI: Using ACPI for IRQ routing
[    4.361735] PCI: pci_cache_line_size set to 64 bytes
[    4.368013] e820: reserve RAM buffer [mem 0x0009fc00-0x0009ffff]
[    4.374271] e820: reserve RAM buffer [mem 0x1ffdf000-0x1fffffff]
[    4.380324] initcall pci_subsys_init+0x0/0x66 returned 0 after 640625 usecs
[    4.388292] calling  nmi_warning_debugfs+0x0/0x26 @ 1
[    4.393319] initcall nmi_warning_debugfs+0x0/0x26 returned 0 after 976 usecs
[    4.401258] calling  save_microcode_in_initrd+0x0/0x51 @ 1
[    4.407357] initcall save_microcode_in_initrd+0x0/0x51 returned 0 after 0 usecs
[    4.415245] calling  hpet_late_init+0x0/0x207 @ 1
[    4.420374] hpet: 3 channels of 0 reserved for per-cpu timers
[    4.426325] hpet0: at MMIO 0xfed00000, IRQs 2, 8, 0
[    4.431241] hpet0: 3 comparators, 64-bit 100.000000 MHz counter
[    4.442244] initcall hpet_late_init+0x0/0x207 returned 0 after 21484 usecs
[    4.449244] calling  init_amd_nbs+0x0/0x11c @ 1
[    4.455253] initcall init_amd_nbs+0x0/0x11c returned 0 after 0 usecs
[    4.464247] calling  clocksource_done_booting+0x0/0x41 @ 1
[    4.474731] clocksource: Switched to clocksource kvm-clock
[    4.481843] initcall clocksource_done_booting+0x0/0x41 returned 0 after 10352 usecs
[    4.489975] calling  tracer_init_tracefs+0x0/0x242 @ 1
[    4.644627] initcall tracer_init_tracefs+0x0/0x242 returned 0 after 145667 usecs
[    4.653430] calling  init_trace_printk_function_export+0x0/0x2c @ 1
[    4.660859] initcall init_trace_printk_function_export+0x0/0x2c returned 0 after 105 usecs
[    4.670420] calling  init_kprobe_trace+0x0/0x1a9 @ 1
[    4.676225] initcall init_kprobe_trace+0x0/0x1a9 returned 0 after 8 usecs
[    4.684246] calling  init_dynamic_event+0x0/0x3d @ 1
[    4.690148] initcall init_dynamic_event+0x0/0x3d returned 0 after 6 usecs
[    4.698047] calling  init_uprobe_trace+0x0/0x5c @ 1
[    4.703755] initcall init_uprobe_trace+0x0/0x5c returned 0 after 22 usecs
[    4.711628] calling  init_pipe_fs+0x0/0x44 @ 1
[    4.716899] initcall init_pipe_fs+0x0/0x44 returned 0 after 56 usecs
[    4.724229] calling  inotify_user_setup+0x0/0x47 @ 1
[    4.730073] initcall inotify_user_setup+0x0/0x47 returned 0 after 30 usecs
[    4.737986] calling  eventpoll_init+0x0/0xd4 @ 1
[    4.743409] initcall eventpoll_init+0x0/0xd4 returned 0 after 28 usecs
[    4.750965] calling  anon_inode_init+0x0/0x58 @ 1
[    4.756569] initcall anon_inode_init+0x0/0x58 returned 0 after 32 usecs
[    4.763853] calling  proc_locks_init+0x0/0x27 @ 1
[    4.769059] initcall proc_locks_init+0x0/0x27 returned 0 after 4 usecs
[    4.776179] calling  iomap_init+0x0/0x1b @ 1
[    4.781425] initcall iomap_init+0x0/0x1b returned 0 after 481 usecs
[    4.788246] calling  dquot_init+0x0/0x106 @ 1
[    4.793053] VFS: Disk quotas dquot_6.6.0
[    4.797490] VFS: Dquot-cache hash table entries: 512 (order 0, 4096 bytes)
[    4.804927] initcall dquot_init+0x0/0x106 returned 0 after 11601 usecs
[    4.811967] calling  quota_init+0x0/0x23 @ 1
[    4.816638] initcall quota_init+0x0/0x23 returned 0 after 10 usecs
[    4.823317] calling  proc_cmdline_init+0x0/0x21 @ 1
[    4.828649] initcall proc_cmdline_init+0x0/0x21 returned 0 after 4 usecs
[    4.835901] calling  proc_consoles_init+0x0/0x24 @ 1
[    4.841375] initcall proc_consoles_init+0x0/0x24 returned 0 after 3 usecs
[    4.848687] calling  proc_cpuinfo_init+0x0/0x1e @ 1
[    4.854058] initcall proc_cpuinfo_init+0x0/0x1e returned 0 after 2 usecs
[    4.861697] calling  proc_devices_init+0x0/0x24 @ 1
[    4.867426] initcall proc_devices_init+0x0/0x24 returned 0 after 3 usecs
[    4.875004] calling  proc_interrupts_init+0x0/0x24 @ 1
[    4.880661] initcall proc_interrupts_init+0x0/0x24 returned 0 after 2 usecs
[    4.888334] calling  proc_loadavg_init+0x0/0x21 @ 1
[    4.894075] initcall proc_loadavg_init+0x0/0x21 returned 0 after 2 usecs
[    4.901899] calling  proc_meminfo_init+0x0/0x21 @ 1
[    4.907593] initcall proc_meminfo_init+0x0/0x21 returned 0 after 2 usecs
[    4.915356] calling  proc_stat_init+0x0/0x1e @ 1
[    4.920719] initcall proc_stat_init+0x0/0x1e returned 0 after 3 usecs
[    4.927613] calling  proc_uptime_init+0x0/0x21 @ 1
[    4.932821] initcall proc_uptime_init+0x0/0x21 returned 0 after 2 usecs
[    4.939862] calling  proc_version_init+0x0/0x21 @ 1
[    4.945139] initcall proc_version_init+0x0/0x21 returned 0 after 2 usecs
[    4.952210] calling  proc_softirqs_init+0x0/0x21 @ 1
[    4.957563] initcall proc_softirqs_init+0x0/0x21 returned 0 after 2 usecs
[    4.964744] calling  proc_kcore_init+0x0/0xea @ 1
[    4.969818] initcall proc_kcore_init+0x0/0xea returned 0 after 22 usecs
[    4.976811] calling  vmcore_init+0x0/0x578 @ 1
[    4.981598] initcall vmcore_init+0x0/0x578 returned 0 after 14 usecs
[    4.988372] calling  proc_kmsg_init+0x0/0x21 @ 1
[    4.993374] initcall proc_kmsg_init+0x0/0x21 returned 0 after 13 usecs
[    5.000289] calling  proc_page_init+0x0/0x3b @ 1
[    5.005248] initcall proc_page_init+0x0/0x3b returned 0 after 3 usecs
[    5.012080] calling  init_ramfs_fs+0x0/0xc @ 1
[    5.016864] initcall init_ramfs_fs+0x0/0xc returned 0 after 2 usecs
[    5.023506] calling  init_hugetlbfs_fs+0x0/0xf6 @ 1
[    5.028839] initcall init_hugetlbfs_fs+0x0/0xf6 returned 0 after 115 usecs
[    5.036921] calling  blk_scsi_ioctl_init+0x0/0x2a5 @ 1
[    5.042833] initcall blk_scsi_ioctl_init+0x0/0x2a5 returned 0 after 24 usecs
[    5.050839] calling  acpi_event_init+0x0/0x2c @ 1
[    5.056231] initcall acpi_event_init+0x0/0x2c returned 0 after 16 usecs
[    5.063737] calling  pnp_system_init+0x0/0xc @ 1
[    5.069133] initcall pnp_system_init+0x0/0xc returned 0 after 84 usecs
[    5.076550] calling  pnpacpi_init+0x0/0x69 @ 1
[    5.081667] pnp: PnP ACPI init
[    5.085542] pnp 00:00: Plug and Play ACPI device, IDs PNP0303 (active)
[    5.093097] pnp 00:01: Plug and Play ACPI device, IDs PNP0f13 (active)
[    5.100552] pnp 00:02: Plug and Play ACPI device, IDs PNP0400 (active)
[    5.108058] pnp 00:03: Plug and Play ACPI device, IDs PNP0501 (active)
[    5.115541] pnp 00:04: Plug and Play ACPI device, IDs PNP0b00 (active)
[    5.123074] system 00:05: [mem 0xb0000000-0xbfffffff window] has been reserved
[    5.131299] system 00:05: Plug and Play ACPI device, IDs PNP0c01 (active)
[    5.140108] pnp: PnP ACPI: found 6 devices
[    5.144898] initcall pnpacpi_init+0x0/0x69 returned 0 after 61745 usecs
[    5.152488] calling  chr_dev_init+0x0/0x14d @ 1
[    5.181162] initcall chr_dev_init+0x0/0x14d returned 0 after 22893 usecs
[    5.188898] calling  firmware_class_init+0x0/0xe7 @ 1
[    5.194756] initcall firmware_class_init+0x0/0xe7 returned 0 after 63 usecs
[    5.202789] calling  init_pcmcia_bus+0x0/0x5b @ 1
[    5.207928] initcall init_pcmcia_bus+0x0/0x5b returned 0 after 22 usecs
[    5.214958] calling  init_acpi_pm_clocksource+0x0/0xda @ 1
[    5.236938] clocksource: acpi_pm: mask: 0xffffff max_cycles: 0xffffff, max_idle_ns: 2085701024 ns
[    5.246713] initcall init_acpi_pm_clocksource+0x0/0xda returned 0 after 25107 usecs
[    5.254962] calling  sysctl_core_init+0x0/0x26 @ 1
[    5.261781] initcall sysctl_core_init+0x0/0x26 returned 0 after 1426 usecs
[    5.269247] calling  eth_offload_init+0x0/0x13 @ 1
[    5.274597] initcall eth_offload_init+0x0/0x13 returned 0 after 44 usecs
[    5.281904] calling  ipv4_offload_init+0x0/0x73 @ 1
[    5.287398] initcall ipv4_offload_init+0x0/0x73 returned 0 after 104 usecs
[    5.295461] calling  inet_init+0x0/0x276 @ 1
[    5.301540] NET: Registered protocol family 2
[    5.307737] IP idents hash table entries: 8192 (order: 4, 65536 bytes, linear)
[    5.318363] tcp_listen_portaddr_hash hash table entries: 256 (order: 0, 4096 bytes, linear)
[    5.328427] TCP established hash table entries: 4096 (order: 3, 32768 bytes, linear)
[    5.337511] TCP bind hash table entries: 4096 (order: 4, 65536 bytes, linear)
[    5.345947] TCP: Hash tables configured (established 4096 bind 4096)
[    5.354993] UDP hash table entries: 256 (order: 1, 8192 bytes, linear)
[    5.362340] UDP-Lite hash table entries: 256 (order: 1, 8192 bytes, linear)
[    5.370145] initcall inet_init+0x0/0x276 returned 0 after 68004 usecs
[    5.377137] calling  af_unix_init+0x0/0x4d @ 1
[    5.382021] NET: Registered protocol family 1
[    5.386854] initcall af_unix_init+0x0/0x4d returned 0 after 4733 usecs
[    5.393998] calling  ipv6_offload_init+0x0/0x7e @ 1
[    5.399351] initcall ipv6_offload_init+0x0/0x7e returned 0 after 43 usecs
[    5.406739] calling  init_sunrpc+0x0/0x65 @ 1
[    5.414125] RPC: Registered named UNIX socket transport module.
[    5.420599] RPC: Registered udp transport module.
[    5.425745] RPC: Registered tcp transport module.
[    5.430893] RPC: Registered tcp NFSv4.1 backchannel transport module.
[    5.437866] initcall init_sunrpc+0x0/0x65 returned 0 after 25749 usecs
[    5.444904] calling  cfg80211_init+0x0/0xc5 @ 1
[    5.451646] initcall cfg80211_init+0x0/0xc5 returned 0 after 1752 usecs
[    5.459057] calling  pcibios_assign_resources+0x0/0xbf @ 1
[    5.465839] pci_bus 0000:00: resource 4 [io  0x0000-0x0cf7 window]
[    5.473118] pci_bus 0000:00: resource 5 [io  0x0d00-0xffff window]
[    5.480278] pci_bus 0000:00: resource 6 [mem 0x000a0000-0x000bffff window]
[    5.488235] pci_bus 0000:00: resource 7 [mem 0x20000000-0xafffffff window]
[    5.496234] pci_bus 0000:00: resource 8 [mem 0xc0000000-0xfebfffff window]
[    5.504168] pci_bus 0000:00: resource 9 [mem 0x100000000-0x8ffffffff window]
[    5.512584] initcall pcibios_assign_resources+0x0/0xbf returned 0 after 45943 usecs
[    5.521426] calling  pci_apply_final_quirks+0x0/0x124 @ 1
[    5.527978] pci 0000:00:01.0: calling  pci_fixup_video+0x0/0xe0 @ 1
[    5.535683] pci 0000:00:01.0: Video device with shadowed ROM at [mem 0x000c0000-0x000dffff]
[    5.545386] pci 0000:00:01.0: pci_fixup_video+0x0/0xe0 took 9915 usecs
[    5.552853] PCI: CLS 0 bytes, default 64
[    5.557233] initcall pci_apply_final_quirks+0x0/0x124 returned 0 after 28863 usecs
[    5.565405] calling  acpi_reserve_resources+0x0/0xea @ 1
[    5.571385] initcall acpi_reserve_resources+0x0/0xea returned 0 after 139 usecs
[    5.579298] calling  populate_rootfs+0x0/0x102 @ 1
[    5.585781] initcall populate_rootfs+0x0/0x102 returned 0 after 1213 usecs
[    5.593373] calling  pci_iommu_init+0x0/0x3e @ 1
[    5.598689] initcall pci_iommu_init+0x0/0x3e returned 0 after 232 usecs
[    5.605934] calling  ia32_binfmt_init+0x0/0x13 @ 1
[    5.611841] initcall ia32_binfmt_init+0x0/0x13 returned 0 after 131 usecs
[    5.619124] calling  rapl_pmu_init+0x0/0x267 @ 1
[    5.625490] initcall rapl_pmu_init+0x0/0x267 returned -19 after 45 usecs
[    5.634678] calling  amd_uncore_init+0x0/0x310 @ 1
[    5.641360] initcall amd_uncore_init+0x0/0x310 returned -19 after 0 usecs
[    5.650612] calling  amd_ibs_init+0x0/0x27b @ 1
[    5.655683] initcall amd_ibs_init+0x0/0x27b returned -19 after 0 usecs
[    5.662639] calling  amd_iommu_pc_init+0x0/0x215 @ 1
[    5.667988] initcall amd_iommu_pc_init+0x0/0x215 returned -19 after 27 usecs
[    5.675545] calling  msr_init+0x0/0x55 @ 1
[    5.680241] initcall msr_init+0x0/0x55 returned 0 after 129 usecs
[    5.686801] calling  intel_uncore_init+0x0/0x36f @ 1
[    5.692189] initcall intel_uncore_init+0x0/0x36f returned -19 after 27 usecs
[    5.699718] calling  cstate_pmu_init+0x0/0x1a1 @ 1
[    5.704898] initcall cstate_pmu_init+0x0/0x1a1 returned -19 after 0 usecs
[    5.712092] calling  register_kernel_offset_dumper+0x0/0x1a @ 1
[    5.718416] initcall register_kernel_offset_dumper+0x0/0x1a returned 0 after 25 usecs
[    5.726671] calling  i8259A_init_ops+0x0/0x20 @ 1
[    5.731737] initcall i8259A_init_ops+0x0/0x20 returned 0 after 1 usecs
[    5.738674] calling  init_tsc_clocksource+0x0/0xa4 @ 1
[    5.744155] clocksource: tsc: mask: 0xffffffffffffffff max_cycles: 0x39a85afc727, max_idle_ns: 881590685098 ns
[    5.754714] initcall init_tsc_clocksource+0x0/0xa4 returned 0 after 10317 usecs
[    5.762423] calling  add_rtc_cmos+0x0/0xb0 @ 1
[    5.767328] initcall add_rtc_cmos+0x0/0xb0 returned 0 after 155 usecs
[    5.774207] calling  i8237A_init_ops+0x0/0x3a @ 1
[    5.779379] initcall i8237A_init_ops+0x0/0x3a returned 0 after 134 usecs
[    5.786475] calling  umwait_init+0x0/0x94 @ 1
[    5.791188] initcall umwait_init+0x0/0x94 returned -19 after 18 usecs
[    5.798028] calling  thermal_throttle_init_device+0x0/0x3d @ 1
[    5.804326] initcall thermal_throttle_init_device+0x0/0x3d returned 0 after 98 usecs
[    5.812489] calling  msr_init+0x0/0xd7 @ 1
[    5.833507] initcall msr_init+0x0/0xd7 returned 0 after 16233 usecs
[    5.840407] calling  cpuid_init+0x0/0xd7 @ 1
[    5.854387] initcall cpuid_init+0x0/0xd7 returned 0 after 9160 usecs
[    5.861219] calling  ioapic_init_ops+0x0/0x13 @ 1
[    5.866330] initcall ioapic_init_ops+0x0/0x13 returned 0 after 83 usecs
[    5.873313] calling  add_pcspkr+0x0/0x6c @ 1
[    5.877947] initcall add_pcspkr+0x0/0x6c returned 0 after 59 usecs
[    5.884523] calling  start_periodic_check_for_corruption+0x0/0x30 @ 1
[    5.891380] check: Scanning for low memory corruption every 60 seconds
[    5.898376] initcall start_periodic_check_for_corruption+0x0/0x30 returned 0 after 6840 usecs
[    5.907882] calling  sysfb_init+0x0/0x9c @ 1
[    5.912608] initcall sysfb_init+0x0/0x9c returned 0 after 93 usecs
[    5.919320] calling  audit_classes_init+0x0/0xae @ 1
[    5.924779] initcall audit_classes_init+0x0/0xae returned 0 after 48 usecs
[    5.932170] calling  iosf_mbi_init+0x0/0x24 @ 1
[    5.937367] initcall iosf_mbi_init+0x0/0x24 returned 0 after 261 usecs
[    5.944384] calling  proc_execdomains_init+0x0/0x21 @ 1
[    5.950058] initcall proc_execdomains_init+0x0/0x21 returned 0 after 16 usecs
[    5.957739] calling  register_warn_debugfs+0x0/0x23 @ 1
[    5.963429] initcall register_warn_debugfs+0x0/0x23 returned 0 after 21 usecs
[    5.971081] calling  cpuhp_sysfs_init+0x0/0x79 @ 1
[    5.976458] initcall cpuhp_sysfs_init+0x0/0x79 returned 0 after 166 usecs
[    5.983748] calling  ioresources_init+0x0/0x49 @ 1
[    5.988963] initcall ioresources_init+0x0/0x49 returned 0 after 5 usecs
[    5.996074] calling  snapshot_device_init+0x0/0xc @ 1
[    6.001950] initcall snapshot_device_init+0x0/0xc returned 0 after 366 usecs
[    6.009598] calling  irq_pm_init_ops+0x0/0x13 @ 1
[    6.014760] initcall irq_pm_init_ops+0x0/0x13 returned 0 after 42 usecs
[    6.021915] calling  rcu_torture_init+0x0/0x9a6 @ 1
[    6.027293] rcu-torture:--- Start of test: nreaders=15 nfakewriters=4 stat_interval=15 verbose=1 test_no_idle_hz=1 shuffle_interval=3 stutter=5 irqreader=1 fqs_duration=0 fqs_holdoff=0 fqs_stutter=3 test_boost=1/0 test_boost_interval=7 test_boost_duration=4 shutdown_secs=60 stall_cpu=0 stall_cpu_holdoff=10 stall_cpu_irqsoff=0 stall_cpu_block=0 n_barrier_cbs=4 onoff_interval=200 onoff_holdoff=30 read_exit_delay=13 read_exit_burst=16
[    6.067620] rcu:  Start-test grace-period state: g-996 f0x0
[    6.073890] rcu-torture: Creating rcu_torture_writer task
[    6.080437] rcu-torture: Creating rcu_torture_fakewriter task
[    6.080464] rcu-torture: rcu_torture_writer task started
[    6.087359] rcu-torture: Creating rcu_torture_fakewriter task
[    6.087414] rcu-torture: rcu_torture_fakewriter task started
[    6.092575] rcu-torture: GP expediting controlled from boot/sysfs for rcu.
[    6.092576] rcu_torture_writer: Testing conditional GPs.
[    6.092577] rcu_torture_writer: Testing expedited GPs.
[    6.092577] rcu_torture_writer: Testing asynchronous GPs.
[    6.092578] rcu_torture_writer: Testing normal GPs.
[    6.135722] rcu-torture: Creating rcu_torture_fakewriter task
[    6.135760] rcu-torture: rcu_torture_fakewriter task started
[    6.142793] rcu-torture: Creating rcu_torture_fakewriter task
[    6.142831] rcu-torture: rcu_torture_fakewriter task started
[    6.161450] rcu-torture: Creating rcu_torture_reader task
[    6.161458] rcu-torture: rcu_torture_fakewriter task started
[    6.167990] rcu-torture: Creating rcu_torture_reader task
[    6.168006] rcu-torture: rcu_torture_reader task started
[    6.188623] rcu-torture: Creating rcu_torture_reader task
[    6.188647] rcu-torture: rcu_torture_reader task started
[    6.195287] rcu-torture: Creating rcu_torture_reader task
[    6.195447] rcu-torture: rcu_torture_reader task started
[    6.213092] rcu-torture: Creating rcu_torture_reader task
[    6.213120] rcu-torture: rcu_torture_reader task started
[    6.219696] rcu-torture: Creating rcu_torture_reader task
[    6.219724] rcu-torture: rcu_torture_reader task started
[    6.237435] rcu-torture: Creating rcu_torture_reader task
[    6.237486] rcu-torture: rcu_torture_reader task started
[    6.244067] rcu-torture: Creating rcu_torture_reader task
[    6.244102] rcu-torture: rcu_torture_reader task started
[    6.282909] rcu-torture: rcu_torture_reader task started
[    6.282916] rcu-torture: Creating rcu_torture_reader task
[    6.283715] rcu-torture: Creating rcu_torture_reader task
[    6.283753] rcu-torture: rcu_torture_reader task started
[    6.307619] rcu-torture: Creating rcu_torture_reader task
[    6.307636] rcu-torture: rcu_torture_reader task started
[    6.314396] rcu-torture: Creating rcu_torture_reader task
[    6.314403] rcu-torture: rcu_torture_reader task started
[    6.332660] rcu-torture: Creating rcu_torture_reader task
[    6.332704] rcu-torture: rcu_torture_reader task started
[    6.345630] rcu-torture: Creating rcu_torture_reader task
[    6.345641] rcu-torture: rcu_torture_reader task started
[    6.352397] rcu-torture: Creating rcu_torture_reader task
[    6.352406] rcu-torture: rcu_torture_reader task started
[    6.371667] rcu-torture: Creating rcu_torture_stats task
[    6.371716] rcu-torture: rcu_torture_reader task started
[    6.379904] rcu-torture: Creating torture_shuffle task
[    6.379920] rcu-torture: rcu_torture_stats task started
[    6.399232] rcu-torture: Creating torture_stutter task
[    6.399255] rcu-torture: torture_shuffle task started
[    6.405963] rcu-torture: Creating torture_shutdown task
[    6.405983] rcu-torture: torture_stutter task started
[    6.423362] rcu-torture: Creating torture_onoff task
[    6.423427] rcu-torture: torture_shutdown task started
[    6.429886] rcu-torture: torture_onoff task started
[    6.429952] rcu-torture: Creating rcu_torture_fwd_prog task
[    6.430655] rcu-torture: Creating rcu_torture_barrier_cbs task
[    6.430677] rcu-torture: rcu_torture_fwd_progress task started
[    6.431224] rcu-torture: Creating rcu_torture_barrier_cbs task
[    6.431298] rcu-torture: rcu_torture_barrier_cbs task started
[    6.431761] rcu-torture: Creating rcu_torture_barrier_cbs task
[    6.431791] rcu-torture: rcu_torture_barrier_cbs task started
[    6.432791] rcu-torture: Creating rcu_torture_barrier_cbs task
[    6.432811] rcu-torture: rcu_torture_barrier_cbs task started
[    6.433512] rcu-torture: Creating rcu_torture_barrier task
[    6.433536] rcu-torture: rcu_torture_barrier_cbs task started
[    6.434077] rcu-torture: Creating rcu_torture_read_exit task
[    6.434092] rcu-torture: rcu_torture_barrier task starting
[    6.434642] rcu-torture:torture_shutdown task: 59971 ms remaining
[    6.434773] rcu-torture: rcu_torture_read_exit: Start of test
[    6.434964] initcall rcu_torture_init+0x0/0x9a6 returned 0 after 398100 usecs
[    6.435050] calling  timekeeping_init_ops+0x0/0x13 @ 1
[    6.435092] initcall timekeeping_init_ops+0x0/0x13 returned 0 after 38 usecs
[    6.435094] calling  init_clocksource_sysfs+0x0/0x23 @ 1
[    6.435947] initcall init_clocksource_sysfs+0x0/0x23 returned 0 after 829 usecs
[    6.435949] calling  init_timer_list_procfs+0x0/0x31 @ 1
[    6.436102] initcall init_timer_list_procfs+0x0/0x31 returned 0 after 146 usecs
[    6.436104] calling  alarmtimer_init+0x0/0xc7 @ 1
[    6.436385] initcall alarmtimer_init+0x0/0xc7 returned 0 after 272 usecs
[    6.436387] calling  init_posix_timers+0x0/0x29 @ 1
[    6.436435] initcall init_posix_timers+0x0/0x29 returned 0 after 44 usecs
[    6.436436] calling  clockevents_init_sysfs+0x0/0xbf @ 1
[    6.436711] initcall clockevents_init_sysfs+0x0/0xbf returned 0 after 265 usecs
[    6.436713] calling  proc_dma_init+0x0/0x21 @ 1
[    6.436716] initcall proc_dma_init+0x0/0x21 returned 0 after 1 usecs
[    6.436718] calling  proc_modules_init+0x0/0x1e @ 1
[    6.436721] initcall proc_modules_init+0x0/0x1e returned 0 after 1 usecs
[    6.436723] calling  kallsyms_init+0x0/0x21 @ 1
[    6.436725] initcall kallsyms_init+0x0/0x21 returned 0 after 0 usecs
[    6.436727] calling  pid_namespaces_init+0x0/0x2c @ 1
[    6.436947] initcall pid_namespaces_init+0x0/0x2c returned 0 after 212 usecs
[    6.436956] calling  audit_watch_init+0x0/0x37 @ 1
[    6.436981] initcall audit_watch_init+0x0/0x37 returned 0 after 21 usecs
[    6.436982] calling  audit_fsnotify_init+0x0/0x37 @ 1
[    6.436984] initcall audit_fsnotify_init+0x0/0x37 returned 0 after 0 usecs
[    6.436986] calling  audit_tree_init+0x0/0x6d @ 1
[    6.436989] initcall audit_tree_init+0x0/0x6d returned 0 after 1 usecs
[    6.436991] calling  seccomp_sysctl_init+0x0/0x2b @ 1
[    6.437045] initcall seccomp_sysctl_init+0x0/0x2b returned 0 after 50 usecs
[    6.437046] calling  utsname_sysctl_init+0x0/0x13 @ 1
[    6.437066] initcall utsname_sysctl_init+0x0/0x13 returned 0 after 17 usecs
[    6.437068] calling  init_tracepoints+0x0/0x27 @ 1
[    6.437092] initcall init_tracepoints+0x0/0x27 returned 0 after 21 usecs
[    6.437094] calling  init_blk_tracer+0x0/0x50 @ 1
[    6.437790] initcall init_blk_tracer+0x0/0x50 returned 0 after 676 usecs
[    6.437792] calling  perf_event_sysfs_init+0x0/0x81 @ 1
[    6.437991] initcall perf_event_sysfs_init+0x0/0x81 returned 0 after 184 usecs
[    6.437994] calling  system_trusted_keyring_init+0x0/0x60 @ 1
[    6.437995] Initialise system trusted keyrings
[    6.438058] initcall system_trusted_keyring_init+0x0/0x60 returned 0 after 60 usecs
[    6.438060] calling  kswapd_init+0x0/0x5c @ 1
[    6.438771] initcall kswapd_init+0x0/0x5c returned 0 after 691 usecs
[    6.438774] calling  extfrag_debug_init+0x0/0x54 @ 1
[    6.438992] initcall extfrag_debug_init+0x0/0x54 returned 0 after 210 usecs
[    6.438994] calling  mm_compute_batch_init+0x0/0x12 @ 1
[    6.438997] initcall mm_compute_batch_init+0x0/0x12 returned 0 after 0 usecs
[    6.438999] calling  slab_proc_init+0x0/0x21 @ 1
[    6.439012] initcall slab_proc_init+0x0/0x21 returned 0 after 10 usecs
[    6.439013] calling  workingset_init+0x0/0x8c @ 1
[    6.439021] workingset: timestamp_bits=56 max_order=17 bucket_order=0
[    6.439056] initcall workingset_init+0x0/0x8c returned 0 after 40 usecs
[    6.439057] calling  proc_vmalloc_init+0x0/0x32 @ 1
[    6.439060] initcall proc_vmalloc_init+0x0/0x32 returned 0 after 1 usecs
[    6.439062] calling  procswaps_init+0x0/0x1e @ 1
[    6.439080] initcall procswaps_init+0x0/0x1e returned 0 after 16 usecs
[    6.439082] calling  slab_sysfs_init+0x0/0xea @ 1
[    6.440016] rcu-torture: torture_onoff begin holdoff
[    6.441099] initcall slab_sysfs_init+0x0/0xea returned 0 after 1965 usecs
[    6.927741] calling  fcntl_init+0x0/0x29 @ 1
[    6.933997] initcall fcntl_init+0x0/0x29 returned 0 after 185 usecs
[    6.942828] calling  proc_filesystems_init+0x0/0x21 @ 1
[    6.950483] initcall proc_filesystems_init+0x0/0x21 returned 0 after 265 usecs
[    6.960551] calling  start_dirtytime_writeback+0x0/0x29 @ 1
[    6.966771] initcall start_dirtytime_writeback+0x0/0x29 returned 0 after 134 usecs
[    6.974917] calling  blkdev_init+0x0/0x1b @ 1
[    6.979984] initcall blkdev_init+0x0/0x1b returned 0 after 237 usecs
[    6.986967] calling  dio_init+0x0/0x2c @ 1
[    6.991642] initcall dio_init+0x0/0x2c returned 0 after 129 usecs
[    6.998300] calling  dnotify_init+0x0/0x78 @ 1
[    7.003335] initcall dnotify_init+0x0/0x78 returned 0 after 73 usecs
[    7.010344] calling  aio_setup+0x0/0x78 @ 1
[    7.015403] initcall aio_setup+0x0/0x78 returned 0 after 435 usecs
[    7.022132] calling  io_uring_init+0x0/0x2c @ 1
[    7.027031] initcall io_uring_init+0x0/0x2c returned 0 after 5 usecs
[    7.033906] calling  mbcache_init+0x0/0x30 @ 1
[    7.038895] initcall mbcache_init+0x0/0x30 returned 0 after 173 usecs
[    7.045808] calling  init_grace+0x0/0xc @ 1
[    7.050433] initcall init_grace+0x0/0xc returned 0 after 73 usecs
[    7.058308] calling  init_v2_quota_format+0x0/0x21 @ 1
[    7.064347] initcall init_v2_quota_format+0x0/0x21 returned 0 after 89 usecs
[    7.073405] calling  init_devpts_fs+0x0/0x27 @ 1
[    7.079922] initcall init_devpts_fs+0x0/0x27 returned 0 after 112 usecs
[    7.089089] calling  ext4_init_fs+0x0/0x1d0 @ 1
[    7.095667] initcall ext4_init_fs+0x0/0x1d0 returned 0 after 310 usecs
[    7.103249] calling  journal_init+0x0/0x11c @ 1
[    7.108443] initcall journal_init+0x0/0x11c returned 0 after 275 usecs
[    7.115517] calling  init_fat_fs+0x0/0x49 @ 1
[    7.120489] initcall init_fat_fs+0x0/0x49 returned 0 after 258 usecs
[    7.127373] calling  init_vfat_fs+0x0/0xc @ 1
[    7.132253] initcall init_vfat_fs+0x0/0xc returned 0 after 116 usecs
[    7.139111] calling  init_msdos_fs+0x0/0xc @ 1
[    7.144058] initcall init_msdos_fs+0x0/0xc returned 0 after 113 usecs
[    7.150963] calling  init_iso9660_fs+0x0/0x6c @ 1
[    7.156249] initcall init_iso9660_fs+0x0/0x6c returned 0 after 212 usecs
[    7.164477] calling  init_nfs_fs+0x0/0x13a @ 1
[    7.171549] initcall init_nfs_fs+0x0/0x13a returned 0 after 1597 usecs
[    7.178600] calling  init_nfs_v2+0x0/0x13 @ 1
[    7.183372] initcall init_nfs_v2+0x0/0x13 returned 0 after 15 usecs
[    7.190117] calling  init_nfs_v3+0x0/0x13 @ 1
[    7.194820] initcall init_nfs_v3+0x0/0x13 returned 0 after 1 usecs
[    7.201407] calling  init_nfs_v4+0x0/0x32 @ 1
[    7.206137] NFS: Registering the id_resolver key type
[    7.214347] Key type id_resolver registered
[    7.218948] Key type id_legacy registered
[    7.223543] initcall init_nfs_v4+0x0/0x32 returned 0 after 16995 usecs
[    7.230536] calling  init_nlm+0x0/0x5b @ 1
[    7.235180] initcall init_nlm+0x0/0x5b returned 0 after 165 usecs
[    7.241756] calling  init_nls_cp437+0x0/0xe @ 1
[    7.246735] initcall init_nls_cp437+0x0/0xe returned 0 after 15 usecs
[    7.253660] calling  init_nls_ascii+0x0/0xe @ 1
[    7.258623] initcall init_nls_ascii+0x0/0xe returned 0 after 0 usecs
[    7.265411] calling  init_nls_iso8859_1+0x0/0xe @ 1
[    7.270729] initcall init_nls_iso8859_1+0x0/0xe returned 0 after 0 usecs
[    7.277935] calling  init_nls_utf8+0x0/0x21 @ 1
[    7.282861] initcall init_nls_utf8+0x0/0x21 returned 0 after 0 usecs
[    7.289771] calling  init_autofs_fs+0x0/0x25 @ 1
[    7.297738] initcall init_autofs_fs+0x0/0x25 returned 0 after 1618 usecs
[    7.307019] calling  ipc_init+0x0/0x24 @ 1
[    7.312845] initcall ipc_init+0x0/0x24 returned 0 after 52 usecs
[    7.321093] calling  ipc_sysctl_init+0x0/0x13 @ 1
[    7.326447] initcall ipc_sysctl_init+0x0/0x13 returned 0 after 27 usecs
[    7.333571] calling  init_mqueue_fs+0x0/0x9a @ 1
[    7.338748] initcall init_mqueue_fs+0x0/0x9a returned 0 after 181 usecs
[    7.345919] calling  key_proc_init+0x0/0x63 @ 1
[    7.351039] initcall key_proc_init+0x0/0x63 returned 0 after 133 usecs
[    7.358104] calling  selinux_nf_ip_init+0x0/0x2e @ 1
[    7.363675] initcall selinux_nf_ip_init+0x0/0x2e returned 0 after 175 usecs
[    7.371368] calling  init_sel_fs+0x0/0x116 @ 1
[    7.376249] initcall init_sel_fs+0x0/0x116 returned 0 after 0 usecs
[    7.383119] calling  selnl_init+0x0/0x7c @ 1
[    7.388076] initcall selnl_init+0x0/0x7c returned 0 after 260 usecs
[    7.395459] calling  sel_netif_init+0x0/0x36 @ 1
[    7.401769] initcall sel_netif_init+0x0/0x36 returned 0 after 0 usecs
[    7.408786] calling  sel_netnode_init+0x0/0x33 @ 1
[    7.414028] initcall sel_netnode_init+0x0/0x33 returned 0 after 0 usecs
[    7.421233] calling  sel_netport_init+0x0/0x33 @ 1
[    7.426489] initcall sel_netport_init+0x0/0x33 returned 0 after 0 usecs
[    7.433696] calling  aurule_init+0x0/0x2a @ 1
[    7.438505] initcall aurule_init+0x0/0x2a returned 0 after 1 usecs
[    7.445289] calling  crypto_algapi_init+0x0/0xc @ 1
[    7.450628] initcall crypto_algapi_init+0x0/0xc returned 0 after 4 usecs
[    7.458042] calling  jent_mod_init+0x0/0x2d @ 1
[    7.473815] initcall jent_mod_init+0x0/0x2d returned 0 after 10516 usecs
[    7.481675] calling  asymmetric_key_init+0x0/0xc @ 1
[    7.487634] Key type asymmetric registered
[    7.492468] initcall asymmetric_key_init+0x0/0xc returned 0 after 4856 usecs
[    7.500739] calling  x509_key_init+0x0/0xc @ 1
[    7.505934] Asymmetric key parser 'x509' registered
[    7.511759] initcall x509_key_init+0x0/0xc returned 0 after 5690 usecs
[    7.519377] calling  proc_genhd_init+0x0/0x41 @ 1
[    7.524888] initcall proc_genhd_init+0x0/0x41 returned 0 after 6 usecs
[    7.532327] calling  bsg_init+0x0/0x113 @ 1
[    7.537044] Block layer SCSI generic (bsg) driver version 0.4 loaded (major 251)
[    7.545034] initcall bsg_init+0x0/0x113 returned 0 after 7896 usecs
[    7.551837] calling  deadline_init+0x0/0xc @ 1
[    7.556884] io scheduler mq-deadline registered
[    7.561920] initcall deadline_init+0x0/0xc returned 0 after 4958 usecs
[    7.569006] calling  kyber_init+0x0/0xc @ 1
[    7.573595] io scheduler kyber registered
[    7.578684] initcall kyber_init+0x0/0xc returned 0 after 4967 usecs
[    7.587404] calling  mod_init+0x0/0x7 @ 1
[    7.593189] initcall mod_init+0x0/0x7 returned 0 after 6 usecs
[    7.601556] calling  percpu_counter_startup+0x0/0x55 @ 1
[    7.613081] initcall percpu_counter_startup+0x0/0x55 returned 0 after 4582 usecs
[    7.622588] calling  sg_pool_init+0x0/0xb4 @ 1
[    7.627876] initcall sg_pool_init+0x0/0xb4 returned 0 after 359 usecs
[    7.635007] calling  pcie_portdrv_init+0x0/0x39 @ 1
[    7.640719] initcall pcie_portdrv_init+0x0/0x39 returned 0 after 386 usecs
[    7.648175] calling  pci_proc_init+0x0/0x68 @ 1
[    7.653197] initcall pci_proc_init+0x0/0x68 returned 0 after 51 usecs
[    7.660188] calling  pci_hotplug_init+0x0/0x7 @ 1
[    7.665392] initcall pci_hotplug_init+0x0/0x7 returned 0 after 0 usecs
[    7.672459] calling  efifb_driver_init+0x0/0xe @ 1
[    7.677783] initcall efifb_driver_init+0x0/0xe returned 0 after 56 usecs
[    7.685022] calling  ged_driver_init+0x0/0xe @ 1
[    7.690167] initcall ged_driver_init+0x0/0xe returned 0 after 72 usecs
[    7.697358] calling  acpi_ac_init+0x0/0x92 @ 1
[    7.702773] initcall acpi_ac_init+0x0/0x92 returned 0 after 508 usecs
[    7.709745] calling  acpi_button_driver_init+0x0/0x52 @ 1
[    7.715996] input: Power Button as /devices/LNXSYSTM:00/LNXPWRBN:00/input/input0
[    7.724902] ACPI: Power Button [PWRF]
[    7.729971] initcall acpi_button_driver_init+0x0/0x52 returned 0 after 13986 usecs
[    7.738037] calling  acpi_fan_driver_init+0x0/0xe @ 1
[    7.743505] initcall acpi_fan_driver_init+0x0/0xe returned 0 after 17 usecs
[    7.750958] calling  acpi_video_init+0x0/0xcb @ 1
[    7.756263] initcall acpi_video_init+0x0/0xcb returned 0 after 53 usecs
[    7.763312] calling  acpi_processor_driver_init+0x0/0xad @ 1
[    7.770653] initcall acpi_processor_driver_init+0x0/0xad returned 0 after 1186 usecs
[    7.778995] calling  acpi_thermal_init+0x0/0x71 @ 1
[    7.785057] initcall acpi_thermal_init+0x0/0x71 returned 0 after 815 usecs
[    7.792533] calling  acpi_battery_init+0x0/0x32 @ 1
[    7.797929] initcall acpi_battery_init+0x0/0x32 returned 0 after 155 usecs
[    7.805202] calling  bgrt_init+0x0/0xb6 @ 1
[    7.809743] initcall bgrt_init+0x0/0xb6 returned -19 after 13 usecs
[    7.816366] calling  gpio_clk_driver_init+0x0/0xe @ 1
[    7.821824] initcall gpio_clk_driver_init+0x0/0xe returned 0 after 49 usecs
[    7.829177] calling  plt_clk_driver_init+0x0/0xe @ 1
[    7.834515] initcall plt_clk_driver_init+0x0/0xe returned 0 after 10 usecs
[    7.841852] calling  virtio_pci_driver_init+0x0/0x15 @ 1
[    7.847755] initcall virtio_pci_driver_init+0x0/0x15 returned 0 after 205 usecs
[    7.855750] calling  n_null_init+0x0/0x1e @ 1
[    7.860665] initcall n_null_init+0x0/0x1e returned 0 after 154 usecs
[    7.867511] calling  pty_init+0x0/0x1e8 @ 1
[    7.872794] initcall pty_init+0x0/0x1e8 returned 0 after 749 usecs
[    7.881605] calling  sysrq_init+0x0/0x62 @ 1
[    7.887668] initcall sysrq_init+0x0/0x62 returned 0 after 8 usecs
[    7.896139] calling  serial8250_init+0x0/0x17e @ 1
[    7.901529] Serial: 8250/16550 driver, 4 ports, IRQ sharing enabled
[    7.909580] 00:03: ttyS0 at I/O 0x3f8 (irq = 4, base_baud = 115200) is a 16550A
[    7.921553] initcall serial8250_init+0x0/0x17e returned 0 after 19578 usecs
[    7.929254] calling  serial_pci_driver_init+0x0/0x15 @ 1
[    7.934977] initcall serial_pci_driver_init+0x0/0x15 returned 0 after 24 usecs
[    7.942864] calling  exar_pci_driver_init+0x0/0x15 @ 1
[    7.948456] initcall exar_pci_driver_init+0x0/0x15 returned 0 after 21 usecs
[    7.956128] calling  lpss8250_pci_driver_init+0x0/0x15 @ 1
[    7.962177] initcall lpss8250_pci_driver_init+0x0/0x15 returned 0 after 23 usecs
[    7.970215] calling  mid8250_pci_driver_init+0x0/0x15 @ 1
[    7.976206] initcall mid8250_pci_driver_init+0x0/0x15 returned 0 after 131 usecs
[    7.984291] calling  virtio_console_init+0x0/0xff @ 1
[    7.990158] initcall virtio_console_init+0x0/0xff returned 0 after 266 usecs
[    7.997585] calling  hpet_init+0x0/0x64 @ 1
[    8.002923] initcall hpet_init+0x0/0x64 returned 0 after 783 usecs
[    8.009716] calling  nvram_module_init+0x0/0x83 @ 1
[    8.015420] Non-volatile memory driver v1.3
[    8.020079] initcall nvram_module_init+0x0/0x83 returned 0 after 5014 usecs
[    8.027460] calling  hwrng_modinit+0x0/0x8a @ 1
[    8.032774] initcall hwrng_modinit+0x0/0x8a returned 0 after 419 usecs
[    8.040638] calling  mod_init+0x0/0x48 @ 1
[    8.045361] initcall mod_init+0x0/0x48 returned -19 after 0 usecs
[    8.052129] calling  agp_init+0x0/0x23 @ 1
[    8.056798] Linux agpgart interface v0.103
[    8.061461] initcall agp_init+0x0/0x23 returned 0 after 4552 usecs
[    8.068374] calling  agp_amd64_mod_init+0x0/0x5 @ 1
[    8.073965] initcall agp_amd64_mod_init+0x0/0x5 returned -19 after 80 usecs
[    8.081766] calling  agp_intel_init+0x0/0x28 @ 1
[    8.087475] initcall agp_intel_init+0x0/0x28 returned 0 after 470 usecs
[    8.094926] calling  drm_kms_helper_init+0x0/0x7 @ 1
[    8.100603] initcall drm_kms_helper_init+0x0/0x7 returned 0 after 76 usecs
[    8.108199] calling  drm_core_init+0x0/0xa4 @ 1
[    8.113673] initcall drm_core_init+0x0/0xa4 returned 0 after 461 usecs
[    8.120699] calling  i915_init+0x0/0x6b @ 1
[    8.125708] initcall i915_init+0x0/0x6b returned 0 after 335 usecs
[    8.132339] calling  cn_proc_init+0x0/0x35 @ 1
[    8.137176] initcall cn_proc_init+0x0/0x35 returned 0 after 1 usecs
[    8.143922] calling  topology_sysfs_init+0x0/0x27 @ 1
[    8.149665] initcall topology_sysfs_init+0x0/0x27 returned 0 after 183 usecs
[    8.157299] calling  cacheinfo_sysfs_init+0x0/0x27 @ 1
[    8.171379] initcall cacheinfo_sysfs_init+0x0/0x27 returned 0 after 8214 usecs
[    8.179412] calling  loop_init+0x0/0x168 @ 1
[    8.198166] loop: module loaded
[    8.201888] initcall loop_init+0x0/0x168 returned 0 after 17392 usecs
[    8.208966] calling  mac_hid_init+0x0/0x21 @ 1
[    8.213864] initcall mac_hid_init+0x0/0x21 returned 0 after 6 usecs
[    8.220665] calling  spi_transport_init+0x0/0x74 @ 1
[    8.226236] initcall spi_transport_init+0x0/0x74 returned 0 after 79 usecs
[    8.233916] calling  init_sd+0x0/0x18c @ 1
[    8.238513] initcall init_sd+0x0/0x18c returned 0 after 95 usecs
[    8.245230] calling  init_sr+0x0/0x43 @ 1
[    8.249707] initcall init_sr+0x0/0x43 returned 0 after 11 usecs
[    8.256131] calling  init_sg+0x0/0x1c0 @ 1
[    8.260678] initcall init_sg+0x0/0x1c0 returned 0 after 30 usecs
[    8.267152] calling  ahci_pci_driver_init+0x0/0x15 @ 1
[    8.272884] ahci 0000:00:1f.2: version 3.0
[    8.278402] PCI Interrupt Link [GSIA] enabled at IRQ 16
[    8.290154] ahci 0000:00:1f.2: AHCI 0001.0000 32 slots 6 ports 1.5 Gbps 0x3f impl SATA mode
[    8.299329] ahci 0000:00:1f.2: flags: 64bit ncq only 
[    8.316607] scsi host0: ahci
[    8.321702] scsi host1: ahci
[    8.326754] scsi host2: ahci
[    8.348845] scsi host3: ahci
[    8.355502] scsi host4: ahci
[    8.361140] scsi host5: ahci
[    8.364876] ata1: SATA max UDMA/133 abar m4096@0xfebf1000 port 0xfebf1100 irq 24
[    8.372966] ata2: SATA max UDMA/133 abar m4096@0xfebf1000 port 0xfebf1180 irq 24
[    8.381000] ata3: SATA max UDMA/133 abar m4096@0xfebf1000 port 0xfebf1200 irq 24
[    8.389018] ata4: SATA max UDMA/133 abar m4096@0xfebf1000 port 0xfebf1280 irq 24
[    8.397060] ata5: SATA max UDMA/133 abar m4096@0xfebf1000 port 0xfebf1300 irq 24
[    8.405147] ata6: SATA max UDMA/133 abar m4096@0xfebf1000 port 0xfebf1380 irq 24
[    8.414007] initcall ahci_pci_driver_init+0x0/0x15 returned 0 after 137839 usecs
[    8.422404] calling  piix_init+0x0/0x26 @ 1
[    8.427172] initcall piix_init+0x0/0x26 returned 0 after 186 usecs
[    8.433870] calling  amd_pci_driver_init+0x0/0x15 @ 1
[    8.439405] initcall amd_pci_driver_init+0x0/0x15 returned 0 after 19 usecs
[    8.446962] calling  oldpiix_pci_driver_init+0x0/0x15 @ 1
[    8.452906] initcall oldpiix_pci_driver_init+0x0/0x15 returned 0 after 30 usecs
[    8.460757] calling  sch_pci_driver_init+0x0/0x15 @ 1
[    8.466458] initcall sch_pci_driver_init+0x0/0x15 returned 0 after 37 usecs
[    8.474103] calling  net_olddevs_init+0x0/0x55 @ 1
[    8.479501] initcall net_olddevs_init+0x0/0x55 returned 0 after 169 usecs
[    8.486979] calling  blackhole_netdev_init+0x0/0x78 @ 1
[    8.493119] initcall blackhole_netdev_init+0x0/0x78 returned 0 after 385 usecs
[    8.500942] calling  phy_module_init+0x0/0x13 @ 1
[    8.506220] initcall phy_module_init+0x0/0x13 returned 0 after 170 usecs
[    8.513542] calling  tg3_driver_init+0x0/0x15 @ 1
[    8.518737] initcall tg3_driver_init+0x0/0x15 returned 0 after 64 usecs
[    8.525856] calling  e100_init_module+0x0/0x4c @ 1
[    8.531051] e100: Intel(R) PRO/100 Network Driver
[    8.536356] e100: Copyright(c) 1999-2006 Intel Corporation
[    8.542495] initcall e100_init_module+0x0/0x4c returned 0 after 11173 usecs
[    8.550174] calling  e1000_init_module+0x0/0x72 @ 1
[    8.555683] e1000: Intel(R) PRO/1000 Network Driver
[    8.561110] e1000: Copyright (c) 1999-2006 Intel Corporation.
[    8.567571] initcall e1000_init_module+0x0/0x72 returned 0 after 11633 usecs
[    8.575366] calling  e1000_init_module+0x0/0x2d @ 1
[    8.580827] e1000e: Intel(R) PRO/1000 Network Driver
[    8.586352] e1000e: Copyright(c) 1999 - 2015 Intel Corporation.
[    8.593029] initcall e1000_init_module+0x0/0x2d returned 0 after 11914 usecs
[    8.602126] calling  sky2_init_module+0x0/0x21 @ 1
[    8.609533] sky2: driver version 1.30
[    8.615010] initcall sky2_init_module+0x0/0x21 returned 0 after 5621 usecs
[    8.625698] calling  forcedeth_pci_driver_init+0x0/0x15 @ 1
[    8.632359] initcall forcedeth_pci_driver_init+0x0/0x15 returned 0 after 227 usecs
[    8.640914] calling  rtl8139_init_module+0x0/0x15 @ 1
[    8.646664] initcall rtl8139_init_module+0x0/0x15 returned 0 after 26 usecs
[    8.654457] calling  rtl8169_pci_driver_init+0x0/0x15 @ 1
[    8.660642] initcall rtl8169_pci_driver_init+0x0/0x15 returned 0 after 22 usecs
[    8.668942] calling  cdrom_init+0x0/0xc @ 1
[    8.673807] initcall cdrom_init+0x0/0xc returned 0 after 87 usecs
[    8.680677] calling  nonstatic_sysfs_init+0x0/0xc @ 1
[    8.686405] initcall nonstatic_sysfs_init+0x0/0xc returned 0 after 1 usecs
[    8.694141] calling  yenta_cardbus_driver_init+0x0/0x15 @ 1
[    8.700573] initcall yenta_cardbus_driver_init+0x0/0x15 returned 0 after 40 usecs
[    8.709072] calling  mon_init+0x0/0x12d @ 1
[    8.715899] initcall mon_init+0x0/0x12d returned 0 after 1995 usecs
[    8.722919] calling  ehci_hcd_init+0x0/0x56 @ 1
[    8.728095] ehci_hcd: USB 2.0 'Enhanced' Host Controller (EHCI) Driver
[    8.729175] ata6: SATA link down (SStatus 0 SControl 300)
[    8.735376] initcall ehci_hcd_init+0x0/0x56 returned 0 after 7153 usecs
[    8.735381] calling  ehci_pci_init+0x0/0x64 @ 1
[    8.742795] ata5: SATA link down (SStatus 0 SControl 300)
[    8.748642] ehci-pci: EHCI PCI platform driver
[    8.755707] ata3: SATA link up 1.5 Gbps (SStatus 113 SControl 300)
[    8.759936] initcall ehci_pci_init+0x0/0x64 returned 0 after 11033 usecs
[    8.766528] ata2: SATA link down (SStatus 0 SControl 300)
[    8.772569] calling  ohci_hcd_mod_init+0x0/0x4e @ 1
[    8.781216] ata4: SATA link down (SStatus 0 SControl 300)
[    8.786402] ohci_hcd: USB 1.1 'Open' Host Controller (OHCI) Driver
[    8.793344] ata1: SATA link down (SStatus 0 SControl 300)
[    8.798100] initcall ohci_hcd_mod_init+0x0/0x4e returned 0 after 11667 usecs
[    8.805492] ata3.00: ATAPI: QEMU DVD-ROM, 2.5+, max UDMA/100
[    8.811114] calling  ohci_pci_init+0x0/0x64 @ 1
[    8.811116] ohci-pci: OHCI PCI platform driver
[    8.811205] initcall ohci_pci_init+0x0/0x64 returned 0 after 86 usecs
[    8.820759] ata3.00: applying bridge limits
[    8.827453] calling  uhci_hcd_init+0x0/0xa8 @ 1
[    8.827456] uhci_hcd: USB Universal Host Controller Interface driver
[    8.833898] ata3.00: configured for UDMA/100
[    8.838714] initcall uhci_hcd_init+0x0/0xa8 returned 0 after 10980 usecs
[    8.859694] scsi 2:0:0:0: CD-ROM            QEMU     QEMU DVD-ROM     2.5+ PQ: 0 ANSI: 5
[    8.864296] calling  xhci_hcd_init+0x0/0x1e @ 1
[    8.892702] initcall xhci_hcd_init+0x0/0x1e returned 0 after 78 usecs
[    8.902113] calling  xhci_pci_init+0x0/0x49 @ 1
[    8.904397] sr 2:0:0:0: [sr0] scsi3-mmc drive: 4x/4x cd/rw xa/form2 tray
[    8.909414] initcall xhci_pci_init+0x0/0x49 returned 0 after 277 usecs
[    8.916645] cdrom: Uniform CD-ROM driver Revision: 3.20
[    8.924051] calling  usblp_driver_init+0x0/0x15 @ 1
[    8.935431] usbcore: registered new interface driver usblp
[    8.941392] initcall usblp_driver_init+0x0/0x15 returned 0 after 6121 usecs
[    8.948926] calling  usb_storage_driver_init+0x0/0x2a @ 1
[    8.956194] usbcore: registered new interface driver usb-storage
[    8.965053] initcall usb_storage_driver_init+0x0/0x2a returned 0 after 8858 usecs
[    8.967932] sr 2:0:0:0: Attached scsi CD-ROM sr0
[    8.975198] calling  i8042_init+0x0/0x4c2 @ 1
[    8.981196] sr 2:0:0:0: Attached scsi generic sg0 type 5
[    8.985498] i8042: PNP: PS/2 Controller [PNP0303:KBD,PNP0f13:MOU] at 0x60,0x64 irq 1,12
[    9.008599] serio: i8042 KBD port at 0x60,0x64 irq 1
[    9.014352] serio: i8042 AUX port at 0x60,0x64 irq 12
[    9.020013] initcall i8042_init+0x0/0x4c2 returned 0 after 34092 usecs
[    9.027052] calling  serport_init+0x0/0x2c @ 1
[    9.031962] initcall serport_init+0x0/0x2c returned 0 after 24 usecs
[    9.038811] calling  input_leds_init+0x0/0xc @ 1
[    9.044786] initcall input_leds_init+0x0/0xc returned 0 after 61 usecs
[    9.052010] calling  evdev_init+0x0/0xc @ 1
[    9.058615] initcall evdev_init+0x0/0xc returned 0 after 620 usecs
[    9.067463] calling  atkbd_init+0x0/0x21 @ 1
[    9.073999] initcall atkbd_init+0x0/0x21 returned 0 after 420 usecs
[    9.082591] calling  psmouse_init+0x0/0x7f @ 1
[    9.087759] initcall psmouse_init+0x0/0x7f returned 0 after 199 usecs
[    9.094905] calling  cmos_init+0x0/0x73 @ 1
[    9.100948] input: AT Translated Set 2 keyboard as /devices/platform/i8042/serio0/input/input1
[    9.101456] rtc_cmos 00:04: RTC can wake from S4
[    9.120612] rtc_cmos 00:04: registered as rtc0
[    9.126114] rtc_cmos 00:04: alarms up to one day, y3k, 242 bytes nvram, hpet irqs
[    9.134231] initcall cmos_init+0x0/0x73 returned 0 after 33862 usecs
[    9.141019] calling  smbalert_driver_init+0x0/0xe @ 1
[    9.146575] initcall smbalert_driver_init+0x0/0xe returned 0 after 48 usecs
[    9.154159] calling  i2c_i801_init+0x0/0xc5 @ 1
[    9.162650] i801_smbus 0000:00:1f.3: SMBus using PCI interrupt
[    9.169431] i2c i2c-0: 1/1 memory slots populated (from DMI)
[    9.175679] i2c i2c-0: Memory type 0x07 not supported yet, not instantiating SPD
[    9.184680] initcall i2c_i801_init+0x0/0xc5 returned 0 after 24894 usecs
[    9.192203] calling  ptp_kvm_init+0x0/0xf0 @ 1
[    9.198042] initcall ptp_kvm_init+0x0/0xf0 returned 0 after 879 usecs
[    9.205116] calling  dm_init+0x0/0x3c @ 1
[    9.210918] device-mapper: ioctl: 4.43.0-ioctl (2020-10-01) initialised: dm-devel@redhat.com
[    9.220155] initcall dm_init+0x0/0x3c returned 0 after 10310 usecs
[    9.227012] calling  dm_mirror_init+0x0/0x29 @ 1
[    9.232120] initcall dm_mirror_init+0x0/0x29 returned 0 after 4 usecs
[    9.239165] calling  dm_dirty_log_init+0x0/0x4f @ 1
[    9.244592] initcall dm_dirty_log_init+0x0/0x4f returned 0 after 18 usecs
[    9.251935] calling  dm_zero_init+0x0/0x29 @ 1
[    9.256849] initcall dm_zero_init+0x0/0x29 returned 0 after 1 usecs
[    9.263677] calling  intel_pstate_init+0x0/0x50d @ 1
[    9.269140] intel_pstate: CPU model not supported
[    9.274360] initcall intel_pstate_init+0x0/0x50d returned -19 after 5136 usecs
[    9.282194] calling  haltpoll_init+0x0/0xc0 @ 1
[    9.287157] initcall haltpoll_init+0x0/0xc0 returned -19 after 20 usecs
[    9.294353] calling  efivars_sysfs_init+0x0/0x30 @ 1
[    9.299807] initcall efivars_sysfs_init+0x0/0x30 returned 0 after 41 usecs
[    9.307317] calling  esrt_sysfs_init+0x0/0x2a2 @ 1
[    9.312760] initcall esrt_sysfs_init+0x0/0x2a2 returned -38 after 147 usecs
[    9.320309] calling  hid_init+0x0/0x5c @ 1
[    9.324976] hid: raw HID events driver (C) Jiri Kosina
[    9.330729] initcall hid_init+0x0/0x5c returned 0 after 5787 usecs
[    9.337704] calling  hid_generic_init+0x0/0x15 @ 1
[    9.343342] initcall hid_generic_init+0x0/0x15 returned 0 after 135 usecs
[    9.350733] calling  a4_driver_init+0x0/0x15 @ 1
[    9.368307] initcall a4_driver_init+0x0/0x15 returned 0 after 4302 usecs
[    9.375888] calling  apple_driver_init+0x0/0x15 @ 1
[    9.381480] initcall apple_driver_init+0x0/0x15 returned 0 after 289 usecs
[    9.388981] calling  belkin_driver_init+0x0/0x15 @ 1
[    9.394380] initcall belkin_driver_init+0x0/0x15 returned 0 after 16 usecs
[    9.401836] calling  ch_driver_init+0x0/0x15 @ 1
[    9.406901] initcall ch_driver_init+0x0/0x15 returned 0 after 16 usecs
[    9.414002] calling  ch_driver_init+0x0/0x15 @ 1
[    9.419061] initcall ch_driver_init+0x0/0x15 returned 0 after 13 usecs
[    9.426146] calling  cp_driver_init+0x0/0x15 @ 1
[    9.431257] initcall cp_driver_init+0x0/0x15 returned 0 after 12 usecs
[    9.438599] calling  ez_driver_init+0x0/0x15 @ 1
[    9.443771] initcall ez_driver_init+0x0/0x15 returned 0 after 123 usecs
[    9.450944] calling  gyration_driver_init+0x0/0x15 @ 1
[    9.456860] initcall gyration_driver_init+0x0/0x15 returned 0 after 153 usecs
[    9.464842] calling  ite_driver_init+0x0/0x15 @ 1
[    9.470121] initcall ite_driver_init+0x0/0x15 returned 0 after 14 usecs
[    9.477478] calling  ks_driver_init+0x0/0x15 @ 1
[    9.482678] initcall ks_driver_init+0x0/0x15 returned 0 after 10 usecs
[    9.489925] calling  lg_driver_init+0x0/0x15 @ 1
[    9.495105] initcall lg_driver_init+0x0/0x15 returned 0 after 15 usecs
[    9.502405] calling  lg_g15_driver_init+0x0/0x15 @ 1
[    9.508032] initcall lg_g15_driver_init+0x0/0x15 returned 0 after 29 usecs
[    9.515773] calling  ms_driver_init+0x0/0x15 @ 1
[    9.521002] initcall ms_driver_init+0x0/0x15 returned 0 after 27 usecs
[    9.528359] calling  mr_driver_init+0x0/0x15 @ 1
[    9.533630] initcall mr_driver_init+0x0/0x15 returned 0 after 31 usecs
[    9.540942] calling  ntrig_driver_init+0x0/0x15 @ 1
[    9.546760] initcall ntrig_driver_init+0x0/0x15 returned 0 after 31 usecs
[    9.554415] calling  pl_driver_init+0x0/0x15 @ 1
[    9.559695] initcall pl_driver_init+0x0/0x15 returned 0 after 33 usecs
[    9.566974] calling  pl_driver_init+0x0/0x15 @ 1
[    9.572415] initcall pl_driver_init+0x0/0x15 returned 0 after 211 usecs
[    9.579943] calling  redragon_driver_init+0x0/0x15 @ 1
[    9.585876] initcall redragon_driver_init+0x0/0x15 returned 0 after 94 usecs
[    9.593779] calling  samsung_driver_init+0x0/0x15 @ 1
[    9.599454] initcall samsung_driver_init+0x0/0x15 returned 0 after 15 usecs
[    9.607244] calling  sony_init+0x0/0x38 @ 1
[    9.612066] initcall sony_init+0x0/0x38 returned 0 after 65 usecs
[    9.618905] calling  sp_driver_init+0x0/0x15 @ 1
[    9.624096] initcall sp_driver_init+0x0/0x15 returned 0 after 15 usecs
[    9.631373] calling  ts_driver_init+0x0/0x15 @ 1
[    9.636601] initcall ts_driver_init+0x0/0x15 returned 0 after 14 usecs
[    9.644133] calling  hid_init+0x0/0x58 @ 1
[    9.649507] usbcore: registered new interface driver usbhid
[    9.655825] usbhid: USB HID core driver
[    9.660216] initcall hid_init+0x0/0x58 returned 0 after 11026 usecs
[    9.668870] calling  eeepc_laptop_init+0x0/0x57 @ 1
[    9.677638] initcall eeepc_laptop_init+0x0/0x57 returned -19 after 1750 usecs
[    9.687909] calling  pmc_atom_init+0x0/0x27a @ 1
[    9.694717] initcall pmc_atom_init+0x0/0x27a returned -19 after 176 usecs
[    9.704652] calling  alsa_hwdep_init+0x0/0x5e @ 1
[    9.711849] initcall alsa_hwdep_init+0x0/0x5e returned 0 after 437 usecs
