c[?7l[2J[0mSeaBIOS (version 1.16.0-debian-1.16.0-4)
Booting from ROM...
early console in setup code
c[?7l[2J[    0.000000] Linux version 5.10.156+ (root@joelboxx.c.googlers.com) (gcc (Debian 12.2.0-3) 12.2.0, GNU ld (GNU Binutils for Debian) 2.39) #4 SMP PREEMPT Tue Dec 13 04:24:56 UTC 2022
[    0.000000] Command line: selinux=0 initcall_debug debug console=ttyS0 maxcpus=8 nr_cpus=43 rcutree.gp_preinit_delay=3 rcutree.gp_init_delay=3 rcutree.gp_cleanup_delay=3 rcu_nocbs=0 rcutorture.fwd_progress=0 rcutorture.onoff_interval=1000 rcutorture.onoff_holdoff=30 rcutorture.n_barrier_cbs=4 rcutorture.stat_interval=15 rcutorture.shutdown_secs=1800 rcutorture.test_no_idle_hz=1 rcutorture.verbose=1
[    0.000000] x86/fpu: x87 FPU will use FXSAVE
[    0.000000] BIOS-provided physical RAM map:
[    0.000000] BIOS-e820: [mem 0x0000000000000000-0x000000000009fbff] usable
[    0.000000] BIOS-e820: [mem 0x000000000009fc00-0x000000000009ffff] reserved
[    0.000000] BIOS-e820: [mem 0x00000000000f0000-0x00000000000fffff] reserved
[    0.000000] BIOS-e820: [mem 0x0000000000100000-0x000000001ffdefff] usable
[    0.000000] BIOS-e820: [mem 0x000000001ffdf000-0x000000001fffffff] reserved
[    0.000000] BIOS-e820: [mem 0x00000000b0000000-0x00000000bfffffff] reserved
[    0.000000] BIOS-e820: [mem 0x00000000fed1c000-0x00000000fed1ffff] reserved
[    0.000000] BIOS-e820: [mem 0x00000000feffc000-0x00000000feffffff] reserved
[    0.000000] BIOS-e820: [mem 0x00000000fffc0000-0x00000000ffffffff] reserved
[    0.000000] NX (Execute Disable) protection: active
[    0.000000] SMBIOS 2.8 present.
[    0.000000] DMI: QEMU Standard PC (Q35 + ICH9, 2009), BIOS 1.16.0-debian-1.16.0-4 04/01/2014
[    0.000000] Hypervisor detected: KVM
[    0.000000] kvm-clock: Using msrs 4b564d01 and 4b564d00
[    0.000000] kvm-clock: cpu 0, msr 1ac72001, primary cpu clock
[    0.000001] kvm-clock: using sched offset of 1732563276 cycles
[    0.000338] clocksource: kvm-clock: mask: 0xffffffffffffffff max_cycles: 0x1cd42e4dffb, max_idle_ns: 881590591483 ns
[    0.000501] tsc: Detected 1999.999 MHz processor
[    0.011331] e820: update [mem 0x00000000-0x00000fff] usable ==> reserved
[    0.011338] e820: remove [mem 0x000a0000-0x000fffff] usable
[    0.011346] last_pfn = 0x1ffdf max_arch_pfn = 0x400000000
[    0.012237] MTRR default type: write-back
[    0.012320] MTRR fixed ranges enabled:
[    0.012321]   00000-9FFFF write-back
[    0.012323]   A0000-BFFFF uncachable
[    0.012324]   C0000-FFFFF write-protect
[    0.012325] MTRR variable ranges enabled:
[    0.012327]   0 base 00C0000000 mask FFC0000000 uncachable
[    0.012328]   1 disabled
[    0.012329]   2 disabled
[    0.012330]   3 disabled
[    0.012330]   4 disabled
[    0.012331]   5 disabled
[    0.012332]   6 disabled
[    0.012333]   7 disabled
[    0.012886] x86/PAT: Configuration [0-7]: WB  WC  UC- UC  WB  WC  UC- UC  
[    0.022509] found SMP MP-table at [mem 0x000f5ba0-0x000f5baf]
[    0.026202] check: Scanning 1 areas for low memory corruption
[    0.043292] ACPI: Early table checksum verification disabled
[    0.046058] ACPI: RSDP 0x00000000000F59E0 000014 (v00 BOCHS )
[    0.046523] ACPI: RSDT 0x000000001FFE3206 000038 (v01 BOCHS  BXPC     00000001 BXPC 00000001)
[    0.047103] ACPI: FACP 0x000000001FFE2EAE 0000F4 (v03 BOCHS  BXPC     00000001 BXPC 00000001)
[    0.047335] ACPI: DSDT 0x000000001FFE0040 002E6E (v01 BOCHS  BXPC     00000001 BXPC 00000001)
[    0.047340] ACPI: FACS 0x000000001FFE0000 000040
[    0.047345] ACPI: APIC 0x000000001FFE2FA2 0001C8 (v01 BOCHS  BXPC     00000001 BXPC 00000001)
[    0.047349] ACPI: HPET 0x000000001FFE316A 000038 (v01 BOCHS  BXPC     00000001 BXPC 00000001)
[    0.047353] ACPI: MCFG 0x000000001FFE31A2 00003C (v01 BOCHS  BXPC     00000001 BXPC 00000001)
[    0.047358] ACPI: WAET 0x000000001FFE31DE 000028 (v01 BOCHS  BXPC     00000001 BXPC 00000001)
[    0.047362] ACPI: Reserving FACP table memory at [mem 0x1ffe2eae-0x1ffe2fa1]
[    0.047364] ACPI: Reserving DSDT table memory at [mem 0x1ffe0040-0x1ffe2ead]
[    0.047426] ACPI: Reserving FACS table memory at [mem 0x1ffe0000-0x1ffe003f]
[    0.047427] ACPI: Reserving APIC table memory at [mem 0x1ffe2fa2-0x1ffe3169]
[    0.047428] ACPI: Reserving HPET table memory at [mem 0x1ffe316a-0x1ffe31a1]
[    0.047429] ACPI: Reserving MCFG table memory at [mem 0x1ffe31a2-0x1ffe31dd]
[    0.047430] ACPI: Reserving WAET table memory at [mem 0x1ffe31de-0x1ffe3205]
[    0.048879] ACPI: Local APIC address 0xfee00000
[    0.055603] No NUMA configuration found
[    0.055682] Faking a node at [mem 0x0000000000000000-0x000000001ffdefff]
[    0.056018] NODE_DATA(0) allocated [mem 0x1ffbd000-0x1ffdefff]
[    0.061165] Zone ranges:
[    0.061314]   DMA      [mem 0x0000000000001000-0x0000000000ffffff]
[    0.061386]   DMA32    [mem 0x0000000001000000-0x000000001ffdefff]
[    0.061389]   Normal   empty
[    0.061391] Movable zone start for each node
[    0.061394] Early memory node ranges
[    0.061396]   node   0: [mem 0x0000000000001000-0x000000000009efff]
[    0.061463]   node   0: [mem 0x0000000000100000-0x000000001ffdefff]
[    0.061607] Initmem setup node 0 [mem 0x0000000000001000-0x000000001ffdefff]
[    0.061609] On node 0 totalpages: 130941
[    0.061835]   DMA zone: 64 pages used for memmap
[    0.061836]   DMA zone: 21 pages reserved
[    0.061905]   DMA zone: 3998 pages, LIFO batch:0
[    0.061907]   DMA32 zone: 1984 pages used for memmap
[    0.061908]   DMA32 zone: 126943 pages, LIFO batch:31
[    0.066128] On node 0, zone DMA: 1 pages in unavailable ranges
[    0.071016] On node 0, zone DMA: 97 pages in unavailable ranges
[    0.233404] On node 0, zone DMA32: 33 pages in unavailable ranges
[    0.236931] ACPI: PM-Timer IO Port: 0x608
[    0.236936] ACPI: Local APIC address 0xfee00000
[    0.237691] ACPI: LAPIC_NMI (acpi_id[0xff] dfl dfl lint[0x1])
[    0.239377] IOAPIC[0]: apic_id 0, version 17, address 0xfec00000, GSI 0-23
[    0.239383] ACPI: INT_SRC_OVR (bus 0 bus_irq 0 global_irq 2 dfl dfl)
[    0.239540] ACPI: INT_SRC_OVR (bus 0 bus_irq 5 global_irq 5 high level)
[    0.239542] ACPI: INT_SRC_OVR (bus 0 bus_irq 9 global_irq 9 high level)
[    0.239712] ACPI: INT_SRC_OVR (bus 0 bus_irq 10 global_irq 10 high level)
[    0.239714] ACPI: INT_SRC_OVR (bus 0 bus_irq 11 global_irq 11 high level)
[    0.239716] ACPI: IRQ0 used by override.
[    0.239717] ACPI: IRQ5 used by override.
[    0.239719] ACPI: IRQ9 used by override.
[    0.239720] ACPI: IRQ10 used by override.
[    0.239787] ACPI: IRQ11 used by override.
[    0.239929] Using ACPI (MADT) for SMP configuration information
[    0.239932] ACPI: HPET id: 0x8086a201 base: 0xfed00000
[    0.240710] smpboot: Allowing 43 CPUs, 0 hotplug CPUs
[    0.243088] PM: hibernation: Registered nosave memory: [mem 0x00000000-0x00000fff]
[    0.243091] PM: hibernation: Registered nosave memory: [mem 0x0009f000-0x0009ffff]
[    0.243092] PM: hibernation: Registered nosave memory: [mem 0x000a0000-0x000effff]
[    0.243094] PM: hibernation: Registered nosave memory: [mem 0x000f0000-0x000fffff]
[    0.243097] [mem 0x20000000-0xafffffff] available for PCI devices
[    0.243245] Booting paravirtualized kernel on KVM
[    0.244011] clocksource: refined-jiffies: mask: 0xffffffff max_cycles: 0xffffffff, max_idle_ns: 1910969940391419 ns
[    0.288463] setup_percpu: NR_CPUS:8192 nr_cpumask_bits:43 nr_cpu_ids:43 nr_node_ids:1
[    0.548128] percpu: Embedded 56 pages/cpu s191448 r8192 d29736 u262144
[    0.548319] pcpu-alloc: s191448 r8192 d29736 u262144 alloc=1*2097152
[    0.548474] pcpu-alloc: [0] 00 01 02 03 04 05 06 07 [0] 08 09 10 11 12 13 14 15 
[    0.548485] pcpu-alloc: [0] 16 17 18 19 20 21 22 23 [0] 24 25 26 27 28 29 30 31 
[    0.548494] pcpu-alloc: [0] 32 33 34 35 36 37 38 39 [0] 40 41 42 -- -- -- -- -- 
[    0.549137] kvm-guest: stealtime: cpu 0, msr 1ea1b600
[    0.549594] Built 1 zonelists, mobility grouping on.  Total pages: 128872
[    0.549596] Policy zone: DMA32
[    0.549661] Kernel command line: selinux=0 initcall_debug debug console=ttyS0 maxcpus=8 nr_cpus=43 rcutree.gp_preinit_delay=3 rcutree.gp_init_delay=3 rcutree.gp_cleanup_delay=3 rcu_nocbs=0 rcutorture.fwd_progress=0 rcutorture.onoff_interval=1000 rcutorture.onoff_holdoff=30 rcutorture.n_barrier_cbs=4 rcutorture.stat_interval=15 rcutorture.shutdown_secs=1800 rcutorture.test_no_idle_hz=1 rcutorture.verbose=1
[    0.559439] printk: log_buf_len individual max cpu contribution: 4096 bytes
[    0.559442] printk: log_buf_len total cpu_extra contributions: 172032 bytes
[    0.559443] printk: log_buf_len min size: 262144 bytes
[    0.602912] printk: log_buf_len: 524288 bytes
[    0.602917] printk: early log buf free: 254248(96%)
[    0.611310] Dentry cache hash table entries: 65536 (order: 7, 524288 bytes, linear)
[    0.615031] Inode-cache hash table entries: 32768 (order: 6, 262144 bytes, linear)
[    0.617157] mem auto-init: stack:all(zero), heap alloc:off, heap free:off
[    0.810896] Memory: 465404K/523764K available (16397K kernel code, 3411K rwdata, 4832K rodata, 2188K init, 1896K bss, 58100K reserved, 0K cma-reserved)
[    0.811388] SLUB: HWalign=64, Order=0-3, MinObjects=0, CPUs=43, Nodes=1
[    0.811747] Kernel/User page tables isolation: enabled
[    0.826213] rcu: Preemptible hierarchical RCU implementation.
[    0.826218] rcu: 	RCU event tracing is enabled.
[    0.826220] rcu: 	RCU dyntick-idle grace-period acceleration is enabled.
[    0.826243] rcu: 	RCU restricting CPUs from NR_CPUS=8192 to nr_cpu_ids=43.
[    0.826245] rcu: 	RCU debug GP pre-init slowdown 3 jiffies.
[    0.826246] rcu: 	RCU debug GP init slowdown 3 jiffies.
[    0.826248] rcu: 	RCU debug GP init slowdown 3 jiffies.
[    0.826287] 	Trampoline variant of Tasks RCU enabled.
[    0.826288] 	Rude variant of Tasks RCU enabled.
[    0.826289] 	Tracing variant of Tasks RCU enabled.
[    0.826323] rcu: RCU calculated value of scheduler-enlistment delay is 100 jiffies.
[    0.826325] rcu: Adjusting geometry for rcu_fanout_leaf=16, nr_cpu_ids=43
[    0.847371] NR_IRQS: 524544, nr_irqs: 768, preallocated irqs: 16
[    0.849271] rcu: 	Offload RCU callbacks from CPUs: 0.
[    0.852201] calling  con_init+0x0/0x22a @ 0
[    1.016199] Console: colour VGA+ 80x25
[    1.016216] initcall con_init+0x0/0x22a returned 0 after 0 usecs
[    1.016219] calling  hvc_console_init+0x0/0x13 @ 0
[    1.016277] initcall hvc_console_init+0x0/0x13 returned 0 after 0 usecs
[    1.016279] calling  univ8250_console_init+0x0/0x26 @ 0
[    2.023281] printk: console [ttyS0] enabled
[    2.028934] initcall univ8250_console_init+0x0/0x26 returned 0 after 0 usecs
[    2.039864] ACPI: Core revision 20200925
[    2.047009] clocksource: hpet: mask: 0xffffffff max_cycles: 0xffffffff, max_idle_ns: 19112604467 ns
[    2.058568] APIC: Switch to symmetric I/O mode setup
[    2.064343] Switched APIC routing to physical flat.
[    2.086416] ..TIMER: vector=0x30 apic1=0 pin1=2 apic2=-1 pin2=-1
[    2.095472] clocksource: tsc-early: mask: 0xffffffffffffffff max_cycles: 0x39a85afc727, max_idle_ns: 881590685098 ns
[    2.108302] Calibrating delay loop (skipped) preset value.. 3999.99 BogoMIPS (lpj=1999999)
[    2.109224] pid_max: default: 44032 minimum: 344
[    2.111974] LSM: Security Framework initializing
[    2.113280] Mount-cache hash table entries: 1024 (order: 1, 8192 bytes, linear)
[    2.114178] Mountpoint-cache hash table entries: 1024 (order: 1, 8192 bytes, linear)
[    2.123428] Last level iTLB entries: 4KB 0, 2MB 0, 4MB 0
[    2.124144] Last level dTLB entries: 4KB 0, 2MB 0, 4MB 0, 1GB 0
[    2.125220] Spectre V1 : Mitigation: usercopy/swapgs barriers and __user pointer sanitization
[    2.127143] Spectre V2 : Mitigation: Retpolines
[    2.128144] Spectre V2 : Spectre v2 / SpectreRSB mitigation: Filling RSB on context switch
[    2.129145] Spectre V2 : Spectre v2 / SpectreRSB : Filling RSB on VMEXIT
[    2.130145] Speculative Store Bypass: Vulnerable
[    2.131182] MDS: Vulnerable: Clear CPU buffers attempted, no microcode
[    2.132144] MMIO Stale Data: Unknown: No mitigations
[    2.183430] Freeing SMP alternatives memory: 40K
[    2.289140] smpboot: CPU0: Intel Common KVM processor (family: 0xf, model: 0x6, stepping: 0x1)
[    2.290436] calling  init_hw_perf_events+0x0/0x6ce @ 1
[    2.291145] Performance Events: unsupported Netburst CPU model 6 no PMU driver, software events only.
[    2.292154] initcall init_hw_perf_events+0x0/0x6ce returned 0 after 976 usecs
[    2.293149] calling  init_real_mode+0x0/0x1e9 @ 1
[    2.295260] initcall init_real_mode+0x0/0x1e9 returned 0 after 976 usecs
[    2.296150] calling  trace_init_perf_perm_irq_work_exit+0x0/0x12 @ 1
[    2.297166] initcall trace_init_perf_perm_irq_work_exit+0x0/0x12 returned 0 after 0 usecs
[    2.298162] calling  validate_x2apic+0x0/0x4a @ 1
[    2.300160] initcall validate_x2apic+0x0/0x4a returned 0 after 976 usecs
[    2.301146] calling  register_nmi_cpu_backtrace_handler+0x0/0x15 @ 1
[    2.302145] initcall register_nmi_cpu_backtrace_handler+0x0/0x15 returned 0 after 0 usecs
[    2.303145] calling  kvm_setup_vsyscall_timeinfo+0x0/0xd0 @ 1
[    2.304148] initcall kvm_setup_vsyscall_timeinfo+0x0/0xd0 returned 0 after 0 usecs
[    2.305174] calling  spawn_ksoftirqd+0x0/0x38 @ 1
[    2.307194] initcall spawn_ksoftirqd+0x0/0x38 returned 0 after 976 usecs
[    2.308151] calling  migration_init+0x0/0x31 @ 1
[    2.309162] initcall migration_init+0x0/0x31 returned 0 after 0 usecs
[    2.310148] calling  srcu_bootup_announce+0x0/0x2f @ 1
[    2.311164] rcu: Hierarchical SRCU implementation.
[    2.312170] initcall srcu_bootup_announce+0x0/0x2f returned 0 after 976 usecs
[    2.313147] calling  rcu_spawn_gp_kthread+0x0/0x1dd @ 1
[    2.314737] initcall rcu_spawn_gp_kthread+0x0/0x1dd returned 0 after 0 usecs
[    2.315152] calling  check_cpu_stall_init+0x0/0x1a @ 1
[    2.316147] initcall check_cpu_stall_init+0x0/0x1a returned 0 after 0 usecs
[    2.317157] calling  rcu_sysrq_init+0x0/0x21 @ 1
[    2.318148] initcall rcu_sysrq_init+0x0/0x21 returned 0 after 0 usecs
[    2.319147] calling  trace_init_flags_sys_enter+0x0/0xe @ 1
[    2.320147] initcall trace_init_flags_sys_enter+0x0/0xe returned 0 after 0 usecs
[    2.321152] calling  trace_init_flags_sys_exit+0x0/0xe @ 1
[    2.322146] initcall trace_init_flags_sys_exit+0x0/0xe returned 0 after 0 usecs
[    2.323148] calling  cpu_stop_init+0x0/0x6e @ 1
[    2.324487] initcall cpu_stop_init+0x0/0x6e returned 0 after 0 usecs
[    2.325150] calling  init_kprobes+0x0/0x165 @ 1
[    2.327199] initcall init_kprobes+0x0/0x165 returned 0 after 976 usecs
[    2.328147] calling  init_events+0x0/0x3d @ 1
[    2.329587] initcall init_events+0x0/0x3d returned 0 after 0 usecs
[    2.330146] calling  init_trace_printk+0x0/0xc @ 1
[    2.331162] initcall init_trace_printk+0x0/0xc returned 0 after 0 usecs
[    2.332146] calling  event_trace_enable_again+0x0/0x23 @ 1
[    2.333147] initcall event_trace_enable_again+0x0/0x23 returned 0 after 0 usecs
[    2.334149] calling  static_call_init+0x0/0x77 @ 1
[    2.335174] initcall static_call_init+0x0/0x77 returned 0 after 0 usecs
[    2.336146] calling  jump_label_init_module+0x0/0xc @ 1
[    2.337154] initcall jump_label_init_module+0x0/0xc returned 0 after 0 usecs
[    2.339151] calling  init_zero_pfn+0x0/0x37 @ 1
[    2.340146] initcall init_zero_pfn+0x0/0x37 returned 0 after 0 usecs
[    2.341147] calling  initialize_ptr_random+0x0/0x54 @ 1
[    2.342148] initcall initialize_ptr_random+0x0/0x54 returned 0 after 0 usecs
[    2.343198] calling  efi_memreserve_root_init+0x0/0x25 @ 1
[    2.344186] initcall efi_memreserve_root_init+0x0/0x25 returned 0 after 0 usecs
[    2.345146] calling  efi_earlycon_remap_fb+0x0/0x51 @ 1
[    2.346145] initcall efi_earlycon_remap_fb+0x0/0x51 returned 0 after 0 usecs
[    2.354698] smp: Bringing up secondary CPUs ...
[    2.356158] x86: Booting SMP configuration:
[    2.357185] .... node  #0, CPUs:        #1
[    1.254608] kvm-clock: cpu 1, msr 1ac72041, secondary cpu clock
[    2.382341] kvm-guest: stealtime: cpu 1, msr 1ea5b600
[    2.397164]   #2
[    1.254608] kvm-clock: cpu 2, msr 1ac72081, secondary cpu clock
[    2.418272] kvm-guest: stealtime: cpu 2, msr 1ea9b600
[    2.433926]   #3
[    1.254608] kvm-clock: cpu 3, msr 1ac720c1, secondary cpu clock
[    2.457428] kvm-guest: stealtime: cpu 3, msr 1eadb600
[    2.476162]   #4
[    1.254608] kvm-clock: cpu 4, msr 1ac72101, secondary cpu clock
[    2.499325] kvm-guest: stealtime: cpu 4, msr 1eb1b600
[    2.514160]   #5
[    1.254608] kvm-clock: cpu 5, msr 1ac72141, secondary cpu clock
[    2.536400] kvm-guest: stealtime: cpu 5, msr 1eb5b600
[    2.550934]   #6
[    1.254608] kvm-clock: cpu 6, msr 1ac72181, secondary cpu clock
[    2.574319] kvm-guest: stealtime: cpu 6, msr 1eb9b600
[    2.594148]   #7
[    1.254608] kvm-clock: cpu 7, msr 1ac721c1, secondary cpu clock
[    2.616287] kvm-guest: stealtime: cpu 7, msr 1ebdb600
[    2.630151] smp: Brought up 1 node, 8 CPUs
[    2.631172] smpboot: Max logical packages: 6
[    2.632147] smpboot: Total of 8 processors activated (31999.98 BogoMIPS)
[    2.660425] devtmpfs: initialized
[    2.664255] calling  ipc_ns_init+0x0/0x3d @ 1
[    2.665228] initcall ipc_ns_init+0x0/0x3d returned 0 after 0 usecs
[    2.666147] calling  init_mmap_min_addr+0x0/0x21 @ 1
[    2.667147] initcall init_mmap_min_addr+0x0/0x21 returned 0 after 0 usecs
[    2.668146] calling  pci_realloc_setup_params+0x0/0x3f @ 1
[    2.669148] initcall pci_realloc_setup_params+0x0/0x3f returned 0 after 0 usecs
[    2.670149] calling  net_ns_init+0x0/0x140 @ 1
[    2.672502] initcall net_ns_init+0x0/0x140 returned 0 after 976 usecs
[    2.673177] calling  e820__register_nvs_regions+0x0/0x37 @ 1
[    2.674149] initcall e820__register_nvs_regions+0x0/0x37 returned 0 after 0 usecs
[    2.675151] calling  cpufreq_register_tsc_scaling+0x0/0x2e @ 1
[    2.676148] initcall cpufreq_register_tsc_scaling+0x0/0x2e returned 0 after 0 usecs
[    2.677149] calling  reboot_init+0x0/0x3c @ 1
[    2.678212] initcall reboot_init+0x0/0x3c returned 0 after 0 usecs
[    2.679148] calling  init_lapic_sysfs+0x0/0x20 @ 1
[    2.680147] initcall init_lapic_sysfs+0x0/0x20 returned 0 after 0 usecs
[    2.681149] calling  alloc_frozen_cpus+0x0/0x1d @ 1
[    2.682147] initcall alloc_frozen_cpus+0x0/0x1d returned 0 after 0 usecs
[    2.683146] calling  cpu_hotplug_pm_sync_init+0x0/0x13 @ 1
[    2.684146] initcall cpu_hotplug_pm_sync_init+0x0/0x13 returned 0 after 0 usecs
[    2.685146] calling  wq_sysfs_init+0x0/0x2a @ 1
[    2.686203] initcall wq_sysfs_init+0x0/0x2a returned 0 after 0 usecs
[    2.687146] calling  ksysfs_init+0x0/0x92 @ 1
[    2.688173] initcall ksysfs_init+0x0/0x92 returned 0 after 0 usecs
[    2.689149] calling  schedutil_gov_init+0x0/0xc @ 1
[    2.690274] initcall schedutil_gov_init+0x0/0xc returned 0 after 0 usecs
[    2.691149] calling  pm_init+0x0/0x76 @ 1
[    2.692223] initcall pm_init+0x0/0x76 returned 0 after 0 usecs
[    2.693149] calling  pm_disk_init+0x0/0x13 @ 1
[    2.694241] initcall pm_disk_init+0x0/0x13 returned 0 after 0 usecs
[    2.695163] calling  swsusp_header_init+0x0/0x2b @ 1
[    2.696150] initcall swsusp_header_init+0x0/0x2b returned 0 after 0 usecs
[    2.697146] calling  rcu_set_runtime_mode+0x0/0x16 @ 1
[    2.699734] initcall rcu_set_runtime_mode+0x0/0x16 returned 0 after 976 usecs
[    2.700147] calling  init_jiffies_clocksource+0x0/0x13 @ 1
[    2.701146] clocksource: jiffies: mask: 0xffffffff max_cycles: 0xffffffff, max_idle_ns: 1911260446275000 ns
[    2.702150] initcall init_jiffies_clocksource+0x0/0x13 returned 0 after 976 usecs
[    2.703147] calling  futex_init+0x0/0xfd @ 1
[    2.704179] futex hash table entries: 16384 (order: 8, 1048576 bytes, linear)
[    2.708079] initcall futex_init+0x0/0xfd returned 0 after 2929 usecs
[    2.708148] calling  cgroup_wq_init+0x0/0x28 @ 1
[    2.709176] initcall cgroup_wq_init+0x0/0x28 returned 0 after 0 usecs
[    2.710149] calling  cgroup1_wq_init+0x0/0x28 @ 1
[    2.711178] initcall cgroup1_wq_init+0x0/0x28 returned 0 after 0 usecs
[    2.712148] calling  init_kprobe_trace_early+0x0/0x2a @ 1
[    2.713177] initcall init_kprobe_trace_early+0x0/0x2a returned 0 after 0 usecs
[    2.714148] calling  fsnotify_init+0x0/0x48 @ 1
[    2.715214] initcall fsnotify_init+0x0/0x48 returned 0 after 0 usecs
[    2.716146] calling  filelock_init+0x0/0x96 @ 1
[    2.717185] initcall filelock_init+0x0/0x96 returned 0 after 0 usecs
[    2.718148] calling  init_misc_binfmt+0x0/0x2c @ 1
[    2.720149] initcall init_misc_binfmt+0x0/0x2c returned 0 after 976 usecs
[    2.721148] calling  init_script_binfmt+0x0/0x15 @ 1
[    2.722148] initcall init_script_binfmt+0x0/0x15 returned 0 after 0 usecs
[    2.723147] calling  init_elf_binfmt+0x0/0x15 @ 1
[    2.724147] initcall init_elf_binfmt+0x0/0x15 returned 0 after 0 usecs
[    2.726149] calling  init_compat_elf_binfmt+0x0/0x15 @ 1
[    2.727151] initcall init_compat_elf_binfmt+0x0/0x15 returned 0 after 0 usecs
[    2.728152] calling  debugfs_init+0x0/0x5c @ 1
[    2.729223] initcall debugfs_init+0x0/0x5c returned 0 after 0 usecs
[    2.730150] calling  tracefs_init+0x0/0x3a @ 1
[    2.731156] initcall tracefs_init+0x0/0x3a returned 0 after 0 usecs
[    2.732147] calling  prandom_init_early+0x0/0x15d @ 1
[    2.733150] initcall prandom_init_early+0x0/0x15d returned 0 after 0 usecs
[    2.734274] calling  virtio_init+0x0/0x20 @ 1
[    2.735246] initcall virtio_init+0x0/0x20 returned 0 after 0 usecs
[    2.736150] calling  iommu_init+0x0/0x2a @ 1
[    2.737194] initcall iommu_init+0x0/0x2a returned 0 after 0 usecs
[    2.738163] calling  component_debug_init+0x0/0x1c @ 1
[    2.740149] initcall component_debug_init+0x0/0x1c returned 0 after 976 usecs
[    2.741147] calling  early_resume_init+0x0/0xb9 @ 1
[    2.743146] PM: RTC time: 04:45:31, date: 2022-12-13
[    2.744181] initcall early_resume_init+0x0/0xb9 returned 0 after 1953 usecs
[    2.745163] calling  cpufreq_core_init+0x0/0x62 @ 1
[    2.746167] initcall cpufreq_core_init+0x0/0x62 returned 0 after 0 usecs
[    2.747146] calling  cpufreq_gov_performance_init+0x0/0xc @ 1
[    2.748164] initcall cpufreq_gov_performance_init+0x0/0xc returned 0 after 0 usecs
[    2.749153] calling  cpufreq_gov_userspace_init+0x0/0xc @ 1
[    2.750153] initcall cpufreq_gov_userspace_init+0x0/0xc returned 0 after 0 usecs
[    2.751151] calling  CPU_FREQ_GOV_ONDEMAND_init+0x0/0xc @ 1
[    2.752150] initcall CPU_FREQ_GOV_ONDEMAND_init+0x0/0xc returned 0 after 0 usecs
[    2.753148] calling  cpuidle_init+0x0/0x1f @ 1
[    2.754186] initcall cpuidle_init+0x0/0x1f returned 0 after 0 usecs
[    2.755180] calling  capsule_reboot_register+0x0/0xc @ 1
[    2.758169] initcall capsule_reboot_register+0x0/0xc returned 0 after 0 usecs
[    2.759152] calling  sock_init+0x0/0x93 @ 1
[    2.763174] initcall sock_init+0x0/0x93 returned 0 after 2929 usecs
[    2.764149] calling  net_inuse_init+0x0/0x23 @ 1
[    2.765161] initcall net_inuse_init+0x0/0x23 returned 0 after 0 usecs
[    2.766147] calling  net_defaults_init+0x0/0x23 @ 1
[    2.767148] initcall net_defaults_init+0x0/0x23 returned 0 after 0 usecs
[    2.768149] calling  init_default_flow_dissectors+0x0/0x4f @ 1
[    2.769164] initcall init_default_flow_dissectors+0x0/0x4f returned 0 after 0 usecs
[    2.770147] calling  netpoll_init+0x0/0x26 @ 1
[    2.771147] initcall netpoll_init+0x0/0x26 returned 0 after 0 usecs
[    2.772147] calling  netlink_proto_init+0x0/0x14f @ 1
[    2.773467] NET: Registered protocol family 16
[    2.774182] initcall netlink_proto_init+0x0/0x14f returned 0 after 976 usecs
[    2.775150] calling  genl_init+0x0/0x35 @ 1
[    2.776232] initcall genl_init+0x0/0x35 returned 0 after 0 usecs
[    2.777166] calling  bsp_pm_check_init+0x0/0x13 @ 1
[    2.778149] initcall bsp_pm_check_init+0x0/0x13 returned 0 after 0 usecs
[    2.779174] calling  irq_sysfs_init+0x0/0xb7 @ 1
[    2.780267] initcall irq_sysfs_init+0x0/0xb7 returned 0 after 0 usecs
[    2.781148] calling  audit_init+0x0/0x160 @ 1
[    2.782164] audit: initializing netlink subsys (disabled)
[    2.784605] initcall audit_init+0x0/0x160 returned 0 after 1953 usecs
[    2.784473] audit: type=2000 audit(1670906729.907:1): state=initialized audit_enabled=0 res=1
[    2.785149] calling  release_early_probes+0x0/0x32 @ 1
[    2.785155] initcall release_early_probes+0x0/0x32 returned 0 after 0 usecs
[    2.788152] calling  bdi_class_init+0x0/0x48 @ 1
[    2.789215] initcall bdi_class_init+0x0/0x48 returned 0 after 0 usecs
[    2.790149] calling  mm_sysfs_init+0x0/0x28 @ 1
[    2.791156] initcall mm_sysfs_init+0x0/0x28 returned 0 after 0 usecs
[    2.792150] calling  init_per_zone_wmark_min+0x0/0x6d @ 1
[    2.793154] initcall init_per_zone_wmark_min+0x0/0x6d returned 0 after 0 usecs
[    2.794148] calling  mpi_init+0x0/0x3e @ 1
[    2.795171] initcall mpi_init+0x0/0x3e returned 0 after 0 usecs
[    2.796149] calling  kobject_uevent_init+0x0/0xc @ 1
[    2.797163] initcall kobject_uevent_init+0x0/0xc returned 0 after 0 usecs
[    2.798148] calling  pcibus_class_init+0x0/0x13 @ 1
[    2.799165] initcall pcibus_class_init+0x0/0x13 returned 0 after 0 usecs
[    2.800147] calling  pci_driver_init+0x0/0x21 @ 1
[    2.801220] initcall pci_driver_init+0x0/0x21 returned 0 after 0 usecs
[    2.802147] calling  backlight_class_init+0x0/0xa8 @ 1
[    2.803175] initcall backlight_class_init+0x0/0xa8 returned 0 after 0 usecs
[    2.804149] calling  tty_class_init+0x0/0x33 @ 1
[    2.805158] initcall tty_class_init+0x0/0x33 returned 0 after 0 usecs
[    2.806148] calling  vtconsole_class_init+0x0/0xb5 @ 1
[    2.807223] initcall vtconsole_class_init+0x0/0xb5 returned 0 after 0 usecs
[    2.808148] calling  iommu_dev_init+0x0/0x13 @ 1
[    2.809170] initcall iommu_dev_init+0x0/0x13 returned 0 after 0 usecs
[    2.810146] calling  mipi_dsi_bus_init+0x0/0xc @ 1
[    2.811200] initcall mipi_dsi_bus_init+0x0/0xc returned 0 after 0 usecs
[    2.812161] calling  devlink_class_init+0x0/0x40 @ 1
[    2.813159] initcall devlink_class_init+0x0/0x40 returned 0 after 0 usecs
[    2.814147] calling  software_node_init+0x0/0x2a @ 1
[    2.815151] initcall software_node_init+0x0/0x2a returned 0 after 0 usecs
[    2.816147] calling  wakeup_sources_debugfs_init+0x0/0x23 @ 1
[    2.817212] initcall wakeup_sources_debugfs_init+0x0/0x23 returned 0 after 0 usecs
[    2.818150] calling  wakeup_sources_sysfs_init+0x0/0x2c @ 1
[    2.819168] initcall wakeup_sources_sysfs_init+0x0/0x2c returned 0 after 0 usecs
[    2.820151] calling  register_node_type+0x0/0x13 @ 1
[    2.821241] initcall register_node_type+0x0/0x13 returned 0 after 0 usecs
[    2.822149] calling  regmap_initcall+0x0/0xc @ 1
[    2.824190] initcall regmap_initcall+0x0/0xc returned 0 after 976 usecs
[    2.825149] calling  i2c_init+0x0/0xb3 @ 1
[    2.826351] initcall i2c_init+0x0/0xb3 returned 0 after 0 usecs
[    2.827148] calling  thermal_init+0x0/0xf2 @ 1
[    2.828186] thermal_sys: Registered thermal governor 'step_wise'
[    2.828187] thermal_sys: Registered thermal governor 'user_space'
[    2.829160] initcall thermal_init+0x0/0xf2 returned 0 after 976 usecs
[    2.831147] calling  init_menu+0x0/0xc @ 1
[    2.833411] cpuidle: using governor menu
[    2.839152] initcall init_menu+0x0/0xc returned 0 after 6835 usecs
[    2.847150] calling  pcc_init+0x0/0x4d @ 1
[    2.852150] initcall pcc_init+0x0/0x4d returned -19 after 0 usecs
[    2.860150] calling  amd_postcore_init+0x0/0x11e @ 1
[    2.866149] initcall amd_postcore_init+0x0/0x11e returned 0 after 0 usecs
[    2.875177] calling  bts_init+0x0/0xba @ 1
[    2.880148] initcall bts_init+0x0/0xba returned -19 after 0 usecs
[    2.888148] calling  pt_init+0x0/0x341 @ 1
[    2.893148] initcall pt_init+0x0/0x341 returned -19 after 0 usecs
[    2.901148] calling  boot_params_ksysfs_init+0x0/0x2ee @ 1
[    2.908188] initcall boot_params_ksysfs_init+0x0/0x2ee returned 0 after 0 usecs
[    2.917147] calling  sbf_init+0x0/0xea @ 1
[    2.922148] initcall sbf_init+0x0/0xea returned 0 after 0 usecs
[    2.930147] calling  arch_kdebugfs_init+0x0/0x219 @ 1
[    2.936369] initcall arch_kdebugfs_init+0x0/0x219 returned 0 after 0 usecs
[    2.945163] calling  intel_pconfig_init+0x0/0x85 @ 1
[    2.951148] initcall intel_pconfig_init+0x0/0x85 returned 0 after 0 usecs
[    2.962165] calling  mtrr_if_init+0x0/0x5d @ 1
[    2.972271] initcall mtrr_if_init+0x0/0x5d returned 0 after 2929 usecs
[    2.982153] calling  activate_jump_labels+0x0/0x31 @ 1
[    2.990153] initcall activate_jump_labels+0x0/0x31 returned 0 after 0 usecs
[    3.001151] calling  ffh_cstate_init+0x0/0x29 @ 1
[    3.009161] initcall ffh_cstate_init+0x0/0x29 returned 0 after 0 usecs
[    3.019154] calling  activate_jump_labels+0x0/0x31 @ 1
[    3.032151] initcall activate_jump_labels+0x0/0x31 returned 0 after 3906 usecs
[    3.043150] calling  kvm_alloc_cpumask+0x0/0x87 @ 1
[    3.051205] initcall kvm_alloc_cpumask+0x0/0x87 returned 0 after 0 usecs
[    3.062152] calling  kcmp_cookies_init+0x0/0x37 @ 1
[    3.070156] initcall kcmp_cookies_init+0x0/0x37 returned 0 after 0 usecs
[    3.081159] calling  cryptomgr_init+0x0/0xc @ 1
[    3.088146] initcall cryptomgr_init+0x0/0xc returned 0 after 0 usecs
[    3.099150] calling  acpi_pci_init+0x0/0x57 @ 1
[    3.106148] ACPI: bus type PCI registered
[    3.113154] initcall acpi_pci_init+0x0/0x57 returned 0 after 6835 usecs
[    3.124153] calling  dma_channel_table_init+0x0/0xd1 @ 1
[    3.132175] initcall dma_channel_table_init+0x0/0xd1 returned 0 after 0 usecs
[    3.144277] calling  dma_bus_init+0x0/0xdc @ 1
[    3.151552] initcall dma_bus_init+0x0/0xdc returned 0 after 0 usecs
[    3.159221] calling  iommu_dma_init+0x0/0x10 @ 1
[    3.166172] initcall iommu_dma_init+0x0/0x10 returned 0 after 0 usecs
[    3.174152] calling  dmi_id_init+0x0/0x37c @ 1
[    3.180482] initcall dmi_id_init+0x0/0x37c returned 0 after 0 usecs
[    3.189150] calling  pci_arch_init+0x0/0x71 @ 1
[    3.197306] PCI: MMCONFIG for domain 0000 [bus 00-ff] at [mem 0xb0000000-0xbfffffff] (base 0xb0000000)
[    3.213155] PCI: MMCONFIG at [mem 0xb0000000-0xbfffffff] reserved in E820
[    3.224181] PCI: Using configuration type 1 for base access
[    3.233231] initcall pci_arch_init+0x0/0x71 returned 0 after 35156 usecs
[    3.244181] calling  init_vdso+0x0/0x13 @ 1
[    3.250187] initcall init_vdso+0x0/0x13 returned 0 after 0 usecs
[    3.258166] calling  sysenter_setup+0x0/0x13 @ 1
[    3.264193] initcall sysenter_setup+0x0/0x13 returned 0 after 0 usecs
[    3.274161] calling  fixup_ht_bug+0x0/0xe5 @ 1
[    3.279153] initcall fixup_ht_bug+0x0/0xe5 returned 0 after 0 usecs
[    3.287153] calling  topology_init+0x0/0x8b @ 1
[    3.297714] initcall topology_init+0x0/0x8b returned 0 after 2929 usecs
[    3.307150] calling  intel_epb_init+0x0/0x68 @ 1
[    3.312146] initcall intel_epb_init+0x0/0x68 returned -19 after 0 usecs
[    3.321147] calling  mtrr_init_finialize+0x0/0x3e @ 1
[    3.327148] initcall mtrr_init_finialize+0x0/0x3e returned 0 after 0 usecs
[    3.336154] calling  uid_cache_init+0x0/0x85 @ 1
[    3.339162] initcall uid_cache_init+0x0/0x85 returned 0 after 0 usecs
[    3.348161] calling  param_sysfs_init+0x0/0x1ba @ 1
[    3.357998] initcall param_sysfs_init+0x0/0x1ba returned 0 after 2929 usecs
[    3.368152] calling  user_namespace_sysctl_init+0x0/0x33 @ 1
[    3.375159] initcall user_namespace_sysctl_init+0x0/0x33 returned 0 after 0 usecs
[    3.385148] calling  proc_schedstat_init+0x0/0x24 @ 1
[    3.390152] initcall proc_schedstat_init+0x0/0x24 returned 0 after 0 usecs
[    3.398148] calling  pm_sysrq_init+0x0/0x18 @ 1
[    3.406302] initcall pm_sysrq_init+0x0/0x18 returned 0 after 976 usecs
[    3.415170] calling  create_proc_profile+0x0/0xd0 @ 1
[    3.421150] initcall create_proc_profile+0x0/0xd0 returned 0 after 0 usecs
[    3.430148] calling  time_ns_init+0x0/0x7 @ 1
[    3.435146] initcall time_ns_init+0x0/0x7 returned 0 after 0 usecs
[    3.445162] calling  crash_save_vmcoreinfo_init+0x0/0x722 @ 1
[    3.454292] initcall crash_save_vmcoreinfo_init+0x0/0x722 returned 0 after 976 usecs
[    3.467155] calling  crash_notes_memory_init+0x0/0x35 @ 1
[    3.474159] initcall crash_notes_memory_init+0x0/0x35 returned 0 after 0 usecs
[    3.483149] calling  cgroup_sysfs_init+0x0/0x13 @ 1
[    3.489255] initcall cgroup_sysfs_init+0x0/0x13 returned 0 after 0 usecs
[    3.498148] calling  cgroup_namespaces_init+0x0/0x7 @ 1
[    3.505147] initcall cgroup_namespaces_init+0x0/0x7 returned 0 after 0 usecs
[    3.514148] calling  init_optprobes+0x0/0x13 @ 1
[    3.520146] Kprobes globally optimized
[    3.525151] initcall init_optprobes+0x0/0x13 returned 0 after 4882 usecs
[    3.534319] calling  oom_init+0x0/0x2f @ 1
[    3.541328] initcall oom_init+0x0/0x2f returned 0 after 976 usecs
[    3.551153] calling  default_bdi_init+0x0/0xb3 @ 1
[    3.560449] initcall default_bdi_init+0x0/0xb3 returned 0 after 976 usecs
[    3.571149] calling  percpu_enable_async+0x0/0xe @ 1
[    3.577148] initcall percpu_enable_async+0x0/0xe returned 0 after 0 usecs
[    3.586175] calling  kcompactd_init+0x0/0x90 @ 1
[    3.594354] initcall kcompactd_init+0x0/0x90 returned 0 after 1953 usecs
[    3.603251] calling  init_user_reserve+0x0/0x40 @ 1
[    3.609150] initcall init_user_reserve+0x0/0x40 returned 0 after 0 usecs
[    3.618152] calling  init_admin_reserve+0x0/0x40 @ 1
[    3.624148] initcall init_admin_reserve+0x0/0x40 returned 0 after 0 usecs
[    3.633151] calling  init_reserve_notifier+0x0/0x7 @ 1
[    3.640151] initcall init_reserve_notifier+0x0/0x7 returned 0 after 0 usecs
[    3.649152] calling  swap_init_sysfs+0x0/0x62 @ 1
[    3.655178] initcall swap_init_sysfs+0x0/0x62 returned 0 after 0 usecs
[    3.664147] calling  swapfile_init+0x0/0x96 @ 1
[    3.670189] initcall swapfile_init+0x0/0x96 returned 0 after 0 usecs
[    3.678147] calling  hugetlb_init+0x0/0x49f @ 1
[    3.684207] HugeTLB registered 2.00 MiB page size, pre-allocated 0 pages
[    3.693232] initcall hugetlb_init+0x0/0x49f returned 0 after 8789 usecs
[    3.701149] calling  io_wq_init+0x0/0x34 @ 1
[    3.707149] initcall io_wq_init+0x0/0x34 returned 0 after 0 usecs
[    3.715148] calling  seqiv_module_init+0x0/0xc @ 1
[    3.721149] initcall seqiv_module_init+0x0/0xc returned 0 after 0 usecs
[    3.729162] calling  echainiv_module_init+0x0/0xc @ 1
[    3.736149] initcall echainiv_module_init+0x0/0xc returned 0 after 0 usecs
[    3.745209] calling  rsa_init+0x0/0x50 @ 1
[    3.751372] cryptomgr_test (63) used greatest stack depth: 15504 bytes left
[    3.751274] initcall rsa_init+0x0/0x50 returned 0 after 976 usecs
[    3.768152] calling  crypto_cmac_module_init+0x0/0xc @ 1
[    3.775150] initcall crypto_cmac_module_init+0x0/0xc returned 0 after 0 usecs
[    3.784175] calling  hmac_module_init+0x0/0xc @ 1
[    3.791153] initcall hmac_module_init+0x0/0xc returned 0 after 0 usecs
[    3.802150] calling  crypto_null_mod_init+0x0/0x65 @ 1
[    3.811480] cryptomgr_test (64) used greatest stack depth: 15184 bytes left
[    3.816603] initcall crypto_null_mod_init+0x0/0x65 returned 0 after 5859 usecs
[    3.831153] calling  md5_mod_init+0x0/0xc @ 1
[    3.841391] initcall md5_mod_init+0x0/0xc returned 0 after 4882 usecs
[    3.851155] calling  sha256_generic_mod_init+0x0/0x11 @ 1
[    3.862151] initcall sha256_generic_mod_init+0x0/0x11 returned 0 after 3906 usecs
[    3.874161] calling  crypto_cbc_module_init+0x0/0xc @ 1
[    3.875155] initcall crypto_cbc_module_init+0x0/0xc returned 0 after 0 usecs
[    3.876151] calling  crypto_ctr_module_init+0x0/0x11 @ 1
[    3.877149] initcall crypto_ctr_module_init+0x0/0x11 returned 0 after 0 usecs
[    3.878148] calling  crypto_gcm_module_init+0x0/0x64 @ 1
[    3.879207] initcall crypto_gcm_module_init+0x0/0x64 returned 0 after 0 usecs
[    3.880149] calling  crypto_ccm_module_init+0x0/0x11 @ 1
[    3.881150] initcall crypto_ccm_module_init+0x0/0x11 returned 0 after 0 usecs
[    3.882148] calling  aes_init+0x0/0xc @ 1
[    3.884339] initcall aes_init+0x0/0xc returned 0 after 976 usecs
[    3.885149] calling  crc32c_mod_init+0x0/0xc @ 1
[    3.888234] initcall crc32c_mod_init+0x0/0xc returned 0 after 1953 usecs
[    3.889150] calling  crypto_authenc_module_init+0x0/0xc @ 1
[    3.890151] initcall crypto_authenc_module_init+0x0/0xc returned 0 after 0 usecs
[    3.891148] calling  crypto_authenc_esn_module_init+0x0/0xc @ 1
[    3.892149] initcall crypto_authenc_esn_module_init+0x0/0xc returned 0 after 0 usecs
[    3.893147] calling  drbg_init+0x0/0x7c @ 1
[    3.902276] initcall drbg_init+0x0/0x7c returned 0 after 7812 usecs
[    3.903151] calling  ghash_mod_init+0x0/0xc @ 1
[    3.905352] initcall ghash_mod_init+0x0/0xc returned 0 after 976 usecs
[    3.906149] calling  init_bio+0x0/0x9a @ 1
[    3.908240] initcall init_bio+0x0/0x9a returned 0 after 976 usecs
[    3.909148] calling  blk_settings_init+0x0/0x29 @ 1
[    3.910149] initcall blk_settings_init+0x0/0x29 returned 0 after 0 usecs
[    3.911148] calling  blk_ioc_init+0x0/0x29 @ 1
[    3.912152] initcall blk_ioc_init+0x0/0x29 returned 0 after 0 usecs
[    3.913148] calling  blk_mq_init+0x0/0xb9 @ 1
[    3.914153] initcall blk_mq_init+0x0/0xb9 returned 0 after 0 usecs
[    3.915151] calling  genhd_device_init+0x0/0x75 @ 1
[    3.917735] initcall genhd_device_init+0x0/0x75 returned 0 after 976 usecs
[    3.918188] calling  pci_slot_init+0x0/0x40 @ 1
[    3.919158] initcall pci_slot_init+0x0/0x40 returned 0 after 0 usecs
[    3.920151] calling  fbmem_init+0x0/0xd8 @ 1
[    3.922218] initcall fbmem_init+0x0/0xd8 returned 0 after 0 usecs
[    3.923151] calling  acpi_init+0x0/0x319 @ 1
[    3.924253] ACPI: Added _OSI(Module Device)
[    3.925148] ACPI: Added _OSI(Processor Device)
[    3.926151] ACPI: Added _OSI(3.0 _SCP Extensions)
[    3.927145] ACPI: Added _OSI(Processor Aggregator Device)
[    3.928147] ACPI: Added _OSI(Linux-Dell-Video)
[    3.929146] ACPI: Added _OSI(Linux-Lenovo-NV-HDMI-Audio)
[    3.930146] ACPI: Added _OSI(Linux-HPI-Hybrid-Graphics)
[    3.934368] ACPI: 1 ACPI AML tables successfully acquired and loaded
[    3.939921] ACPI: Interpreter enabled
[    3.940186] ACPI: (supports S0 S3 S4 S5)
[    3.941148] ACPI: Using IOAPIC for interrupt routing
[    3.942247] PCI: Using host bridge windows from ACPI; if necessary, use "pci=nocrs" and report a bug
[    3.943593] ACPI: Enabled 2 GPEs in block 00 to 3F
[    3.957525] ACPI: PCI Root Bridge [PCI0] (domain 0000 [bus 00-ff])
[    3.958154] acpi PNP0A08:00: _OSC: OS supports [ExtendedConfig ASPM ClockPM Segments MSI HPX-Type3]
[    3.959227] acpi PNP0A08:00: _OSC: platform does not support [LTR]
[    3.960252] acpi PNP0A08:00: _OSC: OS now controls [PME PCIeCapability]
[    3.961246] PCI host bridge to bus 0000:00
[    3.962172] pci_bus 0000:00: root bus resource [io  0x0000-0x0cf7 window]
[    3.963150] pci_bus 0000:00: root bus resource [io  0x0d00-0xffff window]
[    3.964174] pci_bus 0000:00: root bus resource [mem 0x000a0000-0x000bffff window]
[    3.965153] pci_bus 0000:00: root bus resource [mem 0x20000000-0xafffffff window]
[    3.966149] pci_bus 0000:00: root bus resource [mem 0xc0000000-0xfebfffff window]
[    3.967262] pci_bus 0000:00: root bus resource [mem 0x100000000-0x8ffffffff window]
[    3.968150] pci_bus 0000:00: root bus resource [bus 00-ff]
[    3.970571] pci 0000:00:00.0: calling  quirk_mmio_always_on+0x0/0x10 @ 1
[    3.971153] pci 0000:00:00.0: quirk_mmio_always_on+0x0/0x10 took 0 usecs
[    3.972149] pci 0000:00:00.0: [8086:29c0] type 00 class 0x060000
[    3.977621] pci 0000:00:00.0: calling  quirk_igfx_skip_te_disable+0x0/0x80 @ 1
[    3.978154] pci 0000:00:00.0: quirk_igfx_skip_te_disable+0x0/0x80 took 0 usecs
[    3.981393] pci 0000:00:01.0: [1234:1111] type 00 class 0x030000
[    3.993002] pci 0000:00:01.0: reg 0x10: [mem 0xfd000000-0xfdffffff pref]
[    4.017140] pci 0000:00:01.0: reg 0x18: [mem 0xfebf0000-0xfebf0fff]
[    4.055140] pci 0000:00:01.0: reg 0x30: [mem 0xfebe0000-0xfebeffff pref]
[    4.066016] pci 0000:00:01.0: calling  efifb_fixup_resources+0x0/0xf0 @ 1
[    4.066643] pci 0000:00:01.0: efifb_fixup_resources+0x0/0xf0 took 0 usecs
[    4.097699] pci 0000:00:1f.0: [8086:2918] type 00 class 0x060100
[    4.105081] pci 0000:00:1f.0: calling  quirk_ich7_lpc+0x0/0x60 @ 1
[    4.107876] pci 0000:00:1f.0: quirk: [io  0x0600-0x067f] claimed by ICH6 ACPI/GPIO/TCO
[    4.109258] pci 0000:00:1f.0: quirk_ich7_lpc+0x0/0x60 took 2929 usecs
[    4.110744] pci 0000:00:1f.0: calling  quirk_igfx_skip_te_disable+0x0/0x80 @ 1
[    4.112237] pci 0000:00:1f.0: quirk_igfx_skip_te_disable+0x0/0x80 took 0 usecs
[    4.116580] pci 0000:00:1f.2: [8086:2922] type 00 class 0x010601
[    4.127150] pci 0000:00:1f.2: reg 0x20: [io  0xc040-0xc05f]
[    4.129918] pci 0000:00:1f.2: reg 0x24: [mem 0xfebf1000-0xfebf1fff]
[    4.132348] pci 0000:00:1f.2: calling  quirk_igfx_skip_te_disable+0x0/0x80 @ 1
[    4.133160] pci 0000:00:1f.2: quirk_igfx_skip_te_disable+0x0/0x80 took 0 usecs
[    4.139102] pci 0000:00:1f.3: [8086:2930] type 00 class 0x0c0500
[    4.146464] pci 0000:00:1f.3: reg 0x20: [io  0x0700-0x073f]
[    4.150174] pci 0000:00:1f.3: calling  quirk_igfx_skip_te_disable+0x0/0x80 @ 1
[    4.151158] pci 0000:00:1f.3: quirk_igfx_skip_te_disable+0x0/0x80 took 0 usecs
[    4.174147] ACPI: PCI Interrupt Link [LNKA] (IRQs 5 *10 11)
[    4.176314] ACPI: PCI Interrupt Link [LNKB] (IRQs 5 *10 11)
[    4.177630] ACPI: PCI Interrupt Link [LNKC] (IRQs 5 10 *11)
[    4.179278] ACPI: PCI Interrupt Link [LNKD] (IRQs 5 10 *11)
[    4.181645] ACPI: PCI Interrupt Link [LNKE] (IRQs 5 *10 11)
[    4.183295] ACPI: PCI Interrupt Link [LNKF] (IRQs 5 *10 11)
[    4.185533] ACPI: PCI Interrupt Link [LNKG] (IRQs 5 10 *11)
[    4.187425] ACPI: PCI Interrupt Link [LNKH] (IRQs 5 10 *11)
[    4.189166] ACPI: PCI Interrupt Link [GSIA] (IRQs *16)
[    4.190191] ACPI: PCI Interrupt Link [GSIB] (IRQs *17)
[    4.192165] ACPI: PCI Interrupt Link [GSIC] (IRQs *18)
[    4.193191] ACPI: PCI Interrupt Link [GSID] (IRQs *19)
[    4.195168] ACPI: PCI Interrupt Link [GSIE] (IRQs *20)
[    4.196185] ACPI: PCI Interrupt Link [GSIF] (IRQs *21)
[    4.198166] ACPI: PCI Interrupt Link [GSIG] (IRQs *22)
[    4.199184] ACPI: PCI Interrupt Link [GSIH] (IRQs *23)
[    4.307140] initcall acpi_init+0x0/0x319 returned 0 after 373046 usecs
[    4.309981] calling  pnp_init+0x0/0xc @ 1
[    4.311156] initcall pnp_init+0x0/0xc returned 0 after 976 usecs
[    4.312153] calling  misc_init+0x0/0xbf @ 1
[    4.317662] initcall misc_init+0x0/0xbf returned 0 after 3906 usecs
[    4.318154] calling  iommu_subsys_init+0x0/0x4e @ 1
[    4.319593] iommu: Default domain type: Translated 
[    4.321151] initcall iommu_subsys_init+0x0/0x4e returned 0 after 1953 usecs
[    4.322148] calling  vga_arb_device_init+0x0/0x261 @ 1
[    4.325371] pci 0000:00:01.0: vgaarb: setting as boot VGA device
[    4.326140] pci 0000:00:01.0: vgaarb: VGA device added: decodes=io+mem,owns=io+mem,locks=none
[    4.326150] pci 0000:00:01.0: vgaarb: bridge control possible
[    4.327148] vgaarb: loaded
[    4.328157] initcall vga_arb_device_init+0x0/0x261 returned 0 after 4882 usecs
[    4.329221] calling  cn_init+0x0/0xf0 @ 1
[    4.331892] initcall cn_init+0x0/0xf0 returned 0 after 976 usecs
[    4.332153] calling  dma_buf_init+0x0/0xad @ 1
[    4.334656] initcall dma_buf_init+0x0/0xad returned 0 after 976 usecs
[    4.335147] calling  init_scsi+0x0/0x79 @ 1
[    4.337962] SCSI subsystem initialized
[    4.338149] initcall init_scsi+0x0/0x79 returned 0 after 1953 usecs
[    4.339167] calling  ata_init+0x0/0x332 @ 1
[    4.345387] libata version 3.00 loaded.
[    4.346149] initcall ata_init+0x0/0x332 returned 0 after 5859 usecs
[    4.347147] calling  phy_init+0x0/0x250 @ 1
[    4.348497] initcall phy_init+0x0/0x250 returned 0 after 0 usecs
[    4.349167] calling  init_pcmcia_cs+0x0/0x35 @ 1
[    4.351232] initcall init_pcmcia_cs+0x0/0x35 returned 0 after 976 usecs
[    4.352147] calling  usb_common_init+0x0/0x1c @ 1
[    4.353208] initcall usb_common_init+0x0/0x1c returned 0 after 0 usecs
[    4.354149] calling  usb_init+0x0/0x12e @ 1
[    4.355499] ACPI: bus type USB registered
[    4.357293] usbcore: registered new interface driver usbfs
[    4.358280] usbcore: registered new interface driver hub
[    4.359219] usbcore: registered new device driver usb
[    4.360154] initcall usb_init+0x0/0x12e returned 0 after 4882 usecs
[    4.361152] calling  serio_init+0x0/0x29 @ 1
[    4.363229] initcall serio_init+0x0/0x29 returned 0 after 976 usecs
[    4.364148] calling  input_init+0x0/0xf6 @ 1
[    4.366148] initcall input_init+0x0/0xf6 returned 0 after 976 usecs
[    4.367153] calling  rtc_init+0x0/0x4d @ 1
[    4.368217] initcall rtc_init+0x0/0x4d returned 0 after 0 usecs
[    4.369155] calling  pps_init+0x0/0xa9 @ 1
[    4.370173] pps_core: LinuxPPS API ver. 1 registered
[    4.371150] pps_core: Software ver. 5.3.6 - Copyright 2005-2007 Rodolfo Giometti <giometti@linux.it>
[    4.372163] initcall pps_init+0x0/0xa9 returned 0 after 1953 usecs
[    4.373159] calling  ptp_init+0x0/0x98 @ 1
[    4.374168] PTP clock support registered
[    4.375161] initcall ptp_init+0x0/0x98 returned 0 after 976 usecs
[    4.376160] calling  power_supply_class_init+0x0/0x3f @ 1
[    4.378665] initcall power_supply_class_init+0x0/0x3f returned 0 after 976 usecs
[    4.379152] calling  hwmon_init+0x0/0x104 @ 1
[    4.380465] initcall hwmon_init+0x0/0x104 returned 0 after 0 usecs
[    4.381151] calling  md_init+0x0/0x16b @ 1
[    4.387754] initcall md_init+0x0/0x16b returned 0 after 4882 usecs
[    4.388153] calling  leds_init+0x0/0x3b @ 1
[    4.390318] initcall leds_init+0x0/0x3b returned 0 after 976 usecs
[    4.391153] calling  dmi_init+0x0/0x113 @ 1
[    4.393392] initcall dmi_init+0x0/0x113 returned 0 after 976 usecs
[    4.394149] calling  efisubsys_init+0x0/0x4e7 @ 1
[    4.396147] initcall efisubsys_init+0x0/0x4e7 returned 0 after 976 usecs
[    4.397150] calling  nvmem_init+0x0/0xc @ 1
[    4.398204] initcall nvmem_init+0x0/0xc returned 0 after 0 usecs
[    4.399149] calling  init_soundcore+0x0/0x33 @ 1
[    4.400233] initcall init_soundcore+0x0/0x33 returned 0 after 0 usecs
[    4.402146] calling  alsa_sound_init+0x0/0x8f @ 1
[    4.403609] Advanced Linux Sound Architecture Driver Initialized.
[    4.404147] initcall alsa_sound_init+0x0/0x8f returned 0 after 976 usecs
[    4.405168] calling  alsa_seq_device_init+0x0/0x71 @ 1
[    4.406210] initcall alsa_seq_device_init+0x0/0x71 returned 0 after 0 usecs
[    4.407149] calling  hda_bus_init+0x0/0xc @ 1
[    4.408291] initcall hda_bus_init+0x0/0xc returned 0 after 0 usecs
[    4.409150] calling  proto_init+0x0/0xc @ 1
[    4.410211] initcall proto_init+0x0/0xc returned 0 after 0 usecs
[    4.411147] calling  net_dev_init+0x0/0x209 @ 1
[    4.425456] initcall net_dev_init+0x0/0x209 returned 0 after 12695 usecs
[    4.426150] calling  neigh_init+0x0/0x84 @ 1
[    4.427151] initcall neigh_init+0x0/0x84 returned 0 after 0 usecs
[    4.428149] calling  fib_notifier_init+0x0/0xc @ 1
[    4.429154] initcall fib_notifier_init+0x0/0xc returned 0 after 0 usecs
[    4.430150] calling  fib_rules_init+0x0/0xab @ 1
[    4.431504] initcall fib_rules_init+0x0/0xab returned 0 after 0 usecs
[    4.432149] calling  pktsched_init+0x0/0x10e @ 1
[    4.433263] initcall pktsched_init+0x0/0x10e returned 0 after 0 usecs
[    4.434149] calling  tc_filter_init+0x0/0xfa @ 1
[    4.435259] initcall tc_filter_init+0x0/0xfa returned 0 after 0 usecs
[    4.436149] calling  tc_action_init+0x0/0x54 @ 1
[    4.437151] initcall tc_action_init+0x0/0x54 returned 0 after 0 usecs
[    4.438149] calling  ethnl_init+0x0/0x52 @ 1
[    4.440854] initcall ethnl_init+0x0/0x52 returned 0 after 976 usecs
[    4.441152] calling  nexthop_init+0x0/0xd8 @ 1
[    4.443601] initcall nexthop_init+0x0/0xd8 returned 0 after 976 usecs
[    4.444153] calling  cipso_v4_init+0x0/0x5d @ 1
[    4.446148] initcall cipso_v4_init+0x0/0x5d returned 0 after 976 usecs
[    4.447149] calling  ieee80211_init+0x0/0x24 @ 1
[    4.448906] initcall ieee80211_init+0x0/0x24 returned 0 after 0 usecs
[    4.449154] calling  netlbl_init+0x0/0x78 @ 1
[    4.450386] NetLabel: Initializing
[    4.451146] NetLabel:  domain hash size = 128
[    4.452146] NetLabel:  protocols = UNLABELED CIPSOv4 CALIPSO
[    4.454303] NetLabel:  unlabeled traffic allowed by default
[    4.455155] initcall netlbl_init+0x0/0x78 returned 0 after 4882 usecs
[    4.456155] calling  rfkill_init+0x0/0x111 @ 1
[    4.458338] initcall rfkill_init+0x0/0x111 returned 0 after 976 usecs
[    4.459191] calling  pci_subsys_init+0x0/0x66 @ 1
[    4.461689] PCI: Using ACPI for IRQ routing
[    5.184637] PCI: pci_cache_line_size set to 64 bytes
[    5.186147] e820: reserve RAM buffer [mem 0x0009fc00-0x0009ffff]
[    5.187183] e820: reserve RAM buffer [mem 0x1ffdf000-0x1fffffff]
[    5.189153] initcall pci_subsys_init+0x0/0x66 returned 0 after 710937 usecs
[    5.195376] calling  nmi_warning_debugfs+0x0/0x26 @ 1
[    5.196294] initcall nmi_warning_debugfs+0x0/0x26 returned 0 after 0 usecs
[    5.197206] calling  save_microcode_in_initrd+0x0/0x51 @ 1
[    5.198328] initcall save_microcode_in_initrd+0x0/0x51 returned 0 after 0 usecs
[    5.199197] calling  hpet_late_init+0x0/0x20d @ 1
[    5.200348] hpet: 3 channels of 0 reserved for per-cpu timers
[    5.201667] hpet0: at MMIO 0xfed00000, IRQs 2, 8, 0
[    5.203149] hpet0: 3 comparators, 64-bit 100.000000 MHz counter
[    5.211153] initcall hpet_late_init+0x0/0x20d returned 0 after 10742 usecs
[    5.212152] calling  init_amd_nbs+0x0/0x11c @ 1
[    5.213192] initcall init_amd_nbs+0x0/0x11c returned 0 after 0 usecs
[    5.214166] calling  clocksource_done_booting+0x0/0x41 @ 1
[    5.218888] clocksource: Switched to clocksource kvm-clock
[    5.226426] initcall clocksource_done_booting+0x0/0x41 returned 0 after 11016 usecs
[    5.237092] calling  tracer_init_tracefs+0x0/0x242 @ 1
[    5.451511] initcall tracer_init_tracefs+0x0/0x242 returned 0 after 202009 usecs
[    5.462293] calling  init_trace_printk_function_export+0x0/0x2c @ 1
[    5.469937] initcall init_trace_printk_function_export+0x0/0x2c returned 0 after 12 usecs
[    5.480266] calling  init_kprobe_trace+0x0/0x1a9 @ 1
[    5.487449] initcall init_kprobe_trace+0x0/0x1a9 returned 0 after 30 usecs
[    5.498450] calling  init_dynamic_event+0x0/0x3d @ 1
[    5.507299] initcall init_dynamic_event+0x0/0x3d returned 0 after 228 usecs
[    5.518881] calling  init_uprobe_trace+0x0/0x5c @ 1
[    5.526703] initcall init_uprobe_trace+0x0/0x5c returned 0 after 29 usecs
[    5.537534] calling  init_pipe_fs+0x0/0x44 @ 1
[    5.544736] initcall init_pipe_fs+0x0/0x44 returned 0 after 176 usecs
[    5.552718] calling  inotify_user_setup+0x0/0x47 @ 1
[    5.558863] initcall inotify_user_setup+0x0/0x47 returned 0 after 48 usecs
[    5.567196] calling  eventpoll_init+0x0/0xd4 @ 1
[    5.572991] initcall eventpoll_init+0x0/0xd4 returned 0 after 122 usecs
[    5.581159] calling  anon_inode_init+0x0/0x58 @ 1
[    5.587081] initcall anon_inode_init+0x0/0x58 returned 0 after 52 usecs
[    5.595155] calling  proc_locks_init+0x0/0x27 @ 1
[    5.602571] initcall proc_locks_init+0x0/0x27 returned 0 after 7 usecs
[    5.610692] calling  iomap_init+0x0/0x1b @ 1
[    5.618091] initcall iomap_init+0x0/0x1b returned 0 after 2057 usecs
[    5.625760] calling  dquot_init+0x0/0x106 @ 1
[    5.631043] VFS: Disk quotas dquot_6.6.0
[    5.636362] VFS: Dquot-cache hash table entries: 512 (order 0, 4096 bytes)
[    5.644839] initcall dquot_init+0x0/0x106 returned 0 after 13483 usecs
[    5.652899] calling  quota_init+0x0/0x23 @ 1
[    5.658146] initcall quota_init+0x0/0x23 returned 0 after 12 usecs
[    5.665608] calling  proc_cmdline_init+0x0/0x21 @ 1
[    5.671507] initcall proc_cmdline_init+0x0/0x21 returned 0 after 5 usecs
[    5.679747] calling  proc_consoles_init+0x0/0x24 @ 1
[    5.685731] initcall proc_consoles_init+0x0/0x24 returned 0 after 4 usecs
[    5.693825] calling  proc_cpuinfo_init+0x0/0x1e @ 1
[    5.699708] initcall proc_cpuinfo_init+0x0/0x1e returned 0 after 3 usecs
[    5.707963] calling  proc_devices_init+0x0/0x24 @ 1
[    5.714022] initcall proc_devices_init+0x0/0x24 returned 0 after 4 usecs
[    5.722286] calling  proc_interrupts_init+0x0/0x24 @ 1
[    5.728690] initcall proc_interrupts_init+0x0/0x24 returned 0 after 4 usecs
[    5.737270] calling  proc_loadavg_init+0x0/0x21 @ 1
[    5.743376] initcall proc_loadavg_init+0x0/0x21 returned 0 after 4 usecs
[    5.751742] calling  proc_meminfo_init+0x0/0x21 @ 1
[    5.757896] initcall proc_meminfo_init+0x0/0x21 returned 0 after 4 usecs
[    5.767990] calling  proc_stat_init+0x0/0x1e @ 1
[    5.775283] initcall proc_stat_init+0x0/0x1e returned 0 after 5 usecs
[    5.785433] calling  proc_uptime_init+0x0/0x21 @ 1
[    5.792897] initcall proc_uptime_init+0x0/0x21 returned 0 after 4 usecs
[    5.800904] calling  proc_version_init+0x0/0x21 @ 1
[    5.806850] initcall proc_version_init+0x0/0x21 returned 0 after 3 usecs
[    5.815083] calling  proc_softirqs_init+0x0/0x21 @ 1
[    5.821133] initcall proc_softirqs_init+0x0/0x21 returned 0 after 3 usecs
[    5.829313] calling  proc_kcore_init+0x0/0xea @ 1
[    5.835030] initcall proc_kcore_init+0x0/0xea returned 0 after 32 usecs
[    5.843347] calling  vmcore_init+0x0/0x578 @ 1
[    5.849738] initcall vmcore_init+0x0/0x578 returned 0 after 37 usecs
[    5.857864] calling  proc_kmsg_init+0x0/0x21 @ 1
[    5.863962] initcall proc_kmsg_init+0x0/0x21 returned 0 after 4 usecs
[    5.872440] calling  proc_page_init+0x0/0x3b @ 1
[    5.878405] initcall proc_page_init+0x0/0x3b returned 0 after 5 usecs
[    5.886702] calling  init_ramfs_fs+0x0/0xc @ 1
[    5.892520] initcall init_ramfs_fs+0x0/0xc returned 0 after 31 usecs
[    5.900707] calling  init_hugetlbfs_fs+0x0/0xf6 @ 1
[    5.907607] initcall init_hugetlbfs_fs+0x0/0xf6 returned 0 after 638 usecs
[    5.917266] calling  blk_scsi_ioctl_init+0x0/0x2a5 @ 1
[    5.925349] initcall blk_scsi_ioctl_init+0x0/0x2a5 returned 0 after 15 usecs
[    5.936349] calling  acpi_event_init+0x0/0x2c @ 1
[    5.943563] initcall acpi_event_init+0x0/0x2c returned 0 after 14 usecs
[    5.951552] calling  pnp_system_init+0x0/0xc @ 1
[    5.957311] initcall pnp_system_init+0x0/0xc returned 0 after 61 usecs
[    5.965198] calling  pnpacpi_init+0x0/0x69 @ 1
[    5.970614] pnp: PnP ACPI init
[    5.974734] pnp 00:00: Plug and Play ACPI device, IDs PNP0303 (active)
[    5.982752] pnp 00:01: Plug and Play ACPI device, IDs PNP0f13 (active)
[    5.990650] pnp 00:02: Plug and Play ACPI device, IDs PNP0400 (active)
[    6.000289] pnp 00:03: Plug and Play ACPI device, IDs PNP0501 (active)
[    6.008258] pnp 00:04: Plug and Play ACPI device, IDs PNP0b00 (active)
[    6.016305] system 00:05: [mem 0xb0000000-0xbfffffff window] has been reserved
[    6.025044] system 00:05: Plug and Play ACPI device, IDs PNP0c01 (active)
[    6.034313] pnp: PnP ACPI: found 6 devices
[    6.039383] initcall pnpacpi_init+0x0/0x69 returned 0 after 67172 usecs
[    6.047304] calling  chr_dev_init+0x0/0x14d @ 1
[    6.164606] initcall chr_dev_init+0x0/0x14d returned 0 after 108845 usecs
[    6.172865] calling  firmware_class_init+0x0/0xe7 @ 1
[    6.179287] initcall firmware_class_init+0x0/0xe7 returned 0 after 146 usecs
[    6.187810] calling  init_pcmcia_bus+0x0/0x5b @ 1
[    6.193541] initcall init_pcmcia_bus+0x0/0x5b returned 0 after 21 usecs
[    6.201582] calling  init_acpi_pm_clocksource+0x0/0xda @ 1
[    6.213643] clocksource: acpi_pm: mask: 0xffffff max_cycles: 0xffffff, max_idle_ns: 2085701024 ns
[    6.224218] initcall init_acpi_pm_clocksource+0x0/0xda returned 0 after 15649 usecs
[    6.233439] calling  sysctl_core_init+0x0/0x26 @ 1
[    6.239315] initcall sysctl_core_init+0x0/0x26 returned 0 after 54 usecs
[    6.247496] calling  eth_offload_init+0x0/0x13 @ 1
[    6.253297] initcall eth_offload_init+0x0/0x13 returned 0 after 1 usecs
[    6.261476] calling  ipv4_offload_init+0x0/0x73 @ 1
[    6.267488] initcall ipv4_offload_init+0x0/0x73 returned 0 after 47 usecs
[    6.275635] calling  inet_init+0x0/0x276 @ 1
[    6.281117] NET: Registered protocol family 2
[    6.287731] IP idents hash table entries: 8192 (order: 4, 65536 bytes, linear)
[    6.300826] tcp_listen_portaddr_hash hash table entries: 256 (order: 0, 4096 bytes, linear)
[    6.310962] TCP established hash table entries: 4096 (order: 3, 32768 bytes, linear)
[    6.320763] TCP bind hash table entries: 4096 (order: 4, 65536 bytes, linear)
[    6.330691] TCP: Hash tables configured (established 4096 bind 4096)
[    6.340640] UDP hash table entries: 256 (order: 1, 8192 bytes, linear)
[    6.348716] UDP-Lite hash table entries: 256 (order: 1, 8192 bytes, linear)
[    6.358252] initcall inet_init+0x0/0x276 returned 0 after 75410 usecs
[    6.366284] calling  af_unix_init+0x0/0x4d @ 1
[    6.371833] NET: Registered protocol family 1
[    6.377559] initcall af_unix_init+0x0/0x4d returned 0 after 5594 usecs
[    6.385541] calling  ipv6_offload_init+0x0/0x7e @ 1
[    6.391552] initcall ipv6_offload_init+0x0/0x7e returned 0 after 82 usecs
[    6.399739] calling  init_sunrpc+0x0/0x65 @ 1
[    6.414460] RPC: Registered named UNIX socket transport module.
[    6.421701] RPC: Registered udp transport module.
[    6.427401] RPC: Registered tcp transport module.
[    6.433085] RPC: Registered tcp NFSv4.1 backchannel transport module.
[    6.440890] initcall init_sunrpc+0x0/0x65 returned 0 after 34993 usecs
[    6.448908] calling  cfg80211_init+0x0/0xc5 @ 1
[    6.456571] initcall cfg80211_init+0x0/0xc5 returned 0 after 2140 usecs
[    6.464522] calling  pcibios_assign_resources+0x0/0xbf @ 1
[    6.471317] pci_bus 0000:00: resource 4 [io  0x0000-0x0cf7 window]
[    6.478674] pci_bus 0000:00: resource 5 [io  0x0d00-0xffff window]
[    6.486667] pci_bus 0000:00: resource 6 [mem 0x000a0000-0x000bffff window]
[    6.494964] pci_bus 0000:00: resource 7 [mem 0x20000000-0xafffffff window]
[    6.503558] pci_bus 0000:00: resource 8 [mem 0xc0000000-0xfebfffff window]
[    6.512470] pci_bus 0000:00: resource 9 [mem 0x100000000-0x8ffffffff window]
[    6.523047] initcall pcibios_assign_resources+0x0/0xbf returned 0 after 50687 usecs
[    6.532351] calling  pci_apply_final_quirks+0x0/0x124 @ 1
[    6.539211] pci 0000:00:01.0: calling  pci_fixup_video+0x0/0xe0 @ 1
[    6.547289] pci 0000:00:01.0: Video device with shadowed ROM at [mem 0x000c0000-0x000dffff]
[    6.557881] pci 0000:00:01.0: pci_fixup_video+0x0/0xe0 took 10725 usecs
[    6.566330] PCI: CLS 0 bytes, default 64
[    6.571948] initcall pci_apply_final_quirks+0x0/0x124 returned 0 after 32210 usecs
[    6.582130] calling  acpi_reserve_resources+0x0/0xea @ 1
[    6.588668] initcall acpi_reserve_resources+0x0/0xea returned 0 after 4 usecs
[    6.597418] calling  populate_rootfs+0x0/0x102 @ 1
[    6.606471] initcall populate_rootfs+0x0/0x102 returned 0 after 2297 usecs
[    6.615378] calling  pci_iommu_init+0x0/0x3e @ 1
[    6.622578] initcall pci_iommu_init+0x0/0x3e returned 0 after 55 usecs
[    6.632963] calling  ia32_binfmt_init+0x0/0x13 @ 1
[    6.640575] initcall ia32_binfmt_init+0x0/0x13 returned 0 after 13 usecs
[    6.651097] calling  rapl_pmu_init+0x0/0x267 @ 1
[    6.658530] initcall rapl_pmu_init+0x0/0x267 returned -19 after 41 usecs
[    6.669084] calling  amd_uncore_init+0x0/0x310 @ 1
[    6.676795] initcall amd_uncore_init+0x0/0x310 returned -19 after 0 usecs
[    6.687347] calling  amd_ibs_init+0x0/0x27b @ 1
[    6.694519] initcall amd_ibs_init+0x0/0x27b returned -19 after 0 usecs
[    6.705343] calling  amd_iommu_pc_init+0x0/0x215 @ 1
[    6.711856] initcall amd_iommu_pc_init+0x0/0x215 returned -19 after 31 usecs
[    6.720407] calling  msr_init+0x0/0x55 @ 1
[    6.725567] initcall msr_init+0x0/0x55 returned 0 after 144 usecs
[    6.732966] calling  intel_uncore_init+0x0/0x36f @ 1
[    6.739258] initcall intel_uncore_init+0x0/0x36f returned -19 after 27 usecs
[    6.750090] calling  cstate_pmu_init+0x0/0x1a1 @ 1
[    6.757734] initcall cstate_pmu_init+0x0/0x1a1 returned -19 after 0 usecs
[    6.768380] calling  register_kernel_offset_dumper+0x0/0x1a @ 1
[    6.776835] initcall register_kernel_offset_dumper+0x0/0x1a returned 0 after 1 usecs
[    6.786215] calling  i8259A_init_ops+0x0/0x20 @ 1
[    6.792063] initcall i8259A_init_ops+0x0/0x20 returned 0 after 1 usecs
[    6.800059] calling  init_tsc_clocksource+0x0/0xa4 @ 1
[    6.806296] clocksource: tsc: mask: 0xffffffffffffffff max_cycles: 0x39a85afc727, max_idle_ns: 881590685098 ns
[    6.818379] initcall init_tsc_clocksource+0x0/0xa4 returned 0 after 11799 usecs
[    6.827256] calling  add_rtc_cmos+0x0/0xb0 @ 1
[    6.832733] initcall add_rtc_cmos+0x0/0xb0 returned 0 after 41 usecs
[    6.840429] calling  i8237A_init_ops+0x0/0x3a @ 1
[    6.846252] initcall i8237A_init_ops+0x0/0x3a returned 0 after 99 usecs
[    6.854523] calling  umwait_init+0x0/0x94 @ 1
[    6.860868] initcall umwait_init+0x0/0x94 returned -19 after 28 usecs
[    6.868734] calling  thermal_throttle_init_device+0x0/0x3d @ 1
[    6.876270] initcall thermal_throttle_init_device+0x0/0x3d returned 0 after 387 usecs
[    6.885793] calling  msr_init+0x0/0xd7 @ 1
[    6.950790] initcall msr_init+0x0/0xd7 returned 0 after 58511 usecs
[    6.959311] calling  cpuid_init+0x0/0xd7 @ 1
[    6.980851] initcall cpuid_init+0x0/0xd7 returned 0 after 15256 usecs
[    6.989600] calling  ioapic_init_ops+0x0/0x13 @ 1
[    6.996135] initcall ioapic_init_ops+0x0/0x13 returned 0 after 149 usecs
[    7.005389] calling  add_pcspkr+0x0/0x6c @ 1
[    7.011076] initcall add_pcspkr+0x0/0x6c returned 0 after 152 usecs
[    7.019569] calling  start_periodic_check_for_corruption+0x0/0x30 @ 1
[    7.028147] check: Scanning for low memory corruption every 60 seconds
[    7.036673] initcall start_periodic_check_for_corruption+0x0/0x30 returned 0 after 8331 usecs
[    7.048718] calling  sysfb_init+0x0/0x9c @ 1
[    7.054718] initcall sysfb_init+0x0/0x9c returned 0 after 83 usecs
[    7.063003] calling  audit_classes_init+0x0/0xae @ 1
[    7.069992] initcall audit_classes_init+0x0/0xae returned 0 after 20 usecs
[    7.080531] calling  iosf_mbi_init+0x0/0x24 @ 1
[    7.086668] initcall iosf_mbi_init+0x0/0x24 returned 0 after 53 usecs
[    7.095312] calling  proc_execdomains_init+0x0/0x21 @ 1
[    7.102262] initcall proc_execdomains_init+0x0/0x21 returned 0 after 8 usecs
[    7.111560] calling  register_warn_debugfs+0x0/0x23 @ 1
[    7.118792] initcall register_warn_debugfs+0x0/0x23 returned 0 after 15 usecs
[    7.128250] calling  cpuhp_sysfs_init+0x0/0x79 @ 1
[    7.134860] initcall cpuhp_sysfs_init+0x0/0x79 returned 0 after 299 usecs
[    7.143958] calling  ioresources_init+0x0/0x49 @ 1
[    7.150401] initcall ioresources_init+0x0/0x49 returned 0 after 6 usecs
[    7.159485] calling  snapshot_device_init+0x0/0xc @ 1
[    7.167805] initcall snapshot_device_init+0x0/0xc returned 0 after 1412 usecs
[    7.177474] calling  irq_pm_init_ops+0x0/0x13 @ 1
[    7.183530] initcall irq_pm_init_ops+0x0/0x13 returned 0 after 52 usecs
[    7.192639] calling  rcu_torture_init+0x0/0x9a6 @ 1
[    7.199832] rcu-torture:--- Start of test: nreaders=7 nfakewriters=4 stat_interval=15 verbose=1 test_no_idle_hz=1 shuffle_interval=3 stutter=5 irqreader=1 fqs_duration=0 fqs_holdoff=0 fqs_stutter=3 test_boost=1/0 test_boost_interval=7 test_boost_duration=4 shutdown_secs=1800 stall_cpu=0 stall_cpu_holdoff=10 stall_cpu_irqsoff=0 stall_cpu_block=0 n_barrier_cbs=4 onoff_interval=1000 onoff_holdoff=30 read_exit_delay=13 read_exit_burst=16
[    7.246025] rcu:  Start-test grace-period state: g-1052 f0x0
[    7.254084] rcu-torture: Creating rcu_torture_writer task
[    7.262879] rcu-torture: Creating rcu_torture_fakewriter task
[    7.263259] rcu-torture: rcu_torture_writer task started
[    7.272093] rcu-torture: Creating rcu_torture_fakewriter task
[    7.272384] rcu-torture: rcu_torture_fakewriter task started
[    7.276483] rcu-torture: GP expediting controlled from boot/sysfs for rcu.
[    7.276486] rcu_torture_writer: Testing conditional GPs.
[    7.285545] rcu-torture: Creating rcu_torture_fakewriter task
[    7.285813] rcu-torture: rcu_torture_fakewriter task started
[    7.290944] rcu_torture_writer: Testing expedited GPs.
[    7.301676] rcu-torture: Creating rcu_torture_fakewriter task
[    7.301852] rcu-torture: rcu_torture_fakewriter task started
[    7.306456] rcu_torture_writer: Testing asynchronous GPs.
[    7.315318] rcu-torture: Creating rcu_torture_reader task
[    7.315459] rcu-torture: rcu_torture_fakewriter task started
[    7.320650] rcu_torture_writer: Testing normal GPs.
[    7.328972] rcu-torture: Creating rcu_torture_reader task
[    7.329240] rcu-torture: rcu_torture_reader task started
[    7.387158] rcu-torture: Creating rcu_torture_reader task
[    7.387539] rcu-torture: rcu_torture_reader task started
[    7.395893] rcu-torture: Creating rcu_torture_reader task
[    7.396263] rcu-torture: rcu_torture_reader task started
[    7.418619] rcu-torture: Creating rcu_torture_reader task
[    7.418927] rcu-torture: rcu_torture_reader task started
[    7.428500] rcu-torture: Creating rcu_torture_reader task
[    7.428861] rcu-torture: rcu_torture_reader task started
[    7.450116] rcu-torture: Creating rcu_torture_reader task
[    7.450551] rcu-torture: rcu_torture_reader task started
[    7.460405] rcu-torture: Creating rcu_torture_stats task
[    7.460715] rcu-torture: rcu_torture_reader task started
[    7.483044] rcu-torture: Creating torture_shuffle task
[    7.483428] rcu-torture: rcu_torture_stats task started
[    7.492903] rcu-torture: Creating torture_stutter task
[    7.493362] rcu-torture: torture_shuffle task started
[    7.520940] rcu-torture: Creating torture_shutdown task
[    7.522745] rcu-torture: torture_stutter task started
[    7.559155] rcu-torture: Creating torture_onoff task
[    7.559688] rcu-torture: torture_shutdown task started
[    7.568570] rcu-torture: torture_onoff task started
[    7.568661] rcu-torture: Creating rcu_torture_barrier_cbs task
[    7.569443] rcu-torture: Creating rcu_torture_barrier_cbs task
[    7.569830] rcu-torture: rcu_torture_barrier_cbs task started
[    7.570689] rcu-torture: Creating rcu_torture_barrier_cbs task
[    7.570722] rcu-torture: rcu_torture_barrier_cbs task started
[    7.572837] rcu-torture: Creating rcu_torture_barrier_cbs task
[    7.572855] rcu-torture:torture_shutdown task: 1799948 ms remaining
[    7.572877] rcu-torture: rcu_torture_barrier_cbs task started
[    7.574509] rcu-torture: rcu_torture_barrier_cbs task started
[    7.574699] rcu-torture: Creating rcu_torture_barrier task
[    7.575996] rcu-torture: Creating rcu_torture_read_exit task
[    7.575997] rcu-torture: rcu_torture_barrier task starting
[    7.577136] rcu-torture: rcu_torture_read_exit: Start of test
[    7.577933] initcall rcu_torture_init+0x0/0x9a6 returned 0 after 369064 usecs
[    7.578027] calling  timekeeping_init_ops+0x0/0x13 @ 1
[    7.578138] initcall timekeeping_init_ops+0x0/0x13 returned 0 after 105 usecs
[    7.578140] calling  init_clocksource_sysfs+0x0/0x23 @ 1
[    7.580567] initcall init_clocksource_sysfs+0x0/0x23 returned 0 after 2363 usecs
[    7.728589] calling  init_timer_list_procfs+0x0/0x31 @ 1
[    7.736983] initcall init_timer_list_procfs+0x0/0x31 returned 0 after 480 usecs
[    7.745995]   #8
[    7.748843] calling  alarmtimer_init+0x0/0xc7 @ 1
[    7.759597] initcall alarmtimer_init+0x0/0xc7 returned 0 after 716 usecs
[    1.254608] kvm-clock: cpu 8, msr 1ac72201, secondary cpu clock
[    7.770220] calling  init_posix_timers+0x0/0x29 @ 1
[    7.793462] kvm-guest: stealtime: cpu 8, msr 1ec1b600
[    7.806000] initcall init_posix_timers+0x0/0x29 returned 0 after 18457 usecs
[    7.816505] calling  clockevents_init_sysfs+0x0/0xbf @ 1
[    7.827043] initcall clockevents_init_sysfs+0x0/0xbf returned 0 after 2313 usecs
[    7.830962]   #9
[    7.836830] calling  proc_dma_init+0x0/0x21 @ 1
[    7.845200] initcall proc_dma_init+0x0/0x21 returned 0 after 17 usecs
[    1.254608] kvm-clock: cpu 9, msr 1ac72241, secondary cpu clock
[    7.853571] calling  proc_modules_init+0x0/0x1e @ 1
[    7.868976] initcall proc_modules_init+0x0/0x1e returned 0 after 1269 usecs
[    7.872653] kvm-guest: stealtime: cpu 9, msr 1ec5b600
[    7.877981] calling  kallsyms_init+0x0/0x21 @ 1
[    7.890866] initcall kallsyms_init+0x0/0x21 returned 0 after 5 usecs
[    7.899454] calling  pid_namespaces_init+0x0/0x2c @ 1
[    7.900829]  #10
[    1.254608] kvm-clock: cpu 10, msr 1ac72281, secondary cpu clock
[    7.938591] kvm-guest: stealtime: cpu 10, msr 1ec9b600
[    7.960792] initcall pid_namespaces_init+0x0/0x2c returned 0 after 53551 usecs
[    7.970871] calling  audit_watch_init+0x0/0x37 @ 1
[    7.977555] initcall audit_watch_init+0x0/0x37 returned 0 after 2 usecs
[    7.986673] calling  audit_fsnotify_init+0x0/0x37 @ 1
[    7.994588] initcall audit_fsnotify_init+0x0/0x37 returned 0 after 248 usecs
[    8.006625] calling  audit_tree_init+0x0/0x6d @ 1
[    8.007316]  #11
[    1.254608] kvm-clock: cpu 11, msr 1ac722c1, secondary cpu clock
[    8.045182] kvm-guest: stealtime: cpu 11, msr 1ecdb600
[    8.065764] initcall audit_tree_init+0x0/0x6d returned 0 after 50262 usecs
[    8.078660] calling  seccomp_sysctl_init+0x0/0x2b @ 1
[    8.087910] initcall seccomp_sysctl_init+0x0/0x2b returned 0 after 288 usecs
[    8.100215] calling  utsname_sysctl_init+0x0/0x13 @ 1
[    8.103420]  #12
[    8.108879] initcall utsname_sysctl_init+0x0/0x13 returned 0 after 85 usecs
[    1.254608] kvm-clock: cpu 12, msr 1ac72301, secondary cpu clock
[    8.124255] calling  init_tracepoints+0x0/0x27 @ 1
[    8.144136] initcall init_tracepoints+0x0/0x27 returned 0 after 1253 usecs
[    8.147266] kvm-guest: stealtime: cpu 12, msr 1ed1b600
[    8.153447] calling  init_blk_tracer+0x0/0x50 @ 1
[    8.169099] initcall init_blk_tracer+0x0/0x50 returned 0 after 2155 usecs
[    8.180006] calling  perf_event_sysfs_init+0x0/0x81 @ 1
[    8.184538]  #13
[    8.188591] initcall perf_event_sysfs_init+0x0/0x81 returned 0 after 598 usecs
[    8.202011] calling  system_trusted_keyring_init+0x0/0x60 @ 1
[    1.254608] kvm-clock: cpu 13, msr 1ac72341, secondary cpu clock
[    8.210499] Initialise system trusted keyrings
[    8.227482] initcall system_trusted_keyring_init+0x0/0x60 returned 0 after 16576 usecs
[    8.230970] kvm-guest: stealtime: cpu 13, msr 1ed5b600
[    8.238948] calling  kswapd_init+0x0/0x5f @ 1
[    8.254752] initcall kswapd_init+0x0/0x5f returned 0 after 1623 usecs
[    8.264160] calling  extfrag_debug_init+0x0/0x54 @ 1
[    8.271421]  #14
[    8.271970] initcall extfrag_debug_init+0x0/0x54 returned 0 after 237 usecs
[    8.285119] calling  mm_compute_batch_init+0x0/0x12 @ 1
[    1.254608] kvm-clock: cpu 14, msr 1ac72381, secondary cpu clock
[    8.292600] initcall mm_compute_batch_init+0x0/0x12 returned 0 after 17 usecs
[    8.312571] calling  slab_proc_init+0x0/0x21 @ 1
[    8.316096] kvm-guest: stealtime: cpu 14, msr 1ed9b600
[    8.319207] initcall slab_proc_init+0x0/0x21 returned 0 after 126 usecs
[    8.335033] calling  workingset_init+0x0/0x8c @ 1
[    8.341558] workingset: timestamp_bits=52 max_order=17 bucket_order=0
[    8.350860] initcall workingset_init+0x0/0x8c returned 0 after 9090 usecs
[    8.361355] calling  proc_vmalloc_init+0x0/0x32 @ 1
[    8.369913] initcall proc_vmalloc_init+0x0/0x32 returned 0 after 7 usecs
[    8.381704] calling  procswaps_init+0x0/0x1e @ 1
[    8.382308]  #15
[    8.389815] initcall procswaps_init+0x0/0x1e returned 0 after 144 usecs
[    8.401553] calling  slab_sysfs_init+0x0/0xea @ 1
[    1.254608] kvm-clock: cpu 15, msr 1ac723c1, secondary cpu clock
[    8.412112] initcall slab_sysfs_init+0x0/0xea returned 0 after 3935 usecs
[    8.430328] calling  fcntl_init+0x0/0x29 @ 1
[    8.435844] kvm-guest: stealtime: cpu 15, msr 1eddb600
[    8.452901] initcall fcntl_init+0x0/0x29 returned 0 after 15008 usecs
[    8.464820] calling  proc_filesystems_init+0x0/0x21 @ 1
[    8.476031] initcall proc_filesystems_init+0x0/0x21 returned 0 after 35 usecs
[    8.486025]  #16
[    8.486902] calling  start_dirtytime_writeback+0x0/0x29 @ 1
[    8.497568] initcall start_dirtytime_writeback+0x0/0x29 returned 0 after 1 usecs
[    1.254608] kvm-clock: cpu 16, msr 1ac72401, secondary cpu clock
[    8.508074] calling  blkdev_init+0x0/0x1b @ 1
[    8.531882] kvm-guest: stealtime: cpu 16, msr 1ee1b600
[    8.547910] initcall blkdev_init+0x0/0x1b returned 0 after 22965 usecs
[    8.557395] calling  dio_init+0x0/0x2c @ 1
[    8.566971]  #17
[    1.254608] kvm-clock: cpu 17, msr 1ac72441, secondary cpu clock
[    8.602928] kvm-guest: stealtime: cpu 17, msr 1ee5b600
[    8.628702] initcall dio_init+0x0/0x2c returned 0 after 63111 usecs
[    8.637816] calling  dnotify_init+0x0/0x78 @ 1
[    8.662865]  #18
[    1.254608] kvm-clock: cpu 18, msr 1ac72481, secondary cpu clock
[    8.700502] kvm-guest: stealtime: cpu 18, msr 1ee9b600
[    8.722801] initcall dnotify_init+0x0/0x78 returned 0 after 76789 usecs
[    8.734798] calling  aio_setup+0x0/0x78 @ 1
[    8.761027]  #19
[    1.254608] kvm-clock: cpu 19, msr 1ac724c1, secondary cpu clock
[    8.794719] kvm-guest: stealtime: cpu 19, msr 1eedb600
[    8.818453] initcall aio_setup+0x0/0x78 returned 0 after 74498 usecs
[    8.829397] calling  io_uring_init+0x0/0x2c @ 1
[    8.855422]  #20
[    1.254608] kvm-clock: cpu 20, msr 1ac72501, secondary cpu clock
[    8.896761] kvm-guest: stealtime: cpu 20, msr 1ef1b600
[    8.926656] initcall io_uring_init+0x0/0x2c returned 0 after 87422 usecs
[    8.937735] calling  mbcache_init+0x0/0x30 @ 1
[    8.971299]  #21
[    1.254608] kvm-clock: cpu 21, msr 1ac72541, secondary cpu clock
[    9.013574] kvm-guest: stealtime: cpu 21, msr 1ef5b600
[    9.038264] initcall mbcache_init+0x0/0x30 returned 0 after 90618 usecs
[    9.048886] calling  init_grace+0x0/0xc @ 1
[    9.056638] initcall init_grace+0x0/0xc returned 0 after 718 usecs
[    9.066807] calling  init_v2_quota_format+0x0/0x21 @ 1
[    9.074910] initcall init_v2_quota_format+0x0/0x21 returned 0 after 228 usecs
[    9.085375] calling  init_devpts_fs+0x0/0x27 @ 1
[    9.093807] initcall init_devpts_fs+0x0/0x27 returned 0 after 621 usecs
[    9.102550]  #22
[    9.104368] calling  ext4_init_fs+0x0/0x1d0 @ 1
[    1.254608] kvm-clock: cpu 22, msr 1ac72581, secondary cpu clock
[    9.154162] kvm-guest: stealtime: cpu 22, msr 1ef9b600
[    9.184730] initcall ext4_init_fs+0x0/0x1d0 returned 0 after 78467 usecs
[    9.196381] calling  journal_init+0x0/0x11c @ 1
[    9.223681]  #23
[    1.254608] kvm-clock: cpu 23, msr 1ac725c1, secondary cpu clock
[    9.262860] kvm-guest: stealtime: cpu 23, msr 1efdb600
[    9.291142] initcall journal_init+0x0/0x11c returned 0 after 85541 usecs
[    9.302006] calling  init_fat_fs+0x0/0x49 @ 1
[    9.327022]  #24
[    1.254608] kvm-clock: cpu 24, msr 1ac72601, secondary cpu clock
[    9.365833] kvm-guest: stealtime: cpu 24, msr 1f01b600
[    9.390489] initcall init_fat_fs+0x0/0x49 returned 0 after 78981 usecs
[    9.401093] calling  init_vfat_fs+0x0/0xc @ 1
[    9.408440] initcall init_vfat_fs+0x0/0xc returned 0 after 5 usecs
[    9.418281] calling  init_msdos_fs+0x0/0xc @ 1
[    9.421342]  #25
[    9.425415] initcall init_msdos_fs+0x0/0xc returned 0 after 4 usecs
[    9.425419] calling  init_iso9660_fs+0x0/0x6c @ 1
[    1.254608] kvm-clock: cpu 25, msr 1ac72641, secondary cpu clock
[    9.480568] kvm-guest: stealtime: cpu 25, msr 1f05b600
[    9.506574] initcall init_iso9660_fs+0x0/0x6c returned 0 after 79243 usecs
[    9.519714] calling  init_nfs_fs+0x0/0x13a @ 1
[    9.562867]  #26
[    1.254608] kvm-clock: cpu 26, msr 1ac72681, secondary cpu clock
[    9.605679] kvm-guest: stealtime: cpu 26, msr 1f09b600
[    9.631519] initcall init_nfs_fs+0x0/0x13a returned 0 after 102636 usecs
[    9.642194] calling  init_nfs_v2+0x0/0x13 @ 1
[    9.649630] initcall init_nfs_v2+0x0/0x13 returned 0 after 39 usecs
[    9.659711] calling  init_nfs_v3+0x0/0x13 @ 1
[    9.663739]  #27
[    9.666610] initcall init_nfs_v3+0x0/0x13 returned 0 after 2 usecs
[    9.666643] calling  init_nfs_v4+0x0/0x32 @ 1
[    9.666705] NFS: Registering the id_resolver key type
[    1.254608] kvm-clock: cpu 27, msr 1ac726c1, secondary cpu clock
[    9.686494] Key type id_resolver registered
[    9.712293] Key type id_legacy registered
[    9.716135] kvm-guest: stealtime: cpu 27, msr 1f0db600
[    9.718860] initcall init_nfs_v4+0x0/0x32 returned 0 after 50983 usecs
[    9.736150] calling  init_nlm+0x0/0x5b @ 1
[    9.742632] initcall init_nlm+0x0/0x5b returned 0 after 79 usecs
[    9.752371] calling  init_nls_cp437+0x0/0xe @ 1
[    9.755323]  #28
[    9.759467] initcall init_nls_cp437+0x0/0xe returned 0 after 51 usecs
[    9.772347] calling  init_nls_ascii+0x0/0xe @ 1
[    1.254608] kvm-clock: cpu 28, msr 1ac72701, secondary cpu clock
[    9.779387] initcall init_nls_ascii+0x0/0xe returned 0 after 1 usecs
[    9.800935] calling  init_nls_iso8859_1+0x0/0xe @ 1
[    9.804787] kvm-guest: stealtime: cpu 28, msr 1f11b600
[    9.808731] initcall init_nls_iso8859_1+0x0/0xe returned 0 after 1 usecs
[    9.826987] calling  init_nls_utf8+0x0/0x21 @ 1
[    9.834749] initcall init_nls_utf8+0x0/0x21 returned 0 after 1 usecs
[    9.844862] calling  init_autofs_fs+0x0/0x25 @ 1
[    9.855906] initcall init_autofs_fs+0x0/0x25 returned 0 after 3621 usecs
[    9.856584]  #29
[    9.865964] calling  ipc_init+0x0/0x24 @ 1
[    9.866068] initcall ipc_init+0x0/0x24 returned 0 after 97 usecs
[    9.884449] calling  ipc_sysctl_init+0x0/0x13 @ 1
[    1.254608] kvm-clock: cpu 29, msr 1ac72741, secondary cpu clock
[    9.891954] initcall ipc_sysctl_init+0x0/0x13 returned 0 after 38 usecs
[    9.914834] calling  init_mqueue_fs+0x0/0x9a @ 1
[    9.920230] kvm-guest: stealtime: cpu 29, msr 1f15b600
[    9.947126] initcall init_mqueue_fs+0x0/0x9a returned 0 after 24416 usecs
[    9.959609] calling  key_proc_init+0x0/0x63 @ 1
[    9.968923] initcall key_proc_init+0x0/0x63 returned 0 after 1272 usecs
[    9.979708] calling  selinux_nf_ip_init+0x0/0x2e @ 1
[    9.987629] initcall selinux_nf_ip_init+0x0/0x2e returned 0 after 369 usecs
[    9.998658] calling  init_sel_fs+0x0/0x116 @ 1
[    9.999474]  #30
[   10.005622] initcall init_sel_fs+0x0/0x116 returned 0 after 0 usecs
[   10.005624] calling  selnl_init+0x0/0x7c @ 1
[   10.007623] initcall selnl_init+0x0/0x7c returned 0 after 1946 usecs
[    1.254608] kvm-clock: cpu 30, msr 1ac72781, secondary cpu clock
[   10.034594] calling  sel_netif_init+0x0/0x36 @ 1
[   10.053306] initcall sel_netif_init+0x0/0x36 returned 0 after 1296 usecs
[   10.058786] kvm-guest: stealtime: cpu 30, msr 1f19b600
[   10.065053] calling  sel_netnode_init+0x0/0x33 @ 1
[   10.081847] initcall sel_netnode_init+0x0/0x33 returned 0 after 1 usecs
[   10.091978] calling  sel_netport_init+0x0/0x33 @ 1
[   10.099369] initcall sel_netport_init+0x0/0x33 returned 0 after 2 usecs
[   10.109680] calling  aurule_init+0x0/0x2a @ 1
[   10.116625] initcall aurule_init+0x0/0x2a returned 0 after 1 usecs
[   10.126037] calling  crypto_algapi_init+0x0/0xc @ 1
[   10.129284]  #31
[   10.134717] initcall crypto_algapi_init+0x0/0xc returned 0 after 165 usecs
[   10.150747] calling  jent_mod_init+0x0/0x2d @ 1
[    1.254608] kvm-clock: cpu 31, msr 1ac727c1, secondary cpu clock
[   10.180667] initcall jent_mod_init+0x0/0x2d returned 0 after 21159 usecs
[   10.181286] kvm-guest: stealtime: cpu 31, msr 1f1db600
[   10.190006] calling  asymmetric_key_init+0x0/0xc @ 1
[   10.216707] Key type asymmetric registered
[   10.223771] initcall asymmetric_key_init+0x0/0xc returned 0 after 7108 usecs
[   10.235649] calling  x509_key_init+0x0/0xc @ 1
[   10.241075]  #32
[   10.244672] Asymmetric key parser 'x509' registered
[   10.258460] initcall x509_key_init+0x0/0xc returned 0 after 13572 usecs
[    1.254608] kvm-clock: cpu 32, msr 1ac72801, secondary cpu clock
[   10.271122] calling  proc_genhd_init+0x0/0x41 @ 1
[   10.288488] initcall proc_genhd_init+0x0/0x41 returned 0 after 313 usecs
[   10.299837] calling  bsg_init+0x0/0x113 @ 1
[   10.306068] kvm-guest: stealtime: cpu 32, msr 1f21b600
[   10.309122] Block layer SCSI generic (bsg) driver version 0.4 loaded (major 251)
[   10.329965] initcall bsg_init+0x0/0x113 returned 0 after 21595 usecs
[   10.342907] calling  deadline_init+0x0/0xc @ 1
[   10.351817] io scheduler mq-deadline registered
[   10.360801] initcall deadline_init+0x0/0xc returned 0 after 8932 usecs
[   10.363790]  #33
[   10.373049] calling  kyber_init+0x0/0xc @ 1
[   10.384957] io scheduler kyber registered
[    1.254608] kvm-clock: cpu 33, msr 1ac72841, secondary cpu clock
[   10.393116] initcall kyber_init+0x0/0xc returned 0 after 7964 usecs
[   10.417035] calling  mod_init+0x0/0x7 @ 1
[   10.422806] kvm-guest: stealtime: cpu 33, msr 1f25b600
[   10.423787] initcall mod_init+0x0/0x7 returned 0 after 1 usecs
[   10.441195] calling  percpu_counter_startup+0x0/0x55 @ 1
[   10.458964]  #34
[    1.254608] kvm-clock: cpu 34, msr 1ac72881, secondary cpu clock
[   10.506650] kvm-guest: stealtime: cpu 34, msr 1f29b600
[   10.602556]  #35
[    1.254608] kvm-clock: cpu 35, msr 1ac728c1, secondary cpu clock
[   10.640667] kvm-guest: stealtime: cpu 35, msr 1f2db600
[   10.661577] initcall percpu_counter_startup+0x0/0x55 returned 0 after 206622 usecs
[   10.674726] calling  sg_pool_init+0x0/0xb4 @ 1
[   10.697508]  #36
[    1.254608] kvm-clock: cpu 36, msr 1ac72901, secondary cpu clock
[   10.744275] kvm-guest: stealtime: cpu 36, msr 1f31b600
[   10.769687] initcall sg_pool_init+0x0/0xb4 returned 0 after 84873 usecs
[   10.781254] calling  pcie_portdrv_init+0x0/0x39 @ 1
[   10.790743] initcall pcie_portdrv_init+0x0/0x39 returned 0 after 1556 usecs
[   10.801155] calling  pci_proc_init+0x0/0x68 @ 1
[   10.809585] initcall pci_proc_init+0x0/0x68 returned 0 after 1458 usecs
[   10.819597] calling  pci_hotplug_init+0x0/0x7 @ 1
[   10.826668] initcall pci_hotplug_init+0x0/0x7 returned 0 after 0 usecs
[   10.829692]  #37
[   10.837500] calling  efifb_driver_init+0x0/0xe @ 1
[   10.848027] initcall efifb_driver_init+0x0/0xe returned 0 after 41 usecs
[   10.859557] calling  ged_driver_init+0x0/0xe @ 1
[    1.254608] kvm-clock: cpu 37, msr 1ac72941, secondary cpu clock
[   10.867582] initcall ged_driver_init+0x0/0xe returned 0 after 1264 usecs
[   10.898822] calling  acpi_ac_init+0x0/0x92 @ 1
[   10.921046] initcall acpi_ac_init+0x0/0x92 returned 0 after 13869 usecs
[   10.925237] kvm-guest: stealtime: cpu 37, msr 1f35b600
[   10.931625] calling  acpi_button_driver_init+0x0/0x52 @ 1
[   10.955120] input: Power Button as /devices/LNXSYSTM:00/LNXPWRBN:00/input/input0
[   10.978135] ACPI: Power Button [PWRF]
[   10.986548] initcall acpi_button_driver_init+0x0/0x52 returned 0 after 37423 usecs
[   10.998458] calling  acpi_fan_driver_init+0x0/0xe @ 1
[   11.007502] initcall acpi_fan_driver_init+0x0/0xe returned 0 after 90 usecs
[   11.018690] calling  acpi_video_init+0x0/0xcb @ 1
[   11.027103] initcall acpi_video_init+0x0/0xcb returned 0 after 483 usecs
[   11.038193] calling  acpi_processor_driver_init+0x0/0xad @ 1
[   11.049623]  #38
[    1.254608] kvm-clock: cpu 38, msr 1ac72981, secondary cpu clock
[   11.166125] kvm-guest: stealtime: cpu 38, msr 1f39b600
[   11.247205]  #39
[    1.254608] kvm-clock: cpu 39, msr 1ac729c1, secondary cpu clock
[   11.364002] kvm-guest: stealtime: cpu 39, msr 1f3db600
[   11.413943] torture_onoff-torture:rcu: Initial online 40: errno -16
[   11.424010] torture_onoff-torture:rcu: Initial online 41: errno -16
[   11.426144] initcall acpi_processor_driver_init+0x0/0xad returned 0 after 370322 usecs
[   11.449666] calling  acpi_thermal_init+0x0/0x71 @ 1
[   11.465219] initcall acpi_thermal_init+0x0/0x71 returned 0 after 7898 usecs
[   11.475966] calling  acpi_battery_init+0x0/0x32 @ 1
[   11.484019] initcall acpi_battery_init+0x0/0x32 returned 0 after 650 usecs
[   11.494886] calling  bgrt_init+0x0/0xb6 @ 1
[   11.496516]  #42
[   11.501781] initcall bgrt_init+0x0/0xb6 returned -19 after 0 usecs
[   11.515846] calling  gpio_clk_driver_init+0x0/0xe @ 1
[    1.254608] kvm-clock: cpu 42, msr 1ac72a81, secondary cpu clock
[   11.525681] initcall gpio_clk_driver_init+0x0/0xe returned 0 after 143 usecs
[   11.587670] calling  plt_clk_driver_init+0x0/0xe @ 1
[   11.592953] kvm-guest: stealtime: cpu 42, msr 1f49b600
[   11.595956] initcall plt_clk_driver_init+0x0/0xe returned 0 after 33 usecs
[   11.614835] calling  virtio_pci_driver_init+0x0/0x15 @ 1
[   11.625612] initcall virtio_pci_driver_init+0x0/0x15 returned 0 after 1640 usecs
[   11.637812] calling  n_null_init+0x0/0x1e @ 1
[   11.644825] rcu-torture: torture_onoff begin holdoff
[   11.646712] initcall n_null_init+0x0/0x1e returned 0 after 104 usecs
[   11.664905] calling  pty_init+0x0/0x1e8 @ 1
[   11.676564] initcall pty_init+0x0/0x1e8 returned 0 after 4364 usecs
[   11.686472] calling  sysrq_init+0x0/0x62 @ 1
[   11.693622] initcall sysrq_init+0x0/0x62 returned 0 after 7 usecs
[   11.703587] calling  serial8250_init+0x0/0x17e @ 1
[   11.711573] Serial: 8250/16550 driver, 4 ports, IRQ sharing enabled
[   11.724985] 00:03: ttyS0 at I/O 0x3f8 (irq = 4, base_baud = 115200) is a 16550A
[   11.750866] initcall serial8250_init+0x0/0x17e returned 0 after 38504 usecs
[   11.763259] calling  serial_pci_driver_init+0x0/0x15 @ 1
[   11.772716] initcall serial_pci_driver_init+0x0/0x15 returned 0 after 135 usecs
[   11.785548] calling  exar_pci_driver_init+0x0/0x15 @ 1
[   11.794761] initcall exar_pci_driver_init+0x0/0x15 returned 0 after 171 usecs
[   11.807253] calling  lpss8250_pci_driver_init+0x0/0x15 @ 1
[   11.817029] initcall lpss8250_pci_driver_init+0x0/0x15 returned 0 after 29 usecs
[   11.829991] calling  mid8250_pci_driver_init+0x0/0x15 @ 1
[   11.839631] initcall mid8250_pci_driver_init+0x0/0x15 returned 0 after 29 usecs
[   11.852428] calling  virtio_console_init+0x0/0xff @ 1
[   11.861600] initcall virtio_console_init+0x0/0xff returned 0 after 464 usecs
[   11.873438] calling  hpet_init+0x0/0x64 @ 1
[   11.882897] initcall hpet_init+0x0/0x64 returned 0 after 2371 usecs
[   11.893673] calling  nvram_module_init+0x0/0x83 @ 1
[   11.905488] Non-volatile memory driver v1.3
[   11.912189] initcall nvram_module_init+0x0/0x83 returned 0 after 9845 usecs
[   11.922599] calling  hwrng_modinit+0x0/0x8a @ 1
[   11.930607] initcall hwrng_modinit+0x0/0x8a returned 0 after 1047 usecs
[   11.941145] calling  mod_init+0x0/0x48 @ 1
[   11.947600] initcall mod_init+0x0/0x48 returned -19 after 0 usecs
[   11.957058] calling  agp_init+0x0/0x23 @ 1
[   11.963556] Linux agpgart interface v0.103
[   11.969724] initcall agp_init+0x0/0x23 returned 0 after 6020 usecs
[   11.979450] calling  agp_amd64_mod_init+0x0/0x5 @ 1
[   11.988137] initcall agp_amd64_mod_init+0x0/0x5 returned -19 after 1071 usecs
[   11.999641] calling  agp_intel_init+0x0/0x28 @ 1
[   12.007579] initcall agp_intel_init+0x0/0x28 returned 0 after 863 usecs
[   12.017152] calling  drm_kms_helper_init+0x0/0x7 @ 1
[   12.024647] initcall drm_kms_helper_init+0x0/0x7 returned 0 after 47 usecs
[   12.036827] calling  drm_core_init+0x0/0xa4 @ 1
[   12.044821] initcall drm_core_init+0x0/0xa4 returned 0 after 274 usecs
[   12.055758] calling  i915_init+0x0/0x6b @ 1
[   12.063632] initcall i915_init+0x0/0x6b returned 0 after 728 usecs
[   12.074092] calling  cn_proc_init+0x0/0x35 @ 1
[   12.081702] initcall cn_proc_init+0x0/0x35 returned 0 after 3 usecs
[   12.092999] calling  topology_sysfs_init+0x0/0x27 @ 1
[   12.108048] initcall topology_sysfs_init+0x0/0x27 returned 0 after 1138 usecs
[   12.120226] calling  cacheinfo_sysfs_init+0x0/0x27 @ 1
[   12.209548] initcall cacheinfo_sysfs_init+0x0/0x27 returned 0 after 78538 usecs
[   12.221483] calling  loop_init+0x0/0x168 @ 1
[   12.376011] loop: module loaded
[   12.382319] initcall loop_init+0x0/0x168 returned 0 after 150349 usecs
[   12.393946] calling  mac_hid_init+0x0/0x21 @ 1
[   12.401546] initcall mac_hid_init+0x0/0x21 returned 0 after 10 usecs
[   12.416651] calling  spi_transport_init+0x0/0x74 @ 1
[   12.425141] initcall spi_transport_init+0x0/0x74 returned 0 after 240 usecs
[   12.440830] calling  init_sd+0x0/0x18c @ 1
[   12.449702] initcall init_sd+0x0/0x18c returned 0 after 131 usecs
[   12.460786] calling  init_sr+0x0/0x43 @ 1
[   12.468069] initcall init_sr+0x0/0x43 returned 0 after 39 usecs
[   12.477702] calling  init_sg+0x0/0x1c0 @ 1
[   12.484939] initcall init_sg+0x0/0x1c0 returned 0 after 95 usecs
[   12.494753] calling  ahci_pci_driver_init+0x0/0x15 @ 1
[   12.504026] ahci 0000:00:1f.2: version 3.0
[   12.521059] PCI Interrupt Link [GSIA] enabled at IRQ 16
[   12.539101] ahci 0000:00:1f.2: AHCI 0001.0000 32 slots 6 ports 1.5 Gbps 0x3f impl SATA mode
[   12.551494] ahci 0000:00:1f.2: flags: 64bit ncq only 
[   12.574719] scsi host0: ahci
[   12.633497] scsi host1: ahci
[   12.640759] rcu_torture_rea (382) used greatest stack depth: 14944 bytes left
[   12.644196] scsi host2: ahci
[   12.671718] scsi host3: ahci
[   12.682039] scsi host4: ahci
[   12.694746] scsi host5: ahci
[   12.697525] rcu-torture: rcu_torture_read_exit: End of episode
[   12.700093] ata1: SATA max UDMA/133 abar m4096@0xfebf1000 port 0xfebf1100 irq 24
[   12.720660] ata2: SATA max UDMA/133 abar m4096@0xfebf1000 port 0xfebf1180 irq 24
[   12.732393] ata3: SATA max UDMA/133 abar m4096@0xfebf1000 port 0xfebf1200 irq 24
[   12.743769] ata4: SATA max UDMA/133 abar m4096@0xfebf1000 port 0xfebf1280 irq 24
[   12.755029] ata5: SATA max UDMA/133 abar m4096@0xfebf1000 port 0xfebf1300 irq 24
[   12.766423] ata6: SATA max UDMA/133 abar m4096@0xfebf1000 port 0xfebf1380 irq 24
[   12.780627] initcall ahci_pci_driver_init+0x0/0x15 returned 0 after 270405 usecs
[   12.792197] calling  piix_init+0x0/0x26 @ 1
[   12.798719] initcall piix_init+0x0/0x26 returned 0 after 108 usecs
[   12.808487] calling  amd_pci_driver_init+0x0/0x15 @ 1
[   12.816339] initcall amd_pci_driver_init+0x0/0x15 returned 0 after 50 usecs
[   12.827452] calling  oldpiix_pci_driver_init+0x0/0x15 @ 1
[   12.836840] initcall oldpiix_pci_driver_init+0x0/0x15 returned 0 after 153 usecs
[   12.847790] calling  sch_pci_driver_init+0x0/0x15 @ 1
[   12.855098] initcall sch_pci_driver_init+0x0/0x15 returned 0 after 65 usecs
[   12.864369] calling  net_olddevs_init+0x0/0x55 @ 1
[   12.871919] initcall net_olddevs_init+0x0/0x55 returned 0 after 93 usecs
[   12.881555] calling  blackhole_netdev_init+0x0/0x78 @ 1
[   12.889150] initcall blackhole_netdev_init+0x0/0x78 returned 0 after 232 usecs
[   12.899589] calling  phy_module_init+0x0/0x13 @ 1
[   12.907636] initcall phy_module_init+0x0/0x13 returned 0 after 476 usecs
[   12.918051] calling  tg3_driver_init+0x0/0x15 @ 1
[   12.925607] initcall tg3_driver_init+0x0/0x15 returned 0 after 131 usecs
[   12.935364] calling  e100_init_module+0x0/0x4c @ 1
[   12.942290] e100: Intel(R) PRO/100 Network Driver
[   12.949751] e100: Copyright(c) 1999-2006 Intel Corporation
[   12.958463] initcall e100_init_module+0x0/0x4c returned 0 after 15845 usecs
[   12.969023] calling  e1000_init_module+0x0/0x72 @ 1
[   12.976797] e1000: Intel(R) PRO/1000 Network Driver
[   12.984473] e1000: Copyright (c) 1999-2006 Intel Corporation.
[   12.993385] initcall e1000_init_module+0x0/0x72 returned 0 after 16195 usecs
[   13.004347] calling  e1000_init_module+0x0/0x2d @ 1
[   13.012222] e1000e: Intel(R) PRO/1000 Network Driver
[   13.020048] e1000e: Copyright(c) 1999 - 2015 Intel Corporation.
[   13.029373] initcall e1000_init_module+0x0/0x2d returned 0 after 16809 usecs
[   13.039863] calling  sky2_init_module+0x0/0x21 @ 1
[   13.046968] sky2: driver version 1.30
[   13.052853] initcall sky2_init_module+0x0/0x21 returned 0 after 5743 usecs
[   13.062922] calling  forcedeth_pci_driver_init+0x0/0x15 @ 1
[   13.071744] initcall forcedeth_pci_driver_init+0x0/0x15 returned 0 after 63 usecs
[   13.083431] calling  rtl8139_init_module+0x0/0x15 @ 1
[   13.091445] initcall rtl8139_init_module+0x0/0x15 returned 0 after 62 usecs
[   13.095937] ata1: SATA link down (SStatus 0 SControl 300)
[   13.102095] calling  rtl8169_pci_driver_init+0x0/0x15 @ 1
[   13.102151] initcall rtl8169_pci_driver_init+0x0/0x15 returned 0 after 51 usecs
[   13.113324] ata3: SATA link up 1.5 Gbps (SStatus 113 SControl 300)
[   13.118948] calling  cdrom_init+0x0/0xc @ 1
[   13.132409] ata2: SATA link down (SStatus 0 SControl 300)
[   13.140429] initcall cdrom_init+0x0/0xc returned 0 after 76 usecs
[   13.149350] ata5: SATA link down (SStatus 0 SControl 300)
[   13.155370] calling  nonstatic_sysfs_init+0x0/0xc @ 1
[   13.164895] ata4: SATA link down (SStatus 0 SControl 300)
[   13.171672] initcall nonstatic_sysfs_init+0x0/0xc returned 0 after 53 usecs
[   13.182039] ata6: SATA link down (SStatus 0 SControl 300)
[   13.189433] calling  yenta_cardbus_driver_init+0x0/0x15 @ 1
[   13.189537] initcall yenta_cardbus_driver_init+0x0/0x15 returned 0 after 98 usecs
[   13.199905] ata3.00: ATAPI: QEMU DVD-ROM, 2.5+, max UDMA/100
[   13.199909] ata3.00: applying bridge limits
[   13.201831] ata3.00: configured for UDMA/100
[   13.208020] calling  mon_init+0x0/0x12d @ 1
[   13.209020] initcall mon_init+0x0/0x12d returned 0 after 971 usecs
[   13.223715] scsi 2:0:0:0: CD-ROM            QEMU     QEMU DVD-ROM     2.5+ PQ: 0 ANSI: 5
[   13.229619] calling  ehci_hcd_init+0x0/0x56 @ 1
[   13.284656] ehci_hcd: USB 2.0 'Enhanced' Host Controller (EHCI) Driver
[   13.294370] initcall ehci_hcd_init+0x0/0x56 returned 0 after 9630 usecs
[   13.304427] calling  ehci_pci_init+0x0/0x64 @ 1
[   13.311194] ehci-pci: EHCI PCI platform driver
[   13.319725] initcall ehci_pci_init+0x0/0x64 returned 0 after 8324 usecs
[   13.329712] calling  ohci_hcd_mod_init+0x0/0x4e @ 1
[   13.337250] ohci_hcd: USB 1.1 'Open' Host Controller (OHCI) Driver
[   13.346362] initcall ohci_hcd_mod_init+0x0/0x4e returned 0 after 8923 usecs
[   13.356818] calling  ohci_pci_init+0x0/0x64 @ 1
[   13.363801] ohci-pci: OHCI PCI platform driver
[   13.370638] initcall ohci_pci_init+0x0/0x64 returned 0 after 6674 usecs
[   13.380472] calling  uhci_hcd_init+0x0/0xa8 @ 1
[   13.389645] uhci_hcd: USB Universal Host Controller Interface driver
[   13.399893] initcall uhci_hcd_init+0x0/0xa8 returned 0 after 10004 usecs
[   13.410533] calling  xhci_hcd_init+0x0/0x1e @ 1
[   13.417550] initcall xhci_hcd_init+0x0/0x1e returned 0 after 24 usecs
[   13.427459] calling  xhci_pci_init+0x0/0x49 @ 1
[   13.434095] initcall xhci_pci_init+0x0/0x49 returned 0 after 74 usecs
[   13.443986] calling  usblp_driver_init+0x0/0x15 @ 1
[   13.451599] usbcore: registered new interface driver usblp
[   13.459791] initcall usblp_driver_init+0x0/0x15 returned 0 after 8103 usecs
[   13.470334] calling  usb_storage_driver_init+0x0/0x2a @ 1
[   13.478662] usbcore: registered new interface driver usb-storage
[   13.487851] initcall usb_storage_driver_init+0x0/0x2a returned 0 after 9050 usecs
[   13.499157] calling  i8042_init+0x0/0x4c2 @ 1
[   13.506138] i8042: PNP: PS/2 Controller [PNP0303:KBD,PNP0f13:MOU] at 0x60,0x64 irq 1,12
[   13.525900] serio: i8042 KBD port at 0x60,0x64 irq 1
[   13.533520] serio: i8042 AUX port at 0x60,0x64 irq 12
[   13.541727] initcall i8042_init+0x0/0x4c2 returned 0 after 34948 usecs
[   13.550097] sr 2:0:0:0: [sr0] scsi3-mmc drive: 4x/4x cd/rw xa/form2 tray
[   13.592340] calling  serport_init+0x0/0x2c @ 1
[   13.596447] cdrom: Uniform CD-ROM driver Revision: 3.20
[   13.613808] initcall serport_init+0x0/0x2c returned 0 after 132 usecs
[   13.613818] calling  input_leds_init+0x0/0xc @ 1
[   13.613985] initcall input_leds_init+0x0/0xc returned 0 after 158 usecs
[   13.613988] calling  evdev_init+0x0/0xc @ 1
[   13.637462] initcall evdev_init+0x0/0xc returned 0 after 22915 usecs
[   13.688919] calling  atkbd_init+0x0/0x21 @ 1
[   13.695836] initcall atkbd_init+0x0/0x21 returned 0 after 1253 usecs
[   13.704116] calling  psmouse_init+0x0/0x7f @ 1
[   13.711842] initcall psmouse_init+0x0/0x7f returned 0 after 1562 usecs
[   13.720138] calling  cmos_init+0x0/0x73 @ 1
[   13.727507] input: AT Translated Set 2 keyboard as /devices/platform/i8042/serio0/input/input1
[   13.729099] rtc_cmos 00:04: RTC can wake from S4
[   13.755006] rtc_cmos 00:04: registered as rtc0
[   13.760486] sr 2:0:0:0: Attached scsi CD-ROM sr0
[   13.761443] rtc_cmos 00:04: alarms up to one day, y3k, 242 bytes nvram, hpet irqs
[   13.773964] sr 2:0:0:0: Attached scsi generic sg0 type 5
[   13.780098] initcall cmos_init+0x0/0x73 returned 0 after 52972 usecs
[   13.796824] calling  smbalert_driver_init+0x0/0xe @ 1
[   13.805418] initcall smbalert_driver_init+0x0/0xe returned 0 after 244 usecs
[   13.814329] calling  i2c_i801_init+0x0/0xc5 @ 1
[   13.827509] i801_smbus 0000:00:1f.3: SMBus using PCI interrupt
[   13.836092] i2c i2c-0: 1/1 memory slots populated (from DMI)
[   13.843388] i2c i2c-0: Memory type 0x07 not supported yet, not instantiating SPD
[   13.853641] initcall i2c_i801_init+0x0/0xc5 returned 0 after 31963 usecs
[   13.864425] calling  ptp_kvm_init+0x0/0xf0 @ 1
[   13.873839] initcall ptp_kvm_init+0x0/0xf0 returned 0 after 2372 usecs
[   13.882900] calling  dm_init+0x0/0x3c @ 1
[   13.893933] device-mapper: ioctl: 4.43.0-ioctl (2020-10-01) initialised: dm-devel@redhat.com
[   13.906707] initcall dm_init+0x0/0x3c returned 0 after 16735 usecs
[   13.916439] calling  dm_mirror_init+0x0/0x29 @ 1
[   13.924136] initcall dm_mirror_init+0x0/0x29 returned 0 after 31 usecs
[   13.935174] calling  dm_dirty_log_init+0x0/0x4f @ 1
[   13.943519] initcall dm_dirty_log_init+0x0/0x4f returned 0 after 43 usecs
[   13.954822] calling  dm_zero_init+0x0/0x29 @ 1
[   13.962395] initcall dm_zero_init+0x0/0x29 returned 0 after 3 usecs
[   13.972935] calling  intel_pstate_init+0x0/0x513 @ 1
[   13.981349] intel_pstate: CPU model not supported
[   13.989597] initcall intel_pstate_init+0x0/0x513 returned -19 after 8119 usecs
[   14.002133] calling  haltpoll_init+0x0/0xc0 @ 1
[   14.010293] initcall haltpoll_init+0x0/0xc0 returned -19 after 136 usecs
[   14.021424] calling  efivars_sysfs_init+0x0/0x30 @ 1
[   14.029776] initcall efivars_sysfs_init+0x0/0x30 returned 0 after 52 usecs
[   14.041151] calling  esrt_sysfs_init+0x0/0x2a2 @ 1
[   14.049101] initcall esrt_sysfs_init+0x0/0x2a2 returned -38 after 33 usecs
[   14.060560] calling  hid_init+0x0/0x5c @ 1
[   14.067849] hid: raw HID events driver (C) Jiri Kosina
[   14.076665] initcall hid_init+0x0/0x5c returned 0 after 8765 usecs
[   14.087978] calling  hid_generic_init+0x0/0x15 @ 1
