c[?7l[2J[0mSeaBIOS (version 1.16.0-debian-1.16.0-4)
Booting from ROM...
early console in setup code
c[?7l[2J[    0.000000] Linux version 5.10.158+ (root@joelboxx.c.googlers.com) (gcc (Debian 12.2.0-3) 12.2.0, GNU ld (GNU Binutils for Debian) 2.39) #15 Tue Dec 13 02:46:36 UTC 2022
[    0.000000] Command line: selinux=0 initcall_debug debug console=ttyS0 rcutorture.torture_type=srcud rcupdate.rcu_self_test=1 rcutorture.n_barrier_cbs=4 rcutorture.stat_interval=15 rcutorture.shutdown_secs=1800 rcutorture.test_no_idle_hz=1 rcutorture.verbose=1
[    0.000000] x86/fpu: x87 FPU will use FXSAVE
[    0.000000] BIOS-provided physical RAM map:
[    0.000000] BIOS-e820: [mem 0x0000000000000000-0x000000000009fbff] usable
[    0.000000] BIOS-e820: [mem 0x000000000009fc00-0x000000000009ffff] reserved
[    0.000000] BIOS-e820: [mem 0x00000000000f0000-0x00000000000fffff] reserved
[    0.000000] BIOS-e820: [mem 0x0000000000100000-0x000000001ffdefff] usable
[    0.000000] BIOS-e820: [mem 0x000000001ffdf000-0x000000001fffffff] reserved
[    0.000000] BIOS-e820: [mem 0x00000000b0000000-0x00000000bfffffff] reserved
[    0.000000] BIOS-e820: [mem 0x00000000fed1c000-0x00000000fed1ffff] reserved
[    0.000000] BIOS-e820: [mem 0x00000000feffc000-0x00000000feffffff] reserved
[    0.000000] BIOS-e820: [mem 0x00000000fffc0000-0x00000000ffffffff] reserved
[    0.000000] NX (Execute Disable) protection: active
[    0.000000] SMBIOS 2.8 present.
[    0.000000] DMI: QEMU Standard PC (Q35 + ICH9, 2009), BIOS 1.16.0-debian-1.16.0-4 04/01/2014
[    0.000000] Hypervisor detected: KVM
[    0.000000] kvm-clock: Using msrs 4b564d01 and 4b564d00
[    0.000000] kvm-clock: cpu 0, msr 108b3001, primary cpu clock
[    0.000137] kvm-clock: using sched offset of 3312616001 cycles
[    0.000384] clocksource: kvm-clock: mask: 0xffffffffffffffff max_cycles: 0x1cd42e4dffb, max_idle_ns: 881590591483 ns
[    0.000447] tsc: Detected 1999.999 MHz processor
[    0.009584] e820: update [mem 0x00000000-0x00000fff] usable ==> reserved
[    0.009596] e820: remove [mem 0x000a0000-0x000fffff] usable
[    0.009605] last_pfn = 0x1ffdf max_arch_pfn = 0x400000000
[    0.010852] MTRR default type: write-back
[    0.010974] MTRR fixed ranges enabled:
[    0.010978]   00000-9FFFF write-back
[    0.010980]   A0000-BFFFF uncachable
[    0.010982]   C0000-FFFFF write-protect
[    0.010985] MTRR variable ranges enabled:
[    0.010987]   0 base 00C0000000 mask FFC0000000 uncachable
[    0.010989]   1 disabled
[    0.010991]   2 disabled
[    0.010993]   3 disabled
[    0.010995]   4 disabled
[    0.010996]   5 disabled
[    0.010998]   6 disabled
[    0.011000]   7 disabled
[    0.011504] x86/PAT: Configuration [0-7]: WB  WC  UC- UC  WB  WC  UC- UC  
[    0.020162] found SMP MP-table at [mem 0x000f5ba0-0x000f5baf]
[    0.022293] check: Scanning 1 areas for low memory corruption
[    0.044752] ACPI: Early table checksum verification disabled
[    0.047293] ACPI: RSDP 0x00000000000F59E0 000014 (v00 BOCHS )
[    0.047821] ACPI: RSDT 0x000000001FFE229A 000038 (v01 BOCHS  BXPC     00000001 BXPC 00000001)
[    0.048171] ACPI: FACP 0x000000001FFE2092 0000F4 (v03 BOCHS  BXPC     00000001 BXPC 00000001)
[    0.048395] ACPI: DSDT 0x000000001FFE0040 002052 (v01 BOCHS  BXPC     00000001 BXPC 00000001)
[    0.048403] ACPI: FACS 0x000000001FFE0000 000040
[    0.048410] ACPI: APIC 0x000000001FFE2186 000078 (v01 BOCHS  BXPC     00000001 BXPC 00000001)
[    0.048417] ACPI: HPET 0x000000001FFE21FE 000038 (v01 BOCHS  BXPC     00000001 BXPC 00000001)
[    0.048423] ACPI: MCFG 0x000000001FFE2236 00003C (v01 BOCHS  BXPC     00000001 BXPC 00000001)
[    0.048429] ACPI: WAET 0x000000001FFE2272 000028 (v01 BOCHS  BXPC     00000001 BXPC 00000001)
[    0.048436] ACPI: Reserving FACP table memory at [mem 0x1ffe2092-0x1ffe2185]
[    0.048439] ACPI: Reserving DSDT table memory at [mem 0x1ffe0040-0x1ffe2091]
[    0.048441] ACPI: Reserving FACS table memory at [mem 0x1ffe0000-0x1ffe003f]
[    0.048449] ACPI: Reserving APIC table memory at [mem 0x1ffe2186-0x1ffe21fd]
[    0.048451] ACPI: Reserving HPET table memory at [mem 0x1ffe21fe-0x1ffe2235]
[    0.048453] ACPI: Reserving MCFG table memory at [mem 0x1ffe2236-0x1ffe2271]
[    0.048456] ACPI: Reserving WAET table memory at [mem 0x1ffe2272-0x1ffe2299]
[    0.049897] ACPI: Local APIC address 0xfee00000
[    0.051927] Zone ranges:
[    0.052223]   DMA      [mem 0x0000000000001000-0x0000000000ffffff]
[    0.052378]   DMA32    [mem 0x0000000001000000-0x000000001ffdefff]
[    0.052383]   Normal   empty
[    0.052387] Movable zone start for each node
[    0.052388] Early memory node ranges
[    0.052391]   node   0: [mem 0x0000000000001000-0x000000000009efff]
[    0.052459]   node   0: [mem 0x0000000000100000-0x000000001ffdefff]
[    0.052515] Initmem setup node 0 [mem 0x0000000000001000-0x000000001ffdefff]
[    0.052606] On node 0 totalpages: 130941
[    0.052835]   DMA zone: 64 pages used for memmap
[    0.052838]   DMA zone: 21 pages reserved
[    0.052893]   DMA zone: 3998 pages, LIFO batch:0
[    0.052896]   DMA32 zone: 1984 pages used for memmap
[    0.052898]   DMA32 zone: 126943 pages, LIFO batch:31
[    0.056333] On node 0, zone DMA: 1 pages in unavailable ranges
[    0.061279] On node 0, zone DMA: 97 pages in unavailable ranges
[    0.196938] On node 0, zone DMA32: 33 pages in unavailable ranges
[    0.200895] ACPI: PM-Timer IO Port: 0x608
[    0.200905] ACPI: Local APIC address 0xfee00000
[    0.201096] ACPI: LAPIC_NMI (acpi_id[0xff] dfl dfl lint[0x1])
[    0.202569] IOAPIC[0]: apic_id 0, version 17, address 0xfec00000, GSI 0-23
[    0.202820] ACPI: INT_SRC_OVR (bus 0 bus_irq 0 global_irq 2 dfl dfl)
[    0.203005] ACPI: INT_SRC_OVR (bus 0 bus_irq 5 global_irq 5 high level)
[    0.203009] ACPI: INT_SRC_OVR (bus 0 bus_irq 9 global_irq 9 high level)
[    0.203094] ACPI: INT_SRC_OVR (bus 0 bus_irq 10 global_irq 10 high level)
[    0.203096] ACPI: INT_SRC_OVR (bus 0 bus_irq 11 global_irq 11 high level)
[    0.203100] ACPI: IRQ0 used by override.
[    0.203103] ACPI: IRQ5 used by override.
[    0.203105] ACPI: IRQ9 used by override.
[    0.203107] ACPI: IRQ10 used by override.
[    0.203109] ACPI: IRQ11 used by override.
[    0.203113] Using ACPI (MADT) for SMP configuration information
[    0.203117] ACPI: HPET id: 0x8086a201 base: 0xfed00000
[    0.204214] kvm-guest: stealtime: cpu 0, msr 1005b4c0
[    0.205314] PM: hibernation: Registered nosave memory: [mem 0x00000000-0x00000fff]
[    0.205320] PM: hibernation: Registered nosave memory: [mem 0x0009f000-0x0009ffff]
[    0.205322] PM: hibernation: Registered nosave memory: [mem 0x000a0000-0x000effff]
[    0.205324] PM: hibernation: Registered nosave memory: [mem 0x000f0000-0x000fffff]
[    0.205329] [mem 0x20000000-0xafffffff] available for PCI devices
[    0.205392] Booting paravirtualized kernel on KVM
[    0.205898] clocksource: refined-jiffies: mask: 0xffffffff max_cycles: 0xffffffff, max_idle_ns: 1910969940391419 ns
[    0.236520] pcpu-alloc: s0 r0 d32768 u32768 alloc=1*32768
[    0.236653] pcpu-alloc: [0] 0 
[    0.238322] Built 1 zonelists, mobility grouping on.  Total pages: 128872
[    0.238521] Kernel command line: selinux=0 initcall_debug debug console=ttyS0 rcutorture.torture_type=srcud rcupdate.rcu_self_test=1 rcutorture.n_barrier_cbs=4 rcutorture.stat_interval=15 rcutorture.shutdown_secs=1800 rcutorture.test_no_idle_hz=1 rcutorture.verbose=1
[    0.257591] Dentry cache hash table entries: 65536 (order: 7, 524288 bytes, linear)
[    0.260599] Inode-cache hash table entries: 32768 (order: 6, 262144 bytes, linear)
[    0.261198] mem auto-init: stack:all(zero), heap alloc:off, heap free:off
[    0.268573] Memory: 469272K/523764K available (16397K kernel code, 2822K rwdata, 4728K rodata, 1236K init, 11688K bss, 54232K reserved, 0K cma-reserved)
[    0.269399] SLUB: HWalign=64, Order=0-3, MinObjects=0, CPUs=1, Nodes=1
[    0.270096] Kernel/User page tables isolation: enabled
[    0.282968] Running RCU self tests
[    0.298027] NR_IRQS: 4352, nr_irqs: 256, preallocated irqs: 16
[    0.303277] calling  con_init+0x0/0x24f @ 0
[    0.426013] Console: colour VGA+ 80x25
[    0.426068] initcall con_init+0x0/0x24f returned 0 after 0 usecs
[    0.426075] calling  hvc_console_init+0x0/0x13 @ 0
[    0.426080] initcall hvc_console_init+0x0/0x13 returned 0 after 0 usecs
[    0.426085] calling  univ8250_console_init+0x0/0x26 @ 0
[    1.233764] printk: console [ttyS0] enabled
[    1.238328] initcall univ8250_console_init+0x0/0x26 returned 0 after 0 usecs
[    1.245817] Lock dependency validator: Copyright (c) 2006 Red Hat, Inc., Ingo Molnar
[    1.254044] ... MAX_LOCKDEP_SUBCLASSES:  8
[    1.258456] ... MAX_LOCK_DEPTH:          48
[    1.262928] ... MAX_LOCKDEP_KEYS:        8192
[    1.267646] ... CLASSHASH_SIZE:          4096
[    1.272274] ... MAX_LOCKDEP_ENTRIES:     32768
[    1.277136] ... MAX_LOCKDEP_CHAINS:      65536
[    1.282198] ... CHAINHASH_SIZE:          32768
[    1.288251]  memory used by lock dependency info: 6365 kB
[    1.295563]  memory used for stack traces: 4224 kB
[    1.302105]  per task-struct memory footprint: 1920 bytes
[    1.309473] ACPI: Core revision 20200925
[    1.315559] clocksource: hpet: mask: 0xffffffff max_cycles: 0xffffffff, max_idle_ns: 19112604467 ns
[    1.326440] APIC: Switch to symmetric I/O mode setup
[    1.346869] ..TIMER: vector=0x30 apic1=0 pin1=2 apic2=-1 pin2=-1
[    1.355390] clocksource: tsc-early: mask: 0xffffffffffffffff max_cycles: 0x39a85afc727, max_idle_ns: 881590685098 ns
[    1.369610] Calibrating delay loop (skipped) preset value.. 3999.99 BogoMIPS (lpj=1999999)
[    1.370580] pid_max: default: 32768 minimum: 301
[    1.371851] LSM: Security Framework initializing
[    1.373626] Mount-cache hash table entries: 1024 (order: 1, 8192 bytes, linear)
[    1.374605] Mountpoint-cache hash table entries: 1024 (order: 1, 8192 bytes, linear)
[    1.382256] Last level iTLB entries: 4KB 0, 2MB 0, 4MB 0
[    1.382578] Last level dTLB entries: 4KB 0, 2MB 0, 4MB 0, 1GB 0
[    1.383581] CPU: Intel Common KVM processor (family: 0xf, model: 0x6, stepping: 0x1)
[    1.384725] Spectre V1 : Mitigation: usercopy/swapgs barriers and __user pointer sanitization
[    1.385579] Spectre V2 : Mitigation: Retpolines
[    1.386576] Spectre V2 : Spectre v2 / SpectreRSB mitigation: Filling RSB on context switch
[    1.387577] Spectre V2 : Spectre v2 / SpectreRSB : Filling RSB on VMEXIT
[    1.388577] Speculative Store Bypass: Vulnerable
[    1.389594] MDS: Vulnerable: Clear CPU buffers attempted, no microcode
[    1.390576] MMIO Stale Data: Unknown: No mitigations
[    1.446606] RCU test callback executed 1
[    1.449134] RCU test callback executed 2
[    1.450196] calling  init_hw_perf_events+0x0/0x6ce @ 1
[    1.450579] Performance Events: unsupported Netburst CPU model 6 no PMU driver, software events only.
[    1.451586] initcall init_hw_perf_events+0x0/0x6ce returned 0 after 976 usecs
[    1.452586] calling  init_real_mode+0x0/0x1e9 @ 1
[    1.454786] initcall init_real_mode+0x0/0x1e9 returned 0 after 976 usecs
[    1.455588] calling  trace_init_perf_perm_irq_work_exit+0x0/0x12 @ 1
[    1.456588] initcall trace_init_perf_perm_irq_work_exit+0x0/0x12 returned 0 after 0 usecs
[    1.457644] calling  validate_x2apic+0x0/0x4a @ 1
[    1.458608] initcall validate_x2apic+0x0/0x4a returned 0 after 0 usecs
[    1.459587] calling  register_nmi_cpu_backtrace_handler+0x0/0x15 @ 1
[    1.460601] initcall register_nmi_cpu_backtrace_handler+0x0/0x15 returned 0 after 0 usecs
[    1.461582] calling  kvm_setup_vsyscall_timeinfo+0x0/0x34 @ 1
[    1.462582] initcall kvm_setup_vsyscall_timeinfo+0x0/0x34 returned 0 after 0 usecs
[    1.463644] calling  spawn_ksoftirqd+0x0/0x34 @ 1
[    1.464951] initcall spawn_ksoftirqd+0x0/0x34 returned 0 after 0 usecs
[    1.465587] calling  trace_init_flags_sys_enter+0x0/0xe @ 1
[    1.467588] initcall trace_init_flags_sys_enter+0x0/0xe returned 0 after 0 usecs
[    1.468585] calling  trace_init_flags_sys_exit+0x0/0xe @ 1
[    1.469584] initcall trace_init_flags_sys_exit+0x0/0xe returned 0 after 0 usecs
[    1.470582] calling  init_kprobes+0x0/0x16e @ 1
[    1.474137] initcall init_kprobes+0x0/0x16e returned 0 after 1953 usecs
[    1.474582] calling  init_events+0x0/0x3d @ 1
[    1.475603] initcall init_events+0x0/0x3d returned 0 after 0 usecs
[    1.476582] calling  init_trace_printk+0x0/0xc @ 1
[    1.477582] initcall init_trace_printk+0x0/0xc returned 0 after 0 usecs
[    1.479581] calling  event_trace_enable_again+0x0/0x23 @ 1
[    1.480583] initcall event_trace_enable_again+0x0/0x23 returned 0 after 0 usecs
[    1.481582] calling  static_call_init+0x0/0x6f @ 1
[    1.482582] initcall static_call_init+0x0/0x6f returned 0 after 0 usecs
[    1.483593] calling  jump_label_init_module+0x0/0xc @ 1
[    1.484582] initcall jump_label_init_module+0x0/0xc returned 0 after 0 usecs
[    1.485582] calling  init_zero_pfn+0x0/0x37 @ 1
[    1.486583] initcall init_zero_pfn+0x0/0x37 returned 0 after 0 usecs
[    1.487628] calling  initialize_ptr_random+0x0/0x54 @ 1
[    1.489621] initcall initialize_ptr_random+0x0/0x54 returned 0 after 0 usecs
[    1.490678] calling  efi_memreserve_root_init+0x0/0x25 @ 1
[    1.492617] initcall efi_memreserve_root_init+0x0/0x25 returned 0 after 0 usecs
[    1.493582] calling  efi_earlycon_remap_fb+0x0/0x51 @ 1
[    1.494586] initcall efi_earlycon_remap_fb+0x0/0x51 returned 0 after 0 usecs
[    1.598581] devtmpfs: initialized
[    1.601299] calling  ipc_ns_init+0x0/0x3d @ 1
[    1.601679] initcall ipc_ns_init+0x0/0x3d returned 0 after 0 usecs
[    1.603585] calling  init_mmap_min_addr+0x0/0x21 @ 1
[    1.604584] initcall init_mmap_min_addr+0x0/0x21 returned 0 after 0 usecs
[    1.605583] calling  pci_realloc_setup_params+0x0/0x3f @ 1
[    1.606587] initcall pci_realloc_setup_params+0x0/0x3f returned 0 after 0 usecs
[    1.607589] calling  net_ns_init+0x0/0x128 @ 1
[    1.608903] initcall net_ns_init+0x0/0x128 returned 0 after 0 usecs
[    1.610589] calling  e820__register_nvs_regions+0x0/0x37 @ 1
[    1.611585] initcall e820__register_nvs_regions+0x0/0x37 returned 0 after 0 usecs
[    1.612585] calling  cpufreq_register_tsc_scaling+0x0/0x2e @ 1
[    1.613585] initcall cpufreq_register_tsc_scaling+0x0/0x2e returned 0 after 0 usecs
[    1.614583] calling  reboot_init+0x0/0x3c @ 1
[    1.616616] initcall reboot_init+0x0/0x3c returned 0 after 0 usecs
[    1.617584] calling  init_lapic_sysfs+0x0/0x20 @ 1
[    1.618597] initcall init_lapic_sysfs+0x0/0x20 returned 0 after 0 usecs
[    1.619583] calling  wq_sysfs_init+0x0/0x2a @ 1
[    1.620753] initcall wq_sysfs_init+0x0/0x2a returned 0 after 0 usecs
[    1.621582] calling  ksysfs_init+0x0/0x92 @ 1
[    1.622669] initcall ksysfs_init+0x0/0x92 returned 0 after 0 usecs
[    1.623586] calling  pm_init+0x0/0x76 @ 1
[    1.624703] initcall pm_init+0x0/0x76 returned 0 after 0 usecs
[    1.625582] calling  pm_disk_init+0x0/0x13 @ 1
[    1.626638] initcall pm_disk_init+0x0/0x13 returned 0 after 0 usecs
[    1.627581] calling  swsusp_header_init+0x0/0x2b @ 1
[    1.628583] initcall swsusp_header_init+0x0/0x2b returned 0 after 0 usecs
[    1.629580] calling  rcu_set_runtime_mode+0x0/0x25 @ 1
[    1.630582] initcall rcu_set_runtime_mode+0x0/0x25 returned 0 after 0 usecs
[    1.631582] calling  init_jiffies_clocksource+0x0/0x13 @ 1
[    1.632582] clocksource: jiffies: mask: 0xffffffff max_cycles: 0xffffffff, max_idle_ns: 1911260446275000 ns
[    1.633587] initcall init_jiffies_clocksource+0x0/0x13 returned 0 after 976 usecs
[    1.634583] calling  futex_init+0x0/0xf8 @ 1
[    1.635584] futex hash table entries: 256 (order: 2, 22528 bytes, linear)
[    1.636685] initcall futex_init+0x0/0xf8 returned 0 after 976 usecs
[    1.637585] calling  cgroup_wq_init+0x0/0x28 @ 1
[    1.638612] initcall cgroup_wq_init+0x0/0x28 returned 0 after 0 usecs
[    1.639580] calling  cgroup1_wq_init+0x0/0x28 @ 1
[    1.640592] initcall cgroup1_wq_init+0x0/0x28 returned 0 after 0 usecs
[    1.641580] calling  init_kprobe_trace_early+0x0/0x2a @ 1
[    1.642635] initcall init_kprobe_trace_early+0x0/0x2a returned 0 after 0 usecs
[    1.643582] calling  fsnotify_init+0x0/0x56 @ 1
[    1.644599] initcall fsnotify_init+0x0/0x56 returned 0 after 0 usecs
[    1.645580] calling  filelock_init+0x0/0x7f @ 1
[    1.646619] initcall filelock_init+0x0/0x7f returned 0 after 0 usecs
[    1.647584] calling  init_misc_binfmt+0x0/0x2c @ 1
[    1.648621] initcall init_misc_binfmt+0x0/0x2c returned 0 after 0 usecs
[    1.649580] calling  init_script_binfmt+0x0/0x15 @ 1
[    1.650584] initcall init_script_binfmt+0x0/0x15 returned 0 after 0 usecs
[    1.651582] calling  init_elf_binfmt+0x0/0x15 @ 1
[    1.652586] initcall init_elf_binfmt+0x0/0x15 returned 0 after 0 usecs
[    1.653584] calling  init_compat_elf_binfmt+0x0/0x15 @ 1
[    1.654626] initcall init_compat_elf_binfmt+0x0/0x15 returned 0 after 0 usecs
[    1.656581] calling  debugfs_init+0x0/0x5c @ 1
[    1.657651] initcall debugfs_init+0x0/0x5c returned 0 after 0 usecs
[    1.658581] calling  tracefs_init+0x0/0x3a @ 1
[    1.659589] initcall tracefs_init+0x0/0x3a returned 0 after 0 usecs
[    1.660581] calling  prandom_init_early+0x0/0x111 @ 1
[    1.661597] initcall prandom_init_early+0x0/0x111 returned 0 after 0 usecs
[    1.662849] calling  virtio_init+0x0/0x20 @ 1
[    1.663628] initcall virtio_init+0x0/0x20 returned 0 after 0 usecs
[    1.664582] calling  iommu_init+0x0/0x2a @ 1
[    1.665604] initcall iommu_init+0x0/0x2a returned 0 after 0 usecs
[    1.666581] calling  component_debug_init+0x0/0x1c @ 1
[    1.668786] initcall component_debug_init+0x0/0x1c returned 0 after 976 usecs
[    1.669582] calling  early_resume_init+0x0/0xb9 @ 1
[    1.671399] PM: RTC time: 02:52:20, date: 2022-12-13
[    1.671619] initcall early_resume_init+0x0/0xb9 returned 0 after 976 usecs
[    1.672588] calling  cpufreq_core_init+0x0/0x62 @ 1
[    1.673690] initcall cpufreq_core_init+0x0/0x62 returned 0 after 0 usecs
[    1.674582] calling  cpufreq_gov_performance_init+0x0/0xc @ 1
[    1.676580] initcall cpufreq_gov_performance_init+0x0/0xc returned 0 after 976 usecs
[    1.677581] calling  cpufreq_gov_userspace_init+0x0/0xc @ 1
[    1.678582] initcall cpufreq_gov_userspace_init+0x0/0xc returned 0 after 0 usecs
[    1.679580] calling  CPU_FREQ_GOV_ONDEMAND_init+0x0/0xc @ 1
[    1.680581] initcall CPU_FREQ_GOV_ONDEMAND_init+0x0/0xc returned 0 after 0 usecs
[    1.681580] calling  cpuidle_init+0x0/0x1f @ 1
[    1.682614] initcall cpuidle_init+0x0/0x1f returned 0 after 0 usecs
[    1.683581] calling  capsule_reboot_register+0x0/0xc @ 1
[    1.684619] initcall capsule_reboot_register+0x0/0xc returned 0 after 0 usecs
[    1.685581] calling  sock_init+0x0/0x93 @ 1
[    1.687904] initcall sock_init+0x0/0x93 returned 0 after 976 usecs
[    1.688582] calling  net_inuse_init+0x0/0x23 @ 1
[    1.689640] initcall net_inuse_init+0x0/0x23 returned 0 after 0 usecs
[    1.690581] calling  net_defaults_init+0x0/0x23 @ 1
[    1.691581] initcall net_defaults_init+0x0/0x23 returned 0 after 0 usecs
[    1.692636] calling  init_default_flow_dissectors+0x0/0x4f @ 1
[    1.693649] initcall init_default_flow_dissectors+0x0/0x4f returned 0 after 0 usecs
[    1.694581] calling  netpoll_init+0x0/0x44 @ 1
[    1.695582] initcall netpoll_init+0x0/0x44 returned 0 after 0 usecs
[    1.696580] calling  netlink_proto_init+0x0/0x154 @ 1
[    1.698925] NET: Registered protocol family 16
[    1.700737] initcall netlink_proto_init+0x0/0x154 returned 0 after 2929 usecs
[    1.701582] calling  genl_init+0x0/0x35 @ 1
[    1.702701] initcall genl_init+0x0/0x35 returned 0 after 0 usecs
[    1.703580] calling  bsp_pm_check_init+0x0/0x13 @ 1
[    1.704583] initcall bsp_pm_check_init+0x0/0x13 returned 0 after 0 usecs
[    1.705602] calling  irq_sysfs_init+0x0/0xb9 @ 1
[    1.707849] initcall irq_sysfs_init+0x0/0xb9 returned 0 after 976 usecs
[    1.708583] calling  audit_init+0x0/0x127 @ 1
[    1.709597] audit: initializing netlink subsys (disabled)
[    1.710814] initcall audit_init+0x0/0x127 returned 0 after 976 usecs
[    1.711581] calling  release_early_probes+0x0/0x32 @ 1
[    1.712580] initcall release_early_probes+0x0/0x32 returned 0 after 0 usecs
[    1.713582] calling  bdi_class_init+0x0/0x48 @ 1
[    1.714646] initcall bdi_class_init+0x0/0x48 returned 0 after 0 usecs
[    1.715583] calling  mm_sysfs_init+0x0/0x28 @ 1
[    1.716594] initcall mm_sysfs_init+0x0/0x28 returned 0 after 0 usecs
[    1.717644] calling  init_per_zone_wmark_min+0x0/0x5e @ 1
[    1.718619] initcall init_per_zone_wmark_min+0x0/0x5e returned 0 after 0 usecs
[    1.719586] calling  mpi_init+0x0/0x3e @ 1
[    1.720653] initcall mpi_init+0x0/0x3e returned 0 after 0 usecs
[    1.721586] calling  kobject_uevent_init+0x0/0xc @ 1
[    1.722641] initcall kobject_uevent_init+0x0/0xc returned 0 after 0 usecs
[    1.723586] calling  pcibus_class_init+0x0/0x13 @ 1
[    1.724611] initcall pcibus_class_init+0x0/0x13 returned 0 after 0 usecs
[    1.725582] calling  pci_driver_init+0x0/0x21 @ 1
[    1.726675] initcall pci_driver_init+0x0/0x21 returned 0 after 0 usecs
[    1.727583] calling  backlight_class_init+0x0/0xa8 @ 1
[    1.728651] initcall backlight_class_init+0x0/0xa8 returned 0 after 0 usecs
[    1.729586] calling  tty_class_init+0x0/0x33 @ 1
[    1.730616] initcall tty_class_init+0x0/0x33 returned 0 after 0 usecs
[    1.731585] calling  vtconsole_class_init+0x0/0xb5 @ 1
[    1.733714] initcall vtconsole_class_init+0x0/0xb5 returned 0 after 976 usecs
[    1.734587] calling  iommu_dev_init+0x0/0x13 @ 1
[    1.735671] initcall iommu_dev_init+0x0/0x13 returned 0 after 0 usecs
[    1.736583] calling  mipi_dsi_bus_init+0x0/0xc @ 1
[    1.737703] initcall mipi_dsi_bus_init+0x0/0xc returned 0 after 0 usecs
[    1.738592] calling  devlink_class_init+0x0/0x40 @ 1
[    1.739667] initcall devlink_class_init+0x0/0x40 returned 0 after 0 usecs
[    1.740584] calling  software_node_init+0x0/0x2a @ 1
[    1.741596] initcall software_node_init+0x0/0x2a returned 0 after 0 usecs
[    1.742582] calling  wakeup_sources_debugfs_init+0x0/0x23 @ 1
[    1.743602] initcall wakeup_sources_debugfs_init+0x0/0x23 returned 0 after 0 usecs
[    1.744582] calling  wakeup_sources_sysfs_init+0x0/0x2c @ 1
[    1.745629] initcall wakeup_sources_sysfs_init+0x0/0x2c returned 0 after 0 usecs
[    1.746585] calling  regmap_initcall+0x0/0xc @ 1
[    1.747668] initcall regmap_initcall+0x0/0xc returned 0 after 0 usecs
[    1.748585] calling  i2c_init+0x0/0xb3 @ 1
[    1.749798] initcall i2c_init+0x0/0xb3 returned 0 after 0 usecs
[    1.750581] calling  thermal_init+0x0/0x116 @ 1
[    1.751647] thermal_sys: Registered thermal governor 'step_wise'
[    1.751650] thermal_sys: Registered thermal governor 'user_space'
[    1.752602] initcall thermal_init+0x0/0x116 returned 0 after 976 usecs
[    1.754584] calling  init_menu+0x0/0xc @ 1
[    1.755623] cpuidle: using governor menu
[    1.756582] initcall init_menu+0x0/0xc returned 0 after 976 usecs
[    1.758581] calling  pcc_init+0x0/0x4d @ 1
[    1.759588] initcall pcc_init+0x0/0x4d returned -19 after 0 usecs
[    1.760583] calling  amd_postcore_init+0x0/0x11e @ 1
[    1.761582] initcall amd_postcore_init+0x0/0x11e returned 0 after 0 usecs
[    1.762611] calling  bts_init+0x0/0xba @ 1
[    1.763587] initcall bts_init+0x0/0xba returned -19 after 0 usecs
[    1.764585] calling  pt_init+0x0/0x2f7 @ 1
[    1.765587] initcall pt_init+0x0/0x2f7 returned -19 after 0 usecs
[    1.766583] calling  boot_params_ksysfs_init+0x0/0x2ee @ 1
[    1.767713] initcall boot_params_ksysfs_init+0x0/0x2ee returned 0 after 0 usecs
[    1.768581] calling  sbf_init+0x0/0xea @ 1
[    1.769582] initcall sbf_init+0x0/0xea returned 0 after 0 usecs
[    1.770582] calling  arch_kdebugfs_init+0x0/0x219 @ 1
[    1.771689] initcall arch_kdebugfs_init+0x0/0x219 returned 0 after 0 usecs
[    1.772582] calling  intel_pconfig_init+0x0/0x85 @ 1
[    1.773581] initcall intel_pconfig_init+0x0/0x85 returned 0 after 0 usecs
[    1.774580] calling  mtrr_if_init+0x0/0x5d @ 1
[    1.775588] initcall mtrr_if_init+0x0/0x5d returned 0 after 0 usecs
[    1.776580] calling  activate_jump_labels+0x0/0x31 @ 1
[    1.777580] initcall activate_jump_labels+0x0/0x31 returned 0 after 0 usecs
[    1.778580] calling  ffh_cstate_init+0x0/0x29 @ 1
[    1.779588] initcall ffh_cstate_init+0x0/0x29 returned 0 after 0 usecs
[    1.780581] calling  activate_jump_labels+0x0/0x31 @ 1
[    1.781642] initcall activate_jump_labels+0x0/0x31 returned 0 after 0 usecs
[    1.782586] calling  kvm_alloc_cpumask+0x0/0x2b @ 1
[    1.783617] initcall kvm_alloc_cpumask+0x0/0x2b returned 0 after 0 usecs
[    1.784584] calling  kcmp_cookies_init+0x0/0x37 @ 1
[    1.785595] initcall kcmp_cookies_init+0x0/0x37 returned 0 after 0 usecs
[    1.786586] calling  cryptomgr_init+0x0/0xc @ 1
[    1.787603] initcall cryptomgr_init+0x0/0xc returned 0 after 0 usecs
[    1.788583] calling  acpi_pci_init+0x0/0x57 @ 1
[    1.789592] ACPI: bus type PCI registered
[    1.790583] initcall acpi_pci_init+0x0/0x57 returned 0 after 976 usecs
[    1.791586] calling  dma_channel_table_init+0x0/0xce @ 1
[    1.792603] initcall dma_channel_table_init+0x0/0xce returned 0 after 0 usecs
[    1.793585] calling  dma_bus_init+0x0/0xdc @ 1
[    1.794717] initcall dma_bus_init+0x0/0xdc returned 0 after 0 usecs
[    1.795794] calling  iommu_dma_init+0x0/0x10 @ 1
[    1.797592] initcall iommu_dma_init+0x0/0x10 returned 0 after 976 usecs
[    1.798584] calling  dmi_id_init+0x0/0x37c @ 1
[    1.800766] initcall dmi_id_init+0x0/0x37c returned 0 after 976 usecs
[    1.801586] calling  pci_arch_init+0x0/0x71 @ 1
[    1.803792] PCI: MMCONFIG for domain 0000 [bus 00-ff] at [mem 0xb0000000-0xbfffffff] (base 0xb0000000)
[    1.804584] PCI: MMCONFIG at [mem 0xb0000000-0xbfffffff] reserved in E820
[    1.805668] PCI: Using configuration type 1 for base access
[    1.806620] initcall pci_arch_init+0x0/0x71 returned 0 after 3906 usecs
[    1.807611] calling  init_vdso+0x0/0x13 @ 1
[    1.808707] initcall init_vdso+0x0/0x13 returned 0 after 0 usecs
[    1.809582] calling  sysenter_setup+0x0/0x13 @ 1
[    1.810627] initcall sysenter_setup+0x0/0x13 returned 0 after 0 usecs
[    1.811583] calling  fixup_ht_bug+0x0/0x7f @ 1
[    1.812586] initcall fixup_ht_bug+0x0/0x7f returned 0 after 0 usecs
[    1.813588] calling  topology_init+0x0/0x15 @ 1
[    1.814808] initcall topology_init+0x0/0x15 returned 0 after 0 usecs
[    1.815585] calling  intel_epb_init+0x0/0x68 @ 1
[    1.816583] initcall intel_epb_init+0x0/0x68 returned -19 after 0 usecs
[    1.817581] calling  mtrr_init_finialize+0x0/0x3e @ 1
[    1.818582] initcall mtrr_init_finialize+0x0/0x3e returned 0 after 0 usecs
[    1.819582] calling  uid_cache_init+0x0/0x85 @ 1
[    1.820609] initcall uid_cache_init+0x0/0x85 returned 0 after 0 usecs
[    1.821583] calling  param_sysfs_init+0x0/0x1ba @ 1
[    1.833665] initcall param_sysfs_init+0x0/0x1ba returned 0 after 10742 usecs
[    1.834583] calling  user_namespace_sysctl_init+0x0/0x33 @ 1
[    1.835599] initcall user_namespace_sysctl_init+0x0/0x33 returned 0 after 0 usecs
[    1.836583] calling  proc_schedstat_init+0x0/0x24 @ 1
[    1.838590] initcall proc_schedstat_init+0x0/0x24 returned 0 after 0 usecs
[    1.839584] calling  pm_sysrq_init+0x0/0x18 @ 1
[    1.840606] initcall pm_sysrq_init+0x0/0x18 returned 0 after 0 usecs
[    1.841692] calling  create_proc_profile+0x0/0x50 @ 1
[    1.843587] initcall create_proc_profile+0x0/0x50 returned 0 after 0 usecs
[    1.844584] calling  time_ns_init+0x0/0x7 @ 1
[    1.845584] initcall time_ns_init+0x0/0x7 returned 0 after 0 usecs
[    1.846582] calling  crash_save_vmcoreinfo_init+0x0/0x756 @ 1
[    1.847779] initcall crash_save_vmcoreinfo_init+0x0/0x756 returned 0 after 0 usecs
[    1.849583] calling  crash_notes_memory_init+0x0/0x35 @ 1
[    1.850592] initcall crash_notes_memory_init+0x0/0x35 returned 0 after 0 usecs
[    1.851582] calling  cgroup_sysfs_init+0x0/0x13 @ 1
[    1.852659] initcall cgroup_sysfs_init+0x0/0x13 returned 0 after 0 usecs
[    1.853584] calling  cgroup_namespaces_init+0x0/0x7 @ 1
[    1.854582] initcall cgroup_namespaces_init+0x0/0x7 returned 0 after 0 usecs
[    1.855581] calling  init_optprobes+0x0/0x13 @ 1
[    1.856631] Kprobes globally optimized
[    1.857583] initcall init_optprobes+0x0/0x13 returned 0 after 976 usecs
[    1.858582] calling  oom_init+0x0/0x2f @ 1
[    1.860037] audit: type=2000 audit(1670899939.839:1): state=initialized audit_enabled=0 res=1
[    1.860622] initcall oom_init+0x0/0x2f returned 0 after 976 usecs
[    1.861582] calling  default_bdi_init+0x0/0xb3 @ 1
[    1.862956] initcall default_bdi_init+0x0/0xb3 returned 0 after 0 usecs
[    1.863583] calling  percpu_enable_async+0x0/0xe @ 1
[    1.864584] initcall percpu_enable_async+0x0/0xe returned 0 after 0 usecs
[    1.865583] calling  kcompactd_init+0x0/0x46 @ 1
[    1.866738] initcall kcompactd_init+0x0/0x46 returned 0 after 0 usecs
[    1.867792] calling  init_user_reserve+0x0/0x30 @ 1
[    1.868586] initcall init_user_reserve+0x0/0x30 returned 0 after 0 usecs
[    1.869584] calling  init_admin_reserve+0x0/0x30 @ 1
[    1.870583] initcall init_admin_reserve+0x0/0x30 returned 0 after 0 usecs
[    1.871585] calling  init_reserve_notifier+0x0/0x7 @ 1
[    1.872585] initcall init_reserve_notifier+0x0/0x7 returned 0 after 0 usecs
[    1.873593] calling  swap_init_sysfs+0x0/0x62 @ 1
[    1.874656] initcall swap_init_sysfs+0x0/0x62 returned 0 after 0 usecs
[    1.875586] calling  swapfile_init+0x0/0x46 @ 1
[    1.876586] initcall swapfile_init+0x0/0x46 returned 0 after 0 usecs
[    1.877650] calling  hugetlb_init+0x0/0x42c @ 1
[    1.878585] HugeTLB registered 2.00 MiB page size, pre-allocated 0 pages
[    1.879606] initcall hugetlb_init+0x0/0x42c returned 0 after 976 usecs
[    1.880590] calling  io_wq_init+0x0/0x34 @ 1
[    1.881585] initcall io_wq_init+0x0/0x34 returned 0 after 0 usecs
[    1.882582] calling  seqiv_module_init+0x0/0xc @ 1
[    1.886914] initcall seqiv_module_init+0x0/0xc returned 0 after 976 usecs
[    1.888704] calling  echainiv_module_init+0x0/0xc @ 1
[    1.889584] initcall echainiv_module_init+0x0/0xc returned 0 after 0 usecs
[    1.890785] calling  rsa_init+0x0/0x50 @ 1
[    1.898999] cryptomgr_test (18) used greatest stack depth: 14864 bytes left
[    1.899867] initcall rsa_init+0x0/0x50 returned 0 after 7812 usecs
[    1.900608] calling  crypto_cmac_module_init+0x0/0xc @ 1
[    1.901585] initcall crypto_cmac_module_init+0x0/0xc returned 0 after 0 usecs
[    1.902582] calling  hmac_module_init+0x0/0xc @ 1
[    1.903582] initcall hmac_module_init+0x0/0xc returned 0 after 0 usecs
[    1.904581] calling  crypto_null_mod_init+0x0/0x65 @ 1
[    1.905903] initcall crypto_null_mod_init+0x0/0x65 returned 0 after 0 usecs
[    1.906581] calling  md5_mod_init+0x0/0xc @ 1
[    1.907678] initcall md5_mod_init+0x0/0xc returned 0 after 0 usecs
[    1.908581] calling  sha256_generic_mod_init+0x0/0x11 @ 1
[    1.909724] initcall sha256_generic_mod_init+0x0/0x11 returned 0 after 0 usecs
[    1.910583] calling  crypto_cbc_module_init+0x0/0xc @ 1
[    1.911582] initcall crypto_cbc_module_init+0x0/0xc returned 0 after 0 usecs
[    1.912581] calling  crypto_ctr_module_init+0x0/0x11 @ 1
[    1.913584] initcall crypto_ctr_module_init+0x0/0x11 returned 0 after 0 usecs
[    1.914583] calling  crypto_gcm_module_init+0x0/0x64 @ 1
[    1.915662] initcall crypto_gcm_module_init+0x0/0x64 returned 0 after 0 usecs
[    1.917584] calling  crypto_ccm_module_init+0x0/0x11 @ 1
[    1.918590] initcall crypto_ccm_module_init+0x0/0x11 returned 0 after 0 usecs
[    1.919584] calling  aes_init+0x0/0xc @ 1
[    1.921602] initcall aes_init+0x0/0xc returned 0 after 976 usecs
[    1.922581] calling  crc32c_mod_init+0x0/0xc @ 1
[    1.923675] initcall crc32c_mod_init+0x0/0xc returned 0 after 0 usecs
[    1.924582] calling  crypto_authenc_module_init+0x0/0xc @ 1
[    1.925583] initcall crypto_authenc_module_init+0x0/0xc returned 0 after 0 usecs
[    1.926580] calling  crypto_authenc_esn_module_init+0x0/0xc @ 1
[    1.927583] initcall crypto_authenc_esn_module_init+0x0/0xc returned 0 after 0 usecs
[    1.928580] calling  drbg_init+0x0/0x7c @ 1
[    1.930100] initcall drbg_init+0x0/0x7c returned 0 after 0 usecs
[    1.930581] calling  ghash_mod_init+0x0/0xc @ 1
[    1.931670] initcall ghash_mod_init+0x0/0xc returned 0 after 0 usecs
[    1.932580] calling  init_bio+0x0/0x9a @ 1
[    1.934240] initcall init_bio+0x0/0x9a returned 0 after 0 usecs
[    1.934580] calling  blk_settings_init+0x0/0x29 @ 1
[    1.935580] initcall blk_settings_init+0x0/0x29 returned 0 after 0 usecs
[    1.936580] calling  blk_ioc_init+0x0/0x29 @ 1
[    1.937604] initcall blk_ioc_init+0x0/0x29 returned 0 after 0 usecs
[    1.938584] calling  blk_mq_init+0x0/0x96 @ 1
[    1.939598] initcall blk_mq_init+0x0/0x96 returned 0 after 0 usecs
[    1.940581] calling  genhd_device_init+0x0/0x75 @ 1
[    1.943490] initcall genhd_device_init+0x0/0x75 returned 0 after 976 usecs
[    1.944106] calling  pci_slot_init+0x0/0x40 @ 1
[    1.945016] initcall pci_slot_init+0x0/0x40 returned 0 after 0 usecs
[    1.945588] calling  fbmem_init+0x0/0xd8 @ 1
[    1.950049] initcall fbmem_init+0x0/0xd8 returned 0 after 2929 usecs
[    1.950602] calling  acpi_init+0x0/0x316 @ 1
[    1.953973] ACPI: Added _OSI(Module Device)
[    1.954581] ACPI: Added _OSI(Processor Device)
[    1.955580] ACPI: Added _OSI(3.0 _SCP Extensions)
[    1.956580] ACPI: Added _OSI(Processor Aggregator Device)
[    1.957583] ACPI: Added _OSI(Linux-Dell-Video)
[    1.958582] ACPI: Added _OSI(Linux-Lenovo-NV-HDMI-Audio)
[    1.959585] ACPI: Added _OSI(Linux-HPI-Hybrid-Graphics)
[    1.974180] ACPI: 1 ACPI AML tables successfully acquired and loaded
[    1.982776] ACPI: Interpreter enabled
[    1.986007] ACPI: (supports S0 S3 S4 S5)
[    1.986648] ACPI: Using IOAPIC for interrupt routing
[    1.988578] PCI: Using host bridge windows from ACPI; if necessary, use "pci=nocrs" and report a bug
[    1.991572] ACPI: Enabled 2 GPEs in block 00 to 3F
[    2.014076] ACPI: PCI Root Bridge [PCI0] (domain 0000 [bus 00-ff])
[    2.015887] acpi PNP0A08:00: _OSC: OS supports [ExtendedConfig ASPM ClockPM Segments MSI HPX-Type3]
[    2.018999] acpi PNP0A08:00: _OSC: platform does not support [LTR]
[    2.020605] acpi PNP0A08:00: _OSC: OS now controls [PME PCIeCapability]
[    2.028205] PCI host bridge to bus 0000:00
[    2.028937] pci_bus 0000:00: root bus resource [io  0x0000-0x0cf7 window]
[    2.029582] pci_bus 0000:00: root bus resource [io  0x0d00-0xffff window]
[    2.031579] pci_bus 0000:00: root bus resource [mem 0x000a0000-0x000bffff window]
[    2.032581] pci_bus 0000:00: root bus resource [mem 0x20000000-0xafffffff window]
[    2.033581] pci_bus 0000:00: root bus resource [mem 0xc0000000-0xfebfffff window]
[    2.034688] pci_bus 0000:00: root bus resource [mem 0x100000000-0x8ffffffff window]
[    2.036580] pci_bus 0000:00: root bus resource [bus 00-ff]
[    2.041787] pci 0000:00:00.0: calling  quirk_mmio_always_on+0x0/0x10 @ 1
[    2.043582] pci 0000:00:00.0: quirk_mmio_always_on+0x0/0x10 took 0 usecs
[    2.045580] pci 0000:00:00.0: [8086:29c0] type 00 class 0x060000
[    2.051199] pci 0000:00:00.0: calling  quirk_igfx_skip_te_disable+0x0/0x80 @ 1
[    2.052076] pci 0000:00:00.0: quirk_igfx_skip_te_disable+0x0/0x80 took 0 usecs
[    2.059580] pci 0000:00:01.0: [1234:1111] type 00 class 0x030000
[    2.067572] pci 0000:00:01.0: reg 0x10: [mem 0xfd000000-0xfdffffff pref]
[    2.087572] pci 0000:00:01.0: reg 0x18: [mem 0xfebf0000-0xfebf0fff]
[    2.106476] pci 0000:00:01.0: reg 0x30: [mem 0xfebe0000-0xfebeffff pref]
[    2.123572] pci 0000:00:01.0: calling  efifb_fixup_resources+0x0/0xf0 @ 1
[    2.126220] pci 0000:00:01.0: efifb_fixup_resources+0x0/0xf0 took 0 usecs
[    2.173572] pci 0000:00:1f.0: [8086:2918] type 00 class 0x060100
[    2.181325] pci 0000:00:1f.0: calling  quirk_ich7_lpc+0x0/0x60 @ 1
[    2.183572] pci 0000:00:1f.0: quirk: [io  0x0600-0x067f] claimed by ICH6 ACPI/GPIO/TCO
[    2.185942] pci 0000:00:1f.0: quirk_ich7_lpc+0x0/0x60 took 3906 usecs
[    2.187321] pci 0000:00:1f.0: calling  quirk_igfx_skip_te_disable+0x0/0x80 @ 1
[    2.187644] pci 0000:00:1f.0: quirk_igfx_skip_te_disable+0x0/0x80 took 0 usecs
[    2.191167] pci 0000:00:1f.2: [8086:2922] type 00 class 0x010601
[    2.201583] pci 0000:00:1f.2: reg 0x20: [io  0xc040-0xc05f]
[    2.204583] pci 0000:00:1f.2: reg 0x24: [mem 0xfebf1000-0xfebf1fff]
[    2.207123] pci 0000:00:1f.2: calling  quirk_igfx_skip_te_disable+0x0/0x80 @ 1
[    2.207595] pci 0000:00:1f.2: quirk_igfx_skip_te_disable+0x0/0x80 took 0 usecs
[    2.212189] pci 0000:00:1f.3: [8086:2930] type 00 class 0x0c0500
[    2.218330] pci 0000:00:1f.3: reg 0x20: [io  0x0700-0x073f]
[    2.221832] pci 0000:00:1f.3: calling  quirk_igfx_skip_te_disable+0x0/0x80 @ 1
[    2.222594] pci 0000:00:1f.3: quirk_igfx_skip_te_disable+0x0/0x80 took 0 usecs
[    2.226150] pci_bus 0000:00: on NUMA node 0
[    2.234504] ACPI: PCI Interrupt Link [LNKA] (IRQs 5 *10 11)
[    2.236108] ACPI: PCI Interrupt Link [LNKB] (IRQs 5 *10 11)
[    2.237630] ACPI: PCI Interrupt Link [LNKC] (IRQs 5 10 *11)
[    2.240094] ACPI: PCI Interrupt Link [LNKD] (IRQs 5 10 *11)
[    2.241767] ACPI: PCI Interrupt Link [LNKE] (IRQs 5 *10 11)
[    2.243081] ACPI: PCI Interrupt Link [LNKF] (IRQs 5 *10 11)
[    2.244617] ACPI: PCI Interrupt Link [LNKG] (IRQs 5 10 *11)
[    2.246995] ACPI: PCI Interrupt Link [LNKH] (IRQs 5 10 *11)
[    2.247834] ACPI: PCI Interrupt Link [GSIA] (IRQs *16)
[    2.248622] ACPI: PCI Interrupt Link [GSIB] (IRQs *17)
[    2.250600] ACPI: PCI Interrupt Link [GSIC] (IRQs *18)
[    2.252601] ACPI: PCI Interrupt Link [GSID] (IRQs *19)
[    2.254586] ACPI: PCI Interrupt Link [GSIE] (IRQs *20)
[    2.256665] ACPI: PCI Interrupt Link [GSIF] (IRQs *21)
[    2.258598] ACPI: PCI Interrupt Link [GSIG] (IRQs *22)
[    2.259785] ACPI: PCI Interrupt Link [GSIH] (IRQs *23)
[    2.274572] initcall acpi_init+0x0/0x316 returned 0 after 314453 usecs
[    2.276765] calling  pnp_init+0x0/0xc @ 1
[    2.277992] initcall pnp_init+0x0/0xc returned 0 after 0 usecs
[    2.278582] calling  misc_init+0x0/0xbf @ 1
[    2.282177] initcall misc_init+0x0/0xbf returned 0 after 1953 usecs
[    2.282582] calling  iommu_subsys_init+0x0/0x4e @ 1
[    2.284572] iommu: Default domain type: Translated 
[    2.285582] initcall iommu_subsys_init+0x0/0x4e returned 0 after 1953 usecs
[    2.286583] calling  vga_arb_device_init+0x0/0x261 @ 1
[    2.305572] pci 0000:00:01.0: vgaarb: setting as boot VGA device
[    2.305572] pci 0000:00:01.0: vgaarb: VGA device added: decodes=io+mem,owns=io+mem,locks=none
[    2.305587] pci 0000:00:01.0: vgaarb: bridge control possible
[    2.306581] vgaarb: loaded
[    2.307588] initcall vga_arb_device_init+0x0/0x261 returned 0 after 19531 usecs
[    2.309572] calling  cn_init+0x0/0xf0 @ 1
[    2.315596] initcall cn_init+0x0/0xf0 returned 0 after 4882 usecs
[    2.316589] calling  dma_buf_init+0x0/0xad @ 1
[    2.321387] initcall dma_buf_init+0x0/0xad returned 0 after 2929 usecs
[    2.321584] calling  dma_resv_lockdep+0x0/0x27f @ 1
[    2.323755] initcall dma_resv_lockdep+0x0/0x27f returned 0 after 976 usecs
[    2.324581] calling  init_scsi+0x0/0x79 @ 1
[    2.330049] SCSI subsystem initialized
[    2.330583] initcall init_scsi+0x0/0x79 returned 0 after 4882 usecs
[    2.331583] calling  ata_init+0x0/0x332 @ 1
[    2.334864] libata version 3.00 loaded.
[    2.335584] initcall ata_init+0x0/0x332 returned 0 after 1953 usecs
[    2.336583] calling  phy_init+0x0/0x250 @ 1
[    2.338764] initcall phy_init+0x0/0x250 returned 0 after 976 usecs
[    2.339581] calling  init_pcmcia_cs+0x0/0x35 @ 1
[    2.341595] initcall init_pcmcia_cs+0x0/0x35 returned 0 after 976 usecs
[    2.342585] calling  usb_common_init+0x0/0x1c @ 1
[    2.343853] initcall usb_common_init+0x0/0x1c returned 0 after 0 usecs
[    2.344581] calling  usb_init+0x0/0x12e @ 1
[    2.345681] ACPI: bus type USB registered
[    2.347961] usbcore: registered new interface driver usbfs
[    2.348781] usbcore: registered new interface driver hub
[    2.349691] usbcore: registered new device driver usb
[    2.351583] initcall usb_init+0x0/0x12e returned 0 after 5859 usecs
[    2.352580] calling  serio_init+0x0/0x29 @ 1
[    2.353698] initcall serio_init+0x0/0x29 returned 0 after 0 usecs
[    2.354581] calling  input_init+0x0/0xf6 @ 1
[    2.357148] initcall input_init+0x0/0xf6 returned 0 after 976 usecs
[    2.357582] calling  rtc_init+0x0/0x4d @ 1
[    2.358815] initcall rtc_init+0x0/0x4d returned 0 after 0 usecs
[    2.359581] calling  pps_init+0x0/0xa9 @ 1
[    2.360763] pps_core: LinuxPPS API ver. 1 registered
[    2.361578] pps_core: Software ver. 5.3.6 - Copyright 2005-2007 Rodolfo Giometti <giometti@linux.it>
[    2.362583] initcall pps_init+0x0/0xa9 returned 0 after 1953 usecs
[    2.363583] calling  ptp_init+0x0/0x98 @ 1
[    2.365877] PTP clock support registered
[    2.366585] initcall ptp_init+0x0/0x98 returned 0 after 976 usecs
[    2.367585] calling  power_supply_class_init+0x0/0x3f @ 1
[    2.370054] initcall power_supply_class_init+0x0/0x3f returned 0 after 976 usecs
[    2.370584] calling  hwmon_init+0x0/0x104 @ 1
[    2.372605] initcall hwmon_init+0x0/0x104 returned 0 after 0 usecs
[    2.374868] calling  md_init+0x0/0x16b @ 1
[    2.380275] initcall md_init+0x0/0x16b returned 0 after 3906 usecs
[    2.381088] calling  leds_init+0x0/0x3b @ 1
[    2.382764] initcall leds_init+0x0/0x3b returned 0 after 0 usecs
[    2.383587] calling  dmi_init+0x0/0x113 @ 1
[    2.389885] initcall dmi_init+0x0/0x113 returned 0 after 4882 usecs
[    2.390588] calling  efisubsys_init+0x0/0x4e6 @ 1
[    2.391813] initcall efisubsys_init+0x0/0x4e6 returned 0 after 0 usecs
[    2.392586] calling  nvmem_init+0x0/0xc @ 1
[    2.394131] initcall nvmem_init+0x0/0xc returned 0 after 0 usecs
[    2.394585] calling  init_soundcore+0x0/0x33 @ 1
[    2.396736] initcall init_soundcore+0x0/0x33 returned 0 after 976 usecs
[    2.398857] calling  alsa_sound_init+0x0/0x8f @ 1
[    2.404969] Advanced Linux Sound Architecture Driver Initialized.
[    2.405587] initcall alsa_sound_init+0x0/0x8f returned 0 after 5859 usecs
[    2.406584] calling  alsa_seq_device_init+0x0/0x71 @ 1
[    2.408827] initcall alsa_seq_device_init+0x0/0x71 returned 0 after 976 usecs
[    2.409583] calling  hda_bus_init+0x0/0xc @ 1
[    2.410811] initcall hda_bus_init+0x0/0xc returned 0 after 0 usecs
[    2.412582] calling  proto_init+0x0/0xc @ 1
[    2.414003] initcall proto_init+0x0/0xc returned 0 after 0 usecs
[    2.414584] calling  net_dev_init+0x0/0x231 @ 1
[    2.420099] initcall net_dev_init+0x0/0x231 returned 0 after 3906 usecs
[    2.420585] calling  neigh_init+0x0/0x84 @ 1
[    2.421659] initcall neigh_init+0x0/0x84 returned 0 after 0 usecs
[    2.423586] calling  fib_notifier_init+0x0/0xc @ 1
[    2.424699] initcall fib_notifier_init+0x0/0xc returned 0 after 0 usecs
[    2.426587] calling  fib_rules_init+0x0/0xab @ 1
[    2.427696] initcall fib_rules_init+0x0/0xab returned 0 after 0 usecs
[    2.428588] calling  pktsched_init+0x0/0x10e @ 1
[    2.429911] initcall pktsched_init+0x0/0x10e returned 0 after 0 usecs
[    2.430588] calling  tc_filter_init+0x0/0xfa @ 1
[    2.431660] initcall tc_filter_init+0x0/0xfa returned 0 after 0 usecs
[    2.432588] calling  tc_action_init+0x0/0x54 @ 1
[    2.434588] initcall tc_action_init+0x0/0x54 returned 0 after 0 usecs
[    2.435583] calling  ethnl_init+0x0/0x52 @ 1
[    2.436763] initcall ethnl_init+0x0/0x52 returned 0 after 0 usecs
[    2.437585] calling  nexthop_init+0x0/0xd8 @ 1
[    2.441116] initcall nexthop_init+0x0/0xd8 returned 0 after 1953 usecs
[    2.441585] calling  cipso_v4_init+0x0/0x8d @ 1
[    2.444199] initcall cipso_v4_init+0x0/0x8d returned 0 after 976 usecs
[    2.444586] calling  ieee80211_init+0x0/0x24 @ 1
[    2.446655] initcall ieee80211_init+0x0/0x24 returned 0 after 976 usecs
[    2.447655] calling  netlbl_init+0x0/0x78 @ 1
[    2.448641] NetLabel: Initializing
[    2.449654] NetLabel:  domain hash size = 128
[    2.450578] NetLabel:  protocols = UNLABELED CIPSOv4 CALIPSO
[    2.453848] NetLabel:  unlabeled traffic allowed by default
[    2.454586] initcall netlbl_init+0x0/0x78 returned 0 after 5859 usecs
[    2.455584] calling  rfkill_init+0x0/0x136 @ 1
[    2.458251] initcall rfkill_init+0x0/0x136 returned 0 after 976 usecs
[    2.458584] calling  pci_subsys_init+0x0/0x66 @ 1
[    2.460222] PCI: Using ACPI for IRQ routing
[    3.216272] PCI: pci_cache_line_size set to 64 bytes
[    3.218355] e820: reserve RAM buffer [mem 0x0009fc00-0x0009ffff]
[    3.219702] e820: reserve RAM buffer [mem 0x1ffdf000-0x1fffffff]
[    3.224572] initcall pci_subsys_init+0x0/0x66 returned 0 after 746093 usecs
[    3.238572] calling  nmi_warning_debugfs+0x0/0x26 @ 1
[    3.242338] initcall nmi_warning_debugfs+0x0/0x26 returned 0 after 1953 usecs
[    3.242717] calling  save_microcode_in_initrd+0x0/0x51 @ 1
[    3.243891] initcall save_microcode_in_initrd+0x0/0x51 returned 0 after 0 usecs
[    3.244587] calling  hpet_late_init+0x0/0x1f6 @ 1
[    3.247572] hpet: 3 channels of 0 reserved for per-cpu timers
[    3.249055] hpet0: at MMIO 0xfed00000, IRQs 2, 8, 0
[    3.249578] hpet0: 3 comparators, 64-bit 100.000000 MHz counter
[    3.252583] initcall hpet_late_init+0x0/0x1f6 returned 0 after 6835 usecs
[    3.253584] calling  init_amd_nbs+0x0/0x11c @ 1
[    3.255827] initcall init_amd_nbs+0x0/0x11c returned 0 after 976 usecs
[    3.256702] calling  clocksource_done_booting+0x0/0x43 @ 1
[    3.257902] clocksource: Switched to clocksource kvm-clock
[    3.265748] initcall clocksource_done_booting+0x0/0x43 returned 0 after 7977 usecs
[    3.274635] calling  tracer_init_tracefs+0x0/0x201 @ 1
[    3.653565] initcall tracer_init_tracefs+0x0/0x201 returned 0 after 364088 usecs
[    3.664318] calling  init_trace_printk_function_export+0x0/0x2c @ 1
[    3.673434] initcall init_trace_printk_function_export+0x0/0x2c returned 0 after 16 usecs
[    3.682876] calling  init_kprobe_trace+0x0/0x1ab @ 1
[    3.690042] initcall init_kprobe_trace+0x0/0x1ab returned 0 after 1327 usecs
[    3.698328] calling  init_dynamic_event+0x0/0x3d @ 1
[    3.704491] initcall init_dynamic_event+0x0/0x3d returned 0 after 126 usecs
[    3.712918] calling  init_uprobe_trace+0x0/0x5c @ 1
[    3.718957] initcall init_uprobe_trace+0x0/0x5c returned 0 after 109 usecs
[    3.727451] calling  init_pipe_fs+0x0/0x44 @ 1
[    3.733590] initcall init_pipe_fs+0x0/0x44 returned 0 after 679 usecs
[    3.741410] calling  inotify_user_setup+0x0/0x47 @ 1
[    3.747924] initcall inotify_user_setup+0x0/0x47 returned 0 after 416 usecs
[    3.756567] calling  eventpoll_init+0x0/0xeb @ 1
[    3.762818] initcall eventpoll_init+0x0/0xeb returned 0 after 473 usecs
[    3.772154] calling  anon_inode_init+0x0/0x58 @ 1
[    3.778441] initcall anon_inode_init+0x0/0x58 returned 0 after 403 usecs
[    3.786628] calling  proc_locks_init+0x0/0x27 @ 1
[    3.793401] initcall proc_locks_init+0x0/0x27 returned 0 after 545 usecs
[    3.801350] calling  iomap_init+0x0/0x1b @ 1
[    3.809584] initcall iomap_init+0x0/0x1b returned 0 after 2997 usecs
[    3.817171] calling  dquot_init+0x0/0xd7 @ 1
[    3.822488] VFS: Disk quotas dquot_6.6.0
[    3.827938] VFS: Dquot-cache hash table entries: 512 (order 0, 4096 bytes)
[    3.836172] initcall dquot_init+0x0/0xd7 returned 0 after 13520 usecs
[    3.843965] calling  quota_init+0x0/0x23 @ 1
[    3.851081] initcall quota_init+0x0/0x23 returned 0 after 1806 usecs
[    3.858914] calling  proc_cmdline_init+0x0/0x21 @ 1
[    3.865215] initcall proc_cmdline_init+0x0/0x21 returned 0 after 282 usecs
[    3.875367] calling  proc_consoles_init+0x0/0x24 @ 1
[    3.882903] initcall proc_consoles_init+0x0/0x24 returned 0 after 7 usecs
[    3.893137] calling  proc_cpuinfo_init+0x0/0x1e @ 1
[    3.900233] initcall proc_cpuinfo_init+0x0/0x1e returned 0 after 8 usecs
[    3.908228] calling  proc_devices_init+0x0/0x24 @ 1
[    3.915499] initcall proc_devices_init+0x0/0x24 returned 0 after 8 usecs
[    3.925252] calling  proc_interrupts_init+0x0/0x24 @ 1
[    3.932951] initcall proc_interrupts_init+0x0/0x24 returned 0 after 8 usecs
[    3.942544] calling  proc_loadavg_init+0x0/0x21 @ 1
[    3.948405] initcall proc_loadavg_init+0x0/0x21 returned 0 after 6 usecs
[    3.956143] calling  proc_meminfo_init+0x0/0x21 @ 1
[    3.961916] initcall proc_meminfo_init+0x0/0x21 returned 0 after 6 usecs
[    3.969677] calling  proc_stat_init+0x0/0x1e @ 1
[    3.975114] initcall proc_stat_init+0x0/0x1e returned 0 after 6 usecs
[    3.982555] calling  proc_uptime_init+0x0/0x21 @ 1
[    3.988028] initcall proc_uptime_init+0x0/0x21 returned 0 after 5 usecs
[    3.995555] calling  proc_version_init+0x0/0x21 @ 1
[    4.001039] initcall proc_version_init+0x0/0x21 returned 0 after 6 usecs
[    4.008584] calling  proc_softirqs_init+0x0/0x21 @ 1
[    4.014221] initcall proc_softirqs_init+0x0/0x21 returned 0 after 5 usecs
[    4.021843] calling  proc_kcore_init+0x0/0xea @ 1
[    4.028313] initcall proc_kcore_init+0x0/0xea returned 0 after 700 usecs
[    4.036277] calling  vmcore_init+0x0/0x57b @ 1
[    4.042634] initcall vmcore_init+0x0/0x57b returned 0 after 16 usecs
[    4.050300] calling  proc_kmsg_init+0x0/0x21 @ 1
[    4.056200] initcall proc_kmsg_init+0x0/0x21 returned 0 after 9 usecs
[    4.064505] calling  proc_page_init+0x0/0x3b @ 1
[    4.070231] initcall proc_page_init+0x0/0x3b returned 0 after 42 usecs
[    4.079250] calling  init_ramfs_fs+0x0/0xc @ 1
[    4.085004] initcall init_ramfs_fs+0x0/0xc returned 0 after 121 usecs
[    4.092515] calling  init_hugetlbfs_fs+0x0/0xf6 @ 1
[    4.099237] initcall init_hugetlbfs_fs+0x0/0xf6 returned 0 after 1030 usecs
[    4.107322] calling  blk_scsi_ioctl_init+0x0/0x2a5 @ 1
[    4.113322] initcall blk_scsi_ioctl_init+0x0/0x2a5 returned 0 after 30 usecs
[    4.122383] calling  acpi_event_init+0x0/0x2c @ 1
[    4.128211] initcall acpi_event_init+0x0/0x2c returned 0 after 77 usecs
[    4.136031] calling  pnp_system_init+0x0/0xc @ 1
[    4.153654] initcall pnp_system_init+0x0/0xc returned 0 after 11272 usecs
[    4.162176] calling  pnpacpi_init+0x0/0x69 @ 1
[    4.167906] pnp: PnP ACPI init
[    4.182652] pnp 00:00: Plug and Play ACPI device, IDs PNP0303 (active)
[    4.192439] pnp 00:01: Plug and Play ACPI device, IDs PNP0f13 (active)
[    4.200282] pnp 00:02: Plug and Play ACPI device, IDs PNP0400 (active)
[    4.207881] pnp 00:03: Plug and Play ACPI device, IDs PNP0501 (active)
[    4.216797] pnp 00:04: Plug and Play ACPI device, IDs PNP0b00 (active)
[    4.227984] system 00:05: [mem 0xb0000000-0xbfffffff window] has been reserved
[    4.238440] system 00:05: Plug and Play ACPI device, IDs PNP0c01 (active)
[    4.250157] pnp: PnP ACPI: found 6 devices
[    4.255317] initcall pnpacpi_init+0x0/0x69 returned 0 after 85844 usecs
[    4.263303] calling  chr_dev_init+0x0/0x14d @ 1
[    4.301124] initcall chr_dev_init+0x0/0x14d returned 0 after 31639 usecs
[    4.308768] calling  firmware_class_init+0x0/0x14a @ 1
[    4.315040] initcall firmware_class_init+0x0/0x14a returned 0 after 136 usecs
[    4.323766] calling  init_pcmcia_bus+0x0/0x5b @ 1
[    4.330106] initcall init_pcmcia_bus+0x0/0x5b returned 0 after 602 usecs
[    4.338030] calling  init_acpi_pm_clocksource+0x0/0xda @ 1
[    4.350795] clocksource: acpi_pm: mask: 0xffffff max_cycles: 0xffffff, max_idle_ns: 2085701024 ns
[    4.361892] initcall init_acpi_pm_clocksource+0x0/0xda returned 0 after 16722 usecs
[    4.371803] calling  sysctl_core_init+0x0/0x26 @ 1
[    4.378961] initcall sysctl_core_init+0x0/0x26 returned 0 after 227 usecs
[    4.388570] calling  eth_offload_init+0x0/0x13 @ 1
[    4.395592] initcall eth_offload_init+0x0/0x13 returned 0 after 180 usecs
[    4.403143] calling  ipv4_offload_init+0x0/0x73 @ 1
[    4.408709] initcall ipv4_offload_init+0x0/0x73 returned 0 after 145 usecs
[    4.416999] calling  inet_init+0x0/0x276 @ 1
[    4.422346] NET: Registered protocol family 2
[    4.430214] IP idents hash table entries: 8192 (order: 4, 65536 bytes, linear)
[    4.442933] tcp_listen_portaddr_hash hash table entries: 256 (order: 2, 20480 bytes, linear)
[    4.452806] TCP established hash table entries: 4096 (order: 3, 32768 bytes, linear)
[    4.461741] TCP bind hash table entries: 4096 (order: 6, 294912 bytes, linear)
[    4.483311] TCP: Hash tables configured (established 4096 bind 4096)
[    4.491160] UDP hash table entries: 256 (order: 3, 40960 bytes, linear)
[    4.498938] UDP-Lite hash table entries: 256 (order: 3, 40960 bytes, linear)
[    4.507482] initcall inet_init+0x0/0x276 returned 0 after 83580 usecs
[    4.514705] calling  af_unix_init+0x0/0x4d @ 1
[    4.519720] NET: Registered protocol family 1
[    4.524751] initcall af_unix_init+0x0/0x4d returned 0 after 4943 usecs
[    4.532202] calling  ipv6_offload_init+0x0/0x7e @ 1
[    4.537768] initcall ipv6_offload_init+0x0/0x7e returned 0 after 40 usecs
[    4.545358] calling  init_sunrpc+0x0/0x65 @ 1
[    4.553489] RPC: Registered named UNIX socket transport module.
[    4.560588] RPC: Registered udp transport module.
[    4.567079] RPC: Registered tcp transport module.
[    4.572724] RPC: Registered tcp NFSv4.1 backchannel transport module.
[    4.580884] initcall init_sunrpc+0x0/0x65 returned 0 after 29733 usecs
[    4.590463] calling  cfg80211_init+0x0/0xc5 @ 1
[    4.599267] initcall cfg80211_init+0x0/0xc5 returned 0 after 2215 usecs
[    4.609103] calling  pcibios_assign_resources+0x0/0xbf @ 1
[    4.615944] pci_bus 0000:00: resource 4 [io  0x0000-0x0cf7 window]
[    4.622995] pci_bus 0000:00: resource 5 [io  0x0d00-0xffff window]
[    4.629943] pci_bus 0000:00: resource 6 [mem 0x000a0000-0x000bffff window]
[    4.637695] pci_bus 0000:00: resource 7 [mem 0x20000000-0xafffffff window]
[    4.645521] pci_bus 0000:00: resource 8 [mem 0xc0000000-0xfebfffff window]
[    4.653313] pci_bus 0000:00: resource 9 [mem 0x100000000-0x8ffffffff window]
[    4.661304] initcall pcibios_assign_resources+0x0/0xbf returned 0 after 44599 usecs
[    4.669800] calling  pci_apply_final_quirks+0x0/0x124 @ 1
[    4.676799] pci 0000:00:01.0: calling  pci_fixup_video+0x0/0xe0 @ 1
[    4.684314] pci 0000:00:01.0: Video device with shadowed ROM at [mem 0x000c0000-0x000dffff]
[    4.693786] pci 0000:00:01.0: pci_fixup_video+0x0/0xe0 took 9456 usecs
[    4.701554] PCI: CLS 0 bytes, default 64
[    4.706130] initcall pci_apply_final_quirks+0x0/0x124 returned 0 after 29394 usecs
[    4.714647] calling  acpi_reserve_resources+0x0/0xea @ 1
[    4.720709] initcall acpi_reserve_resources+0x0/0xea returned 0 after 17 usecs
[    4.728870] calling  populate_rootfs+0x0/0x102 @ 1
[    4.736373] initcall populate_rootfs+0x0/0x102 returned 0 after 1952 usecs
[    4.744301] calling  pci_iommu_init+0x0/0x3e @ 1
[    4.749702] initcall pci_iommu_init+0x0/0x3e returned 0 after 68 usecs
[    4.758507] calling  ia32_binfmt_init+0x0/0x13 @ 1
[    4.764112] initcall ia32_binfmt_init+0x0/0x13 returned 0 after 9 usecs
[    4.771715] calling  rapl_pmu_init+0x0/0x25f @ 1
[    4.777183] initcall rapl_pmu_init+0x0/0x25f returned -19 after 92 usecs
[    4.784858] calling  amd_uncore_init+0x0/0x310 @ 1
[    4.790525] initcall amd_uncore_init+0x0/0x310 returned -19 after 0 usecs
[    4.798401] calling  amd_ibs_init+0x0/0x24b @ 1
[    4.803742] initcall amd_ibs_init+0x0/0x24b returned -19 after 0 usecs
[    4.811464] calling  amd_iommu_pc_init+0x0/0x22b @ 1
[    4.817573] initcall amd_iommu_pc_init+0x0/0x22b returned -19 after 88 usecs
[    4.825952] calling  msr_init+0x0/0x55 @ 1
[    4.831086] initcall msr_init+0x0/0x55 returned 0 after 187 usecs
[    4.838386] calling  intel_uncore_init+0x0/0x322 @ 1
[    4.844389] initcall intel_uncore_init+0x0/0x322 returned -19 after 38 usecs
[    4.853609] calling  cstate_pmu_init+0x0/0x181 @ 1
[    4.860536] initcall cstate_pmu_init+0x0/0x181 returned -19 after 1 usecs
[    4.870717] calling  register_kernel_offset_dumper+0x0/0x1a @ 1
[    4.879529] initcall register_kernel_offset_dumper+0x0/0x1a returned 0 after 18 usecs
[    4.891426] calling  i8259A_init_ops+0x0/0x20 @ 1
[    4.898586] initcall i8259A_init_ops+0x0/0x20 returned 0 after 2 usecs
[    4.908502] calling  init_tsc_clocksource+0x0/0xa4 @ 1
[    4.916322] clocksource: tsc: mask: 0xffffffffffffffff max_cycles: 0x39a85afc727, max_idle_ns: 881590685098 ns
[    4.931121] initcall init_tsc_clocksource+0x0/0xa4 returned 0 after 14450 usecs
[    4.941752] calling  add_rtc_cmos+0x0/0xb0 @ 1
[    4.948507] initcall add_rtc_cmos+0x0/0xb0 returned 0 after 3 usecs
[    4.957807] calling  i8237A_init_ops+0x0/0x3a @ 1
[    4.964968] initcall i8237A_init_ops+0x0/0x3a returned 0 after 116 usecs
[    4.974504] calling  umwait_init+0x0/0x94 @ 1
[    4.979796] initcall umwait_init+0x0/0x94 returned -19 after 21 usecs
[    4.987796] calling  thermal_throttle_init_device+0x0/0x3d @ 1
[    4.995214] initcall thermal_throttle_init_device+0x0/0x3d returned 0 after 31 usecs
[    5.004463] calling  msr_init+0x0/0xd7 @ 1
[    5.010987] initcall msr_init+0x0/0xd7 returned 0 after 1669 usecs
[    5.018748] calling  cpuid_init+0x0/0xd7 @ 1
[    5.024352] initcall cpuid_init+0x0/0xd7 returned 0 after 245 usecs
[    5.032274] calling  ioapic_init_ops+0x0/0x13 @ 1
[    5.038177] initcall ioapic_init_ops+0x0/0x13 returned 0 after 28 usecs
[    5.046313] calling  add_pcspkr+0x0/0x6c @ 1
[    5.051911] initcall add_pcspkr+0x0/0x6c returned 0 after 106 usecs
[    5.061341] calling  start_periodic_check_for_corruption+0x0/0x30 @ 1
[    5.072103] check: Scanning for low memory corruption every 60 seconds
[    5.082427] initcall start_periodic_check_for_corruption+0x0/0x30 returned 0 after 9521 usecs
[    5.093562] calling  sysfb_init+0x0/0x9c @ 1
[    5.098853] initcall sysfb_init+0x0/0x9c returned 0 after 114 usecs
[    5.106318] calling  audit_classes_init+0x0/0xae @ 1
[    5.112415] initcall audit_classes_init+0x0/0xae returned 0 after 111 usecs
[    5.121577] calling  iosf_mbi_init+0x0/0x24 @ 1
[    5.129339] initcall iosf_mbi_init+0x0/0x24 returned 0 after 1538 usecs
[    5.137362] calling  proc_execdomains_init+0x0/0x21 @ 1
[    5.143790] initcall proc_execdomains_init+0x0/0x21 returned 0 after 109 usecs
[    5.153640] calling  register_warn_debugfs+0x0/0x23 @ 1
[    5.161460] initcall register_warn_debugfs+0x0/0x23 returned 0 after 22 usecs
[    5.172012] calling  ioresources_init+0x0/0x49 @ 1
[    5.178923] initcall ioresources_init+0x0/0x49 returned 0 after 54 usecs
[    5.187722] calling  lockdep_proc_init+0x0/0x64 @ 1
[    5.194225] initcall lockdep_proc_init+0x0/0x64 returned 0 after 78 usecs
[    5.202407] calling  snapshot_device_init+0x0/0xc @ 1
[    5.209625] initcall snapshot_device_init+0x0/0xc returned 0 after 1058 usecs
[    5.218165] calling  irq_pm_init_ops+0x0/0x13 @ 1
[    5.224289] initcall irq_pm_init_ops+0x0/0x13 returned 0 after 75 usecs
[    5.232169] calling  rcu_torture_init+0x0/0x8bd @ 1
[    5.238412] srcud-torture:--- Start of test: nreaders=1 nfakewriters=4 stat_interval=15 verbose=1 test_no_idle_hz=1 shuffle_interval=3 stutter=5 irqreader=1 fqs_duration=0 fqs_holdoff=0 fqs_stutter=3 test_boost=1/0 test_boost_interval=7 test_boost_duration=4 shutdown_secs=1800 stall_cpu=0 stall_cpu_holdoff=10 stall_cpu_irqsoff=0 stall_cpu_block=0 n_barrier_cbs=4 onoff_interval=0 onoff_holdoff=0 read_exit_delay=13 read_exit_burst=16
[    5.282824] srcud:  Start-test grace-period state: g0 f0x0
[    5.289357] srcud-torture: Creating rcu_torture_writer task
[    5.296973] srcud-torture: Creating rcu_torture_fakewriter task
[    5.305448] srcud-torture: rcu_torture_writer task started
[    5.312147] srcud-torture: GP expediting controlled from boot/sysfs for srcud.
[    5.320853] rcu_torture_writer: Testing expedited GPs.
[    5.327169] rcu_torture_writer: Testing asynchronous GPs.
[    5.334224] rcu_torture_writer: Testing normal GPs.
[    5.341678] srcud-torture: Creating rcu_torture_fakewriter task
[    5.350425] srcud-torture: rcu_torture_fakewriter task started
[    5.359380] srcud-torture: Creating rcu_torture_fakewriter task
[    5.366986] srcud-torture: rcu_torture_fakewriter task started
[    5.374515] srcud-torture: Creating rcu_torture_fakewriter task
[    5.383145] srcud-torture: rcu_torture_fakewriter task started
[    5.392896] srcud-torture: Creating rcu_torture_reader task
[    5.401232] srcud-torture: rcu_torture_fakewriter task started
[    5.410458] srcud-torture: Creating rcu_torture_stats task
[    5.416927] srcud-torture: rcu_torture_reader task started
[    5.428147] srcud-torture: Creating torture_shuffle task
[    5.434560] srcud-torture: rcu_torture_stats task started
[    5.445198] srcud-torture: Creating torture_stutter task
[    5.451473] srcud-torture: torture_shuffle task started
[    5.458941] srcud-torture: Creating torture_shutdown task
[    5.465378] srcud-torture: torture_stutter task started
[    5.472552] srcud-torture: rcu_torture_fwd_prog_init: Disabled, unsupported by RCU flavor under test
[    5.483340] srcud-torture: Creating rcu_torture_barrier_cbs task
[    5.490979] srcud-torture: torture_shutdown task started
[    5.497475] srcud-torture:torture_shutdown task: 1799961 ms remaining
[    5.505355] srcud-torture: Creating rcu_torture_barrier_cbs task
[    5.512773] srcud-torture: rcu_torture_barrier_cbs task started
[    5.520220] srcud-torture: Creating rcu_torture_barrier_cbs task
[    5.527355] srcud-torture: rcu_torture_barrier_cbs task started
[    5.534905] srcud-torture: Creating rcu_torture_barrier_cbs task
[    5.542025] srcud-torture: rcu_torture_barrier_cbs task started
[    5.549579] srcud-torture: Creating rcu_torture_barrier task
[    5.556712] srcud-torture: rcu_torture_barrier_cbs task started
[    5.564088] srcud-torture: Creating rcu_torture_read_exit task
[    5.571394] srcud-torture: rcu_torture_barrier task starting
[    5.578984] initcall rcu_torture_init+0x0/0x8bd returned 0 after 333012 usecs
[    5.588038] calling  timekeeping_init_ops+0x0/0x13 @ 1
[    5.595196] initcall timekeeping_init_ops+0x0/0x13 returned 0 after 2 usecs
[    5.603367] calling  init_clocksource_sysfs+0x0/0x23 @ 1
[    5.609872] initcall init_clocksource_sysfs+0x0/0x23 returned 0 after 234 usecs
[    5.618815] calling  init_timer_list_procfs+0x0/0x31 @ 1
[    5.625376] initcall init_timer_list_procfs+0x0/0x31 returned 0 after 7 usecs
[    5.633911] calling  alarmtimer_init+0x0/0xf5 @ 1
[    5.639793] initcall alarmtimer_init+0x0/0xf5 returned 0 after 246 usecs
[    5.647637] calling  init_posix_timers+0x0/0x29 @ 1
[    5.653882] initcall init_posix_timers+0x0/0x29 returned 0 after 36 usecs
[    5.662484] calling  clockevents_init_sysfs+0x0/0x8b @ 1
[    5.669133] initcall clockevents_init_sysfs+0x0/0x8b returned 0 after 164 usecs
[    5.678008] calling  proc_dma_init+0x0/0x21 @ 1
[    5.685077] initcall proc_dma_init+0x0/0x21 returned 0 after 263 usecs
[    5.693289] calling  proc_modules_init+0x0/0x1e @ 1
[    5.699445] initcall proc_modules_init+0x0/0x1e returned 0 after 7 usecs
[    5.707694] calling  kallsyms_init+0x0/0x21 @ 1
[    5.714028] initcall kallsyms_init+0x0/0x21 returned 0 after 7 usecs
[    5.723309] calling  pid_namespaces_init+0x0/0x2c @ 1
[    5.730772] initcall pid_namespaces_init+0x0/0x2c returned 0 after 23 usecs
[    5.739491] calling  audit_watch_init+0x0/0x37 @ 1
[    5.745259] initcall audit_watch_init+0x0/0x37 returned 0 after 18 usecs
[    5.753268] calling  audit_fsnotify_init+0x0/0x37 @ 1
[    5.759619] initcall audit_fsnotify_init+0x0/0x37 returned 0 after 3 usecs
[    5.767905] calling  audit_tree_init+0x0/0x6d @ 1
[    5.773662] initcall audit_tree_init+0x0/0x6d returned 0 after 8 usecs
[    5.781600] calling  seccomp_sysctl_init+0x0/0x2b @ 1
[    5.787968] initcall seccomp_sysctl_init+0x0/0x2b returned 0 after 27 usecs
[    5.797771] calling  utsname_sysctl_init+0x0/0x13 @ 1
[    5.805523] initcall utsname_sysctl_init+0x0/0x13 returned 0 after 30 usecs
[    5.816154] calling  init_tracepoints+0x0/0x27 @ 1
[    5.822500] initcall init_tracepoints+0x0/0x27 returned 0 after 29 usecs
[    5.830994] calling  init_blk_tracer+0x0/0x50 @ 1
[    5.837985] initcall init_blk_tracer+0x0/0x50 returned 0 after 801 usecs
[    5.846518] calling  perf_event_sysfs_init+0x0/0x83 @ 1
[    5.854262] initcall perf_event_sysfs_init+0x0/0x83 returned 0 after 824 usecs
[    5.864934] calling  system_trusted_keyring_init+0x0/0x5f @ 1
[    5.872225] Initialise system trusted keyrings
[    5.877956] initcall system_trusted_keyring_init+0x0/0x5f returned 0 after 5594 usecs
[    5.887866] calling  kswapd_init+0x0/0x13 @ 1
[    5.894050] srcud-torture: rcu_torture_read_exit: Start of test
[    5.902596] initcall kswapd_init+0x0/0x13 returned 0 after 8359 usecs
[    5.910938] calling  extfrag_debug_init+0x0/0x54 @ 1
[    5.917438] initcall extfrag_debug_init+0x0/0x54 returned 0 after 85 usecs
[    5.925919] calling  slab_proc_init+0x0/0x21 @ 1
[    5.931793] initcall slab_proc_init+0x0/0x21 returned 0 after 24 usecs
[    5.940012] calling  workingset_init+0x0/0x8c @ 1
[    5.945996] workingset: timestamp_bits=62 max_order=17 bucket_order=0
[    5.954095] initcall workingset_init+0x0/0x8c returned 0 after 7907 usecs
[    5.962627] calling  proc_vmalloc_init+0x0/0x27 @ 1
[    5.969264] initcall proc_vmalloc_init+0x0/0x27 returned 0 after 8 usecs
[    5.978542] calling  procswaps_init+0x0/0x1e @ 1
[    5.985067] initcall procswaps_init+0x0/0x1e returned 0 after 8 usecs
[    5.993424] calling  slab_sysfs_init+0x0/0xec @ 1
[    6.011580] initcall slab_sysfs_init+0x0/0xec returned 0 after 12183 usecs
[    6.020418] calling  fcntl_init+0x0/0x29 @ 1
[    6.025964] initcall fcntl_init+0x0/0x29 returned 0 after 10 usecs
[    6.033936] calling  proc_filesystems_init+0x0/0x21 @ 1
[    6.040724] initcall proc_filesystems_init+0x0/0x21 returned 0 after 9 usecs
[    6.049583] calling  start_dirtytime_writeback+0x0/0x29 @ 1
[    6.056719] initcall start_dirtytime_writeback+0x0/0x29 returned 0 after 1 usecs
[    6.066229] calling  blkdev_init+0x0/0x1b @ 1
[    6.073498] initcall blkdev_init+0x0/0x1b returned 0 after 507 usecs
[    6.081722] calling  dio_init+0x0/0x2c @ 1
[    6.087122] initcall dio_init+0x0/0x2c returned 0 after 130 usecs
[    6.094831] calling  dnotify_init+0x0/0x78 @ 1
[    6.100581] initcall dnotify_init+0x0/0x78 returned 0 after 131 usecs
[    6.108799] calling  aio_setup+0x0/0x78 @ 1
[    6.114503] initcall aio_setup+0x0/0x78 returned 0 after 455 usecs
[    6.124940] calling  io_uring_init+0x0/0x2c @ 1
[    6.131349] initcall io_uring_init+0x0/0x2c returned 0 after 13 usecs
[    6.141221] calling  mbcache_init+0x0/0x30 @ 1
[    6.148951] initcall mbcache_init+0x0/0x30 returned 0 after 125 usecs
[    6.157818] calling  init_grace+0x0/0xc @ 1
[    6.163764] initcall init_grace+0x0/0xc returned 0 after 49 usecs
[    6.173176] calling  init_v2_quota_format+0x0/0x21 @ 1
[    6.181186] initcall init_v2_quota_format+0x0/0x21 returned 0 after 153 usecs
[    6.192162] calling  init_devpts_fs+0x0/0x27 @ 1
[    6.198055] initcall init_devpts_fs+0x0/0x27 returned 0 after 116 usecs
[    6.206456] calling  ext4_init_fs+0x0/0x1c2 @ 1
[    6.213307] initcall ext4_init_fs+0x0/0x1c2 returned 0 after 1069 usecs
[    6.221908] calling  journal_init+0x0/0x11c @ 1
[    6.228019] initcall journal_init+0x0/0x11c returned 0 after 275 usecs
[    6.236259] calling  init_fat_fs+0x0/0x49 @ 1
[    6.242407] initcall init_fat_fs+0x0/0x49 returned 0 after 397 usecs
[    6.250648] calling  init_vfat_fs+0x0/0xc @ 1
[    6.257351] initcall init_vfat_fs+0x0/0xc returned 0 after 759 usecs
[    6.265503] calling  init_msdos_fs+0x0/0xc @ 1
[    6.273709] initcall init_msdos_fs+0x0/0xc returned 0 after 4 usecs
[    6.283726] calling  init_iso9660_fs+0x0/0x6c @ 1
[    6.292540] initcall init_iso9660_fs+0x0/0x6c returned 0 after 1223 usecs
[    6.303822] calling  init_nfs_fs+0x0/0x13a @ 1
[    6.318499] initcall init_nfs_fs+0x0/0x13a returned 0 after 6041 usecs
[    6.327747] calling  init_nfs_v2+0x0/0x13 @ 1
[    6.335952] initcall init_nfs_v2+0x0/0x13 returned 0 after 818 usecs
[    6.346902] calling  init_nfs_v3+0x0/0x13 @ 1
[    6.354435] initcall init_nfs_v3+0x0/0x13 returned 0 after 3 usecs
[    6.365137] calling  init_nfs_v4+0x0/0x32 @ 1
[    6.372596] NFS: Registering the id_resolver key type
[    6.386386] Key type id_resolver registered
[    6.392569] Key type id_legacy registered
[    6.398367] initcall init_nfs_v4+0x0/0x32 returned 0 after 25189 usecs
[    6.407416] calling  init_nlm+0x0/0x5b @ 1
[    6.413283] initcall init_nlm+0x0/0x5b returned 0 after 213 usecs
[    6.421065] calling  init_nls_cp437+0x0/0xe @ 1
[    6.426974] initcall init_nls_cp437+0x0/0xe returned 0 after 101 usecs
[    6.435474] calling  init_nls_ascii+0x0/0xe @ 1
[    6.441414] initcall init_nls_ascii+0x0/0xe returned 0 after 1 usecs
[    6.449570] calling  init_nls_iso8859_1+0x0/0xe @ 1
[    6.456019] initcall init_nls_iso8859_1+0x0/0xe returned 0 after 2 usecs
[    6.464513] calling  init_nls_utf8+0x0/0x21 @ 1
[    6.470481] initcall init_nls_utf8+0x0/0x21 returned 0 after 2 usecs
[    6.478800] calling  init_autofs_fs+0x0/0x25 @ 1
[    6.485132] initcall init_autofs_fs+0x0/0x25 returned 0 after 441 usecs
[    6.493706] calling  ipc_init+0x0/0x24 @ 1
[    6.499315] initcall ipc_init+0x0/0x24 returned 0 after 103 usecs
[    6.507175] calling  ipc_sysctl_init+0x0/0x13 @ 1
[    6.513270] initcall ipc_sysctl_init+0x0/0x13 returned 0 after 13 usecs
[    6.521783] calling  init_mqueue_fs+0x0/0xb1 @ 1
[    6.529114] initcall init_mqueue_fs+0x0/0xb1 returned 0 after 1020 usecs
[    6.537790] calling  key_proc_init+0x0/0x63 @ 1
[    6.543987] initcall key_proc_init+0x0/0x63 returned 0 after 26 usecs
[    6.552754] calling  selinux_nf_ip_init+0x0/0x2e @ 1
[    6.560304] initcall selinux_nf_ip_init+0x0/0x2e returned 0 after 164 usecs
[    6.570036] calling  init_sel_fs+0x0/0x116 @ 1
[    6.576368] initcall init_sel_fs+0x0/0x116 returned 0 after 1 usecs
[    6.585347] calling  selnl_init+0x0/0x7c @ 1
[    6.591879] initcall selnl_init+0x0/0x7c returned 0 after 180 usecs
[    6.600818] calling  sel_netif_init+0x0/0x36 @ 1
[    6.607373] initcall sel_netif_init+0x0/0x36 returned 0 after 1 usecs
[    6.616445] calling  sel_netnode_init+0x0/0x33 @ 1
[    6.623296] initcall sel_netnode_init+0x0/0x33 returned 0 after 1 usecs
[    6.632848] calling  sel_netport_init+0x0/0x33 @ 1
[    6.639660] initcall sel_netport_init+0x0/0x33 returned 0 after 1 usecs
[    6.648773] calling  aurule_init+0x0/0x2a @ 1
[    6.654799] initcall aurule_init+0x0/0x2a returned 0 after 3 usecs
[    6.663067] calling  crypto_algapi_init+0x0/0xc @ 1
[    6.672719] initcall crypto_algapi_init+0x0/0xc returned 0 after 9 usecs
[    6.682298] calling  jent_mod_init+0x0/0x2d @ 1
[    6.698583] initcall jent_mod_init+0x0/0x2d returned 0 after 9631 usecs
[    6.707512] calling  asymmetric_key_init+0x0/0xc @ 1
[    6.714463] Key type asymmetric registered
[    6.720217] initcall asymmetric_key_init+0x0/0xc returned 0 after 5617 usecs
[    6.729799] calling  x509_key_init+0x0/0xc @ 1
[    6.736261] Asymmetric key parser 'x509' registered
[    6.743027] initcall x509_key_init+0x0/0xc returned 0 after 6718 usecs
[    6.752295] calling  proc_genhd_init+0x0/0x41 @ 1
[    6.758835] initcall proc_genhd_init+0x0/0x41 returned 0 after 31 usecs
[    6.767798] calling  bsg_init+0x0/0x113 @ 1
[    6.773492] Block layer SCSI generic (bsg) driver version 0.4 loaded (major 251)
[    6.783728] initcall bsg_init+0x0/0x113 returned 0 after 10032 usecs
[    6.792268] calling  deadline_init+0x0/0xc @ 1
[    6.798554] io scheduler mq-deadline registered
[    6.804752] initcall deadline_init+0x0/0xc returned 0 after 6127 usecs
[    6.813812] calling  kyber_init+0x0/0xc @ 1
[    6.819758] io scheduler kyber registered
[    6.825239] initcall kyber_init+0x0/0xc returned 0 after 5350 usecs
[    6.833899] calling  mod_init+0x0/0x7 @ 1
[    6.839291] initcall mod_init+0x0/0x7 returned 0 after 0 usecs
[    6.847215] calling  sg_pool_init+0x0/0xb4 @ 1
[    6.853937] initcall sg_pool_init+0x0/0xb4 returned 0 after 381 usecs
[    6.862729] calling  pcie_portdrv_init+0x0/0x39 @ 1
[    6.869295] initcall pcie_portdrv_init+0x0/0x39 returned 0 after 92 usecs
[    6.878402] calling  pci_proc_init+0x0/0x68 @ 1
[    6.884505] initcall pci_proc_init+0x0/0x68 returned 0 after 40 usecs
[    6.893307] calling  pci_hotplug_init+0x0/0x7 @ 1
[    6.900695] initcall pci_hotplug_init+0x0/0x7 returned 0 after 0 usecs
[    6.911600] calling  efifb_driver_init+0x0/0xe @ 1
[    6.919874] initcall efifb_driver_init+0x0/0xe returned 0 after 330 usecs
[    6.930432] calling  ged_driver_init+0x0/0xe @ 1
[    6.936712] initcall ged_driver_init+0x0/0xe returned 0 after 164 usecs
[    6.946943] calling  acpi_ac_init+0x0/0x92 @ 1
[    6.954053] initcall acpi_ac_init+0x0/0x92 returned 0 after 533 usecs
[    6.963021] calling  acpi_button_driver_init+0x0/0x52 @ 1
[    6.972267] input: Power Button as /devices/LNXSYSTM:00/LNXPWRBN:00/input/input0
[    6.984889] ACPI: Power Button [PWRF]
[    6.990599] initcall acpi_button_driver_init+0x0/0x52 returned 0 after 19233 usecs
[    7.001134] calling  acpi_fan_driver_init+0x0/0xe @ 1
[    7.008710] initcall acpi_fan_driver_init+0x0/0xe returned 0 after 30 usecs
[    7.018892] calling  acpi_video_init+0x0/0xcb @ 1
[    7.029268] initcall acpi_video_init+0x0/0xcb returned 0 after 695 usecs
[    7.039895] calling  acpi_processor_driver_init+0x0/0xad @ 1
[    7.049461] initcall acpi_processor_driver_init+0x0/0xad returned 0 after 837 usecs
[    7.061208] calling  acpi_thermal_init+0x0/0x71 @ 1
[    7.068545] initcall acpi_thermal_init+0x0/0x71 returned 0 after 216 usecs
[    7.079098] calling  acpi_battery_init+0x0/0x32 @ 1
[    7.086592] initcall acpi_battery_init+0x0/0x32 returned 0 after 150 usecs
[    7.096984] calling  bgrt_init+0x0/0xb6 @ 1
[    7.103571] initcall bgrt_init+0x0/0xb6 returned -19 after 0 usecs
[    7.113015] calling  gpio_clk_driver_init+0x0/0xe @ 1
[    7.120974] initcall gpio_clk_driver_init+0x0/0xe returned 0 after 32 usecs
[    7.131185] calling  plt_clk_driver_init+0x0/0xe @ 1
[    7.138794] initcall plt_clk_driver_init+0x0/0xe returned 0 after 35 usecs
[    7.149259] calling  virtio_pci_driver_init+0x0/0x15 @ 1
[    7.157667] initcall virtio_pci_driver_init+0x0/0x15 returned 0 after 123 usecs
[    7.168517] calling  n_null_init+0x0/0x1e @ 1
[    7.175411] initcall n_null_init+0x0/0x1e returned 0 after 31 usecs
[    7.184729] calling  pty_init+0x0/0x1e8 @ 1
[    7.195191] initcall pty_init+0x0/0x1e8 returned 0 after 4002 usecs
[    7.205005] calling  sysrq_init+0x0/0x62 @ 1
[    7.211259] initcall sysrq_init+0x0/0x62 returned 0 after 11 usecs
[    7.219520] calling  serial8250_init+0x0/0x17e @ 1
[    7.226830] Serial: 8250/16550 driver, 4 ports, IRQ sharing enabled
[    7.240559] 00:03: ttyS0 at I/O 0x3f8 (irq = 4, base_baud = 115200) is a 16550A
[    7.256940] initcall serial8250_init+0x0/0x17e returned 0 after 29649 usecs
[    7.268261] calling  serial_pci_driver_init+0x0/0x15 @ 1
[    7.277830] initcall serial_pci_driver_init+0x0/0x15 returned 0 after 782 usecs
[    7.289122] calling  exar_pci_driver_init+0x0/0x15 @ 1
[    7.297150] initcall exar_pci_driver_init+0x0/0x15 returned 0 after 312 usecs
[    7.307814] calling  lpss8250_pci_driver_init+0x0/0x15 @ 1
[    7.316574] initcall lpss8250_pci_driver_init+0x0/0x15 returned 0 after 39 usecs
[    7.327920] calling  mid8250_pci_driver_init+0x0/0x15 @ 1
[    7.337160] initcall mid8250_pci_driver_init+0x0/0x15 returned 0 after 45 usecs
[    7.349901] calling  virtio_console_init+0x0/0xff @ 1
[    7.359070] initcall virtio_console_init+0x0/0xff returned 0 after 219 usecs
[    7.371372] calling  hpet_init+0x0/0x64 @ 1
[    7.378990] initcall hpet_init+0x0/0x64 returned 0 after 713 usecs
[    7.388385] calling  nvram_module_init+0x0/0x83 @ 1
[    7.395929] Non-volatile memory driver v1.3
[    7.402517] initcall nvram_module_init+0x0/0x83 returned 0 after 6582 usecs
[    7.413259] calling  hwrng_modinit+0x0/0x8a @ 1
[    7.420005] initcall hwrng_modinit+0x0/0x8a returned 0 after 471 usecs
[    7.428489] calling  mod_init+0x0/0x48 @ 1
[    7.434197] initcall mod_init+0x0/0x48 returned -19 after 0 usecs
[    7.444097] calling  agp_init+0x0/0x23 @ 1
[    7.450465] Linux agpgart interface v0.103
[    7.456812] initcall agp_init+0x0/0x23 returned 0 after 6196 usecs
[    7.465977] calling  agp_amd64_mod_init+0x0/0x5 @ 1
[    7.474412] initcall agp_amd64_mod_init+0x0/0x5 returned -19 after 564 usecs
[    7.485391] calling  agp_intel_init+0x0/0x28 @ 1
[    7.493660] initcall agp_intel_init+0x0/0x28 returned 0 after 1144 usecs
[    7.504236] calling  drm_kms_helper_init+0x0/0x7 @ 1
[    7.512494] initcall drm_kms_helper_init+0x0/0x7 returned 0 after 63 usecs
[    7.523483] calling  drm_core_init+0x0/0xbd @ 1
[    7.530903] initcall drm_core_init+0x0/0xbd returned 0 after 580 usecs
[    7.541462] calling  i915_init+0x0/0x6b @ 1
[    7.551480] initcall i915_init+0x0/0x6b returned 0 after 3125 usecs
[    7.561996] calling  cn_proc_init+0x0/0x35 @ 1
[    7.569112] initcall cn_proc_init+0x0/0x35 returned 0 after 131 usecs
[    7.579464] calling  topology_sysfs_init+0x0/0x27 @ 1
[    7.587449] initcall topology_sysfs_init+0x0/0x27 returned 0 after 196 usecs
[    7.598988] calling  cacheinfo_sysfs_init+0x0/0x27 @ 1
[    7.607138] initcall cacheinfo_sysfs_init+0x0/0x27 returned 0 after 727 usecs
[    7.618768] calling  loop_init+0x0/0x16a @ 1
[    7.669424] loop: module loaded
[    7.674816] initcall loop_init+0x0/0x16a returned 0 after 47947 usecs
[    7.684388] calling  mac_hid_init+0x0/0x21 @ 1
[    7.691216] initcall mac_hid_init+0x0/0x21 returned 0 after 62 usecs
[    7.701203] calling  spi_transport_init+0x0/0x74 @ 1
[    7.709221] initcall spi_transport_init+0x0/0x74 returned 0 after 191 usecs
[    7.719832] calling  init_sd+0x0/0x18c @ 1
[    7.727024] initcall init_sd+0x0/0x18c returned 0 after 660 usecs
[    7.736333] calling  init_sr+0x0/0x43 @ 1
[    7.742351] initcall init_sr+0x0/0x43 returned 0 after 182 usecs
[    7.751607] calling  init_sg+0x0/0x1c0 @ 1
[    7.757855] initcall init_sg+0x0/0x1c0 returned 0 after 106 usecs
[    7.766968] calling  ahci_pci_driver_init+0x0/0x15 @ 1
[    7.777070] ahci 0000:00:1f.2: version 3.0
[    7.788638] PCI Interrupt Link [GSIA] enabled at IRQ 16
[    7.812007] ahci 0000:00:1f.2: AHCI 0001.0000 32 slots 6 ports 1.5 Gbps 0x3f impl SATA mode
[    7.824903] ahci 0000:00:1f.2: flags: 64bit ncq only 
[    7.844499] scsi host0: ahci
[    7.854260] scsi host1: ahci
[    7.859022] scsi host2: ahci
[    7.863979] scsi host3: ahci
[    7.868547] scsi host4: ahci
[    7.874108] scsi host5: ahci
[    7.889711] ata1: SATA max UDMA/133 abar m4096@0xfebf1000 port 0xfebf1100 irq 24
[    7.902167] ata2: SATA max UDMA/133 abar m4096@0xfebf1000 port 0xfebf1180 irq 24
[    7.912577] ata3: SATA max UDMA/133 abar m4096@0xfebf1000 port 0xfebf1200 irq 24
[    7.923564] ata4: SATA max UDMA/133 abar m4096@0xfebf1000 port 0xfebf1280 irq 24
[    7.934823] ata5: SATA max UDMA/133 abar m4096@0xfebf1000 port 0xfebf1300 irq 24
[    7.945820] ata6: SATA max UDMA/133 abar m4096@0xfebf1000 port 0xfebf1380 irq 24
[    7.959174] initcall ahci_pci_driver_init+0x0/0x15 returned 0 after 179292 usecs
[    7.971673] calling  piix_init+0x0/0x26 @ 1
[    7.978503] initcall piix_init+0x0/0x26 returned 0 after 320 usecs
[    7.987446] calling  amd_pci_driver_init+0x0/0x15 @ 1
[    7.995108] initcall amd_pci_driver_init+0x0/0x15 returned 0 after 68 usecs
[    8.006827] calling  oldpiix_pci_driver_init+0x0/0x15 @ 1
[    8.015939] initcall oldpiix_pci_driver_init+0x0/0x15 returned 0 after 92 usecs
[    8.027797] calling  sch_pci_driver_init+0x0/0x15 @ 1
[    8.036384] initcall sch_pci_driver_init+0x0/0x15 returned 0 after 348 usecs
[    8.046080] calling  net_olddevs_init+0x0/0x55 @ 1
[    8.053322] initcall net_olddevs_init+0x0/0x55 returned 0 after 230 usecs
[    8.064133] calling  blackhole_netdev_init+0x0/0x78 @ 1
[    8.076051] initcall blackhole_netdev_init+0x0/0x78 returned 0 after 4217 usecs
[    8.085728] calling  phy_module_init+0x0/0x13 @ 1
[    8.093976] initcall phy_module_init+0x0/0x13 returned 0 after 1347 usecs
[    8.103529] calling  tg3_driver_init+0x0/0x15 @ 1
[    8.110636] initcall tg3_driver_init+0x0/0x15 returned 0 after 882 usecs
[    8.120220] calling  e100_init_module+0x0/0x4c @ 1
[    8.127492] e100: Intel(R) PRO/100 Network Driver
[    8.134480] e100: Copyright(c) 1999-2006 Intel Corporation
[    8.142443] initcall e100_init_module+0x0/0x4c returned 0 after 14733 usecs
[    8.152568] calling  e1000_init_module+0x0/0x72 @ 1
[    8.159751] e1000: Intel(R) PRO/1000 Network Driver
[    8.181728] e1000: Copyright (c) 1999-2006 Intel Corporation.
[    8.210691] initcall e1000_init_module+0x0/0x72 returned 0 after 49208 usecs
[    8.222647] calling  e1000_init_module+0x0/0x2d @ 1
[    8.231120] e1000e: Intel(R) PRO/1000 Network Driver
[    8.239295] e1000e: Copyright(c) 1999 - 2015 Intel Corporation.
[    8.251282] initcall e1000_init_module+0x0/0x2d returned 0 after 20347 usecs
[    8.265200] calling  sky2_init_module+0x0/0x21 @ 1
[    8.273031] sky2: driver version 1.30
[    8.279321] initcall sky2_init_module+0x0/0x21 returned 0 after 6138 usecs
[    8.291003] calling  forcedeth_pci_driver_init+0x0/0x15 @ 1
[    8.299259] initcall forcedeth_pci_driver_init+0x0/0x15 returned 0 after 654 usecs
[    8.309406] calling  rtl8139_init_module+0x0/0x15 @ 1
[    8.316857] initcall rtl8139_init_module+0x0/0x15 returned 0 after 265 usecs
[    8.326978] calling  rtl8169_pci_driver_init+0x0/0x15 @ 1
[    8.335286] initcall rtl8169_pci_driver_init+0x0/0x15 returned 0 after 375 usecs
[    8.345655] calling  cdrom_init+0x0/0xc @ 1
[    8.353059] initcall cdrom_init+0x0/0xc returned 0 after 1306 usecs
[    8.361510] calling  nonstatic_sysfs_init+0x0/0xc @ 1
[    8.371604] initcall nonstatic_sysfs_init+0x0/0xc returned 0 after 150 usecs
[    8.381945] calling  yenta_cardbus_driver_init+0x0/0x15 @ 1
[    8.390935] initcall yenta_cardbus_driver_init+0x0/0x15 returned 0 after 446 usecs
[    8.403343] calling  mon_init+0x0/0x144 @ 1
[    8.517552] initcall mon_init+0x0/0x144 returned 0 after 104707 usecs
[    8.526570] calling  ehci_hcd_init+0x0/0x55 @ 1
[    8.534288] ehci_hcd: USB 2.0 'Enhanced' Host Controller (EHCI) Driver
[    8.544763] initcall ehci_hcd_init+0x0/0x55 returned 0 after 10931 usecs
[    8.555760] calling  ehci_pci_init+0x0/0x64 @ 1
[    8.562943] ehci-pci: EHCI PCI platform driver
[    8.570144] initcall ehci_pci_init+0x0/0x64 returned 0 after 7029 usecs
[    8.580604] calling  ohci_hcd_mod_init+0x0/0x4d @ 1
[    8.587578] ohci_hcd: USB 1.1 'Open' Host Controller (OHCI) Driver
[    8.597339] initcall ohci_hcd_mod_init+0x0/0x4d returned 0 after 9528 usecs
[    8.607077] calling  ohci_pci_init+0x0/0x64 @ 1
[    8.613536] ohci-pci: OHCI PCI platform driver
[    8.620290] initcall ohci_pci_init+0x0/0x64 returned 0 after 6672 usecs
[    8.629518] calling  uhci_hcd_init+0x0/0xa6 @ 1
[    8.635979] uhci_hcd: USB Universal Host Controller Interface driver
[    8.649431] initcall uhci_hcd_init+0x0/0xa6 returned 0 after 13068 usecs
[    8.661367] calling  xhci_hcd_init+0x0/0x1e @ 1
[    8.669135] initcall xhci_hcd_init+0x0/0x1e returned 0 after 727 usecs
[    8.678813] calling  xhci_pci_init+0x0/0x49 @ 1
[    8.685597] initcall xhci_pci_init+0x0/0x49 returned 0 after 230 usecs
[    8.695059] calling  usblp_driver_init+0x0/0x15 @ 1
[    8.703714] usbcore: registered new interface driver usblp
[    8.712519] initcall usblp_driver_init+0x0/0x15 returned 0 after 9487 usecs
[    8.722586] calling  usb_storage_driver_init+0x0/0x2a @ 1
[    8.730647] usbcore: registered new interface driver usb-storage
[    8.739200] initcall usb_storage_driver_init+0x0/0x2a returned 0 after 8661 usecs
[    8.749280] calling  i8042_init+0x0/0x4c2 @ 1
[    8.759710] i8042: PNP: PS/2 Controller [PNP0303:KBD,PNP0f13:MOU] at 0x60,0x64 irq 1,12
[    8.793100] serio: i8042 KBD port at 0x60,0x64 irq 1
[    8.800600] serio: i8042 AUX port at 0x60,0x64 irq 12
[    8.808392] initcall i8042_init+0x0/0x4c2 returned 0 after 52061 usecs
[    8.818577] calling  serport_init+0x0/0x2c @ 1
[    8.826214] initcall serport_init+0x0/0x2c returned 0 after 506 usecs
[    8.835869] calling  input_leds_init+0x0/0xc @ 1
[    8.844036] initcall input_leds_init+0x0/0xc returned 0 after 799 usecs
[    8.853161] calling  evdev_init+0x0/0xc @ 1
[    8.874905] initcall evdev_init+0x0/0xc returned 0 after 15077 usecs
[    8.883853] calling  atkbd_init+0x0/0x21 @ 1
[    8.890258] initcall atkbd_init+0x0/0x21 returned 0 after 146 usecs
[    8.900884] calling  psmouse_init+0x0/0x7f @ 1
[    8.910315] initcall psmouse_init+0x0/0x7f returned 0 after 2062 usecs
[    8.920388] calling  cmos_init+0x0/0x73 @ 1
[    8.931454] rtc_cmos 00:04: RTC can wake from S4
[    8.957714] input: AT Translated Set 2 keyboard as /devices/platform/i8042/serio0/input/input1
[    8.981371] ata5: SATA link down (SStatus 0 SControl 300)
[    8.997778] ata3: SATA link up 1.5 Gbps (SStatus 113 SControl 300)
[    9.009397] ata3.00: ATAPI: QEMU DVD-ROM, 2.5+, max UDMA/100
[    9.017658] ata3.00: applying bridge limits
[    9.026055] ata3.00: configured for UDMA/100
[    9.041365] ata1: SATA link down (SStatus 0 SControl 300)
[    9.053108] ata4: SATA link down (SStatus 0 SControl 300)
[    9.065000] ata2: SATA link down (SStatus 0 SControl 300)
[    9.080638] scsi 2:0:0:0: CD-ROM            QEMU     QEMU DVD-ROM     2.5+ PQ: 0 ANSI: 5
[    9.138122] sr 2:0:0:0: [sr0] scsi3-mmc drive: 4x/4x cd/rw xa/form2 tray
[    9.149088] cdrom: Uniform CD-ROM driver Revision: 3.20
[    9.161663] rtc_cmos 00:04: registered as rtc0
[    9.170317] rtc_cmos 00:04: alarms up to one day, y3k, 242 bytes nvram, hpet irqs
[    9.181278] initcall cmos_init+0x0/0x73 returned 0 after 248065 usecs
[    9.191694] calling  smbalert_driver_init+0x0/0xe @ 1
[    9.199403] initcall smbalert_driver_init+0x0/0xe returned 0 after 190 usecs
[    9.209760] calling  i2c_i801_init+0x0/0xc5 @ 1
[    9.225868] i801_smbus 0000:00:1f.3: SMBus using PCI interrupt
[    9.237874] i2c i2c-0: 1/1 memory slots populated (from DMI)
[    9.247745] i2c i2c-0: Memory type 0x07 not supported yet, not instantiating SPD
[    9.259501] initcall i2c_i801_init+0x0/0xc5 returned 0 after 41914 usecs
[    9.269540] calling  ptp_kvm_init+0x0/0xf0 @ 1
[    9.279854] ata6: SATA link down (SStatus 0 SControl 300)
[    9.310401] sr 2:0:0:0: Attached scsi CD-ROM sr0
[    9.320306] sr 2:0:0:0: Attached scsi generic sg0 type 5
[    9.331020] initcall ptp_kvm_init+0x0/0xf0 returned 0 after 53561 usecs
[    9.344453] calling  dm_init+0x0/0x3c @ 1
[    9.365055] device-mapper: ioctl: 4.43.0-ioctl (2020-10-01) initialised: dm-devel@redhat.com
[    9.376591] initcall dm_init+0x0/0x3c returned 0 after 25176 usecs
[    9.385158] calling  dm_mirror_init+0x0/0x29 @ 1
[    9.392259] initcall dm_mirror_init+0x0/0x29 returned 0 after 146 usecs
[    9.401949] calling  dm_dirty_log_init+0x0/0x4f @ 1
[    9.409269] initcall dm_dirty_log_init+0x0/0x4f returned 0 after 720 usecs
[    9.419808] calling  dm_zero_init+0x0/0x29 @ 1
[    9.427565] initcall dm_zero_init+0x0/0x29 returned 0 after 4 usecs
[    9.438201] calling  intel_pstate_init+0x0/0x4a4 @ 1
[    9.445894] intel_pstate: CPU model not supported
[    9.452623] initcall intel_pstate_init+0x0/0x4a4 returned -19 after 6735 usecs
[    9.463636] calling  haltpoll_init+0x0/0xc0 @ 1
[    9.469983] initcall haltpoll_init+0x0/0xc0 returned -19 after 69 usecs
[    9.480269] calling  efivars_sysfs_init+0x0/0x30 @ 1
[    9.488953] initcall efivars_sysfs_init+0x0/0x30 returned 0 after 164 usecs
[    9.499070] calling  esrt_sysfs_init+0x0/0x2a2 @ 1
[    9.506941] initcall esrt_sysfs_init+0x0/0x2a2 returned -38 after 42 usecs
[    9.517572] calling  hid_init+0x0/0x5c @ 1
[    9.524435] hid: raw HID events driver (C) Jiri Kosina
[    9.533217] initcall hid_init+0x0/0x5c returned 0 after 8865 usecs
[    9.542434] calling  hid_generic_init+0x0/0x15 @ 1
[    9.549548] initcall hid_generic_init+0x0/0x15 returned 0 after 92 usecs
[    9.560172] calling  a4_driver_init+0x0/0x15 @ 1
[    9.567503] initcall a4_driver_init+0x0/0x15 returned 0 after 112 usecs
[    9.577484] calling  apple_driver_init+0x0/0x15 @ 1
[    9.585348] initcall apple_driver_init+0x0/0x15 returned 0 after 96 usecs
[    9.595490] calling  belkin_driver_init+0x0/0x15 @ 1
[    9.604351] initcall belkin_driver_init+0x0/0x15 returned 0 after 111 usecs
[    9.616587] calling  ch_driver_init+0x0/0x15 @ 1
[    9.624553] initcall ch_driver_init+0x0/0x15 returned 0 after 36 usecs
[    9.635498] calling  ch_driver_init+0x0/0x15 @ 1
[    9.643285] initcall ch_driver_init+0x0/0x15 returned 0 after 34 usecs
[    9.654379] calling  cp_driver_init+0x0/0x15 @ 1
[    9.661892] initcall cp_driver_init+0x0/0x15 returned 0 after 37 usecs
[    9.672766] calling  ez_driver_init+0x0/0x15 @ 1
[    9.680598] initcall ez_driver_init+0x0/0x15 returned 0 after 36 usecs
[    9.691706] calling  gyration_driver_init+0x0/0x15 @ 1
[    9.700440] initcall gyration_driver_init+0x0/0x15 returned 0 after 94 usecs
[    9.712500] calling  ite_driver_init+0x0/0x15 @ 1
[    9.720844] initcall ite_driver_init+0x0/0x15 returned 0 after 33 usecs
[    9.731890] calling  ks_driver_init+0x0/0x15 @ 1
[    9.739296] initcall ks_driver_init+0x0/0x15 returned 0 after 38 usecs
[    9.749970] calling  lg_driver_init+0x0/0x15 @ 1
[    9.757562] initcall lg_driver_init+0x0/0x15 returned 0 after 161 usecs
[    9.768462] calling  lg_g15_driver_init+0x0/0x15 @ 1
[    9.777178] initcall lg_g15_driver_init+0x0/0x15 returned 0 after 152 usecs
[    9.788712] calling  ms_driver_init+0x0/0x15 @ 1
[    9.796542] initcall ms_driver_init+0x0/0x15 returned 0 after 42 usecs
[    9.807571] calling  mr_driver_init+0x0/0x15 @ 1
[    9.814882] initcall mr_driver_init+0x0/0x15 returned 0 after 35 usecs
[    9.824875] calling  ntrig_driver_init+0x0/0x15 @ 1
[    9.832904] initcall ntrig_driver_init+0x0/0x15 returned 0 after 53 usecs
[    9.843300] calling  pl_driver_init+0x0/0x15 @ 1
[    9.850782] initcall pl_driver_init+0x0/0x15 returned 0 after 59 usecs
[    9.860691] calling  pl_driver_init+0x0/0x15 @ 1
[    9.867985] initcall pl_driver_init+0x0/0x15 returned 0 after 205 usecs
[    9.878152] calling  redragon_driver_init+0x0/0x15 @ 1
[    9.886273] initcall redragon_driver_init+0x0/0x15 returned 0 after 42 usecs
[    9.897502] calling  samsung_driver_init+0x0/0x15 @ 1
[    9.906240] initcall samsung_driver_init+0x0/0x15 returned 0 after 47 usecs
[    9.918202] calling  sony_init+0x0/0x38 @ 1
[    9.925369] initcall sony_init+0x0/0x38 returned 0 after 45 usecs
[    9.935099] calling  sp_driver_init+0x0/0x15 @ 1
[    9.941847] initcall sp_driver_init+0x0/0x15 returned 0 after 257 usecs
[    9.950501] calling  ts_driver_init+0x0/0x15 @ 1
[    9.956558] initcall ts_driver_init+0x0/0x15 returned 0 after 34 usecs
[    9.964994] calling  hid_init+0x0/0x58 @ 1
[    9.970903] usbcore: registered new interface driver usbhid
[    9.979135] usbhid: USB HID core driver
[    9.985305] initcall hid_init+0x0/0x58 returned 0 after 14172 usecs
[    9.995468] calling  eeepc_laptop_init+0x0/0x57 @ 1
[   10.003306] initcall eeepc_laptop_init+0x0/0x57 returned -19 after 183 usecs
[   10.014354] calling  pmc_atom_init+0x0/0x27a @ 1
[   10.022341] initcall pmc_atom_init+0x0/0x27a returned -19 after 104 usecs
[   10.033268] calling  alsa_hwdep_init+0x0/0x5e @ 1
[   10.041066] initcall alsa_hwdep_init+0x0/0x5e returned 0 after 334 usecs
[   10.052633] calling  alsa_timer_init+0x0/0x1f9 @ 1
[   10.291467] input: ImExPS/2 Generic Explorer Mouse as /devices/platform/i8042/serio1/input/input3
[   10.906682] initcall alsa_timer_init+0x0/0x1f9 returned 0 after 825952 usecs
[   10.918279] calling  snd_hrtimer_init+0x0/0x117 @ 1
[   10.926446] initcall snd_hrtimer_init+0x0/0x117 returned 0 after 302 usecs
[   10.937134] calling  alsa_pcm_init+0x0/0x64 @ 1
[   10.944508] initcall alsa_pcm_init+0x0/0x64 returned 0 after 267 usecs
[   10.954754] calling  alsa_seq_init+0x0/0x4a @ 1
[   11.051188] initcall alsa_seq_init+0x0/0x4a returned 0 after 87001 usecs
[   11.061106] calling  alsa_seq_dummy_init+0x0/0x9c @ 1
[   11.084886] initcall alsa_seq_dummy_init+0x0/0x9c returned 0 after 165 usecs
[   11.095152] calling  azx_driver_init+0x0/0x15 @ 1
[   11.107899] initcall azx_driver_init+0x0/0x15 returned 0 after 5829 usecs
[   11.118226] calling  sock_diag_init+0x0/0x2a @ 1
[   11.127002] initcall sock_diag_init+0x0/0x2a returned 0 after 1726 usecs
[   11.137010] calling  blackhole_init+0x0/0xc @ 1
[   11.144013] initcall blackhole_init+0x0/0xc returned 0 after 141 usecs
[   11.153515] calling  nfnetlink_init+0x0/0x61 @ 1
[   11.176939] initcall nfnetlink_init+0x0/0x61 returned 0 after 195 usecs
[   11.186900] calling  nfnetlink_log_init+0x0/0x99 @ 1
[   11.210990] initcall nfnetlink_log_init+0x0/0x99 returned 0 after 577 usecs
[   11.225002] calling  nf_conntrack_standalone_init+0x0/0x87 @ 1
[   11.236217] initcall nf_conntrack_standalone_init+0x0/0x87 returned 0 after 2559 usecs
[   11.247861] calling  ctnetlink_init+0x0/0x83 @ 1
[   11.254774] initcall ctnetlink_init+0x0/0x83 returned 0 after 96 usecs
[   11.264274] calling  nf_conntrack_ftp_init+0x0/0x12c @ 1
[   11.272181] initcall nf_conntrack_ftp_init+0x0/0x12c returned 0 after 65 usecs
[   11.282688] calling  nf_conntrack_irc_init+0x0/0x129 @ 1
[   11.290770] initcall nf_conntrack_irc_init+0x0/0x129 returned 0 after 216 usecs
[   11.301395] calling  nf_conntrack_sip_init+0x0/0x172 @ 1
[   11.308813] initcall nf_conntrack_sip_init+0x0/0x172 returned 0 after 11 usecs
[   11.319073] calling  nf_nat_init+0x0/0xf0 @ 1
[   11.325840] initcall nf_nat_init+0x0/0xf0 returned 0 after 589 usecs
[   11.335252] calling  nf_nat_ftp_init+0x0/0x2a @ 1
[   11.344596] initcall nf_nat_ftp_init+0x0/0x2a returned 0 after 64 usecs
[   11.367209] calling  nf_nat_irc_init+0x0/0x2a @ 1
[   11.374203] initcall nf_nat_irc_init+0x0/0x2a returned 0 after 3 usecs
[   11.395260] calling  nf_nat_sip_init+0x0/0x36 @ 1
[   11.402195] initcall nf_nat_sip_init+0x0/0x36 returned 0 after 4 usecs
[   11.411409] calling  xt_init+0x0/0x113 @ 1
[   11.417578] initcall xt_init+0x0/0x113 returned 0 after 113 usecs
[   11.426601] calling  tcpudp_mt_init+0x0/0x11 @ 1
[   11.433479] initcall tcpudp_mt_init+0x0/0x11 returned 0 after 297 usecs
[   11.443256] calling  connsecmark_tg_init+0x0/0xc @ 1
[   11.450656] initcall connsecmark_tg_init+0x0/0xc returned 0 after 2 usecs
[   11.460436] calling  nflog_tg_init+0x0/0xc @ 1
[   11.467946] initcall nflog_tg_init+0x0/0xc returned 0 after 3 usecs
[   11.477949] calling  secmark_tg_init+0x0/0x11 @ 1
[   11.484811] initcall secmark_tg_init+0x0/0x11 returned 0 after 3 usecs
[   11.495070] calling  tcpmss_tg_init+0x0/0x11 @ 1
[   11.502989] initcall tcpmss_tg_init+0x0/0x11 returned 0 after 5 usecs
[   11.513726] calling  conntrack_mt_init+0x0/0x11 @ 1
[   11.523601] initcall conntrack_mt_init+0x0/0x11 returned 0 after 4 usecs
[   11.535371] calling  policy_mt_init+0x0/0x11 @ 1
[   11.543861] initcall policy_mt_init+0x0/0x11 returned 0 after 4 usecs
[   11.552461] calling  state_mt_init+0x0/0xc @ 1
[   11.558700] initcall state_mt_init+0x0/0xc returned 0 after 2 usecs
[   11.567647] calling  gre_offload_init+0x0/0x48 @ 1
[   11.574586] initcall gre_offload_init+0x0/0x48 returned 0 after 157 usecs
[   11.583905] calling  sysctl_ipv4_init+0x0/0x46 @ 1
[   11.594934] initcall sysctl_ipv4_init+0x0/0x46 returned 0 after 380 usecs
[   11.617170] calling  tunnel4_init+0x0/0x58 @ 1
[   11.623148] initcall tunnel4_init+0x0/0x58 returned 0 after 103 usecs
[   11.648655] calling  nf_defrag_init+0x0/0xc @ 1
[   11.655447] initcall nf_defrag_init+0x0/0xc returned 0 after 26 usecs
[   11.681091] calling  ip_tables_init+0x0/0x8d @ 1
[   11.687365] initcall ip_tables_init+0x0/0x8d returned 0 after 193 usecs
[   11.719482] calling  iptable_filter_init+0x0/0x4c @ 1
[   11.748204] initcall iptable_filter_init+0x0/0x4c returned 0 after 1503 usecs
[   11.771865] calling  iptable_mangle_init+0x0/0xb8 @ 1
[   11.792898] initcall iptable_mangle_init+0x0/0xb8 returned 0 after 184 usecs
[   11.802332] calling  reject_tg_init+0x0/0xc @ 1
[   11.808832] initcall reject_tg_init+0x0/0xc returned 0 after 2 usecs
[   11.817682] calling  cubictcp_register+0x0/0x53 @ 1
[   11.824501] initcall cubictcp_register+0x0/0x53 returned 0 after 56 usecs
[   11.833665] calling  xfrm_user_init+0x0/0x45 @ 1
[   11.840246] Initializing XFRM netlink socket
[   11.846846] initcall xfrm_user_init+0x0/0x45 returned 0 after 6440 usecs
[   11.855851] calling  inet6_init+0x0/0x35e @ 1
[   11.863535] NET: Registered protocol family 10
[   11.879384] srcud-torture: rcu_torture_read_exit: End of episode
[   11.892302] Segment Routing with IPv6
[   11.897832] initcall inet6_init+0x0/0x35e returned 0 after 35511 usecs
[   11.907134] calling  ah6_init+0x0/0x71 @ 1
[   11.913268] initcall ah6_init+0x0/0x71 returned 0 after 184 usecs
[   11.921830] calling  esp6_init+0x0/0x71 @ 1
[   11.928035] initcall esp6_init+0x0/0x71 returned 0 after 3 usecs
[   11.936389] calling  ip6_tables_init+0x0/0x8d @ 1
[   11.943317] initcall ip6_tables_init+0x0/0x8d returned 0 after 60 usecs
[   11.952471] calling  ip6table_filter_init+0x0/0x4c @ 1
[   11.959839] initcall ip6table_filter_init+0x0/0x4c returned 0 after 306 usecs
[   11.969364] calling  ip6table_mangle_init+0x0/0xb8 @ 1
[   11.976366] initcall ip6table_mangle_init+0x0/0xb8 returned 0 after 155 usecs
[   11.985946] calling  nf_defrag_init+0x0/0x45 @ 1
[   11.992424] initcall nf_defrag_init+0x0/0x45 returned 0 after 56 usecs
[   12.001249] calling  ipv6header_mt6_init+0x0/0xc @ 1
[   12.008084] initcall ipv6header_mt6_init+0x0/0xc returned 0 after 2 usecs
[   12.017499] calling  reject_tg6_init+0x0/0xc @ 1
[   12.024123] initcall reject_tg6_init+0x0/0xc returned 0 after 2 usecs
[   12.033301] calling  sit_init+0x0/0xc3 @ 1
[   12.039139] sit: IPv6, IPv4 and MPLS over IPv4 tunneling driver
[   12.050240] initcall sit_init+0x0/0xc3 returned 0 after 10837 usecs
[   12.059458] calling  packet_init+0x0/0x75 @ 1
[   12.065898] NET: Registered protocol family 17
[   12.072860] initcall packet_init+0x0/0x75 returned 0 after 6822 usecs
[   12.082836] calling  init_rpcsec_gss+0x0/0x60 @ 1
