c[?7l[2J[0mSeaBIOS (version 1.16.0-debian-1.16.0-4)
Booting from ROM...
early console in setup code
c[?7l[2J[    0.000000] Linux version 5.10.158+ (root@joelboxx.c.googlers.com) (gcc (Debian 12.2.0-3) 12.2.0, GNU ld (GNU Binutils for Debian) 2.39) #2 SMP Tue Dec 13 02:29:19 UTC 2022
[    0.000000] Command line: selinux=0 initcall_debug debug console=ttyS0 nohz_full=2-9 rcutorture.onoff_interval=1000 rcutorture.onoff_holdoff=30 rcutorture.n_barrier_cbs=4 rcutorture.stat_interval=15 rcutorture.shutdown_secs=1800 rcutorture.test_no_idle_hz=1 rcutorture.verbose=1
[    0.000000] x86/fpu: x87 FPU will use FXSAVE
[    0.000000] BIOS-provided physical RAM map:
[    0.000000] BIOS-e820: [mem 0x0000000000000000-0x000000000009fbff] usable
[    0.000000] BIOS-e820: [mem 0x000000000009fc00-0x000000000009ffff] reserved
[    0.000000] BIOS-e820: [mem 0x00000000000f0000-0x00000000000fffff] reserved
[    0.000000] BIOS-e820: [mem 0x0000000000100000-0x000000001ffdefff] usable
[    0.000000] BIOS-e820: [mem 0x000000001ffdf000-0x000000001fffffff] reserved
[    0.000000] BIOS-e820: [mem 0x00000000b0000000-0x00000000bfffffff] reserved
[    0.000000] BIOS-e820: [mem 0x00000000fed1c000-0x00000000fed1ffff] reserved
[    0.000000] BIOS-e820: [mem 0x00000000feffc000-0x00000000feffffff] reserved
[    0.000000] BIOS-e820: [mem 0x00000000fffc0000-0x00000000ffffffff] reserved
[    0.000000] NX (Execute Disable) protection: active
[    0.000000] SMBIOS 2.8 present.
[    0.000000] DMI: QEMU Standard PC (Q35 + ICH9, 2009), BIOS 1.16.0-debian-1.16.0-4 04/01/2014
[    0.000000] Hypervisor detected: KVM
[    0.000000] kvm-clock: Using msrs 4b564d01 and 4b564d00
[    0.000000] kvm-clock: cpu 0, msr 10ea9001, primary cpu clock
[    0.000001] kvm-clock: using sched offset of 3022013837 cycles
[    0.000304] clocksource: kvm-clock: mask: 0xffffffffffffffff max_cycles: 0x1cd42e4dffb, max_idle_ns: 881590591483 ns
[    0.000564] tsc: Detected 1999.999 MHz processor
[    0.007833] e820: update [mem 0x00000000-0x00000fff] usable ==> reserved
[    0.007837] e820: remove [mem 0x000a0000-0x000fffff] usable
[    0.007844] last_pfn = 0x1ffdf max_arch_pfn = 0x400000000
[    0.008821] MTRR default type: write-back
[    0.008886] MTRR fixed ranges enabled:
[    0.008888]   00000-9FFFF write-back
[    0.008889]   A0000-BFFFF uncachable
[    0.008890]   C0000-FFFFF write-protect
[    0.008891] MTRR variable ranges enabled:
[    0.008893]   0 base 00C0000000 mask FFC0000000 uncachable
[    0.008894]   1 disabled
[    0.008895]   2 disabled
[    0.008896]   3 disabled
[    0.008896]   4 disabled
[    0.008897]   5 disabled
[    0.008898]   6 disabled
[    0.008960]   7 disabled
[    0.009373] x86/PAT: Configuration [0-7]: WB  WC  UC- UC  WB  WC  UC- UC  
[    0.018858] found SMP MP-table at [mem 0x000f5ba0-0x000f5baf]
[    0.021806] check: Scanning 1 areas for low memory corruption
[    0.034051] ACPI: Early table checksum verification disabled
[    0.036680] ACPI: RSDP 0x00000000000F59E0 000014 (v00 BOCHS )
[    0.037103] ACPI: RSDT 0x000000001FFE281A 000038 (v01 BOCHS  BXPC     00000001 BXPC 00000001)
[    0.037298] ACPI: FACP 0x000000001FFE259A 0000F4 (v03 BOCHS  BXPC     00000001 BXPC 00000001)
[    0.037492] ACPI: DSDT 0x000000001FFE0040 00255A (v01 BOCHS  BXPC     00000001 BXPC 00000001)
[    0.037497] ACPI: FACS 0x000000001FFE0000 000040
[    0.037501] ACPI: APIC 0x000000001FFE268E 0000F0 (v01 BOCHS  BXPC     00000001 BXPC 00000001)
[    0.037505] ACPI: HPET 0x000000001FFE277E 000038 (v01 BOCHS  BXPC     00000001 BXPC 00000001)
[    0.037509] ACPI: MCFG 0x000000001FFE27B6 00003C (v01 BOCHS  BXPC     00000001 BXPC 00000001)
[    0.037513] ACPI: WAET 0x000000001FFE27F2 000028 (v01 BOCHS  BXPC     00000001 BXPC 00000001)
[    0.037517] ACPI: Reserving FACP table memory at [mem 0x1ffe259a-0x1ffe268d]
[    0.037520] ACPI: Reserving DSDT table memory at [mem 0x1ffe0040-0x1ffe2599]
[    0.037521] ACPI: Reserving FACS table memory at [mem 0x1ffe0000-0x1ffe003f]
[    0.037522] ACPI: Reserving APIC table memory at [mem 0x1ffe268e-0x1ffe277d]
[    0.037523] ACPI: Reserving HPET table memory at [mem 0x1ffe277e-0x1ffe27b5]
[    0.037524] ACPI: Reserving MCFG table memory at [mem 0x1ffe27b6-0x1ffe27f1]
[    0.037525] ACPI: Reserving WAET table memory at [mem 0x1ffe27f2-0x1ffe2819]
[    0.038765] ACPI: Local APIC address 0xfee00000
[    0.043979] No NUMA configuration found
[    0.043982] Faking a node at [mem 0x0000000000000000-0x000000001ffdefff]
[    0.044465] NODE_DATA(0) allocated [mem 0x1ffdb000-0x1ffdefff]
[    0.046845] Zone ranges:
[    0.046955]   DMA      [mem 0x0000000000001000-0x0000000000ffffff]
[    0.047036]   DMA32    [mem 0x0000000001000000-0x000000001ffdefff]
[    0.047037]   Normal   empty
[    0.047039] Movable zone start for each node
[    0.047040] Early memory node ranges
[    0.047085]   node   0: [mem 0x0000000000001000-0x000000000009efff]
[    0.047156]   node   0: [mem 0x0000000000100000-0x000000001ffdefff]
[    0.047429] Initmem setup node 0 [mem 0x0000000000001000-0x000000001ffdefff]
[    0.047431] On node 0 totalpages: 130941
[    0.047590]   DMA zone: 64 pages used for memmap
[    0.047592]   DMA zone: 21 pages reserved
[    0.047593]   DMA zone: 3998 pages, LIFO batch:0
[    0.047594]   DMA32 zone: 1984 pages used for memmap
[    0.047595]   DMA32 zone: 126943 pages, LIFO batch:31
[    0.059053] On node 0, zone DMA: 1 pages in unavailable ranges
[    0.062958] On node 0, zone DMA: 97 pages in unavailable ranges
[    0.224383] On node 0, zone DMA32: 33 pages in unavailable ranges
[    0.231204] ACPI: PM-Timer IO Port: 0x608
[    0.231307] ACPI: Local APIC address 0xfee00000
[    0.232160] ACPI: LAPIC_NMI (acpi_id[0xff] dfl dfl lint[0x1])
[    0.233947] IOAPIC[0]: apic_id 0, version 17, address 0xfec00000, GSI 0-23
[    0.233952] ACPI: INT_SRC_OVR (bus 0 bus_irq 0 global_irq 2 dfl dfl)
[    0.234122] ACPI: INT_SRC_OVR (bus 0 bus_irq 5 global_irq 5 high level)
[    0.234123] ACPI: INT_SRC_OVR (bus 0 bus_irq 9 global_irq 9 high level)
[    0.234258] ACPI: INT_SRC_OVR (bus 0 bus_irq 10 global_irq 10 high level)
[    0.234259] ACPI: INT_SRC_OVR (bus 0 bus_irq 11 global_irq 11 high level)
[    0.234261] ACPI: IRQ0 used by override.
[    0.234263] ACPI: IRQ5 used by override.
[    0.234264] ACPI: IRQ9 used by override.
[    0.234265] ACPI: IRQ10 used by override.
[    0.234266] ACPI: IRQ11 used by override.
[    0.234323] Using ACPI (MADT) for SMP configuration information
[    0.234375] ACPI: HPET id: 0x8086a201 base: 0xfed00000
[    0.235695] smpboot: Allowing 16 CPUs, 0 hotplug CPUs
[    0.237943] PM: hibernation: Registered nosave memory: [mem 0x00000000-0x00000fff]
[    0.237945] PM: hibernation: Registered nosave memory: [mem 0x0009f000-0x0009ffff]
[    0.237947] PM: hibernation: Registered nosave memory: [mem 0x000a0000-0x000effff]
[    0.237948] PM: hibernation: Registered nosave memory: [mem 0x000f0000-0x000fffff]
[    0.238106] [mem 0x20000000-0xafffffff] available for PCI devices
[    0.238315] Booting paravirtualized kernel on KVM
[    0.239123] clocksource: refined-jiffies: mask: 0xffffffff max_cycles: 0xffffffff, max_idle_ns: 1910969940391419 ns
[    0.298272] setup_percpu: NR_CPUS:16 nr_cpumask_bits:16 nr_cpu_ids:16 nr_node_ids:1
[    0.383356] percpu: Embedded 56 pages/cpu s191448 r8192 d29736 u262144
[    0.383405] pcpu-alloc: s191448 r8192 d29736 u262144 alloc=1*2097152
[    0.386930] pcpu-alloc: [0] 00 01 02 03 04 05 06 07 [0] 08 09 10 11 12 13 14 15 
[    0.387903] kvm-guest: stealtime: cpu 0, msr 1f21b600
[    0.389285] Built 1 zonelists, mobility grouping on.  Total pages: 128872
[    0.389287] Policy zone: DMA32
[    0.389331] Kernel command line: selinux=0 initcall_debug debug console=ttyS0 nohz_full=2-9 rcutorture.onoff_interval=1000 rcutorture.onoff_holdoff=30 rcutorture.n_barrier_cbs=4 rcutorture.stat_interval=15 rcutorture.shutdown_secs=1800 rcutorture.test_no_idle_hz=1 rcutorture.verbose=1
[    0.409216] Dentry cache hash table entries: 65536 (order: 7, 524288 bytes, linear)
[    0.413914] Inode-cache hash table entries: 32768 (order: 6, 262144 bytes, linear)
[    0.415649] mem auto-init: stack:all(zero), heap alloc:off, heap free:off
[    0.458381] Memory: 477988K/523764K available (14349K kernel code, 2565K rwdata, 4680K rodata, 1492K init, 1476K bss, 45516K reserved, 0K cma-reserved)
[    0.459454] SLUB: HWalign=64, Order=0-3, MinObjects=0, CPUs=16, Nodes=1
[    0.460259] Kernel/User page tables isolation: enabled
[    0.488621] rcu: Hierarchical RCU implementation.
[    0.488625] rcu: 	RCU event tracing is enabled.
[    0.488626] rcu: 	CONFIG_RCU_FANOUT set to non-default value of 2.
[    0.488627] rcu: 	Four(or more)-level hierarchy is enabled.
[    0.488628] rcu: 	Build-time adjustment of leaf fanout to 2.
[    0.488732] 	Trampoline variant of Tasks RCU enabled.
[    0.488733] 	Rude variant of Tasks RCU enabled.
[    0.488734] 	Tracing variant of Tasks RCU enabled.
[    0.488841] rcu: RCU calculated value of scheduler-enlistment delay is 100 jiffies.
[    0.512163] NR_IRQS: 4352, nr_irqs: 552, preallocated irqs: 16
[    0.515088] NO_HZ: Full dynticks CPUs: 2-9.
[    0.515091] rcu: 	Offload RCU callbacks from CPUs: 2-9.
[    0.517538] calling  con_init+0x0/0x22a @ 0
[    0.658109] Console: colour VGA+ 80x25
[    0.658121] initcall con_init+0x0/0x22a returned 0 after 0 usecs
[    0.658124] calling  hvc_console_init+0x0/0x13 @ 0
[    0.658177] initcall hvc_console_init+0x0/0x13 returned 0 after 0 usecs
[    0.658179] calling  univ8250_console_init+0x0/0x26 @ 0
[    1.589291] printk: console [ttyS0] enabled
[    1.594987] initcall univ8250_console_init+0x0/0x26 returned 0 after 0 usecs
[    1.604600] ACPI: Core revision 20200925
[    1.611617] clocksource: hpet: mask: 0xffffffff max_cycles: 0xffffffff, max_idle_ns: 19112604467 ns
[    1.624098] APIC: Switch to symmetric I/O mode setup
[    1.629607] Switched APIC routing to physical flat.
[    1.649044] ..TIMER: vector=0x30 apic1=0 pin1=2 apic2=-1 pin2=-1
[    1.656100] clocksource: tsc-early: mask: 0xffffffffffffffff max_cycles: 0x39a85afc727, max_idle_ns: 881590685098 ns
[    1.667912] Calibrating delay loop (skipped) preset value.. 3999.99 BogoMIPS (lpj=1999999)
[    1.668902] pid_max: default: 32768 minimum: 301
[    1.670900] LSM: Security Framework initializing
[    1.672099] Mount-cache hash table entries: 1024 (order: 1, 8192 bytes, linear)
[    1.672924] Mountpoint-cache hash table entries: 1024 (order: 1, 8192 bytes, linear)
[    1.679932] Last level iTLB entries: 4KB 0, 2MB 0, 4MB 0
[    1.680901] Last level dTLB entries: 4KB 0, 2MB 0, 4MB 0, 1GB 0
[    1.681939] Spectre V1 : Mitigation: usercopy/swapgs barriers and __user pointer sanitization
[    1.682984] Spectre V2 : Mitigation: Retpolines
[    1.683901] Spectre V2 : Spectre v2 / SpectreRSB mitigation: Filling RSB on context switch
[    1.684901] Spectre V2 : Spectre v2 / SpectreRSB : Filling RSB on VMEXIT
[    1.685901] Speculative Store Bypass: Vulnerable
[    1.686905] MDS: Vulnerable: Clear CPU buffers attempted, no microcode
[    1.687901] MMIO Stale Data: Unknown: No mitigations
[    1.740902] Freeing SMP alternatives memory: 44K
[    1.845897] smpboot: CPU0: Intel Common KVM processor (family: 0xf, model: 0x6, stepping: 0x1)
[    1.847757] calling  init_hw_perf_events+0x0/0x6ce @ 1
[    1.847902] Performance Events: unsupported Netburst CPU model 6 no PMU driver, software events only.
[    1.848907] initcall init_hw_perf_events+0x0/0x6ce returned 0 after 976 usecs
[    1.849907] calling  init_real_mode+0x0/0x1e9 @ 1
[    1.852570] initcall init_real_mode+0x0/0x1e9 returned 0 after 976 usecs
[    1.852927] calling  trace_init_perf_perm_irq_work_exit+0x0/0x12 @ 1
[    1.853912] initcall trace_init_perf_perm_irq_work_exit+0x0/0x12 returned 0 after 0 usecs
[    1.854922] calling  validate_x2apic+0x0/0x4a @ 1
[    1.855929] initcall validate_x2apic+0x0/0x4a returned 0 after 0 usecs
[    1.856910] calling  register_nmi_cpu_backtrace_handler+0x0/0x15 @ 1
[    1.857910] initcall register_nmi_cpu_backtrace_handler+0x0/0x15 returned 0 after 0 usecs
[    1.858928] calling  kvm_setup_vsyscall_timeinfo+0x0/0xce @ 1
[    1.859906] initcall kvm_setup_vsyscall_timeinfo+0x0/0xce returned 0 after 0 usecs
[    1.860906] calling  spawn_ksoftirqd+0x0/0x38 @ 1
[    1.861997] initcall spawn_ksoftirqd+0x0/0x38 returned 0 after 0 usecs
[    1.862908] calling  migration_init+0x0/0x3c @ 1
[    1.863923] initcall migration_init+0x0/0x3c returned 0 after 0 usecs
[    1.864904] calling  srcu_bootup_announce+0x0/0x2f @ 1
[    1.865901] rcu: Hierarchical SRCU implementation.
[    1.866904] initcall srcu_bootup_announce+0x0/0x2f returned 0 after 976 usecs
[    1.867904] calling  rcu_spawn_gp_kthread+0x0/0x1dd @ 1
[    1.869011] initcall rcu_spawn_gp_kthread+0x0/0x1dd returned 0 after 0 usecs
[    1.869904] calling  check_cpu_stall_init+0x0/0x1a @ 1
[    1.870903] initcall check_cpu_stall_init+0x0/0x1a returned 0 after 0 usecs
[    1.871903] calling  rcu_sysrq_init+0x0/0x21 @ 1
[    1.872903] initcall rcu_sysrq_init+0x0/0x21 returned 0 after 0 usecs
[    1.873905] calling  trace_init_flags_sys_enter+0x0/0xe @ 1
[    1.874905] initcall trace_init_flags_sys_enter+0x0/0xe returned 0 after 0 usecs
[    1.875906] calling  trace_init_flags_sys_exit+0x0/0xe @ 1
[    1.876905] initcall trace_init_flags_sys_exit+0x0/0xe returned 0 after 0 usecs
[    1.877908] calling  cpu_stop_init+0x0/0x6e @ 1
[    1.880012] initcall cpu_stop_init+0x0/0x6e returned 0 after 976 usecs
[    1.880946] calling  init_kprobes+0x0/0x165 @ 1
[    1.884315] initcall init_kprobes+0x0/0x165 returned 0 after 1953 usecs
[    1.884904] calling  init_events+0x0/0x3d @ 1
[    1.885908] initcall init_events+0x0/0x3d returned 0 after 0 usecs
[    1.887901] calling  init_trace_printk+0x0/0xc @ 1
[    1.888903] initcall init_trace_printk+0x0/0xc returned 0 after 0 usecs
[    1.889908] calling  event_trace_enable_again+0x0/0x23 @ 1
[    1.890906] initcall event_trace_enable_again+0x0/0x23 returned 0 after 0 usecs
[    1.891904] calling  static_call_init+0x0/0x77 @ 1
[    1.892904] initcall static_call_init+0x0/0x77 returned 0 after 0 usecs
[    1.893903] calling  jump_label_init_module+0x0/0xc @ 1
[    1.894914] initcall jump_label_init_module+0x0/0xc returned 0 after 0 usecs
[    1.895910] calling  init_zero_pfn+0x0/0x37 @ 1
[    1.896908] initcall init_zero_pfn+0x0/0x37 returned 0 after 0 usecs
[    1.897947] calling  initialize_ptr_random+0x0/0x54 @ 1
[    1.899908] initcall initialize_ptr_random+0x0/0x54 returned 0 after 0 usecs
[    1.900925] calling  efi_memreserve_root_init+0x0/0x25 @ 1
[    1.901960] initcall efi_memreserve_root_init+0x0/0x25 returned 0 after 0 usecs
[    1.902905] calling  efi_earlycon_remap_fb+0x0/0x51 @ 1
[    1.903905] initcall efi_earlycon_remap_fb+0x0/0x51 returned 0 after 0 usecs
[    1.907101] smp: Bringing up secondary CPUs ...
[    1.909518] x86: Booting SMP configuration:
[    1.909901] .... node  #0, CPUs:        #1
[    1.149641] kvm-clock: cpu 1, msr 10ea9041, secondary cpu clock
[    1.937039] kvm-guest: stealtime: cpu 1, msr 1f25b600
[    1.954415]   #2
[    1.149641] kvm-clock: cpu 2, msr 10ea9081, secondary cpu clock
[    1.975898] kvm-guest: stealtime: cpu 2, msr 1f29b600
[    1.989904]   #3
[    1.149641] kvm-clock: cpu 3, msr 10ea90c1, secondary cpu clock
[    2.013283] kvm-guest: stealtime: cpu 3, msr 1f2db600
[    2.031626]   #4
[    1.149641] kvm-clock: cpu 4, msr 10ea9101, secondary cpu clock
[    2.053898] kvm-guest: stealtime: cpu 4, msr 1f31b600
[    2.069512]   #5
[    1.149641] kvm-clock: cpu 5, msr 10ea9141, secondary cpu clock
[    2.091221] kvm-guest: stealtime: cpu 5, msr 1f35b600
[    2.105847]   #6
[    1.149641] kvm-clock: cpu 6, msr 10ea9181, secondary cpu clock
[    2.130308] kvm-guest: stealtime: cpu 6, msr 1f39b600
[    2.146918]   #7
[    1.149641] kvm-clock: cpu 7, msr 10ea91c1, secondary cpu clock
[    2.168418] kvm-guest: stealtime: cpu 7, msr 1f3db600
[    2.182909]   #8
[    1.149641] kvm-clock: cpu 8, msr 10ea9201, secondary cpu clock
[    2.206275] kvm-guest: stealtime: cpu 8, msr 1f41b600
[    2.221574]   #9
[    1.149641] kvm-clock: cpu 9, msr 10ea9241, secondary cpu clock
[    2.244220] kvm-guest: stealtime: cpu 9, msr 1f45b600
[    2.258707]  #10
[    1.149641] kvm-clock: cpu 10, msr 10ea9281, secondary cpu clock
[    2.283244] kvm-guest: stealtime: cpu 10, msr 1f49b600
[    2.299521]  #11
[    1.149641] kvm-clock: cpu 11, msr 10ea92c1, secondary cpu clock
[    2.323051] kvm-guest: stealtime: cpu 11, msr 1f4db600
[    2.339367]  #12
[    1.149641] kvm-clock: cpu 12, msr 10ea9301, secondary cpu clock
[    2.363090] kvm-guest: stealtime: cpu 12, msr 1f51b600
[    2.379415]  #13
[    1.149641] kvm-clock: cpu 13, msr 10ea9341, secondary cpu clock
[    2.402060] kvm-guest: stealtime: cpu 13, msr 1f55b600
[    2.417615]  #14
[    1.149641] kvm-clock: cpu 14, msr 10ea9381, secondary cpu clock
[    2.440251] kvm-guest: stealtime: cpu 14, msr 1f59b600
[    2.455823]  #15
[    1.149641] kvm-clock: cpu 15, msr 10ea93c1, secondary cpu clock
[    2.478051] kvm-guest: stealtime: cpu 15, msr 1f5db600
[    2.494027] smp: Brought up 1 node, 16 CPUs
[    2.494902] smpboot: Max logical packages: 1
[    2.495902] smpboot: Total of 16 processors activated (63999.96 BogoMIPS)
[    2.504097] devtmpfs: initialized
[    2.506159] calling  ipc_ns_init+0x0/0x3d @ 1
[    2.506972] initcall ipc_ns_init+0x0/0x3d returned 0 after 0 usecs
[    2.507906] calling  init_mmap_min_addr+0x0/0x21 @ 1
[    2.508904] initcall init_mmap_min_addr+0x0/0x21 returned 0 after 0 usecs
[    2.509904] calling  pci_realloc_setup_params+0x0/0x3f @ 1
[    2.510905] initcall pci_realloc_setup_params+0x0/0x3f returned 0 after 0 usecs
[    2.511919] calling  net_ns_init+0x0/0x11c @ 1
[    2.514110] initcall net_ns_init+0x0/0x11c returned 0 after 976 usecs
[    2.514923] calling  e820__register_nvs_regions+0x0/0x37 @ 1
[    2.515922] initcall e820__register_nvs_regions+0x0/0x37 returned 0 after 0 usecs
[    2.516904] calling  cpufreq_register_tsc_scaling+0x0/0x2e @ 1
[    2.517906] initcall cpufreq_register_tsc_scaling+0x0/0x2e returned 0 after 0 usecs
[    2.518907] calling  reboot_init+0x0/0x3c @ 1
[    2.519946] initcall reboot_init+0x0/0x3c returned 0 after 0 usecs
[    2.520905] calling  init_lapic_sysfs+0x0/0x20 @ 1
[    2.521905] initcall init_lapic_sysfs+0x0/0x20 returned 0 after 0 usecs
[    2.522905] calling  alloc_frozen_cpus+0x0/0x7 @ 1
[    2.523904] initcall alloc_frozen_cpus+0x0/0x7 returned 0 after 0 usecs
[    2.524905] calling  cpu_hotplug_pm_sync_init+0x0/0x13 @ 1
[    2.525905] initcall cpu_hotplug_pm_sync_init+0x0/0x13 returned 0 after 0 usecs
[    2.526906] calling  wq_sysfs_init+0x0/0x2a @ 1
[    2.528931] initcall wq_sysfs_init+0x0/0x2a returned 0 after 976 usecs
[    2.529906] calling  ksysfs_init+0x0/0x92 @ 1
[    2.530916] initcall ksysfs_init+0x0/0x92 returned 0 after 0 usecs
[    2.531904] calling  schedutil_gov_init+0x0/0xc @ 1
[    2.532945] initcall schedutil_gov_init+0x0/0xc returned 0 after 0 usecs
[    2.533906] calling  pm_init+0x0/0x76 @ 1
[    2.535029] initcall pm_init+0x0/0x76 returned 0 after 0 usecs
[    2.535905] calling  pm_disk_init+0x0/0x13 @ 1
[    2.536927] initcall pm_disk_init+0x0/0x13 returned 0 after 0 usecs
[    2.537906] calling  swsusp_header_init+0x0/0x2b @ 1
[    2.538910] initcall swsusp_header_init+0x0/0x2b returned 0 after 0 usecs
[    2.539908] calling  rcu_set_runtime_mode+0x0/0x16 @ 1
[    2.540911] initcall rcu_set_runtime_mode+0x0/0x16 returned 0 after 0 usecs
[    2.541905] calling  init_jiffies_clocksource+0x0/0x13 @ 1
[    2.542902] clocksource: jiffies: mask: 0xffffffff max_cycles: 0xffffffff, max_idle_ns: 1911260446275000 ns
[    2.543905] initcall init_jiffies_clocksource+0x0/0x13 returned 0 after 976 usecs
[    2.544904] calling  futex_init+0x0/0xf7 @ 1
[    2.545907] futex hash table entries: 4096 (order: 6, 262144 bytes, linear)
[    2.548141] initcall futex_init+0x0/0xf7 returned 0 after 1953 usecs
[    2.548904] calling  cgroup_wq_init+0x0/0x28 @ 1
[    2.549916] initcall cgroup_wq_init+0x0/0x28 returned 0 after 0 usecs
[    2.550903] calling  cgroup1_wq_init+0x0/0x28 @ 1
[    2.551916] initcall cgroup1_wq_init+0x0/0x28 returned 0 after 0 usecs
[    2.552909] calling  init_kprobe_trace_early+0x0/0x2a @ 1
[    2.553910] initcall init_kprobe_trace_early+0x0/0x2a returned 0 after 0 usecs
[    2.554931] calling  fsnotify_init+0x0/0x48 @ 1
[    2.555944] initcall fsnotify_init+0x0/0x48 returned 0 after 0 usecs
[    2.556907] calling  filelock_init+0x0/0x96 @ 1
[    2.557925] initcall filelock_init+0x0/0x96 returned 0 after 0 usecs
[    2.558906] calling  init_misc_binfmt+0x0/0x2c @ 1
[    2.559907] initcall init_misc_binfmt+0x0/0x2c returned 0 after 0 usecs
[    2.560905] calling  init_script_binfmt+0x0/0x15 @ 1
[    2.561922] initcall init_script_binfmt+0x0/0x15 returned 0 after 0 usecs
[    2.562903] calling  init_elf_binfmt+0x0/0x15 @ 1
[    2.563904] initcall init_elf_binfmt+0x0/0x15 returned 0 after 0 usecs
[    2.564903] calling  init_compat_elf_binfmt+0x0/0x15 @ 1
[    2.565903] initcall init_compat_elf_binfmt+0x0/0x15 returned 0 after 0 usecs
[    2.566904] calling  debugfs_init+0x0/0x5c @ 1
[    2.567908] initcall debugfs_init+0x0/0x5c returned 0 after 0 usecs
[    2.569902] calling  tracefs_init+0x0/0x3a @ 1
[    2.570908] initcall tracefs_init+0x0/0x3a returned 0 after 0 usecs
[    2.571905] calling  prandom_init_early+0x0/0x15d @ 1
[    2.572906] initcall prandom_init_early+0x0/0x15d returned 0 after 0 usecs
[    2.574017] calling  virtio_init+0x0/0x20 @ 1
[    2.574918] initcall virtio_init+0x0/0x20 returned 0 after 0 usecs
[    2.575906] calling  iommu_init+0x0/0x2a @ 1
[    2.576909] initcall iommu_init+0x0/0x2a returned 0 after 0 usecs
[    2.577905] calling  component_debug_init+0x0/0x1c @ 1
[    2.578950] initcall component_debug_init+0x0/0x1c returned 0 after 0 usecs
[    2.579904] calling  early_resume_init+0x0/0xb9 @ 1
[    2.581457] PM: RTC time: 02:52:21, date: 2022-12-13
[    2.581905] initcall early_resume_init+0x0/0xb9 returned 0 after 976 usecs
[    2.582905] calling  cpufreq_core_init+0x0/0x62 @ 1
[    2.583925] initcall cpufreq_core_init+0x0/0x62 returned 0 after 0 usecs
[    2.584904] calling  cpufreq_gov_performance_init+0x0/0xc @ 1
[    2.585904] initcall cpufreq_gov_performance_init+0x0/0xc returned 0 after 0 usecs
[    2.586919] calling  cpufreq_gov_userspace_init+0x0/0xc @ 1
[    2.587904] initcall cpufreq_gov_userspace_init+0x0/0xc returned 0 after 0 usecs
[    2.588902] calling  CPU_FREQ_GOV_ONDEMAND_init+0x0/0xc @ 1
[    2.589905] initcall CPU_FREQ_GOV_ONDEMAND_init+0x0/0xc returned 0 after 0 usecs
[    2.590904] calling  cpuidle_init+0x0/0x1f @ 1
[    2.591941] initcall cpuidle_init+0x0/0x1f returned 0 after 0 usecs
[    2.592903] calling  capsule_reboot_register+0x0/0xc @ 1
[    2.593917] initcall capsule_reboot_register+0x0/0xc returned 0 after 0 usecs
[    2.594902] calling  sock_init+0x0/0x93 @ 1
[    2.597286] initcall sock_init+0x0/0x93 returned 0 after 976 usecs
[    2.597905] calling  net_inuse_init+0x0/0x23 @ 1
[    2.598909] initcall net_inuse_init+0x0/0x23 returned 0 after 0 usecs
[    2.599904] calling  net_defaults_init+0x0/0x23 @ 1
[    2.600905] initcall net_defaults_init+0x0/0x23 returned 0 after 0 usecs
[    2.601904] calling  init_default_flow_dissectors+0x0/0x4f @ 1
[    2.602924] initcall init_default_flow_dissectors+0x0/0x4f returned 0 after 0 usecs
[    2.603905] calling  netpoll_init+0x0/0x26 @ 1
[    2.604905] initcall netpoll_init+0x0/0x26 returned 0 after 0 usecs
[    2.605904] calling  netlink_proto_init+0x0/0x14f @ 1
[    2.607206] NET: Registered protocol family 16
[    2.607923] initcall netlink_proto_init+0x0/0x14f returned 0 after 976 usecs
[    2.608906] calling  genl_init+0x0/0x35 @ 1
[    2.609986] initcall genl_init+0x0/0x35 returned 0 after 0 usecs
[    2.610936] calling  bsp_pm_check_init+0x0/0x13 @ 1
[    2.611905] initcall bsp_pm_check_init+0x0/0x13 returned 0 after 0 usecs
[    2.613932] calling  irq_sysfs_init+0x0/0xb7 @ 1
[    2.615024] initcall irq_sysfs_init+0x0/0xb7 returned 0 after 0 usecs
[    2.615905] calling  audit_init+0x0/0x160 @ 1
[    2.616906] audit: initializing netlink subsys (disabled)
[    2.619337] initcall audit_init+0x0/0x160 returned 0 after 1953 usecs
[    2.619201] audit: type=2000 audit(1670899940.306:1): state=initialized audit_enabled=0 res=1
[    2.619907] calling  release_early_probes+0x0/0x32 @ 1
[    2.619912] initcall release_early_probes+0x0/0x32 returned 0 after 0 usecs
[    2.622909] calling  bdi_class_init+0x0/0x48 @ 1
[    2.623931] initcall bdi_class_init+0x0/0x48 returned 0 after 0 usecs
[    2.624909] calling  mm_sysfs_init+0x0/0x28 @ 1
[    2.625916] initcall mm_sysfs_init+0x0/0x28 returned 0 after 0 usecs
[    2.626907] calling  init_per_zone_wmark_min+0x0/0x6d @ 1
[    2.627910] initcall init_per_zone_wmark_min+0x0/0x6d returned 0 after 0 usecs
[    2.628906] calling  mpi_init+0x0/0x3e @ 1
[    2.629942] initcall mpi_init+0x0/0x3e returned 0 after 0 usecs
[    2.630906] calling  kobject_uevent_init+0x0/0xc @ 1
[    2.631914] initcall kobject_uevent_init+0x0/0xc returned 0 after 0 usecs
[    2.632905] calling  pcibus_class_init+0x0/0x13 @ 1
[    2.633932] initcall pcibus_class_init+0x0/0x13 returned 0 after 0 usecs
[    2.634904] calling  pci_driver_init+0x0/0x21 @ 1
[    2.635942] initcall pci_driver_init+0x0/0x21 returned 0 after 0 usecs
[    2.636905] calling  backlight_class_init+0x0/0xa8 @ 1
[    2.637949] initcall backlight_class_init+0x0/0xa8 returned 0 after 0 usecs
[    2.638906] calling  tty_class_init+0x0/0x33 @ 1
[    2.639920] initcall tty_class_init+0x0/0x33 returned 0 after 0 usecs
[    2.640906] calling  vtconsole_class_init+0x0/0xb5 @ 1
[    2.641978] initcall vtconsole_class_init+0x0/0xb5 returned 0 after 0 usecs
[    2.642905] calling  iommu_dev_init+0x0/0x13 @ 1
[    2.643913] initcall iommu_dev_init+0x0/0x13 returned 0 after 0 usecs
[    2.644906] calling  mipi_dsi_bus_init+0x0/0xc @ 1
[    2.645950] initcall mipi_dsi_bus_init+0x0/0xc returned 0 after 0 usecs
[    2.646922] calling  devlink_class_init+0x0/0x40 @ 1
[    2.647913] initcall devlink_class_init+0x0/0x40 returned 0 after 0 usecs
[    2.648904] calling  software_node_init+0x0/0x2a @ 1
[    2.649909] initcall software_node_init+0x0/0x2a returned 0 after 0 usecs
[    2.650907] calling  wakeup_sources_debugfs_init+0x0/0x23 @ 1
[    2.651912] initcall wakeup_sources_debugfs_init+0x0/0x23 returned 0 after 0 usecs
[    2.652906] calling  wakeup_sources_sysfs_init+0x0/0x2c @ 1
[    2.653922] initcall wakeup_sources_sysfs_init+0x0/0x2c returned 0 after 0 usecs
[    2.654905] calling  register_node_type+0x0/0x13 @ 1
[    2.655967] initcall register_node_type+0x0/0x13 returned 0 after 0 usecs
[    2.656904] calling  regmap_initcall+0x0/0xc @ 1
[    2.657935] initcall regmap_initcall+0x0/0xc returned 0 after 0 usecs
[    2.658925] calling  i2c_init+0x0/0xb3 @ 1
[    2.659922] initcall i2c_init+0x0/0xb3 returned 0 after 0 usecs
[    2.660904] calling  thermal_init+0x0/0xf2 @ 1
[    2.661902] thermal_sys: Registered thermal governor 'step_wise'
[    2.661916] thermal_sys: Registered thermal governor 'user_space'
[    2.662914] initcall thermal_init+0x0/0xf2 returned 0 after 976 usecs
[    2.664907] calling  init_menu+0x0/0xc @ 1
[    2.668144] cpuidle: using governor menu
[    2.672914] initcall init_menu+0x0/0xc returned 0 after 6835 usecs
[    2.680938] calling  pcc_init+0x0/0x4d @ 1
[    2.685910] initcall pcc_init+0x0/0x4d returned -19 after 0 usecs
[    2.693905] calling  amd_postcore_init+0x0/0x11e @ 1
[    2.699908] initcall amd_postcore_init+0x0/0x11e returned 0 after 0 usecs
[    2.708938] calling  bts_init+0x0/0xba @ 1
[    2.713907] initcall bts_init+0x0/0xba returned -19 after 0 usecs
[    2.721907] calling  pt_init+0x0/0x341 @ 1
[    2.726906] initcall pt_init+0x0/0x341 returned -19 after 0 usecs
[    2.733906] calling  boot_params_ksysfs_init+0x0/0x2ee @ 1
[    2.740939] initcall boot_params_ksysfs_init+0x0/0x2ee returned 0 after 0 usecs
[    2.750906] calling  sbf_init+0x0/0xea @ 1
[    2.755905] initcall sbf_init+0x0/0xea returned 0 after 0 usecs
[    2.762905] calling  arch_kdebugfs_init+0x0/0x219 @ 1
[    2.768983] initcall arch_kdebugfs_init+0x0/0x219 returned 0 after 0 usecs
[    2.777905] calling  intel_pconfig_init+0x0/0x85 @ 1
[    2.782905] initcall intel_pconfig_init+0x0/0x85 returned 0 after 0 usecs
[    2.791904] calling  mtrr_if_init+0x0/0x5d @ 1
[    2.796985] initcall mtrr_if_init+0x0/0x5d returned 0 after 0 usecs
[    2.804904] calling  activate_jump_labels+0x0/0x31 @ 1
[    2.810904] initcall activate_jump_labels+0x0/0x31 returned 0 after 0 usecs
[    2.818905] calling  ffh_cstate_init+0x0/0x29 @ 1
[    2.824910] initcall ffh_cstate_init+0x0/0x29 returned 0 after 0 usecs
[    2.832905] calling  activate_jump_labels+0x0/0x31 @ 1
[    2.839915] initcall activate_jump_labels+0x0/0x31 returned 0 after 976 usecs
[    2.848904] calling  kvm_alloc_cpumask+0x0/0x74 @ 1
[    2.854953] initcall kvm_alloc_cpumask+0x0/0x74 returned 0 after 0 usecs
[    2.862905] calling  kcmp_cookies_init+0x0/0x37 @ 1
[    2.868910] initcall kcmp_cookies_init+0x0/0x37 returned 0 after 0 usecs
[    2.874906] calling  cryptomgr_init+0x0/0xc @ 1
[    2.879942] initcall cryptomgr_init+0x0/0xc returned 0 after 976 usecs
[    2.887905] calling  acpi_pci_init+0x0/0x57 @ 1
[    2.893903] ACPI: bus type PCI registered
[    2.898905] initcall acpi_pci_init+0x0/0x57 returned 0 after 4882 usecs
[    2.906906] calling  dma_channel_table_init+0x0/0xd1 @ 1
[    2.912916] initcall dma_channel_table_init+0x0/0xd1 returned 0 after 0 usecs
[    2.921904] calling  dma_bus_init+0x0/0xdc @ 1
[    2.928139] initcall dma_bus_init+0x0/0xdc returned 0 after 0 usecs
[    2.933966] calling  iommu_dma_init+0x0/0x10 @ 1
[    2.939928] initcall iommu_dma_init+0x0/0x10 returned 0 after 0 usecs
[    2.947908] calling  dmi_id_init+0x0/0x37c @ 1
[    2.954075] initcall dmi_id_init+0x0/0x37c returned 0 after 0 usecs
[    2.961907] calling  pci_arch_init+0x0/0x71 @ 1
[    2.969055] PCI: MMCONFIG for domain 0000 [bus 00-ff] at [mem 0xb0000000-0xbfffffff] (base 0xb0000000)
[    2.980910] PCI: MMCONFIG at [mem 0xb0000000-0xbfffffff] reserved in E820
[    2.988975] PCI: Using configuration type 1 for base access
[    2.995942] initcall pci_arch_init+0x0/0x71 returned 0 after 27343 usecs
[    3.004936] calling  init_vdso+0x0/0x13 @ 1
[    3.011145] initcall init_vdso+0x0/0x13 returned 0 after 0 usecs
[    3.015908] calling  sysenter_setup+0x0/0x13 @ 1
[    3.021087] initcall sysenter_setup+0x0/0x13 returned 0 after 1953 usecs
[    3.030907] calling  fixup_ht_bug+0x0/0xe5 @ 1
[    3.036908] initcall fixup_ht_bug+0x0/0xe5 returned 0 after 0 usecs
[    3.044908] calling  topology_init+0x0/0x88 @ 1
[    3.053763] initcall topology_init+0x0/0x88 returned 0 after 976 usecs
[    3.061907] calling  intel_epb_init+0x0/0x68 @ 1
[    3.067906] initcall intel_epb_init+0x0/0x68 returned -19 after 0 usecs
[    3.075906] calling  mtrr_init_finialize+0x0/0x3e @ 1
[    3.081992] initcall mtrr_init_finialize+0x0/0x3e returned 0 after 0 usecs
[    3.090907] calling  uid_cache_init+0x0/0x81 @ 1
[    3.096915] initcall uid_cache_init+0x0/0x81 returned 0 after 0 usecs
[    3.104908] calling  param_sysfs_init+0x0/0x1ba @ 1
[    3.132896] initcall param_sysfs_init+0x0/0x1ba returned 0 after 21484 usecs
[    3.141086] calling  user_namespace_sysctl_init+0x0/0x33 @ 1
[    3.149919] initcall user_namespace_sysctl_init+0x0/0x33 returned 0 after 0 usecs
[    3.158937] calling  proc_schedstat_init+0x0/0x24 @ 1
[    3.161913] initcall proc_schedstat_init+0x0/0x24 returned 0 after 0 usecs
[    3.163908] calling  pm_sysrq_init+0x0/0x18 @ 1
[    3.177675] initcall pm_sysrq_init+0x0/0x18 returned 0 after 8789 usecs
[    3.188071] calling  create_proc_profile+0x0/0xd0 @ 1
[    3.194917] initcall create_proc_profile+0x0/0xd0 returned 0 after 0 usecs
[    3.203910] calling  time_ns_init+0x0/0x7 @ 1
[    3.207909] initcall time_ns_init+0x0/0x7 returned 0 after 0 usecs
[    3.215909] calling  crash_save_vmcoreinfo_init+0x0/0x722 @ 1
[    3.226148] initcall crash_save_vmcoreinfo_init+0x0/0x722 returned 0 after 0 usecs
[    3.236906] calling  crash_notes_memory_init+0x0/0x35 @ 1
[    3.242914] initcall crash_notes_memory_init+0x0/0x35 returned 0 after 0 usecs
[    3.251905] calling  cgroup_sysfs_init+0x0/0x13 @ 1
[    3.258341] initcall cgroup_sysfs_init+0x0/0x13 returned 0 after 0 usecs
[    3.261905] calling  cgroup_namespaces_init+0x0/0x7 @ 1
[    3.270904] initcall cgroup_namespaces_init+0x0/0x7 returned 0 after 0 usecs
[    3.279905] calling  init_optprobes+0x0/0x13 @ 1
[    3.285903] Kprobes globally optimized
[    3.290907] initcall init_optprobes+0x0/0x13 returned 0 after 4882 usecs
[    3.297912] calling  oom_init+0x0/0x2f @ 1
[    3.309301] initcall oom_init+0x0/0x2f returned 0 after 5859 usecs
[    3.317907] calling  default_bdi_init+0x0/0xb3 @ 1
[    3.331924] initcall default_bdi_init+0x0/0xb3 returned 0 after 8789 usecs
[    3.338908] calling  percpu_enable_async+0x0/0xe @ 1
[    3.345905] initcall percpu_enable_async+0x0/0xe returned 0 after 0 usecs
[    3.353905] calling  kcompactd_init+0x0/0x8d @ 1
[    3.363906] initcall kcompactd_init+0x0/0x8d returned 0 after 5859 usecs
[    3.372144] calling  init_user_reserve+0x0/0x40 @ 1
[    3.376908] initcall init_user_reserve+0x0/0x40 returned 0 after 0 usecs
[    3.384906] calling  init_admin_reserve+0x0/0x40 @ 1
[    3.389904] initcall init_admin_reserve+0x0/0x40 returned 0 after 0 usecs
[    3.398907] calling  init_reserve_notifier+0x0/0x7 @ 1
[    3.405906] initcall init_reserve_notifier+0x0/0x7 returned 0 after 0 usecs
[    3.414908] calling  swap_init_sysfs+0x0/0x62 @ 1
[    3.418919] initcall swap_init_sysfs+0x0/0x62 returned 0 after 0 usecs
[    3.426909] calling  swapfile_init+0x0/0x94 @ 1
[    3.430910] initcall swapfile_init+0x0/0x94 returned 0 after 0 usecs
[    3.437907] calling  hugetlb_init+0x0/0x496 @ 1
[    3.442919] HugeTLB registered 2.00 MiB page size, pre-allocated 0 pages
[    3.450983] initcall hugetlb_init+0x0/0x496 returned 0 after 7812 usecs
[    3.459908] calling  io_wq_init+0x0/0x34 @ 1
[    3.462908] initcall io_wq_init+0x0/0x34 returned 0 after 0 usecs
[    3.471908] calling  seqiv_module_init+0x0/0xc @ 1
[    3.478908] initcall seqiv_module_init+0x0/0xc returned 0 after 0 usecs
[    3.487907] calling  echainiv_module_init+0x0/0xc @ 1
[    3.494910] initcall echainiv_module_init+0x0/0xc returned 0 after 0 usecs
[    3.500307] calling  rsa_init+0x0/0x50 @ 1
[    3.512469] initcall rsa_init+0x0/0x50 returned 0 after 5859 usecs
[    3.512722] cryptomgr_test (118) used greatest stack depth: 15504 bytes left
[    3.519911] calling  crypto_cmac_module_init+0x0/0xc @ 1
[    3.519915] initcall crypto_cmac_module_init+0x0/0xc returned 0 after 0 usecs
[    3.519917] calling  hmac_module_init+0x0/0xc @ 1
[    3.519919] initcall hmac_module_init+0x0/0xc returned 0 after 0 usecs
[    3.519921] calling  crypto_null_mod_init+0x0/0x65 @ 1
[    3.525966] initcall crypto_null_mod_init+0x0/0x65 returned 0 after 5859 usecs
[    3.567897] calling  md5_mod_init+0x0/0xc @ 1
[    3.592913] initcall md5_mod_init+0x0/0xc returned 0 after 17578 usecs
[    3.603912] calling  sha256_generic_mod_init+0x0/0x11 @ 1
[    3.615063] initcall sha256_generic_mod_init+0x0/0x11 returned 0 after 2929 usecs
[    3.629922] calling  crypto_cbc_module_init+0x0/0xc @ 1
[    3.636952] initcall crypto_cbc_module_init+0x0/0xc returned 0 after 0 usecs
[    3.646907] calling  crypto_ctr_module_init+0x0/0x11 @ 1
[    3.655911] initcall crypto_ctr_module_init+0x0/0x11 returned 0 after 0 usecs
[    3.666913] calling  crypto_gcm_module_init+0x0/0x64 @ 1
[    3.675052] initcall crypto_gcm_module_init+0x0/0x64 returned 0 after 0 usecs
[    3.684909] calling  crypto_ccm_module_init+0x0/0x11 @ 1
[    3.692907] initcall crypto_ccm_module_init+0x0/0x11 returned 0 after 0 usecs
[    3.702924] calling  aes_init+0x0/0xc @ 1
[    3.709178] initcall aes_init+0x0/0xc returned 0 after 976 usecs
[    3.716907] calling  crc32c_mod_init+0x0/0xc @ 1
[    3.724090] initcall crc32c_mod_init+0x0/0xc returned 0 after 976 usecs
[    3.732917] calling  crypto_authenc_module_init+0x0/0xc @ 1
[    3.739915] initcall crypto_authenc_module_init+0x0/0xc returned 0 after 0 usecs
[    3.749908] calling  crypto_authenc_esn_module_init+0x0/0xc @ 1
[    3.756908] initcall crypto_authenc_esn_module_init+0x0/0xc returned 0 after 0 usecs
[    3.766907] calling  drbg_init+0x0/0x7c @ 1
[    3.787046] initcall drbg_init+0x0/0x7c returned 0 after 14648 usecs
[    3.794907] calling  ghash_mod_init+0x0/0xc @ 1
[    3.802060] initcall ghash_mod_init+0x0/0xc returned 0 after 976 usecs
[    3.810909] calling  init_bio+0x0/0x9a @ 1
[    3.818739] initcall init_bio+0x0/0x9a returned 0 after 2929 usecs
[    3.826905] calling  blk_settings_init+0x0/0x29 @ 1
[    3.832905] initcall blk_settings_init+0x0/0x29 returned 0 after 0 usecs
[    3.838905] calling  blk_ioc_init+0x0/0x29 @ 1
[    3.842996] initcall blk_ioc_init+0x0/0x29 returned 0 after 0 usecs
[    3.849938] calling  blk_mq_init+0x0/0xb9 @ 1
[    3.856222] initcall blk_mq_init+0x0/0xb9 returned 0 after 0 usecs
[    3.863906] calling  genhd_device_init+0x0/0x75 @ 1
[    3.893205] initcall genhd_device_init+0x0/0x75 returned 0 after 21484 usecs
[    3.902121] calling  pci_slot_init+0x0/0x40 @ 1
[    3.909484] initcall pci_slot_init+0x0/0x40 returned 0 after 976 usecs
[    3.914911] calling  fbmem_init+0x0/0xd8 @ 1
[    3.931220] initcall fbmem_init+0x0/0xd8 returned 0 after 9765 usecs
[    3.938907] calling  acpi_init+0x0/0x319 @ 1
[    3.950429] ACPI: Added _OSI(Module Device)
[    3.956904] ACPI: Added _OSI(Processor Device)
[    3.963903] ACPI: Added _OSI(3.0 _SCP Extensions)
[    3.971904] ACPI: Added _OSI(Processor Aggregator Device)
[    3.977130] ACPI: Added _OSI(Linux-Dell-Video)
[    3.984906] ACPI: Added _OSI(Linux-Lenovo-NV-HDMI-Audio)
[    3.996907] ACPI: Added _OSI(Linux-HPI-Hybrid-Graphics)
[    4.014454] ACPI: 1 ACPI AML tables successfully acquired and loaded
[    4.040580] ACPI: Interpreter enabled
[    4.046656] ACPI: (supports S0 S3 S4 S5)
[    4.052028] ACPI: Using IOAPIC for interrupt routing
[    4.058385] PCI: Using host bridge windows from ACPI; if necessary, use "pci=nocrs" and report a bug
[    4.070172] ACPI: Enabled 2 GPEs in block 00 to 3F
[    4.093853] ACPI: PCI Root Bridge [PCI0] (domain 0000 [bus 00-ff])
[    4.102955] acpi PNP0A08:00: _OSC: OS supports [ExtendedConfig ASPM ClockPM Segments MSI HPX-Type3]
[    4.113981] acpi PNP0A08:00: _OSC: platform does not support [LTR]
[    4.121970] acpi PNP0A08:00: _OSC: OS now controls [PME PCIeCapability]
[    4.131292] PCI host bridge to bus 0000:00
[    4.135938] pci_bus 0000:00: root bus resource [io  0x0000-0x0cf7 window]
[    4.144921] pci_bus 0000:00: root bus resource [io  0x0d00-0xffff window]
[    4.153903] pci_bus 0000:00: root bus resource [mem 0x000a0000-0x000bffff window]
[    4.162903] pci_bus 0000:00: root bus resource [mem 0x20000000-0xafffffff window]
[    4.172903] pci_bus 0000:00: root bus resource [mem 0xc0000000-0xfebfffff window]
[    4.181903] pci_bus 0000:00: root bus resource [mem 0x100000000-0x8ffffffff window]
[    4.190902] pci_bus 0000:00: root bus resource [bus 00-ff]
[    4.198562] pci 0000:00:00.0: calling  quirk_mmio_always_on+0x0/0x10 @ 1
[    4.207921] pci 0000:00:00.0: quirk_mmio_always_on+0x0/0x10 took 0 usecs
[    4.215921] pci 0000:00:00.0: [8086:29c0] type 00 class 0x060000
[    4.226714] pci 0000:00:00.0: calling  quirk_igfx_skip_te_disable+0x0/0x80 @ 1
[    4.237141] pci 0000:00:00.0: quirk_igfx_skip_te_disable+0x0/0x80 took 0 usecs
[    4.250750] pci 0000:00:01.0: [1234:1111] type 00 class 0x030000
[    4.273897] pci 0000:00:01.0: reg 0x10: [mem 0xfd000000-0xfdffffff pref]
[    4.303897] pci 0000:00:01.0: reg 0x18: [mem 0xfebf0000-0xfebf0fff]
[    4.348722] pci 0000:00:01.0: reg 0x30: [mem 0xfebe0000-0xfebeffff pref]
[    4.360481] pci 0000:00:01.0: calling  efifb_fixup_resources+0x0/0xf0 @ 1
[    4.369945] pci 0000:00:01.0: efifb_fixup_resources+0x0/0xf0 took 0 usecs
[    4.390945] pci 0000:00:1f.0: [8086:2918] type 00 class 0x060100
[    4.404096] pci 0000:00:1f.0: calling  quirk_ich7_lpc+0x0/0x60 @ 1
[    4.412179] pci 0000:00:1f.0: quirk: [io  0x0600-0x067f] claimed by ICH6 ACPI/GPIO/TCO
[    4.423071] pci 0000:00:1f.0: quirk_ich7_lpc+0x0/0x60 took 10742 usecs
[    4.431046] pci 0000:00:1f.0: calling  quirk_igfx_skip_te_disable+0x0/0x80 @ 1
[    4.439960] pci 0000:00:1f.0: quirk_igfx_skip_te_disable+0x0/0x80 took 0 usecs
[    4.451902] pci 0000:00:1f.2: [8086:2922] type 00 class 0x010601
[    4.468906] pci 0000:00:1f.2: reg 0x20: [io  0xc040-0xc05f]
[    4.475729] pci 0000:00:1f.2: reg 0x24: [mem 0xfebf1000-0xfebf1fff]
[    4.486103] pci 0000:00:1f.2: calling  quirk_igfx_skip_te_disable+0x0/0x80 @ 1
[    4.495910] pci 0000:00:1f.2: quirk_igfx_skip_te_disable+0x0/0x80 took 0 usecs
[    4.509635] pci 0000:00:1f.3: [8086:2930] type 00 class 0x0c0500
[    4.524391] pci 0000:00:1f.3: reg 0x20: [io  0x0700-0x073f]
[    4.533134] pci 0000:00:1f.3: calling  quirk_igfx_skip_te_disable+0x0/0x80 @ 1
[    4.544909] pci 0000:00:1f.3: quirk_igfx_skip_te_disable+0x0/0x80 took 0 usecs
[    4.559124] ACPI: PCI Interrupt Link [LNKA] (IRQs 5 *10 11)
[    4.566904] ACPI: PCI Interrupt Link [LNKB] (IRQs 5 *10 11)
[    4.573125] ACPI: PCI Interrupt Link [LNKC] (IRQs 5 10 *11)
[    4.581352] ACPI: PCI Interrupt Link [LNKD] (IRQs 5 10 *11)
[    4.590269] ACPI: PCI Interrupt Link [LNKE] (IRQs 5 *10 11)
[    4.597235] ACPI: PCI Interrupt Link [LNKF] (IRQs 5 *10 11)
[    4.605921] ACPI: PCI Interrupt Link [LNKG] (IRQs 5 10 *11)
[    4.614345] ACPI: PCI Interrupt Link [LNKH] (IRQs 5 10 *11)
[    4.623265] ACPI: PCI Interrupt Link [GSIA] (IRQs *16)
[    4.629917] ACPI: PCI Interrupt Link [GSIB] (IRQs *17)
[    4.637020] ACPI: PCI Interrupt Link [GSIC] (IRQs *18)
[    4.643916] ACPI: PCI Interrupt Link [GSID] (IRQs *19)
[    4.652052] ACPI: PCI Interrupt Link [GSIE] (IRQs *20)
[    4.657917] ACPI: PCI Interrupt Link [GSIF] (IRQs *21)
[    4.664955] ACPI: PCI Interrupt Link [GSIG] (IRQs *22)
[    4.671952] ACPI: PCI Interrupt Link [GSIH] (IRQs *23)
[    4.686536] initcall acpi_init+0x0/0x319 returned 0 after 721679 usecs
[    4.696124] calling  pnp_init+0x0/0xc @ 1
[    4.701147] initcall pnp_init+0x0/0xc returned 0 after 0 usecs
[    4.708905] calling  misc_init+0x0/0xbf @ 1
[    4.714210] initcall misc_init+0x0/0xbf returned 0 after 976 usecs
[    4.722904] calling  iommu_subsys_init+0x0/0x4e @ 1
[    4.729018] iommu: Default domain type: Translated 
[    4.734904] initcall iommu_subsys_init+0x0/0x4e returned 0 after 5859 usecs
[    4.743917] calling  vga_arb_device_init+0x0/0x261 @ 1
[    4.753052] pci 0000:00:01.0: vgaarb: setting as boot VGA device
[    4.760903] pci 0000:00:01.0: vgaarb: VGA device added: decodes=io+mem,owns=io+mem,locks=none
[    4.772095] pci 0000:00:01.0: vgaarb: bridge control possible
[    4.778902] vgaarb: loaded
[    4.782906] initcall vga_arb_device_init+0x0/0x261 returned 0 after 32226 usecs
[    4.791997] calling  cn_init+0x0/0xf0 @ 1
[    4.799438] initcall cn_init+0x0/0xf0 returned 0 after 0 usecs
[    4.807947] calling  dma_buf_init+0x0/0xad @ 1
[    4.823904] initcall dma_buf_init+0x0/0xad returned 0 after 8789 usecs
[    4.831910] calling  init_scsi+0x0/0x79 @ 1
[    4.837259] SCSI subsystem initialized
[    4.841904] initcall init_scsi+0x0/0x79 returned 0 after 4882 usecs
[    4.849906] calling  ata_init+0x0/0x332 @ 1
[    4.856104] libata version 3.00 loaded.
[    4.861908] initcall ata_init+0x0/0x332 returned 0 after 6835 usecs
[    4.870908] calling  phy_init+0x0/0x250 @ 1
[    4.876186] initcall phy_init+0x0/0x250 returned 0 after 0 usecs
[    4.883908] calling  init_pcmcia_cs+0x0/0x35 @ 1
[    4.889041] initcall init_pcmcia_cs+0x0/0x35 returned 0 after 0 usecs
[    4.896905] calling  usb_common_init+0x0/0x1c @ 1
[    4.902959] initcall usb_common_init+0x0/0x1c returned 0 after 0 usecs
[    4.910905] calling  usb_init+0x0/0x12e @ 1
[    4.915945] ACPI: bus type USB registered
[    4.921144] usbcore: registered new interface driver usbfs
[    4.928004] usbcore: registered new interface driver hub
[    4.934941] usbcore: registered new device driver usb
[    4.940909] initcall usb_init+0x0/0x12e returned 0 after 24414 usecs
[    4.947905] calling  serio_init+0x0/0x29 @ 1
[    4.953950] initcall serio_init+0x0/0x29 returned 0 after 0 usecs
[    4.960902] calling  input_init+0x0/0xf6 @ 1
[    4.967074] initcall input_init+0x0/0xf6 returned 0 after 0 usecs
[    4.973906] calling  rtc_init+0x0/0x4d @ 1
[    4.979927] initcall rtc_init+0x0/0x4d returned 0 after 0 usecs
[    4.986907] calling  pps_init+0x0/0xa9 @ 1
[    4.992041] pps_core: LinuxPPS API ver. 1 registered
[    4.997901] pps_core: Software ver. 5.3.6 - Copyright 2005-2007 Rodolfo Giometti <giometti@linux.it>
[    5.009929] initcall pps_init+0x0/0xa9 returned 0 after 17578 usecs
[    5.019909] calling  ptp_init+0x0/0x98 @ 1
[    5.025917] PTP clock support registered
[    5.031904] initcall ptp_init+0x0/0x98 returned 0 after 5859 usecs
[    5.041907] calling  power_supply_class_init+0x0/0x3f @ 1
[    5.050049] initcall power_supply_class_init+0x0/0x3f returned 0 after 0 usecs
[    5.060906] calling  hwmon_init+0x0/0x104 @ 1
[    5.067936] initcall hwmon_init+0x0/0x104 returned 0 after 0 usecs
[    5.076905] calling  md_init+0x0/0x16b @ 1
[    5.085286] initcall md_init+0x0/0x16b returned 0 after 1953 usecs
[    5.094906] calling  leds_init+0x0/0x3b @ 1
[    5.102024] initcall leds_init+0x0/0x3b returned 0 after 0 usecs
[    5.111904] calling  dmi_init+0x0/0x113 @ 1
[    5.118104] initcall dmi_init+0x0/0x113 returned 0 after 0 usecs
[    5.127906] calling  efisubsys_init+0x0/0x4e7 @ 1
[    5.135043] initcall efisubsys_init+0x0/0x4e7 returned 0 after 0 usecs
[    5.144905] calling  nvmem_init+0x0/0xc @ 1
[    5.152073] initcall nvmem_init+0x0/0xc returned 0 after 0 usecs
[    5.160904] calling  init_soundcore+0x0/0x33 @ 1
[    5.168916] initcall init_soundcore+0x0/0x33 returned 0 after 0 usecs
[    5.178905] calling  alsa_sound_init+0x0/0x8f @ 1
[    5.185971] Advanced Linux Sound Architecture Driver Initialized.
[    5.193905] initcall alsa_sound_init+0x0/0x8f returned 0 after 7812 usecs
[    5.202908] calling  alsa_seq_device_init+0x0/0x71 @ 1
[    5.211060] initcall alsa_seq_device_init+0x0/0x71 returned 0 after 0 usecs
[    5.221908] calling  hda_bus_init+0x0/0xc @ 1
[    5.228954] initcall hda_bus_init+0x0/0xc returned 0 after 0 usecs
[    5.237911] calling  proto_init+0x0/0xc @ 1
[    5.242985] initcall proto_init+0x0/0xc returned 0 after 0 usecs
[    5.249905] calling  net_dev_init+0x0/0x209 @ 1
[    5.257945] initcall net_dev_init+0x0/0x209 returned 0 after 1953 usecs
[    5.265904] calling  neigh_init+0x0/0x84 @ 1
[    5.270984] initcall neigh_init+0x0/0x84 returned 0 after 0 usecs
[    5.278906] calling  fib_notifier_init+0x0/0xc @ 1
[    5.286927] initcall fib_notifier_init+0x0/0xc returned 0 after 0 usecs
[    5.295908] calling  fib_rules_init+0x0/0xab @ 1
[    5.301939] initcall fib_rules_init+0x0/0xab returned 0 after 0 usecs
[    5.310908] calling  pktsched_init+0x0/0x10e @ 1
[    5.316966] initcall pktsched_init+0x0/0x10e returned 0 after 0 usecs
[    5.325908] calling  tc_filter_init+0x0/0xfa @ 1
[    5.331906] initcall tc_filter_init+0x0/0xfa returned 0 after 0 usecs
[    5.340907] calling  tc_action_init+0x0/0x54 @ 1
[    5.346909] initcall tc_action_init+0x0/0x54 returned 0 after 0 usecs
[    5.355908] calling  ethnl_init+0x0/0x52 @ 1
[    5.362094] initcall ethnl_init+0x0/0x52 returned 0 after 0 usecs
[    5.369907] calling  nexthop_init+0x0/0xd8 @ 1
[    5.375106] initcall nexthop_init+0x0/0xd8 returned 0 after 976 usecs
[    5.383921] calling  cipso_v4_init+0x0/0x5d @ 1
[    5.390063] initcall cipso_v4_init+0x0/0x5d returned 0 after 0 usecs
[    5.396922] calling  ieee80211_init+0x0/0x24 @ 1
[    5.403189] initcall ieee80211_init+0x0/0x24 returned 0 after 976 usecs
[    5.411907] calling  netlbl_init+0x0/0x78 @ 1
[    5.417936] NetLabel: Initializing
[    5.422902] NetLabel:  domain hash size = 128
[    5.427902] NetLabel:  protocols = UNLABELED CIPSOv4 CALIPSO
[    5.436095] NetLabel:  unlabeled traffic allowed by default
[    5.442911] initcall netlbl_init+0x0/0x78 returned 0 after 24414 usecs
[    5.450905] calling  rfkill_init+0x0/0x111 @ 1
[    5.458301] initcall rfkill_init+0x0/0x111 returned 0 after 976 usecs
[    5.468909] calling  pci_subsys_init+0x0/0x66 @ 1
[    5.475967] PCI: Using ACPI for IRQ routing
[    6.203905] PCI: pci_cache_line_size set to 64 bytes
[    6.213608] e820: reserve RAM buffer [mem 0x0009fc00-0x0009ffff]
[    6.221250] e820: reserve RAM buffer [mem 0x1ffdf000-0x1fffffff]
[    6.229545] initcall pci_subsys_init+0x0/0x66 returned 0 after 735351 usecs
[    6.241904] calling  nmi_warning_debugfs+0x0/0x26 @ 1
[    6.249005] initcall nmi_warning_debugfs+0x0/0x26 returned 0 after 976 usecs
[    6.258924] calling  save_microcode_in_initrd+0x0/0x51 @ 1
[    6.266136] initcall save_microcode_in_initrd+0x0/0x51 returned 0 after 0 usecs
[    6.274920] calling  hpet_late_init+0x0/0x207 @ 1
[    6.281906] hpet: 3 channels of 0 reserved for per-cpu timers
[    6.290236] hpet0: at MMIO 0xfed00000, IRQs 2, 8, 0
[    6.295905] hpet0: 3 comparators, 64-bit 100.000000 MHz counter
[    6.306908] initcall hpet_late_init+0x0/0x207 returned 0 after 24414 usecs
[    6.315905] calling  init_amd_nbs+0x0/0x11c @ 1
[    6.323072] initcall init_amd_nbs+0x0/0x11c returned 0 after 0 usecs
[    6.330938] calling  clocksource_done_booting+0x0/0x41 @ 1
[    6.343763] clocksource: Switched to clocksource kvm-clock
[    6.351554] initcall clocksource_done_booting+0x0/0x41 returned 0 after 12354 usecs
[    6.352184] calling  tracer_init_tracefs+0x0/0x242 @ 1
[    6.630503] initcall tracer_init_tracefs+0x0/0x242 returned 0 after 257116 usecs
[    6.639735] calling  init_trace_printk_function_export+0x0/0x2c @ 1
[    6.647333] initcall init_trace_printk_function_export+0x0/0x2c returned 0 after 10 usecs
[    6.657098] calling  init_kprobe_trace+0x0/0x1a9 @ 1
[    6.663181] initcall init_kprobe_trace+0x0/0x1a9 returned 0 after 89 usecs
[    6.671361] calling  init_dynamic_event+0x0/0x3d @ 1
[    6.677471] initcall init_dynamic_event+0x0/0x3d returned 0 after 6 usecs
[    6.685467] calling  init_uprobe_trace+0x0/0x5c @ 1
[    6.691452] initcall init_uprobe_trace+0x0/0x5c returned 0 after 111 usecs
[    6.699461] calling  init_pipe_fs+0x0/0x44 @ 1
[    6.705132] initcall init_pipe_fs+0x0/0x44 returned 0 after 488 usecs
[    6.712584] calling  inotify_user_setup+0x0/0x47 @ 1
[    6.718457] initcall inotify_user_setup+0x0/0x47 returned 0 after 90 usecs
[    6.726288] calling  eventpoll_init+0x0/0xd4 @ 1
[    6.732299] initcall eventpoll_init+0x0/0xd4 returned 0 after 179 usecs
[    6.740545] calling  anon_inode_init+0x0/0x58 @ 1
[    6.746302] initcall anon_inode_init+0x0/0x58 returned 0 after 76 usecs
[    6.754162] calling  proc_locks_init+0x0/0x27 @ 1
[    6.760464] initcall proc_locks_init+0x0/0x27 returned 0 after 391 usecs
[    6.768556] calling  iomap_init+0x0/0x1b @ 1
[    6.776302] initcall iomap_init+0x0/0x1b returned 0 after 2321 usecs
[    6.784271] calling  dquot_init+0x0/0x106 @ 1
[    6.789474] VFS: Disk quotas dquot_6.6.0
[    6.795206] VFS: Dquot-cache hash table entries: 512 (order 0, 4096 bytes)
[    6.803460] initcall dquot_init+0x0/0x106 returned 0 after 13655 usecs
[    6.811446] calling  quota_init+0x0/0x23 @ 1
[    6.817008] initcall quota_init+0x0/0x23 returned 0 after 518 usecs
[    6.824433] calling  proc_cmdline_init+0x0/0x21 @ 1
[    6.830297] initcall proc_cmdline_init+0x0/0x21 returned 0 after 22 usecs
[    6.838105] calling  proc_consoles_init+0x0/0x24 @ 1
[    6.844063] initcall proc_consoles_init+0x0/0x24 returned 0 after 49 usecs
[    6.852135] calling  proc_cpuinfo_init+0x0/0x1e @ 1
[    6.857777] initcall proc_cpuinfo_init+0x0/0x1e returned 0 after 2 usecs
[    6.865577] calling  proc_devices_init+0x0/0x24 @ 1
[    6.871316] initcall proc_devices_init+0x0/0x24 returned 0 after 14 usecs
[    6.879160] calling  proc_interrupts_init+0x0/0x24 @ 1
[    6.885248] initcall proc_interrupts_init+0x0/0x24 returned 0 after 3 usecs
[    6.893402] calling  proc_loadavg_init+0x0/0x21 @ 1
[    6.899014] initcall proc_loadavg_init+0x0/0x21 returned 0 after 2 usecs
[    6.906789] calling  proc_meminfo_init+0x0/0x21 @ 1
[    6.912585] initcall proc_meminfo_init+0x0/0x21 returned 0 after 2 usecs
[    6.920230] calling  proc_stat_init+0x0/0x1e @ 1
[    6.925767] initcall proc_stat_init+0x0/0x1e returned 0 after 59 usecs
[    6.933385] calling  proc_uptime_init+0x0/0x21 @ 1
[    6.939014] initcall proc_uptime_init+0x0/0x21 returned 0 after 2 usecs
[    6.946730] calling  proc_version_init+0x0/0x21 @ 1
[    6.952541] initcall proc_version_init+0x0/0x21 returned 0 after 2 usecs
[    6.960290] calling  proc_softirqs_init+0x0/0x21 @ 1
[    6.966123] initcall proc_softirqs_init+0x0/0x21 returned 0 after 2 usecs
[    6.974055] calling  proc_kcore_init+0x0/0xea @ 1
[    6.979575] initcall proc_kcore_init+0x0/0xea returned 0 after 59 usecs
[    6.987313] calling  vmcore_init+0x0/0x578 @ 1
[    6.992640] initcall vmcore_init+0x0/0x578 returned 0 after 14 usecs
[    7.000060] calling  proc_kmsg_init+0x0/0x21 @ 1
[    7.005633] initcall proc_kmsg_init+0x0/0x21 returned 0 after 3 usecs
[    7.013371] calling  proc_page_init+0x0/0x3b @ 1
[    7.018889] initcall proc_page_init+0x0/0x3b returned 0 after 2 usecs
[    7.026594] calling  init_ramfs_fs+0x0/0xc @ 1
[    7.032171] initcall init_ramfs_fs+0x0/0xc returned 0 after 82 usecs
[    7.039606] calling  init_hugetlbfs_fs+0x0/0xf6 @ 1
[    7.045954] initcall init_hugetlbfs_fs+0x0/0xf6 returned 0 after 336 usecs
[    7.055778] calling  blk_scsi_ioctl_init+0x0/0x2a5 @ 1
[    7.062128] initcall blk_scsi_ioctl_init+0x0/0x2a5 returned 0 after 105 usecs
[    7.070367] calling  acpi_event_init+0x0/0x2c @ 1
[    7.076472] initcall acpi_event_init+0x0/0x2c returned 0 after 150 usecs
[    7.084484] calling  pnp_system_init+0x0/0xc @ 1
[    7.090747] initcall pnp_system_init+0x0/0xc returned 0 after 675 usecs
[    7.098767] calling  pnpacpi_init+0x0/0x69 @ 1
[    7.104341] pnp: PnP ACPI init
[    7.109720] pnp 00:00: Plug and Play ACPI device, IDs PNP0303 (active)
[    7.117910] pnp 00:01: Plug and Play ACPI device, IDs PNP0f13 (active)
[    7.125812] pnp 00:02: Plug and Play ACPI device, IDs PNP0400 (active)
[    7.133720] pnp 00:03: Plug and Play ACPI device, IDs PNP0501 (active)
[    7.142851] pnp 00:04: Plug and Play ACPI device, IDs PNP0b00 (active)
[    7.151089] system 00:05: [mem 0xb0000000-0xbfffffff window] has been reserved
[    7.159883] system 00:05: Plug and Play ACPI device, IDs PNP0c01 (active)
[    7.172703] pnp: PnP ACPI: found 6 devices
[    7.179204] initcall pnpacpi_init+0x0/0x69 returned 0 after 73150 usecs
[    7.189352] calling  chr_dev_init+0x0/0x14d @ 1
[    7.294468] initcall chr_dev_init+0x0/0x14d returned 0 after 95559 usecs
[    7.304983] calling  firmware_class_init+0x0/0xe7 @ 1
[    7.312910] initcall firmware_class_init+0x0/0xe7 returned 0 after 115 usecs
[    7.321318] calling  init_pcmcia_bus+0x0/0x5b @ 1
[    7.327345] initcall init_pcmcia_bus+0x0/0x5b returned 0 after 419 usecs
[    7.335381] calling  init_acpi_pm_clocksource+0x0/0xda @ 1
[    7.347480] clocksource: acpi_pm: mask: 0xffffff max_cycles: 0xffffff, max_idle_ns: 2085701024 ns
[    7.358124] initcall init_acpi_pm_clocksource+0x0/0xda returned 0 after 15687 usecs
[    7.367193] calling  sysctl_core_init+0x0/0x26 @ 1
[    7.374035] initcall sysctl_core_init+0x0/0x26 returned 0 after 659 usecs
[    7.382612] calling  eth_offload_init+0x0/0x13 @ 1
[    7.388472] initcall eth_offload_init+0x0/0x13 returned 0 after 20 usecs
[    7.396441] calling  ipv4_offload_init+0x0/0x73 @ 1
[    7.403138] initcall ipv4_offload_init+0x0/0x73 returned 0 after 215 usecs
[    7.413484] calling  inet_init+0x0/0x276 @ 1
[    7.420067] NET: Registered protocol family 2
[    7.429461] IP idents hash table entries: 8192 (order: 4, 65536 bytes, linear)
[    7.447305] tcp_listen_portaddr_hash hash table entries: 256 (order: 0, 4096 bytes, linear)
[    7.458012] TCP established hash table entries: 4096 (order: 3, 32768 bytes, linear)
[    7.469881] TCP bind hash table entries: 4096 (order: 4, 65536 bytes, linear)
[    7.480022] TCP: Hash tables configured (established 4096 bind 4096)
[    7.490347] UDP hash table entries: 256 (order: 1, 8192 bytes, linear)
[    7.499191] UDP-Lite hash table entries: 256 (order: 1, 8192 bytes, linear)
[    7.508492] initcall inet_init+0x0/0x276 returned 0 after 87094 usecs
[    7.516496] calling  af_unix_init+0x0/0x4d @ 1
[    7.522005] NET: Registered protocol family 1
[    7.527614] initcall af_unix_init+0x0/0x4d returned 0 after 5496 usecs
[    7.535737] calling  ipv6_offload_init+0x0/0x7e @ 1
[    7.541846] initcall ipv6_offload_init+0x0/0x7e returned 0 after 124 usecs
[    7.550067] calling  init_sunrpc+0x0/0x65 @ 1
[    7.564482] RPC: Registered named UNIX socket transport module.
[    7.574184] RPC: Registered udp transport module.
[    7.582571] RPC: Registered tcp transport module.
[    7.590659] RPC: Registered tcp NFSv4.1 backchannel transport module.
[    7.598804] initcall init_sunrpc+0x0/0x65 returned 0 after 42371 usecs
[    7.606607] calling  cfg80211_init+0x0/0xc5 @ 1
[    7.629868] initcall cfg80211_init+0x0/0xc5 returned 0 after 17370 usecs
[    7.638135] calling  pcibios_assign_resources+0x0/0xbf @ 1
[    7.646341] pci_bus 0000:00: resource 4 [io  0x0000-0x0cf7 window]
[    7.653906] pci_bus 0000:00: resource 5 [io  0x0d00-0xffff window]
[    7.661479] pci_bus 0000:00: resource 6 [mem 0x000a0000-0x000bffff window]
[    7.669911] pci_bus 0000:00: resource 7 [mem 0x20000000-0xafffffff window]
[    7.678475] pci_bus 0000:00: resource 8 [mem 0xc0000000-0xfebfffff window]
[    7.686800] pci_bus 0000:00: resource 9 [mem 0x100000000-0x8ffffffff window]
[    7.695278] initcall pcibios_assign_resources+0x0/0xbf returned 0 after 48719 usecs
[    7.704455] calling  pci_apply_final_quirks+0x0/0x124 @ 1
[    7.711776] pci 0000:00:01.0: calling  pci_fixup_video+0x0/0xe0 @ 1
[    7.719712] pci 0000:00:01.0: Video device with shadowed ROM at [mem 0x000c0000-0x000dffff]
[    7.730467] pci 0000:00:01.0: pci_fixup_video+0x0/0xe0 took 10753 usecs
[    7.740504] PCI: CLS 0 bytes, default 64
[    7.745350] initcall pci_apply_final_quirks+0x0/0x124 returned 0 after 33250 usecs
[    7.755078] calling  acpi_reserve_resources+0x0/0xea @ 1
[    7.762135] initcall acpi_reserve_resources+0x0/0xea returned 0 after 315 usecs
[    7.773962] calling  populate_rootfs+0x0/0x102 @ 1
[    7.783505] initcall populate_rootfs+0x0/0x102 returned 0 after 2402 usecs
[    7.794148] calling  pci_iommu_init+0x0/0x3e @ 1
[    7.801384] initcall pci_iommu_init+0x0/0x3e returned 0 after 88 usecs
[    7.811583] calling  ia32_binfmt_init+0x0/0x13 @ 1
[    7.819399] initcall ia32_binfmt_init+0x0/0x13 returned 0 after 350 usecs
[    7.830064] calling  rapl_pmu_init+0x0/0x267 @ 1
[    7.837458] initcall rapl_pmu_init+0x0/0x267 returned -19 after 106 usecs
[    7.847970] calling  amd_uncore_init+0x0/0x310 @ 1
[    7.855575] initcall amd_uncore_init+0x0/0x310 returned -19 after 1 usecs
[    7.866197] calling  amd_ibs_init+0x0/0x243 @ 1
[    7.873227] initcall amd_ibs_init+0x0/0x243 returned -19 after 0 usecs
[    7.883485] calling  amd_iommu_pc_init+0x0/0x215 @ 1
[    7.890977] initcall amd_iommu_pc_init+0x0/0x215 returned -19 after 139 usecs
[    7.902296] calling  msr_init+0x0/0x55 @ 1
[    7.909131] initcall msr_init+0x0/0x55 returned 0 after 213 usecs
[    7.918798] calling  intel_uncore_init+0x0/0x36f @ 1
[    7.926420] initcall intel_uncore_init+0x0/0x36f returned -19 after 93 usecs
[    7.935196] calling  cstate_pmu_init+0x0/0x1a1 @ 1
[    7.940951] initcall cstate_pmu_init+0x0/0x1a1 returned -19 after 0 usecs
[    7.948994] calling  register_kernel_offset_dumper+0x0/0x1a @ 1
[    7.958345] initcall register_kernel_offset_dumper+0x0/0x1a returned 0 after 1 usecs
[    7.969789] calling  i8259A_init_ops+0x0/0x20 @ 1
[    7.977220] initcall i8259A_init_ops+0x0/0x20 returned 0 after 1 usecs
[    7.987253] calling  init_tsc_clocksource+0x0/0xa4 @ 1
[    7.994768] clocksource: tsc: mask: 0xffffffffffffffff max_cycles: 0x39a85afc727, max_idle_ns: 881590685098 ns
[    8.006834] initcall init_tsc_clocksource+0x0/0xa4 returned 0 after 11780 usecs
[    8.016032] calling  add_rtc_cmos+0x0/0xb0 @ 1
[    8.021543] initcall add_rtc_cmos+0x0/0xb0 returned 0 after 65 usecs
[    8.029421] calling  i8237A_init_ops+0x0/0x3a @ 1
[    8.035501] initcall i8237A_init_ops+0x0/0x3a returned 0 after 70 usecs
[    8.043686] calling  umwait_init+0x0/0x94 @ 1
[    8.049288] initcall umwait_init+0x0/0x94 returned -19 after 58 usecs
[    8.057268] calling  thermal_throttle_init_device+0x0/0x3d @ 1
[    8.064655] initcall thermal_throttle_init_device+0x0/0x3d returned 0 after 73 usecs
[    8.074262] calling  msr_init+0x0/0xd7 @ 1
[    8.116666] initcall msr_init+0x0/0xd7 returned 0 after 36450 usecs
[    8.124738] calling  cpuid_init+0x0/0xd7 @ 1
[    8.155199] initcall cpuid_init+0x0/0xd7 returned 0 after 24406 usecs
[    8.164075] calling  ioapic_init_ops+0x0/0x13 @ 1
[    8.170675] initcall ioapic_init_ops+0x0/0x13 returned 0 after 128 usecs
[    8.180399] calling  add_pcspkr+0x0/0x6c @ 1
[    8.186363] initcall add_pcspkr+0x0/0x6c returned 0 after 149 usecs
[    8.195657] calling  start_periodic_check_for_corruption+0x0/0x30 @ 1
[    8.204531] check: Scanning for low memory corruption every 60 seconds
[    8.213529] initcall start_periodic_check_for_corruption+0x0/0x30 returned 0 after 8794 usecs
[    8.224710] calling  sysfb_init+0x0/0x9c @ 1
[    8.231109] initcall sysfb_init+0x0/0x9c returned 0 after 275 usecs
[    8.239654] calling  audit_classes_init+0x0/0xae @ 1
[    8.246307] initcall audit_classes_init+0x0/0xae returned 0 after 73 usecs
[    8.254954] calling  iosf_mbi_init+0x0/0x24 @ 1
[    8.262700] initcall iosf_mbi_init+0x0/0x24 returned 0 after 745 usecs
[    8.272082] calling  proc_execdomains_init+0x0/0x21 @ 1
[    8.278999] initcall proc_execdomains_init+0x0/0x21 returned 0 after 44 usecs
[    8.288062] calling  register_warn_debugfs+0x0/0x23 @ 1
[    8.295049] initcall register_warn_debugfs+0x0/0x23 returned 0 after 201 usecs
[    8.304880] calling  cpuhp_sysfs_init+0x0/0x79 @ 1
[    8.312239] initcall cpuhp_sysfs_init+0x0/0x79 returned 0 after 524 usecs
[    8.322031] calling  ioresources_init+0x0/0x49 @ 1
[    8.331093] initcall ioresources_init+0x0/0x49 returned 0 after 7 usecs
[    8.340299] calling  snapshot_device_init+0x0/0xc @ 1
[    8.348406] initcall snapshot_device_init+0x0/0xc returned 0 after 1440 usecs
[    8.358604] calling  irq_pm_init_ops+0x0/0x13 @ 1
[    8.365216] initcall irq_pm_init_ops+0x0/0x13 returned 0 after 99 usecs
[    8.374153] calling  rcu_torture_init+0x0/0x9a6 @ 1
[    8.380876] rcu-torture:--- Start of test: nreaders=15 nfakewriters=4 stat_interval=15 verbose=1 test_no_idle_hz=1 shuffle_interval=3 stutter=5 irqreader=1 fqs_duration=0 fqs_holdoff=0 fqs_stutter=3 test_boost=1/0 test_boost_interval=7 test_boost_duration=4 shutdown_secs=1800 stall_cpu=0 stall_cpu_holdoff=10 stall_cpu_irqsoff=0 stall_cpu_block=0 n_barrier_cbs=4 onoff_interval=1000 onoff_holdoff=30 read_exit_delay=13 read_exit_burst=16
[    8.428125] rcu:  Start-test grace-period state: g-1032 f0x0
[    8.435782] rcu-torture: Creating rcu_torture_writer task
[    8.445235] rcu-torture: Creating rcu_torture_fakewriter task
[    8.445530] rcu-torture: rcu_torture_writer task started
[    8.454593] rcu-torture: Creating rcu_torture_fakewriter task
[    8.454861] rcu-torture: rcu_torture_fakewriter task started
[    8.460124] rcu-torture: GP expediting controlled from boot/sysfs for rcu.
[    8.472236] rcu-torture: Creating rcu_torture_fakewriter task
[    8.472562] rcu-torture: rcu_torture_fakewriter task started
[    8.475491] rcu_torture_writer: Testing conditional GPs.
[    8.487316] rcu-torture: Creating rcu_torture_fakewriter task
[    8.487684] rcu-torture: rcu_torture_fakewriter task started
[    8.493276] rcu_torture_writer: Testing expedited GPs.
[    8.504659] rcu-torture: Creating rcu_torture_reader task
[    8.505048] rcu-torture: rcu_torture_fakewriter task started
[    8.509738] rcu_torture_writer: Testing asynchronous GPs.
[    8.522098] rcu-torture: Creating rcu_torture_reader task
[    8.522187] rcu-torture: rcu_torture_reader task started
[    8.527651] rcu_torture_writer: Testing normal GPs.
[    8.539686] rcu-torture: Creating rcu_torture_reader task
[    8.540211] rcu-torture: rcu_torture_reader task started
[    8.602506] rcu-torture: Creating rcu_torture_reader task
[    8.602900] rcu-torture: rcu_torture_reader task started
[    8.612268] rcu-torture: Creating rcu_torture_reader task
[    8.613320] rcu-torture: rcu_torture_reader task started
[    8.637265] rcu-torture: Creating rcu_torture_reader task
[    8.637670] rcu-torture: rcu_torture_reader task started
[    8.646926] rcu-torture: Creating rcu_torture_reader task
[    8.647261] rcu-torture: rcu_torture_reader task started
[    8.670290] rcu-torture: Creating rcu_torture_reader task
[    8.670374] rcu-torture: rcu_torture_reader task started
[    8.679839] rcu-torture: Creating rcu_torture_reader task
[    8.680010] rcu-torture: rcu_torture_reader task started
[    8.702265] rcu-torture: Creating rcu_torture_reader task
[    8.702454] rcu-torture: rcu_torture_reader task started
[    8.711762] rcu-torture: Creating rcu_torture_reader task
[    8.712129] rcu-torture: rcu_torture_reader task started
[    8.735142] rcu-torture: rcu_torture_reader task started
[    8.735604] rcu-torture: Creating rcu_torture_reader task
[    8.751530] rcu-torture: Creating rcu_torture_reader task
[    8.751551] rcu-torture: rcu_torture_reader task started
[    8.762737] rcu-torture: Creating rcu_torture_reader task
[    8.762842] rcu-torture: rcu_torture_reader task started
[    8.782649] rcu-torture: Creating rcu_torture_reader task
[    8.782691] rcu-torture: rcu_torture_reader task started
[    8.798619] rcu-torture: Creating rcu_torture_stats task
[    8.798634] rcu-torture: rcu_torture_reader task started
[    8.807433] rcu-torture: Creating torture_shuffle task
[    8.807549] rcu-torture: rcu_torture_stats task started
[    8.828282] rcu-torture: Creating torture_stutter task
[    8.828339] rcu-torture: torture_shuffle task started
[    8.843993] rcu-torture: Creating torture_shutdown task
[    8.844086] rcu-torture: torture_stutter task started
[    8.859429] rcu-torture: Creating torture_onoff task
[    8.859531] rcu-torture: torture_shutdown task started
[    8.875905] rcu-torture:torture_shutdown task: 1799968 ms remaining
[    8.881671] rcu-torture: torture_onoff task started
[    8.881724] rcu-torture: Creating rcu_torture_fwd_prog task
[    8.883108] rcu-torture: rcu_torture_fwd_progress task started
[    8.883332] rcu-torture: Creating rcu_torture_barrier_cbs task
[    8.884852] rcu-torture: Creating rcu_torture_barrier_cbs task
[    8.884874] rcu-torture: rcu_torture_barrier_cbs task started
[    8.891681] rcu-torture: torture_onoff begin holdoff
[    8.936559] rcu-torture: Creating rcu_torture_barrier_cbs task
[    8.936575] rcu-torture: rcu_torture_barrier_cbs task started
[    8.945177] rcu-torture: Creating rcu_torture_barrier_cbs task
[    8.945355] rcu-torture: rcu_torture_barrier_cbs task started
[    8.968731] rcu-torture: Creating rcu_torture_barrier task
[    8.968744] rcu-torture: rcu_torture_barrier_cbs task started
[    8.977241] rcu-torture: Creating rcu_torture_read_exit task
[    8.977264] rcu-torture: rcu_torture_barrier task starting
[    8.999199] initcall rcu_torture_init+0x0/0x9a6 returned 0 after 603944 usecs
[    8.999211] rcu-torture: rcu_torture_read_exit: Start of test
[    9.008222] calling  timekeeping_init_ops+0x0/0x13 @ 1
[    9.009033] initcall timekeeping_init_ops+0x0/0x13 returned 0 after 1 usecs
[    9.009033] calling  init_clocksource_sysfs+0x0/0x23 @ 1
[    9.009033] initcall init_clocksource_sysfs+0x0/0x23 returned 0 after 147 usecs
[    9.009033] calling  init_timer_list_procfs+0x0/0x31 @ 1
[    9.009033] initcall init_timer_list_procfs+0x0/0x31 returned 0 after 71 usecs
[    9.009033] calling  alarmtimer_init+0x0/0xc7 @ 1
[    9.009033] initcall alarmtimer_init+0x0/0xc7 returned 0 after 131 usecs
[    9.009033] calling  init_posix_timers+0x0/0x29 @ 1
[    9.009033] initcall init_posix_timers+0x0/0x29 returned 0 after 4 usecs
[    9.009033] calling  clockevents_init_sysfs+0x0/0xbf @ 1
[    9.009033] initcall clockevents_init_sysfs+0x0/0xbf returned 0 after 363 usecs
[    9.009033] calling  proc_dma_init+0x0/0x21 @ 1
[    9.009033] initcall proc_dma_init+0x0/0x21 returned 0 after 23 usecs
[    9.121240] calling  proc_modules_init+0x0/0x1e @ 1
[    9.121240] initcall proc_modules_init+0x0/0x1e returned 0 after 84 usecs
[    9.121240] calling  kallsyms_init+0x0/0x21 @ 1
[    9.121240] initcall kallsyms_init+0x0/0x21 returned 0 after 4 usecs
[    9.121240] calling  pid_namespaces_init+0x0/0x2c @ 1
[    9.121240] initcall pid_namespaces_init+0x0/0x2c returned 0 after 177 usecs
[    9.121240] calling  audit_watch_init+0x0/0x37 @ 1
[    9.121240] initcall audit_watch_init+0x0/0x37 returned 0 after 41 usecs
[    9.121240] calling  audit_fsnotify_init+0x0/0x37 @ 1
[    9.121240] initcall audit_fsnotify_init+0x0/0x37 returned 0 after 1 usecs
[    9.121240] calling  audit_tree_init+0x0/0x6d @ 1
[    9.121240] initcall audit_tree_init+0x0/0x6d returned 0 after 6 usecs
[    9.121240] calling  seccomp_sysctl_init+0x0/0x2b @ 1
[    9.121240] initcall seccomp_sysctl_init+0x0/0x2b returned 0 after 31 usecs
[    9.121240] calling  utsname_sysctl_init+0x0/0x13 @ 1
[    9.121240] initcall utsname_sysctl_init+0x0/0x13 returned 0 after 13 usecs
[    9.121240] calling  init_tracepoints+0x0/0x27 @ 1
[    9.121240] initcall init_tracepoints+0x0/0x27 returned 0 after 2 usecs
[    9.121240] calling  init_blk_tracer+0x0/0x50 @ 1
[    9.121240] initcall init_blk_tracer+0x0/0x50 returned 0 after 522 usecs
[    9.121240] calling  perf_event_sysfs_init+0x0/0x81 @ 1
[    9.121240] initcall perf_event_sysfs_init+0x0/0x81 returned 0 after 269 usecs
[    9.121240] calling  system_trusted_keyring_init+0x0/0x60 @ 1
[    9.121240] Initialise system trusted keyrings
[    9.316360] initcall system_trusted_keyring_init+0x0/0x60 returned 0 after 6975 usecs
[    9.330078] calling  kswapd_init+0x0/0x5c @ 1
[    9.338524] initcall kswapd_init+0x0/0x5c returned 0 after 2257 usecs
[    9.339139] calling  extfrag_debug_init+0x0/0x54 @ 1
[    9.339139] initcall extfrag_debug_init+0x0/0x54 returned 0 after 34 usecs
[    9.339139] calling  mm_compute_batch_init+0x0/0x12 @ 1
[    9.339139] initcall mm_compute_batch_init+0x0/0x12 returned 0 after 1 usecs
[    9.381301] calling  slab_proc_init+0x0/0x21 @ 1
[    9.388352] initcall slab_proc_init+0x0/0x21 returned 0 after 482 usecs
[    9.397347] calling  workingset_init+0x0/0x8c @ 1
[    9.425063] workingset: timestamp_bits=56 max_order=17 bucket_order=0
[    9.439005] initcall workingset_init+0x0/0x8c returned 0 after 14092 usecs
[    9.452786] calling  proc_vmalloc_init+0x0/0x32 @ 1
[    9.462777] initcall proc_vmalloc_init+0x0/0x32 returned 0 after 565 usecs
[    9.473257] calling  procswaps_init+0x0/0x1e @ 1
[    9.480576] initcall procswaps_init+0x0/0x1e returned 0 after 233 usecs
[    9.490382] calling  slab_sysfs_init+0x0/0xea @ 1
[    9.522490] initcall slab_sysfs_init+0x0/0xea returned 0 after 23956 usecs
[    9.533950] calling  fcntl_init+0x0/0x29 @ 1
[    9.541596] initcall fcntl_init+0x0/0x29 returned 0 after 87 usecs
[    9.552795] calling  proc_filesystems_init+0x0/0x21 @ 1
[    9.562919] initcall proc_filesystems_init+0x0/0x21 returned 0 after 29 usecs
[    9.574296] calling  start_dirtytime_writeback+0x0/0x29 @ 1
[    9.584682] initcall start_dirtytime_writeback+0x0/0x29 returned 0 after 73 usecs
[    9.598283] calling  blkdev_init+0x0/0x1b @ 1
[    9.607151] initcall blkdev_init+0x0/0x1b returned 0 after 731 usecs
[    9.619175] calling  dio_init+0x0/0x2c @ 1
[    9.628602] initcall dio_init+0x0/0x2c returned 0 after 2455 usecs
[    9.637644] calling  dnotify_init+0x0/0x78 @ 1
[    9.644796] initcall dnotify_init+0x0/0x78 returned 0 after 112 usecs
[    9.655213] calling  aio_setup+0x0/0x78 @ 1
[    9.665332] initcall aio_setup+0x0/0x78 returned 0 after 2847 usecs
[    9.675505] calling  io_uring_init+0x0/0x2c @ 1
[    9.682857] initcall io_uring_init+0x0/0x2c returned 0 after 9 usecs
[    9.692563] calling  mbcache_init+0x0/0x30 @ 1
[    9.699620] initcall mbcache_init+0x0/0x30 returned 0 after 128 usecs
[    9.710190] calling  init_grace+0x0/0xc @ 1
[    9.717295] initcall init_grace+0x0/0xc returned 0 after 279 usecs
[    9.727229] calling  init_v2_quota_format+0x0/0x21 @ 1
[    9.735298] initcall init_v2_quota_format+0x0/0x21 returned 0 after 71 usecs
[    9.747040] calling  init_devpts_fs+0x0/0x27 @ 1
[    9.755433] initcall init_devpts_fs+0x0/0x27 returned 0 after 965 usecs
[    9.766630] calling  ext4_init_fs+0x0/0x1d0 @ 1
[    9.774812] initcall ext4_init_fs+0x0/0x1d0 returned 0 after 679 usecs
[    9.785070] calling  journal_init+0x0/0x11c @ 1
[    9.792750] initcall journal_init+0x0/0x11c returned 0 after 101 usecs
[    9.803556] calling  init_fat_fs+0x0/0x49 @ 1
[    9.811048] initcall init_fat_fs+0x0/0x49 returned 0 after 246 usecs
[    9.821661] calling  init_vfat_fs+0x0/0xc @ 1
[    9.829200] initcall init_vfat_fs+0x0/0xc returned 0 after 4 usecs
[    9.839360] calling  init_msdos_fs+0x0/0xc @ 1
[    9.846777] initcall init_msdos_fs+0x0/0xc returned 0 after 4 usecs
[    9.856868] calling  init_iso9660_fs+0x0/0x6c @ 1
[    9.865902] initcall init_iso9660_fs+0x0/0x6c returned 0 after 1318 usecs
[    9.877231] calling  init_nfs_fs+0x0/0x13a @ 1
[    9.893023] initcall init_nfs_fs+0x0/0x13a returned 0 after 11128 usecs
[    9.893023] calling  init_nfs_v2+0x0/0x13 @ 1
[    9.893023] initcall init_nfs_v2+0x0/0x13 returned 0 after 169 usecs
[    9.893023] calling  init_nfs_v3+0x0/0x13 @ 1
[    9.893023] initcall init_nfs_v3+0x0/0x13 returned 0 after 70 usecs
[    9.893023] calling  init_nfs_v4+0x0/0x32 @ 1
[    9.893023] NFS: Registering the id_resolver key type
[    9.893023] Key type id_resolver registered
[    9.893023] Key type id_legacy registered
[    9.893023] initcall init_nfs_v4+0x0/0x32 returned 0 after 21390 usecs
[    9.893023] calling  init_nlm+0x0/0x5b @ 1
[    9.893023] initcall init_nlm+0x0/0x5b returned 0 after 217 usecs
[    9.893023] calling  init_nls_cp437+0x0/0xe @ 1
[    9.893023] initcall init_nls_cp437+0x0/0xe returned 0 after 94 usecs
[    9.893023] calling  init_nls_ascii+0x0/0xe @ 1
[    9.893023] initcall init_nls_ascii+0x0/0xe returned 0 after 0 usecs
[    9.893023] calling  init_nls_iso8859_1+0x0/0xe @ 1
[    9.893023] initcall init_nls_iso8859_1+0x0/0xe returned 0 after 1 usecs
[    9.893023] calling  init_nls_utf8+0x0/0x21 @ 1
[    9.893023] initcall init_nls_utf8+0x0/0x21 returned 0 after 1 usecs
[    9.893023] calling  init_autofs_fs+0x0/0x25 @ 1
[   10.088838] initcall init_autofs_fs+0x0/0x25 returned 0 after 8220 usecs
[   10.103382] calling  ipc_init+0x0/0x24 @ 1
[   10.103819] initcall ipc_init+0x0/0x24 returned 0 after 1397 usecs
[   10.103819] calling  ipc_sysctl_init+0x0/0x13 @ 1
[   10.103819] initcall ipc_sysctl_init+0x0/0x13 returned 0 after 70 usecs
[   10.103819] calling  init_mqueue_fs+0x0/0x9a @ 1
[   10.103819] initcall init_mqueue_fs+0x0/0x9a returned 0 after 2406 usecs
[   10.103819] calling  key_proc_init+0x0/0x63 @ 1
[   10.103819] initcall key_proc_init+0x0/0x63 returned 0 after 146 usecs
[   10.103819] calling  selinux_nf_ip_init+0x0/0x2e @ 1
[   10.200659] initcall selinux_nf_ip_init+0x0/0x2e returned 0 after 155 usecs
[   10.213212] calling  init_sel_fs+0x0/0x116 @ 1
[   10.220395] initcall init_sel_fs+0x0/0x116 returned 0 after 0 usecs
[   10.229477] calling  selnl_init+0x0/0x7c @ 1
[   10.238958] initcall selnl_init+0x0/0x7c returned 0 after 2697 usecs
[   10.250220] calling  sel_netif_init+0x0/0x36 @ 1
[   10.257419] initcall sel_netif_init+0x0/0x36 returned 0 after 0 usecs
[   10.268640] calling  sel_netnode_init+0x0/0x33 @ 1
[   10.277463] initcall sel_netnode_init+0x0/0x33 returned 0 after 0 usecs
[   10.286989] calling  sel_netport_init+0x0/0x33 @ 1
[   10.295889] initcall sel_netport_init+0x0/0x33 returned 0 after 1 usecs
[   10.307031] calling  aurule_init+0x0/0x2a @ 1
[   10.313323] initcall aurule_init+0x0/0x2a returned 0 after 2 usecs
[   10.322015] calling  crypto_algapi_init+0x0/0xc @ 1
[   10.329280] initcall crypto_algapi_init+0x0/0xc returned 0 after 6 usecs
[   10.341722] calling  jent_mod_init+0x0/0x2d @ 1
[   10.377956] initcall jent_mod_init+0x0/0x2d returned 0 after 26829 usecs
[   10.388889] calling  asymmetric_key_init+0x0/0xc @ 1
[   10.389273] Key type asymmetric registered
[   10.389273] initcall asymmetric_key_init+0x0/0xc returned 0 after 5841 usecs
[   10.389273] calling  x509_key_init+0x0/0xc @ 1
[   10.389273] Asymmetric key parser 'x509' registered
[   10.389273] initcall x509_key_init+0x0/0xc returned 0 after 7361 usecs
[   10.389273] calling  proc_genhd_init+0x0/0x41 @ 1
[   10.389273] initcall proc_genhd_init+0x0/0x41 returned 0 after 129 usecs
[   10.389273] calling  bsg_init+0x0/0x113 @ 1
[   10.389273] Block layer SCSI generic (bsg) driver version 0.4 loaded (major 251)
[   10.389273] initcall bsg_init+0x0/0x113 returned 0 after 14710 usecs
[   10.389273] calling  deadline_init+0x0/0xc @ 1
[   10.389273] io scheduler mq-deadline registered
[   10.389273] initcall deadline_init+0x0/0xc returned 0 after 7547 usecs
[   10.389273] calling  kyber_init+0x0/0xc @ 1
[   10.389273] io scheduler kyber registered
[   10.389273] initcall kyber_init+0x0/0xc returned 0 after 6217 usecs
[   10.389273] calling  mod_init+0x0/0x7 @ 1
[   10.389273] initcall mod_init+0x0/0x7 returned 0 after 0 usecs
[   10.389273] calling  percpu_counter_startup+0x0/0x55 @ 1
[   10.608025] initcall percpu_counter_startup+0x0/0x55 returned 0 after 38411 usecs
[   10.608025] calling  sg_pool_init+0x0/0xb4 @ 1
[   10.608025] initcall sg_pool_init+0x0/0xb4 returned 0 after 7192 usecs
[   10.644133] hrtimer: interrupt took 3090836 ns
[   10.608025] calling  pcie_portdrv_init+0x0/0x39 @ 1
[   10.608025] initcall pcie_portdrv_init+0x0/0x39 returned 0 after 4950 usecs
[   10.608025] calling  pci_proc_init+0x0/0x68 @ 1
[   10.608025] initcall pci_proc_init+0x0/0x68 returned 0 after 673 usecs
[   10.608025] calling  pci_hotplug_init+0x0/0x7 @ 1
[   10.608025] initcall pci_hotplug_init+0x0/0x7 returned 0 after 0 usecs
[   10.608025] calling  efifb_driver_init+0x0/0xe @ 1
[   10.608025] initcall efifb_driver_init+0x0/0xe returned 0 after 1520 usecs
[   10.608025] calling  ged_driver_init+0x0/0xe @ 1
[   10.608025] initcall ged_driver_init+0x0/0xe returned 0 after 875 usecs
[   10.608025] calling  acpi_ac_init+0x0/0x92 @ 1
[   10.608025] initcall acpi_ac_init+0x0/0x92 returned 0 after 8045 usecs
[   10.608025] calling  acpi_button_driver_init+0x0/0x52 @ 1
[   10.608025] input: Power Button as /devices/LNXSYSTM:00/LNXPWRBN:00/input/input0
[   10.807967] ACPI: Power Button [PWRF]
[   10.814190] initcall acpi_button_driver_init+0x0/0x52 returned 0 after 26128 usecs
[   10.814190] calling  acpi_fan_driver_init+0x0/0xe @ 1
[   10.814190] initcall acpi_fan_driver_init+0x0/0xe returned 0 after 21 usecs
[   10.814190] calling  acpi_video_init+0x0/0xcb @ 1
[   10.814190] initcall acpi_video_init+0x0/0xcb returned 0 after 331 usecs
[   10.814190] calling  acpi_processor_driver_init+0x0/0xad @ 1
[   10.814190] initcall acpi_processor_driver_init+0x0/0xad returned 0 after 13123 usecs
[   10.814190] calling  acpi_thermal_init+0x0/0x71 @ 1
[   10.923135] initcall acpi_thermal_init+0x0/0x71 returned 0 after 7470 usecs
[   10.923307] calling  acpi_battery_init+0x0/0x32 @ 1
[   10.945149] initcall acpi_battery_init+0x0/0x32 returned 0 after 323 usecs
[   10.945149] calling  bgrt_init+0x0/0xb6 @ 1
[   10.945149] initcall bgrt_init+0x0/0xb6 returned -19 after 0 usecs
[   10.945149] calling  gpio_clk_driver_init+0x0/0xe @ 1
[   10.945149] initcall gpio_clk_driver_init+0x0/0xe returned 0 after 546 usecs
[   10.945149] calling  plt_clk_driver_init+0x0/0xe @ 1
[   10.945149] initcall plt_clk_driver_init+0x0/0xe returned 0 after 115 usecs
[   10.945149] calling  virtio_pci_driver_init+0x0/0x15 @ 1
[   10.945149] initcall virtio_pci_driver_init+0x0/0x15 returned 0 after 598 usecs
[   10.945149] calling  n_null_init+0x0/0x1e @ 1
[   10.945149] initcall n_null_init+0x0/0x1e returned 0 after 109 usecs
[   10.945149] calling  pty_init+0x0/0x1e8 @ 1
[   11.062877] initcall pty_init+0x0/0x1e8 returned 0 after 8283 usecs
[   11.063450] calling  sysrq_init+0x0/0x62 @ 1
[   11.063450] initcall sysrq_init+0x0/0x62 returned 0 after 132 usecs
[   11.063450] calling  serial8250_init+0x0/0x17e @ 1
[   11.063450] Serial: 8250/16550 driver, 4 ports, IRQ sharing enabled
[   11.063450] 00:03: ttyS0 at I/O 0x3f8 (irq = 4, base_baud = 115200) is a 16550A
[   11.158198] initcall serial8250_init+0x0/0x17e returned 0 after 59862 usecs
[   11.158257] calling  serial_pci_driver_init+0x0/0x15 @ 1
[   11.177792] initcall serial_pci_driver_init+0x0/0x15 returned 0 after 574 usecs
[   11.177792] calling  exar_pci_driver_init+0x0/0x15 @ 1
[   11.177792] initcall exar_pci_driver_init+0x0/0x15 returned 0 after 135 usecs
[   11.177792] calling  lpss8250_pci_driver_init+0x0/0x15 @ 1
[   11.177792] initcall lpss8250_pci_driver_init+0x0/0x15 returned 0 after 168 usecs
[   11.177792] calling  mid8250_pci_driver_init+0x0/0x15 @ 1
[   11.177792] initcall mid8250_pci_driver_init+0x0/0x15 returned 0 after 25 usecs
[   11.177792] calling  virtio_console_init+0x0/0xff @ 1
[   11.177792] initcall virtio_console_init+0x0/0xff returned 0 after 1021 usecs
[   11.177792] calling  hpet_init+0x0/0x64 @ 1
[   11.278998] initcall hpet_init+0x0/0x64 returned 0 after 5790 usecs
[   11.278998] calling  nvram_module_init+0x0/0x83 @ 1
[   11.297484] Non-volatile memory driver v1.3
[   11.298079] initcall nvram_module_init+0x0/0x83 returned 0 after 6805 usecs
[   11.298079] calling  hwrng_modinit+0x0/0x8a @ 1
[   11.322913] initcall hwrng_modinit+0x0/0x8a returned 0 after 4539 usecs
[   11.323087] calling  mod_init+0x0/0x48 @ 1
[   11.323087] initcall mod_init+0x0/0x48 returned -19 after 0 usecs
[   11.323087] calling  agp_init+0x0/0x23 @ 1
[   11.323087] Linux agpgart interface v0.103
[   11.323087] initcall agp_init+0x0/0x23 returned 0 after 5969 usecs
[   11.323087] calling  agp_amd64_mod_init+0x0/0x5 @ 1
[   11.323087] initcall agp_amd64_mod_init+0x0/0x5 returned -19 after 266 usecs
[   11.323087] calling  agp_intel_init+0x0/0x28 @ 1
[   11.323087] initcall agp_intel_init+0x0/0x28 returned 0 after 1837 usecs
[   11.323087] calling  drm_kms_helper_init+0x0/0x7 @ 1
[   11.323087] initcall drm_kms_helper_init+0x0/0x7 returned 0 after 246 usecs
[   11.323087] calling  drm_core_init+0x0/0xa4 @ 1
[   11.323087] initcall drm_core_init+0x0/0xa4 returned 0 after 439 usecs
[   11.323087] calling  i915_init+0x0/0x6b @ 1
[   11.323087] initcall i915_init+0x0/0x6b returned 0 after 1817 usecs
[   11.323087] calling  cn_proc_init+0x0/0x35 @ 1
[   11.323087] initcall cn_proc_init+0x0/0x35 returned 0 after 2 usecs
[   11.323087] calling  topology_sysfs_init+0x0/0x27 @ 1
[   11.323087] initcall topology_sysfs_init+0x0/0x27 returned 0 after 904 usecs
[   11.323087] calling  cacheinfo_sysfs_init+0x0/0x27 @ 1
[   11.561668] initcall cacheinfo_sysfs_init+0x0/0x27 returned 0 after 53754 usecs
[   11.572448] calling  loop_init+0x0/0x168 @ 1
[   11.792987] loop: module loaded
[   11.792987] initcall loop_init+0x0/0x168 returned 0 after 218639 usecs
[   11.792987] calling  mac_hid_init+0x0/0x21 @ 1
[   11.792987] initcall mac_hid_init+0x0/0x21 returned 0 after 702 usecs
[   11.792987] calling  spi_transport_init+0x0/0x74 @ 1
[   11.792987] initcall spi_transport_init+0x0/0x74 returned 0 after 1171 usecs
[   11.792987] calling  init_sd+0x0/0x18c @ 1
[   11.792987] initcall init_sd+0x0/0x18c returned 0 after 850 usecs
[   11.792987] calling  init_sr+0x0/0x43 @ 1
[   11.792987] initcall init_sr+0x0/0x43 returned 0 after 139 usecs
[   11.792987] calling  init_sg+0x0/0x1c0 @ 1
[   11.792987] initcall init_sg+0x0/0x1c0 returned 0 after 641 usecs
[   11.792987] calling  ahci_pci_driver_init+0x0/0x15 @ 1
[   11.792987] ahci 0000:00:1f.2: version 3.0
[   11.792987] PCI Interrupt Link [GSIA] enabled at IRQ 16
[   11.792987] ahci 0000:00:1f.2: AHCI 0001.0000 32 slots 6 ports 1.5 Gbps 0x3f impl SATA mode
[   11.792987] ahci 0000:00:1f.2: flags: 64bit ncq only 
[   12.025034] scsi host0: ahci
[   12.038896] scsi host1: ahci
[   12.050883] scsi host2: ahci
[   12.064510] scsi host3: ahci
[   12.108531] scsi host4: ahci
[   12.122370] scsi host5: ahci
[   12.123021] ata1: SATA max UDMA/133 abar m4096@0xfebf1000 port 0xfebf1100 irq 24
[   12.123021] ata2: SATA max UDMA/133 abar m4096@0xfebf1000 port 0xfebf1180 irq 24
[   12.123021] ata3: SATA max UDMA/133 abar m4096@0xfebf1000 port 0xfebf1200 irq 24
[   12.123021] ata4: SATA max UDMA/133 abar m4096@0xfebf1000 port 0xfebf1280 irq 24
[   12.123021] ata5: SATA max UDMA/133 abar m4096@0xfebf1000 port 0xfebf1300 irq 24
[   12.123021] ata6: SATA max UDMA/133 abar m4096@0xfebf1000 port 0xfebf1380 irq 24
[   12.199809] initcall ahci_pci_driver_init+0x0/0x15 returned 0 after 274184 usecs
[   12.199809] calling  piix_init+0x0/0x26 @ 1
[   12.199809] initcall piix_init+0x0/0x26 returned 0 after 391 usecs
[   12.199809] calling  amd_pci_driver_init+0x0/0x15 @ 1
[   12.199809] initcall amd_pci_driver_init+0x0/0x15 returned 0 after 62 usecs
[   12.199809] calling  oldpiix_pci_driver_init+0x0/0x15 @ 1
[   12.199809] initcall oldpiix_pci_driver_init+0x0/0x15 returned 0 after 241 usecs
[   12.199809] calling  sch_pci_driver_init+0x0/0x15 @ 1
[   12.199809] initcall sch_pci_driver_init+0x0/0x15 returned 0 after 24 usecs
[   12.199809] calling  net_olddevs_init+0x0/0x55 @ 1
[   12.199809] initcall net_olddevs_init+0x0/0x55 returned 0 after 998 usecs
[   12.199809] calling  blackhole_netdev_init+0x0/0x78 @ 1
[   12.327221] initcall blackhole_netdev_init+0x0/0x78 returned 0 after 825 usecs
[   12.339568] calling  phy_module_init+0x0/0x13 @ 1
[   12.351410] initcall phy_module_init+0x0/0x13 returned 0 after 1040 usecs
[   12.365352] calling  tg3_driver_init+0x0/0x15 @ 1
[   12.376899] initcall tg3_driver_init+0x0/0x15 returned 0 after 974 usecs
[   12.389628] calling  e100_init_module+0x0/0x4c @ 1
[   12.397853] e100: Intel(R) PRO/100 Network Driver
[   12.405986] e100: Copyright(c) 1999-2006 Intel Corporation
[   12.415219] initcall e100_init_module+0x0/0x4c returned 0 after 17028 usecs
[   12.426936] calling  e1000_init_module+0x0/0x72 @ 1
[   12.435551] e1000: Intel(R) PRO/1000 Network Driver
[   12.443130] e1000: Copyright (c) 1999-2006 Intel Corporation.
[   12.455749] initcall e1000_init_module+0x0/0x72 returned 0 after 19646 usecs
[   12.467429] calling  e1000_init_module+0x0/0x2d @ 1
[   12.475440] e1000e: Intel(R) PRO/1000 Network Driver
[   12.483334] e1000e: Copyright(c) 1999 - 2015 Intel Corporation.
[   12.492809] initcall e1000_init_module+0x0/0x2d returned 0 after 16968 usecs
[   12.508527] calling  sky2_init_module+0x0/0x21 @ 1
[   12.516682] sky2: driver version 1.30
[   12.523102] initcall sky2_init_module+0x0/0x21 returned 0 after 6263 usecs
[   12.533361] calling  forcedeth_pci_driver_init+0x0/0x15 @ 1
[   12.543852] initcall forcedeth_pci_driver_init+0x0/0x15 returned 0 after 937 usecs
[   12.556326] calling  rtl8139_init_module+0x0/0x15 @ 1
[   12.566483] initcall rtl8139_init_module+0x0/0x15 returned 0 after 206 usecs
[   12.577178] calling  rtl8169_pci_driver_init+0x0/0x15 @ 1
[   12.577420] ata5: SATA link down (SStatus 0 SControl 300)
[   12.585071] initcall rtl8169_pci_driver_init+0x0/0x15 returned 0 after 157 usecs
[   12.612062] ata1: SATA link down (SStatus 0 SControl 300)
[   12.620255] calling  cdrom_init+0x0/0xc @ 1
[   12.620397] initcall cdrom_init+0x0/0xc returned 0 after 92 usecs
[   12.631243] ata2: SATA link down (SStatus 0 SControl 300)
[   12.649394] calling  nonstatic_sysfs_init+0x0/0xc @ 1
[   12.649447] initcall nonstatic_sysfs_init+0x0/0xc returned 0 after 47 usecs
[   12.660496] ata4: SATA link down (SStatus 0 SControl 300)
[   12.672772] calling  yenta_cardbus_driver_init+0x0/0x15 @ 1
[   12.700358] ata6: SATA link down (SStatus 0 SControl 300)
[   12.705874] initcall yenta_cardbus_driver_init+0x0/0x15 returned 0 after 182 usecs
[   12.751520] calling  mon_init+0x0/0x12d @ 1
[   12.751870] ata3: SATA link up 1.5 Gbps (SStatus 113 SControl 300)
[   12.762496] initcall mon_init+0x0/0x12d returned 0 after 3293 usecs
[   12.775649] ata3.00: ATAPI: QEMU DVD-ROM, 2.5+, max UDMA/100
[   12.763015] calling  ehci_hcd_init+0x0/0x56 @ 1
[   12.763015] ehci_hcd: USB 2.0 'Enhanced' Host Controller (EHCI) Driver
[   12.763015] initcall ehci_hcd_init+0x0/0x56 returned 0 after 126 usecs
[   12.763015] calling  ehci_pci_init+0x0/0x64 @ 1
[   12.763015] ehci-pci: EHCI PCI platform driver
[   12.763015] initcall ehci_pci_init+0x0/0x64 returned 0 after 129 usecs
[   12.791154] ata3.00: applying bridge limits
[   12.763015] calling  ohci_hcd_mod_init+0x0/0x4e @ 1
[   12.763015] ohci_hcd: USB 1.1 'Open' Host Controller (OHCI) Driver
[   12.763015] initcall ohci_hcd_mod_init+0x0/0x4e returned 0 after 12 usecs
[   12.763015] calling  ohci_pci_init+0x0/0x64 @ 1
[   12.763015] ohci-pci: OHCI PCI platform driver
[   12.763015] initcall ohci_pci_init+0x0/0x64 returned 0 after 25 usecs
[   12.763015] calling  uhci_hcd_init+0x0/0xa8 @ 1
[   12.763015] uhci_hcd: USB Universal Host Controller Interface driver
[   12.763015] initcall uhci_hcd_init+0x0/0xa8 returned 0 after 290 usecs
[   12.815050] ata3.00: configured for UDMA/100
[   12.763015] calling  xhci_hcd_init+0x0/0x1e @ 1
[   12.763015] initcall xhci_hcd_init+0x0/0x1e returned 0 after 43 usecs
[   12.763015] calling  xhci_pci_init+0x0/0x49 @ 1
[   12.763015] initcall xhci_pci_init+0x0/0x49 returned 0 after 89 usecs
[   12.880666] scsi 2:0:0:0: CD-ROM            QEMU     QEMU DVD-ROM     2.5+ PQ: 0 ANSI: 5
[   12.763015] calling  usblp_driver_init+0x0/0x15 @ 1
[   12.763015] usbcore: registered new interface driver usblp
[   13.032398] initcall usblp_driver_init+0x0/0x15 returned 0 after 146606 usecs
[   13.043473] calling  usb_storage_driver_init+0x0/0x2a @ 1
[   13.052337] usbcore: registered new interface driver usb-storage
[   13.062157] initcall usb_storage_driver_init+0x0/0x2a returned 0 after 9644 usecs
[   13.074820] calling  i8042_init+0x0/0x4c2 @ 1
[   13.083215] i8042: PNP: PS/2 Controller [PNP0303:KBD,PNP0f13:MOU] at 0x60,0x64 irq 1,12
[   13.119726] serio: i8042 KBD port at 0x60,0x64 irq 1
[   13.128253] serio: i8042 AUX port at 0x60,0x64 irq 12
[   13.141461] initcall i8042_init+0x0/0x4c2 returned 0 after 58313 usecs
[   13.154852] calling  serport_init+0x0/0x2c @ 1
[   13.162854] initcall serport_init+0x0/0x2c returned 0 after 111 usecs
[   13.173338] calling  input_leds_init+0x0/0xc @ 1
[   13.181209] initcall input_leds_init+0x0/0xc returned 0 after 185 usecs
[   13.191419] calling  evdev_init+0x0/0xc @ 1
[   13.199140] initcall evdev_init+0x0/0xc returned 0 after 1142 usecs
[   13.208666] calling  atkbd_init+0x0/0x21 @ 1
[   13.215163] initcall atkbd_init+0x0/0x21 returned 0 after 56 usecs
[   13.224650] calling  psmouse_init+0x0/0x7f @ 1
[   13.235866] initcall psmouse_init+0x0/0x7f returned 0 after 4338 usecs
[   13.245583] calling  cmos_init+0x0/0x73 @ 1
[   13.252851] rtc_cmos 00:04: RTC can wake from S4
[   13.266833] rtc_cmos 00:04: registered as rtc0
[   13.273752] rtc_cmos 00:04: alarms up to one day, y3k, 242 bytes nvram, hpet irqs
[   13.285021] initcall cmos_init+0x0/0x73 returned 0 after 32456 usecs
[   13.294044] calling  smbalert_driver_init+0x0/0xe @ 1
[   13.302604] initcall smbalert_driver_init+0x0/0xe returned 0 after 791 usecs
[   13.313153] calling  i2c_i801_init+0x0/0xc5 @ 1
[   13.322756] i801_smbus 0000:00:1f.3: SMBus using PCI interrupt
[   13.333190] i2c i2c-0: 1/1 memory slots populated (from DMI)
[   13.337991] sr 2:0:0:0: [sr0] scsi3-mmc drive: 4x/4x cd/rw xa/form2 tray
[   13.354134] i2c i2c-0: Memory type 0x07 not supported yet, not instantiating SPD
[   13.354259] initcall i2c_i801_init+0x0/0xc5 returned 0 after 33402 usecs
[   13.354278] calling  ptp_kvm_init+0x0/0xf0 @ 1
[   13.382291] input: AT Translated Set 2 keyboard as /devices/platform/i8042/serio0/input/input1
[   13.401006] cdrom: Uniform CD-ROM driver Revision: 3.20
[   13.479792] initcall ptp_kvm_init+0x0/0xf0 returned 0 after 122563 usecs
[   13.489656] calling  dm_init+0x0/0x3c @ 1
[   13.527899] device-mapper: ioctl: 4.43.0-ioctl (2020-10-01) initialised: dm-devel@redhat.com
[   13.557911] initcall dm_init+0x0/0x3c returned 0 after 60062 usecs
[   13.567314] calling  dm_mirror_init+0x0/0x29 @ 1
[   13.586406] initcall dm_mirror_init+0x0/0x29 returned 0 after 26 usecs
[   13.612398] calling  dm_dirty_log_init+0x0/0x4f @ 1
[   13.620069] initcall dm_dirty_log_init+0x0/0x4f returned 0 after 43 usecs
[   13.631144] calling  dm_zero_init+0x0/0x29 @ 1
[   13.647780] initcall dm_zero_init+0x0/0x29 returned 0 after 74 usecs
[   13.694693] calling  intel_pstate_init+0x0/0x50d @ 1
[   13.705183] intel_pstate: CPU model not supported
[   13.724143] initcall intel_pstate_init+0x0/0x50d returned -19 after 19907 usecs
[   13.735436] calling  haltpoll_init+0x0/0xc0 @ 1
[   13.747615] initcall haltpoll_init+0x0/0xc0 returned -19 after 64 usecs
[   13.758224] calling  efivars_sysfs_init+0x0/0x30 @ 1
[   13.765380] initcall efivars_sysfs_init+0x0/0x30 returned 0 after 67 usecs
[   13.775035] calling  esrt_sysfs_init+0x0/0x2a2 @ 1
[   13.782194] initcall esrt_sysfs_init+0x0/0x2a2 returned -38 after 142 usecs
[   13.792417] calling  hid_init+0x0/0x5c @ 1
[   13.798562] hid: raw HID events driver (C) Jiri Kosina
[   13.806082] initcall hid_init+0x0/0x5c returned 0 after 7459 usecs
[   13.815230] calling  hid_generic_init+0x0/0x15 @ 1
[   13.822693] initcall hid_generic_init+0x0/0x15 returned 0 after 65 usecs
[   13.832646] calling  a4_driver_init+0x0/0x15 @ 1
[   13.839918] initcall a4_driver_init+0x0/0x15 returned 0 after 27 usecs
[   13.850214] calling  apple_driver_init+0x0/0x15 @ 1
[   13.857720] initcall apple_driver_init+0x0/0x15 returned 0 after 56 usecs
[   13.867958] calling  belkin_driver_init+0x0/0x15 @ 1
[   13.874990] initcall belkin_driver_init+0x0/0x15 returned 0 after 151 usecs
[   13.884747] calling  ch_driver_init+0x0/0x15 @ 1
[   13.891179] initcall ch_driver_init+0x0/0x15 returned 0 after 23 usecs
[   13.900411] calling  ch_driver_init+0x0/0x15 @ 1
[   13.906858] initcall ch_driver_init+0x0/0x15 returned 0 after 23 usecs
[   13.916199] calling  cp_driver_init+0x0/0x15 @ 1
[   13.927573] initcall cp_driver_init+0x0/0x15 returned 0 after 130 usecs
[   13.936953] calling  ez_driver_init+0x0/0x15 @ 1
[   13.943332] initcall ez_driver_init+0x0/0x15 returned 0 after 23 usecs
[   13.952495] calling  gyration_driver_init+0x0/0x15 @ 1
[   13.960237] initcall gyration_driver_init+0x0/0x15 returned 0 after 40 usecs
[   13.970559] calling  ite_driver_init+0x0/0x15 @ 1
[   13.978863] initcall ite_driver_init+0x0/0x15 returned 0 after 47 usecs
[   13.989031] calling  ks_driver_init+0x0/0x15 @ 1
[   13.995840] initcall ks_driver_init+0x0/0x15 returned 0 after 23 usecs
[   14.016634] calling  lg_driver_init+0x0/0x15 @ 1
[   14.017873] rcu_torture_rea (218) used greatest stack depth: 15480 bytes left
[   14.023356] initcall lg_driver_init+0x0/0x15 returned 0 after 25 usecs
[   14.044629] calling  lg_g15_driver_init+0x0/0x15 @ 1
[   14.063070] initcall lg_g15_driver_init+0x0/0x15 returned 0 after 62 usecs
[   14.064387] rcu-torture: rcu_torture_read_exit: End of episode
[   14.073225] calling  ms_driver_init+0x0/0x15 @ 1
[   14.088025] initcall ms_driver_init+0x0/0x15 returned 0 after 106 usecs
[   14.097715] calling  mr_driver_init+0x0/0x15 @ 1
[   14.105434] initcall mr_driver_init+0x0/0x15 returned 0 after 51 usecs
[   14.115028] calling  ntrig_driver_init+0x0/0x15 @ 1
[   14.124552] initcall ntrig_driver_init+0x0/0x15 returned 0 after 66 usecs
[   14.135096] calling  pl_driver_init+0x0/0x15 @ 1
[   14.143135] initcall pl_driver_init+0x0/0x15 returned 0 after 27 usecs
[   14.153497] calling  pl_driver_init+0x0/0x15 @ 1
[   14.160631] initcall pl_driver_init+0x0/0x15 returned 0 after 28 usecs
[   14.170394] calling  redragon_driver_init+0x0/0x15 @ 1
[   14.178242] initcall redragon_driver_init+0x0/0x15 returned 0 after 29 usecs
[   14.188822] calling  samsung_driver_init+0x0/0x15 @ 1
[   14.196357] initcall samsung_driver_init+0x0/0x15 returned 0 after 29 usecs
[   14.206311] calling  sony_init+0x0/0x38 @ 1
[   14.212603] initcall sony_init+0x0/0x38 returned 0 after 34 usecs
[   14.221921] calling  sp_driver_init+0x0/0x15 @ 1
[   14.230761] initcall sp_driver_init+0x0/0x15 returned 0 after 193 usecs
[   14.241609] calling  ts_driver_init+0x0/0x15 @ 1
[   14.248506] initcall ts_driver_init+0x0/0x15 returned 0 after 24 usecs
[   14.258446] calling  hid_init+0x0/0x58 @ 1
[   14.279703] usbcore: registered new interface driver usbhid
[   14.287803] usbhid: USB HID core driver
[   14.293498] initcall hid_init+0x0/0x58 returned 0 after 13580 usecs
[   14.302746] calling  eeepc_laptop_init+0x0/0x57 @ 1
[   14.310223] initcall eeepc_laptop_init+0x0/0x57 returned -19 after 360 usecs
[   14.329924] calling  pmc_atom_init+0x0/0x27a @ 1
[   14.348079] initcall pmc_atom_init+0x0/0x27a returned -19 after 754 usecs
[   14.358989] calling  alsa_hwdep_init+0x0/0x5e @ 1
[   14.375582] initcall alsa_hwdep_init+0x0/0x5e returned 0 after 775 usecs
[   14.385409] calling  alsa_timer_init+0x0/0x1f0 @ 1
[   14.398960] initcall alsa_timer_init+0x0/0x1f0 returned 0 after 6288 usecs
[   14.410323] calling  snd_hrtimer_init+0x0/0x117 @ 1
[   14.417077] initcall snd_hrtimer_init+0x0/0x117 returned 0 after 52 usecs
[   14.427049] calling  alsa_pcm_init+0x0/0x64 @ 1
