c[?7l[2J[0mSeaBIOS (version 1.16.0-debian-1.16.0-4)
Booting from ROM...
early console in setup code
c[?7l[2J[    0.000000] Linux version 5.10.158+ (root@joelboxx.c.googlers.com) (gcc (Debian 12.2.0-3) 12.2.0, GNU ld (GNU Binutils for Debian) 2.39) #18 Tue Dec 13 02:50:31 UTC 2022
[    0.000000] Command line: selinux=0 initcall_debug debug console=ttyS0 rcupdate.rcu_self_test=1 rcutorture.n_barrier_cbs=4 rcutorture.stat_interval=15 rcutorture.shutdown_secs=1800 rcutorture.test_no_idle_hz=1 rcutorture.verbose=1
[    0.000000] x86/fpu: x87 FPU will use FXSAVE
[    0.000000] BIOS-provided physical RAM map:
[    0.000000] BIOS-e820: [mem 0x0000000000000000-0x000000000009fbff] usable
[    0.000000] BIOS-e820: [mem 0x000000000009fc00-0x000000000009ffff] reserved
[    0.000000] BIOS-e820: [mem 0x00000000000f0000-0x00000000000fffff] reserved
[    0.000000] BIOS-e820: [mem 0x0000000000100000-0x000000001ffdefff] usable
[    0.000000] BIOS-e820: [mem 0x000000001ffdf000-0x000000001fffffff] reserved
[    0.000000] BIOS-e820: [mem 0x00000000b0000000-0x00000000bfffffff] reserved
[    0.000000] BIOS-e820: [mem 0x00000000fed1c000-0x00000000fed1ffff] reserved
[    0.000000] BIOS-e820: [mem 0x00000000feffc000-0x00000000feffffff] reserved
[    0.000000] BIOS-e820: [mem 0x00000000fffc0000-0x00000000ffffffff] reserved
[    0.000000] NX (Execute Disable) protection: active
[    0.000000] SMBIOS 2.8 present.
[    0.000000] DMI: QEMU Standard PC (Q35 + ICH9, 2009), BIOS 1.16.0-debian-1.16.0-4 04/01/2014
[    0.000000] Hypervisor detected: KVM
[    0.000000] kvm-clock: Using msrs 4b564d01 and 4b564d00
[    0.000000] kvm-clock: cpu 0, msr ecbf001, primary cpu clock
[    0.000068] kvm-clock: using sched offset of 2993787146 cycles
[    0.000205] clocksource: kvm-clock: mask: 0xffffffffffffffff max_cycles: 0x1cd42e4dffb, max_idle_ns: 881590591483 ns
[    0.000449] tsc: Detected 1999.999 MHz processor
[    0.013098] e820: update [mem 0x00000000-0x00000fff] usable ==> reserved
[    0.013107] e820: remove [mem 0x000a0000-0x000fffff] usable
[    0.013116] last_pfn = 0x1ffdf max_arch_pfn = 0x400000000
[    0.014023] MTRR default type: write-back
[    0.014118] MTRR fixed ranges enabled:
[    0.014121]   00000-9FFFF write-back
[    0.014123]   A0000-BFFFF uncachable
[    0.014125]   C0000-FFFFF write-protect
[    0.014127] MTRR variable ranges enabled:
[    0.014130]   0 base 00C0000000 mask FFC0000000 uncachable
[    0.014132]   1 disabled
[    0.014133]   2 disabled
[    0.014135]   3 disabled
[    0.014137]   4 disabled
[    0.014139]   5 disabled
[    0.014204]   6 disabled
[    0.014206]   7 disabled
[    0.014630] x86/PAT: Configuration [0-7]: WB  WC  UC- UC  WB  WC  UC- UC  
[    0.023806] found SMP MP-table at [mem 0x000f5ba0-0x000f5baf]
[    0.026272] check: Scanning 1 areas for low memory corruption
[    0.040507] ACPI: Early table checksum verification disabled
[    0.043143] ACPI: RSDP 0x00000000000F59E0 000014 (v00 BOCHS )
[    0.043560] ACPI: RSDT 0x000000001FFE229A 000038 (v01 BOCHS  BXPC     00000001 BXPC 00000001)
[    0.043817] ACPI: FACP 0x000000001FFE2092 0000F4 (v03 BOCHS  BXPC     00000001 BXPC 00000001)
[    0.043930] ACPI: DSDT 0x000000001FFE0040 002052 (v01 BOCHS  BXPC     00000001 BXPC 00000001)
[    0.043986] ACPI: FACS 0x000000001FFE0000 000040
[    0.043994] ACPI: APIC 0x000000001FFE2186 000078 (v01 BOCHS  BXPC     00000001 BXPC 00000001)
[    0.044000] ACPI: HPET 0x000000001FFE21FE 000038 (v01 BOCHS  BXPC     00000001 BXPC 00000001)
[    0.044007] ACPI: MCFG 0x000000001FFE2236 00003C (v01 BOCHS  BXPC     00000001 BXPC 00000001)
[    0.044013] ACPI: WAET 0x000000001FFE2272 000028 (v01 BOCHS  BXPC     00000001 BXPC 00000001)
[    0.044019] ACPI: Reserving FACP table memory at [mem 0x1ffe2092-0x1ffe2185]
[    0.044023] ACPI: Reserving DSDT table memory at [mem 0x1ffe0040-0x1ffe2091]
[    0.044025] ACPI: Reserving FACS table memory at [mem 0x1ffe0000-0x1ffe003f]
[    0.044114] ACPI: Reserving APIC table memory at [mem 0x1ffe2186-0x1ffe21fd]
[    0.044169] ACPI: Reserving HPET table memory at [mem 0x1ffe21fe-0x1ffe2235]
[    0.044171] ACPI: Reserving MCFG table memory at [mem 0x1ffe2236-0x1ffe2271]
[    0.044173] ACPI: Reserving WAET table memory at [mem 0x1ffe2272-0x1ffe2299]
[    0.045146] ACPI: Local APIC address 0xfee00000
[    0.046965] Zone ranges:
[    0.047129]   DMA      [mem 0x0000000000001000-0x0000000000ffffff]
[    0.047232]   DMA32    [mem 0x0000000001000000-0x000000001ffdefff]
[    0.047236]   Normal   empty
[    0.047239] Movable zone start for each node
[    0.047241] Early memory node ranges
[    0.047244]   node   0: [mem 0x0000000000001000-0x000000000009efff]
[    0.047303]   node   0: [mem 0x0000000000100000-0x000000001ffdefff]
[    0.047392] Initmem setup node 0 [mem 0x0000000000001000-0x000000001ffdefff]
[    0.047478] On node 0 totalpages: 130941
[    0.047658]   DMA zone: 64 pages used for memmap
[    0.047661]   DMA zone: 21 pages reserved
[    0.047736]   DMA zone: 3998 pages, LIFO batch:0
[    0.047739]   DMA32 zone: 1984 pages used for memmap
[    0.047741]   DMA32 zone: 126943 pages, LIFO batch:31
[    0.071210] On node 0, zone DMA: 1 pages in unavailable ranges
[    0.075748] On node 0, zone DMA: 97 pages in unavailable ranges
[    0.158394] On node 0, zone DMA32: 33 pages in unavailable ranges
[    0.162123] ACPI: PM-Timer IO Port: 0x608
[    0.162131] ACPI: Local APIC address 0xfee00000
[    0.162328] ACPI: LAPIC_NMI (acpi_id[0xff] dfl dfl lint[0x1])
[    0.163579] IOAPIC[0]: apic_id 0, version 17, address 0xfec00000, GSI 0-23
[    0.163714] ACPI: INT_SRC_OVR (bus 0 bus_irq 0 global_irq 2 dfl dfl)
[    0.163773] ACPI: INT_SRC_OVR (bus 0 bus_irq 5 global_irq 5 high level)
[    0.163776] ACPI: INT_SRC_OVR (bus 0 bus_irq 9 global_irq 9 high level)
[    0.163949] ACPI: INT_SRC_OVR (bus 0 bus_irq 10 global_irq 10 high level)
[    0.163952] ACPI: INT_SRC_OVR (bus 0 bus_irq 11 global_irq 11 high level)
[    0.163955] ACPI: IRQ0 used by override.
[    0.163957] ACPI: IRQ5 used by override.
[    0.163959] ACPI: IRQ9 used by override.
[    0.163961] ACPI: IRQ10 used by override.
[    0.163963] ACPI: IRQ11 used by override.
[    0.163967] Using ACPI (MADT) for SMP configuration information
[    0.163971] ACPI: HPET id: 0x8086a201 base: 0xfed00000
[    0.165449] kvm-guest: stealtime: cpu 0, msr e45b4c0
[    0.166553] PM: hibernation: Registered nosave memory: [mem 0x00000000-0x00000fff]
[    0.166558] PM: hibernation: Registered nosave memory: [mem 0x0009f000-0x0009ffff]
[    0.166561] PM: hibernation: Registered nosave memory: [mem 0x000a0000-0x000effff]
[    0.166564] PM: hibernation: Registered nosave memory: [mem 0x000f0000-0x000fffff]
[    0.166570] [mem 0x20000000-0xafffffff] available for PCI devices
[    0.166642] Booting paravirtualized kernel on KVM
[    0.167197] clocksource: refined-jiffies: mask: 0xffffffff max_cycles: 0xffffffff, max_idle_ns: 1910969940391419 ns
[    0.188429] pcpu-alloc: s0 r0 d32768 u32768 alloc=1*32768
[    0.188533] pcpu-alloc: [0] 0 
[    0.189955] Built 1 zonelists, mobility grouping on.  Total pages: 128872
[    0.190146] Kernel command line: selinux=0 initcall_debug debug console=ttyS0 rcupdate.rcu_self_test=1 rcutorture.n_barrier_cbs=4 rcutorture.stat_interval=15 rcutorture.shutdown_secs=1800 rcutorture.test_no_idle_hz=1 rcutorture.verbose=1
[    0.206037] Dentry cache hash table entries: 65536 (order: 7, 524288 bytes, linear)
[    0.209524] Inode-cache hash table entries: 32768 (order: 6, 262144 bytes, linear)
[    0.210260] mem auto-init: stack:all(zero), heap alloc:off, heap free:off
[    0.215456] Memory: 467224K/523764K available (16397K kernel code, 2822K rwdata, 4736K rodata, 1276K init, 13688K bss, 56280K reserved, 0K cma-reserved)
[    0.216394] SLUB: HWalign=64, Order=0-3, MinObjects=0, CPUs=1, Nodes=1
[    0.236915] Kernel/User page tables isolation: enabled
[    0.244435] Running RCU self tests
[    0.252616] NR_IRQS: 4352, nr_irqs: 256, preallocated irqs: 16
[    0.257292] calling  con_init+0x0/0x24f @ 0
[    0.393448] Console: colour VGA+ 80x25
[    0.393473] initcall con_init+0x0/0x24f returned 0 after 0 usecs
[    0.393477] calling  hvc_console_init+0x0/0x13 @ 0
[    0.393520] initcall hvc_console_init+0x0/0x13 returned 0 after 0 usecs
[    0.393522] calling  univ8250_console_init+0x0/0x26 @ 0
[    1.207498] printk: console [ttyS0] enabled
[    1.212592] initcall univ8250_console_init+0x0/0x26 returned 0 after 0 usecs
[    1.219995] Lock dependency validator: Copyright (c) 2006 Red Hat, Inc., Ingo Molnar
[    1.228047] ... MAX_LOCKDEP_SUBCLASSES:  8
[    1.232413] ... MAX_LOCK_DEPTH:          48
[    1.236822] ... MAX_LOCKDEP_KEYS:        8192
[    1.241416] ... CLASSHASH_SIZE:          4096
[    1.246013] ... MAX_LOCKDEP_ENTRIES:     32768
[    1.250780] ... MAX_LOCKDEP_CHAINS:      65536
[    1.255464] ... CHAINHASH_SIZE:          32768
[    1.260189]  memory used by lock dependency info: 6365 kB
[    1.265970]  memory used for stack traces: 4224 kB
[    1.271144]  per task-struct memory footprint: 1920 bytes
[    1.278533] ACPI: Core revision 20200925
[    1.286289] clocksource: hpet: mask: 0xffffffff max_cycles: 0xffffffff, max_idle_ns: 19112604467 ns
[    1.298455] APIC: Switch to symmetric I/O mode setup
[    1.318153] ..TIMER: vector=0x30 apic1=0 pin1=2 apic2=-1 pin2=-1
[    1.324920] clocksource: tsc-early: mask: 0xffffffffffffffff max_cycles: 0x39a85afc727, max_idle_ns: 881590685098 ns
[    1.336391] Calibrating delay loop (skipped) preset value.. 3999.99 BogoMIPS (lpj=1999999)
[    1.337191] pid_max: default: 32768 minimum: 301
[    1.338511] LSM: Security Framework initializing
[    1.340263] Mount-cache hash table entries: 1024 (order: 1, 8192 bytes, linear)
[    1.341171] Mountpoint-cache hash table entries: 1024 (order: 1, 8192 bytes, linear)
[    1.348623] Last level iTLB entries: 4KB 0, 2MB 0, 4MB 0
[    1.349165] Last level dTLB entries: 4KB 0, 2MB 0, 4MB 0, 1GB 0
[    1.351176] CPU: Intel Common KVM processor (family: 0xf, model: 0x6, stepping: 0x1)
[    1.352213] Spectre V1 : Mitigation: usercopy/swapgs barriers and __user pointer sanitization
[    1.353167] Spectre V2 : Mitigation: Retpolines
[    1.354164] Spectre V2 : Spectre v2 / SpectreRSB mitigation: Filling RSB on context switch
[    1.355178] Spectre V2 : Spectre v2 / SpectreRSB : Filling RSB on VMEXIT
[    1.356166] Speculative Store Bypass: Vulnerable
[    1.357279] MDS: Vulnerable: Clear CPU buffers attempted, no microcode
[    1.358166] MMIO Stale Data: Unknown: No mitigations
[    1.467881] RCU test callback executed 1
[    1.468424] RCU test callback executed 2
[    1.469422] calling  init_hw_perf_events+0x0/0x6ce @ 1
[    1.470168] Performance Events: unsupported Netburst CPU model 6 no PMU driver, software events only.
[    1.471172] initcall init_hw_perf_events+0x0/0x6ce returned 0 after 976 usecs
[    1.472171] calling  init_real_mode+0x0/0x1e9 @ 1
[    1.474448] initcall init_real_mode+0x0/0x1e9 returned 0 after 976 usecs
[    1.475185] calling  trace_init_perf_perm_irq_work_exit+0x0/0x12 @ 1
[    1.476182] initcall trace_init_perf_perm_irq_work_exit+0x0/0x12 returned 0 after 0 usecs
[    1.477171] calling  validate_x2apic+0x0/0x4a @ 1
[    1.479169] initcall validate_x2apic+0x0/0x4a returned 0 after 976 usecs
[    1.480170] calling  register_nmi_cpu_backtrace_handler+0x0/0x15 @ 1
[    1.481188] initcall register_nmi_cpu_backtrace_handler+0x0/0x15 returned 0 after 0 usecs
[    1.482182] calling  kvm_setup_vsyscall_timeinfo+0x0/0x34 @ 1
[    1.483172] initcall kvm_setup_vsyscall_timeinfo+0x0/0x34 returned 0 after 0 usecs
[    1.484169] calling  spawn_ksoftirqd+0x0/0x34 @ 1
[    1.485370] initcall spawn_ksoftirqd+0x0/0x34 returned 0 after 0 usecs
[    1.486170] calling  trace_init_flags_sys_enter+0x0/0xe @ 1
[    1.487170] initcall trace_init_flags_sys_enter+0x0/0xe returned 0 after 0 usecs
[    1.488170] calling  trace_init_flags_sys_exit+0x0/0xe @ 1
[    1.489171] initcall trace_init_flags_sys_exit+0x0/0xe returned 0 after 0 usecs
[    1.490171] calling  init_kprobes+0x0/0x16e @ 1
[    1.492833] initcall init_kprobes+0x0/0x16e returned 0 after 976 usecs
[    1.493171] calling  init_events+0x0/0x3d @ 1
[    1.495252] initcall init_events+0x0/0x3d returned 0 after 976 usecs
[    1.496169] calling  init_trace_printk+0x0/0xc @ 1
[    1.497170] initcall init_trace_printk+0x0/0xc returned 0 after 0 usecs
[    1.498168] calling  event_trace_enable_again+0x0/0x23 @ 1
[    1.499180] initcall event_trace_enable_again+0x0/0x23 returned 0 after 0 usecs
[    1.500168] calling  static_call_init+0x0/0x6f @ 1
[    1.501172] initcall static_call_init+0x0/0x6f returned 0 after 0 usecs
[    1.502172] calling  jump_label_init_module+0x0/0xc @ 1
[    1.503203] initcall jump_label_init_module+0x0/0xc returned 0 after 0 usecs
[    1.504190] calling  init_zero_pfn+0x0/0x37 @ 1
[    1.506170] initcall init_zero_pfn+0x0/0x37 returned 0 after 0 usecs
[    1.507172] calling  initialize_ptr_random+0x0/0x54 @ 1
[    1.508260] initcall initialize_ptr_random+0x0/0x54 returned 0 after 0 usecs
[    1.509251] calling  efi_memreserve_root_init+0x0/0x25 @ 1
[    1.510234] initcall efi_memreserve_root_init+0x0/0x25 returned 0 after 0 usecs
[    1.512169] calling  efi_earlycon_remap_fb+0x0/0x51 @ 1
[    1.514170] initcall efi_earlycon_remap_fb+0x0/0x51 returned 0 after 0 usecs
[    1.623905] devtmpfs: initialized
[    1.626641] calling  ipc_ns_init+0x0/0x3d @ 1
[    1.627235] initcall ipc_ns_init+0x0/0x3d returned 0 after 0 usecs
[    1.628168] calling  init_mmap_min_addr+0x0/0x21 @ 1
[    1.629168] initcall init_mmap_min_addr+0x0/0x21 returned 0 after 0 usecs
[    1.630168] calling  pci_realloc_setup_params+0x0/0x3f @ 1
[    1.631168] initcall pci_realloc_setup_params+0x0/0x3f returned 0 after 0 usecs
[    1.633168] calling  net_ns_init+0x0/0x128 @ 1
[    1.635398] initcall net_ns_init+0x0/0x128 returned 0 after 976 usecs
[    1.636184] calling  e820__register_nvs_regions+0x0/0x37 @ 1
[    1.637169] initcall e820__register_nvs_regions+0x0/0x37 returned 0 after 0 usecs
[    1.638170] calling  cpufreq_register_tsc_scaling+0x0/0x2e @ 1
[    1.639170] initcall cpufreq_register_tsc_scaling+0x0/0x2e returned 0 after 0 usecs
[    1.640170] calling  reboot_init+0x0/0x3c @ 1
[    1.641270] initcall reboot_init+0x0/0x3c returned 0 after 0 usecs
[    1.642169] calling  init_lapic_sysfs+0x0/0x20 @ 1
[    1.643229] initcall init_lapic_sysfs+0x0/0x20 returned 0 after 0 usecs
[    1.644175] calling  wq_sysfs_init+0x0/0x2a @ 1
[    1.645326] initcall wq_sysfs_init+0x0/0x2a returned 0 after 0 usecs
[    1.646169] calling  ksysfs_init+0x0/0x92 @ 1
[    1.647206] initcall ksysfs_init+0x0/0x92 returned 0 after 0 usecs
[    1.648168] calling  pm_init+0x0/0x76 @ 1
[    1.649263] initcall pm_init+0x0/0x76 returned 0 after 0 usecs
[    1.650171] calling  pm_disk_init+0x0/0x13 @ 1
[    1.651199] initcall pm_disk_init+0x0/0x13 returned 0 after 0 usecs
[    1.652171] calling  swsusp_header_init+0x0/0x2b @ 1
[    1.653176] initcall swsusp_header_init+0x0/0x2b returned 0 after 0 usecs
[    1.654170] calling  rcu_set_runtime_mode+0x0/0x25 @ 1
[    1.655170] initcall rcu_set_runtime_mode+0x0/0x25 returned 0 after 0 usecs
[    1.656169] calling  init_jiffies_clocksource+0x0/0x13 @ 1
[    1.657166] clocksource: jiffies: mask: 0xffffffff max_cycles: 0xffffffff, max_idle_ns: 1911260446275000 ns
[    1.658173] initcall init_jiffies_clocksource+0x0/0x13 returned 0 after 976 usecs
[    1.659169] calling  futex_init+0x0/0x10e @ 1
[    1.660171] futex hash table entries: 256 (order: 2, 22528 bytes, linear)
[    1.661211] initcall futex_init+0x0/0x10e returned 0 after 976 usecs
[    1.662167] calling  cgroup_wq_init+0x0/0x28 @ 1
[    1.663189] initcall cgroup_wq_init+0x0/0x28 returned 0 after 0 usecs
[    1.664173] calling  cgroup1_wq_init+0x0/0x28 @ 1
[    1.665179] initcall cgroup1_wq_init+0x0/0x28 returned 0 after 0 usecs
[    1.666166] calling  init_kprobe_trace_early+0x0/0x2a @ 1
[    1.667217] initcall init_kprobe_trace_early+0x0/0x2a returned 0 after 0 usecs
[    1.668169] calling  fsnotify_init+0x0/0x56 @ 1
[    1.669179] initcall fsnotify_init+0x0/0x56 returned 0 after 0 usecs
[    1.670168] calling  filelock_init+0x0/0x7f @ 1
[    1.671215] initcall filelock_init+0x0/0x7f returned 0 after 0 usecs
[    1.672170] calling  init_misc_binfmt+0x0/0x2c @ 1
[    1.673213] initcall init_misc_binfmt+0x0/0x2c returned 0 after 0 usecs
[    1.674168] calling  init_script_binfmt+0x0/0x15 @ 1
[    1.675185] initcall init_script_binfmt+0x0/0x15 returned 0 after 0 usecs
[    1.676168] calling  init_elf_binfmt+0x0/0x15 @ 1
[    1.677169] initcall init_elf_binfmt+0x0/0x15 returned 0 after 0 usecs
[    1.678168] calling  init_compat_elf_binfmt+0x0/0x15 @ 1
[    1.679169] initcall init_compat_elf_binfmt+0x0/0x15 returned 0 after 0 usecs
[    1.680167] calling  debugfs_init+0x0/0x5c @ 1
[    1.682188] initcall debugfs_init+0x0/0x5c returned 0 after 976 usecs
[    1.683173] calling  tracefs_init+0x0/0x3a @ 1
[    1.684202] initcall tracefs_init+0x0/0x3a returned 0 after 0 usecs
[    1.685170] calling  prandom_init_early+0x0/0x111 @ 1
[    1.686184] initcall prandom_init_early+0x0/0x111 returned 0 after 0 usecs
[    1.687213] calling  virtio_init+0x0/0x20 @ 1
[    1.688235] initcall virtio_init+0x0/0x20 returned 0 after 0 usecs
[    1.689169] calling  iommu_init+0x0/0x2a @ 1
[    1.690224] initcall iommu_init+0x0/0x2a returned 0 after 0 usecs
[    1.691170] calling  component_debug_init+0x0/0x1c @ 1
[    1.693316] initcall component_debug_init+0x0/0x1c returned 0 after 976 usecs
[    1.694169] calling  early_resume_init+0x0/0xb9 @ 1
[    1.696165] PM: RTC time: 02:52:21, date: 2022-12-13
[    1.697186] initcall early_resume_init+0x0/0xb9 returned 0 after 1953 usecs
[    1.698168] calling  cpufreq_core_init+0x0/0x62 @ 1
[    1.699223] initcall cpufreq_core_init+0x0/0x62 returned 0 after 0 usecs
[    1.700167] calling  cpufreq_gov_performance_init+0x0/0xc @ 1
[    1.702166] initcall cpufreq_gov_performance_init+0x0/0xc returned 0 after 976 usecs
[    1.703169] calling  cpufreq_gov_userspace_init+0x0/0xc @ 1
[    1.704170] initcall cpufreq_gov_userspace_init+0x0/0xc returned 0 after 0 usecs
[    1.705167] calling  CPU_FREQ_GOV_ONDEMAND_init+0x0/0xc @ 1
[    1.706169] initcall CPU_FREQ_GOV_ONDEMAND_init+0x0/0xc returned 0 after 0 usecs
[    1.707168] calling  cpuidle_init+0x0/0x1f @ 1
[    1.708183] initcall cpuidle_init+0x0/0x1f returned 0 after 0 usecs
[    1.709168] calling  capsule_reboot_register+0x0/0xc @ 1
[    1.710187] initcall capsule_reboot_register+0x0/0xc returned 0 after 0 usecs
[    1.711170] calling  sock_init+0x0/0x93 @ 1
[    1.713337] initcall sock_init+0x0/0x93 returned 0 after 976 usecs
[    1.714168] calling  net_inuse_init+0x0/0x23 @ 1
[    1.715199] initcall net_inuse_init+0x0/0x23 returned 0 after 0 usecs
[    1.716167] calling  net_defaults_init+0x0/0x23 @ 1
[    1.717169] initcall net_defaults_init+0x0/0x23 returned 0 after 0 usecs
[    1.718167] calling  init_default_flow_dissectors+0x0/0x4f @ 1
[    1.719185] initcall init_default_flow_dissectors+0x0/0x4f returned 0 after 0 usecs
[    1.720168] calling  netpoll_init+0x0/0x44 @ 1
[    1.721168] initcall netpoll_init+0x0/0x44 returned 0 after 0 usecs
[    1.722168] calling  netlink_proto_init+0x0/0x154 @ 1
[    1.723412] NET: Registered protocol family 16
[    1.725280] initcall netlink_proto_init+0x0/0x154 returned 0 after 1953 usecs
[    1.726169] calling  genl_init+0x0/0x35 @ 1
[    1.727234] initcall genl_init+0x0/0x35 returned 0 after 0 usecs
[    1.728204] calling  bsp_pm_check_init+0x0/0x13 @ 1
[    1.729169] initcall bsp_pm_check_init+0x0/0x13 returned 0 after 0 usecs
[    1.730183] calling  irq_sysfs_init+0x0/0xb9 @ 1
[    1.731475] initcall irq_sysfs_init+0x0/0xb9 returned 0 after 0 usecs
[    1.732167] calling  audit_init+0x0/0x127 @ 1
[    1.733176] audit: initializing netlink subsys (disabled)
[    1.734312] initcall audit_init+0x0/0x127 returned 0 after 976 usecs
[    1.735168] calling  release_early_probes+0x0/0x32 @ 1
[    1.736168] initcall release_early_probes+0x0/0x32 returned 0 after 0 usecs
[    1.737166] calling  bdi_class_init+0x0/0x48 @ 1
[    1.738216] initcall bdi_class_init+0x0/0x48 returned 0 after 0 usecs
[    1.739166] calling  mm_sysfs_init+0x0/0x28 @ 1
[    1.740176] initcall mm_sysfs_init+0x0/0x28 returned 0 after 0 usecs
[    1.741168] calling  init_per_zone_wmark_min+0x0/0x5e @ 1
[    1.742191] initcall init_per_zone_wmark_min+0x0/0x5e returned 0 after 0 usecs
[    1.743167] calling  mpi_init+0x0/0x3e @ 1
[    1.744189] initcall mpi_init+0x0/0x3e returned 0 after 0 usecs
[    1.745167] calling  kobject_uevent_init+0x0/0xc @ 1
[    1.746196] initcall kobject_uevent_init+0x0/0xc returned 0 after 0 usecs
[    1.747168] calling  pcibus_class_init+0x0/0x13 @ 1
[    1.748202] initcall pcibus_class_init+0x0/0x13 returned 0 after 0 usecs
[    1.749168] calling  pci_driver_init+0x0/0x21 @ 1
[    1.750231] initcall pci_driver_init+0x0/0x21 returned 0 after 0 usecs
[    1.751169] calling  backlight_class_init+0x0/0xa8 @ 1
[    1.752215] initcall backlight_class_init+0x0/0xa8 returned 0 after 0 usecs
[    1.753173] calling  tty_class_init+0x0/0x33 @ 1
[    1.754195] initcall tty_class_init+0x0/0x33 returned 0 after 0 usecs
[    1.755173] calling  vtconsole_class_init+0x0/0xb5 @ 1
[    1.756334] initcall vtconsole_class_init+0x0/0xb5 returned 0 after 0 usecs
[    1.757169] calling  iommu_dev_init+0x0/0x13 @ 1
[    1.758254] initcall iommu_dev_init+0x0/0x13 returned 0 after 0 usecs
[    1.759184] calling  mipi_dsi_bus_init+0x0/0xc @ 1
[    1.760192] initcall mipi_dsi_bus_init+0x0/0xc returned 0 after 0 usecs
[    1.761168] calling  devlink_class_init+0x0/0x40 @ 1
[    1.762220] initcall devlink_class_init+0x0/0x40 returned 0 after 0 usecs
[    1.763169] calling  software_node_init+0x0/0x2a @ 1
[    1.764177] initcall software_node_init+0x0/0x2a returned 0 after 0 usecs
[    1.765169] calling  wakeup_sources_debugfs_init+0x0/0x23 @ 1
[    1.766238] initcall wakeup_sources_debugfs_init+0x0/0x23 returned 0 after 0 usecs
[    1.767169] calling  wakeup_sources_sysfs_init+0x0/0x2c @ 1
[    1.768191] initcall wakeup_sources_sysfs_init+0x0/0x2c returned 0 after 0 usecs
[    1.769178] calling  regmap_initcall+0x0/0xc @ 1
[    1.770279] initcall regmap_initcall+0x0/0xc returned 0 after 0 usecs
[    1.771172] calling  i2c_init+0x0/0xb3 @ 1
[    1.772466] initcall i2c_init+0x0/0xb3 returned 0 after 0 usecs
[    1.773172] calling  thermal_init+0x0/0x116 @ 1
[    1.774265] thermal_sys: Registered thermal governor 'step_wise'
[    1.774280] thermal_sys: Registered thermal governor 'user_space'
[    1.775187] initcall thermal_init+0x0/0x116 returned 0 after 976 usecs
[    1.777169] calling  init_menu+0x0/0xc @ 1
[    1.778242] cpuidle: using governor menu
[    1.779170] initcall init_menu+0x0/0xc returned 0 after 976 usecs
[    1.780168] calling  pcc_init+0x0/0x4d @ 1
[    1.781187] initcall pcc_init+0x0/0x4d returned -19 after 0 usecs
[    1.782169] calling  amd_postcore_init+0x0/0x11e @ 1
[    1.783174] initcall amd_postcore_init+0x0/0x11e returned 0 after 0 usecs
[    1.784204] calling  bts_init+0x0/0xba @ 1
[    1.785169] initcall bts_init+0x0/0xba returned -19 after 0 usecs
[    1.786170] calling  pt_init+0x0/0x2f7 @ 1
[    1.787167] initcall pt_init+0x0/0x2f7 returned -19 after 0 usecs
[    1.788170] calling  boot_params_ksysfs_init+0x0/0x2ee @ 1
[    1.789214] initcall boot_params_ksysfs_init+0x0/0x2ee returned 0 after 0 usecs
[    1.790169] calling  sbf_init+0x0/0xea @ 1
[    1.791170] initcall sbf_init+0x0/0xea returned 0 after 0 usecs
[    1.792169] calling  arch_kdebugfs_init+0x0/0x219 @ 1
[    1.793485] initcall arch_kdebugfs_init+0x0/0x219 returned 0 after 0 usecs
[    1.794168] calling  intel_pconfig_init+0x0/0x85 @ 1
[    1.795168] initcall intel_pconfig_init+0x0/0x85 returned 0 after 0 usecs
[    1.796167] calling  mtrr_if_init+0x0/0x5d @ 1
[    1.797176] initcall mtrr_if_init+0x0/0x5d returned 0 after 0 usecs
[    1.798170] calling  activate_jump_labels+0x0/0x31 @ 1
[    1.799170] initcall activate_jump_labels+0x0/0x31 returned 0 after 0 usecs
[    1.800169] calling  ffh_cstate_init+0x0/0x29 @ 1
[    1.801175] initcall ffh_cstate_init+0x0/0x29 returned 0 after 0 usecs
[    1.802169] calling  activate_jump_labels+0x0/0x31 @ 1
[    1.803226] initcall activate_jump_labels+0x0/0x31 returned 0 after 0 usecs
[    1.804169] calling  kvm_alloc_cpumask+0x0/0x2b @ 1
[    1.805197] initcall kvm_alloc_cpumask+0x0/0x2b returned 0 after 0 usecs
[    1.806169] calling  kcmp_cookies_init+0x0/0x37 @ 1
[    1.807179] initcall kcmp_cookies_init+0x0/0x37 returned 0 after 0 usecs
[    1.808169] calling  cryptomgr_init+0x0/0xc @ 1
[    1.809237] initcall cryptomgr_init+0x0/0xc returned 0 after 0 usecs
[    1.810169] calling  acpi_pci_init+0x0/0x57 @ 1
[    1.811177] ACPI: bus type PCI registered
[    1.812169] initcall acpi_pci_init+0x0/0x57 returned 0 after 976 usecs
[    1.813171] calling  dma_channel_table_init+0x0/0xce @ 1
[    1.814189] initcall dma_channel_table_init+0x0/0xce returned 0 after 0 usecs
[    1.815172] calling  dma_bus_init+0x0/0xdc @ 1
[    1.817177] initcall dma_bus_init+0x0/0xdc returned 0 after 976 usecs
[    1.818308] calling  iommu_dma_init+0x0/0x10 @ 1
[    1.819297] initcall iommu_dma_init+0x0/0x10 returned 0 after 0 usecs
[    1.820172] calling  dmi_id_init+0x0/0x37c @ 1
[    1.821410] initcall dmi_id_init+0x0/0x37c returned 0 after 0 usecs
[    1.822196] calling  pci_arch_init+0x0/0x71 @ 1
[    1.824285] PCI: MMCONFIG for domain 0000 [bus 00-ff] at [mem 0xb0000000-0xbfffffff] (base 0xb0000000)
[    1.825178] PCI: MMCONFIG at [mem 0xb0000000-0xbfffffff] reserved in E820
[    1.826235] PCI: Using configuration type 1 for base access
[    1.829169] initcall pci_arch_init+0x0/0x71 returned 0 after 5859 usecs
[    1.830184] calling  init_vdso+0x0/0x13 @ 1
[    1.831208] initcall init_vdso+0x0/0x13 returned 0 after 0 usecs
[    1.832169] calling  sysenter_setup+0x0/0x13 @ 1
[    1.833200] initcall sysenter_setup+0x0/0x13 returned 0 after 0 usecs
[    1.834169] calling  fixup_ht_bug+0x0/0x7f @ 1
[    1.835168] initcall fixup_ht_bug+0x0/0x7f returned 0 after 0 usecs
[    1.836169] calling  topology_init+0x0/0x15 @ 1
[    1.837348] initcall topology_init+0x0/0x15 returned 0 after 0 usecs
[    1.838169] calling  intel_epb_init+0x0/0x68 @ 1
[    1.839168] initcall intel_epb_init+0x0/0x68 returned -19 after 0 usecs
[    1.840168] calling  mtrr_init_finialize+0x0/0x3e @ 1
[    1.841167] initcall mtrr_init_finialize+0x0/0x3e returned 0 after 0 usecs
[    1.842167] calling  uid_cache_init+0x0/0x85 @ 1
[    1.843233] initcall uid_cache_init+0x0/0x85 returned 0 after 0 usecs
[    1.844170] calling  param_sysfs_init+0x0/0x1ba @ 1
[    1.857987] initcall param_sysfs_init+0x0/0x1ba returned 0 after 11718 usecs
[    1.858175] calling  user_namespace_sysctl_init+0x0/0x33 @ 1
[    1.859184] initcall user_namespace_sysctl_init+0x0/0x33 returned 0 after 0 usecs
[    1.860169] calling  proc_schedstat_init+0x0/0x24 @ 1
[    1.861177] initcall proc_schedstat_init+0x0/0x24 returned 0 after 0 usecs
[    1.863167] calling  pm_sysrq_init+0x0/0x18 @ 1
[    1.864255] initcall pm_sysrq_init+0x0/0x18 returned 0 after 0 usecs
[    1.865243] calling  create_proc_profile+0x0/0x50 @ 1
[    1.866169] initcall create_proc_profile+0x0/0x50 returned 0 after 0 usecs
[    1.867167] calling  time_ns_init+0x0/0x7 @ 1
[    1.868166] initcall time_ns_init+0x0/0x7 returned 0 after 0 usecs
[    1.869168] calling  crash_save_vmcoreinfo_init+0x0/0x756 @ 1
[    1.870243] initcall crash_save_vmcoreinfo_init+0x0/0x756 returned 0 after 0 usecs
[    1.871172] calling  crash_notes_memory_init+0x0/0x35 @ 1
[    1.872176] initcall crash_notes_memory_init+0x0/0x35 returned 0 after 0 usecs
[    1.873168] calling  cgroup_sysfs_init+0x0/0x13 @ 1
[    1.874199] initcall cgroup_sysfs_init+0x0/0x13 returned 0 after 0 usecs
[    1.875168] calling  cgroup_namespaces_init+0x0/0x7 @ 1
[    1.876169] initcall cgroup_namespaces_init+0x0/0x7 returned 0 after 0 usecs
[    1.877167] calling  init_optprobes+0x0/0x13 @ 1
[    1.878258] Kprobes globally optimized
[    1.879169] initcall init_optprobes+0x0/0x13 returned 0 after 976 usecs
[    1.880168] calling  oom_init+0x0/0x2f @ 1
[    1.881568] audit: type=2000 audit(1670899939.768:1): state=initialized audit_enabled=0 res=1
[    1.882225] initcall oom_init+0x0/0x2f returned 0 after 976 usecs
[    1.883168] calling  default_bdi_init+0x0/0xb3 @ 1
[    1.884544] initcall default_bdi_init+0x0/0xb3 returned 0 after 0 usecs
[    1.885184] calling  percpu_enable_async+0x0/0xe @ 1
[    1.886167] initcall percpu_enable_async+0x0/0xe returned 0 after 0 usecs
[    1.887168] calling  kcompactd_init+0x0/0x46 @ 1
[    1.888322] initcall kcompactd_init+0x0/0x46 returned 0 after 0 usecs
[    1.889266] calling  init_user_reserve+0x0/0x30 @ 1
[    1.890170] initcall init_user_reserve+0x0/0x30 returned 0 after 0 usecs
[    1.891167] calling  init_admin_reserve+0x0/0x30 @ 1
[    1.892167] initcall init_admin_reserve+0x0/0x30 returned 0 after 0 usecs
[    1.893169] calling  init_reserve_notifier+0x0/0x7 @ 1
[    1.894167] initcall init_reserve_notifier+0x0/0x7 returned 0 after 0 usecs
[    1.895167] calling  swap_init_sysfs+0x0/0x62 @ 1
[    1.896198] initcall swap_init_sysfs+0x0/0x62 returned 0 after 0 usecs
[    1.897167] calling  swapfile_init+0x0/0x46 @ 1
[    1.898168] initcall swapfile_init+0x0/0x46 returned 0 after 0 usecs
[    1.899167] calling  hugetlb_init+0x0/0x43f @ 1
[    1.900169] HugeTLB registered 2.00 MiB page size, pre-allocated 0 pages
[    1.902182] initcall hugetlb_init+0x0/0x43f returned 0 after 1953 usecs
[    1.903169] calling  io_wq_init+0x0/0x34 @ 1
[    1.904170] initcall io_wq_init+0x0/0x34 returned 0 after 0 usecs
[    1.905168] calling  seqiv_module_init+0x0/0xc @ 1
[    1.906223] initcall seqiv_module_init+0x0/0xc returned 0 after 0 usecs
[    1.907167] calling  echainiv_module_init+0x0/0xc @ 1
[    1.908172] initcall echainiv_module_init+0x0/0xc returned 0 after 0 usecs
[    1.909242] calling  rsa_init+0x0/0x50 @ 1
[    1.911197] cryptomgr_test (18) used greatest stack depth: 14864 bytes left
[    1.912297] initcall rsa_init+0x0/0x50 returned 0 after 1953 usecs
[    1.913173] calling  crypto_cmac_module_init+0x0/0xc @ 1
[    1.914189] initcall crypto_cmac_module_init+0x0/0xc returned 0 after 0 usecs
[    1.915169] calling  hmac_module_init+0x0/0xc @ 1
[    1.916170] initcall hmac_module_init+0x0/0xc returned 0 after 0 usecs
[    1.917168] calling  crypto_null_mod_init+0x0/0x65 @ 1
[    1.918456] initcall crypto_null_mod_init+0x0/0x65 returned 0 after 0 usecs
[    1.919170] calling  md5_mod_init+0x0/0xc @ 1
[    1.920279] initcall md5_mod_init+0x0/0xc returned 0 after 0 usecs
[    1.921168] calling  sha256_generic_mod_init+0x0/0x11 @ 1
[    1.922313] initcall sha256_generic_mod_init+0x0/0x11 returned 0 after 0 usecs
[    1.923169] calling  crypto_cbc_module_init+0x0/0xc @ 1
[    1.924169] initcall crypto_cbc_module_init+0x0/0xc returned 0 after 0 usecs
[    1.925169] calling  crypto_ctr_module_init+0x0/0x11 @ 1
[    1.926177] initcall crypto_ctr_module_init+0x0/0x11 returned 0 after 0 usecs
[    1.927174] calling  crypto_gcm_module_init+0x0/0x64 @ 1
[    1.928197] initcall crypto_gcm_module_init+0x0/0x64 returned 0 after 0 usecs
[    1.929171] calling  crypto_ccm_module_init+0x0/0x11 @ 1
[    1.930188] initcall crypto_ccm_module_init+0x0/0x11 returned 0 after 0 usecs
[    1.931168] calling  aes_init+0x0/0xc @ 1
[    1.932288] initcall aes_init+0x0/0xc returned 0 after 0 usecs
[    1.933183] calling  crc32c_mod_init+0x0/0xc @ 1
[    1.934253] initcall crc32c_mod_init+0x0/0xc returned 0 after 0 usecs
[    1.935168] calling  crypto_authenc_module_init+0x0/0xc @ 1
[    1.936170] initcall crypto_authenc_module_init+0x0/0xc returned 0 after 0 usecs
[    1.937167] calling  crypto_authenc_esn_module_init+0x0/0xc @ 1
[    1.938169] initcall crypto_authenc_esn_module_init+0x0/0xc returned 0 after 0 usecs
[    1.939168] calling  drbg_init+0x0/0x7c @ 1
[    1.941650] initcall drbg_init+0x0/0x7c returned 0 after 0 usecs
[    1.942167] calling  ghash_mod_init+0x0/0xc @ 1
[    1.943290] initcall ghash_mod_init+0x0/0xc returned 0 after 0 usecs
[    1.944173] calling  init_bio+0x0/0x9a @ 1
[    1.945429] initcall init_bio+0x0/0x9a returned 0 after 0 usecs
[    1.946171] calling  blk_settings_init+0x0/0x29 @ 1
[    1.947171] initcall blk_settings_init+0x0/0x29 returned 0 after 0 usecs
[    1.948169] calling  blk_ioc_init+0x0/0x29 @ 1
[    1.949175] initcall blk_ioc_init+0x0/0x29 returned 0 after 0 usecs
[    1.950169] calling  blk_mq_init+0x0/0x96 @ 1
[    1.951190] initcall blk_mq_init+0x0/0x96 returned 0 after 0 usecs
[    1.953167] calling  genhd_device_init+0x0/0x75 @ 1
[    1.954439] initcall genhd_device_init+0x0/0x75 returned 0 after 0 usecs
[    1.955246] calling  pci_slot_init+0x0/0x40 @ 1
[    1.956177] initcall pci_slot_init+0x0/0x40 returned 0 after 0 usecs
[    1.957170] calling  fbmem_init+0x0/0xd8 @ 1
[    1.958326] initcall fbmem_init+0x0/0xd8 returned 0 after 0 usecs
[    1.959170] calling  acpi_init+0x0/0x316 @ 1
[    1.960218] ACPI: Added _OSI(Module Device)
[    1.961167] ACPI: Added _OSI(Processor Device)
[    1.962167] ACPI: Added _OSI(3.0 _SCP Extensions)
[    1.963167] ACPI: Added _OSI(Processor Aggregator Device)
[    1.964169] ACPI: Added _OSI(Linux-Dell-Video)
[    1.965170] ACPI: Added _OSI(Linux-Lenovo-NV-HDMI-Audio)
[    1.966169] ACPI: Added _OSI(Linux-HPI-Hybrid-Graphics)
[    1.971912] ACPI: 1 ACPI AML tables successfully acquired and loaded
[    1.976698] ACPI: Interpreter enabled
[    1.977241] ACPI: (supports S0 S3 S4 S5)
[    1.978167] ACPI: Using IOAPIC for interrupt routing
[    1.980171] PCI: Using host bridge windows from ACPI; if necessary, use "pci=nocrs" and report a bug
[    1.982160] ACPI: Enabled 2 GPEs in block 00 to 3F
[    1.996296] ACPI: PCI Root Bridge [PCI0] (domain 0000 [bus 00-ff])
[    1.997251] acpi PNP0A08:00: _OSC: OS supports [ExtendedConfig ASPM ClockPM Segments MSI HPX-Type3]
[    2.000467] acpi PNP0A08:00: _OSC: platform does not support [LTR]
[    2.002355] acpi PNP0A08:00: _OSC: OS now controls [PME PCIeCapability]
[    2.003645] PCI host bridge to bus 0000:00
[    2.004170] pci_bus 0000:00: root bus resource [io  0x0000-0x0cf7 window]
[    2.005171] pci_bus 0000:00: root bus resource [io  0x0d00-0xffff window]
[    2.006170] pci_bus 0000:00: root bus resource [mem 0x000a0000-0x000bffff window]
[    2.007171] pci_bus 0000:00: root bus resource [mem 0x20000000-0xafffffff window]
[    2.008199] pci_bus 0000:00: root bus resource [mem 0xc0000000-0xfebfffff window]
[    2.009235] pci_bus 0000:00: root bus resource [mem 0x100000000-0x8ffffffff window]
[    2.010171] pci_bus 0000:00: root bus resource [bus 00-ff]
[    2.012965] pci 0000:00:00.0: calling  quirk_mmio_always_on+0x0/0x10 @ 1
[    2.013200] pci 0000:00:00.0: quirk_mmio_always_on+0x0/0x10 took 0 usecs
[    2.014169] pci 0000:00:00.0: [8086:29c0] type 00 class 0x060000
[    2.019544] pci 0000:00:00.0: calling  quirk_igfx_skip_te_disable+0x0/0x80 @ 1
[    2.020235] pci 0000:00:00.0: quirk_igfx_skip_te_disable+0x0/0x80 took 0 usecs
[    2.024745] pci 0000:00:01.0: [1234:1111] type 00 class 0x030000
[    2.033013] pci 0000:00:01.0: reg 0x10: [mem 0xfd000000-0xfdffffff pref]
[    2.047160] pci 0000:00:01.0: reg 0x18: [mem 0xfebf0000-0xfebf0fff]
[    2.067160] pci 0000:00:01.0: reg 0x30: [mem 0xfebe0000-0xfebeffff pref]
[    2.078160] pci 0000:00:01.0: calling  efifb_fixup_resources+0x0/0xf0 @ 1
[    2.079527] pci 0000:00:01.0: efifb_fixup_resources+0x0/0xf0 took 0 usecs
[    2.116601] pci 0000:00:1f.0: [8086:2918] type 00 class 0x060100
[    2.124160] pci 0000:00:1f.0: calling  quirk_ich7_lpc+0x0/0x60 @ 1
[    2.127160] pci 0000:00:1f.0: quirk: [io  0x0600-0x067f] claimed by ICH6 ACPI/GPIO/TCO
[    2.128627] pci 0000:00:1f.0: quirk_ich7_lpc+0x0/0x60 took 2929 usecs
[    2.129511] pci 0000:00:1f.0: calling  quirk_igfx_skip_te_disable+0x0/0x80 @ 1
[    2.130547] pci 0000:00:1f.0: quirk_igfx_skip_te_disable+0x0/0x80 took 0 usecs
[    2.135253] pci 0000:00:1f.2: [8086:2922] type 00 class 0x010601
[    2.146168] pci 0000:00:1f.2: reg 0x20: [io  0xc040-0xc05f]
[    2.148783] pci 0000:00:1f.2: reg 0x24: [mem 0xfebf1000-0xfebf1fff]
[    2.150682] pci 0000:00:1f.2: calling  quirk_igfx_skip_te_disable+0x0/0x80 @ 1
[    2.151177] pci 0000:00:1f.2: quirk_igfx_skip_te_disable+0x0/0x80 took 0 usecs
[    2.156834] pci 0000:00:1f.3: [8086:2930] type 00 class 0x0c0500
[    2.165168] pci 0000:00:1f.3: reg 0x20: [io  0x0700-0x073f]
[    2.169160] pci 0000:00:1f.3: calling  quirk_igfx_skip_te_disable+0x0/0x80 @ 1
[    2.170174] pci 0000:00:1f.3: quirk_igfx_skip_te_disable+0x0/0x80 took 0 usecs
[    2.175735] pci_bus 0000:00: on NUMA node 0
[    2.200661] ACPI: PCI Interrupt Link [LNKA] (IRQs 5 *10 11)
[    2.203988] ACPI: PCI Interrupt Link [LNKB] (IRQs 5 *10 11)
[    2.205222] ACPI: PCI Interrupt Link [LNKC] (IRQs 5 10 *11)
[    2.207218] ACPI: PCI Interrupt Link [LNKD] (IRQs 5 10 *11)
[    2.208702] ACPI: PCI Interrupt Link [LNKE] (IRQs 5 *10 11)
[    2.209744] ACPI: PCI Interrupt Link [LNKF] (IRQs 5 *10 11)
[    2.211753] ACPI: PCI Interrupt Link [LNKG] (IRQs 5 10 *11)
[    2.213392] ACPI: PCI Interrupt Link [LNKH] (IRQs 5 10 *11)
[    2.214444] ACPI: PCI Interrupt Link [GSIA] (IRQs *16)
[    2.215221] ACPI: PCI Interrupt Link [GSIB] (IRQs *17)
[    2.216229] ACPI: PCI Interrupt Link [GSIC] (IRQs *18)
[    2.217236] ACPI: PCI Interrupt Link [GSID] (IRQs *19)
[    2.219223] ACPI: PCI Interrupt Link [GSIE] (IRQs *20)
[    2.220229] ACPI: PCI Interrupt Link [GSIF] (IRQs *21)
[    2.222217] ACPI: PCI Interrupt Link [GSIG] (IRQs *22)
[    2.223220] ACPI: PCI Interrupt Link [GSIH] (IRQs *23)
[    2.226898] initcall acpi_init+0x0/0x316 returned 0 after 259765 usecs
[    2.227239] calling  pnp_init+0x0/0xc @ 1
[    2.228248] initcall pnp_init+0x0/0xc returned 0 after 0 usecs
[    2.229171] calling  misc_init+0x0/0xbf @ 1
[    2.230613] initcall misc_init+0x0/0xbf returned 0 after 0 usecs
[    2.231173] calling  iommu_subsys_init+0x0/0x4e @ 1
[    2.232221] iommu: Default domain type: Translated 
[    2.233171] initcall iommu_subsys_init+0x0/0x4e returned 0 after 976 usecs
[    2.234175] calling  vga_arb_device_init+0x0/0x261 @ 1
[    2.237928] pci 0000:00:01.0: vgaarb: setting as boot VGA device
[    2.238160] pci 0000:00:01.0: vgaarb: VGA device added: decodes=io+mem,owns=io+mem,locks=none
[    2.238171] pci 0000:00:01.0: vgaarb: bridge control possible
[    2.239166] vgaarb: loaded
[    2.240171] initcall vga_arb_device_init+0x0/0x261 returned 0 after 4882 usecs
[    2.241264] calling  cn_init+0x0/0xf0 @ 1
[    2.246773] initcall cn_init+0x0/0xf0 returned 0 after 3906 usecs
[    2.247176] calling  dma_buf_init+0x0/0xad @ 1
[    2.249581] initcall dma_buf_init+0x0/0xad returned 0 after 976 usecs
[    2.250174] calling  dma_resv_lockdep+0x0/0x27f @ 1
[    2.256055] initcall dma_resv_lockdep+0x0/0x27f returned 0 after 3906 usecs
[    2.256170] calling  init_scsi+0x0/0x79 @ 1
[    2.260151] SCSI subsystem initialized
[    2.261170] initcall init_scsi+0x0/0x79 returned 0 after 3906 usecs
[    2.262169] calling  ata_init+0x0/0x332 @ 1
[    2.276301] libata version 3.00 loaded.
[    2.277171] initcall ata_init+0x0/0x332 returned 0 after 13671 usecs
[    2.278172] calling  phy_init+0x0/0x250 @ 1
[    2.282812] initcall phy_init+0x0/0x250 returned 0 after 2929 usecs
[    2.283173] calling  init_pcmcia_cs+0x0/0x35 @ 1
[    2.284542] initcall init_pcmcia_cs+0x0/0x35 returned 0 after 0 usecs
[    2.285171] calling  usb_common_init+0x0/0x1c @ 1
[    2.287053] initcall usb_common_init+0x0/0x1c returned 0 after 0 usecs
[    2.287174] calling  usb_init+0x0/0x12e @ 1
[    2.289292] ACPI: bus type USB registered
[    2.292402] usbcore: registered new interface driver usbfs
[    2.294939] usbcore: registered new interface driver hub
[    2.295207] usbcore: registered new device driver usb
[    2.296174] initcall usb_init+0x0/0x12e returned 0 after 7812 usecs
[    2.297174] calling  serio_init+0x0/0x29 @ 1
[    2.298563] initcall serio_init+0x0/0x29 returned 0 after 0 usecs
[    2.300291] calling  input_init+0x0/0xf6 @ 1
[    2.302173] initcall input_init+0x0/0xf6 returned 0 after 976 usecs
[    2.303171] calling  rtc_init+0x0/0x4d @ 1
[    2.304305] initcall rtc_init+0x0/0x4d returned 0 after 0 usecs
[    2.305170] calling  pps_init+0x0/0xa9 @ 1
[    2.307180] pps_core: LinuxPPS API ver. 1 registered
[    2.308166] pps_core: Software ver. 5.3.6 - Copyright 2005-2007 Rodolfo Giometti <giometti@linux.it>
[    2.309186] initcall pps_init+0x0/0xa9 returned 0 after 2929 usecs
[    2.310169] calling  ptp_init+0x0/0x98 @ 1
[    2.311263] PTP clock support registered
[    2.312170] initcall ptp_init+0x0/0x98 returned 0 after 976 usecs
[    2.313170] calling  power_supply_class_init+0x0/0x3f @ 1
[    2.314379] initcall power_supply_class_init+0x0/0x3f returned 0 after 0 usecs
[    2.315169] calling  hwmon_init+0x0/0x104 @ 1
[    2.316192] initcall hwmon_init+0x0/0x104 returned 0 after 0 usecs
[    2.317169] calling  md_init+0x0/0x16b @ 1
[    2.319235] initcall md_init+0x0/0x16b returned 0 after 976 usecs
[    2.320169] calling  leds_init+0x0/0x3b @ 1
[    2.321242] initcall leds_init+0x0/0x3b returned 0 after 0 usecs
[    2.322168] calling  dmi_init+0x0/0x113 @ 1
[    2.323441] initcall dmi_init+0x0/0x113 returned 0 after 0 usecs
[    2.324169] calling  efisubsys_init+0x0/0x4e6 @ 1
[    2.325263] initcall efisubsys_init+0x0/0x4e6 returned 0 after 0 usecs
[    2.326169] calling  nvmem_init+0x0/0xc @ 1
[    2.327250] initcall nvmem_init+0x0/0xc returned 0 after 0 usecs
[    2.328168] calling  init_soundcore+0x0/0x33 @ 1
[    2.329287] initcall init_soundcore+0x0/0x33 returned 0 after 0 usecs
[    2.330168] calling  alsa_sound_init+0x0/0x8f @ 1
[    2.332349] Advanced Linux Sound Architecture Driver Initialized.
[    2.333171] initcall alsa_sound_init+0x0/0x8f returned 0 after 1953 usecs
[    2.334170] calling  alsa_seq_device_init+0x0/0x71 @ 1
[    2.335643] initcall alsa_seq_device_init+0x0/0x71 returned 0 after 0 usecs
[    2.336170] calling  hda_bus_init+0x0/0xc @ 1
[    2.337209] initcall hda_bus_init+0x0/0xc returned 0 after 0 usecs
[    2.338170] calling  proto_init+0x0/0xc @ 1
[    2.339393] initcall proto_init+0x0/0xc returned 0 after 0 usecs
[    2.340168] calling  net_dev_init+0x0/0x231 @ 1
[    2.373172] initcall net_dev_init+0x0/0x231 returned 0 after 31250 usecs
[    2.374174] calling  neigh_init+0x0/0x84 @ 1
[    2.375178] initcall neigh_init+0x0/0x84 returned 0 after 0 usecs
[    2.376171] calling  fib_notifier_init+0x0/0xc @ 1
[    2.377564] initcall fib_notifier_init+0x0/0xc returned 0 after 0 usecs
[    2.378172] calling  fib_rules_init+0x0/0xab @ 1
[    2.380172] initcall fib_rules_init+0x0/0xab returned 0 after 976 usecs
[    2.381170] calling  pktsched_init+0x0/0x10e @ 1
[    2.386177] initcall pktsched_init+0x0/0x10e returned 0 after 3906 usecs
[    2.387170] calling  tc_filter_init+0x0/0xfa @ 1
[    2.388697] initcall tc_filter_init+0x0/0xfa returned 0 after 0 usecs
[    2.389172] calling  tc_action_init+0x0/0x54 @ 1
[    2.390176] initcall tc_action_init+0x0/0x54 returned 0 after 0 usecs
[    2.391170] calling  ethnl_init+0x0/0x52 @ 1
[    2.394589] initcall ethnl_init+0x0/0x52 returned 0 after 1953 usecs
[    2.395171] calling  nexthop_init+0x0/0xd8 @ 1
[    2.397590] initcall nexthop_init+0x0/0xd8 returned 0 after 976 usecs
[    2.398450] calling  cipso_v4_init+0x0/0x8d @ 1
[    2.401865] initcall cipso_v4_init+0x0/0x8d returned 0 after 1953 usecs
[    2.402170] calling  ieee80211_init+0x0/0x24 @ 1
[    2.406394] initcall ieee80211_init+0x0/0x24 returned 0 after 2929 usecs
[    2.407169] calling  netlbl_init+0x0/0x78 @ 1
[    2.408339] NetLabel: Initializing
[    2.409166] NetLabel:  domain hash size = 128
[    2.412414] NetLabel:  protocols = UNLABELED CIPSOv4 CALIPSO
[    2.413469] NetLabel:  unlabeled traffic allowed by default
[    2.414173] initcall netlbl_init+0x0/0x78 returned 0 after 5859 usecs
[    2.415171] calling  rfkill_init+0x0/0x136 @ 1
[    2.417758] initcall rfkill_init+0x0/0x136 returned 0 after 976 usecs
[    2.418171] calling  pci_subsys_init+0x0/0x66 @ 1
[    2.420218] PCI: Using ACPI for IRQ routing
[    3.180968] PCI: pci_cache_line_size set to 64 bytes
[    3.182239] e820: reserve RAM buffer [mem 0x0009fc00-0x0009ffff]
[    3.183310] e820: reserve RAM buffer [mem 0x1ffdf000-0x1fffffff]
[    3.184263] initcall pci_subsys_init+0x0/0x66 returned 0 after 747070 usecs
[    3.194742] calling  nmi_warning_debugfs+0x0/0x26 @ 1
[    3.195323] initcall nmi_warning_debugfs+0x0/0x26 returned 0 after 0 usecs
[    3.196171] calling  save_microcode_in_initrd+0x0/0x51 @ 1
[    3.197328] initcall save_microcode_in_initrd+0x0/0x51 returned 0 after 0 usecs
[    3.198540] calling  hpet_late_init+0x0/0x1f6 @ 1
[    3.202488] hpet: 3 channels of 0 reserved for per-cpu timers
[    3.203300] hpet0: at MMIO 0xfed00000, IRQs 2, 8, 0
[    3.206165] hpet0: 3 comparators, 64-bit 100.000000 MHz counter
[    3.211169] initcall hpet_late_init+0x0/0x1f6 returned 0 after 10742 usecs
[    3.212171] calling  init_amd_nbs+0x0/0x11c @ 1
[    3.213204] initcall init_amd_nbs+0x0/0x11c returned 0 after 0 usecs
[    3.214170] calling  clocksource_done_booting+0x0/0x43 @ 1
[    3.215231] clocksource: Switched to clocksource kvm-clock
[    3.222307] initcall clocksource_done_booting+0x0/0x43 returned 0 after 6975 usecs
[    3.231582] calling  tracer_init_tracefs+0x0/0x201 @ 1
[    3.615248] initcall tracer_init_tracefs+0x0/0x201 returned 0 after 368193 usecs
[    3.625188] calling  init_trace_printk_function_export+0x0/0x2c @ 1
[    3.632630] initcall init_trace_printk_function_export+0x0/0x2c returned 0 after 107 usecs
[    3.642179] calling  init_kprobe_trace+0x0/0x1ab @ 1
[    3.648555] initcall init_kprobe_trace+0x0/0x1ab returned 0 after 438 usecs
[    3.656814] calling  init_dynamic_event+0x0/0x3d @ 1
[    3.662943] initcall init_dynamic_event+0x0/0x3d returned 0 after 244 usecs
[    3.671050] calling  init_uprobe_trace+0x0/0x5c @ 1
[    3.676909] initcall init_uprobe_trace+0x0/0x5c returned 0 after 68 usecs
[    3.685502] calling  init_pipe_fs+0x0/0x44 @ 1
[    3.692965] initcall init_pipe_fs+0x0/0x44 returned 0 after 2095 usecs
[    3.700522] calling  inotify_user_setup+0x0/0x47 @ 1
[    3.706515] initcall inotify_user_setup+0x0/0x47 returned 0 after 143 usecs
[    3.714504] calling  eventpoll_init+0x0/0xeb @ 1
[    3.720027] initcall eventpoll_init+0x0/0xeb returned 0 after 46 usecs
[    3.728487] calling  anon_inode_init+0x0/0x58 @ 1
[    3.735199] initcall anon_inode_init+0x0/0x58 returned 0 after 954 usecs
[    3.743120] calling  proc_locks_init+0x0/0x27 @ 1
[    3.749042] initcall proc_locks_init+0x0/0x27 returned 0 after 345 usecs
[    3.756983] calling  iomap_init+0x0/0x1b @ 1
[    3.766034] initcall iomap_init+0x0/0x1b returned 0 after 3526 usecs
[    3.775136] calling  dquot_init+0x0/0xd7 @ 1
[    3.780846] VFS: Disk quotas dquot_6.6.0
[    3.786059] VFS: Dquot-cache hash table entries: 512 (order 0, 4096 bytes)
[    3.794256] initcall dquot_init+0x0/0xd7 returned 0 after 13091 usecs
[    3.801875] calling  quota_init+0x0/0x23 @ 1
[    3.807849] initcall quota_init+0x0/0x23 returned 0 after 858 usecs
[    3.815526] calling  proc_cmdline_init+0x0/0x21 @ 1
[    3.821461] initcall proc_cmdline_init+0x0/0x21 returned 0 after 7 usecs
[    3.829553] calling  proc_consoles_init+0x0/0x24 @ 1
[    3.835686] initcall proc_consoles_init+0x0/0x24 returned 0 after 6 usecs
[    3.844596] calling  proc_cpuinfo_init+0x0/0x1e @ 1
[    3.850490] initcall proc_cpuinfo_init+0x0/0x1e returned 0 after 10 usecs
[    3.858995] calling  proc_devices_init+0x0/0x24 @ 1
[    3.866266] initcall proc_devices_init+0x0/0x24 returned 0 after 7 usecs
[    3.874251] calling  proc_interrupts_init+0x0/0x24 @ 1
[    3.880466] initcall proc_interrupts_init+0x0/0x24 returned 0 after 5 usecs
[    3.888819] calling  proc_loadavg_init+0x0/0x21 @ 1
[    3.894843] initcall proc_loadavg_init+0x0/0x21 returned 0 after 6 usecs
[    3.902911] calling  proc_meminfo_init+0x0/0x21 @ 1
[    3.908940] initcall proc_meminfo_init+0x0/0x21 returned 0 after 4 usecs
[    3.917049] calling  proc_stat_init+0x0/0x1e @ 1
[    3.922629] initcall proc_stat_init+0x0/0x1e returned 0 after 4 usecs
[    3.930410] calling  proc_uptime_init+0x0/0x21 @ 1
[    3.936239] initcall proc_uptime_init+0x0/0x21 returned 0 after 4 usecs
[    3.944216] calling  proc_version_init+0x0/0x21 @ 1
[    3.950186] initcall proc_version_init+0x0/0x21 returned 0 after 4 usecs
[    3.958255] calling  proc_softirqs_init+0x0/0x21 @ 1
[    3.964359] initcall proc_softirqs_init+0x0/0x21 returned 0 after 4 usecs
[    3.972400] calling  proc_kcore_init+0x0/0xea @ 1
[    3.978726] initcall proc_kcore_init+0x0/0xea returned 0 after 823 usecs
[    3.986643] calling  vmcore_init+0x0/0x57b @ 1
[    3.992185] initcall vmcore_init+0x0/0x57b returned 0 after 126 usecs
[    4.001726] calling  proc_kmsg_init+0x0/0x21 @ 1
[    4.007219] initcall proc_kmsg_init+0x0/0x21 returned 0 after 7 usecs
[    4.014692] calling  proc_page_init+0x0/0x3b @ 1
[    4.020144] initcall proc_page_init+0x0/0x3b returned 0 after 27 usecs
[    4.027742] calling  init_ramfs_fs+0x0/0xc @ 1
[    4.033106] initcall init_ramfs_fs+0x0/0xc returned 0 after 49 usecs
[    4.040858] calling  init_hugetlbfs_fs+0x0/0xf6 @ 1
[    4.047512] initcall init_hugetlbfs_fs+0x0/0xf6 returned 0 after 883 usecs
[    4.055821] calling  blk_scsi_ioctl_init+0x0/0x2a5 @ 1
[    4.062050] initcall blk_scsi_ioctl_init+0x0/0x2a5 returned 0 after 39 usecs
[    4.070337] calling  acpi_event_init+0x0/0x2c @ 1
[    4.076106] initcall acpi_event_init+0x0/0x2c returned 0 after 88 usecs
[    4.083922] calling  pnp_system_init+0x0/0xc @ 1
[    4.090606] initcall pnp_system_init+0x0/0xc returned 0 after 1254 usecs
[    4.098524] calling  pnpacpi_init+0x0/0x69 @ 1
[    4.103784] pnp: PnP ACPI init
[    4.109823] pnp 00:00: Plug and Play ACPI device, IDs PNP0303 (active)
[    4.118027] pnp 00:01: Plug and Play ACPI device, IDs PNP0f13 (active)
[    4.125852] pnp 00:02: Plug and Play ACPI device, IDs PNP0400 (active)
[    4.133412] pnp 00:03: Plug and Play ACPI device, IDs PNP0501 (active)
[    4.141043] pnp 00:04: Plug and Play ACPI device, IDs PNP0b00 (active)
[    4.149664] system 00:05: [mem 0xb0000000-0xbfffffff window] has been reserved
[    4.158027] system 00:05: Plug and Play ACPI device, IDs PNP0c01 (active)
[    4.168055] pnp: PnP ACPI: found 6 devices
[    4.172701] initcall pnpacpi_init+0x0/0x69 returned 0 after 67348 usecs
[    4.179980] calling  chr_dev_init+0x0/0x14d @ 1
[    4.202036] initcall chr_dev_init+0x0/0x14d returned 0 after 16550 usecs
[    4.210370] calling  firmware_class_init+0x0/0x14a @ 1
[    4.216455] initcall firmware_class_init+0x0/0x14a returned 0 after 30 usecs
[    4.225550] calling  init_pcmcia_bus+0x0/0x5b @ 1
[    4.232531] initcall init_pcmcia_bus+0x0/0x5b returned 0 after 262 usecs
[    4.242355] calling  init_acpi_pm_clocksource+0x0/0xda @ 1
[    4.256377] clocksource: acpi_pm: mask: 0xffffff max_cycles: 0xffffff, max_idle_ns: 2085701024 ns
[    4.266776] initcall init_acpi_pm_clocksource+0x0/0xda returned 0 after 15963 usecs
[    4.276969] calling  sysctl_core_init+0x0/0x26 @ 1
[    4.283978] initcall sysctl_core_init+0x0/0x26 returned 0 after 88 usecs
[    4.293457] calling  eth_offload_init+0x0/0x13 @ 1
[    4.300495] initcall eth_offload_init+0x0/0x13 returned 0 after 127 usecs
[    4.310226] calling  ipv4_offload_init+0x0/0x73 @ 1
[    4.317428] initcall ipv4_offload_init+0x0/0x73 returned 0 after 91 usecs
[    4.327357] calling  inet_init+0x0/0x276 @ 1
[    4.333513] NET: Registered protocol family 2
[    4.339804] IP idents hash table entries: 8192 (order: 4, 65536 bytes, linear)
[    4.354720] tcp_listen_portaddr_hash hash table entries: 256 (order: 2, 20480 bytes, linear)
[    4.364773] TCP established hash table entries: 4096 (order: 3, 32768 bytes, linear)
[    4.373956] TCP bind hash table entries: 4096 (order: 6, 294912 bytes, linear)
[    4.390608] TCP: Hash tables configured (established 4096 bind 4096)
[    4.399164] UDP hash table entries: 256 (order: 3, 40960 bytes, linear)
[    4.407146] UDP-Lite hash table entries: 256 (order: 3, 40960 bytes, linear)
[    4.416487] initcall inet_init+0x0/0x276 returned 0 after 81240 usecs
[    4.423859] calling  af_unix_init+0x0/0x4d @ 1
[    4.428977] NET: Registered protocol family 1
[    4.434571] initcall af_unix_init+0x0/0x4d returned 0 after 5509 usecs
[    4.442121] calling  ipv6_offload_init+0x0/0x7e @ 1
[    4.448692] initcall ipv6_offload_init+0x0/0x7e returned 0 after 268 usecs
[    4.456530] calling  init_sunrpc+0x0/0x65 @ 1
[    4.465932] RPC: Registered named UNIX socket transport module.
[    4.473453] RPC: Registered udp transport module.
[    4.478908] RPC: Registered tcp transport module.
[    4.484321] RPC: Registered tcp NFSv4.1 backchannel transport module.
[    4.491485] initcall init_sunrpc+0x0/0x65 returned 0 after 29236 usecs
[    4.499043] calling  cfg80211_init+0x0/0xc5 @ 1
[    4.505731] initcall cfg80211_init+0x0/0xc5 returned 0 after 1421 usecs
[    4.513322] calling  pcibios_assign_resources+0x0/0xbf @ 1
[    4.520096] pci_bus 0000:00: resource 4 [io  0x0000-0x0cf7 window]
[    4.527155] pci_bus 0000:00: resource 5 [io  0x0d00-0xffff window]
[    4.534162] pci_bus 0000:00: resource 6 [mem 0x000a0000-0x000bffff window]
[    4.541990] pci_bus 0000:00: resource 7 [mem 0x20000000-0xafffffff window]
[    4.549732] pci_bus 0000:00: resource 8 [mem 0xc0000000-0xfebfffff window]
[    4.557295] pci_bus 0000:00: resource 9 [mem 0x100000000-0x8ffffffff window]
[    4.565466] initcall pcibios_assign_resources+0x0/0xbf returned 0 after 44447 usecs
[    4.573921] calling  pci_apply_final_quirks+0x0/0x124 @ 1
[    4.580358] pci 0000:00:01.0: calling  pci_fixup_video+0x0/0xe0 @ 1
[    4.587577] pci 0000:00:01.0: Video device with shadowed ROM at [mem 0x000c0000-0x000dffff]
[    4.596871] pci 0000:00:01.0: pci_fixup_video+0x0/0xe0 took 9202 usecs
[    4.604553] PCI: CLS 0 bytes, default 64
[    4.609020] initcall pci_apply_final_quirks+0x0/0x124 returned 0 after 28365 usecs
[    4.617395] calling  acpi_reserve_resources+0x0/0xea @ 1
[    4.623646] initcall acpi_reserve_resources+0x0/0xea returned 0 after 108 usecs
[    4.631805] calling  populate_rootfs+0x0/0x102 @ 1
[    4.638560] initcall populate_rootfs+0x0/0x102 returned 0 after 1369 usecs
[    4.646320] calling  pci_iommu_init+0x0/0x3e @ 1
[    4.651737] initcall pci_iommu_init+0x0/0x3e returned 0 after 92 usecs
[    4.660610] calling  ia32_binfmt_init+0x0/0x13 @ 1
[    4.666010] initcall ia32_binfmt_init+0x0/0x13 returned 0 after 9 usecs
[    4.673412] calling  rapl_pmu_init+0x0/0x25f @ 1
[    4.678656] initcall rapl_pmu_init+0x0/0x25f returned -19 after 64 usecs
[    4.686006] calling  amd_uncore_init+0x0/0x310 @ 1
[    4.691393] initcall amd_uncore_init+0x0/0x310 returned -19 after 0 usecs
[    4.698896] calling  amd_ibs_init+0x0/0x24b @ 1
[    4.703969] initcall amd_ibs_init+0x0/0x24b returned -19 after 0 usecs
[    4.711222] calling  amd_iommu_pc_init+0x0/0x22b @ 1
[    4.716898] initcall amd_iommu_pc_init+0x0/0x22b returned -19 after 49 usecs
[    4.724792] calling  msr_init+0x0/0x55 @ 1
[    4.729522] initcall msr_init+0x0/0x55 returned 0 after 161 usecs
[    4.736263] calling  intel_uncore_init+0x0/0x322 @ 1
[    4.741789] initcall intel_uncore_init+0x0/0x322 returned -19 after 25 usecs
[    4.749499] calling  cstate_pmu_init+0x0/0x181 @ 1
[    4.754961] initcall cstate_pmu_init+0x0/0x181 returned -19 after 0 usecs
[    4.762382] calling  register_kernel_offset_dumper+0x0/0x1a @ 1
[    4.768953] initcall register_kernel_offset_dumper+0x0/0x1a returned 0 after 1 usecs
[    4.777422] calling  i8259A_init_ops+0x0/0x20 @ 1
[    4.782658] initcall i8259A_init_ops+0x0/0x20 returned 0 after 2 usecs
[    4.789752] calling  init_tsc_clocksource+0x0/0xa4 @ 1
[    4.795441] clocksource: tsc: mask: 0xffffffffffffffff max_cycles: 0x39a85afc727, max_idle_ns: 881590685098 ns
[    4.806487] initcall init_tsc_clocksource+0x0/0xa4 returned 0 after 10784 usecs
[    4.814525] calling  add_rtc_cmos+0x0/0xb0 @ 1
[    4.819576] initcall add_rtc_cmos+0x0/0xb0 returned 0 after 2 usecs
[    4.826570] calling  i8237A_init_ops+0x0/0x3a @ 1
[    4.832021] initcall i8237A_init_ops+0x0/0x3a returned 0 after 84 usecs
[    4.840615] calling  umwait_init+0x0/0x94 @ 1
[    4.845733] initcall umwait_init+0x0/0x94 returned -19 after 17 usecs
[    4.852838] calling  thermal_throttle_init_device+0x0/0x3d @ 1
[    4.859527] initcall thermal_throttle_init_device+0x0/0x3d returned 0 after 26 usecs
[    4.868210] calling  msr_init+0x0/0xd7 @ 1
[    4.873592] initcall msr_init+0x0/0xd7 returned 0 after 650 usecs
[    4.880503] calling  cpuid_init+0x0/0xd7 @ 1
[    4.885727] initcall cpuid_init+0x0/0xd7 returned 0 after 313 usecs
[    4.892829] calling  ioapic_init_ops+0x0/0x13 @ 1
[    4.898585] initcall ioapic_init_ops+0x0/0x13 returned 0 after 20 usecs
[    4.907056] calling  add_pcspkr+0x0/0x6c @ 1
[    4.912000] initcall add_pcspkr+0x0/0x6c returned 0 after 93 usecs
[    4.919129] calling  start_periodic_check_for_corruption+0x0/0x30 @ 1
[    4.926395] check: Scanning for low memory corruption every 60 seconds
[    4.933733] initcall start_periodic_check_for_corruption+0x0/0x30 returned 0 after 7163 usecs
[    4.943390] calling  sysfb_init+0x0/0x9c @ 1
[    4.948457] initcall sysfb_init+0x0/0x9c returned 0 after 145 usecs
[    4.955566] calling  audit_classes_init+0x0/0xae @ 1
[    4.961323] initcall audit_classes_init+0x0/0xae returned 0 after 53 usecs
[    4.969156] calling  iosf_mbi_init+0x0/0x24 @ 1
[    4.974626] initcall iosf_mbi_init+0x0/0x24 returned 0 after 239 usecs
[    4.982105] calling  proc_execdomains_init+0x0/0x21 @ 1
[    4.988224] initcall proc_execdomains_init+0x0/0x21 returned 0 after 7 usecs
[    4.996416] calling  register_warn_debugfs+0x0/0x23 @ 1
[    5.002706] initcall register_warn_debugfs+0x0/0x23 returned 0 after 43 usecs
[    5.011086] calling  ioresources_init+0x0/0x49 @ 1
[    5.016857] initcall ioresources_init+0x0/0x49 returned 0 after 33 usecs
[    5.024767] calling  lockdep_proc_init+0x0/0x64 @ 1
[    5.030651] initcall lockdep_proc_init+0x0/0x64 returned 0 after 43 usecs
[    5.038360] calling  snapshot_device_init+0x0/0xc @ 1
[    5.045495] initcall snapshot_device_init+0x0/0xc returned 0 after 1211 usecs
[    5.053840] calling  irq_pm_init_ops+0x0/0x13 @ 1
[    5.059447] initcall irq_pm_init_ops+0x0/0x13 returned 0 after 15 usecs
[    5.067236] calling  rcu_torture_init+0x0/0x9d5 @ 1
[    5.073423] rcu-torture:--- Start of test: nreaders=1 nfakewriters=4 stat_interval=15 verbose=1 test_no_idle_hz=1 shuffle_interval=3 stutter=5 irqreader=1 fqs_duration=0 fqs_holdoff=0 fqs_stutter=3 test_boost=1/0 test_boost_interval=7 test_boost_duration=4 shutdown_secs=1800 stall_cpu=0 stall_cpu_holdoff=10 stall_cpu_irqsoff=0 stall_cpu_block=0 n_barrier_cbs=4 onoff_interval=0 onoff_holdoff=0 read_exit_delay=13 read_exit_burst=16
[    5.117426] rcu:  Start-test grace-period state: g0 f0x0
[    5.124651] rcu-torture: Creating rcu_torture_writer task
[    5.132087] rcu-torture: Creating rcu_torture_fakewriter task
[    5.139048] rcu-torture: rcu_torture_writer task started
[    5.145356] rcu-torture: GP expediting controlled from boot/sysfs for rcu.
[    5.153436] rcu_torture_writer: Testing conditional GPs.
[    5.159770] rcu_torture_writer: Testing expedited GPs.
[    5.165798] rcu_torture_writer: Testing asynchronous GPs.
[    5.172218] rcu_torture_writer: Testing normal GPs.
[    5.177975] rcu-torture: Creating rcu_torture_fakewriter task
[    5.184917] rcu-torture: rcu_torture_fakewriter task started
[    5.192517] rcu-torture: Creating rcu_torture_fakewriter task
[    5.200153] rcu-torture: rcu_torture_fakewriter task started
[    5.207308] rcu-torture: Creating rcu_torture_fakewriter task
[    5.214160] rcu-torture: rcu_torture_fakewriter task started
[    5.221469] rcu-torture: Creating rcu_torture_reader task
[    5.227899] rcu-torture: rcu_torture_fakewriter task started
[    5.234970] rcu-torture: Creating rcu_torture_stats task
[    5.241269] rcu-torture: rcu_torture_reader task started
[    5.248637] rcu-torture: Creating torture_shuffle task
[    5.254901] rcu-torture: rcu_torture_stats task started
[    5.262461] rcu-torture: Creating torture_stutter task
[    5.268507] rcu-torture: torture_shuffle task started
[    5.275983] rcu-torture: Creating torture_shutdown task
[    5.282093] rcu-torture: torture_stutter task started
[    5.289456] rcu-torture: Creating rcu_torture_fwd_prog task
[    5.297693] rcu-torture: torture_shutdown task started
[    5.305479] rcu-torture:torture_shutdown task: 1799970 ms remaining
[    5.315383] rcu-torture: Creating rcu_torture_barrier_cbs task
[    5.323495] rcu-torture: rcu_torture_fwd_progress task started
[    5.330883] rcu-torture: Creating rcu_torture_barrier_cbs task
[    5.337924] rcu-torture: rcu_torture_barrier_cbs task started
[    5.345293] rcu-torture: Creating rcu_torture_barrier_cbs task
[    5.352353] rcu-torture: rcu_torture_barrier_cbs task started
[    5.359376] rcu-torture: Creating rcu_torture_barrier_cbs task
[    5.366453] rcu-torture: rcu_torture_barrier_cbs task started
[    5.373745] rcu-torture: Creating rcu_torture_barrier task
[    5.380391] rcu-torture: rcu_torture_barrier_cbs task started
[    5.387553] rcu-torture: Creating rcu_torture_read_exit task
[    5.394458] rcu-torture: rcu_torture_barrier task starting
[    5.401703] initcall rcu_torture_init+0x0/0x9d5 returned 0 after 320859 usecs
[    5.410043] calling  timekeeping_init_ops+0x0/0x13 @ 1
[    5.416173] initcall timekeeping_init_ops+0x0/0x13 returned 0 after 2 usecs
[    5.424337] calling  init_clocksource_sysfs+0x0/0x23 @ 1
[    5.430877] initcall init_clocksource_sysfs+0x0/0x23 returned 0 after 256 usecs
[    5.439639] calling  init_timer_list_procfs+0x0/0x31 @ 1
[    5.445983] initcall init_timer_list_procfs+0x0/0x31 returned 0 after 6 usecs
[    5.456398] calling  alarmtimer_init+0x0/0xf5 @ 1
[    5.463735] initcall alarmtimer_init+0x0/0xf5 returned 0 after 255 usecs
[    5.473489] calling  init_posix_timers+0x0/0x29 @ 1
[    5.480659] initcall init_posix_timers+0x0/0x29 returned 0 after 60 usecs
[    5.489125] calling  clockevents_init_sysfs+0x0/0x8b @ 1
[    5.495675] initcall clockevents_init_sysfs+0x0/0x8b returned 0 after 183 usecs
[    5.504375] calling  proc_dma_init+0x0/0x21 @ 1
[    5.510002] initcall proc_dma_init+0x0/0x21 returned 0 after 20 usecs
[    5.517771] calling  proc_modules_init+0x0/0x1e @ 1
[    5.523724] initcall proc_modules_init+0x0/0x1e returned 0 after 5 usecs
[    5.531418] calling  kallsyms_init+0x0/0x21 @ 1
[    5.537163] initcall kallsyms_init+0x0/0x21 returned 0 after 6 usecs
[    5.544690] calling  pid_namespaces_init+0x0/0x2c @ 1
[    5.551650] initcall pid_namespaces_init+0x0/0x2c returned 0 after 16 usecs
[    5.560073] calling  audit_watch_init+0x0/0x37 @ 1
[    5.566561] initcall audit_watch_init+0x0/0x37 returned 0 after 3 usecs
[    5.574726] calling  audit_fsnotify_init+0x0/0x37 @ 1
[    5.580785] initcall audit_fsnotify_init+0x0/0x37 returned 0 after 4 usecs
[    5.588869] calling  audit_tree_init+0x0/0x6d @ 1
[    5.594440] initcall audit_tree_init+0x0/0x6d returned 0 after 10 usecs
[    5.602177] calling  seccomp_sysctl_init+0x0/0x2b @ 1
[    5.611416] initcall seccomp_sysctl_init+0x0/0x2b returned 0 after 11 usecs
[    5.619672] calling  utsname_sysctl_init+0x0/0x13 @ 1
[    5.625803] initcall utsname_sysctl_init+0x0/0x13 returned 0 after 11 usecs
[    5.640016] calling  init_tracepoints+0x0/0x27 @ 1
[    5.646177] initcall init_tracepoints+0x0/0x27 returned 0 after 190 usecs
[    5.654278] calling  init_blk_tracer+0x0/0x50 @ 1
[    5.661939] initcall init_blk_tracer+0x0/0x50 returned 0 after 1792 usecs
[    5.670101] calling  perf_event_sysfs_init+0x0/0x83 @ 1
[    5.681274] initcall perf_event_sysfs_init+0x0/0x83 returned 0 after 4863 usecs
[    5.689623] calling  system_trusted_keyring_init+0x0/0x5f @ 1
[    5.696301] Initialise system trusted keyrings
[    5.701901] initcall system_trusted_keyring_init+0x0/0x5f returned 0 after 5466 usecs
[    5.711674] calling  kswapd_init+0x0/0x13 @ 1
[    5.718075] rcu-torture: rcu_torture_read_exit: Start of test
[    5.728166] initcall kswapd_init+0x0/0x13 returned 0 after 10278 usecs
[    5.736705] calling  extfrag_debug_init+0x0/0x54 @ 1
[    5.743742] initcall extfrag_debug_init+0x0/0x54 returned 0 after 218 usecs
[    5.753004] calling  slab_proc_init+0x0/0x21 @ 1
[    5.759457] initcall slab_proc_init+0x0/0x21 returned 0 after 135 usecs
[    5.767346] calling  workingset_init+0x0/0x8c @ 1
[    5.772958] workingset: timestamp_bits=62 max_order=17 bucket_order=0
[    5.780984] initcall workingset_init+0x0/0x8c returned 0 after 7834 usecs
[    5.790684] calling  proc_vmalloc_init+0x0/0x27 @ 1
[    5.797626] initcall proc_vmalloc_init+0x0/0x27 returned 0 after 90 usecs
[    5.807390] calling  procswaps_init+0x0/0x1e @ 1
[    5.813562] initcall procswaps_init+0x0/0x1e returned 0 after 106 usecs
[    5.822494] calling  slab_sysfs_init+0x0/0xec @ 1
[    5.836445] initcall slab_sysfs_init+0x0/0xec returned 0 after 8203 usecs
[    5.844767] calling  fcntl_init+0x0/0x29 @ 1
[    5.850042] initcall fcntl_init+0x0/0x29 returned 0 after 33 usecs
[    5.857466] calling  proc_filesystems_init+0x0/0x21 @ 1
[    5.863831] initcall proc_filesystems_init+0x0/0x21 returned 0 after 7 usecs
[    5.872576] calling  start_dirtytime_writeback+0x0/0x29 @ 1
[    5.879590] initcall start_dirtytime_writeback+0x0/0x29 returned 0 after 96 usecs
[    5.888658] calling  blkdev_init+0x0/0x1b @ 1
[    5.894567] initcall blkdev_init+0x0/0x1b returned 0 after 490 usecs
[    5.902041] calling  dio_init+0x0/0x2c @ 1
[    5.907064] initcall dio_init+0x0/0x2c returned 0 after 215 usecs
[    5.914153] calling  dnotify_init+0x0/0x78 @ 1
[    5.919538] initcall dnotify_init+0x0/0x78 returned 0 after 118 usecs
[    5.927081] calling  aio_setup+0x0/0x78 @ 1
[    5.933515] initcall aio_setup+0x0/0x78 returned 0 after 1071 usecs
[    5.942769] calling  io_uring_init+0x0/0x2c @ 1
[    5.949597] initcall io_uring_init+0x0/0x2c returned 0 after 13 usecs
[    5.959078] calling  mbcache_init+0x0/0x30 @ 1
[    5.964758] initcall mbcache_init+0x0/0x30 returned 0 after 114 usecs
[    5.972674] calling  init_grace+0x0/0xc @ 1
[    5.977847] initcall init_grace+0x0/0xc returned 0 after 54 usecs
[    5.985218] calling  init_v2_quota_format+0x0/0x21 @ 1
[    5.991756] initcall init_v2_quota_format+0x0/0x21 returned 0 after 118 usecs
[    6.000633] calling  init_devpts_fs+0x0/0x27 @ 1
[    6.006799] initcall init_devpts_fs+0x0/0x27 returned 0 after 327 usecs
[    6.015149] calling  ext4_init_fs+0x0/0x1c2 @ 1
[    6.022854] initcall ext4_init_fs+0x0/0x1c2 returned 0 after 1681 usecs
[    6.031300] calling  journal_init+0x0/0x11c @ 1
[    6.037899] initcall journal_init+0x0/0x11c returned 0 after 296 usecs
[    6.047978] calling  init_fat_fs+0x0/0x49 @ 1
[    6.055080] initcall init_fat_fs+0x0/0x49 returned 0 after 224 usecs
[    6.064728] calling  init_vfat_fs+0x0/0xc @ 1
[    6.070370] initcall init_vfat_fs+0x0/0xc returned 0 after 4 usecs
[    6.078187] calling  init_msdos_fs+0x0/0xc @ 1
[    6.083778] initcall init_msdos_fs+0x0/0xc returned 0 after 4 usecs
[    6.091980] calling  init_iso9660_fs+0x0/0x6c @ 1
[    6.099136] rcu_torture_rea (62) used greatest stack depth: 14672 bytes left
[    6.108313] initcall init_iso9660_fs+0x0/0x6c returned 0 after 10129 usecs
[    6.116815] calling  init_nfs_fs+0x0/0x13a @ 1
[    6.127891] initcall init_nfs_fs+0x0/0x13a returned 0 after 5299 usecs
[    6.136124] calling  init_nfs_v2+0x0/0x13 @ 1
[    6.141934] initcall init_nfs_v2+0x0/0x13 returned 0 after 167 usecs
[    6.149844] calling  init_nfs_v3+0x0/0x13 @ 1
[    6.155504] initcall init_nfs_v3+0x0/0x13 returned 0 after 1 usecs
[    6.163425] calling  init_nfs_v4+0x0/0x32 @ 1
[    6.168856] NFS: Registering the id_resolver key type
[    6.176279] Key type id_resolver registered
[    6.181661] Key type id_legacy registered
[    6.187443] initcall init_nfs_v4+0x0/0x32 returned 0 after 18147 usecs
[    6.196359] calling  init_nlm+0x0/0x5b @ 1
[    6.201583] initcall init_nlm+0x0/0x5b returned 0 after 158 usecs
[    6.209231] calling  init_nls_cp437+0x0/0xe @ 1
[    6.215062] initcall init_nls_cp437+0x0/0xe returned 0 after 135 usecs
[    6.223092] calling  init_nls_ascii+0x0/0xe @ 1
[    6.228691] initcall init_nls_ascii+0x0/0xe returned 0 after 1 usecs
[    6.236474] calling  init_nls_iso8859_1+0x0/0xe @ 1
[    6.242469] initcall init_nls_iso8859_1+0x0/0xe returned 0 after 1 usecs
[    6.250683] calling  init_nls_utf8+0x0/0x21 @ 1
[    6.256480] initcall init_nls_utf8+0x0/0x21 returned 0 after 1 usecs
[    6.264315] calling  init_autofs_fs+0x0/0x25 @ 1
[    6.271715] initcall init_autofs_fs+0x0/0x25 returned 0 after 1550 usecs
[    6.280163] calling  ipc_init+0x0/0x24 @ 1
[    6.285442] initcall ipc_init+0x0/0x24 returned 0 after 86 usecs
[    6.293022] calling  ipc_sysctl_init+0x0/0x13 @ 1
[    6.299024] initcall ipc_sysctl_init+0x0/0x13 returned 0 after 28 usecs
[    6.310756] calling  init_mqueue_fs+0x0/0xb1 @ 1
[    6.317698] initcall init_mqueue_fs+0x0/0xb1 returned 0 after 607 usecs
[    6.326494] calling  key_proc_init+0x0/0x63 @ 1
[    6.332915] initcall key_proc_init+0x0/0x63 returned 0 after 36 usecs
[    6.341524] calling  selinux_nf_ip_init+0x0/0x2e @ 1
[    6.348340] initcall selinux_nf_ip_init+0x0/0x2e returned 0 after 57 usecs
[    6.357303] calling  init_sel_fs+0x0/0x116 @ 1
[    6.363239] initcall init_sel_fs+0x0/0x116 returned 0 after 1 usecs
[    6.371425] calling  selnl_init+0x0/0x7c @ 1
[    6.377771] initcall selnl_init+0x0/0x7c returned 0 after 520 usecs
[    6.386489] calling  sel_netif_init+0x0/0x36 @ 1
[    6.393751] initcall sel_netif_init+0x0/0x36 returned 0 after 1 usecs
[    6.403988] calling  sel_netnode_init+0x0/0x33 @ 1
[    6.410609] initcall sel_netnode_init+0x0/0x33 returned 0 after 1 usecs
[    6.419286] calling  sel_netport_init+0x0/0x33 @ 1
[    6.425520] initcall sel_netport_init+0x0/0x33 returned 0 after 0 usecs
[    6.434463] calling  aurule_init+0x0/0x2a @ 1
[    6.440501] initcall aurule_init+0x0/0x2a returned 0 after 19 usecs
[    6.449307] calling  crypto_algapi_init+0x0/0xc @ 1
[    6.456087] initcall crypto_algapi_init+0x0/0xc returned 0 after 44 usecs
[    6.465104] calling  jent_mod_init+0x0/0x2d @ 1
[    6.482521] initcall jent_mod_init+0x0/0x2d returned 0 after 10531 usecs
[    6.491397] calling  asymmetric_key_init+0x0/0xc @ 1
[    6.500001] Key type asymmetric registered
[    6.506022] initcall asymmetric_key_init+0x0/0xc returned 0 after 5878 usecs
[    6.515146] calling  x509_key_init+0x0/0xc @ 1
[    6.521457] Asymmetric key parser 'x509' registered
[    6.528515] initcall x509_key_init+0x0/0xc returned 0 after 7010 usecs
[    6.538004] calling  proc_genhd_init+0x0/0x41 @ 1
[    6.544762] initcall proc_genhd_init+0x0/0x41 returned 0 after 48 usecs
[    6.554480] calling  bsg_init+0x0/0x113 @ 1
[    6.560355] Block layer SCSI generic (bsg) driver version 0.4 loaded (major 251)
[    6.575582] initcall bsg_init+0x0/0x113 returned 0 after 15076 usecs
[    6.584444] calling  deadline_init+0x0/0xc @ 1
[    6.590806] io scheduler mq-deadline registered
[    6.597422] initcall deadline_init+0x0/0xc returned 0 after 6650 usecs
[    6.605624] calling  kyber_init+0x0/0xc @ 1
[    6.611300] io scheduler kyber registered
[    6.616633] initcall kyber_init+0x0/0xc returned 0 after 5221 usecs
[    6.624966] calling  mod_init+0x0/0x7 @ 1
[    6.630244] initcall mod_init+0x0/0x7 returned 0 after 0 usecs
[    6.637810] calling  debug_objects_init_debugfs+0x0/0x3b @ 1
[    6.645504] initcall debug_objects_init_debugfs+0x0/0x3b returned 0 after 416 usecs
[    6.655300] calling  sg_pool_init+0x0/0xb4 @ 1
[    6.661718] initcall sg_pool_init+0x0/0xb4 returned 0 after 296 usecs
[    6.670485] calling  pcie_portdrv_init+0x0/0x39 @ 1
[    6.678349] initcall pcie_portdrv_init+0x0/0x39 returned 0 after 1138 usecs
[    6.688125] calling  pci_proc_init+0x0/0x68 @ 1
[    6.694526] initcall pci_proc_init+0x0/0x68 returned 0 after 69 usecs
[    6.703352] calling  pci_hotplug_init+0x0/0x7 @ 1
[    6.711828] initcall pci_hotplug_init+0x0/0x7 returned 0 after 0 usecs
[    6.720780] calling  efifb_driver_init+0x0/0xe @ 1
[    6.727620] initcall efifb_driver_init+0x0/0xe returned 0 after 328 usecs
[    6.736395] calling  ged_driver_init+0x0/0xe @ 1
[    6.742891] initcall ged_driver_init+0x0/0xe returned 0 after 301 usecs
[    6.751316] calling  acpi_ac_init+0x0/0x92 @ 1
[    6.758934] initcall acpi_ac_init+0x0/0x92 returned 0 after 1781 usecs
[    6.767593] calling  acpi_button_driver_init+0x0/0x52 @ 1
[    6.776735] input: Power Button as /devices/LNXSYSTM:00/LNXPWRBN:00/input/input0
[    6.787695] ACPI: Power Button [PWRF]
[    6.793432] initcall acpi_button_driver_init+0x0/0x52 returned 0 after 18056 usecs
[    6.804343] calling  acpi_fan_driver_init+0x0/0xe @ 1
[    6.811508] initcall acpi_fan_driver_init+0x0/0xe returned 0 after 47 usecs
[    6.820901] calling  acpi_video_init+0x0/0xcb @ 1
[    6.827764] initcall acpi_video_init+0x0/0xcb returned 0 after 349 usecs
[    6.836881] calling  acpi_processor_driver_init+0x0/0xad @ 1
[    6.845491] initcall acpi_processor_driver_init+0x0/0xad returned 0 after 1091 usecs
[    6.858541] calling  acpi_thermal_init+0x0/0x71 @ 1
[    6.865509] initcall acpi_thermal_init+0x0/0x71 returned 0 after 314 usecs
[    6.874735] calling  acpi_battery_init+0x0/0x32 @ 1
[    6.882406] initcall acpi_battery_init+0x0/0x32 returned 0 after 44 usecs
[    6.893255] calling  bgrt_init+0x0/0xb6 @ 1
[    6.899424] initcall bgrt_init+0x0/0xb6 returned -19 after 1 usecs
[    6.908100] calling  gpio_clk_driver_init+0x0/0xe @ 1
[    6.915471] initcall gpio_clk_driver_init+0x0/0xe returned 0 after 90 usecs
[    6.924976] calling  plt_clk_driver_init+0x0/0xe @ 1
[    6.932023] initcall plt_clk_driver_init+0x0/0xe returned 0 after 36 usecs
[    6.941554] calling  virtio_pci_driver_init+0x0/0x15 @ 1
[    6.948851] initcall virtio_pci_driver_init+0x0/0x15 returned 0 after 85 usecs
[    6.959472] calling  n_null_init+0x0/0x1e @ 1
[    6.965265] initcall n_null_init+0x0/0x1e returned 0 after 18 usecs
[    6.973368] calling  pty_init+0x0/0x1e8 @ 1
[    6.980386] initcall pty_init+0x0/0x1e8 returned 0 after 1035 usecs
[    6.988340] calling  sysrq_init+0x0/0x62 @ 1
[    6.994142] initcall sysrq_init+0x0/0x62 returned 0 after 10 usecs
[    7.002465] calling  serial8250_init+0x0/0x17e @ 1
[    7.009086] Serial: 8250/16550 driver, 4 ports, IRQ sharing enabled
[    7.019868] 00:03: ttyS0 at I/O 0x3f8 (irq = 4, base_baud = 115200) is a 16550A
[    7.032147] initcall serial8250_init+0x0/0x17e returned 0 after 22649 usecs
[    7.041704] calling  serial_pci_driver_init+0x0/0x15 @ 1
[    7.049110] initcall serial_pci_driver_init+0x0/0x15 returned 0 after 104 usecs
[    7.058770] calling  exar_pci_driver_init+0x0/0x15 @ 1
[    7.065695] initcall exar_pci_driver_init+0x0/0x15 returned 0 after 49 usecs
[    7.075264] calling  lpss8250_pci_driver_init+0x0/0x15 @ 1
[    7.082955] initcall lpss8250_pci_driver_init+0x0/0x15 returned 0 after 55 usecs
[    7.093123] calling  mid8250_pci_driver_init+0x0/0x15 @ 1
[    7.100589] initcall mid8250_pci_driver_init+0x0/0x15 returned 0 after 66 usecs
[    7.110449] calling  virtio_console_init+0x0/0xff @ 1
[    7.117428] initcall virtio_console_init+0x0/0xff returned 0 after 127 usecs
[    7.127298] calling  hpet_init+0x0/0x64 @ 1
[    7.134368] initcall hpet_init+0x0/0x64 returned 0 after 1260 usecs
[    7.143368] calling  nvram_module_init+0x0/0x83 @ 1
[    7.150414] Non-volatile memory driver v1.3
[    7.156355] initcall nvram_module_init+0x0/0x83 returned 0 after 6122 usecs
[    7.166847] calling  hwrng_modinit+0x0/0x8a @ 1
[    7.173741] initcall hwrng_modinit+0x0/0x8a returned 0 after 211 usecs
[    7.183056] calling  mod_init+0x0/0x48 @ 1
[    7.189277] initcall mod_init+0x0/0x48 returned -19 after 0 usecs
[    7.198036] calling  agp_init+0x0/0x23 @ 1
[    7.204332] Linux agpgart interface v0.103
[    7.210447] initcall agp_init+0x0/0x23 returned 0 after 5968 usecs
[    7.220455] calling  agp_amd64_mod_init+0x0/0x5 @ 1
[    7.228780] initcall agp_amd64_mod_init+0x0/0x5 returned -19 after 708 usecs
[    7.239371] calling  agp_intel_init+0x0/0x28 @ 1
[    7.247438] initcall agp_intel_init+0x0/0x28 returned 0 after 935 usecs
[    7.257258] calling  drm_kms_helper_init+0x0/0x7 @ 1
[    7.265382] initcall drm_kms_helper_init+0x0/0x7 returned 0 after 161 usecs
[    7.275666] calling  drm_core_init+0x0/0xbd @ 1
[    7.282605] initcall drm_core_init+0x0/0xbd returned 0 after 325 usecs
[    7.292452] calling  i915_init+0x0/0x6b @ 1
[    7.299990] initcall i915_init+0x0/0x6b returned 0 after 988 usecs
[    7.309229] calling  cn_proc_init+0x0/0x35 @ 1
[    7.316403] initcall cn_proc_init+0x0/0x35 returned 0 after 54 usecs
[    7.325964] calling  topology_sysfs_init+0x0/0x27 @ 1
[    7.333946] initcall topology_sysfs_init+0x0/0x27 returned 0 after 40 usecs
[    7.344097] calling  cacheinfo_sysfs_init+0x0/0x27 @ 1
[    7.352924] initcall cacheinfo_sysfs_init+0x0/0x27 returned 0 after 1079 usecs
[    7.364067] calling  loop_init+0x0/0x16a @ 1
[    7.448096] loop: module loaded
[    7.453877] initcall loop_init+0x0/0x16a returned 0 after 81402 usecs
[    7.465134] calling  mac_hid_init+0x0/0x21 @ 1
[    7.472414] initcall mac_hid_init+0x0/0x21 returned 0 after 217 usecs
[    7.481825] calling  spi_transport_init+0x0/0x74 @ 1
[    7.489709] initcall spi_transport_init+0x0/0x74 returned 0 after 716 usecs
[    7.500207] calling  init_sd+0x0/0x18c @ 1
[    7.506879] initcall init_sd+0x0/0x18c returned 0 after 308 usecs
[    7.517840] calling  init_sr+0x0/0x43 @ 1
[    7.524614] initcall init_sr+0x0/0x43 returned 0 after 76 usecs
[    7.535755] calling  init_sg+0x0/0x1c0 @ 1
[    7.544009] initcall init_sg+0x0/0x1c0 returned 0 after 268 usecs
[    7.555817] calling  ahci_pci_driver_init+0x0/0x15 @ 1
[    7.565679] ahci 0000:00:1f.2: version 3.0
[    7.577084] PCI Interrupt Link [GSIA] enabled at IRQ 16
[    7.602972] ahci 0000:00:1f.2: AHCI 0001.0000 32 slots 6 ports 1.5 Gbps 0x3f impl SATA mode
[    7.616064] ahci 0000:00:1f.2: flags: 64bit ncq only 
[    7.637584] scsi host0: ahci
[    7.643992] scsi host1: ahci
[    7.649712] scsi host2: ahci
[    7.655478] scsi host3: ahci
[    7.661108] scsi host4: ahci
[    7.674177] scsi host5: ahci
[    7.680106] ata1: SATA max UDMA/133 abar m4096@0xfebf1000 port 0xfebf1100 irq 24
[    7.692806] ata2: SATA max UDMA/133 abar m4096@0xfebf1000 port 0xfebf1180 irq 24
[    7.705962] ata3: SATA max UDMA/133 abar m4096@0xfebf1000 port 0xfebf1200 irq 24
[    7.719084] ata4: SATA max UDMA/133 abar m4096@0xfebf1000 port 0xfebf1280 irq 24
[    7.732542] ata5: SATA max UDMA/133 abar m4096@0xfebf1000 port 0xfebf1300 irq 24
[    7.745746] ata6: SATA max UDMA/133 abar m4096@0xfebf1000 port 0xfebf1380 irq 24
[    7.758968] initcall ahci_pci_driver_init+0x0/0x15 returned 0 after 189240 usecs
[    7.771760] calling  piix_init+0x0/0x26 @ 1
[    7.779930] initcall piix_init+0x0/0x26 returned 0 after 293 usecs
[    7.790778] calling  amd_pci_driver_init+0x0/0x15 @ 1
[    7.799990] initcall amd_pci_driver_init+0x0/0x15 returned 0 after 75 usecs
[    7.812053] calling  oldpiix_pci_driver_init+0x0/0x15 @ 1
[    7.821665] initcall oldpiix_pci_driver_init+0x0/0x15 returned 0 after 106 usecs
[    7.834667] calling  sch_pci_driver_init+0x0/0x15 @ 1
[    7.843771] initcall sch_pci_driver_init+0x0/0x15 returned 0 after 96 usecs
[    7.855397] calling  net_olddevs_init+0x0/0x55 @ 1
[    7.864074] initcall net_olddevs_init+0x0/0x55 returned 0 after 303 usecs
[    7.875669] calling  blackhole_netdev_init+0x0/0x78 @ 1
[    7.886631] initcall blackhole_netdev_init+0x0/0x78 returned 0 after 1803 usecs
[    7.900007] calling  phy_module_init+0x0/0x13 @ 1
[    7.908935] initcall phy_module_init+0x0/0x13 returned 0 after 686 usecs
[    7.920316] calling  tg3_driver_init+0x0/0x15 @ 1
[    7.928701] initcall tg3_driver_init+0x0/0x15 returned 0 after 179 usecs
[    7.938680] calling  e100_init_module+0x0/0x4c @ 1
[    7.946305] e100: Intel(R) PRO/100 Network Driver
[    7.953501] e100: Copyright(c) 1999-2006 Intel Corporation
[    7.962430] initcall e100_init_module+0x0/0x4c returned 0 after 15743 usecs
[    7.972484] calling  e1000_init_module+0x0/0x72 @ 1
[    7.979858] e1000: Intel(R) PRO/1000 Network Driver
[    7.987369] e1000: Copyright (c) 1999-2006 Intel Corporation.
[    7.996917] initcall e1000_init_module+0x0/0x72 returned 0 after 16654 usecs
[    8.007653] calling  e1000_init_module+0x0/0x2d @ 1
[    8.015290] e1000e: Intel(R) PRO/1000 Network Driver
[    8.023301] e1000e: Copyright(c) 1999 - 2015 Intel Corporation.
[    8.035757] initcall e1000_init_module+0x0/0x2d returned 0 after 20067 usecs
[    8.046896] calling  sky2_init_module+0x0/0x21 @ 1
[    8.054328] sky2: driver version 1.30
[    8.060444] initcall sky2_init_module+0x0/0x21 returned 0 after 5968 usecs
[    8.070297] calling  forcedeth_pci_driver_init+0x0/0x15 @ 1
[    8.079894] initcall forcedeth_pci_driver_init+0x0/0x15 returned 0 after 288 usecs
[    8.092036] calling  rtl8139_init_module+0x0/0x15 @ 1
[    8.100062] initcall rtl8139_init_module+0x0/0x15 returned 0 after 371 usecs
[    8.111056] calling  rtl8169_pci_driver_init+0x0/0x15 @ 1
[    8.120653] initcall rtl8169_pci_driver_init+0x0/0x15 returned 0 after 175 usecs
[    8.130646] calling  cdrom_init+0x0/0xc @ 1
[    8.136436] initcall cdrom_init+0x0/0xc returned 0 after 91 usecs
[    8.145638] calling  nonstatic_sysfs_init+0x0/0xc @ 1
[    8.153547] initcall nonstatic_sysfs_init+0x0/0xc returned 0 after 152 usecs
[    8.164123] calling  yenta_cardbus_driver_init+0x0/0x15 @ 1
[    8.173309] initcall yenta_cardbus_driver_init+0x0/0x15 returned 0 after 278 usecs
[    8.184073] calling  mon_init+0x0/0x144 @ 1
[    8.211387] initcall mon_init+0x0/0x144 returned 0 after 20474 usecs
[    8.220544] calling  ehci_hcd_init+0x0/0x55 @ 1
[    8.227480] ehci_hcd: USB 2.0 'Enhanced' Host Controller (EHCI) Driver
[    8.237033] initcall ehci_hcd_init+0x0/0x55 returned 0 after 9591 usecs
[    8.246754] calling  ehci_pci_init+0x0/0x64 @ 1
[    8.253178] ehci-pci: EHCI PCI platform driver
[    8.261178] initcall ehci_pci_init+0x0/0x64 returned 0 after 7807 usecs
[    8.271101] calling  ohci_hcd_mod_init+0x0/0x4d @ 1
[    8.281317] ohci_hcd: USB 1.1 'Open' Host Controller (OHCI) Driver
[    8.290180] initcall ohci_hcd_mod_init+0x0/0x4d returned 0 after 8651 usecs
[    8.300769] calling  ohci_pci_init+0x0/0x64 @ 1
[    8.307241] ohci-pci: OHCI PCI platform driver
[    8.314116] initcall ohci_pci_init+0x0/0x64 returned 0 after 6905 usecs
[    8.323489] calling  uhci_hcd_init+0x0/0xa6 @ 1
[    8.330118] uhci_hcd: USB Universal Host Controller Interface driver
[    8.340040] initcall uhci_hcd_init+0x0/0xa6 returned 0 after 9772 usecs
[    8.349719] calling  xhci_hcd_init+0x0/0x1e @ 1
[    8.356267] initcall xhci_hcd_init+0x0/0x1e returned 0 after 221 usecs
[    8.366226] calling  xhci_pci_init+0x0/0x49 @ 1
[    8.374659] initcall xhci_pci_init+0x0/0x49 returned 0 after 762 usecs
[    8.385088] calling  usblp_driver_init+0x0/0x15 @ 1
[    8.393515] usbcore: registered new interface driver usblp
[    8.401809] initcall usblp_driver_init+0x0/0x15 returned 0 after 8716 usecs
[    8.411459] calling  usb_storage_driver_init+0x0/0x2a @ 1
[    8.419459] usbcore: registered new interface driver usb-storage
[    8.427746] initcall usb_storage_driver_init+0x0/0x2a returned 0 after 8307 usecs
[    8.438586] calling  i8042_init+0x0/0x4c2 @ 1
[    8.446022] i8042: PNP: PS/2 Controller [PNP0303:KBD,PNP0f13:MOU] at 0x60,0x64 irq 1,12
[    8.471156] serio: i8042 KBD port at 0x60,0x64 irq 1
[    8.480311] serio: i8042 AUX port at 0x60,0x64 irq 12
[    8.489157] initcall i8042_init+0x0/0x4c2 returned 0 after 43012 usecs
[    8.499089] calling  serport_init+0x0/0x2c @ 1
[    8.505069] initcall serport_init+0x0/0x2c returned 0 after 1 usecs
[    8.513645] calling  input_leds_init+0x0/0xc @ 1
[    8.520709] initcall input_leds_init+0x0/0xc returned 0 after 3 usecs
[    8.529640] calling  evdev_init+0x0/0xc @ 1
[    8.541907] initcall evdev_init+0x0/0xc returned 0 after 6313 usecs
[    8.554476] calling  atkbd_init+0x0/0x21 @ 1
[    8.561497] initcall atkbd_init+0x0/0x21 returned 0 after 158 usecs
[    8.571190] calling  psmouse_init+0x0/0x7f @ 1
[    8.579061] initcall psmouse_init+0x0/0x7f returned 0 after 592 usecs
[    8.588355] calling  cmos_init+0x0/0x73 @ 1
[    8.596056] rtc_cmos 00:04: RTC can wake from S4
[    8.631164] input: AT Translated Set 2 keyboard as /devices/platform/i8042/serio0/input/input1
[    8.655282] ata3: SATA link up 1.5 Gbps (SStatus 113 SControl 300)
[    8.669207] ata3.00: ATAPI: QEMU DVD-ROM, 2.5+, max UDMA/100
[    8.678130] ata3.00: applying bridge limits
[    8.688189] ata3.00: configured for UDMA/100
[    8.702097] ata5: SATA link down (SStatus 0 SControl 300)
[    8.716174] ata1: SATA link down (SStatus 0 SControl 300)
[    8.729904] ata2: SATA link down (SStatus 0 SControl 300)
[    8.750947] scsi 2:0:0:0: CD-ROM            QEMU     QEMU DVD-ROM     2.5+ PQ: 0 ANSI: 5
[    8.775620] ata4: SATA link down (SStatus 0 SControl 300)
[    8.822043] sr 2:0:0:0: [sr0] scsi3-mmc drive: 4x/4x cd/rw xa/form2 tray
[    8.831725] cdrom: Uniform CD-ROM driver Revision: 3.20
[    8.845266] ata6: SATA link down (SStatus 0 SControl 300)
[    8.856042] rtc_cmos 00:04: registered as rtc0
[    8.864151] rtc_cmos 00:04: alarms up to one day, y3k, 242 bytes nvram, hpet irqs
[    8.875977] initcall cmos_init+0x0/0x73 returned 0 after 274675 usecs
[    8.885463] calling  smbalert_driver_init+0x0/0xe @ 1
[    8.893285] initcall smbalert_driver_init+0x0/0xe returned 0 after 334 usecs
[    8.903666] calling  i2c_i801_init+0x0/0xc5 @ 1
[    8.915259] i801_smbus 0000:00:1f.3: SMBus using PCI interrupt
[    8.926928] i2c i2c-0: 1/1 memory slots populated (from DMI)
[    8.934463] i2c i2c-0: Memory type 0x07 not supported yet, not instantiating SPD
[    8.944000] initcall i2c_i801_init+0x0/0xc5 returned 0 after 32652 usecs
[    8.952929] calling  ptp_kvm_init+0x0/0xf0 @ 1
[    8.979096] sr 2:0:0:0: Attached scsi CD-ROM sr0
[    8.988708] sr 2:0:0:0: Attached scsi generic sg0 type 5
[    9.000831] initcall ptp_kvm_init+0x0/0xf0 returned 0 after 40413 usecs
[    9.011141] calling  dm_init+0x0/0x3c @ 1
[    9.031541] device-mapper: ioctl: 4.43.0-ioctl (2020-10-01) initialised: dm-devel@redhat.com
[    9.043147] initcall dm_init+0x0/0x3c returned 0 after 25310 usecs
[    9.051906] calling  dm_mirror_init+0x0/0x29 @ 1
[    9.058161] initcall dm_mirror_init+0x0/0x29 returned 0 after 3 usecs
[    9.067255] calling  dm_dirty_log_init+0x0/0x4f @ 1
[    9.074856] initcall dm_dirty_log_init+0x0/0x4f returned 0 after 597 usecs
[    9.086312] calling  dm_zero_init+0x0/0x29 @ 1
[    9.092414] initcall dm_zero_init+0x0/0x29 returned 0 after 3 usecs
[    9.100654] calling  intel_pstate_init+0x0/0x4a4 @ 1
[    9.107984] intel_pstate: CPU model not supported
[    9.114566] initcall intel_pstate_init+0x0/0x4a4 returned -19 after 6423 usecs
[    9.124700] calling  haltpoll_init+0x0/0xc0 @ 1
[    9.131405] initcall haltpoll_init+0x0/0xc0 returned -19 after 32 usecs
[    9.141439] calling  efivars_sysfs_init+0x0/0x30 @ 1
[    9.150126] initcall efivars_sysfs_init+0x0/0x30 returned 0 after 761 usecs
[    9.160280] calling  esrt_sysfs_init+0x0/0x2a2 @ 1
[    9.167871] initcall esrt_sysfs_init+0x0/0x2a2 returned -38 after 676 usecs
[    9.177759] calling  hid_init+0x0/0x5c @ 1
[    9.185024] hid: raw HID events driver (C) Jiri Kosina
[    9.192862] initcall hid_init+0x0/0x5c returned 0 after 7870 usecs
[    9.201685] calling  hid_generic_init+0x0/0x15 @ 1
[    9.209027] initcall hid_generic_init+0x0/0x15 returned 0 after 399 usecs
[    9.220022] calling  a4_driver_init+0x0/0x15 @ 1
[    9.226593] initcall a4_driver_init+0x0/0x15 returned 0 after 42 usecs
[    9.236235] calling  apple_driver_init+0x0/0x15 @ 1
[    9.243703] initcall apple_driver_init+0x0/0x15 returned 0 after 189 usecs
[    9.253622] calling  belkin_driver_init+0x0/0x15 @ 1
[    9.261236] initcall belkin_driver_init+0x0/0x15 returned 0 after 39 usecs
[    9.271361] calling  ch_driver_init+0x0/0x15 @ 1
[    9.278568] initcall ch_driver_init+0x0/0x15 returned 0 after 38 usecs
[    9.288451] calling  ch_driver_init+0x0/0x15 @ 1
[    9.295539] initcall ch_driver_init+0x0/0x15 returned 0 after 34 usecs
[    9.305651] calling  cp_driver_init+0x0/0x15 @ 1
[    9.313084] initcall cp_driver_init+0x0/0x15 returned 0 after 38 usecs
[    9.322567] calling  ez_driver_init+0x0/0x15 @ 1
[    9.329712] initcall ez_driver_init+0x0/0x15 returned 0 after 402 usecs
[    9.339366] calling  gyration_driver_init+0x0/0x15 @ 1
[    9.347102] initcall gyration_driver_init+0x0/0x15 returned 0 after 36 usecs
[    9.357747] calling  ite_driver_init+0x0/0x15 @ 1
[    9.364320] initcall ite_driver_init+0x0/0x15 returned 0 after 38 usecs
[    9.375172] calling  ks_driver_init+0x0/0x15 @ 1
[    9.382533] initcall ks_driver_init+0x0/0x15 returned 0 after 43 usecs
[    9.393330] calling  lg_driver_init+0x0/0x15 @ 1
[    9.401089] initcall lg_driver_init+0x0/0x15 returned 0 after 88 usecs
[    9.411571] calling  lg_g15_driver_init+0x0/0x15 @ 1
[    9.420032] initcall lg_g15_driver_init+0x0/0x15 returned 0 after 40 usecs
[    9.431041] calling  ms_driver_init+0x0/0x15 @ 1
[    9.438853] initcall ms_driver_init+0x0/0x15 returned 0 after 40 usecs
[    9.449661] calling  mr_driver_init+0x0/0x15 @ 1
[    9.457051] initcall mr_driver_init+0x0/0x15 returned 0 after 38 usecs
[    9.467306] calling  ntrig_driver_init+0x0/0x15 @ 1
[    9.475391] initcall ntrig_driver_init+0x0/0x15 returned 0 after 288 usecs
[    9.485990] calling  pl_driver_init+0x0/0x15 @ 1
[    9.493630] initcall pl_driver_init+0x0/0x15 returned 0 after 123 usecs
[    9.504328] calling  pl_driver_init+0x0/0x15 @ 1
[    9.512060] initcall pl_driver_init+0x0/0x15 returned 0 after 41 usecs
[    9.524119] calling  redragon_driver_init+0x0/0x15 @ 1
[    9.532424] initcall redragon_driver_init+0x0/0x15 returned 0 after 45 usecs
[    9.543114] calling  samsung_driver_init+0x0/0x15 @ 1
[    9.551978] initcall samsung_driver_init+0x0/0x15 returned 0 after 44 usecs
[    9.562804] calling  sony_init+0x0/0x38 @ 1
[    9.569618] initcall sony_init+0x0/0x38 returned 0 after 217 usecs
[    9.578789] calling  sp_driver_init+0x0/0x15 @ 1
[    9.585792] initcall sp_driver_init+0x0/0x15 returned 0 after 48 usecs
[    9.595649] calling  ts_driver_init+0x0/0x15 @ 1
[    9.603244] initcall ts_driver_init+0x0/0x15 returned 0 after 47 usecs
[    9.613745] calling  hid_init+0x0/0x58 @ 1
[    9.619650] usbcore: registered new interface driver usbhid
[    9.628100] usbhid: USB HID core driver
[    9.633597] initcall hid_init+0x0/0x58 returned 0 after 13886 usecs
[    9.642738] calling  eeepc_laptop_init+0x0/0x57 @ 1
[    9.681346] initcall eeepc_laptop_init+0x0/0x57 returned -19 after 29639 usecs
[    9.696994] calling  pmc_atom_init+0x0/0x27a @ 1
[    9.704787] initcall pmc_atom_init+0x0/0x27a returned -19 after 260 usecs
[    9.715480] calling  alsa_hwdep_init+0x0/0x5e @ 1
[    9.733482] initcall alsa_hwdep_init+0x0/0x5e returned 0 after 9864 usecs
[    9.744944] calling  alsa_timer_init+0x0/0x1f9 @ 1
[   10.000678] input: ImExPS/2 Generic Explorer Mouse as /devices/platform/i8042/serio1/input/input3
[   10.606512] initcall alsa_timer_init+0x0/0x1f9 returned 0 after 833533 usecs
[   10.616823] calling  snd_hrtimer_init+0x0/0x117 @ 1
[   10.624134] initcall snd_hrtimer_init+0x0/0x117 returned 0 after 6 usecs
[   10.633798] calling  alsa_pcm_init+0x0/0x64 @ 1
[   10.640378] initcall alsa_pcm_init+0x0/0x64 returned 0 after 80 usecs
[   10.649179] calling  alsa_seq_init+0x0/0x4a @ 1
[   10.711299] initcall alsa_seq_init+0x0/0x4a returned 0 after 54617 usecs
[   10.720866] calling  alsa_seq_dummy_init+0x0/0x9c @ 1
[   10.728835] initcall alsa_seq_dummy_init+0x0/0x9c returned 0 after 662 usecs
[   10.738460] calling  azx_driver_init+0x0/0x15 @ 1
[   10.751120] initcall azx_driver_init+0x0/0x15 returned 0 after 1408 usecs
[   10.765040] calling  sock_diag_init+0x0/0x2a @ 1
[   10.773832] initcall sock_diag_init+0x0/0x2a returned 0 after 2090 usecs
[   10.788127] calling  blackhole_init+0x0/0xc @ 1
[   10.794547] initcall blackhole_init+0x0/0xc returned 0 after 89 usecs
[   10.805114] calling  nfnetlink_init+0x0/0x61 @ 1
[   10.811443] initcall nfnetlink_init+0x0/0x61 returned 0 after 165 usecs
[   10.820977] calling  nfnetlink_log_init+0x0/0x99 @ 1
[   10.828080] initcall nfnetlink_log_init+0x0/0x99 returned 0 after 579 usecs
[   10.845116] calling  nf_conntrack_standalone_init+0x0/0x87 @ 1
[   10.871756] initcall nf_conntrack_standalone_init+0x0/0x87 returned 0 after 3452 usecs
[   10.883739] calling  ctnetlink_init+0x0/0x83 @ 1
[   10.890612] initcall ctnetlink_init+0x0/0x83 returned 0 after 81 usecs
[   10.900242] calling  nf_conntrack_ftp_init+0x0/0x12c @ 1
[   10.908124] initcall nf_conntrack_ftp_init+0x0/0x12c returned 0 after 43 usecs
[   10.918654] calling  nf_conntrack_irc_init+0x0/0x129 @ 1
[   10.926692] initcall nf_conntrack_irc_init+0x0/0x129 returned 0 after 143 usecs
[   10.936823] calling  nf_conntrack_sip_init+0x0/0x172 @ 1
[   10.943932] initcall nf_conntrack_sip_init+0x0/0x172 returned 0 after 9 usecs
[   10.953054] calling  nf_nat_init+0x0/0xf0 @ 1
[   10.959592] initcall nf_nat_init+0x0/0xf0 returned 0 after 876 usecs
[   10.968476] calling  nf_nat_ftp_init+0x0/0x2a @ 1
[   10.975356] initcall nf_nat_ftp_init+0x0/0x2a returned 0 after 50 usecs
[   10.985009] calling  nf_nat_irc_init+0x0/0x2a @ 1
[   10.992245] initcall nf_nat_irc_init+0x0/0x2a returned 0 after 1 usecs
[   11.001456] calling  nf_nat_sip_init+0x0/0x36 @ 1
[   11.007823] initcall nf_nat_sip_init+0x0/0x36 returned 0 after 2 usecs
[   11.016658] calling  xt_init+0x0/0x113 @ 1
[   11.022545] initcall xt_init+0x0/0x113 returned 0 after 274 usecs
[   11.031671] calling  tcpudp_mt_init+0x0/0x11 @ 1
[   11.038904] initcall tcpudp_mt_init+0x0/0x11 returned 0 after 287 usecs
[   11.049128] calling  connsecmark_tg_init+0x0/0xc @ 1
[   11.056956] initcall connsecmark_tg_init+0x0/0xc returned 0 after 2 usecs
[   11.067052] calling  nflog_tg_init+0x0/0xc @ 1
[   11.089781] initcall nflog_tg_init+0x0/0xc returned 0 after 2 usecs
[   11.098780] calling  secmark_tg_init+0x0/0x11 @ 1
[   11.105947] initcall secmark_tg_init+0x0/0x11 returned 0 after 3 usecs
[   11.115308] calling  tcpmss_tg_init+0x0/0x11 @ 1
[   11.122039] initcall tcpmss_tg_init+0x0/0x11 returned 0 after 2 usecs
[   11.131613] calling  conntrack_mt_init+0x0/0x11 @ 1
[   11.138951] initcall conntrack_mt_init+0x0/0x11 returned 0 after 3 usecs
[   11.148835] calling  policy_mt_init+0x0/0x11 @ 1
[   11.155770] initcall policy_mt_init+0x0/0x11 returned 0 after 2 usecs
[   11.165867] calling  state_mt_init+0x0/0xc @ 1
[   11.172343] initcall state_mt_init+0x0/0xc returned 0 after 2 usecs
[   11.181138] calling  gre_offload_init+0x0/0x48 @ 1
[   11.188379] initcall gre_offload_init+0x0/0x48 returned 0 after 297 usecs
[   11.197899] calling  sysctl_ipv4_init+0x0/0x46 @ 1
[   11.205079] initcall sysctl_ipv4_init+0x0/0x46 returned 0 after 194 usecs
[   11.214871] calling  tunnel4_init+0x0/0x58 @ 1
[   11.221135] initcall tunnel4_init+0x0/0x58 returned 0 after 98 usecs
[   11.229962] calling  nf_defrag_init+0x0/0xc @ 1
[   11.236326] initcall nf_defrag_init+0x0/0xc returned 0 after 26 usecs
[   11.245379] calling  ip_tables_init+0x0/0x8d @ 1
[   11.251967] initcall ip_tables_init+0x0/0x8d returned 0 after 155 usecs
[   11.261121] calling  iptable_filter_init+0x0/0x4c @ 1
[   11.269432] initcall iptable_filter_init+0x0/0x4c returned 0 after 1338 usecs
[   11.278907] calling  iptable_mangle_init+0x0/0xb8 @ 1
[   11.286580] initcall iptable_mangle_init+0x0/0xb8 returned 0 after 742 usecs
[   11.296286] calling  reject_tg_init+0x0/0xc @ 1
[   11.302738] initcall reject_tg_init+0x0/0xc returned 0 after 2 usecs
[   11.311893] calling  cubictcp_register+0x0/0x53 @ 1
[   11.319307] initcall cubictcp_register+0x0/0x53 returned 0 after 355 usecs
[   11.329238] calling  xfrm_user_init+0x0/0x45 @ 1
[   11.335709] Initializing XFRM netlink socket
[   11.341822] initcall xfrm_user_init+0x0/0x45 returned 0 after 5966 usecs
[   11.351573] calling  inet6_init+0x0/0x35e @ 1
[   11.360555] NET: Registered protocol family 10
[   11.380729] rcu-torture: rcu_torture_read_exit: End of episode
[   11.392730] Segment Routing with IPv6
[   11.398011] initcall inet6_init+0x0/0x35e returned 0 after 39138 usecs
[   11.409781] calling  ah6_init+0x0/0x71 @ 1
[   11.415957] initcall ah6_init+0x0/0x71 returned 0 after 318 usecs
[   11.426622] calling  esp6_init+0x0/0x71 @ 1
[   11.432734] initcall esp6_init+0x0/0x71 returned 0 after 4 usecs
[   11.441297] calling  ip6_tables_init+0x0/0x8d @ 1
[   11.448059] initcall ip6_tables_init+0x0/0x8d returned 0 after 74 usecs
[   11.458414] calling  ip6table_filter_init+0x0/0x4c @ 1
[   11.467526] initcall ip6table_filter_init+0x0/0x4c returned 0 after 593 usecs
[   11.477618] calling  ip6table_mangle_init+0x0/0xb8 @ 1
[   11.485091] initcall ip6table_mangle_init+0x0/0xb8 returned 0 after 253 usecs
[   11.494880] calling  nf_defrag_init+0x0/0x45 @ 1
[   11.501490] initcall nf_defrag_init+0x0/0x45 returned 0 after 156 usecs
[   11.511143] calling  ipv6header_mt6_init+0x0/0xc @ 1
[   11.520415] initcall ipv6header_mt6_init+0x0/0xc returned 0 after 2 usecs
[   11.529862] calling  reject_tg6_init+0x0/0xc @ 1
[   11.536505] initcall reject_tg6_init+0x0/0xc returned 0 after 2 usecs
[   11.545782] calling  sit_init+0x0/0xc3 @ 1
[   11.551887] sit: IPv6, IPv4 and MPLS over IPv4 tunneling driver
[   11.564818] initcall sit_init+0x0/0xc3 returned 0 after 12623 usecs
[   11.573849] calling  packet_init+0x0/0x75 @ 1
[   11.580152] NET: Registered protocol family 17
