c[?7l[2J[0mSeaBIOS (version 1.16.0-debian-1.16.0-4)
Booting from ROM...
early console in setup code
c[?7l[2J[    0.000000] Linux version 5.10.157+ (root@joelboxx.c.googlers.com) (gcc (Debian 12.2.0-3) 12.2.0, GNU ld (GNU Binutils for Debian) 2.39) #11 SMP PREEMPT Tue Dec 13 03:37:48 UTC 2022
[    0.000000] Command line: selinux=0 initcall_debug debug console=ttyS0 rcutorture.torture_type=tasks-rude rcutorture.onoff_interval=1000 rcutorture.onoff_holdoff=30 rcutorture.n_barrier_cbs=4 rcutorture.stat_interval=15 rcutorture.shutdown_secs=1800 rcutorture.test_no_idle_hz=1 rcutorture.verbose=1
[    0.000000] x86/fpu: x87 FPU will use FXSAVE
[    0.000000] BIOS-provided physical RAM map:
[    0.000000] BIOS-e820: [mem 0x0000000000000000-0x000000000009fbff] usable
[    0.000000] BIOS-e820: [mem 0x000000000009fc00-0x000000000009ffff] reserved
[    0.000000] BIOS-e820: [mem 0x00000000000f0000-0x00000000000fffff] reserved
[    0.000000] BIOS-e820: [mem 0x0000000000100000-0x000000001ffdefff] usable
[    0.000000] BIOS-e820: [mem 0x000000001ffdf000-0x000000001fffffff] reserved
[    0.000000] BIOS-e820: [mem 0x00000000b0000000-0x00000000bfffffff] reserved
[    0.000000] BIOS-e820: [mem 0x00000000fed1c000-0x00000000fed1ffff] reserved
[    0.000000] BIOS-e820: [mem 0x00000000feffc000-0x00000000feffffff] reserved
[    0.000000] BIOS-e820: [mem 0x00000000fffc0000-0x00000000ffffffff] reserved
[    0.000000] NX (Execute Disable) protection: active
[    0.000000] SMBIOS 2.8 present.
[    0.000000] DMI: QEMU Standard PC (Q35 + ICH9, 2009), BIOS 1.16.0-debian-1.16.0-4 04/01/2014
[    0.000000] Hypervisor detected: KVM
[    0.000000] kvm-clock: Using msrs 4b564d01 and 4b564d00
[    0.000000] kvm-clock: cpu 0, msr 14929001, primary cpu clock
[    0.000012] kvm-clock: using sched offset of 3456320371 cycles
[    0.000109] clocksource: kvm-clock: mask: 0xffffffffffffffff max_cycles: 0x1cd42e4dffb, max_idle_ns: 881590591483 ns
[    0.000135] tsc: Detected 1999.999 MHz processor
[    0.003404] e820: update [mem 0x00000000-0x00000fff] usable ==> reserved
[    0.003414] e820: remove [mem 0x000a0000-0x000fffff] usable
[    0.003423] last_pfn = 0x1ffdf max_arch_pfn = 0x400000000
[    0.004122] MTRR default type: write-back
[    0.004159] MTRR fixed ranges enabled:
[    0.004162]   00000-9FFFF write-back
[    0.004164]   A0000-BFFFF uncachable
[    0.004167]   C0000-FFFFF write-protect
[    0.004169] MTRR variable ranges enabled:
[    0.004172]   0 base 00C0000000 mask FFC0000000 uncachable
[    0.004175]   1 disabled
[    0.004177]   2 disabled
[    0.004179]   3 disabled
[    0.004181]   4 disabled
[    0.004183]   5 disabled
[    0.004185]   6 disabled
[    0.004187]   7 disabled
[    0.004467] x86/PAT: Configuration [0-7]: WB  WC  UC- UC  WB  WC  UC- UC  
[    0.014142] found SMP MP-table at [mem 0x000f5ba0-0x000f5baf]
[    0.014918] check: Scanning 1 areas for low memory corruption
[    0.020240] ACPI: Early table checksum verification disabled
[    0.020687] ACPI: RSDP 0x00000000000F59E0 000014 (v00 BOCHS )
[    0.020798] ACPI: RSDT 0x000000001FFE22F5 000038 (v01 BOCHS  BXPC     00000001 BXPC 00000001)
[    0.020874] ACPI: FACP 0x000000001FFE20E5 0000F4 (v03 BOCHS  BXPC     00000001 BXPC 00000001)
[    0.020934] ACPI: DSDT 0x000000001FFE0040 0020A5 (v01 BOCHS  BXPC     00000001 BXPC 00000001)
[    0.020946] ACPI: FACS 0x000000001FFE0000 000040
[    0.020957] ACPI: APIC 0x000000001FFE21D9 000080 (v01 BOCHS  BXPC     00000001 BXPC 00000001)
[    0.020977] ACPI: HPET 0x000000001FFE2259 000038 (v01 BOCHS  BXPC     00000001 BXPC 00000001)
[    0.020988] ACPI: MCFG 0x000000001FFE2291 00003C (v01 BOCHS  BXPC     00000001 BXPC 00000001)
[    0.020998] ACPI: WAET 0x000000001FFE22CD 000028 (v01 BOCHS  BXPC     00000001 BXPC 00000001)
[    0.021008] ACPI: Reserving FACP table memory at [mem 0x1ffe20e5-0x1ffe21d8]
[    0.021012] ACPI: Reserving DSDT table memory at [mem 0x1ffe0040-0x1ffe20e4]
[    0.021016] ACPI: Reserving FACS table memory at [mem 0x1ffe0000-0x1ffe003f]
[    0.021019] ACPI: Reserving APIC table memory at [mem 0x1ffe21d9-0x1ffe2258]
[    0.021030] ACPI: Reserving HPET table memory at [mem 0x1ffe2259-0x1ffe2290]
[    0.021034] ACPI: Reserving MCFG table memory at [mem 0x1ffe2291-0x1ffe22cc]
[    0.021037] ACPI: Reserving WAET table memory at [mem 0x1ffe22cd-0x1ffe22f4]
[    0.021373] ACPI: Local APIC address 0xfee00000
[    0.025137] No NUMA configuration found
[    0.025144] Faking a node at [mem 0x0000000000000000-0x000000001ffdefff]
[    0.025151] NODE_DATA(0) allocated [mem 0x1ffdb000-0x1ffdefff]
[    0.025614] Zone ranges:
[    0.025675]   DMA      [mem 0x0000000000001000-0x0000000000ffffff]
[    0.025697]   DMA32    [mem 0x0000000001000000-0x000000001ffdefff]
[    0.025709]   Normal   empty
[    0.025714] Movable zone start for each node
[    0.025718] Early memory node ranges
[    0.025722]   node   0: [mem 0x0000000000001000-0x000000000009efff]
[    0.025736]   node   0: [mem 0x0000000000100000-0x000000001ffdefff]
[    0.025741] Initmem setup node 0 [mem 0x0000000000001000-0x000000001ffdefff]
[    0.025745] On node 0 totalpages: 130941
[    0.025809]   DMA zone: 64 pages used for memmap
[    0.025813]   DMA zone: 21 pages reserved
[    0.025817]   DMA zone: 3998 pages, LIFO batch:0
[    0.025821]   DMA32 zone: 1984 pages used for memmap
[    0.025825]   DMA32 zone: 126943 pages, LIFO batch:31
[    0.029905] On node 0, zone DMA: 1 pages in unavailable ranges
[    0.030551] On node 0, zone DMA: 97 pages in unavailable ranges
[    0.051913] On node 0, zone DMA32: 33 pages in unavailable ranges
[    0.056182] ACPI: PM-Timer IO Port: 0x608
[    0.056192] ACPI: Local APIC address 0xfee00000
[    0.056279] ACPI: LAPIC_NMI (acpi_id[0xff] dfl dfl lint[0x1])
[    0.056806] IOAPIC[0]: apic_id 0, version 17, address 0xfec00000, GSI 0-23
[    0.056821] ACPI: INT_SRC_OVR (bus 0 bus_irq 0 global_irq 2 dfl dfl)
[    0.056860] ACPI: INT_SRC_OVR (bus 0 bus_irq 5 global_irq 5 high level)
[    0.056864] ACPI: INT_SRC_OVR (bus 0 bus_irq 9 global_irq 9 high level)
[    0.056915] ACPI: INT_SRC_OVR (bus 0 bus_irq 10 global_irq 10 high level)
[    0.056919] ACPI: INT_SRC_OVR (bus 0 bus_irq 11 global_irq 11 high level)
[    0.056925] ACPI: IRQ0 used by override.
[    0.056929] ACPI: IRQ5 used by override.
[    0.056934] ACPI: IRQ9 used by override.
[    0.056937] ACPI: IRQ10 used by override.
[    0.056940] ACPI: IRQ11 used by override.
[    0.056993] Using ACPI (MADT) for SMP configuration information
[    0.057010] ACPI: HPET id: 0x8086a201 base: 0xfed00000
[    0.057127] smpboot: Allowing 2 CPUs, 0 hotplug CPUs
[    0.057775] PM: hibernation: Registered nosave memory: [mem 0x00000000-0x00000fff]
[    0.057780] PM: hibernation: Registered nosave memory: [mem 0x0009f000-0x0009ffff]
[    0.057784] PM: hibernation: Registered nosave memory: [mem 0x000a0000-0x000effff]
[    0.057787] PM: hibernation: Registered nosave memory: [mem 0x000f0000-0x000fffff]
[    0.057807] [mem 0x20000000-0xafffffff] available for PCI devices
[    0.057839] Booting paravirtualized kernel on KVM
[    0.058026] clocksource: refined-jiffies: mask: 0xffffffff max_cycles: 0xffffffff, max_idle_ns: 1910969940391419 ns
[    0.071347] setup_percpu: NR_CPUS:2 nr_cpumask_bits:2 nr_cpu_ids:2 nr_node_ids:1
[    0.081893] percpu: Embedded 58 pages/cpu s198480 r8192 d30896 u1048576
[    0.081917] pcpu-alloc: s198480 r8192 d30896 u1048576 alloc=1*2097152
[    0.081934] pcpu-alloc: [0] 0 1 
[    0.082160] kvm-guest: stealtime: cpu 0, msr 1f41bb40
[    0.082625] Built 1 zonelists, mobility grouping on.  Total pages: 128872
[    0.082630] Policy zone: DMA32
[    0.082660] Kernel command line: selinux=0 initcall_debug debug console=ttyS0 rcutorture.torture_type=tasks-rude rcutorture.onoff_interval=1000 rcutorture.onoff_holdoff=30 rcutorture.n_barrier_cbs=4 rcutorture.stat_interval=15 rcutorture.shutdown_secs=1800 rcutorture.test_no_idle_hz=1 rcutorture.verbose=1
[    0.085681] Dentry cache hash table entries: 65536 (order: 7, 524288 bytes, linear)
[    0.086327] Inode-cache hash table entries: 32768 (order: 6, 262144 bytes, linear)
[    0.086773] mem auto-init: stack:all(zero), heap alloc:off, heap free:off
[    0.092400] Memory: 466776K/523764K available (16398K kernel code, 2805K rwdata, 4836K rodata, 1516K init, 13268K bss, 56728K reserved, 0K cma-reserved)
[    0.092735] SLUB: HWalign=64, Order=0-3, MinObjects=0, CPUs=2, Nodes=1
[    0.092844] Kernel/User page tables isolation: enabled
[    0.098573] Running RCU self tests
[    0.098716] rcu: Preemptible hierarchical RCU implementation.
[    0.098721] rcu: 	RCU event tracing is enabled.
[    0.098725] rcu: 	RCU lockdep checking is enabled.
[    0.098739] 	Trampoline variant of Tasks RCU enabled.
[    0.098743] 	Rude variant of Tasks RCU enabled.
[    0.098746] 	Tracing variant of Tasks RCU enabled.
[    0.098856] rcu: RCU calculated value of scheduler-enlistment delay is 100 jiffies.
[    0.103721] NR_IRQS: 4352, nr_irqs: 440, preallocated irqs: 16
[    0.105399] calling  con_init+0x0/0x24f @ 0
[    0.185008] Console: colour VGA+ 80x25
[    0.185065] initcall con_init+0x0/0x24f returned 0 after 0 usecs
[    0.185072] calling  hvc_console_init+0x0/0x13 @ 0
[    0.185093] initcall hvc_console_init+0x0/0x13 returned 0 after 0 usecs
[    0.185098] calling  univ8250_console_init+0x0/0x26 @ 0
[    1.113745] printk: console [ttyS0] enabled
[    1.119005] initcall univ8250_console_init+0x0/0x26 returned 0 after 0 usecs
[    1.126510] Lock dependency validator: Copyright (c) 2006 Red Hat, Inc., Ingo Molnar
[    1.136945] ... MAX_LOCKDEP_SUBCLASSES:  8
[    1.142472] ... MAX_LOCK_DEPTH:          48
[    1.148159] ... MAX_LOCKDEP_KEYS:        8192
[    1.153957] ... CLASSHASH_SIZE:          4096
[    1.159478] ... MAX_LOCKDEP_ENTRIES:     32768
[    1.164180] ... MAX_LOCKDEP_CHAINS:      65536
[    1.168800] ... CHAINHASH_SIZE:          32768
[    1.173422]  memory used by lock dependency info: 6365 kB
[    1.179044]  memory used for stack traces: 4224 kB
[    1.183999]  per task-struct memory footprint: 1920 bytes
[    1.190736] ACPI: Core revision 20200925
[    1.197446] clocksource: hpet: mask: 0xffffffff max_cycles: 0xffffffff, max_idle_ns: 19112604467 ns
[    1.208824] APIC: Switch to symmetric I/O mode setup
[    1.229719] ..TIMER: vector=0x30 apic1=0 pin1=2 apic2=-1 pin2=-1
[    1.236281] clocksource: tsc-early: mask: 0xffffffffffffffff max_cycles: 0x39a85afc727, max_idle_ns: 881590685098 ns
[    1.247344] Calibrating delay loop (skipped) preset value.. 3999.99 BogoMIPS (lpj=1999999)
[    1.248300] pid_max: default: 32768 minimum: 301
[    1.249452] LSM: Security Framework initializing
[    1.251357] Mount-cache hash table entries: 1024 (order: 1, 8192 bytes, linear)
[    1.252308] Mountpoint-cache hash table entries: 1024 (order: 1, 8192 bytes, linear)
[    1.262750] Last level iTLB entries: 4KB 0, 2MB 0, 4MB 0
[    1.263299] Last level dTLB entries: 4KB 0, 2MB 0, 4MB 0, 1GB 0
[    1.264380] Spectre V1 : Mitigation: usercopy/swapgs barriers and __user pointer sanitization
[    1.265300] Spectre V2 : Mitigation: Retpolines
[    1.266297] Spectre V2 : Spectre v2 / SpectreRSB mitigation: Filling RSB on context switch
[    1.267297] Spectre V2 : Spectre v2 / SpectreRSB : Filling RSB on VMEXIT
[    1.268297] Speculative Store Bypass: Vulnerable
[    1.269304] MDS: Vulnerable: Clear CPU buffers attempted, no microcode
[    1.270297] MMIO Stale Data: Unknown: No mitigations
[    1.343573] Freeing SMP alternatives memory: 40K
[    1.448291] smpboot: CPU0: Intel Common KVM processor (family: 0xf, model: 0x6, stepping: 0x1)
[    1.449831] calling  init_hw_perf_events+0x0/0x6ce @ 1
[    1.450313] Performance Events: unsupported Netburst CPU model 6 no PMU driver, software events only.
[    1.451305] initcall init_hw_perf_events+0x0/0x6ce returned 0 after 976 usecs
[    1.452302] calling  init_real_mode+0x0/0x1e9 @ 1
[    1.454610] initcall init_real_mode+0x0/0x1e9 returned 0 after 976 usecs
[    1.455302] calling  trace_init_perf_perm_irq_work_exit+0x0/0x12 @ 1
[    1.456302] initcall trace_init_perf_perm_irq_work_exit+0x0/0x12 returned 0 after 0 usecs
[    1.457324] calling  validate_x2apic+0x0/0x4a @ 1
[    1.458338] initcall validate_x2apic+0x0/0x4a returned 0 after 0 usecs
[    1.459314] calling  register_nmi_cpu_backtrace_handler+0x0/0x15 @ 1
[    1.460324] initcall register_nmi_cpu_backtrace_handler+0x0/0x15 returned 0 after 0 usecs
[    1.461305] calling  kvm_setup_vsyscall_timeinfo+0x0/0xd1 @ 1
[    1.462304] initcall kvm_setup_vsyscall_timeinfo+0x0/0xd1 returned 0 after 0 usecs
[    1.463324] calling  spawn_ksoftirqd+0x0/0x38 @ 1
[    1.464477] initcall spawn_ksoftirqd+0x0/0x38 returned 0 after 0 usecs
[    1.465303] calling  migration_init+0x0/0x31 @ 1
[    1.466303] initcall migration_init+0x0/0x31 returned 0 after 0 usecs
[    1.467302] calling  srcu_bootup_announce+0x0/0x2f @ 1
[    1.468309] rcu: Hierarchical SRCU implementation.
[    1.469303] initcall srcu_bootup_announce+0x0/0x2f returned 0 after 976 usecs
[    1.470303] calling  rcu_spawn_gp_kthread+0x0/0x1b0 @ 1
[    1.471418] initcall rcu_spawn_gp_kthread+0x0/0x1b0 returned 0 after 0 usecs
[    1.472306] calling  check_cpu_stall_init+0x0/0x1a @ 1
[    1.473310] initcall check_cpu_stall_init+0x0/0x1a returned 0 after 0 usecs
[    1.474306] calling  rcu_sysrq_init+0x0/0x21 @ 1
[    1.476376] initcall rcu_sysrq_init+0x0/0x21 returned 0 after 0 usecs
[    1.477402] calling  trace_init_flags_sys_enter+0x0/0xe @ 1
[    1.478339] initcall trace_init_flags_sys_enter+0x0/0xe returned 0 after 0 usecs
[    1.479308] calling  trace_init_flags_sys_exit+0x0/0xe @ 1
[    1.480308] initcall trace_init_flags_sys_exit+0x0/0xe returned 0 after 0 usecs
[    1.481303] calling  cpu_stop_init+0x0/0x8d @ 1
[    1.483454] initcall cpu_stop_init+0x0/0x8d returned 0 after 0 usecs
[    1.484304] calling  init_kprobes+0x0/0x16e @ 1
[    1.487455] initcall init_kprobes+0x0/0x16e returned 0 after 1953 usecs
[    1.488301] calling  init_events+0x0/0x3d @ 1
[    1.489324] initcall init_events+0x0/0x3d returned 0 after 0 usecs
[    1.490302] calling  init_trace_printk+0x0/0xc @ 1
[    1.491307] initcall init_trace_printk+0x0/0xc returned 0 after 0 usecs
[    1.492302] calling  event_trace_enable_again+0x0/0x23 @ 1
[    1.493303] initcall event_trace_enable_again+0x0/0x23 returned 0 after 0 usecs
[    1.494303] calling  static_call_init+0x0/0x79 @ 1
[    1.495307] initcall static_call_init+0x0/0x79 returned 0 after 0 usecs
[    1.496301] calling  jump_label_init_module+0x0/0xc @ 1
[    1.497303] initcall jump_label_init_module+0x0/0xc returned 0 after 0 usecs
[    1.498304] calling  init_zero_pfn+0x0/0x37 @ 1
[    1.499304] initcall init_zero_pfn+0x0/0x37 returned 0 after 0 usecs
[    1.500320] calling  initialize_ptr_random+0x0/0x54 @ 1
[    1.501321] initcall initialize_ptr_random+0x0/0x54 returned 0 after 0 usecs
[    1.502322] calling  efi_memreserve_root_init+0x0/0x25 @ 1
[    1.503323] initcall efi_memreserve_root_init+0x0/0x25 returned 0 after 0 usecs
[    1.504303] calling  efi_earlycon_remap_fb+0x0/0x51 @ 1
[    1.505302] initcall efi_earlycon_remap_fb+0x0/0x51 returned 0 after 0 usecs
[    1.507421] smp: Bringing up secondary CPUs ...
[    1.510306] x86: Booting SMP configuration:
[    1.511327] .... node  #0, CPUs:      #1
[    1.140700] kvm-clock: cpu 1, msr 14929041, secondary cpu clock
[    1.539731] kvm-guest: stealtime: cpu 1, msr 1f51bb40
[    1.554344] smp: Brought up 1 node, 2 CPUs
[    1.555303] smpboot: Max logical packages: 1
[    1.556299] smpboot: Total of 2 processors activated (7999.99 BogoMIPS)
[    1.564881] devtmpfs: initialized
[    1.570803] calling  ipc_ns_init+0x0/0x3d @ 1
[    1.575366] initcall ipc_ns_init+0x0/0x3d returned 0 after 0 usecs
[    1.583303] calling  init_mmap_min_addr+0x0/0x21 @ 1
[    1.589308] initcall init_mmap_min_addr+0x0/0x21 returned 0 after 0 usecs
[    1.597302] calling  pci_realloc_setup_params+0x0/0x3f @ 1
[    1.604303] initcall pci_realloc_setup_params+0x0/0x3f returned 0 after 0 usecs
[    1.613305] calling  net_ns_init+0x0/0x140 @ 1
[    1.620396] initcall net_ns_init+0x0/0x140 returned 0 after 1953 usecs
[    1.621328] calling  e820__register_nvs_regions+0x0/0x37 @ 1
[    1.622308] initcall e820__register_nvs_regions+0x0/0x37 returned 0 after 0 usecs
[    1.624301] calling  cpufreq_register_tsc_scaling+0x0/0x2e @ 1
[    1.625303] initcall cpufreq_register_tsc_scaling+0x0/0x2e returned 0 after 0 usecs
[    1.626301] calling  reboot_init+0x0/0x3c @ 1
[    1.627352] initcall reboot_init+0x0/0x3c returned 0 after 0 usecs
[    1.628303] calling  init_lapic_sysfs+0x0/0x20 @ 1
[    1.629314] initcall init_lapic_sysfs+0x0/0x20 returned 0 after 0 usecs
[    1.630302] calling  alloc_frozen_cpus+0x0/0x7 @ 1
[    1.631302] initcall alloc_frozen_cpus+0x0/0x7 returned 0 after 0 usecs
[    1.632303] calling  cpu_hotplug_pm_sync_init+0x0/0x13 @ 1
[    1.633325] initcall cpu_hotplug_pm_sync_init+0x0/0x13 returned 0 after 0 usecs
[    1.634302] calling  wq_sysfs_init+0x0/0x2a @ 1
[    1.635393] initcall wq_sysfs_init+0x0/0x2a returned 0 after 0 usecs
[    1.636305] calling  ksysfs_init+0x0/0x92 @ 1
[    1.637400] initcall ksysfs_init+0x0/0x92 returned 0 after 0 usecs
[    1.638306] calling  schedutil_gov_init+0x0/0xc @ 1
[    1.639371] initcall schedutil_gov_init+0x0/0xc returned 0 after 0 usecs
[    1.641305] calling  pm_init+0x0/0x76 @ 1
[    1.642438] initcall pm_init+0x0/0x76 returned 0 after 0 usecs
[    1.643306] calling  pm_disk_init+0x0/0x13 @ 1
[    1.644347] initcall pm_disk_init+0x0/0x13 returned 0 after 0 usecs
[    1.645305] calling  swsusp_header_init+0x0/0x2b @ 1
[    1.646308] initcall swsusp_header_init+0x0/0x2b returned 0 after 0 usecs
[    1.647302] calling  rcu_set_runtime_mode+0x0/0x2a @ 1
[    1.649584] initcall rcu_set_runtime_mode+0x0/0x2a returned 0 after 976 usecs
[    1.650303] calling  init_jiffies_clocksource+0x0/0x13 @ 1
[    1.651301] clocksource: jiffies: mask: 0xffffffff max_cycles: 0xffffffff, max_idle_ns: 1911260446275000 ns
[    1.652307] initcall init_jiffies_clocksource+0x0/0x13 returned 0 after 976 usecs
[    1.653309] calling  futex_init+0x0/0x11b @ 1
[    1.654307] futex hash table entries: 512 (order: 4, 65536 bytes, linear)
[    1.655361] initcall futex_init+0x0/0x11b returned 0 after 976 usecs
[    1.656303] calling  cgroup_wq_init+0x0/0x28 @ 1
[    1.657316] initcall cgroup_wq_init+0x0/0x28 returned 0 after 0 usecs
[    1.658302] calling  cgroup1_wq_init+0x0/0x28 @ 1
[    1.659318] initcall cgroup1_wq_init+0x0/0x28 returned 0 after 0 usecs
[    1.660301] calling  init_kprobe_trace_early+0x0/0x2a @ 1
[    1.661375] initcall init_kprobe_trace_early+0x0/0x2a returned 0 after 0 usecs
[    1.662303] calling  fsnotify_init+0x0/0x56 @ 1
[    1.663321] initcall fsnotify_init+0x0/0x56 returned 0 after 0 usecs
[    1.664301] calling  filelock_init+0x0/0xb3 @ 1
[    1.665321] initcall filelock_init+0x0/0xb3 returned 0 after 0 usecs
[    1.666301] calling  init_misc_binfmt+0x0/0x2c @ 1
[    1.667347] initcall init_misc_binfmt+0x0/0x2c returned 0 after 0 usecs
[    1.668347] calling  init_script_binfmt+0x0/0x15 @ 1
[    1.669327] initcall init_script_binfmt+0x0/0x15 returned 0 after 0 usecs
[    1.670301] calling  init_elf_binfmt+0x0/0x15 @ 1
[    1.671303] initcall init_elf_binfmt+0x0/0x15 returned 0 after 0 usecs
[    1.672301] calling  init_compat_elf_binfmt+0x0/0x15 @ 1
[    1.673303] initcall init_compat_elf_binfmt+0x0/0x15 returned 0 after 0 usecs
[    1.674301] calling  debugfs_init+0x0/0x5c @ 1
[    1.675327] initcall debugfs_init+0x0/0x5c returned 0 after 0 usecs
[    1.676300] calling  tracefs_init+0x0/0x3a @ 1
[    1.677310] initcall tracefs_init+0x0/0x3a returned 0 after 0 usecs
[    1.678301] calling  prandom_init_early+0x0/0x15d @ 1
[    1.679302] initcall prandom_init_early+0x0/0x15d returned 0 after 0 usecs
[    1.680371] calling  virtio_init+0x0/0x20 @ 1
[    1.681352] initcall virtio_init+0x0/0x20 returned 0 after 0 usecs
[    1.682302] calling  iommu_init+0x0/0x2a @ 1
[    1.683329] initcall iommu_init+0x0/0x2a returned 0 after 0 usecs
[    1.684303] calling  component_debug_init+0x0/0x1c @ 1
[    1.686483] initcall component_debug_init+0x0/0x1c returned 0 after 976 usecs
[    1.687307] calling  early_resume_init+0x0/0xb9 @ 1
[    1.689300] PM: RTC time: 03:48:46, date: 2022-12-13
[    1.690308] initcall early_resume_init+0x0/0xb9 returned 0 after 1953 usecs
[    1.691306] calling  cpufreq_core_init+0x0/0x62 @ 1
[    1.692341] initcall cpufreq_core_init+0x0/0x62 returned 0 after 0 usecs
[    1.693301] calling  cpufreq_gov_performance_init+0x0/0xc @ 1
[    1.694304] initcall cpufreq_gov_performance_init+0x0/0xc returned 0 after 0 usecs
[    1.695300] calling  cpufreq_gov_userspace_init+0x0/0xc @ 1
[    1.696301] initcall cpufreq_gov_userspace_init+0x0/0xc returned 0 after 0 usecs
[    1.697302] calling  CPU_FREQ_GOV_ONDEMAND_init+0x0/0xc @ 1
[    1.698327] initcall CPU_FREQ_GOV_ONDEMAND_init+0x0/0xc returned 0 after 0 usecs
[    1.699305] calling  cpuidle_init+0x0/0x1f @ 1
[    1.700334] initcall cpuidle_init+0x0/0x1f returned 0 after 0 usecs
[    1.701302] calling  capsule_reboot_register+0x0/0xc @ 1
[    1.702324] initcall capsule_reboot_register+0x0/0xc returned 0 after 0 usecs
[    1.703301] calling  sock_init+0x0/0x93 @ 1
[    1.705321] initcall sock_init+0x0/0x93 returned 0 after 976 usecs
[    1.706301] calling  net_inuse_init+0x0/0x23 @ 1
[    1.707333] initcall net_inuse_init+0x0/0x23 returned 0 after 0 usecs
[    1.708304] calling  net_defaults_init+0x0/0x23 @ 1
[    1.709305] initcall net_defaults_init+0x0/0x23 returned 0 after 0 usecs
[    1.710302] calling  init_default_flow_dissectors+0x0/0x4f @ 1
[    1.711337] initcall init_default_flow_dissectors+0x0/0x4f returned 0 after 0 usecs
[    1.712314] calling  netpoll_init+0x0/0x44 @ 1
[    1.713307] initcall netpoll_init+0x0/0x44 returned 0 after 0 usecs
[    1.714307] calling  netlink_proto_init+0x0/0x154 @ 1
[    1.715548] NET: Registered protocol family 16
[    1.716509] initcall netlink_proto_init+0x0/0x154 returned 0 after 976 usecs
[    1.717303] calling  genl_init+0x0/0x35 @ 1
[    1.718408] initcall genl_init+0x0/0x35 returned 0 after 0 usecs
[    1.719337] calling  bsp_pm_check_init+0x0/0x13 @ 1
[    1.720308] initcall bsp_pm_check_init+0x0/0x13 returned 0 after 0 usecs
[    1.721356] calling  irq_sysfs_init+0x0/0xb9 @ 1
[    1.723411] initcall irq_sysfs_init+0x0/0xb9 returned 0 after 976 usecs
[    1.724308] calling  audit_init+0x0/0x127 @ 1
[    1.725333] audit: initializing netlink subsys (disabled)
[    1.727304] initcall audit_init+0x0/0x127 returned 0 after 1953 usecs
[    1.727346] audit: type=2000 audit(1670903324.901:1): state=initialized audit_enabled=0 res=1
[    1.746304] calling  release_early_probes+0x0/0x32 @ 1
[    1.753302] initcall release_early_probes+0x0/0x32 returned 0 after 0 usecs
[    1.761306] calling  bdi_class_init+0x0/0x48 @ 1
[    1.768308] initcall bdi_class_init+0x0/0x48 returned 0 after 976 usecs
[    1.776302] calling  mm_sysfs_init+0x0/0x28 @ 1
[    1.782310] initcall mm_sysfs_init+0x0/0x28 returned 0 after 0 usecs
[    1.790311] calling  init_per_zone_wmark_min+0x0/0x6d @ 1
[    1.797361] initcall init_per_zone_wmark_min+0x0/0x6d returned 0 after 0 usecs
[    1.806302] calling  mpi_init+0x0/0x3e @ 1
[    1.811329] initcall mpi_init+0x0/0x3e returned 0 after 0 usecs
[    1.818302] calling  kobject_uevent_init+0x0/0xc @ 1
[    1.825407] initcall kobject_uevent_init+0x0/0xc returned 0 after 0 usecs
[    1.833302] calling  pcibus_class_init+0x0/0x13 @ 1
[    1.839360] initcall pcibus_class_init+0x0/0x13 returned 0 after 0 usecs
[    1.848303] calling  pci_driver_init+0x0/0x21 @ 1
[    1.854382] initcall pci_driver_init+0x0/0x21 returned 0 after 0 usecs
[    1.863343] calling  backlight_class_init+0x0/0xa8 @ 1
[    1.869360] initcall backlight_class_init+0x0/0xa8 returned 0 after 0 usecs
[    1.877302] calling  tty_class_init+0x0/0x33 @ 1
[    1.881329] initcall tty_class_init+0x0/0x33 returned 0 after 0 usecs
[    1.889302] calling  vtconsole_class_init+0x0/0xb5 @ 1
[    1.895299] initcall vtconsole_class_init+0x0/0xb5 returned 0 after 0 usecs
[    1.904303] calling  iommu_dev_init+0x0/0x13 @ 1
[    1.911328] initcall iommu_dev_init+0x0/0x13 returned 0 after 0 usecs
[    1.921312] calling  mipi_dsi_bus_init+0x0/0xc @ 1
[    1.928373] initcall mipi_dsi_bus_init+0x0/0xc returned 0 after 0 usecs
[    1.939305] calling  devlink_class_init+0x0/0x40 @ 1
[    1.946373] initcall devlink_class_init+0x0/0x40 returned 0 after 0 usecs
[    1.957308] calling  software_node_init+0x0/0x2a @ 1
[    1.964319] initcall software_node_init+0x0/0x2a returned 0 after 0 usecs
[    1.973303] calling  wakeup_sources_debugfs_init+0x0/0x23 @ 1
[    1.980339] initcall wakeup_sources_debugfs_init+0x0/0x23 returned 0 after 0 usecs
[    1.990307] calling  wakeup_sources_sysfs_init+0x0/0x2c @ 1
[    1.997321] initcall wakeup_sources_sysfs_init+0x0/0x2c returned 0 after 0 usecs
[    2.006349] calling  register_node_type+0x0/0x13 @ 1
[    2.013304] initcall register_node_type+0x0/0x13 returned 0 after 976 usecs
[    2.021302] calling  regmap_initcall+0x0/0xc @ 1
[    2.027372] initcall regmap_initcall+0x0/0xc returned 0 after 0 usecs
[    2.035325] calling  i2c_init+0x0/0xb3 @ 1
[    2.040413] initcall i2c_init+0x0/0xb3 returned 0 after 0 usecs
[    2.048301] calling  thermal_init+0x0/0x116 @ 1
[    2.054332] thermal_sys: Registered thermal governor 'step_wise'
[    2.054336] thermal_sys: Registered thermal governor 'user_space'
[    2.062322] initcall thermal_init+0x0/0x116 returned 0 after 7812 usecs
[    2.078302] calling  init_menu+0x0/0xc @ 1
[    2.083382] cpuidle: using governor menu
[    2.088302] initcall init_menu+0x0/0xc returned 0 after 4882 usecs
[    2.096303] calling  pcc_init+0x0/0x4d @ 1
[    2.101324] initcall pcc_init+0x0/0x4d returned -19 after 0 usecs
[    2.108302] calling  amd_postcore_init+0x0/0x11e @ 1
[    2.115302] initcall amd_postcore_init+0x0/0x11e returned 0 after 0 usecs
[    2.123324] calling  bts_init+0x0/0xba @ 1
[    2.128302] initcall bts_init+0x0/0xba returned -19 after 0 usecs
[    2.137304] calling  pt_init+0x0/0x34d @ 1
[    2.142305] initcall pt_init+0x0/0x34d returned -19 after 0 usecs
[    2.150301] calling  boot_params_ksysfs_init+0x0/0x2ee @ 1
[    2.157417] initcall boot_params_ksysfs_init+0x0/0x2ee returned 0 after 0 usecs
[    2.166301] calling  sbf_init+0x0/0xea @ 1
[    2.173306] initcall sbf_init+0x0/0xea returned 0 after 0 usecs
[    2.180302] calling  arch_kdebugfs_init+0x0/0x219 @ 1
[    2.187378] initcall arch_kdebugfs_init+0x0/0x219 returned 0 after 0 usecs
[    2.196305] calling  intel_pconfig_init+0x0/0x85 @ 1
[    2.202303] initcall intel_pconfig_init+0x0/0x85 returned 0 after 0 usecs
[    2.211304] calling  mtrr_if_init+0x0/0x5d @ 1
[    2.217310] initcall mtrr_if_init+0x0/0x5d returned 0 after 0 usecs
[    2.225311] calling  activate_jump_labels+0x0/0x31 @ 1
[    2.231302] initcall activate_jump_labels+0x0/0x31 returned 0 after 0 usecs
[    2.240304] calling  ffh_cstate_init+0x0/0x29 @ 1
[    2.246311] initcall ffh_cstate_init+0x0/0x29 returned 0 after 0 usecs
[    2.255326] calling  activate_jump_labels+0x0/0x31 @ 1
[    2.262520] initcall activate_jump_labels+0x0/0x31 returned 0 after 976 usecs
[    2.271303] calling  kvm_alloc_cpumask+0x0/0x74 @ 1
[    2.277357] initcall kvm_alloc_cpumask+0x0/0x74 returned 0 after 0 usecs
[    2.287307] calling  kcmp_cookies_init+0x0/0x37 @ 1
[    2.294319] initcall kcmp_cookies_init+0x0/0x37 returned 0 after 0 usecs
[    2.302308] calling  cryptomgr_init+0x0/0xc @ 1
[    2.308417] initcall cryptomgr_init+0x0/0xc returned 0 after 0 usecs
[    2.316349] calling  acpi_pci_init+0x0/0x57 @ 1
[    2.321324] ACPI: bus type PCI registered
[    2.326303] initcall acpi_pci_init+0x0/0x57 returned 0 after 4882 usecs
[    2.334304] calling  dma_channel_table_init+0x0/0xd1 @ 1
[    2.340318] initcall dma_channel_table_init+0x0/0xd1 returned 0 after 0 usecs
[    2.349302] calling  dma_bus_init+0x0/0xdc @ 1
[    2.353461] initcall dma_bus_init+0x0/0xdc returned 0 after 976 usecs
[    2.362387] calling  iommu_dma_init+0x0/0x10 @ 1
[    2.368539] initcall iommu_dma_init+0x0/0x10 returned 0 after 0 usecs
[    2.377307] calling  dmi_id_init+0x0/0x37c @ 1
[    2.384599] initcall dmi_id_init+0x0/0x37c returned 0 after 0 usecs
[    2.394309] calling  pci_arch_init+0x0/0x71 @ 1
[    2.402335] PCI: MMCONFIG for domain 0000 [bus 00-ff] at [mem 0xb0000000-0xbfffffff] (base 0xb0000000)
[    2.414309] PCI: MMCONFIG at [mem 0xb0000000-0xbfffffff] reserved in E820
[    2.422382] PCI: Using configuration type 1 for base access
[    2.429342] initcall pci_arch_init+0x0/0x71 returned 0 after 27343 usecs
[    2.437324] calling  init_vdso+0x0/0x13 @ 1
[    2.442344] initcall init_vdso+0x0/0x13 returned 0 after 0 usecs
[    2.449309] calling  sysenter_setup+0x0/0x13 @ 1
[    2.455351] initcall sysenter_setup+0x0/0x13 returned 0 after 0 usecs
[    2.463302] calling  fixup_ht_bug+0x0/0xe5 @ 1
[    2.468303] initcall fixup_ht_bug+0x0/0xe5 returned 0 after 0 usecs
[    2.476302] calling  topology_init+0x0/0x88 @ 1
[    2.482437] initcall topology_init+0x0/0x88 returned 0 after 976 usecs
[    2.491309] calling  intel_epb_init+0x0/0x68 @ 1
[    2.498308] initcall intel_epb_init+0x0/0x68 returned -19 after 0 usecs
[    2.507309] calling  mtrr_init_finialize+0x0/0x3e @ 1
[    2.515316] initcall mtrr_init_finialize+0x0/0x3e returned 0 after 0 usecs
[    2.523306] calling  uid_cache_init+0x0/0x85 @ 1
[    2.528343] initcall uid_cache_init+0x0/0x85 returned 0 after 976 usecs
[    2.537305] calling  param_sysfs_init+0x0/0x1ba @ 1
[    2.555702] initcall param_sysfs_init+0x0/0x1ba returned 0 after 15625 usecs
[    2.565304] calling  user_namespace_sysctl_init+0x0/0x33 @ 1
[    2.572325] initcall user_namespace_sysctl_init+0x0/0x33 returned 0 after 0 usecs
[    2.581315] calling  proc_schedstat_init+0x0/0x24 @ 1
[    2.587318] initcall proc_schedstat_init+0x0/0x24 returned 0 after 0 usecs
[    2.596309] calling  pm_sysrq_init+0x0/0x18 @ 1
[    2.603402] initcall pm_sysrq_init+0x0/0x18 returned 0 after 0 usecs
[    2.611337] calling  create_proc_profile+0x0/0xd0 @ 1
[    2.617329] initcall create_proc_profile+0x0/0xd0 returned 0 after 0 usecs
[    2.625304] calling  time_ns_init+0x0/0x7 @ 1
[    2.630309] initcall time_ns_init+0x0/0x7 returned 0 after 0 usecs
[    2.635304] calling  crash_save_vmcoreinfo_init+0x0/0x722 @ 1
[    2.642293] initcall crash_save_vmcoreinfo_init+0x0/0x722 returned 0 after 976 usecs
[    2.651338] calling  crash_notes_memory_init+0x0/0x35 @ 1
[    2.658313] initcall crash_notes_memory_init+0x0/0x35 returned 0 after 0 usecs
[    2.666308] calling  cgroup_sysfs_init+0x0/0x13 @ 1
[    2.671440] initcall cgroup_sysfs_init+0x0/0x13 returned 0 after 0 usecs
[    2.679307] calling  cgroup_namespaces_init+0x0/0x7 @ 1
[    2.685309] initcall cgroup_namespaces_init+0x0/0x7 returned 0 after 0 usecs
[    2.694313] calling  init_optprobes+0x0/0x13 @ 1
[    2.698645] Kprobes globally optimized
[    2.702319] initcall init_optprobes+0x0/0x13 returned 0 after 3906 usecs
[    2.712314] calling  oom_init+0x0/0x2f @ 1
[    2.722537] initcall oom_init+0x0/0x2f returned 0 after 4882 usecs
[    2.723309] calling  default_bdi_init+0x0/0xb3 @ 1
[    2.727454] initcall default_bdi_init+0x0/0xb3 returned 0 after 2929 usecs
[    2.733313] calling  percpu_enable_async+0x0/0xe @ 1
[    2.739311] initcall percpu_enable_async+0x0/0xe returned 0 after 0 usecs
[    2.748310] calling  kcompactd_init+0x0/0x8d @ 1
[    2.755535] initcall kcompactd_init+0x0/0x8d returned 0 after 976 usecs
[    2.756449] calling  init_user_reserve+0x0/0x40 @ 1
[    2.757307] initcall init_user_reserve+0x0/0x40 returned 0 after 0 usecs
[    2.758308] calling  init_admin_reserve+0x0/0x40 @ 1
[    2.759303] initcall init_admin_reserve+0x0/0x40 returned 0 after 0 usecs
[    2.760306] calling  init_reserve_notifier+0x0/0x7 @ 1
[    2.761303] initcall init_reserve_notifier+0x0/0x7 returned 0 after 0 usecs
[    2.762304] calling  swap_init_sysfs+0x0/0x62 @ 1
[    2.763319] initcall swap_init_sysfs+0x0/0x62 returned 0 after 0 usecs
[    2.764310] calling  swapfile_init+0x0/0x94 @ 1
[    2.765305] initcall swapfile_init+0x0/0x94 returned 0 after 0 usecs
[    2.766301] calling  hugetlb_init+0x0/0x49c @ 1
[    2.767307] HugeTLB registered 2.00 MiB page size, pre-allocated 0 pages
[    2.768344] initcall hugetlb_init+0x0/0x49c returned 0 after 976 usecs
[    2.769303] calling  io_wq_init+0x0/0x34 @ 1
[    2.770305] initcall io_wq_init+0x0/0x34 returned 0 after 0 usecs
[    2.771307] calling  seqiv_module_init+0x0/0xc @ 1
[    2.772467] initcall seqiv_module_init+0x0/0xc returned 0 after 0 usecs
[    2.773302] calling  echainiv_module_init+0x0/0xc @ 1
[    2.774303] initcall echainiv_module_init+0x0/0xc returned 0 after 0 usecs
[    2.776550] calling  rsa_init+0x0/0x50 @ 1
[    2.780322] initcall rsa_init+0x0/0x50 returned 0 after 2929 usecs
[    2.780919] cryptomgr_test (29) used greatest stack depth: 14864 bytes left
[    2.781305] calling  crypto_cmac_module_init+0x0/0xc @ 1
[    2.781312] initcall crypto_cmac_module_init+0x0/0xc returned 0 after 0 usecs
[    2.781316] calling  hmac_module_init+0x0/0xc @ 1
[    2.803308] initcall hmac_module_init+0x0/0xc returned 0 after 0 usecs
[    2.811302] calling  crypto_null_mod_init+0x0/0x65 @ 1
[    2.822310] initcall crypto_null_mod_init+0x0/0x65 returned 0 after 3906 usecs
[    2.831541] calling  md5_mod_init+0x0/0xc @ 1
[    2.838297] initcall md5_mod_init+0x0/0xc returned 0 after 976 usecs
[    2.846310] calling  sha256_generic_mod_init+0x0/0x11 @ 1
[    2.855374] initcall sha256_generic_mod_init+0x0/0x11 returned 0 after 1953 usecs
[    2.856311] calling  crypto_cbc_module_init+0x0/0xc @ 1
[    2.857308] initcall crypto_cbc_module_init+0x0/0xc returned 0 after 0 usecs
[    2.858305] calling  crypto_ctr_module_init+0x0/0x11 @ 1
[    2.859518] initcall crypto_ctr_module_init+0x0/0x11 returned 0 after 0 usecs
[    2.860311] calling  crypto_gcm_module_init+0x0/0x64 @ 1
[    2.861312] initcall crypto_gcm_module_init+0x0/0x64 returned 0 after 0 usecs
[    2.862306] calling  crypto_ccm_module_init+0x0/0x11 @ 1
[    2.863307] initcall crypto_ccm_module_init+0x0/0x11 returned 0 after 0 usecs
[    2.864322] calling  aes_init+0x0/0xc @ 1
[    2.866542] initcall aes_init+0x0/0xc returned 0 after 976 usecs
[    2.874580] calling  crc32c_mod_init+0x0/0xc @ 1
[    2.882438] initcall crc32c_mod_init+0x0/0xc returned 0 after 1953 usecs
[    2.883317] calling  crypto_authenc_module_init+0x0/0xc @ 1
[    2.884304] initcall crypto_authenc_module_init+0x0/0xc returned 0 after 0 usecs
[    2.885303] calling  crypto_authenc_esn_module_init+0x0/0xc @ 1
[    2.886326] initcall crypto_authenc_esn_module_init+0x0/0xc returned 0 after 0 usecs
[    2.887303] calling  drbg_init+0x0/0x7c @ 1
[    2.898314] initcall drbg_init+0x0/0x7c returned 0 after 9765 usecs
[    2.899622] calling  ghash_mod_init+0x0/0xc @ 1
[    2.902851] initcall ghash_mod_init+0x0/0xc returned 0 after 1953 usecs
[    2.911549] calling  init_bio+0x0/0x9a @ 1
[    2.916438] initcall init_bio+0x0/0x9a returned 0 after 0 usecs
[    2.924302] calling  blk_settings_init+0x0/0x29 @ 1
[    2.930302] initcall blk_settings_init+0x0/0x29 returned 0 after 0 usecs
[    2.938301] calling  blk_ioc_init+0x0/0x29 @ 1
[    2.944308] initcall blk_ioc_init+0x0/0x29 returned 0 after 0 usecs
[    2.952301] calling  blk_mq_init+0x0/0xb9 @ 1
[    2.957306] initcall blk_mq_init+0x0/0xb9 returned 0 after 0 usecs
[    2.965305] calling  genhd_device_init+0x0/0x75 @ 1
[    2.972776] initcall genhd_device_init+0x0/0x75 returned 0 after 976 usecs
[    2.973338] calling  pci_slot_init+0x0/0x40 @ 1
[    2.974314] initcall pci_slot_init+0x0/0x40 returned 0 after 0 usecs
[    2.975308] calling  fbmem_init+0x0/0xd8 @ 1
[    2.976482] initcall fbmem_init+0x0/0xd8 returned 0 after 0 usecs
[    2.977304] calling  acpi_init+0x0/0x319 @ 1
[    2.978357] ACPI: Added _OSI(Module Device)
[    2.979301] ACPI: Added _OSI(Processor Device)
[    2.980302] ACPI: Added _OSI(3.0 _SCP Extensions)
[    2.981300] ACPI: Added _OSI(Processor Aggregator Device)
[    2.982303] ACPI: Added _OSI(Linux-Dell-Video)
[    2.983302] ACPI: Added _OSI(Linux-Lenovo-NV-HDMI-Audio)
[    2.984303] ACPI: Added _OSI(Linux-HPI-Hybrid-Graphics)
[    2.990163] ACPI: 1 ACPI AML tables successfully acquired and loaded
[    2.997933] ACPI: Interpreter enabled
[    2.998416] ACPI: (supports S0 S3 S4 S5)
[    2.999304] ACPI: Using IOAPIC for interrupt routing
[    3.001343] PCI: Using host bridge windows from ACPI; if necessary, use "pci=nocrs" and report a bug
[    3.002877] ACPI: Enabled 2 GPEs in block 00 to 3F
[    3.013855] ACPI: PCI Root Bridge [PCI0] (domain 0000 [bus 00-ff])
[    3.014345] acpi PNP0A08:00: _OSC: OS supports [ExtendedConfig ASPM ClockPM Segments MSI HPX-Type3]
[    3.016628] acpi PNP0A08:00: _OSC: platform does not support [LTR]
[    3.018607] acpi PNP0A08:00: _OSC: OS now controls [PME PCIeCapability]
[    3.021098] PCI host bridge to bus 0000:00
[    3.021303] pci_bus 0000:00: root bus resource [io  0x0000-0x0cf7 window]
[    3.023390] pci_bus 0000:00: root bus resource [io  0x0d00-0xffff window]
[    3.024305] pci_bus 0000:00: root bus resource [mem 0x000a0000-0x000bffff window]
[    3.025304] pci_bus 0000:00: root bus resource [mem 0x20000000-0xafffffff window]
[    3.026302] pci_bus 0000:00: root bus resource [mem 0xc0000000-0xfebfffff window]
[    3.027306] pci_bus 0000:00: root bus resource [mem 0x100000000-0x8ffffffff window]
[    3.028307] pci_bus 0000:00: root bus resource [bus 00-ff]
[    3.031517] pci 0000:00:00.0: calling  quirk_mmio_always_on+0x0/0x10 @ 1
[    3.033306] pci 0000:00:00.0: quirk_mmio_always_on+0x0/0x10 took 0 usecs
[    3.034556] pci 0000:00:00.0: [8086:29c0] type 00 class 0x060000
[    3.039702] pci 0000:00:00.0: calling  quirk_igfx_skip_te_disable+0x0/0x80 @ 1
[    3.040311] pci 0000:00:00.0: quirk_igfx_skip_te_disable+0x0/0x80 took 0 usecs
[    3.045606] pci 0000:00:01.0: [1234:1111] type 00 class 0x030000
[    3.060291] pci 0000:00:01.0: reg 0x10: [mem 0xfd000000-0xfdffffff pref]
[    3.089291] pci 0000:00:01.0: reg 0x18: [mem 0xfebf0000-0xfebf0fff]
[    3.125291] pci 0000:00:01.0: reg 0x30: [mem 0xfebe0000-0xfebeffff pref]
[    3.141291] pci 0000:00:01.0: calling  efifb_fixup_resources+0x0/0xf0 @ 1
[    3.142481] pci 0000:00:01.0: efifb_fixup_resources+0x0/0xf0 took 0 usecs
[    3.153894] pci 0000:00:1f.0: [8086:2918] type 00 class 0x060100
[    3.159959] pci 0000:00:1f.0: calling  quirk_ich7_lpc+0x0/0x60 @ 1
[    3.160578] pci 0000:00:1f.0: quirk: [io  0x0600-0x067f] claimed by ICH6 ACPI/GPIO/TCO
[    3.162476] pci 0000:00:1f.0: quirk_ich7_lpc+0x0/0x60 took 1953 usecs
[    3.163399] pci 0000:00:1f.0: calling  quirk_igfx_skip_te_disable+0x0/0x80 @ 1
[    3.164354] pci 0000:00:1f.0: quirk_igfx_skip_te_disable+0x0/0x80 took 0 usecs
[    3.167632] pci 0000:00:1f.2: [8086:2922] type 00 class 0x010601
[    3.177914] pci 0000:00:1f.2: reg 0x20: [io  0xc040-0xc05f]
[    3.179300] pci 0000:00:1f.2: reg 0x24: [mem 0xfebf1000-0xfebf1fff]
[    3.181529] pci 0000:00:1f.2: calling  quirk_igfx_skip_te_disable+0x0/0x80 @ 1
[    3.182306] pci 0000:00:1f.2: quirk_igfx_skip_te_disable+0x0/0x80 took 0 usecs
[    3.187995] pci 0000:00:1f.3: [8086:2930] type 00 class 0x0c0500
[    3.194300] pci 0000:00:1f.3: reg 0x20: [io  0x0700-0x073f]
[    3.198096] pci 0000:00:1f.3: calling  quirk_igfx_skip_te_disable+0x0/0x80 @ 1
[    3.198306] pci 0000:00:1f.3: quirk_igfx_skip_te_disable+0x0/0x80 took 0 usecs
[    3.207387] ACPI: PCI Interrupt Link [LNKA] (IRQs 5 *10 11)
[    3.209810] ACPI: PCI Interrupt Link [LNKB] (IRQs 5 *10 11)
[    3.211007] ACPI: PCI Interrupt Link [LNKC] (IRQs 5 10 *11)
[    3.212457] ACPI: PCI Interrupt Link [LNKD] (IRQs 5 10 *11)
[    3.213846] ACPI: PCI Interrupt Link [LNKE] (IRQs 5 *10 11)
[    3.215496] ACPI: PCI Interrupt Link [LNKF] (IRQs 5 *10 11)
[    3.217383] ACPI: PCI Interrupt Link [LNKG] (IRQs 5 10 *11)
[    3.219858] ACPI: PCI Interrupt Link [LNKH] (IRQs 5 10 *11)
[    3.221463] ACPI: PCI Interrupt Link [GSIA] (IRQs *16)
[    3.222344] ACPI: PCI Interrupt Link [GSIB] (IRQs *17)
[    3.223344] ACPI: PCI Interrupt Link [GSIC] (IRQs *18)
[    3.224342] ACPI: PCI Interrupt Link [GSID] (IRQs *19)
[    3.225337] ACPI: PCI Interrupt Link [GSIE] (IRQs *20)
[    3.226350] ACPI: PCI Interrupt Link [GSIF] (IRQs *21)
[    3.227356] ACPI: PCI Interrupt Link [GSIG] (IRQs *22)
[    3.228485] ACPI: PCI Interrupt Link [GSIH] (IRQs *23)
[    3.235291] initcall acpi_init+0x0/0x319 returned 0 after 250000 usecs
[    3.236442] calling  pnp_init+0x0/0xc @ 1
[    3.237336] initcall pnp_init+0x0/0xc returned 0 after 0 usecs
[    3.238302] calling  misc_init+0x0/0xbf @ 1
[    3.240480] initcall misc_init+0x0/0xbf returned 0 after 976 usecs
[    3.241303] calling  iommu_subsys_init+0x0/0x4e @ 1
[    3.242353] iommu: Default domain type: Translated 
[    3.243302] initcall iommu_subsys_init+0x0/0x4e returned 0 after 976 usecs
[    3.244302] calling  vga_arb_device_init+0x0/0x261 @ 1
[    3.257583] pci 0000:00:01.0: vgaarb: setting as boot VGA device
[    3.258291] pci 0000:00:01.0: vgaarb: VGA device added: decodes=io+mem,owns=io+mem,locks=none
[    3.258311] pci 0000:00:01.0: vgaarb: bridge control possible
[    3.259303] vgaarb: loaded
[    3.260308] initcall vga_arb_device_init+0x0/0x261 returned 0 after 14648 usecs
[    3.261468] calling  cn_init+0x0/0xf0 @ 1
[    3.265315] initcall cn_init+0x0/0xf0 returned 0 after 2929 usecs
[    3.266307] calling  dma_buf_init+0x0/0xad @ 1
[    3.272175] initcall dma_buf_init+0x0/0xad returned 0 after 3906 usecs
[    3.272307] calling  dma_resv_lockdep+0x0/0x281 @ 1
[    3.277006] initcall dma_resv_lockdep+0x0/0x281 returned 0 after 2929 usecs
[    3.277306] calling  init_scsi+0x0/0x79 @ 1
[    3.283954] SCSI subsystem initialized
[    3.284307] initcall init_scsi+0x0/0x79 returned 0 after 5859 usecs
[    3.285310] calling  ata_init+0x0/0x332 @ 1
[    3.300766] libata version 3.00 loaded.
[    3.304311] initcall ata_init+0x0/0x332 returned 0 after 17578 usecs
[    3.309305] calling  phy_init+0x0/0x250 @ 1
[    3.315892] initcall phy_init+0x0/0x250 returned 0 after 2929 usecs
[    3.324337] calling  init_pcmcia_cs+0x0/0x35 @ 1
[    3.331713] initcall init_pcmcia_cs+0x0/0x35 returned 0 after 976 usecs
[    3.339304] calling  usb_common_init+0x0/0x1c @ 1
[    3.345400] initcall usb_common_init+0x0/0x1c returned 0 after 0 usecs
[    3.354299] calling  usb_init+0x0/0x12e @ 1
[    3.359401] ACPI: bus type USB registered
[    3.365732] usbcore: registered new interface driver usbfs
[    3.372502] usbcore: registered new interface driver hub
[    3.379338] usbcore: registered new device driver usb
[    3.385306] initcall usb_init+0x0/0x12e returned 0 after 25390 usecs
[    3.393306] calling  serio_init+0x0/0x29 @ 1
[    3.398389] initcall serio_init+0x0/0x29 returned 0 after 0 usecs
[    3.406302] calling  input_init+0x0/0xf6 @ 1
[    3.411419] initcall input_init+0x0/0xf6 returned 0 after 0 usecs
[    3.419302] calling  rtc_init+0x0/0x4d @ 1
[    3.424329] initcall rtc_init+0x0/0x4d returned 0 after 0 usecs
[    3.431302] calling  pps_init+0x0/0xa9 @ 1
[    3.436351] pps_core: LinuxPPS API ver. 1 registered
[    3.442299] pps_core: Software ver. 5.3.6 - Copyright 2005-2007 Rodolfo Giometti <giometti@linux.it>
[    3.453303] initcall pps_init+0x0/0xa9 returned 0 after 16601 usecs
[    3.461302] calling  ptp_init+0x0/0x98 @ 1
[    3.466323] PTP clock support registered
[    3.471302] initcall ptp_init+0x0/0x98 returned 0 after 4882 usecs
[    3.479301] calling  power_supply_class_init+0x0/0x3f @ 1
[    3.486325] initcall power_supply_class_init+0x0/0x3f returned 0 after 976 usecs
[    3.494309] calling  hwmon_init+0x0/0x104 @ 1
[    3.500324] initcall hwmon_init+0x0/0x104 returned 0 after 0 usecs
[    3.507302] calling  md_init+0x0/0x16b @ 1
[    3.514471] initcall md_init+0x0/0x16b returned 0 after 1953 usecs
[    3.515306] calling  leds_init+0x0/0x3b @ 1
[    3.516328] initcall leds_init+0x0/0x3b returned 0 after 0 usecs
[    3.517302] calling  dmi_init+0x0/0x113 @ 1
[    3.518594] initcall dmi_init+0x0/0x113 returned 0 after 0 usecs
[    3.519317] calling  efisubsys_init+0x0/0x4e7 @ 1
[    3.520305] initcall efisubsys_init+0x0/0x4e7 returned 0 after 0 usecs
[    3.521302] calling  nvmem_init+0x0/0xc @ 1
[    3.522352] initcall nvmem_init+0x0/0xc returned 0 after 0 usecs
[    3.523300] calling  init_soundcore+0x0/0x33 @ 1
[    3.524337] initcall init_soundcore+0x0/0x33 returned 0 after 0 usecs
[    3.525302] calling  alsa_sound_init+0x0/0x8f @ 1
[    3.527704] Advanced Linux Sound Architecture Driver Initialized.
[    3.528302] initcall alsa_sound_init+0x0/0x8f returned 0 after 1953 usecs
[    3.529302] calling  alsa_seq_device_init+0x0/0x71 @ 1
[    3.530420] initcall alsa_seq_device_init+0x0/0x71 returned 0 after 0 usecs
[    3.531301] calling  hda_bus_init+0x0/0xc @ 1
[    3.533303] initcall hda_bus_init+0x0/0xc returned 0 after 976 usecs
[    3.534302] calling  proto_init+0x0/0xc @ 1
[    3.535411] initcall proto_init+0x0/0xc returned 0 after 0 usecs
[    3.536304] calling  net_dev_init+0x0/0x27f @ 1
[    3.540174] initcall net_dev_init+0x0/0x27f returned 0 after 1953 usecs
[    3.540304] calling  neigh_init+0x0/0x84 @ 1
[    3.541308] initcall neigh_init+0x0/0x84 returned 0 after 0 usecs
[    3.542301] calling  fib_notifier_init+0x0/0xc @ 1
[    3.543308] initcall fib_notifier_init+0x0/0xc returned 0 after 0 usecs
[    3.544301] calling  fib_rules_init+0x0/0xab @ 1
[    3.545353] initcall fib_rules_init+0x0/0xab returned 0 after 0 usecs
[    3.546301] calling  pktsched_init+0x0/0x10e @ 1
[    3.547392] initcall pktsched_init+0x0/0x10e returned 0 after 0 usecs
[    3.548301] calling  tc_filter_init+0x0/0xfa @ 1
[    3.550305] initcall tc_filter_init+0x0/0xfa returned 0 after 976 usecs
[    3.551301] calling  tc_action_init+0x0/0x54 @ 1
[    3.552304] initcall tc_action_init+0x0/0x54 returned 0 after 0 usecs
[    3.553300] calling  ethnl_init+0x0/0x52 @ 1
[    3.554440] initcall ethnl_init+0x0/0x52 returned 0 after 0 usecs
[    3.555452] calling  nexthop_init+0x0/0xd8 @ 1
[    3.556414] initcall nexthop_init+0x0/0xd8 returned 0 after 0 usecs
[    3.557299] calling  cipso_v4_init+0x0/0x8d @ 1
[    3.559325] initcall cipso_v4_init+0x0/0x8d returned 0 after 976 usecs
[    3.560299] calling  ieee80211_init+0x0/0x24 @ 1
[    3.561624] initcall ieee80211_init+0x0/0x24 returned 0 after 0 usecs
[    3.562300] calling  netlbl_init+0x0/0x78 @ 1
[    3.563314] NetLabel: Initializing
[    3.564297] NetLabel:  domain hash size = 128
[    3.565314] NetLabel:  protocols = UNLABELED CIPSOv4 CALIPSO
[    3.567695] NetLabel:  unlabeled traffic allowed by default
[    3.568306] initcall netlbl_init+0x0/0x78 returned 0 after 4882 usecs
[    3.569307] calling  rfkill_init+0x0/0x136 @ 1
[    3.572091] initcall rfkill_init+0x0/0x136 returned 0 after 976 usecs
[    3.572312] calling  pci_subsys_init+0x0/0x66 @ 1
[    3.573355] PCI: Using ACPI for IRQ routing
[    4.361661] PCI: pci_cache_line_size set to 64 bytes
[    4.364630] e820: reserve RAM buffer [mem 0x0009fc00-0x0009ffff]
[    4.367531] e820: reserve RAM buffer [mem 0x1ffdf000-0x1fffffff]
[    4.368780] initcall pci_subsys_init+0x0/0x66 returned 0 after 776367 usecs
[    4.373291] calling  nmi_warning_debugfs+0x0/0x26 @ 1
[    4.376927] initcall nmi_warning_debugfs+0x0/0x26 returned 0 after 1953 usecs
[    4.377325] calling  save_microcode_in_initrd+0x0/0x51 @ 1
[    4.378501] initcall save_microcode_in_initrd+0x0/0x51 returned 0 after 0 usecs
[    4.379305] calling  hpet_late_init+0x0/0x20a @ 1
[    4.381494] hpet: 3 channels of 0 reserved for per-cpu timers
[    4.382595] hpet0: at MMIO 0xfed00000, IRQs 2, 8, 0
[    4.383300] hpet0: 3 comparators, 64-bit 100.000000 MHz counter
[    4.386303] initcall hpet_late_init+0x0/0x20a returned 0 after 5859 usecs
[    4.387304] calling  init_amd_nbs+0x0/0x11c @ 1
[    4.388586] initcall init_amd_nbs+0x0/0x11c returned 0 after 0 usecs
[    4.389318] calling  clocksource_done_booting+0x0/0x43 @ 1
[    4.391972] clocksource: Switched to clocksource kvm-clock
[    4.398755] initcall clocksource_done_booting+0x0/0x43 returned 0 after 8259 usecs
[    4.407647] calling  tracer_init_tracefs+0x0/0x248 @ 1
[    4.696602] initcall tracer_init_tracefs+0x0/0x248 returned 0 after 276166 usecs
[    4.706645] calling  init_trace_printk_function_export+0x0/0x2c @ 1
[    4.714116] initcall init_trace_printk_function_export+0x0/0x2c returned 0 after 19 usecs
[    4.723656] calling  init_kprobe_trace+0x0/0x1ab @ 1
[    4.729651] initcall init_kprobe_trace+0x0/0x1ab returned 0 after 118 usecs
[    4.737823] calling  init_dynamic_event+0x0/0x3d @ 1
[    4.744016] initcall init_dynamic_event+0x0/0x3d returned 0 after 14 usecs
[    4.752316] calling  init_uprobe_trace+0x0/0x5c @ 1
[    4.758821] initcall init_uprobe_trace+0x0/0x5c returned 0 after 55 usecs
[    4.767104] calling  init_pipe_fs+0x0/0x44 @ 1
[    4.773061] initcall init_pipe_fs+0x0/0x44 returned 0 after 316 usecs
[    4.780888] calling  inotify_user_setup+0x0/0x47 @ 1
[    4.787925] initcall inotify_user_setup+0x0/0x47 returned 0 after 170 usecs
[    4.796855] calling  eventpoll_init+0x0/0xeb @ 1
[    4.803723] initcall eventpoll_init+0x0/0xeb returned 0 after 133 usecs
[    4.811996] calling  anon_inode_init+0x0/0x58 @ 1
[    4.817929] initcall anon_inode_init+0x0/0x58 returned 0 after 191 usecs
[    4.825885] calling  proc_locks_init+0x0/0x27 @ 1
[    4.831607] initcall proc_locks_init+0x0/0x27 returned 0 after 164 usecs
[    4.839952] calling  iomap_init+0x0/0x1b @ 1
[    4.851476] initcall iomap_init+0x0/0x1b returned 0 after 4238 usecs
[    4.858830] calling  dquot_init+0x0/0x106 @ 1
[    4.863892] VFS: Disk quotas dquot_6.6.0
[    4.868824] VFS: Dquot-cache hash table entries: 512 (order 0, 4096 bytes)
[    4.876954] initcall dquot_init+0x0/0x106 returned 0 after 12764 usecs
[    4.884734] calling  quota_init+0x0/0x23 @ 1
[    4.890235] initcall quota_init+0x0/0x23 returned 0 after 435 usecs
[    4.897487] calling  proc_cmdline_init+0x0/0x21 @ 1
[    4.903277] initcall proc_cmdline_init+0x0/0x21 returned 0 after 7 usecs
[    4.911142] calling  proc_consoles_init+0x0/0x24 @ 1
[    4.916930] initcall proc_consoles_init+0x0/0x24 returned 0 after 6 usecs
[    4.924792] calling  proc_cpuinfo_init+0x0/0x1e @ 1
[    4.930509] initcall proc_cpuinfo_init+0x0/0x1e returned 0 after 5 usecs
[    4.938253] calling  proc_devices_init+0x0/0x24 @ 1
[    4.943977] initcall proc_devices_init+0x0/0x24 returned 0 after 9 usecs
[    4.951717] calling  proc_interrupts_init+0x0/0x24 @ 1
[    4.957776] initcall proc_interrupts_init+0x0/0x24 returned 0 after 4 usecs
[    4.965799] calling  proc_loadavg_init+0x0/0x21 @ 1
[    4.971558] initcall proc_loadavg_init+0x0/0x21 returned 0 after 4 usecs
[    4.979542] calling  proc_meminfo_init+0x0/0x21 @ 1
[    4.985356] initcall proc_meminfo_init+0x0/0x21 returned 0 after 5 usecs
[    4.993199] calling  proc_stat_init+0x0/0x1e @ 1
[    4.998784] initcall proc_stat_init+0x0/0x1e returned 0 after 7 usecs
[    5.006391] calling  proc_uptime_init+0x0/0x21 @ 1
[    5.011961] initcall proc_uptime_init+0x0/0x21 returned 0 after 6 usecs
[    5.019752] calling  proc_version_init+0x0/0x21 @ 1
[    5.025500] initcall proc_version_init+0x0/0x21 returned 0 after 10 usecs
[    5.033504] calling  proc_softirqs_init+0x0/0x21 @ 1
[    5.039402] initcall proc_softirqs_init+0x0/0x21 returned 0 after 4 usecs
[    5.047363] calling  proc_kcore_init+0x0/0xea @ 1
[    5.053123] initcall proc_kcore_init+0x0/0xea returned 0 after 214 usecs
[    5.060953] calling  vmcore_init+0x0/0x57b @ 1
[    5.066151] initcall vmcore_init+0x0/0x57b returned 0 after 1 usecs
[    5.073552] calling  proc_kmsg_init+0x0/0x21 @ 1
[    5.079014] initcall proc_kmsg_init+0x0/0x21 returned 0 after 7 usecs
[    5.086577] calling  proc_page_init+0x0/0x3b @ 1
[    5.092015] initcall proc_page_init+0x0/0x3b returned 0 after 6 usecs
[    5.099608] calling  init_ramfs_fs+0x0/0xc @ 1
[    5.104943] initcall init_ramfs_fs+0x0/0xc returned 0 after 20 usecs
[    5.112415] calling  init_hugetlbfs_fs+0x0/0xf6 @ 1
[    5.118830] initcall init_hugetlbfs_fs+0x0/0xf6 returned 0 after 628 usecs
[    5.126891] calling  blk_scsi_ioctl_init+0x0/0x2a5 @ 1
[    5.132972] initcall blk_scsi_ioctl_init+0x0/0x2a5 returned 0 after 0 usecs
[    5.140972] calling  acpi_event_init+0x0/0x2c @ 1
[    5.147169] initcall acpi_event_init+0x0/0x2c returned 0 after 36 usecs
[    5.155158] calling  pnp_system_init+0x0/0xc @ 1
[    5.162786] initcall pnp_system_init+0x0/0xc returned 0 after 859 usecs
[    5.172388] calling  pnpacpi_init+0x0/0x69 @ 1
[    5.179074] pnp: PnP ACPI init
[    5.185565] pnp 00:00: Plug and Play ACPI device, IDs PNP0303 (active)
[    5.193204] pnp 00:01: Plug and Play ACPI device, IDs PNP0f13 (active)
[    5.201059] pnp 00:02: Plug and Play ACPI device, IDs PNP0400 (active)
[    5.208933] pnp 00:03: Plug and Play ACPI device, IDs PNP0501 (active)
[    5.216811] pnp 00:04: Plug and Play ACPI device, IDs PNP0b00 (active)
[    5.224838] system 00:05: [mem 0xb0000000-0xbfffffff window] has been reserved
[    5.233522] system 00:05: Plug and Play ACPI device, IDs PNP0c01 (active)
[    5.243321] pnp: PnP ACPI: found 6 devices
[    5.248358] initcall pnpacpi_init+0x0/0x69 returned 0 after 67723 usecs
[    5.256463] calling  chr_dev_init+0x0/0x14d @ 1
[    5.361939] initcall chr_dev_init+0x0/0x14d returned 0 after 97628 usecs
[    5.370068] calling  firmware_class_init+0x0/0x14a @ 1
[    5.376529] initcall firmware_class_init+0x0/0x14a returned 0 after 70 usecs
[    5.385042] calling  init_pcmcia_bus+0x0/0x5b @ 1
[    5.390929] initcall init_pcmcia_bus+0x0/0x5b returned 0 after 154 usecs
[    5.399002] calling  init_acpi_pm_clocksource+0x0/0xda @ 1
[    5.411544] clocksource: acpi_pm: mask: 0xffffff max_cycles: 0xffffff, max_idle_ns: 2085701024 ns
[    5.423321] initcall init_acpi_pm_clocksource+0x0/0xda returned 0 after 17203 usecs
[    5.432987] calling  sysctl_core_init+0x0/0x26 @ 1
[    5.439232] initcall sysctl_core_init+0x0/0x26 returned 0 after 260 usecs
[    5.447650] calling  eth_offload_init+0x0/0x13 @ 1
[    5.453565] initcall eth_offload_init+0x0/0x13 returned 0 after 77 usecs
[    5.461646] calling  ipv4_offload_init+0x0/0x73 @ 1
[    5.467986] initcall ipv4_offload_init+0x0/0x73 returned 0 after 75 usecs
[    5.476095] calling  inet_init+0x0/0x276 @ 1
[    5.481689] NET: Registered protocol family 2
[    5.487987] IP idents hash table entries: 8192 (order: 4, 65536 bytes, linear)
[    5.500805] tcp_listen_portaddr_hash hash table entries: 256 (order: 2, 20480 bytes, linear)
[    5.511900] TCP established hash table entries: 4096 (order: 3, 32768 bytes, linear)
[    5.521657] TCP bind hash table entries: 4096 (order: 6, 294912 bytes, linear)
[    5.532176] TCP: Hash tables configured (established 4096 bind 4096)
[    5.540439] UDP hash table entries: 256 (order: 3, 40960 bytes, linear)
[    5.548507] UDP-Lite hash table entries: 256 (order: 3, 40960 bytes, linear)
[    5.558129] initcall inet_init+0x0/0x276 returned 0 after 74827 usecs
[    5.565770] calling  af_unix_init+0x0/0x4d @ 1
[    5.572189] NET: Registered protocol family 1
[    5.578907] initcall af_unix_init+0x0/0x4d returned 0 after 6578 usecs
[    5.588705] calling  ipv6_offload_init+0x0/0x7e @ 1
[    5.596216] initcall ipv6_offload_init+0x0/0x7e returned 0 after 65 usecs
[    5.604935] calling  init_sunrpc+0x0/0x65 @ 1
[    5.617196] RPC: Registered named UNIX socket transport module.
[    5.625847] RPC: Registered udp transport module.
[    5.631725] RPC: Registered tcp transport module.
[    5.637599] RPC: Registered tcp NFSv4.1 backchannel transport module.
[    5.645481] initcall init_sunrpc+0x0/0x65 returned 0 after 34336 usecs
[    5.653664] calling  cfg80211_init+0x0/0xc5 @ 1
[    5.661913] initcall cfg80211_init+0x0/0xc5 returned 0 after 2384 usecs
[    5.670180] calling  pcibios_assign_resources+0x0/0xbf @ 1
[    5.677310] pci_bus 0000:00: resource 4 [io  0x0000-0x0cf7 window]
[    5.685290] pci_bus 0000:00: resource 5 [io  0x0d00-0xffff window]
[    5.692350] pci_bus 0000:00: resource 6 [mem 0x000a0000-0x000bffff window]
[    5.700651] pci_bus 0000:00: resource 7 [mem 0x20000000-0xafffffff window]
[    5.708696] pci_bus 0000:00: resource 8 [mem 0xc0000000-0xfebfffff window]
[    5.716677] pci_bus 0000:00: resource 9 [mem 0x100000000-0x8ffffffff window]
[    5.725176] initcall pcibios_assign_resources+0x0/0xbf returned 0 after 46883 usecs
[    5.734382] calling  pci_apply_final_quirks+0x0/0x124 @ 1
[    5.741257] pci 0000:00:01.0: calling  pci_fixup_video+0x0/0xe0 @ 1
[    5.749710] pci 0000:00:01.0: Video device with shadowed ROM at [mem 0x000c0000-0x000dffff]
[    5.762451] pci 0000:00:01.0: pci_fixup_video+0x0/0xe0 took 13423 usecs
[    5.773075] PCI: CLS 0 bytes, default 64
[    5.779159] initcall pci_apply_final_quirks+0x0/0x124 returned 0 after 37427 usecs
[    5.790828] calling  acpi_reserve_resources+0x0/0xea @ 1
[    5.797248] initcall acpi_reserve_resources+0x0/0xea returned 0 after 8 usecs
[    5.805890] calling  populate_rootfs+0x0/0x102 @ 1
[    5.813568] initcall populate_rootfs+0x0/0x102 returned 0 after 1887 usecs
[    5.822620] calling  pci_iommu_init+0x0/0x3e @ 1
[    5.828934] initcall pci_iommu_init+0x0/0x3e returned 0 after 48 usecs
[    5.836869] calling  ia32_binfmt_init+0x0/0x13 @ 1
[    5.842721] initcall ia32_binfmt_init+0x0/0x13 returned 0 after 10 usecs
[    5.850999] calling  rapl_pmu_init+0x0/0x267 @ 1
[    5.856799] initcall rapl_pmu_init+0x0/0x267 returned -19 after 45 usecs
[    5.865295] calling  amd_uncore_init+0x0/0x310 @ 1
[    5.871186] initcall amd_uncore_init+0x0/0x310 returned -19 after 0 usecs
[    5.879496] calling  amd_ibs_init+0x0/0x27b @ 1
[    5.886007] initcall amd_ibs_init+0x0/0x27b returned -19 after 0 usecs
[    5.895872] calling  amd_iommu_pc_init+0x0/0x22c @ 1
[    5.903490] initcall amd_iommu_pc_init+0x0/0x22c returned -19 after 64 usecs
[    5.913630] calling  msr_init+0x0/0x55 @ 1
[    5.918872] initcall msr_init+0x0/0x55 returned 0 after 189 usecs
[    5.926228] calling  intel_uncore_init+0x0/0x36f @ 1
[    5.932749] initcall intel_uncore_init+0x0/0x36f returned -19 after 28 usecs
[    5.941454] calling  cstate_pmu_init+0x0/0x1a1 @ 1
[    5.948610] initcall cstate_pmu_init+0x0/0x1a1 returned -19 after 3 usecs
[    5.957191] calling  register_kernel_offset_dumper+0x0/0x1a @ 1
[    5.964863] initcall register_kernel_offset_dumper+0x0/0x1a returned 0 after 2 usecs
[    5.974886] calling  i8259A_init_ops+0x0/0x20 @ 1
[    5.980856] initcall i8259A_init_ops+0x0/0x20 returned 0 after 2 usecs
[    5.989166] calling  init_tsc_clocksource+0x0/0xa4 @ 1
[    5.995752] clocksource: tsc: mask: 0xffffffffffffffff max_cycles: 0x39a85afc727, max_idle_ns: 881590685098 ns
[    6.008439] initcall init_tsc_clocksource+0x0/0xa4 returned 0 after 12387 usecs
[    6.017780] calling  add_rtc_cmos+0x0/0xb0 @ 1
[    6.023577] initcall add_rtc_cmos+0x0/0xb0 returned 0 after 2 usecs
[    6.031575] calling  i8237A_init_ops+0x0/0x3a @ 1
[    6.037692] initcall i8237A_init_ops+0x0/0x3a returned 0 after 67 usecs
[    6.045961] calling  umwait_init+0x0/0x94 @ 1
[    6.051813] initcall umwait_init+0x0/0x94 returned -19 after 0 usecs
[    6.059969] calling  thermal_throttle_init_device+0x0/0x3d @ 1
[    6.067623] initcall thermal_throttle_init_device+0x0/0x3d returned 0 after 33 usecs
[    6.077618] calling  msr_init+0x0/0xd7 @ 1
[    6.086886] initcall msr_init+0x0/0xd7 returned 0 after 3707 usecs
[    6.094913] calling  cpuid_init+0x0/0xd7 @ 1
[    6.103036] initcall cpuid_init+0x0/0xd7 returned 0 after 2481 usecs
[    6.112740] calling  ioapic_init_ops+0x0/0x13 @ 1
[    6.118425] initcall ioapic_init_ops+0x0/0x13 returned 0 after 3 usecs
[    6.126122] calling  add_pcspkr+0x0/0x6c @ 1
[    6.133891] initcall add_pcspkr+0x0/0x6c returned 0 after 432 usecs
[    6.142317] calling  start_periodic_check_for_corruption+0x0/0x30 @ 1
[    6.150776] check: Scanning for low memory corruption every 60 seconds
[    6.159740] initcall start_periodic_check_for_corruption+0x0/0x30 returned 0 after 8756 usecs
[    6.173139] calling  sysfb_init+0x0/0x9c @ 1
[    6.179678] initcall sysfb_init+0x0/0x9c returned 0 after 207 usecs
[    6.188331] calling  audit_classes_init+0x0/0xae @ 1
[    6.195697] initcall audit_classes_init+0x0/0xae returned 0 after 30 usecs
[    6.204089] calling  iosf_mbi_init+0x0/0x24 @ 1
[    6.211038] initcall iosf_mbi_init+0x0/0x24 returned 0 after 381 usecs
[    6.219753] calling  proc_execdomains_init+0x0/0x21 @ 1
[    6.226788] initcall proc_execdomains_init+0x0/0x21 returned 0 after 30 usecs
[    6.236291] calling  register_warn_debugfs+0x0/0x23 @ 1
[    6.243928] initcall register_warn_debugfs+0x0/0x23 returned 0 after 30 usecs
[    6.254011] calling  cpuhp_sysfs_init+0x0/0x79 @ 1
[    6.260484] initcall cpuhp_sysfs_init+0x0/0x79 returned 0 after 173 usecs
[    6.269113] calling  ioresources_init+0x0/0x49 @ 1
[    6.275202] initcall ioresources_init+0x0/0x49 returned 0 after 11 usecs
[    6.284721] calling  lockdep_proc_init+0x0/0x64 @ 1
[    6.292809] initcall lockdep_proc_init+0x0/0x64 returned 0 after 44 usecs
[    6.303245] calling  snapshot_device_init+0x0/0xc @ 1
[    6.323197] initcall snapshot_device_init+0x0/0xc returned 0 after 5905 usecs
[    6.332215] calling  irq_pm_init_ops+0x0/0x13 @ 1
[    6.337988] initcall irq_pm_init_ops+0x0/0x13 returned 0 after 15 usecs
[    6.346261] calling  rcu_torture_init+0x0/0x9be @ 1
[    6.356856] tasks-rude-torture:--- Start of test: nreaders=1 nfakewriters=4 stat_interval=15 verbose=1 test_no_idle_hz=1 shuffle_interval=3 stutter=5 irqreader=1 fqs_duration=0 fqs_holdoff=0 fqs_stutter=3 test_boost=1/0 test_boost_interval=7 test_boost_duration=4 shutdown_secs=1800 stall_cpu=0 stall_cpu_holdoff=10 stall_cpu_irqsoff=0 stall_cpu_block=0 n_barrier_cbs=4 onoff_interval=1000 onoff_holdoff=30 read_exit_delay=13 read_exit_burst=16
[    6.405124] tasks-rude:  Start-test grace-period state: g0 f0x0
[    6.412520] tasks-rude-torture: Creating rcu_torture_writer task
[    6.424747] tasks-rude-torture: Creating rcu_torture_fakewriter task
[    6.425034] tasks-rude-torture: rcu_torture_writer task started
[    6.432775] tasks-rude-torture: Creating rcu_torture_fakewriter task
[    6.440090] tasks-rude-torture: GP expediting controlled from boot/sysfs for tasks-rude.
[    6.447722] tasks-rude-torture: rcu_torture_fakewriter task started
[    6.457838] rcu_torture_writer: Testing expedited GPs.
[    6.465782] tasks-rude-torture: Creating rcu_torture_fakewriter task
[    6.472818] rcu_torture_writer: Testing asynchronous GPs.
[    6.481568] tasks-rude-torture: rcu_torture_fakewriter task started
[    6.488006] rcu_torture_writer: Testing normal GPs.
[    6.495763] tasks-rude-torture: Creating rcu_torture_fakewriter task
[    6.502885] tasks-rude-torture: rcu_torture_fakewriter task started
[    6.511755] tasks-rude-torture: Creating rcu_torture_reader task
[    6.520828] tasks-rude-torture: rcu_torture_fakewriter task started
[    6.532552] tasks-rude-torture: Creating rcu_torture_stats task
[    6.537081] tasks-rude-torture: rcu_torture_reader task started
[    6.543635] tasks-rude-torture: Creating torture_shuffle task
[    6.551496] tasks-rude-torture: rcu_torture_stats task started
[    6.558476] tasks-rude-torture: Creating torture_stutter task
[    6.558709] tasks-rude-torture: torture_shuffle task started
[    6.580178] tasks-rude-torture: torture_stutter task started
[    6.580300] tasks-rude-torture: Creating torture_shutdown task
[    6.596835] tasks-rude-torture: Creating torture_onoff task
[    6.597686] tasks-rude-torture: torture_shutdown task started
[    6.605024] tasks-rude-torture: rcu_torture_fwd_prog_init: Disabled, unsupported by RCU flavor under test
[    6.611818] tasks-rude-torture:torture_shutdown task: 1799968 ms remaining
[    6.624002] tasks-rude-torture: torture_onoff task started
[    6.624005] tasks-rude-torture: torture_onoff begin holdoff
[    6.624014] tasks-rude-torture: Creating rcu_torture_barrier_cbs task
[    6.624325] tasks-rude-torture: Creating rcu_torture_barrier_cbs task
[    6.634609] tasks-rude-torture: rcu_torture_barrier_cbs task started
[    6.641957] tasks-rude-torture: Creating rcu_torture_barrier_cbs task
[    6.650565] tasks-rude-torture: rcu_torture_barrier_cbs task started
[    6.658805] tasks-rude-torture: Creating rcu_torture_barrier_cbs task
[    6.666897] tasks-rude-torture: rcu_torture_barrier_cbs task started
[    6.714564] tasks-rude-torture: Creating rcu_torture_barrier task
[    6.714571] tasks-rude-torture: rcu_torture_barrier_cbs task started
[    6.723111] tasks-rude-torture: Creating rcu_torture_read_exit task
[    6.732677] tasks-rude-torture: rcu_torture_barrier task starting
[    6.742811] initcall rcu_torture_init+0x0/0x9be returned 0 after 381371 usecs
[    6.762057] tasks-rude-torture: rcu_torture_read_exit: Start of test
[    6.770533] calling  timekeeping_init_ops+0x0/0x13 @ 1
[    6.777256] initcall timekeeping_init_ops+0x0/0x13 returned 0 after 21 usecs
[    6.786126] calling  init_clocksource_sysfs+0x0/0x23 @ 1
[    6.793698] initcall init_clocksource_sysfs+0x0/0x23 returned 0 after 518 usecs
[    6.803389] calling  init_timer_list_procfs+0x0/0x31 @ 1
[    6.813071] initcall init_timer_list_procfs+0x0/0x31 returned 0 after 2511 usecs
[    6.822852] calling  alarmtimer_init+0x0/0xf5 @ 1
[    6.829588] initcall alarmtimer_init+0x0/0xf5 returned 0 after 464 usecs
[    6.838458] calling  init_posix_timers+0x0/0x29 @ 1
[    6.844941] initcall init_posix_timers+0x0/0x29 returned 0 after 76 usecs
[    6.854478] calling  clockevents_init_sysfs+0x0/0xbf @ 1
[    6.862595] initcall clockevents_init_sysfs+0x0/0xbf returned 0 after 464 usecs
[    6.873731] calling  proc_dma_init+0x0/0x21 @ 1
[    6.879788] initcall proc_dma_init+0x0/0x21 returned 0 after 70 usecs
[    6.889100] calling  proc_modules_init+0x0/0x1e @ 1
[    6.896205] initcall proc_modules_init+0x0/0x1e returned 0 after 13 usecs
[    6.905814] calling  kallsyms_init+0x0/0x21 @ 1
[    6.911592] initcall kallsyms_init+0x0/0x21 returned 0 after 10 usecs
[    6.919943] calling  pid_namespaces_init+0x0/0x2c @ 1
[    6.926877] initcall pid_namespaces_init+0x0/0x2c returned 0 after 24 usecs
[    6.936219] calling  audit_watch_init+0x0/0x37 @ 1
[    6.942837] initcall audit_watch_init+0x0/0x37 returned 0 after 4 usecs
[    6.951994] calling  audit_fsnotify_init+0x0/0x37 @ 1
[    6.959136] initcall audit_fsnotify_init+0x0/0x37 returned 0 after 3 usecs
[    6.970101] calling  audit_tree_init+0x0/0x6d @ 1
[    6.976652] initcall audit_tree_init+0x0/0x6d returned 0 after 134 usecs
[    6.985773] calling  seccomp_sysctl_init+0x0/0x2b @ 1
[    6.993962] initcall seccomp_sysctl_init+0x0/0x2b returned 0 after 694 usecs
[    7.005769] calling  utsname_sysctl_init+0x0/0x13 @ 1
[    7.014270] initcall utsname_sysctl_init+0x0/0x13 returned 0 after 51 usecs
[    7.025663] calling  init_tracepoints+0x0/0x27 @ 1
[    7.033849] initcall init_tracepoints+0x0/0x27 returned 0 after 67 usecs
[    7.044995] calling  init_blk_tracer+0x0/0x50 @ 1
[    7.053997] initcall init_blk_tracer+0x0/0x50 returned 0 after 1335 usecs
[    7.063251] calling  perf_event_sysfs_init+0x0/0x83 @ 1
[    7.072366] initcall perf_event_sysfs_init+0x0/0x83 returned 0 after 2271 usecs
[    7.081831] calling  system_trusted_keyring_init+0x0/0x60 @ 1
[    7.089440] Initialise system trusted keyrings
[    7.096014] initcall system_trusted_keyring_init+0x0/0x60 returned 0 after 6416 usecs
[    7.106262] calling  kswapd_init+0x0/0x5c @ 1
[    7.113616] initcall kswapd_init+0x0/0x5c returned 0 after 1303 usecs
[    7.122743] calling  extfrag_debug_init+0x0/0x54 @ 1
[    7.129945] initcall extfrag_debug_init+0x0/0x54 returned 0 after 482 usecs
[    7.139096] calling  mm_compute_batch_init+0x0/0x12 @ 1
[    7.146020] initcall mm_compute_batch_init+0x0/0x12 returned 0 after 17 usecs
[    7.155528] calling  slab_proc_init+0x0/0x21 @ 1
[    7.161877] initcall slab_proc_init+0x0/0x21 returned 0 after 26 usecs
[    7.170380] calling  workingset_init+0x0/0x8c @ 1
[    7.176622] workingset: timestamp_bits=56 max_order=17 bucket_order=0
[    7.185267] initcall workingset_init+0x0/0x8c returned 0 after 8454 usecs
[    7.194176] calling  proc_vmalloc_init+0x0/0x32 @ 1
[    7.200679] initcall proc_vmalloc_init+0x0/0x32 returned 0 after 10 usecs
[    7.209783] calling  procswaps_init+0x0/0x1e @ 1
[    7.215957] initcall procswaps_init+0x0/0x1e returned 0 after 58 usecs
[    7.224385] calling  slab_sysfs_init+0x0/0xec @ 1
[    7.246185] initcall slab_sysfs_init+0x0/0xec returned 0 after 15006 usecs
[    7.255291] calling  fcntl_init+0x0/0x29 @ 1
[    7.261256] initcall fcntl_init+0x0/0x29 returned 0 after 160 usecs
[    7.269608] calling  proc_filesystems_init+0x0/0x21 @ 1
[    7.276560] initcall proc_filesystems_init+0x0/0x21 returned 0 after 11 usecs
[    7.286163] calling  start_dirtytime_writeback+0x0/0x29 @ 1
[    7.294361] initcall start_dirtytime_writeback+0x0/0x29 returned 0 after 3 usecs
[    7.304810] calling  blkdev_init+0x0/0x1b @ 1
[    7.312769] initcall blkdev_init+0x0/0x1b returned 0 after 1616 usecs
[    7.322762] calling  dio_init+0x0/0x2c @ 1
[    7.329182] initcall dio_init+0x0/0x2c returned 0 after 159 usecs
[    7.338467] calling  dnotify_init+0x0/0x78 @ 1
[    7.346751] initcall dnotify_init+0x0/0x78 returned 0 after 1054 usecs
[    7.356885] calling  aio_setup+0x0/0x78 @ 1
[    7.365332] initcall aio_setup+0x0/0x78 returned 0 after 1393 usecs
[    7.374553] calling  io_uring_init+0x0/0x2c @ 1
[    7.381192] initcall io_uring_init+0x0/0x2c returned 0 after 14 usecs
[    7.390556] calling  mbcache_init+0x0/0x30 @ 1
[    7.397093] initcall mbcache_init+0x0/0x30 returned 0 after 143 usecs
[    7.406041] calling  init_grace+0x0/0xc @ 1
[    7.412094] initcall init_grace+0x0/0xc returned 0 after 130 usecs
[    7.420578] calling  init_v2_quota_format+0x0/0x21 @ 1
[    7.428160] initcall init_v2_quota_format+0x0/0x21 returned 0 after 210 usecs
[    7.437952] calling  init_devpts_fs+0x0/0x27 @ 1
[    7.445017] initcall init_devpts_fs+0x0/0x27 returned 0 after 482 usecs
[    7.453793] calling  ext4_init_fs+0x0/0x1c2 @ 1
[    7.462918] initcall ext4_init_fs+0x0/0x1c2 returned 0 after 2623 usecs
[    7.472073] calling  journal_init+0x0/0x11c @ 1
[    7.479165] initcall journal_init+0x0/0x11c returned 0 after 273 usecs
[    7.489116] calling  init_fat_fs+0x0/0x49 @ 1
[    7.496226] initcall init_fat_fs+0x0/0x49 returned 0 after 304 usecs
[    7.505638] calling  init_vfat_fs+0x0/0xc @ 1
[    7.512575] initcall init_vfat_fs+0x0/0xc returned 0 after 41 usecs
[    7.521888] calling  init_msdos_fs+0x0/0xc @ 1
[    7.528784] initcall init_msdos_fs+0x0/0xc returned 0 after 5 usecs
[    7.538480] calling  init_iso9660_fs+0x0/0x6c @ 1
[    7.561421] initcall init_iso9660_fs+0x0/0x6c returned 0 after 7721 usecs
[    7.573824] calling  init_nfs_fs+0x0/0x13a @ 1
[    7.594540] initcall init_nfs_fs+0x0/0x13a returned 0 after 12824 usecs
[    7.604269] calling  init_nfs_v2+0x0/0x13 @ 1
[    7.613742] initcall init_nfs_v2+0x0/0x13 returned 0 after 3035 usecs
[    7.623244] calling  init_nfs_v3+0x0/0x13 @ 1
[    7.631266] initcall init_nfs_v3+0x0/0x13 returned 0 after 2 usecs
[    7.641434] calling  init_nfs_v4+0x0/0x32 @ 1
[    7.649012] NFS: Registering the id_resolver key type
[    7.656832] Key type id_resolver registered
[    7.663729] Key type id_legacy registered
[    7.670743] initcall init_nfs_v4+0x0/0x32 returned 0 after 21443 usecs
[    7.681968] calling  init_nlm+0x0/0x5b @ 1
[    7.689561] initcall init_nlm+0x0/0x5b returned 0 after 345 usecs
[    7.698547] calling  init_nls_cp437+0x0/0xe @ 1
[    7.705166] initcall init_nls_cp437+0x0/0xe returned 0 after 123 usecs
[    7.714142] calling  init_nls_ascii+0x0/0xe @ 1
[    7.720476] initcall init_nls_ascii+0x0/0xe returned 0 after 1 usecs
[    7.729167] calling  init_nls_iso8859_1+0x0/0xe @ 1
[    7.736398] initcall init_nls_iso8859_1+0x0/0xe returned 0 after 1 usecs
[    7.746487] calling  init_nls_utf8+0x0/0x21 @ 1
[    7.753478] initcall init_nls_utf8+0x0/0x21 returned 0 after 2 usecs
[    7.762881] calling  init_autofs_fs+0x0/0x25 @ 1
[    7.773901] initcall init_autofs_fs+0x0/0x25 returned 0 after 4303 usecs
[    7.784042] calling  ipc_init+0x0/0x24 @ 1
[    7.790829] initcall ipc_init+0x0/0x24 returned 0 after 290 usecs
[    7.800516] calling  ipc_sysctl_init+0x0/0x13 @ 1
[    7.808817] initcall ipc_sysctl_init+0x0/0x13 returned 0 after 42 usecs
[    7.820168] calling  init_mqueue_fs+0x0/0xb1 @ 1
[    7.832886] initcall init_mqueue_fs+0x0/0xb1 returned 0 after 4735 usecs
[    7.844063] calling  key_proc_init+0x0/0x63 @ 1
[    7.851417] initcall key_proc_init+0x0/0x63 returned 0 after 35 usecs
[    7.861290] calling  selinux_nf_ip_init+0x0/0x2e @ 1
[    7.868741] initcall selinux_nf_ip_init+0x0/0x2e returned 0 after 110 usecs
[    7.878888] calling  init_sel_fs+0x0/0x116 @ 1
[    7.885496] initcall init_sel_fs+0x0/0x116 returned 0 after 0 usecs
[    7.894810] calling  selnl_init+0x0/0x7c @ 1
[    7.901901] initcall selnl_init+0x0/0x7c returned 0 after 401 usecs
[    7.911809] calling  sel_netif_init+0x0/0x36 @ 1
[    7.919220] initcall sel_netif_init+0x0/0x36 returned 0 after 1 usecs
[    7.929028] calling  sel_netnode_init+0x0/0x33 @ 1
[    7.937136] initcall sel_netnode_init+0x0/0x33 returned 0 after 226 usecs
[    7.947203] calling  sel_netport_init+0x0/0x33 @ 1
[    7.954469] initcall sel_netport_init+0x0/0x33 returned 0 after 1 usecs
[    7.964767] calling  aurule_init+0x0/0x2a @ 1
[    7.971488] initcall aurule_init+0x0/0x2a returned 0 after 3 usecs
[    7.980889] calling  crypto_algapi_init+0x0/0xc @ 1
[    7.988163] initcall crypto_algapi_init+0x0/0xc returned 0 after 39 usecs
[    7.998308] calling  jent_mod_init+0x0/0x2d @ 1
[    8.018477] initcall jent_mod_init+0x0/0x2d returned 0 after 12873 usecs
[    8.028885] calling  asymmetric_key_init+0x0/0xc @ 1
[    8.036785] Key type asymmetric registered
[    8.043219] initcall asymmetric_key_init+0x0/0xc returned 0 after 6301 usecs
[    8.053975] calling  x509_key_init+0x0/0xc @ 1
[    8.062081] Asymmetric key parser 'x509' registered
[    8.070298] initcall x509_key_init+0x0/0xc returned 0 after 8836 usecs
[    8.080771] calling  proc_genhd_init+0x0/0x41 @ 1
[    8.088031] initcall proc_genhd_init+0x0/0x41 returned 0 after 69 usecs
[    8.098304] calling  bsg_init+0x0/0x113 @ 1
[    8.105100] Block layer SCSI generic (bsg) driver version 0.4 loaded (major 251)
[    8.116717] initcall bsg_init+0x0/0x113 returned 0 after 11608 usecs
[    8.126584] calling  deadline_init+0x0/0xc @ 1
[    8.134868] io scheduler mq-deadline registered
[    8.142870] initcall deadline_init+0x0/0xc returned 0 after 8097 usecs
[    8.154020] calling  kyber_init+0x0/0xc @ 1
[    8.161324] io scheduler kyber registered
[    8.168100] initcall kyber_init+0x0/0xc returned 0 after 6635 usecs
[    8.180605] calling  mod_init+0x0/0x7 @ 1
[    8.187203] initcall mod_init+0x0/0x7 returned 0 after 0 usecs
[    8.197672] calling  percpu_counter_startup+0x0/0x55 @ 1
[    8.208130] initcall percpu_counter_startup+0x0/0x55 returned 0 after 2178 usecs
[    8.219780] calling  sg_pool_init+0x0/0xb4 @ 1
[    8.228251] initcall sg_pool_init+0x0/0xb4 returned 0 after 1306 usecs
[    8.239143] calling  pcie_portdrv_init+0x0/0x39 @ 1
[    8.248658] initcall pcie_portdrv_init+0x0/0x39 returned 0 after 1407 usecs
[    8.260732] calling  pci_proc_init+0x0/0x68 @ 1
[    8.268724] initcall pci_proc_init+0x0/0x68 returned 0 after 422 usecs
[    8.279067] calling  pci_hotplug_init+0x0/0x7 @ 1
[    8.286989] initcall pci_hotplug_init+0x0/0x7 returned 0 after 20 usecs
[    8.298077] calling  efifb_driver_init+0x0/0xe @ 1
[    8.306971] initcall efifb_driver_init+0x0/0xe returned 0 after 424 usecs
[    8.319017] calling  ged_driver_init+0x0/0xe @ 1
[    8.326979] initcall ged_driver_init+0x0/0xe returned 0 after 209 usecs
[    8.337839] calling  acpi_ac_init+0x0/0x92 @ 1
[    8.345912] initcall acpi_ac_init+0x0/0x92 returned 0 after 805 usecs
[    8.356405] calling  acpi_button_driver_init+0x0/0x52 @ 1
[    8.370641] input: Power Button as /devices/LNXSYSTM:00/LNXPWRBN:00/input/input0
[    8.389739] ACPI: Power Button [PWRF]
[    8.398058] initcall acpi_button_driver_init+0x0/0x52 returned 0 after 31367 usecs
[    8.410087] calling  acpi_fan_driver_init+0x0/0xe @ 1
[    8.418889] initcall acpi_fan_driver_init+0x0/0xe returned 0 after 54 usecs
[    8.430386] calling  acpi_video_init+0x0/0xcb @ 1
[    8.438116] initcall acpi_video_init+0x0/0xcb returned 0 after 553 usecs
[    8.449062] calling  acpi_processor_driver_init+0x0/0xad @ 1
[    8.461908] initcall acpi_processor_driver_init+0x0/0xad returned 0 after 2685 usecs
[    8.474113] calling  acpi_thermal_init+0x0/0x71 @ 1
[    8.484313] initcall acpi_thermal_init+0x0/0x71 returned 0 after 2492 usecs
[    8.495423] calling  acpi_battery_init+0x0/0x32 @ 1
[    8.504196] initcall acpi_battery_init+0x0/0x32 returned 0 after 515 usecs
[    8.515230] calling  bgrt_init+0x0/0xb6 @ 1
[    8.523019] initcall bgrt_init+0x0/0xb6 returned -19 after 33 usecs
[    8.533857] calling  gpio_clk_driver_init+0x0/0xe @ 1
[    8.542821] initcall gpio_clk_driver_init+0x0/0xe returned 0 after 135 usecs
[    8.554304] calling  plt_clk_driver_init+0x0/0xe @ 1
[    8.562853] initcall plt_clk_driver_init+0x0/0xe returned 0 after 59 usecs
[    8.573981] calling  virtio_pci_driver_init+0x0/0x15 @ 1
[    8.583096] initcall virtio_pci_driver_init+0x0/0x15 returned 0 after 118 usecs
[    8.595041] calling  n_null_init+0x0/0x1e @ 1
[    8.602659] initcall n_null_init+0x0/0x1e returned 0 after 106 usecs
[    8.612755] calling  pty_init+0x0/0x1e8 @ 1
[    8.624701] initcall pty_init+0x0/0x1e8 returned 0 after 4844 usecs
[    8.635042] calling  sysrq_init+0x0/0x62 @ 1
[    8.641991] initcall sysrq_init+0x0/0x62 returned 0 after 11 usecs
[    8.651043] calling  serial8250_init+0x0/0x17e @ 1
[    8.657844] Serial: 8250/16550 driver, 4 ports, IRQ sharing enabled
[    8.671556] 00:03: ttyS0 at I/O 0x3f8 (irq = 4, base_baud = 115200) is a 16550A
[    8.691975] initcall serial8250_init+0x0/0x17e returned 0 after 33481 usecs
[    8.702646] calling  serial_pci_driver_init+0x0/0x15 @ 1
[    8.710870] initcall serial_pci_driver_init+0x0/0x15 returned 0 after 266 usecs
[    8.722873] calling  exar_pci_driver_init+0x0/0x15 @ 1
[    8.730810] initcall exar_pci_driver_init+0x0/0x15 returned 0 after 97 usecs
[    8.743153] calling  lpss8250_pci_driver_init+0x0/0x15 @ 1
[    8.752782] initcall lpss8250_pci_driver_init+0x0/0x15 returned 0 after 86 usecs
[    8.764939] calling  mid8250_pci_driver_init+0x0/0x15 @ 1
[    8.774445] initcall mid8250_pci_driver_init+0x0/0x15 returned 0 after 193 usecs
[    8.786001] calling  virtio_console_init+0x0/0xff @ 1
[    8.795084] initcall virtio_console_init+0x0/0xff returned 0 after 1342 usecs
[    8.806262] calling  hpet_init+0x0/0x64 @ 1
[    8.816089] initcall hpet_init+0x0/0x64 returned 0 after 2702 usecs
[    8.825919] calling  nvram_module_init+0x0/0x83 @ 1
[    8.835699] Non-volatile memory driver v1.3
[    8.842559] initcall nvram_module_init+0x0/0x83 returned 0 after 8728 usecs
[    8.854052] calling  hwrng_modinit+0x0/0x8a @ 1
[    8.863901] initcall hwrng_modinit+0x0/0x8a returned 0 after 2320 usecs
[    8.873377] calling  mod_init+0x0/0x48 @ 1
[    8.879879] initcall mod_init+0x0/0x48 returned -19 after 0 usecs
[    8.889128] calling  agp_init+0x0/0x23 @ 1
[    8.896180] Linux agpgart interface v0.103
[    8.903290] initcall agp_init+0x0/0x23 returned 0 after 6938 usecs
[    8.913201] calling  agp_amd64_mod_init+0x0/0x5 @ 1
[    8.921211] initcall agp_amd64_mod_init+0x0/0x5 returned -19 after 756 usecs
[    8.932994] calling  agp_intel_init+0x0/0x28 @ 1
[    8.941998] initcall agp_intel_init+0x0/0x28 returned 0 after 1379 usecs
[    8.952729] calling  drm_kms_helper_init+0x0/0x7 @ 1
[    8.961948] initcall drm_kms_helper_init+0x0/0x7 returned 0 after 450 usecs
[    8.973182] calling  drm_core_init+0x0/0xbd @ 1
[    8.981706] initcall drm_core_init+0x0/0xbd returned 0 after 1010 usecs
[    8.992500] calling  i915_init+0x0/0x6b @ 1
[    9.002931] initcall i915_init+0x0/0x6b returned 0 after 3010 usecs
[    9.013894] calling  cn_proc_init+0x0/0x35 @ 1
[    9.021890] initcall cn_proc_init+0x0/0x35 returned 0 after 89 usecs
[    9.032610] calling  topology_sysfs_init+0x0/0x27 @ 1
[    9.041169] initcall topology_sysfs_init+0x0/0x27 returned 0 after 326 usecs
[    9.052194] calling  cacheinfo_sysfs_init+0x0/0x27 @ 1
[    9.063920] initcall cacheinfo_sysfs_init+0x0/0x27 returned 0 after 3323 usecs
[    9.075826] calling  loop_init+0x0/0x16a @ 1
[    9.195134] loop: module loaded
[    9.201905] initcall loop_init+0x0/0x16a returned 0 after 116259 usecs
[    9.213678] calling  mac_hid_init+0x0/0x21 @ 1
[    9.221783] initcall mac_hid_init+0x0/0x21 returned 0 after 69 usecs
[    9.232613] calling  spi_transport_init+0x0/0x74 @ 1
[    9.242541] initcall spi_transport_init+0x0/0x74 returned 0 after 735 usecs
[    9.253064] calling  init_sd+0x0/0x18c @ 1
[    9.259855] initcall init_sd+0x0/0x18c returned 0 after 592 usecs
[    9.268652] calling  init_sr+0x0/0x43 @ 1
[    9.274587] initcall init_sr+0x0/0x43 returned 0 after 164 usecs
[    9.283134] calling  init_sg+0x0/0x1c0 @ 1
[    9.289714] initcall init_sg+0x0/0x1c0 returned 0 after 364 usecs
[    9.299733] calling  ahci_pci_driver_init+0x0/0x15 @ 1
[    9.309112] ahci 0000:00:1f.2: version 3.0
[    9.321985] PCI Interrupt Link [GSIA] enabled at IRQ 16
[    9.356994] ahci 0000:00:1f.2: AHCI 0001.0000 32 slots 6 ports 1.5 Gbps 0x3f impl SATA mode
[    9.369951] ahci 0000:00:1f.2: flags: 64bit ncq only 
[    9.488649] scsi host0: ahci
[    9.506676] scsi host1: ahci
[    9.519734] scsi host2: ahci
[    9.533540] scsi host3: ahci
[    9.552766] scsi host4: ahci
[    9.569801] scsi host5: ahci
[    9.579161] ata1: SATA max UDMA/133 abar m4096@0xfebf1000 port 0xfebf1100 irq 24
[    9.591982] ata2: SATA max UDMA/133 abar m4096@0xfebf1000 port 0xfebf1180 irq 24
[    9.606201] ata3: SATA max UDMA/133 abar m4096@0xfebf1000 port 0xfebf1200 irq 24
[    9.618845] ata4: SATA max UDMA/133 abar m4096@0xfebf1000 port 0xfebf1280 irq 24
[    9.632037] ata5: SATA max UDMA/133 abar m4096@0xfebf1000 port 0xfebf1300 irq 24
[    9.644553] ata6: SATA max UDMA/133 abar m4096@0xfebf1000 port 0xfebf1380 irq 24
[    9.658324] initcall ahci_pci_driver_init+0x0/0x15 returned 0 after 341780 usecs
[    9.675168] calling  piix_init+0x0/0x26 @ 1
[    9.683017] initcall piix_init+0x0/0x26 returned 0 after 708 usecs
[    9.692490] calling  amd_pci_driver_init+0x0/0x15 @ 1
[    9.699825] initcall amd_pci_driver_init+0x0/0x15 returned 0 after 136 usecs
[    9.710511] calling  oldpiix_pci_driver_init+0x0/0x15 @ 1
[    9.720775] initcall oldpiix_pci_driver_init+0x0/0x15 returned 0 after 67 usecs
[    9.731845] calling  sch_pci_driver_init+0x0/0x15 @ 1
[    9.740450] initcall sch_pci_driver_init+0x0/0x15 returned 0 after 249 usecs
[    9.751522] calling  net_olddevs_init+0x0/0x55 @ 1
[    9.761024] initcall net_olddevs_init+0x0/0x55 returned 0 after 435 usecs
[    9.771878] calling  blackhole_netdev_init+0x0/0x78 @ 1
[    9.784785] initcall blackhole_netdev_init+0x0/0x78 returned 0 after 3639 usecs
[    9.794753] calling  phy_module_init+0x0/0x13 @ 1
[    9.804838] initcall phy_module_init+0x0/0x13 returned 0 after 3077 usecs
[    9.815219] calling  tg3_driver_init+0x0/0x15 @ 1
[    9.823344] initcall tg3_driver_init+0x0/0x15 returned 0 after 179 usecs
[    9.834390] calling  e100_init_module+0x0/0x4c @ 1
[    9.842184] e100: Intel(R) PRO/100 Network Driver
[    9.850546] e100: Copyright(c) 1999-2006 Intel Corporation
[    9.859583] initcall e100_init_module+0x0/0x4c returned 0 after 16989 usecs
[    9.870673] calling  e1000_init_module+0x0/0x72 @ 1
[    9.878660] e1000: Intel(R) PRO/1000 Network Driver
[    9.887833] e1000: Copyright (c) 1999-2006 Intel Corporation.
[    9.898196] initcall e1000_init_module+0x0/0x72 returned 0 after 19076 usecs
[    9.909922] calling  e1000_init_module+0x0/0x2d @ 1
[    9.918637] e1000e: Intel(R) PRO/1000 Network Driver
[    9.927750] e1000e: Copyright(c) 1999 - 2015 Intel Corporation.
[    9.937372] initcall e1000_init_module+0x0/0x2d returned 0 after 18560 usecs
[    9.948066] calling  sky2_init_module+0x0/0x21 @ 1
[    9.956154] sky2: driver version 1.30
[    9.962814] initcall sky2_init_module+0x0/0x21 returned 0 after 6502 usecs
[    9.969222] ata1: SATA link down (SStatus 0 SControl 300)
[    9.974567] calling  forcedeth_pci_driver_init+0x0/0x15 @ 1
[    9.989057] ata4: SATA link down (SStatus 0 SControl 300)
[    9.992835] initcall forcedeth_pci_driver_init+0x0/0x15 returned 0 after 220 usecs
[   10.006434] ata5: SATA link down (SStatus 0 SControl 300)
[   10.013240] calling  rtl8139_init_module+0x0/0x15 @ 1
[   10.065501] ata6: SATA link down (SStatus 0 SControl 300)
[   10.085497] initcall rtl8139_init_module+0x0/0x15 returned 0 after 28610 usecs
[   10.089765] ata2: SATA link down (SStatus 0 SControl 300)
[   10.099272] calling  rtl8169_pci_driver_init+0x0/0x15 @ 1
[   10.114192] ata3: SATA link up 1.5 Gbps (SStatus 113 SControl 300)
[   10.116982] initcall rtl8169_pci_driver_init+0x0/0x15 returned 0 after 816 usecs
[   10.141289] calling  cdrom_init+0x0/0xc @ 1
[   10.141821] ata3.00: ATAPI: QEMU DVD-ROM, 2.5+, max UDMA/100
[   10.149274] initcall cdrom_init+0x0/0xc returned 0 after 509 usecs
[   10.167694] ata3.00: applying bridge limits
[   10.169002] calling  nonstatic_sysfs_init+0x0/0xc @ 1
[   10.185366] initcall nonstatic_sysfs_init+0x0/0xc returned 0 after 124 usecs
[   10.198873] ata3.00: configured for UDMA/100
[   10.207597] calling  yenta_cardbus_driver_init+0x0/0x15 @ 1
[   10.217200] initcall yenta_cardbus_driver_init+0x0/0x15 returned 0 after 503 usecs
[   10.230913] calling  mon_init+0x0/0x144 @ 1
[   10.231556] scsi 2:0:0:0: CD-ROM            QEMU     QEMU DVD-ROM     2.5+ PQ: 0 ANSI: 5
[   10.243179] initcall mon_init+0x0/0x144 returned 0 after 5655 usecs
[   10.262871] calling  ehci_hcd_init+0x0/0x56 @ 1
[   10.271861] ehci_hcd: USB 2.0 'Enhanced' Host Controller (EHCI) Driver
[   10.282967] initcall ehci_hcd_init+0x0/0x56 returned 0 after 10962 usecs
[   10.295516] calling  ehci_pci_init+0x0/0x64 @ 1
[   10.303835] ehci-pci: EHCI PCI platform driver
[   10.312913] initcall ehci_pci_init+0x0/0x64 returned 0 after 8969 usecs
[   10.318441] sr 2:0:0:0: [sr0] scsi3-mmc drive: 4x/4x cd/rw xa/form2 tray
[   10.324755] calling  ohci_hcd_mod_init+0x0/0x4e @ 1
[   10.335550] cdrom: Uniform CD-ROM driver Revision: 3.20
[   10.343265] ohci_hcd: USB 1.1 'Open' Host Controller (OHCI) Driver
[   10.362789] initcall ohci_hcd_mod_init+0x0/0x4e returned 0 after 19129 usecs
[   10.375963] calling  ohci_pci_init+0x0/0x64 @ 1
[   10.384813] ohci-pci: OHCI PCI platform driver
[   10.394223] initcall ohci_pci_init+0x0/0x64 returned 0 after 9218 usecs
[   10.405541] calling  uhci_hcd_init+0x0/0xa8 @ 1
[   10.415525] sr 2:0:0:0: Attached scsi CD-ROM sr0
[   10.425968] uhci_hcd: USB Universal Host Controller Interface driver
[   10.427032] initcall uhci_hcd_init+0x0/0xa8 returned 0 after 9005 usecs
[   10.439254] sr 2:0:0:0: Attached scsi generic sg0 type 5
[   10.449198] calling  xhci_hcd_init+0x0/0x1e @ 1
[   10.465580] initcall xhci_hcd_init+0x0/0x1e returned 0 after 278 usecs
[   10.479652] calling  xhci_pci_init+0x0/0x49 @ 1
[   10.490905] initcall xhci_pci_init+0x0/0x49 returned 0 after 1858 usecs
[   10.504155] calling  usblp_driver_init+0x0/0x15 @ 1
[   10.513283] usbcore: registered new interface driver usblp
[   10.523364] initcall usblp_driver_init+0x0/0x15 returned 0 after 10415 usecs
[   10.534904] calling  usb_storage_driver_init+0x0/0x2a @ 1
[   10.544542] usbcore: registered new interface driver usb-storage
[   10.555487] initcall usb_storage_driver_init+0x0/0x2a returned 0 after 11768 usecs
[   10.567266] calling  i8042_init+0x0/0x4c2 @ 1
[   10.574802] i8042: PNP: PS/2 Controller [PNP0303:KBD,PNP0f13:MOU] at 0x60,0x64 irq 1,12
[   10.598680] serio: i8042 KBD port at 0x60,0x64 irq 1
[   10.607915] serio: i8042 AUX port at 0x60,0x64 irq 12
[   10.617787] initcall i8042_init+0x0/0x4c2 returned 0 after 43016 usecs
[   10.629224] calling  serport_init+0x0/0x2c @ 1
[   10.637076] initcall serport_init+0x0/0x2c returned 0 after 112 usecs
[   10.648222] calling  input_leds_init+0x0/0xc @ 1
[   10.656843] initcall input_leds_init+0x0/0xc returned 0 after 221 usecs
[   10.667786] calling  evdev_init+0x0/0xc @ 1
[   10.675142] initcall evdev_init+0x0/0xc returned 0 after 637 usecs
[   10.684825] calling  atkbd_init+0x0/0x21 @ 1
[   10.700725] initcall atkbd_init+0x0/0x21 returned 0 after 8264 usecs
[   10.711344] input: AT Translated Set 2 keyboard as /devices/platform/i8042/serio0/input/input1
[   10.724899] calling  psmouse_init+0x0/0x7f @ 1
[   10.736132] initcall psmouse_init+0x0/0x7f returned 0 after 4080 usecs
[   10.746835] calling  cmos_init+0x0/0x73 @ 1
[   10.757281] rtc_cmos 00:04: RTC can wake from S4
[   10.784019] rtc_cmos 00:04: registered as rtc0
[   10.799164] rtc_cmos 00:04: alarms up to one day, y3k, 242 bytes nvram, hpet irqs
[   10.811676] initcall cmos_init+0x0/0x73 returned 0 after 57356 usecs
[   10.822177] calling  smbalert_driver_init+0x0/0xe @ 1
[   10.834185] initcall smbalert_driver_init+0x0/0xe returned 0 after 3373 usecs
[   10.845823] calling  i2c_i801_init+0x0/0xc5 @ 1
[   10.893090] i801_smbus 0000:00:1f.3: SMBus using PCI interrupt
[   10.903065] i2c i2c-0: 1/1 memory slots populated (from DMI)
[   10.911423] i2c i2c-0: Memory type 0x07 not supported yet, not instantiating SPD
[   10.925143] initcall i2c_i801_init+0x0/0xc5 returned 0 after 62326 usecs
[   10.934770] calling  ptp_kvm_init+0x0/0xf0 @ 1
[   10.941884] initcall ptp_kvm_init+0x0/0xf0 returned 0 after 687 usecs
[   10.951072] calling  dm_init+0x0/0x3c @ 1
[   10.958558] device-mapper: ioctl: 4.43.0-ioctl (2020-10-01) initialised: dm-devel@redhat.com
[   10.973940] initcall dm_init+0x0/0x3c returned 0 after 16685 usecs
[   10.983463] calling  dm_mirror_init+0x0/0x29 @ 1
[   10.990809] initcall dm_mirror_init+0x0/0x29 returned 0 after 3 usecs
[   11.000827] calling  dm_dirty_log_init+0x0/0x4f @ 1
[   11.008933] initcall dm_dirty_log_init+0x0/0x4f returned 0 after 248 usecs
[   11.019889] calling  dm_zero_init+0x0/0x29 @ 1
[   11.026945] initcall dm_zero_init+0x0/0x29 returned 0 after 3 usecs
[   11.036215] calling  intel_pstate_init+0x0/0x512 @ 1
[   11.042944] intel_pstate: CPU model not supported
[   11.049069] initcall intel_pstate_init+0x0/0x512 returned -19 after 6031 usecs
[   11.058459] calling  haltpoll_init+0x0/0xc0 @ 1
[   11.064618] initcall haltpoll_init+0x0/0xc0 returned -19 after 35 usecs
[   11.074988] calling  efivars_sysfs_init+0x0/0x30 @ 1
[   11.082728] initcall efivars_sysfs_init+0x0/0x30 returned 0 after 73 usecs
[   11.092954] calling  esrt_sysfs_init+0x0/0x2a2 @ 1
[   11.100507] initcall esrt_sysfs_init+0x0/0x2a2 returned -38 after 387 usecs
[   11.110884] calling  hid_init+0x0/0x5c @ 1
[   11.118583] hid: raw HID events driver (C) Jiri Kosina
[   11.127976] initcall hid_init+0x0/0x5c returned 0 after 10406 usecs
[   11.137962] calling  hid_generic_init+0x0/0x15 @ 1
[   11.147788] initcall hid_generic_init+0x0/0x15 returned 0 after 514 usecs
[   11.158746] calling  a4_driver_init+0x0/0x15 @ 1
[   11.165780] initcall a4_driver_init+0x0/0x15 returned 0 after 294 usecs
[   11.183720] calling  apple_driver_init+0x0/0x15 @ 1
[   11.191673] initcall apple_driver_init+0x0/0x15 returned 0 after 448 usecs
[   11.201896] calling  belkin_driver_init+0x0/0x15 @ 1
[   11.210540] initcall belkin_driver_init+0x0/0x15 returned 0 after 1402 usecs
[   11.220368] calling  ch_driver_init+0x0/0x15 @ 1
[   11.227060] initcall ch_driver_init+0x0/0x15 returned 0 after 117 usecs
[   11.236114] calling  ch_driver_init+0x0/0x15 @ 1
[   11.243843] initcall ch_driver_init+0x0/0x15 returned 0 after 324 usecs
[   11.253460] calling  cp_driver_init+0x0/0x15 @ 1
[   11.261253] initcall cp_driver_init+0x0/0x15 returned 0 after 43 usecs
[   11.276733] calling  ez_driver_init+0x0/0x15 @ 1
[   11.283451] initcall ez_driver_init+0x0/0x15 returned 0 after 52 usecs
[   11.292804] calling  gyration_driver_init+0x0/0x15 @ 1
[   11.300573] initcall gyration_driver_init+0x0/0x15 returned 0 after 272 usecs
[   11.310585] calling  ite_driver_init+0x0/0x15 @ 1
[   11.317259] initcall ite_driver_init+0x0/0x15 returned 0 after 45 usecs
[   11.326577] calling  ks_driver_init+0x0/0x15 @ 1
[   11.332940] initcall ks_driver_init+0x0/0x15 returned 0 after 60 usecs
[   11.341792] calling  lg_driver_init+0x0/0x15 @ 1
[   11.348082] initcall lg_driver_init+0x0/0x15 returned 0 after 59 usecs
[   11.356689] calling  lg_g15_driver_init+0x0/0x15 @ 1
[   11.363632] initcall lg_g15_driver_init+0x0/0x15 returned 0 after 244 usecs
[   11.372884] calling  ms_driver_init+0x0/0x15 @ 1
[   11.379464] initcall ms_driver_init+0x0/0x15 returned 0 after 42 usecs
[   11.388513] calling  mr_driver_init+0x0/0x15 @ 1
[   11.407545] initcall mr_driver_init+0x0/0x15 returned 0 after 52 usecs
[   11.416925] calling  ntrig_driver_init+0x0/0x15 @ 1
[   11.437264] initcall ntrig_driver_init+0x0/0x15 returned 0 after 319 usecs
[   11.453855] calling  pl_driver_init+0x0/0x15 @ 1
[   11.473478] initcall pl_driver_init+0x0/0x15 returned 0 after 1492 usecs
[   11.488174] calling  pl_driver_init+0x0/0x15 @ 1
[   11.496598] initcall pl_driver_init+0x0/0x15 returned 0 after 466 usecs
[   11.506584] calling  redragon_driver_init+0x0/0x15 @ 1
[   11.521469] initcall redragon_driver_init+0x0/0x15 returned 0 after 59 usecs
[   11.533111] calling  samsung_driver_init+0x0/0x15 @ 1
[   11.549939] initcall samsung_driver_init+0x0/0x15 returned 0 after 838 usecs
[   11.562716] calling  sony_init+0x0/0x38 @ 1
[   11.568582] initcall sony_init+0x0/0x38 returned 0 after 131 usecs
[   11.578150] calling  sp_driver_init+0x0/0x15 @ 1
[   11.584831] initcall sp_driver_init+0x0/0x15 returned 0 after 345 usecs
[   11.598930] calling  ts_driver_init+0x0/0x15 @ 1
[   11.605511] initcall ts_driver_init+0x0/0x15 returned 0 after 52 usecs
[   11.617052] calling  hid_init+0x0/0x58 @ 1
[   11.623077] usbcore: registered new interface driver usbhid
[   11.630936] usbhid: USB HID core driver
[   11.636316] initcall hid_init+0x0/0x58 returned 0 after 13013 usecs
[   11.644568] calling  eeepc_laptop_init+0x0/0x57 @ 1
[   11.651087] initcall eeepc_laptop_init+0x0/0x57 returned -19 after 194 usecs
[   11.660254] calling  pmc_atom_init+0x0/0x27a @ 1
[   11.666413] initcall pmc_atom_init+0x0/0x27a returned -19 after 9 usecs
[   11.675380] calling  alsa_hwdep_init+0x0/0x5e @ 1
[   11.681808] initcall alsa_hwdep_init+0x0/0x5e returned 0 after 172 usecs
[   11.690793] calling  alsa_timer_init+0x0/0x1f9 @ 1
[   11.697799] initcall alsa_timer_init+0x0/0x1f9 returned 0 after 541 usecs
[   11.706688] calling  snd_hrtimer_init+0x0/0x117 @ 1
[   11.713199] initcall snd_hrtimer_init+0x0/0x117 returned 0 after 16 usecs
[   11.722611] calling  alsa_pcm_init+0x0/0x64 @ 1
[   11.729219] initcall alsa_pcm_init+0x0/0x64 returned 0 after 26 usecs
[   11.737804] calling  alsa_seq_init+0x0/0x4a @ 1
[   11.749659] initcall alsa_seq_init+0x0/0x4a returned 0 after 948 usecs
[   11.758354] calling  alsa_seq_dummy_init+0x0/0x9c @ 1
[   11.766637] initcall alsa_seq_dummy_init+0x0/0x9c returned 0 after 136 usecs
[   11.776456] calling  azx_driver_init+0x0/0x15 @ 1
[   11.795053] initcall azx_driver_init+0x0/0x15 returned 0 after 1296 usecs
[   11.804590] calling  sock_diag_init+0x0/0x2a @ 1
[   11.812490] initcall sock_diag_init+0x0/0x2a returned 0 after 1229 usecs
[   11.822272] calling  blackhole_init+0x0/0xc @ 1
[   11.828897] initcall blackhole_init+0x0/0xc returned 0 after 32 usecs
[   11.838149] calling  nfnetlink_init+0x0/0x61 @ 1
[   11.845923] initcall nfnetlink_init+0x0/0x61 returned 0 after 779 usecs
[   11.855588] calling  nfnetlink_log_init+0x0/0x99 @ 1
[   11.863289] initcall nfnetlink_log_init+0x0/0x99 returned 0 after 485 usecs
[   11.873450] calling  nf_conntrack_standalone_init+0x0/0x87 @ 1
[   11.907120] initcall nf_conntrack_standalone_init+0x0/0x87 returned 0 after 24759 usecs
[   11.925452] calling  ctnetlink_init+0x0/0x83 @ 1
[   11.934718] initcall ctnetlink_init+0x0/0x83 returned 0 after 99 usecs
[   11.945532] calling  nf_conntrack_ftp_init+0x0/0x12c @ 1
[   11.953271] initcall nf_conntrack_ftp_init+0x0/0x12c returned 0 after 84 usecs
[   11.963160] calling  nf_conntrack_irc_init+0x0/0x129 @ 1
[   11.970510] initcall nf_conntrack_irc_init+0x0/0x129 returned 0 after 84 usecs
[   11.980533] calling  nf_conntrack_sip_init+0x0/0x172 @ 1
[   11.987741] initcall nf_conntrack_sip_init+0x0/0x172 returned 0 after 30 usecs
[   11.997470] calling  nf_nat_init+0x0/0xf0 @ 1
[   12.004237] initcall nf_nat_init+0x0/0xf0 returned 0 after 765 usecs
[   12.012877] calling  nf_nat_ftp_init+0x0/0x2a @ 1
[   12.019804] initcall nf_nat_ftp_init+0x0/0x2a returned 0 after 54 usecs
[   12.029428] calling  nf_nat_irc_init+0x0/0x2a @ 1
[   12.036097] initcall nf_nat_irc_init+0x0/0x2a returned 0 after 21 usecs
[   12.045622] calling  nf_nat_sip_init+0x0/0x36 @ 1
[   12.053487] initcall nf_nat_sip_init+0x0/0x36 returned 0 after 16 usecs
[   12.071200] calling  xt_init+0x0/0x146 @ 1
[   12.077599] initcall xt_init+0x0/0x146 returned 0 after 111 usecs
[   12.085663] calling  tcpudp_mt_init+0x0/0x11 @ 1
[   12.092752] initcall tcpudp_mt_init+0x0/0x11 returned 0 after 200 usecs
[   12.102014] calling  connsecmark_tg_init+0x0/0xc @ 1
[   12.109738] initcall connsecmark_tg_init+0x0/0xc returned 0 after 16 usecs
[   12.119057] calling  nflog_tg_init+0x0/0xc @ 1
[   12.129006] initcall nflog_tg_init+0x0/0xc returned 0 after 15 usecs
[   12.136977] calling  secmark_tg_init+0x0/0x11 @ 1
[   12.144395] initcall secmark_tg_init+0x0/0x11 returned 0 after 16 usecs
[   12.153463] calling  tcpmss_tg_init+0x0/0x11 @ 1
[   12.159831] initcall tcpmss_tg_init+0x0/0x11 returned 0 after 16 usecs
