c[?7l[2J[0mSeaBIOS (version 1.16.0-debian-1.16.0-4)
Booting from ROM...
early console in setup code
c[?7l[2J[    0.000000] Linux version 5.10.151+ (root@joelboxx.c.googlers.com) (gcc (Debian 12.2.0-3) 12.2.0, GNU ld (GNU Binutils for Debian) 2.39) #11 SMP PREEMPT Tue Dec 13 09:16:34 UTC 2022
[    0.000000] Command line: selinux=0 initcall_debug debug console=ttyS0 rcutorture.torture_type=tasks-rude rcutorture.onoff_interval=1000 rcutorture.onoff_holdoff=30 rcutorture.n_barrier_cbs=4 rcutorture.stat_interval=15 rcutorture.shutdown_secs=1800 rcutorture.test_no_idle_hz=1 rcutorture.verbose=1
[    0.000000] x86/fpu: x87 FPU will use FXSAVE
[    0.000000] BIOS-provided physical RAM map:
[    0.000000] BIOS-e820: [mem 0x0000000000000000-0x000000000009fbff] usable
[    0.000000] BIOS-e820: [mem 0x000000000009fc00-0x000000000009ffff] reserved
[    0.000000] BIOS-e820: [mem 0x00000000000f0000-0x00000000000fffff] reserved
[    0.000000] BIOS-e820: [mem 0x0000000000100000-0x000000001ffdefff] usable
[    0.000000] BIOS-e820: [mem 0x000000001ffdf000-0x000000001fffffff] reserved
[    0.000000] BIOS-e820: [mem 0x00000000b0000000-0x00000000bfffffff] reserved
[    0.000000] BIOS-e820: [mem 0x00000000fed1c000-0x00000000fed1ffff] reserved
[    0.000000] BIOS-e820: [mem 0x00000000feffc000-0x00000000feffffff] reserved
[    0.000000] BIOS-e820: [mem 0x00000000fffc0000-0x00000000ffffffff] reserved
[    0.000000] NX (Execute Disable) protection: active
[    0.000000] SMBIOS 2.8 present.
[    0.000000] DMI: QEMU Standard PC (Q35 + ICH9, 2009), BIOS 1.16.0-debian-1.16.0-4 04/01/2014
[    0.000000] Hypervisor detected: KVM
[    0.000000] kvm-clock: Using msrs 4b564d01 and 4b564d00
[    0.000000] kvm-clock: cpu 0, msr 18529001, primary cpu clock
[    0.000208] kvm-clock: using sched offset of 2372629768 cycles
[    0.000573] clocksource: kvm-clock: mask: 0xffffffffffffffff max_cycles: 0x1cd42e4dffb, max_idle_ns: 881590591483 ns
[    0.001415] tsc: Detected 1999.999 MHz processor
[    0.012870] e820: update [mem 0x00000000-0x00000fff] usable ==> reserved
[    0.012886] e820: remove [mem 0x000a0000-0x000fffff] usable
[    0.012900] last_pfn = 0x1ffdf max_arch_pfn = 0x400000000
[    0.014200] MTRR default type: write-back
[    0.014332] MTRR fixed ranges enabled:
[    0.014337]   00000-9FFFF write-back
[    0.014341]   A0000-BFFFF uncachable
[    0.014345]   C0000-FFFFF write-protect
[    0.014349] MTRR variable ranges enabled:
[    0.014353]   0 base 00C0000000 mask FFC0000000 uncachable
[    0.014357]   1 disabled
[    0.014360]   2 disabled
[    0.014364]   3 disabled
[    0.014367]   4 disabled
[    0.014370]   5 disabled
[    0.014373]   6 disabled
[    0.014376]   7 disabled
[    0.014920] x86/PAT: Configuration [0-7]: WB  WC  UC- UC  WB  WC  UC- UC  
[    0.025668] found SMP MP-table at [mem 0x000f5ba0-0x000f5baf]
[    0.029073] check: Scanning 1 areas for low memory corruption
[    0.046656] ACPI: Early table checksum verification disabled
[    0.049256] ACPI: RSDP 0x00000000000F59E0 000014 (v00 BOCHS )
[    0.049725] ACPI: RSDT 0x000000001FFE22F5 000038 (v01 BOCHS  BXPC     00000001 BXPC 00000001)
[    0.050151] ACPI: FACP 0x000000001FFE20E5 0000F4 (v03 BOCHS  BXPC     00000001 BXPC 00000001)
[    0.050306] ACPI: DSDT 0x000000001FFE0040 0020A5 (v01 BOCHS  BXPC     00000001 BXPC 00000001)
[    0.050315] ACPI: FACS 0x000000001FFE0000 000040
[    0.050350] ACPI: APIC 0x000000001FFE21D9 000080 (v01 BOCHS  BXPC     00000001 BXPC 00000001)
[    0.050357] ACPI: HPET 0x000000001FFE2259 000038 (v01 BOCHS  BXPC     00000001 BXPC 00000001)
[    0.050365] ACPI: MCFG 0x000000001FFE2291 00003C (v01 BOCHS  BXPC     00000001 BXPC 00000001)
[    0.050372] ACPI: WAET 0x000000001FFE22CD 000028 (v01 BOCHS  BXPC     00000001 BXPC 00000001)
[    0.050481] ACPI: Reserving FACP table memory at [mem 0x1ffe20e5-0x1ffe21d8]
[    0.050487] ACPI: Reserving DSDT table memory at [mem 0x1ffe0040-0x1ffe20e4]
[    0.050489] ACPI: Reserving FACS table memory at [mem 0x1ffe0000-0x1ffe003f]
[    0.050492] ACPI: Reserving APIC table memory at [mem 0x1ffe21d9-0x1ffe2258]
[    0.050494] ACPI: Reserving HPET table memory at [mem 0x1ffe2259-0x1ffe2290]
[    0.050497] ACPI: Reserving MCFG table memory at [mem 0x1ffe2291-0x1ffe22cc]
[    0.050500] ACPI: Reserving WAET table memory at [mem 0x1ffe22cd-0x1ffe22f4]
[    0.051527] ACPI: Local APIC address 0xfee00000
[    0.056629] No NUMA configuration found
[    0.056634] Faking a node at [mem 0x0000000000000000-0x000000001ffdefff]
[    0.056792] NODE_DATA(0) allocated [mem 0x1ffdb000-0x1ffdefff]
[    0.058593] Zone ranges:
[    0.058764]   DMA      [mem 0x0000000000001000-0x0000000000ffffff]
[    0.058830]   DMA32    [mem 0x0000000001000000-0x000000001ffdefff]
[    0.058834]   Normal   empty
[    0.058838] Movable zone start for each node
[    0.058841] Early memory node ranges
[    0.058843]   node   0: [mem 0x0000000000001000-0x000000000009efff]
[    0.058908]   node   0: [mem 0x0000000000100000-0x000000001ffdefff]
[    0.059036] Initmem setup node 0 [mem 0x0000000000001000-0x000000001ffdefff]
[    0.059096] On node 0 totalpages: 130941
[    0.059279]   DMA zone: 64 pages used for memmap
[    0.059283]   DMA zone: 21 pages reserved
[    0.059285]   DMA zone: 3998 pages, LIFO batch:0
[    0.059288]   DMA32 zone: 1984 pages used for memmap
[    0.059291]   DMA32 zone: 126943 pages, LIFO batch:31
[    0.061667] On node 0, zone DMA: 1 pages in unavailable ranges
[    0.067124] On node 0, zone DMA: 97 pages in unavailable ranges
[    0.238045] On node 0, zone DMA32: 33 pages in unavailable ranges
[    0.241741] ACPI: PM-Timer IO Port: 0x608
[    0.241747] ACPI: Local APIC address 0xfee00000
[    0.242018] ACPI: LAPIC_NMI (acpi_id[0xff] dfl dfl lint[0x1])
[    0.243566] IOAPIC[0]: apic_id 0, version 17, address 0xfec00000, GSI 0-23
[    0.243839] ACPI: INT_SRC_OVR (bus 0 bus_irq 0 global_irq 2 dfl dfl)
[    0.243911] ACPI: INT_SRC_OVR (bus 0 bus_irq 5 global_irq 5 high level)
[    0.243914] ACPI: INT_SRC_OVR (bus 0 bus_irq 9 global_irq 9 high level)
[    0.244071] ACPI: INT_SRC_OVR (bus 0 bus_irq 10 global_irq 10 high level)
[    0.244074] ACPI: INT_SRC_OVR (bus 0 bus_irq 11 global_irq 11 high level)
[    0.244142] ACPI: IRQ0 used by override.
[    0.244145] ACPI: IRQ5 used by override.
[    0.244148] ACPI: IRQ9 used by override.
[    0.244150] ACPI: IRQ10 used by override.
[    0.244153] ACPI: IRQ11 used by override.
[    0.244157] Using ACPI (MADT) for SMP configuration information
[    0.244161] ACPI: HPET id: 0x8086a201 base: 0xfed00000
[    0.244784] smpboot: Allowing 2 CPUs, 0 hotplug CPUs
[    0.247345] PM: hibernation: Registered nosave memory: [mem 0x00000000-0x00000fff]
[    0.247349] PM: hibernation: Registered nosave memory: [mem 0x0009f000-0x0009ffff]
[    0.247352] PM: hibernation: Registered nosave memory: [mem 0x000a0000-0x000effff]
[    0.247354] PM: hibernation: Registered nosave memory: [mem 0x000f0000-0x000fffff]
[    0.247360] [mem 0x20000000-0xafffffff] available for PCI devices
[    0.248372] Booting paravirtualized kernel on KVM
[    0.249018] clocksource: refined-jiffies: mask: 0xffffffff max_cycles: 0xffffffff, max_idle_ns: 1910969940391419 ns
[    0.291490] setup_percpu: NR_CPUS:2 nr_cpumask_bits:2 nr_cpu_ids:2 nr_node_ids:1
[    0.330624] percpu: Embedded 58 pages/cpu s198480 r8192 d30896 u1048576
[    0.330784] pcpu-alloc: s198480 r8192 d30896 u1048576 alloc=1*2097152
[    0.330869] pcpu-alloc: [0] 0 1 
[    0.339274] kvm-guest: stealtime: cpu 0, msr 1f41bb40
[    0.342699] Built 1 zonelists, mobility grouping on.  Total pages: 128872
[    0.342706] Policy zone: DMA32
[    0.342914] Kernel command line: selinux=0 initcall_debug debug console=ttyS0 rcutorture.torture_type=tasks-rude rcutorture.onoff_interval=1000 rcutorture.onoff_holdoff=30 rcutorture.n_barrier_cbs=4 rcutorture.stat_interval=15 rcutorture.shutdown_secs=1800 rcutorture.test_no_idle_hz=1 rcutorture.verbose=1
[    0.364378] Dentry cache hash table entries: 65536 (order: 7, 524288 bytes, linear)
[    0.368254] Inode-cache hash table entries: 32768 (order: 6, 262144 bytes, linear)
[    0.369167] mem auto-init: stack:all(zero), heap alloc:off, heap free:off
[    0.382697] Memory: 466776K/523764K available (16398K kernel code, 2805K rwdata, 4836K rodata, 1516K init, 13268K bss, 56728K reserved, 0K cma-reserved)
[    0.384588] SLUB: HWalign=64, Order=0-3, MinObjects=0, CPUs=2, Nodes=1
[    0.385881] Kernel/User page tables isolation: enabled
[    0.402877] Running RCU self tests
[    0.403863] rcu: Preemptible hierarchical RCU implementation.
[    0.403872] rcu: 	RCU event tracing is enabled.
[    0.403875] rcu: 	RCU lockdep checking is enabled.
[    0.403961] 	Trampoline variant of Tasks RCU enabled.
[    0.403963] 	Rude variant of Tasks RCU enabled.
[    0.403966] 	Tracing variant of Tasks RCU enabled.
[    0.404039] rcu: RCU calculated value of scheduler-enlistment delay is 100 jiffies.
[    0.428541] NR_IRQS: 4352, nr_irqs: 440, preallocated irqs: 16
[    0.434671] calling  con_init+0x0/0x24f @ 0
[    0.609262] Console: colour VGA+ 80x25
[    0.609402] initcall con_init+0x0/0x24f returned 0 after 0 usecs
[    0.609407] calling  hvc_console_init+0x0/0x13 @ 0
[    0.609462] initcall hvc_console_init+0x0/0x13 returned 0 after 0 usecs
[    0.609466] calling  univ8250_console_init+0x0/0x26 @ 0
[    1.547964] printk: console [ttyS0] enabled
[    1.554234] initcall univ8250_console_init+0x0/0x26 returned 0 after 0 usecs
[    1.563705] Lock dependency validator: Copyright (c) 2006 Red Hat, Inc., Ingo Molnar
[    1.573994] ... MAX_LOCKDEP_SUBCLASSES:  8
[    1.579516] ... MAX_LOCK_DEPTH:          48
[    1.584390] ... MAX_LOCKDEP_KEYS:        8192
[    1.589021] ... CLASSHASH_SIZE:          4096
[    1.593785] ... MAX_LOCKDEP_ENTRIES:     32768
[    1.598541] ... MAX_LOCKDEP_CHAINS:      65536
[    1.603872] ... CHAINHASH_SIZE:          32768
[    1.609847]  memory used by lock dependency info: 6365 kB
[    1.617061]  memory used for stack traces: 4224 kB
[    1.623477]  per task-struct memory footprint: 1920 bytes
[    1.635647] ACPI: Core revision 20200925
[    1.643382] clocksource: hpet: mask: 0xffffffff max_cycles: 0xffffffff, max_idle_ns: 19112604467 ns
[    1.655791] APIC: Switch to symmetric I/O mode setup
[    1.680768] ..TIMER: vector=0x30 apic1=0 pin1=2 apic2=-1 pin2=-1
[    1.688339] clocksource: tsc-early: mask: 0xffffffffffffffff max_cycles: 0x39a85afc727, max_idle_ns: 881590685098 ns
[    1.702792] Calibrating delay loop (skipped) preset value.. 3999.99 BogoMIPS (lpj=1999999)
[    1.703522] pid_max: default: 32768 minimum: 301
[    1.705101] LSM: Security Framework initializing
[    1.705831] Mount-cache hash table entries: 1024 (order: 1, 8192 bytes, linear)
[    1.706536] Mountpoint-cache hash table entries: 1024 (order: 1, 8192 bytes, linear)
[    1.716127] Last level iTLB entries: 4KB 0, 2MB 0, 4MB 0
[    1.716504] Last level dTLB entries: 4KB 0, 2MB 0, 4MB 0, 1GB 0
[    1.717582] Spectre V1 : Mitigation: usercopy/swapgs barriers and __user pointer sanitization
[    1.718505] Spectre V2 : Mitigation: Retpolines
[    1.719503] Spectre V2 : Spectre v2 / SpectreRSB mitigation: Filling RSB on context switch
[    1.720501] Spectre V2 : Spectre v2 / SpectreRSB : Filling RSB on VMEXIT
[    1.721500] Speculative Store Bypass: Vulnerable
[    1.722539] MDS: Vulnerable: Clear CPU buffers attempted, no microcode
[    1.723500] MMIO Stale Data: Unknown: No mitigations
[    1.774572] Freeing SMP alternatives memory: 40K
[    1.879495] smpboot: CPU0: Intel Common KVM processor (family: 0xf, model: 0x6, stepping: 0x1)
[    1.881726] calling  init_hw_perf_events+0x0/0x6ce @ 1
[    1.882506] Performance Events: unsupported Netburst CPU model 6 no PMU driver, software events only.
[    1.883511] initcall init_hw_perf_events+0x0/0x6ce returned 0 after 976 usecs
[    1.884508] calling  init_real_mode+0x0/0x1e9 @ 1
[    1.886021] initcall init_real_mode+0x0/0x1e9 returned 0 after 0 usecs
[    1.886507] calling  trace_init_perf_perm_irq_work_exit+0x0/0x12 @ 1
[    1.887524] initcall trace_init_perf_perm_irq_work_exit+0x0/0x12 returned 0 after 0 usecs
[    1.888524] calling  validate_x2apic+0x0/0x4a @ 1
[    1.889538] initcall validate_x2apic+0x0/0x4a returned 0 after 0 usecs
[    1.890507] calling  register_nmi_cpu_backtrace_handler+0x0/0x15 @ 1
[    1.891534] initcall register_nmi_cpu_backtrace_handler+0x0/0x15 returned 0 after 0 usecs
[    1.892510] calling  kvm_setup_vsyscall_timeinfo+0x0/0xd1 @ 1
[    1.893510] initcall kvm_setup_vsyscall_timeinfo+0x0/0xd1 returned 0 after 0 usecs
[    1.894523] calling  spawn_ksoftirqd+0x0/0x38 @ 1
[    1.895813] initcall spawn_ksoftirqd+0x0/0x38 returned 0 after 0 usecs
[    1.896509] calling  migration_init+0x0/0x31 @ 1
[    1.897507] initcall migration_init+0x0/0x31 returned 0 after 0 usecs
[    1.898508] calling  srcu_bootup_announce+0x0/0x2f @ 1
[    1.899521] rcu: Hierarchical SRCU implementation.
[    1.900525] initcall srcu_bootup_announce+0x0/0x2f returned 0 after 976 usecs
[    1.901509] calling  rcu_spawn_gp_kthread+0x0/0x1b0 @ 1
[    1.902658] initcall rcu_spawn_gp_kthread+0x0/0x1b0 returned 0 after 0 usecs
[    1.903524] calling  check_cpu_stall_init+0x0/0x1a @ 1
[    1.904521] initcall check_cpu_stall_init+0x0/0x1a returned 0 after 0 usecs
[    1.905507] calling  rcu_sysrq_init+0x0/0x21 @ 1
[    1.906581] initcall rcu_sysrq_init+0x0/0x21 returned 0 after 0 usecs
[    1.907814] calling  trace_init_flags_sys_enter+0x0/0xe @ 1
[    1.908567] initcall trace_init_flags_sys_enter+0x0/0xe returned 0 after 0 usecs
[    1.909505] calling  trace_init_flags_sys_exit+0x0/0xe @ 1
[    1.910508] initcall trace_init_flags_sys_exit+0x0/0xe returned 0 after 0 usecs
[    1.911510] calling  cpu_stop_init+0x0/0x8d @ 1
[    1.912766] initcall cpu_stop_init+0x0/0x8d returned 0 after 0 usecs
[    1.913510] calling  init_kprobes+0x0/0x16e @ 1
[    1.916056] initcall init_kprobes+0x0/0x16e returned 0 after 976 usecs
[    1.916515] calling  init_events+0x0/0x3d @ 1
[    1.918696] initcall init_events+0x0/0x3d returned 0 after 976 usecs
[    1.920502] calling  init_trace_printk+0x0/0xc @ 1
[    1.921506] initcall init_trace_printk+0x0/0xc returned 0 after 0 usecs
[    1.922504] calling  event_trace_enable_again+0x0/0x23 @ 1
[    1.923506] initcall event_trace_enable_again+0x0/0x23 returned 0 after 0 usecs
[    1.924504] calling  static_call_init+0x0/0x79 @ 1
[    1.925504] initcall static_call_init+0x0/0x79 returned 0 after 0 usecs
[    1.926504] calling  jump_label_init_module+0x0/0xc @ 1
[    1.927505] initcall jump_label_init_module+0x0/0xc returned 0 after 0 usecs
[    1.928517] calling  init_zero_pfn+0x0/0x37 @ 1
[    1.929505] initcall init_zero_pfn+0x0/0x37 returned 0 after 0 usecs
[    1.930505] calling  initialize_ptr_random+0x0/0x54 @ 1
[    1.931624] initcall initialize_ptr_random+0x0/0x54 returned 0 after 0 usecs
[    1.932529] calling  efi_memreserve_root_init+0x0/0x25 @ 1
[    1.933594] initcall efi_memreserve_root_init+0x0/0x25 returned 0 after 0 usecs
[    1.934505] calling  efi_earlycon_remap_fb+0x0/0x51 @ 1
[    1.935506] initcall efi_earlycon_remap_fb+0x0/0x51 returned 0 after 0 usecs
[    1.937920] smp: Bringing up secondary CPUs ...
[    1.940306] x86: Booting SMP configuration:
[    1.940520] .... node  #0, CPUs:      #1
[    1.268104] kvm-clock: cpu 1, msr 18529041, secondary cpu clock
[    1.965832] kvm-guest: stealtime: cpu 1, msr 1f51bb40
[    1.979280] smp: Brought up 1 node, 2 CPUs
[    1.979531] smpboot: Max logical packages: 1
[    1.980507] smpboot: Total of 2 processors activated (7999.99 BogoMIPS)
[    2.002272] devtmpfs: initialized
[    2.009860] calling  ipc_ns_init+0x0/0x3d @ 1
[    2.015571] initcall ipc_ns_init+0x0/0x3d returned 0 after 0 usecs
[    2.022504] calling  init_mmap_min_addr+0x0/0x21 @ 1
[    2.027504] initcall init_mmap_min_addr+0x0/0x21 returned 0 after 0 usecs
[    2.035505] calling  pci_realloc_setup_params+0x0/0x3f @ 1
[    2.041519] initcall pci_realloc_setup_params+0x0/0x3f returned 0 after 0 usecs
[    2.049506] calling  net_ns_init+0x0/0x140 @ 1
[    2.056831] initcall net_ns_init+0x0/0x140 returned 0 after 1953 usecs
[    2.057546] calling  e820__register_nvs_regions+0x0/0x37 @ 1
[    2.058533] initcall e820__register_nvs_regions+0x0/0x37 returned 0 after 0 usecs
[    2.059512] calling  cpufreq_register_tsc_scaling+0x0/0x2e @ 1
[    2.060510] initcall cpufreq_register_tsc_scaling+0x0/0x2e returned 0 after 0 usecs
[    2.061509] calling  reboot_init+0x0/0x3c @ 1
[    2.062560] initcall reboot_init+0x0/0x3c returned 0 after 0 usecs
[    2.063510] calling  init_lapic_sysfs+0x0/0x20 @ 1
[    2.064532] initcall init_lapic_sysfs+0x0/0x20 returned 0 after 0 usecs
[    2.065510] calling  alloc_frozen_cpus+0x0/0x7 @ 1
[    2.066509] initcall alloc_frozen_cpus+0x0/0x7 returned 0 after 0 usecs
[    2.067508] calling  cpu_hotplug_pm_sync_init+0x0/0x13 @ 1
[    2.068537] initcall cpu_hotplug_pm_sync_init+0x0/0x13 returned 0 after 0 usecs
[    2.069516] calling  wq_sysfs_init+0x0/0x2a @ 1
[    2.070648] initcall wq_sysfs_init+0x0/0x2a returned 0 after 0 usecs
[    2.071506] calling  ksysfs_init+0x0/0x92 @ 1
[    2.072547] initcall ksysfs_init+0x0/0x92 returned 0 after 0 usecs
[    2.073505] calling  schedutil_gov_init+0x0/0xc @ 1
[    2.074689] initcall schedutil_gov_init+0x0/0xc returned 0 after 0 usecs
[    2.075506] calling  pm_init+0x0/0x76 @ 1
[    2.076640] initcall pm_init+0x0/0x76 returned 0 after 0 usecs
[    2.077505] calling  pm_disk_init+0x0/0x13 @ 1
[    2.078550] initcall pm_disk_init+0x0/0x13 returned 0 after 0 usecs
[    2.079505] calling  swsusp_header_init+0x0/0x2b @ 1
[    2.080506] initcall swsusp_header_init+0x0/0x2b returned 0 after 0 usecs
[    2.081504] calling  rcu_set_runtime_mode+0x0/0x2a @ 1
[    2.083823] initcall rcu_set_runtime_mode+0x0/0x2a returned 0 after 976 usecs
[    2.084511] calling  init_jiffies_clocksource+0x0/0x13 @ 1
[    2.085505] clocksource: jiffies: mask: 0xffffffff max_cycles: 0xffffffff, max_idle_ns: 1911260446275000 ns
[    2.086511] initcall init_jiffies_clocksource+0x0/0x13 returned 0 after 976 usecs
[    2.087505] calling  futex_init+0x0/0x11b @ 1
[    2.088510] futex hash table entries: 512 (order: 4, 65536 bytes, linear)
[    2.089699] initcall futex_init+0x0/0x11b returned 0 after 976 usecs
[    2.090507] calling  cgroup_wq_init+0x0/0x28 @ 1
[    2.091522] initcall cgroup_wq_init+0x0/0x28 returned 0 after 0 usecs
[    2.092509] calling  cgroup1_wq_init+0x0/0x28 @ 1
[    2.093531] initcall cgroup1_wq_init+0x0/0x28 returned 0 after 0 usecs
[    2.094510] calling  init_kprobe_trace_early+0x0/0x2a @ 1
[    2.096509] initcall init_kprobe_trace_early+0x0/0x2a returned 0 after 976 usecs
[    2.097508] calling  fsnotify_init+0x0/0x56 @ 1
[    2.098544] initcall fsnotify_init+0x0/0x56 returned 0 after 0 usecs
[    2.099505] calling  filelock_init+0x0/0xb3 @ 1
[    2.100524] initcall filelock_init+0x0/0xb3 returned 0 after 0 usecs
[    2.101506] calling  init_misc_binfmt+0x0/0x2c @ 1
[    2.102584] initcall init_misc_binfmt+0x0/0x2c returned 0 after 0 usecs
[    2.103506] calling  init_script_binfmt+0x0/0x15 @ 1
[    2.104510] initcall init_script_binfmt+0x0/0x15 returned 0 after 0 usecs
[    2.105504] calling  init_elf_binfmt+0x0/0x15 @ 1
[    2.106520] initcall init_elf_binfmt+0x0/0x15 returned 0 after 0 usecs
[    2.107519] calling  init_compat_elf_binfmt+0x0/0x15 @ 1
[    2.108511] initcall init_compat_elf_binfmt+0x0/0x15 returned 0 after 0 usecs
[    2.110508] calling  debugfs_init+0x0/0x5c @ 1
[    2.111539] initcall debugfs_init+0x0/0x5c returned 0 after 0 usecs
[    2.112508] calling  tracefs_init+0x0/0x3a @ 1
[    2.113519] initcall tracefs_init+0x0/0x3a returned 0 after 0 usecs
[    2.114511] calling  prandom_init_early+0x0/0x15d @ 1
[    2.115521] initcall prandom_init_early+0x0/0x15d returned 0 after 0 usecs
[    2.116560] calling  virtio_init+0x0/0x20 @ 1
[    2.117570] initcall virtio_init+0x0/0x20 returned 0 after 0 usecs
[    2.118508] calling  iommu_init+0x0/0x2a @ 1
[    2.119571] initcall iommu_init+0x0/0x2a returned 0 after 0 usecs
[    2.120510] calling  component_debug_init+0x0/0x1c @ 1
[    2.121887] initcall component_debug_init+0x0/0x1c returned 0 after 0 usecs
[    2.122517] calling  early_resume_init+0x0/0xb9 @ 1
[    2.125168] PM: RTC time: 09:27:29, date: 2022-12-13
[    2.126509] initcall early_resume_init+0x0/0xb9 returned 0 after 2929 usecs
[    2.127509] calling  cpufreq_core_init+0x0/0x62 @ 1
[    2.128530] initcall cpufreq_core_init+0x0/0x62 returned 0 after 0 usecs
[    2.129507] calling  cpufreq_gov_performance_init+0x0/0xc @ 1
[    2.130511] initcall cpufreq_gov_performance_init+0x0/0xc returned 0 after 0 usecs
[    2.131506] calling  cpufreq_gov_userspace_init+0x0/0xc @ 1
[    2.132508] initcall cpufreq_gov_userspace_init+0x0/0xc returned 0 after 0 usecs
[    2.133505] calling  CPU_FREQ_GOV_ONDEMAND_init+0x0/0xc @ 1
[    2.134524] initcall CPU_FREQ_GOV_ONDEMAND_init+0x0/0xc returned 0 after 0 usecs
[    2.135504] calling  cpuidle_init+0x0/0x1f @ 1
[    2.136539] initcall cpuidle_init+0x0/0x1f returned 0 after 0 usecs
[    2.137505] calling  capsule_reboot_register+0x0/0xc @ 1
[    2.138540] initcall capsule_reboot_register+0x0/0xc returned 0 after 0 usecs
[    2.139506] calling  sock_init+0x0/0x93 @ 1
[    2.142534] initcall sock_init+0x0/0x93 returned 0 after 1953 usecs
[    2.143507] calling  net_inuse_init+0x0/0x23 @ 1
[    2.145668] initcall net_inuse_init+0x0/0x23 returned 0 after 0 usecs
[    2.146510] calling  net_defaults_init+0x0/0x23 @ 1
[    2.147514] initcall net_defaults_init+0x0/0x23 returned 0 after 0 usecs
[    2.148506] calling  init_default_flow_dissectors+0x0/0x4f @ 1
[    2.149521] initcall init_default_flow_dissectors+0x0/0x4f returned 0 after 0 usecs
[    2.150506] calling  netpoll_init+0x0/0x44 @ 1
[    2.151507] initcall netpoll_init+0x0/0x44 returned 0 after 0 usecs
[    2.152505] calling  netlink_proto_init+0x0/0x154 @ 1
[    2.154694] NET: Registered protocol family 16
[    2.155669] initcall netlink_proto_init+0x0/0x154 returned 0 after 1953 usecs
[    2.156506] calling  genl_init+0x0/0x35 @ 1
[    2.157678] initcall genl_init+0x0/0x35 returned 0 after 0 usecs
[    2.158545] calling  bsp_pm_check_init+0x0/0x13 @ 1
[    2.159511] initcall bsp_pm_check_init+0x0/0x13 returned 0 after 0 usecs
[    2.160538] calling  irq_sysfs_init+0x0/0xb9 @ 1
[    2.161991] initcall irq_sysfs_init+0x0/0xb9 returned 0 after 0 usecs
[    2.162507] calling  audit_init+0x0/0x127 @ 1
[    2.163510] audit: initializing netlink subsys (disabled)
[    2.165852] initcall audit_init+0x0/0x127 returned 0 after 2929 usecs
[    2.166700] audit: type=2000 audit(1670923647.619:1): state=initialized audit_enabled=0 res=1
[    2.166506] calling  release_early_probes+0x0/0x32 @ 1
[    2.166513] initcall release_early_probes+0x0/0x32 returned 0 after 0 usecs
[    2.166516] calling  bdi_class_init+0x0/0x48 @ 1
[    2.167553] initcall bdi_class_init+0x0/0x48 returned 0 after 0 usecs
[    2.195512] calling  mm_sysfs_init+0x0/0x28 @ 1
[    2.200520] initcall mm_sysfs_init+0x0/0x28 returned 0 after 0 usecs
[    2.207510] calling  init_per_zone_wmark_min+0x0/0x6d @ 1
[    2.214545] initcall init_per_zone_wmark_min+0x0/0x6d returned 0 after 0 usecs
[    2.222512] calling  mpi_init+0x0/0x3e @ 1
[    2.227558] initcall mpi_init+0x0/0x3e returned 0 after 0 usecs
[    2.234507] calling  kobject_uevent_init+0x0/0xc @ 1
[    2.240627] initcall kobject_uevent_init+0x0/0xc returned 0 after 0 usecs
[    2.248507] calling  pcibus_class_init+0x0/0x13 @ 1
[    2.254548] initcall pcibus_class_init+0x0/0x13 returned 0 after 0 usecs
[    2.262506] calling  pci_driver_init+0x0/0x21 @ 1
[    2.267576] initcall pci_driver_init+0x0/0x21 returned 0 after 0 usecs
[    2.275507] calling  backlight_class_init+0x0/0xa8 @ 1
[    2.281565] initcall backlight_class_init+0x0/0xa8 returned 0 after 0 usecs
[    2.289505] calling  tty_class_init+0x0/0x33 @ 1
[    2.296555] initcall tty_class_init+0x0/0x33 returned 0 after 0 usecs
[    2.303513] calling  vtconsole_class_init+0x0/0xb5 @ 1
[    2.310756] initcall vtconsole_class_init+0x0/0xb5 returned 0 after 0 usecs
[    2.318507] calling  iommu_dev_init+0x0/0x13 @ 1
[    2.324540] initcall iommu_dev_init+0x0/0x13 returned 0 after 0 usecs
[    2.331529] calling  mipi_dsi_bus_init+0x0/0xc @ 1
[    2.337534] initcall mipi_dsi_bus_init+0x0/0xc returned 0 after 0 usecs
[    2.347510] calling  devlink_class_init+0x0/0x40 @ 1
[    2.354567] initcall devlink_class_init+0x0/0x40 returned 0 after 0 usecs
[    2.364517] calling  software_node_init+0x0/0x2a @ 1
[    2.371518] initcall software_node_init+0x0/0x2a returned 0 after 0 usecs
[    2.378507] calling  wakeup_sources_debugfs_init+0x0/0x23 @ 1
[    2.383567] initcall wakeup_sources_debugfs_init+0x0/0x23 returned 0 after 0 usecs
[    2.392504] calling  wakeup_sources_sysfs_init+0x0/0x2c @ 1
[    2.399527] initcall wakeup_sources_sysfs_init+0x0/0x2c returned 0 after 0 usecs
[    2.408506] calling  register_node_type+0x0/0x13 @ 1
[    2.414667] initcall register_node_type+0x0/0x13 returned 0 after 0 usecs
[    2.423507] calling  regmap_initcall+0x0/0xc @ 1
[    2.429813] initcall regmap_initcall+0x0/0xc returned 0 after 0 usecs
[    2.437506] calling  i2c_init+0x0/0xb3 @ 1
[    2.443011] initcall i2c_init+0x0/0xb3 returned 0 after 0 usecs
[    2.449517] calling  thermal_init+0x0/0x116 @ 1
[    2.455636] thermal_sys: Registered thermal governor 'step_wise'
[    2.455640] thermal_sys: Registered thermal governor 'user_space'
[    2.462525] initcall thermal_init+0x0/0x116 returned 0 after 6835 usecs
[    2.477510] calling  init_menu+0x0/0xc @ 1
[    2.482661] cpuidle: using governor menu
[    2.487507] initcall init_menu+0x0/0xc returned 0 after 4882 usecs
[    2.494510] calling  pcc_init+0x0/0x4d @ 1
[    2.499501] initcall pcc_init+0x0/0x4d returned -19 after 0 usecs
[    2.507508] calling  amd_postcore_init+0x0/0x11e @ 1
[    2.513506] initcall amd_postcore_init+0x0/0x11e returned 0 after 0 usecs
[    2.521522] calling  bts_init+0x0/0xba @ 1
[    2.526505] initcall bts_init+0x0/0xba returned -19 after 0 usecs
[    2.533505] calling  pt_init+0x0/0x34d @ 1
[    2.538505] initcall pt_init+0x0/0x34d returned -19 after 0 usecs
[    2.545509] calling  boot_params_ksysfs_init+0x0/0x2ee @ 1
[    2.552588] initcall boot_params_ksysfs_init+0x0/0x2ee returned 0 after 0 usecs
[    2.561512] calling  sbf_init+0x0/0xea @ 1
[    2.566507] initcall sbf_init+0x0/0xea returned 0 after 0 usecs
[    2.573507] calling  arch_kdebugfs_init+0x0/0x219 @ 1
[    2.579511] initcall arch_kdebugfs_init+0x0/0x219 returned 0 after 0 usecs
[    2.588506] calling  intel_pconfig_init+0x0/0x85 @ 1
[    2.594507] initcall intel_pconfig_init+0x0/0x85 returned 0 after 0 usecs
[    2.601507] calling  mtrr_if_init+0x0/0x5d @ 1
[    2.607529] initcall mtrr_if_init+0x0/0x5d returned 0 after 0 usecs
[    2.615508] calling  activate_jump_labels+0x0/0x31 @ 1
[    2.621509] initcall activate_jump_labels+0x0/0x31 returned 0 after 0 usecs
[    2.629517] calling  ffh_cstate_init+0x0/0x29 @ 1
[    2.635515] initcall ffh_cstate_init+0x0/0x29 returned 0 after 0 usecs
[    2.643517] calling  activate_jump_labels+0x0/0x31 @ 1
[    2.651509] initcall activate_jump_labels+0x0/0x31 returned 0 after 0 usecs
[    2.660505] calling  kvm_alloc_cpumask+0x0/0x74 @ 1
[    2.665571] initcall kvm_alloc_cpumask+0x0/0x74 returned 0 after 976 usecs
[    2.674505] calling  kcmp_cookies_init+0x0/0x37 @ 1
[    2.680512] initcall kcmp_cookies_init+0x0/0x37 returned 0 after 0 usecs
[    2.688506] calling  cryptomgr_init+0x0/0xc @ 1
[    2.693673] initcall cryptomgr_init+0x0/0xc returned 0 after 976 usecs
[    2.705524] calling  acpi_pci_init+0x0/0x57 @ 1
[    2.712601] ACPI: bus type PCI registered
[    2.719512] initcall acpi_pci_init+0x0/0x57 returned 0 after 6835 usecs
[    2.729514] calling  dma_channel_table_init+0x0/0xd1 @ 1
[    2.737536] initcall dma_channel_table_init+0x0/0xd1 returned 0 after 0 usecs
[    2.748510] calling  dma_bus_init+0x0/0xdc @ 1
[    2.754748] initcall dma_bus_init+0x0/0xdc returned 0 after 976 usecs
[    2.765017] calling  iommu_dma_init+0x0/0x10 @ 1
[    2.772792] initcall iommu_dma_init+0x0/0x10 returned 0 after 0 usecs
[    2.782509] calling  dmi_id_init+0x0/0x37c @ 1
[    2.789643] initcall dmi_id_init+0x0/0x37c returned 0 after 0 usecs
[    2.799510] calling  pci_arch_init+0x0/0x71 @ 1
[    2.806995] PCI: MMCONFIG for domain 0000 [bus 00-ff] at [mem 0xb0000000-0xbfffffff] (base 0xb0000000)
[    2.821515] PCI: MMCONFIG at [mem 0xb0000000-0xbfffffff] reserved in E820
[    2.830870] PCI: Using configuration type 1 for base access
[    2.839554] initcall pci_arch_init+0x0/0x71 returned 0 after 32226 usecs
[    2.849540] calling  init_vdso+0x0/0x13 @ 1
[    2.855548] initcall init_vdso+0x0/0x13 returned 0 after 0 usecs
[    2.864508] calling  sysenter_setup+0x0/0x13 @ 1
[    2.871550] initcall sysenter_setup+0x0/0x13 returned 0 after 0 usecs
[    2.881508] calling  fixup_ht_bug+0x0/0xe5 @ 1
[    2.887508] initcall fixup_ht_bug+0x0/0xe5 returned 0 after 0 usecs
[    2.896520] calling  topology_init+0x0/0x88 @ 1
[    2.903904] initcall topology_init+0x0/0x88 returned 0 after 976 usecs
[    2.913548] calling  intel_epb_init+0x0/0x68 @ 1
[    2.920509] initcall intel_epb_init+0x0/0x68 returned -19 after 0 usecs
[    2.930509] calling  mtrr_init_finialize+0x0/0x3e @ 1
[    2.938509] initcall mtrr_init_finialize+0x0/0x3e returned 0 after 0 usecs
[    2.948510] calling  uid_cache_init+0x0/0x85 @ 1
[    2.955560] initcall uid_cache_init+0x0/0x85 returned 0 after 0 usecs
[    2.965518] calling  param_sysfs_init+0x0/0x1ba @ 1
[    2.987015] initcall param_sysfs_init+0x0/0x1ba returned 0 after 15625 usecs
[    2.995525] calling  user_namespace_sysctl_init+0x0/0x33 @ 1
[    3.002524] initcall user_namespace_sysctl_init+0x0/0x33 returned 0 after 0 usecs
[    3.012507] calling  proc_schedstat_init+0x0/0x24 @ 1
[    3.018517] initcall proc_schedstat_init+0x0/0x24 returned 0 after 0 usecs
[    3.026507] calling  pm_sysrq_init+0x0/0x18 @ 1
[    3.032739] initcall pm_sysrq_init+0x0/0x18 returned 0 after 0 usecs
[    3.040715] calling  create_proc_profile+0x0/0xd0 @ 1
[    3.046525] initcall create_proc_profile+0x0/0xd0 returned 0 after 0 usecs
[    3.054507] calling  time_ns_init+0x0/0x7 @ 1
[    3.060506] initcall time_ns_init+0x0/0x7 returned 0 after 0 usecs
[    3.067506] calling  crash_save_vmcoreinfo_init+0x0/0x722 @ 1
[    3.074631] initcall crash_save_vmcoreinfo_init+0x0/0x722 returned 0 after 976 usecs
[    3.084506] calling  crash_notes_memory_init+0x0/0x35 @ 1
[    3.090512] initcall crash_notes_memory_init+0x0/0x35 returned 0 after 0 usecs
[    3.099511] calling  cgroup_sysfs_init+0x0/0x13 @ 1
[    3.105564] initcall cgroup_sysfs_init+0x0/0x13 returned 0 after 0 usecs
[    3.114507] calling  cgroup_namespaces_init+0x0/0x7 @ 1
[    3.120510] initcall cgroup_namespaces_init+0x0/0x7 returned 0 after 0 usecs
[    3.129506] calling  init_optprobes+0x0/0x13 @ 1
[    3.134634] Kprobes globally optimized
[    3.140505] initcall init_optprobes+0x0/0x13 returned 0 after 5859 usecs
[    3.147509] calling  oom_init+0x0/0x2f @ 1
[    3.151737] initcall oom_init+0x0/0x2f returned 0 after 976 usecs
[    3.159506] calling  default_bdi_init+0x0/0xb3 @ 1
[    3.166724] initcall default_bdi_init+0x0/0xb3 returned 0 after 1953 usecs
[    3.167508] calling  percpu_enable_async+0x0/0xe @ 1
[    3.168508] initcall percpu_enable_async+0x0/0xe returned 0 after 0 usecs
[    3.169507] calling  kcompactd_init+0x0/0x8d @ 1
[    3.171684] initcall kcompactd_init+0x0/0x8d returned 0 after 976 usecs
[    3.172550] calling  init_user_reserve+0x0/0x40 @ 1
[    3.173509] initcall init_user_reserve+0x0/0x40 returned 0 after 0 usecs
[    3.174507] calling  init_admin_reserve+0x0/0x40 @ 1
[    3.175507] initcall init_admin_reserve+0x0/0x40 returned 0 after 0 usecs
[    3.176509] calling  init_reserve_notifier+0x0/0x7 @ 1
[    3.177507] initcall init_reserve_notifier+0x0/0x7 returned 0 after 0 usecs
[    3.179506] calling  swap_init_sysfs+0x0/0x62 @ 1
[    3.180521] initcall swap_init_sysfs+0x0/0x62 returned 0 after 0 usecs
[    3.181506] calling  swapfile_init+0x0/0x94 @ 1
[    3.182529] initcall swapfile_init+0x0/0x94 returned 0 after 0 usecs
[    3.183506] calling  hugetlb_init+0x0/0x49c @ 1
[    3.184507] HugeTLB registered 2.00 MiB page size, pre-allocated 0 pages
[    3.185573] initcall hugetlb_init+0x0/0x49c returned 0 after 976 usecs
[    3.186523] calling  io_wq_init+0x0/0x34 @ 1
[    3.187508] initcall io_wq_init+0x0/0x34 returned 0 after 0 usecs
[    3.188506] calling  seqiv_module_init+0x0/0xc @ 1
[    3.189686] initcall seqiv_module_init+0x0/0xc returned 0 after 0 usecs
[    3.190505] calling  echainiv_module_init+0x0/0xc @ 1
[    3.191506] initcall echainiv_module_init+0x0/0xc returned 0 after 0 usecs
[    3.192610] calling  rsa_init+0x0/0x50 @ 1
[    3.194849] initcall rsa_init+0x0/0x50 returned 0 after 976 usecs
[    3.195896] cryptomgr_test (29) used greatest stack depth: 14864 bytes left
[    3.195510] calling  crypto_cmac_module_init+0x0/0xc @ 1
[    3.195516] initcall crypto_cmac_module_init+0x0/0xc returned 0 after 0 usecs
[    3.195519] calling  hmac_module_init+0x0/0xc @ 1
[    3.195522] initcall hmac_module_init+0x0/0xc returned 0 after 0 usecs
[    3.195526] calling  crypto_null_mod_init+0x0/0x65 @ 1
[    3.236624] initcall crypto_null_mod_init+0x0/0x65 returned 0 after 3906 usecs
[    3.245845] calling  md5_mod_init+0x0/0xc @ 1
[    3.252607] initcall md5_mod_init+0x0/0xc returned 0 after 976 usecs
[    3.253521] calling  sha256_generic_mod_init+0x0/0x11 @ 1
[    3.256632] initcall sha256_generic_mod_init+0x0/0x11 returned 0 after 1953 usecs
[    3.257510] calling  crypto_cbc_module_init+0x0/0xc @ 1
[    3.258506] initcall crypto_cbc_module_init+0x0/0xc returned 0 after 0 usecs
[    3.260505] calling  crypto_ctr_module_init+0x0/0x11 @ 1
[    3.261507] initcall crypto_ctr_module_init+0x0/0x11 returned 0 after 0 usecs
[    3.262509] calling  crypto_gcm_module_init+0x0/0x64 @ 1
[    3.263574] initcall crypto_gcm_module_init+0x0/0x64 returned 0 after 0 usecs
[    3.264509] calling  crypto_ccm_module_init+0x0/0x11 @ 1
[    3.265521] initcall crypto_ccm_module_init+0x0/0x11 returned 0 after 0 usecs
[    3.266506] calling  aes_init+0x0/0xc @ 1
[    3.268801] initcall aes_init+0x0/0xc returned 0 after 976 usecs
[    3.276691] calling  crc32c_mod_init+0x0/0xc @ 1
[    3.282740] initcall crc32c_mod_init+0x0/0xc returned 0 after 0 usecs
[    3.290512] calling  crypto_authenc_module_init+0x0/0xc @ 1
[    3.297525] initcall crypto_authenc_module_init+0x0/0xc returned 0 after 0 usecs
[    3.306506] calling  crypto_authenc_esn_module_init+0x0/0xc @ 1
[    3.314509] initcall crypto_authenc_esn_module_init+0x0/0xc returned 0 after 0 usecs
[    3.324506] calling  drbg_init+0x0/0x7c @ 1
[    3.336732] initcall drbg_init+0x0/0x7c returned 0 after 6835 usecs
[    3.345509] calling  ghash_mod_init+0x0/0xc @ 1
[    3.352663] initcall ghash_mod_init+0x0/0xc returned 0 after 976 usecs
[    3.353532] calling  init_bio+0x0/0x9a @ 1
[    3.355561] initcall init_bio+0x0/0x9a returned 0 after 976 usecs
[    3.356747] calling  blk_settings_init+0x0/0x29 @ 1
[    3.357520] initcall blk_settings_init+0x0/0x29 returned 0 after 0 usecs
[    3.358504] calling  blk_ioc_init+0x0/0x29 @ 1
[    3.359530] initcall blk_ioc_init+0x0/0x29 returned 0 after 0 usecs
[    3.360505] calling  blk_mq_init+0x0/0xb9 @ 1
[    3.361509] initcall blk_mq_init+0x0/0xb9 returned 0 after 0 usecs
[    3.362505] calling  genhd_device_init+0x0/0x75 @ 1
[    3.364783] initcall genhd_device_init+0x0/0x75 returned 0 after 976 usecs
[    3.372614] calling  pci_slot_init+0x0/0x40 @ 1
[    3.379519] initcall pci_slot_init+0x0/0x40 returned 0 after 0 usecs
[    3.387510] calling  fbmem_init+0x0/0xd8 @ 1
[    3.394718] initcall fbmem_init+0x0/0xd8 returned 0 after 0 usecs
[    3.403509] calling  acpi_init+0x0/0x319 @ 1
[    3.409766] ACPI: Added _OSI(Module Device)
[    3.416508] ACPI: Added _OSI(Processor Device)
[    3.421505] ACPI: Added _OSI(3.0 _SCP Extensions)
[    3.427509] ACPI: Added _OSI(Processor Aggregator Device)
[    3.433507] ACPI: Added _OSI(Linux-Dell-Video)
[    3.438505] ACPI: Added _OSI(Linux-Lenovo-NV-HDMI-Audio)
[    3.445506] ACPI: Added _OSI(Linux-HPI-Hybrid-Graphics)
[    3.456331] ACPI: 1 ACPI AML tables successfully acquired and loaded
[    3.470247] ACPI: Interpreter enabled
[    3.475647] ACPI: (supports S0 S3 S4 S5)
[    3.479505] ACPI: Using IOAPIC for interrupt routing
[    3.485584] PCI: Using host bridge windows from ACPI; if necessary, use "pci=nocrs" and report a bug
[    3.497220] ACPI: Enabled 2 GPEs in block 00 to 3F
[    3.514359] ACPI: PCI Root Bridge [PCI0] (domain 0000 [bus 00-ff])
[    3.522528] acpi PNP0A08:00: _OSC: OS supports [ExtendedConfig ASPM ClockPM Segments MSI HPX-Type3]
[    3.533600] acpi PNP0A08:00: _OSC: platform does not support [LTR]
[    3.541810] acpi PNP0A08:00: _OSC: OS now controls [PME PCIeCapability]
[    3.550086] PCI host bridge to bus 0000:00
[    3.555524] pci_bus 0000:00: root bus resource [io  0x0000-0x0cf7 window]
[    3.563510] pci_bus 0000:00: root bus resource [io  0x0d00-0xffff window]
[    3.572507] pci_bus 0000:00: root bus resource [mem 0x000a0000-0x000bffff window]
[    3.581510] pci_bus 0000:00: root bus resource [mem 0x20000000-0xafffffff window]
[    3.591531] pci_bus 0000:00: root bus resource [mem 0xc0000000-0xfebfffff window]
[    3.600503] pci_bus 0000:00: root bus resource [mem 0x100000000-0x8ffffffff window]
[    3.610510] pci_bus 0000:00: root bus resource [bus 00-ff]
[    3.618903] pci 0000:00:00.0: calling  quirk_mmio_always_on+0x0/0x10 @ 1
[    3.626582] pci 0000:00:00.0: quirk_mmio_always_on+0x0/0x10 took 0 usecs
[    3.635532] pci 0000:00:00.0: [8086:29c0] type 00 class 0x060000
[    3.646004] pci 0000:00:00.0: calling  quirk_igfx_skip_te_disable+0x0/0x80 @ 1
[    3.654510] pci 0000:00:00.0: quirk_igfx_skip_te_disable+0x0/0x80 took 0 usecs
[    3.664587] pci 0000:00:01.0: [1234:1111] type 00 class 0x030000
[    3.679361] pci 0000:00:01.0: reg 0x10: [mem 0xfd000000-0xfdffffff pref]
[    3.696293] pci 0000:00:01.0: reg 0x18: [mem 0xfebf0000-0xfebf0fff]
[    3.727495] pci 0000:00:01.0: reg 0x30: [mem 0xfebe0000-0xfebeffff pref]
[    3.755495] pci 0000:00:01.0: calling  efifb_fixup_resources+0x0/0xf0 @ 1
[    3.768780] pci 0000:00:01.0: efifb_fixup_resources+0x0/0xf0 took 0 usecs
[    3.798248] pci 0000:00:1f.0: [8086:2918] type 00 class 0x060100
[    3.812251] pci 0000:00:1f.0: calling  quirk_ich7_lpc+0x0/0x60 @ 1
[    3.820745] pci 0000:00:1f.0: quirk: [io  0x0600-0x067f] claimed by ICH6 ACPI/GPIO/TCO
[    3.829934] pci 0000:00:1f.0: quirk_ich7_lpc+0x0/0x60 took 9765 usecs
[    3.837836] pci 0000:00:1f.0: calling  quirk_igfx_skip_te_disable+0x0/0x80 @ 1
[    3.847553] pci 0000:00:1f.0: quirk_igfx_skip_te_disable+0x0/0x80 took 0 usecs
[    3.860507] pci 0000:00:1f.2: [8086:2922] type 00 class 0x010601
[    3.880506] pci 0000:00:1f.2: reg 0x20: [io  0xc040-0xc05f]
[    3.888505] pci 0000:00:1f.2: reg 0x24: [mem 0xfebf1000-0xfebf1fff]
[    3.897621] pci 0000:00:1f.2: calling  quirk_igfx_skip_te_disable+0x0/0x80 @ 1
[    3.906511] pci 0000:00:1f.2: quirk_igfx_skip_te_disable+0x0/0x80 took 0 usecs
[    3.918664] pci 0000:00:1f.3: [8086:2930] type 00 class 0x0c0500
[    3.931503] pci 0000:00:1f.3: reg 0x20: [io  0x0700-0x073f]
[    3.941088] pci 0000:00:1f.3: calling  quirk_igfx_skip_te_disable+0x0/0x80 @ 1
[    3.950519] pci 0000:00:1f.3: quirk_igfx_skip_te_disable+0x0/0x80 took 0 usecs
[    3.974120] ACPI: PCI Interrupt Link [LNKA] (IRQs 5 *10 11)
[    3.983097] ACPI: PCI Interrupt Link [LNKB] (IRQs 5 *10 11)
[    3.989830] ACPI: PCI Interrupt Link [LNKC] (IRQs 5 10 *11)
[    3.997564] ACPI: PCI Interrupt Link [LNKD] (IRQs 5 10 *11)
[    4.005060] ACPI: PCI Interrupt Link [LNKE] (IRQs 5 *10 11)
[    4.012953] ACPI: PCI Interrupt Link [LNKF] (IRQs 5 *10 11)
[    4.020557] ACPI: PCI Interrupt Link [LNKG] (IRQs 5 10 *11)
[    4.026131] ACPI: PCI Interrupt Link [LNKH] (IRQs 5 10 *11)
[    4.033756] ACPI: PCI Interrupt Link [GSIA] (IRQs *16)
[    4.039555] ACPI: PCI Interrupt Link [GSIB] (IRQs *17)
[    4.045501] ACPI: PCI Interrupt Link [GSIC] (IRQs *18)
[    4.052556] ACPI: PCI Interrupt Link [GSID] (IRQs *19)
[    4.058556] ACPI: PCI Interrupt Link [GSIE] (IRQs *20)
[    4.064556] ACPI: PCI Interrupt Link [GSIF] (IRQs *21)
[    4.071575] ACPI: PCI Interrupt Link [GSIG] (IRQs *22)
[    4.078572] ACPI: PCI Interrupt Link [GSIH] (IRQs *23)
[    4.088272] initcall acpi_init+0x0/0x319 returned 0 after 663085 usecs
[    4.096634] calling  pnp_init+0x0/0xc @ 1
[    4.101659] initcall pnp_init+0x0/0xc returned 0 after 0 usecs
[    4.108507] calling  misc_init+0x0/0xbf @ 1
[    4.113518] initcall misc_init+0x0/0xbf returned 0 after 0 usecs
[    4.121508] calling  iommu_subsys_init+0x0/0x4e @ 1
[    4.127570] iommu: Default domain type: Translated 
[    4.133509] initcall iommu_subsys_init+0x0/0x4e returned 0 after 5859 usecs
[    4.142510] calling  vga_arb_device_init+0x0/0x261 @ 1
[    4.152074] pci 0000:00:01.0: vgaarb: setting as boot VGA device
[    4.152495] pci 0000:00:01.0: vgaarb: VGA device added: decodes=io+mem,owns=io+mem,locks=none
[    4.170516] pci 0000:00:01.0: vgaarb: bridge control possible
[    4.177504] vgaarb: loaded
[    4.181513] initcall vga_arb_device_init+0x0/0x261 returned 0 after 32226 usecs
[    4.190743] calling  cn_init+0x0/0xf0 @ 1
[    4.196966] initcall cn_init+0x0/0xf0 returned 0 after 0 usecs
[    4.203509] calling  dma_buf_init+0x0/0xad @ 1
[    4.210101] initcall dma_buf_init+0x0/0xad returned 0 after 976 usecs
[    4.217517] calling  dma_resv_lockdep+0x0/0x281 @ 1
[    4.226999] initcall dma_resv_lockdep+0x0/0x281 returned 0 after 6835 usecs
[    4.234507] calling  init_scsi+0x0/0x79 @ 1
[    4.244045] SCSI subsystem initialized
[    4.248507] initcall init_scsi+0x0/0x79 returned 0 after 7812 usecs
[    4.256511] calling  ata_init+0x0/0x332 @ 1
[    4.274676] libata version 3.00 loaded.
[    4.275511] initcall ata_init+0x0/0x332 returned 0 after 12695 usecs
[    4.276643] calling  phy_init+0x0/0x250 @ 1
[    4.280206] initcall phy_init+0x0/0x250 returned 0 after 1953 usecs
[    4.280506] calling  init_pcmcia_cs+0x0/0x35 @ 1
[    4.281584] initcall init_pcmcia_cs+0x0/0x35 returned 0 after 0 usecs
[    4.282506] calling  usb_common_init+0x0/0x1c @ 1
[    4.283769] initcall usb_common_init+0x0/0x1c returned 0 after 0 usecs
[    4.284506] calling  usb_init+0x0/0x12e @ 1
[    4.286084] ACPI: bus type USB registered
[    4.288666] usbcore: registered new interface driver usbfs
[    4.291284] usbcore: registered new interface driver hub
[    4.292612] usbcore: registered new device driver usb
[    4.293511] initcall usb_init+0x0/0x12e returned 0 after 7812 usecs
[    4.294510] calling  serio_init+0x0/0x29 @ 1
[    4.296840] initcall serio_init+0x0/0x29 returned 0 after 976 usecs
[    4.297508] calling  input_init+0x0/0xf6 @ 1
[    4.298980] initcall input_init+0x0/0xf6 returned 0 after 0 usecs
[    4.299506] calling  rtc_init+0x0/0x4d @ 1
[    4.301517] initcall rtc_init+0x0/0x4d returned 0 after 976 usecs
[    4.302507] calling  pps_init+0x0/0xa9 @ 1
[    4.303778] pps_core: LinuxPPS API ver. 1 registered
[    4.304503] pps_core: Software ver. 5.3.6 - Copyright 2005-2007 Rodolfo Giometti <giometti@linux.it>
[    4.305507] initcall pps_init+0x0/0xa9 returned 0 after 1953 usecs
[    4.306711] calling  ptp_init+0x0/0x98 @ 1
[    4.307525] PTP clock support registered
[    4.308505] initcall ptp_init+0x0/0x98 returned 0 after 976 usecs
[    4.309505] calling  power_supply_class_init+0x0/0x3f @ 1
[    4.311929] initcall power_supply_class_init+0x0/0x3f returned 0 after 976 usecs
[    4.312508] calling  hwmon_init+0x0/0x104 @ 1
[    4.313528] initcall hwmon_init+0x0/0x104 returned 0 after 0 usecs
[    4.314505] calling  md_init+0x0/0x16b @ 1
[    4.317681] initcall md_init+0x0/0x16b returned 0 after 2929 usecs
[    4.325512] calling  leds_init+0x0/0x3b @ 1
[    4.331694] initcall leds_init+0x0/0x3b returned 0 after 0 usecs
[    4.339510] calling  dmi_init+0x0/0x113 @ 1
[    4.346247] initcall dmi_init+0x0/0x113 returned 0 after 976 usecs
[    4.356523] calling  efisubsys_init+0x0/0x4e7 @ 1
[    4.363666] initcall efisubsys_init+0x0/0x4e7 returned 0 after 0 usecs
[    4.373515] calling  nvmem_init+0x0/0xc @ 1
[    4.379870] initcall nvmem_init+0x0/0xc returned 0 after 0 usecs
[    4.388507] calling  init_soundcore+0x0/0x33 @ 1
[    4.393581] initcall init_soundcore+0x0/0x33 returned 0 after 0 usecs
[    4.401505] calling  alsa_sound_init+0x0/0x8f @ 1
[    4.407503] Advanced Linux Sound Architecture Driver Initialized.
[    4.415508] initcall alsa_sound_init+0x0/0x8f returned 0 after 8789 usecs
[    4.425740] calling  alsa_seq_device_init+0x0/0x71 @ 1
[    4.426876] initcall alsa_seq_device_init+0x0/0x71 returned 0 after 0 usecs
[    4.427508] calling  hda_bus_init+0x0/0xc @ 1
[    4.428614] initcall hda_bus_init+0x0/0xc returned 0 after 0 usecs
[    4.429511] calling  proto_init+0x0/0xc @ 1
[    4.430840] initcall proto_init+0x0/0xc returned 0 after 0 usecs
[    4.431508] calling  net_dev_init+0x0/0x27f @ 1
[    4.442991] initcall net_dev_init+0x0/0x27f returned 0 after 9765 usecs
[    4.443509] calling  neigh_init+0x0/0x84 @ 1
[    4.444630] initcall neigh_init+0x0/0x84 returned 0 after 0 usecs
[    4.445510] calling  fib_notifier_init+0x0/0xc @ 1
[    4.446537] initcall fib_notifier_init+0x0/0xc returned 0 after 0 usecs
[    4.447509] calling  fib_rules_init+0x0/0xab @ 1
[    4.449603] initcall fib_rules_init+0x0/0xab returned 0 after 976 usecs
[    4.450599] calling  pktsched_init+0x0/0x10e @ 1
[    4.452569] initcall pktsched_init+0x0/0x10e returned 0 after 976 usecs
[    4.453510] calling  tc_filter_init+0x0/0xfa @ 1
[    4.454910] initcall tc_filter_init+0x0/0xfa returned 0 after 0 usecs
[    4.455507] calling  tc_action_init+0x0/0x54 @ 1
[    4.456518] initcall tc_action_init+0x0/0x54 returned 0 after 0 usecs
[    4.457504] calling  ethnl_init+0x0/0x52 @ 1
[    4.459646] initcall ethnl_init+0x0/0x52 returned 0 after 976 usecs
[    4.460632] calling  nexthop_init+0x0/0xd8 @ 1
[    4.463025] initcall nexthop_init+0x0/0xd8 returned 0 after 0 usecs
[    4.463516] calling  cipso_v4_init+0x0/0x8d @ 1
[    4.465254] initcall cipso_v4_init+0x0/0x8d returned 0 after 0 usecs
[    4.465506] calling  ieee80211_init+0x0/0x24 @ 1
[    4.467514] initcall ieee80211_init+0x0/0x24 returned 0 after 976 usecs
[    4.468505] calling  netlbl_init+0x0/0x78 @ 1
[    4.469524] NetLabel: Initializing
[    4.470500] NetLabel:  domain hash size = 128
[    4.471500] NetLabel:  protocols = UNLABELED CIPSOv4 CALIPSO
[    4.472637] NetLabel:  unlabeled traffic allowed by default
[    4.473506] initcall netlbl_init+0x0/0x78 returned 0 after 3906 usecs
[    4.474504] calling  rfkill_init+0x0/0x136 @ 1
[    4.477521] initcall rfkill_init+0x0/0x136 returned 0 after 1953 usecs
[    4.478517] calling  pci_subsys_init+0x0/0x66 @ 1
[    4.479576] PCI: Using ACPI for IRQ routing
[    5.270341] PCI: pci_cache_line_size set to 64 bytes
[    5.272280] e820: reserve RAM buffer [mem 0x0009fc00-0x0009ffff]
[    5.273523] e820: reserve RAM buffer [mem 0x1ffdf000-0x1fffffff]
[    5.274552] initcall pci_subsys_init+0x0/0x66 returned 0 after 776367 usecs
[    5.277036] calling  nmi_warning_debugfs+0x0/0x26 @ 1
[    5.278517] initcall nmi_warning_debugfs+0x0/0x26 returned 0 after 976 usecs
[    5.279527] calling  save_microcode_in_initrd+0x0/0x51 @ 1
[    5.280632] initcall save_microcode_in_initrd+0x0/0x51 returned 0 after 0 usecs
[    5.281508] calling  hpet_late_init+0x0/0x20a @ 1
[    5.282713] hpet: 3 channels of 0 reserved for per-cpu timers
[    5.285599] hpet0: at MMIO 0xfed00000, IRQs 2, 8, 0
[    5.287501] hpet0: 3 comparators, 64-bit 100.000000 MHz counter
[    5.294505] initcall hpet_late_init+0x0/0x20a returned 0 after 11718 usecs
[    5.295512] calling  init_amd_nbs+0x0/0x11c @ 1
[    5.296569] initcall init_amd_nbs+0x0/0x11c returned 0 after 0 usecs
[    5.297530] calling  clocksource_done_booting+0x0/0x43 @ 1
[    5.299683] clocksource: Switched to clocksource kvm-clock
[    5.306664] initcall clocksource_done_booting+0x0/0x43 returned 0 after 7972 usecs
[    5.315621] calling  tracer_init_tracefs+0x0/0x248 @ 1
[    5.589908] initcall tracer_init_tracefs+0x0/0x248 returned 0 after 261348 usecs
[    5.598335] calling  init_trace_printk_function_export+0x0/0x2c @ 1
[    5.605807] initcall init_trace_printk_function_export+0x0/0x2c returned 0 after 24 usecs
[    5.615343] calling  init_kprobe_trace+0x0/0x1ab @ 1
[    5.621476] initcall init_kprobe_trace+0x0/0x1ab returned 0 after 42 usecs
[    5.629477] calling  init_dynamic_event+0x0/0x3d @ 1
[    5.635302] initcall init_dynamic_event+0x0/0x3d returned 0 after 16 usecs
[    5.643320] calling  init_uprobe_trace+0x0/0x5c @ 1
[    5.649186] initcall init_uprobe_trace+0x0/0x5c returned 0 after 50 usecs
[    5.657071] calling  init_pipe_fs+0x0/0x44 @ 1
[    5.662701] initcall init_pipe_fs+0x0/0x44 returned 0 after 335 usecs
[    5.670229] calling  inotify_user_setup+0x0/0x47 @ 1
[    5.677050] initcall inotify_user_setup+0x0/0x47 returned 0 after 326 usecs
[    5.685612] calling  eventpoll_init+0x0/0xeb @ 1
[    5.691842] initcall eventpoll_init+0x0/0xeb returned 0 after 583 usecs
[    5.699767] calling  anon_inode_init+0x0/0x58 @ 1
[    5.705402] initcall anon_inode_init+0x0/0x58 returned 0 after 149 usecs
[    5.713205] calling  proc_locks_init+0x0/0x27 @ 1
[    5.718866] initcall proc_locks_init+0x0/0x27 returned 0 after 41 usecs
[    5.727179] calling  iomap_init+0x0/0x1b @ 1
[    5.733152] initcall iomap_init+0x0/0x1b returned 0 after 967 usecs
[    5.740347] calling  dquot_init+0x0/0x106 @ 1
[    5.745501] VFS: Disk quotas dquot_6.6.0
[    5.750215] VFS: Dquot-cache hash table entries: 512 (order 0, 4096 bytes)
[    5.758103] initcall dquot_init+0x0/0x106 returned 0 after 12304 usecs
[    5.765839] calling  quota_init+0x0/0x23 @ 1
[    5.770908] initcall quota_init+0x0/0x23 returned 0 after 31 usecs
[    5.778038] calling  proc_cmdline_init+0x0/0x21 @ 1
[    5.783781] initcall proc_cmdline_init+0x0/0x21 returned 0 after 6 usecs
[    5.791489] calling  proc_consoles_init+0x0/0x24 @ 1
[    5.797282] initcall proc_consoles_init+0x0/0x24 returned 0 after 6 usecs
[    5.805405] calling  proc_cpuinfo_init+0x0/0x1e @ 1
[    5.811133] initcall proc_cpuinfo_init+0x0/0x1e returned 0 after 6 usecs
[    5.818858] calling  proc_devices_init+0x0/0x24 @ 1
[    5.824606] initcall proc_devices_init+0x0/0x24 returned 0 after 4 usecs
[    5.832322] calling  proc_interrupts_init+0x0/0x24 @ 1
[    5.838397] initcall proc_interrupts_init+0x0/0x24 returned 0 after 4 usecs
[    5.846437] calling  proc_loadavg_init+0x0/0x21 @ 1
[    5.852223] initcall proc_loadavg_init+0x0/0x21 returned 0 after 6 usecs
[    5.860136] calling  proc_meminfo_init+0x0/0x21 @ 1
[    5.866263] initcall proc_meminfo_init+0x0/0x21 returned 0 after 5 usecs
[    5.874860] calling  proc_stat_init+0x0/0x1e @ 1
[    5.880691] initcall proc_stat_init+0x0/0x1e returned 0 after 5 usecs
[    5.888207] calling  proc_uptime_init+0x0/0x21 @ 1
[    5.894072] initcall proc_uptime_init+0x0/0x21 returned 0 after 5 usecs
[    5.901935] calling  proc_version_init+0x0/0x21 @ 1
[    5.907794] initcall proc_version_init+0x0/0x21 returned 0 after 6 usecs
[    5.915570] calling  proc_softirqs_init+0x0/0x21 @ 1
[    5.921449] initcall proc_softirqs_init+0x0/0x21 returned 0 after 4 usecs
[    5.929346] calling  proc_kcore_init+0x0/0xea @ 1
[    5.935175] initcall proc_kcore_init+0x0/0xea returned 0 after 105 usecs
[    5.945723] calling  vmcore_init+0x0/0x57b @ 1
[    5.952206] initcall vmcore_init+0x0/0x57b returned 0 after 1 usecs
[    5.961123] calling  proc_kmsg_init+0x0/0x21 @ 1
[    5.967414] initcall proc_kmsg_init+0x0/0x21 returned 0 after 8 usecs
[    5.974933] calling  proc_page_init+0x0/0x3b @ 1
[    5.980436] initcall proc_page_init+0x0/0x3b returned 0 after 21 usecs
[    5.988041] calling  init_ramfs_fs+0x0/0xc @ 1
[    5.993220] initcall init_ramfs_fs+0x0/0xc returned 0 after 19 usecs
[    6.000611] calling  init_hugetlbfs_fs+0x0/0xf6 @ 1
[    6.006822] initcall init_hugetlbfs_fs+0x0/0xf6 returned 0 after 468 usecs
[    6.014778] calling  blk_scsi_ioctl_init+0x0/0x2a5 @ 1
[    6.020872] initcall blk_scsi_ioctl_init+0x0/0x2a5 returned 0 after 19 usecs
[    6.029142] calling  acpi_event_init+0x0/0x2c @ 1
[    6.034686] initcall acpi_event_init+0x0/0x2c returned 0 after 36 usecs
[    6.042331] calling  pnp_system_init+0x0/0xc @ 1
[    6.047873] initcall pnp_system_init+0x0/0xc returned 0 after 46 usecs
[    6.055554] calling  pnpacpi_init+0x0/0x69 @ 1
[    6.060966] pnp: PnP ACPI init
[    6.065155] pnp 00:00: Plug and Play ACPI device, IDs PNP0303 (active)
[    6.072892] pnp 00:01: Plug and Play ACPI device, IDs PNP0f13 (active)
[    6.081549] pnp 00:02: Plug and Play ACPI device, IDs PNP0400 (active)
[    6.089809] pnp 00:03: Plug and Play ACPI device, IDs PNP0501 (active)
[    6.098736] pnp 00:04: Plug and Play ACPI device, IDs PNP0b00 (active)
[    6.108468] system 00:05: [mem 0xb0000000-0xbfffffff window] has been reserved
[    6.118886] system 00:05: Plug and Play ACPI device, IDs PNP0c01 (active)
[    6.128916] pnp: PnP ACPI: found 6 devices
[    6.136062] initcall pnpacpi_init+0x0/0x69 returned 0 after 73329 usecs
[    6.145256] calling  chr_dev_init+0x0/0x14d @ 1
[    6.248867] initcall chr_dev_init+0x0/0x14d returned 0 after 94946 usecs
[    6.257813] calling  firmware_class_init+0x0/0x14a @ 1
[    6.263838] initcall firmware_class_init+0x0/0x14a returned 0 after 52 usecs
[    6.271758] calling  init_pcmcia_bus+0x0/0x5b @ 1
[    6.277268] initcall init_pcmcia_bus+0x0/0x5b returned 0 after 91 usecs
[    6.284984] calling  init_acpi_pm_clocksource+0x0/0xda @ 1
[    6.297550] clocksource: acpi_pm: mask: 0xffffff max_cycles: 0xffffff, max_idle_ns: 2085701024 ns
[    6.307962] initcall init_acpi_pm_clocksource+0x0/0xda returned 0 after 16238 usecs
[    6.316650] calling  sysctl_core_init+0x0/0x26 @ 1
[    6.322440] initcall sysctl_core_init+0x0/0x26 returned 0 after 38 usecs
[    6.330092] calling  eth_offload_init+0x0/0x13 @ 1
[    6.335854] initcall eth_offload_init+0x0/0x13 returned 0 after 28 usecs
[    6.343726] calling  ipv4_offload_init+0x0/0x73 @ 1
[    6.349604] initcall ipv4_offload_init+0x0/0x73 returned 0 after 148 usecs
[    6.357902] calling  inet_init+0x0/0x276 @ 1
[    6.363121] NET: Registered protocol family 2
[    6.368911] IP idents hash table entries: 8192 (order: 4, 65536 bytes, linear)
[    6.380864] tcp_listen_portaddr_hash hash table entries: 256 (order: 2, 20480 bytes, linear)
[    6.391165] TCP established hash table entries: 4096 (order: 3, 32768 bytes, linear)
[    6.400337] TCP bind hash table entries: 4096 (order: 6, 294912 bytes, linear)
[    6.409999] TCP: Hash tables configured (established 4096 bind 4096)
[    6.419016] UDP hash table entries: 256 (order: 3, 40960 bytes, linear)
[    6.427749] UDP-Lite hash table entries: 256 (order: 3, 40960 bytes, linear)
[    6.436686] initcall inet_init+0x0/0x276 returned 0 after 71978 usecs
[    6.446747] calling  af_unix_init+0x0/0x4d @ 1
[    6.452085] NET: Registered protocol family 1
[    6.457273] initcall af_unix_init+0x0/0x4d returned 0 after 5090 usecs
[    6.464834] calling  ipv6_offload_init+0x0/0x7e @ 1
[    6.470885] initcall ipv6_offload_init+0x0/0x7e returned 0 after 69 usecs
[    6.478683] calling  init_sunrpc+0x0/0x65 @ 1
[    6.489035] RPC: Registered named UNIX socket transport module.
[    6.496289] RPC: Registered udp transport module.
[    6.501844] RPC: Registered tcp transport module.
[    6.507573] RPC: Registered tcp NFSv4.1 backchannel transport module.
[    6.515011] initcall init_sunrpc+0x0/0x65 returned 0 after 30370 usecs
[    6.522923] calling  cfg80211_init+0x0/0xc5 @ 1
[    6.530822] initcall cfg80211_init+0x0/0xc5 returned 0 after 2451 usecs
[    6.539755] calling  pcibios_assign_resources+0x0/0xbf @ 1
[    6.547753] pci_bus 0000:00: resource 4 [io  0x0000-0x0cf7 window]
[    6.556926] pci_bus 0000:00: resource 5 [io  0x0d00-0xffff window]
[    6.565675] pci_bus 0000:00: resource 6 [mem 0x000a0000-0x000bffff window]
[    6.573517] pci_bus 0000:00: resource 7 [mem 0x20000000-0xafffffff window]
[    6.581590] pci_bus 0000:00: resource 8 [mem 0xc0000000-0xfebfffff window]
[    6.590555] pci_bus 0000:00: resource 9 [mem 0x100000000-0x8ffffffff window]
[    6.599229] initcall pcibios_assign_resources+0x0/0xbf returned 0 after 50334 usecs
[    6.608751] calling  pci_apply_final_quirks+0x0/0x124 @ 1
[    6.615893] pci 0000:00:01.0: calling  pci_fixup_video+0x0/0xe0 @ 1
[    6.625297] pci 0000:00:01.0: Video device with shadowed ROM at [mem 0x000c0000-0x000dffff]
[    6.636197] pci 0000:00:01.0: pci_fixup_video+0x0/0xe0 took 10943 usecs
[    6.645120] PCI: CLS 0 bytes, default 64
[    6.650844] initcall pci_apply_final_quirks+0x0/0x124 returned 0 after 34415 usecs
[    6.659670] calling  acpi_reserve_resources+0x0/0xea @ 1
[    6.665738] initcall acpi_reserve_resources+0x0/0xea returned 0 after 36 usecs
[    6.673801] calling  populate_rootfs+0x0/0x102 @ 1
[    6.681393] initcall populate_rootfs+0x0/0x102 returned 0 after 2216 usecs
[    6.689261] calling  pci_iommu_init+0x0/0x3e @ 1
[    6.694864] initcall pci_iommu_init+0x0/0x3e returned 0 after 81 usecs
[    6.702271] calling  ia32_binfmt_init+0x0/0x13 @ 1
[    6.707779] initcall ia32_binfmt_init+0x0/0x13 returned 0 after 8 usecs
[    6.715228] calling  rapl_pmu_init+0x0/0x267 @ 1
[    6.720689] initcall rapl_pmu_init+0x0/0x267 returned -19 after 51 usecs
[    6.728334] calling  amd_uncore_init+0x0/0x310 @ 1
[    6.733805] initcall amd_uncore_init+0x0/0x310 returned -19 after 0 usecs
[    6.741432] calling  amd_ibs_init+0x0/0x27b @ 1
[    6.746636] initcall amd_ibs_init+0x0/0x27b returned -19 after 0 usecs
[    6.754058] calling  amd_iommu_pc_init+0x0/0x22c @ 1
[    6.759781] initcall amd_iommu_pc_init+0x0/0x22c returned -19 after 56 usecs
[    6.768178] calling  msr_init+0x0/0x55 @ 1
[    6.773393] initcall msr_init+0x0/0x55 returned 0 after 497 usecs
[    6.780488] calling  intel_uncore_init+0x0/0x36f @ 1
[    6.786287] initcall intel_uncore_init+0x0/0x36f returned -19 after 25 usecs
[    6.794356] calling  cstate_pmu_init+0x0/0x1a1 @ 1
[    6.799951] initcall cstate_pmu_init+0x0/0x1a1 returned -19 after 4 usecs
[    6.807852] calling  register_kernel_offset_dumper+0x0/0x1a @ 1
[    6.814768] initcall register_kernel_offset_dumper+0x0/0x1a returned 0 after 1 usecs
[    6.823784] calling  i8259A_init_ops+0x0/0x20 @ 1
[    6.829401] initcall i8259A_init_ops+0x0/0x20 returned 0 after 2 usecs
[    6.837009] calling  init_tsc_clocksource+0x0/0xa4 @ 1
[    6.843124] clocksource: tsc: mask: 0xffffffffffffffff max_cycles: 0x39a85afc727, max_idle_ns: 881590685098 ns
[    6.854778] initcall init_tsc_clocksource+0x0/0xa4 returned 0 after 11393 usecs
[    6.871458] calling  add_rtc_cmos+0x0/0xb0 @ 1
[    6.877864] initcall add_rtc_cmos+0x0/0xb0 returned 0 after 998 usecs
[    6.885443] calling  i8237A_init_ops+0x0/0x3a @ 1
[    6.891485] initcall i8237A_init_ops+0x0/0x3a returned 0 after 488 usecs
[    6.899262] calling  umwait_init+0x0/0x94 @ 1
[    6.904499] initcall umwait_init+0x0/0x94 returned -19 after 15 usecs
[    6.912023] calling  thermal_throttle_init_device+0x0/0x3d @ 1
[    6.919131] initcall thermal_throttle_init_device+0x0/0x3d returned 0 after 98 usecs
[    6.928233] calling  msr_init+0x0/0xd7 @ 1
[    6.948388] initcall msr_init+0x0/0xd7 returned 0 after 14954 usecs
[    6.955923] calling  cpuid_init+0x0/0xd7 @ 1
[    6.963842] initcall cpuid_init+0x0/0xd7 returned 0 after 2749 usecs
[    6.971377] calling  ioapic_init_ops+0x0/0x13 @ 1
[    6.976876] initcall ioapic_init_ops+0x0/0x13 returned 0 after 33 usecs
[    6.984621] calling  add_pcspkr+0x0/0x6c @ 1
[    6.989939] initcall add_pcspkr+0x0/0x6c returned 0 after 250 usecs
[    7.000092] calling  start_periodic_check_for_corruption+0x0/0x30 @ 1
[    7.007452] check: Scanning for low memory corruption every 60 seconds
[    7.014872] initcall start_periodic_check_for_corruption+0x0/0x30 returned 0 after 7253 usecs
[    7.026498] calling  sysfb_init+0x0/0x9c @ 1
[    7.031779] initcall sysfb_init+0x0/0x9c returned 0 after 208 usecs
[    7.039025] calling  audit_classes_init+0x0/0xae @ 1
[    7.044899] initcall audit_classes_init+0x0/0xae returned 0 after 75 usecs
[    7.052665] calling  iosf_mbi_init+0x0/0x24 @ 1
[    7.058216] initcall iosf_mbi_init+0x0/0x24 returned 0 after 436 usecs
[    7.065750] calling  proc_execdomains_init+0x0/0x21 @ 1
[    7.071995] initcall proc_execdomains_init+0x0/0x21 returned 0 after 278 usecs
[    7.080136] calling  register_warn_debugfs+0x0/0x23 @ 1
[    7.086639] initcall register_warn_debugfs+0x0/0x23 returned 0 after 441 usecs
[    7.094824] calling  cpuhp_sysfs_init+0x0/0x79 @ 1
[    7.100688] initcall cpuhp_sysfs_init+0x0/0x79 returned 0 after 200 usecs
[    7.108381] calling  ioresources_init+0x0/0x49 @ 1
[    7.113949] initcall ioresources_init+0x0/0x49 returned 0 after 9 usecs
[    7.121657] calling  lockdep_proc_init+0x0/0x64 @ 1
[    7.127225] initcall lockdep_proc_init+0x0/0x64 returned 0 after 58 usecs
[    7.135050] calling  snapshot_device_init+0x0/0xc @ 1
[    7.142635] initcall snapshot_device_init+0x0/0xc returned 0 after 1807 usecs
[    7.150818] calling  irq_pm_init_ops+0x0/0x13 @ 1
[    7.156233] initcall irq_pm_init_ops+0x0/0x13 returned 0 after 27 usecs
[    7.163727] calling  rcu_torture_init+0x0/0x9be @ 1
[    7.170035] tasks-rude-torture:--- Start of test: nreaders=1 nfakewriters=4 stat_interval=15 verbose=1 test_no_idle_hz=1 shuffle_interval=3 stutter=5 irqreader=1 fqs_duration=0 fqs_holdoff=0 fqs_stutter=3 test_boost=1/0 test_boost_interval=7 test_boost_duration=4 shutdown_secs=1800 stall_cpu=0 stall_cpu_holdoff=10 stall_cpu_irqsoff=0 stall_cpu_block=0 n_barrier_cbs=4 onoff_interval=1000 onoff_holdoff=30 read_exit_delay=13 read_exit_burst=16
[    7.215190] tasks-rude:  Start-test grace-period state: g0 f0x0
[    7.222227] tasks-rude-torture: Creating rcu_torture_writer task
[    7.232941] tasks-rude-torture: Creating rcu_torture_fakewriter task
[    7.233207] tasks-rude-torture: rcu_torture_writer task started
[    7.241162] tasks-rude-torture: Creating rcu_torture_fakewriter task
[    7.248167] tasks-rude-torture: GP expediting controlled from boot/sysfs for tasks-rude.
[    7.248193] rcu_torture_writer: Testing expedited GPs.
[    7.255802] tasks-rude-torture: rcu_torture_fakewriter task started
[    7.265262] rcu_torture_writer: Testing asynchronous GPs.
[    7.271736] tasks-rude-torture: Creating rcu_torture_fakewriter task
[    7.278681] rcu_torture_writer: Testing normal GPs.
[    7.278702] tasks-rude-torture: rcu_torture_fakewriter task started
[    7.314193] tasks-rude-torture: Creating rcu_torture_fakewriter task
[    7.314837] tasks-rude-torture: rcu_torture_fakewriter task started
[    7.321784] tasks-rude-torture: Creating rcu_torture_reader task
[    7.330969] tasks-rude-torture: rcu_torture_fakewriter task started
[    7.338742] tasks-rude-torture: Creating rcu_torture_stats task
[    7.348195] tasks-rude-torture: rcu_torture_reader task started
[    7.355247] tasks-rude-torture: Creating torture_shuffle task
[    7.364379] tasks-rude-torture: rcu_torture_stats task started
[    7.371070] tasks-rude-torture: Creating torture_stutter task
[    7.371153] tasks-rude-torture: torture_shuffle task started
[    7.394102] tasks-rude-torture: Creating torture_shutdown task
[    7.394105] tasks-rude-torture: torture_stutter task started
[    7.413342] tasks-rude-torture: Creating torture_onoff task
[    7.413861] tasks-rude-torture: torture_shutdown task started
[    7.419891] tasks-rude-torture: rcu_torture_fwd_prog_init: Disabled, unsupported by RCU flavor under test
[    7.428468] tasks-rude-torture:torture_shutdown task: 1799965 ms remaining
[    7.442881] tasks-rude-torture: torture_onoff task started
[    7.453345] tasks-rude-torture: Creating rcu_torture_barrier_cbs task
[    7.459752] tasks-rude-torture: torture_onoff begin holdoff
[    7.479398] tasks-rude-torture: Creating rcu_torture_barrier_cbs task
[    7.479425] tasks-rude-torture: rcu_torture_barrier_cbs task started
[    7.489064] tasks-rude-torture: Creating rcu_torture_barrier_cbs task
[    7.496803] tasks-rude-torture: rcu_torture_barrier_cbs task started
[    7.505285] tasks-rude-torture: Creating rcu_torture_barrier_cbs task
[    7.513786] tasks-rude-torture: rcu_torture_barrier_cbs task started
[    7.522100] tasks-rude-torture: Creating rcu_torture_barrier task
[    7.529923] tasks-rude-torture: rcu_torture_barrier_cbs task started
[    7.537172] tasks-rude-torture: Creating rcu_torture_read_exit task
[    7.544987] tasks-rude-torture: rcu_torture_barrier task starting
[    7.553459] initcall rcu_torture_init+0x0/0x9be returned 0 after 374997 usecs
[    7.569889] tasks-rude-torture: rcu_torture_read_exit: Start of test
[    7.570189] calling  timekeeping_init_ops+0x0/0x13 @ 1
[    7.583671] initcall timekeeping_init_ops+0x0/0x13 returned 0 after 19 usecs
[    7.592564] calling  init_clocksource_sysfs+0x0/0x23 @ 1
[    7.599489] initcall init_clocksource_sysfs+0x0/0x23 returned 0 after 206 usecs
[    7.608259] calling  init_timer_list_procfs+0x0/0x31 @ 1
[    7.614884] initcall init_timer_list_procfs+0x0/0x31 returned 0 after 12 usecs
[    7.623749] calling  alarmtimer_init+0x0/0xf5 @ 1
[    7.630504] initcall alarmtimer_init+0x0/0xf5 returned 0 after 272 usecs
[    7.639144] calling  init_posix_timers+0x0/0x29 @ 1
[    7.645422] initcall init_posix_timers+0x0/0x29 returned 0 after 126 usecs
[    7.653899] calling  clockevents_init_sysfs+0x0/0xbf @ 1
[    7.660945] initcall clockevents_init_sysfs+0x0/0xbf returned 0 after 321 usecs
[    7.669939] calling  proc_dma_init+0x0/0x21 @ 1
[    7.675684] initcall proc_dma_init+0x0/0x21 returned 0 after 46 usecs
[    7.683920] calling  proc_modules_init+0x0/0x1e @ 1
[    7.690073] initcall proc_modules_init+0x0/0x1e returned 0 after 11 usecs
[    7.699289] calling  kallsyms_init+0x0/0x21 @ 1
[    7.706053] initcall kallsyms_init+0x0/0x21 returned 0 after 10 usecs
[    7.713773] calling  pid_namespaces_init+0x0/0x2c @ 1
[    7.719807] initcall pid_namespaces_init+0x0/0x2c returned 0 after 23 usecs
[    7.727867] calling  audit_watch_init+0x0/0x37 @ 1
[    7.733463] initcall audit_watch_init+0x0/0x37 returned 0 after 30 usecs
[    7.741170] calling  audit_fsnotify_init+0x0/0x37 @ 1
[    7.746993] initcall audit_fsnotify_init+0x0/0x37 returned 0 after 3 usecs
[    7.754836] calling  audit_tree_init+0x0/0x6d @ 1
[    7.760311] initcall audit_tree_init+0x0/0x6d returned 0 after 14 usecs
[    7.767892] calling  seccomp_sysctl_init+0x0/0x2b @ 1
[    7.773888] initcall seccomp_sysctl_init+0x0/0x2b returned 0 after 152 usecs
[    7.782307] calling  utsname_sysctl_init+0x0/0x13 @ 1
[    7.789163] initcall utsname_sysctl_init+0x0/0x13 returned 0 after 272 usecs
[    7.797955] calling  init_tracepoints+0x0/0x27 @ 1
[    7.804052] initcall init_tracepoints+0x0/0x27 returned 0 after 72 usecs
[    7.812243] calling  init_blk_tracer+0x0/0x50 @ 1
[    7.818761] initcall init_blk_tracer+0x0/0x50 returned 0 after 718 usecs
[    7.827059] calling  perf_event_sysfs_init+0x0/0x83 @ 1
[    7.834751] initcall perf_event_sysfs_init+0x0/0x83 returned 0 after 1045 usecs
[    7.843689] calling  system_trusted_keyring_init+0x0/0x60 @ 1
[    7.850890] Initialise system trusted keyrings
[    7.856716] initcall system_trusted_keyring_init+0x0/0x60 returned 0 after 5674 usecs
[    7.866216] calling  kswapd_init+0x0/0x5c @ 1
[    7.873218] initcall kswapd_init+0x0/0x5c returned 0 after 1448 usecs
[    7.881434] calling  extfrag_debug_init+0x0/0x54 @ 1
[    7.888384] initcall extfrag_debug_init+0x0/0x54 returned 0 after 204 usecs
[    7.897856] calling  mm_compute_batch_init+0x0/0x12 @ 1
[    7.904882] initcall mm_compute_batch_init+0x0/0x12 returned 0 after 62 usecs
[    7.914143] calling  slab_proc_init+0x0/0x21 @ 1
[    7.920354] initcall slab_proc_init+0x0/0x21 returned 0 after 128 usecs
[    7.928882] calling  workingset_init+0x0/0x8c @ 1
[    7.935009] workingset: timestamp_bits=56 max_order=17 bucket_order=0
[    7.943512] initcall workingset_init+0x0/0x8c returned 0 after 8301 usecs
[    7.952873] calling  proc_vmalloc_init+0x0/0x32 @ 1
[    7.959341] initcall proc_vmalloc_init+0x0/0x32 returned 0 after 9 usecs
[    7.968371] calling  procswaps_init+0x0/0x1e @ 1
[    7.974118] initcall procswaps_init+0x0/0x1e returned 0 after 63 usecs
[    7.982350] calling  slab_sysfs_init+0x0/0xec @ 1
[    7.999867] initcall slab_sysfs_init+0x0/0xec returned 0 after 10313 usecs
[    8.008597] calling  fcntl_init+0x0/0x29 @ 1
[    8.014655] initcall fcntl_init+0x0/0x29 returned 0 after 469 usecs
[    8.022669] calling  proc_filesystems_init+0x0/0x21 @ 1
[    8.029273] initcall proc_filesystems_init+0x0/0x21 returned 0 after 7 usecs
[    8.037774] calling  start_dirtytime_writeback+0x0/0x29 @ 1
[    8.044718] initcall start_dirtytime_writeback+0x0/0x29 returned 0 after 56 usecs
[    8.053908] calling  blkdev_init+0x0/0x1b @ 1
[    8.060097] initcall blkdev_init+0x0/0x1b returned 0 after 665 usecs
[    8.068029] calling  dio_init+0x0/0x2c @ 1
[    8.073479] initcall dio_init+0x0/0x2c returned 0 after 94 usecs
[    8.081217] calling  dnotify_init+0x0/0x78 @ 1
[    8.087086] initcall dnotify_init+0x0/0x78 returned 0 after 99 usecs
[    8.095216] calling  aio_setup+0x0/0x78 @ 1
[    8.101243] initcall aio_setup+0x0/0x78 returned 0 after 792 usecs
[    8.108811] calling  io_uring_init+0x0/0x2c @ 1
[    8.114390] initcall io_uring_init+0x0/0x2c returned 0 after 12 usecs
[    8.122265] calling  mbcache_init+0x0/0x30 @ 1
[    8.128500] initcall mbcache_init+0x0/0x30 returned 0 after 279 usecs
[    8.137018] calling  init_grace+0x0/0xc @ 1
[    8.142759] initcall init_grace+0x0/0xc returned 0 after 115 usecs
[    8.150853] calling  init_v2_quota_format+0x0/0x21 @ 1
[    8.157463] initcall init_v2_quota_format+0x0/0x21 returned 0 after 136 usecs
[    8.166682] calling  init_devpts_fs+0x0/0x27 @ 1
[    8.173027] initcall init_devpts_fs+0x0/0x27 returned 0 after 175 usecs
[    8.181716] calling  ext4_init_fs+0x0/0x1c2 @ 1
[    8.189941] initcall ext4_init_fs+0x0/0x1c2 returned 0 after 1071 usecs
[    8.200317] calling  journal_init+0x0/0x11c @ 1
[    8.207861] initcall journal_init+0x0/0x11c returned 0 after 420 usecs
[    8.219301] calling  init_fat_fs+0x0/0x49 @ 1
[    8.224922] initcall init_fat_fs+0x0/0x49 returned 0 after 148 usecs
[    8.233123] calling  init_vfat_fs+0x0/0xc @ 1
[    8.238571] initcall init_vfat_fs+0x0/0xc returned 0 after 5 usecs
[    8.246394] calling  init_msdos_fs+0x0/0xc @ 1
[    8.251917] initcall init_msdos_fs+0x0/0xc returned 0 after 4 usecs
[    8.259721] calling  init_iso9660_fs+0x0/0x6c @ 1
[    8.265764] initcall init_iso9660_fs+0x0/0x6c returned 0 after 187 usecs
[    8.273974] calling  init_nfs_fs+0x0/0x13a @ 1
[    8.282289] initcall init_nfs_fs+0x0/0x13a returned 0 after 2709 usecs
[    8.290334] calling  init_nfs_v2+0x0/0x13 @ 1
[    8.296274] initcall init_nfs_v2+0x0/0x13 returned 0 after 159 usecs
[    8.304378] calling  init_nfs_v3+0x0/0x13 @ 1
[    8.309989] initcall init_nfs_v3+0x0/0x13 returned 0 after 1 usecs
[    8.318067] calling  init_nfs_v4+0x0/0x32 @ 1
[    8.323713] NFS: Registering the id_resolver key type
[    8.330954] Key type id_resolver registered
[    8.337294] Key type id_legacy registered
[    8.342418] initcall init_nfs_v4+0x0/0x32 returned 0 after 18283 usecs
[    8.351078] calling  init_nlm+0x0/0x5b @ 1
[    8.356828] initcall init_nlm+0x0/0x5b returned 0 after 263 usecs
[    8.364427] calling  init_nls_cp437+0x0/0xe @ 1
[    8.370187] initcall init_nls_cp437+0x0/0xe returned 0 after 89 usecs
[    8.378162] calling  init_nls_ascii+0x0/0xe @ 1
[    8.383912] initcall init_nls_ascii+0x0/0xe returned 0 after 1 usecs
[    8.391938] calling  init_nls_iso8859_1+0x0/0xe @ 1
[    8.398125] initcall init_nls_iso8859_1+0x0/0xe returned 0 after 1 usecs
[    8.406513] calling  init_nls_utf8+0x0/0x21 @ 1
[    8.412271] initcall init_nls_utf8+0x0/0x21 returned 0 after 1 usecs
[    8.420339] calling  init_autofs_fs+0x0/0x25 @ 1
[    8.427256] initcall init_autofs_fs+0x0/0x25 returned 0 after 986 usecs
[    8.435673] calling  ipc_init+0x0/0x24 @ 1
[    8.441173] initcall ipc_init+0x0/0x24 returned 0 after 57 usecs
[    8.448764] calling  ipc_sysctl_init+0x0/0x13 @ 1
[    8.454923] initcall ipc_sysctl_init+0x0/0x13 returned 0 after 56 usecs
[    8.463330] calling  init_mqueue_fs+0x0/0xb1 @ 1
[    8.470228] initcall init_mqueue_fs+0x0/0xb1 returned 0 after 706 usecs
[    8.478468] calling  key_proc_init+0x0/0x63 @ 1
[    8.484278] initcall key_proc_init+0x0/0x63 returned 0 after 9 usecs
[    8.492318] calling  selinux_nf_ip_init+0x0/0x2e @ 1
[    8.498501] initcall selinux_nf_ip_init+0x0/0x2e returned 0 after 68 usecs
[    8.507137] calling  init_sel_fs+0x0/0x116 @ 1
[    8.513029] initcall init_sel_fs+0x0/0x116 returned 0 after 0 usecs
[    8.521314] calling  selnl_init+0x0/0x7c @ 1
[    8.527278] initcall selnl_init+0x0/0x7c returned 0 after 254 usecs
[    8.535448] calling  sel_netif_init+0x0/0x36 @ 1
[    8.541791] initcall sel_netif_init+0x0/0x36 returned 0 after 1 usecs
[    8.550122] calling  sel_netnode_init+0x0/0x33 @ 1
[    8.556619] initcall sel_netnode_init+0x0/0x33 returned 0 after 1 usecs
[    8.565265] calling  sel_netport_init+0x0/0x33 @ 1
[    8.571644] initcall sel_netport_init+0x0/0x33 returned 0 after 1 usecs
[    8.580864] calling  aurule_init+0x0/0x2a @ 1
[    8.586696] initcall aurule_init+0x0/0x2a returned 0 after 3 usecs
[    8.595251] calling  crypto_algapi_init+0x0/0xc @ 1
[    8.601825] initcall crypto_algapi_init+0x0/0xc returned 0 after 8 usecs
[    8.610775] calling  jent_mod_init+0x0/0x2d @ 1
[    8.629829] initcall jent_mod_init+0x0/0x2d returned 0 after 11870 usecs
[    8.639877] calling  asymmetric_key_init+0x0/0xc @ 1
[    8.646861] Key type asymmetric registered
[    8.652596] initcall asymmetric_key_init+0x0/0xc returned 0 after 5581 usecs
[    8.661703] calling  x509_key_init+0x0/0xc @ 1
[    8.668125] Asymmetric key parser 'x509' registered
[    8.675112] initcall x509_key_init+0x0/0xc returned 0 after 6947 usecs
[    8.684870] calling  proc_genhd_init+0x0/0x41 @ 1
[    8.691336] initcall proc_genhd_init+0x0/0x41 returned 0 after 16 usecs
[    8.700663] calling  bsg_init+0x0/0x113 @ 1
[    8.707618] Block layer SCSI generic (bsg) driver version 0.4 loaded (major 251)
[    8.718377] initcall bsg_init+0x0/0x113 returned 0 after 10908 usecs
[    8.726631] calling  deadline_init+0x0/0xc @ 1
[    8.732977] io scheduler mq-deadline registered
[    8.739138] initcall deadline_init+0x0/0xc returned 0 after 6469 usecs
[    8.748235] calling  kyber_init+0x0/0xc @ 1
[    8.754198] io scheduler kyber registered
[    8.759928] initcall kyber_init+0x0/0xc returned 0 after 5673 usecs
[    8.768447] calling  mod_init+0x0/0x7 @ 1
[    8.774271] initcall mod_init+0x0/0x7 returned 0 after 1 usecs
[    8.782201] calling  percpu_counter_startup+0x0/0x55 @ 1
[    8.790039] initcall percpu_counter_startup+0x0/0x55 returned 0 after 342 usecs
[    8.800893] calling  sg_pool_init+0x0/0xb4 @ 1
[    8.807120] initcall sg_pool_init+0x0/0xb4 returned 0 after 87 usecs
[    8.816225] calling  pcie_portdrv_init+0x0/0x39 @ 1
[    8.823373] initcall pcie_portdrv_init+0x0/0x39 returned 0 after 308 usecs
[    8.833291] calling  pci_proc_init+0x0/0x68 @ 1
[    8.840318] initcall pci_proc_init+0x0/0x68 returned 0 after 65 usecs
[    8.849348] calling  pci_hotplug_init+0x0/0x7 @ 1
[    8.856274] initcall pci_hotplug_init+0x0/0x7 returned 0 after 0 usecs
[    8.865423] calling  efifb_driver_init+0x0/0xe @ 1
[    8.872400] initcall efifb_driver_init+0x0/0xe returned 0 after 56 usecs
[    8.881436] calling  ged_driver_init+0x0/0xe @ 1
[    8.888256] initcall ged_driver_init+0x0/0xe returned 0 after 93 usecs
[    8.897367] calling  acpi_ac_init+0x0/0x92 @ 1
[    8.904473] initcall acpi_ac_init+0x0/0x92 returned 0 after 320 usecs
[    8.913983] calling  acpi_button_driver_init+0x0/0x52 @ 1
[    8.924328] input: Power Button as /devices/LNXSYSTM:00/LNXPWRBN:00/input/input0
[    8.938098] ACPI: Power Button [PWRF]
[    8.946504] initcall acpi_button_driver_init+0x0/0x52 returned 0 after 23661 usecs
[    8.958549] calling  acpi_fan_driver_init+0x0/0xe @ 1
[    8.967472] initcall acpi_fan_driver_init+0x0/0xe returned 0 after 69 usecs
[    8.979141] calling  acpi_video_init+0x0/0xcb @ 1
[    8.987047] initcall acpi_video_init+0x0/0xcb returned 0 after 236 usecs
[    8.996568] calling  acpi_processor_driver_init+0x0/0xad @ 1
[    9.006451] initcall acpi_processor_driver_init+0x0/0xad returned 0 after 1710 usecs
[    9.017469] calling  acpi_thermal_init+0x0/0x71 @ 1
[    9.025447] initcall acpi_thermal_init+0x0/0x71 returned 0 after 1052 usecs
[    9.035940] calling  acpi_battery_init+0x0/0x32 @ 1
[    9.044155] initcall acpi_battery_init+0x0/0x32 returned 0 after 812 usecs
[    9.053945] calling  bgrt_init+0x0/0xb6 @ 1
[    9.059796] initcall bgrt_init+0x0/0xb6 returned -19 after 1 usecs
[    9.068096] calling  gpio_clk_driver_init+0x0/0xe @ 1
[    9.074860] initcall gpio_clk_driver_init+0x0/0xe returned 0 after 80 usecs
[    9.084577] calling  plt_clk_driver_init+0x0/0xe @ 1
[    9.092006] initcall plt_clk_driver_init+0x0/0xe returned 0 after 38 usecs
[    9.102240] calling  virtio_pci_driver_init+0x0/0x15 @ 1
[    9.121708] initcall virtio_pci_driver_init+0x0/0x15 returned 0 after 4995 usecs
[    9.132283] calling  n_null_init+0x0/0x1e @ 1
[    9.138267] initcall n_null_init+0x0/0x1e returned 0 after 95 usecs
[    9.147497] calling  pty_init+0x0/0x1e8 @ 1
[    9.158732] initcall pty_init+0x0/0x1e8 returned 0 after 4658 usecs
[    9.167673] calling  sysrq_init+0x0/0x62 @ 1
[    9.174274] initcall sysrq_init+0x0/0x62 returned 0 after 304 usecs
[    9.183094] calling  serial8250_init+0x0/0x17e @ 1
[    9.190076] Serial: 8250/16550 driver, 4 ports, IRQ sharing enabled
[    9.212079] 00:03: ttyS0 at I/O 0x3f8 (irq = 4, base_baud = 115200) is a 16550A
[    9.235162] initcall serial8250_init+0x0/0x17e returned 0 after 44109 usecs
[    9.246116] calling  serial_pci_driver_init+0x0/0x15 @ 1
[    9.253777] initcall serial_pci_driver_init+0x0/0x15 returned 0 after 369 usecs
[    9.263991] calling  exar_pci_driver_init+0x0/0x15 @ 1
[    9.272004] initcall exar_pci_driver_init+0x0/0x15 returned 0 after 88 usecs
[    9.282264] calling  lpss8250_pci_driver_init+0x0/0x15 @ 1
[    9.290296] initcall lpss8250_pci_driver_init+0x0/0x15 returned 0 after 48 usecs
[    9.301051] calling  mid8250_pci_driver_init+0x0/0x15 @ 1
[    9.309411] initcall mid8250_pci_driver_init+0x0/0x15 returned 0 after 62 usecs
[    9.319656] calling  virtio_console_init+0x0/0xff @ 1
[    9.328076] initcall virtio_console_init+0x0/0xff returned 0 after 820 usecs
[    9.336958] calling  hpet_init+0x0/0x64 @ 1
[    9.344499] initcall hpet_init+0x0/0x64 returned 0 after 2238 usecs
[    9.352262] calling  nvram_module_init+0x0/0x83 @ 1
[    9.359782] Non-volatile memory driver v1.3
[    9.365203] initcall nvram_module_init+0x0/0x83 returned 0 after 6567 usecs
[    9.373881] calling  hwrng_modinit+0x0/0x8a @ 1
[    9.380883] initcall hwrng_modinit+0x0/0x8a returned 0 after 1021 usecs
[    9.389296] calling  mod_init+0x0/0x48 @ 1
[    9.394432] initcall mod_init+0x0/0x48 returned -19 after 0 usecs
[    9.402087] calling  agp_init+0x0/0x23 @ 1
[    9.407260] Linux agpgart interface v0.103
[    9.412511] initcall agp_init+0x0/0x23 returned 0 after 5126 usecs
[    9.420332] calling  agp_amd64_mod_init+0x0/0x5 @ 1
[    9.427057] initcall agp_amd64_mod_init+0x0/0x5 returned -19 after 576 usecs
[    9.436006] calling  agp_intel_init+0x0/0x28 @ 1
[    9.442922] initcall agp_intel_init+0x0/0x28 returned 0 after 829 usecs
[    9.451664] calling  drm_kms_helper_init+0x0/0x7 @ 1
[    9.458223] initcall drm_kms_helper_init+0x0/0x7 returned 0 after 62 usecs
[    9.466892] calling  drm_core_init+0x0/0xbd @ 1
[    9.473325] initcall drm_core_init+0x0/0xbd returned 0 after 398 usecs
[    9.481519] calling  i915_init+0x0/0x6b @ 1
[    9.489104] initcall i915_init+0x0/0x6b returned 0 after 1670 usecs
[    9.497009] calling  cn_proc_init+0x0/0x35 @ 1
[    9.502991] initcall cn_proc_init+0x0/0x35 returned 0 after 197 usecs
[    9.511805] calling  topology_sysfs_init+0x0/0x27 @ 1
[    9.519265] initcall topology_sysfs_init+0x0/0x27 returned 0 after 274 usecs
[    9.529138] calling  cacheinfo_sysfs_init+0x0/0x27 @ 1
[    9.541166] initcall cacheinfo_sysfs_init+0x0/0x27 returned 0 after 4643 usecs
[    9.551350] calling  loop_init+0x0/0x16a @ 1
[    9.614748] loop: module loaded
[    9.619322] initcall loop_init+0x0/0x16a returned 0 after 60783 usecs
[    9.628442] calling  mac_hid_init+0x0/0x21 @ 1
[    9.634903] initcall mac_hid_init+0x0/0x21 returned 0 after 42 usecs
[    9.643809] calling  spi_transport_init+0x0/0x74 @ 1
[    9.650955] initcall spi_transport_init+0x0/0x74 returned 0 after 198 usecs
[    9.661487] calling  init_sd+0x0/0x18c @ 1
[    9.667496] initcall init_sd+0x0/0x18c returned 0 after 395 usecs
[    9.676104] calling  init_sr+0x0/0x43 @ 1
[    9.682005] initcall init_sr+0x0/0x43 returned 0 after 95 usecs
[    9.690690] calling  init_sg+0x0/0x1c0 @ 1
[    9.697477] initcall init_sg+0x0/0x1c0 returned 0 after 202 usecs
[    9.708113] calling  ahci_pci_driver_init+0x0/0x15 @ 1
[    9.716528] ahci 0000:00:1f.2: version 3.0
[    9.725397] PCI Interrupt Link [GSIA] enabled at IRQ 16
[    9.741637] ahci 0000:00:1f.2: AHCI 0001.0000 32 slots 6 ports 1.5 Gbps 0x3f impl SATA mode
[    9.752249] ahci 0000:00:1f.2: flags: 64bit ncq only 
[    9.802494] scsi host0: ahci
[    9.810383] scsi host1: ahci
[    9.818969] scsi host2: ahci
[    9.829252] scsi host3: ahci
[    9.838846] scsi host4: ahci
[    9.846105] scsi host5: ahci
[    9.852450] ata1: SATA max UDMA/133 abar m4096@0xfebf1000 port 0xfebf1100 irq 24
[    9.864424] ata2: SATA max UDMA/133 abar m4096@0xfebf1000 port 0xfebf1180 irq 24
[    9.874391] ata3: SATA max UDMA/133 abar m4096@0xfebf1000 port 0xfebf1200 irq 24
[    9.884327] ata4: SATA max UDMA/133 abar m4096@0xfebf1000 port 0xfebf1280 irq 24
[    9.895011] ata5: SATA max UDMA/133 abar m4096@0xfebf1000 port 0xfebf1300 irq 24
[    9.906715] ata6: SATA max UDMA/133 abar m4096@0xfebf1000 port 0xfebf1380 irq 24
[    9.921138] initcall ahci_pci_driver_init+0x0/0x15 returned 0 after 200031 usecs
[    9.936080] calling  piix_init+0x0/0x26 @ 1
[    9.944062] initcall piix_init+0x0/0x26 returned 0 after 693 usecs
[    9.954096] calling  amd_pci_driver_init+0x0/0x15 @ 1
[    9.962381] initcall amd_pci_driver_init+0x0/0x15 returned 0 after 68 usecs
[    9.972848] calling  oldpiix_pci_driver_init+0x0/0x15 @ 1
[    9.981530] initcall oldpiix_pci_driver_init+0x0/0x15 returned 0 after 160 usecs
[    9.993087] calling  sch_pci_driver_init+0x0/0x15 @ 1
[   10.000910] initcall sch_pci_driver_init+0x0/0x15 returned 0 after 101 usecs
[   10.011380] calling  net_olddevs_init+0x0/0x55 @ 1
[   10.020043] initcall net_olddevs_init+0x0/0x55 returned 0 after 1580 usecs
[   10.029672] calling  blackhole_netdev_init+0x0/0x78 @ 1
[   10.041077] initcall blackhole_netdev_init+0x0/0x78 returned 0 after 3601 usecs
[   10.052294] calling  phy_module_init+0x0/0x13 @ 1
[   10.061409] initcall phy_module_init+0x0/0x13 returned 0 after 1341 usecs
[   10.071197] calling  tg3_driver_init+0x0/0x15 @ 1
[   10.079348] initcall tg3_driver_init+0x0/0x15 returned 0 after 268 usecs
[   10.091103] calling  e100_init_module+0x0/0x4c @ 1
[   10.099523] e100: Intel(R) PRO/100 Network Driver
[   10.107028] e100: Copyright(c) 1999-2006 Intel Corporation
[   10.115573] initcall e100_init_module+0x0/0x4c returned 0 after 15671 usecs
[   10.126432] calling  e1000_init_module+0x0/0x72 @ 1
[   10.134507] e1000: Intel(R) PRO/1000 Network Driver
[   10.142273] e1000: Copyright (c) 1999-2006 Intel Corporation.
[   10.151174] initcall e1000_init_module+0x0/0x72 returned 0 after 16264 usecs
[   10.162252] calling  e1000_init_module+0x0/0x2d @ 1
[   10.170238] e1000e: Intel(R) PRO/1000 Network Driver
[   10.178085] e1000e: Copyright(c) 1999 - 2015 Intel Corporation.
[   10.187983] initcall e1000_init_module+0x0/0x2d returned 0 after 17440 usecs
[   10.198993] calling  sky2_init_module+0x0/0x21 @ 1
[   10.207122] sky2: driver version 1.30
[   10.213322] initcall sky2_init_module+0x0/0x21 returned 0 after 6052 usecs
[   10.223610] calling  forcedeth_pci_driver_init+0x0/0x15 @ 1
[   10.232337] initcall forcedeth_pci_driver_init+0x0/0x15 returned 0 after 128 usecs
[   10.236351] ata1: SATA link down (SStatus 0 SControl 300)
[   10.243968] calling  rtl8139_init_module+0x0/0x15 @ 1
[   10.254215] ata5: SATA link down (SStatus 0 SControl 300)
[   10.259894] initcall rtl8139_init_module+0x0/0x15 returned 0 after 389 usecs
[   10.270927] ata3: SATA link up 1.5 Gbps (SStatus 113 SControl 300)
[   10.280069] calling  rtl8169_pci_driver_init+0x0/0x15 @ 1
[   10.280206] initcall rtl8169_pci_driver_init+0x0/0x15 returned 0 after 126 usecs
[   10.317322] ata2: SATA link down (SStatus 0 SControl 300)
[   10.334337] calling  cdrom_init+0x0/0xc @ 1
[   10.336105] ata4: SATA link down (SStatus 0 SControl 300)
[   10.341472] initcall cdrom_init+0x0/0xc returned 0 after 620 usecs
[   10.353479] ata6: SATA link down (SStatus 0 SControl 300)
[   10.360731] calling  nonstatic_sysfs_init+0x0/0xc @ 1
[   10.373223] ata3.00: ATAPI: QEMU DVD-ROM, 2.5+, max UDMA/100
[   10.377254] initcall nonstatic_sysfs_init+0x0/0xc returned 0 after 1880 usecs
[   10.383365] ata3.00: applying bridge limits
[   10.393794] calling  yenta_cardbus_driver_init+0x0/0x15 @ 1
[   10.398023] initcall yenta_cardbus_driver_init+0x0/0x15 returned 0 after 4122 usecs
[   10.424838] calling  mon_init+0x0/0x144 @ 1
[   10.426035] ata3.00: configured for UDMA/100
[   10.443235] initcall mon_init+0x0/0x144 returned 0 after 11527 usecs
[   10.453478] calling  ehci_hcd_init+0x0/0x56 @ 1
[   10.462117] ehci_hcd: USB 2.0 'Enhanced' Host Controller (EHCI) Driver
[   10.462635] scsi 2:0:0:0: CD-ROM            QEMU     QEMU DVD-ROM     2.5+ PQ: 0 ANSI: 5
[   10.473030] initcall ehci_hcd_init+0x0/0x56 returned 0 after 10772 usecs
[   10.473034] calling  ehci_pci_init+0x0/0x64 @ 1
[   10.473053] ehci-pci: EHCI PCI platform driver
[   10.473221] initcall ehci_pci_init+0x0/0x64 returned 0 after 179 usecs
[   10.528870] calling  ohci_hcd_mod_init+0x0/0x4e @ 1
[   10.537131] ohci_hcd: USB 1.1 'Open' Host Controller (OHCI) Driver
[   10.548167] initcall ohci_hcd_mod_init+0x0/0x4e returned 0 after 10772 usecs
[   10.560330] calling  ohci_pci_init+0x0/0x64 @ 1
[   10.568131] ohci-pci: OHCI PCI platform driver
[   10.575857] initcall ohci_pci_init+0x0/0x64 returned 0 after 7543 usecs
[   10.587293] calling  uhci_hcd_init+0x0/0xa8 @ 1
[   10.595485] uhci_hcd: USB Universal Host Controller Interface driver
[   10.606517] initcall uhci_hcd_init+0x0/0xa8 returned 0 after 10771 usecs
[   10.617986] calling  xhci_hcd_init+0x0/0x1e @ 1
[   10.626161] initcall xhci_hcd_init+0x0/0x1e returned 0 after 158 usecs
[   10.637260] calling  xhci_pci_init+0x0/0x49 @ 1
[   10.645424] initcall xhci_pci_init+0x0/0x49 returned 0 after 183 usecs
[   10.657082] calling  usblp_driver_init+0x0/0x15 @ 1
[   10.666998] usbcore: registered new interface driver usblp
[   10.678231] initcall usblp_driver_init+0x0/0x15 returned 0 after 11657 usecs
[   10.691314] calling  usb_storage_driver_init+0x0/0x2a @ 1
[   10.692069] sr 2:0:0:0: [sr0] scsi3-mmc drive: 4x/4x cd/rw xa/form2 tray
[   10.701151] usbcore: registered new interface driver usb-storage
[   10.712519] cdrom: Uniform CD-ROM driver Revision: 3.20
[   10.722879] initcall usb_storage_driver_init+0x0/0x2a returned 0 after 21344 usecs
[   10.722885] calling  i8042_init+0x0/0x4c2 @ 1
[   10.723942] i8042: PNP: PS/2 Controller [PNP0303:KBD,PNP0f13:MOU] at 0x60,0x64 irq 1,12
[   10.793851] serio: i8042 KBD port at 0x60,0x64 irq 1
[   10.801771] sr 2:0:0:0: Attached scsi CD-ROM sr0
[   10.802519] sr 2:0:0:0: Attached scsi generic sg0 type 5
[   10.809752] serio: i8042 AUX port at 0x60,0x64 irq 12
[   10.825947] initcall i8042_init+0x0/0x4c2 returned 0 after 100637 usecs
[   10.836942] calling  serport_init+0x0/0x2c @ 1
[   10.846802] hrtimer: interrupt took 4313595 ns
[   10.856976] initcall serport_init+0x0/0x2c returned 0 after 629 usecs
[   10.867531] calling  input_leds_init+0x0/0xc @ 1
[   10.876463] initcall input_leds_init+0x0/0xc returned 0 after 943 usecs
[   10.887888] calling  evdev_init+0x0/0xc @ 1
[   10.898161] initcall evdev_init+0x0/0xc returned 0 after 3124 usecs
[   10.909865] calling  atkbd_init+0x0/0x21 @ 1
[   10.920141] initcall atkbd_init+0x0/0x21 returned 0 after 3462 usecs
[   10.932408] calling  psmouse_init+0x0/0x7f @ 1
[   10.941224] initcall psmouse_init+0x0/0x7f returned 0 after 778 usecs
[   10.951940] calling  cmos_init+0x0/0x73 @ 1
[   10.962327] rtc_cmos 00:04: RTC can wake from S4
[   10.973435] input: AT Translated Set 2 keyboard as /devices/platform/i8042/serio0/input/input1
[   10.985257] rtc_cmos 00:04: registered as rtc0
[   10.996305] rtc_cmos 00:04: alarms up to one day, y3k, 242 bytes nvram, hpet irqs
[   11.009926] initcall cmos_init+0x0/0x73 returned 0 after 48754 usecs
[   11.021087] calling  smbalert_driver_init+0x0/0xe @ 1
[   11.031418] initcall smbalert_driver_init+0x0/0xe returned 0 after 662 usecs
[   11.044432] calling  i2c_i801_init+0x0/0xc5 @ 1
[   11.060999] i801_smbus 0000:00:1f.3: SMBus using PCI interrupt
[   11.073747] i2c i2c-0: 1/1 memory slots populated (from DMI)
[   11.082784] i2c i2c-0: Memory type 0x07 not supported yet, not instantiating SPD
[   11.096785] initcall i2c_i801_init+0x0/0xc5 returned 0 after 43668 usecs
[   11.108169] calling  ptp_kvm_init+0x0/0xf0 @ 1
[   11.118166] initcall ptp_kvm_init+0x0/0xf0 returned 0 after 2333 usecs
[   11.128912] calling  dm_init+0x0/0x3c @ 1
[   11.139190] device-mapper: ioctl: 4.43.0-ioctl (2020-10-01) initialised: dm-devel@redhat.com
[   11.153234] initcall dm_init+0x0/0x3c returned 0 after 16937 usecs
[   11.163920] calling  dm_mirror_init+0x0/0x29 @ 1
[   11.171996] initcall dm_mirror_init+0x0/0x29 returned 0 after 13 usecs
[   11.182907] calling  dm_dirty_log_init+0x0/0x4f @ 1
[   11.190453] initcall dm_dirty_log_init+0x0/0x4f returned 0 after 158 usecs
[   11.200446] calling  dm_zero_init+0x0/0x29 @ 1
[   11.207126] initcall dm_zero_init+0x0/0x29 returned 0 after 41 usecs
[   11.216042] calling  intel_pstate_init+0x0/0x512 @ 1
[   11.223802] intel_pstate: CPU model not supported
[   11.230807] initcall intel_pstate_init+0x0/0x512 returned -19 after 6984 usecs
[   11.241448] calling  haltpoll_init+0x0/0xc0 @ 1
[   11.250709] initcall haltpoll_init+0x0/0xc0 returned -19 after 2016 usecs
[   11.262621] calling  efivars_sysfs_init+0x0/0x30 @ 1
[   11.271190] initcall efivars_sysfs_init+0x0/0x30 returned 0 after 251 usecs
[   11.282053] calling  esrt_sysfs_init+0x0/0x2a2 @ 1
[   11.289707] initcall esrt_sysfs_init+0x0/0x2a2 returned -38 after 182 usecs
[   11.301439] calling  hid_init+0x0/0x5c @ 1
[   11.309131] hid: raw HID events driver (C) Jiri Kosina
[   11.318103] initcall hid_init+0x0/0x5c returned 0 after 9228 usecs
[   11.328302] calling  hid_generic_init+0x0/0x15 @ 1
[   11.336313] initcall hid_generic_init+0x0/0x15 returned 0 after 288 usecs
[   11.347279] calling  a4_driver_init+0x0/0x15 @ 1
[   11.354185] initcall a4_driver_init+0x0/0x15 returned 0 after 41 usecs
[   11.364313] calling  apple_driver_init+0x0/0x15 @ 1
[   11.371868] initcall apple_driver_init+0x0/0x15 returned 0 after 66 usecs
[   11.381993] calling  belkin_driver_init+0x0/0x15 @ 1
[   11.390059] initcall belkin_driver_init+0x0/0x15 returned 0 after 55 usecs
[   11.400735] calling  ch_driver_init+0x0/0x15 @ 1
[   11.408908] initcall ch_driver_init+0x0/0x15 returned 0 after 364 usecs
[   11.419429] calling  ch_driver_init+0x0/0x15 @ 1
[   11.426825] initcall ch_driver_init+0x0/0x15 returned 0 after 40 usecs
[   11.436738] calling  cp_driver_init+0x0/0x15 @ 1
[   11.444829] initcall cp_driver_init+0x0/0x15 returned 0 after 42 usecs
[   11.456216] calling  ez_driver_init+0x0/0x15 @ 1
[   11.464828] initcall ez_driver_init+0x0/0x15 returned 0 after 445 usecs
[   11.476456] calling  gyration_driver_init+0x0/0x15 @ 1
[   11.487511] initcall gyration_driver_init+0x0/0x15 returned 0 after 186 usecs
[   11.499345] calling  ite_driver_init+0x0/0x15 @ 1
[   11.507812] initcall ite_driver_init+0x0/0x15 returned 0 after 656 usecs
[   11.518719] calling  ks_driver_init+0x0/0x15 @ 1
[   11.526307] initcall ks_driver_init+0x0/0x15 returned 0 after 43 usecs
[   11.536608] calling  lg_driver_init+0x0/0x15 @ 1
[   11.545006] initcall lg_driver_init+0x0/0x15 returned 0 after 49 usecs
[   11.555303] calling  lg_g15_driver_init+0x0/0x15 @ 1
[   11.563055] initcall lg_g15_driver_init+0x0/0x15 returned 0 after 52 usecs
[   11.572912] calling  ms_driver_init+0x0/0x15 @ 1
[   11.580035] initcall ms_driver_init+0x0/0x15 returned 0 after 194 usecs
[   11.590039] calling  mr_driver_init+0x0/0x15 @ 1
[   11.597363] initcall mr_driver_init+0x0/0x15 returned 0 after 35 usecs
[   11.607103] calling  ntrig_driver_init+0x0/0x15 @ 1
[   11.614450] initcall ntrig_driver_init+0x0/0x15 returned 0 after 56 usecs
[   11.625359] calling  pl_driver_init+0x0/0x15 @ 1
[   11.632511] initcall pl_driver_init+0x0/0x15 returned 0 after 35 usecs
[   11.642247] calling  pl_driver_init+0x0/0x15 @ 1
[   11.649273] initcall pl_driver_init+0x0/0x15 returned 0 after 63 usecs
[   11.660043] calling  redragon_driver_init+0x0/0x15 @ 1
[   11.668413] initcall redragon_driver_init+0x0/0x15 returned 0 after 57 usecs
[   11.679500] calling  samsung_driver_init+0x0/0x15 @ 1
[   11.687922] initcall samsung_driver_init+0x0/0x15 returned 0 after 50 usecs
[   11.699494] calling  sony_init+0x0/0x38 @ 1
[   11.707091] initcall sony_init+0x0/0x38 returned 0 after 119 usecs
[   11.717834] calling  sp_driver_init+0x0/0x15 @ 1
[   11.725395] initcall sp_driver_init+0x0/0x15 returned 0 after 59 usecs
[   11.731285] input: ImExPS/2 Generic Explorer Mouse as /devices/platform/i8042/serio1/input/input3
[   11.735764] calling  ts_driver_init+0x0/0x15 @ 1
[   11.757742] initcall ts_driver_init+0x0/0x15 returned 0 after 127 usecs
[   11.768812] calling  hid_init+0x0/0x58 @ 1
[   11.775797] usbcore: registered new interface driver usbhid
[   11.784939] usbhid: USB HID core driver
[   11.791049] initcall hid_init+0x0/0x58 returned 0 after 15004 usecs
[   11.800425] calling  eeepc_laptop_init+0x0/0x57 @ 1
[   11.808065] initcall eeepc_laptop_init+0x0/0x57 returned -19 after 172 usecs
[   11.818347] calling  pmc_atom_init+0x0/0x27a @ 1
[   11.825527] initcall pmc_atom_init+0x0/0x27a returned -19 after 43 usecs
[   11.835796] calling  alsa_hwdep_init+0x0/0x5e @ 1
[   11.844304] initcall alsa_hwdep_init+0x0/0x5e returned 0 after 496 usecs
[   11.854084] calling  alsa_timer_init+0x0/0x1f9 @ 1
[   11.864340] initcall alsa_timer_init+0x0/0x1f9 returned 0 after 1190 usecs
[   11.874346] calling  snd_hrtimer_init+0x0/0x117 @ 1
[   11.881440] initcall snd_hrtimer_init+0x0/0x117 returned 0 after 16 usecs
[   11.891781] calling  alsa_pcm_init+0x0/0x64 @ 1
[   11.898767] initcall alsa_pcm_init+0x0/0x64 returned 0 after 16 usecs
[   11.908840] calling  alsa_seq_init+0x0/0x4a @ 1
[   11.917296] initcall alsa_seq_init+0x0/0x4a returned 0 after 1550 usecs
[   11.928043] calling  alsa_seq_dummy_init+0x0/0x9c @ 1
[   11.937867] initcall alsa_seq_dummy_init+0x0/0x9c returned 0 after 314 usecs
[   11.949561] calling  azx_driver_init+0x0/0x15 @ 1
[   11.960258] initcall azx_driver_init+0x0/0x15 returned 0 after 1552 usecs
[   11.969455] calling  sock_diag_init+0x0/0x2a @ 1
[   11.979210] initcall sock_diag_init+0x0/0x2a returned 0 after 2609 usecs
[   11.992893] calling  blackhole_init+0x0/0xc @ 1
[   12.000218] initcall blackhole_init+0x0/0xc returned 0 after 59 usecs
[   12.009769] calling  nfnetlink_init+0x0/0x61 @ 1
[   12.017098] initcall nfnetlink_init+0x0/0x61 returned 0 after 706 usecs
[   12.026322] calling  nfnetlink_log_init+0x0/0x99 @ 1
[   12.034446] initcall nfnetlink_log_init+0x0/0x99 returned 0 after 467 usecs
[   12.045749] calling  nf_conntrack_standalone_init+0x0/0x87 @ 1
[   12.056357] initcall nf_conntrack_standalone_init+0x0/0x87 returned 0 after 1457 usecs
[   12.069012] calling  ctnetlink_init+0x0/0x83 @ 1
[   12.076959] initcall ctnetlink_init+0x0/0x83 returned 0 after 59 usecs
[   12.086784] calling  nf_conntrack_ftp_init+0x0/0x12c @ 1
[   12.096924] initcall nf_conntrack_ftp_init+0x0/0x12c returned 0 after 753 usecs
[   12.109411] calling  nf_conntrack_irc_init+0x0/0x129 @ 1
[   12.117910] initcall nf_conntrack_irc_init+0x0/0x129 returned 0 after 145 usecs
[   12.128788] calling  nf_conntrack_sip_init+0x0/0x172 @ 1
[   12.137504] initcall nf_conntrack_sip_init+0x0/0x172 returned 0 after 12 usecs
[   12.150169] calling  nf_nat_init+0x0/0xf0 @ 1
[   12.159750] initcall nf_nat_init+0x0/0xf0 returned 0 after 1895 usecs
[   12.170021] calling  nf_nat_ftp_init+0x0/0x2a @ 1
[   12.177786] initcall nf_nat_ftp_init+0x0/0x2a returned 0 after 134 usecs
[   12.187891] calling  nf_nat_irc_init+0x0/0x2a @ 1
[   12.195587] initcall nf_nat_irc_init+0x0/0x2a returned 0 after 22 usecs
[   12.206025] calling  nf_nat_sip_init+0x0/0x36 @ 1
[   12.213671] initcall nf_nat_sip_init+0x0/0x36 returned 0 after 67 usecs
[   12.224161] calling  xt_init+0x0/0x146 @ 1
[   12.230699] initcall xt_init+0x0/0x146 returned 0 after 53 usecs
[   12.239555] calling  tcpudp_mt_init+0x0/0x11 @ 1
[   12.247256] initcall tcpudp_mt_init+0x0/0x11 returned 0 after 685 usecs
[   12.257396] calling  connsecmark_tg_init+0x0/0xc @ 1
[   12.265136] initcall connsecmark_tg_init+0x0/0xc returned 0 after 3 usecs
[   12.274996] calling  nflog_tg_init+0x0/0xc @ 1
[   12.281755] initcall nflog_tg_init+0x0/0xc returned 0 after 17 usecs
[   12.290717] calling  secmark_tg_init+0x0/0x11 @ 1
[   12.298125] initcall secmark_tg_init+0x0/0x11 returned 0 after 24 usecs
[   12.308910] calling  tcpmss_tg_init+0x0/0x11 @ 1
